do not relax capacity constraint
instance upper bound: 6777.7
compiling DD
time step mult: 10
time step: 900
cap step: 1
done compiling DD
batch size for lag: 100
iteration delay to start separating: 0
optimality gap to start repairing: 5
percent fixed to change to CPLEX: 97.5
num arcs to change to CPLEX: 100000
num arcs to change to LAG: 999999999
STATS - lpIterations[0] lagIterations[0] sspIterations[0] numSeparations[0] numCuts[0] compileTime[137] sspSolveTime[0] lpSolveTime[0] lb[0] ub[6777.7] numArcs: [29118940] numFixed: [0] time: [137]
STATS - lpIterations[1] lagIterations[0] sspIterations[0] numSeparations[0] numCuts[0] compileTime[137] sspSolveTime[0] lpSolveTime[0] lb[0] ub[6777.7] numArcs: [29118940] numFixed: [0] time: [137]
STATS - lpIterations[1] lagIterations[1] sspIterations[1] numSeparations[0] numCuts[0] compileTime[137] sspSolveTime[1] lpSolveTime[0] lb[5658.12] ub[6777.7] numArcs: [29118940] numFixed: [0] time: [138]
STATS - lpIterations[1] lagIterations[2] sspIterations[2] numSeparations[0] numCuts[0] compileTime[137] sspSolveTime[2] lpSolveTime[0] lb[5918.46] ub[6777.7] numArcs: [29118929] numFixed: [0] time: [141]
STATS - lpIterations[1] lagIterations[3] sspIterations[82] numSeparations[0] numCuts[0] compileTime[137] sspSolveTime[19] lpSolveTime[0] lb[5973.96] ub[6777.7] numArcs: [29117788] numFixed: [0] time: [160]
STATS - lpIterations[1] lagIterations[4] sspIterations[111] numSeparations[0] numCuts[0] compileTime[137] sspSolveTime[25] lpSolveTime[0] lb[6148.16] ub[6777.7] numArcs: [29117718] numFixed: [0] time: [167]
STATS - lpIterations[1] lagIterations[5] sspIterations[130] numSeparations[81] numCuts[0] compileTime[137] sspSolveTime[32] lpSolveTime[0] lb[6172.87] ub[6777.7] numArcs: [29236540] numFixed: [0] time: [174]
STATS - lpIterations[1] lagIterations[6] sspIterations[147] numSeparations[81] numCuts[0] compileTime[137] sspSolveTime[36] lpSolveTime[0] lb[6207.11] ub[6777.7] numArcs: [29236382] numFixed: [0] time: [179]
STATS - lpIterations[1] lagIterations[7] sspIterations[161] numSeparations[81] numCuts[0] compileTime[137] sspSolveTime[39] lpSolveTime[0] lb[6232.57] ub[6777.7] numArcs: [29236245] numFixed: [0] time: [182]
STATS - lpIterations[1] lagIterations[9] sspIterations[343] numSeparations[246] numCuts[0] compileTime[137] sspSolveTime[76] lpSolveTime[0] lb[6289.01] ub[6777.7] numArcs: [29468959] numFixed: [0] time: [220]
STATS - lpIterations[1] lagIterations[10] sspIterations[363] numSeparations[246] numCuts[0] compileTime[137] sspSolveTime[81] lpSolveTime[0] lb[6310.23] ub[6777.7] numArcs: [29468785] numFixed: [0] time: [226]
STATS - lpIterations[1] lagIterations[11] sspIterations[409] numSeparations[246] numCuts[0] compileTime[137] sspSolveTime[92] lpSolveTime[0] lb[6316.62] ub[6777.7] numArcs: [29468410] numFixed: [0] time: [237]
STATS - lpIterations[1] lagIterations[12] sspIterations[413] numSeparations[350] numCuts[0] compileTime[137] sspSolveTime[93] lpSolveTime[0] lb[6349.16] ub[6777.7] numArcs: [29577732] numFixed: [0] time: [239]
STATS - lpIterations[1] lagIterations[15] sspIterations[921] numSeparations[768] numCuts[0] compileTime[137] sspSolveTime[204] lpSolveTime[0] lb[6435.56] ub[6777.7] numArcs: [30046812] numFixed: [0] time: [352]
STATS - lpIterations[1] lagIterations[20] sspIterations[1534] numSeparations[1293] numCuts[0] compileTime[137] sspSolveTime[362] lpSolveTime[0] lb[6471.47] ub[6777.7] numArcs: [30571793] numFixed: [0] time: [512]
STATS - lpIterations[1] lagIterations[20] sspIterations[1534] numSeparations[1293] numCuts[0] compileTime[137] sspSolveTime[362] lpSolveTime[0] lb[6506.31] ub[6777.7] numArcs: [30571793] numFixed: [0] time: [535]
STATS - lpIterations[1] lagIterations[44] sspIterations[3897] numSeparations[3172] numCuts[0] compileTime[137] sspSolveTime[1031] lpSolveTime[0] lb[6541.94] ub[6777.7] numArcs: [32156410] numFixed: [0] time: [1405]
STATS - lpIterations[1] lagIterations[68] sspIterations[5780] numSeparations[4528] numCuts[0] compileTime[137] sspSolveTime[1657] lpSolveTime[0] lb[6556.7] ub[6777.7] numArcs: [33154804] numFixed: [0] time: [2328]
STATS - lpIterations[1] lagIterations[84] sspIterations[7111] numSeparations[5419] numCuts[0] compileTime[137] sspSolveTime[2124] lpSolveTime[0] lb[6561.86] ub[6777.7] numArcs: [33794182] numFixed: [0] time: [3043]
STATS - lpIterations[1] lagIterations[88] sspIterations[7499] numSeparations[5710] numCuts[0] compileTime[137] sspSolveTime[2251] lpSolveTime[0] lb[6575.95] ub[6777.7] numArcs: [33991371] numFixed: [0] time: [3251]
STATS - lpIterations[1] lagIterations[89] sspIterations[7536] numSeparations[5710] numCuts[0] compileTime[137] sspSolveTime[2262] lpSolveTime[0] lb[6576.04] ub[6777.7] numArcs: [33991344] numFixed: [3452932] time: [3291]
