relax time window constraint
capacity: 402
instance upper bound: 58578
compiling DD
time step mult: 1
time step: 10
cap step: 1
done compiling DD
batch size for lag: 100
iteration delay to start separating: 100
optimality gap to start repairing: 5
percent fixed to change to CPLEX: 97.5
num arcs to change to CPLEX: 100000
num arcs to change to LAG: 999999999
STATS - lpIterations[0] lagIterations[0] sspIterations[0] numSeparations[0] numCuts[0] compileTime[106] sspSolveTime[0] lpSolveTime[0] lb[0] ub[58578] numArcs: [17257574] numFixed: [0] time: [106]
STATS - lpIterations[1] lagIterations[0] sspIterations[0] numSeparations[0] numCuts[0] compileTime[106] sspSolveTime[0] lpSolveTime[0] lb[0] ub[58578] numArcs: [17257574] numFixed: [0] time: [106]
STATS - lpIterations[1] lagIterations[1] sspIterations[1] numSeparations[0] numCuts[0] compileTime[106] sspSolveTime[0] lpSolveTime[0] lb[53668.4] ub[58578] numArcs: [17257574] numFixed: [0] time: [107]
STATS - lpIterations[1] lagIterations[2] sspIterations[61] numSeparations[0] numCuts[0] compileTime[106] sspSolveTime[6] lpSolveTime[0] lb[55723.7] ub[58578] numArcs: [17257230] numFixed: [0] time: [114]
STATS - lpIterations[1] lagIterations[2] sspIterations[61] numSeparations[0] numCuts[0] compileTime[106] sspSolveTime[6] lpSolveTime[0] lb[56088.2] ub[58578] numArcs: [17257230] numFixed: [0] time: [119]
STATS - lpIterations[1] lagIterations[5] sspIterations[303] numSeparations[0] numCuts[0] compileTime[106] sspSolveTime[45] lpSolveTime[0] lb[56206.7] ub[58578] numArcs: [17256063] numFixed: [154] time: [162]
STATS - lpIterations[1] lagIterations[5] sspIterations[303] numSeparations[0] numCuts[0] compileTime[106] sspSolveTime[45] lpSolveTime[0] lb[56540.7] ub[58578] numArcs: [17256063] numFixed: [154] time: [169]
STATS - lpIterations[1] lagIterations[8] sspIterations[586] numSeparations[0] numCuts[0] compileTime[106] sspSolveTime[98] lpSolveTime[0] lb[56661.3] ub[58578] numArcs: [17255171] numFixed: [13955] time: [234]
STATS - lpIterations[1] lagIterations[17] sspIterations[1462] numSeparations[0] numCuts[0] compileTime[106] sspSolveTime[306] lpSolveTime[0] lb[56829.2] ub[58578] numArcs: [17252989] numFixed: [27313] time: [453]
STATS - lpIterations[1] lagIterations[17] sspIterations[1462] numSeparations[0] numCuts[0] compileTime[106] sspSolveTime[306] lpSolveTime[0] lb[57014.5] ub[58578] numArcs: [17252989] numFixed: [27313] time: [459]
STATS - lpIterations[1] lagIterations[22] sspIterations[1921] numSeparations[0] numCuts[0] compileTime[106] sspSolveTime[411] lpSolveTime[0] lb[57016.2] ub[58578] numArcs: [17252275] numFixed: [106330] time: [575]
STATS - lpIterations[1] lagIterations[22] sspIterations[1921] numSeparations[0] numCuts[0] compileTime[106] sspSolveTime[411] lpSolveTime[0] lb[57102.2] ub[58578] numArcs: [17252275] numFixed: [106330] time: [580]
STATS - lpIterations[1] lagIterations[35] sspIterations[3233] numSeparations[0] numCuts[0] compileTime[106] sspSolveTime[699] lpSolveTime[0] lb[57187.2] ub[58578] numArcs: [17250998] numFixed: [163412] time: [920]
STATS - lpIterations[1] lagIterations[49] sspIterations[4683] numSeparations[0] numCuts[0] compileTime[106] sspSolveTime[982] lpSolveTime[0] lb[57321.2] ub[58578] numArcs: [17249909] numFixed: [245734] time: [1269]
STATS - lpIterations[1] lagIterations[55] sspIterations[5316] numSeparations[0] numCuts[0] compileTime[106] sspSolveTime[1140] lpSolveTime[0] lb[57406.7] ub[58578] numArcs: [17249520] numFixed: [535514] time: [1456]
STATS - lpIterations[1] lagIterations[73] sspIterations[6889] numSeparations[0] numCuts[0] compileTime[106] sspSolveTime[1463] lpSolveTime[0] lb[57441.2] ub[58578] numArcs: [17248801] numFixed: [944728] time: [1867]
STATS - lpIterations[1] lagIterations[88] sspIterations[8120] numSeparations[0] numCuts[0] compileTime[106] sspSolveTime[1640] lpSolveTime[0] lb[57475.6] ub[58578] numArcs: [17248462] numFixed: [1183875] time: [2131]
STATS - lpIterations[1] lagIterations[106] sspIterations[9621] numSeparations[216] numCuts[0] compileTime[106] sspSolveTime[1886] lpSolveTime[0] lb[57577.6] ub[58578] numArcs: [17341749] numFixed: [196261] time: [2462]
STATS - lpIterations[1] lagIterations[122] sspIterations[11047] numSeparations[700] numCuts[0] compileTime[106] sspSolveTime[2131] lpSolveTime[0] lb[57602.8] ub[58578] numArcs: [17526955] numFixed: [0] time: [2803]
STATS - lpIterations[1] lagIterations[132] sspIterations[11931] numSeparations[804] numCuts[0] compileTime[106] sspSolveTime[2254] lpSolveTime[0] lb[57618.6] ub[58578] numArcs: [17564040] numFixed: [2736929] time: [2994]
STATS - lpIterations[1] lagIterations[135] sspIterations[12252] numSeparations[917] numCuts[0] compileTime[106] sspSolveTime[2317] lpSolveTime[0] lb[57772.3] ub[58578] numArcs: [17601267] numFixed: [0] time: [3075]
