relax time window constraint
capacity: 1081
instance upper bound: 26558
compiling DD
time step mult: 1
time step: 10
cap step: 1
done compiling DD
batch size for lag: 100
iteration delay to start separating: 100
optimality gap to start repairing: 5
percent fixed to change to CPLEX: 97.5
num arcs to change to CPLEX: 100000
num arcs to change to LAG: 999999999
STATS - lpIterations[0] lagIterations[0] sspIterations[0] numSeparations[0] numCuts[0] compileTime[2022] sspSolveTime[0] lpSolveTime[0] lb[0] ub[26558] numArcs: [128817546] numFixed: [0] time: [2022]
STATS - lpIterations[1] lagIterations[0] sspIterations[0] numSeparations[0] numCuts[0] compileTime[2022] sspSolveTime[0] lpSolveTime[0] lb[0] ub[26558] numArcs: [128817546] numFixed: [0] time: [2022]
STATS - lpIterations[1] lagIterations[1] sspIterations[1] numSeparations[0] numCuts[0] compileTime[2022] sspSolveTime[4] lpSolveTime[0] lb[18942.3] ub[26558] numArcs: [128817546] numFixed: [0] time: [2027]
STATS - lpIterations[1] lagIterations[2] sspIterations[2] numSeparations[0] numCuts[0] compileTime[2022] sspSolveTime[9] lpSolveTime[0] lb[19880] ub[26558] numArcs: [128817546] numFixed: [0] time: [2040]
STATS - lpIterations[1] lagIterations[3] sspIterations[3] numSeparations[0] numCuts[0] compileTime[2022] sspSolveTime[14] lpSolveTime[0] lb[20854.5] ub[26558] numArcs: [128817546] numFixed: [0] time: [2054]
STATS - lpIterations[1] lagIterations[4] sspIterations[4] numSeparations[0] numCuts[0] compileTime[2022] sspSolveTime[19] lpSolveTime[0] lb[21818.1] ub[26558] numArcs: [128817546] numFixed: [0] time: [2067]
STATS - lpIterations[1] lagIterations[5] sspIterations[5] numSeparations[0] numCuts[0] compileTime[2022] sspSolveTime[48] lpSolveTime[0] lb[22263.1] ub[26558] numArcs: [128817524] numFixed: [0] time: [2104]
STATS - lpIterations[1] lagIterations[6] sspIterations[39] numSeparations[0] numCuts[0] compileTime[2022] sspSolveTime[233] lpSolveTime[0] lb[22578.9] ub[26558] numArcs: [128816772] numFixed: [0] time: [2298]
STATS - lpIterations[1] lagIterations[7] sspIterations[47] numSeparations[0] numCuts[0] compileTime[2022] sspSolveTime[292] lpSolveTime[0] lb[23120.9] ub[26558] numArcs: [128816622] numFixed: [0] time: [2360]
STATS - lpIterations[1] lagIterations[8] sspIterations[51] numSeparations[0] numCuts[0] compileTime[2022] sspSolveTime[308] lpSolveTime[0] lb[23199.7] ub[26558] numArcs: [128816591] numFixed: [0] time: [2378]
STATS - lpIterations[1] lagIterations[9] sspIterations[76] numSeparations[0] numCuts[0] compileTime[2022] sspSolveTime[400] lpSolveTime[0] lb[23216.9] ub[26558] numArcs: [128816222] numFixed: [0] time: [2472]
STATS - lpIterations[1] lagIterations[10] sspIterations[79] numSeparations[0] numCuts[0] compileTime[2022] sspSolveTime[416] lpSolveTime[0] lb[23436.4] ub[26558] numArcs: [128816176] numFixed: [0] time: [2491]
