do not relax capacity constraint
instance upper bound: 2684
compiling DD
time step mult: 10
time step: 900
cap step: 1
done compiling DD
batch size for lag: 100
iteration delay to start separating: 0
optimality gap to start repairing: 100
percent fixed to change to CPLEX: 97.5
num arcs to change to CPLEX: 100000
num arcs to change to LAG: 999999999
STATS - lpIterations[0] lagIterations[0] sspIterations[0] numSeparations[0] numCuts[0] compileTime[1] sspSolveTime[0] lpSolveTime[0] lb[0] ub[2684] numArcs: [1102438] numFixed: [0] time: [1]
STATS - lpIterations[1] lagIterations[0] sspIterations[0] numSeparations[0] numCuts[0] compileTime[1] sspSolveTime[0] lpSolveTime[0] lb[0] ub[2684] numArcs: [1102438] numFixed: [0] time: [1]
STATS - lpIterations[1] lagIterations[1] sspIterations[1] numSeparations[0] numCuts[0] compileTime[1] sspSolveTime[0] lpSolveTime[0] lb[2001.67] ub[2684] numArcs: [1102438] numFixed: [0] time: [1]
STATS - lpIterations[1] lagIterations[2] sspIterations[2] numSeparations[0] numCuts[0] compileTime[1] sspSolveTime[0] lpSolveTime[0] lb[2095.98] ub[2684] numArcs: [1102427] numFixed: [0] time: [1]
STATS - lpIterations[1] lagIterations[3] sspIterations[3] numSeparations[0] numCuts[0] compileTime[1] sspSolveTime[0] lpSolveTime[0] lb[2196.63] ub[2684] numArcs: [1102427] numFixed: [0] time: [1]
STATS - lpIterations[1] lagIterations[4] sspIterations[4] numSeparations[0] numCuts[0] compileTime[1] sspSolveTime[0] lpSolveTime[0] lb[2295.47] ub[2684] numArcs: [1102427] numFixed: [0] time: [1]
STATS - lpIterations[1] lagIterations[5] sspIterations[24] numSeparations[0] numCuts[0] compileTime[1] sspSolveTime[0] lpSolveTime[0] lb[2352.9] ub[2684] numArcs: [1102199] numFixed: [2] time: [2]
STATS - lpIterations[1] lagIterations[5] sspIterations[24] numSeparations[0] numCuts[0] compileTime[1] sspSolveTime[0] lpSolveTime[0] lb[2381.53] ub[2684] numArcs: [1102199] numFixed: [2] time: [2]
STATS - lpIterations[1] lagIterations[6] sspIterations[35] numSeparations[0] numCuts[0] compileTime[1] sspSolveTime[0] lpSolveTime[0] lb[2389.12] ub[2684] numArcs: [1102092] numFixed: [1467] time: [2]
STATS - lpIterations[1] lagIterations[6] sspIterations[35] numSeparations[0] numCuts[0] compileTime[1] sspSolveTime[0] lpSolveTime[0] lb[2392.51] ub[2684] numArcs: [1102092] numFixed: [1467] time: [2]
STATS - lpIterations[1] lagIterations[7] sspIterations[67] numSeparations[0] numCuts[0] compileTime[1] sspSolveTime[1] lpSolveTime[0] lb[2406.81] ub[2684] numArcs: [1101831] numFixed: [2267] time: [4]
STATS - lpIterations[1] lagIterations[8] sspIterations[76] numSeparations[0] numCuts[0] compileTime[1] sspSolveTime[1] lpSolveTime[0] lb[2408.95] ub[2684] numArcs: [1101794] numFixed: [3897] time: [4]
STATS - lpIterations[1] lagIterations[9] sspIterations[110] numSeparations[0] numCuts[0] compileTime[1] sspSolveTime[2] lpSolveTime[0] lb[2425.97] ub[2684] numArcs: [1101653] numFixed: [4251] time: [5]
STATS - lpIterations[1] lagIterations[10] sspIterations[119] numSeparations[0] numCuts[0] compileTime[1] sspSolveTime[2] lpSolveTime[0] lb[2426.7] ub[2684] numArcs: [1101646] numFixed: [7757] time: [5]
STATS - lpIterations[1] lagIterations[10] sspIterations[119] numSeparations[0] numCuts[0] compileTime[1] sspSolveTime[2] lpSolveTime[0] lb[2428.28] ub[2684] numArcs: [1101646] numFixed: [7757] time: [6]
STATS - lpIterations[1] lagIterations[11] sspIterations[153] numSeparations[48] numCuts[0] compileTime[1] sspSolveTime[3] lpSolveTime[0] lb[2444.66] ub[2684] numArcs: [1131952] numFixed: [22134] time: [7]
STATS - lpIterations[1] lagIterations[12] sspIterations[167] numSeparations[48] numCuts[0] compileTime[1] sspSolveTime[3] lpSolveTime[0] lb[2448.26] ub[2684] numArcs: [1131922] numFixed: [28069] time: [7]
STATS - lpIterations[1] lagIterations[14] sspIterations[220] numSeparations[48] numCuts[0] compileTime[1] sspSolveTime[4] lpSolveTime[0] lb[2451.24] ub[2684] numArcs: [1131697] numFixed: [29572] time: [9]
STATS - lpIterations[1] lagIterations[14] sspIterations[220] numSeparations[48] numCuts[0] compileTime[1] sspSolveTime[4] lpSolveTime[0] lb[2452.78] ub[2684] numArcs: [1131697] numFixed: [29572] time: [10]
STATS - lpIterations[1] lagIterations[16] sspIterations[254] numSeparations[48] numCuts[0] compileTime[1] sspSolveTime[5] lpSolveTime[0] lb[2454.05] ub[2684] numArcs: [1131636] numFixed: [31917] time: [11]
STATS - lpIterations[1] lagIterations[17] sspIterations[281] numSeparations[113] numCuts[0] compileTime[1] sspSolveTime[6] lpSolveTime[0] lb[2465.83] ub[2684] numArcs: [1151680] numFixed: [36077] time: [13]
STATS - lpIterations[1] lagIterations[19] sspIterations[334] numSeparations[113] numCuts[0] compileTime[1] sspSolveTime[7] lpSolveTime[0] lb[2486.57] ub[2684] numArcs: [1151448] numFixed: [44662] time: [15]
STATS - lpIterations[1] lagIterations[20] sspIterations[358] numSeparations[113] numCuts[0] compileTime[1] sspSolveTime[8] lpSolveTime[0] lb[2487.52] ub[2684] numArcs: [1151419] numFixed: [66064] time: [16]
STATS - lpIterations[1] lagIterations[25] sspIterations[463] numSeparations[191] numCuts[0] compileTime[1] sspSolveTime[10] lpSolveTime[0] lb[2501.57] ub[2684] numArcs: [1170705] numFixed: [69634] time: [21]
STATS - lpIterations[1] lagIterations[29] sspIterations[562] numSeparations[191] numCuts[0] compileTime[1] sspSolveTime[13] lpSolveTime[0] lb[2503.77] ub[2684] numArcs: [1170451] numFixed: [93672] time: [26]
STATS - lpIterations[1] lagIterations[30] sspIterations[578] numSeparations[266] numCuts[0] compileTime[1] sspSolveTime[13] lpSolveTime[0] lb[2505.69] ub[2684] numArcs: [1188525] numFixed: [100832] time: [26]
STATS - lpIterations[1] lagIterations[30] sspIterations[578] numSeparations[266] numCuts[0] compileTime[1] sspSolveTime[13] lpSolveTime[0] lb[2507.87] ub[2684] numArcs: [1188525] numFixed: [100832] time: [27]
STATS - lpIterations[1] lagIterations[36] sspIterations[725] numSeparations[266] numCuts[0] compileTime[1] sspSolveTime[18] lpSolveTime[0] lb[2508.62] ub[2684] numArcs: [1188221] numFixed: [111664] time: [34]
STATS - lpIterations[1] lagIterations[40] sspIterations[794] numSeparations[337] numCuts[0] compileTime[1] sspSolveTime[20] lpSolveTime[0] lb[2512.02] ub[2684] numArcs: [1203803] numFixed: [116542] time: [38]
STATS - lpIterations[1] lagIterations[41] sspIterations[825] numSeparations[337] numCuts[0] compileTime[1] sspSolveTime[21] lpSolveTime[0] lb[2515.72] ub[2684] numArcs: [1203746] numFixed: [122923] time: [40]
STATS - lpIterations[1] lagIterations[42] sspIterations[837] numSeparations[337] numCuts[0] compileTime[1] sspSolveTime[21] lpSolveTime[0] lb[2518.13] ub[2684] numArcs: [1203740] numFixed: [134563] time: [41]
STATS - lpIterations[1] lagIterations[43] sspIterations[882] numSeparations[337] numCuts[0] compileTime[1] sspSolveTime[22] lpSolveTime[0] lb[2522.86] ub[2684] numArcs: [1203576] numFixed: [138914] time: [43]
STATS - lpIterations[1] lagIterations[44] sspIterations[905] numSeparations[422] numCuts[0] compileTime[1] sspSolveTime[23] lpSolveTime[0] lb[2527.16] ub[2684] numArcs: [1222226] numFixed: [159623] time: [44]
STATS - lpIterations[1] lagIterations[49] sspIterations[1012] numSeparations[422] numCuts[0] compileTime[1] sspSolveTime[26] lpSolveTime[0] lb[2528.97] ub[2684] numArcs: [1222033] numFixed: [175336] time: [50]
STATS - lpIterations[1] lagIterations[50] sspIterations[1031] numSeparations[422] numCuts[0] compileTime[1] sspSolveTime[27] lpSolveTime[0] lb[2531.15] ub[2684] numArcs: [1222023] numFixed: [182548] time: [52]
STATS - lpIterations[1] lagIterations[53] sspIterations[1106] numSeparations[504] numCuts[0] compileTime[1] sspSolveTime[29] lpSolveTime[0] lb[2535.28] ub[2684] numArcs: [1239599] numFixed: [171642] time: [56]
STATS - lpIterations[1] lagIterations[62] sspIterations[1290] numSeparations[583] numCuts[0] compileTime[1] sspSolveTime[35] lpSolveTime[0] lb[2539.53] ub[2684] numArcs: [1252781] numFixed: [203233] time: [67]
STATS - lpIterations[1] lagIterations[63] sspIterations[1310] numSeparations[583] numCuts[0] compileTime[1] sspSolveTime[36] lpSolveTime[0] lb[2540.39] ub[2684] numArcs: [1252760] numFixed: [239148] time: [68]
STATS - lpIterations[1] lagIterations[63] sspIterations[1310] numSeparations[583] numCuts[0] compileTime[1] sspSolveTime[36] lpSolveTime[0] lb[2543.06] ub[2684] numArcs: [1252760] numFixed: [239148] time: [68]
STATS - lpIterations[1] lagIterations[68] sspIterations[1414] numSeparations[670] numCuts[0] compileTime[1] sspSolveTime[39] lpSolveTime[0] lb[2543.49] ub[2684] numArcs: [1269457] numFixed: [251102] time: [75]
STATS - lpIterations[1] lagIterations[68] sspIterations[1414] numSeparations[670] numCuts[0] compileTime[1] sspSolveTime[39] lpSolveTime[0] lb[2544.8] ub[2684] numArcs: [1269457] numFixed: [251102] time: [75]
STATS - lpIterations[1] lagIterations[71] sspIterations[1482] numSeparations[670] numCuts[0] compileTime[1] sspSolveTime[42] lpSolveTime[0] lb[2544.81] ub[2684] numArcs: [1269384] numFixed: [272994] time: [79]
STATS - lpIterations[1] lagIterations[73] sspIterations[1530] numSeparations[670] numCuts[0] compileTime[1] sspSolveTime[43] lpSolveTime[0] lb[2545.42] ub[2684] numArcs: [1269340] numFixed: [276713] time: [82]
STATS - lpIterations[1] lagIterations[77] sspIterations[1614] numSeparations[738] numCuts[0] compileTime[1] sspSolveTime[45] lpSolveTime[0] lb[2547.88] ub[2684] numArcs: [1279920] numFixed: [264160] time: [87]
STATS - lpIterations[1] lagIterations[78] sspIterations[1632] numSeparations[738] numCuts[0] compileTime[1] sspSolveTime[46] lpSolveTime[0] lb[2549.22] ub[2684] numArcs: [1279904] numFixed: [299156] time: [88]
STATS - lpIterations[1] lagIterations[84] sspIterations[1763] numSeparations[738] numCuts[0] compileTime[1] sspSolveTime[50] lpSolveTime[0] lb[2556.63] ub[2684] numArcs: [1279754] numFixed: [308262] time: [96]
STATS - lpIterations[1] lagIterations[85] sspIterations[1780] numSeparations[738] numCuts[0] compileTime[1] sspSolveTime[50] lpSolveTime[0] lb[2558.41] ub[2684] numArcs: [1279748] numFixed: [361293] time: [97]
STATS - lpIterations[1] lagIterations[95] sspIterations[2014] numSeparations[893] numCuts[0] compileTime[1] sspSolveTime[58] lpSolveTime[0] lb[2560.21] ub[2684] numArcs: [1305456] numFixed: [347364] time: [111]
STATS - lpIterations[1] lagIterations[96] sspIterations[2034] numSeparations[893] numCuts[0] compileTime[1] sspSolveTime[58] lpSolveTime[0] lb[2561.74] ub[2684] numArcs: [1305448] numFixed: [398827] time: [111]
STATS - lpIterations[1] lagIterations[96] sspIterations[2034] numSeparations[893] numCuts[0] compileTime[1] sspSolveTime[58] lpSolveTime[0] lb[2562.84] ub[2684] numArcs: [1305448] numFixed: [398827] time: [112]
STATS - lpIterations[1] lagIterations[114] sspIterations[2403] numSeparations[981] numCuts[0] compileTime[1] sspSolveTime[70] lpSolveTime[0] lb[2568.61] ub[2684] numArcs: [1319566] numFixed: [425231] time: [135]
STATS - lpIterations[1] lagIterations[115] sspIterations[2421] numSeparations[1066] numCuts[0] compileTime[1] sspSolveTime[70] lpSolveTime[0] lb[2569.85] ub[2684] numArcs: [1332575] numFixed: [484985] time: [136]
STATS - lpIterations[1] lagIterations[115] sspIterations[2421] numSeparations[1066] numCuts[0] compileTime[1] sspSolveTime[70] lpSolveTime[0] lb[2569.91] ub[2684] numArcs: [1332575] numFixed: [484985] time: [136]
STATS - lpIterations[1] lagIterations[121] sspIterations[2556] numSeparations[1066] numCuts[0] compileTime[1] sspSolveTime[74] lpSolveTime[0] lb[2573.32] ub[2684] numArcs: [1332436] numFixed: [497880] time: [145]
STATS - lpIterations[1] lagIterations[122] sspIterations[2576] numSeparations[1066] numCuts[0] compileTime[1] sspSolveTime[75] lpSolveTime[0] lb[2573.75] ub[2684] numArcs: [1332426] numFixed: [529979] time: [145]
STATS - lpIterations[1] lagIterations[122] sspIterations[2576] numSeparations[1066] numCuts[0] compileTime[1] sspSolveTime[75] lpSolveTime[0] lb[2575.97] ub[2684] numArcs: [1332426] numFixed: [529979] time: [146]
STATS - lpIterations[1] lagIterations[134] sspIterations[2829] numSeparations[1135] numCuts[0] compileTime[1] sspSolveTime[83] lpSolveTime[0] lb[2579.57] ub[2684] numArcs: [1342585] numFixed: [559546] time: [162]
STATS - lpIterations[1] lagIterations[135] sspIterations[2857] numSeparations[1135] numCuts[0] compileTime[1] sspSolveTime[84] lpSolveTime[0] lb[2579.65] ub[2684] numArcs: [1342579] numFixed: [597374] time: [164]
STATS - lpIterations[1] lagIterations[140] sspIterations[2959] numSeparations[1212] numCuts[0] compileTime[1] sspSolveTime[87] lpSolveTime[0] lb[2581.62] ub[2684] numArcs: [1355122] numFixed: [605302] time: [170]
STATS - lpIterations[1] lagIterations[149] sspIterations[3162] numSeparations[1294] numCuts[0] compileTime[1] sspSolveTime[95] lpSolveTime[0] lb[2583.94] ub[2684] numArcs: [1368803] numFixed: [587698] time: [185]
STATS - lpIterations[1] lagIterations[150] sspIterations[3186] numSeparations[1294] numCuts[0] compileTime[1] sspSolveTime[95] lpSolveTime[0] lb[2584.85] ub[2684] numArcs: [1368791] numFixed: [654916] time: [186]
STATS - lpIterations[1] lagIterations[160] sspIterations[3411] numSeparations[1375] numCuts[0] compileTime[1] sspSolveTime[103] lpSolveTime[0] lb[2585.22] ub[2684] numArcs: [1382183] numFixed: [654584] time: [201]
STATS - lpIterations[1] lagIterations[165] sspIterations[3507] numSeparations[1458] numCuts[0] compileTime[1] sspSolveTime[106] lpSolveTime[0] lb[2587.31] ub[2684] numArcs: [1394903] numFixed: [657131] time: [207]
STATS - lpIterations[1] lagIterations[167] sspIterations[3555] numSeparations[1458] numCuts[0] compileTime[1] sspSolveTime[108] lpSolveTime[0] lb[2591.28] ub[2684] numArcs: [1394861] numFixed: [687044] time: [210]
STATS - lpIterations[1] lagIterations[191] sspIterations[4058] numSeparations[1627] numCuts[0] compileTime[1] sspSolveTime[124] lpSolveTime[0] lb[2593.62] ub[2684] numArcs: [1419693] numFixed: [724126] time: [245]
STATS - lpIterations[1] lagIterations[192] sspIterations[4076] numSeparations[1627] numCuts[0] compileTime[1] sspSolveTime[125] lpSolveTime[0] lb[2595.53] ub[2684] numArcs: [1419686] numFixed: [785634] time: [246]
STATS - lpIterations[1] lagIterations[196] sspIterations[4172] numSeparations[1627] numCuts[0] compileTime[1] sspSolveTime[128] lpSolveTime[0] lb[2596.51] ub[2684] numArcs: [1419606] numFixed: [792033] time: [253]
STATS - lpIterations[1] lagIterations[209] sspIterations[4444] numSeparations[1707] numCuts[0] compileTime[1] sspSolveTime[137] lpSolveTime[0] lb[2598.26] ub[2684] numArcs: [1432057] numFixed: [818484] time: [271]
STATS - lpIterations[1] lagIterations[213] sspIterations[4532] numSeparations[1779] numCuts[0] compileTime[1] sspSolveTime[140] lpSolveTime[0] lb[2601.2] ub[2684] numArcs: [1443073] numFixed: [824864] time: [278]
STATS - lpIterations[1] lagIterations[214] sspIterations[4559] numSeparations[1779] numCuts[0] compileTime[1] sspSolveTime[141] lpSolveTime[0] lb[2601.69] ub[2684] numArcs: [1443062] numFixed: [878973] time: [279]
STATS - lpIterations[1] lagIterations[236] sspIterations[5008] numSeparations[1932] numCuts[0] compileTime[1] sspSolveTime[155] lpSolveTime[0] lb[2605.88] ub[2684] numArcs: [1463193] numFixed: [894196] time: [309]
STATS - lpIterations[1] lagIterations[244] sspIterations[5184] numSeparations[1932] numCuts[0] compileTime[1] sspSolveTime[161] lpSolveTime[0] lb[2606.43] ub[2684] numArcs: [1463106] numFixed: [902786] time: [321]
STATS - lpIterations[1] lagIterations[248] sspIterations[5276] numSeparations[2006] numCuts[0] compileTime[1] sspSolveTime[165] lpSolveTime[0] lb[2609.06] ub[2684] numArcs: [1472378] numFixed: [914764] time: [328]
STATS - lpIterations[1] lagIterations[269] sspIterations[5756] numSeparations[2179] numCuts[0] compileTime[1] sspSolveTime[181] lpSolveTime[0] lb[2611.87] ub[2684] numArcs: [1495478] numFixed: [986513] time: [363]
STATS - lpIterations[1] lagIterations[285] sspIterations[6108] numSeparations[2265] numCuts[0] compileTime[1] sspSolveTime[193] lpSolveTime[0] lb[2613.15] ub[2684] numArcs: [1507487] numFixed: [1020991] time: [387]
STATS - lpIterations[1] lagIterations[289] sspIterations[6192] numSeparations[2265] numCuts[0] compileTime[1] sspSolveTime[196] lpSolveTime[0] lb[2613.45] ub[2684] numArcs: [1507442] numFixed: [1030628] time: [394]
STATS - lpIterations[1] lagIterations[297] sspIterations[6362] numSeparations[2339] numCuts[0] compileTime[1] sspSolveTime[202] lpSolveTime[0] lb[2614.14] ub[2684] numArcs: [1517132] numFixed: [1027372] time: [407]
STATS - lpIterations[1] lagIterations[299] sspIterations[6411] numSeparations[2339] numCuts[0] compileTime[1] sspSolveTime[203] lpSolveTime[0] lb[2615.08] ub[2684] numArcs: [1517095] numFixed: [1032201] time: [410]
STATS - lpIterations[1] lagIterations[306] sspIterations[6562] numSeparations[2413] numCuts[0] compileTime[1] sspSolveTime[208] lpSolveTime[0] lb[2616.76] ub[2684] numArcs: [1525934] numFixed: [1065835] time: [420]
STATS - lpIterations[1] lagIterations[320] sspIterations[6885] numSeparations[2501] numCuts[0] compileTime[1] sspSolveTime[220] lpSolveTime[0] lb[2616.83] ub[2684] numArcs: [1537206] numFixed: [1089921] time: [445]
STATS - lpIterations[1] lagIterations[321] sspIterations[6900] numSeparations[2501] numCuts[0] compileTime[1] sspSolveTime[220] lpSolveTime[0] lb[2620.08] ub[2684] numArcs: [1537202] numFixed: [1104275] time: [445]
STATS - lpIterations[1] lagIterations[355] sspIterations[7679] numSeparations[2738] numCuts[0] compileTime[1] sspSolveTime[245] lpSolveTime[0] lb[2620.16] ub[2684] numArcs: [1568564] numFixed: [1125497] time: [499]
STATS - lpIterations[1] lagIterations[359] sspIterations[7764] numSeparations[2738] numCuts[0] compileTime[1] sspSolveTime[248] lpSolveTime[0] lb[2620.46] ub[2684] numArcs: [1568526] numFixed: [1128164] time: [505]
STATS - lpIterations[1] lagIterations[362] sspIterations[7845] numSeparations[2738] numCuts[0] compileTime[1] sspSolveTime[250] lpSolveTime[0] lb[2623.36] ub[2684] numArcs: [1568468] numFixed: [1140417] time: [510]
STATS - lpIterations[1] lagIterations[387] sspIterations[8383] numSeparations[2892] numCuts[0] compileTime[1] sspSolveTime[268] lpSolveTime[0] lb[2624.28] ub[2684] numArcs: [1587710] numFixed: [1171799] time: [550]
STATS - lpIterations[1] lagIterations[397] sspIterations[8597] numSeparations[2966] numCuts[0] compileTime[1] sspSolveTime[276] lpSolveTime[0] lb[2625.66] ub[2684] numArcs: [1597620] numFixed: [1180539] time: [566]
STATS - lpIterations[1] lagIterations[401] sspIterations[8692] numSeparations[2966] numCuts[0] compileTime[1] sspSolveTime[278] lpSolveTime[0] lb[2625.78] ub[2684] numArcs: [1597570] numFixed: [1182479] time: [571]
STATS - lpIterations[1] lagIterations[407] sspIterations[8814] numSeparations[2966] numCuts[0] compileTime[1] sspSolveTime[282] lpSolveTime[0] lb[2625.83] ub[2684] numArcs: [1597514] numFixed: [1190768] time: [580]
STATS - lpIterations[1] lagIterations[409] sspIterations[8859] numSeparations[3055] numCuts[0] compileTime[1] sspSolveTime[284] lpSolveTime[0] lb[2626.01] ub[2684] numArcs: [1609069] numFixed: [1188148] time: [583]
STATS - lpIterations[1] lagIterations[413] sspIterations[8950] numSeparations[3055] numCuts[0] compileTime[1] sspSolveTime[286] lpSolveTime[0] lb[2626.41] ub[2684] numArcs: [1609013] numFixed: [1206044] time: [589]
STATS - lpIterations[1] lagIterations[415] sspIterations[9011] numSeparations[3055] numCuts[0] compileTime[1] sspSolveTime[288] lpSolveTime[0] lb[2626.51] ub[2684] numArcs: [1608995] numFixed: [1210554] time: [593]
STATS - lpIterations[1] lagIterations[417] sspIterations[9048] numSeparations[3055] numCuts[0] compileTime[1] sspSolveTime[289] lpSolveTime[0] lb[2627.85] ub[2684] numArcs: [1608990] numFixed: [1213323] time: [596]
STATS - lpIterations[1] lagIterations[449] sspIterations[9705] numSeparations[3200] numCuts[0] compileTime[1] sspSolveTime[311] lpSolveTime[0] lb[2628.33] ub[2684] numArcs: [1628567] numFixed: [1231012] time: [645]
STATS - lpIterations[1] lagIterations[459] sspIterations[9912] numSeparations[3283] numCuts[0] compileTime[1] sspSolveTime[318] lpSolveTime[0] lb[2628.99] ub[2684] numArcs: [1640730] numFixed: [1257190] time: [660]
STATS - lpIterations[1] lagIterations[470] sspIterations[10135] numSeparations[3283] numCuts[0] compileTime[1] sspSolveTime[326] lpSolveTime[0] lb[2629.48] ub[2684] numArcs: [1640616] numFixed: [1257512] time: [676]
STATS - lpIterations[1] lagIterations[479] sspIterations[10327] numSeparations[3363] numCuts[0] compileTime[1] sspSolveTime[332] lpSolveTime[0] lb[2629.67] ub[2684] numArcs: [1650482] numFixed: [1272038] time: [691]
STATS - lpIterations[1] lagIterations[481] sspIterations[10367] numSeparations[3363] numCuts[0] compileTime[1] sspSolveTime[333] lpSolveTime[0] lb[2631.2] ub[2684] numArcs: [1650468] numFixed: [1272071] time: [694]
STATS - lpIterations[1] lagIterations[504] sspIterations[10889] numSeparations[3449] numCuts[0] compileTime[1] sspSolveTime[351] lpSolveTime[0] lb[2631.43] ub[2684] numArcs: [1662431] numFixed: [1291704] time: [733]
STATS - lpIterations[1] lagIterations[508] sspIterations[10969] numSeparations[3449] numCuts[0] compileTime[1] sspSolveTime[354] lpSolveTime[0] lb[2631.93] ub[2684] numArcs: [1662416] numFixed: [1291976] time: [739]
STATS - lpIterations[1] lagIterations[516] sspIterations[11152] numSeparations[3528] numCuts[0] compileTime[1] sspSolveTime[360] lpSolveTime[0] lb[2632.31] ub[2684] numArcs: [1672728] numFixed: [1308929] time: [752]
STATS - lpIterations[1] lagIterations[518] sspIterations[11193] numSeparations[3528] numCuts[0] compileTime[1] sspSolveTime[361] lpSolveTime[0] lb[2632.41] ub[2684] numArcs: [1672722] numFixed: [1308930] time: [755]
STATS - lpIterations[1] lagIterations[520] sspIterations[11244] numSeparations[3528] numCuts[0] compileTime[1] sspSolveTime[363] lpSolveTime[0] lb[2632.67] ub[2684] numArcs: [1672696] numFixed: [1308934] time: [758]
STATS - lpIterations[1] lagIterations[528] sspIterations[11421] numSeparations[3605] numCuts[0] compileTime[1] sspSolveTime[369] lpSolveTime[0] lb[2634.17] ub[2684] numArcs: [1683026] numFixed: [1312555] time: [772]
STATS - lpIterations[1] lagIterations[567] sspIterations[12265] numSeparations[3758] numCuts[0] compileTime[1] sspSolveTime[397] lpSolveTime[0] lb[2634.41] ub[2684] numArcs: [1703017] numFixed: [1346726] time: [835]
STATS - lpIterations[1] lagIterations[573] sspIterations[12396] numSeparations[3758] numCuts[0] compileTime[1] sspSolveTime[401] lpSolveTime[0] lb[2634.96] ub[2684] numArcs: [1702989] numFixed: [1346797] time: [845]
STATS - lpIterations[1] lagIterations[584] sspIterations[12639] numSeparations[3834] numCuts[0] compileTime[1] sspSolveTime[409] lpSolveTime[0] lb[2634.97] ub[2684] numArcs: [1712208] numFixed: [1359061] time: [863]
STATS - lpIterations[1] lagIterations[586] sspIterations[12697] numSeparations[3834] numCuts[0] compileTime[1] sspSolveTime[411] lpSolveTime[0] lb[2635.61] ub[2684] numArcs: [1712187] numFixed: [1359118] time: [866]
STATS - lpIterations[1] lagIterations[590] sspIterations[12786] numSeparations[3834] numCuts[0] compileTime[1] sspSolveTime[414] lpSolveTime[0] lb[2636.11] ub[2684] numArcs: [1712160] numFixed: [1361993] time: [873]
STATS - lpIterations[1] lagIterations[594] sspIterations[12872] numSeparations[3911] numCuts[0] compileTime[1] sspSolveTime[417] lpSolveTime[0] lb[2636.31] ub[2684] numArcs: [1721796] numFixed: [1363139] time: [880]
STATS - lpIterations[1] lagIterations[615] sspIterations[13319] numSeparations[3992] numCuts[0] compileTime[1] sspSolveTime[432] lpSolveTime[0] lb[2636.34] ub[2684] numArcs: [1731569] numFixed: [1382871] time: [914]
STATS - lpIterations[1] lagIterations[626] sspIterations[13551] numSeparations[3992] numCuts[0] compileTime[1] sspSolveTime[439] lpSolveTime[0] lb[2637.11] ub[2684] numArcs: [1731509] numFixed: [1388200] time: [931]
STATS - lpIterations[1] lagIterations[643] sspIterations[13907] numSeparations[4064] numCuts[0] compileTime[1] sspSolveTime[452] lpSolveTime[0] lb[2637.18] ub[2684] numArcs: [1740247] numFixed: [1397708] time: [961]
STATS - lpIterations[1] lagIterations[645] sspIterations[13952] numSeparations[4064] numCuts[0] compileTime[1] sspSolveTime[454] lpSolveTime[0] lb[2637.75] ub[2684] numArcs: [1740238] numFixed: [1398226] time: [964]
STATS - lpIterations[1] lagIterations[657] sspIterations[14213] numSeparations[4141] numCuts[0] compileTime[1] sspSolveTime[463] lpSolveTime[0] lb[2638.78] ub[2684] numArcs: [1749287] numFixed: [1411013] time: [985]
STATS - lpIterations[1] lagIterations[667] sspIterations[14435] numSeparations[4141] numCuts[0] compileTime[1] sspSolveTime[470] lpSolveTime[0] lb[2639.6] ub[2684] numArcs: [1749231] numFixed: [1412025] time: [1001]
STATS - lpIterations[1] lagIterations[716] sspIterations[15476] numSeparations[4387] numCuts[0] compileTime[1] sspSolveTime[506] lpSolveTime[0] lb[2640.13] ub[2684] numArcs: [1780833] numFixed: [1443872] time: [1084]
STATS - lpIterations[1] lagIterations[721] sspIterations[15578] numSeparations[4387] numCuts[0] compileTime[1] sspSolveTime[510] lpSolveTime[0] lb[2640.41] ub[2684] numArcs: [1780808] numFixed: [1447075] time: [1093]
STATS - lpIterations[1] lagIterations[730] sspIterations[15774] numSeparations[4387] numCuts[0] compileTime[1] sspSolveTime[517] lpSolveTime[0] lb[2640.91] ub[2684] numArcs: [1780736] numFixed: [1449878] time: [1109]
STATS - lpIterations[1] lagIterations[743] sspIterations[16054] numSeparations[4461] numCuts[0] compileTime[1] sspSolveTime[527] lpSolveTime[0] lb[2641.16] ub[2684] numArcs: [1790759] numFixed: [1457746] time: [1132]
STATS - lpIterations[1] lagIterations[747] sspIterations[16146] numSeparations[4461] numCuts[0] compileTime[1] sspSolveTime[530] lpSolveTime[0] lb[2641.47] ub[2684] numArcs: [1790725] numFixed: [1462387] time: [1139]
STATS - lpIterations[1] lagIterations[776] sspIterations[16759] numSeparations[4618] numCuts[0] compileTime[1] sspSolveTime[551] lpSolveTime[0] lb[2641.65] ub[2684] numArcs: [1807923] numFixed: [1474725] time: [1187]
STATS - lpIterations[1] lagIterations[796] sspIterations[17184] numSeparations[4618] numCuts[0] compileTime[1] sspSolveTime[565] lpSolveTime[0] lb[2642.02] ub[2684] numArcs: [1807794] numFixed: [1480886] time: [1218]
STATS - lpIterations[1] lagIterations[806] sspIterations[17399] numSeparations[4699] numCuts[0] compileTime[1] sspSolveTime[572] lpSolveTime[0] lb[2642.35] ub[2684] numArcs: [1816875] numFixed: [1488242] time: [1235]
STATS - lpIterations[1] lagIterations[809] sspIterations[17467] numSeparations[4699] numCuts[0] compileTime[1] sspSolveTime[575] lpSolveTime[0] lb[2643.16] ub[2684] numArcs: [1816844] numFixed: [1489078] time: [1240]
STATS - lpIterations[1] lagIterations[850] sspIterations[18331] numSeparations[4856] numCuts[0] compileTime[1] sspSolveTime[605] lpSolveTime[0] lb[2643.45] ub[2684] numArcs: [1836737] numFixed: [1506797] time: [1311]
STATS - lpIterations[1] lagIterations[868] sspIterations[18720] numSeparations[4937] numCuts[0] compileTime[1] sspSolveTime[619] lpSolveTime[0] lb[2644.19] ub[2684] numArcs: [1846056] numFixed: [1520268] time: [1343]
STATS - lpIterations[1] lagIterations[887] sspIterations[19113] numSeparations[4937] numCuts[0] compileTime[1] sspSolveTime[633] lpSolveTime[0] lb[2644.27] ub[2684] numArcs: [1845963] numFixed: [1522537] time: [1376]
STATS - lpIterations[1] lagIterations[891] sspIterations[19194] numSeparations[5016] numCuts[0] compileTime[1] sspSolveTime[636] lpSolveTime[0] lb[2644.92] ub[2684] numArcs: [1854359] numFixed: [1530347] time: [1383]
STATS - lpIterations[2] lagIterations[910] sspIterations[19611] numSeparations[5016] numCuts[0] compileTime[1] sspSolveTime[651] lpSolveTime[0] lb[2644.92] ub[2684] numArcs: [1854218] numFixed: [1531994] time: [1418]
STATS - lpIterations[3] lagIterations[1012] sspIterations[22246] numSeparations[5895] numCuts[0] compileTime[1] sspSolveTime[752] lpSolveTime[0] lb[2644.92] ub[2684] numArcs: [1975099] numFixed: [1628227] time: [1608]
STATS - lpIterations[4] lagIterations[1114] sspIterations[24801] numSeparations[6584] numCuts[0] compileTime[1] sspSolveTime[858] lpSolveTime[0] lb[2644.92] ub[2684] numArcs: [2069011] numFixed: [1705802] time: [1809]
STATS - lpIterations[5] lagIterations[1216] sspIterations[27306] numSeparations[7210] numCuts[0] compileTime[1] sspSolveTime[968] lpSolveTime[0] lb[2644.92] ub[2684] numArcs: [2146644] numFixed: [1769504] time: [2021]
STATS - lpIterations[6] lagIterations[1318] sspIterations[29810] numSeparations[7799] numCuts[0] compileTime[1] sspSolveTime[1081] lpSolveTime[0] lb[2644.92] ub[2684] numArcs: [2219209] numFixed: [1828456] time: [2240]
STATS - lpIterations[7] lagIterations[1420] sspIterations[32414] numSeparations[8371] numCuts[0] compileTime[1] sspSolveTime[1202] lpSolveTime[0] lb[2644.92] ub[2684] numArcs: [2287501] numFixed: [1884185] time: [2471]
STATS - lpIterations[8] lagIterations[1522] sspIterations[34965] numSeparations[8947] numCuts[0] compileTime[1] sspSolveTime[1328] lpSolveTime[0] lb[2644.92] ub[2684] numArcs: [2358823] numFixed: [1941961] time: [2717]
STATS - lpIterations[9] lagIterations[1624] sspIterations[37470] numSeparations[9442] numCuts[0] compileTime[1] sspSolveTime[1454] lpSolveTime[0] lb[2644.92] ub[2684] numArcs: [2413260] numFixed: [1986503] time: [2964]
STATS - lpIterations[10] lagIterations[1726] sspIterations[40078] numSeparations[9949] numCuts[0] compileTime[1] sspSolveTime[1594] lpSolveTime[0] lb[2644.92] ub[2684] numArcs: [2468397] numFixed: [2031794] time: [3231]
STATS - lpIterations[11] lagIterations[1828] sspIterations[42595] numSeparations[10351] numCuts[0] compileTime[1] sspSolveTime[1730] lpSolveTime[0] lb[2644.92] ub[2684] numArcs: [2510011] numFixed: [2065484] time: [3498]
STATS - lpIterations[12] lagIterations[1930] sspIterations[45209] numSeparations[10843] numCuts[0] compileTime[1] sspSolveTime[1875] lpSolveTime[0] lb[2644.92] ub[2684] numArcs: [2567656] numFixed: [2112824] time: [3784]
STATS - lpIterations[13] lagIterations[2032] sspIterations[47740] numSeparations[11232] numCuts[0] compileTime[1] sspSolveTime[2016] lpSolveTime[0] lb[2644.92] ub[2684] numArcs: [2613780] numFixed: [2150316] time: [4062]
STATS - lpIterations[14] lagIterations[2134] sspIterations[50265] numSeparations[11643] numCuts[0] compileTime[1] sspSolveTime[2154] lpSolveTime[0] lb[2644.92] ub[2684] numArcs: [2659072] numFixed: [2187812] time: [4332]
STATS - lpIterations[15] lagIterations[2236] sspIterations[52811] numSeparations[12060] numCuts[0] compileTime[1] sspSolveTime[2300] lpSolveTime[0] lb[2644.92] ub[2684] numArcs: [2705134] numFixed: [2224737] time: [4616]
STATS - lpIterations[16] lagIterations[2338] sspIterations[55293] numSeparations[12459] numCuts[0] compileTime[1] sspSolveTime[2455] lpSolveTime[0] lb[2644.92] ub[2684] numArcs: [2749049] numFixed: [2260386] time: [4923]
STATS - lpIterations[17] lagIterations[2440] sspIterations[57798] numSeparations[12856] numCuts[0] compileTime[1] sspSolveTime[2617] lpSolveTime[0] lb[2644.92] ub[2684] numArcs: [2793416] numFixed: [2296822] time: [5242]
STATS - lpIterations[18] lagIterations[2542] sspIterations[60310] numSeparations[13240] numCuts[0] compileTime[1] sspSolveTime[2781] lpSolveTime[0] lb[2644.92] ub[2684] numArcs: [2833882] numFixed: [2329917] time: [5564]
STATS - lpIterations[19] lagIterations[2644] sspIterations[62849] numSeparations[13637] numCuts[0] compileTime[1] sspSolveTime[2947] lpSolveTime[0] lb[2644.92] ub[2684] numArcs: [2875516] numFixed: [2363773] time: [5894]
STATS - lpIterations[20] lagIterations[2746] sspIterations[65414] numSeparations[13952] numCuts[0] compileTime[1] sspSolveTime[3120] lpSolveTime[0] lb[2644.92] ub[2684] numArcs: [2910904] numFixed: [2393528] time: [6231]
STATS - lpIterations[21] lagIterations[2848] sspIterations[67888] numSeparations[14245] numCuts[0] compileTime[1] sspSolveTime[3286] lpSolveTime[0] lb[2644.92] ub[2684] numArcs: [2942093] numFixed: [2433206] time: [6562]
STATS - lpIterations[22] lagIterations[2950] sspIterations[70342] numSeparations[14543] numCuts[0] compileTime[1] sspSolveTime[3458] lpSolveTime[0] lb[2644.92] ub[2684] numArcs: [2971423] numFixed: [2442453] time: [6907]
STATS - lpIterations[23] lagIterations[3052] sspIterations[72846] numSeparations[14846] numCuts[0] compileTime[1] sspSolveTime[3633] lpSolveTime[0] lb[2644.92] ub[2684] numArcs: [3002279] numFixed: [2473926] time: [7254]
STATS - lpIterations[24] lagIterations[3154] sspIterations[75401] numSeparations[15138] numCuts[0] compileTime[1] sspSolveTime[3812] lpSolveTime[0] lb[2644.92] ub[2684] numArcs: [3032011] numFixed: [2493125] time: [7609]
STATS - lpIterations[25] lagIterations[3256] sspIterations[77899] numSeparations[15442] numCuts[0] compileTime[1] sspSolveTime[3986] lpSolveTime[0] lb[2644.92] ub[2684] numArcs: [3062937] numFixed: [2521093] time: [7959]
STATS - lpIterations[26] lagIterations[3358] sspIterations[80407] numSeparations[15741] numCuts[0] compileTime[1] sspSolveTime[4167] lpSolveTime[0] lb[2644.92] ub[2684] numArcs: [3091168] numFixed: [2553967] time: [8317]
STATS - lpIterations[27] lagIterations[3460] sspIterations[82970] numSeparations[16047] numCuts[0] compileTime[1] sspSolveTime[4350] lpSolveTime[0] lb[2644.92] ub[2684] numArcs: [3120069] numFixed: [2574218] time: [8685]
STATS - lpIterations[28] lagIterations[3562] sspIterations[85352] numSeparations[16243] numCuts[0] compileTime[1] sspSolveTime[4526] lpSolveTime[0] lb[2644.92] ub[2684] numArcs: [3138051] numFixed: [2582177] time: [9039]
STATS - lpIterations[29] lagIterations[3664] sspIterations[87884] numSeparations[16457] numCuts[0] compileTime[1] sspSolveTime[4717] lpSolveTime[0] lb[2644.92] ub[2684] numArcs: [3158046] numFixed: [2597352] time: [9414]
STATS - lpIterations[30] lagIterations[3766] sspIterations[90432] numSeparations[16759] numCuts[0] compileTime[1] sspSolveTime[4909] lpSolveTime[0] lb[2644.92] ub[2684] numArcs: [3187686] numFixed: [2621000] time: [9792]
STATS - lpIterations[31] lagIterations[3868] sspIterations[92981] numSeparations[17050] numCuts[0] compileTime[1] sspSolveTime[5103] lpSolveTime[0] lb[2644.92] ub[2684] numArcs: [3218103] numFixed: [2647367] time: [10175]
STATS - lpIterations[32] lagIterations[3970] sspIterations[95550] numSeparations[17344] numCuts[0] compileTime[1] sspSolveTime[5300] lpSolveTime[0] lb[2644.92] ub[2684] numArcs: [3246553] numFixed: [2669541] time: [10564]
STATS - lpIterations[33] lagIterations[4072] sspIterations[98003] numSeparations[17537] numCuts[0] compileTime[1] sspSolveTime[5489] lpSolveTime[0] lb[2644.92] ub[2684] numArcs: [3266619] numFixed: [2706746] time: [10942]
STATS - lpIterations[34] lagIterations[4174] sspIterations[100548] numSeparations[17746] numCuts[0] compileTime[1] sspSolveTime[5688] lpSolveTime[0] lb[2644.92] ub[2684] numArcs: [3287118] numFixed: [2705853] time: [11335]
STATS - lpIterations[35] lagIterations[4276] sspIterations[103068] numSeparations[17957] numCuts[0] compileTime[1] sspSolveTime[5889] lpSolveTime[0] lb[2644.92] ub[2684] numArcs: [3308439] numFixed: [2721391] time: [11736]
STATS - lpIterations[36] lagIterations[4378] sspIterations[105609] numSeparations[18155] numCuts[0] compileTime[1] sspSolveTime[6097] lpSolveTime[0] lb[2644.92] ub[2684] numArcs: [3328638] numFixed: [2739597] time: [12150]
STATS - lpIterations[37] lagIterations[4480] sspIterations[108034] numSeparations[18350] numCuts[0] compileTime[1] sspSolveTime[6291] lpSolveTime[0] lb[2644.92] ub[2684] numArcs: [3345087] numFixed: [2755683] time: [12540]
STATS - lpIterations[38] lagIterations[4582] sspIterations[110526] numSeparations[18559] numCuts[0] compileTime[1] sspSolveTime[6488] lpSolveTime[0] lb[2644.92] ub[2684] numArcs: [3364456] numFixed: [2804850] time: [12932]
STATS - lpIterations[39] lagIterations[4684] sspIterations[113036] numSeparations[18754] numCuts[0] compileTime[1] sspSolveTime[6687] lpSolveTime[0] lb[2644.92] ub[2684] numArcs: [3383080] numFixed: [2791874] time: [13330]
STATS - lpIterations[40] lagIterations[4786] sspIterations[115491] numSeparations[18955] numCuts[0] compileTime[1] sspSolveTime[6890] lpSolveTime[0] lb[2644.92] ub[2684] numArcs: [3400798] numFixed: [2793153] time: [13734]
STATS - lpIterations[41] lagIterations[4888] sspIterations[117914] numSeparations[19151] numCuts[0] compileTime[1] sspSolveTime[7090] lpSolveTime[0] lb[2644.92] ub[2684] numArcs: [3417305] numFixed: [2815137] time: [14140]
STATS - lpIterations[42] lagIterations[4990] sspIterations[120401] numSeparations[19345] numCuts[0] compileTime[1] sspSolveTime[7296] lpSolveTime[0] lb[2644.92] ub[2684] numArcs: [3435119] numFixed: [2832721] time: [14552]
STATS - lpIterations[43] lagIterations[5092] sspIterations[122917] numSeparations[19544] numCuts[0] compileTime[1] sspSolveTime[7504] lpSolveTime[0] lb[2644.92] ub[2684] numArcs: [3455683] numFixed: [2889528] time: [14968]
STATS - lpIterations[44] lagIterations[5194] sspIterations[125405] numSeparations[19741] numCuts[0] compileTime[1] sspSolveTime[7712] lpSolveTime[0] lb[2644.92] ub[2684] numArcs: [3474759] numFixed: [2889007] time: [15384]
STATS - lpIterations[45] lagIterations[5296] sspIterations[127824] numSeparations[19937] numCuts[0] compileTime[1] sspSolveTime[7910] lpSolveTime[0] lb[2644.92] ub[2684] numArcs: [3492584] numFixed: [2903292] time: [15786]
STATS - lpIterations[46] lagIterations[5398] sspIterations[130235] numSeparations[20132] numCuts[0] compileTime[1] sspSolveTime[8114] lpSolveTime[0] lb[2644.92] ub[2684] numArcs: [3511522] numFixed: [2919003] time: [16196]
STATS - lpIterations[47] lagIterations[5500] sspIterations[132815] numSeparations[20328] numCuts[0] compileTime[1] sspSolveTime[8337] lpSolveTime[0] lb[2644.92] ub[2684] numArcs: [3530526] numFixed: [2936893] time: [16637]
STATS - lpIterations[48] lagIterations[5602] sspIterations[135223] numSeparations[20520] numCuts[0] compileTime[1] sspSolveTime[8542] lpSolveTime[0] lb[2644.92] ub[2684] numArcs: [3546818] numFixed: [2948518] time: [17053]
STATS - lpIterations[49] lagIterations[5704] sspIterations[137660] numSeparations[20713] numCuts[0] compileTime[1] sspSolveTime[8754] lpSolveTime[0] lb[2644.92] ub[2684] numArcs: [3561227] numFixed: [2960467] time: [17481]
STATS - lpIterations[50] lagIterations[5806] sspIterations[140126] numSeparations[20910] numCuts[0] compileTime[1] sspSolveTime[8968] lpSolveTime[0] lb[2644.92] ub[2684] numArcs: [3578780] numFixed: [2975052] time: [17909]
STATS - lpIterations[51] lagIterations[5908] sspIterations[142657] numSeparations[21106] numCuts[0] compileTime[1] sspSolveTime[9187] lpSolveTime[0] lb[2644.92] ub[2684] numArcs: [3596002] numFixed: [2988998] time: [18346]
STATS - lpIterations[52] lagIterations[6010] sspIterations[145167] numSeparations[21309] numCuts[0] compileTime[1] sspSolveTime[9408] lpSolveTime[0] lb[2644.92] ub[2684] numArcs: [3615632] numFixed: [3005679] time: [18784]
STATS - lpIterations[53] lagIterations[6112] sspIterations[147639] numSeparations[21500] numCuts[0] compileTime[1] sspSolveTime[9627] lpSolveTime[0] lb[2644.92] ub[2684] numArcs: [3633107] numFixed: [3020480] time: [19224]
STATS - lpIterations[54] lagIterations[6214] sspIterations[150165] numSeparations[21693] numCuts[0] compileTime[1] sspSolveTime[9848] lpSolveTime[0] lb[2644.92] ub[2684] numArcs: [3647623] numFixed: [3034330] time: [19667]
