do not relax capacity constraint
instance upper bound: 7138.8
compiling DD
time step mult: 10
time step: 900
cap step: 1
done compiling DD
batch size for lag: 100
iteration delay to start separating: 0
optimality gap to start repairing: 100
percent fixed to change to CPLEX: 97.5
num arcs to change to CPLEX: 100000
num arcs to change to LAG: 999999999
STATS - lpIterations[0] lagIterations[0] sspIterations[0] numSeparations[0] numCuts[0] compileTime[2] sspSolveTime[0] lpSolveTime[0] lb[0] ub[7138.8] numArcs: [1927180] numFixed: [0] time: [2]
STATS - lpIterations[1] lagIterations[0] sspIterations[0] numSeparations[0] numCuts[0] compileTime[2] sspSolveTime[0] lpSolveTime[0] lb[0] ub[7138.8] numArcs: [1927180] numFixed: [0] time: [2]
STATS - lpIterations[1] lagIterations[1] sspIterations[1] numSeparations[0] numCuts[0] compileTime[2] sspSolveTime[0] lpSolveTime[0] lb[5660.7] ub[7138.8] numArcs: [1927169] numFixed: [0] time: [2]
STATS - lpIterations[1] lagIterations[2] sspIterations[2] numSeparations[0] numCuts[0] compileTime[2] sspSolveTime[0] lpSolveTime[0] lb[5939] ub[7138.8] numArcs: [1927158] numFixed: [0] time: [2]
STATS - lpIterations[1] lagIterations[3] sspIterations[3] numSeparations[0] numCuts[0] compileTime[2] sspSolveTime[0] lpSolveTime[0] lb[6222.7] ub[7138.8] numArcs: [1927158] numFixed: [0] time: [2]
STATS - lpIterations[1] lagIterations[4] sspIterations[25] numSeparations[0] numCuts[0] compileTime[2] sspSolveTime[0] lpSolveTime[0] lb[6456.74] ub[7138.8] numArcs: [1926872] numFixed: [0] time: [3]
STATS - lpIterations[1] lagIterations[4] sspIterations[25] numSeparations[0] numCuts[0] compileTime[2] sspSolveTime[0] lpSolveTime[0] lb[6479.02] ub[7138.8] numArcs: [1926872] numFixed: [0] time: [4]
STATS - lpIterations[1] lagIterations[5] sspIterations[57] numSeparations[0] numCuts[0] compileTime[2] sspSolveTime[1] lpSolveTime[0] lb[6509.2] ub[7138.8] numArcs: [1926586] numFixed: [0] time: [4]
STATS - lpIterations[1] lagIterations[5] sspIterations[57] numSeparations[0] numCuts[0] compileTime[2] sspSolveTime[1] lpSolveTime[0] lb[6539.3] ub[7138.8] numArcs: [1926586] numFixed: [0] time: [5]
STATS - lpIterations[1] lagIterations[6] sspIterations[80] numSeparations[0] numCuts[0] compileTime[2] sspSolveTime[1] lpSolveTime[0] lb[6591.39] ub[7138.8] numArcs: [1926451] numFixed: [0] time: [5]
STATS - lpIterations[1] lagIterations[6] sspIterations[80] numSeparations[0] numCuts[0] compileTime[2] sspSolveTime[1] lpSolveTime[0] lb[6597.42] ub[7138.8] numArcs: [1926451] numFixed: [0] time: [6]
STATS - lpIterations[1] lagIterations[7] sspIterations[137] numSeparations[0] numCuts[0] compileTime[2] sspSolveTime[2] lpSolveTime[0] lb[6639.96] ub[7138.8] numArcs: [1926037] numFixed: [6] time: [9]
STATS - lpIterations[1] lagIterations[8] sspIterations[169] numSeparations[0] numCuts[0] compileTime[2] sspSolveTime[3] lpSolveTime[0] lb[6652.42] ub[7138.8] numArcs: [1925971] numFixed: [44] time: [9]
STATS - lpIterations[1] lagIterations[8] sspIterations[169] numSeparations[0] numCuts[0] compileTime[2] sspSolveTime[3] lpSolveTime[0] lb[6653.16] ub[7138.8] numArcs: [1925971] numFixed: [44] time: [11]
STATS - lpIterations[1] lagIterations[9] sspIterations[221] numSeparations[50] numCuts[0] compileTime[2] sspSolveTime[4] lpSolveTime[0] lb[6679.88] ub[7138.8] numArcs: [1968631] numFixed: [40895] time: [12]
STATS - lpIterations[1] lagIterations[10] sspIterations[246] numSeparations[50] numCuts[0] compileTime[2] sspSolveTime[4] lpSolveTime[0] lb[6693.14] ub[7138.8] numArcs: [1968570] numFixed: [41028] time: [13]
STATS - lpIterations[1] lagIterations[10] sspIterations[246] numSeparations[50] numCuts[0] compileTime[2] sspSolveTime[4] lpSolveTime[0] lb[6694.93] ub[7138.8] numArcs: [1968570] numFixed: [41028] time: [14]
STATS - lpIterations[1] lagIterations[11] sspIterations[301] numSeparations[50] numCuts[0] compileTime[2] sspSolveTime[6] lpSolveTime[0] lb[6741.88] ub[7138.8] numArcs: [1968222] numFixed: [41133] time: [16]
STATS - lpIterations[1] lagIterations[12] sspIterations[341] numSeparations[50] numCuts[0] compileTime[2] sspSolveTime[6] lpSolveTime[0] lb[6760.19] ub[7138.8] numArcs: [1968180] numFixed: [41803] time: [18]
STATS - lpIterations[1] lagIterations[14] sspIterations[408] numSeparations[123] numCuts[0] compileTime[2] sspSolveTime[8] lpSolveTime[0] lb[6761.64] ub[7138.8] numArcs: [2011658] numFixed: [60073] time: [22]
STATS - lpIterations[1] lagIterations[15] sspIterations[446] numSeparations[123] numCuts[0] compileTime[2] sspSolveTime[8] lpSolveTime[0] lb[6768.47] ub[7138.8] numArcs: [2011579] numFixed: [60138] time: [23]
STATS - lpIterations[1] lagIterations[15] sspIterations[446] numSeparations[123] numCuts[0] compileTime[2] sspSolveTime[8] lpSolveTime[0] lb[6786.48] ub[7138.8] numArcs: [2011579] numFixed: [60138] time: [24]
STATS - lpIterations[1] lagIterations[16] sspIterations[484] numSeparations[123] numCuts[0] compileTime[2] sspSolveTime[9] lpSolveTime[0] lb[6792.22] ub[7138.8] numArcs: [2011469] numFixed: [62298] time: [26]
STATS - lpIterations[1] lagIterations[17] sspIterations[517] numSeparations[123] numCuts[0] compileTime[2] sspSolveTime[10] lpSolveTime[0] lb[6809.9] ub[7138.8] numArcs: [2011431] numFixed: [63193] time: [27]
STATS - lpIterations[1] lagIterations[17] sspIterations[517] numSeparations[123] numCuts[0] compileTime[2] sspSolveTime[10] lpSolveTime[0] lb[6818.58] ub[7138.8] numArcs: [2011431] numFixed: [63193] time: [28]
STATS - lpIterations[1] lagIterations[19] sspIterations[589] numSeparations[198] numCuts[0] compileTime[2] sspSolveTime[12] lpSolveTime[0] lb[6825.75] ub[7138.8] numArcs: [2047735] numFixed: [74440] time: [32]
STATS - lpIterations[1] lagIterations[20] sspIterations[629] numSeparations[198] numCuts[0] compileTime[2] sspSolveTime[13] lpSolveTime[0] lb[6851.52] ub[7138.8] numArcs: [2047634] numFixed: [78575] time: [34]
STATS - lpIterations[1] lagIterations[21] sspIterations[660] numSeparations[198] numCuts[0] compileTime[2] sspSolveTime[13] lpSolveTime[0] lb[6853.72] ub[7138.8] numArcs: [2047589] numFixed: [105163] time: [35]
STATS - lpIterations[1] lagIterations[23] sspIterations[744] numSeparations[198] numCuts[0] compileTime[2] sspSolveTime[15] lpSolveTime[0] lb[6864.73] ub[7138.8] numArcs: [2047386] numFixed: [105588] time: [39]
STATS - lpIterations[1] lagIterations[24] sspIterations[795] numSeparations[198] numCuts[0] compileTime[2] sspSolveTime[17] lpSolveTime[0] lb[6866.42] ub[7138.8] numArcs: [2047279] numFixed: [126602] time: [43]
STATS - lpIterations[1] lagIterations[25] sspIterations[826] numSeparations[284] numCuts[0] compileTime[2] sspSolveTime[17] lpSolveTime[0] lb[6886.85] ub[7138.8] numArcs: [2084936] numFixed: [140578] time: [44]
STATS - lpIterations[1] lagIterations[25] sspIterations[826] numSeparations[284] numCuts[0] compileTime[2] sspSolveTime[17] lpSolveTime[0] lb[6895.09] ub[7138.8] numArcs: [2084936] numFixed: [140578] time: [45]
STATS - lpIterations[1] lagIterations[26] sspIterations[873] numSeparations[284] numCuts[0] compileTime[2] sspSolveTime[18] lpSolveTime[0] lb[6918.45] ub[7138.8] numArcs: [2084819] numFixed: [231103] time: [48]
STATS - lpIterations[1] lagIterations[27] sspIterations[908] numSeparations[284] numCuts[0] compileTime[2] sspSolveTime[19] lpSolveTime[0] lb[6918.65] ub[7138.8] numArcs: [2084803] numFixed: [350626] time: [50]
STATS - lpIterations[1] lagIterations[30] sspIterations[1043] numSeparations[284] numCuts[0] compileTime[2] sspSolveTime[23] lpSolveTime[0] lb[6940.11] ub[7138.8] numArcs: [2084517] numFixed: [355650] time: [58]
STATS - lpIterations[1] lagIterations[31] sspIterations[1079] numSeparations[373] numCuts[0] compileTime[2] sspSolveTime[24] lpSolveTime[0] lb[6949.93] ub[7138.8] numArcs: [2121693] numFixed: [528419] time: [59]
STATS - lpIterations[1] lagIterations[31] sspIterations[1079] numSeparations[373] numCuts[0] compileTime[2] sspSolveTime[24] lpSolveTime[0] lb[6951.08] ub[7138.8] numArcs: [2121693] numFixed: [528419] time: [60]
STATS - lpIterations[1] lagIterations[38] sspIterations[1356] numSeparations[373] numCuts[0] compileTime[2] sspSolveTime[31] lpSolveTime[0] lb[6953.01] ub[7138.8] numArcs: [2121341] numFixed: [630710] time: [76]
STATS - lpIterations[1] lagIterations[38] sspIterations[1356] numSeparations[373] numCuts[0] compileTime[2] sspSolveTime[31] lpSolveTime[0] lb[6964.28] ub[7138.8] numArcs: [2121341] numFixed: [630710] time: [77]
STATS - lpIterations[1] lagIterations[39] sspIterations[1394] numSeparations[445] numCuts[0] compileTime[2] sspSolveTime[32] lpSolveTime[0] lb[6968] ub[7138.8] numArcs: [2142245] numFixed: [783535] time: [80]
STATS - lpIterations[1] lagIterations[40] sspIterations[1432] numSeparations[445] numCuts[0] compileTime[2] sspSolveTime[33] lpSolveTime[0] lb[6977.99] ub[7138.8] numArcs: [2142211] numFixed: [821185] time: [81]
STATS - lpIterations[1] lagIterations[40] sspIterations[1432] numSeparations[445] numCuts[0] compileTime[2] sspSolveTime[33] lpSolveTime[0] lb[6983.37] ub[7138.8] numArcs: [2142211] numFixed: [821185] time: [82]
STATS - lpIterations[1] lagIterations[43] sspIterations[1555] numSeparations[445] numCuts[0] compileTime[2] sspSolveTime[36] lpSolveTime[0] lb[6985.33] ub[7138.8] numArcs: [2142064] numFixed: [992782] time: [90]
STATS - lpIterations[1] lagIterations[44] sspIterations[1593] numSeparations[445] numCuts[0] compileTime[2] sspSolveTime[37] lpSolveTime[0] lb[6987.27] ub[7138.8] numArcs: [2142034] numFixed: [1027680] time: [93]
STATS - lpIterations[1] lagIterations[47] sspIterations[1716] numSeparations[531] numCuts[0] compileTime[2] sspSolveTime[40] lpSolveTime[0] lb[6993.62] ub[7138.8] numArcs: [2169618] numFixed: [1062229] time: [100]
STATS - lpIterations[1] lagIterations[48] sspIterations[1749] numSeparations[531] numCuts[0] compileTime[2] sspSolveTime[41] lpSolveTime[0] lb[7003.14] ub[7138.8] numArcs: [2169599] numFixed: [1135960] time: [101]
STATS - lpIterations[1] lagIterations[49] sspIterations[1806] numSeparations[531] numCuts[0] compileTime[2] sspSolveTime[43] lpSolveTime[0] lb[7012.15] ub[7138.8] numArcs: [2169501] numFixed: [1203214] time: [106]
STATS - lpIterations[1] lagIterations[50] sspIterations[1846] numSeparations[531] numCuts[0] compileTime[2] sspSolveTime[43] lpSolveTime[0] lb[7013.78] ub[7138.8] numArcs: [2169469] numFixed: [1356021] time: [108]
STATS - lpIterations[1] lagIterations[53] sspIterations[1968] numSeparations[531] numCuts[0] compileTime[2] sspSolveTime[46] lpSolveTime[0] lb[7017.4] ub[7138.8] numArcs: [2169364] numFixed: [1376306] time: [115]
STATS - lpIterations[1] lagIterations[54] sspIterations[2003] numSeparations[531] numCuts[0] compileTime[2] sspSolveTime[47] lpSolveTime[0] lb[7032.67] ub[7138.8] numArcs: [2169345] numFixed: [1420193] time: [116]
STATS - lpIterations[1] lagIterations[59] sspIterations[2213] numSeparations[617] numCuts[0] compileTime[2] sspSolveTime[52] lpSolveTime[0] lb[7041.86] ub[7138.8] numArcs: [2196238] numFixed: [1550757] time: [129]
STATS - lpIterations[1] lagIterations[60] sspIterations[2252] numSeparations[617] numCuts[0] compileTime[2] sspSolveTime[53] lpSolveTime[0] lb[7052.6] ub[7138.8] numArcs: [2196211] numFixed: [1699368] time: [130]
STATS - lpIterations[1] lagIterations[75] sspIterations[2868] numSeparations[702] numCuts[0] compileTime[2] sspSolveTime[65] lpSolveTime[0] lb[7057.83] ub[7138.8] numArcs: [2226158] numFixed: [1799477] time: [163]
STATS - lpIterations[1] lagIterations[78] sspIterations[2995] numSeparations[783] numCuts[0] compileTime[2] sspSolveTime[69] lpSolveTime[0] lb[7063.18] ub[7138.8] numArcs: [2250894] numFixed: [1858348] time: [171]
STATS - lpIterations[1] lagIterations[79] sspIterations[3034] numSeparations[783] numCuts[0] compileTime[2] sspSolveTime[69] lpSolveTime[0] lb[7064.76] ub[7138.8] numArcs: [2250884] numFixed: [1938742] time: [172]
STATS - lpIterations[1] lagIterations[79] sspIterations[3034] numSeparations[783] numCuts[0] compileTime[2] sspSolveTime[69] lpSolveTime[0] lb[7073.53] ub[7138.8] numArcs: [2250884] numFixed: [1938742] time: [173]
STATS - lpIterations[1] lagIterations[87] sspIterations[3353] numSeparations[783] numCuts[0] compileTime[2] sspSolveTime[75] lpSolveTime[0] lb[7074.88] ub[7138.8] numArcs: [2250726] numFixed: [2020475] time: [186]
STATS - lpIterations[1] lagIterations[92] sspIterations[3549] numSeparations[859] numCuts[0] compileTime[2] sspSolveTime[79] lpSolveTime[0] lb[7080.11] ub[7138.8] numArcs: [2273801] numFixed: [2024184] time: [196]
STATS - lpIterations[1] lagIterations[94] sspIterations[3633] numSeparations[859] numCuts[0] compileTime[2] sspSolveTime[80] lpSolveTime[0] lb[7091.12] ub[7138.8] numArcs: [2273716] numFixed: [2081914] time: [200]
STATS - lpIterations[1] lagIterations[103] sspIterations[4003] numSeparations[859] numCuts[0] compileTime[2] sspSolveTime[86] lpSolveTime[0] lb[7091.62] ub[7138.8] numArcs: [2273582] numFixed: [2127048] time: [217]
STATS - lpIterations[1] lagIterations[106] sspIterations[4122] numSeparations[946] numCuts[0] compileTime[2] sspSolveTime[89] lpSolveTime[0] lb[7097.89] ub[7138.8] numArcs: [2299901] numFixed: [2176640] time: [223]
switching from LAG to LP solver
num vars: 102802
STATS - lpIterations[2] lagIterations[114] sspIterations[4451] numSeparations[946] numCuts[0] compileTime[2] sspSolveTime[94] lpSolveTime[77] lb[7138.72] ub[7138.8] numArcs: [2299700] numFixed: [2201147] time: [315]
max violation: 0.2
new capacity cutset: 34 41 78 125 188 224 225 231 278 323 387 <= 9
new capacity cutset: 34 41 43 78 125 188 224 225 230 231 278 323 387 <= 11
new capacity cutset: 34 41 78 125 188 224 225 230 231 278 323 387 <= 10
new capacity cutset: 34 43 78 125 188 225 230 231 278 323 387 <= 9
routes: 
flow {1}: 0 17 326 214 355 117 247 162 320 168 283 289 158 104 227 
flow {1}: 0 374 32 62 39 67 65 396 307 264 
flow {1}: 0 5 160 337 330 143 215 46 147 153 89 166 258 
flow {1}: 0 23 371 38 333 111 194 363 251 316 276 142 
flow {1}: 0 33 255 29 157 212 169 237 28 
flow {1}: 0 49 298 87 70 302 201 25 96 353 
flow {1}: 0 51 181 389 1 116 127 245 242 259 
flow {1}: 0 56 141 252 370 274 138 170 4 190 275 
flow {1}: 0 63 213 121 233 173 161 50 383 261 131 
flow {1}: 0 73 265 380 85 328 177 95 30 
flow {1}: 0 80 315 221 284 351 58 356 134 107 
flow {1}: 0 92 266 165 308 146 268 79 
flow {1}: 0 94 54 180 179 386 379 312 246 81 197 84 
flow {1}: 0 97 375 149 101 7 257 300 13 15 
flow {1}: 0 102 69 222 159 304 71 113 211 59 253 
flow {1}: 0 105 155 395 361 272 306 377 124 2 347 376 
flow {1}: 0 114 44 348 235 388 281 129 263 176 137 384 
flow {1}: 0 126 115 331 398 66 277 325 368 37 20 
flow {1}: 0 186 154 381 202 342 309 118 21 346 45 
flow {1}: 0 189 174 390 271 244 57 48 345 98 250 234 
flow {1}: 0 267 364 340 373 167 148 378 164 367 391 
flow {1}: 0 286 88 217 209 185 10 152 336 
flow {1}: 0 287 31 362 108 248 171 243 239 192 128 27 
flow {1}: 0 290 182 236 61 218 11 369 110 35 223 240 
flow {1}: 0 291 52 16 314 136 317 22 399 132 311 241 
flow {1}: 0 292 226 109 172 26 350 282 352 40 183 123 75 228 
flow {1}: 0 301 139 280 392 36 191 349 344 91 130 372 
flow {1}: 0 303 144 24 93 229 204 295 103 220 122 
flow {1}: 0 322 151 270 193 19 55 120 294 
flow {1}: 0 324 156 133 210 382 338 256 205 
flow {0.2}: 0 332 310 339 262 400 8 319 260 
flow {0.4}: 0 332 310 339 262 400 8 319 260 43 230 224 41 
flow {0.4}: 0 332 310 339 262 400 8 319 260 43 34 224 41 
flow {1}: 0 334 216 358 195 285 18 238 297 329 
flow {1}: 0 335 385 199 82 296 359 254 293 60 53 313 86 
flow {1}: 0 343 269 64 208 100 145 318 106 163 
flow {1}: 0 357 77 74 394 68 14 288 6 178 327 
flow {1}: 0 360 198 12 9 47 299 305 219 249 
flow {1}: 0 366 150 83 354 206 99 184 175 3 
flow {0.2}: 0 387 278 78 231 188 125 225 323 43 
flow {0.6}: 0 387 278 78 231 188 125 225 323 34 230 
flow {0.2}: 0 387 278 78 231 188 125 225 323 224 41 
flow {1}: 0 393 112 135 140 279 90 196 321 76 
flow {1}: 0 397 72 203 365 273 341 207 187 200 119 232 42 
no more separations possible
num vars: 102802
STATS - lpIterations[3] lagIterations[114] sspIterations[4451] numSeparations[946] numCuts[4] compileTime[2] sspSolveTime[94] lpSolveTime[172] lb[7138.8] ub[7138.8] numArcs: [2299700] numFixed: [2201147] time: [411]
integral solution
routes: 
flow {1}: 0 17 326 214 355 117 247 162 320 168 283 289 158 104 227 
flow {1}: 0 374 32 62 39 67 65 396 307 264 
flow {1}: 0 5 160 337 330 143 215 46 147 153 89 166 258 
flow {1}: 0 23 371 38 333 111 194 363 251 316 276 142 
flow {1}: 0 33 255 29 157 212 169 237 28 
flow {1}: 0 49 298 87 70 302 201 25 96 353 
flow {1}: 0 51 181 389 1 116 127 245 242 259 
flow {1}: 0 56 141 252 370 274 138 170 4 190 275 
flow {1}: 0 63 213 121 233 173 161 50 383 261 131 
flow {1}: 0 73 265 380 85 328 177 95 30 
flow {1}: 0 80 315 221 284 351 58 356 134 107 
flow {1}: 0 92 266 165 308 146 268 79 
flow {1}: 0 94 54 180 179 386 379 312 246 81 197 84 
flow {1}: 0 97 375 149 101 7 257 300 13 15 
flow {1}: 0 102 69 222 159 304 71 113 211 59 253 
flow {1}: 0 105 155 395 361 272 306 377 124 2 347 376 
flow {1}: 0 114 44 348 235 388 281 129 263 176 137 384 
flow {1}: 0 126 115 331 398 66 277 325 368 37 20 
flow {1}: 0 186 154 381 202 342 309 118 21 346 45 
flow {1}: 0 189 174 390 271 244 57 48 345 98 250 234 
flow {1}: 0 267 364 340 373 167 148 378 164 367 391 
flow {1}: 0 286 88 217 209 185 10 152 336 
flow {1}: 0 287 31 362 108 248 171 243 239 192 128 27 
flow {1}: 0 290 182 236 61 218 11 369 110 35 223 240 
flow {1}: 0 291 52 16 314 136 317 22 399 132 311 241 
flow {1}: 0 292 226 109 172 26 350 282 352 40 183 123 75 228 
flow {1}: 0 301 139 280 392 36 191 349 344 91 130 372 
flow {1}: 0 303 144 24 93 229 204 295 103 220 122 
flow {1}: 0 322 151 270 193 19 55 120 294 
flow {1}: 0 324 156 133 210 382 338 256 205 
flow {1}: 0 332 310 339 262 400 8 319 260 43 230 41 
flow {1}: 0 334 216 358 195 285 18 238 297 329 
flow {1}: 0 335 385 199 82 296 359 254 293 60 53 313 86 
flow {1}: 0 343 269 64 208 100 145 318 106 163 
flow {1}: 0 357 77 74 394 68 14 288 6 178 327 
flow {1}: 0 360 198 12 9 47 299 305 219 249 
flow {1}: 0 366 150 83 354 206 99 184 175 3 
flow {1}: 0 387 278 78 231 188 125 225 323 34 224 
flow {1}: 0 393 112 135 140 279 90 196 321 76 
flow {1}: 0 397 72 203 365 273 341 207 187 200 119 232 42 
no more separations possible
no more separations or cuts possible
STATS - lpIterations[3] lagIterations[114] sspIterations[4451] numSeparations[946] numCuts[4] compileTime[2] sspSolveTime[94] lpSolveTime[172] lb[7138.8] ub[7138.8] numArcs: [2299700] numFixed: [2201147] time: [411]
finished solving - complete
time elapsed: 411
