do not relax capacity constraint
instance upper bound: 13617.5
compiling DD
time step mult: 10
time step: 900
cap step: 1
done compiling DD
batch size for lag: 100
iteration delay to start separating: 0
optimality gap to start repairing: 100
percent fixed to change to CPLEX: 97.5
num arcs to change to CPLEX: 100000
num arcs to change to LAG: 999999999
STATS - lpIterations[0] lagIterations[0] sspIterations[0] numSeparations[0] numCuts[0] compileTime[138] sspSolveTime[0] lpSolveTime[0] lb[0] ub[13617.5] numArcs: [24642215] numFixed: [0] time: [138]
STATS - lpIterations[1] lagIterations[0] sspIterations[0] numSeparations[0] numCuts[0] compileTime[138] sspSolveTime[0] lpSolveTime[0] lb[0] ub[13617.5] numArcs: [24642215] numFixed: [0] time: [138]
STATS - lpIterations[1] lagIterations[1] sspIterations[1] numSeparations[0] numCuts[0] compileTime[138] sspSolveTime[0] lpSolveTime[0] lb[11669.9] ub[13617.5] numArcs: [24642215] numFixed: [0] time: [139]
STATS - lpIterations[1] lagIterations[2] sspIterations[2] numSeparations[0] numCuts[0] compileTime[138] sspSolveTime[1] lpSolveTime[0] lb[12230.3] ub[13617.5] numArcs: [24642215] numFixed: [0] time: [141]
STATS - lpIterations[1] lagIterations[3] sspIterations[187] numSeparations[0] numCuts[0] compileTime[138] sspSolveTime[22] lpSolveTime[0] lb[12678] ub[13617.5] numArcs: [24639818] numFixed: [0] time: [181]
STATS - lpIterations[1] lagIterations[4] sspIterations[266] numSeparations[186] numCuts[0] compileTime[138] sspSolveTime[29] lpSolveTime[0] lb[12701.9] ub[13617.5] numArcs: [24992701] numFixed: [0] time: [204]
STATS - lpIterations[1] lagIterations[6] sspIterations[407] numSeparations[294] numCuts[0] compileTime[138] sspSolveTime[48] lpSolveTime[0] lb[12772.3] ub[13617.5] numArcs: [25109211] numFixed: [155125] time: [249]
STATS - lpIterations[1] lagIterations[7] sspIterations[426] numSeparations[399] numCuts[0] compileTime[138] sspSolveTime[52] lpSolveTime[0] lb[12784.6] ub[13617.5] numArcs: [25265233] numFixed: [188892] time: [254]
STATS - lpIterations[1] lagIterations[7] sspIterations[426] numSeparations[399] numCuts[0] compileTime[138] sspSolveTime[52] lpSolveTime[0] lb[12786.2] ub[13617.5] numArcs: [25265233] numFixed: [188892] time: [261]
STATS - lpIterations[1] lagIterations[8] sspIterations[687] numSeparations[399] numCuts[0] compileTime[138] sspSolveTime[88] lpSolveTime[0] lb[12888.5] ub[13617.5] numArcs: [25262471] numFixed: [188892] time: [323]
STATS - lpIterations[1] lagIterations[9] sspIterations[796] numSeparations[660] numCuts[0] compileTime[138] sspSolveTime[103] lpSolveTime[0] lb[12915.3] ub[13617.5] numArcs: [25568726] numFixed: [248613] time: [358]
STATS - lpIterations[1] lagIterations[11] sspIterations[992] numSeparations[760] numCuts[0] compileTime[138] sspSolveTime[130] lpSolveTime[0] lb[12928.4] ub[13617.5] numArcs: [25648838] numFixed: [254397] time: [418]
STATS - lpIterations[1] lagIterations[12] sspIterations[1033] numSeparations[939] numCuts[0] compileTime[138] sspSolveTime[137] lpSolveTime[0] lb[12930.6] ub[13617.5] numArcs: [25832956] numFixed: [269329] time: [441]
STATS - lpIterations[1] lagIterations[16] sspIterations[1563] numSeparations[1300] numCuts[0] compileTime[138] sspSolveTime[225] lpSolveTime[0] lb[12946.6] ub[13617.5] numArcs: [26155241] numFixed: [299330] time: [608]
STATS - lpIterations[1] lagIterations[17] sspIterations[1611] numSeparations[1446] numCuts[0] compileTime[138] sspSolveTime[233] lpSolveTime[0] lb[12949.7] ub[13617.5] numArcs: [26274001] numFixed: [307372] time: [633]
STATS - lpIterations[1] lagIterations[20] sspIterations[2030] numSeparations[1619] numCuts[0] compileTime[138] sspSolveTime[306] lpSolveTime[0] lb[12999.3] ub[13617.5] numArcs: [26417467] numFixed: [312649] time: [771]
STATS - lpIterations[1] lagIterations[21] sspIterations[2148] numSeparations[1855] numCuts[0] compileTime[138] sspSolveTime[326] lpSolveTime[0] lb[13012.7] ub[13617.5] numArcs: [26604489] numFixed: [328702] time: [815]
STATS - lpIterations[1] lagIterations[27] sspIterations[2839] numSeparations[2277] numCuts[0] compileTime[138] sspSolveTime[453] lpSolveTime[0] lb[13028.1] ub[13617.5] numArcs: [26940542] numFixed: [335019] time: [1059]
STATS - lpIterations[1] lagIterations[28] sspIterations[2961] numSeparations[2532] numCuts[0] compileTime[138] sspSolveTime[473] lpSolveTime[0] lb[13044] ub[13617.5] numArcs: [27149253] numFixed: [348013] time: [1107]
STATS - lpIterations[1] lagIterations[38] sspIterations[4087] numSeparations[3421] numCuts[0] compileTime[138] sspSolveTime[683] lpSolveTime[0] lb[13058.5] ub[13617.5] numArcs: [27797711] numFixed: [365122] time: [1542]
STATS - lpIterations[1] lagIterations[44] sspIterations[4711] numSeparations[3912] numCuts[0] compileTime[138] sspSolveTime[807] lpSolveTime[0] lb[13071.5] ub[13617.5] numArcs: [28127051] numFixed: [368947] time: [1805]
STATS - lpIterations[1] lagIterations[55] sspIterations[5789] numSeparations[4695] numCuts[0] compileTime[138] sspSolveTime[1031] lpSolveTime[0] lb[13074] ub[13617.5] numArcs: [28651240] numFixed: [374310] time: [2283]
STATS - lpIterations[1] lagIterations[60] sspIterations[6298] numSeparations[5053] numCuts[0] compileTime[138] sspSolveTime[1131] lpSolveTime[0] lb[13086.5] ub[13617.5] numArcs: [28882285] numFixed: [375922] time: [2505]
STATS - lpIterations[1] lagIterations[62] sspIterations[6534] numSeparations[5053] numCuts[0] compileTime[138] sspSolveTime[1185] lpSolveTime[0] lb[13094.4] ub[13617.5] numArcs: [28881608] numFixed: [378406] time: [2608]
STATS - lpIterations[1] lagIterations[63] sspIterations[6626] numSeparations[5282] numCuts[0] compileTime[138] sspSolveTime[1202] lpSolveTime[0] lb[13105.2] ub[13617.5] numArcs: [29021490] numFixed: [375922] time: [2651]
STATS - lpIterations[1] lagIterations[76] sspIterations[7869] numSeparations[6164] numCuts[0] compileTime[138] sspSolveTime[1462] lpSolveTime[0] lb[13110] ub[13617.5] numArcs: [29560955] numFixed: [379462] time: [3220]
STATS - lpIterations[1] lagIterations[88] sspIterations[8854] numSeparations[6817] numCuts[0] compileTime[138] sspSolveTime[1674] lpSolveTime[0] lb[13110.3] ub[13617.5] numArcs: [29944812] numFixed: [381515] time: [3710]
STATS - lpIterations[1] lagIterations[97] sspIterations[9536] numSeparations[7267] numCuts[0] compileTime[138] sspSolveTime[1812] lpSolveTime[0] lb[13111.4] ub[13617.5] numArcs: [30195293] numFixed: [382015] time: [4042]
STATS - lpIterations[1] lagIterations[102] sspIterations[9994] numSeparations[7512] numCuts[0] compileTime[138] sspSolveTime[1909] lpSolveTime[0] lb[13113] ub[13617.5] numArcs: [30339498] numFixed: [382604] time: [4254]
STATS - lpIterations[1] lagIterations[103] sspIterations[10046] numSeparations[7512] numCuts[0] compileTime[138] sspSolveTime[1919] lpSolveTime[0] lb[13114.4] ub[13617.5] numArcs: [30339460] numFixed: [389754] time: [4265]
STATS - lpIterations[1] lagIterations[103] sspIterations[10046] numSeparations[7512] numCuts[0] compileTime[138] sspSolveTime[1919] lpSolveTime[0] lb[13116.6] ub[13617.5] numArcs: [30339460] numFixed: [389754] time: [4285]
STATS - lpIterations[1] lagIterations[113] sspIterations[10978] numSeparations[8161] numCuts[0] compileTime[138] sspSolveTime[2118] lpSolveTime[0] lb[13117.5] ub[13617.5] numArcs: [30705236] numFixed: [382604] time: [4727]
STATS - lpIterations[1] lagIterations[116] sspIterations[11154] numSeparations[8282] numCuts[0] compileTime[138] sspSolveTime[2155] lpSolveTime[0] lb[13121.4] ub[13617.5] numArcs: [30775277] numFixed: [382604] time: [4814]
STATS - lpIterations[1] lagIterations[117] sspIterations[11322] numSeparations[8282] numCuts[0] compileTime[138] sspSolveTime[2192] lpSolveTime[0] lb[13121.8] ub[13617.5] numArcs: [30774927] numFixed: [391506] time: [4897]
STATS - lpIterations[1] lagIterations[118] sspIterations[11400] numSeparations[8419] numCuts[0] compileTime[138] sspSolveTime[2206] lpSolveTime[0] lb[13132.2] ub[13617.5] numArcs: [30853978] numFixed: [383773] time: [4937]
STATS - lpIterations[1] lagIterations[127] sspIterations[12010] numSeparations[8787] numCuts[0] compileTime[138] sspSolveTime[2330] lpSolveTime[0] lb[13133.9] ub[13617.5] numArcs: [31039866] numFixed: [383773] time: [5238]
STATS - lpIterations[1] lagIterations[127] sspIterations[12010] numSeparations[8787] numCuts[0] compileTime[138] sspSolveTime[2330] lpSolveTime[0] lb[13137.9] ub[13617.5] numArcs: [31039866] numFixed: [383773] time: [5260]
STATS - lpIterations[1] lagIterations[134] sspIterations[12633] numSeparations[9005] numCuts[0] compileTime[138] sspSolveTime[2465] lpSolveTime[0] lb[13146.8] ub[13617.5] numArcs: [31150163] numFixed: [389015] time: [5563]
STATS - lpIterations[1] lagIterations[135] sspIterations[12703] numSeparations[9178] numCuts[0] compileTime[138] sspSolveTime[2480] lpSolveTime[0] lb[13156] ub[13617.5] numArcs: [31243841] numFixed: [384327] time: [5604]
STATS - lpIterations[1] lagIterations[162] sspIterations[14690] numSeparations[10271] numCuts[0] compileTime[138] sspSolveTime[2915] lpSolveTime[0] lb[13158.2] ub[13617.5] numArcs: [31803753] numFixed: [385251] time: [6704]
STATS - lpIterations[1] lagIterations[170] sspIterations[15309] numSeparations[10611] numCuts[0] compileTime[138] sspSolveTime[3047] lpSolveTime[0] lb[13160.8] ub[13617.5] numArcs: [31978409] numFixed: [385251] time: [7044]
STATS - lpIterations[1] lagIterations[173] sspIterations[15609] numSeparations[10611] numCuts[0] compileTime[138] sspSolveTime[3121] lpSolveTime[0] lb[13169.2] ub[13617.5] numArcs: [31977926] numFixed: [415432] time: [7196]
STATS - lpIterations[1] lagIterations[174] sspIterations[15695] numSeparations[10810] numCuts[0] compileTime[138] sspSolveTime[3139] lpSolveTime[0] lb[13176.1] ub[13617.5] numArcs: [32077250] numFixed: [424524] time: [7247]
STATS - lpIterations[1] lagIterations[191] sspIterations[17005] numSeparations[11499] numCuts[0] compileTime[138] sspSolveTime[3435] lpSolveTime[0] lb[13180.9] ub[13617.5] numArcs: [32422528] numFixed: [432767] time: [7969]
STATS - lpIterations[1] lagIterations[197] sspIterations[17479] numSeparations[11746] numCuts[0] compileTime[138] sspSolveTime[3547] lpSolveTime[0] lb[13182.4] ub[13617.5] numArcs: [32538505] numFixed: [439466] time: [8239]
STATS - lpIterations[1] lagIterations[209] sspIterations[18411] numSeparations[12104] numCuts[0] compileTime[138] sspSolveTime[3756] lpSolveTime[0] lb[13184.1] ub[13617.5] numArcs: [32701160] numFixed: [442306] time: [8765]
STATS - lpIterations[1] lagIterations[210] sspIterations[18473] numSeparations[12269] numCuts[0] compileTime[138] sspSolveTime[3770] lpSolveTime[0] lb[13187.5] ub[13617.5] numArcs: [32787440] numFixed: [444942] time: [8812]
STATS - lpIterations[1] lagIterations[218] sspIterations[19119] numSeparations[12589] numCuts[0] compileTime[138] sspSolveTime[3948] lpSolveTime[0] lb[13192] ub[13617.5] numArcs: [32952414] numFixed: [451191] time: [9262]
STATS - lpIterations[1] lagIterations[224] sspIterations[19597] numSeparations[12833] numCuts[0] compileTime[138] sspSolveTime[4082] lpSolveTime[0] lb[13192.5] ub[13617.5] numArcs: [33068210] numFixed: [460259] time: [9602]
STATS - lpIterations[1] lagIterations[231] sspIterations[20204] numSeparations[13151] numCuts[0] compileTime[138] sspSolveTime[4250] lpSolveTime[0] lb[13193.7] ub[13617.5] numArcs: [33225306] numFixed: [460260] time: [10016]
STATS - lpIterations[1] lagIterations[255] sspIterations[22060] numSeparations[14096] numCuts[0] compileTime[138] sspSolveTime[4766] lpSolveTime[0] lb[13196.1] ub[13617.5] numArcs: [33684864] numFixed: [460273] time: [11373]
STATS - lpIterations[1] lagIterations[262] sspIterations[22554] numSeparations[14213] numCuts[0] compileTime[138] sspSolveTime[4916] lpSolveTime[0] lb[13207.4] ub[13617.5] numArcs: [33733584] numFixed: [460274] time: [11768]
STATS - lpIterations[1] lagIterations[263] sspIterations[22645] numSeparations[14364] numCuts[0] compileTime[138] sspSolveTime[4942] lpSolveTime[0] lb[13211.4] ub[13617.5] numArcs: [33804338] numFixed: [494066] time: [11838]
STATS - lpIterations[1] lagIterations[270] sspIterations[23255] numSeparations[14684] numCuts[0] compileTime[138] sspSolveTime[5122] lpSolveTime[0] lb[13214.9] ub[13617.5] numArcs: [33969862] numFixed: [503950] time: [12278]
STATS - lpIterations[1] lagIterations[286] sspIterations[24534] numSeparations[15310] numCuts[0] compileTime[138] sspSolveTime[5500] lpSolveTime[0] lb[13216.5] ub[13617.5] numArcs: [34265537] numFixed: [517496] time: [13242]
STATS - lpIterations[1] lagIterations[329] sspIterations[27672] numSeparations[16690] numCuts[0] compileTime[138] sspSolveTime[6407] lpSolveTime[0] lb[13221.7] ub[13617.5] numArcs: [34883008] numFixed: [523925] time: [15662]
STATS - lpIterations[1] lagIterations[330] sspIterations[27745] numSeparations[16790] numCuts[0] compileTime[138] sspSolveTime[6428] lpSolveTime[0] lb[13223.9] ub[13617.5] numArcs: [34923681] numFixed: [541779] time: [15725]
STATS - lpIterations[1] lagIterations[371] sspIterations[30594] numSeparations[18041] numCuts[0] compileTime[138] sspSolveTime[7273] lpSolveTime[0] lb[13225.8] ub[13617.5] numArcs: [35477220] numFixed: [550804] time: [18039]
STATS - lpIterations[1] lagIterations[377] sspIterations[31075] numSeparations[18169] numCuts[0] compileTime[138] sspSolveTime[7416] lpSolveTime[0] lb[13229.1] ub[13617.5] numArcs: [35538644] numFixed: [552142] time: [18451]
