flexible number of vehicles
capacity: 974
instance upper bound: 24145
route length upper bound: 186
compiling DD
time step mult: 1
time step: 10
cap step: 1
done compiling DD
batch size for lag: 1
deactivate cut value threshold: 0.01
deactivate cut iter threshold: 25
lag optimality gap to start repairing: 25
percent arcs fixed to change to CPLEX: 97.5
number arcs fixed to change to CPLEX: 100000
kappa iterations: 100
var fixing: 1
muSSP: 1
repairDuals: 1
robustCuts: 1
nonRobustCuts: 1
volume algo: 0
phases: 0
STATS - lpIterations[0] lagIterations[0] sspIterations[0] numSeparations[0] numCuts[0] compileTime[869] sspSolveTime[0] lpSolveTime[0] lb[0] ub[24145] numArcs: [50356934] numFixed: [0] time: [869]
STATS1 - lpIterations[0] lagIterations[0] sspIterations[0] numSeparations[0] numCuts[0] compileTime[869] sspSolveTime[0] lpSolveTime[0] repairTime[0] cutsTime[0] lb[0] ub[24145] numArcs: [50356934] numFixed: [0] time: [869]
STATS - lpIterations[1] lagIterations[0] sspIterations[0] numSeparations[0] numCuts[0] compileTime[869] sspSolveTime[0] lpSolveTime[0] lb[0] ub[24145] numArcs: [50356934] numFixed: [0] time: [869]
STATS1 - lpIterations[1] lagIterations[0] sspIterations[0] numSeparations[0] numCuts[0] compileTime[869] sspSolveTime[0] lpSolveTime[0] repairTime[0] cutsTime[0] lb[0] ub[24145] numArcs: [50356934] numFixed: [0] time: [869]
STATS - lpIterations[1] lagIterations[1] sspIterations[1] numSeparations[0] numCuts[0] compileTime[869] sspSolveTime[16] lpSolveTime[0] lb[17568.2] ub[24145] numArcs: [50356934] numFixed: [0] time: [886]
STATS1 - lpIterations[1] lagIterations[1] sspIterations[1] numSeparations[0] numCuts[0] compileTime[869] sspSolveTime[16] lpSolveTime[0] repairTime[0] cutsTime[0] lb[17568.2] ub[24145] numArcs: [50356934] numFixed: [0] time: [886]
lambda: 0,130.83,18.0821,179.384,41.54,101.643,150.025,144.343,60.5749,44.6735,97.731,89.5688,82.5092,5.17454,27.037,100.682,68.4209,209.433,80.5339,67.8604,102.485,99.2526,49.4538,191.573,24.1581,142.522,16.1335,127.294,4.33676,78.3737,23.039,149.815,101.756,54.6674,114.528,60.9487,203.569,61.499,60.5359,127.577,116.982,72.1766,35.5729,70.9076,131.39,102.622,140.099,54.4148,130.261,25.2485,96.4476,157.749,155.255,79.0041,127.31,124.485,154.53,168.772,21.9918,79.7639,8.01027,184.918,103.825,101.027,66.8583,67.3101,102.32,38.4209,13.3409,23.8337,91.2033,91.6324,39.614,26.2423,75.2895,185.491,125.088,34.9569,127.567,194.199,236.045,111.776,121.602,98.193,102.916,18.7433,29.5524,67.9097,53.0924,125.741,141.043,128.953,125.014,23.6797,112.885,88.6653,129.774,96.6242,143.094,130.801,163.031,148.587,119.097,91.5318,59.8214,169.207,168.24,16.8378,49.6509,145.721,121.164,24.1314,155.051,91.9918,104.329,180.559,101.507,70.9528,147.493,58.768,91.5462,60.846,110.218,59.9877,18.8501,118.743,39.614,94.0965,62.3101,79.5031,103.729,124.296,74.5133,126.086,120.493,71.0883,108.464,138.382,124.92,149.579,43.46,109.497,179.298,52.4641,87.4743,128.337,120.115,104.805,63.7577,218.897,158.932,150.955,35.269,32.5667,85.7002,14.9815,191.698,170.883,37.2238,57.7618,165.7,118.739,84.115,93.8316,47.1253,70.8111,44.3696,152.361,90.0205,118.407,83.384,9.24025,4.87885,40.4333,151.129,59.1376,12.0123,55.9836,115.977,147.055,132.912,44.2936,32.3614,48.4476,54.1602,94.8665,
mu: 
srcDuals: 
alpha: 4.72671
psiStar: 18437.9
lagLB: 17568.2
||gamma||^2: 184
fixing. lower bound used: 17506.6
percent fixed: 0.00588002
updating best lambda arc fixing
fixing. lower bound used: 17506.6
STATS - lpIterations[1] lagIterations[2] sspIterations[2] numSeparations[0] numCuts[0] compileTime[869] sspSolveTime[33] lpSolveTime[0] lb[18437.9] ub[24145] numArcs: [50356934] numFixed: [3145] time: [1604]
STATS1 - lpIterations[1] lagIterations[2] sspIterations[2] numSeparations[0] numCuts[0] compileTime[869] sspSolveTime[33] lpSolveTime[0] repairTime[16] cutsTime[0] lb[18437.9] ub[24145] numArcs: [50356934] numFixed: [3145] time: [1604]
lambda: 0,135.556,22.8088,184.111,46.2667,106.369,154.751,149.07,65.3017,49.4002,102.458,94.2955,87.2359,9.90124,31.7637,105.408,73.1477,214.16,85.2606,72.5871,107.211,103.979,54.1805,196.3,28.8848,147.248,20.8602,132.02,4.33676,83.1004,27.7657,154.542,106.482,59.3941,119.254,65.6754,208.295,66.2257,65.2626,132.304,121.708,76.9033,40.2996,75.6343,136.117,107.349,144.825,59.1415,134.987,29.9752,101.174,162.476,159.981,83.7308,132.037,129.211,159.256,173.499,26.7185,84.4906,12.737,189.645,108.552,105.753,71.585,72.0368,107.047,43.1477,18.0676,28.5604,95.93,96.3592,44.3407,30.969,80.0162,190.217,129.815,39.6836,132.293,198.926,240.772,116.503,126.328,102.92,107.643,23.47,34.2791,72.6364,57.8191,130.468,145.77,133.679,129.741,28.4064,117.612,93.392,134.501,101.351,147.821,135.528,167.758,153.314,123.823,96.2585,64.5481,173.934,172.967,21.5645,54.3776,150.447,125.891,28.8581,159.778,96.7185,109.055,185.285,106.234,75.6795,152.22,63.4947,96.2729,65.5727,114.944,64.7144,23.5768,123.47,44.3407,98.8232,67.0368,84.2298,108.456,129.022,79.2401,130.813,125.22,75.815,113.191,143.109,129.647,154.306,48.1867,114.224,184.024,57.1908,92.201,133.063,124.842,109.532,68.4844,223.624,163.659,155.682,39.9957,37.2934,90.4269,19.7082,196.425,175.61,41.9505,62.4885,170.427,123.466,88.8417,98.5583,51.852,75.5378,49.0963,157.088,94.7472,123.133,88.1107,13.967,9.60556,45.16,155.856,63.8643,16.739,60.7103,120.704,151.782,137.638,49.0203,37.0881,53.1743,58.8869,99.5932,
mu: 
srcDuals: 
alpha: 4.91207
psiStar: 19341.8
lagLB: 18437.9
||gamma||^2: 184
fixing. lower bound used: 18376.3
percent fixed: 0.00624542
updating best lambda arc fixing
fixing. lower bound used: 18376.3
STATS - lpIterations[1] lagIterations[3] sspIterations[3] numSeparations[0] numCuts[0] compileTime[869] sspSolveTime[57] lpSolveTime[0] lb[19289] ub[24145] numArcs: [50356919] numFixed: [3145] time: [2328]
STATS1 - lpIterations[1] lagIterations[3] sspIterations[3] numSeparations[0] numCuts[0] compileTime[869] sspSolveTime[57] lpSolveTime[0] repairTime[32] cutsTime[0] lb[19289] ub[24145] numArcs: [50356919] numFixed: [3145] time: [2328]
lambda: 0,140.468,27.7209,189.023,51.1788,111.281,159.663,153.982,70.2137,54.3123,107.37,99.2076,92.148,14.8133,36.6757,110.32,78.0597,219.072,90.1727,77.4991,112.123,108.891,59.0926,201.212,33.7969,152.16,25.7722,136.932,4.33676,88.0125,32.6778,159.454,111.394,64.3061,124.166,70.5874,213.208,71.1377,70.1747,137.216,126.62,81.8154,45.2117,80.5464,141.029,112.261,149.737,64.0536,139.9,34.8872,106.086,167.388,164.893,88.6429,136.949,134.123,164.169,178.411,31.6306,89.4026,17.649,194.557,113.464,110.665,76.4971,76.9488,111.959,48.0597,22.9796,33.4725,100.842,101.271,49.2527,35.8811,84.9283,195.13,134.727,44.5957,137.206,203.838,245.684,121.415,131.24,107.832,112.555,28.3821,39.1911,77.5484,62.7312,135.38,150.682,138.592,134.653,33.3184,122.524,98.3041,139.413,106.263,152.733,140.44,172.67,158.226,128.735,101.171,69.4601,178.846,177.879,26.4766,59.2897,155.36,130.803,33.7702,164.69,101.631,113.967,190.197,111.146,80.5915,157.132,68.4067,101.185,70.4848,119.856,69.6265,28.4889,128.382,49.2527,103.735,71.9488,89.1419,113.368,133.934,84.1521,135.725,130.132,80.7271,118.103,148.021,134.559,159.218,53.0987,119.136,188.937,62.1028,97.1131,137.976,129.754,114.444,73.3965,228.536,168.571,160.594,44.9078,42.2055,95.339,24.6203,201.337,180.522,46.8626,67.4006,175.339,128.378,93.7538,103.47,56.764,80.4499,54.0084,162,99.6593,128.045,93.0228,18.879,14.5176,50.072,160.768,68.7764,21.6511,65.6223,125.616,156.694,142.55,53.9324,42.0002,58.0864,63.7989,104.505,
mu: 
srcDuals: 
alpha: 3.85334
psiStar: 20225.4
lagLB: 19289
||gamma||^2: 243
fixing. lower bound used: 19280.1
percent fixed: 0.00624541
fixing. lower bound used: 18376.3
STATS - lpIterations[1] lagIterations[4] sspIterations[5] numSeparations[1] numCuts[0] compileTime[869] sspSolveTime[80] lpSolveTime[0] lb[19934.3] ub[24145] numArcs: [50357092] numFixed: [2961] time: [3052]
STATS1 - lpIterations[1] lagIterations[4] sspIterations[5] numSeparations[1] numCuts[0] compileTime[869] sspSolveTime[80] lpSolveTime[0] repairTime[48] cutsTime[0] lb[19934.3] ub[24145] numArcs: [50357092] numFixed: [2961] time: [3052]
lambda: 0,144.322,31.5742,192.876,55.0322,115.135,163.517,157.835,74.0671,58.1656,111.223,103.061,96.0014,18.6666,40.5291,114.174,81.9131,222.925,94.026,81.3525,115.977,112.745,62.9459,205.065,37.6502,156.014,29.6256,140.786,8.19009,91.8658,9.55777,163.307,115.248,68.1595,128.02,74.4408,217.061,74.9911,74.028,141.069,130.474,85.6687,49.065,84.3997,144.882,116.114,153.591,67.9069,143.753,38.7406,109.94,171.242,168.747,92.4962,140.802,137.977,168.022,182.264,35.4839,93.256,21.5024,198.41,117.318,114.519,80.3504,80.8022,115.812,51.9131,26.833,37.3258,104.695,105.125,53.1061,39.7344,88.7816,198.983,138.58,48.449,141.059,207.691,249.537,125.268,135.094,111.685,116.408,32.2354,43.0445,81.4018,66.5845,139.233,154.535,142.445,138.506,33.3184,126.377,102.157,143.266,110.116,156.587,144.293,176.523,162.079,132.589,105.024,73.3135,182.7,181.732,30.3299,63.143,159.213,134.656,37.6235,168.543,105.484,117.821,194.051,114.999,84.4449,160.985,72.2601,105.038,74.3381,123.71,73.4798,32.3422,132.235,53.1061,107.589,75.8022,92.9952,117.221,137.788,88.0055,139.578,133.985,84.5804,121.956,151.874,138.412,163.071,56.9521,122.989,192.79,65.9562,100.966,141.829,133.607,118.297,77.2498,232.389,172.424,164.447,48.7611,46.0588,99.1923,28.4736,205.19,184.375,50.7159,71.2539,179.192,132.231,97.6071,107.324,60.6174,84.3032,57.8617,165.854,103.513,131.899,96.8761,22.7324,18.371,53.9254,164.621,72.6297,25.5044,69.4757,129.47,160.548,146.404,57.7857,22.7335,61.9397,67.6523,108.359,
mu: 
srcDuals: 
alpha: 2.77792
psiStar: 20892.7
lagLB: 19934.3
||gamma||^2: 345
STATS - lpIterations[1] lagIterations[4] sspIterations[5] numSeparations[1] numCuts[0] compileTime[869] sspSolveTime[80] lpSolveTime[0] lb[19938.2] ub[24145] numArcs: [50357092] numFixed: [2961] time: [3095]
STATS1 - lpIterations[1] lagIterations[4] sspIterations[5] numSeparations[1] numCuts[0] compileTime[869] sspSolveTime[80] lpSolveTime[0] repairTime[64] cutsTime[0] lb[19938.2] ub[24145] numArcs: [50357092] numFixed: [2961] time: [3095]
lambda: 0,147.1,34.3522,195.654,57.8101,117.913,138.516,160.613,76.845,60.9435,108.445,105.839,98.7793,21.4446,43.307,116.952,84.691,225.703,96.8039,84.1304,118.755,115.523,65.7238,207.843,40.4281,158.792,32.4035,143.564,10.968,94.6437,12.3357,166.085,118.026,70.9374,130.798,77.2187,219.839,77.769,76.806,143.847,133.252,88.4466,51.8429,87.1776,147.66,118.892,156.369,70.6848,146.531,41.5185,112.718,174.02,171.525,95.2741,143.58,140.755,170.8,185.042,38.2618,96.0339,24.2803,201.188,120.095,117.297,83.1283,83.5801,118.59,54.691,29.6109,40.1037,107.473,107.902,55.884,42.5123,91.5596,201.761,141.358,51.2269,143.837,210.469,252.315,128.046,137.872,114.463,119.186,35.0134,45.8224,84.1797,69.3624,142.011,157.313,145.223,141.284,36.0964,129.155,104.935,146.044,112.894,159.364,147.071,179.301,164.857,135.367,107.802,76.0914,185.477,184.51,33.1078,65.921,161.991,137.434,40.4014,171.321,108.262,120.599,196.829,117.777,87.2228,163.763,75.038,107.816,77.116,126.488,76.2577,35.1201,135.013,55.884,110.367,78.5801,95.7731,119.999,140.566,90.7834,136.8,136.763,87.3583,124.734,154.652,141.19,165.849,59.73,125.767,195.568,68.7341,103.744,144.607,136.385,121.075,80.0277,235.167,175.202,167.225,51.539,48.8368,101.97,31.2515,207.968,187.153,53.4938,74.0318,154.191,135.009,100.385,110.102,63.3953,87.0811,60.6396,168.631,106.291,134.677,99.654,25.5103,21.1489,56.7033,167.399,75.4076,28.2823,72.2536,132.247,163.325,149.182,60.5637,25.5114,64.7177,70.4302,111.137,
mu: 
srcDuals: 
fixing. lower bound used: 19938.2
percent fixed: 0.00624539
fixing. lower bound used: 18376.3
STATS - lpIterations[1] lagIterations[5] sspIterations[6] numSeparations[3] numCuts[0] compileTime[869] sspSolveTime[107] lpSolveTime[0] lb[20404.4] ub[24145] numArcs: [50357631] numFixed: [2961] time: [3787]
STATS1 - lpIterations[1] lagIterations[5] sspIterations[6] numSeparations[3] numCuts[0] compileTime[869] sspSolveTime[107] lpSolveTime[0] repairTime[72] cutsTime[0] lb[20404.4] ub[24145] numArcs: [50357631] numFixed: [2961] time: [3787]
lambda: 0,147.1,34.3522,195.654,57.8101,117.913,138.516,160.613,76.845,60.9435,108.445,105.839,98.7793,21.4446,43.307,116.952,84.691,225.703,96.8039,84.1304,118.755,115.523,65.7238,207.843,40.4281,158.792,32.4035,143.564,10.968,94.6437,12.3357,166.085,118.026,70.9374,130.798,77.2187,219.839,77.769,76.806,143.847,133.252,88.4466,51.8429,87.1776,147.66,118.892,156.369,70.6848,146.531,41.5185,112.718,174.02,171.525,95.2741,143.58,140.755,170.8,185.042,38.2618,96.0339,24.2803,201.188,120.095,117.297,83.1283,83.5801,118.59,54.691,29.6109,40.1037,107.473,107.902,55.884,42.5123,91.5596,201.761,141.358,51.2269,143.837,210.469,252.315,128.046,137.872,114.463,119.186,35.0134,45.8224,84.1797,69.3624,142.011,157.313,145.223,141.284,36.0964,129.155,104.935,146.044,112.894,159.364,147.071,179.301,164.857,135.367,107.802,76.0914,185.477,184.51,33.1078,65.921,161.991,137.434,40.4014,171.321,108.262,120.599,196.829,117.777,87.2228,163.763,75.038,107.816,77.116,126.488,76.2577,35.1201,135.013,55.884,110.367,78.5801,95.7731,119.999,140.566,90.7834,136.8,136.763,87.3583,124.734,154.652,141.19,165.849,59.73,125.767,195.568,68.7341,103.744,144.607,136.385,121.075,80.0277,235.167,175.202,167.225,51.539,48.8368,101.97,31.2515,207.968,187.153,53.4938,74.0318,154.191,135.009,100.385,110.102,63.3953,87.0811,60.6396,168.631,106.291,134.677,99.654,25.5103,21.1489,56.7033,167.399,75.4076,28.2823,72.2536,132.247,163.325,149.182,60.5637,25.5114,64.7177,70.4302,111.137,
mu: 
srcDuals: 
alpha: 4.8582
psiStar: 21376.1
lagLB: 20404.4
||gamma||^2: 200
fixing. lower bound used: 20386.3
percent fixed: 0.00624532
fixing. lower bound used: 18376.3
STATS - lpIterations[1] lagIterations[6] sspIterations[28] numSeparations[4] numCuts[0] compileTime[869] sspSolveTime[243] lpSolveTime[0] lb[20978.2] ub[24145] numArcs: [50358022] numFixed: [2961] time: [4626]
STATS1 - lpIterations[1] lagIterations[6] sspIterations[28] numSeparations[4] numCuts[0] compileTime[869] sspSolveTime[243] lpSolveTime[0] repairTime[88] cutsTime[0] lb[20978.2] ub[24145] numArcs: [50358022] numFixed: [2961] time: [4626]
lambda: 0,151.958,39.2104,200.512,62.6683,122.771,143.374,165.471,81.7032,65.8017,113.303,110.697,103.637,26.3028,48.1652,121.81,89.5492,230.561,101.662,88.9886,123.613,120.381,70.582,212.701,45.2863,163.65,37.2617,148.422,15.8262,99.5019,17.1939,170.943,122.884,75.7956,135.656,82.0769,224.697,82.6272,81.6642,148.705,138.11,93.3048,56.7011,92.0358,152.518,123.75,161.227,75.543,151.389,26.9439,117.576,178.878,176.383,100.132,148.438,145.613,175.658,189.9,43.12,100.892,29.1385,206.046,124.954,122.155,87.9865,88.4383,123.449,59.5492,34.4691,44.9619,112.332,112.761,60.7422,47.3705,96.4178,206.619,146.217,56.0851,148.695,215.327,257.173,132.904,142.73,119.321,124.044,30.1552,50.6806,89.0379,74.2206,146.87,162.171,150.081,146.143,40.9546,134.013,109.794,150.902,117.752,164.223,151.929,184.159,169.715,140.225,112.66,80.9496,190.336,189.368,37.966,70.7792,166.849,142.292,45.2596,176.18,113.12,125.457,201.687,122.635,92.081,168.621,79.8962,112.674,81.9742,131.346,81.1159,39.9783,139.872,55.884,115.225,83.4383,100.631,124.857,145.424,95.6416,141.659,141.621,92.2165,129.592,159.51,146.048,170.707,64.5882,130.625,200.426,73.5923,108.603,149.465,141.243,125.933,84.8859,240.026,180.06,172.083,56.3972,53.695,106.828,36.1097,212.826,192.011,58.352,78.89,159.049,139.867,105.243,114.96,68.2535,91.9393,65.4978,173.49,111.149,139.535,104.512,20.6521,26.0071,42.1287,172.258,80.2658,33.1405,77.1118,137.106,168.184,154.04,65.4219,30.3696,69.5759,75.2884,115.995,
mu: 
srcDuals: 
alpha: 0.0910841
psiStar: 21967.7
lagLB: 20978.2
||gamma||^2: 10864
STATS - lpIterations[1] lagIterations[6] sspIterations[28] numSeparations[4] numCuts[0] compileTime[869] sspSolveTime[243] lpSolveTime[0] lb[21199.5] ub[24145] numArcs: [50358022] numFixed: [2961] time: [4709]
STATS1 - lpIterations[1] lagIterations[6] sspIterations[28] numSeparations[4] numCuts[0] compileTime[869] sspSolveTime[243] lpSolveTime[0] repairTime[145] cutsTime[0] lb[21199.5] ub[24145] numArcs: [50358022] numFixed: [2961] time: [4709]
lambda: 0,151.502,39.3014,200.603,62.7594,122.862,143.465,165.562,81.7943,65.8928,113.394,110.788,103.729,26.3028,48.2563,121.901,89.6403,230.653,101.389,89.0797,123.704,120.472,70.6731,212.792,45.3774,163.741,37.3528,148.513,15.8262,99.593,17.285,171.035,122.975,75.8867,135.747,82.168,224.788,82.7183,81.5731,148.796,138.019,93.2137,56.7922,91.9447,152.609,123.841,161.136,75.543,151.025,27.035,117.667,178.969,176.474,100.223,148.529,144.611,175.749,189.809,42.5735,100.983,29.2296,206.137,125.045,122.246,88.0776,88.5294,123.54,59.6403,33.4672,45.053,112.332,112.852,60.8333,47.4616,96.5088,206.71,140.751,56.1762,148.786,215.418,257.264,132.995,142.821,119.412,124.135,30.2462,50.7717,89.129,74.3117,146.961,162.262,150.172,146.234,41.0456,134.104,109.885,150.993,117.844,164.314,152.02,184.25,169.807,140.316,112.387,81.0407,190.427,189.46,38.0571,70.7792,166.94,142.384,45.1686,176.271,113.211,125.548,201.778,122.544,92.1721,168.712,79.9873,112.766,82.0653,131.437,81.1159,40.0694,139.689,55.9751,115.316,83.5294,100.722,124.948,145.515,95.7327,141.75,141.712,92.3076,129.683,158.781,146.139,170.798,64.6793,130.716,200.517,73.6834,108.147,149.556,139.877,125.204,84.8859,240.117,180.152,172.174,56.4883,53.786,106.92,34.8346,212.917,192.102,58.4431,78.9811,159.14,139.959,105.334,114.322,68.3446,91.9393,65.5889,173.581,111.24,132.612,104.512,20.7432,25.4606,42.2198,172.349,80.3569,31.501,77.2029,137.197,168.002,154.131,65.2397,30.4607,69.6669,75.3795,116.086,
mu: 
srcDuals: 
fixing. lower bound used: 21199.5
percent fixed: 0.00624519
fixing. lower bound used: 18376.3
alpha: 3.97152
psiStar: 22190.1
lagLB: 21193.3
||gamma||^2: 251
STATS - lpIterations[1] lagIterations[7] sspIterations[30] numSeparations[26] numCuts[0] compileTime[869] sspSolveTime[277] lpSolveTime[0] lb[21205.1] ub[24145] numArcs: [50371354] numFixed: [3145] time: [5453]
STATS1 - lpIterations[1] lagIterations[7] sspIterations[30] numSeparations[26] numCuts[0] compileTime[869] sspSolveTime[277] lpSolveTime[0] repairTime[169] cutsTime[0] lb[21205.1] ub[24145] numArcs: [50371354] numFixed: [3145] time: [5453]
lambda: 0,155.474,43.273,204.575,66.7309,126.834,147.436,169.534,85.7658,69.8643,117.366,114.76,107.7,26.3028,52.2278,125.873,93.6118,234.624,105.36,93.0512,127.675,124.443,74.6446,216.764,49.3489,167.712,41.3243,152.484,19.7977,103.565,21.2565,175.006,126.946,79.8582,139.719,86.1395,228.76,86.6898,85.5446,152.768,141.99,97.1853,60.7637,95.9163,156.581,127.813,165.107,79.5145,154.996,31.0065,121.638,182.94,180.445,104.195,152.501,148.582,179.721,193.781,30.659,104.955,33.2011,210.109,129.016,126.218,92.0491,92.5009,127.511,63.6118,13.6096,49.0245,116.303,116.823,64.8048,51.4331,100.48,210.682,144.723,60.1477,152.758,219.39,261.236,136.967,146.792,123.384,128.107,34.2178,54.7432,93.1005,78.2832,150.932,166.234,154.144,150.205,45.0172,138.076,113.856,154.965,121.815,168.285,155.992,188.222,173.778,144.287,116.358,85.0122,194.398,193.431,42.0286,74.7507,170.912,146.355,49.1401,180.242,117.183,129.519,205.749,126.516,96.1436,172.684,83.9588,116.737,86.0368,135.408,85.0874,44.0409,143.661,59.9466,119.287,87.5009,104.694,128.92,149.487,99.7042,145.721,145.684,96.2791,133.655,162.753,150.111,174.77,68.6508,134.688,204.489,77.6549,112.119,153.528,143.848,129.176,88.8574,244.088,184.123,176.146,60.4598,57.7576,110.891,22.92,216.889,196.074,62.4146,82.9526,163.112,143.93,109.306,118.294,72.3161,95.9108,69.5604,177.552,115.211,136.584,108.484,24.7147,17.5175,46.1913,176.32,84.3284,11.6435,81.1744,141.168,171.973,158.103,69.2112,34.4322,73.6385,79.351,120.057,
mu: 
srcDuals: 
fixing. lower bound used: 21205.1
percent fixed: 0.00660882
updating best lambda arc fixing
fixing. lower bound used: 21205.1
alpha: 0.0771767
psiStar: 22186.8
lagLB: 20678.6
||gamma||^2: 19543
STATS - lpIterations[1] lagIterations[8] sspIterations[82] numSeparations[28] numCuts[0] compileTime[869] sspSolveTime[871] lpSolveTime[0] lb[21759] ub[24145] numArcs: [50371712] numFixed: [3145] time: [6794]
STATS1 - lpIterations[1] lagIterations[8] sspIterations[82] numSeparations[28] numCuts[0] compileTime[869] sspSolveTime[871] lpSolveTime[0] repairTime[234] cutsTime[0] lb[21759] ub[24145] numArcs: [50371712] numFixed: [3145] time: [6794]
lambda: 0,151.769,43.273,204.652,66.808,126.911,147.513,169.611,85.843,69.9415,117.443,114.837,107.777,26.3799,52.305,125.487,93.6889,234.701,103.971,93.1284,127.753,124.521,74.4903,216.841,49.4261,167.79,41.3243,152.562,19.8749,103.642,21.3337,175.006,127.024,79.9354,139.796,86.2167,228.837,86.5354,84.1554,152.845,141.373,95.9504,60.7637,93.6781,156.658,127.89,164.644,79.5145,154.456,31.0837,121.716,181.011,180.523,104.272,152.578,147.888,179.798,193.318,30.7361,104.955,33.2011,210.186,129.093,126.295,92.1263,92.5781,127.588,63.6118,13.6868,48.793,116.303,116.9,64.7276,51.5103,100.558,210.759,142.022,60.2249,152.835,219.39,261.313,137.044,146.87,122.998,128.184,34.2949,54.7432,93.0233,78.2832,151.009,166.311,154.221,150.282,45.0943,138.153,113.47,154.502,121.892,168.362,156.069,188.299,173.624,144.365,113.889,85.0894,194.475,193.508,41.7199,72.6669,170.989,146.432,48.2911,180.319,117.26,128.979,205.827,124.741,96.2208,172.761,84.036,116.737,85.9596,135.486,85.0874,44.0409,143.198,60.0238,119.365,87.5781,104.771,128.997,149.564,99.7814,145.798,144.063,96.3563,133.115,161.827,150.188,174.847,68.728,134.765,203.948,77.7321,108.414,153.528,142.459,128.559,88.8574,244.165,184.2,176.223,60.537,57.8347,110.968,22.9972,216.58,196.151,62.4918,83.0298,163.189,143.93,109.306,113.354,72.3161,95.8337,69.6376,177.629,115.211,133.343,107.249,24.7918,17.5947,46.2685,175.78,84.4056,11.7206,81.2516,140.705,171.819,158.18,66.7416,34.5094,73.7156,79.4282,120.135,
mu: 
srcDuals: 
fixing. lower bound used: 21759
percent fixed: 0.00974512
updating best lambda arc fixing
fixing. lower bound used: 21759
alpha: 0.40173
psiStar: 22757.1
lagLB: 21577.2
||gamma||^2: 2937
STATS - lpIterations[1] lagIterations[9] sspIterations[103] numSeparations[80] numCuts[0] compileTime[869] sspSolveTime[1063] lpSolveTime[0] lb[21773.6] ub[24145] numArcs: [50414081] numFixed: [4727] time: [7720]
STATS1 - lpIterations[1] lagIterations[9] sspIterations[103] numSeparations[80] numCuts[0] compileTime[869] sspSolveTime[1063] lpSolveTime[0] repairTime[282] cutsTime[0] lb[21773.6] ub[24145] numArcs: [50414081] numFixed: [4727] time: [7720]
lambda: 0,148.957,43.6747,205.054,67.2098,125.706,147.915,170.013,86.2447,70.3432,117.845,115.239,108.179,26.7817,52.7067,125.085,94.0907,235.103,102.364,93.5301,128.154,124.922,74.4903,217.243,49.8278,168.191,41.726,152.963,20.2766,104.043,21.7354,175.408,127.425,80.3371,140.197,86.6184,229.239,86.5354,80.9416,153.247,141.373,91.9331,61.1655,89.6608,157.06,128.292,165.046,79.9163,154.858,31.4854,122.117,181.413,180.924,103.067,152.98,148.29,180.2,193.719,31.1379,105.356,33.6028,210.588,129.495,126.696,92.5281,92.9798,127.99,64.0135,14.0885,48.3912,116.705,117.302,64.7276,51.912,100.959,211.16,142.424,60.6266,153.236,218.988,261.715,137.446,147.271,123.4,128.586,34.6967,54.7432,93.0233,78.685,151.411,166.713,154.623,150.684,45.4961,138.555,113.872,147.271,122.294,168.764,156.471,188.701,169.606,144.766,111.88,85.4911,194.877,193.91,40.9164,69.4531,171.39,146.834,45.479,180.721,116.858,120.543,206.228,123.134,96.6225,173.163,84.4377,117.139,85.9596,135.887,85.4892,44.4427,143.6,60.4255,119.766,87.9798,105.173,129.399,149.965,100.183,146.2,144.465,96.758,133.516,162.229,150.59,175.249,69.1297,135.167,195.512,78.1338,105.602,153.929,142.861,128.96,89.2592,244.567,184.602,176.625,60.9387,58.2365,109.763,23.3989,212.161,196.553,62.8936,83.4315,163.591,143.93,108.904,109.739,71.9144,96.2354,70.0393,178.031,114.81,133.744,104.839,25.1936,17.9964,46.6702,167.745,84.8073,12.1224,81.6533,135.081,172.22,158.581,63.126,34.9111,74.1174,79.8299,120.536,
mu: 
srcDuals: 
fixing. lower bound used: 21773.6
percent fixed: 0.0103636
updating best lambda arc fixing
fixing. lower bound used: 21773.6
alpha: 1.25599
psiStar: 22763.3
lagLB: 21756
||gamma||^2: 802
fixing. lower bound used: 21770.5
percent fixed: 0.010438
updating best lambda arc fixing
fixing. lower bound used: 21770.5
STATS - lpIterations[1] lagIterations[11] sspIterations[119] numSeparations[106] numCuts[0] compileTime[869] sspSolveTime[1156] lpSolveTime[0] lb[21819.5] ub[24145] numArcs: [50432279] numFixed: [4940] time: [9201]
STATS1 - lpIterations[1] lagIterations[11] sspIterations[119] numSeparations[106] numCuts[0] compileTime[869] sspSolveTime[1156] lpSolveTime[0] repairTime[323] cutsTime[0] lb[21819.5] ub[24145] numArcs: [50432279] numFixed: [4940] time: [9201]
lambda: 0,150.213,44.9307,206.31,68.4658,126.962,149.171,171.269,87.5007,71.5992,119.101,116.495,109.435,28.0377,53.9627,126.341,95.3467,236.359,103.62,94.7861,129.41,126.178,75.7463,218.499,51.0838,169.447,42.982,151.707,21.5326,105.299,22.9914,176.664,128.681,81.5931,141.453,87.8744,230.495,87.7914,82.1976,154.503,142.629,93.1891,62.4214,90.9168,158.316,129.548,158.766,81.1722,148.578,32.7414,123.373,182.669,182.18,104.323,154.236,140.754,181.455,187.439,32.3939,106.612,34.8588,211.844,130.751,127.952,93.784,94.2358,129.246,65.2695,15.3445,49.6472,117.961,118.558,65.9836,53.168,99.7033,212.416,126.096,61.8826,154.492,220.244,262.971,138.702,146.015,124.656,127.33,35.9527,55.9992,94.2793,79.941,151.411,167.969,155.878,151.94,46.7521,139.811,115.128,148.527,123.55,168.764,157.727,189.957,170.862,144.766,113.136,86.7471,196.133,195.166,42.1724,70.709,172.646,148.09,46.735,181.977,118.114,121.799,207.484,124.39,97.8785,174.419,85.6937,118.395,87.2156,137.143,85.4892,45.6987,139.832,61.6815,121.022,86.7238,106.429,130.655,151.221,101.439,147.456,145.721,98.014,134.772,157.205,151.846,176.505,70.3857,136.423,196.768,79.3898,106.858,155.185,129.045,121.424,88.0032,245.823,185.858,177.881,62.1947,59.4925,111.019,24.6549,213.417,197.809,64.1495,84.6875,164.847,145.186,110.16,110.995,73.1703,97.4914,71.2953,179.287,116.066,117.416,106.095,26.4496,19.2524,47.9262,169.001,86.0633,13.3783,82.9093,136.337,173.476,159.837,64.382,36.1671,75.3734,81.0859,121.792,
mu: 
srcDuals: 
alpha: 0.608582
psiStar: 22802.4
lagLB: 21819.5
||gamma||^2: 1615
STATS - lpIterations[1] lagIterations[11] sspIterations[119] numSeparations[106] numCuts[0] compileTime[869] sspSolveTime[1156] lpSolveTime[0] lb[21879.3] ub[24145] numArcs: [50432279] numFixed: [4940] time: [9260]
STATS1 - lpIterations[1] lagIterations[11] sspIterations[119] numSeparations[106] numCuts[0] compileTime[869] sspSolveTime[1156] lpSolveTime[0] repairTime[355] cutsTime[0] lb[21879.3] ub[24145] numArcs: [50432279] numFixed: [4940] time: [9260]
lambda: 0,150.822,45.5393,206.918,69.0743,125.136,149.78,171.877,88.1093,72.2078,119.709,117.103,110.044,28.6462,54.5713,126.95,95.9553,236.968,104.229,95.3947,130.019,126.787,76.3548,219.107,51.6924,170.056,43.5906,152.316,22.1412,105.908,23.6,177.272,129.29,82.2017,142.062,88.483,231.103,88.4,81.589,155.111,143.237,92.5805,63.03,91.5254,158.924,130.156,159.375,81.7808,149.186,33.35,123.982,165.628,182.789,102.497,154.844,141.362,182.064,188.048,33.0024,107.221,35.4674,212.452,131.36,128.561,94.3926,94.8444,129.855,65.8781,15.9531,50.2558,118.569,119.167,66.5922,53.7766,100.312,213.025,126.704,62.4912,155.101,220.853,263.579,139.31,146.624,121.004,127.938,36.5612,56.6078,93.6707,80.5495,152.02,168.577,156.487,152.549,47.3606,140.419,112.694,149.135,124.159,169.373,158.335,190.565,171.471,145.375,113.745,87.3557,196.742,195.775,42.781,71.3176,173.255,148.699,46.1264,182.586,118.723,122.407,208.093,124.998,98.4871,175.027,86.3023,119.003,87.8242,137.752,86.0977,46.3072,140.44,62.2901,121.631,87.3324,107.037,131.263,151.83,102.048,148.065,132.94,98.6226,128.078,157.813,152.454,177.113,70.9943,137.031,197.377,79.9984,107.467,153.968,129.654,122.033,88.6118,246.432,186.467,178.489,62.8033,60.101,109.193,25.2635,214.026,198.417,64.7581,85.2961,165.455,145.795,108.943,111.603,73.1703,98.1,71.9039,179.896,114.24,118.025,106.703,27.0582,19.861,48.5348,169.61,86.6719,13.9869,83.5179,136.946,174.085,160.446,64.9906,36.7757,75.9819,81.6945,122.401,
mu: 
srcDuals: 
fixing. lower bound used: 21879.3
percent fixed: 0.0175929
updating best lambda arc fixing
fixing. lower bound used: 21879.3
STATS - lpIterations[1] lagIterations[12] sspIterations[123] numSeparations[115] numCuts[0] compileTime[869] sspSolveTime[1193] lpSolveTime[0] lb[21925.6] ub[24145] numArcs: [50436787] numFixed: [8689] time: [9965]
STATS1 - lpIterations[1] lagIterations[12] sspIterations[123] numSeparations[115] numCuts[0] compileTime[869] sspSolveTime[1193] lpSolveTime[0] repairTime[363] cutsTime[0] lb[21925.6] ub[24145] numArcs: [50436787] numFixed: [8689] time: [9965]
lambda: 0,150.822,45.5393,206.918,69.0743,125.136,149.78,171.877,88.1093,72.2078,119.709,117.103,110.044,28.6462,54.5713,126.95,95.9553,236.968,104.229,95.3947,130.019,126.787,76.3548,219.107,51.6924,170.056,43.5906,152.316,22.1412,105.908,23.6,177.272,129.29,82.2017,142.062,88.483,231.103,88.4,81.589,155.111,143.237,92.5805,63.03,91.5254,158.924,130.156,159.375,81.7808,149.186,33.35,123.982,165.628,182.789,102.497,154.844,141.362,182.064,188.048,33.0024,107.221,35.4674,212.452,131.36,128.561,94.3926,94.8444,129.855,65.8781,15.9531,50.2558,118.569,119.167,66.5922,53.7766,100.312,213.025,126.704,62.4912,155.101,220.853,263.579,139.31,146.624,121.004,127.938,36.5612,56.6078,93.6707,80.5495,152.02,168.577,156.487,152.549,47.3606,140.419,112.694,149.135,124.159,169.373,158.335,190.565,171.471,145.375,113.745,87.3557,196.742,195.775,42.781,71.3176,173.255,148.699,46.1264,182.586,118.723,122.407,208.093,124.998,98.4871,175.027,86.3023,119.003,87.8242,137.752,86.0977,46.3072,140.44,62.2901,121.631,87.3324,107.037,131.263,151.83,102.048,148.065,132.94,98.6226,128.078,157.813,152.454,177.113,70.9943,137.031,197.377,79.9984,107.467,153.968,129.654,122.033,88.6118,246.432,186.467,178.489,62.8033,60.101,109.193,25.2635,214.026,198.417,64.7581,85.2961,165.455,145.795,108.943,111.603,73.1703,98.1,71.9039,179.896,114.24,118.025,106.703,27.0582,19.861,48.5348,169.61,86.6719,13.9869,83.5179,136.946,174.085,160.446,64.9906,36.7757,75.9819,81.6945,122.401,
mu: 
srcDuals: 
alpha: 4.0615
psiStar: 22904.4
lagLB: 21925.6
||gamma||^2: 241
STATS - lpIterations[1] lagIterations[12] sspIterations[123] numSeparations[115] numCuts[0] compileTime[869] sspSolveTime[1193] lpSolveTime[0] lb[21931] ub[24145] numArcs: [50436787] numFixed: [8689] time: [10016]
STATS1 - lpIterations[1] lagIterations[12] sspIterations[123] numSeparations[115] numCuts[0] compileTime[869] sspSolveTime[1193] lpSolveTime[0] repairTime[388] cutsTime[0] lb[21931] ub[24145] numArcs: [50436787] numFixed: [8689] time: [10016]
lambda: 0,154.883,49.6008,210.98,73.1359,129.197,153.841,175.939,84.0478,76.2693,123.771,121.165,105.982,32.7077,50.5098,131.011,100.017,241.029,108.29,99.4562,134.08,130.848,80.4163,223.169,55.7539,174.117,47.6521,156.377,26.2027,109.97,27.6615,181.334,133.351,70.0172,146.124,92.5445,235.165,92.4615,85.6505,159.173,147.299,96.642,67.0915,95.5869,162.986,134.218,163.436,85.8423,153.248,37.4115,128.043,169.69,186.85,106.559,158.906,145.424,186.126,192.11,37.0639,111.282,39.5289,216.514,135.421,132.623,90.3311,98.9059,133.916,69.9396,20.0146,54.3173,122.631,123.228,70.6537,57.8381,88.1273,217.087,130.766,66.5527,159.163,224.914,267.641,143.372,134.439,125.066,123.877,32.4997,60.6693,97.7322,84.611,156.081,172.639,160.549,156.61,51.4221,144.481,116.755,153.197,111.974,173.434,162.397,194.627,175.533,133.19,117.806,75.1712,200.803,199.836,46.8425,75.3791,177.317,152.76,50.1879,186.647,122.784,126.469,212.154,129.06,102.549,179.089,82.2408,123.065,91.8857,141.813,90.1592,50.3687,144.502,58.2286,125.692,75.1479,111.099,135.325,155.891,106.109,152.126,137.002,102.684,132.139,161.875,156.516,181.175,66.9328,141.093,201.438,84.0599,111.528,158.03,133.715,126.094,92.6733,250.493,190.528,182.551,66.8648,64.1625,113.255,29.325,218.087,202.479,68.8196,89.3576,169.517,149.856,113.004,115.665,77.2318,102.161,75.9654,183.957,118.301,122.086,110.765,31.1197,23.9225,52.5963,173.671,82.6104,18.0484,79.4564,141.007,178.146,164.508,60.9291,40.8372,80.0434,85.756,126.462,
mu: 
srcDuals: 
fixing. lower bound used: 21931
percent fixed: 0.0238582
updating best lambda arc fixing
fixing. lower bound used: 21931
