flexible number of vehicles
capacity: 206
instance upper bound: 27591
route length upper bound: 101
compiling DD
time step mult: 1
time step: 10
cap step: 1
done compiling DD
batch size for lag: 1
deactivate cut value threshold: 0.01
deactivate cut iter threshold: 25
lag optimality gap to start repairing: 25
percent arcs fixed to change to CPLEX: 97.5
number arcs fixed to change to CPLEX: 100000
kappa iterations: 100
var fixing: 1
muSSP: 1
repairDuals: 1
robustCuts: 1
nonRobustCuts: 1
volume algo: 0
phases: 0
STATS - lpIterations[0] lagIterations[0] sspIterations[0] numSeparations[0] numCuts[0] compileTime[26] sspSolveTime[0] lpSolveTime[0] lb[0] ub[27591] numArcs: [1588740] numFixed: [0] time: [26]
STATS1 - lpIterations[0] lagIterations[0] sspIterations[0] numSeparations[0] numCuts[0] compileTime[26] sspSolveTime[0] lpSolveTime[0] repairTime[0] cutsTime[0] lb[0] ub[27591] numArcs: [1588740] numFixed: [0] time: [26]
STATS - lpIterations[1] lagIterations[0] sspIterations[0] numSeparations[0] numCuts[0] compileTime[26] sspSolveTime[0] lpSolveTime[0] lb[0] ub[27591] numArcs: [1588740] numFixed: [0] time: [26]
STATS1 - lpIterations[1] lagIterations[0] sspIterations[0] numSeparations[0] numCuts[0] compileTime[26] sspSolveTime[0] lpSolveTime[0] repairTime[0] cutsTime[0] lb[0] ub[27591] numArcs: [1588740] numFixed: [0] time: [26]
STATS - lpIterations[1] lagIterations[1] sspIterations[1] numSeparations[0] numCuts[0] compileTime[26] sspSolveTime[0] lpSolveTime[0] lb[22188.8] ub[27591] numArcs: [1588740] numFixed: [0] time: [27]
STATS1 - lpIterations[1] lagIterations[1] sspIterations[1] numSeparations[0] numCuts[0] compileTime[26] sspSolveTime[0] lpSolveTime[0] repairTime[0] cutsTime[0] lb[22188.8] ub[27591] numArcs: [1588740] numFixed: [0] time: [27]
lambda: 0,204.388,399.087,243.097,292.233,96.2913,336.583,6.40777,244.524,394.874,441.476,70.3883,187.029,279.573,113.505,45.3883,630.971,170.272,273.67,167.34,208.505,46.8932,208.874,138.408,57.0874,237.728,87.9029,357.291,145.087,29.2427,154.573,248.107,32.8252,49.5146,12.0388,137.903,708.194,441.068,150.99,114.029,138.641,238.728,388.117,116.359,123.058,118.796,83.9126,62.2621,493.893,377.689,65.3592,445.825,437.534,322.078,384.437,450.874,159.709,37.4369,127.825,223.738,291.417,250.583,232.058,270.728,8.97087,25.1942,234.466,428.155,285.243,179.417,629.126,105.903,75.0291,27.3204,460.68,199.223,34.6602,260.35,214.311,130.252,159.029,65.3786,391.631,521.942,235.456,35.4175,409.65,10.0971,83.5922,111.67,307.573,311.65,396.117,345.631,200.175,69.2039,147.961,167.301,320.854,487.689,87.3301,
mu: 
srcDuals: 
alpha: 11.2087
psiStar: 23287.3
lagLB: 22188.8
||gamma||^2: 98
fixing. lower bound used: 22168.1
percent fixed: 0.0257437
updating best lambda arc fixing
fixing. lower bound used: 22168.1
STATS - lpIterations[1] lagIterations[2] sspIterations[7] numSeparations[1] numCuts[0] compileTime[26] sspSolveTime[7] lpSolveTime[0] lb[23132.4] ub[27591] numArcs: [1588822] numFixed: [409] time: [55]
STATS1 - lpIterations[1] lagIterations[2] sspIterations[7] numSeparations[1] numCuts[0] compileTime[26] sspSolveTime[7] lpSolveTime[0] repairTime[0] cutsTime[0] lb[23132.4] ub[27591] numArcs: [1588822] numFixed: [409] time: [55]
lambda: 0,215.597,410.296,254.306,303.442,107.5,347.791,17.6165,255.733,406.083,441.476,81.5971,198.238,290.782,124.714,56.5971,642.18,181.481,284.879,178.549,219.714,58.1019,220.083,149.616,68.2961,237.728,99.1116,368.5,156.296,40.4515,165.782,259.316,44.034,60.7233,23.2476,149.112,719.403,452.277,162.199,102.82,149.85,249.937,399.325,127.568,134.267,130.005,95.1214,73.4709,505.102,388.898,76.568,457.034,448.743,333.286,395.646,462.083,170.917,48.6456,139.034,234.947,302.626,261.791,243.267,281.937,20.1796,36.4029,245.675,439.364,296.451,190.626,640.335,117.112,86.2379,38.5291,471.888,210.432,45.8689,271.558,225.519,141.461,170.238,76.5874,402.84,533.15,246.665,46.6262,420.859,21.3058,94.801,122.879,318.782,322.859,407.325,356.84,211.383,80.4126,159.17,178.51,332.063,498.898,98.5388,
mu: 
srcDuals: 
alpha: 2.84196
psiStar: 24266.3
lagLB: 23132.4
||gamma||^2: 399
STATS - lpIterations[1] lagIterations[2] sspIterations[7] numSeparations[1] numCuts[0] compileTime[26] sspSolveTime[7] lpSolveTime[0] lb[23225.7] ub[27591] numArcs: [1588822] numFixed: [409] time: [57]
STATS1 - lpIterations[1] lagIterations[2] sspIterations[7] numSeparations[1] numCuts[0] compileTime[26] sspSolveTime[7] lpSolveTime[0] repairTime[1] cutsTime[0] lb[23225.7] ub[27591] numArcs: [1588822] numFixed: [409] time: [57]
lambda: 0,218.439,413.138,257.148,306.284,110.342,350.633,20.4585,258.575,408.924,444.318,84.439,201.08,293.624,127.556,59.439,645.022,184.323,287.721,181.39,222.556,60.9439,222.924,152.458,71.1381,240.57,101.954,371.342,159.138,43.2934,168.624,262.157,46.8759,63.5653,20.4056,151.954,722.245,455.119,165.041,105.662,152.691,252.779,402.167,130.41,137.109,132.847,97.9633,76.3128,507.944,391.74,79.4099,459.876,451.585,336.128,398.488,464.924,173.759,11.7002,141.876,237.789,305.468,264.633,246.109,284.779,14.4957,39.2449,248.517,442.206,299.293,193.468,643.177,119.954,77.712,41.3711,474.73,213.274,48.7109,274.4,228.361,144.303,173.08,79.4293,371.578,535.992,249.507,49.4682,423.701,24.1478,91.959,125.721,321.624,325.701,410.167,359.682,214.225,83.2546,162.012,181.352,334.905,501.74,101.381,
mu: 
srcDuals: 
fixing. lower bound used: 23225.7
percent fixed: 0.0387687
updating best lambda arc fixing
fixing. lower bound used: 23225.7
STATS - lpIterations[1] lagIterations[3] sspIterations[8] numSeparations[7] numCuts[0] compileTime[26] sspSolveTime[7] lpSolveTime[0] lb[23424.2] ub[27591] numArcs: [1589806] numFixed: [411] time: [78]
STATS1 - lpIterations[1] lagIterations[3] sspIterations[8] numSeparations[7] numCuts[0] compileTime[26] sspSolveTime[7] lpSolveTime[0] repairTime[1] cutsTime[0] lb[23424.2] ub[27591] numArcs: [1589806] numFixed: [411] time: [78]
lambda: 0,218.439,413.138,257.148,306.284,110.342,350.633,20.4585,258.575,408.924,444.318,84.439,201.08,293.624,127.556,59.439,645.022,184.323,287.721,181.39,222.556,60.9439,222.924,152.458,71.1381,240.57,101.954,371.342,159.138,43.2934,168.624,262.157,46.8759,63.5653,20.4056,151.954,722.245,455.119,165.041,105.662,152.691,252.779,402.167,130.41,137.109,132.847,97.9633,76.3128,507.944,391.74,79.4099,459.876,451.585,336.128,398.488,464.924,173.759,11.7002,141.876,237.789,305.468,264.633,246.109,284.779,14.4957,39.2449,248.517,442.206,299.293,193.468,643.177,119.954,77.712,41.3711,474.73,213.274,48.7109,274.4,228.361,144.303,173.08,79.4293,371.578,535.992,249.507,49.4682,423.701,24.1478,91.959,125.721,321.624,325.701,410.167,359.682,214.225,83.2546,162.012,181.352,334.905,501.74,101.381,
mu: 
srcDuals: 
alpha: 11.8448
psiStar: 24561.3
lagLB: 23424.2
||gamma||^2: 96
fixing. lower bound used: 23423.1
percent fixed: 0.0388708
updating best lambda arc fixing
fixing. lower bound used: 23423.1
STATS - lpIterations[1] lagIterations[4] sspIterations[21] numSeparations[7] numCuts[0] compileTime[26] sspSolveTime[19] lpSolveTime[0] lb[24273.3] ub[27591] numArcs: [1589734] numFixed: [621] time: [111]
STATS1 - lpIterations[1] lagIterations[4] sspIterations[21] numSeparations[7] numCuts[0] compileTime[26] sspSolveTime[19] lpSolveTime[0] repairTime[1] cutsTime[0] lb[24273.3] ub[27591] numArcs: [1589734] numFixed: [621] time: [111]
lambda: 0,230.284,424.983,268.993,318.128,122.187,362.478,32.3032,270.42,420.769,456.162,96.2838,212.925,305.468,139.4,71.2838,645.022,196.167,299.565,193.235,234.4,72.7887,234.769,164.303,82.9828,252.415,113.798,383.187,170.983,55.1382,180.468,274.002,58.7207,75.41,32.2504,163.798,734.09,466.963,176.886,117.507,164.536,264.624,414.012,142.255,148.954,144.692,109.808,88.1576,519.789,403.585,91.2547,471.721,463.429,347.973,410.332,476.769,185.604,23.5449,153.721,249.633,317.313,276.478,257.954,296.624,26.3405,51.0896,260.361,454.051,311.138,193.468,655.022,131.798,89.5568,53.2158,474.73,225.119,48.7109,286.245,240.206,156.148,184.925,91.2741,383.423,547.837,261.352,61.3129,435.546,35.9925,103.804,137.565,333.468,337.546,422.012,371.527,226.07,95.0993,173.857,193.196,346.75,513.585,113.226,
mu: 
srcDuals: 
alpha: 3.22371
psiStar: 25440.2
lagLB: 24273.3
||gamma||^2: 362
STATS - lpIterations[1] lagIterations[4] sspIterations[21] numSeparations[7] numCuts[0] compileTime[26] sspSolveTime[19] lpSolveTime[0] lb[24484.9] ub[27591] numArcs: [1589734] numFixed: [621] time: [113]
STATS1 - lpIterations[1] lagIterations[4] sspIterations[21] numSeparations[7] numCuts[0] compileTime[26] sspSolveTime[19] lpSolveTime[0] repairTime[3] cutsTime[0] lb[24484.9] ub[27591] numArcs: [1589734] numFixed: [621] time: [113]
lambda: 0,233.508,428.207,272.216,321.352,125.41,365.702,35.5269,273.643,423.993,456.162,99.5075,216.148,308.692,139.4,74.5075,648.245,199.391,302.789,196.459,237.624,76.0124,237.993,167.527,86.2066,252.415,117.022,386.41,174.207,58.3619,183.692,277.226,61.9444,78.6337,12.9081,167.022,737.313,470.187,180.109,114.283,164.536,267.847,417.236,145.478,145.73,147.915,113.032,91.3813,523.012,406.808,94.4784,474.944,466.653,351.197,413.556,473.546,188.828,26.7687,156.944,239.962,294.747,279.702,261.177,299.847,3.77449,54.3133,263.585,431.485,314.362,196.692,658.245,135.022,92.7805,56.4396,471.507,228.342,45.4872,286.245,243.43,159.372,188.148,94.4978,386.647,551.061,264.575,64.5366,438.77,39.2163,74.7904,140.789,330.245,340.77,425.236,374.75,229.294,98.3231,177.08,196.42,349.974,516.808,116.449,
mu: 
srcDuals: 
fixing. lower bound used: 24484.9
percent fixed: 0.0390577
updating best lambda arc fixing
fixing. lower bound used: 24484.9
STATS - lpIterations[1] lagIterations[5] sspIterations[23] numSeparations[14] numCuts[0] compileTime[26] sspSolveTime[20] lpSolveTime[0] lb[24675] ub[27591] numArcs: [1590636] numFixed: [413] time: [135]
STATS1 - lpIterations[1] lagIterations[5] sspIterations[23] numSeparations[14] numCuts[0] compileTime[26] sspSolveTime[20] lpSolveTime[0] repairTime[3] cutsTime[0] lb[24675] ub[27591] numArcs: [1590636] numFixed: [413] time: [135]
lambda: 0,233.508,428.207,272.216,321.352,125.41,365.702,35.5269,273.643,423.993,456.162,99.5075,216.148,308.692,139.4,74.5075,648.245,199.391,302.789,196.459,237.624,76.0124,237.993,167.527,86.2066,252.415,117.022,386.41,174.207,58.3619,183.692,277.226,61.9444,78.6337,12.9081,167.022,737.313,470.187,180.109,114.283,164.536,267.847,417.236,145.478,145.73,147.915,113.032,91.3813,523.012,406.808,94.4784,474.944,466.653,351.197,413.556,473.546,188.828,26.7687,156.944,239.962,294.747,279.702,261.177,299.847,3.77449,54.3133,263.585,431.485,314.362,196.692,658.245,135.022,92.7805,56.4396,471.507,228.342,45.4872,286.245,243.43,159.372,188.148,94.4978,386.647,551.061,264.575,64.5366,438.77,39.2163,74.7904,140.789,330.245,340.77,425.236,374.75,229.294,98.3231,177.08,196.42,349.974,516.808,116.449,
mu: 
srcDuals: 
alpha: 11.5196
psiStar: 25850
lagLB: 24675
||gamma||^2: 102
STATS - lpIterations[1] lagIterations[5] sspIterations[23] numSeparations[14] numCuts[0] compileTime[26] sspSolveTime[20] lpSolveTime[0] lb[24677.9] ub[27591] numArcs: [1590636] numFixed: [413] time: [137]
STATS1 - lpIterations[1] lagIterations[5] sspIterations[23] numSeparations[14] numCuts[0] compileTime[26] sspSolveTime[20] lpSolveTime[0] repairTime[4] cutsTime[0] lb[24677.9] ub[27591] numArcs: [1590636] numFixed: [413] time: [137]
lambda: 0,245.027,439.726,283.736,332.872,136.93,377.221,47.0466,285.163,435.513,467.682,111.027,227.668,320.212,150.92,86.0271,659.765,210.911,314.309,207.979,249.144,87.532,249.513,179.047,97.7262,263.935,128.542,397.93,185.726,69.8815,195.212,288.746,73.464,90.1534,24.4277,178.542,748.833,481.707,191.629,125.803,176.056,279.367,428.755,156.998,157.25,159.435,124.551,102.901,534.532,418.328,105.998,486.464,478.173,362.716,425.076,485.065,200.348,38.2883,168.464,251.482,306.267,291.221,272.697,311.367,15.2941,65.833,252.066,443.004,314.362,208.211,669.765,146.542,104.3,67.9592,483.026,239.862,57.0068,297.765,254.949,170.891,199.668,106.017,398.166,562.581,241.536,76.0563,450.289,50.7359,86.31,152.309,341.764,352.289,413.716,386.27,240.814,109.843,188.6,207.94,361.493,528.328,127.969,
mu: 
srcDuals: 
fixing. lower bound used: 24677.9
percent fixed: 0.0390983
updating best lambda arc fixing
fixing. lower bound used: 24677.9
alpha: 0.922617
psiStar: 25841.9
lagLB: 24526.3
||gamma||^2: 1426
STATS - lpIterations[1] lagIterations[6] sspIterations[61] numSeparations[16] numCuts[0] compileTime[26] sspSolveTime[37] lpSolveTime[0] lb[25455.9] ub[27591] numArcs: [1590707] numFixed: [415] time: [180]
STATS1 - lpIterations[1] lagIterations[6] sspIterations[61] numSeparations[16] numCuts[0] compileTime[26] sspSolveTime[37] lpSolveTime[0] repairTime[9] cutsTime[0] lb[25455.9] ub[27591] numArcs: [1590707] numFixed: [415] time: [180]
lambda: 0,245.95,440.649,284.658,333.794,137.853,376.299,47.9692,286.086,436.435,468.605,111.95,228.591,320.212,138.926,84.1819,656.997,211.833,315.231,208.901,248.221,87.532,247.667,179.969,98.6488,262.089,129.464,398.853,172.81,70.8041,196.134,289.668,72.5414,90.1534,22.5825,178.542,749.756,480.784,192.552,123.958,173.288,277.522,419.529,157.921,156.327,160.358,125.474,103.824,535.455,419.251,106.921,485.541,479.095,362.716,425.076,481.375,201.27,33.6752,169.387,251.482,305.344,292.144,258.858,308.599,15.2941,54.7616,252.988,443.004,315.285,204.521,670.688,132.702,99.687,68.8818,481.181,240.785,50.5485,293.152,247.569,171.814,200.591,102.327,395.399,563.503,242.459,76.9789,451.212,51.6585,86.31,153.231,339.919,353.212,414.639,387.192,241.736,108.92,189.523,208.862,362.416,528.328,128.892,
mu: 
srcDuals: 
fixing. lower bound used: 25455.9
percent fixed: 0.100606
updating best lambda arc fixing
fixing. lower bound used: 25455.9
alpha: 6.12907
psiStar: 26645.4
lagLB: 25284.8
||gamma||^2: 222
STATS - lpIterations[1] lagIterations[7] sspIterations[82] numSeparations[32] numCuts[0] compileTime[26] sspSolveTime[46] lpSolveTime[0] lb[25499.6] ub[27591] numArcs: [1593369] numFixed: [1387] time: [214]
STATS1 - lpIterations[1] lagIterations[7] sspIterations[82] numSeparations[32] numCuts[0] compileTime[26] sspSolveTime[46] lpSolveTime[0] repairTime[12] cutsTime[0] lb[25499.6] ub[27591] numArcs: [1593369] numFixed: [1387] time: [214]
lambda: 0,252.079,446.778,260.142,339.923,143.982,382.428,54.0982,292.215,442.564,462.476,118.079,234.72,326.341,120.539,71.9238,644.739,217.962,321.36,215.03,242.092,93.6611,235.409,186.098,104.778,243.702,135.593,404.982,166.68,76.9332,202.263,295.797,66.4123,90.1534,0,178.542,755.885,486.913,198.681,117.829,142.643,265.264,413.4,164.05,150.198,166.487,131.603,109.953,541.584,425.38,113.05,485.541,485.224,362.716,431.205,469.117,207.399,39.8043,175.516,257.611,305.344,298.273,264.987,302.47,0,48.6325,259.117,436.875,321.414,192.263,676.817,138.832,105.816,75.0109,462.794,246.914,26.0322,280.893,241.439,177.943,206.72,96.1979,401.528,563.503,248.588,83.1079,457.341,57.7876,92.4391,159.36,333.79,359.341,420.768,393.322,247.865,102.791,189.523,214.991,368.545,534.457,135.021,
mu: 
srcDuals: 
fixing. lower bound used: 25499.6
percent fixed: 0.125089
updating best lambda arc fixing
fixing. lower bound used: 25499.6
alpha: 4.73421
psiStar: 26680.2
lagLB: 25487.2
||gamma||^2: 252
STATS - lpIterations[1] lagIterations[8] sspIterations[101] numSeparations[36] numCuts[0] compileTime[26] sspSolveTime[51] lpSolveTime[0] lb[25616.4] ub[27591] numArcs: [1593792] numFixed: [1772] time: [242]
STATS1 - lpIterations[1] lagIterations[8] sspIterations[101] numSeparations[36] numCuts[0] compileTime[26] sspSolveTime[51] lpSolveTime[0] repairTime[15] cutsTime[0] lb[25616.4] ub[27591] numArcs: [1593792] numFixed: [1772] time: [242]
lambda: 0,256.813,451.512,264.876,344.658,148.716,368.225,58.8324,296.949,447.298,467.21,122.813,239.454,331.075,125.273,76.658,649.473,213.228,326.095,219.764,246.826,84.1926,240.143,181.364,109.512,248.436,140.328,409.716,161.946,67.4648,206.997,300.531,71.1466,94.8876,4.73421,183.276,741.682,467.976,203.415,122.563,147.377,269.998,418.134,159.315,154.932,171.221,136.337,114.687,546.318,430.114,117.784,480.807,485.224,367.451,435.939,473.851,202.665,25.6016,170.782,262.345,305.344,288.805,241.316,307.204,4.73421,43.8983,263.851,441.61,326.148,196.997,681.551,115.16,77.4108,79.7451,467.528,251.648,30.7664,285.628,236.705,182.677,201.985,86.7295,382.591,563.503,253.322,87.8422,462.075,48.3191,82.9706,164.095,338.524,364.075,425.502,398.056,247.865,107.525,189.523,219.726,373.279,534.457,125.552,
mu: 
srcDuals: 
fixing. lower bound used: 25616.4
percent fixed: 0.240184
updating best lambda arc fixing
fixing. lower bound used: 25616.4
STATS - lpIterations[1] lagIterations[9] sspIterations[112] numSeparations[44] numCuts[0] compileTime[26] sspSolveTime[53] lpSolveTime[0] lb[25686] ub[27591] numArcs: [1594245] numFixed: [3497] time: [265]
STATS1 - lpIterations[1] lagIterations[9] sspIterations[112] numSeparations[44] numCuts[0] compileTime[26] sspSolveTime[53] lpSolveTime[0] repairTime[15] cutsTime[0] lb[25686] ub[27591] numArcs: [1594245] numFixed: [3497] time: [265]
lambda: 0,256.813,451.512,264.876,344.658,148.716,368.225,58.8324,296.949,447.298,467.21,122.813,239.454,331.075,125.273,76.658,649.473,213.228,326.095,219.764,246.826,84.1926,240.143,181.364,109.512,248.436,140.328,409.716,161.946,67.4648,206.997,300.531,71.1466,94.8876,4.73421,183.276,741.682,467.976,203.415,122.563,147.377,269.998,418.134,159.315,154.932,171.221,136.337,114.687,546.318,430.114,117.784,480.807,485.224,367.451,435.939,473.851,202.665,25.6016,170.782,262.345,305.344,288.805,241.316,307.204,4.73421,43.8983,263.851,441.61,326.148,196.997,681.551,115.16,77.4108,79.7451,467.528,251.648,30.7664,285.628,236.705,182.677,201.985,86.7295,382.591,563.503,253.322,87.8422,462.075,48.3191,82.9706,164.095,338.524,364.075,425.502,398.056,247.865,107.525,189.523,219.726,373.279,534.457,125.552,
mu: 
srcDuals: 
alpha: 6.93093
psiStar: 26864.3
lagLB: 25686
||gamma||^2: 170
STATS - lpIterations[1] lagIterations[9] sspIterations[112] numSeparations[44] numCuts[0] compileTime[26] sspSolveTime[53] lpSolveTime[0] lb[25735] ub[27591] numArcs: [1594245] numFixed: [3497] time: [267]
STATS1 - lpIterations[1] lagIterations[9] sspIterations[112] numSeparations[44] numCuts[0] compileTime[26] sspSolveTime[53] lpSolveTime[0] repairTime[16] cutsTime[0] lb[25735] ub[27591] numArcs: [1594245] numFixed: [3497] time: [267]
lambda: 0,256.813,458.443,271.807,351.589,155.647,375.156,65.7634,303.88,433.437,474.141,129.744,246.385,338.006,132.204,69.727,656.404,220.159,333.026,226.695,253.757,77.2617,247.074,188.295,116.443,255.367,147.259,416.647,168.877,74.3957,213.928,307.462,78.0775,101.818,11.6651,190.207,748.613,474.907,210.346,129.494,154.308,276.929,425.065,166.246,161.863,178.152,143.268,121.618,553.249,437.045,124.715,480.807,478.294,374.382,387.422,480.782,209.596,32.5326,177.712,269.276,312.275,295.736,248.247,314.135,11.6651,50.8292,256.921,448.541,305.355,203.928,688.482,122.091,84.3417,86.676,474.459,258.579,30.7664,292.559,243.636,189.608,208.916,79.7985,389.522,549.641,232.529,94.7731,455.144,55.2501,89.9016,171.026,345.455,371.006,411.64,404.987,254.796,114.456,196.454,226.657,380.21,541.388,132.483,
mu: 
srcDuals: 
fixing. lower bound used: 25735
percent fixed: 0.435016
updating best lambda arc fixing
fixing. lower bound used: 25735
STATS - lpIterations[1] lagIterations[10] sspIterations[140] numSeparations[48] numCuts[0] compileTime[26] sspSolveTime[62] lpSolveTime[0] lb[25806.3] ub[27591] numArcs: [1594473] numFixed: [6570] time: [297]
STATS1 - lpIterations[1] lagIterations[10] sspIterations[140] numSeparations[48] numCuts[0] compileTime[26] sspSolveTime[62] lpSolveTime[0] repairTime[17] cutsTime[0] lb[25806.3] ub[27591] numArcs: [1594473] numFixed: [6570] time: [297]
lambda: 0,256.813,458.443,271.807,351.589,155.647,375.156,65.7634,303.88,433.437,474.141,129.744,246.385,338.006,132.204,69.727,656.404,220.159,333.026,226.695,253.757,77.2617,247.074,188.295,116.443,255.367,147.259,416.647,168.877,74.3957,213.928,307.462,78.0775,101.818,11.6651,190.207,748.613,474.907,210.346,129.494,154.308,276.929,425.065,166.246,161.863,178.152,143.268,121.618,553.249,437.045,124.715,480.807,478.294,374.382,387.422,480.782,209.596,32.5326,177.712,269.276,312.275,295.736,248.247,314.135,11.6651,50.8292,256.921,448.541,305.355,203.928,688.482,122.091,84.3417,86.676,474.459,258.579,30.7664,292.559,243.636,189.608,208.916,79.7985,389.522,549.641,232.529,94.7731,455.144,55.2501,89.9016,171.026,345.455,371.006,411.64,404.987,254.796,114.456,196.454,226.657,380.21,541.388,132.483,
mu: 
srcDuals: 
alpha: 4.18934
psiStar: 26979.3
lagLB: 25806.3
||gamma||^2: 280
STATS - lpIterations[1] lagIterations[10] sspIterations[140] numSeparations[48] numCuts[0] compileTime[26] sspSolveTime[62] lpSolveTime[0] lb[26021.1] ub[27591] numArcs: [1594473] numFixed: [6570] time: [301]
STATS1 - lpIterations[1] lagIterations[10] sspIterations[140] numSeparations[48] numCuts[0] compileTime[26] sspSolveTime[62] lpSolveTime[0] repairTime[20] cutsTime[0] lb[26021.1] ub[27591] numArcs: [1594473] numFixed: [6570] time: [301]
lambda: 0,261.002,462.632,275.997,355.778,159.836,379.345,69.9527,308.069,437.626,469.951,125.555,250.574,333.816,128.015,61.3484,652.215,215.97,337.215,230.885,249.568,81.451,238.696,184.106,108.064,251.178,151.448,420.836,173.067,78.585,201.36,303.273,65.5095,97.6292,3.28647,190.207,752.802,479.097,214.535,125.305,158.497,268.55,429.255,170.436,153.484,182.341,147.458,125.807,557.438,441.234,120.526,484.997,482.483,374.382,391.612,468.214,205.407,36.7219,173.523,235.761,291.328,291.546,252.436,314.135,0,55.0186,261.11,440.162,309.544,191.36,692.671,126.281,88.5311,86.676,470.27,262.768,18.1984,292.559,247.826,193.797,204.727,83.9879,393.711,553.831,236.719,90.5838,459.334,59.4394,68.9549,175.215,337.076,375.195,415.829,409.176,254.796,106.077,192.264,230.846,384.399,545.577,128.294,
mu: 
srcDuals: 
fixing. lower bound used: 26021.1
percent fixed: 1.57731
updating best lambda arc fixing
fixing. lower bound used: 26021.1
alpha: 7.00143
psiStar: 27193.2
lagLB: 26003
||gamma||^2: 170
STATS - lpIterations[1] lagIterations[11] sspIterations[153] numSeparations[59] numCuts[0] compileTime[26] sspSolveTime[66] lpSolveTime[0] lb[26051.9] ub[27591] numArcs: [1596151] numFixed: [24688] time: [329]
STATS1 - lpIterations[1] lagIterations[11] sspIterations[153] numSeparations[59] numCuts[0] compileTime[26] sspSolveTime[66] lpSolveTime[0] repairTime[22] cutsTime[0] lb[26051.9] ub[27591] numArcs: [1596151] numFixed: [24688] time: [329]
lambda: 0,268.004,469.634,282.998,362.779,166.838,372.344,76.9541,315.071,444.627,476.953,132.556,257.576,340.818,121.013,68.3498,659.216,208.968,344.216,237.886,256.569,74.4496,245.697,191.107,115.066,251.178,158.449,413.835,145.061,71.5836,208.362,310.275,72.5109,104.631,0,197.208,745.801,486.098,221.537,118.303,165.499,275.551,401.249,177.437,160.486,189.342,154.459,132.809,564.44,448.236,127.527,491.998,489.484,381.383,398.613,475.215,212.408,43.7233,166.522,242.763,298.33,298.548,245.435,300.132,7.00143,27.0128,268.111,447.163,316.546,198.361,699.673,119.279,95.5325,93.6774,477.271,269.77,25.1998,299.56,219.82,200.799,197.726,90.9893,400.712,560.832,243.72,97.5852,466.335,52.438,75.9563,168.213,344.078,382.197,422.831,416.177,261.798,113.079,199.266,209.842,377.398,538.576,135.295,
mu: 
srcDuals: 
fixing. lower bound used: 26051.9
percent fixed: 1.874
updating best lambda arc fixing
fixing. lower bound used: 26051.9
STATS - lpIterations[1] lagIterations[12] sspIterations[178] numSeparations[63] numCuts[0] compileTime[26] sspSolveTime[73] lpSolveTime[0] lb[26136.2] ub[27591] numArcs: [1596477] numFixed: [29330] time: [357]
STATS1 - lpIterations[1] lagIterations[12] sspIterations[178] numSeparations[63] numCuts[0] compileTime[26] sspSolveTime[73] lpSolveTime[0] repairTime[23] cutsTime[0] lb[26136.2] ub[27591] numArcs: [1596477] numFixed: [29330] time: [357]
lambda: 0,268.004,469.634,282.998,362.779,166.838,372.344,76.9541,315.071,444.627,476.953,132.556,257.576,340.818,121.013,68.3498,659.216,208.968,344.216,237.886,256.569,74.4496,245.697,191.107,115.066,251.178,158.449,413.835,145.061,71.5836,208.362,310.275,72.5109,104.631,0,197.208,745.801,486.098,221.537,118.303,165.499,275.551,401.249,177.437,160.486,189.342,154.459,132.809,564.44,448.236,127.527,491.998,489.484,381.383,398.613,475.215,212.408,43.7233,166.522,242.763,298.33,298.548,245.435,300.132,7.00143,27.0128,268.111,447.163,316.546,198.361,699.673,119.279,95.5325,93.6774,477.271,269.77,25.1998,299.56,219.82,200.799,197.726,90.9893,400.712,560.832,243.72,97.5852,466.335,52.438,75.9563,168.213,344.078,382.197,422.831,416.177,261.798,113.079,199.266,209.842,377.398,538.576,135.295,
mu: 
srcDuals: 
alpha: 5.30362
psiStar: 27303
lagLB: 26136.2
||gamma||^2: 220
STATS - lpIterations[1] lagIterations[12] sspIterations[178] numSeparations[63] numCuts[0] compileTime[26] sspSolveTime[73] lpSolveTime[0] lb[26275.7] ub[27591] numArcs: [1596477] numFixed: [29330] time: [361]
STATS1 - lpIterations[1] lagIterations[12] sspIterations[178] numSeparations[63] numCuts[0] compileTime[26] sspSolveTime[73] lpSolveTime[0] repairTime[27] cutsTime[0] lb[26275.7] ub[27591] numArcs: [1596477] numFixed: [29330] time: [361]
lambda: 0,262.7,474.937,288.302,368.083,172.141,377.648,82.2578,320.374,439.324,482.256,127.252,262.879,335.514,126.317,57.7426,653.913,214.272,349.52,243.19,256.569,79.7532,235.09,180.5,109.762,256.481,153.146,419.138,150.364,76.8872,192.451,310.275,61.9037,83.4161,0,191.905,751.104,491.402,226.84,123.607,160.195,264.944,406.552,182.741,149.879,194.646,154.459,138.112,559.136,453.539,116.92,497.302,494.788,370.776,403.917,480.519,185.89,49.0269,171.825,248.066,298.33,293.244,250.738,305.436,1.6978,32.3165,273.415,425.949,311.242,203.665,704.976,124.583,100.836,88.3738,482.575,275.073,30.5035,283.649,225.123,200.799,203.029,96.2929,406.016,566.136,238.416,92.2816,461.031,57.7416,81.2599,173.517,349.381,387.5,428.134,421.481,256.494,86.5608,183.355,215.145,382.702,543.88,129.992,
mu: 
srcDuals: 
fixing. lower bound used: 26275.7
percent fixed: 5.67187
updating best lambda arc fixing
fixing. lower bound used: 26275.7
alpha: 5.40575
psiStar: 27438.3
lagLB: 26113.9
||gamma||^2: 245
fixing. lower bound used: 26253.8
percent fixed: 5.75263
updating best lambda arc fixing
fixing. lower bound used: 26253.8
alpha: 7.22513
psiStar: 27428.1
lagLB: 26243.2
||gamma||^2: 164
STATS - lpIterations[1] lagIterations[14] sspIterations[223] numSeparations[74] numCuts[0] compileTime[26] sspSolveTime[82] lpSolveTime[0] lb[26314.4] ub[27591] numArcs: [1598109] numFixed: [83964] time: [425]
STATS1 - lpIterations[1] lagIterations[14] sspIterations[223] numSeparations[74] numCuts[0] compileTime[26] sspSolveTime[82] lpSolveTime[0] repairTime[34] cutsTime[0] lb[26314.4] ub[27591] numArcs: [1598109] numFixed: [83964] time: [425]
lambda: 0,260.881,476.757,300.933,380.714,173.961,390.278,84.0771,318.555,437.504,484.076,125.433,264.699,342.739,122.73,70.3734,655.732,198.002,362.151,226.92,261.975,67.1224,247.721,171.455,100.718,258.301,165.777,424.544,162.995,62.4894,190.632,308.455,60.0843,96.047,0,197.31,736.707,487.815,239.471,125.426,172.826,277.575,419.183,184.56,162.509,207.277,145.414,150.743,571.767,455.359,107.875,509.932,496.607,368.956,416.548,476.932,198.521,18.4118,159.194,260.697,310.961,276.974,252.558,318.067,14.3287,44.9473,271.596,438.58,309.423,200.079,717.607,126.402,81.0325,101.005,473.583,287.704,21.5113,290.874,237.754,206.205,186.76,108.924,391.618,567.955,229.372,90.4622,444.762,59.561,93.8908,175.336,345.795,385.681,419.09,419.662,254.675,99.1917,195.986,206.101,384.521,545.699,113.722,
mu: 
srcDuals: 
fixing. lower bound used: 26314.4
percent fixed: 6.99938
updating best lambda arc fixing
fixing. lower bound used: 26314.4
alpha: 4.07824
psiStar: 27458.5
lagLB: 26182
||gamma||^2: 313
STATS - lpIterations[1] lagIterations[15] sspIterations[252] numSeparations[79] numCuts[0] compileTime[26] sspSolveTime[90] lpSolveTime[0] lb[26388.1] ub[27591] numArcs: [1598475] numFixed: [111168] time: [460]
STATS1 - lpIterations[1] lagIterations[15] sspIterations[252] numSeparations[79] numCuts[0] compileTime[26] sspSolveTime[90] lpSolveTime[0] repairTime[38] cutsTime[0] lb[26388.1] ub[27591] numArcs: [1598475] numFixed: [111168] time: [460]
lambda: 0,264.959,480.835,276.463,384.792,169.882,390.278,88.1554,322.633,441.583,475.919,129.511,268.777,346.818,118.652,54.0605,659.81,202.081,366.229,230.998,257.897,67.1224,231.408,175.534,104.796,254.223,145.385,428.622,162.995,66.5676,194.71,312.533,64.1625,100.125,0,197.31,740.785,487.815,235.393,121.348,160.591,261.262,419.183,188.638,150.275,211.355,149.493,150.743,543.219,459.437,111.953,505.854,492.529,373.035,420.626,481.011,190.364,22.49,163.273,244.384,306.882,281.053,248.479,305.832,2.09397,49.0256,275.674,438.58,313.501,204.157,721.685,118.246,85.1107,105.083,477.661,291.782,25.5896,290.874,241.833,210.283,190.838,96.6891,395.696,559.799,233.45,94.5404,448.84,51.4045,93.8908,171.258,349.873,389.759,423.168,423.74,254.675,103.27,191.907,210.179,380.443,537.543,117.8,
mu: 
srcDuals: 
fixing. lower bound used: 26388.1
percent fixed: 9.57907
updating best lambda arc fixing
fixing. lower bound used: 26388.1
alpha: 7.54374
psiStar: 27525.5
lagLB: 26326.1
||gamma||^2: 159
STATS - lpIterations[1] lagIterations[16] sspIterations[263] numSeparations[88] numCuts[0] compileTime[26] sspSolveTime[92] lpSolveTime[0] lb[26392.1] ub[27591] numArcs: [1599322] numFixed: [152395] time: [488]
STATS1 - lpIterations[1] lagIterations[16] sspIterations[263] numSeparations[88] numCuts[0] compileTime[26] sspSolveTime[92] lpSolveTime[0] repairTime[40] cutsTime[0] lb[26392.1] ub[27591] numArcs: [1599322] numFixed: [152395] time: [488]
lambda: 0,272.503,473.291,284.007,392.336,177.426,397.822,80.6116,330.177,441.583,483.463,137.055,276.32,324.186,126.196,61.6042,637.179,209.624,373.773,238.542,265.44,74.6661,238.952,183.077,112.34,261.766,152.929,436.166,170.539,59.0239,202.254,320.077,71.7063,92.5815,7.54374,204.854,733.241,495.359,242.937,128.892,168.135,268.806,426.727,196.182,157.818,218.899,157.036,158.287,550.763,451.893,119.497,513.398,500.073,380.578,428.17,450.836,197.908,30.0338,170.816,251.928,314.426,288.596,256.023,313.376,9.63771,56.5693,283.218,446.123,321.045,166.438,729.229,125.79,92.6545,112.627,477.661,284.239,10.5021,298.418,249.376,217.827,198.382,104.233,403.24,567.342,240.994,102.084,456.384,58.9482,101.435,178.802,334.786,397.303,430.712,416.196,262.218,110.814,199.451,217.723,387.986,545.086,125.344,
mu: 
srcDuals: 
fixing. lower bound used: 26392.1
percent fixed: 9.85784
updating best lambda arc fixing
fixing. lower bound used: 26392.1
alpha: 1.88892
psiStar: 27519.9
lagLB: 26216.6
||gamma||^2: 690
STATS - lpIterations[1] lagIterations[17] sspIterations[310] numSeparations[89] numCuts[0] compileTime[26] sspSolveTime[108] lpSolveTime[0] lb[26642.9] ub[27591] numArcs: [1599318] numFixed: [153811] time: [533]
STATS1 - lpIterations[1] lagIterations[17] sspIterations[310] numSeparations[89] numCuts[0] compileTime[26] sspSolveTime[108] lpSolveTime[0] repairTime[45] cutsTime[0] lb[26642.9] ub[27591] numArcs: [1599318] numFixed: [153811] time: [533]
lambda: 0,272.503,475.18,285.896,394.225,175.537,375.155,82.5006,330.177,443.472,479.685,135.166,274.432,326.075,122.418,63.4932,639.068,211.513,373.773,236.653,263.552,72.7772,240.84,181.188,108.562,257.989,154.818,434.277,168.65,60.9128,200.365,318.188,66.0395,90.6926,7.54374,201.076,735.13,472.692,244.826,119.447,166.246,270.695,419.171,198.071,155.93,220.788,153.259,160.176,552.652,453.782,113.83,511.509,492.517,380.578,426.281,452.725,199.797,30.0338,168.927,248.15,310.648,290.485,250.356,311.487,3.97095,45.2358,279.44,442.346,321.045,168.327,731.118,123.901,86.9877,112.627,479.55,286.128,12.391,294.64,230.487,215.938,200.27,102.344,405.129,561.676,240.994,100.195,458.273,51.3926,91.99,176.913,336.675,395.414,432.601,418.085,262.218,107.036,197.562,219.612,386.097,541.308,123.455,
mu: 
srcDuals: 
fixing. lower bound used: 26642.9
percent fixed: 23.7904
updating best lambda arc fixing
fixing. lower bound used: 26642.9
alpha: 12.0018
psiStar: 27771.8
lagLB: 26595.6
||gamma||^2: 98
fixing. lower bound used: 26636.7
percent fixed: 23.9416
updating best lambda arc fixing
fixing. lower bound used: 26636.7
alpha: 1.5551
psiStar: 27762.3
lagLB: 25286.6
||gamma||^2: 1592
fixing. lower bound used: 26583.9
percent fixed: 23.4951
fixing. lower bound used: 26636.7
alpha: 4.41012
psiStar: 27753
lagLB: 26368.2
||gamma||^2: 314
fixing. lower bound used: 26591.9
percent fixed: 23.6559
fixing. lower bound used: 26636.7
alpha: 7.15921
psiStar: 27743.8
lagLB: 26505.3
||gamma||^2: 173
fixing. lower bound used: 26587.5
percent fixed: 23.6631
fixing. lower bound used: 26636.7
alpha: 5.75281
psiStar: 27734.8
lagLB: 26492.2
||gamma||^2: 216
STATS - lpIterations[1] lagIterations[22] sspIterations[472] numSeparations[129] numCuts[0] compileTime[26] sspSolveTime[146] lpSolveTime[0] lb[26649.2] ub[27591] numArcs: [1605911] numFixed: [379668] time: [733]
STATS1 - lpIterations[1] lagIterations[22] sspIterations[472] numSeparations[129] numCuts[0] compileTime[26] sspSolveTime[146] lpSolveTime[0] repairTime[63] cutsTime[0] lb[26649.2] ub[27591] numArcs: [1605911] numFixed: [379668] time: [733]
lambda: 0,270.664,480.855,290.441,403.626,169.352,395.659,88.1754,335.497,438.729,472.242,130.679,275.554,336.734,127.738,47.3574,655.331,209.09,390.333,232.166,260.264,69.9507,230.457,188.064,98.3215,248.99,159.377,429.647,151.292,58.8121,201.842,331.384,64.407,71.5465,0.0637172,204.322,733.029,491.641,237.383,126.322,161.758,260.312,422.608,194.738,149.744,239.226,159.146,152.733,557.211,465.677,108.775,492.831,490.885,375.836,428.995,467.73,203.233,41.3128,155.732,251.013,310.216,297.928,234.221,309.897,9.60362,61.0742,265.192,441.913,320.761,192.047,761.997,107.765,95.4117,116.704,487.396,290.716,21.4313,286.873,255.401,209.752,192.243,89.2058,414.853,560.086,240.71,101.673,463.593,68.2757,75.6576,172.283,322.427,379.278,442.474,413.598,244.506,95.1976,192.72,215.549,381.467,525.173,113.072,
mu: 
srcDuals: 
fixing. lower bound used: 26649.2
percent fixed: 24.7715
updating best lambda arc fixing
fixing. lower bound used: 26649.2
alpha: 2.2594
psiStar: 27732.5
lagLB: 26347.4
||gamma||^2: 613
fixing. lower bound used: 26587.5
percent fixed: 24.3787
fixing. lower bound used: 26649.2
alpha: 11.5138
psiStar: 27723.7
lagLB: 26572.3
||gamma||^2: 100
fixing. lower bound used: 26589.3
percent fixed: 24.3839
fixing. lower bound used: 26649.2
alpha: 1.48182
psiStar: 27715.1
lagLB: 25533.9
||gamma||^2: 1472
STATS - lpIterations[1] lagIterations[25] sspIterations[582] numSeparations[138] numCuts[0] compileTime[26] sspSolveTime[177] lpSolveTime[0] lb[26808.4] ub[27591] numArcs: [1606496] numFixed: [395082] time: [859]
STATS1 - lpIterations[1] lagIterations[25] sspIterations[582] numSeparations[138] numCuts[0] compileTime[26] sspSolveTime[177] lpSolveTime[0] repairTime[75] cutsTime[0] lb[26808.4] ub[27591] numArcs: [1606496] numFixed: [395082] time: [859]
lambda: 0,272.436,481.923,302.732,414.436,161.579,381.542,89.2431,341.861,441.352,478.533,137.043,267.782,350.508,132.547,56.6851,646.077,221.381,396.624,240.012,274.037,77.7966,242.749,178.809,106.094,259.8,151.604,441.938,158.361,53.9526,209.688,336.193,69.2159,85.3196,7.13203,218.095,728.17,478.301,229.61,125.835,171.086,272.603,429.602,178.728,140.49,239.59,166.919,144.96,549.438,468.227,98.0392,508.086,501.694,382.2,429.358,481.503,193.979,23.8211,147.959,264.787,300.961,307.256,246.512,320.706,6.22586,50.0672,278.965,434.141,326.347,184.274,770.474,120.056,86.8109,123.068,479.623,301.525,12.1769,296.201,245.802,199.016,204.535,101.497,406.326,570.895,250.742,109.519,468.402,61.0833,87.1714,184.574,337.682,393.052,439.874,424.407,253.834,106.007,196.824,224.877,393.759,537.464,122.4,
mu: 
srcDuals: 
fixing. lower bound used: 26808.4
percent fixed: 39.8375
updating best lambda arc fixing
fixing. lower bound used: 26808.4
alpha: 5.31269
psiStar: 27872.2
lagLB: 26469.6
||gamma||^2: 264
fixing. lower bound used: 26798.7
percent fixed: 39.8915
updating best lambda arc fixing
fixing. lower bound used: 26798.7
alpha: 7.42265
psiStar: 27863.8
lagLB: 26609.4
||gamma||^2: 169
fixing. lower bound used: 26647.6
percent fixed: 38.7119
fixing. lower bound used: 26798.7
alpha: 5.50824
psiStar: 27855.6
lagLB: 26555.6
||gamma||^2: 236
fixing. lower bound used: 26757.1
percent fixed: 38.823
fixing. lower bound used: 26798.7
alpha: 12.0182
psiStar: 27847.4
lagLB: 26525.4
||gamma||^2: 110
fixing. lower bound used: 26547.2
percent fixed: 38.7107
fixing. lower bound used: 26798.7
alpha: 1.92492
psiStar: 27839.4
lagLB: 25793.3
||gamma||^2: 1063
STATS - lpIterations[1] lagIterations[30] sspIterations[762] numSeparations[161] numCuts[0] compileTime[26] sspSolveTime[219] lpSolveTime[0] lb[26873.3] ub[27591] numArcs: [1609643] numFixed: [629864] time: [1075]
STATS1 - lpIterations[1] lagIterations[30] sspIterations[762] numSeparations[161] numCuts[0] compileTime[26] sspSolveTime[219] lpSolveTime[0] repairTime[94] cutsTime[0] lb[26873.3] ub[27591] numArcs: [1609643] numFixed: [629864] time: [1075]
lambda: 0,255.76,472.093,305.382,421.131,176.975,376.615,82.9967,306.117,429.344,478.186,131.839,287.027,348.408,133.859,52.5591,663.418,201.38,390.573,229.957,286.045,62.7713,238.623,185.035,99.7766,253.945,163.15,444.784,168.248,54.8728,206.41,335.846,63.3606,91.8191,9.2591,226.448,729.09,469.524,237.572,125.488,168.619,268.477,432.284,190.007,159.735,251.402,166.11,154.847,560.984,458.397,111.531,510.273,503.005,376.415,430.278,474.808,205.986,23.8172,161.696,263.341,305.084,289.936,241.924,318.239,0,45.3152,289.243,447.878,326.196,197.02,773.585,119.318,79.6613,122.401,468.333,302.712,12.9046,295.391,263.144,210.583,212.959,102.417,404.397,565.04,253.587,106.24,460.614,63.0253,86.0026,181.911,313.656,397.822,426.382,425.985,255.216,105.144,192.627,229.668,389.171,540.309,105.058,
mu: 
srcDuals: 
fixing. lower bound used: 26873.3
percent fixed: 46.7299
updating best lambda arc fixing
fixing. lower bound used: 26873.3
alpha: 6.55752
psiStar: 27899
lagLB: 26653.1
||gamma||^2: 190
fixing. lower bound used: 26843.6
percent fixed: 46.5069
fixing. lower bound used: 26873.3
alpha: 4.41254
psiStar: 27891.3
lagLB: 26466
||gamma||^2: 323
fixing. lower bound used: 26662.8
percent fixed: 46.4225
fixing. lower bound used: 26873.3
alpha: 10.3089
psiStar: 27883.6
lagLB: 26605.3
||gamma||^2: 124
fixing. lower bound used: 26655.2
percent fixed: 46.4239
fixing. lower bound used: 26873.3
alpha: 2.38442
psiStar: 27876.1
lagLB: 26118.7
||gamma||^2: 737
fixing. lower bound used: 26823.4
percent fixed: 46.5284
fixing. lower bound used: 26873.3
alpha: 9.52944
psiStar: 27868.6
lagLB: 26658.4
||gamma||^2: 127
fixing. lower bound used: 26732.8
percent fixed: 46.43
fixing. lower bound used: 26873.3
alpha: 1.39328
psiStar: 27861.3
lagLB: 26189.4
||gamma||^2: 1200
fixing. lower bound used: 26708
percent fixed: 46.4127
fixing. lower bound used: 26873.3
alpha: 9.37872
psiStar: 27854.1
lagLB: 26625.5
||gamma||^2: 131
fixing. lower bound used: 26714.7
percent fixed: 46.4128
fixing. lower bound used: 26873.3
alpha: 2.37771
psiStar: 27847
lagLB: 26125.5
||gamma||^2: 724
fixing. lower bound used: 26766.4
percent fixed: 46.7547
updating best lambda arc fixing
fixing. lower bound used: 26766.4
alpha: 12.2318
psiStar: 27840
lagLB: 26665.7
||gamma||^2: 96
fixing. lower bound used: 26698.5
percent fixed: 35.0891
fixing. lower bound used: 26766.4
alpha: 1.4552
psiStar: 27833.1
lagLB: 25714.3
||gamma||^2: 1456
STATS - lpIterations[1] lagIterations[40] sspIterations[1128] numSeparations[212] numCuts[0] compileTime[26] sspSolveTime[302] lpSolveTime[0] lb[26897.7] ub[27591] numArcs: [1617143] numFixed: [567408] time: [1516]
STATS1 - lpIterations[1] lagIterations[40] sspIterations[1128] numSeparations[212] numCuts[0] compileTime[26] sspSolveTime[302] lpSolveTime[0] repairTime[129] cutsTime[0] lb[26897.7] ub[27591] numArcs: [1617143] numFixed: [567408] time: [1516]
lambda: 0,248.869,473.505,307.162,429.292,169.882,387.549,83.9429,322.068,436.079,470.739,141.797,288.869,356.595,126.331,55.1933,662.284,214.261,384.929,229.629,296.103,63.1764,241.257,204.213,84.7144,241.088,164.686,438.529,167.993,51.4132,214.906,324.664,51.3607,81.6976,5.78767,232.401,733.13,481.279,242.941,119.788,175.038,271.111,428.066,174.096,148.37,250.426,153.425,162.594,562.519,460.808,114.26,509.959,479.465,380.809,430.528,488.057,211.316,34.409,161.154,269.914,287.023,306.629,244.91,317.269,9.46014,34.4067,279.389,435.188,323.755,190.637,789.861,123.766,83.0472,126.091,492.32,291.715,25.0546,290.249,257.588,201.413,223.072,90.9067,401.454,568.341,250.537,114.736,480.617,58.1285,88.0271,189.659,340.724,380.59,432.02,415.112,256.879,124.869,187.865,230.392,396.919,547.135,99.3832,
mu: 
srcDuals: 
fixing. lower bound used: 26897.7
percent fixed: 49.3185
updating best lambda arc fixing
fixing. lower bound used: 26897.7
alpha: 6.05703
psiStar: 27851.5
lagLB: 26555.3
||gamma||^2: 214
fixing. lower bound used: 26855
percent fixed: 49.3278
updating best lambda arc fixing
fixing. lower bound used: 26855
alpha: 2.81087
psiStar: 27844.8
lagLB: 26605.2
||gamma||^2: 441
fixing. lower bound used: 26745.7
percent fixed: 49.5111
updating best lambda arc fixing
fixing. lower bound used: 26745.7
alpha: 10.5332
psiStar: 27838.1
lagLB: 26763.8
||gamma||^2: 102
fixing. lower bound used: 26785.3
percent fixed: 37.5737
fixing. lower bound used: 26745.7
alpha: 1.56561
psiStar: 27831.6
lagLB: 25808.9
||gamma||^2: 1292
fixing. lower bound used: 26887.5
percent fixed: 48.1059
fixing. lower bound used: 26745.7
alpha: 5.30416
psiStar: 27825.2
lagLB: 26711.3
||gamma||^2: 210
fixing. lower bound used: 26890.3
percent fixed: 48.3335
fixing. lower bound used: 26745.7
alpha: 2.00211
psiStar: 27818.8
lagLB: 26641.6
||gamma||^2: 588
fixing. lower bound used: 26884
percent fixed: 47.386
fixing. lower bound used: 26745.7
alpha: 10.2535
psiStar: 27812.6
lagLB: 26787.2
||gamma||^2: 100
fixing. lower bound used: 26797.9
percent fixed: 38.8149
fixing. lower bound used: 26745.7
alpha: 1.93424
psiStar: 27806.4
lagLB: 25771.6
||gamma||^2: 1052
STATS - lpIterations[1] lagIterations[48] sspIterations[1429] numSeparations[249] numCuts[0] compileTime[26] sspSolveTime[375] lpSolveTime[0] lb[27023.3] ub[27591] numArcs: [1622220] numFixed: [633948] time: [1879]
STATS1 - lpIterations[1] lagIterations[48] sspIterations[1429] numSeparations[249] numCuts[0] compileTime[26] sspSolveTime[375] lpSolveTime[0] repairTime[160] cutsTime[0] lb[27023.3] ub[27591] numArcs: [1622220] numFixed: [633948] time: [1879]
lambda: 0,239.682,465.729,304.795,423.195,173.294,385.281,85.9743,338.051,432.087,482.328,140.601,292.281,353.84,137.795,53.575,658.518,206.796,366.569,220.551,288.913,77.1366,251.738,203.689,94.6703,239.79,163.332,445.777,161.064,43.6376,210.209,344.314,61.1452,89.3539,11.0129,227.332,731.225,477.009,237.259,125.688,160.667,271.059,426.041,187.002,154.113,263.4,165.316,158.846,561.166,456.901,110.82,502.953,498.86,371.15,428.005,488.981,208.622,36.469,158.509,261.711,306.696,304.539,241.462,319.627,0.806711,38.8124,289.48,444.301,331.986,195.11,798.904,122.252,88.1865,121.238,488.111,293.411,18.9107,285.313,258.872,208.283,208.428,93.0378,411.827,556.037,252.931,111.606,473.124,61.3532,87.6514,189.342,335.237,387.838,437.823,420.616,243.048,119.912,189.777,232.659,395.036,545.621,94.7029,
mu: 
srcDuals: 
fixing. lower bound used: 27023.3
percent fixed: 62.9945
updating best lambda arc fixing
fixing. lower bound used: 27023.3
alpha: 6.40227
psiStar: 27930.2
lagLB: 26764.9
||gamma||^2: 182
fixing. lower bound used: 26966.7
percent fixed: 62.8462
fixing. lower bound used: 27023.3
alpha: 3.17063
psiStar: 27924.1
lagLB: 26592.5
||gamma||^2: 420
fixing. lower bound used: 26794.4
percent fixed: 63.1371
updating best lambda arc fixing
fixing. lower bound used: 26794.4
alpha: 10.7675
psiStar: 27918.2
lagLB: 26755.3
||gamma||^2: 108
fixing. lower bound used: 26788.8
percent fixed: 38.5397
fixing. lower bound used: 26794.4
alpha: 0.860275
psiStar: 27912.3
lagLB: 25417.5
||gamma||^2: 2900
fixing. lower bound used: 26870.9
percent fixed: 46.5609
fixing. lower bound used: 26794.4
alpha: 5.47509
psiStar: 27906.5
lagLB: 26461
||gamma||^2: 264
fixing. lower bound used: 26858.1
percent fixed: 45.1932
fixing. lower bound used: 26794.4
alpha: 3.62159
psiStar: 27900.7
lagLB: 26629.5
||gamma||^2: 351
fixing. lower bound used: 26735.1
percent fixed: 38.0774
fixing. lower bound used: 26794.4
alpha: 10.3407
psiStar: 27895.1
lagLB: 26778.3
||gamma||^2: 108
fixing. lower bound used: 26795.9
percent fixed: 39.5329
fixing. lower bound used: 26794.4
alpha: 1.79227
psiStar: 27889.5
lagLB: 25649.1
||gamma||^2: 1250
fixing. lower bound used: 26932.9
percent fixed: 53.5573
fixing. lower bound used: 26794.4
alpha: 4.30081
psiStar: 27884
lagLB: 26619.5
||gamma||^2: 294
fixing. lower bound used: 26898.6
percent fixed: 49.8039
fixing. lower bound used: 26794.4
alpha: 9.91275
psiStar: 27878.5
lagLB: 26738.5
||gamma||^2: 115
fixing. lower bound used: 26760.8
percent fixed: 38.1705
fixing. lower bound used: 26794.4
alpha: 0.881424
psiStar: 27873.1
lagLB: 25645.8
||gamma||^2: 2527
fixing. lower bound used: 26965.3
percent fixed: 56.833
fixing. lower bound used: 26794.4
alpha: 4.44212
psiStar: 27867.8
lagLB: 26624
||gamma||^2: 280
fixing. lower bound used: 26949.9
percent fixed: 55.3881
fixing. lower bound used: 26794.4
alpha: 3.91514
psiStar: 27862.6
lagLB: 26719.4
||gamma||^2: 292
fixing. lower bound used: 26815.5
percent fixed: 55.4623
fixing. lower bound used: 26794.4
alpha: 7.80979
psiStar: 27857.4
lagLB: 26709.4
||gamma||^2: 147
fixing. lower bound used: 26814.4
percent fixed: 41.1519
fixing. lower bound used: 26794.4
alpha: 3.51158
psiStar: 27852.3
lagLB: 26521.4
||gamma||^2: 379
fixing. lower bound used: 26756.2
percent fixed: 38.2012
fixing. lower bound used: 26794.4
alpha: 7.67094
psiStar: 27847.2
lagLB: 26742.6
||gamma||^2: 144
fixing. lower bound used: 26769.6
percent fixed: 38.3449
fixing. lower bound used: 26794.4
alpha: 3.31231
psiStar: 27842.2
lagLB: 26480.9
||gamma||^2: 411
fixing. lower bound used: 26921.7
percent fixed: 52.1328
fixing. lower bound used: 26794.4
alpha: 10.2289
psiStar: 27837.3
lagLB: 26763.3
||gamma||^2: 105
fixing. lower bound used: 26788.3
percent fixed: 39.0003
fixing. lower bound used: 26794.4
alpha: 1.76727
psiStar: 27832.4
lagLB: 25828.3
||gamma||^2: 1134
fixing. lower bound used: 26867.4
percent fixed: 46.4823
fixing. lower bound used: 26794.4
alpha: 6.95358
psiStar: 27827.6
lagLB: 26722
||gamma||^2: 159
fixing. lower bound used: 26853.5
percent fixed: 44.9884
fixing. lower bound used: 26794.4
alpha: 1.31091
psiStar: 27822.8
lagLB: 26408.4
||gamma||^2: 1079
fixing. lower bound used: 26849.3
percent fixed: 45.4798
fixing. lower bound used: 26794.4
alpha: 7.02322
psiStar: 27818.1
lagLB: 26827.9
||gamma||^2: 141
fixing. lower bound used: 26851.7
percent fixed: 44.4926
fixing. lower bound used: 26794.4
alpha: 1.96925
psiStar: 27813.5
lagLB: 26366.1
||gamma||^2: 735
fixing. lower bound used: 26857.1
percent fixed: 45.837
fixing. lower bound used: 26794.4
alpha: 9.57602
psiStar: 27808.9
lagLB: 26813
||gamma||^2: 104
fixing. lower bound used: 26840.5
percent fixed: 43.6293
fixing. lower bound used: 26794.4
alpha: 1.68468
psiStar: 27804.4
lagLB: 26155.1
||gamma||^2: 979
fixing. lower bound used: 26953
percent fixed: 55.1483
fixing. lower bound used: 26794.4
alpha: 4.85795
psiStar: 27799.9
lagLB: 26794.3
||gamma||^2: 207
fixing. lower bound used: 26936
percent fixed: 53.4679
fixing. lower bound used: 26794.4
alpha: 1.708
psiStar: 27795.4
lagLB: 26704
||gamma||^2: 639
fixing. lower bound used: 26876.8
percent fixed: 53.618
fixing. lower bound used: 26794.4
alpha: 9.36731
psiStar: 27791
lagLB: 26854.3
||gamma||^2: 100
fixing. lower bound used: 26855.6
percent fixed: 45.1419
fixing. lower bound used: 26794.4
alpha: 1.75384
psiStar: 27786.7
lagLB: 25645.3
||gamma||^2: 1221
STATS - lpIterations[1] lagIterations[77] sspIterations[2485] numSeparations[356] numCuts[0] compileTime[26] sspSolveTime[646] lpSolveTime[0] lb[27099.8] ub[27591] numArcs: [1635446] numFixed: [742247] time: [3224]
STATS1 - lpIterations[1] lagIterations[77] sspIterations[2485] numSeparations[356] numCuts[0] compileTime[26] sspSolveTime[646] lpSolveTime[0] repairTime[273] cutsTime[0] lb[27099.8] ub[27591] numArcs: [1635446] numFixed: [742247] time: [3224]
lambda: 0,233.97,469.449,299.555,429.013,170.968,384.797,98.8876,341.508,433.007,478.119,136.996,294.256,353.382,132.357,47.9349,665.751,218.901,385.499,229.171,284.023,71.0488,246.097,197.593,79.6354,243.63,163.034,462.401,163.088,48.7132,210.151,333.676,72.5577,103.639,12.6479,212.222,736.292,481.382,240.728,126.094,177.552,265.419,430.251,195.926,159.882,267.158,162.737,163.197,560.868,460.896,113.562,516.336,496.464,379.358,416.421,488.324,193.885,23.6997,160.484,266.412,305.211,310.269,235.698,317.938,1.94684,41.6696,295.138,448.6,334.481,188.064,794.557,115.745,75.4759,122.392,502.083,293.866,11.9465,294.782,261.728,210.051,218.675,102.936,413.117,562.29,249.66,111.547,477.471,56.6429,93.915,188.84,327.037,400.709,441.265,422.688,251.019,114.986,189.836,226.957,392.78,548.61,106.871,
mu: 
srcDuals: 
fixing. lower bound used: 27099.8
percent fixed: 70.8941
updating best lambda arc fixing
fixing. lower bound used: 27099.8
alpha: 3.55164
psiStar: 27861.1
lagLB: 26809.8
||gamma||^2: 296
fixing. lower bound used: 27072.1
percent fixed: 70.8056
fixing. lower bound used: 27099.8
alpha: 3.79944
psiStar: 27856.8
lagLB: 26850
||gamma||^2: 265
fixing. lower bound used: 26910.5
percent fixed: 70.7533
fixing. lower bound used: 27099.8
alpha: 4.61416
psiStar: 27852.6
lagLB: 26791.4
||gamma||^2: 230
fixing. lower bound used: 26913.2
percent fixed: 71.1265
updating best lambda arc fixing
fixing. lower bound used: 26913.2
alpha: 7.79442
psiStar: 27848.5
lagLB: 26780.6
||gamma||^2: 137
fixing. lower bound used: 26832.6
percent fixed: 71.1306
updating best lambda arc fixing
fixing. lower bound used: 26823.1
alpha: 3.10343
psiStar: 27844.3
lagLB: 26494.4
||gamma||^2: 435
fixing. lower bound used: 26869.6
percent fixed: 46.495
fixing. lower bound used: 26823.1
alpha: 10.0723
psiStar: 27840.3
lagLB: 26772.6
||gamma||^2: 106
fixing. lower bound used: 26795.6
percent fixed: 41.836
fixing. lower bound used: 26823.1
alpha: 1.75778
psiStar: 27836.3
lagLB: 25677.7
||gamma||^2: 1228
fixing. lower bound used: 26995.3
percent fixed: 59.9431
fixing. lower bound used: 26823.1
alpha: 4.06195
psiStar: 27832.3
lagLB: 26715.2
||gamma||^2: 275
fixing. lower bound used: 26977.5
percent fixed: 58.0851
fixing. lower bound used: 26823.1
alpha: 10.3552
psiStar: 27828.3
lagLB: 26823.9
||gamma||^2: 97
fixing. lower bound used: 26823.6
percent fixed: 42.4696
fixing. lower bound used: 26823.1
alpha: 1.20174
psiStar: 27824.4
lagLB: 25490.7
||gamma||^2: 1942
STATS - lpIterations[1] lagIterations[87] sspIterations[2882] numSeparations[376] numCuts[0] compileTime[26] sspSolveTime[748] lpSolveTime[0] lb[27144.9] ub[27591] numArcs: [1637176] numFixed: [700352] time: [3706]
STATS1 - lpIterations[1] lagIterations[87] sspIterations[2882] numSeparations[376] numCuts[0] compileTime[26] sspSolveTime[748] lpSolveTime[0] repairTime[313] cutsTime[0] lb[27144.9] ub[27591] numArcs: [1637176] numFixed: [700352] time: [3706]
lambda: 0,236.576,462.787,306.937,429.087,168.595,385.856,90.567,340.418,429.185,476.759,140.354,291.883,360.259,139.617,45.1688,668.546,223.322,387.311,226.343,295.037,73.1799,245.089,206.633,88.6549,249.499,166.562,461.868,157.408,46.0447,213.509,338.513,73.773,102.596,13.025,234.711,735.088,484.483,241.008,129.526,176.4,262.652,434.317,191.861,163.344,262.018,168.241,163.477,564.395,466.99,114.027,519.227,500.909,372.66,425.786,496.702,206.414,29.8222,158.111,255.111,299.729,316.051,237.318,323.973,4.91331,41.243,301.559,445.059,338.587,196.905,804.072,118.567,86.7951,131.032,496.181,293.827,12.734,286.915,265.747,211.347,218.827,101.227,419.61,564.594,245.087,114.905,481.541,59.9528,89.3724,192.864,325.613,401.97,440.667,419.294,257.768,125.959,193.32,229.089,396.804,552.634,108.787,
mu: 
srcDuals: 
fixing. lower bound used: 27144.9
percent fixed: 75.2418
updating best lambda arc fixing
fixing. lower bound used: 27144.9
alpha: 2.57682
psiStar: 27866.9
lagLB: 26596.5
||gamma||^2: 493
fixing. lower bound used: 27114.2
percent fixed: 75.1952
fixing. lower bound used: 27144.9
alpha: 9.15148
psiStar: 27863
lagLB: 26947.9
||gamma||^2: 100
fixing. lower bound used: 26989.6
percent fixed: 75.523
updating best lambda arc fixing
fixing. lower bound used: 26989.6
alpha: 1.88133
psiStar: 27859.3
lagLB: 25710.8
||gamma||^2: 1142
fixing. lower bound used: 27029.7
percent fixed: 75.5261
updating best lambda arc fixing
fixing. lower bound used: 27029.7
alpha: 4.47559
psiStar: 27855.5
lagLB: 26736.6
||gamma||^2: 250
fixing. lower bound used: 26997.1
percent fixed: 63.8354
fixing. lower bound used: 27029.7
alpha: 4.39836
psiStar: 27851.8
lagLB: 26840.2
||gamma||^2: 230
fixing. lower bound used: 26893.7
percent fixed: 64.0867
fixing. lower bound used: 27029.7
alpha: 4.54852
psiStar: 27848.2
lagLB: 26779.3
||gamma||^2: 235
fixing. lower bound used: 26939.7
percent fixed: 64.0944
fixing. lower bound used: 27029.7
alpha: 7.0673
psiStar: 27844.5
lagLB: 26848.1
||gamma||^2: 141
fixing. lower bound used: 26871.2
percent fixed: 63.7709
fixing. lower bound used: 27029.7
alpha: 4.41515
psiStar: 27841
lagLB: 26476.7
||gamma||^2: 309
fixing. lower bound used: 26821.7
percent fixed: 63.7671
fixing. lower bound used: 27029.7
alpha: 9.43646
psiStar: 27837.4
lagLB: 26761.6
||gamma||^2: 114
fixing. lower bound used: 26787.4
percent fixed: 63.7667
fixing. lower bound used: 27029.7
alpha: 1.71799
psiStar: 27833.9
lagLB: 26009.4
||gamma||^2: 1062
fixing. lower bound used: 26970.4
percent fixed: 63.8271
fixing. lower bound used: 27029.7
alpha: 6.35113
psiStar: 27830.4
lagLB: 26801.5
||gamma||^2: 162
fixing. lower bound used: 26958.9
percent fixed: 63.8328
fixing. lower bound used: 27029.7
alpha: 1.90801
psiStar: 27827
lagLB: 26403.6
||gamma||^2: 746
fixing. lower bound used: 26884.5
percent fixed: 63.802
fixing. lower bound used: 27029.7
alpha: 9.46204
psiStar: 27823.6
lagLB: 26877.3
||gamma||^2: 100
fixing. lower bound used: 26897
percent fixed: 63.8045
fixing. lower bound used: 27029.7
alpha: 1.45632
psiStar: 27820.2
lagLB: 25782.8
||gamma||^2: 1399
fixing. lower bound used: 27003.8
percent fixed: 64.0949
fixing. lower bound used: 27029.7
alpha: 3.81291
psiStar: 27816.8
lagLB: 26726.3
||gamma||^2: 286
fixing. lower bound used: 26983.6
percent fixed: 63.8385
fixing. lower bound used: 27029.7
alpha: 6.88034
psiStar: 27813.5
lagLB: 26870.9
||gamma||^2: 137
fixing. lower bound used: 26890
percent fixed: 63.8009
fixing. lower bound used: 27029.7
alpha: 1.77308
psiStar: 27810.2
lagLB: 26249.9
||gamma||^2: 880
fixing. lower bound used: 27049.8
percent fixed: 65.6525
fixing. lower bound used: 27029.7
alpha: 6.86906
psiStar: 27807
lagLB: 26934.6
||gamma||^2: 127
fixing. lower bound used: 26993.9
percent fixed: 63.9147
fixing. lower bound used: 27029.7
alpha: 1.99471
psiStar: 27803.8
lagLB: 26331.7
||gamma||^2: 738
fixing. lower bound used: 26965.9
percent fixed: 63.8299
fixing. lower bound used: 27029.7
alpha: 6.23899
psiStar: 27800.6
lagLB: 26827.3
||gamma||^2: 156
fixing. lower bound used: 26897
percent fixed: 63.8076
fixing. lower bound used: 27029.7
alpha: 2.84341
psiStar: 27797.5
lagLB: 26614.6
||gamma||^2: 416
fixing. lower bound used: 26937.6
percent fixed: 64.079
fixing. lower bound used: 27029.7
alpha: 7.99694
psiStar: 27794.3
lagLB: 26866.7
||gamma||^2: 116
fixing. lower bound used: 26884.5
percent fixed: 63.8034
fixing. lower bound used: 27029.7
alpha: 2.4736
psiStar: 27791.2
lagLB: 26507.4
||gamma||^2: 519
fixing. lower bound used: 26967.4
percent fixed: 64.0779
fixing. lower bound used: 27029.7
alpha: 9.20722
psiStar: 27788.2
lagLB: 26821.4
||gamma||^2: 105
fixing. lower bound used: 26867.4
percent fixed: 63.8021
fixing. lower bound used: 27029.7
alpha: 1.55656
psiStar: 27785.1
lagLB: 25915.7
||gamma||^2: 1201
fixing. lower bound used: 27033.6
percent fixed: 64.8634
fixing. lower bound used: 27029.7
alpha: 3.82504
psiStar: 27782.1
lagLB: 26841.2
||gamma||^2: 246
fixing. lower bound used: 27017.2
percent fixed: 64.0848
fixing. lower bound used: 27029.7
alpha: 7.42273
psiStar: 27779.2
lagLB: 26851.3
||gamma||^2: 125
fixing. lower bound used: 26875.7
percent fixed: 64.2975
fixing. lower bound used: 27029.7
alpha: 1.67909
psiStar: 27776.2
lagLB: 26291.9
||gamma||^2: 884
fixing. lower bound used: 27016.2
percent fixed: 64.4972
fixing. lower bound used: 27029.7
alpha: 5.855
psiStar: 27773.3
lagLB: 26906.7
||gamma||^2: 148
fixing. lower bound used: 26978.5
percent fixed: 64.4975
fixing. lower bound used: 27029.7
alpha: 3.57704
psiStar: 27770.4
lagLB: 26665.1
||gamma||^2: 309
fixing. lower bound used: 26875.6
percent fixed: 64.4969
fixing. lower bound used: 27029.7
alpha: 3.18221
psiStar: 27767.5
lagLB: 26796.9
||gamma||^2: 305
fixing. lower bound used: 26860
percent fixed: 63.806
fixing. lower bound used: 27029.7
alpha: 7.68016
psiStar: 27764.7
lagLB: 26850.7
||gamma||^2: 119
fixing. lower bound used: 26914.7
percent fixed: 64.0785
fixing. lower bound used: 27029.7
alpha: 2.79328
psiStar: 27761.9
lagLB: 26490.9
||gamma||^2: 455
fixing. lower bound used: 26899.7
percent fixed: 63.8133
fixing. lower bound used: 27029.7
alpha: 8.2261
psiStar: 27759.1
lagLB: 26829.5
||gamma||^2: 113
fixing. lower bound used: 26840.6
percent fixed: 63.8048
fixing. lower bound used: 27029.7
alpha: 1.69311
psiStar: 27756.3
lagLB: 26230.8
||gamma||^2: 901
fixing. lower bound used: 27083.4
percent fixed: 69.4201
fixing. lower bound used: 27029.7
alpha: 6.00255
psiStar: 27753.6
lagLB: 26877.2
||gamma||^2: 146
fixing. lower bound used: 27020.9
percent fixed: 64.2274
fixing. lower bound used: 27029.7
alpha: 1.75482
psiStar: 27750.8
lagLB: 26671.6
||gamma||^2: 615
fixing. lower bound used: 26911.3
percent fixed: 64.4367
fixing. lower bound used: 27029.7
alpha: 8.55333
psiStar: 27748.2
lagLB: 26892.8
||gamma||^2: 100
fixing. lower bound used: 26897
percent fixed: 63.8123
fixing. lower bound used: 27029.7
alpha: 1.27698
psiStar: 27745.5
lagLB: 25918.1
||gamma||^2: 1431
fixing. lower bound used: 27121.4
percent fixed: 72.8753
fixing. lower bound used: 27029.7
alpha: 2.75967
psiStar: 27742.8
lagLB: 26815.6
||gamma||^2: 336
fixing. lower bound used: 27111.3
percent fixed: 71.7384
fixing. lower bound used: 27029.7
alpha: 4.91368
psiStar: 27740.2
lagLB: 26973.7
||gamma||^2: 156
fixing. lower bound used: 27013.4
percent fixed: 71.9066
fixing. lower bound used: 27029.7
alpha: 2.79549
psiStar: 27737.6
lagLB: 26728.4
||gamma||^2: 361
fixing. lower bound used: 27012.8
percent fixed: 64.2413
fixing. lower bound used: 27029.7
alpha: 7.00594
psiStar: 27735
lagLB: 26887.3
||gamma||^2: 121
fixing. lower bound used: 26913.8
percent fixed: 64.4536
fixing. lower bound used: 27029.7
alpha: 1.76055
psiStar: 27732.5
lagLB: 26470.2
||gamma||^2: 717
fixing. lower bound used: 27066.2
percent fixed: 67.6338
fixing. lower bound used: 27029.7
alpha: 5.62607
psiStar: 27729.9
lagLB: 26925.4
||gamma||^2: 143
fixing. lower bound used: 27024.7
percent fixed: 67.6506
fixing. lower bound used: 27029.7
alpha: 1.24552
psiStar: 27727.4
lagLB: 26566.6
||gamma||^2: 932
fixing. lower bound used: 27013.7
percent fixed: 67.6515
fixing. lower bound used: 27029.7
alpha: 6.34419
psiStar: 27724.9
lagLB: 26919.2
||gamma||^2: 127
fixing. lower bound used: 26979.6
percent fixed: 63.8533
fixing. lower bound used: 27029.7
alpha: 1.97332
psiStar: 27722.5
lagLB: 26595.7
||gamma||^2: 571
fixing. lower bound used: 26941.9
percent fixed: 63.8265
fixing. lower bound used: 27029.7
alpha: 7.83649
psiStar: 27720
lagLB: 26897.2
||gamma||^2: 105
fixing. lower bound used: 26918.6
percent fixed: 63.8292
fixing. lower bound used: 27029.7
alpha: 0.839813
psiStar: 27717.6
lagLB: 26220.2
||gamma||^2: 1783
fixing. lower bound used: 27043.3
percent fixed: 65.2815
fixing. lower bound used: 27029.7
alpha: 3.7857
psiStar: 27715.2
lagLB: 26825.6
||gamma||^2: 235
fixing. lower bound used: 27033.2
percent fixed: 64.5217
fixing. lower bound used: 27029.7
alpha: 5.9718
psiStar: 27712.8
lagLB: 26870.8
||gamma||^2: 141
fixing. lower bound used: 26936.7
percent fixed: 64.7256
fixing. lower bound used: 27029.7
alpha: 1.83477
psiStar: 27710.4
lagLB: 26727
||gamma||^2: 536
fixing. lower bound used: 27039.3
percent fixed: 64.914
fixing. lower bound used: 27029.7
alpha: 6.94162
psiStar: 27708.1
lagLB: 26958.4
||gamma||^2: 108
fixing. lower bound used: 26996.8
percent fixed: 63.8629
fixing. lower bound used: 27029.7
alpha: 0.727353
psiStar: 27705.8
lagLB: 26147.1
||gamma||^2: 2143
fixing. lower bound used: 26987.7
percent fixed: 64.088
fixing. lower bound used: 27029.7
alpha: 3.18575
psiStar: 27703.5
lagLB: 26719.1
||gamma||^2: 309
fixing. lower bound used: 26992.6
percent fixed: 63.8582
fixing. lower bound used: 27029.7
alpha: 4.42243
psiStar: 27701.2
lagLB: 26914
||gamma||^2: 178
fixing. lower bound used: 26960.8
percent fixed: 64.0855
fixing. lower bound used: 27029.7
alpha: 3.39095
psiStar: 27698.9
lagLB: 26851.2
||gamma||^2: 250
fixing. lower bound used: 27031.5
percent fixed: 64.8612
fixing. lower bound used: 27029.7
alpha: 7.53387
psiStar: 27696.7
lagLB: 26883
||gamma||^2: 108
fixing. lower bound used: 26909.7
percent fixed: 64.8624
fixing. lower bound used: 27029.7
alpha: 1.69473
psiStar: 27694.4
lagLB: 26352.2
||gamma||^2: 792
fixing. lower bound used: 27077
percent fixed: 68.7303
fixing. lower bound used: 27029.7
alpha: 3.25429
psiStar: 27692.2
lagLB: 26898.2
||gamma||^2: 244
fixing. lower bound used: 27045.2
percent fixed: 65.4175
fixing. lower bound used: 27029.7
alpha: 4.20703
psiStar: 27690
lagLB: 26911.7
||gamma||^2: 185
fixing. lower bound used: 26988.5
percent fixed: 65.6101
fixing. lower bound used: 27029.7
alpha: 1.61631
psiStar: 27687.8
lagLB: 26795.6
||gamma||^2: 552
fixing. lower bound used: 27019.4
percent fixed: 65.6363
fixing. lower bound used: 27029.7
alpha: 7.29116
psiStar: 27685.7
lagLB: 26949.3
||gamma||^2: 101
fixing. lower bound used: 26960
percent fixed: 63.8313
fixing. lower bound used: 27029.7
alpha: 1.31605
psiStar: 27683.5
lagLB: 26359.6
||gamma||^2: 1006
fixing. lower bound used: 27104.6
percent fixed: 71.1091
fixing. lower bound used: 27029.7
alpha: 4.91411
psiStar: 27681.4
lagLB: 26865.6
||gamma||^2: 166
fixing. lower bound used: 27052.5
percent fixed: 65.9533
fixing. lower bound used: 27029.7
alpha: 1.98651
psiStar: 27679.3
lagLB: 26773.4
||gamma||^2: 456
fixing. lower bound used: 26987.7
percent fixed: 66.1414
fixing. lower bound used: 27029.7
alpha: 6.8781
psiStar: 27677.2
lagLB: 26934.3
||gamma||^2: 108
fixing. lower bound used: 26959.2
percent fixed: 63.8304
fixing. lower bound used: 27029.7
alpha: 1.80518
psiStar: 27675.1
lagLB: 26518
||gamma||^2: 641
fixing. lower bound used: 27099
percent fixed: 70.354
fixing. lower bound used: 27029.7
alpha: 6.30967
psiStar: 27673
lagLB: 26991.6
||gamma||^2: 108
fixing. lower bound used: 27031.7
percent fixed: 64.4364
fixing. lower bound used: 27029.7
alpha: 0.991017
psiStar: 27671
lagLB: 26434.2
||gamma||^2: 1248
fixing. lower bound used: 27036.9
percent fixed: 64.9707
fixing. lower bound used: 27029.7
alpha: 3.64316
psiStar: 27669
lagLB: 26914.8
||gamma||^2: 207
fixing. lower bound used: 27023.2
percent fixed: 64.0673
fixing. lower bound used: 27029.7
alpha: 5.24919
psiStar: 27666.9
lagLB: 26953.1
||gamma||^2: 136
fixing. lower bound used: 26992.8
percent fixed: 64.2807
fixing. lower bound used: 27029.7
alpha: 1.55681
psiStar: 27664.9
lagLB: 26597
||gamma||^2: 686
fixing. lower bound used: 27036.7
percent fixed: 64.9804
fixing. lower bound used: 27029.7
alpha: 5.55178
psiStar: 27663
lagLB: 26957.9
||gamma||^2: 127
fixing. lower bound used: 27016.3
percent fixed: 64.9918
fixing. lower bound used: 27029.7
alpha: 1.83289
psiStar: 27661
lagLB: 26687.7
||gamma||^2: 531
fixing. lower bound used: 27002.5
percent fixed: 64.9943
fixing. lower bound used: 27029.7
alpha: 6.15346
psiStar: 27659
lagLB: 26945.2
||gamma||^2: 116
fixing. lower bound used: 26958.6
percent fixed: 63.8258
fixing. lower bound used: 27029.7
alpha: 1.24948
psiStar: 27657.1
lagLB: 26520.1
||gamma||^2: 910
fixing. lower bound used: 27114.2
percent fixed: 72.1581
fixing. lower bound used: 27029.7
alpha: 4.26961
psiStar: 27655.2
lagLB: 26929.3
||gamma||^2: 170
fixing. lower bound used: 27058.6
percent fixed: 72.2599
fixing. lower bound used: 27029.7
alpha: 1.79122
psiStar: 27653.3
lagLB: 26770.2
||gamma||^2: 493
fixing. lower bound used: 27003.3
percent fixed: 72.2646
fixing. lower bound used: 27029.7
alpha: 5.06139
psiStar: 27651.4
lagLB: 26983.3
||gamma||^2: 132
fixing. lower bound used: 26997.3
percent fixed: 63.8881
fixing. lower bound used: 27029.7
alpha: 1.45497
psiStar: 27649.5
lagLB: 26562.6
||gamma||^2: 747
fixing. lower bound used: 27043.9
percent fixed: 65.8352
fixing. lower bound used: 27029.7
alpha: 5.84559
psiStar: 27647.6
lagLB: 26981.2
||gamma||^2: 114
fixing. lower bound used: 27009.6
percent fixed: 63.96
fixing. lower bound used: 27029.7
alpha: 1.32635
psiStar: 27645.8
lagLB: 26509.1
||gamma||^2: 857
fixing. lower bound used: 27091.5
percent fixed: 69.8899
fixing. lower bound used: 27029.7
alpha: 4.39679
psiStar: 27643.9
lagLB: 26962.4
||gamma||^2: 155
fixing. lower bound used: 27047.6
percent fixed: 65.6829
fixing. lower bound used: 27029.7
alpha: 2.22568
psiStar: 27642.1
lagLB: 26856.4
||gamma||^2: 353
fixing. lower bound used: 26977.5
percent fixed: 65.8681
fixing. lower bound used: 27029.7
alpha: 6.82793
psiStar: 27640.3
lagLB: 26957.5
||gamma||^2: 100
fixing. lower bound used: 26967.5
percent fixed: 65.878
fixing. lower bound used: 27029.7
alpha: 1.70056
psiStar: 27638.5
lagLB: 26358
||gamma||^2: 753
STATS - lpIterations[1] lagIterations[175] sspIterations[6166] numSeparations[517] numCuts[0] compileTime[26] sspSolveTime[1319] lpSolveTime[0] lb[27160.7] ub[27591] numArcs: [1653199] numFixed: [1092842] time: [7476]
STATS1 - lpIterations[1] lagIterations[175] sspIterations[6166] numSeparations[517] numCuts[0] compileTime[26] sspSolveTime[1319] lpSolveTime[0] repairTime[614] cutsTime[0] lb[27160.7] ub[27591] numArcs: [1653199] numFixed: [1092842] time: [7476]
lambda: 0,232.843,460.419,306.371,427.855,165.556,387.552,99.3521,332.157,418.321,482.572,136.466,294.816,348.105,131.738,37.4449,666.353,212.813,380.82,222.794,299.734,72.1572,246.069,203.318,81.8144,251.132,162.508,466.416,158.809,44.0088,212.822,331.159,77.6928,106.038,15.7159,240.291,725.352,478.603,240.005,121.677,167.335,255.475,428.544,196.539,155.54,271.672,156.553,162.474,560.342,467.346,108.863,519.837,501.05,367.614,423.648,494.333,203.431,40.1389,156.615,258.963,303.998,312.667,229.35,313.781,5.32701,34.1675,296.865,449.651,328.642,188.955,799.307,112.729,73.5653,126.999,491.898,280.473,11.2577,289.875,263.352,205.047,202.317,99.6154,424.637,560.858,246.115,116.126,483,53.0676,97.6461,196.575,323.352,393.828,439.615,430.134,254.883,139.117,190.115,220.899,393.646,550.097,99.8874,
mu: 
srcDuals: 
fixing. lower bound used: 27160.7
percent fixed: 76.3945
updating best lambda arc fixing
fixing. lower bound used: 27160.7
alpha: 3.52296
psiStar: 27652.7
lagLB: 26983.4
||gamma||^2: 190
fixing. lower bound used: 27107.9
percent fixed: 76.2546
fixing. lower bound used: 27160.7
alpha: 4.54875
psiStar: 27651
lagLB: 26932.3
||gamma||^2: 158
fixing. lower bound used: 26984.9
percent fixed: 76.5552
updating best lambda arc fixing
fixing. lower bound used: 26984.9
alpha: 1.20969
psiStar: 27649.2
lagLB: 26669.3
||gamma||^2: 810
fixing. lower bound used: 27041.1
percent fixed: 76.5579
updating best lambda arc fixing
fixing. lower bound used: 27041.1
alpha: 6.4532
psiStar: 27647.4
lagLB: 27002.1
||gamma||^2: 100
fixing. lower bound used: 27030.9
percent fixed: 76.5581
updating best lambda arc fixing
fixing. lower bound used: 27030.9
alpha: 1.88691
psiStar: 27645.7
lagLB: 26524.9
||gamma||^2: 594
fixing. lower bound used: 27091.2
percent fixed: 76.5593
updating best lambda arc fixing
fixing. lower bound used: 27091.2
alpha: 5.15935
psiStar: 27644
lagLB: 27004.2
||gamma||^2: 124
fixing. lower bound used: 27069.3
percent fixed: 76.5593
fixing. lower bound used: 27091.2
alpha: 2.55968
psiStar: 27642.3
lagLB: 26761.7
||gamma||^2: 344
fixing. lower bound used: 27043.9
percent fixed: 76.5592
fixing. lower bound used: 27091.2
alpha: 5.77148
psiStar: 27640.6
lagLB: 26971.1
||gamma||^2: 116
fixing. lower bound used: 27005.4
percent fixed: 76.5592
fixing. lower bound used: 27091.2
alpha: 2.18311
psiStar: 27638.9
lagLB: 26684.8
||gamma||^2: 437
fixing. lower bound used: 27062
percent fixed: 76.5591
fixing. lower bound used: 27091.2
alpha: 2.37737
psiStar: 27637.2
lagLB: 26962
||gamma||^2: 284
fixing. lower bound used: 27023.5
percent fixed: 76.5591
fixing. lower bound used: 27091.2
alpha: 3.85002
psiStar: 27635.5
lagLB: 26996.4
||gamma||^2: 166
fixing. lower bound used: 27071.2
percent fixed: 76.5594
updating best lambda arc fixing
fixing. lower bound used: 27071.2
alpha: 1.50828
psiStar: 27633.9
lagLB: 26789.2
||gamma||^2: 560
fixing. lower bound used: 27009.5
percent fixed: 76.5587
fixing. lower bound used: 27071.2
alpha: 5.93387
psiStar: 27632.2
lagLB: 26979.5
||gamma||^2: 110
fixing. lower bound used: 27003.9
percent fixed: 67.852
fixing. lower bound used: 27071.2
alpha: 2.00023
psiStar: 27630.6
lagLB: 26588.5
||gamma||^2: 521
fixing. lower bound used: 27056.6
percent fixed: 68.298
fixing. lower bound used: 27071.2
alpha: 5.8508
psiStar: 27629
lagLB: 26985.4
||gamma||^2: 110
fixing. lower bound used: 27009.7
percent fixed: 67.8537
fixing. lower bound used: 27071.2
alpha: 1.04245
psiStar: 27627.4
lagLB: 26411.9
||gamma||^2: 1166
fixing. lower bound used: 27122.1
percent fixed: 72.7797
fixing. lower bound used: 27071.2
alpha: 2.94261
psiStar: 27625.8
lagLB: 26922.5
||gamma||^2: 239
fixing. lower bound used: 27086
percent fixed: 69.2913
fixing. lower bound used: 27071.2
alpha: 4.63586
psiStar: 27624.2
lagLB: 26970.5
||gamma||^2: 141
fixing. lower bound used: 27012.2
percent fixed: 69.5232
fixing. lower bound used: 27071.2
alpha: 2.8702
psiStar: 27622.6
lagLB: 26890.7
||gamma||^2: 255
fixing. lower bound used: 27063.9
percent fixed: 69.5649
fixing. lower bound used: 27071.2
alpha: 4.87898
psiStar: 27621
lagLB: 26928.2
||gamma||^2: 142
fixing. lower bound used: 26969.4
percent fixed: 69.565
fixing. lower bound used: 27071.2
alpha: 1.77036
psiStar: 27619.5
lagLB: 26815.7
||gamma||^2: 454
fixing. lower bound used: 27070.4
percent fixed: 69.5723
fixing. lower bound used: 27071.2
alpha: 4.85509
psiStar: 27617.9
lagLB: 26991.6
||gamma||^2: 129
fixing. lower bound used: 27016.6
percent fixed: 67.8602
fixing. lower bound used: 27071.2
alpha: 1.67631
psiStar: 27616.4
lagLB: 26691.1
||gamma||^2: 552
fixing. lower bound used: 27060.1
percent fixed: 68.1989
fixing. lower bound used: 27071.2
alpha: 5.03014
psiStar: 27614.9
lagLB: 27026.4
||gamma||^2: 117
fixing. lower bound used: 27058.9
percent fixed: 68.2138
fixing. lower bound used: 27071.2
alpha: 1.26014
psiStar: 27613.4
lagLB: 26722.4
||gamma||^2: 707
fixing. lower bound used: 27045.6
percent fixed: 68.2159
fixing. lower bound used: 27071.2
alpha: 4.84279
psiStar: 27611.9
lagLB: 26972.6
||gamma||^2: 132
fixing. lower bound used: 27025.2
percent fixed: 68.2159
fixing. lower bound used: 27071.2
alpha: 1.99602
psiStar: 27610.4
lagLB: 26742.1
||gamma||^2: 435
fixing. lower bound used: 27024.5
percent fixed: 68.2159
fixing. lower bound used: 27071.2
alpha: 6.32819
psiStar: 27608.9
lagLB: 26976.1
||gamma||^2: 100
fixing. lower bound used: 26976.5
percent fixed: 67.8407
fixing. lower bound used: 27071.2
alpha: 1.36562
psiStar: 27607.4
lagLB: 26422.1
||gamma||^2: 868
fixing. lower bound used: 27159.8
percent fixed: 76.3757
fixing. lower bound used: 27071.2
alpha: 2.84637
psiStar: 27605.9
lagLB: 26951.3
||gamma||^2: 230
fixing. lower bound used: 27125.8
percent fixed: 73.0841
fixing. lower bound used: 27071.2
alpha: 1.84504
psiStar: 27604.5
lagLB: 26940.3
||gamma||^2: 360
fixing. lower bound used: 27052.7
percent fixed: 73.278
fixing. lower bound used: 27071.2
alpha: 4.62717
psiStar: 27603
lagLB: 27029.3
||gamma||^2: 124
fixing. lower bound used: 27050.1
percent fixed: 67.9391
fixing. lower bound used: 27071.2
alpha: 1.28877
psiStar: 27601.6
lagLB: 26722.7
||gamma||^2: 682
fixing. lower bound used: 27077.9
percent fixed: 69.0161
fixing. lower bound used: 27071.2
alpha: 5.07131
psiStar: 27600.2
lagLB: 26986.6
||gamma||^2: 121
fixing. lower bound used: 27036.2
percent fixed: 67.8689
fixing. lower bound used: 27071.2
alpha: 1.57084
psiStar: 27598.8
lagLB: 26662.5
||gamma||^2: 596
fixing. lower bound used: 27055.7
percent fixed: 68.1606
fixing. lower bound used: 27071.2
alpha: 5.18742
psiStar: 27597.4
lagLB: 27031.9
||gamma||^2: 109
fixing. lower bound used: 27044.7
percent fixed: 67.8871
fixing. lower bound used: 27071.2
alpha: 1.41368
psiStar: 27596
lagLB: 26603.6
||gamma||^2: 702
fixing. lower bound used: 27131.2
percent fixed: 73.6421
fixing. lower bound used: 27071.2
alpha: 4.47161
psiStar: 27594.6
lagLB: 27013.3
||gamma||^2: 130
fixing. lower bound used: 27079.1
percent fixed: 68.747
fixing. lower bound used: 27071.2
alpha: 1.66594
psiStar: 27593.2
lagLB: 26848.5
||gamma||^2: 447
fixing. lower bound used: 27093.5
percent fixed: 70.1383
fixing. lower bound used: 27071.2
alpha: 3.90585
psiStar: 27591.8
lagLB: 27021.6
||gamma||^2: 146
fixing. lower bound used: 27064.3
percent fixed: 70.3604
fixing. lower bound used: 27071.2
alpha: 1.70712
psiStar: 27590.4
lagLB: 26776.1
||gamma||^2: 477
fixing. lower bound used: 27029.8
percent fixed: 70.3647
fixing. lower bound used: 27071.2
alpha: 5.81436
psiStar: 27589.1
lagLB: 26984.4
||gamma||^2: 104
fixing. lower bound used: 27007.5
percent fixed: 70.3647
fixing. lower bound used: 27071.2
alpha: 1.90442
psiStar: 27587.7
lagLB: 26662.2
||gamma||^2: 486
fixing. lower bound used: 27085.5
percent fixed: 70.4392
fixing. lower bound used: 27071.2
alpha: 4.75925
psiStar: 27586.4
lagLB: 27039.1
||gamma||^2: 115
fixing. lower bound used: 27074.1
percent fixed: 70.4433
fixing. lower bound used: 27071.2
alpha: 2.15317
psiStar: 27585.1
lagLB: 26853
||gamma||^2: 340
fixing. lower bound used: 27064.8
percent fixed: 70.4439
fixing. lower bound used: 27071.2
alpha: 2.16704
psiStar: 27583.8
lagLB: 27013.8
||gamma||^2: 263
fixing. lower bound used: 27025.4
percent fixed: 70.4436
fixing. lower bound used: 27071.2
alpha: 3.14706
psiStar: 27582.4
lagLB: 27003.4
||gamma||^2: 184
fixing. lower bound used: 27059.8
percent fixed: 68.128
fixing. lower bound used: 27071.2
alpha: 6.23358
psiStar: 27581.1
lagLB: 26957.8
||gamma||^2: 100
fixing. lower bound used: 26970.9
percent fixed: 68.3687
fixing. lower bound used: 27071.2
alpha: 1.25243
psiStar: 27579.8
lagLB: 26395
||gamma||^2: 946
fixing. lower bound used: 27140.6
percent fixed: 74.7115
fixing. lower bound used: 27071.2
alpha: 2.83032
psiStar: 27578.5
lagLB: 26978.5
||gamma||^2: 212
fixing. lower bound used: 27112.1
percent fixed: 74.8064
fixing. lower bound used: 27071.2
alpha: 5.68718
psiStar: 27577.3
lagLB: 27008.5
||gamma||^2: 100
fixing. lower bound used: 27011.4
percent fixed: 74.8079
fixing. lower bound used: 27071.2
alpha: 1.20361
psiStar: 27576
lagLB: 26526.4
||gamma||^2: 872
STATS - lpIterations[1] lagIterations[227] sspIterations[7981] numSeparations[540] numCuts[0] compileTime[26] sspSolveTime[1575] lpSolveTime[0] lb[27180.7] ub[27591] numArcs: [1656754] numFixed: [1243724] time: [9454]
STATS1 - lpIterations[1] lagIterations[227] sspIterations[7981] numSeparations[540] numCuts[0] compileTime[26] sspSolveTime[1575] lpSolveTime[0] repairTime[772] cutsTime[0] lb[27180.7] ub[27591] numArcs: [1656754] numFixed: [1243724] time: [9454]
lambda: 0,232.56,457.97,300.169,426.885,164.358,386.791,97.9998,335.375,416.026,483.934,136.003,293.618,347.801,134.937,38.6773,662.524,218.383,383.37,214.855,303.518,69.8592,248.872,204.004,78.514,244.569,160.646,465.559,153.264,48.1352,216.134,342.12,78.1997,103.871,18.628,241.733,729.923,476.039,243.121,116.364,168.409,256.707,434.488,202.461,158.6,279.793,159.385,165.589,558.48,473.244,106.198,523.958,502.76,366.707,424.871,493.213,203.388,34.9542,155.417,256.861,303.195,307.104,230.629,313.489,6.70516,36.6999,302.675,447.767,331.898,192.186,798.679,114.007,77.4679,128.578,494.372,284.978,9.48169,291.468,263.697,202.351,216.371,95.0923,424.461,562.183,245.438,119.438,483.256,57.1219,96.7896,197.854,323.948,395.454,443.129,427.485,251.471,135.337,187.913,218.177,394.925,551.622,98.6066,
mu: 
srcDuals: 
fixing. lower bound used: 27180.7
percent fixed: 78.2081
updating best lambda arc fixing
fixing. lower bound used: 27180.7
alpha: 2.86474
psiStar: 27595
lagLB: 26990.6
||gamma||^2: 211
fixing. lower bound used: 27147.5
percent fixed: 77.9254
fixing. lower bound used: 27180.7
alpha: 2.77659
psiStar: 27593.8
lagLB: 27013.5
||gamma||^2: 209
fixing. lower bound used: 27053.6
percent fixed: 78.2261
updating best lambda arc fixing
fixing. lower bound used: 27053.6
alpha: 2.98827
psiStar: 27592.5
lagLB: 26982.9
||gamma||^2: 204
fixing. lower bound used: 27056.8
percent fixed: 78.2278
updating best lambda arc fixing
fixing. lower bound used: 27056.8
alpha: 4.42683
psiStar: 27591.3
lagLB: 26953.8
||gamma||^2: 144
fixing. lower bound used: 27004.3
percent fixed: 78.2278
fixing. lower bound used: 27056.8
alpha: 2.26808
psiStar: 27590
lagLB: 26852.9
||gamma||^2: 325
fixing. lower bound used: 27054.8
percent fixed: 78.2279
updating best lambda arc fixing
fixing. lower bound used: 27054.8
alpha: 5.19266
psiStar: 27588.8
lagLB: 26996.8
||gamma||^2: 114
fixing. lower bound used: 27007
percent fixed: 78.2279
fixing. lower bound used: 27054.8
alpha: 1.30883
psiStar: 27587.6
lagLB: 26667.5
||gamma||^2: 703
fixing. lower bound used: 27105.4
percent fixed: 78.2292
updating best lambda arc fixing
fixing. lower bound used: 27105.4
alpha: 5.17716
psiStar: 27586.4
lagLB: 27011.7
||gamma||^2: 111
fixing. lower bound used: 27072.6
percent fixed: 71.1177
fixing. lower bound used: 27105.4
alpha: 1.59235
psiStar: 27585.2
lagLB: 26730.1
||gamma||^2: 537
fixing. lower bound used: 27054.3
percent fixed: 71.4283
fixing. lower bound used: 27105.4
alpha: 5.20963
psiStar: 27584
lagLB: 27000.5
||gamma||^2: 112
fixing. lower bound used: 27015.9
percent fixed: 71.433
fixing. lower bound used: 27105.4
alpha: 1.03632
psiStar: 27582.8
lagLB: 26678.1
||gamma||^2: 873
fixing. lower bound used: 27130.8
percent fixed: 73.782
fixing. lower bound used: 27105.4
alpha: 3.58709
psiStar: 27581.6
lagLB: 27029.2
||gamma||^2: 154
fixing. lower bound used: 27101.1
percent fixed: 71.3486
fixing. lower bound used: 27105.4
alpha: 2.94064
psiStar: 27580.4
lagLB: 26924.6
||gamma||^2: 223
fixing. lower bound used: 27050.1
percent fixed: 71.6385
fixing. lower bound used: 27105.4
alpha: 3.95793
psiStar: 27579.2
lagLB: 26973.7
||gamma||^2: 153
fixing. lower bound used: 27025.9
percent fixed: 71.643
fixing. lower bound used: 27105.4
alpha: 2.44643
psiStar: 27578.1
lagLB: 26902.9
||gamma||^2: 276
fixing. lower bound used: 27063.5
percent fixed: 71.6434
fixing. lower bound used: 27105.4
alpha: 4.12981
psiStar: 27576.9
lagLB: 26998.7
||gamma||^2: 140
fixing. lower bound used: 27032.1
percent fixed: 71.0965
fixing. lower bound used: 27105.4
alpha: 2.88519
psiStar: 27575.8
lagLB: 26889.1
||gamma||^2: 238
fixing. lower bound used: 27063.1
percent fixed: 71.1126
fixing. lower bound used: 27105.4
alpha: 2.55438
psiStar: 27574.6
lagLB: 26951.3
||gamma||^2: 244
fixing. lower bound used: 27029
percent fixed: 71.43
fixing. lower bound used: 27105.4
alpha: 5.24506
psiStar: 27573.5
lagLB: 27007
||gamma||^2: 108
fixing. lower bound used: 27035.5
percent fixed: 71.4354
fixing. lower bound used: 27105.4
alpha: 1.81258
psiStar: 27572.3
lagLB: 26718.6
||gamma||^2: 471
fixing. lower bound used: 27104.5
percent fixed: 71.7636
fixing. lower bound used: 27105.4
alpha: 4.45315
psiStar: 27571.2
lagLB: 27041.3
||gamma||^2: 119
fixing. lower bound used: 27072.7
percent fixed: 71.1257
fixing. lower bound used: 27105.4
alpha: 0.39175
psiStar: 27570.1
lagLB: 26660.5
||gamma||^2: 2322
fixing. lower bound used: 27093.4
percent fixed: 71.4473
fixing. lower bound used: 27105.4
alpha: 2.96067
psiStar: 27569
lagLB: 26941.3
||gamma||^2: 212
fixing. lower bound used: 27092
percent fixed: 71.1365
fixing. lower bound used: 27105.4
alpha: 4.46879
psiStar: 27567.9
lagLB: 27000.3
||gamma||^2: 127
fixing. lower bound used: 27031.3
percent fixed: 71.4357
fixing. lower bound used: 27105.4
alpha: 1.8329
psiStar: 27566.8
lagLB: 26848.3
||gamma||^2: 392
fixing. lower bound used: 27094.4
percent fixed: 71.57
fixing. lower bound used: 27105.4
alpha: 5.22631
psiStar: 27565.7
lagLB: 27001.2
||gamma||^2: 108
fixing. lower bound used: 27025.2
percent fixed: 71.5702
fixing. lower bound used: 27105.4
alpha: 1.35478
psiStar: 27564.6
lagLB: 26616.3
||gamma||^2: 700
fixing. lower bound used: 27115.6
percent fixed: 72.3758
fixing. lower bound used: 27105.4
alpha: 3.47204
psiStar: 27563.5
lagLB: 27021.9
||gamma||^2: 156
fixing. lower bound used: 27079.6
percent fixed: 72.3817
fixing. lower bound used: 27105.4
alpha: 1.95583
psiStar: 27562.4
lagLB: 26922.9
||gamma||^2: 327
fixing. lower bound used: 27076.7
percent fixed: 72.3823
fixing. lower bound used: 27105.4
alpha: 4.17491
psiStar: 27561.4
lagLB: 27022.8
||gamma||^2: 129
fixing. lower bound used: 27047.4
percent fixed: 72.3823
fixing. lower bound used: 27105.4
alpha: 1.31463
psiStar: 27560.3
lagLB: 26804.4
||gamma||^2: 575
fixing. lower bound used: 27087.3
percent fixed: 72.4034
fixing. lower bound used: 27105.4
alpha: 4.83332
psiStar: 27559.3
lagLB: 27027.6
||gamma||^2: 110
fixing. lower bound used: 27043.5
percent fixed: 71.1147
fixing. lower bound used: 27105.4
alpha: 1.49184
psiStar: 27558.2
lagLB: 26675
||gamma||^2: 592
fixing. lower bound used: 27114
percent fixed: 72.5604
fixing. lower bound used: 27105.4
alpha: 4.45795
psiStar: 27557.2
lagLB: 27031.1
||gamma||^2: 118
fixing. lower bound used: 27066.4
percent fixed: 72.5719
fixing. lower bound used: 27105.4
alpha: 1.04166
psiStar: 27556.1
lagLB: 26731.1
||gamma||^2: 792
fixing. lower bound used: 27092.9
percent fixed: 72.5739
fixing. lower bound used: 27105.4
alpha: 3.1254
psiStar: 27555.1
lagLB: 27033.1
||gamma||^2: 167
fixing. lower bound used: 27076.8
