fixed number of vehicles
num vehicles: 6
capacity: 100
num locations: 44
instance upper bound: 937
route length upper bound: 17
DD random seed:4164980450
generate initial heuristic routes
initial primalRoute: 0 2 9 6 1 3 4 5 7 0 
initial primalRoute: 0 14 13 12 17 11 10 21 24 15 8 0 
initial primalRoute: 0 22 23 18 20 16 26 19 0 
initial primalRoute: 0 28 27 30 25 29 0 
initial primalRoute: 0 34 33 32 35 38 36 41 31 0 
initial primalRoute: 0 43 40 39 42 37 0 
added route to primal routes: 0,2,9,6,1,3,4,5,7,0,
random seed: 4217549403
added route to primal routes: 0,14,13,12,17,11,10,21,24,15,8,0,
random seed: 4234992917
added route to primal routes: 0,22,23,18,20,16,26,19,0,
random seed: 4264658345
added maximal sequence to primal routes: 0,21,22,23,18,20,16,26,19,0,
added route to primal routes: 0,28,27,30,25,29,0,
random seed: 4289236270
added route to primal routes: 0,34,33,32,35,38,36,41,31,0,
random seed: 1010587
added route to primal routes: 0,43,40,39,42,37,0,
random seed: 20440105
added maximal sequence to primal routes: 0,31,43,40,39,42,37,0,
improved ub initial primal heuristic: 1582
STATS - lpIterations[0] lagIterations[0] sspIterations[0] numSeparations[0] numCuts[0] compileTime[0] sspSolveTime[0] lpSolveTime[0] lb[0] ub[1582] numArcs: [0] numFixed: [0] time: [0]
STATS1 - lpIterations[0] lagIterations[0] sspIterations[0] numSeparations[0] numCuts[0] compileTime[0] sspSolveTime[0] lpSolveTime[0] repairTime[0] cutsTime[0] alphaTime[0] decompTime[0] yellowTime[0] updateTime[0] fixTime[0] lb[0] ub[1582] numArcs: [0] numFixed: [0] time: [0]
DD random seed:30977918
running reduced cost neighborhood dd
reduced cost neighborhood dd compilation
num nodes: 28477
running reduced cost neighborhood search mip
num vars: 6866
results not optimal
Infeasible
no improvement found
updated increasing parameter: 2
DD random seed:4184769684
running reduced cost neighborhood dd
reduced cost neighborhood dd compilation
num nodes: 53370
running reduced cost neighborhood search mip
num vars: 15957
results not optimal
Infeasible
no improvement found
updated increasing parameter: 3
DD random seed:2900323136
running reduced cost neighborhood dd
reduced cost neighborhood dd compilation
num nodes: 104735
running reduced cost neighborhood search mip
num vars: 34703
results not optimal
Infeasible
no improvement found
updated increasing parameter: 4
DD random seed:2844884130
running reduced cost neighborhood dd
reduced cost neighborhood dd compilation
num nodes: 201797
running reduced cost neighborhood search mip
num vars: 72507
results not optimal
Infeasible
no improvement found
updated increasing parameter: 5
DD random seed:3682785650
running reduced cost neighborhood dd
reduced cost neighborhood dd compilation
num nodes: 368977
running reduced cost neighborhood search mip
num vars: 151019
results not optimal
Infeasible
no improvement found
updated increasing parameter: 6
DD random seed:2167409604
running reduced cost neighborhood dd
reduced cost neighborhood dd compilation
num nodes: 689014
running reduced cost neighborhood search mip
num vars: 306089
results not optimal
Infeasible
no improvement found
updated increasing parameter: 7
DD random seed:723626880
running reduced cost neighborhood dd
reduced cost neighborhood dd compilation
