fixed number of vehicles
num vehicles: 9
capacity: 100
num locations: 63
instance upper bound: 1616
route length upper bound: 22
DD random seed:2146523200
generate initial heuristic routes
initial primalRoute: 0 19 5 2 8 3 1 4 6 7 0 
initial primalRoute: 0 11 15 14 12 10 31 9 27 16 13 0 
initial primalRoute: 0 20 29 18 17 22 21 0 
initial primalRoute: 0 26 25 30 24 47 23 0 
initial primalRoute: 0 33 32 35 37 28 46 49 34 0 
initial primalRoute: 0 40 58 51 39 38 42 36 0 
initial primalRoute: 0 44 55 52 43 41 45 0 
initial primalRoute: 0 56 53 50 48 54 0 
initial primalRoute: 0 60 59 61 62 57 0 
added route to primal routes: 0,19,5,2,8,3,1,4,6,7,0,
random seed: 2245569266
added route to primal routes: 0,11,15,14,12,10,31,9,27,16,13,0,
random seed: 2278933243
added route to primal routes: 0,20,29,18,17,22,21,0,
random seed: 2316991654
added maximal sequence to primal routes: 0,19,20,29,18,17,22,21,0,
added route to primal routes: 0,26,25,30,24,47,23,0,
random seed: 2348970742
added route to primal routes: 0,33,32,35,37,28,46,49,34,0,
random seed: 2363576181
added route to primal routes: 0,40,58,51,39,38,42,36,0,
random seed: 2389137219
added route to primal routes: 0,44,55,52,43,41,45,0,
random seed: 2411171970
added maximal sequence to primal routes: 0,19,44,55,52,43,41,45,0,
added route to primal routes: 0,56,53,50,48,54,0,
random seed: 2433660498
added maximal sequence to primal routes: 0,46,49,47,56,53,50,48,54,0,
added route to primal routes: 0,60,59,61,62,57,0,
random seed: 2472528028
added maximal sequence to primal routes: 0,19,49,40,60,59,61,62,57,0,
improved ub initial primal heuristic: 2716
STATS - lpIterations[0] lagIterations[0] sspIterations[0] numSeparations[0] numCuts[0] compileTime[0] sspSolveTime[0] lpSolveTime[0] lb[0] ub[2716] numArcs: [0] numFixed: [0] time: [0]
STATS1 - lpIterations[0] lagIterations[0] sspIterations[0] numSeparations[0] numCuts[0] compileTime[0] sspSolveTime[0] lpSolveTime[0] repairTime[0] cutsTime[0] alphaTime[0] decompTime[0] yellowTime[0] updateTime[0] fixTime[0] lb[0] ub[2716] numArcs: [0] numFixed: [0] time: [0]
DD random seed:2512264281
running reduced cost neighborhood dd
reduced cost neighborhood dd compilation
num nodes: 49354
running reduced cost neighborhood search mip
num vars: 9544
results not optimal
Infeasible
no improvement found
updated increasing parameter: 2
DD random seed:3081471967
running reduced cost neighborhood dd
reduced cost neighborhood dd compilation
num nodes: 94989
running reduced cost neighborhood search mip
num vars: 19951
results not optimal
Infeasible
no improvement found
updated increasing parameter: 3
DD random seed:1662488098
running reduced cost neighborhood dd
reduced cost neighborhood dd compilation
num nodes: 184252
running reduced cost neighborhood search mip
num vars: 43600
results not optimal
Infeasible
no improvement found
updated increasing parameter: 4
DD random seed:1447928925
running reduced cost neighborhood dd
reduced cost neighborhood dd compilation
num nodes: 354402
running reduced cost neighborhood search mip
num vars: 93438
results not optimal
Infeasible
no improvement found
updated increasing parameter: 5
DD random seed:3866843827
running reduced cost neighborhood dd
reduced cost neighborhood dd compilation
num nodes: 728883
running reduced cost neighborhood search mip
num vars: 220228
results not optimal
Infeasible
no improvement found
updated increasing parameter: 6
DD random seed:2723246807
running reduced cost neighborhood dd
reduced cost neighborhood dd compilation
