fixed number of vehicles
capacity: 160
instance upper bound: 216
route length upper bound: 22
compiling DD
time step mult: 1
time step: 10
cap step: 1
done compiling DD
batch size for lag: 1
deactivate cut value threshold: 0.01
deactivate cut iter threshold: 25
lag optimality gap to start repairing: 25
percent arcs fixed to change to CPLEX: 97.5
number arcs fixed to change to CPLEX: 100000
kappa iterations: 10
var fixing: 1
muSSP: 1
repairDuals: 1
robustCuts: 1
nonRobustCuts: 1
volume algo: 1
phases: 1
STATS - lpIterations[0] lagIterations[0] sspIterations[0] numSeparations[0] numCuts[0] compileTime[1] sspSolveTime[0] lpSolveTime[0] lb[0] ub[216] numArcs: [103158] numFixed: [0] time: [1]
STATS1 - lpIterations[0] lagIterations[0] sspIterations[0] numSeparations[0] numCuts[0] compileTime[1] sspSolveTime[0] lpSolveTime[0] repairTime[0] cutsTime[0] lb[0] ub[216] numArcs: [103158] numFixed: [0] time: [1]
STATS - lpIterations[1] lagIterations[0] sspIterations[0] numSeparations[0] numCuts[0] compileTime[1] sspSolveTime[0] lpSolveTime[0] lb[0] ub[216] numArcs: [103158] numFixed: [0] time: [1]
STATS1 - lpIterations[1] lagIterations[0] sspIterations[0] numSeparations[0] numCuts[0] compileTime[1] sspSolveTime[0] lpSolveTime[0] repairTime[0] cutsTime[0] lb[0] ub[216] numArcs: [103158] numFixed: [0] time: [1]
fixed path dual: 19.825
STATS - lpIterations[1] lagIterations[1] sspIterations[2] numSeparations[0] numCuts[0] compileTime[1] sspSolveTime[0] lpSolveTime[0] lb[139.413] ub[216] numArcs: [103154] numFixed: [0] time: [1]
STATS1 - lpIterations[1] lagIterations[1] sspIterations[2] numSeparations[0] numCuts[0] compileTime[1] sspSolveTime[0] lpSolveTime[0] repairTime[0] cutsTime[0] lb[139.413] ub[216] numArcs: [103154] numFixed: [0] time: [1]
lambda: 0,1.225,7.875,6.6,6.325,3.1625,2.85,4.125,11.2,3.2,2.1,2.45,5.25,2.175,7.3625,4.125,1.5,10.4,8.2875,3.3,3,3.25,
mu: 
srcDuals: 
best alpha: 1
0:0
1:1
2:1
3:1
4:1
5:1
6:0
7:1
8:1
9:1
10:1
11:1
12:1
13:1
14:1
15:1
16:0
17:1
18:1
19:1
20:1
21:1
alpha: 0.366875
lagLB: 139.413
stepSizeMultiplier: 1
targetLowerBound: 146.383
||gamma||^2: 19
lambda: 0,1.225,7.875,6.6,6.325,3.1625,2.85,4.125,11.2,3.2,2.1,2.45,5.25,2.175,7.3625,4.125,1.5,10.4,8.2875,3.3,3,3.25,
mu: 
srcDuals: 
lambda: 0,1.225,7.875,6.6,6.325,3.1625,2.85,4.125,11.2,3.2,2.1,2.45,5.25,2.175,7.3625,4.125,1.5,10.4,8.2875,3.3,3,3.25,
mu: 
srcDuals: 
fixed path dual: 19.825
STATS - lpIterations[1] lagIterations[2] sspIterations[4] numSeparations[0] numCuts[0] compileTime[1] sspSolveTime[0] lpSolveTime[0] lb[146.383] ub[216] numArcs: [103154] numFixed: [0] time: [1]
STATS1 - lpIterations[1] lagIterations[2] sspIterations[4] numSeparations[0] numCuts[0] compileTime[1] sspSolveTime[0] lpSolveTime[0] repairTime[0] cutsTime[0] lb[146.383] ub[216] numArcs: [103154] numFixed: [0] time: [1]
lambda: 0,1.59188,8.24188,6.96687,6.69188,3.52938,2.85,4.49188,11.5669,3.56688,2.46688,2.81688,5.61688,2.54188,7.72938,4.49188,1.5,10.7669,8.65437,3.66688,3.36688,3.61688,
mu: 
srcDuals: 
best alpha: 0.01
0:0
1:1
2:1
3:1
4:1
5:1
6:0
7:1
8:1
9:1
10:1
11:1
12:1
13:1
14:1
15:1
16:0
17:1
18:1
19:1
20:1
21:1
alpha: 0.385219
lagLB: 146.383
stepSizeMultiplier: 1
targetLowerBound: 153.702
||gamma||^2: 19
lambda: 0,1.59188,8.24188,6.96687,6.69188,3.52938,2.85,4.49188,11.5669,3.56688,2.46688,2.81688,5.61688,2.54188,7.72938,4.49188,1.5,10.7669,8.65437,3.66688,3.36688,3.61688,
mu: 
srcDuals: 
lambda: 0,1.59188,8.24188,6.96687,6.69188,3.52938,2.85,4.49188,11.5669,3.56688,2.46688,2.81688,5.61688,2.54188,7.72938,4.49188,1.5,10.7669,8.65437,3.66688,3.36688,3.61688,
mu: 
srcDuals: 
fixed path dual: 19.825
STATS - lpIterations[1] lagIterations[3] sspIterations[6] numSeparations[0] numCuts[0] compileTime[1] sspSolveTime[0] lpSolveTime[0] lb[153.702] ub[216] numArcs: [103154] numFixed: [0] time: [2]
STATS1 - lpIterations[1] lagIterations[3] sspIterations[6] numSeparations[0] numCuts[0] compileTime[1] sspSolveTime[0] lpSolveTime[0] repairTime[0] cutsTime[0] lb[153.702] ub[216] numArcs: [103154] numFixed: [0] time: [2]
lambda: 0,1.97709,8.62709,7.35209,7.07709,3.91459,2.85,4.87709,11.9521,3.95209,2.85209,3.20209,6.00209,2.92709,8.11459,4.87709,1.5,11.1521,9.03959,4.05209,3.75209,4.00209,
mu: 
srcDuals: 
best alpha: 0.01
0:0
1:1
2:1
3:1
4:1
5:1
6:0
7:1
8:1
9:1
10:1
11:1
12:1
13:1
14:1
15:1
16:0
17:1
18:1
19:1
20:1
21:1
alpha: 0.444928
lagLB: 153.702
stepSizeMultiplier: 1.1
targetLowerBound: 161.387
||gamma||^2: 19
lambda: 0,1.97709,8.62709,7.35209,7.07709,3.91459,2.85,4.87709,11.9521,3.95209,2.85209,3.20209,6.00209,2.92709,8.11459,4.87709,1.5,11.1521,9.03959,4.05209,3.75209,4.00209,
mu: 
srcDuals: 
lambda: 0,1.97709,8.62709,7.35209,7.07709,3.91459,2.85,4.87709,11.9521,3.95209,2.85209,3.20209,6.00209,2.92709,8.11459,4.87709,1.5,11.1521,9.03959,4.05209,3.75209,4.00209,
mu: 
srcDuals: 
fixed path dual: 19.825
STATS - lpIterations[1] lagIterations[4] sspIterations[8] numSeparations[0] numCuts[0] compileTime[1] sspSolveTime[0] lpSolveTime[0] lb[162.156] ub[216] numArcs: [103154] numFixed: [0] time: [2]
STATS1 - lpIterations[1] lagIterations[4] sspIterations[8] numSeparations[0] numCuts[0] compileTime[1] sspSolveTime[0] lpSolveTime[0] repairTime[0] cutsTime[0] lb[162.156] ub[216] numArcs: [103154] numFixed: [0] time: [2]
lambda: 0,2.42202,9.07202,7.79702,7.52202,4.35952,2.85,5.32202,12.397,4.39702,3.29702,3.64702,6.44702,3.37202,8.55952,5.32202,1.5,11.597,9.48452,4.49702,4.19702,4.44702,
mu: 
srcDuals: 
best alpha: 0.01
0:0
1:1
2:1
3:1
4:1
5:1
6:0
7:1
8:1
9:1
10:1
11:1
12:1
13:1
14:1
15:1
16:0
17:1
18:1
19:1
20:1
21:1
alpha: 0.516339
lagLB: 162.156
stepSizeMultiplier: 1.21
targetLowerBound: 170.264
||gamma||^2: 19
lambda: 0,2.42202,9.07202,7.79702,7.52202,4.35952,2.85,5.32202,12.397,4.39702,3.29702,3.64702,6.44702,3.37202,8.55952,5.32202,1.5,11.597,9.48452,4.49702,4.19702,4.44702,
mu: 
srcDuals: 
lambda: 0,2.42202,9.07202,7.79702,7.52202,4.35952,2.85,5.32202,12.397,4.39702,3.29702,3.64702,6.44702,3.37202,8.55952,5.32202,1.5,11.597,9.48452,4.49702,4.19702,4.44702,
mu: 
srcDuals: 
fixing. lower bound used: 160.831
percent fixed: 15.2828
updating best lambda arc fixing
switching from LAG to LP solver
route with flow 1 : 0,6,0, 5,97551,
route with flow 1 : 0,16,0, 15,97561,
total flow: 2
loc: 0 flow: 4
loc: 1 flow: 0
loc: 2 flow: 0
loc: 3 flow: 0
loc: 4 flow: 0
loc: 5 flow: 0
loc: 6 flow: 1
loc: 7 flow: 0
loc: 8 flow: 0
loc: 9 flow: 0
loc: 10 flow: 0
loc: 11 flow: 0
loc: 12 flow: 0
loc: 13 flow: 0
loc: 14 flow: 0
loc: 15 flow: 0
loc: 16 flow: 1
loc: 17 flow: 0
loc: 18 flow: 0
loc: 19 flow: 0
loc: 20 flow: 0
loc: 21 flow: 0
start separation phase
fixing. lower bound used: 160.831
num vars: 87282
DUALS: -0,4,12,8,12,5,4,9,10,11,8,11,9,7,12,7,3,9,10,16,7,5,
fixed path dual: 17
lp dual value: 213
STATS - lpIterations[2] lagIterations[4] sspIterations[8] numSeparations[0] numCuts[0] compileTime[1] sspSolveTime[0] lpSolveTime[13] lb[213] ub[216] numArcs: [103154] numFixed: [15876] time: [17]
STATS1 - lpIterations[2] lagIterations[4] sspIterations[8] numSeparations[0] numCuts[0] compileTime[1] sspSolveTime[0] lpSolveTime[13] repairTime[0] cutsTime[0] lb[213] ub[216] numArcs: [103154] numFixed: [15876] time: [17]
checking cuts, max violation: 0.481481, num cuts: 6
new capacity cutset: 4 11 15 <= 2
new capacity cutset: 3 5 6 7 8 9 13 14 17 18 19 20 21 <= 11
new capacity cutset: 2 3 5 6 7 8 9 13 14 17 18 19 20 21 <= 12
new capacity cutset: 3 5 8 9 13 14 17 18 19 20 21 <= 9
new capacity cutset: 3 5 7 8 9 13 14 17 18 19 20 21 <= 10
new capacity cutset: 2 3 5 7 8 9 13 14 17 18 19 20 21 <= 11
max violation: 1.92593
new strengthened comb with 3 teeth
handle: 9,7,21,
tooth: 9,13,
tooth: 17,14,5,21,
tooth: 2,7,0,16,6,
>= 12
new strengthened comb with 3 teeth
handle: 17,14,5,21,9,7,
tooth: 17,14,5,20,
tooth: 9,13,
tooth: 2,7,0,16,6,
>= 12
new strengthened comb with 3 teeth
handle: 13,2,9,17,14,5,21,7,
tooth: 17,14,5,20,0,6,21,7,9,
tooth: 8,13,18,19,3,
tooth: 2,16,0,
>= 14
new strengthened comb with 3 teeth
handle: 10,19,3,12,
tooth: 1,10,0,16,
tooth: 19,3,18,8,13,9,21,17,14,5,7,2,
tooth: 12,15,11,4,
>= 14
new strengthened comb with 3 teeth
handle: 8,2,13,9,17,14,5,21,7,
tooth: 8,18,19,3,
tooth: 17,14,5,20,0,6,21,7,9,
tooth: 2,16,0,
>= 14
num src cuts added: 0
num src cuts added: 0
num src cuts added: 0
num src cuts added: 0
fixing. lower bound used: 160.831
num vars: 87592
DUALS: -0,4,9.48014,5.77858,10.2696,6.11733,3.62816,8.59206,8.93442,11.213,5.36101,11.3466,6.93081,6.59206,11.2798,6.82912,2.59206,8.15523,10.1613,14.9663,5.65704,5.80505,
fixed path dual: 16.6859
cap dual [4]: -0.490975
comb dual [0]: -0
comb dual [1]: 0.138989
comb dual [2]: -0
comb dual [3]: 1.11552
comb dual [4]: 0.361011
lp dual value: 193.767
STATS - lpIterations[3] lagIterations[4] sspIterations[8] numSeparations[5] numCuts[11] compileTime[1] sspSolveTime[0] lpSolveTime[45] lb[214.491] ub[216] numArcs: [103472] numFixed: [15884] time: [59]
STATS1 - lpIterations[3] lagIterations[4] sspIterations[8] numSeparations[5] numCuts[11] compileTime[1] sspSolveTime[0] lpSolveTime[45] repairTime[0] cutsTime[9] lb[214.491] ub[216] numArcs: [103472] numFixed: [15884] time: [59]
checking cuts, max violation: 0.34296, num cuts: 2
new capacity cutset: 1 2 3 4 8 10 11 12 15 16 18 19 <= 10
new capacity cutset: 1 2 3 4 8 10 11 12 15 18 19 <= 9
max violation: 1.00361
new strengthened comb with 3 teeth
handle: 9,17,21,
tooth: 14,5,17,
tooth: 9,13,
tooth: 7,21,
>= 10
new strengthened comb with 3 teeth
handle: 8,2,13,
tooth: 18,19,4,11,15,12,3,8,0,10,1,
tooth: 9,13,0,21,7,6,20,14,5,17,
tooth: 2,16,0,1,10,
>= 16
num src cuts added: 0
num src cuts added: 0
num src cuts added: 0
num src cuts added: 0
fixing. lower bound used: 191.971
fixing. lower bound used: 160.831
num vars: 66621
DUALS: -0,5.36726,10.9071,8.12389,10.427,6.88053,3.60619,9.60619,10.4646,12.4558,7.71239,15.1659,7.71239,7.45133,13.3319,9.98673,2.16372,9.0531,11.3407,19.8982,6.61062,7.02655,
fixed path dual: 16.1195
cap dual [0]: -1.11504
cap dual [5]: -1.73009
cap dual [7]: -1.36726
comb dual [0]: -0
comb dual [1]: 0.212389
comb dual [2]: -0
comb dual [3]: 0.838496
comb dual [4]: -0
comb dual [5]: 0.00221239
comb dual [6]: 0.429204
lp dual value: 195.447
STATS - lpIterations[4] lagIterations[4] sspIterations[8] numSeparations[13] numCuts[15] compileTime[1] sspSolveTime[0] lpSolveTime[75] lb[215.142] ub[216] numArcs: [104012] numFixed: [37395] time: [95]
STATS1 - lpIterations[4] lagIterations[4] sspIterations[8] numSeparations[13] numCuts[15] compileTime[1] sspSolveTime[0] lpSolveTime[75] repairTime[0] cutsTime[13] lb[215.142] ub[216] numArcs: [104012] numFixed: [37395] time: [95]
checking cuts, max violation: 0.274336, num cuts: 1
new capacity cutset: 2 5 6 7 9 13 14 16 17 20 21 <= 9
max violation: 0.424779
new strengthened comb with 3 teeth
handle: 9,7,17,21,
tooth: 14,5,17,
tooth: 9,13,
tooth: 2,7,0,16,6,20,1,10,
>= 12
num src cuts added: 0
num src cuts added: 0
num src cuts added: 0
num src cuts added: 0
fixing. lower bound used: 194.904
fixing. lower bound used: 160.831
num vars: 63191
DUALS: -0,4.63649,12.8907,7.69752,12.1432,7.98122,4.66331,10.7518,10.8913,13.5392,7.6888,13.8441,7.62575,8.4507,14.053,9.6888,2.93696,10.2656,12.0882,19.4879,8.70758,8.28236,
fixed path dual: 16.3347
cap dual [0]: -1.89604
cap dual [4]: -0.0885312
cap dual [5]: -2.22938
cap dual [7]: -0.636486
cap dual [8]: -0.848424
comb dual [0]: -0
comb dual [1]: -0
comb dual [2]: -0
comb dual [3]: 0.56338
comb dual [4]: 0.122066
comb dual [5]: 0.0482897
comb dual [6]: 0.12106
comb dual [7]: 0.415828
lp dual value: 199.69
STATS - lpIterations[5] lagIterations[4] sspIterations[8] numSeparations[20] numCuts[17] compileTime[1] sspSolveTime[0] lpSolveTime[111] lb[215.425] ub[216] numArcs: [104243] numFixed: [41056] time: [136]
STATS1 - lpIterations[5] lagIterations[4] sspIterations[8] numSeparations[20] numCuts[17] compileTime[1] sspSolveTime[0] lpSolveTime[111] repairTime[1] cutsTime[14] lb[215.425] ub[216] numArcs: [104243] numFixed: [41056] time: [136]
checking cuts, max violation: 0.193159, num cuts: 3
new capacity cutset: 1 2 3 4 8 10 11 12 13 15 16 18 19 <= 11
new capacity cutset: 2 3 4 8 10 11 12 13 15 18 19 <= 9
new capacity cutset: 1 2 3 4 8 10 11 12 13 15 18 19 <= 10
max violation: 0.201207
new strengthened comb with 3 teeth
handle: 18,8,10,13,
tooth: 18,8,19,
tooth: 1,10,0,16,11,4,15,12,3,
tooth: 2,13,9,7,21,17,14,5,20,6,16,
>= 14
new strengthened comb with 3 teeth
handle: 9,17,21,
tooth: 14,17,
tooth: 7,21,
tooth: 9,13,
>= 10
new strengthened comb with 3 teeth
handle: 7,2,21,9,17,13,
tooth: 14,17,0,5,20,6,21,7,9,
tooth: 18,8,13,
tooth: 2,16,0,6,1,10,11,4,15,12,3,
>= 14
new strengthened comb with 3 teeth
handle: 12,10,3,
tooth: 12,15,
tooth: 3,19,18,8,13,2,9,7,21,17,14,5,
tooth: 1,10,0,16,11,4,15,
>= 14
new strengthened comb with 3 teeth
handle: 19,3,12,10,
tooth: 18,8,19,
tooth: 12,15,
tooth: 1,10,0,16,11,4,15,
>= 12
num src cuts added: 0
num src cuts added: 0
num src cuts added: 0
num src cuts added: 0
fixing. lower bound used: 198.437
fixing. lower bound used: 160.831
num vars: 50608
DUALS: -0,9.26421,15.8662,15.0234,17.3244,9.85953,3.33779,11.9365,17.2007,14.8495,11.5652,19.2274,11.4348,9.91304,15.0435,13.4415,1.29766,11.2241,16.9298,25.9799,10.7391,9.71906,
fixed path dual: 17.786
cap dual [0]: -2.73244
cap dual [4]: -0.0668896
cap dual [5]: -5.39465
cap dual [7]: -4.26421
cap dual [8]: -0.0367893
cap dual [11]: -1
comb dual [0]: -0
comb dual [1]: -0
comb dual [2]: -0
comb dual [3]: 0.0685619
comb dual [4]: -0
comb dual [5]: -0
comb dual [6]: -0
comb dual [7]: 0.434783
comb dual [8]: 0.458194
comb dual [9]: 0.443144
comb dual [10]: -0
comb dual [11]: 0.453177
comb dual [12]: -0
lp dual value: 194.423
STATS - lpIterations[6] lagIterations[4] sspIterations[8] numSeparations[32] numCuts[25] compileTime[1] sspSolveTime[0] lpSolveTime[144] lb[215.933] ub[216] numArcs: [104879] numFixed: [54275] time: [181]
STATS1 - lpIterations[6] lagIterations[4] sspIterations[8] numSeparations[32] numCuts[25] compileTime[1] sspSolveTime[0] lpSolveTime[144] repairTime[2] cutsTime[24] lb[215.933] ub[216] numArcs: [104879] numFixed: [54275] time: [181]
no rcc cuts found
max violation: 0.0490524
new strengthened comb with 3 teeth
handle: 12,10,3,
tooth: 3,19,18,8,13,9,21,17,14,5,2,7,
tooth: 12,15,11,4,
tooth: 1,10,0,16,11,4,15,2,6,20,7,
>= 14
new strengthened comb with 3 teeth
handle: 19,3,12,15,10,
tooth: 18,8,19,
tooth: 11,4,15,
tooth: 1,10,0,16,
>= 12
num src cuts added: 0
num src cuts added: 0
num src cuts added: 0
num src cuts added: 0
fixing. lower bound used: 194.421
fixing. lower bound used: 160.831
num vars: 76145
DUALS: -0,8.6171,16.0558,15.3606,17.0242,9.96654,3.41264,12.0037,18.1673,14.9145,11.7844,20.2584,11.5242,10.2677,15.1078,13.3569,1.35316,11.2714,15.855,26.8625,10.8922,9.86245,
fixed path dual: 18
cap dual [0]: -2.9368
cap dual [4]: -0.0446097
cap dual [5]: -5.53903
cap dual [7]: -4.47212
cap dual [8]: -0.115242
cap dual [10]: -0.869888
cap dual [11]: -0.144981
comb dual [0]: -0
comb dual [1]: -0
comb dual [2]: -0
comb dual [3]: 0.00371747
comb dual [4]: -0
comb dual [5]: -0
comb dual [6]: -0
comb dual [7]: 0.459108
comb dual [8]: 0.32342
comb dual [9]: 0.48513
comb dual [10]: -0
comb dual [11]: 0.596654
comb dual [12]: -0
comb dual [13]: -0
comb dual [14]: 0.0464684
lp dual value: 194.019
STATS - lpIterations[7] lagIterations[4] sspIterations[8] numSeparations[45] numCuts[27] compileTime[1] sspSolveTime[0] lpSolveTime[191] lb[215.955] ub[216] numArcs: [105399] numFixed: [29258] time: [236]
STATS1 - lpIterations[7] lagIterations[4] sspIterations[8] numSeparations[45] numCuts[27] compileTime[1] sspSolveTime[0] lpSolveTime[191] repairTime[3] cutsTime[27] lb[215.955] ub[216] numArcs: [105399] numFixed: [29258] time: [236]
no rcc cuts found
max violation: 0.0669145
new strengthened comb with 3 teeth
handle: 12,10,3,
tooth: 3,19,18,8,13,9,21,7,2,17,14,5,
tooth: 12,15,11,4,
tooth: 1,10,0,16,2,6,20,11,4,15,
>= 14
new strengthened comb with 3 teeth
handle: 15,10,12,3,
tooth: 11,4,15,
tooth: 3,19,
tooth: 1,10,0,16,2,6,20,
>= 12
num src cuts added: 0
num src cuts added: 0
num src cuts added: 0
num src cuts added: 0
fixing. lower bound used: 194.017
fixing. lower bound used: 160.831
num vars: 77667
DUALS: -0,8.80263,16.1053,15.0395,16.6283,10.0088,4.09211,12.0658,17.5,15.0263,11.9211,19.9803,10.7895,10.9737,15.1711,13.0099,2,11.2675,16.477,26.2993,10.9211,9.94737,
fixed path dual: 17.8421
cap dual [0]: -2.23026
cap dual [5]: -4.93421
cap dual [7]: -4.80263
cap dual [8]: -0.815789
cap dual [10]: -1.02632
comb dual [0]: -0
comb dual [1]: -0
comb dual [2]: -0
comb dual [3]: 0.305921
comb dual [4]: -0
comb dual [5]: -0
comb dual [6]: -0
comb dual [7]: 0.473684
comb dual [8]: -0
comb dual [9]: 0.447368
comb dual [10]: -0
comb dual [11]: 0.726974
comb dual [12]: -0
comb dual [13]: -0
comb dual [14]: -0
comb dual [15]: 0.0131579
comb dual [16]: -0
lp dual value: 193.138
STATS - lpIterations[8] lagIterations[4] sspIterations[8] numSeparations[57] numCuts[29] compileTime[1] sspSolveTime[0] lpSolveTime[246] lb[215.974] ub[216] numArcs: [105726] numFixed: [28063] time: [298]
STATS1 - lpIterations[8] lagIterations[4] sspIterations[8] numSeparations[57] numCuts[29] compileTime[1] sspSolveTime[0] lpSolveTime[246] repairTime[5] cutsTime[31] lb[215.974] ub[216] numArcs: [105726] numFixed: [28063] time: [298]
no rcc cuts found
max violation: 0.0526316
new strengthened comb with 3 teeth
handle: 9,7,17,21,
tooth: 14,17,
tooth: 9,13,
tooth: 2,7,0,6,16,20,1,10,
>= 12
new strengthened comb with 3 teeth
handle: 19,3,12,
tooth: 18,8,19,
tooth: 15,11,4,12,
tooth: 3,10,
>= 10
num src cuts added: 0
num src cuts added: 0
num src cuts added: 0
num src cuts added: 0
fixing. lower bound used: 193.137
fixing. lower bound used: 160.831
num vars: 79990
DUALS: -0,7,15.1613,12.1613,12.2419,9.16129,4,11.3548,14.8387,14.3548,10.3226,16.1774,8.83871,8.35484,14.3548,11.3226,3.56452,10.3548,14.9677,24.1613,10.1613,9.16129,
fixed path dual: 14
cap dual [0]: -0.870968
cap dual [5]: -4.16129
cap dual [6]: -1.56452
cap dual [7]: -1.43548
comb dual [0]: -0
comb dual [1]: -0
comb dual [2]: -0
comb dual [3]: 0.403226
comb dual [4]: -0
comb dual [5]: -0
comb dual [6]: -0
comb dual [7]: -2.36848e-15
comb dual [8]: -0
comb dual [9]: -0
comb dual [10]: -0
comb dual [11]: 0.177419
comb dual [12]: -0
comb dual [13]: -0
comb dual [14]: 0.258065
comb dual [15]: 9.99201e-16
comb dual [16]: -0
comb dual [17]: 0.903226
comb dual [18]: -0
lp dual value: 195.677
STATS - lpIterations[9] lagIterations[4] sspIterations[8] numSeparations[65] numCuts[31] compileTime[1] sspSolveTime[0] lpSolveTime[302] lb[216] ub[216] numArcs: [106055] numFixed: [26069] time: [360]
STATS1 - lpIterations[9] lagIterations[4] sspIterations[8] numSeparations[65] numCuts[31] compileTime[1] sspSolveTime[0] lpSolveTime[302] repairTime[6] cutsTime[34] lb[216] ub[216] numArcs: [106055] numFixed: [26069] time: [360]
no rcc cuts found
no comb cuts found
num src cuts added: 0
num src cuts added: 0
num src cuts added: 0
num src cuts added: 0
fixing. lower bound used: 195.676
fixing. lower bound used: 160.831
num vars: 67754
DUALS: -0,7,13,10,16,7,4,9.5,13.5,12.5,9.5,15.5,7.5,6.5,12.5,10.5,2,8.5,14,20.5,8,7,
fixed path dual: 14
cap dual [0]: -2
cap dual [5]: -2
cap dual [7]: -3
cap dual [8]: -2.31431e-13
cap dual [9]: -9.08874e-14
comb dual [0]: -0
comb dual [1]: -0
comb dual [2]: -0
comb dual [3]: 0.25
comb dual [4]: -0
comb dual [5]: 4.31877e-14
comb dual [6]: -0
comb dual [7]: -7.38853e-14
comb dual [8]: -0
comb dual [9]: -0
comb dual [10]: -0
comb dual [11]: 1
comb dual [12]: -0
comb dual [13]: -0
comb dual [14]: -0
comb dual [15]: -2.30926e-14
comb dual [16]: -0
comb dual [17]: 0.75
comb dual [18]: -0
lp dual value: 191.5
STATS - lpIterations[10] lagIterations[4] sspIterations[8] numSeparations[66] numCuts[31] compileTime[1] sspSolveTime[0] lpSolveTime[351] lb[216] ub[216] numArcs: [106069] numFixed: [38319] time: [413]
STATS1 - lpIterations[10] lagIterations[4] sspIterations[8] numSeparations[66] numCuts[31] compileTime[1] sspSolveTime[0] lpSolveTime[351] repairTime[7] cutsTime[34] lb[216] ub[216] numArcs: [106069] numFixed: [38319] time: [413]
no rcc cuts found
no comb cuts found
num src cuts added: 0
num src cuts added: 0
num src cuts added: 0
num src cuts added: 0
fixing. lower bound used: 191.499
fixing. lower bound used: 160.831
num vars: 78777
DUALS: -0,7,13.25,10.25,15.5,7.25,4,9.75,13.75,12.75,9.5,16.25,7.75,6.75,12.75,10.5,2,8.75,12.75,22,8.25,7.25,
fixed path dual: 14
cap dual [0]: -2.25
cap dual [5]: -2.25
cap dual [7]: -3
cap dual [8]: -2.5091e-14
cap dual [11]: -3.55271e-14
comb dual [0]: -0
comb dual [1]: -0
comb dual [2]: -0
comb dual [3]: 0.125
comb dual [4]: -0
comb dual [5]: -0
comb dual [6]: -0
comb dual [7]: -0
comb dual [8]: -0
comb dual [9]: 2.86438e-15
comb dual [10]: -0
comb dual [11]: 1
comb dual [12]: -0
comb dual [13]: -0
comb dual [14]: 0.125
comb dual [15]: -1.68754e-14
comb dual [16]: -0
comb dual [17]: 0.75
comb dual [18]: -0
lp dual value: 191.75
STATS - lpIterations[11] lagIterations[4] sspIterations[8] numSeparations[67] numCuts[31] compileTime[1] sspSolveTime[0] lpSolveTime[405] lb[216] ub[216] numArcs: [106087] numFixed: [27314] time: [470]
STATS1 - lpIterations[11] lagIterations[4] sspIterations[8] numSeparations[67] numCuts[31] compileTime[1] sspSolveTime[0] lpSolveTime[405] repairTime[8] cutsTime[34] lb[216] ub[216] numArcs: [106087] numFixed: [27314] time: [470]
no rcc cuts found
no comb cuts found
num src cuts added: 0
num src cuts added: 0
num src cuts added: 0
num src cuts added: 0
STATS - lpIterations[11] lagIterations[4] sspIterations[8] numSeparations[71] numCuts[31] compileTime[1] sspSolveTime[0] lpSolveTime[405] lb[216] ub[216] numArcs: [106227] numFixed: [0] time: [470]
STATS1 - lpIterations[11] lagIterations[4] sspIterations[8] numSeparations[71] numCuts[31] compileTime[1] sspSolveTime[0] lpSolveTime[405] repairTime[8] cutsTime[34] lb[216] ub[216] numArcs: [106227] numFixed: [0] time: [470]
finished solving - complete
time elapsed: 470
