fixed number of vehicles
capacity: 100
instance upper bound: 778
route length upper bound: 34
compiling DD
time step mult: 1
time step: 10
cap step: 1
done compiling DD
batch size for lag: 1
iteration delay to start separating: 0
optimality gap to start repairing: 100
percent fixed to change to CPLEX: 97.5
num arcs to change to CPLEX: 100000
num arcs to change to LAG: 999999999
num lag iters to cut: 0
num cuts lag: 10
cut phase: 1
deactivate cut value threshold: 0.1
deactivate cut iter threshold: 25
momentum beta: 0
stall alpha factor: 0
STATS - lpIterations[0] lagIterations[0] sspIterations[0] numSeparations[0] numCuts[0] compileTime[2] sspSolveTime[0] lpSolveTime[0] lb[0] ub[778] numArcs: [140529] numFixed: [0] time: [2]
STATS - lpIterations[1] lagIterations[0] sspIterations[0] numSeparations[0] numCuts[0] compileTime[2] sspSolveTime[0] lpSolveTime[0] lb[0] ub[778] numArcs: [140529] numFixed: [0] time: [2]
fixed path dual: 22.756
STATS - lpIterations[1] lagIterations[1] sspIterations[5] numSeparations[0] numCuts[0] compileTime[2] sspSolveTime[0] lpSolveTime[0] lb[562.98] ub[778] numArcs: [140500] numFixed: [0] time: [2]
lambda: 0,23.92,2.28,36.48,10.2,9.6,19.2,5.18,24.5,14.82,3.2,8.68,6.8,10.08,8.32,4.2,22.56,20.7,5.04,22.4,3.12,13.44,14.3,28.8,17.6,29.9,6.8,3.12,19.8,9.36,15.96,5.6,22.5,0.74,
mu: 
srcDuals: 
fixing. lower bound used: 560.807
percent fixed: 0.0590504
updating best lambda
fixing. lower bound used: 560.807
fixed path dual: 27.4169
STATS - lpIterations[1] lagIterations[2] sspIterations[10] numSeparations[4] numCuts[0] compileTime[2] sspSolveTime[1] lpSolveTime[0] lb[589.817] ub[778] numArcs: [140744] numFixed: [83] time: [4]
lambda: 0,24.3125,2.67254,36.8725,10.5925,9.99254,17.2373,4.39492,23.7149,15.2125,3.59254,9.07254,7.19254,10.4725,7.53492,3.41492,22.9525,21.0925,5.43254,22.7925,3.12,13.8325,14.6925,29.1925,17.9925,29.1149,7.19254,3.51254,19.4075,9.75254,16.3525,5.99254,22.8925,1.13254,
mu: 
srcDuals: 
fixing. lower bound used: 569.288
percent fixed: 0.132084
updating best lambda
fixing. lower bound used: 569.288
fixed path dual: 27.9967
STATS - lpIterations[1] lagIterations[3] sspIterations[15] numSeparations[7] numCuts[0] compileTime[2] sspSolveTime[2] lpSolveTime[0] lb[598.326] ub[778] numArcs: [140913] numFixed: [100] time: [7]
lambda: 0,24.7441,3.10407,37.3041,11.0241,10.4241,15.0796,3.53186,22.8519,15.6441,4.02407,9.50407,7.62407,10.9041,6.67186,2.55186,23.3841,21.5241,5.86407,23.2241,3.12,14.2641,15.1241,29.6241,18.4241,29.5465,7.19254,3.94407,19.839,10.1841,16.7841,6.42407,23.3241,1.56407,
mu: 
srcDuals: 
fixing. lower bound used: 574.898
percent fixed: 0.158126
updating best lambda
fixing. lower bound used: 574.898
fixed path dual: 28.49
STATS - lpIterations[1] lagIterations[4] sspIterations[20] numSeparations[10] numCuts[0] compileTime[2] sspSolveTime[3] lpSolveTime[0] lb[606.602] ub[778] numArcs: [141142] numFixed: [127] time: [9]
lambda: 0,24.7441,3.58815,37.7882,11.5082,10.9082,15.5637,4.01594,22.8519,16.1282,3.53999,9.98815,8.10815,11.3882,7.15594,3.03594,23.8682,22.0082,6.34815,23.7082,3.12,14.7482,15.6082,29.6241,18.9082,28.0942,7.19254,4.42815,17.4186,9.69999,17.2682,5.93999,23.8082,2.04815,
mu: 
srcDuals: 
fixing. lower bound used: 580.707
percent fixed: 0.201008
updating best lambda
fixing. lower bound used: 580.707
fixed path dual: 29.0042
STATS - lpIterations[1] lagIterations[5] sspIterations[25] numSeparations[13] numCuts[0] compileTime[2] sspSolveTime[4] lpSolveTime[0] lb[621.403] ub[778] numArcs: [141367] numFixed: [179] time: [11]
lambda: 0,23.8033,2.64739,38.7289,12.4489,11.8489,16.5045,4.9567,21.9111,16.1282,4.48075,10.9289,9.04891,12.3289,8.0967,3.9767,22.9274,22.9489,5.40739,24.6489,3.12,15.6889,15.6082,27.7426,19.8489,29.035,7.19254,4.42815,18.3593,8.75923,18.2089,6.88075,24.7489,2.98891,
mu: 
srcDuals: 
fixing. lower bound used: 592.937
percent fixed: 0.382205
updating best lambda
fixing. lower bound used: 592.937
fixed path dual: 27.1758
STATS - lpIterations[1] lagIterations[6] sspIterations[30] numSeparations[16] numCuts[0] compileTime[2] sspSolveTime[5] lpSolveTime[0] lb[621.561] ub[778] numArcs: [141649] numFixed: [396] time: [13]
lambda: 0,24.6488,3.49284,39.5744,13.2944,12.6944,15.659,4.9567,21.9111,16.9736,3.6353,11.7744,9.89436,11.4835,8.0967,3.9767,23.7728,22.1035,6.25284,23.8035,3.12,16.5344,16.4536,28.588,20.6944,26.4986,7.19254,5.2736,19.2048,9.60467,19.0544,6.0353,25.5944,3.83436,
mu: 
srcDuals: 
fixing. lower bound used: 602.237
percent fixed: 0.656267
updating best lambda
fixing. lower bound used: 602.237
fixed path dual: 27.2727
STATS - lpIterations[1] lagIterations[7] sspIterations[35] numSeparations[17] numCuts[0] compileTime[2] sspSolveTime[7] lpSolveTime[0] lb[636.162] ub[778] numArcs: [141733] numFixed: [752] time: [15]
lambda: 0,23.5629,2.40695,39.5744,14.3802,13.7802,16.7449,6.04259,22.997,15.8877,4.72119,12.8602,9.89436,12.5694,9.18259,5.06259,23.7728,23.1894,7.33872,24.8894,3.12,17.6202,16.4536,27.5021,19.6085,27.5845,7.19254,6.35948,20.2907,8.51879,17.9685,7.12119,26.6802,4.92024,
mu: 
srcDuals: 
fixing. lower bound used: 616.353
percent fixed: 1.3327
updating best lambda
fixing. lower bound used: 616.353
fixed path dual: 26.7562
STATS - lpIterations[1] lagIterations[8] sspIterations[40] numSeparations[20] numCuts[0] compileTime[2] sspSolveTime[8] lpSolveTime[0] lb[639.347] ub[778] numArcs: [141850] numFixed: [1653] time: [18]
lambda: 0,24.0066,2.85064,40.018,14.8239,14.2239,14.5265,5.15521,22.1096,16.3314,5.16488,13.3039,10.338,13.013,8.29521,4.17521,24.2165,23.633,7.78241,25.333,3.12,18.0639,16.8973,27.9458,20.0522,28.0282,7.19254,6.80317,20.7344,8.96248,18.4122,7.56488,27.1239,5.36393,
mu: 
srcDuals: 
fixing. lower bound used: 622.121
percent fixed: 1.68543
updating best lambda
fixing. lower bound used: 622.121
fixed path dual: 26.7931
STATS - lpIterations[1] lagIterations[9] sspIterations[45] numSeparations[23] numCuts[0] compileTime[2] sspSolveTime[9] lpSolveTime[0] lb[643.899] ub[778] numArcs: [142022] numFixed: [2145] time: [20]
lambda: 0,24.4918,2.36541,40.5033,15.3092,14.7092,15.0117,5.64044,22.5948,16.3314,4.67964,13.7892,10.8233,13.4983,8.78044,4.66044,23.7313,24.1183,7.29718,25.8183,3.12,18.5492,16.8973,28.431,20.5374,26.5725,7.19254,7.28841,18.3082,9.44771,18.8974,7.07964,27.6092,5.84917,
mu: 
srcDuals: 
fixing. lower bound used: 626.488
percent fixed: 2.04638
updating best lambda
fixing. lower bound used: 626.488
fixed path dual: 24.9125
STATS - lpIterations[1] lagIterations[10] sspIterations[50] numSeparations[26] numCuts[0] compileTime[2] sspSolveTime[10] lpSolveTime[0] lb[644.341] ub[778] numArcs: [142166] numFixed: [2666] time: [22]
lambda: 0,23.8354,3.02178,41.1597,15.9655,14.0528,15.6681,6.29681,23.2512,16.9878,5.33601,14.4455,11.4797,14.1546,9.43681,5.31681,24.3877,24.7746,7.95355,26.4746,3.12,19.2055,17.5537,27.7747,19.2247,27.2289,7.19254,5.3193,18.9645,10.1041,17.5847,7.73601,28.2655,6.50554,
mu: 
srcDuals: 
fixing. lower bound used: 636.334
percent fixed: 2.90613
updating best lambda
fixing. lower bound used: 636.334
fixed path dual: 23.9783
fixing. lower bound used: 637.433
percent fixed: 3.21373
updating best lambda
fixing. lower bound used: 637.433
fixed path dual: 26.082
STATS - lpIterations[1] lagIterations[12] sspIterations[60] numSeparations[34] numCuts[0] compileTime[2] sspSolveTime[12] lpSolveTime[0] lb[652.266] ub[778] numArcs: [142840] numFixed: [4243] time: [26]
lambda: 0,24.5094,2.40357,40.5414,16.6395,14.7267,15.9113,6.0536,23.4944,15.0774,5.52351,15.1195,10.8614,14.3421,9.24932,5.56003,24.2002,23.5029,7.76605,25.2029,3.12,19.8795,16.5047,28.4486,19.8986,26.9299,7.86646,5.99322,19.6385,10.3473,18.2586,8.16672,28.9395,7.17946,
mu: 
srcDuals: 
fixing. lower bound used: 638.411
percent fixed: 3.26785
updating best lambda
fixing. lower bound used: 638.411
fixed path dual: 25.3721
STATS - lpIterations[1] lagIterations[13] sspIterations[65] numSeparations[35] numCuts[0] compileTime[2] sspSolveTime[14] lpSolveTime[0] lb[655.047] ub[778] numArcs: [142839] numFixed: [4325] time: [29]
lambda: 0,23.8763,3.03659,41.1745,17.2725,15.3597,14.6453,4.78755,22.2284,15.7105,6.15653,15.7525,11.4945,14.9752,8.61629,4.29398,24.8332,24.1359,8.39907,25.8359,3.12,20.5125,17.1378,29.0816,20.5316,27.563,7.86646,5.3602,20.2715,9.08125,18.8916,8.79974,29.5725,7.81248,
mu: 
srcDuals: 
fixing. lower bound used: 644.741
percent fixed: 4.0866
updating best lambda
fixing. lower bound used: 644.741
fixed path dual: 24.0827
STATS - lpIterations[1] lagIterations[14] sspIterations[70] numSeparations[38] numCuts[0] compileTime[2] sspSolveTime[15] lpSolveTime[0] lb[663.672] ub[778] numArcs: [143005] numFixed: [5610] time: [31]
lambda: 0,25.0357,3.03659,42.3338,18.4319,14.2004,15.8046,5.94693,23.3878,15.7105,4.99715,16.9119,12.6538,13.8158,9.77567,5.45336,23.6738,25.2953,7.2397,26.9953,3.12,21.6719,17.1378,30.241,20.5316,26.4036,7.86646,6.51958,20.2715,10.2406,18.8916,9.95912,30.7319,8.97186,
mu: 
srcDuals: 
fixing. lower bound used: 659.813
percent fixed: 7.67397
updating best lambda
fixing. lower bound used: 659.813
fixed path dual: 24.3307
STATS - lpIterations[1] lagIterations[15] sspIterations[75] numSeparations[42] numCuts[0] compileTime[2] sspSolveTime[16] lpSolveTime[0] lb[665.218] ub[778] numArcs: [143231] numFixed: [10716] time: [33]
lambda: 0,25.0357,3.343,42.6403,18.7383,14.5068,16.111,5.64053,23.6942,16.0169,4.69075,17.2183,12.9603,14.1222,9.46927,5.75976,23.9802,23.7632,7.5461,25.4632,3.12,21.9783,17.4442,30.241,20.838,25.7908,8.17287,6.51958,20.5779,9.93423,19.198,8.7335,31.0383,9.27826,
mu: 
srcDuals: 
fixing. lower bound used: 660.12
percent fixed: 7.82486
updating best lambda
fixing. lower bound used: 660.12
fixed path dual: 24.4531
STATS - lpIterations[1] lagIterations[16] sspIterations[80] numSeparations[46] numCuts[0] compileTime[2] sspSolveTime[17] lpSolveTime[0] lb[666.734] ub[778] numArcs: [143633] numFixed: [10567] time: [36]
lambda: 0,25.0357,1.98726,41.7364,19.1902,14.9587,16.5629,6.09244,24.1461,14.2092,5.14266,17.6702,12.0564,14.5741,9.01735,6.21168,23.0764,24.2151,7.09419,25.9151,3.12,22.4302,16.5403,30.241,21.2899,26.2427,8.62478,6.51958,21.0298,9.48231,19.6499,9.18541,31.4902,9.73018,
mu: 
srcDuals: 
fixing. lower bound used: 661.023
percent fixed: 8.51523
updating best lambda
fixing. lower bound used: 661.023
fixed path dual: 23.5248
STATS - lpIterations[1] lagIterations[17] sspIterations[85] numSeparations[46] numCuts[0] compileTime[2] sspSolveTime[19] lpSolveTime[0] lb[668.079] ub[778] numArcs: [143612] numFixed: [12287] time: [38]
lambda: 0,23.8383,2.58597,42.3351,19.7889,15.5574,17.1617,6.69116,22.9486,14.8079,5.74138,16.4727,12.6551,15.1728,8.41863,5.01424,23.6751,24.8139,7.69291,26.5139,3.12,23.0289,17.1391,29.0435,21.8886,26.8414,8.62478,5.32214,21.6285,9.48231,20.2486,9.78413,32.0889,10.3289,
mu: 
srcDuals: 
fixing. lower bound used: 665.435
percent fixed: 9.66518
updating best lambda
fixing. lower bound used: 665.435
fixed path dual: 24.4952
STATS - lpIterations[1] lagIterations[18] sspIterations[90] numSeparations[48] numCuts[0] compileTime[2] sspSolveTime[20] lpSolveTime[0] lb[673.203] ub[778] numArcs: [143704] numFixed: [13518] time: [40]
lambda: 0,24.1102,2.85788,42.6071,20.0608,15.8293,17.4336,6.41925,23.2205,15.0798,5.46947,16.7446,12.9271,14.0852,8.69054,5.28615,23.947,23.9981,7.96482,25.6981,3.12,23.3008,17.411,29.3155,22.1606,26.2976,8.89669,5.59405,20.269,9.75422,20.5206,8.6965,32.3608,10.6008,
mu: 
srcDuals: 
fixing. lower bound used: 667.283
percent fixed: 10.0819
updating best lambda
fixing. lower bound used: 667.283
fixed path dual: 22.0684
fixing. lower bound used: 668.603
percent fixed: 10.6831
updating best lambda
fixing. lower bound used: 668.603
fixed path dual: 22.1435
fixing. lower bound used: 670.049
percent fixed: 12.1603
updating best lambda
fixing. lower bound used: 670.049
fixed path dual: 24.329
STATS - lpIterations[1] lagIterations[21] sspIterations[105] numSeparations[55] numCuts[0] compileTime[2] sspSolveTime[24] lpSolveTime[0] lb[683.186] ub[778] numArcs: [144245] numFixed: [17167] time: [48]
lambda: 0,24.2833,2.30453,42.5523,21.5017,16.6363,17.8774,6.7447,24.1629,14.0279,5.6766,18.1856,12.8723,14.6008,9.63289,5.92005,23.8922,23.8968,8.4086,25.5968,3.12,24.7417,17.3562,29.4886,21.0659,26.1963,9.70371,6.40106,21.093,9.92734,19.4259,8.90362,33.8017,11.5432,
mu: 
srcDuals: 
fixing. lower bound used: 678.097
percent fixed: 15.831
updating best lambda
fixing. lower bound used: 678.097
fixed path dual: 23.0628
fixing. lower bound used: 679.968
percent fixed: 17.2375
updating best lambda
fixing. lower bound used: 679.968
fixed path dual: 23.4194
STATS - lpIterations[1] lagIterations[23] sspIterations[115] numSeparations[60] numCuts[0] compileTime[2] sspSolveTime[26] lpSolveTime[0] lb[685.184] ub[778] numArcs: [144610] numFixed: [24299] time: [52]
lambda: 0,24.0782,2.10105,42.3488,22.524,17.6586,17.0585,5.92587,23.3441,14.233,6.6989,19.2079,12.6688,14.8059,9.42777,5.10121,23.6888,24.9191,8.61372,26.6191,3.12,25.764,15.9269,30.5109,22.0882,26.81,10.1123,6.19594,20.8895,9.1085,20.4482,9.51734,34.824,11.7483,
mu: 
srcDuals: 
fixing. lower bound used: 682.645
percent fixed: 19.8047
updating best lambda
fixing. lower bound used: 682.645
fixed path dual: 22.4278
STATS - lpIterations[1] lagIterations[24] sspIterations[120] numSeparations[63] numCuts[0] compileTime[2] sspSolveTime[28] lpSolveTime[0] lb[688.184] ub[778] numArcs: [144703] numFixed: [28489] time: [55]
lambda: 0,24.7413,2.76422,43.012,23.1872,16.3323,17.7217,6.58904,24.0072,14.8962,6.03574,19.871,13.332,15.4691,10.0909,5.76438,24.3519,24.256,9.27689,25.956,3.12,26.4272,16.5901,31.174,20.0987,26.81,10.1123,6.19594,21.5527,9.77167,19.1218,9.51734,35.4872,12.4114,
mu: 
srcDuals: 
fixing. lower bound used: 686.364
percent fixed: 21.7585
updating best lambda
fixing. lower bound used: 686.364
fixed path dual: 21.7309
fixing. lower bound used: 684.356
percent fixed: 22.1049
updating best lambda
fixing. lower bound used: 684.356
fixed path dual: 22.5616
STATS - lpIterations[1] lagIterations[26] sspIterations[130] numSeparations[65] numCuts[0] compileTime[2] sspSolveTime[31] lpSolveTime[0] lb[690.241] ub[778] numArcs: [144852] numFixed: [29045] time: [60]
lambda: 0,24.572,2.23979,42.4875,24.4054,17.5505,18.9399,6.0646,23.8379,13.5005,5.51131,19.7017,12.8075,14.9446,10.6154,5.59508,23.8275,23.7315,8.75245,25.4315,3.12,27.6454,16.0657,31.0047,21.3168,26.2855,11.3305,6.02664,21.0283,10.2961,20.34,8.9929,36.7054,12.7583,
mu: 
srcDuals: 
fixing. lower bound used: 688.559
percent fixed: 24.3955
updating best lambda
fixing. lower bound used: 688.559
fixed path dual: 23.2136
STATS - lpIterations[1] lagIterations[27] sspIterations[135] numSeparations[65] numCuts[0] compileTime[2] sspSolveTime[32] lpSolveTime[0] lb[699.207] ub[778] numArcs: [144844] numFixed: [35684] time: [62]
lambda: 0,23.4308,2.81043,43.0582,24.976,18.1211,19.5105,6.63524,22.6967,14.0711,6.08194,18.5605,13.3782,15.5153,10.0447,4.45381,24.3981,24.3022,9.32309,26.0022,3.12,28.216,16.6363,29.8635,21.8875,26.8562,11.3305,4.88537,21.5989,10.2961,20.9106,9.56354,37.276,13.3289,
mu: 
srcDuals: 
fixing. lower bound used: 696.33
percent fixed: 29.6329
updating best lambda
fixing. lower bound used: 696.33
fixed path dual: 17.3989
fixing. lower bound used: 685.279
percent fixed: 29.4786
fixing. lower bound used: 696.33
fixed path dual: 20.1015
STATS - lpIterations[1] lagIterations[29] sspIterations[145] numSeparations[71] numCuts[0] compileTime[2] sspSolveTime[35] lpSolveTime[0] lb[700.548] ub[778] numArcs: [145121] numFixed: [42752] time: [67]
lambda: 0,25.1513,3.11416,43.3619,27.0002,16.7043,19.4086,5.42032,23.506,14.3748,6.38567,20.281,13.6819,15.819,10.5503,4.65565,24.7019,24.6059,7.90633,26.3059,3.42373,30.2402,16.94,31.584,20.4707,27.1599,11.6342,6.60586,21.9026,11.4091,21.2144,9.86727,39.3002,15.3532,
mu: 
srcDuals: 
fixing. lower bound used: 699.372
percent fixed: 33.1362
updating best lambda
switching from LAG to LP solver
num vars: 97097
DUALS: -0,24.3148,8,40.6667,37,16.5556,20.8889,7.5,25.3889,13.6667,7.66667,22.3333,18.3333,15.6667,11.0741,5.5,22.6667,24.4444,12,25.5556,7,23,14.6667,31.7222,21.8889,30.6667,17,6.66667,20.3333,12.0741,25,10.3333,50,19,
fixed path dual: 17
lp dual value: 733.574
STATS - lpIterations[2] lagIterations[29] sspIterations[145] numSeparations[71] numCuts[0] compileTime[2] sspSolveTime[35] lpSolveTime[7] lb[733.574] ub[778] numArcs: [145121] numFixed: [48352] time: [76]
checking cuts, max violation: 0.764074, num cuts: 37
new capacity cutset: 1 5 6 7 8 10 11 13 14 15 17 19 21 23 24 25 27 28 29 30 31 32 <= 18
new capacity cutset: 10 13 17 19 21 25 28 31 32 <= 7
new capacity cutset: 13 17 19 21 25 28 31 32 <= 6
new capacity cutset: 6 7 8 10 11 13 14 15 17 19 21 25 28 31 32 <= 12
new capacity cutset: 17 19 21 25 28 31 32 <= 5
new capacity cutset: 1 5 23 24 30 <= 3
new capacity cutset: 4 5 20 24 26 30 <= 4
new capacity cutset: 1 8 10 11 13 15 17 19 21 23 25 27 28 31 32 <= 12
new capacity cutset: 1 8 10 11 13 17 19 21 23 25 28 31 32 <= 10
new capacity cutset: 1 8 10 11 13 15 17 19 21 23 25 28 31 32 <= 11
new capacity cutset: 1 5 6 7 8 10 11 13 14 15 17 19 21 23 24 25 28 30 31 32 <= 16
new capacity cutset: 1 5 6 7 8 10 11 13 14 15 17 19 21 23 24 25 27 28 30 31 32 <= 17
new capacity cutset: 1 6 7 8 11 14 15 23 27 29 <= 8
new capacity cutset: 1 4 5 6 7 8 11 14 15 23 24 26 27 29 30 <= 12
new capacity cutset: 1 4 5 6 7 8 11 14 15 20 23 24 26 27 29 30 <= 13
new capacity cutset: 1 8 11 13 15 17 19 21 23 25 28 31 32 <= 10
new capacity cutset: 1 8 11 13 15 17 19 21 23 25 27 28 31 32 <= 11
new capacity cutset: 1 5 23 24 27 30 <= 4
new capacity cutset: 1 5 11 23 24 27 30 <= 5
new capacity cutset: 1 5 8 11 23 24 27 30 <= 6
new capacity cutset: 1 5 8 11 15 23 24 27 30 <= 7
new capacity cutset: 1 4 5 6 8 11 15 23 24 26 27 29 30 <= 10
new capacity cutset: 1 4 5 6 7 8 11 15 23 24 26 27 29 30 <= 11
new capacity cutset: 1 4 5 6 7 8 11 15 20 23 24 26 27 29 30 <= 12
new capacity cutset: 1 5 6 7 8 10 11 13 15 17 19 21 23 24 25 27 28 29 30 31 32 <= 17
new capacity cutset: 1 6 8 11 15 23 <= 4
new capacity cutset: 1 6 7 8 11 15 23 <= 5
new capacity cutset: 1 6 7 8 11 14 15 23 <= 6
new capacity cutset: 1 5 6 7 8 11 14 15 17 19 21 23 24 25 27 28 29 30 31 32 <= 16
new capacity cutset: 1 5 6 7 8 11 13 14 15 17 19 21 23 24 25 27 28 29 30 31 32 <= 17
new capacity cutset: 1 4 5 8 11 13 15 17 19 20 21 23 24 25 26 27 28 30 31 32 <= 16
new capacity cutset: 1 4 5 8 10 11 13 15 17 19 20 21 23 24 25 26 27 28 30 31 32 <= 17
new capacity cutset: 1 6 8 11 15 23 27 29 <= 6
new capacity cutset: 1 6 7 8 11 15 23 27 29 <= 7
new capacity cutset: 1 4 5 6 8 11 15 20 23 24 26 27 29 30 <= 11
new capacity cutset: 1 4 5 8 11 13 17 19 20 21 23 24 25 26 27 28 30 31 32 <= 15
new capacity cutset: 1 4 5 8 10 11 13 17 19 20 21 23 24 25 26 27 28 30 31 32 <= 16
num src cuts added: 0
num vars: 146039
DUALS: -0,38.4076,10.5005,42.4703,37.5893,30.2437,31.7269,17.3204,33.4527,12.3582,18.7143,30.3204,12.6145,26.8015,21.9107,15.959,18.8436,44.6668,15.3562,48.5674,9.61453,38.23,13.7266,46.1334,38.5757,48.6366,15.8214,22.0042,41.8687,21.1366,34.3781,32.4622,73.23,25.3713,
fixed path dual: 14.3855
cap dual [0]: -11.3687
cap dual [1]: -1.0746
cap dual [2]: -0.680674
cap dual [4]: -10.7479
cap dual [17]: -5.18067
lp dual value: 750.236
STATS - lpIterations[3] lagIterations[29] sspIterations[145] numSeparations[82] numCuts[37] compileTime[2] sspSolveTime[35] lpSolveTime[54] lb[750.236] ub[778] numArcs: [145713] numFixed: [0] time: [134]
checking cuts, max violation: 0.626064, num cuts: 56
new capacity cutset: 1 2 3 5 6 7 8 9 10 11 12 13 14 15 16 17 18 19 21 22 23 24 25 27 28 29 30 31 32 33 <= 25
new capacity cutset: 2 3 9 10 12 13 16 17 18 19 21 22 25 28 31 32 33 <= 14
new capacity cutset: 3 9 10 12 13 16 17 19 21 22 25 28 31 32 <= 11
new capacity cutset: 10 13 17 19 25 28 31 32 <= 6
new capacity cutset: 2 3 9 10 11 12 13 16 17 18 19 21 22 25 28 31 32 33 <= 15
new capacity cutset: 2 3 9 12 13 16 17 18 19 21 22 25 28 31 32 33 <= 13
new capacity cutset: 2 3 9 11 12 16 17 18 19 21 22 25 28 31 32 33 <= 13
new capacity cutset: 2 3 9 12 16 18 21 22 32 33 <= 8
new capacity cutset: 2 3 9 12 16 18 22 32 33 <= 7
new capacity cutset: 1 5 6 7 8 10 11 13 14 15 17 19 23 24 25 27 28 29 30 31 32 <= 17
new capacity cutset: 2 3 9 10 12 13 16 17 19 21 22 25 28 31 32 <= 12
new capacity cutset: 1 2 3 4 5 8 9 10 11 12 13 15 16 17 18 19 21 22 23 24 25 26 27 28 29 30 31 32 33 <= 24
new capacity cutset: 13 17 19 25 28 31 32 <= 5
new capacity cutset: 2 3 9 10 12 13 16 17 18 19 21 22 25 28 31 32 <= 13
new capacity cutset: 10 11 13 17 19 23 25 28 31 <= 7
new capacity cutset: 2 3 9 12 16 18 20 22 33 <= 7
new capacity cutset: 3 9 12 16 21 22 32 <= 5
new capacity cutset: 3 9 10 11 12 13 16 17 19 21 22 25 28 31 32 <= 12
new capacity cutset: 2 3 9 10 11 12 13 16 17 19 21 22 25 28 31 32 <= 13
new capacity cutset: 1 2 3 5 6 8 9 10 11 12 13 14 15 16 17 18 19 21 22 23 24 25 27 28 29 30 31 32 33 <= 24
new capacity cutset: 1 2 3 4 5 6 7 8 9 10 11 12 13 14 15 16 17 18 19 21 22 23 24 25 26 27 28 29 30 31 32 33 <= 27
new capacity cutset: 1 4 5 6 7 8 11 14 15 17 19 23 24 25 26 27 28 29 30 31 <= 16
new capacity cutset: 1 4 5 6 7 8 11 13 14 15 17 19 23 24 25 26 27 28 29 30 31 <= 17
new capacity cutset: 1 4 5 6 7 8 10 11 13 14 15 17 19 23 24 25 26 27 28 29 30 31 <= 18
new capacity cutset: 1 6 7 8 10 11 13 14 15 17 19 23 25 27 28 29 31 <= 14
new capacity cutset: 1 4 5 6 8 10 11 13 15 17 19 23 24 25 26 27 28 29 30 31 <= 16
new capacity cutset: 1 4 5 6 7 8 10 11 13 15 17 19 23 24 25 26 27 28 29 30 31 <= 17
new capacity cutset: 2 3 9 12 16 18 22 32 <= 6
new capacity cutset: 2 3 9 12 16 18 21 22 32 <= 7
new capacity cutset: 2 3 9 12 16 21 22 32 <= 6
new capacity cutset: 2 3 9 12 16 21 22 32 33 <= 7
new capacity cutset: 2 3 9 12 13 16 17 19 21 22 25 28 31 32 33 <= 12
new capacity cutset: 2 3 9 10 12 13 16 17 19 21 22 25 28 31 32 33 <= 13
new capacity cutset: 11 17 19 23 25 28 31 <= 5
new capacity cutset: 11 13 17 19 23 25 28 31 <= 6
new capacity cutset: 1 5 10 11 13 17 19 23 24 25 27 28 30 31 <= 11
new capacity cutset: 1 3 4 5 6 7 8 9 10 11 12 13 14 15 17 19 21 22 23 24 25 26 27 28 29 30 31 32 <= 23
new capacity cutset: 1 6 7 8 11 14 15 17 19 23 25 27 29 31 <= 11
new capacity cutset: 1 6 7 8 11 14 15 17 19 23 25 27 28 29 31 <= 12
new capacity cutset: 1 6 7 8 11 13 14 15 17 19 23 25 27 28 29 31 <= 13
new capacity cutset: 1 3 4 5 6 7 8 9 11 12 13 14 15 17 19 21 22 23 24 25 26 27 28 29 30 31 32 <= 22
new capacity cutset: 1 2 3 4 5 6 7 8 9 11 12 13 14 15 16 17 18 19 21 22 23 24 25 26 27 28 29 30 31 32 33 <= 26
new capacity cutset: 1 2 3 6 7 8 9 10 11 12 13 14 15 16 17 18 19 21 22 23 25 27 28 29 31 32 33 <= 23
new capacity cutset: 1 6 8 10 11 13 15 17 19 23 25 27 28 29 31 <= 12
new capacity cutset: 1 6 7 8 10 11 13 15 17 19 23 25 27 28 29 31 <= 13
new capacity cutset: 1 3 6 7 8 9 10 11 12 13 14 15 17 19 21 23 25 27 28 29 31 32 <= 18
new capacity cutset: 1 3 6 7 8 9 10 11 12 13 14 15 17 19 21 22 23 25 27 28 29 31 32 <= 19
new capacity cutset: 1 2 3 5 6 7 8 9 10 11 12 13 14 15 16 17 19 21 22 23 24 25 27 28 29 30 31 32 <= 23
new capacity cutset: 1 2 3 5 6 7 8 9 10 11 12 13 14 15 16 17 18 19 21 22 23 24 25 27 28 29 30 31 32 <= 24
new capacity cutset: 2 3 9 11 12 13 16 17 18 19 22 25 28 31 32 33 <= 13
new capacity cutset: 2 3 9 10 11 12 13 16 17 18 19 22 25 28 31 32 33 <= 14
new capacity cutset: 1 2 3 4 5 6 7 8 9 10 11 12 13 14 15 16 17 18 19 22 23 24 25 26 27 28 29 30 31 32 33 <= 26
new capacity cutset: 1 4 5 6 7 8 11 13 15 17 19 23 24 25 26 27 28 29 30 31 <= 16
new capacity cutset: 3 9 11 12 13 16 17 19 21 22 25 28 31 32 <= 11
new capacity cutset: 2 3 9 11 12 13 16 17 19 21 22 25 28 31 32 <= 12
new capacity cutset: 2 3 9 11 12 13 16 17 18 19 21 22 25 28 31 32 33 <= 14
num src cuts added: 0
fixing. lower bound used: 750.234
num vars: 145582
DUALS: -0,58.8931,48.4371,88.3019,37,50.6038,52.8868,44.1824,54.8868,56.3208,41.2956,56.8742,51.6667,49.4088,46.8868,43.1824,60.3019,74.1698,40.6792,79.3396,14,62.6101,56.3208,67.5472,55.4088,77.1698,20.6038,47.8931,72.283,45.8868,51.8868,66.2264,98.283,45.8113,
fixed path dual: 10
cap dual [4]: -12
cap dual [17]: -3.35849
cap dual [37]: -19.2201
cap dual [39]: -1.81761
cap dual [43]: -1.98742
cap dual [46]: -0.160377
cap dual [49]: -3.9434
cap dual [52]: -7.03774
cap dual [53]: -0.430818
cap dual [57]: -3.60377
cap dual [70]: -0.352201
cap dual [75]: -4.59119
cap dual [84]: -9.73899
cap dual [85]: -1.86792
lp dual value: 770.635
STATS - lpIterations[4] lagIterations[29] sspIterations[145] numSeparations[94] numCuts[93] compileTime[2] sspSolveTime[35] lpSolveTime[166] lb[770.635] ub[778] numArcs: [146580] numFixed: [1322] time: [266]
checking cuts, max violation: 0.295597, num cuts: 6
new capacity cutset: 1 6 7 8 11 14 15 17 19 23 24 27 29 30 <= 11
new capacity cutset: 3 4 9 12 16 22 26 33 <= 6
new capacity cutset: 3 4 9 12 16 20 22 26 33 <= 7
new capacity cutset: 2 3 4 9 12 16 22 26 33 <= 7
new capacity cutset: 2 3 4 9 12 16 20 22 26 33 <= 8
new capacity cutset: 1 6 7 8 10 11 13 14 15 17 19 21 23 24 25 27 28 29 30 31 32 <= 17
added new src cut with arcs: 147548 147748 147919 148090  for test set: 8 11 29 
added new src cut with arcs: 148263 148461 148618  for test set: 8 17 29 
added new src cut with arcs: 148790 148987 149143  for test set: 8 19 29 
added new src cut with arcs: 149315 149512 149681 149837  for test set: 11 15 29 
added new src cut with arcs: 150009 150206 150362  for test set: 15 17 29 
added new src cut with arcs: 150534 150731 150887  for test set: 15 19 29 
num src cuts added: 6
fixing. lower bound used: 770.632
num vars: 147681
DUALS: -0,66.2431,40.3507,81.0055,37,47,59.0453,50.8475,60.0453,48.8965,41.2237,66.561,45.1433,50.7024,52.1377,49.2523,51.4261,81.28,33.2754,82.4667,12.1377,60.7301,48.317,74.0379,57.7588,80.1248,17,56.561,76.5277,52.5444,55.8013,71.646,98.3604,38.1377,
fixed path dual: 11.8623
cap dual [4]: -12.0536
cap dual [17]: -4.89649
cap dual [37]: -20
cap dual [43]: -0.50647
cap dual [46]: -0.150185
cap dual [49]: -5.08503
cap dual [52]: -3.27542
cap dual [53]: -1.21303
cap dual [70]: -2.40481
cap dual [75]: -6.06377
cap dual [81]: -0.10536
cap dual [82]: -1.57948
cap dual [84]: -10.0753
cap dual [85]: -1.38447
cap dual [93]: -2.97043
cap dual [98]: -4.439
lp dual value: 771.802
STATS - lpIterations[5] lagIterations[29] sspIterations[145] numSeparations[106] numCuts[105] compileTime[2] sspSolveTime[35] lpSolveTime[287] lb[771.802] ub[778] numArcs: [150648] numFixed: [3285] time: [403]
checking cuts, max violation: 0.235367, num cuts: 2
new capacity cutset: 1 6 7 8 11 13 15 17 19 23 25 27 28 31 <= 11
new capacity cutset: 1 6 7 8 10 11 13 15 17 19 23 25 27 28 31 <= 12
num src cuts added: 0
fixing. lower bound used: 771.798
num vars: 148289
DUALS: -0,68.1667,42.25,81.25,38.8333,48.8333,60.75,52.8889,61.9167,51.5833,44.3611,68.9167,47.25,55,53.8056,51.7222,54.1667,82.6667,35.1667,86.3333,12.9167,61.25,50.1667,76.4722,60.3333,83.0278,18.8333,59.2222,79.4167,53.75,58.3333,74.25,99.3611,39.0833,
fixed path dual: 9.25
cap dual [4]: -10.3333
cap dual [17]: -5.36111
cap dual [37]: -18.6944
cap dual [39]: -1.66667
cap dual [43]: -0.472222
cap dual [46]: -0.666667
cap dual [47]: -0.0555556
cap dual [49]: -4.91667
cap dual [52]: -5
cap dual [58]: -1.83333
cap dual [70]: -2.69444
cap dual [74]: -0.222222
cap dual [75]: -4.30556
cap dual [82]: -2.41667
cap dual [84]: -8.94444
cap dual [85]: -3.08333
cap dual [93]: -2.13889
cap dual [98]: -5.44444
cap dual [99]: -1.11111
lp dual value: 773.556
STATS - lpIterations[6] lagIterations[29] sspIterations[145] numSeparations[118] numCuts[107] compileTime[2] sspSolveTime[35] lpSolveTime[410] lb[773.556] ub[778] numArcs: [151338] numFixed: [3367] time: [541]
no rcc cuts found
added new src cut with arcs: 152309 152497 152664 152823 152953 153137 153292 153461  for test set: 1 14 29 
num src cuts added: 1
fixing. lower bound used: 773.552
num vars: 149805
DUALS: -0,67.2333,43.3833,81.1833,37.5667,47.5667,61.0667,53.1667,62.4333,52.5167,43.8667,69.6667,47.5833,55.8333,54.2333,51,56.6833,81.7389,36.9,84.1333,14,59.1833,52.8333,75.9,59.7,82.4889,17.5667,58.7333,78.2444,53.8,58.0333,74.0889,98.0167,41.7333,
fixed path dual: 9.43333
cap dual [4]: -7.28333
cap dual [17]: -4.36667
cap dual [37]: -19.9167
cap dual [39]: -0.05
cap dual [40]: -0.583333
cap dual [43]: -0.666667
cap dual [46]: -1.3
cap dual [49]: -6.12222
cap dual [52]: -6.23333
cap dual [53]: -2.21667
cap dual [57]: -0.15
cap dual [58]: -0.416667
cap dual [70]: -2.83333
cap dual [74]: -0.166667
cap dual [75]: -6.93333
cap dual [84]: -9.08333
cap dual [85]: -2.16667
cap dual [93]: -0.483333
cap dual [98]: -7.45
cap dual [99]: -0.933333
lp dual value: 774.233
STATS - lpIterations[7] lagIterations[29] sspIterations[145] numSeparations[134] numCuts[108] compileTime[2] sspSolveTime[35] lpSolveTime[542] lb[774.233] ub[778] numArcs: [153443] numFixed: [3952] time: [691]
checking cuts, max violation: 0.2, num cuts: 1
new capacity cutset: 1 23 24 27 29 30 <= 4
added new src cut with arcs: 154392 154558 152664 152953 153461  for test set: 1 8 29 
added new src cut with arcs: 152309 152497 152664 152823 152953 153137 153292 153461 154713 154855 155019  for test set: 1 14 29 
added new src cut with arcs: 155232 155434 155575 152664 152953 153461  for test set: 1 23 27 
added new src cut with arcs: 155776 155984 156197 156372  for test set: 2 3 16 
added new src cut with arcs: 156571 156771 156981 157151  for test set: 2 3 33 
added new src cut with arcs: 157349 157548 157757 157926  for test set: 2 9 16 
added new src cut with arcs: 158124 158323 158532 158701  for test set: 2 9 33 
added new src cut with arcs: 158899 159098 159307 159476  for test set: 2 12 16 
added new src cut with arcs: 159674 159873 160082 160251  for test set: 2 12 33 
added new src cut with arcs: 160449 160648 160857 161026  for test set: 2 16 21 
added new src cut with arcs: 161224 161423 161632 161801  for test set: 2 16 22 
added new src cut with arcs: 161999 162198 162407 162576  for test set: 2 21 33 
added new src cut with arcs: 162774 162973 163182 163351  for test set: 2 22 33 
added new src cut with arcs: 163549 163748 163957 164126  for test set: 3 16 18 
added new src cut with arcs: 164324 164523 164732 164901  for test set: 3 18 33 
added new src cut with arcs: 165099 165298 165507 165676  for test set: 9 16 18 
added new src cut with arcs: 165874 166073 166282 166451  for test set: 9 18 33 
added new src cut with arcs: 166649 166848 167057 167226  for test set: 12 16 18 
added new src cut with arcs: 167424 167623 167832 168001  for test set: 12 18 33 
added new src cut with arcs: 168199 168398 168607 168776  for test set: 16 18 21 
added new src cut with arcs: 168974 169173 169382 169551  for test set: 16 18 22 
added new src cut with arcs: 169749 169948 170157 170326  for test set: 18 21 33 
added new src cut with arcs: 170524 170723 170932 171101  for test set: 18 22 33 
added new src cut with arcs: 171311 171509 171650 152664 152953 153461  for test set: 23 24 27 
added new src cut with arcs: 171859 172056 172197 152664 152953 153461  for test set: 23 27 29 
added new src cut with arcs: 172406 172603 172744 152664 152953 153461  for test set: 23 27 30 
num src cuts added: 26
fixing. lower bound used: 774.23
num vars: 151473
DUALS: -0,68.1291,43.4631,82.375,37.5061,47.5061,61.252,53.043,61.9406,53.375,45.6824,69.8217,48.6332,55.9262,54.5061,50.9693,57.1824,86.2684,37.2254,81.7254,14,60.4078,54.4406,76.2357,57.4324,83.7234,17.5061,58.9857,79.8217,54.5348,60.3463,75.1291,99.1619,42.5061,
fixed path dual: 9.49385
cap dual [4]: -8.1168
cap dual [17]: -3.89754
cap dual [37]: -20.4016
cap dual [39]: -2.16189
cap dual [43]: -0.598361
cap dual [46]: -1.71926
cap dual [49]: -4.8627
cap dual [52]: -6.22541
cap dual [53]: -1.04098
cap dual [57]: -0.506148
cap dual [70]: -3.18033
cap dual [75]: -7.52049
cap dual [82]: -0.192623
cap dual [84]: -9.0123
cap dual [85]: -1.71926
cap dual [93]: -0.44877
cap dual [98]: -6.89549
cap dual [99]: -0.553279
cap dual [101]: -0.922131
lp dual value: 774.373
STATS - lpIterations[8] lagIterations[29] sspIterations[145] numSeparations[139] numCuts[135] compileTime[2] sspSolveTime[35] lpSolveTime[699] lb[774.373] ub[778] numArcs: [172130] numFixed: [20963] time: [884]
no rcc cuts found
added new src cut with arcs: 154392 154558 152664 152953 153461 173104 173280 173443 173614 173792  for test set: 1 8 29 
added new src cut with arcs: 152309 152497 152664 152823 152953 153137 153292 153461 154713 154855 155019 173948 174110 174265 174433 174609  for test set: 1 14 29 
added new src cut with arcs: 155232 155434 155575 152664 152953 153461 174765 174908 175063 175217 175384 175587  for test set: 1 23 27 
added new src cut with arcs: 171311 171509 171650 152664 152953 153461 175719 175874 176028 176195 176394 155232  for test set: 23 24 27 
added new src cut with arcs: 171859 172056 172197 152664 152953 153461 176525 176680 176834 177001 177199 155232  for test set: 23 27 29 
added new src cut with arcs: 172406 172603 172744 152664 152953 153461 177330 177485 177639 177806 178004 155232  for test set: 23 27 30 
num src cuts added: 6
fixing. lower bound used: 774.37
num vars: 152056
DUALS: -0,67.7919,42.1549,80.8811,37.1831,47,60.734,52.6307,61.7261,51.8811,46.421,69.2551,47.3505,55.4507,53.9108,50.5055,56.0626,83.4413,36.266,82.8889,14.1831,59.3286,53.3505,75.9828,58.9124,82.8795,16.8169,58.784,78.7637,53.6166,58.2613,74.3646,97.9264,41.4507,
fixed path dual: 9.8169
cap dual [4]: -7.83568
cap dual [17]: -4.37402
cap dual [37]: -20.0172
cap dual [39]: -3.3975
cap dual [43]: -0.250391
cap dual [46]: -1.90767
cap dual [49]: -3.48357
cap dual [52]: -6.20344
cap dual [70]: -3.37402
cap dual [74]: -0.179969
cap dual [75]: -7.42254
cap dual [84]: -8.68701
cap dual [85]: -1.81534
cap dual [93]: -0.269171
cap dual [98]: -7.41315
cap dual [99]: -0.793427
cap dual [101]: -0.70579
src dual [10]: -7.10543e-14
lp dual value: 774.412
STATS - lpIterations[9] lagIterations[29] sspIterations[145] numSeparations[144] numCuts[141] compileTime[2] sspSolveTime[35] lpSolveTime[858] lb[774.412] ub[778] numArcs: [177494] numFixed: [25744] time: [1081]
no rcc cuts found
added new src cut with arcs: 154392 154558 152664 152953 153461 173104 173280 173443 173614 173792 178485 178607 147919 152497  for test set: 1 8 29 
added new src cut with arcs: 152309 152497 152664 152823 152953 153137 153292 153461 154713 154855 155019 173948 174110 174265 174433 174609 178764 178883 179049 147919 154392 173280 173792  for test set: 1 14 29 
added new src cut with arcs: 155232 155434 155575 152664 152953 153461 174765 174908 175063 175217 175384 175587 179205 179323 179479 147919 154392  for test set: 1 23 27 
added new src cut with arcs: 155776 155984 156197 156372 179669 179868 180058 180227  for test set: 2 3 16 
added new src cut with arcs: 156571 156771 156981 157151 180414 180609 180796 180963 155776 155984 156197 156372  for test set: 2 3 33 
added new src cut with arcs: 157349 157548 157757 157926 181149 181343 181529 155776 155984 156197 156372  for test set: 2 9 16 
added new src cut with arcs: 158124 158323 158532 158701 181715 181909 182095 155776 155984 156197 156372  for test set: 2 9 33 
added new src cut with arcs: 158899 159098 159307 159476 182281 182475 182661 182827 155776 155984 156197 156372  for test set: 2 12 16 
added new src cut with arcs: 159674 159873 160082 160251 183013 183207 183393 183559 155776 155984 156197 156372  for test set: 2 12 33 
added new src cut with arcs: 160449 160648 160857 161026 183753 183939 184105 155776 155984 156197 156372  for test set: 2 16 21 
added new src cut with arcs: 161224 161423 161632 161801 184299 184485 184651 155776 155984 156197 156372  for test set: 2 16 22 
added new src cut with arcs: 161999 162198 162407 162576 184845 185031 185197 155776 155984 156197 156372  for test set: 2 21 33 
added new src cut with arcs: 162774 162973 163182 163351 185391 185577 185743 155776 155984 156197 156372  for test set: 2 22 33 
added new src cut with arcs: 163549 163748 163957 164126 185929 186123 186309 186475 155776 155984 156197 156372  for test set: 3 16 18 
added new src cut with arcs: 164324 164523 164732 164901 186661 186855 187041 187207 155776 155984 156197 156372  for test set: 3 18 33 
added new src cut with arcs: 165099 165298 165507 165676 187393 187587 187773 155776 155984 156197 156372  for test set: 9 16 18 
added new src cut with arcs: 165874 166073 166282 166451 187959 188153 188339 155776 155984 156197 156372  for test set: 9 18 33 
added new src cut with arcs: 166649 166848 167057 167226 188525 188719 188905 189071 155776 155984 156197 156372  for test set: 12 16 18 
added new src cut with arcs: 167424 167623 167832 168001 189257 189451 189637 189803 155776 155984 156197 156372  for test set: 12 18 33 
added new src cut with arcs: 168199 168398 168607 168776 189986 190172 190338 155776 155984 156197 156372  for test set: 16 18 21 
added new src cut with arcs: 168974 169173 169382 169551 190532 190718 190884 155776 155984 156197 156372  for test set: 16 18 22 
added new src cut with arcs: 169749 169948 170157 170326 191062 191248 191414 155776 155984 156197 156372  for test set: 18 21 33 
added new src cut with arcs: 170524 170723 170932 171101 191608 191794 191960 155776 155984 156197 156372  for test set: 18 22 33 
added new src cut with arcs: 171311 171509 171650 152664 152953 153461 175719 175874 176028 176195 176394 155232 192116 192234 192389 147919 154392 155434 174908  for test set: 23 24 27 
added new src cut with arcs: 171859 172056 172197 152664 152953 153461 176525 176680 176834 177001 177199 155232 192545 192663 147919 154392 155434 174908  for test set: 23 27 29 
added new src cut with arcs: 172406 172603 172744 152664 152953 153461 177330 177485 177639 177806 178004 155232 192819 192937 193092 147919 154392 155434 174908  for test set: 23 27 30 
num src cuts added: 26
fixing. lower bound used: 774.408
num vars: 153642
DUALS: -0,68.0941,41.4836,80.4667,37.504,47,61.0914,53.0816,62.2733,52.0098,45.496,69.6886,47.7462,54.7169,54.197,50.976,56.0124,83.3762,36.2413,85.0843,14.504,59.488,53.7462,76.4774,58.5972,83.2192,16.496,59.276,79.433,53.8039,59.2023,74.5901,98.2325,40.2413,
fixed path dual: 9.49601
cap dual [4]: -9.03904
cap dual [17]: -4.49157
cap dual [37]: -18.7995
cap dual [39]: -3.24845
cap dual [43]: -0.20142
cap dual [46]: -2.26531
cap dual [49]: -3.70985
cap dual [52]: -6.24933
cap dual [53]: -0.498669
cap dual [70]: -3.4055
cap dual [75]: -7.34516
cap dual [83]: -0.251996
cap dual [84]: -8.50577
cap dual [85]: -2.73647
cap dual [93]: -1.65839
cap dual [98]: -6.43301
cap dual [99]: -0.980479
cap dual [101]: -0.606921
src dual [41]: -5.68434e-14
lp dual value: 774.447
STATS - lpIterations[10] lagIterations[29] sspIterations[145] numSeparations[151] numCuts[167] compileTime[2] sspSolveTime[35] lpSolveTime[1017] lb[774.447] ub[778] numArcs: [192623] numFixed: [39281] time: [1303]
no rcc cuts found
added new src cut with arcs: 154392 154558 152664 152953 153461 173104 173280 173443 173614 173792 178485 178607 147919 152497 193632  for test set: 1 8 29 
added new src cut with arcs: 152309 152497 152664 152823 152953 153137 153292 153461 154713 154855 155019 173948 174110 174265 174433 174609 178764 178883 179049 147919 154392 173280 173792 193794 193924 173104 178485  for test set: 1 14 29 
added new src cut with arcs: 155232 155434 155575 152664 152953 153461 174765 174908 175063 175217 175384 175587 179205 179323 179479 147919 154392 194051 173104 178485  for test set: 1 23 27 
added new src cut with arcs: 155776 155984 156197 156372 179669 179868 180058 180227 194259 194472 194681 194877 195076 195267  for test set: 2 3 16 
added new src cut with arcs: 156571 156771 156981 157151 180414 180609 180796 180963 155776 155984 156197 156372 195467 195677 195868 196062 196257 196443 180058  for test set: 2 3 33 
added new src cut with arcs: 157349 157548 157757 157926 181149 181343 181529 155776 155984 156197 156372 196642 196851 197041 197234 197428 197613 180058  for test set: 2 9 16 
added new src cut with arcs: 158124 158323 158532 158701 181715 181909 182095 155776 155984 156197 156372 197812 198021 198211 198404 198598 198783 180058  for test set: 2 9 33 
added new src cut with arcs: 158899 159098 159307 159476 182281 182475 182661 182827 155776 155984 156197 156372 198982 199191 199381 199574 199768 199953 180058  for test set: 2 12 16 
added new src cut with arcs: 159674 159873 160082 160251 183013 183207 183393 183559 155776 155984 156197 156372 200152 200361 200551 200744 200938 201123 180058  for test set: 2 12 33 
added new src cut with arcs: 160449 160648 160857 161026 183753 183939 184105 155776 155984 156197 156372 201322 201512 201706 201891 180058  for test set: 2 16 21 
added new src cut with arcs: 161224 161423 161632 161801 184299 184485 184651 155776 155984 156197 156372 202090 202280 202473 202667 202852 180058  for test set: 2 16 22 
added new src cut with arcs: 161999 162198 162407 162576 184845 185031 185197 155776 155984 156197 156372 203051 203241 203435 203620 180058  for test set: 2 21 33 
added new src cut with arcs: 162774 162973 163182 163351 185391 185577 185743 155776 155984 156197 156372 203819 204009 204202 204396 204581 180058  for test set: 2 22 33 
added new src cut with arcs: 163549 163748 163957 164126 185929 186123 186309 186475 155776 155984 156197 156372 204780 204989 205179 205372 205566 205751 180058  for test set: 3 16 18 
added new src cut with arcs: 164324 164523 164732 164901 186661 186855 187041 187207 155776 155984 156197 156372 205950 206159 206349 206542 206736 206921 180058  for test set: 3 18 33 
added new src cut with arcs: 165099 165298 165507 165676 187393 187587 187773 155776 155984 156197 156372 207120 207329 207519 207712 207906 208091 180058  for test set: 9 16 18 
added new src cut with arcs: 165874 166073 166282 166451 187959 188153 188339 155776 155984 156197 156372 208290 208499 208689 208882 209076 209261 180058  for test set: 9 18 33 
added new src cut with arcs: 166649 166848 167057 167226 188525 188719 188905 189071 155776 155984 156197 156372 209460 209669 209859 210052 210246 210431 180058  for test set: 12 16 18 
added new src cut with arcs: 167424 167623 167832 168001 189257 189451 189637 189803 155776 155984 156197 156372 210630 210839 211029 211222 211416 211601 180058  for test set: 12 18 33 
added new src cut with arcs: 168199 168398 168607 168776 189986 190172 190338 155776 155984 156197 156372 211800 211990 212175 180058  for test set: 16 18 21 
added new src cut with arcs: 168974 169173 169382 169551 190532 190718 190884 155776 155984 156197 156372 212374 212564 212757 212951 213136 180058  for test set: 16 18 22 
added new src cut with arcs: 169749 169948 170157 170326 191062 191248 191414 155776 155984 156197 156372 213335 213525 213710 180058 189986  for test set: 18 21 33 
added new src cut with arcs: 170524 170723 170932 171101 191608 191794 191960 155776 155984 156197 156372 213909 214099 214292 214486 214671 180058  for test set: 18 22 33 
added new src cut with arcs: 171311 171509 171650 152664 152953 153461 175719 175874 176028 176195 176394 155232 192116 192234 192389 147919 154392 155434 174908 214797 173104 178485  for test set: 23 24 27 
added new src cut with arcs: 171859 172056 172197 152664 152953 153461 176525 176680 176834 177001 177199 155232 192545 192663 147919 154392 155434 174908 173104 178485  for test set: 23 27 29 
added new src cut with arcs: 172406 172603 172744 152664 152953 153461 177330 177485 177639 177806 178004 155232 192819 192937 193092 147919 154392 155434 174908 214923 173104 178485  for test set: 23 27 30 
num src cuts added: 26
fixing. lower bound used: 774.445
num vars: 155170
DUALS: -0,68.1118,41.236,80.4658,37.5031,47,61.0932,53.0807,62.2671,52.0062,44.2981,69.6957,47.7453,54.7143,54.1988,50.9752,56.0062,81.9503,36.2422,86.5093,14.5031,59.4907,53.4907,76.4845,59.6025,83.2174,16.4969,59.2857,79.4348,53.8137,58.2112,74.5963,98.2298,40.4907,
fixed path dual: 9.49689
cap dual [4]: -9.03106
cap dual [17]: -4.49689
cap dual [37]: -19.0497
cap dual [39]: -2.03727
cap dual [43]: -0.198758
cap dual [46]: -2.50932
cap dual [49]: -4.91925
cap dual [52]: -6.24845
cap dual [53]: -1.95652
cap dual [70]: -3.41615
cap dual [75]: -7.34783
cap dual [82]: -0.254658
cap dual [84]: -8.25466
cap dual [85]: -2.49068
cap dual [93]: -1.65217
cap dual [98]: -6.44099
cap dual [99]: -0.975155
cap dual [101]: -0.614907
src dual [67]: -1.42109e-14
lp dual value: 774.447
STATS - lpIterations[11] lagIterations[29] sspIterations[145] numSeparations[153] numCuts[193] compileTime[2] sspSolveTime[35] lpSolveTime[1202] lb[774.447] ub[778] numArcs: [214170] numFixed: [59296] time: [1569]
no rcc cuts found
added new src cut with arcs: 154392 154558 152664 152953 153461 173104 173280 173443 173614 173792 178485 178607 147919 152497 193632 215184 215350  for test set: 1 8 29 
added new src cut with arcs: 152309 152497 152664 152823 152953 153137 153292 153461 154713 154855 155019 173948 174110 174265 174433 174609 178764 178883 179049 147919 154392 173280 173792 193794 193924 173104 178485 215517 215681  for test set: 1 14 29 
added new src cut with arcs: 155232 155434 155575 152664 152953 153461 174765 174908 175063 175217 175384 175587 179205 179323 179479 147919 154392 194051 173104 178485 215847 179049  for test set: 1 23 27 
added new src cut with arcs: 155776 155984 156197 156372 179669 179868 180058 180227 194259 194472 194681 194877 195076 195267 216054 216262 216471 216656 216850  for test set: 2 3 16 
added new src cut with arcs: 156571 156771 156981 157151 180414 180609 180796 180963 155776 155984 156197 156372 195467 195677 195868 196062 196257 196443 180058 217053 217253 217444 217636 217819 218011 179669 194681 195267  for test set: 2 3 33 
added new src cut with arcs: 157349 157548 157757 157926 181149 181343 181529 155776 155984 156197 156372 196642 196851 197041 197234 197428 197613 180058 218213 218412 218602 218793 179669 194681 195267  for test set: 2 9 16 
added new src cut with arcs: 158124 158323 158532 158701 181715 181909 182095 155776 155984 156197 156372 197812 198021 198211 198404 198598 198783 180058 218995 219194 219384 219574 219765 179669 194681 195267  for test set: 2 9 33 
added new src cut with arcs: 158899 159098 159307 159476 182281 182475 182661 182827 155776 155984 156197 156372 198982 199191 199381 199574 199768 199953 180058 219967 220166 220356 220538 220729 179669 194681 195267  for test set: 2 12 16 
added new src cut with arcs: 159674 159873 160082 160251 183013 183207 183393 183559 155776 155984 156197 156372 200152 200361 200551 200744 200938 201123 180058 220931 221130 221320 221509 221691 221882 179669 194681 195267  for test set: 2 12 33 
added new src cut with arcs: 160449 160648 160857 161026 183753 183939 184105 155776 155984 156197 156372 201322 201512 201706 201891 180058 222084 222283 222473 222655 194681 195267  for test set: 2 16 21 
added new src cut with arcs: 161224 161423 161632 161801 184299 184485 184651 155776 155984 156197 156372 202090 202280 202473 202667 202852 180058 222857 223056 223246 223428 223619 194681 195267  for test set: 2 16 22 
added new src cut with arcs: 161999 162198 162407 162576 184845 185031 185197 155776 155984 156197 156372 203051 203241 203435 203620 180058 223821 224020 224210 224399 224581 194681 195267  for test set: 2 21 33 
added new src cut with arcs: 162774 162973 163182 163351 185391 185577 185743 155776 155984 156197 156372 203819 204009 204202 204396 204581 180058 224783 224982 225172 225361 225543 225734 194681 195267  for test set: 2 22 33 
added new src cut with arcs: 163549 163748 163957 164126 185929 186123 186309 186475 155776 155984 156197 156372 204780 204989 205179 205372 205566 205751 180058 225936 226135 226325 226507 226698 179669 194681 195267  for test set: 3 16 18 
added new src cut with arcs: 164324 164523 164732 164901 186661 186855 187041 187207 155776 155984 156197 156372 205950 206159 206349 206542 206736 206921 180058 226900 227099 227289 227478 227660 227851 179669 194681 195267  for test set: 3 18 33 
added new src cut with arcs: 165099 165298 165507 165676 187393 187587 187773 155776 155984 156197 156372 207120 207329 207519 207712 207906 208091 180058 228053 228252 228442 228633 179669 194681 195267  for test set: 9 16 18 
added new src cut with arcs: 165874 166073 166282 166451 187959 188153 188339 155776 155984 156197 156372 208290 208499 208689 208882 209076 209261 180058 228835 229034 229224 229413 229604 179669 194681 195267  for test set: 9 18 33 
added new src cut with arcs: 166649 166848 167057 167226 188525 188719 188905 189071 155776 155984 156197 156372 209460 209669 209859 210052 210246 210431 180058 229806 230005 230195 230377 230568 179669 194681 195267  for test set: 12 16 18 
added new src cut with arcs: 167424 167623 167832 168001 189257 189451 189637 189803 155776 155984 156197 156372 210630 210839 211029 211222 211416 211601 180058 230770 230969 231159 231348 231530 231721 179669 194681 195267  for test set: 12 18 33 
added new src cut with arcs: 168199 168398 168607 168776 189986 190172 190338 155776 155984 156197 156372 211800 211990 212175 180058 231920 232110 232292 194681 195267  for test set: 16 18 21 
added new src cut with arcs: 168974 169173 169382 169551 190532 190718 190884 155776 155984 156197 156372 212374 212564 212757 212951 213136 180058 232494 232693 232883 233065 233256 194681 195267  for test set: 16 18 22 
added new src cut with arcs: 169749 169948 170157 170326 191062 191248 191414 155776 155984 156197 156372 213335 213525 213710 180058 189986 233455 233645 233834 234016 194681 195267  for test set: 18 21 33 
added new src cut with arcs: 170524 170723 170932 171101 191608 191794 191960 155776 155984 156197 156372 213909 214099 214292 214486 214671 180058 234218 234417 234607 234796 234978 235169 194681 195267  for test set: 18 22 33 
added new src cut with arcs: 171311 171509 171650 152664 152953 153461 175719 175874 176028 176195 176394 155232 192116 192234 192389 147919 154392 155434 174908 214797 173104 178485 235335 175587 179049  for test set: 23 24 27 
added new src cut with arcs: 171859 172056 172197 152664 152953 153461 176525 176680 176834 177001 177199 155232 192545 192663 147919 154392 155434 174908 173104 178485 235501 175587  for test set: 23 27 29 
added new src cut with arcs: 172406 172603 172744 152664 152953 153461 177330 177485 177639 177806 178004 155232 192819 192937 193092 147919 154392 155434 174908 214923 173104 178485 235667 175587 179049  for test set: 23 27 30 
num src cuts added: 26
fixing. lower bound used: 774.444
num vars: 156233
DUALS: -0,68.0474,41.3958,80.7528,37.5284,47,61.1534,53.1193,62.2557,52.5611,45.6578,69.8125,47.9769,54.6307,54.2557,51.017,56.8089,84.5007,36.1626,83.9634,14.5284,59.5501,53.4322,76.4311,59.4371,83.2102,16.4716,59.1497,79.0852,53.9489,58.1982,74.6591,98.2376,40.4148,
fixed path dual: 9.47159
cap dual [4]: -8.87891
cap dual [17]: -4.269
cap dual [37]: -19.5391
cap dual [39]: -3.33398
cap dual [43]: -0.347301
cap dual [46]: -2.41317
cap dual [49]: -3.59215
cap dual [52]: -6.21946
cap dual [53]: -0.601918
cap dual [70]: -3.34588
cap dual [74]: -0.363636
cap dual [75]: -7.16655
cap dual [82]: -0.128906
cap dual [84]: -8.74947
cap dual [85]: -1.74787
cap dual [93]: -1.54368
cap dual [98]: -6.43288
cap dual [99]: -0.931818
cap dual [101]: -0.693182
src dual [94]: -1.42109e-14
lp dual value: 774.449
STATS - lpIterations[12] lagIterations[29] sspIterations[145] numSeparations[156] numCuts[219] compileTime[2] sspSolveTime[35] lpSolveTime[1415] lb[774.449] ub[778] numArcs: [234903] numFixed: [78964] time: [1883]
no rcc cuts found
added new src cut with arcs: 154392 154558 152664 152953 153461 173104 173280 173443 173614 173792 178485 178607 147919 152497 193632 215184 215350 235912 236083  for test set: 1 8 29 
added new src cut with arcs: 236226 236368 152953 153461 154713 173104 174908 193924  for test set: 1 14 24 
added new src cut with arcs: 152309 152497 152664 152823 152953 153137 153292 153461 154713 154855 155019 173948 174110 174265 174433 174609 178764 178883 179049 147919 154392 173280 173792 193794 193924 173104 178485 215517 215681 236509 236666 154558 193632  for test set: 1 14 29 
added new src cut with arcs: 236798 236939 152953 153461 154713 173104 174908 193924  for test set: 1 14 30 
added new src cut with arcs: 155232 155434 155575 152664 152953 153461 174765 174908 175063 175217 175384 175587 179205 179323 179479 147919 154392 194051 173104 178485 215847 179049 237070 237211 193924  for test set: 1 23 27 
added new src cut with arcs: 155776 155984 156197 156372 179669 179868 180058 180227 194259 194472 194681 194877 195076 195267 216054 216262 216471 216656 216850 237420 237634  for test set: 2 3 16 
added new src cut with arcs: 156571 156771 156981 157151 180414 180609 180796 180963 155776 155984 156197 156372 195467 195677 195868 196062 196257 196443 180058 217053 217253 217444 217636 217819 218011 179669 194681 195267 237841 238047 179868  for test set: 2 3 33 
added new src cut with arcs: 157349 157548 157757 157926 181149 181343 181529 155776 155984 156197 156372 196642 196851 197041 197234 197428 197613 180058 218213 218412 218602 218793 179669 194681 195267 238254 238459 179868  for test set: 2 9 16 
added new src cut with arcs: 158124 158323 158532 158701 181715 181909 182095 155776 155984 156197 156372 197812 198021 198211 198404 198598 198783 180058 218995 219194 219384 219574 219765 179669 194681 195267 238666 238871 179868  for test set: 2 9 33 
added new src cut with arcs: 158899 159098 159307 159476 182281 182475 182661 182827 155776 155984 156197 156372 198982 199191 199381 199574 199768 199953 180058 219967 220166 220356 220538 220729 179669 194681 195267 239078 239283 179868  for test set: 2 12 16 
added new src cut with arcs: 159674 159873 160082 160251 183013 183207 183393 183559 155776 155984 156197 156372 200152 200361 200551 200744 200938 201123 180058 220931 221130 221320 221509 221691 221882 179669 194681 195267 239490 239695 179868  for test set: 2 12 33 
added new src cut with arcs: 160449 160648 160857 161026 183753 183939 184105 155776 155984 156197 156372 201322 201512 201706 201891 180058 222084 222283 222473 222655 194681 195267 239902 240107 179868  for test set: 2 16 21 
added new src cut with arcs: 161224 161423 161632 161801 184299 184485 184651 155776 155984 156197 156372 202090 202280 202473 202667 202852 180058 222857 223056 223246 223428 223619 194681 195267 240314 240519 179868  for test set: 2 16 22 
added new src cut with arcs: 161999 162198 162407 162576 184845 185031 185197 155776 155984 156197 156372 203051 203241 203435 203620 180058 223821 224020 224210 224399 224581 194681 195267 240726 240931 179868  for test set: 2 21 33 
added new src cut with arcs: 162774 162973 163182 163351 185391 185577 185743 155776 155984 156197 156372 203819 204009 204202 204396 204581 180058 224783 224982 225172 225361 225543 225734 194681 195267 241138 241343 179868  for test set: 2 22 33 
added new src cut with arcs: 163549 163748 163957 164126 185929 186123 186309 186475 155776 155984 156197 156372 204780 204989 205179 205372 205566 205751 180058 225936 226135 226325 226507 226698 179669 194681 195267 241550 241755 179868  for test set: 3 16 18 
added new src cut with arcs: 164324 164523 164732 164901 186661 186855 187041 187207 155776 155984 156197 156372 205950 206159 206349 206542 206736 206921 180058 226900 227099 227289 227478 227660 227851 179669 194681 195267 241962 242167 179868  for test set: 3 18 33 
added new src cut with arcs: 165099 165298 165507 165676 187393 187587 187773 155776 155984 156197 156372 207120 207329 207519 207712 207906 208091 180058 228053 228252 228442 228633 179669 194681 195267 242374 242579 179868  for test set: 9 16 18 
added new src cut with arcs: 165874 166073 166282 166451 187959 188153 188339 155776 155984 156197 156372 208290 208499 208689 208882 209076 209261 180058 228835 229034 229224 229413 229604 179669 194681 195267 242786 242991 179868  for test set: 9 18 33 
added new src cut with arcs: 166649 166848 167057 167226 188525 188719 188905 189071 155776 155984 156197 156372 209460 209669 209859 210052 210246 210431 180058 229806 230005 230195 230377 230568 179669 194681 195267 243198 243403 179868  for test set: 12 16 18 
added new src cut with arcs: 167424 167623 167832 168001 189257 189451 189637 189803 155776 155984 156197 156372 210630 210839 211029 211222 211416 211601 180058 230770 230969 231159 231348 231530 231721 179669 194681 195267 243610 243815 179868  for test set: 12 18 33 
added new src cut with arcs: 168199 168398 168607 168776 189986 190172 190338 155776 155984 156197 156372 211800 211990 212175 180058 231920 232110 232292 194681 195267 244022 244227  for test set: 16 18 21 
added new src cut with arcs: 168974 169173 169382 169551 190532 190718 190884 155776 155984 156197 156372 212374 212564 212757 212951 213136 180058 232494 232693 232883 233065 233256 194681 195267 244434 244639 179868  for test set: 16 18 22 
added new src cut with arcs: 169749 169948 170157 170326 191062 191248 191414 155776 155984 156197 156372 213335 213525 213710 180058 189986 233455 233645 233834 234016 194681 195267 244846 245051  for test set: 18 21 33 
added new src cut with arcs: 170524 170723 170932 171101 191608 191794 191960 155776 155984 156197 156372 213909 214099 214292 214486 214671 180058 234218 234417 234607 234796 234978 235169 194681 195267 245258 245463 179868  for test set: 18 22 33 
added new src cut with arcs: 171311 171509 171650 152664 152953 153461 175719 175874 176028 176195 176394 155232 192116 192234 192389 147919 154392 155434 174908 214797 173104 178485 235335 175587 179049 245594 245735 193924  for test set: 23 24 27 
added new src cut with arcs: 171859 172056 172197 152664 152953 153461 176525 176680 176834 177001 177199 155232 192545 192663 147919 154392 155434 174908 173104 178485 235501 175587 245866 246007  for test set: 23 27 29 
added new src cut with arcs: 172406 172603 172744 152664 152953 153461 177330 177485 177639 177806 178004 155232 192819 192937 193092 147919 154392 155434 174908 214923 173104 178485 235667 175587 179049 246138 246279 193924  for test set: 23 27 30 
num src cuts added: 28
fixing. lower bound used: 774.446
num vars: 157026
DUALS: -0,68.5385,43,81.4103,37.6154,47,61.5385,53.2308,62.5385,52.4615,45.4231,69.8462,48.0641,55.3077,54.4615,51.3846,56.8077,83.5,36.1923,84.1538,14.6154,59.7051,53.5128,76.8718,58.8462,82.9231,16.3846,59.5385,77.9231,54.1538,59.1282,74.3077,98.2436,40.1538,
fixed path dual: 9.38462
cap dual [4]: -8.19231
cap dual [17]: -4.46154
cap dual [37]: -19.0897
cap dual [39]: -2.19231
cap dual [43]: -0.282051
cap dual [46]: -0.974359
cap dual [49]: -4.26923
cap dual [52]: -6.42308
cap dual [53]: -0.628205
cap dual [70]: -3.33333
cap dual [74]: -0.923077
cap dual [75]: -6.80769
cap dual [82]: -0.115385
cap dual [84]: -9.9359
cap dual [85]: -2.20513
cap dual [93]: -0.884615
cap dual [98]: -7.44872
cap dual [99]: -0.923077
cap dual [101]: -0.692308
src dual [117]: -2.84217e-14
lp dual value: 774.538
STATS - lpIterations[13] lagIterations[29] sspIterations[145] numSeparations[162] numCuts[247] compileTime[2] sspSolveTime[35] lpSolveTime[1602] lb[774.538] ub[778] numArcs: [245829] numFixed: [89097] time: [2189]
no rcc cuts found
added new src cut with arcs: 154392 154558 152664 152953 153461 173104 173280 173443 173614 173792 178485 178607 147919 152497 193632 215184 215350 235912 236083 246873  for test set: 1 8 29 
added new src cut with arcs: 152309 152497 152664 152823 152953 153137 153292 153461 154713 154855 155019 173948 174110 174265 174433 174609 178764 178883 179049 147919 154392 173280 173792 193794 193924 173104 178485 215517 215681 236509 236666 154558 193632 247035 178607  for test set: 1 14 29 
added new src cut with arcs: 155232 155434 155575 152664 152953 153461 174765 174908 175063 175217 175384 175587 179205 179323 179479 147919 154392 194051 173104 178485 215847 179049 237070 237211 193924 178607  for test set: 1 23 27 
added new src cut with arcs: 155776 155984 156197 156372 179669 179868 180058 180227 194259 194472 194681 194877 195076 195267 216054 216262 216471 216656 216850 237420 237634 237841 244434  for test set: 2 3 16 
added new src cut with arcs: 156571 156771 156981 157151 180414 180609 180796 180963 155776 155984 156197 156372 195467 195677 195868 196062 196257 196443 180058 217053 217253 217444 217636 217819 218011 179669 194681 195267 237841 238047 179868 195076 244434  for test set: 2 3 33 
added new src cut with arcs: 157349 157548 157757 157926 181149 181343 181529 155776 155984 156197 156372 196642 196851 197041 197234 197428 197613 180058 218213 218412 218602 218793 179669 194681 195267 238254 238459 179868 195076 237841 244434  for test set: 2 9 16 
added new src cut with arcs: 158124 158323 158532 158701 181715 181909 182095 155776 155984 156197 156372 197812 198021 198211 198404 198598 198783 180058 218995 219194 219384 219574 219765 179669 194681 195267 238666 238871 179868 195076 237841 244434  for test set: 2 9 33 
added new src cut with arcs: 158899 159098 159307 159476 182281 182475 182661 182827 155776 155984 156197 156372 198982 199191 199381 199574 199768 199953 180058 219967 220166 220356 220538 220729 179669 194681 195267 239078 239283 179868 195076 237841 244434  for test set: 2 12 16 
added new src cut with arcs: 159674 159873 160082 160251 183013 183207 183393 183559 155776 155984 156197 156372 200152 200361 200551 200744 200938 201123 180058 220931 221130 221320 221509 221691 221882 179669 194681 195267 239490 239695 179868 195076 237841 244434  for test set: 2 12 33 
added new src cut with arcs: 160449 160648 160857 161026 183753 183939 184105 155776 155984 156197 156372 201322 201512 201706 201891 180058 222084 222283 222473 222655 194681 195267 239902 240107 179868 195076 237841 244434  for test set: 2 16 21 
added new src cut with arcs: 161224 161423 161632 161801 184299 184485 184651 155776 155984 156197 156372 202090 202280 202473 202667 202852 180058 222857 223056 223246 223428 223619 194681 195267 240314 240519 179868 195076 237841 244434  for test set: 2 16 22 
added new src cut with arcs: 161999 162198 162407 162576 184845 185031 185197 155776 155984 156197 156372 203051 203241 203435 203620 180058 223821 224020 224210 224399 224581 194681 195267 240726 240931 179868 195076 237841 244434  for test set: 2 21 33 
added new src cut with arcs: 162774 162973 163182 163351 185391 185577 185743 155776 155984 156197 156372 203819 204009 204202 204396 204581 180058 224783 224982 225172 225361 225543 225734 194681 195267 241138 241343 179868 195076 237841 244434  for test set: 2 22 33 
added new src cut with arcs: 163549 163748 163957 164126 185929 186123 186309 186475 155776 155984 156197 156372 204780 204989 205179 205372 205566 205751 180058 225936 226135 226325 226507 226698 179669 194681 195267 241550 241755 179868 195076 237841 244434  for test set: 3 16 18 
added new src cut with arcs: 164324 164523 164732 164901 186661 186855 187041 187207 155776 155984 156197 156372 205950 206159 206349 206542 206736 206921 180058 226900 227099 227289 227478 227660 227851 179669 194681 195267 241962 242167 179868 195076 237841 244434  for test set: 3 18 33 
added new src cut with arcs: 165099 165298 165507 165676 187393 187587 187773 155776 155984 156197 156372 207120 207329 207519 207712 207906 208091 180058 228053 228252 228442 228633 179669 194681 195267 242374 242579 179868 195076 237841 244434  for test set: 9 16 18 
added new src cut with arcs: 165874 166073 166282 166451 187959 188153 188339 155776 155984 156197 156372 208290 208499 208689 208882 209076 209261 180058 228835 229034 229224 229413 229604 179669 194681 195267 242786 242991 179868 195076 237841 244434  for test set: 9 18 33 
added new src cut with arcs: 166649 166848 167057 167226 188525 188719 188905 189071 155776 155984 156197 156372 209460 209669 209859 210052 210246 210431 180058 229806 230005 230195 230377 230568 179669 194681 195267 243198 243403 179868 195076 237841 244434  for test set: 12 16 18 
added new src cut with arcs: 167424 167623 167832 168001 189257 189451 189637 189803 155776 155984 156197 156372 210630 210839 211029 211222 211416 211601 180058 230770 230969 231159 231348 231530 231721 179669 194681 195267 243610 243815 179868 195076 237841 244434  for test set: 12 18 33 
added new src cut with arcs: 168199 168398 168607 168776 189986 190172 190338 155776 155984 156197 156372 211800 211990 212175 180058 231920 232110 232292 194681 195267 244022 244227 247218 237841 244434  for test set: 16 18 21 
added new src cut with arcs: 168974 169173 169382 169551 190532 190718 190884 155776 155984 156197 156372 212374 212564 212757 212951 213136 180058 232494 232693 232883 233065 233256 194681 195267 244434 244639 179868 195076 237841  for test set: 16 18 22 
added new src cut with arcs: 169749 169948 170157 170326 191062 191248 191414 155776 155984 156197 156372 213335 213525 213710 180058 189986 233455 233645 233834 234016 194681 195267 244846 245051 247396 237841 244434  for test set: 18 21 33 
added new src cut with arcs: 170524 170723 170932 171101 191608 191794 191960 155776 155984 156197 156372 213909 214099 214292 214486 214671 180058 234218 234417 234607 234796 234978 235169 194681 195267 245258 245463 179868 195076 237841 244434  for test set: 18 22 33 
added new src cut with arcs: 171311 171509 171650 152664 152953 153461 175719 175874 176028 176195 176394 155232 192116 192234 192389 147919 154392 155434 174908 214797 173104 178485 235335 175587 179049 245594 245735 193924 178607  for test set: 23 24 27 
added new src cut with arcs: 171859 172056 172197 152664 152953 153461 176525 176680 176834 177001 177199 155232 192545 192663 147919 154392 155434 174908 173104 178485 235501 175587 245866 246007 178607  for test set: 23 27 29 
added new src cut with arcs: 172406 172603 172744 152664 152953 153461 177330 177485 177639 177806 178004 155232 192819 192937 193092 147919 154392 155434 174908 214923 173104 178485 235667 175587 179049 246138 246279 193924 178607  for test set: 23 27 30 
num src cuts added: 26
fixing. lower bound used: 774.536
num vars: 156898
DUALS: -0,68.3351,43.4202,82.9598,37.6883,47,61.7058,53.2849,62.7058,53.1877,45.3117,69.8814,49.2004,54.815,54.5918,51.3988,57.8727,85.0047,36.6233,82.8465,14.6883,60.0389,54.6702,76.6052,59.4598,82.8639,16.3117,59.3351,77.807,54.1883,58.4866,74.193,98.5214,39.935,
fixed path dual: 9.31166
cap dual [4]: -8.49196
cap dual [17]: -4.2433
cap dual [37]: -18.1635
cap dual [39]: -2.36528
cap dual [43]: -0.600536
cap dual [46]: -1.93499
cap dual [49]: -3.96381
cap dual [52]: -7
cap dual [53]: -1.56501
cap dual [70]: -2.99598
cap dual [74]: -0.903485
cap dual [75]: -6.90349
cap dual [84]: -9.21716
cap dual [85]: -3.17091
cap dual [93]: -1.25938
cap dual [98]: -6.94236
cap dual [99]: -0.903485
cap dual [101]: -0.596515
lp dual value: 774.557
STATS - lpIterations[14] lagIterations[29] sspIterations[145] numSeparations[165] numCuts[273] compileTime[2] sspSolveTime[35] lpSolveTime[1808] lb[774.557] ub[778] numArcs: [246642] numFixed: [90038] time: [2527]
no rcc cuts found
added new src cut with arcs: 154392 154558 152664 152953 153461 173104 173280 173443 173614 173792 178485 178607 147919 152497 193632 215184 215350 235912 236083 246873 247664 247833  for test set: 1 8 29 
added new src cut with arcs: 152309 152497 152664 152823 152953 153137 153292 153461 154713 154855 155019 173948 174110 174265 174433 174609 178764 178883 179049 147919 154392 173280 173792 193794 193924 173104 178485 215517 215681 236509 236666 154558 193632 247035 178607 247975 248142 215350 235912 246873  for test set: 1 14 29 
added new src cut with arcs: 155232 155434 155575 152664 152953 153461 174765 174908 175063 175217 175384 175587 179205 179323 179479 147919 154392 194051 173104 178485 215847 179049 237070 237211 193924 178607 248283 248449 235912  for test set: 1 23 27 
added new src cut with arcs: 155776 155984 156197 156372 179669 179868 180058 180227 194259 194472 194681 194877 195076 195267 216054 216262 216471 216656 216850 237420 237634 237841 244434 248639 248847 240314 244022 245258  for test set: 2 3 16 
added new src cut with arcs: 156571 156771 156981 157151 180414 180609 180796 180963 155776 155984 156197 156372 195467 195677 195868 196062 196257 196443 180058 217053 217253 217444 217636 217819 218011 179669 194681 195267 237841 238047 179868 195076 244434 249034 249234 216054 216850 240314 244022 245258  for test set: 2 3 33 
added new src cut with arcs: 157349 157548 157757 157926 181149 181343 181529 155776 155984 156197 156372 196642 196851 197041 197234 197428 197613 180058 218213 218412 218602 218793 179669 194681 195267 238254 238459 179868 195076 237841 244434 249420 249619 216054 216850 240314 244022 245258  for test set: 2 9 16 
added new src cut with arcs: 158124 158323 158532 158701 181715 181909 182095 155776 155984 156197 156372 197812 198021 198211 198404 198598 198783 180058 218995 219194 219384 219574 219765 179669 194681 195267 238666 238871 179868 195076 237841 244434 249805 250004 216054 216850 240314 244022 245258  for test set: 2 9 33 
added new src cut with arcs: 158899 159098 159307 159476 182281 182475 182661 182827 155776 155984 156197 156372 198982 199191 199381 199574 199768 199953 180058 219967 220166 220356 220538 220729 179669 194681 195267 239078 239283 179868 195076 237841 244434 250190 250389 216054 216850 240314 244022 245258  for test set: 2 12 16 
added new src cut with arcs: 159674 159873 160082 160251 183013 183207 183393 183559 155776 155984 156197 156372 200152 200361 200551 200744 200938 201123 180058 220931 221130 221320 221509 221691 221882 179669 194681 195267 239490 239695 179868 195076 237841 244434 250575 250774 216054 216850 240314 244022 245258  for test set: 2 12 33 
added new src cut with arcs: 160449 160648 160857 161026 183753 183939 184105 155776 155984 156197 156372 201322 201512 201706 201891 180058 222084 222283 222473 222655 194681 195267 239902 240107 179868 195076 237841 244434 250973 216054 240314 244022 245258  for test set: 2 16 21 
added new src cut with arcs: 161224 161423 161632 161801 184299 184485 184651 155776 155984 156197 156372 202090 202280 202473 202667 202852 180058 222857 223056 223246 223428 223619 194681 195267 240314 240519 179868 195076 237841 244434 251172 216054 216850 244022 245258  for test set: 2 16 22 
added new src cut with arcs: 161999 162198 162407 162576 184845 185031 185197 155776 155984 156197 156372 203051 203241 203435 203620 180058 223821 224020 224210 224399 224581 194681 195267 240726 240931 179868 195076 237841 244434 251371 216054 240314 244022 245258  for test set: 2 21 33 
added new src cut with arcs: 162774 162973 163182 163351 185391 185577 185743 155776 155984 156197 156372 203819 204009 204202 204396 204581 180058 224783 224982 225172 225361 225543 225734 194681 195267 241138 241343 179868 195076 237841 244434 251570 216054 216850 240314 244022 245258  for test set: 2 22 33 
added new src cut with arcs: 163549 163748 163957 164126 185929 186123 186309 186475 155776 155984 156197 156372 204780 204989 205179 205372 205566 205751 180058 225936 226135 226325 226507 226698 179669 194681 195267 241550 241755 179868 195076 237841 244434 251756 251955 216054 216850 240314 244022 245258  for test set: 3 16 18 
added new src cut with arcs: 164324 164523 164732 164901 186661 186855 187041 187207 155776 155984 156197 156372 205950 206159 206349 206542 206736 206921 180058 226900 227099 227289 227478 227660 227851 179669 194681 195267 241962 242167 179868 195076 237841 244434 252141 252340 216054 216850 240314 244022 245258  for test set: 3 18 33 
added new src cut with arcs: 165099 165298 165507 165676 187393 187587 187773 155776 155984 156197 156372 207120 207329 207519 207712 207906 208091 180058 228053 228252 228442 228633 179669 194681 195267 242374 242579 179868 195076 237841 244434 252526 252725 216054 216850 240314 244022 245258  for test set: 9 16 18 
added new src cut with arcs: 165874 166073 166282 166451 187959 188153 188339 155776 155984 156197 156372 208290 208499 208689 208882 209076 209261 180058 228835 229034 229224 229413 229604 179669 194681 195267 242786 242991 179868 195076 237841 244434 252911 253110 216054 216850 240314 244022 245258  for test set: 9 18 33 
added new src cut with arcs: 166649 166848 167057 167226 188525 188719 188905 189071 155776 155984 156197 156372 209460 209669 209859 210052 210246 210431 180058 229806 230005 230195 230377 230568 179669 194681 195267 243198 243403 179868 195076 237841 244434 253296 253495 216054 216850 240314 244022 245258  for test set: 12 16 18 
added new src cut with arcs: 167424 167623 167832 168001 189257 189451 189637 189803 155776 155984 156197 156372 210630 210839 211029 211222 211416 211601 180058 230770 230969 231159 231348 231530 231721 179669 194681 195267 243610 243815 179868 195076 237841 244434 253681 253880 216054 216850 240314 244022 245258  for test set: 12 18 33 
added new src cut with arcs: 168199 168398 168607 168776 189986 190172 190338 155776 155984 156197 156372 211800 211990 212175 180058 231920 232110 232292 194681 195267 244022 244227 247218 237841 244434 254079 240314 245258  for test set: 16 18 21 
added new src cut with arcs: 168974 169173 169382 169551 190532 190718 190884 155776 155984 156197 156372 212374 212564 212757 212951 213136 180058 232494 232693 232883 233065 233256 194681 195267 244434 244639 179868 195076 237841 254278 216054 216850 240314 244022 245258  for test set: 16 18 22 
added new src cut with arcs: 169749 169948 170157 170326 191062 191248 191414 155776 155984 156197 156372 213335 213525 213710 180058 189986 233455 233645 233834 234016 194681 195267 244846 245051 247396 237841 244434 254477 240314 244022 245258 247218  for test set: 18 21 33 
added new src cut with arcs: 170524 170723 170932 171101 191608 191794 191960 155776 155984 156197 156372 213909 214099 214292 214486 214671 180058 234218 234417 234607 234796 234978 235169 194681 195267 245258 245463 179868 195076 237841 244434 254676 216054 216850 240314 244022  for test set: 18 22 33 
added new src cut with arcs: 171311 171509 171650 152664 152953 153461 175719 175874 176028 176195 176394 155232 192116 192234 192389 147919 154392 155434 174908 214797 173104 178485 235335 175587 179049 245594 245735 193924 178607 254817 254983 235912  for test set: 23 24 27 
added new src cut with arcs: 171859 172056 172197 152664 152953 153461 176525 176680 176834 177001 177199 155232 192545 192663 147919 154392 155434 174908 173104 178485 235501 175587 245866 246007 178607 255124 255290 235912  for test set: 23 27 29 
added new src cut with arcs: 172406 172603 172744 152664 152953 153461 177330 177485 177639 177806 178004 155232 192819 192937 193092 147919 154392 155434 174908 214923 173104 178485 235667 175587 179049 246138 246279 193924 178607 255431 255597 235912  for test set: 23 27 30 
num src cuts added: 26
fixing. lower bound used: 774.554
num vars: 157565
DUALS: -0,68.4286,43.7143,82.6429,37.7143,47,61.7143,53.1429,62.7143,53,46.1429,69.5714,49.2143,54.8571,54.5714,51.2857,57.6429,82.8571,36.4286,83.8571,14.7143,60,53.8571,76.5714,59.7143,82.5714,16.2857,59.4286,77.1429,54,58.5714,73.8571,98.2857,39.8571,
fixed path dual: 9.28571
cap dual [4]: -8.14286
cap dual [17]: -4.57143
cap dual [37]: -18.5
cap dual [39]: -2.71429
cap dual [43]: -0.428571
cap dual [46]: -1.14286
cap dual [49]: -3.57143
cap dual [52]: -6.85714
cap dual [53]: -0.571429
cap dual [70]: -3
cap dual [74]: -1.42857
cap dual [75]: -6.28571
cap dual [84]: -9.85714
cap dual [85]: -2.78571
cap dual [93]: -1
cap dual [98]: -7.42857
cap dual [99]: -0.857143
cap dual [101]: -0.428571
src dual [182]: -3.12639e-13
src dual [194]: -1.86517e-14
lp dual value: 774.571
STATS - lpIterations[15] lagIterations[29] sspIterations[145] numSeparations[168] numCuts[299] compileTime[2] sspSolveTime[35] lpSolveTime[2023] lb[774.571] ub[778] numArcs: [254838] numFixed: [97567] time: [2899]
no rcc cuts found
added new src cut with arcs: 154392 154558 152664 152953 153461 173104 173280 173443 173614 173792 178485 178607 147919 152497 193632 215184 215350 235912 236083 246873 247664 247833 255884  for test set: 1 8 29 
added new src cut with arcs: 152309 152497 152664 152823 152953 153137 153292 153461 154713 154855 155019 173948 174110 174265 174433 174609 178764 178883 179049 147919 154392 173280 173792 193794 193924 173104 178485 215517 215681 236509 236666 154558 193632 247035 178607 247975 248142 215350 235912 246873 256048 215184  for test set: 1 14 29 
added new src cut with arcs: 155232 155434 155575 152664 152953 153461 174765 174908 175063 175217 175384 175587 179205 179323 179479 147919 154392 194051 173104 178485 215847 179049 237070 237211 193924 178607 248283 248449 235912 215184  for test set: 1 23 27 
added new src cut with arcs: 155776 155984 156197 156372 179669 179868 180058 180227 194259 194472 194681 194877 195076 195267 216054 216262 216471 216656 216850 237420 237634 237841 244434 248639 248847 240314 244022 245258 256255 256463 256674 238666 239078 239902 240726 241138 243198 243610  for test set: 2 3 16 
added new src cut with arcs: 156571 156771 156981 157151 180414 180609 180796 180963 155776 155984 156197 156372 195467 195677 195868 196062 196257 196443 180058 217053 217253 217444 217636 217819 218011 179669 194681 195267 237841 238047 179868 195076 244434 249034 249234 216054 216850 240314 244022 245258 256877 257077 257286 238666 239078 239902 240726 241138 243198 243610 248847  for test set: 2 3 33 
added new src cut with arcs: 157349 157548 157757 157926 181149 181343 181529 155776 155984 156197 156372 196642 196851 197041 197234 197428 197613 180058 218213 218412 218602 218793 179669 194681 195267 238254 238459 179868 195076 237841 244434 249420 249619 216054 216850 240314 244022 245258 257488 257687 257895 238666 239078 239902 240726 241138 243198 243610 248847  for test set: 2 9 16 
added new src cut with arcs: 158124 158323 158532 158701 181715 181909 182095 155776 155984 156197 156372 197812 198021 198211 198404 198598 198783 180058 218995 219194 219384 219574 219765 179669 194681 195267 238666 238871 179868 195076 237841 244434 249805 250004 216054 216850 240314 244022 245258 258097 258296 258504 239078 239902 240726 241138 243198 243610 248847  for test set: 2 9 33 
added new src cut with arcs: 158899 159098 159307 159476 182281 182475 182661 182827 155776 155984 156197 156372 198982 199191 199381 199574 199768 199953 180058 219967 220166 220356 220538 220729 179669 194681 195267 239078 239283 179868 195076 237841 244434 250190 250389 216054 216850 240314 244022 245258 258706 258905 259113 238666 239902 240726 241138 243198 243610 248847  for test set: 2 12 16 
added new src cut with arcs: 159674 159873 160082 160251 183013 183207 183393 183559 155776 155984 156197 156372 200152 200361 200551 200744 200938 201123 180058 220931 221130 221320 221509 221691 221882 179669 194681 195267 239490 239695 179868 195076 237841 244434 250575 250774 216054 216850 240314 244022 245258 259315 259514 259722 238666 239078 239902 240726 241138 243198 243610 248847  for test set: 2 12 33 
added new src cut with arcs: 160449 160648 160857 161026 183753 183939 184105 155776 155984 156197 156372 201322 201512 201706 201891 180058 222084 222283 222473 222655 194681 195267 239902 240107 179868 195076 237841 244434 250973 216054 240314 244022 245258 259924 260123 260331 238666 239078 240726 241138 243198 243610 248847  for test set: 2 16 21 
added new src cut with arcs: 161224 161423 161632 161801 184299 184485 184651 155776 155984 156197 156372 202090 202280 202473 202667 202852 180058 222857 223056 223246 223428 223619 194681 195267 240314 240519 179868 195076 237841 244434 251172 216054 216850 244022 245258 260533 260732 260940 238666 239078 239902 240726 241138 243198 243610 248847  for test set: 2 16 22 
added new src cut with arcs: 161999 162198 162407 162576 184845 185031 185197 155776 155984 156197 156372 203051 203241 203435 203620 180058 223821 224020 224210 224399 224581 194681 195267 240726 240931 179868 195076 237841 244434 251371 216054 240314 244022 245258 261142 261341 261549 238666 239078 239902 241138 243198 243610 248847  for test set: 2 21 33 
added new src cut with arcs: 162774 162973 163182 163351 185391 185577 185743 155776 155984 156197 156372 203819 204009 204202 204396 204581 180058 224783 224982 225172 225361 225543 225734 194681 195267 241138 241343 179868 195076 237841 244434 251570 216054 216850 240314 244022 245258 261751 261950 262158 238666 239078 239902 240726 243198 243610 248847  for test set: 2 22 33 
added new src cut with arcs: 163549 163748 163957 164126 185929 186123 186309 186475 155776 155984 156197 156372 204780 204989 205179 205372 205566 205751 180058 225936 226135 226325 226507 226698 179669 194681 195267 241550 241755 179868 195076 237841 244434 251756 251955 216054 216850 240314 244022 245258 262360 262559 262767 238666 239078 239902 240726 241138 243198 243610 248847  for test set: 3 16 18 
added new src cut with arcs: 164324 164523 164732 164901 186661 186855 187041 187207 155776 155984 156197 156372 205950 206159 206349 206542 206736 206921 180058 226900 227099 227289 227478 227660 227851 179669 194681 195267 241962 242167 179868 195076 237841 244434 252141 252340 216054 216850 240314 244022 245258 262969 263168 263376 238666 239078 239902 240726 241138 243198 243610 248847  for test set: 3 18 33 
added new src cut with arcs: 165099 165298 165507 165676 187393 187587 187773 155776 155984 156197 156372 207120 207329 207519 207712 207906 208091 180058 228053 228252 228442 228633 179669 194681 195267 242374 242579 179868 195076 237841 244434 252526 252725 216054 216850 240314 244022 245258 263578 263777 263985 238666 239078 239902 240726 241138 243198 243610 248847  for test set: 9 16 18 
added new src cut with arcs: 165874 166073 166282 166451 187959 188153 188339 155776 155984 156197 156372 208290 208499 208689 208882 209076 209261 180058 228835 229034 229224 229413 229604 179669 194681 195267 242786 242991 179868 195076 237841 244434 252911 253110 216054 216850 240314 244022 245258 264187 264386 264594 238666 239078 239902 240726 241138 243198 243610 248847  for test set: 9 18 33 
added new src cut with arcs: 264778 264933 265129 265308 265530 147748 155232  for test set: 10 17 28 
added new src cut with arcs: 265712 265865 266058 266232 266451 147748 155232  for test set: 10 17 32 
added new src cut with arcs: 266632 266784 266976 267149 267367 147748 155232  for test set: 10 19 28 
added new src cut with arcs: 267548 267700 267892 268065 268283 147748 155232  for test set: 10 19 32 
added new src cut with arcs: 268464 268616 268808 268981 269199 147748 155232  for test set: 11 25 28 
added new src cut with arcs: 166649 166848 167057 167226 188525 188719 188905 189071 155776 155984 156197 156372 209460 209669 209859 210052 210246 210431 180058 229806 230005 230195 230377 230568 179669 194681 195267 243198 243403 179868 195076 237841 244434 253296 253495 216054 216850 240314 244022 245258 269401 269600 269808 238666 239078 239902 240726 241138 243610 248847  for test set: 12 16 18 
added new src cut with arcs: 167424 167623 167832 168001 189257 189451 189637 189803 155776 155984 156197 156372 210630 210839 211029 211222 211416 211601 180058 230770 230969 231159 231348 231530 231721 179669 194681 195267 243610 243815 179868 195076 237841 244434 253681 253880 216054 216850 240314 244022 245258 270010 270209 270417 238666 239078 239902 240726 241138 243198 248847  for test set: 12 18 33 
added new src cut with arcs: 168199 168398 168607 168776 189986 190172 190338 155776 155984 156197 156372 211800 211990 212175 180058 231920 232110 232292 194681 195267 244022 244227 247218 237841 244434 254079 240314 245258 270616 270789 270997 238666 239078 239902 240726 241138 243198 243610 248847  for test set: 16 18 21 
added new src cut with arcs: 168974 169173 169382 169551 190532 190718 190884 155776 155984 156197 156372 212374 212564 212757 212951 213136 180058 232494 232693 232883 233065 233256 194681 195267 244434 244639 179868 195076 237841 254278 216054 216850 240314 244022 245258 271199 271398 271606 238666 239078 239902 240726 241138 243198 243610 248847  for test set: 16 18 22 
added new src cut with arcs: 271787 271939 272131 272304 272522 147748 155232  for test set: 17 25 28 
added new src cut with arcs: 272703 272855 273047 273220 273438 147748 155232  for test set: 17 25 32 
added new src cut with arcs: 169749 169948 170157 170326 191062 191248 191414 155776 155984 156197 156372 213335 213525 213710 180058 189986 233455 233645 233834 234016 194681 195267 244846 245051 247396 237841 244434 254477 240314 244022 245258 247218 273637 273810 274018 238666 239078 239902 240726 241138 243198 243610 248847  for test set: 18 21 33 
added new src cut with arcs: 170524 170723 170932 171101 191608 191794 191960 155776 155984 156197 156372 213909 214099 214292 214486 214671 180058 234218 234417 234607 234796 234978 235169 194681 195267 245258 245463 179868 195076 237841 244434 254676 216054 216850 240314 244022 274220 274419 274627 238666 239078 239902 240726 241138 243198 243610 248847  for test set: 18 22 33 
added new src cut with arcs: 274808 274960 275152 275325 275543 147748 155232  for test set: 19 25 28 
added new src cut with arcs: 275724 275876 276068 276241 276459 147748 155232  for test set: 19 25 32 
added new src cut with arcs: 171311 171509 171650 152664 152953 153461 175719 175874 176028 176195 176394 155232 192116 192234 192389 147919 154392 155434 174908 214797 173104 178485 235335 175587 179049 245594 245735 193924 178607 254817 254983 235912 215184  for test set: 23 24 27 
added new src cut with arcs: 171859 172056 172197 152664 152953 153461 176525 176680 176834 177001 177199 155232 192545 192663 147919 154392 155434 174908 173104 178485 235501 175587 245866 246007 178607 255124 255290 235912 215184  for test set: 23 27 29 
added new src cut with arcs: 172406 172603 172744 152664 152953 153461 177330 177485 177639 177806 178004 155232 192819 192937 193092 147919 154392 155434 174908 214923 173104 178485 235667 175587 179049 246138 246279 193924 178607 255431 255597 235912 215184  for test set: 23 27 30 
added new src cut with arcs: 276640 276792 276984 277157 277375 147748 155232  for test set: 25 28 31 
added new src cut with arcs: 277556 277708 277900 278073 278291 147748 155232  for test set: 25 31 32 
num src cuts added: 37
fixing. lower bound used: 774.568
num vars: 158790
DUALS: -0,68.4286,44.5714,75.8571,37.7143,47,61.7143,53.1429,62.7143,52.7857,43.8571,69.5714,56.2857,54,54.5714,51.2857,57.8571,86.5357,36.4286,81.0714,14.7143,60,53.7857,76.5714,59.7143,82.6071,16.2857,59.4286,77.2857,54,58.5714,73.8929,98.2857,39.8571,
fixed path dual: 9.28571
cap dual [4]: -9
cap dual [17]: -4.57143
cap dual [37]: -18.7143
cap dual [39]: -1.14286
cap dual [40]: -0.142857
cap dual [43]: -0.428571
cap dual [46]: -0.285714
cap dual [49]: -5.03571
cap dual [52]: -6.85714
cap dual [53]: -1.28571
cap dual [70]: -3
cap dual [74]: -1.35714
cap dual [75]: -6.35714
cap dual [84]: -10.7143
cap dual [85]: -2.57143
cap dual [93]: -1.85714
cap dual [98]: -6.57143
cap dual [99]: -0.857143
cap dual [101]: -0.428571
src dual [197]: -7.10543e-15
src dual [200]: -7.10543e-15
src dual [205]: -7.10543e-15
src dual [207]: -7.10543e-15
src dual [211]: -7.10543e-15
lp dual value: 774.571
STATS - lpIterations[16] lagIterations[29] sspIterations[145] numSeparations[169] numCuts[336] compileTime[2] sspSolveTime[35] lpSolveTime[2200] lb[774.571] ub[778] numArcs: [277456] numFixed: [118958] time: [3262]
no rcc cuts found
added new src cut with arcs: 154392 154558 152664 152953 153461 173104 173280 173443 173614 173792 178485 178607 147919 152497 193632 215184 215350 235912 236083 246873 247664 247833 255884 278530 152309  for test set: 1 8 29 
added new src cut with arcs: 152309 152497 152664 152823 152953 153137 153292 153461 154713 154855 155019 173948 174110 174265 174433 174609 178764 178883 179049 147919 154392 173280 173792 193794 193924 173104 178485 215517 215681 236509 236666 154558 193632 247035 178607 247975 248142 215350 235912 246873 256048 215184 278706 173443 247833  for test set: 1 14 29 
added new src cut with arcs: 155232 155434 155575 152664 152953 153461 174765 174908 175063 175217 175384 175587 179205 179323 179479 147919 154392 194051 173104 178485 215847 179049 237070 237211 193924 178607 248283 248449 235912 215184 173443 247833  for test set: 1 23 27 
added new src cut with arcs: 155776 155984 156197 156372 179669 179868 180058 180227 194259 194472 194681 194877 195076 195267 216054 216262 216471 216656 216850 237420 237634 237841 244434 248639 248847 240314 244022 245258 256255 256463 256674 238666 239078 239902 240726 241138 243198 243610 278913 279127 241962 242786 259722 260940  for test set: 2 3 16 
added new src cut with arcs: 156571 156771 156981 157151 180414 180609 180796 180963 155776 155984 156197 156372 195467 195677 195868 196062 196257 196443 180058 217053 217253 217444 217636 217819 218011 179669 194681 195267 237841 238047 179868 195076 244434 249034 249234 216054 216850 240314 244022 245258 256877 257077 257286 238666 239078 239902 240726 241138 243198 243610 248847 279330 279536 237420 241962 242786 259722 260940  for test set: 2 3 33 
added new src cut with arcs: 157349 157548 157757 157926 181149 181343 181529 155776 155984 156197 156372 196642 196851 197041 197234 197428 197613 180058 218213 218412 218602 218793 179669 194681 195267 238254 238459 179868 195076 237841 244434 249420 249619 216054 216850 240314 244022 245258 257488 257687 257895 238666 239078 239902 240726 241138 243198 243610 248847 279738 279943 237420 241962 242786 259722 260940  for test set: 2 9 16 
added new src cut with arcs: 158124 158323 158532 158701 181715 181909 182095 155776 155984 156197 156372 197812 198021 198211 198404 198598 198783 180058 218995 219194 219384 219574 219765 179669 194681 195267 238666 238871 179868 195076 237841 244434 249805 250004 216054 216850 240314 244022 245258 258097 258296 258504 239078 239902 240726 241138 243198 243610 248847 280145 280350 237420 241962 242786 259722 260940  for test set: 2 9 33 
added new src cut with arcs: 158899 159098 159307 159476 182281 182475 182661 182827 155776 155984 156197 156372 198982 199191 199381 199574 199768 199953 180058 219967 220166 220356 220538 220729 179669 194681 195267 239078 239283 179868 195076 237841 244434 250190 250389 216054 216850 240314 244022 245258 258706 258905 259113 238666 239902 240726 241138 243198 243610 248847 280552 280757 237420 241962 242786 259722 260940  for test set: 2 12 16 
added new src cut with arcs: 159674 159873 160082 160251 183013 183207 183393 183559 155776 155984 156197 156372 200152 200361 200551 200744 200938 201123 180058 220931 221130 221320 221509 221691 221882 179669 194681 195267 239490 239695 179868 195076 237841 244434 250575 250774 216054 216850 240314 244022 245258 259315 259514 259722 238666 239078 239902 240726 241138 243198 243610 248847 280959 281164 237420 241962 242786 260940  for test set: 2 12 33 
added new src cut with arcs: 160449 160648 160857 161026 183753 183939 184105 155776 155984 156197 156372 201322 201512 201706 201891 180058 222084 222283 222473 222655 194681 195267 239902 240107 179868 195076 237841 244434 250973 216054 240314 244022 245258 259924 260123 260331 238666 239078 240726 241138 243198 243610 248847 281366 281571 237420 241962 242786 259722 260940  for test set: 2 16 21 
added new src cut with arcs: 161224 161423 161632 161801 184299 184485 184651 155776 155984 156197 156372 202090 202280 202473 202667 202852 180058 222857 223056 223246 223428 223619 194681 195267 240314 240519 179868 195076 237841 244434 251172 216054 216850 244022 245258 260533 260732 260940 238666 239078 239902 240726 241138 243198 243610 248847 281773 281978 237420 241962 242786 259722  for test set: 2 16 22 
added new src cut with arcs: 161999 162198 162407 162576 184845 185031 185197 155776 155984 156197 156372 203051 203241 203435 203620 180058 223821 224020 224210 224399 224581 194681 195267 240726 240931 179868 195076 237841 244434 251371 216054 240314 244022 245258 261142 261341 261549 238666 239078 239902 241138 243198 243610 248847 282180 282385 237420 241962 242786 259722 260940  for test set: 2 21 33 
added new src cut with arcs: 162774 162973 163182 163351 185391 185577 185743 155776 155984 156197 156372 203819 204009 204202 204396 204581 180058 224783 224982 225172 225361 225543 225734 194681 195267 241138 241343 179868 195076 237841 244434 251570 216054 216850 240314 244022 245258 261751 261950 262158 238666 239078 239902 240726 243198 243610 248847 282587 282792 237420 241962 242786 259722 260940  for test set: 2 22 33 
added new src cut with arcs: 163549 163748 163957 164126 185929 186123 186309 186475 155776 155984 156197 156372 204780 204989 205179 205372 205566 205751 180058 225936 226135 226325 226507 226698 179669 194681 195267 241550 241755 179868 195076 237841 244434 251756 251955 216054 216850 240314 244022 245258 262360 262559 262767 238666 239078 239902 240726 241138 243198 243610 248847 282994 283199 237420 241962 242786 259722 260940  for test set: 3 16 18 
added new src cut with arcs: 164324 164523 164732 164901 186661 186855 187041 187207 155776 155984 156197 156372 205950 206159 206349 206542 206736 206921 180058 226900 227099 227289 227478 227660 227851 179669 194681 195267 241962 242167 179868 195076 237841 244434 252141 252340 216054 216850 240314 244022 245258 262969 263168 263376 238666 239078 239902 240726 241138 243198 243610 248847 283401 283606 237420 242786 259722 260940  for test set: 3 18 33 
added new src cut with arcs: 165099 165298 165507 165676 187393 187587 187773 155776 155984 156197 156372 207120 207329 207519 207712 207906 208091 180058 228053 228252 228442 228633 179669 194681 195267 242374 242579 179868 195076 237841 244434 252526 252725 216054 216850 240314 244022 245258 263578 263777 263985 238666 239078 239902 240726 241138 243198 243610 248847 283808 284013 237420 241962 242786 259722 260940  for test set: 9 16 18 
added new src cut with arcs: 165874 166073 166282 166451 187959 188153 188339 155776 155984 156197 156372 208290 208499 208689 208882 209076 209261 180058 228835 229034 229224 229413 229604 179669 194681 195267 242786 242991 179868 195076 237841 244434 252911 253110 216054 216850 240314 244022 245258 264187 264386 264594 238666 239078 239902 240726 241138 243198 243610 248847 284215 284420 237420 241962 259722 260940  for test set: 9 18 33 
added new src cut with arcs: 264778 264933 265129 265308 265530 147748 155232 284631 284832 285028 285228  for test set: 10 17 28 
added new src cut with arcs: 265712 265865 266058 266232 266451 147748 155232 285437 285635 285828 286026 264933 265308  for test set: 10 17 32 
added new src cut with arcs: 266632 266784 266976 267149 267367 147748 155232 286234 286431 286623 286820 264933 265308  for test set: 10 19 28 
added new src cut with arcs: 267548 267700 267892 268065 268283 147748 155232 287028 287225 287417 287614 264933 265308  for test set: 10 19 32 
added new src cut with arcs: 268464 268616 268808 268981 269199 147748 155232 287822 288019 288211 288408 264933 265308  for test set: 11 25 28 
added new src cut with arcs: 166649 166848 167057 167226 188525 188719 188905 189071 155776 155984 156197 156372 209460 209669 209859 210052 210246 210431 180058 229806 230005 230195 230377 230568 179669 194681 195267 243198 243403 179868 195076 237841 244434 253296 253495 216054 216850 240314 244022 245258 269401 269600 269808 238666 239078 239902 240726 241138 243610 248847 288610 288815 237420 241962 242786 259722 260940  for test set: 12 16 18 
added new src cut with arcs: 167424 167623 167832 168001 189257 189451 189637 189803 155776 155984 156197 156372 210630 210839 211029 211222 211416 211601 180058 230770 230969 231159 231348 231530 231721 179669 194681 195267 243610 243815 179868 195076 237841 244434 253681 253880 216054 216850 240314 244022 245258 270010 270209 270417 238666 239078 239902 240726 241138 243198 248847 289017 289222 237420 241962 242786 259722 260940  for test set: 12 18 33 
added new src cut with arcs: 168199 168398 168607 168776 189986 190172 190338 155776 155984 156197 156372 211800 211990 212175 180058 231920 232110 232292 194681 195267 244022 244227 247218 237841 244434 254079 240314 245258 270616 270789 270997 238666 239078 239902 240726 241138 243198 243610 248847 289427 237420 241962 242786 259722 260940 265308  for test set: 16 18 21 
added new src cut with arcs: 168974 169173 169382 169551 190532 190718 190884 155776 155984 156197 156372 212374 212564 212757 212951 213136 180058 232494 232693 232883 233065 233256 194681 195267 244434 244639 179868 195076 237841 254278 216054 216850 240314 244022 245258 271199 271398 271606 238666 239078 239902 240726 241138 243198 243610 248847 289629 289834 237420 241962 242786 259722 260940  for test set: 16 18 22 
added new src cut with arcs: 271787 271939 272131 272304 272522 147748 155232 290042 290239 290431 290628 264933 265308  for test set: 17 25 28 
added new src cut with arcs: 272703 272855 273047 273220 273438 147748 155232 290836 291033 291225 291422 264933 265308  for test set: 17 25 32 
added new src cut with arcs: 169749 169948 170157 170326 191062 191248 191414 155776 155984 156197 156372 213335 213525 213710 180058 189986 233455 233645 233834 234016 194681 195267 244846 245051 247396 237841 244434 254477 240314 244022 245258 247218 273637 273810 274018 238666 239078 239902 240726 241138 243198 243610 248847 291627 237420 241962 242786 259722 260940 265308  for test set: 18 21 33 
added new src cut with arcs: 170524 170723 170932 171101 191608 191794 191960 155776 155984 156197 156372 213909 214099 214292 214486 214671 180058 234218 234417 234607 234796 234978 235169 194681 195267 245258 245463 179868 195076 237841 244434 254676 216054 216850 240314 244022 274220 274419 274627 238666 239078 239902 240726 241138 243198 243610 248847 291829 292034 237420 241962 242786 259722 260940  for test set: 18 22 33 
added new src cut with arcs: 274808 274960 275152 275325 275543 147748 155232 292242 292439 292631 292828 264933 265308  for test set: 19 25 28 
added new src cut with arcs: 275724 275876 276068 276241 276459 147748 155232 293036 293233 293425 293622 264933 265308  for test set: 19 25 32 
added new src cut with arcs: 171311 171509 171650 152664 152953 153461 175719 175874 176028 176195 176394 155232 192116 192234 192389 147919 154392 155434 174908 214797 173104 178485 235335 175587 179049 245594 245735 193924 178607 254817 254983 235912 215184 173443 247833  for test set: 23 24 27 
added new src cut with arcs: 171859 172056 172197 152664 152953 153461 176525 176680 176834 177001 177199 155232 192545 192663 147919 154392 155434 174908 173104 178485 235501 175587 245866 246007 178607 255124 255290 235912 215184 173443 247833  for test set: 23 27 29 
added new src cut with arcs: 172406 172603 172744 152664 152953 153461 177330 177485 177639 177806 178004 155232 192819 192937 193092 147919 154392 155434 174908 214923 173104 178485 235667 175587 179049 246138 246279 193924 178607 255431 255597 235912 215184 173443 247833  for test set: 23 27 30 
added new src cut with arcs: 276640 276792 276984 277157 277375 147748 155232 293830 294027 294219 294416 264933 265308  for test set: 25 28 31 
added new src cut with arcs: 277556 277708 277900 278073 278291 147748 155232 294624 294821 295013 295210 264933 265308  for test set: 25 31 32 
num src cuts added: 37
fixing. lower bound used: 774.568
num vars: 160065
