fixed number of vehicles
capacity: 100
instance upper bound: 742
route length upper bound: 33
compiling DD
time step mult: 1
time step: 10
cap step: 1
done compiling DD
batch size for lag: 1
iteration delay to start separating: 0
optimality gap to start repairing: 100
percent fixed to change to CPLEX: 97.5
num arcs to change to CPLEX: 100000
num arcs to change to LAG: 999999999
num lag iters to cut: 0
num cuts lag: 10
cut phase: 1
deactivate cut value threshold: 0.1
deactivate cut iter threshold: 25
momentum beta: 0
stall alpha factor: 0
STATS - lpIterations[0] lagIterations[0] sspIterations[0] numSeparations[0] numCuts[0] compileTime[2] sspSolveTime[0] lpSolveTime[0] lb[0] ub[742] numArcs: [119324] numFixed: [0] time: [2]
STATS - lpIterations[1] lagIterations[0] sspIterations[0] numSeparations[0] numCuts[0] compileTime[2] sspSolveTime[0] lpSolveTime[0] lb[0] ub[742] numArcs: [119324] numFixed: [0] time: [2]
fixed path dual: 13.24
STATS - lpIterations[1] lagIterations[1] sspIterations[6] numSeparations[0] numCuts[0] compileTime[2] sspSolveTime[0] lpSolveTime[0] lb[498.64] ub[742] numArcs: [119302] numFixed: [0] time: [2]
lambda: 0,13.52,20.74,7.32,17.7,4.9,3.1,11.1,18.24,24.48,0.26,18.06,46.2,14,4.48,14.3,5.6,8.5,10.2,18.04,12.4,11.5,15.68,7.7,17.64,4.62,24.36,7.92,2.52,29.92,19,1.24,3.96,
mu: 
srcDuals: 
fixing. lower bound used: 488.364
percent fixed: 0.327619
updating best lambda
fixing. lower bound used: 488.364
fixed path dual: 14.8191
STATS - lpIterations[1] lagIterations[2] sspIterations[12] numSeparations[2] numCuts[0] compileTime[2] sspSolveTime[1] lpSolveTime[0] lb[518.508] ub[742] numArcs: [119445] numFixed: [391] time: [4]
lambda: 0,11.5712,21.3896,7.96961,18.3496,5.54961,2.45039,11.7496,18.8896,25.1296,0.909609,18.7096,45.5504,13.3504,5.12961,14.9496,6.24961,9.14961,9.55039,18.6896,13.0496,10.8504,16.3296,8.34961,18.2896,5.26961,25.0096,8.56961,2.52,30.5696,19.6496,1.88961,3.96,
mu: 
srcDuals: 
fixing. lower bound used: 498.758
percent fixed: 2.03597
updating best lambda
fixing. lower bound used: 498.758
fixed path dual: 16.6693
STATS - lpIterations[1] lagIterations[3] sspIterations[18] numSeparations[3] numCuts[0] compileTime[2] sspSolveTime[2] lpSolveTime[0] lb[543.906] ub[742] numArcs: [119502] numFixed: [395] time: [6]
lambda: 0,10.7769,22.1839,8.76389,19.1439,6.34389,2.45039,12.5439,19.6839,25.9239,0.909609,19.5039,43.9618,13.3504,5.92389,15.7439,7.04389,9.94389,9.55039,19.4839,13.8439,9.26182,17.1239,9.14389,19.0839,6.06389,25.8039,9.36389,2.52,31.3639,20.4439,2.68389,3.96,
mu: 
srcDuals: 
fixing. lower bound used: 513.055
percent fixed: 2.03914
updating best lambda
fixing. lower bound used: 513.055
fixed path dual: 17.0025
STATS - lpIterations[1] lagIterations[4] sspIterations[24] numSeparations[3] numCuts[0] compileTime[2] sspSolveTime[3] lpSolveTime[0] lb[562.99] ub[742] numArcs: [119479] numFixed: [2577] time: [7]
lambda: 0,11.5535,22.9605,9.54046,19.9205,7.12046,3.22696,13.3205,20.4605,26.7005,0.909609,20.2805,42.4087,14.127,5.92389,16.5205,7.82046,10.7205,10.327,20.2605,14.6205,7.70869,17.9005,9.92046,19.8605,6.84046,26.5805,10.1405,2.52,32.1405,21.2205,3.46046,3.96,
mu: 
srcDuals: 
fixing. lower bound used: 530.139
percent fixed: 2.19596
updating best lambda
fixing. lower bound used: 530.139
fixed path dual: 17.6585
STATS - lpIterations[1] lagIterations[5] sspIterations[30] numSeparations[7] numCuts[0] compileTime[2] sspSolveTime[4] lpSolveTime[0] lb[569.826] ub[742] numArcs: [119782] numFixed: [541] time: [9]
lambda: 0,10.1034,21.9938,10.0238,20.4038,7.12046,2.74362,12.8371,20.9438,27.1838,1.39295,20.7638,42.892,13.6436,5.92389,16.5205,8.30379,11.2038,8.39361,20.7438,13.6538,8.19203,18.3838,10.4038,20.3438,7.32379,27.0638,10.6238,2.52,32.6238,21.7038,3.94379,3.96,
mu: 
srcDuals: 
fixing. lower bound used: 533.039
percent fixed: 2.06877
fixing. lower bound used: 530.139
fixed path dual: 17.2751
STATS - lpIterations[1] lagIterations[6] sspIterations[36] numSeparations[7] numCuts[0] compileTime[2] sspSolveTime[5] lpSolveTime[0] lb[585.084] ub[742] numArcs: [119756] numFixed: [2600] time: [11]
lambda: 0,10.9015,22.7919,10.8219,21.2019,7.91853,3.5417,13.6352,21.7419,27.9819,1.39295,21.5619,41.2959,14.4417,5.92389,17.3185,9.10187,12.0019,9.19169,21.5419,14.4519,6.59588,19.1819,11.2019,21.1419,8.12187,27.8619,11.4219,2.52,33.4219,22.5019,4.74187,3.96,
mu: 
srcDuals: 
fixing. lower bound used: 550.597
percent fixed: 2.27182
updating best lambda
fixing. lower bound used: 550.597
fixed path dual: 17.5539
STATS - lpIterations[1] lagIterations[7] sspIterations[42] numSeparations[10] numCuts[0] compileTime[2] sspSolveTime[6] lpSolveTime[0] lb[587.721] ub[742] numArcs: [119858] numFixed: [789] time: [13]
lambda: 0,11.0945,21.2479,11.0149,21.3949,7.72554,3.73469,13.8282,21.9349,27.9819,1.39295,21.7549,41.4889,14.6347,6.11689,16.9325,9.29487,12.1949,9.38468,21.7349,13.1009,6.78887,19.3749,11.3949,21.3349,8.31487,28.0549,11.6149,2.52,33.6149,22.6949,4.93487,3.767,
mu: 
srcDuals: 
fixing. lower bound used: 551.562
percent fixed: 2.1625
fixing. lower bound used: 550.597
fixed path dual: 18.0941
STATS - lpIterations[1] lagIterations[8] sspIterations[48] numSeparations[13] numCuts[0] compileTime[2] sspSolveTime[7] lpSolveTime[0] lb[596.193] ub[742] numArcs: [120004] numFixed: [789] time: [15]
lambda: 0,9.78672,21.9018,11.6688,20.741,8.37943,2.4269,13.8282,21.9349,28.6358,2.04684,22.4088,42.1428,12.673,6.11689,17.5864,9.94876,12.8488,8.07689,21.7349,13.7548,7.44277,18.721,12.0488,21.9888,8.96876,28.0549,12.2688,2.52,34.2688,23.3488,5.58876,3.767,
mu: 
srcDuals: 
fixing. lower bound used: 556.793
percent fixed: 2.17822
fixing. lower bound used: 550.597
fixed path dual: 15.0461
STATS - lpIterations[1] lagIterations[9] sspIterations[54] numSeparations[13] numCuts[0] compileTime[2] sspSolveTime[8] lpSolveTime[0] lb[598.147] ub[742] numArcs: [119980] numFixed: [2726] time: [17]
lambda: 0,10.7068,22.8218,12.5888,21.661,9.29949,3.34695,14.7482,22.8549,29.5558,1.12679,23.3288,41.2227,13.5931,6.11689,18.5065,10.8688,13.7688,8.99694,22.6549,14.6748,6.52272,19.641,12.9688,22.9088,9.88881,28.9749,13.1888,2.52,35.1888,24.2688,6.50881,2.84695,
mu: 
srcDuals: 
fixing. lower bound used: 577.034
percent fixed: 2.6378
updating best lambda
fixing. lower bound used: 577.034
fixed path dual: 16.9155
STATS - lpIterations[1] lagIterations[10] sspIterations[60] numSeparations[17] numCuts[0] compileTime[2] sspSolveTime[9] lpSolveTime[0] lb[609.646] ub[742] numArcs: [120284] numFixed: [1558] time: [20]
lambda: 0,10.9896,20.8418,12.5888,21.3782,8.73376,3.62982,15.0311,22.5721,29.273,1.40966,23.6117,41.5056,13.8759,6.39975,17.9408,11.1517,14.0517,9.27981,22.9378,13.5434,6.80558,19.3582,13.2517,23.1917,10.1717,28.9749,13.4717,2.52,35.4717,24.5517,6.79168,2.84695,
mu: 
srcDuals: 
fixing. lower bound used: 577.317
percent fixed: 2.55317
fixing. lower bound used: 577.034
fixed path dual: 17.9133
STATS - lpIterations[1] lagIterations[11] sspIterations[66] numSeparations[20] numCuts[0] compileTime[2] sspSolveTime[10] lpSolveTime[0] lb[616.679] ub[742] numArcs: [120380] numFixed: [1558] time: [22]
lambda: 0,10.9896,21.1032,12.8502,21.6396,8.99518,2.32268,14.2468,22.8335,29.5344,1.67108,23.8731,41.767,13.8759,5.61547,18.2022,11.4131,14.3131,7.71125,22.4149,13.8048,7.06701,19.6196,13.5131,23.4531,10.4331,29.2363,13.7331,2.52,35.7331,24.8131,7.0531,2.84695,
mu: 
srcDuals: 
fixing. lower bound used: 578.363
percent fixed: 2.54541
fixing. lower bound used: 577.034
fixed path dual: 17.6573
STATS - lpIterations[1] lagIterations[12] sspIterations[72] numSeparations[23] numCuts[0] compileTime[2] sspSolveTime[12] lpSolveTime[0] lb[619.309] ub[742] numArcs: [120624] numFixed: [1559] time: [24]
lambda: 0,11.6841,19.0198,12.1558,21.6396,8.30072,3.01714,14.9413,22.139,28.8399,1.67108,24.5676,42.4615,14.5704,6.30993,17.5077,10.7186,15.0076,8.40571,23.1094,14.4993,7.76147,20.314,14.2076,24.1476,9.04419,29.9308,14.4276,2.52,36.4276,24.1186,7.74756,2.1525,
mu: 
srcDuals: 
fixing. lower bound used: 582.53
percent fixed: 2.71797
updating best lambda
fixing. lower bound used: 582.53
fixed path dual: 17.0076
STATS - lpIterations[1] lagIterations[13] sspIterations[78] numSeparations[24] numCuts[0] compileTime[2] sspSolveTime[13] lpSolveTime[0] lb[621.994] ub[742] numArcs: [120673] numFixed: [1825] time: [26]
lambda: 0,11.0258,19.6781,12.8141,22.2979,8.959,1.0423,13.6247,22.7973,29.4982,2.32936,25.2258,42.4615,13.9121,5.65165,18.166,11.3769,15.6658,7.74743,21.7928,15.1575,7.76147,20.9723,14.8658,24.8058,9.70247,30.5891,15.0858,2.52,37.0858,24.7769,8.40584,2.1525,
mu: 
srcDuals: 
fixing. lower bound used: 589.112
percent fixed: 2.9677
updating best lambda
fixing. lower bound used: 589.112
fixed path dual: 17.207
STATS - lpIterations[1] lagIterations[14] sspIterations[84] numSeparations[26] numCuts[0] compileTime[2] sspSolveTime[14] lpSolveTime[0] lb[629.173] ub[742] numArcs: [120782] numFixed: [2180] time: [28]
lambda: 0,11.6241,20.2764,12.2158,19.9047,8.959,1.64061,14.223,22.199,30.0965,1.73106,25.8241,41.8632,14.5104,6.24995,18.7643,11.9752,16.2641,8.34573,22.3911,15.7558,7.16316,19.7757,15.4641,25.4041,10.3008,30.5891,15.6841,2.52,37.6841,25.3752,9.00414,2.1525,
mu: 
srcDuals: 
fixing. lower bound used: 595.095
percent fixed: 3.43339
updating best lambda
fixing. lower bound used: 595.095
fixed path dual: 18.2501
STATS - lpIterations[1] lagIterations[15] sspIterations[90] numSeparations[30] numCuts[0] compileTime[2] sspSolveTime[15] lpSolveTime[0] lb[635.432] ub[742] numArcs: [120981] numFixed: [2848] time: [30]
lambda: 0,11.8503,18.9193,12.442,20.1308,8.73281,1.8668,14.4492,22.4252,29.6441,1.95725,26.0503,42.0894,14.7366,6.47615,18.3119,11.749,16.4903,8.57192,22.6173,14.1725,7.38936,20.0019,15.6903,25.6303,9.84839,30.8153,15.9103,2.52,37.9103,25.149,9.23033,2.1525,
mu: 
srcDuals: 
fixing. lower bound used: 595.095
percent fixed: 3.52867
updating best lambda
fixing. lower bound used: 595.095
fixed path dual: 17.1658
STATS - lpIterations[1] lagIterations[16] sspIterations[96] numSeparations[31] numCuts[0] compileTime[2] sspSolveTime[16] lpSolveTime[0] lb[636.908] ub[742] numArcs: [120993] numFixed: [2879] time: [32]
lambda: 0,10.6224,19.5332,13.0559,20.7448,9.34676,2.48074,13.2213,23.0391,30.2581,2.57119,26.6643,42.0894,13.5087,5.8622,18.9259,12.363,17.1043,6.73009,23.2313,14.7865,7.38936,20.6159,16.3043,26.2443,10.4623,31.4292,16.5243,2.52,38.5243,25.763,9.84428,2.1525,
mu: 
srcDuals: 
fixing. lower bound used: 603.077
percent fixed: 4.09483
updating best lambda
fixing. lower bound used: 603.077
fixed path dual: 17.3267
STATS - lpIterations[1] lagIterations[17] sspIterations[102] numSeparations[35] numCuts[0] compileTime[2] sspSolveTime[17] lpSolveTime[0] lb[637.873] ub[742] numArcs: [121282] numFixed: [3743] time: [34]
lambda: 0,11.2192,19.5332,11.8623,20.148,7.55635,3.07754,13.2213,21.8455,28.4677,3.168,27.2611,42.6862,14.1055,6.459,18.3291,11.7662,17.7011,7.32689,23.8281,14.7865,7.98616,20.6159,16.9011,26.8411,9.86553,31.4292,16.5243,2.52,39.1211,25.1662,10.4411,2.1525,
mu: 
srcDuals: 
fixing. lower bound used: 603.077
percent fixed: 4.38752
updating best lambda
fixing. lower bound used: 603.077
fixed path dual: 16.6725
STATS - lpIterations[1] lagIterations[18] sspIterations[108] numSeparations[35] numCuts[0] compileTime[2] sspSolveTime[18] lpSolveTime[0] lb[645.63] ub[742] numArcs: [121274] numFixed: [5437] time: [36]
lambda: 0,11.8683,20.1823,12.5113,20.797,8.20539,3.72658,13.8704,22.4946,29.1167,1.86992,27.9101,40.739,14.7545,6.459,18.9781,12.4152,17.7011,7.97593,24.4771,15.4355,6.68809,21.2649,17.5501,27.4901,10.5146,32.0783,17.1733,2.52,39.7701,25.8152,11.0901,2.1525,
mu: 
srcDuals: 
fixing. lower bound used: 614.759
percent fixed: 6.2575
updating best lambda
fixing. lower bound used: 614.759
fixed path dual: 16.57
STATS - lpIterations[1] lagIterations[19] sspIterations[114] numSeparations[37] numCuts[0] compileTime[2] sspSolveTime[19] lpSolveTime[0] lb[647.36] ub[742] numArcs: [121379] numFixed: [6369] time: [38]
lambda: 0,11.4774,20.5731,12.9021,21.1878,8.5962,2.16331,12.6979,22.8854,29.5075,2.26074,28.3009,41.1299,14.3637,6.06819,19.3689,12.806,17.7011,7.19429,22.9138,15.8263,7.0789,21.6557,17.9409,27.8809,10.9054,32.4691,17.5641,2.52,40.1609,26.206,11.4809,2.1525,
mu: 
srcDuals: 
fixing. lower bound used: 617.104
percent fixed: 6.4841
updating best lambda
fixing. lower bound used: 617.104
fixed path dual: 16.9342
STATS - lpIterations[1] lagIterations[20] sspIterations[120] numSeparations[41] numCuts[0] compileTime[2] sspSolveTime[20] lpSolveTime[0] lb[650.301] ub[742] numArcs: [121472] numFixed: [6676] time: [40]
lambda: 0,11.8552,20.1953,12.5244,19.299,7.84065,2.54109,13.0757,22.1298,29.5075,2.63852,28.6787,41.5076,14.7415,6.44596,19.3689,13.1838,18.0789,7.57207,23.2916,15.0708,7.45668,20.5224,18.3187,28.2587,11.2832,31.7135,17.9419,2.52,40.5387,26.5838,11.8587,2.1525,
mu: 
srcDuals: 
fixing. lower bound used: 617.86
percent fixed: 6.62009
updating best lambda
fixing. lower bound used: 617.86
fixed path dual: 18.0408
STATS - lpIterations[1] lagIterations[21] sspIterations[126] numSeparations[45] numCuts[0] compileTime[2] sspSolveTime[21] lpSolveTime[0] lb[657.465] ub[742] numArcs: [121672] numFixed: [6817] time: [42]
lambda: 0,12.03,20.3701,12.6992,19.4738,8.01546,2.7159,13.2505,22.3046,29.6823,2.63852,28.8535,41.6825,14.9163,6.62078,19.5437,12.3097,18.2537,7.74688,23.4664,15.2456,7.63149,20.6972,18.4935,28.4335,9.88466,31.8883,17.5923,2.34519,40.7135,25.5349,12.0335,2.1525,
mu: 
srcDuals: 
fixing. lower bound used: 618.559
percent fixed: 7.03821
updating best lambda
fixing. lower bound used: 618.559
fixed path dual: 16.481
fixing. lower bound used: 627.615
percent fixed: 9.0591
updating best lambda
fixing. lower bound used: 627.615
fixed path dual: 16.6644
STATS - lpIterations[1] lagIterations[23] sspIterations[138] numSeparations[52] numCuts[0] compileTime[2] sspSolveTime[24] lpSolveTime[0] lb[660.598] ub[742] numArcs: [122018] numFixed: [10218] time: [46]
lambda: 0,10.9973,20.243,13.6048,19.6009,8.92106,2.7159,14.1561,23.2102,29.5552,2.63852,30.5376,42.461,13.8836,6.49369,20.3222,11.6583,18.2537,7.74688,23.5935,15.1185,9.3156,21.6028,20.1776,30.1176,8.45473,32.7939,17.7194,1.56668,42.3976,24.8835,13.7176,2.1525,
mu: 
srcDuals: 
fixing. lower bound used: 630.729
percent fixed: 11.0317
updating best lambda
fixing. lower bound used: 630.729
fixed path dual: 16.1977
STATS - lpIterations[1] lagIterations[24] sspIterations[144] numSeparations[53] numCuts[0] compileTime[2] sspSolveTime[25] lpSolveTime[0] lb[664.116] ub[742] numArcs: [122067] numFixed: [12551] time: [48]
lambda: 0,11.7872,19.4532,12.815,20.3907,7.34143,3.50571,14.1561,22.4204,27.9756,1.84871,31.3274,41.6712,14.6734,7.2835,19.5324,12.4481,19.0435,8.53669,24.3833,15.1185,8.52579,22.3926,20.9674,30.9074,9.24455,33.5837,18.5092,1.56668,43.1874,25.6733,14.5074,2.1525,
mu: 
srcDuals: 
fixing. lower bound used: 637.048
percent fixed: 13.7054
updating best lambda
fixing. lower bound used: 637.048
fixed path dual: 16.8493
STATS - lpIterations[1] lagIterations[25] sspIterations[150] numSeparations[55] numCuts[0] compileTime[2] sspSolveTime[26] lpSolveTime[0] lb[670.086] ub[742] numArcs: [122112] numFixed: [15991] time: [50]
lambda: 0,12.1305,19.7965,13.1583,20.734,7.68475,2.47575,13.1262,22.7637,28.3189,2.19203,31.6708,42.0145,14.3301,6.94018,19.8758,12.7915,18.7002,7.50674,22.6667,15.4618,8.86911,22.7359,21.3108,31.2508,9.58786,33.9271,18.8525,1.56668,43.5308,26.0166,14.8508,2.1525,
mu: 
srcDuals: 
fixing. lower bound used: 639.107
percent fixed: 14.4597
updating best lambda
fixing. lower bound used: 639.107
fixed path dual: 16.9756
STATS - lpIterations[1] lagIterations[26] sspIterations[156] numSeparations[56] numCuts[0] compileTime[2] sspSolveTime[27] lpSolveTime[0] lb[672.63] ub[742] numArcs: [122173] numFixed: [16863] time: [53]
lambda: 0,12.4879,20.1539,13.1583,19.3045,6.61262,2.83313,13.4835,21.6916,28.6763,2.54941,32.0281,42.3719,13.9727,7.29756,20.2331,13.1488,19.0575,7.86412,23.0241,15.8192,9.22649,21.6638,21.6681,31.2508,9.94524,32.8549,19.2099,1.56668,43.8881,26.374,15.2081,2.1525,
mu: 
srcDuals: 
fixing. lower bound used: 640.894
percent fixed: 15.4346
updating best lambda
fixing. lower bound used: 640.894
fixed path dual: 15.6476
STATS - lpIterations[1] lagIterations[27] sspIterations[162] numSeparations[56] numCuts[0] compileTime[2] sspSolveTime[28] lpSolveTime[0] lb[673.947] ub[742] numArcs: [122152] numFixed: [19016] time: [54]
lambda: 0,13.0681,20.7342,13.7385,19.8847,7.19287,3.41339,14.0638,22.2719,29.2566,1.3889,32.6084,40.6311,14.553,6.13705,20.8134,13.7291,17.897,8.44437,23.6044,16.3994,9.22649,22.244,22.2484,31.831,10.5255,33.4352,19.7901,1.56668,44.4684,26.9543,15.7884,2.1525,
mu: 
srcDuals: 
fixing. lower bound used: 650.178
percent fixed: 20.7804
updating best lambda
switching from LAG to LP solver
num vars: 96897
DUALS: -0,16.4857,22.4163,14.8163,24.2844,9.43129,3.91429,15.634,23.4422,31.9946,2,39.2286,52,17.4857,10.2,22.6231,14.2857,12.2,9.2,27.1374,16.5633,12.5714,23.4707,26.8932,28.8905,10.2857,36.4571,20.2857,5.57143,61.3714,31.5714,22.5381,11.5714,
fixed path dual: 6.42857
lp dual value: 715.393
STATS - lpIterations[2] lagIterations[27] sspIterations[162] numSeparations[56] numCuts[0] compileTime[2] sspSolveTime[28] lpSolveTime[5] lb[715.393] ub[742] numArcs: [122152] numFixed: [25515] time: [61]
checking cuts, max violation: 0.527211, num cuts: 21
new capacity cutset: 1 2 3 4 5 6 7 8 9 10 11 13 14 15 17 18 19 20 22 23 24 26 29 31 <= 20
new capacity cutset: 2 3 4 5 8 9 15 20 22 23 24 26 31 <= 11
new capacity cutset: 3 4 8 22 23 24 26 31 <= 6
new capacity cutset: 2 3 4 5 6 7 8 9 10 11 13 14 15 17 18 19 20 22 23 24 26 29 31 <= 19
new capacity cutset: 1 2 3 4 5 6 7 8 9 10 11 13 14 15 16 17 18 19 20 22 23 24 25 26 27 29 30 31 32 <= 24
new capacity cutset: 10 11 16 17 25 27 29 30 32 <= 7
new capacity cutset: 1 6 7 10 11 13 14 17 18 19 29 32 <= 9
new capacity cutset: 16 25 27 30 <= 3
new capacity cutset: 1 2 3 4 5 6 7 8 9 10 11 13 15 17 18 19 20 22 23 24 26 29 31 <= 19
new capacity cutset: 2 3 4 5 7 8 9 15 19 20 22 23 24 26 31 <= 12
new capacity cutset: 1 2 3 4 6 7 8 9 10 11 13 14 15 17 18 19 20 22 23 24 26 29 31 <= 19
new capacity cutset: 1 2 3 4 6 7 8 9 10 11 13 14 15 16 17 18 19 20 22 23 24 25 26 27 29 30 31 32 <= 23
new capacity cutset: 1 2 3 6 7 8 9 13 14 15 18 19 20 <= 10
new capacity cutset: 1 2 3 4 6 7 8 9 13 14 15 18 19 20 <= 11
new capacity cutset: 1 2 3 4 5 6 7 8 9 13 14 15 18 19 20 <= 12
new capacity cutset: 1 2 3 4 5 6 7 8 9 10 11 13 14 15 17 18 19 20 29 32 <= 16
new capacity cutset: 1 6 7 13 14 18 19 <= 5
new capacity cutset: 1 2 3 4 5 6 7 8 9 10 11 13 15 16 17 18 19 20 22 23 24 25 26 27 29 30 31 32 <= 23
new capacity cutset: 2 3 4 8 9 15 20 22 23 24 26 31 <= 10
new capacity cutset: 2 3 4 5 6 7 8 9 10 11 13 15 17 18 19 20 22 23 24 26 29 31 <= 18
new capacity cutset: 1 2 6 7 9 10 11 13 14 15 16 17 18 19 20 25 27 29 30 32 <= 16
num src cuts added: 0
num vars: 123234
DUALS: -0,16.6456,28.2913,26.2767,35.8738,10.7184,6.40291,17.4029,32.5388,37.2913,2,37.9612,45.8786,17.5243,11.5243,27.7864,24.0194,12.5243,11.0243,27.2427,23.4515,17.3641,32.3738,38.1262,43.1117,19.1214,45.6408,28.2524,4.24272,61.9903,36.7573,28.8495,10.2427,
fixed path dual: 7.75728
cap dual [2]: -6.24757
cap dual [7]: -10.1311
cap dual [9]: -1.37864
cap dual [14]: -1.5
cap dual [18]: -4.2233
lp dual value: 720.34
STATS - lpIterations[3] lagIterations[27] sspIterations[162] numSeparations[71] numCuts[21] compileTime[2] sspSolveTime[28] lpSolveTime[28] lb[720.34] ub[742] numArcs: [122982] numFixed: [0] time: [91]
checking cuts, max violation: 0.493528, num cuts: 26
new capacity cutset: 1 2 3 4 5 6 7 8 9 11 13 14 15 17 18 19 20 22 23 24 26 29 <= 18
new capacity cutset: 2 3 4 5 8 9 15 20 22 23 24 26 <= 10
new capacity cutset: 2 3 4 5 6 7 8 9 11 13 15 17 18 19 20 22 23 24 26 29 <= 16
new capacity cutset: 1 2 3 4 5 6 7 8 9 10 11 12 13 14 15 16 17 18 19 20 21 22 23 24 25 26 27 29 30 31 32 <= 25
new capacity cutset: 12 16 21 25 27 30 <= 4
new capacity cutset: 1 2 3 4 5 6 7 8 9 11 13 14 15 16 17 18 19 20 22 23 24 25 26 27 29 30 31 <= 22
new capacity cutset: 10 11 12 16 17 21 25 27 29 30 32 <= 8
new capacity cutset: 1 2 3 4 5 6 7 8 9 11 13 15 17 18 19 20 22 23 24 26 29 <= 17
new capacity cutset: 2 3 4 5 7 8 9 15 19 20 22 23 24 26 <= 11
new capacity cutset: 1 2 3 4 5 6 7 8 9 11 13 14 15 17 18 19 20 22 23 24 26 29 31 <= 19
new capacity cutset: 2 3 4 8 9 15 20 22 23 24 26 <= 9
new capacity cutset: 2 3 4 8 9 15 16 20 22 23 24 25 26 27 30 31 <= 13
new capacity cutset: 2 3 4 5 8 9 15 16 20 22 23 24 25 26 27 30 31 <= 14
new capacity cutset: 10 11 12 16 17 21 25 27 29 30 <= 7
new capacity cutset: 1 2 3 4 5 6 7 8 9 10 11 12 13 15 16 17 18 19 20 21 22 23 24 25 26 27 29 30 31 32 <= 24
new capacity cutset: 1 2 3 4 5 6 7 8 9 10 11 12 13 14 15 17 18 19 20 22 23 24 26 29 <= 19
new capacity cutset: 1 2 3 4 5 6 7 8 9 10 11 12 13 14 15 17 18 19 20 21 22 23 24 26 29 <= 20
new capacity cutset: 1 2 3 4 5 6 7 8 9 10 11 12 13 14 15 17 18 19 20 22 23 24 26 29 31 <= 20
new capacity cutset: 1 2 3 4 5 6 7 8 9 10 11 12 13 15 17 18 19 20 22 23 24 26 29 <= 18
new capacity cutset: 1 2 3 4 5 6 7 8 9 10 11 12 13 15 17 18 19 20 21 22 23 24 26 29 <= 19
new capacity cutset: 1 2 3 4 5 6 7 8 9 11 13 15 17 18 19 20 22 23 24 26 29 31 <= 18
new capacity cutset: 1 2 3 4 5 6 7 8 9 10 11 12 13 15 17 18 19 20 22 23 24 26 29 31 <= 19
new capacity cutset: 1 2 3 4 6 7 8 9 10 11 12 13 14 15 16 17 18 19 20 21 22 23 24 25 26 27 29 30 31 32 <= 24
new capacity cutset: 2 3 4 5 6 7 8 9 11 13 15 17 18 19 20 22 23 24 26 29 31 <= 17
new capacity cutset: 1 2 3 4 5 6 7 8 9 10 11 12 13 14 15 16 17 18 19 20 21 22 23 24 25 26 27 29 30 32 <= 24
new capacity cutset: 1 2 3 4 5 6 7 8 9 13 15 18 19 20 <= 11
num src cuts added: 0
fixing. lower bound used: 720.336
num vars: 117353
DUALS: -0,36.4241,54.7937,56.8975,65.0595,35.9785,32.0595,41.1,60.4468,63.7937,13.2165,50.8519,54.6899,40.3835,21.2785,61.019,35.3722,33.1304,34.5684,48.2215,51.6722,26,55.0595,68.0646,64.0544,28.3646,66.8342,39.0152,2.55696,85.4772,52.9329,42.7886,14.5177,
fixed path dual: 3.48228
cap dual [2]: -7.65316
cap dual [9]: -1.25316
cap dual [24]: -6.96076
cap dual [25]: -3.9557
cap dual [26]: -6.3
cap dual [28]: -6.37089
cap dual [29]: -1.27848
cap dual [31]: -4.68481
cap dual [32]: -3.62152
cap dual [34]: -2.2557
cap dual [36]: -2
cap dual [46]: -6.69367
lp dual value: 729.086
STATS - lpIterations[4] lagIterations[27] sspIterations[162] numSeparations[85] numCuts[47] compileTime[2] sspSolveTime[28] lpSolveTime[75] lb[729.086] ub[742] numArcs: [123655] numFixed: [6554] time: [151]
checking cuts, max violation: 0.435443, num cuts: 27
new capacity cutset: 1 2 3 4 5 6 7 8 9 10 11 12 13 14 15 16 17 18 19 20 21 22 23 24 25 26 27 28 29 30 31 <= 25
new capacity cutset: 2 3 4 5 8 9 15 16 20 22 23 24 26 27 30 31 <= 13
new capacity cutset: 11 12 17 29 <= 2
new capacity cutset: 11 12 16 21 25 27 28 29 30 <= 6
new capacity cutset: 11 12 29 <= 1
new capacity cutset: 2 3 4 8 9 15 20 22 26 <= 7
new capacity cutset: 2 3 4 8 9 12 15 16 20 21 22 23 24 25 26 27 28 30 31 <= 15
new capacity cutset: 2 3 4 5 8 9 12 15 16 20 21 22 23 24 25 26 27 28 30 31 <= 16
new capacity cutset: 1 2 3 4 5 6 7 8 9 10 11 12 13 15 16 17 18 19 20 21 22 23 24 25 26 27 28 29 30 31 <= 24
new capacity cutset: 2 3 4 8 9 12 15 16 20 21 22 23 24 25 26 27 30 31 <= 14
new capacity cutset: 2 3 4 5 8 9 12 15 16 20 21 22 23 24 25 26 27 30 31 <= 15
new capacity cutset: 2 3 4 8 9 15 16 20 22 23 24 26 27 30 31 <= 12
new capacity cutset: 2 3 4 5 8 9 12 15 16 20 22 23 24 25 26 27 28 30 31 <= 15
new capacity cutset: 1 2 3 4 5 6 7 8 9 11 12 13 14 15 18 19 20 22 23 24 26 29 31 <= 18
new capacity cutset: 1 2 3 4 5 6 7 8 9 11 12 13 14 15 17 18 19 20 22 23 24 26 29 31 <= 19
new capacity cutset: 1 2 3 4 5 6 7 8 9 11 13 14 15 18 19 20 22 26 29 <= 15
new capacity cutset: 1 2 3 4 5 6 7 8 9 11 13 14 15 17 18 19 20 22 26 29 <= 16
new capacity cutset: 1 2 3 4 5 6 7 8 9 11 12 13 15 16 17 18 19 20 21 22 23 24 25 26 27 28 29 30 31 <= 23
new capacity cutset: 1 2 3 4 5 6 7 8 9 11 12 13 14 15 16 17 18 19 20 21 22 23 24 25 26 27 28 29 30 31 <= 24
new capacity cutset: 11 12 16 17 21 25 27 28 29 30 <= 7
new capacity cutset: 1 2 3 4 5 6 7 8 9 10 11 12 13 14 15 17 18 19 20 21 22 26 29 <= 18
new capacity cutset: 1 2 3 4 5 6 7 8 9 11 13 15 18 19 20 22 23 24 26 29 31 <= 17
new capacity cutset: 1 2 3 4 5 6 7 8 9 11 12 13 15 17 18 19 20 22 23 24 26 29 31 <= 18
new capacity cutset: 1 2 3 4 5 6 7 8 9 11 12 13 14 15 17 18 19 20 21 22 26 29 <= 17
new capacity cutset: 1 2 3 4 5 6 7 8 9 11 12 13 14 15 16 18 19 20 21 22 23 24 25 26 27 28 29 30 31 <= 23
new capacity cutset: 2 3 4 5 8 9 15 20 22 26 <= 8
new capacity cutset: 1 2 3 4 5 6 7 8 9 11 13 15 17 18 19 20 22 26 29 <= 15
added new src cut with arcs: 124359 124403 124556  for test set: 10 12 21 
num src cuts added: 1
fixing. lower bound used: 729.083
num vars: 124259
DUALS: -0,43.4286,66,69.2857,74.5714,44.7143,40.7143,48.7143,68.5714,75.1429,10,63,59,46.2857,23,72.4286,34.4286,33,41.5714,55.8571,63.1429,24.4286,67.5714,62.1429,54.4286,29.4286,78,39.4286,8,105.571,51,48.4286,14,
fixed path dual: 4
cap dual [2]: -4.57143
cap dual [15]: -1
cap dual [24]: -7
cap dual [25]: -3.42857
cap dual [26]: -6
cap dual [29]: -2.14286
cap dual [36]: -0.571429
cap dual [46]: -2.28571
cap dual [47]: -0.428571
cap dual [51]: -11.4286
cap dual [52]: -13.2857
cap dual [62]: -0.214286
cap dual [64]: -2.5
cap dual [65]: -3
cap dual [68]: -7.85714
cap dual [71]: -0.0714286
cap dual [73]: -6.5
lp dual value: 735
STATS - lpIterations[5] lagIterations[27] sspIterations[162] numSeparations[98] numCuts[75] compileTime[2] sspSolveTime[28] lpSolveTime[135] lb[735] ub[742] numArcs: [124798] numFixed: [785] time: [225]
no rcc cuts found
added new src cut with arcs: 125589 125732 125930  for test set: 2 4 5 
added new src cut with arcs: 126097 126238 126433  for test set: 2 4 8 
added new src cut with arcs: 126599 126739 126933  for test set: 3 4 5 
added new src cut with arcs: 127099 127239 127433  for test set: 3 4 8 
added new src cut with arcs: 127599 127739 127933  for test set: 4 5 9 
added new src cut with arcs: 128099 128239 128433  for test set: 4 5 15 
added new src cut with arcs: 128599 128739 128933  for test set: 4 5 20 
added new src cut with arcs: 129099 129239 129433  for test set: 4 8 9 
added new src cut with arcs: 129599 129739 129933  for test set: 4 8 15 
added new src cut with arcs: 130099 130239 130433  for test set: 4 8 20 
num src cuts added: 10
fixing. lower bound used: 734.998
num vars: 124685
DUALS: -0,45.4369,69.6757,73.1892,78.1622,49.1351,44.6757,52.4595,72.1622,78.6757,16.0676,68.0901,59.3536,48.5405,24,74.973,38.7523,39.0541,45.0541,59.7297,67.3514,32.0541,73.4054,64.7297,54.5405,32,81.3514,42.3761,7,109.187,50,50.7027,14,
fixed path dual: 4
cap dual [2]: -4.48649
cap dual [7]: -2.30631
cap dual [15]: -1
cap dual [23]: -1.1036
cap dual [24]: -7.72523
cap dual [25]: -4.36712
cap dual [26]: -3.7027
cap dual [28]: -1.88063
cap dual [29]: -2.2973
cap dual [32]: -0.297297
cap dual [35]: -0.301802
cap dual [36]: -1.39414
cap dual [46]: -0.702703
cap dual [47]: -1.3536
cap dual [51]: -11.3581
cap dual [52]: -11.2432
cap dual [56]: -1.67568
cap dual [64]: -3.6464
cap dual [67]: -3.29279
cap dual [68]: -7.2973
cap dual [70]: -2.04505
cap dual [73]: -6.12162
lp dual value: 736.622
STATS - lpIterations[6] lagIterations[27] sspIterations[162] numSeparations[101] numCuts[85] compileTime[2] sspSolveTime[28] lpSolveTime[210] lb[736.622] ub[742] numArcs: [129915] numFixed: [5472] time: [311]
checking cuts, max violation: 0.324324, num cuts: 5
new capacity cutset: 2 3 4 8 9 15 19 20 <= 6
new capacity cutset: 2 3 4 5 8 9 13 15 19 20 22 23 24 26 <= 11
new capacity cutset: 1 2 3 4 5 6 7 8 9 11 13 15 18 19 20 22 23 24 26 29 <= 16
new capacity cutset: 3 4 8 22 23 24 26 <= 5
new capacity cutset: 1 2 3 4 5 6 7 8 9 11 12 13 15 18 19 20 21 22 23 24 26 29 <= 17
num src cuts added: 0
fixing. lower bound used: 736.619
num vars: 125184
DUALS: -0,45.7188,74.375,77.375,83.375,48.75,43.25,52,77.375,83.5,11.1875,64.875,59.125,48.125,23.1875,79.75,33.625,33.6563,45.75,61.375,71.75,24.875,76.375,71.625,60,25,84.375,40.625,8,111.562,47,44.5313,14,
fixed path dual: 4
cap dual [9]: -2.75
cap dual [15]: -0.375
cap dual [24]: -7.125
cap dual [26]: -3.0625
cap dual [44]: -1.15625
cap dual [51]: -12.4375
cap dual [52]: -11.3125
cap dual [56]: -1.8125
cap dual [58]: -2.625
cap dual [63]: -4.125
cap dual [64]: -2.8125
cap dual [65]: -3.1875
cap dual [67]: -2.0625
cap dual [73]: -3.875
cap dual [74]: -2.625
cap dual [76]: -13.4687
cap dual [77]: -5
lp dual value: 738.75
STATS - lpIterations[7] lagIterations[27] sspIterations[162] numSeparations[110] numCuts[90] compileTime[2] sspSolveTime[28] lpSolveTime[280] lb[738.75] ub[742] numArcs: [130385] numFixed: [5441] time: [395]
checking cuts, max violation: 0.166667, num cuts: 2
new capacity cutset: 2 3 4 5 7 8 9 13 15 20 22 23 24 26 31 <= 12
new capacity cutset: 2 3 4 5 7 8 9 13 15 20 22 23 24 26 <= 11
added new src cut with arcs: 126097 126238 126433 131185 131331 131512 131710 125930  for test set: 2 4 8 
added new src cut with arcs: 127099 127239 127433 131887 132030 132207 132402 125930  for test set: 3 4 8 
added new src cut with arcs: 129099 129239 129433 132578 132720 132896 133090 125930  for test set: 4 8 9 
added new src cut with arcs: 129599 129739 129933 133266 133408 133584 133778 125930  for test set: 4 8 15 
added new src cut with arcs: 130099 130239 130433 133954 134096 134272 134466 125930  for test set: 4 8 20 
added new src cut with arcs: 134603 134761 134916 125930  for test set: 5 7 13 
added new src cut with arcs: 135058 135213 135407 125930  for test set: 5 8 22 
added new src cut with arcs: 135549 135703 135897 125930  for test set: 5 8 23 
added new src cut with arcs: 136039 136193 136387 125930  for test set: 5 8 24 
added new src cut with arcs: 136529 136683 136877 125930  for test set: 5 8 26 
added new src cut with arcs: 137019 137173 137367 125930  for test set: 5 8 31 
num src cuts added: 11
fixing. lower bound used: 738.747
num vars: 126054
DUALS: -0,44.7742,71.2849,76.4839,82.957,46.8978,41.2742,50.0645,76.957,80.4785,12.6882,64.0914,59.3548,46.8763,23.0215,80.2849,37.6613,33.5054,42.9624,58.9409,69.1237,26.8387,75,74.5108,64.1774,29.0645,84.8118,41.5341,8,108.29,48.5251,46.3226,14,
fixed path dual: 4
cap dual [2]: -3.89785
cap dual [15]: -0.333333
cap dual [24]: -7.35484
cap dual [25]: -0.446237
cap dual [26]: -3.95161
cap dual [29]: -2.97849
cap dual [32]: -1.04839
cap dual [47]: -2.24194
cap dual [51]: -12.1882
cap dual [52]: -8.72581
cap dual [56]: -3.82258
cap dual [65]: -4.23656
cap dual [67]: -1.0914
cap dual [73]: -7.8172
cap dual [74]: -3.62366
cap dual [76]: -11.4355
cap dual [77]: -3.77419
cap dual [79]: -1.10215
lp dual value: 738.833
STATS - lpIterations[8] lagIterations[27] sspIterations[162] numSeparations[116] numCuts[103] compileTime[2] sspSolveTime[28] lpSolveTime[345] lb[738.833] ub[742] numArcs: [137079] numFixed: [11259] time: [481]
no rcc cuts found
added new src cut with arcs: 126097 126238 126433 131185 131331 131512 131710 125930 137881 138069 125589  for test set: 2 4 8 
added new src cut with arcs: 127099 127239 127433 131887 132030 132207 132402 125930 138242 138427 125589 131710  for test set: 3 4 8 
added new src cut with arcs: 129099 129239 129433 132578 132720 132896 133090 125930 138599 138783 125589 131710  for test set: 4 8 9 
added new src cut with arcs: 129599 129739 129933 133266 133408 133584 133778 125930 138955 139139 125589 131710  for test set: 4 8 15 
added new src cut with arcs: 130099 130239 130433 133954 134096 134272 134466 125930 139311 139495 125589 131710  for test set: 4 8 20 
added new src cut with arcs: 135058 135213 135407 125930 139667 139852 140036 131710  for test set: 5 8 22 
added new src cut with arcs: 135549 135703 135897 125930 140208 140390 140574 131710  for test set: 5 8 23 
added new src cut with arcs: 136039 136193 136387 125930 140746 140927 141111 131710  for test set: 5 8 24 
added new src cut with arcs: 136529 136683 136877 125930 141283 141464 141648 131710  for test set: 5 8 26 
added new src cut with arcs: 137019 137173 137367 125930 141820 142001 142185 131710  for test set: 5 8 31 
num src cuts added: 10
fixing. lower bound used: 738.83
num vars: 126759
DUALS: -0,44.75,74.9,80.725,85.05,47.45,41.25,50.25,78.95,84.25,13,65.25,55.7,47,22.75,81.85,33.1,33.5,43,59.25,73.575,24.7,75.75,72.6,62.15,26.85,85.8,39.05,8,105.75,51.7,46.3,14,
fixed path dual: 4
cap dual [9]: -3.25
cap dual [15]: -0.75
cap dual [24]: -7
cap dual [26]: -7.25
cap dual [33]: -0.45
cap dual [47]: -4
cap dual [51]: -10.5
cap dual [52]: -16.05
cap dual [64]: -2.4
cap dual [68]: -2.1
cap dual [69]: -0.75
cap dual [73]: -4.6
cap dual [74]: -4.35
cap dual [76]: -9.65
cap dual [77]: -6.15
cap dual [80]: -1.25
src dual [22]: -0.1
lp dual value: 739.05
STATS - lpIterations[9] lagIterations[27] sspIterations[162] numSeparations[119] numCuts[113] compileTime[2] sspSolveTime[28] lpSolveTime[432] lb[739.05] ub[742] numArcs: [141710] numFixed: [15183] time: [593]
checking cuts, max violation: 0.2, num cuts: 1
new capacity cutset: 10 11 17 19 29 32 <= 4
added new src cut with arcs: 126097 126238 126433 131185 131331 131512 131710 125930 137881 138069 125589 142524  for test set: 2 4 8 
added new src cut with arcs: 127099 127239 127433 131887 132030 132207 132402 125930 138242 138427 125589 131710 142704 131512 137881  for test set: 3 4 8 
added new src cut with arcs: 129099 129239 129433 132578 132720 132896 133090 125930 138599 138783 125589 131710 142883 131512 137881  for test set: 4 8 9 
added new src cut with arcs: 129599 129739 129933 133266 133408 133584 133778 125930 138955 139139 125589 131710 143062 131512 137881  for test set: 4 8 15 
added new src cut with arcs: 130099 130239 130433 133954 134096 134272 134466 125930 139311 139495 125589 131710 143241 131512 137881  for test set: 4 8 20 
added new src cut with arcs: 135058 135213 135407 125930 139667 139852 140036 131710 137881  for test set: 5 8 22 
added new src cut with arcs: 135549 135703 135897 125930 140208 140390 140574 131710 137881 139852  for test set: 5 8 23 
added new src cut with arcs: 136039 136193 136387 125930 140746 140927 141111 131710 137881 139852  for test set: 5 8 24 
added new src cut with arcs: 136529 136683 136877 125930 141283 141464 141648 131710 137881 139852  for test set: 5 8 26 
added new src cut with arcs: 137019 137173 137367 125930 141820 142001 142185 131710 137881 139852  for test set: 5 8 31 
num src cuts added: 10
fixing. lower bound used: 738.943
num vars: 126915
DUALS: -0,43.4167,75.4167,80.0833,84.25,47.3333,41.0833,50.25,78.25,84.6667,13.0556,65,59,47,21.1667,83.3333,33.1944,32.8333,42.8333,59.25,73.5,27,75.4167,72.3333,62.0833,26,85.5,39.9722,7.77778,107.083,49.6667,44.5556,14,
fixed path dual: 4
cap dual [15]: -0.583333
cap dual [24]: -7
cap dual [26]: -3.38889
cap dual [29]: -3.41667
cap dual [44]: -1.16667
cap dual [47]: -4.05556
cap dual [51]: -11.5833
cap dual [52]: -12.9167
cap dual [56]: -3.33333
cap dual [58]: -0.666667
cap dual [64]: -2.22222
cap dual [68]: -3.88889
cap dual [70]: -2.38889
cap dual [73]: -5.11111
cap dual [74]: -4.25
cap dual [76]: -8.52778
cap dual [77]: -4.83333
cap dual [80]: -1.41667
cap dual [81]: -0.166667
lp dual value: 739.083
STATS - lpIterations[10] lagIterations[27] sspIterations[162] numSeparations[124] numCuts[124] compileTime[2] sspSolveTime[28] lpSolveTime[506] lb[739.083] ub[742] numArcs: [142728] numFixed: [16045] time: [700]
no rcc cuts found
added new src cut with arcs: 126097 126238 126433 131185 131331 131512 131710 125930 137881 138069 125589 142524 143550  for test set: 2 4 8 
added new src cut with arcs: 127099 127239 127433 131887 132030 132207 132402 125930 138242 138427 125589 131710 142704 131512 137881 143737  for test set: 3 4 8 
added new src cut with arcs: 129099 129239 129433 132578 132720 132896 133090 125930 138599 138783 125589 131710 142883 131512 137881 143923  for test set: 4 8 9 
added new src cut with arcs: 129599 129739 129933 133266 133408 133584 133778 125930 138955 139139 125589 131710 143062 131512 137881 144109  for test set: 4 8 15 
added new src cut with arcs: 130099 130239 130433 133954 134096 134272 134466 125930 139311 139495 125589 131710 143241 131512 137881 144295  for test set: 4 8 20 
added new src cut with arcs: 135058 135213 135407 125930 139667 139852 140036 131710 137881 144481 144623  for test set: 5 8 22 
added new src cut with arcs: 135549 135703 135897 125930 140208 140390 140574 131710 137881 139852 144809 144948  for test set: 5 8 23 
added new src cut with arcs: 136039 136193 136387 125930 140746 140927 141111 131710 137881 139852 145134 145272  for test set: 5 8 24 
added new src cut with arcs: 136529 136683 136877 125930 141283 141464 141648 131710 137881 139852 145458 145596  for test set: 5 8 26 
added new src cut with arcs: 137019 137173 137367 125930 141820 142001 142185 131710 137881 139852 145782 145920  for test set: 5 8 31 
num src cuts added: 10
fixing. lower bound used: 739.079
num vars: 127254
DUALS: -0,43.8233,74.9357,79.6225,83.8635,45.8795,39.004,48.5462,77.8635,84.6908,10.1004,57.5261,58.3133,45.759,21.1325,82.8394,37.4137,31.4056,41.4297,57.5221,73.2811,26.1807,74.6787,72.1888,62.0763,27.5422,84.9197,40.9357,6.18072,103.237,48.9036,44.3815,13.3133,
fixed path dual: 4.68675
cap dual [9]: -3.1245
cap dual [24]: -6.31325
cap dual [25]: -1.751
cap dual [26]: -7.36145
cap dual [46]: -0.514056
cap dual [47]: -1.1004
cap dual [51]: -5.98394
cap dual [52]: -15.8313
cap dual [56]: -1.88755
cap dual [64]: -4.08032
cap dual [67]: -0.686747
cap dual [70]: -2.36145
cap dual [73]: -1.21285
cap dual [74]: -4.67068
cap dual [76]: -12.9478
cap dual [77]: -4.92771
cap dual [79]: -1.93574
lp dual value: 739.333
STATS - lpIterations[11] lagIterations[27] sspIterations[162] numSeparations[128] numCuts[134] compileTime[2] sspSolveTime[28] lpSolveTime[590] lb[739.333] ub[742] numArcs: [145486] numFixed: [18464] time: [820]
no rcc cuts found
num src cuts added: 0
fixing. lower bound used: 739.328
num vars: 127214
DUALS: -0,43.9238,75.6826,80.7482,84.9504,46.4574,39.1472,49.1241,78.9504,85.2349,10.3954,57,58.1738,45.984,21.6986,83.6826,36.5284,32.2092,41.6117,57.9716,73.9672,23.8262,75.6879,72.5745,62,28,85.6879,39.3014,7.77837,104.078,50.7465,45.4291,14,
fixed path dual: 4
cap dual [7]: -1.22872
cap dual [24]: -7
cap dual [26]: -6.14894
cap dual [29]: -3.51241
cap dual [46]: -0.556738
cap dual [47]: -1.39539
cap dual [51]: -5.95213
cap dual [52]: -16.0745
cap dual [56]: -1.77837
cap dual [63]: -2.29787
cap dual [64]: -3.74468
cap dual [65]: -1.08156
cap dual [68]: -5.14894
cap dual [73]: -2.3156
cap dual [74]: -4.70567
cap dual [76]: -6.99291
cap dual [77]: -5.26773
cap dual [80]: -2.06028
lp dual value: 739.333
STATS - lpIterations[12] lagIterations[27] sspIterations[162] numSeparations[130] numCuts[134] compileTime[2] sspSolveTime[28] lpSolveTime[659] lb[739.333] ub[742] numArcs: [145592] numFixed: [18610] time: [926]
no rcc cuts found
added new src cut with arcs: 126097 126238 126433 131185 131331 131512 131710 125930 137881 138069 125589 142524 143550 146409  for test set: 2 4 8 
added new src cut with arcs: 127099 127239 127433 131887 132030 132207 132402 125930 138242 138427 125589 131710 142704 131512 137881 143737 146586 131331  for test set: 3 4 8 
added new src cut with arcs: 129099 129239 129433 132578 132720 132896 133090 125930 138599 138783 125589 131710 142883 131512 137881 143923 146762 131331  for test set: 4 8 9 
added new src cut with arcs: 129599 129739 129933 133266 133408 133584 133778 125930 138955 139139 125589 131710 143062 131512 137881 144109 146938 131331  for test set: 4 8 15 
added new src cut with arcs: 130099 130239 130433 133954 134096 134272 134466 125930 139311 139495 125589 131710 143241 131512 137881 144295 147114 131331  for test set: 4 8 20 
added new src cut with arcs: 135058 135213 135407 125930 139667 139852 140036 131710 137881 144481 144623 131331 134761  for test set: 5 8 22 
added new src cut with arcs: 135549 135703 135897 125930 140208 140390 140574 131710 137881 139852 144809 144948 131331 134761  for test set: 5 8 23 
added new src cut with arcs: 136039 136193 136387 125930 140746 140927 141111 131710 137881 139852 145134 145272 131331 134761  for test set: 5 8 24 
added new src cut with arcs: 136529 136683 136877 125930 141283 141464 141648 131710 137881 139852 145458 145596 131331 134761  for test set: 5 8 26 
added new src cut with arcs: 137019 137173 137367 125930 141820 142001 142185 131710 137881 139852 145782 145920 131331 134761  for test set: 5 8 31 
num src cuts added: 10
fixing. lower bound used: 739.331
num vars: 127373
DUALS: -0,43.8462,75.5897,81.0513,85.0513,45.6154,39.1538,48.2821,79.0513,84.8974,10.5897,57.4103,58,45.8718,21.641,81.9231,41.9487,32.4103,41.8205,57.2821,74.1282,24.4103,75.3846,76.2821,66.1795,26.9487,85.9744,45.8974,7.58974,101.846,49,49.9487,14,
fixed path dual: 4
cap dual [7]: -1.97436
cap dual [24]: -7
cap dual [26]: -6.02564
cap dual [29]: -3.10256
cap dual [46]: -0.641026
cap dual [47]: -1.58974
cap dual [51]: -4.41026
cap dual [52]: -12.1795
cap dual [56]: -0.410256
cap dual [58]: -5
cap dual [64]: -3.15385
cap dual [65]: -1.79487
cap dual [68]: -6.23077
cap dual [70]: -1.46154
cap dual [73]: -3.15385
cap dual [74]: -5.02564
cap dual [76]: -5.4359
cap dual [77]: -6.15385
cap dual [80]: -2.02564
lp dual value: 739.333
STATS - lpIterations[13] lagIterations[27] sspIterations[162] numSeparations[131] numCuts[144] compileTime[2] sspSolveTime[28] lpSolveTime[750] lb[739.333] ub[742] numArcs: [146505] numFixed: [19364] time: [1057]
no rcc cuts found
added new src cut with arcs: 126097 126238 126433 131185 131331 131512 131710 125930 137881 138069 125589 142524 143550 146409 147334  for test set: 2 4 8 
added new src cut with arcs: 127099 127239 127433 131887 132030 132207 132402 125930 138242 138427 125589 131710 142704 131512 137881 143737 146586 131331 147522  for test set: 3 4 8 
added new src cut with arcs: 129099 129239 129433 132578 132720 132896 133090 125930 138599 138783 125589 131710 142883 131512 137881 143923 146762 131331 147709  for test set: 4 8 9 
added new src cut with arcs: 129599 129739 129933 133266 133408 133584 133778 125930 138955 139139 125589 131710 143062 131512 137881 144109 146938 131331 147896  for test set: 4 8 15 
added new src cut with arcs: 130099 130239 130433 133954 134096 134272 134466 125930 139311 139495 125589 131710 143241 131512 137881 144295 147114 131331 148083  for test set: 4 8 20 
added new src cut with arcs: 135058 135213 135407 125930 139667 139852 140036 131710 137881 144481 144623 131331 134761 148270  for test set: 5 8 22 
added new src cut with arcs: 135549 135703 135897 125930 140208 140390 140574 131710 137881 139852 144809 144948 131331 134761 148457  for test set: 5 8 23 
added new src cut with arcs: 136039 136193 136387 125930 140746 140927 141111 131710 137881 139852 145134 145272 131331 134761 148644  for test set: 5 8 24 
added new src cut with arcs: 136529 136683 136877 125930 141283 141464 141648 131710 137881 139852 145458 145596 131331 134761 148831  for test set: 5 8 26 
added new src cut with arcs: 137019 137173 137367 125930 141820 142001 142185 131710 137881 139852 145782 145920 131331 134761 149018  for test set: 5 8 31 
num src cuts added: 10
fixing. lower bound used: 739.33
num vars: 127528
DUALS: -0,45.9347,76.5539,82.4766,87.0196,50.0577,45.2198,52.1349,81.0152,85.5582,11.5321,58.3058,59,48.8063,22.4995,84.4342,38.2397,35.5071,45.7845,61.1349,75.0283,28.3346,77.2165,72.3798,63.6518,25.3384,87.2383,43.6425,5.29815,106.656,46.9529,43.5487,14,
fixed path dual: 4
cap dual [15]: -0.201306
cap dual [23]: -1.39282
cap dual [24]: -7
cap dual [25]: -4.32753
cap dual [26]: -4.00381
cap dual [29]: -2.35038
cap dual [46]: -1.63983
cap dual [47]: -2.5321
cap dual [51]: -5.09739
cap dual [52]: -10.8232
cap dual [58]: -5.64255
cap dual [64]: -0.277476
cap dual [65]: -0.488575
cap dual [68]: -5.03945
cap dual [70]: -5.70892
cap dual [73]: -4.86942
cap dual [74]: -3.95321
cap dual [76]: -8.54489
cap dual [77]: -6.46572
cap dual [80]: -1.47878
src dual [62]: -0.00435256
lp dual value: 739.927
STATS - lpIterations[14] lagIterations[27] sspIterations[162] numSeparations[132] numCuts[154] compileTime[2] sspSolveTime[28] lpSolveTime[847] lb[739.927] ub[742] numArcs: [148390] numFixed: [21094] time: [1201]
no rcc cuts found
added new src cut with arcs: 126097 126238 126433 131185 131331 131512 131710 125930 137881 138069 125589 142524 143550 146409 147334 149199 149386 149574 149758 125732  for test set: 2 4 8 
added new src cut with arcs: 127099 127239 127433 131887 132030 132207 132402 125930 138242 138427 125589 131710 142704 131512 137881 143737 146586 131331 147522 149924 150107 150291 150471 125732 147334  for test set: 3 4 8 
added new src cut with arcs: 129099 129239 129433 132578 132720 132896 133090 125930 138599 138783 125589 131710 142883 131512 137881 143923 146762 131331 147709 150637 150819 151002 151181 125732 147334  for test set: 4 8 9 
added new src cut with arcs: 129599 129739 129933 133266 133408 133584 133778 125930 138955 139139 125589 131710 143062 131512 137881 144109 146938 131331 147896 151347 151529 151712 151891 125732 147334  for test set: 4 8 15 
added new src cut with arcs: 130099 130239 130433 133954 134096 134272 134466 125930 139311 139495 125589 131710 143241 131512 137881 144295 147114 131331 148083 152057 152239 152422 152601 125732 147334  for test set: 4 8 20 
added new src cut with arcs: 135058 135213 135407 125930 139667 139852 140036 131710 137881 144481 144623 131331 134761 148270 152783 125732 147334  for test set: 5 8 22 
added new src cut with arcs: 135549 135703 135897 125930 140208 140390 140574 131710 137881 139852 144809 144948 131331 134761 148457 152965 125732 144623 147334  for test set: 5 8 23 
added new src cut with arcs: 136039 136193 136387 125930 140746 140927 141111 131710 137881 139852 145134 145272 131331 134761 148644 153147 125732 144623 147334  for test set: 5 8 24 
added new src cut with arcs: 136529 136683 136877 125930 141283 141464 141648 131710 137881 139852 145458 145596 131331 134761 148831 153329 125732 144623 147334  for test set: 5 8 26 
added new src cut with arcs: 137019 137173 137367 125930 141820 142001 142185 131710 137881 139852 145782 145920 131331 134761 149018 153511 125732 144623 147334  for test set: 5 8 31 
num src cuts added: 10
fixing. lower bound used: 739.919
num vars: 128318
DUALS: -0,47.3333,75.8333,81.5,86.1667,49.6667,45,51.6667,80.1667,84.8333,13.3333,60.3333,58,49.3333,23.3333,83,34.1111,32,46.3333,60.3333,74.1667,28,76.5,74.0556,64.7222,26.6667,87,39,8,107.333,49.2222,46.5556,14,
fixed path dual: 4
cap dual [9]: -1.33333
cap dual [24]: -7
cap dual [25]: -0.777778
cap dual [32]: -3.66667
cap dual [46]: -1.66667
cap dual [47]: -2.33333
cap dual [51]: -7.33333
cap dual [52]: -8.94444
cap dual [56]: -3.22222
cap dual [63]: -6.66667
cap dual [64]: -0.333333
cap dual [65]: -3.33333
cap dual [67]: -2
cap dual [68]: -4.66667
cap dual [73]: -1.66667
cap dual [74]: -4
cap dual [76]: -12
cap dual [77]: -6.66667
cap dual [79]: -2
lp dual value: 740
STATS - lpIterations[15] lagIterations[27] sspIterations[162] numSeparations[144] numCuts[164] compileTime[2] sspSolveTime[28] lpSolveTime[933] lb[740] ub[742] numArcs: [153555] numFixed: [25469] time: [1344]
no rcc cuts found
added new src cut with arcs: 126097 126238 126433 131185 131331 131512 131710 125930 137881 138069 125589 142524 143550 146409 147334 149199 149386 149574 149758 125732 154385  for test set: 2 4 8 
added new src cut with arcs: 127099 127239 127433 131887 132030 132207 132402 125930 138242 138427 125589 131710 142704 131512 137881 143737 146586 131331 147522 149924 150107 150291 150471 125732 147334 154558 131185  for test set: 3 4 8 
added new src cut with arcs: 129099 129239 129433 132578 132720 132896 133090 125930 138599 138783 125589 131710 142883 131512 137881 143923 146762 131331 147709 150637 150819 151002 151181 125732 147334 154730 131185  for test set: 4 8 9 
added new src cut with arcs: 129599 129739 129933 133266 133408 133584 133778 125930 138955 139139 125589 131710 143062 131512 137881 144109 146938 131331 147896 151347 151529 151712 151891 125732 147334 154902 131185  for test set: 4 8 15 
added new src cut with arcs: 130099 130239 130433 133954 134096 134272 134466 125930 139311 139495 125589 131710 143241 131512 137881 144295 147114 131331 148083 152057 152239 152422 152601 125732 147334 155074 131185  for test set: 4 8 20 
num src cuts added: 5
fixing. lower bound used: 739.996
num vars: 128420
DUALS: -0,46.6421,75.7579,81.4,86.0789,49.6789,44.9632,51.6789,80.0789,85.0789,12.6421,58.4579,57.2842,49.2842,22.6789,83.9632,35.6579,32.5474,46.2842,60.3947,74.0789,28.3579,76.4368,72.1158,62.8947,26.3211,86.9632,39.2211,7.45263,107.321,48.7474,44.1,14,
fixed path dual: 4
cap dual [24]: -7
cap dual [25]: -2.83158
cap dual [26]: -3.93158
cap dual [29]: -1.39474
cap dual [44]: -0.678947
cap dual [46]: -1.64211
cap dual [47]: -2
cap dual [51]: -5.49474
cap dual [52]: -14.5158
cap dual [56]: -1.56316
cap dual [63]: -4.93684
cap dual [64]: -2.47368
cap dual [65]: -1.13158
cap dual [67]: -1.64211
cap dual [68]: -4.83158
cap dual [73]: -0.0736842
cap dual [74]: -4
cap dual [76]: -11.3
cap dual [77]: -6.32105
cap dual [79]: -1.96316
src dual [82]: -1.13687e-13
lp dual value: 740
STATS - lpIterations[16] lagIterations[27] sspIterations[162] numSeparations[146] numCuts[169] compileTime[2] sspSolveTime[28] lpSolveTime[1015] lb[740] ub[742] numArcs: [154454] numFixed: [26266] time: [1483]
no rcc cuts found
added new src cut with arcs: 126097 126238 126433 131185 131331 131512 131710 125930 137881 138069 125589 142524 143550 146409 147334 149199 149386 149574 149758 125732 154385 155278  for test set: 2 4 8 
added new src cut with arcs: 127099 127239 127433 131887 132030 132207 132402 125930 138242 138427 125589 131710 142704 131512 137881 143737 146586 131331 147522 149924 150107 150291 150471 125732 147334 154558 131185 155443  for test set: 3 4 8 
added new src cut with arcs: 129099 129239 129433 132578 132720 132896 133090 125930 138599 138783 125589 131710 142883 131512 137881 143923 146762 131331 147709 150637 150819 151002 151181 125732 147334 154730 131185 155607  for test set: 4 8 9 
added new src cut with arcs: 129599 129739 129933 133266 133408 133584 133778 125930 138955 139139 125589 131710 143062 131512 137881 144109 146938 131331 147896 151347 151529 151712 151891 125732 147334 154902 131185 155771  for test set: 4 8 15 
added new src cut with arcs: 130099 130239 130433 133954 134096 134272 134466 125930 139311 139495 125589 131710 143241 131512 137881 144295 147114 131331 148083 152057 152239 152422 152601 125732 147334 155074 131185 155935  for test set: 4 8 20 
num src cuts added: 5
fixing. lower bound used: 739.995
num vars: 128362
DUALS: -0,46.6098,75.9268,81.5366,85.2683,49.7317,44.8049,51.7317,79.2683,84.9268,12.6098,59.2683,58.9024,49.0732,22.8049,82.561,34.8049,32.0976,46.0732,60.6585,74.2683,26,76.7317,72.122,63.8537,27.7073,85.8049,40.3902,7.90244,106.878,46.6098,43.7317,14,
fixed path dual: 4
cap dual [7]: -2.58537
cap dual [9]: -1.65854
cap dual [24]: -7
cap dual [26]: -3.5122
cap dual [44]: -0.658537
cap dual [46]: -1.53659
cap dual [47]: -0.414634
cap dual [51]: -6.07317
cap dual [52]: -14.1463
cap dual [56]: -1.70732
cap dual [63]: -3
cap dual [64]: -2.09756
cap dual [65]: -3.4878
cap dual [67]: -3.19512
cap dual [68]: -3.58537
cap dual [74]: -4
cap dual [76]: -13.0488
cap dual [77]: -5.68293
cap dual [79]: -1.80488
lp dual value: 740
STATS - lpIterations[17] lagIterations[27] sspIterations[162] numSeparations[148] numCuts[174] compileTime[2] sspSolveTime[28] lpSolveTime[1098] lb[740] ub[742] numArcs: [155340] numFixed: [27210] time: [1625]
no rcc cuts found
added new src cut with arcs: 126097 126238 126433 131185 131331 131512 131710 125930 137881 138069 125589 142524 143550 146409 147334 149199 149386 149574 149758 125732 154385 155278 156167  for test set: 2 4 8 
added new src cut with arcs: 127099 127239 127433 131887 132030 132207 132402 125930 138242 138427 125589 131710 142704 131512 137881 143737 146586 131331 147522 149924 150107 150291 150471 125732 147334 154558 131185 155443 156340  for test set: 3 4 8 
added new src cut with arcs: 129099 129239 129433 132578 132720 132896 133090 125930 138599 138783 125589 131710 142883 131512 137881 143923 146762 131331 147709 150637 150819 151002 151181 125732 147334 154730 131185 155607 156512  for test set: 4 8 9 
added new src cut with arcs: 129599 129739 129933 133266 133408 133584 133778 125930 138955 139139 125589 131710 143062 131512 137881 144109 146938 131331 147896 151347 151529 151712 151891 125732 147334 154902 131185 155771 156684  for test set: 4 8 15 
added new src cut with arcs: 130099 130239 130433 133954 134096 134272 134466 125930 139311 139495 125589 131710 143241 131512 137881 144295 147114 131331 148083 152057 152239 152422 152601 125732 147334 155074 131185 155935 156856  for test set: 4 8 20 
added new src cut with arcs: 135058 135213 135407 125930 139667 139852 140036 131710 137881 144481 144623 131331 134761 148270 152783 125732 147334 157028 157186  for test set: 5 8 22 
added new src cut with arcs: 135549 135703 135897 125930 140208 140390 140574 131710 137881 139852 144809 144948 131331 134761 148457 152965 125732 144623 147334 157358 157513  for test set: 5 8 23 
added new src cut with arcs: 136039 136193 136387 125930 140746 140927 141111 131710 137881 139852 145134 145272 131331 134761 148644 153147 125732 144623 147334 157685 157839  for test set: 5 8 24 
added new src cut with arcs: 136529 136683 136877 125930 141283 141464 141648 131710 137881 139852 145458 145596 131331 134761 148831 153329 125732 144623 147334 158011 158165  for test set: 5 8 26 
added new src cut with arcs: 137019 137173 137367 125930 141820 142001 142185 131710 137881 139852 145782 145920 131331 134761 149018 153511 125732 144623 147334 158337 158491  for test set: 5 8 31 
num src cuts added: 10
fixing. lower bound used: 739.998
num vars: 128660
DUALS: -0,47.48,74.4686,80.3543,85.1143,49.8229,45.08,51.9943,79.1143,83.7257,13.48,60.2,56,49.2,23.68,81.4571,32.64,33.16,46.28,61.2,73.0686,26,76.3714,72.1486,63.2229,25.48,85.5943,38,6.84,106.04,47.4,43.68,14,
fixed path dual: 4
cap dual [9]: -1.71429
cap dual [24]: -7
cap dual [25]: -0.64
cap dual [26]: -6.36
cap dual [46]: -1.48
cap dual [47]: -1.96
cap dual [51]: -5.84
cap dual [52]: -14.2114
cap dual [63]: -3.64
cap dual [64]: -2.88
cap dual [67]: -2.52
cap dual [68]: -5.61714
cap dual [74]: -4.00571
cap dual [76]: -10.4229
cap dual [77]: -6.90286
cap dual [80]: -1.51429
src dual [92]: -0.257143
lp dual value: 740.086
STATS - lpIterations[18] lagIterations[27] sspIterations[162] numSeparations[149] numCuts[184] compileTime[2] sspSolveTime[28] lpSolveTime[1184] lb[740.086] ub[742] numArcs: [157864] numFixed: [29436] time: [1774]
no rcc cuts found
added new src cut with arcs: 135058 135213 135407 125930 139667 139852 140036 131710 137881 144481 144623 131331 134761 148270 152783 125732 147334 157028 157186 158661  for test set: 5 8 22 
added new src cut with arcs: 135549 135703 135897 125930 140208 140390 140574 131710 137881 139852 144809 144948 131331 134761 148457 152965 125732 144623 147334 157358 157513 158800  for test set: 5 8 23 
added new src cut with arcs: 136039 136193 136387 125930 140746 140927 141111 131710 137881 139852 145134 145272 131331 134761 148644 153147 125732 144623 147334 157685 157839 158938  for test set: 5 8 24 
added new src cut with arcs: 136529 136683 136877 125930 141283 141464 141648 131710 137881 139852 145458 145596 131331 134761 148831 153329 125732 144623 147334 158011 158165 159076  for test set: 5 8 26 
added new src cut with arcs: 137019 137173 137367 125930 141820 142001 142185 131710 137881 139852 145782 145920 131331 134761 149018 153511 125732 144623 147334 158337 158491 159214  for test set: 5 8 31 
num src cuts added: 5
fixing. lower bound used: 739.632
num vars: 128802
DUALS: -0,46.25,76.25,81.75,85.5,49.75,44.75,51.75,79.5,85.5,14,59.25,59,49,22.5,83.75,35.375,32,46,60.75,74.5,29,77,72.375,64,27,85.75,40.375,8,107,48,43.25,14,
fixed path dual: 4
cap dual [7]: -3
cap dual [9]: -1.75
cap dual [24]: -7
cap dual [44]: -1
cap dual [46]: -1.5
cap dual [47]: -2
cap dual [51]: -6.25
cap dual [52]: -11.125
cap dual [56]: -5
cap dual [58]: -0.375
cap dual [63]: -4.25
cap dual [65]: -4
cap dual [67]: -3
cap dual [68]: -2.5
cap dual [73]: -2
cap dual [74]: -4
cap dual [76]: -14.25
cap dual [77]: -5.25
cap dual [79]: -1.75
src dual [102]: -8.52651e-14
lp dual value: 740
WARNING possible - lower bound not monotonically increasing, but this can happen!
STATS - lpIterations[19] lagIterations[27] sspIterations[162] numSeparations[154] numCuts[189] compileTime[2] sspSolveTime[28] lpSolveTime[1282] lb[740] ub[742] numArcs: [158757] numFixed: [30187] time: [1943]
no rcc cuts found
num src cuts added: 0
fixing. lower bound used: 739.998
num vars: 128879
DUALS: -0,46.4151,76.5094,82.1132,85.8113,49.6981,44.9057,51.6981,79.8113,85.8113,12.4151,59.3019,58,49.2075,22.5094,83.9057,37.1887,32.7358,46.2075,60.4906,74.8113,27.0377,77.2075,72.8868,64.7925,26.7358,85.9057,39.9245,7.26415,107.302,49.2264,45.3396,14,
fixed path dual: 4
cap dual [9]: -1.49057
cap dual [23]: -0.886792
cap dual [24]: -7
cap dual [25]: -2.98113
cap dual [26]: -5.50943
cap dual [38]: -0.867925
cap dual [46]: -1.60377
cap dual [47]: -0.962264
cap dual [51]: -6.39623
cap dual [52]: -15.7925
cap dual [56]: -1.01887
cap dual [65]: -4.49057
cap dual [67]: -1.58491
cap dual [68]: -6.49057
cap dual [73]: -2.73585
cap dual [74]: -4
cap dual [76]: -9.4717
cap dual [77]: -5.30189
cap dual [80]: -1.90566
src dual [102]: -1.13687e-13
lp dual value: 740
STATS - lpIterations[20] lagIterations[27] sspIterations[162] numSeparations[156] numCuts[189] compileTime[2] sspSolveTime[28] lpSolveTime[1372] lb[740] ub[742] numArcs: [158834] numFixed: [30187] time: [2098]
no rcc cuts found
added new src cut with arcs: 126097 126238 126433 131185 131331 131512 131710 125930 137881 138069 125589 142524 143550 146409 147334 149199 149386 149574 149758 125732 154385 155278 156167 159672 159863  for test set: 2 4 8 
added new src cut with arcs: 127099 127239 127433 131887 132030 132207 132402 125930 138242 138427 125589 131710 142704 131512 137881 143737 146586 131331 147522 149924 150107 150291 150471 125732 147334 154558 131185 155443 156340 160040 160228  for test set: 3 4 8 
added new src cut with arcs: 129099 129239 129433 132578 132720 132896 133090 125930 138599 138783 125589 131710 142883 131512 137881 143923 146762 131331 147709 150637 150819 151002 151181 125732 147334 154730 131185 155607 156512 160404 160591  for test set: 4 8 9 
added new src cut with arcs: 129599 129739 129933 133266 133408 133584 133778 125930 138955 139139 125589 131710 143062 131512 137881 144109 146938 131331 147896 151347 151529 151712 151891 125732 147334 154902 131185 155771 156684 160767 160954  for test set: 4 8 15 
added new src cut with arcs: 130099 130239 130433 133954 134096 134272 134466 125930 139311 139495 125589 131710 143241 131512 137881 144295 147114 131331 148083 152057 152239 152422 152601 125732 147334 155074 131185 155935 156856 161130 161317  for test set: 4 8 20 
added new src cut with arcs: 135058 135213 135407 125930 139667 139852 140036 131710 137881 144481 144623 131331 134761 148270 152783 125732 147334 157028 157186 158661 161504  for test set: 5 8 22 
added new src cut with arcs: 135549 135703 135897 125930 140208 140390 140574 131710 137881 139852 144809 144948 131331 134761 148457 152965 125732 144623 147334 157358 157513 158800 161691  for test set: 5 8 23 
added new src cut with arcs: 136039 136193 136387 125930 140746 140927 141111 131710 137881 139852 145134 145272 131331 134761 148644 153147 125732 144623 147334 157685 157839 158938 161878  for test set: 5 8 24 
added new src cut with arcs: 136529 136683 136877 125930 141283 141464 141648 131710 137881 139852 145458 145596 131331 134761 148831 153329 125732 144623 147334 158011 158165 159076 162065  for test set: 5 8 26 
added new src cut with arcs: 137019 137173 137367 125930 141820 142001 142185 131710 137881 139852 145782 145920 131331 134761 149018 153511 125732 144623 147334 158337 158491 159214 162252  for test set: 5 8 31 
num src cuts added: 10
fixing. lower bound used: 739.996
num vars: 129049
DUALS: -0,47.7043,75.8435,81.8783,86.3826,49.9913,45.3043,52.2,80.2,85.1565,15,58.7043,59,49.2,23.9043,81.7739,40.2058,32.6696,46.5043,61.2,74.5739,30,77.2,73.6464,64.6058,25.4754,85.9826,44.2899,7.33043,107.4,47.3304,45.0058,14,
fixed path dual: 4
cap dual [24]: -7
cap dual [25]: -6
cap dual [29]: -1.69565
cap dual [32]: -0.910145
cap dual [46]: -1.70435
cap dual [47]: -3.56522
cap dual [51]: -5.70435
cap dual [52]: -8.33043
cap dual [58]: -6.28986
cap dual [63]: -7.46957
cap dual [64]: -1.76522
cap dual [67]: -2.43478
cap dual [68]: -7.27536
cap dual [70]: -1.23478
cap dual [73]: -0.4
cap dual [74]: -3.98261
cap dual [76]: -9.25507
cap dual [77]: -6.66957
cap dual [80]: -1.49565
src dual [107]: -0.313043
lp dual value: 740.104
STATS - lpIterations[21] lagIterations[27] sspIterations[162] numSeparations[157] numCuts[199] compileTime[2] sspSolveTime[28] lpSolveTime[1464] lb[740.104] ub[742] numArcs: [161591] numFixed: [32774] time: [2264]
no rcc cuts found
added new src cut with arcs: 126097 126238 126433 131185 131331 131512 131710 125930 137881 138069 125589 142524 143550 146409 147334 149199 149386 149574 149758 125732 154385 155278 156167 159672 159863 162427 162627  for test set: 2 4 8 
added new src cut with arcs: 127099 127239 127433 131887 132030 132207 132402 125930 138242 138427 125589 131710 142704 131512 137881 143737 146586 131331 147522 149924 150107 150291 150471 125732 147334 154558 131185 155443 156340 160040 160228 162798 162994 138069 143550 159672  for test set: 3 4 8 
added new src cut with arcs: 129099 129239 129433 132578 132720 132896 133090 125930 138599 138783 125589 131710 142883 131512 137881 143923 146762 131331 147709 150637 150819 151002 151181 125732 147334 154730 131185 155607 156512 160404 160591 163164 163359 138069 143550 159672  for test set: 4 8 9 
added new src cut with arcs: 129599 129739 129933 133266 133408 133584 133778 125930 138955 139139 125589 131710 143062 131512 137881 144109 146938 131331 147896 151347 151529 151712 151891 125732 147334 154902 131185 155771 156684 160767 160954 163529 163724 138069 143550 159672  for test set: 4 8 15 
added new src cut with arcs: 130099 130239 130433 133954 134096 134272 134466 125930 139311 139495 125589 131710 143241 131512 137881 144295 147114 131331 148083 152057 152239 152422 152601 125732 147334 155074 131185 155935 156856 161130 161317 163894 164089 138069 143550 159672  for test set: 4 8 20 
added new src cut with arcs: 135058 135213 135407 125930 139667 139852 140036 131710 137881 144481 144623 131331 134761 148270 152783 125732 147334 157028 157186 158661 161504 138069 143550  for test set: 5 8 22 
added new src cut with arcs: 135549 135703 135897 125930 140208 140390 140574 131710 137881 139852 144809 144948 131331 134761 148457 152965 125732 144623 147334 157358 157513 158800 161691 138069 143550  for test set: 5 8 23 
added new src cut with arcs: 136039 136193 136387 125930 140746 140927 141111 131710 137881 139852 145134 145272 131331 134761 148644 153147 125732 144623 147334 157685 157839 158938 161878 138069 143550  for test set: 5 8 24 
added new src cut with arcs: 136529 136683 136877 125930 141283 141464 141648 131710 137881 139852 145458 145596 131331 134761 148831 153329 125732 144623 147334 158011 158165 159076 162065 138069 143550  for test set: 5 8 26 
added new src cut with arcs: 137019 137173 137367 125930 141820 142001 142185 131710 137881 139852 145782 145920 131331 134761 149018 153511 125732 144623 147334 158337 158491 159214 162252 138069 143550  for test set: 5 8 31 
num src cuts added: 10
fixing. lower bound used: 739.757
num vars: 129264
DUALS: -0,47.1471,75.8039,81.3529,85.1569,50,45.2353,51.9608,79.1569,85.1961,14.4118,58.7059,57.1225,49.2941,23.2059,81.3922,32.9167,32.2059,46.4118,60.9412,74.0196,26.6716,76.6471,72.701,64.6176,25.7941,85.8431,38.0294,7.79412,106.564,47.0098,44.4951,14,
fixed path dual: 4
cap dual [7]: -0.215686
cap dual [23]: -0.441176
cap dual [24]: -7
cap dual [26]: -5.90686
cap dual [29]: -1.54902
cap dual [46]: -1.58824
cap dual [47]: -1.41176
cap dual [51]: -4.79902
cap dual [52]: -13.6078
cap dual [53]: -1.76471
cap dual [63]: -2.0049
cap dual [64]: -1.79412
cap dual [65]: -0.823529
cap dual [67]: -4
cap dual [68]: -8.12255
cap dual [74]: -3.92157
cap dual [76]: -8.84804
cap dual [77]: -5.90196
cap dual [80]: -1.72549
lp dual value: 740.039
WARNING possible - lower bound not monotonically increasing, but this can happen!
STATS - lpIterations[22] lagIterations[27] sspIterations[162] numSeparations[162] numCuts[209] compileTime[2] sspSolveTime[28] lpSolveTime[1562] lb[740.039] ub[742] numArcs: [163582] numFixed: [34548] time: [2444]
no rcc cuts found
added new src cut with arcs: 126097 126238 126433 131185 131331 131512 131710 125930 137881 138069 125589 142524 143550 146409 147334 149199 149386 149574 149758 125732 154385 155278 156167 159672 159863 162427 162627 164426 164624 164822  for test set: 2 4 8 
added new src cut with arcs: 127099 127239 127433 131887 132030 132207 132402 125930 138242 138427 125589 131710 142704 131512 137881 143737 146586 131331 147522 149924 150107 150291 150471 125732 147334 154558 131185 155443 156340 160040 160228 162798 162994 138069 143550 159672 164999 165194 165389  for test set: 3 4 8 
added new src cut with arcs: 129099 129239 129433 132578 132720 132896 133090 125930 138599 138783 125589 131710 142883 131512 137881 143923 146762 131331 147709 150637 150819 151002 151181 125732 147334 154730 131185 155607 156512 160404 160591 163164 163359 138069 143550 159672 165565 165759 165953  for test set: 4 8 9 
added new src cut with arcs: 129599 129739 129933 133266 133408 133584 133778 125930 138955 139139 125589 131710 143062 131512 137881 144109 146938 131331 147896 151347 151529 151712 151891 125732 147334 154902 131185 155771 156684 160767 160954 163529 163724 138069 143550 159672 166129 166323 166517  for test set: 4 8 15 
added new src cut with arcs: 130099 130239 130433 133954 134096 134272 134466 125930 139311 139495 125589 131710 143241 131512 137881 144295 147114 131331 148083 152057 152239 152422 152601 125732 147334 155074 131185 155935 156856 161130 161317 163894 164089 138069 143550 159672 166693 166887 167081  for test set: 4 8 20 
added new src cut with arcs: 135058 135213 135407 125930 139667 139852 140036 131710 137881 144481 144623 131331 134761 148270 152783 125732 147334 157028 157186 158661 161504 138069 143550 167275 167469  for test set: 5 8 22 
added new src cut with arcs: 135549 135703 135897 125930 140208 140390 140574 131710 137881 139852 144809 144948 131331 134761 148457 152965 125732 144623 147334 157358 157513 158800 161691 138069 143550 167663 167857  for test set: 5 8 23 
added new src cut with arcs: 136039 136193 136387 125930 140746 140927 141111 131710 137881 139852 145134 145272 131331 134761 148644 153147 125732 144623 147334 157685 157839 158938 161878 138069 143550 168051 168245  for test set: 5 8 24 
added new src cut with arcs: 136529 136683 136877 125930 141283 141464 141648 131710 137881 139852 145458 145596 131331 134761 148831 153329 125732 144623 147334 158011 158165 159076 162065 138069 143550 168439 168633  for test set: 5 8 26 
added new src cut with arcs: 137019 137173 137367 125930 141820 142001 142185 131710 137881 139852 145782 145920 131331 134761 149018 153511 125732 144623 147334 158337 158491 159214 162252 138069 143550 168827 169021  for test set: 5 8 31 
num src cuts added: 10
fixing. lower bound used: 740.036
num vars: 129627
DUALS: -0,46.3636,76.026,81.9221,85.961,49.4545,44.7143,51.6753,79.961,85.3766,12.6753,57.4935,59,48.4286,23.0779,82.1688,35.0519,32.1429,45.8571,60.5714,74.3506,23.8571,77.026,73.3636,64.8831,25.9221,86.1429,40.4026,7.85714,106.429,46.3247,44.8312,14,
fixed path dual: 4
cap dual [2]: -4.50649
cap dual [7]: -1.02597
cap dual [15]: -2.04281e-14
cap dual [23]: -0.779221
cap dual [24]: -7
cap dual [25]: -0.428571
cap dual [26]: -4.93506
cap dual [29]: -1.81818
cap dual [46]: -1.85714
cap dual [47]: -2
cap dual [51]: -5.06494
cap dual [52]: -14.8312
cap dual [58]: -1.48052
cap dual [65]: -3.85714
cap dual [67]: -1.67532
cap dual [68]: -1.4026
cap dual [70]: -0.896104
cap dual [73]: -2.14286
cap dual [74]: -3.8961
cap dual [76]: -14.7403
cap dual [77]: -1.75325
cap dual [79]: -1.67532
src dual [127]: -0.181818
lp dual value: 740.143
STATS - lpIterations[23] lagIterations[27] sspIterations[162] numSeparations[167] numCuts[219] compileTime[2] sspSolveTime[28] lpSolveTime[1659] lb[740.143] ub[742] numArcs: [168544] numFixed: [39147] time: [2627]
no rcc cuts found
added new src cut with arcs: 126097 126238 126433 131185 131331 131512 131710 125930 137881 138069 125589 142524 143550 146409 147334 149199 149386 149574 149758 125732 154385 155278 156167 159672 159863 162427 162627 164426 164624 164822 169404  for test set: 2 4 8 
added new src cut with arcs: 127099 127239 127433 131887 132030 132207 132402 125930 138242 138427 125589 131710 142704 131512 137881 143737 146586 131331 147522 149924 150107 150291 150471 125732 147334 154558 131185 155443 156340 160040 160228 162798 162994 138069 143550 159672 164999 165194 165389 169592  for test set: 3 4 8 
added new src cut with arcs: 129099 129239 129433 132578 132720 132896 133090 125930 138599 138783 125589 131710 142883 131512 137881 143923 146762 131331 147709 150637 150819 151002 151181 125732 147334 154730 131185 155607 156512 160404 160591 163164 163359 138069 143550 159672 165565 165759 165953 169779  for test set: 4 8 9 
added new src cut with arcs: 129599 129739 129933 133266 133408 133584 133778 125930 138955 139139 125589 131710 143062 131512 137881 144109 146938 131331 147896 151347 151529 151712 151891 125732 147334 154902 131185 155771 156684 160767 160954 163529 163724 138069 143550 159672 166129 166323 166517 169966  for test set: 4 8 15 
added new src cut with arcs: 130099 130239 130433 133954 134096 134272 134466 125930 139311 139495 125589 131710 143241 131512 137881 144295 147114 131331 148083 152057 152239 152422 152601 125732 147334 155074 131185 155935 156856 161130 161317 163894 164089 138069 143550 159672 166693 166887 167081 170153  for test set: 4 8 20 
added new src cut with arcs: 135058 135213 135407 125930 139667 139852 140036 131710 137881 144481 144623 131331 134761 148270 152783 125732 147334 157028 157186 158661 161504 138069 143550 167275 167469 170340  for test set: 5 8 22 
added new src cut with arcs: 135549 135703 135897 125930 140208 140390 140574 131710 137881 139852 144809 144948 131331 134761 148457 152965 125732 144623 147334 157358 157513 158800 161691 138069 143550 167663 167857 170527  for test set: 5 8 23 
added new src cut with arcs: 136039 136193 136387 125930 140746 140927 141111 131710 137881 139852 145134 145272 131331 134761 148644 153147 125732 144623 147334 157685 157839 158938 161878 138069 143550 168051 168245 170714  for test set: 5 8 24 
added new src cut with arcs: 136529 136683 136877 125930 141283 141464 141648 131710 137881 139852 145458 145596 131331 134761 148831 153329 125732 144623 147334 158011 158165 159076 162065 138069 143550 168439 168633 170901  for test set: 5 8 26 
added new src cut with arcs: 137019 137173 137367 125930 141820 142001 142185 131710 137881 139852 145782 145920 131331 134761 149018 153511 125732 144623 147334 158337 158491 159214 162252 138069 143550 168827 169021 171088  for test set: 5 8 31 
num src cuts added: 10
fixing. lower bound used: 739.963
num vars: 129879
DUALS: -0,46.6979,74.6563,80.4167,85.1458,48.8125,43.6563,51.0521,79.1458,83.6563,13.6042,59.4792,57.75,47.7917,23.6042,80.8333,34.4583,32.1979,45.1354,59.9583,72.9063,28.3021,76.1458,72.3854,63.4688,27.0625,85.6146,39.5521,7.80208,103.375,47.6563,44.7396,14,
fixed path dual: 4
cap dual [9]: -1.91667
cap dual [24]: -7
cap dual [25]: -1.71875
cap dual [26]: -3.32292
cap dual [32]: -2.08333
cap dual [46]: -1.60417
cap dual [47]: -0.604167
cap dual [51]: -4.48958
cap dual [52]: -12.5312
cap dual [53]: -0.416667
cap dual [56]: -0.177083
cap dual [63]: -3.61458
cap dual [64]: -2.97917
cap dual [65]: -2.15625
cap dual [67]: -4
cap dual [68]: -6.05208
cap dual [74]: -3.90625
cap dual [76]: -9.0625
cap dual [77]: -6.97917
cap dual [80]: -1.75
src dual [137]: -0.489583
lp dual value: 740.25
STATS - lpIterations[24] lagIterations[27] sspIterations[162] numSeparations[170] numCuts[229] compileTime[2] sspSolveTime[28] lpSolveTime[1765] lb[740.25] ub[742] numArcs: [170559] numFixed: [40910] time: [2830]
no rcc cuts found
added new src cut with arcs: 126097 126238 126433 131185 131331 131512 131710 125930 137881 138069 125589 142524 143550 146409 147334 149199 149386 149574 149758 125732 154385 155278 156167 159672 159863 162427 162627 164426 164624 164822 169404 171412  for test set: 2 4 8 
added new src cut with arcs: 171590 171727 171865 164822  for test set: 2 6 7 
added new src cut with arcs: 127099 127239 127433 131887 132030 132207 132402 125930 138242 138427 125589 131710 142704 131512 137881 143737 146586 131331 147522 149924 150107 150291 150471 125732 147334 154558 131185 155443 156340 160040 160228 162798 162994 138069 143550 159672 164999 165194 165389 169592 172042 164822  for test set: 3 4 8 
added new src cut with arcs: 172219 172344 172468 164822  for test set: 3 6 7 
added new src cut with arcs: 129099 129239 129433 132578 132720 132896 133090 125930 138599 138783 125589 131710 142883 131512 137881 143923 146762 131331 147709 150637 150819 151002 151181 125732 147334 154730 131185 155607 156512 160404 160591 163164 163359 138069 143550 159672 165565 165759 165953 169779 172645 164822  for test set: 4 8 9 
added new src cut with arcs: 129599 129739 129933 133266 133408 133584 133778 125930 138955 139139 125589 131710 143062 131512 137881 144109 146938 131331 147896 151347 151529 151712 151891 125732 147334 154902 131185 155771 156684 160767 160954 163529 163724 138069 143550 159672 166129 166323 166517 169966 172822 164822  for test set: 4 8 15 
added new src cut with arcs: 130099 130239 130433 133954 134096 134272 134466 125930 139311 139495 125589 131710 143241 131512 137881 144295 147114 131331 148083 152057 152239 152422 152601 125732 147334 155074 131185 155935 156856 161130 161317 163894 164089 138069 143550 159672 166693 166887 167081 170153 172999 164822  for test set: 4 8 20 
added new src cut with arcs: 135058 135213 135407 125930 139667 139852 140036 131710 137881 144481 144623 131331 134761 148270 152783 125732 147334 157028 157186 158661 161504 138069 143550 167275 167469 170340 164822  for test set: 5 8 22 
added new src cut with arcs: 135549 135703 135897 125930 140208 140390 140574 131710 137881 139852 144809 144948 131331 134761 148457 152965 125732 144623 147334 157358 157513 158800 161691 138069 143550 167663 167857 170527 164822  for test set: 5 8 23 
added new src cut with arcs: 136039 136193 136387 125930 140746 140927 141111 131710 137881 139852 145134 145272 131331 134761 148644 153147 125732 144623 147334 157685 157839 158938 161878 138069 143550 168051 168245 170714 164822  for test set: 5 8 24 
added new src cut with arcs: 136529 136683 136877 125930 141283 141464 141648 131710 137881 139852 145458 145596 131331 134761 148831 153329 125732 144623 147334 158011 158165 159076 162065 138069 143550 168439 168633 170901 164822  for test set: 5 8 26 
added new src cut with arcs: 137019 137173 137367 125930 141820 142001 142185 131710 137881 139852 145782 145920 131331 134761 149018 153511 125732 144623 147334 158337 158491 159214 162252 138069 143550 168827 169021 171088 164822  for test set: 5 8 31 
added new src cut with arcs: 173176 173300 173424 164822  for test set: 6 7 8 
added new src cut with arcs: 173601 173725 173849 164822  for test set: 6 7 9 
added new src cut with arcs: 174026 174150 174274 164822  for test set: 6 7 15 
added new src cut with arcs: 174451 174575 174699 164822  for test set: 6 7 20 
num src cuts added: 16
routes: 
flow {0.25}: 0 31 23 24 26 22 
flow {0.25}: 0 4 8 3 2 15 9 20 6 
flow {0.25}: 0 18 19 29 11 17 
flow {0.25}: 0 1 18 6 7 13 
flow {0.5}: 0 1 18 6 7 19 
flow {0.25}: 0 10 12 21 
flow {0.25}: 0 14 1 13 
flow {0.75}: 0 21 12 
flow {0.75}: 0 28 27 30 16 25 
flow {0.75}: 0 32 10 11 29 17 14 
flow {0.25}: 0 32 25 16 30 27 28 
flow {0.25}: 0 0 8 4 26 22 24 23 31 
flow {0.5}: 0 0 13 5 22 26 23 24 31 
flow {0.25}: 0 0 4 8 3 9 15 20 2 5 
flow {0.25}: 0 0 4 3 2 15 9 20 19 
flow {0.25}: 0 0 5 8 3 2 15 9 20 7 
no more separations possible
fixing. lower bound used: 739.772
num vars: 130110
DUALS: -0,46.625,75.0781,80.8281,85.5781,48.625,43.5,50.875,79.5781,84.0781,13.5,58.125,58.125,47.75,23.5,80.75,32.875,32,45,59.875,73.3281,22.75,76.5781,72.7187,63.2656,25.25,85.5,38.375,8,106.625,47.0625,43.6875,14,
fixed path dual: 4
cap dual [2]: -2.85938
cap dual [9]: -1.875
cap dual [24]: -7
cap dual [26]: -5.6875
cap dual [46]: -1.5
cap dual [47]: -3.75
cap dual [51]: -6.375
cap dual [52]: -15.7031
cap dual [63]: -3.4375
cap dual [64]: -2.375
cap dual [67]: -0.75
cap dual [73]: -0.5
cap dual [74]: -4
cap dual [76]: -15.25
cap dual [77]: -4.14062
cap dual [79]: -1.75
src dual [147]: -0.5
lp dual value: 740.25
STATS - lpIterations[25] lagIterations[27] sspIterations[162] numSeparations[170] numCuts[245] compileTime[2] sspSolveTime[28] lpSolveTime[1860] lb[740.25] ub[742] numArcs: [174023] numFixed: [44143] time: [3030]
no rcc cuts found
added new src cut with arcs: 126097 126238 126433 131185 131331 131512 131710 125930 137881 138069 125589 142524 143550 146409 147334 149199 149386 149574 149758 125732 154385 155278 156167 159672 159863 162427 162627 164426 164624 164822 169404 171412 174887  for test set: 2 4 8 
added new src cut with arcs: 127099 127239 127433 131887 132030 132207 132402 125930 138242 138427 125589 131710 142704 131512 137881 143737 146586 131331 147522 149924 150107 150291 150471 125732 147334 154558 131185 155443 156340 160040 160228 162798 162994 138069 143550 159672 164999 165194 165389 169592 172042 164822 175071 156167  for test set: 3 4 8 
added new src cut with arcs: 175213 143550 156167  for test set: 4 5 22 
added new src cut with arcs: 175352 143550 156167  for test set: 4 5 23 
added new src cut with arcs: 175490 143550 156167  for test set: 4 5 24 
added new src cut with arcs: 175628 143550 156167  for test set: 4 5 26 
added new src cut with arcs: 175766 143550 156167  for test set: 4 5 31 
added new src cut with arcs: 129099 129239 129433 132578 132720 132896 133090 125930 138599 138783 125589 131710 142883 131512 137881 143923 146762 131331 147709 150637 150819 151002 151181 125732 147334 154730 131185 155607 156512 160404 160591 163164 163359 138069 143550 159672 165565 165759 165953 169779 172645 164822 175949 156167  for test set: 4 8 9 
added new src cut with arcs: 129599 129739 129933 133266 133408 133584 133778 125930 138955 139139 125589 131710 143062 131512 137881 144109 146938 131331 147896 151347 151529 151712 151891 125732 147334 154902 131185 155771 156684 160767 160954 163529 163724 138069 143550 159672 166129 166323 166517 169966 172822 164822 176132 156167  for test set: 4 8 15 
added new src cut with arcs: 130099 130239 130433 133954 134096 134272 134466 125930 139311 139495 125589 131710 143241 131512 137881 144295 147114 131331 148083 152057 152239 152422 152601 125732 147334 155074 131185 155935 156856 161130 161317 163894 164089 138069 143550 159672 166693 166887 167081 170153 172999 164822 176315 156167  for test set: 4 8 20 
added new src cut with arcs: 135058 135213 135407 125930 139667 139852 140036 131710 137881 144481 144623 131331 134761 148270 152783 125732 147334 157028 157186 158661 161504 138069 143550 167275 167469 170340 164822 176453 156167  for test set: 5 8 22 
added new src cut with arcs: 135549 135703 135897 125930 140208 140390 140574 131710 137881 139852 144809 144948 131331 134761 148457 152965 125732 144623 147334 157358 157513 158800 161691 138069 143550 167663 167857 170527 164822 176591 156167  for test set: 5 8 23 
added new src cut with arcs: 136039 136193 136387 125930 140746 140927 141111 131710 137881 139852 145134 145272 131331 134761 148644 153147 125732 144623 147334 157685 157839 158938 161878 138069 143550 168051 168245 170714 164822 176729 156167  for test set: 5 8 24 
added new src cut with arcs: 136529 136683 136877 125930 141283 141464 141648 131710 137881 139852 145458 145596 131331 134761 148831 153329 125732 144623 147334 158011 158165 159076 162065 138069 143550 168439 168633 170901 164822 176867 156167  for test set: 5 8 26 
added new src cut with arcs: 137019 137173 137367 125930 141820 142001 142185 131710 137881 139852 145782 145920 131331 134761 149018 153511 125732 144623 147334 158337 158491 159214 162252 138069 143550 168827 169021 171088 164822 177005 156167  for test set: 5 8 31 
num src cuts added: 15
routes: 
flow {0.5}: 0 19 7 6 18 1 
flow {0.25}: 0 4 3 2 15 9 20 7 6 
flow {0.5}: 0 13 5 22 26 24 23 31 
flow {0.25}: 0 22 26 23 24 31 
flow {0.25}: 0 10 17 11 29 19 18 
flow {0.25}: 0 14 1 13 
flow {0.75}: 0 14 17 29 11 10 32 
flow {1}: 0 21 12 
flow {0.75}: 0 25 16 30 27 28 
flow {0.25}: 0 28 27 30 16 25 32 
flow {0.25}: 0 0 8 3 2 15 9 20 19 
flow {0.5}: 0 0 4 8 3 9 15 20 2 5 
flow {0.25}: 0 0 31 23 24 22 26 4 8 
flow {0.25}: 0 0 1 18 6 7 13 
no more separations possible
fixing. lower bound used: 739.72
num vars: 130319
DUALS: -0,45.8269,74.6538,80.4038,85.1538,48.7308,43.5,50.9808,79.1538,83.6538,11.8269,59.5,59,47.75,22.8077,80.75,32.5577,33.0192,45,59.9808,72.9038,26.1154,76.1538,72.7179,63.5641,25.8654,85.5,38.8654,6.98077,106.5,47.6923,43.8782,14,
fixed path dual: 4
cap dual [15]: -1.35447e-14
cap dual [23]: -0.692308
cap dual [24]: -7
cap dual [25]: -0.147436
cap dual [26]: -3.53846
cap dual [29]: -1.98077
cap dual [46]: -1.5
cap dual [47]: -0.846154
cap dual [51]: -7.73077
cap dual [52]: -11.9744
cap dual [56]: -3.19872
cap dual [63]: -5.36538
cap dual [64]: -3.38462
cap dual [65]: -1.09615
cap dual [67]: -1.98077
cap dual [68]: -4.91026
cap dual [73]: -0.615385
cap dual [74]: -4
cap dual [76]: -8.85897
cap dual [77]: -7
cap dual [78]: -0.461538
cap dual [79]: -1.75
src dual [163]: -0.5
lp dual value: 740.25
STATS - lpIterations[26] lagIterations[27] sspIterations[162] numSeparations[170] numCuts[260] compileTime[2] sspSolveTime[28] lpSolveTime[1967] lb[740.25] ub[742] numArcs: [176325] numFixed: [46236] time: [3248]
no rcc cuts found
added new src cut with arcs: 126097 126238 126433 131185 131331 131512 131710 125930 137881 138069 125589 142524 143550 146409 147334 149199 149386 149574 149758 125732 154385 155278 156167 159672 159863 162427 162627 164426 164624 164822 169404 171412 174887 177193  for test set: 2 4 8 
added new src cut with arcs: 127099 127239 127433 131887 132030 132207 132402 125930 138242 138427 125589 131710 142704 131512 137881 143737 146586 131331 147522 149924 150107 150291 150471 125732 147334 154558 131185 155443 156340 160040 160228 162798 162994 138069 143550 159672 164999 165194 165389 169592 172042 164822 175071 156167 177377 159863 164426  for test set: 3 4 8 
added new src cut with arcs: 175213 143550 156167 134761 137881 159863  for test set: 4 5 22 
added new src cut with arcs: 175352 143550 156167 134761 137881 159863  for test set: 4 5 23 
added new src cut with arcs: 175490 143550 156167 134761 137881 159863  for test set: 4 5 24 
added new src cut with arcs: 175628 143550 156167 134761 137881 159863  for test set: 4 5 26 
added new src cut with arcs: 175766 143550 156167 134761 137881 159863  for test set: 4 5 31 
added new src cut with arcs: 129099 129239 129433 132578 132720 132896 133090 125930 138599 138783 125589 131710 142883 131512 137881 143923 146762 131331 147709 150637 150819 151002 151181 125732 147334 154730 131185 155607 156512 160404 160591 163164 163359 138069 143550 159672 165565 165759 165953 169779 172645 164822 175949 156167 177560 159863 164426  for test set: 4 8 9 
added new src cut with arcs: 129599 129739 129933 133266 133408 133584 133778 125930 138955 139139 125589 131710 143062 131512 137881 144109 146938 131331 147896 151347 151529 151712 151891 125732 147334 154902 131185 155771 156684 160767 160954 163529 163724 138069 143550 159672 166129 166323 166517 169966 172822 164822 176132 156167 177743 159863 164426  for test set: 4 8 15 
added new src cut with arcs: 130099 130239 130433 133954 134096 134272 134466 125930 139311 139495 125589 131710 143241 131512 137881 144295 147114 131331 148083 152057 152239 152422 152601 125732 147334 155074 131185 155935 156856 161130 161317 163894 164089 138069 143550 159672 166693 166887 167081 170153 172999 164822 176315 156167 177926 159863 164426  for test set: 4 8 20 
added new src cut with arcs: 135058 135213 135407 125930 139667 139852 140036 131710 137881 144481 144623 131331 134761 148270 152783 125732 147334 157028 157186 158661 161504 138069 143550 167275 167469 170340 164822 176453 156167 159863  for test set: 5 8 22 
added new src cut with arcs: 135549 135703 135897 125930 140208 140390 140574 131710 137881 139852 144809 144948 131331 134761 148457 152965 125732 144623 147334 157358 157513 158800 161691 138069 143550 167663 167857 170527 164822 176591 156167 159863  for test set: 5 8 23 
added new src cut with arcs: 136039 136193 136387 125930 140746 140927 141111 131710 137881 139852 145134 145272 131331 134761 148644 153147 125732 144623 147334 157685 157839 158938 161878 138069 143550 168051 168245 170714 164822 176729 156167 159863  for test set: 5 8 24 
added new src cut with arcs: 136529 136683 136877 125930 141283 141464 141648 131710 137881 139852 145458 145596 131331 134761 148831 153329 125732 144623 147334 158011 158165 159076 162065 138069 143550 168439 168633 170901 164822 176867 156167 159863  for test set: 5 8 26 
added new src cut with arcs: 137019 137173 137367 125930 141820 142001 142185 131710 137881 139852 145782 145920 131331 134761 149018 153511 125732 144623 147334 158337 158491 159214 162252 138069 143550 168827 169021 171088 164822 177005 156167 159863  for test set: 5 8 31 
num src cuts added: 15
routes: 
flow {0.25}: 0 8 3 2 15 9 20 7 6 
flow {0.25}: 0 22 26 23 24 31 
flow {0.25}: 0 10 17 11 29 19 18 
flow {0.25}: 0 14 1 13 
flow {0.75}: 0 14 17 29 11 10 32 
flow {1}: 0 21 12 
flow {0.75}: 0 25 16 30 27 28 
flow {0.25}: 0 32 25 16 30 27 28 
flow {0.5}: 0 0 13 5 22 26 23 24 31 
flow {0.25}: 0 0 31 23 24 22 26 4 8 
flow {0.5}: 0 0 4 8 3 9 15 20 2 5 
flow {0.25}: 0 0 4 3 2 15 9 20 19 
flow {0.25}: 0 0 1 18 6 7 13 
flow {0.5}: 0 0 1 18 6 7 19 
no more separations possible
fixing. lower bound used: 739.796
num vars: 130354
DUALS: -0,45.875,74.75,80.5,85.25,48.625,43.5,50.875,79.25,83.75,14.375,58.625,58.625,47.75,22.75,80.75,32.6875,32.875,45,59.875,73,23.625,76.25,72.5,63.25,25.5,85.5,38.5,7.125,106.625,47.1875,43.75,14,
fixed path dual: 4
cap dual [7]: -0.125
cap dual [9]: -1.875
cap dual [23]: -0.75
cap dual [24]: -7
cap dual [26]: -5.5
cap dual [46]: -1.5
cap dual [47]: -5.375
cap dual [51]: -6.875
cap dual [52]: -14.5
cap dual [56]: -0.875
cap dual [68]: -3.125
cap dual [70]: -2
cap dual [73]: -3.75
cap dual [74]: -4
cap dual [76]: -11.25
cap dual [77]: -7
cap dual [79]: -1.75
src dual [178]: -0.5
src dual [188]: -7.10543e-15
lp dual value: 740.25
STATS - lpIterations[27] lagIterations[27] sspIterations[162] numSeparations[170] numCuts[275] compileTime[2] sspSolveTime[28] lpSolveTime[2067] lb[740.25] ub[742] numArcs: [177244] numFixed: [47120] time: [3470]
no rcc cuts found
added new src cut with arcs: 126097 126238 126433 131185 131331 131512 131710 125930 137881 138069 125589 142524 143550 146409 147334 149199 149386 149574 149758 125732 154385 155278 156167 159672 159863 162427 162627 164426 164624 164822 169404 171412 174887 177193 178127  for test set: 2 4 8 
added new src cut with arcs: 171590 171727 171865 164822 178324  for test set: 2 6 7 
added new src cut with arcs: 127099 127239 127433 131887 132030 132207 132402 125930 138242 138427 125589 131710 142704 131512 137881 143737 146586 131331 147522 149924 150107 150291 150471 125732 147334 154558 131185 155443 156340 160040 160228 162798 162994 138069 143550 159672 164999 165194 165389 169592 172042 164822 175071 156167 177377 159863 164426 178520  for test set: 3 4 8 
added new src cut with arcs: 172219 172344 172468 164822 178716 171727 171865  for test set: 3 6 7 
added new src cut with arcs: 129099 129239 129433 132578 132720 132896 133090 125930 138599 138783 125589 131710 142883 131512 137881 143923 146762 131331 147709 150637 150819 151002 151181 125732 147334 154730 131185 155607 156512 160404 160591 163164 163359 138069 143550 159672 165565 165759 165953 169779 172645 164822 175949 156167 177560 159863 164426 178912  for test set: 4 8 9 
added new src cut with arcs: 129599 129739 129933 133266 133408 133584 133778 125930 138955 139139 125589 131710 143062 131512 137881 144109 146938 131331 147896 151347 151529 151712 151891 125732 147334 154902 131185 155771 156684 160767 160954 163529 163724 138069 143550 159672 166129 166323 166517 169966 172822 164822 176132 156167 177743 159863 164426 179108  for test set: 4 8 15 
added new src cut with arcs: 130099 130239 130433 133954 134096 134272 134466 125930 139311 139495 125589 131710 143241 131512 137881 144295 147114 131331 148083 152057 152239 152422 152601 125732 147334 155074 131185 155935 156856 161130 161317 163894 164089 138069 143550 159672 166693 166887 167081 170153 172999 164822 176315 156167 177926 159863 164426 179304  for test set: 4 8 20 
added new src cut with arcs: 135058 135213 135407 125930 139667 139852 140036 131710 137881 144481 144623 131331 134761 148270 152783 125732 147334 157028 157186 158661 161504 138069 143550 167275 167469 170340 164822 176453 156167 159863 179462  for test set: 5 8 22 
added new src cut with arcs: 135549 135703 135897 125930 140208 140390 140574 131710 137881 139852 144809 144948 131331 134761 148457 152965 125732 144623 147334 157358 157513 158800 161691 138069 143550 167663 167857 170527 164822 176591 156167 159863 179617 157186  for test set: 5 8 23 
added new src cut with arcs: 136039 136193 136387 125930 140746 140927 141111 131710 137881 139852 145134 145272 131331 134761 148644 153147 125732 144623 147334 157685 157839 158938 161878 138069 143550 168051 168245 170714 164822 176729 156167 159863 179771 157186  for test set: 5 8 24 
added new src cut with arcs: 136529 136683 136877 125930 141283 141464 141648 131710 137881 139852 145458 145596 131331 134761 148831 153329 125732 144623 147334 158011 158165 159076 162065 138069 143550 168439 168633 170901 164822 176867 156167 159863 179925 157186  for test set: 5 8 26 
added new src cut with arcs: 137019 137173 137367 125930 141820 142001 142185 131710 137881 139852 145782 145920 131331 134761 149018 153511 125732 144623 147334 158337 158491 159214 162252 138069 143550 168827 169021 171088 164822 177005 156167 159863 180079 157186  for test set: 5 8 31 
added new src cut with arcs: 173176 173300 173424 164822 180275 171727 171865  for test set: 6 7 8 
added new src cut with arcs: 173601 173725 173849 164822 180471 171727 171865  for test set: 6 7 9 
added new src cut with arcs: 174026 174150 174274 164822 180667 171727 171865  for test set: 6 7 15 
added new src cut with arcs: 174451 174575 174699 164822 180863 171727 171865  for test set: 6 7 20 
num src cuts added: 16
routes: 
flow {0.25}: 0 18 19 29 11 17 
flow {0.25}: 0 6 20 9 15 2 3 8 4 
flow {0.25}: 0 13 5 22 26 23 24 31 
flow {0.25}: 0 22 26 23 24 31 
flow {0.25}: 0 10 12 21 
flow {0.25}: 0 14 1 13 
flow {0.75}: 0 28 27 30 16 25 
flow {0.75}: 0 32 10 11 29 17 14 
flow {0.25}: 0 32 25 16 30 27 28 
flow {0.75}: 0 0 12 21 
flow {0.25}: 0 0 4 3 2 15 9 20 19 
flow {0.25}: 0 0 31 23 24 22 26 4 8 
flow {0.25}: 0 0 13 5 22 26 23 24 31 
flow {0.25}: 0 0 4 8 3 9 15 20 2 5 
flow {0.25}: 0 0 5 8 3 2 15 9 20 7 
flow {0.25}: 0 0 1 18 6 7 13 
flow {0.5}: 0 0 1 18 6 7 19 
no more separations possible
fixing. lower bound used: 739.804
