fixed number of vehicles
capacity: 200
instance upper bound: 820
route length upper bound: 101
compiling DD
time step mult: 1
time step: 10
cap step: 1
done compiling DD
batch size for lag: 1
iteration delay to start separating: 0
optimality gap to start repairing: 100
percent fixed to change to CPLEX: 97.5
num arcs to change to CPLEX: 100000
num arcs to change to LAG: 999999999
num lag iters to cut: 0
num cuts lag: 10
cut phase: 1
deactivate cut value threshold: 0.1
deactivate cut iter threshold: 25
momentum beta: 0
stall alpha factor: 0
STATS - lpIterations[0] lagIterations[0] sspIterations[0] numSeparations[0] numCuts[0] compileTime[9] sspSolveTime[0] lpSolveTime[0] lb[0] ub[820] numArcs: [328503] numFixed: [0] time: [9]
STATS - lpIterations[1] lagIterations[0] sspIterations[0] numSeparations[0] numCuts[0] compileTime[9] sspSolveTime[0] lpSolveTime[0] lb[0] ub[820] numArcs: [328503] numFixed: [0] time: [9]
fixed path dual: 13.83
STATS - lpIterations[1] lagIterations[1] sspIterations[10] numSeparations[0] numCuts[0] compileTime[9] sspSolveTime[0] lpSolveTime[0] lb[688.2] ub[820] numArcs: [328422] numFixed: [0] time: [10]
lambda: 0,1.9,6.3,1.6,1.8,1.5,3.8,3.2,3.6,2,1.7,2,7.6,9.3,3.9,14.4,16,6.6,7,3.9,1,2,2.4,1.3,1.5,6,1.6,1.7,3.6,2,2.1,6.8,9.6,13.6,6.4,3.8,3.5,7.8,12.3,8,2.1,1.9,3.8,1.7,2.2,2.2,6.3,1.8,2.3,1.9,2.3,2.5,2.1,9,16,3.5,13.5,14,13.5,3.5,9,2.2,3.6,7,2.2,1.3,1.7,1.2,2.1,1.6,17.7,11.4,2.4,5.6,10,3.2,5.2,5.2,10,5.1,5.1,14.1,7,3.2,6.2,9,2.6,5,8.1,2.4,2.1,2.2,8.8,17.2,4.1,11.1,3.6,12,6.2,3.4,7.6,
mu: 
srcDuals: 
fixing. lower bound used: 686.362
percent fixed: 0
fixed path dual: 15.598
STATS - lpIterations[1] lagIterations[2] sspIterations[20] numSeparations[10] numCuts[0] compileTime[9] sspSolveTime[1] lpSolveTime[0] lb[709.163] ub[820] numArcs: [331203] numFixed: [0] time: [13]
lambda: 0,2.01319,6.41319,1.71319,1.91319,1.61319,3.91319,3.31319,3.71319,2.11319,1.81319,2.11319,7.71319,9.41319,4.01319,14.5132,16.1132,6.71319,7.11319,4.01319,1,1.54725,1.72088,1.41319,1.61319,5.43406,1.71319,1.36044,3.48681,2.11319,2.21319,6.91319,9.71319,13.7132,6.51319,3.91319,3.61319,7.91319,12.4132,8.11319,2.21319,2.01319,3.91319,1.81319,2.31319,2.31319,6.41319,1.91319,2.41319,2.01319,2.41319,2.61319,2.21319,9,15.2077,3.38681,13.0473,13.6604,13.2736,3.38681,9,2.31319,3.37363,6.43406,2.31319,0.847252,1.81319,0.973626,2.21319,1.71319,17.8132,11.5132,2.51319,5.71319,9.77363,3.31319,5.31319,5.31319,10.1132,5.21319,5.21319,14.2132,7.11319,3.31319,6.31319,9.11319,2.71319,5.11319,8.21319,2.51319,2.21319,2.31319,8.91319,17.3132,4.21319,11.2132,3.71319,12.1132,6.31319,3.51319,7.71319,
mu: 
srcDuals: 
fixing. lower bound used: 708.333
percent fixed: 0.0205136
updating best lambda
fixing. lower bound used: 708.333
fixed path dual: 16.2079
STATS - lpIterations[1] lagIterations[3] sspIterations[30] numSeparations[20] numCuts[0] compileTime[9] sspSolveTime[4] lpSolveTime[0] lb[718.981] ub[820] numArcs: [333486] numFixed: [73] time: [18]
lambda: 0,2.17487,6.57487,1.87487,2.07487,1.77487,4.07487,3.47487,3.87487,2.27487,1.97487,2.27487,7.87487,9.2515,4.17487,14.3515,16.1132,6.71319,7.27487,4.17487,0.838312,1.38556,1.55919,1.57487,1.77487,5.27238,1.71319,1.36044,3.48681,2.27487,2.37487,7.07487,9.22812,13.2281,6.67487,4.07487,3.77487,7.7515,12.2515,8.27487,2.37487,2.17487,3.26644,1.81319,2.47487,1.82812,5.28137,1.91319,2.57487,2.17487,2.57487,2.77487,2.37487,9.16169,15.3694,3.5485,13.2089,13.8221,13.4353,3.5485,9.16169,2.47487,3.05025,5.949,2.47487,0.362188,1.97487,0.65025,2.37487,1.87487,17.9749,11.6749,2.67487,5.87487,9.12687,3.47487,5.47487,5.47487,10.2749,5.37487,5.37487,14.3749,7.27487,3.47487,6.47487,9.27487,2.87487,5.27487,8.37487,2.67487,2.37487,2.47487,8.91319,17.3132,4.0515,11.0515,3.5515,12.2749,6.1515,3.67487,7.87487,
mu: 
srcDuals: 
fixing. lower bound used: 718.134
percent fixed: 0.379738
updating best lambda
fixing. lower bound used: 718.134
fixed path dual: 17.1355
STATS - lpIterations[1] lagIterations[4] sspIterations[40] numSeparations[30] numCuts[0] compileTime[9] sspSolveTime[7] lpSolveTime[0] lb[730.283] ub[820] numArcs: [336070] numFixed: [1281] time: [24]
lambda: 0,2.28746,6.68746,1.76229,2.18746,1.5497,3.96229,3.13711,2.97418,1.82453,2.08746,2.38746,7.98746,9.13891,4.28746,13.9012,15.888,6.71319,7.38746,4.28746,0.950899,1.49815,1.67178,1.68746,1.88746,5.38496,1.82577,1.47303,3.5994,2.38746,2.48746,7.18746,9.34071,13.3407,6.78746,4.18746,3.88746,7.86409,12.3641,8.38746,2.48746,2.28746,3.37902,1.92577,2.58746,1.94071,5.39396,2.02577,2.68746,2.28746,2.68746,2.88746,2.48746,9.0491,14.5813,3.43591,12.7586,13.597,13.0976,3.5485,9.16169,2.58746,3.16284,6.06159,2.58746,0.474775,2.08746,0.762837,2.48746,1.98746,18.0875,11.7875,2.78746,5.98746,9.23946,3.58746,5.58746,5.58746,10.3875,5.48746,5.48746,14.4875,7.38746,3.36229,6.13711,8.93711,2.98746,5.38746,8.03711,2.33711,2.26229,2.58746,9.02577,17.4258,4.16409,11.1641,3.66409,12.3875,6.26409,3.78746,7.98746,
mu: 
srcDuals: 
fixing. lower bound used: 728.692
percent fixed: 1.62891
updating best lambda
fixing. lower bound used: 728.692
fixed path dual: 17.6778
STATS - lpIterations[1] lagIterations[5] sspIterations[50] numSeparations[40] numCuts[0] compileTime[9] sspSolveTime[10] lpSolveTime[0] lb[739.427] ub[820] numArcs: [339122] numFixed: [5535] time: [30]
lambda: 0,2.44926,6.84926,1.92408,2.34926,1.7115,4.12408,3.29891,3.13597,1.98632,2.08746,2.54926,8.14926,8.97712,4.28746,13.7394,15.888,6.87498,7.54926,4.44926,0.789103,1.01276,0.862797,1.84926,1.88746,4.57598,1.50218,1.14943,3.27581,2.54926,2.64926,7.34926,8.85532,12.8553,6.94926,4.34926,4.04926,7.70229,12.2023,8.54926,2.64926,2.44926,3.54082,2.08757,2.74926,2.10251,5.55576,2.18757,2.84926,2.44926,2.84926,3.04926,2.64926,9.2109,14.7431,3.59771,12.9204,13.7587,13.2593,3.7103,9.32348,2.74926,3.16284,5.89979,2.74926,0.474775,2.24926,0.762837,2.64926,2.14926,18.2493,11.9493,2.94926,6.14926,9.23946,3.74926,5.74926,5.74926,10.5493,5.64926,5.64926,14.6493,7.54926,3.52408,6.29891,9.09891,3.14926,5.54926,8.19891,2.49891,2.42408,2.74926,8.70218,16.9404,3.84049,10.3551,3.50229,12.0639,5.94049,3.94926,8.14926,
mu: 
srcDuals: 
fixing. lower bound used: 738.256
percent fixed: 4.11796
updating best lambda
fixing. lower bound used: 738.256
fixed path dual: 18.0586
STATS - lpIterations[1] lagIterations[6] sspIterations[60] numSeparations[50] numCuts[0] compileTime[9] sspSolveTime[12] lpSolveTime[0] lb[743.967] ub[820] numArcs: [341920] numFixed: [14173] time: [35]
lambda: 0,1.71788,6.11788,1.8196,1.82684,1.60701,4.0196,3.19443,3.24046,2.09081,2.19195,2.65374,8.25374,9.0816,4.39195,13.8438,15.9925,6.97947,7.65374,4.55374,0.893586,1.11725,0.96728,1.95374,1.99195,4.68047,1.60667,1.25392,3.38029,2.65374,2.75374,7.45374,8.95981,12.9598,7.05374,4.45374,4.15374,7.80677,12.3068,8.65374,2.75374,2.55374,3.6453,2.19205,2.85374,2.20699,5.66024,2.29205,2.95374,2.55374,2.95374,3.15374,2.75374,9.31538,14.8475,3.70219,13.0249,13.8632,13.3638,3.81478,9.42797,2.85374,2.95387,5.69083,2.85374,0.370292,2.24926,0.553871,2.75374,2.14926,18.2493,11.8448,3.05374,6.14926,8.71705,3.33133,5.64477,5.85374,10.4448,5.75374,5.75374,14.5448,7.54926,3.31512,5.67201,8.57649,3.14926,5.54926,7.78098,2.39443,2.42408,2.64477,8.80667,17.0449,3.94498,10.4596,3.60677,12.1684,6.04498,4.05374,8.25374,
mu: 
srcDuals: 
fixing. lower bound used: 743.108
percent fixed: 6.05439
updating best lambda
fixing. lower bound used: 743.108
fixed path dual: 18.2428
STATS - lpIterations[1] lagIterations[7] sspIterations[70] numSeparations[59] numCuts[0] compileTime[9] sspSolveTime[16] lpSolveTime[0] lb[749.9] ub[820] numArcs: [344109] numFixed: [21019] time: [41]
lambda: 0,1.84188,6.24188,1.9436,1.95084,1.73102,4.1436,3.31843,3.36446,2.21481,2.06794,2.77774,8.37774,8.58559,4.14394,13.2238,15.7445,6.85546,7.77774,4.67774,1.01759,1.11725,1.09128,2.07774,2.11595,4.80447,1.73067,1.37792,3.50429,2.77774,2.87774,7.57774,9.08381,13.0838,7.17774,4.57774,4.27774,7.93078,12.4308,8.77774,2.87774,2.67774,3.7693,2.31606,2.97774,2.33099,5.78424,2.41606,3.07774,2.67774,3.07774,3.27774,2.87774,9.43938,13.7315,3.20618,12.4049,13.4912,12.8678,3.69078,9.42797,2.97774,3.07787,5.81483,2.97774,0.494295,2.37326,0.677874,2.62974,2.27326,18.2493,11.7208,3.17774,6.14926,8.84105,3.45533,5.52077,5.97774,10.3208,5.87774,5.87774,14.4208,7.67326,3.43912,5.79601,8.7005,3.27326,5.67326,7.90498,2.51843,2.54809,2.76878,8.93067,17.1689,4.06898,10.5836,3.73078,12.2924,6.16898,4.17774,8.37774,
mu: 
srcDuals: 
fixing. lower bound used: 748.903
percent fixed: 9.30237
updating best lambda
fixing. lower bound used: 748.903
fixed path dual: 18.7431
STATS - lpIterations[1] lagIterations[8] sspIterations[80] numSeparations[69] numCuts[0] compileTime[9] sspSolveTime[19] lpSolveTime[0] lb[755.302] ub[820] numArcs: [345929] numFixed: [32241] time: [48]
lambda: 0,1.94143,6.34143,1.84405,1.85129,1.53191,3.84495,3.01978,2.76715,2.01571,2.16749,2.8773,8.4773,8.68514,4.24349,13.3234,15.844,6.95501,7.8773,4.7773,1.11714,1.2168,1.19083,2.1773,2.11595,4.90402,1.83022,1.47747,3.60385,2.8773,2.9773,7.6773,8.88471,12.6856,7.17774,4.6773,4.27774,7.63212,12.0326,8.67819,2.9773,2.7773,3.47065,2.11695,2.67909,1.83324,4.68918,2.3165,3.07774,2.7773,3.1773,3.3773,2.9773,9.53893,13.8311,3.30573,12.5044,13.5908,12.9674,3.79033,9.52752,3.0773,3.07787,5.81483,3.0773,0.494295,2.47281,0.578322,2.72929,2.37281,18.3488,11.8203,3.2773,6.24881,8.7415,3.55488,5.62032,6.0773,10.4203,5.9773,5.9773,14.5203,7.77281,3.53867,5.89556,8.80005,3.37281,5.77281,8.00453,2.61798,2.64764,2.86833,8.93067,17.1689,3.96943,10.484,3.63122,12.3919,6.06943,4.2773,8.4773,
mu: 
srcDuals: 
fixing. lower bound used: 754.681
percent fixed: 13.5663
updating best lambda
fixing. lower bound used: 754.681
fixed path dual: 18.6681
STATS - lpIterations[1] lagIterations[9] sspIterations[90] numSeparations[77] numCuts[0] compileTime[9] sspSolveTime[23] lpSolveTime[0] lb[759.904] ub[820] numArcs: [347923] numFixed: [47360] time: [54]
lambda: 0,2.11984,6.51984,2.02246,2.0297,1.71032,4.02336,3.19818,2.94556,2.19411,2.3459,3.0557,8.29889,8.68514,4.24349,13.3234,15.6656,7.13342,8.0557,4.9557,1.11714,1.2168,1.36924,2.3557,2.29435,5.08243,2.00863,1.65588,3.78225,3.0557,3.1557,7.8557,9.06311,12.864,7.35615,4.8557,4.45615,7.81053,12.211,8.8566,3.1557,2.9557,3.64906,2.29536,2.8575,2.01164,4.86758,2.49491,3.25615,2.9557,3.3557,3.5557,3.1557,9.71734,14.0095,3.48414,12.6828,13.7692,13.1458,3.96874,9.70592,3.2557,2.72106,5.27961,3.2557,0.494295,2.47281,0.399916,2.9077,2.55122,18.3488,11.9987,3.4557,6.24881,8.56309,3.73329,5.62032,6.0773,10.2419,5.9773,6.1557,14.1635,7.95122,3.71708,6.07397,7.90802,2.48078,4.88078,7.1125,2.61798,2.29082,2.68992,8.93067,17.1689,3.96943,10.3056,3.80963,12.3919,5.89102,4.4557,8.6557,
mu: 
srcDuals: 
fixing. lower bound used: 759.382
percent fixed: 17.5918
updating best lambda
fixing. lower bound used: 759.382
fixed path dual: 18.5462
fixing. lower bound used: 759.3
percent fixed: 18.017
updating best lambda
fixing. lower bound used: 759.3
fixed path dual: 18.8477
STATS - lpIterations[1] lagIterations[11] sspIterations[110] numSeparations[95] numCuts[0] compileTime[9] sspSolveTime[30] lpSolveTime[0] lb[763.211] ub[820] numArcs: [353364] numFixed: [61918] time: [67]
lambda: 0,2.32445,6.72445,1.99623,2.00347,1.68409,3.76628,3.05653,3.15017,2.39873,2.46132,3.26032,8.5035,8.71137,4.35891,13.3496,15.7811,7.33804,8.26032,5.16032,1.00172,0.844293,0.881312,2.44489,2.1527,4.36365,1.63612,1.51422,3.40975,2.91404,3.36032,8.06032,8.80603,12.6069,7.09907,5.06032,4.19907,7.43802,11.8385,8.59952,3.36032,3.16032,3.67529,2.32159,2.88373,2.03788,5.0722,2.52114,2.74724,2.98193,2.84679,3.04679,3.18193,9.80653,14.0987,3.68875,12.772,13.7429,13.235,4.17335,9.91054,3.46032,2.92568,5.48422,3.46032,0.698909,2.67743,0.60453,3.11231,2.75583,18.4642,12.1142,3.66032,6.36423,8.76771,3.9379,5.64656,6.19272,10.2681,6.09272,6.36032,14.1897,8.15583,3.92169,6.27859,8.11263,2.68539,5.08539,7.31711,2.8226,2.49544,2.89454,8.77852,16.66,3.99566,9.9751,3.65748,11.7938,5.91726,4.39274,8.77113,
mu: 
srcDuals: 
fixing. lower bound used: 762.654
percent fixed: 20.592
updating best lambda
fixing. lower bound used: 762.654
fixed path dual: 18.8438
STATS - lpIterations[1] lagIterations[12] sspIterations[120] numSeparations[104] numCuts[0] compileTime[9] sspSolveTime[34] lpSolveTime[0] lb[765.718] ub[820] numArcs: [355461] numFixed: [73478] time: [74]
lambda: 0,2.11224,6.51224,1.78401,1.36682,1.47187,3.12963,3.26874,2.51353,2.18651,2.67354,3.0481,7.86686,8.49916,4.1467,13.1374,15.1444,7.55025,8.47253,5.37253,1.00172,1.05651,1.09353,2.65711,2.36491,4.57587,1.84834,1.72644,3.62196,3.12626,3.57253,8.27253,9.01825,12.8191,7.31129,5.27253,4.41129,7.65024,12.0507,8.81173,2.72367,2.52367,3.03864,2.10938,2.67151,2.25009,5.28441,2.73336,2.95945,3.19415,3.05901,3.25901,3.39415,10.0187,14.0987,3.90097,12.772,13.5307,13.235,4.38556,9.91054,3.67253,2.71346,5.27201,3.67253,0.911125,2.46521,0.816746,3.32453,2.54362,18.4642,12.1142,3.4481,6.36423,8.13106,3.72568,5.43434,6.19272,10.0559,6.09272,6.57253,13.9775,8.36805,4.13391,6.4908,8.32485,2.89761,5.29761,7.52933,3.03481,2.70765,3.10675,8.99073,16.8722,4.20788,10.1873,3.8697,12.006,6.12947,4.60496,8.98334,
mu: 
srcDuals: 
fixing. lower bound used: 765.011
percent fixed: 23.3483
updating best lambda
fixing. lower bound used: 765.011
fixed path dual: 18.6941
STATS - lpIterations[1] lagIterations[13] sspIterations[130] numSeparations[110] numCuts[0] compileTime[9] sspSolveTime[38] lpSolveTime[0] lb[768.55] ub[820] numArcs: [357615] numFixed: [83893] time: [81]
lambda: 0,2.26151,6.66151,1.93328,1.5161,1.62115,3.2789,3.41801,2.6628,2.33579,2.82281,3.19738,8.01613,8.64843,4.29597,13.2867,15.2937,7.69953,8.62181,5.52181,1.00172,1.05651,1.2428,2.80638,2.21564,4.72514,1.99761,1.87571,3.77124,2.97699,3.72181,8.27253,8.86897,12.6699,7.46056,5.42181,4.56056,7.79951,12.2,8.96101,2.87294,2.67294,3.18792,2.25865,2.82079,2.39937,5.43369,2.88263,3.10873,3.34342,3.20828,3.40828,3.54342,9.7202,13.5016,3.60242,12.3242,13.0829,12.7871,3.93774,9.61199,3.82181,2.86273,5.42128,3.82181,1.0604,2.61449,0.96602,3.32453,2.69289,18.6135,12.2634,3.59738,6.51351,8.28033,3.87496,5.58362,6.34199,10.2052,6.24199,6.72181,14.1268,8.36805,3.83536,5.74443,7.57847,3.04688,5.44688,6.78296,2.73626,2.55838,2.95748,9.14001,17.0215,4.35715,10.3366,4.01897,12.1553,6.27874,4.75423,9.13262,
mu: 
srcDuals: 
fixing. lower bound used: 767.527
percent fixed: 26.3946
updating best lambda
fixing. lower bound used: 767.527
fixed path dual: 18.1608
fixing. lower bound used: 767.551
percent fixed: 27.4696
updating best lambda
fixing. lower bound used: 767.551
fixed path dual: 18.824
STATS - lpIterations[1] lagIterations[15] sspIterations[150] numSeparations[125] numCuts[0] compileTime[9] sspSolveTime[46] lpSolveTime[0] lb[775.666] ub[820] numArcs: [360786] numFixed: [96422] time: [95]
lambda: 0,2.26151,6.9449,2.11444,1.79948,1.0867,3.61341,2.93468,2.99731,2.67029,3.1062,3.48076,8.29952,8.77848,4.47713,13.2634,15.3726,7.77845,8.90519,5.80519,1.00172,0.824235,1.29392,2.8575,2.44791,4.49287,1.76534,1.92683,3.53896,3.20926,4.05631,8.50481,8.99902,12.7999,7.12606,5.75631,4.32829,7.56724,11.9677,8.72873,3.20745,3.00745,3.52242,2.59316,2.58851,1.8837,4.91802,2.36697,3.44323,3.11115,3.54278,3.74278,3.59454,10.0547,13.8361,3.93692,12.6587,13.4174,13.1216,4.27225,9.94649,4.15631,2.91385,5.18901,4.15631,0.828125,2.94899,1.01713,3.65903,3.0274,18.6646,12.3145,3.93188,6.56462,8.33145,3.87496,5.35134,6.39311,9.97294,6.29311,7.05631,13.8945,8.70255,4.16986,6.07893,7.91298,3.38139,5.78139,7.11746,3.07077,2.89288,3.29198,8.62435,16.5058,3.84149,9.53754,3.50331,11.6396,5.76308,4.52196,8.90034,
mu: 
srcDuals: 
fixing. lower bound used: 775.269
percent fixed: 36.9114
updating best lambda
fixing. lower bound used: 775.269
fixed path dual: 18.9543
STATS - lpIterations[1] lagIterations[16] sspIterations[160] numSeparations[132] numCuts[0] compileTime[9] sspSolveTime[50] lpSolveTime[0] lb[776.574] ub[820] numArcs: [363261] numFixed: [134504] time: [103]
lambda: 0,2.14853,6.83192,2.17093,1.85597,1.14319,3.6699,2.99117,3.0538,2.72678,3.16269,3.53725,8.35601,8.77848,4.53362,13.2069,15.3726,7.77845,8.90519,5.80519,1.00172,0.824235,1.35041,2.91399,2.44791,4.54936,1.82183,1.98332,3.59545,3.20926,4.1128,8.50481,8.94253,12.7434,7.12606,5.8128,4.38478,7.62373,12.0242,8.78522,3.26394,3.06394,3.57891,2.53667,2.645,1.8837,4.91802,2.1975,2.82184,2.88519,2.80841,3.00841,3.36858,10.1112,13.8926,3.99341,12.7152,13.4739,13.1781,4.32874,10.003,4.09982,2.85736,5.18901,4.09982,0.771635,2.8925,0.960645,3.60254,2.97091,18.7211,12.371,3.87539,6.62111,8.21847,3.70549,5.40783,6.4496,10.0294,6.3496,7.1128,13.951,8.75904,4.22635,6.13542,7.96947,3.43788,5.83788,7.17395,3.12726,2.94937,3.34847,8.68084,16.5623,3.89798,9.59403,3.5598,11.6961,5.81957,4.57845,8.95683,
mu: 
srcDuals: 
fixing. lower bound used: 776.377
percent fixed: 38.4554
updating best lambda
fixing. lower bound used: 776.377
fixed path dual: 17.7286
fixing. lower bound used: 766.702
percent fixed: 38.6035
updating best lambda
fixing. lower bound used: 766.702
fixed path dual: 18.299
fixing. lower bound used: 771.022
percent fixed: 31.1893
fixing. lower bound used: 766.702
fixed path dual: 18.7872
fixing. lower bound used: 775.336
percent fixed: 37.4288
fixing. lower bound used: 766.702
fixed path dual: 19.014
STATS - lpIterations[1] lagIterations[20] sspIterations[200] numSeparations[161] numCuts[0] compileTime[9] sspSolveTime[67] lpSolveTime[0] lb[778.897] ub[820] numArcs: [371404] numFixed: [96862] time: [133]
lambda: 0,1.83392,6.51731,2.151,1.67063,1.28866,3.48456,3.31136,2.54696,1.80642,3.32674,3.69204,8.44661,8.94252,4.38537,12.8978,15.0682,7.70828,8.99116,6.05194,0.997088,0.892996,1.38524,3.15148,2.36385,4.25338,2.05932,1.52193,3.4835,3.21716,3.98222,8.9077,9.10657,12.9075,7.13395,6.2157,4.39267,7.63163,12.0321,8.79312,2.74203,2.68609,3.20106,2.78341,3.0479,2.2866,5.32092,2.6004,3.22474,3.28809,3.21131,3.41131,3.77148,10.0638,13.8452,4.39631,12.6678,13.4265,13.1307,4.13122,9.95557,3.78521,2.63477,5.05843,3.78521,0.733076,2.66991,0.83007,3.47196,2.74831,18.5236,12.1735,3.56078,6.4236,7.90386,3.4829,5.51052,6.25208,10.4323,6.15208,7.5157,14.0537,8.86173,4.17894,5.6377,7.47175,3.39047,5.79047,7.12654,3.38005,3.05207,3.45116,9.08373,16.9652,4.30088,9.99693,3.9627,12.099,6.22247,4.98135,9.35973,
mu: 
srcDuals: 
fixing. lower bound used: 778.362
percent fixed: 42.1447
updating best lambda
fixing. lower bound used: 778.362
fixed path dual: 18.2314
fixing. lower bound used: 773.983
percent fixed: 42.187
updating best lambda
fixing. lower bound used: 773.983
fixed path dual: 18.4177
fixing. lower bound used: 776.715
percent fixed: 39.4658
fixing. lower bound used: 773.983
fixed path dual: 18.9813
STATS - lpIterations[1] lagIterations[23] sspIterations[230] numSeparations[181] numCuts[0] compileTime[9] sspSolveTime[81] lpSolveTime[0] lb[781.853] ub[820] numArcs: [376590] numFixed: [133439] time: [157]
lambda: 0,2.02372,6.70711,1.96777,1.86043,1.47846,3.78526,3.61207,2.95857,2.21803,3.50997,4.10365,8.62984,9.12576,4.45442,12.8527,15.1373,7.66313,9.06021,6.12099,0.924759,0.785373,1.24232,2.93295,2.21591,3.88865,1.69459,1.2681,3.11877,2.8827,4.17202,8.83537,8.39908,12.2,7.43466,6.5164,4.69338,7.63491,12.0354,8.98292,3.03946,2.9868,3.27996,2.67579,2.79408,1.95717,4.69406,2.52807,3.26332,3.32666,3.24989,3.44989,3.81005,9.79026,13.2291,3.89442,12.3942,13.4955,12.8572,4.20027,10.0246,4.08592,2.93547,5.35914,4.08592,1.03378,2.97061,1.13078,3.31592,2.82064,18.7487,12.3986,3.86149,6.64869,8.20457,3.7836,5.5491,6.47718,10.4709,6.37718,7.92731,14.0923,9.04825,4.36546,5.71331,7.54736,3.5737,5.9737,7.31306,3.45566,3.01349,3.86277,8.93579,16.8172,4.33945,9.84899,4.00127,11.7646,6.07453,4.83341,9.21179,
mu: 
srcDuals: 
fixing. lower bound used: 781.132
percent fixed: 46.7273
updating best lambda
fixing. lower bound used: 781.132
fixed path dual: 17.4044
fixing. lower bound used: 767.196
percent fixed: 46.8121
updating best lambda
fixing. lower bound used: 767.196
fixed path dual: 18.7471
fixing. lower bound used: 779.643
percent fixed: 44.2253
fixing. lower bound used: 767.196
fixed path dual: 18.8161
fixing. lower bound used: 780.065
percent fixed: 45.4368
fixing. lower bound used: 767.196
fixed path dual: 18.4112
fixing. lower bound used: 779.107
percent fixed: 43.2762
fixing. lower bound used: 767.196
fixed path dual: 18.6498
fixing. lower bound used: 778.179
percent fixed: 42.5004
fixing. lower bound used: 767.196
fixed path dual: 18.7957
fixing. lower bound used: 780.103
percent fixed: 45.4782
fixing. lower bound used: 767.196
fixed path dual: 19.1613
STATS - lpIterations[1] lagIterations[30] sspIterations[300] numSeparations[220] numCuts[0] compileTime[9] sspSolveTime[113] lpSolveTime[0] lb[784.253] ub[820] numArcs: [387581] numFixed: [104048] time: [215]
lambda: 0,1.30217,6.33918,1.81114,1.63895,1.33632,3.47494,3.46993,3.10816,2.55218,3.34456,3.96343,8.55671,9.10752,4.40873,12.9519,14.9467,7.61745,9.25171,6.31249,1.11831,0.848455,1.47297,3.19775,2.6297,3.73312,1.74922,1.32274,3.17341,3.19141,4.22666,9.20526,8.5588,12.3597,7.12001,6.88629,4.37873,7.32026,11.7207,8.90545,2.96091,3.10691,3.56248,2.86715,3.16661,2.16602,4.97557,2.33846,3.327,2.91949,3.20479,3.40479,3.54765,10.1019,13.4232,4.20602,12.7058,13.5722,13.1688,4.27695,10.3362,4.02348,2.87303,5.2967,4.02348,0.971343,2.90817,1.06834,3.25348,2.7582,18.3459,12.6022,3.79905,6.24585,8.14213,3.63886,5.75273,6.04732,10.6745,5.94732,8.78846,14.0317,9.25044,4.56765,5.53341,7.20806,3.52801,5.92801,7.06603,3.3154,3.12529,4.10273,8.94915,16.6175,4.21226,9.86235,4.05089,11.6691,6.2647,4.91479,9.32943,
mu: 
srcDuals: 
fixing. lower bound used: 783.624
percent fixed: 51.8323
updating best lambda
fixing. lower bound used: 783.624
fixed path dual: 17.9734
fixing. lower bound used: 776.975
percent fixed: 51.8831
updating best lambda
fixing. lower bound used: 776.975
fixed path dual: 18.3887
fixing. lower bound used: 780.277
percent fixed: 46.1501
fixing. lower bound used: 776.975
fixed path dual: 18.9064
fixing. lower bound used: 782.677
percent fixed: 50.389
fixing. lower bound used: 776.975
fixed path dual: 18.7791
fixing. lower bound used: 781.058
percent fixed: 47.2065
fixing. lower bound used: 776.975
fixed path dual: 18.2508
fixing. lower bound used: 777.781
percent fixed: 42.4204
fixing. lower bound used: 776.975
fixed path dual: 19.001
STATS - lpIterations[1] lagIterations[36] sspIterations[360] numSeparations[254] numCuts[0] compileTime[9] sspSolveTime[144] lpSolveTime[0] lb[785.612] ub[820] numArcs: [394876] numFixed: [160957] time: [267]
lambda: 0,2.04919,7.0862,1.4516,2.04729,1.42214,3.5097,3.40257,3.03819,2.38009,3.53128,4.19418,8.61647,8.88524,4.32747,12.9147,14.6363,7.72124,9.3555,6.41628,1.16352,0.75127,1.73018,3.3325,2.59108,4.11277,1.88398,1.45749,3.30816,3.49436,4.48386,8.8684,8.42936,12.2303,7.20384,6.66191,4.46256,7.09004,11.4905,8.77602,2.84553,2.80648,2.96451,2.68043,2.90732,2.27807,5.35248,2.74803,3.0617,3.22243,3.16444,3.47692,3.63733,10.1087,13.43,4.39788,12.7127,13.579,13.1756,4.28375,10.343,4.10474,2.78496,5.03929,4.10474,0.883266,2.8201,0.980259,3.50408,2.67013,18.2522,12.6152,3.88031,6.02975,8.05405,4.0472,5.35157,6.0603,10.2734,6.18939,9.42884,13.8438,9.42586,4.74306,5.18828,7.38347,3.58097,5.98097,7.34357,3.57261,3.40282,4.50272,8.91214,16.5805,4.17525,9.82533,4.35255,11.6321,6.22768,4.87778,9.29242,
mu: 
srcDuals: 
fixing. lower bound used: 784.917
percent fixed: 54.3508
updating best lambda
fixing. lower bound used: 784.917
fixed path dual: 18.5191
fixing. lower bound used: 782.596
percent fixed: 54.4363
updating best lambda
fixing. lower bound used: 782.596
fixed path dual: 18.6887
fixing. lower bound used: 783.898
percent fixed: 53.184
fixing. lower bound used: 782.596
fixed path dual: 19.1207
STATS - lpIterations[1] lagIterations[39] sspIterations[390] numSeparations[271] numCuts[0] compileTime[9] sspSolveTime[161] lpSolveTime[0] lb[787.892] ub[820] numArcs: [399525] numFixed: [203489] time: [295]
lambda: 0,1.57903,6.61604,1.60473,1.97643,1.61748,3.43884,3.73101,2.96733,2.44233,3.37815,4.12332,8.72954,8.99831,4.33285,12.8124,14.6417,7.61894,9.36088,6.42166,0.988212,0.771301,1.708,3.31032,2.48125,3.91528,1.59883,1.34765,3.02302,3.29687,4.19872,9.19685,8.67015,12.3834,7.09401,6.99035,4.44038,7.06786,11.4683,8.8415,3.17397,3.13492,3.29295,2.7935,2.9127,1.96039,4.81944,2.21499,3.17477,2.79708,3.27751,3.58999,3.53503,10.0378,13.3592,4.32702,12.6418,13.5082,13.1048,4.21289,10.2722,4.21781,2.89803,5.15236,4.21781,0.996336,2.93317,1.09333,3.61715,2.7832,18.4053,12.856,3.99338,6.18288,8.16712,3.57704,5.59236,6.21343,10.5142,6.43017,9.66963,14.0846,9.4881,4.8053,5.11742,7.31261,3.77631,6.17631,7.27271,3.50175,3.59816,4.43186,9.06527,16.626,4.22069,9.76309,4.29031,11.6776,6.16544,5.03091,9.44555,
mu: 
srcDuals: 
fixing. lower bound used: 787.053
percent fixed: 58.214
updating best lambda
fixing. lower bound used: 787.053
fixed path dual: 17.5903
fixing. lower bound used: 775.528
percent fixed: 58.2366
updating best lambda
fixing. lower bound used: 775.528
fixed path dual: 18.4353
fixing. lower bound used: 781.735
percent fixed: 48.9715
fixing. lower bound used: 775.528
fixed path dual: 18.6062
fixing. lower bound used: 784.314
percent fixed: 52.753
fixing. lower bound used: 775.528
fixed path dual: 18.9572
fixing. lower bound used: 785.693
percent fixed: 56.0403
fixing. lower bound used: 775.528
fixed path dual: 18.3589
fixing. lower bound used: 782.483
percent fixed: 50.0903
fixing. lower bound used: 775.528
fixed path dual: 19.0476
fixing. lower bound used: 786.379
percent fixed: 57.6397
fixing. lower bound used: 775.528
fixed path dual: 18.6964
fixing. lower bound used: 786.54
percent fixed: 58.0474
fixing. lower bound used: 775.528
fixed path dual: 18.2192
fixing. lower bound used: 779.968
percent fixed: 46.1158
fixing. lower bound used: 775.528
fixed path dual: 18.7597
fixing. lower bound used: 785.02
percent fixed: 54.7724
fixing. lower bound used: 775.528
fixed path dual: 18.6918
fixing. lower bound used: 782.986
percent fixed: 51.7338
fixing. lower bound used: 775.528
fixed path dual: 19.2008
STATS - lpIterations[1] lagIterations[50] sspIterations[500] numSeparations[330] numCuts[0] compileTime[9] sspSolveTime[218] lpSolveTime[0] lb[789.074] ub[820] numArcs: [415424] numFixed: [161523] time: [394]
lambda: 0,1.54262,6.83345,1.4012,1.9511,1.5742,3.07108,3.71073,2.80016,2.30714,3.34044,4.09034,8.76018,8.89225,4.29514,12.7063,14.604,7.37618,9.32893,6.38971,1.04342,0.760485,2.09154,3.49448,2.73025,4.29249,2.06875,1.47206,3.32018,3.43242,4.66231,9.4247,8.72121,12.4344,7.31096,7.47203,4.70832,7.27669,11.6771,9.00746,3.33721,3.22313,3.26561,2.91598,2.7412,1.96097,5.04556,2.17272,2.93187,2.84474,3.06012,3.3726,3.66841,10.1372,13.3121,4.42639,12.5948,13.4611,13.0577,4.16588,10.2252,4.12815,2.80837,5.0627,4.12815,1.04913,2.84351,1.00367,3.52749,2.69354,18.4039,12.9484,3.90372,6.11145,8.07746,3.7614,5.49122,5.73542,10.3192,6.10853,10.1548,13.8934,9.60959,4.9268,5.05122,7.1813,3.56431,5.96431,6.97497,3.26912,3.76252,4.67691,9.10401,16.5222,4.2439,9.64385,4.32744,11.447,6.0462,4.94274,9.35738,
mu: 
srcDuals: 
fixing. lower bound used: 788.525
percent fixed: 60.8515
updating best lambda
fixing. lower bound used: 788.525
fixed path dual: 18.9913
fixing. lower bound used: 787.558
percent fixed: 61.2116
updating best lambda
fixing. lower bound used: 787.558
fixed path dual: 19.2353
STATS - lpIterations[1] lagIterations[52] sspIterations[520] numSeparations[340] numCuts[0] compileTime[9] sspSolveTime[230] lpSolveTime[0] lb[790.575] ub[820] numArcs: [417434] numFixed: [249752] time: [414]
lambda: 0,1.697,6.98784,1.51457,2.10548,1.48251,3.22546,3.61905,2.95454,2.46152,3.41281,4.24473,8.83254,8.96461,4.36751,12.7787,14.6764,7.44855,9.40129,6.46207,1.04342,0.53374,1.67906,3.5355,2.43114,3.76664,1.76965,1.28633,3.13445,3.13332,4.47657,9.12559,8.19535,11.9086,7.23859,7.17292,4.63596,7.20432,11.6048,8.9351,2.91744,2.72134,3.00988,2.94733,2.6085,2.11535,5.19994,2.3271,3.08625,2.99913,3.2145,3.52698,3.82279,10.1782,13.3532,4.4674,12.6358,13.5022,13.0988,4.20689,10.2662,4.20051,2.88073,5.13506,4.20051,1.12149,2.91587,1.07603,3.59985,2.7659,18.5583,13.1028,3.97608,6.26583,8.14982,3.91578,5.6456,5.8898,10.4736,6.26291,10.3092,14.0478,9.53723,4.85444,4.86548,7.33568,3.49195,5.89195,7.12935,3.4235,3.69016,4.83129,9.25839,16.6766,4.39828,9.79824,4.48182,11.6013,6.20059,5.09712,9.51177,
mu: 
srcDuals: 
fixing. lower bound used: 790.039
percent fixed: 63.3797
updating best lambda
fixing. lower bound used: 790.039
fixed path dual: 17.7939
fixing. lower bound used: 779.599
percent fixed: 63.3761
fixing. lower bound used: 790.039
fixed path dual: 18.7786
fixing. lower bound used: 786.915
percent fixed: 63.4486
updating best lambda
fixing. lower bound used: 786.915
fixed path dual: 18.7028
fixing. lower bound used: 785.879
percent fixed: 58.2827
fixing. lower bound used: 786.915
fixed path dual: 18.7567
fixing. lower bound used: 787.006
percent fixed: 59.5731
fixing. lower bound used: 786.915
fixed path dual: 19.215
STATS - lpIterations[1] lagIterations[57] sspIterations[570] numSeparations[366] numCuts[0] compileTime[9] sspSolveTime[258] lpSolveTime[0] lb[791.93] ub[820] numArcs: [424029] numFixed: [247910] time: [460]
lambda: 0,1.10399,6.75352,1.45231,2.02315,0.892605,3.11157,3.27289,3.28802,2.01211,3.37062,4.019,8.90219,9.03426,4.43716,12.8484,14.746,7.5182,9.47094,6.53172,1.15526,0.645581,2.05442,3.63815,2.6247,4.142,1.9632,1.47988,3.328,3.41777,4.76103,9.31914,8.57071,12.284,7.25035,7.36648,4.64771,7.12517,11.4347,8.94685,2.95676,2.76066,3.04461,2.92639,2.55692,2.11995,5.3294,2.55665,3.02216,3.11684,3.12947,3.44195,3.82866,10.1541,13.3291,4.44335,12.6117,13.4781,13.0747,4.18284,10.2421,4.13515,2.81536,5.06969,4.13515,1.05612,2.8505,1.01067,3.53448,2.70053,18.4012,13.0576,3.91072,6.10879,8.08446,3.63403,5.66909,6.06828,10.7207,6.32955,10.6426,14.1831,9.64789,4.9651,4.88525,7.2436,3.44976,5.84976,7.24002,3.44326,3.75981,4.98296,9.23435,16.6526,4.33109,9.73104,4.59398,11.6204,6.13339,5.11623,9.53087,
mu: 
srcDuals: 
fixing. lower bound used: 791.132
percent fixed: 64.981
updating best lambda
fixing. lower bound used: 791.132
fixed path dual: 17.4648
fixing. lower bound used: 778.685
percent fixed: 64.9896
updating best lambda
fixing. lower bound used: 778.685
fixed path dual: 18.2414
fixing. lower bound used: 783.131
percent fixed: 51.1659
fixing. lower bound used: 778.685
fixed path dual: 18.2499
fixing. lower bound used: 781.729
percent fixed: 49.0721
fixing. lower bound used: 778.685
fixed path dual: 19.065
fixing. lower bound used: 790.07
percent fixed: 63.2651
fixing. lower bound used: 778.685
fixed path dual: 17.8391
fixing. lower bound used: 781.616
percent fixed: 48.7136
fixing. lower bound used: 778.685
fixed path dual: 18.1565
fixing. lower bound used: 782.519
percent fixed: 50.404
fixing. lower bound used: 778.685
fixed path dual: 18.5249
fixing. lower bound used: 786.02
percent fixed: 56.4319
fixing. lower bound used: 778.685
fixed path dual: 19.014
fixing. lower bound used: 790.626
percent fixed: 64.1749
fixing. lower bound used: 778.685
fixed path dual: 17.0285
fixing. lower bound used: 775.432
percent fixed: 43.9112
fixing. lower bound used: 778.685
fixed path dual: 18.1213
fixing. lower bound used: 784.752
percent fixed: 54.9492
fixing. lower bound used: 778.685
fixed path dual: 18.5358
fixing. lower bound used: 788.037
percent fixed: 60.7201
fixing. lower bound used: 778.685
fixed path dual: 18.3943
fixing. lower bound used: 787.397
percent fixed: 59.3468
fixing. lower bound used: 778.685
fixed path dual: 18.8224
fixing. lower bound used: 789.776
percent fixed: 62.9378
fixing. lower bound used: 778.685
fixed path dual: 18.3351
fixing. lower bound used: 787.756
percent fixed: 59.9362
fixing. lower bound used: 778.685
fixed path dual: 18.0952
fixing. lower bound used: 785.605
percent fixed: 56.0598
fixing. lower bound used: 778.685
fixed path dual: 18.8333
fixing. lower bound used: 791.311
percent fixed: 65.1554
updating best lambda
fixing. lower bound used: 791.311
fixed path dual: 18.0716
fixing. lower bound used: 784.236
percent fixed: 65.1719
updating best lambda
fixing. lower bound used: 784.236
fixed path dual: 18.9109
fixing. lower bound used: 790.721
percent fixed: 64.3267
fixing. lower bound used: 784.236
fixed path dual: 19.082
STATS - lpIterations[1] lagIterations[76] sspIterations[760] numSeparations[472] numCuts[0] compileTime[9] sspSolveTime[374] lpSolveTime[0] lb[793.119] ub[820] numArcs: [446991] numFixed: [239436] time: [657]
lambda: 0,1.50125,7.23328,1.65214,2.23085,1.58049,3.11515,3.76824,2.93097,2.11839,3.30491,4.32028,8.94698,9.12555,4.4371,12.757,14.7459,7.56463,9.51738,6.57815,1.01479,0.663854,1.55043,3.5694,2.72733,4.02125,1.61117,1.34847,2.99493,4.04832,4.39403,9.44921,8.37055,12.2479,7.22533,7.49654,4.62269,7.1777,11.3328,8.76736,3.30044,3.20112,3.32403,2.93362,2.9187,2.11474,5.22593,2.57035,3.36542,3.20872,3.10467,3.64941,3.77086,10.0574,13.1409,4.4434,12.4235,13.3814,12.8865,4.14191,10.0539,4.24577,2.92599,5.18032,4.24577,1.16675,2.96113,1.1213,3.40633,2.71967,18.1479,12.8673,4.02134,6.00983,8.19509,4.08991,5.71625,5.78649,10.678,6.13925,11.3187,14.1608,9.74174,5.05894,4.40453,7.08181,3.50834,5.85203,6.72992,3.18778,4.11347,5.09854,9.13992,16.6109,4.43536,9.8011,4.71743,11.5198,6.46848,5.01555,9.43019,
mu: 
srcDuals: 
fixing. lower bound used: 792.676
percent fixed: 67.516
updating best lambda
fixing. lower bound used: 792.676
fixed path dual: 17.4104
fixing. lower bound used: 779.087
percent fixed: 67.5114
fixing. lower bound used: 792.676
fixed path dual: 18.2905
fixing. lower bound used: 787.854
percent fixed: 67.5541
updating best lambda
fixing. lower bound used: 787.854
fixed path dual: 17.8608
fixing. lower bound used: 783.19
percent fixed: 60.1913
fixing. lower bound used: 787.854
fixed path dual: 19.0442
STATS - lpIterations[1] lagIterations[80] sspIterations[800] numSeparations[500] numCuts[0] compileTime[9] sspSolveTime[401] lpSolveTime[0] lb[794.404] ub[820] numArcs: [452070] numFixed: [274669] time: [699]
lambda: 0,1.49585,7.19512,1.75453,2.13425,1.29714,3.41179,3.45449,3.25801,2.53663,3.69276,4.17797,8.86784,9.0464,4.35796,12.6778,14.6668,7.48549,9.43823,6.49901,1.16795,0.817021,1.93591,3.83212,2.52543,4.37395,1.87388,1.63564,3.31487,3.74319,4.71396,9.63514,8.29141,12.1687,7.18529,7.68248,4.58265,7.26042,11.4155,8.85008,3.36361,3.38706,3.24489,2.78894,2.83955,2.07128,5.31355,2.59243,3.12534,3.26357,2.99568,3.54042,3.89126,10.0174,13.1008,4.52613,12.3835,13.3413,12.8464,4.10187,10.0139,4.16663,2.84685,5.10118,4.16663,1.08761,2.88199,1.04215,3.32719,2.64053,18.1091,12.6752,3.9422,6.09371,8.11594,3.78374,5.67737,5.99313,10.6087,6.10036,11.4634,14.2751,9.70285,5.02006,4.27329,7.25689,3.59222,5.93591,6.90501,3.48563,4.25815,5.27363,9.06078,16.5318,4.88638,9.72196,4.63829,11.4406,6.38933,4.9364,9.35105,
mu: 
srcDuals: 
fixing. lower bound used: 793.927
percent fixed: 68.8336
updating best lambda
fixing. lower bound used: 793.927
fixed path dual: 18.9237
fixing. lower bound used: 792.158
percent fixed: 68.8982
updating best lambda
fixing. lower bound used: 792.158
fixed path dual: 18.6984
fixing. lower bound used: 790.339
percent fixed: 66.9613
fixing. lower bound used: 792.158
fixed path dual: 18.0425
fixing. lower bound used: 784.796
percent fixed: 66.8312
fixing. lower bound used: 792.158
fixed path dual: 18.872
fixing. lower bound used: 791.776
percent fixed: 67.086
fixing. lower bound used: 792.158
fixed path dual: 18.3619
fixing. lower bound used: 787.16
percent fixed: 66.8459
fixing. lower bound used: 792.158
fixed path dual: 18.6581
fixing. lower bound used: 789.388
percent fixed: 66.8529
fixing. lower bound used: 792.158
fixed path dual: 18.3937
fixing. lower bound used: 790.113
percent fixed: 66.8679
fixing. lower bound used: 792.158
fixed path dual: 18.4201
fixing. lower bound used: 787.589
percent fixed: 66.8688
fixing. lower bound used: 792.158
fixed path dual: 19.0842
fixing. lower bound used: 793.732
percent fixed: 68.8548
fixing. lower bound used: 792.158
fixed path dual: 18.0289
fixing. lower bound used: 784.352
percent fixed: 66.9098
fixing. lower bound used: 792.158
fixed path dual: 18.373
fixing. lower bound used: 787.046
percent fixed: 66.9397
fixing. lower bound used: 792.158
fixed path dual: 18.704
fixing. lower bound used: 792.087
percent fixed: 67.1883
fixing. lower bound used: 792.158
fixed path dual: 18.8967
fixing. lower bound used: 792.919
percent fixed: 67.9421
fixing. lower bound used: 792.158
fixed path dual: 18.9215
fixing. lower bound used: 792.64
percent fixed: 67.8746
fixing. lower bound used: 792.158
fixed path dual: 18.5953
fixing. lower bound used: 791.598
percent fixed: 67.1781
fixing. lower bound used: 792.158
fixed path dual: 18.6374
fixing. lower bound used: 789.349
percent fixed: 66.9362
fixing. lower bound used: 792.158
fixed path dual: 18.8738
fixing. lower bound used: 793.233
percent fixed: 68.2972
fixing. lower bound used: 792.158
fixed path dual: 18.7017
fixing. lower bound used: 792.331
percent fixed: 67.5754
fixing. lower bound used: 792.158
fixed path dual: 19.0631
STATS - lpIterations[1] lagIterations[99] sspIterations[990] numSeparations[594] numCuts[0] compileTime[9] sspSolveTime[535] lpSolveTime[0] lb[795.665] ub[820] numArcs: [472498] numFixed: [319470] time: [906]
lambda: 0,1.65401,7.45601,1.5846,2.44086,1.58742,3.13594,3.69626,2.74455,2.51446,3.51139,4.53963,8.97516,9.02279,4.46528,12.7197,14.7741,7.52734,9.48009,6.54086,1.18475,0.801818,1.93017,3.47842,2.86085,4.03024,1.68165,1.3925,2.94819,4.07698,4.5251,9.65076,8.45247,11.9951,7.22826,7.45726,4.89374,7.27756,11.4326,8.91256,2.81362,2.75782,3.14384,2.59404,2.69389,1.99594,5.14596,2.50629,3.05186,3.37042,2.97652,3.63673,3.98041,10.1717,13.2552,4.93445,12.5379,13.4957,13.0008,4.25624,10.1682,4.18797,2.86819,5.12252,4.18797,1.10895,2.90333,1.06349,3.34853,2.66187,18.2138,12.9028,3.96354,6.13389,8.13728,3.96615,5.97602,5.85599,10.5473,6.31479,11.8159,14.1024,9.88267,5.05691,4.32476,7.2853,3.40201,5.7457,6.9512,3.49751,4.27601,5.48802,8.91294,16.3484,4.36391,9.67534,4.717,11.4952,6.48942,5.12771,9.54235,
mu: 
srcDuals: 
fixing. lower bound used: 795.162
percent fixed: 71.4951
updating best lambda
fixing. lower bound used: 795.162
fixed path dual: 17.8405
fixing. lower bound used: 786.384
percent fixed: 71.5063
updating best lambda
fixing. lower bound used: 786.384
fixed path dual: 18.646
fixing. lower bound used: 792.383
percent fixed: 66.3332
fixing. lower bound used: 786.384
fixed path dual: 18.0323
fixing. lower bound used: 785.72
percent fixed: 57.8655
fixing. lower bound used: 786.384
fixed path dual: 18.9095
fixing. lower bound used: 794.427
percent fixed: 70.4751
fixing. lower bound used: 786.384
fixed path dual: 18.8141
fixing. lower bound used: 792.729
percent fixed: 67.692
fixing. lower bound used: 786.384
fixed path dual: 18.0568
fixing. lower bound used: 787.237
percent fixed: 58.7468
fixing. lower bound used: 786.384
fixed path dual: 18.7209
fixing. lower bound used: 793.108
percent fixed: 67.459
fixing. lower bound used: 786.384
fixed path dual: 18.8352
fixing. lower bound used: 791.959
percent fixed: 66.4471
fixing. lower bound used: 786.384
fixed path dual: 18.8675
fixing. lower bound used: 793.731
percent fixed: 68.8039
fixing. lower bound used: 786.384
fixed path dual: 17.6704
fixing. lower bound used: 783.904
percent fixed: 68.7994
fixing. lower bound used: 786.384
fixed path dual: 18.5909
fixing. lower bound used: 791.442
percent fixed: 65.4471
fixing. lower bound used: 786.384
fixed path dual: 18.9996
fixing. lower bound used: 794.416
percent fixed: 70.0679
fixing. lower bound used: 786.384
fixed path dual: 18.0821
fixing. lower bound used: 786.531
percent fixed: 58.9595
fixing. lower bound used: 786.384
fixed path dual: 18.9019
fixing. lower bound used: 793.947
percent fixed: 69.2776
fixing. lower bound used: 786.384
fixed path dual: 18.4731
fixing. lower bound used: 791.527
percent fixed: 65.5943
fixing. lower bound used: 786.384
fixed path dual: 18.5345
fixing. lower bound used: 792.199
percent fixed: 66.3637
fixing. lower bound used: 786.384
fixed path dual: 18.9888
STATS - lpIterations[1] lagIterations[116] sspIterations[1160] numSeparations[684] numCuts[0] compileTime[9] sspSolveTime[656] lpSolveTime[0] lb[796.056] ub[820] numArcs: [490783] numFixed: [282798] time: [1105]
lambda: 0,1.51997,7.46413,1.4789,2.35158,1.48284,3.08084,3.73014,3.01598,2.39745,3.76567,4.35219,8.95053,8.99815,4.44065,12.695,14.7495,7.50271,9.45545,6.60567,1.00844,0.89913,1.92073,3.58508,2.80603,4.01488,1.83291,1.64054,2.85499,3.91794,4.6004,9.6995,8.15576,11.6984,7.13095,7.57219,4.79643,7.33341,11.4225,8.81526,3.30341,3.24761,3.43413,2.9727,2.85944,2.07766,4.83727,2.26052,3.05066,3.08584,2.80735,3.5414,3.76903,10.1488,13.2323,4.91153,12.5149,13.4728,12.9779,4.23332,10.1453,4.2467,2.92692,5.18125,4.2467,1.16767,2.96206,1.12222,3.40726,2.7206,18.0445,12.9124,4.02227,6.2,8.19601,3.93489,5.9987,5.8014,10.4953,6.39567,11.8495,14.2195,9.97298,5.09999,4.29667,7.32133,3.30514,5.64883,6.92607,3.36173,4.48232,5.53464,8.97264,16.4081,4.59802,9.73505,4.9325,11.5549,6.54912,5.18741,9.60205,
mu: 
srcDuals: 
fixing. lower bound used: 795.667
percent fixed: 72.3245
updating best lambda
fixing. lower bound used: 795.667
fixed path dual: 18.2433
fixing. lower bound used: 789.51
percent fixed: 72.3269
updating best lambda
fixing. lower bound used: 789.51
fixed path dual: 18.8857
fixing. lower bound used: 794.717
percent fixed: 70.2599
fixing. lower bound used: 789.51
fixed path dual: 19.0242
STATS - lpIterations[1] lagIterations[119] sspIterations[1190] numSeparations[701] numCuts[0] compileTime[9] sspSolveTime[679] lpSolveTime[0] lb[796.207] ub[820] numArcs: [494841] numFixed: [312408] time: [1142]
lambda: 0,1.34822,7.59201,1.45091,2.32358,1.45485,2.97491,3.62421,2.98799,2.21358,3.7498,4.48008,8.93466,8.98229,4.42478,12.6792,14.7336,7.48685,9.43959,6.58981,1.08638,0.809032,1.81241,3.6448,2.70987,3.79454,1.89263,1.4762,2.80268,4.04583,4.5481,9.82739,8.36159,11.9042,7.33678,7.62214,5.00226,7.38336,11.4724,8.94314,2.83811,2.7823,3.21244,2.84481,2.78756,2.2494,5.06503,2.48827,3.16639,3.31359,2.9791,3.71314,3.99679,10.1147,13.1982,4.87744,12.4809,13.4387,12.9438,4.19924,10.1112,4.23084,2.91105,5.16538,4.23084,1.15181,2.94619,1.10636,3.39139,2.70473,18.0166,13.0402,4.0064,6.17201,8.18015,4.06278,5.97071,5.53959,10.4673,6.28974,11.8215,14.1915,9.96692,5.09392,4.31253,7.39321,3.43303,5.77672,6.94193,3.29965,4.49818,5.50665,8.95677,16.3923,4.58215,9.71918,4.91663,11.5391,6.53326,5.17155,9.58619,
mu: 
srcDuals: 
fixing. lower bound used: 795.945
percent fixed: 72.946
updating best lambda
fixing. lower bound used: 795.945
fixed path dual: 17.6958
fixing. lower bound used: 786.261
percent fixed: 72.9431
fixing. lower bound used: 795.945
fixed path dual: 18.6191
fixing. lower bound used: 793.655
percent fixed: 72.97
updating best lambda
fixing. lower bound used: 793.655
fixed path dual: 18.8065
fixing. lower bound used: 794.554
percent fixed: 70.4297
fixing. lower bound used: 793.655
fixed path dual: 18.6063
fixing. lower bound used: 793.333
percent fixed: 68.9243
fixing. lower bound used: 793.655
fixed path dual: 18.2492
fixing. lower bound used: 790.909
percent fixed: 68.5601
fixing. lower bound used: 793.655
fixed path dual: 18.8859
STATS - lpIterations[1] lagIterations[125] sspIterations[1250] numSeparations[732] numCuts[0] compileTime[9] sspSolveTime[723] lpSolveTime[0] lb[796.317] ub[820] numArcs: [502126] numFixed: [347744] time: [1212]
lambda: 0,1.54402,7.41682,1.65174,2.43523,1.24461,3.18805,3.41397,3.03284,2.57277,3.64141,4.58683,8.91042,8.95804,4.40054,12.6549,14.7094,7.4626,9.41534,6.56557,1.14828,0.752136,1.85554,3.75526,2.678,3.90368,1.88136,1.70707,2.87557,4.0813,4.62098,9.9979,8.41952,11.9621,7.16956,7.68007,4.83504,7.32871,11.4178,8.90795,3.20101,3.14521,3.28828,2.90943,2.90997,2.12008,5.25345,2.71203,3.01462,3.22783,2.76542,3.56137,3.72533,10.0852,13.1687,4.84794,12.4513,13.4092,12.9143,4.16973,10.0817,4.20659,2.88681,5.14114,4.20659,1.12757,2.92195,1.08211,3.36715,2.68049,18.0541,12.9652,3.98216,6.384,8.1559,4.25858,6.00822,5.5771,10.6174,6.50173,12.0842,14.1784,9.85817,4.98517,4.36718,7.36371,3.26237,5.54416,6.91243,3.37654,4.44025,5.47715,9.27311,16.4037,4.46149,9.73055,4.86199,11.6164,6.47861,5.24893,9.66358,
mu: 
srcDuals: 
fixing. lower bound used: 795.57
percent fixed: 72.3293
fixing. lower bound used: 793.655
fixed path dual: 18.6449
fixing. lower bound used: 794.219
percent fixed: 70.1023
fixing. lower bound used: 793.655
fixed path dual: 18.8455
fixing. lower bound used: 795.797
percent fixed: 72.1772
fixing. lower bound used: 793.655
fixed path dual: 18.3085
fixing. lower bound used: 791.256
percent fixed: 68.5778
fixing. lower bound used: 793.655
fixed path dual: 18.8163
fixing. lower bound used: 795.159
percent fixed: 71.3203
fixing. lower bound used: 793.655
fixed path dual: 19.0213
STATS - lpIterations[1] lagIterations[130] sspIterations[1300] numSeparations[756] numCuts[0] compileTime[9] sspSolveTime[763] lpSolveTime[0] lb[797.415] ub[820] numArcs: [507538] numFixed: [351516] time: [1274]
lambda: 0,1.54899,7.31595,1.70963,2.34403,1.6007,3.21237,3.67389,3.34567,2.30856,3.495,4.4188,8.95635,9.00397,4.44647,12.7009,14.7553,7.50853,9.46127,6.6115,1.09536,0.959125,2.05285,3.6299,2.76122,4.10099,1.81407,1.6927,2.80827,3.9852,4.76537,9.9221,8.4976,11.9822,7.2302,7.74071,4.89568,7.33129,11.4204,8.96859,3.04397,2.98816,3.13124,2.7783,2.73261,2.26918,5.12232,2.61417,3.30015,3.26641,3.05095,3.8469,3.88738,10.1238,13.2073,4.88652,12.4899,13.4478,12.9529,4.20831,10.1203,4.16066,2.84088,5.09521,4.16066,1.08163,2.87602,1.03618,3.32122,2.63456,17.9003,12.9076,3.93623,6.3537,8.10997,4.05388,5.95062,5.5195,10.6833,6.34796,11.9031,14.2443,10.0856,5.21264,4.47117,7.25289,3.27952,5.56131,6.84672,3.19183,4.4326,5.44471,9.13101,16.2616,4.52906,9.58845,4.81606,11.4743,6.33651,5.10683,9.52147,
mu: 
srcDuals: 
fixing. lower bound used: 796.953
percent fixed: 74.5205
updating best lambda
fixing. lower bound used: 796.953
fixed path dual: 18.7827
fixing. lower bound used: 795.391
percent fixed: 74.5411
updating best lambda
fixing. lower bound used: 795.391
fixed path dual: 18.451
fixing. lower bound used: 791.327
percent fixed: 71.8915
fixing. lower bound used: 795.391
fixed path dual: 18.7008
fixing. lower bound used: 793.195
percent fixed: 71.8368
fixing. lower bound used: 795.391
fixed path dual: 18.9583
fixing. lower bound used: 795.625
percent fixed: 72.7332
fixing. lower bound used: 795.391
fixed path dual: 18.1193
fixing. lower bound used: 789.822
percent fixed: 72.7318
fixing. lower bound used: 795.391
fixed path dual: 18.775
fixing. lower bound used: 795.097
percent fixed: 72.0925
fixing. lower bound used: 795.391
fixed path dual: 18.7725
fixing. lower bound used: 795.017
percent fixed: 71.9087
fixing. lower bound used: 795.391
fixed path dual: 18.806
fixing. lower bound used: 795.438
percent fixed: 72.7407
fixing. lower bound used: 795.391
fixed path dual: 18.6186
fixing. lower bound used: 793.608
percent fixed: 71.8386
fixing. lower bound used: 795.391
fixed path dual: 18.7236
fixing. lower bound used: 794.62
percent fixed: 71.9268
fixing. lower bound used: 795.391
fixed path dual: 18.739
fixing. lower bound used: 796.054
percent fixed: 72.9955
fixing. lower bound used: 795.391
fixed path dual: 18.9158
STATS - lpIterations[1] lagIterations[142] sspIterations[1420] numSeparations[812] numCuts[0] compileTime[9] sspSolveTime[857] lpSolveTime[0] lb[797.448] ub[820] numArcs: [519884] numFixed: [377501] time: [1420]
lambda: 0,1.24013,6.92847,1.48602,2.09303,1.46451,3.14596,3.64324,2.94155,2.36314,3.64331,4.47135,8.95436,9.00199,4.44448,12.6989,14.7533,7.50654,9.45929,6.60951,1.06751,1.0573,2.08351,3.73028,2.80232,4.21313,2.06577,1.86177,3.08619,4.0775,4.82225,10.0394,8.42771,12.015,7.18883,7.4791,4.85431,7.1798,11.2689,8.92722,3.20974,3.20725,3.11536,2.82549,2.72638,2.21187,5.17162,2.47174,2.9991,3.15961,2.79441,3.63116,3.8004,10.1274,13.2108,4.89005,12.4935,13.4513,12.9564,4.21184,10.1238,4.18938,2.8696,5.12393,4.18938,1.11035,2.90474,1.0649,3.34994,2.66328,18.0605,12.9901,3.96495,6.36438,8.13869,3.85782,5.94488,5.60974,10.7561,6.37429,12.1176,14.3784,10.0499,5.1769,4.52649,7.46467,3.38663,5.79357,7.11029,3.42798,4.40788,5.54105,9.20128,16.3318,4.59933,9.65872,4.98407,11.5446,6.40678,5.1771,9.59175,
mu: 
srcDuals: 
fixing. lower bound used: 797.149
percent fixed: 74.9167
updating best lambda
fixing. lower bound used: 797.149
fixed path dual: 18.3585
fixing. lower bound used: 792.81
percent fixed: 74.9218
updating best lambda
fixing. lower bound used: 792.81
fixed path dual: 18.0351
fixing. lower bound used: 789.278
percent fixed: 67.8213
fixing. lower bound used: 792.81
fixed path dual: 18.9276
STATS - lpIterations[1] lagIterations[145] sspIterations[1450] numSeparations[830] numCuts[0] compileTime[9] sspSolveTime[882] lpSolveTime[0] lb[798.202] ub[820] numArcs: [522453] numFixed: [358034] time: [1458]
lambda: 0,1.46976,7.1581,1.44104,2.32266,1.61297,3.21325,3.75111,3.1103,2.30867,3.59833,4.45747,8.94997,8.9976,4.44009,12.6945,14.7489,7.50215,9.4549,6.60512,1.08781,0.915602,2.07912,3.75057,2.71,3.93414,2.06138,1.72008,3.0818,3.89724,4.81786,9.85917,8.13483,11.6095,7.12119,7.41146,4.89928,7.22478,11.3139,8.9722,3.23644,3.21365,3.18265,3.03483,2.81396,2.38061,5.36066,2.68108,3.16785,3.34865,2.96316,3.79991,3.98945,10.0597,13.1432,4.82241,12.4258,13.3837,12.8888,4.1442,10.0562,4.23435,2.91457,5.1689,4.23435,1.15533,2.94971,1.10988,3.39491,2.70825,17.9682,13.0351,4.00992,6.27206,8.18367,4.08744,5.85256,5.51742,10.7517,6.28197,12.1625,14.2367,10.0455,5.17251,4.5221,7.32298,3.51954,5.92648,6.83129,3.42359,4.54079,5.39936,9.19689,16.3274,4.59494,9.65433,4.97968,11.5402,6.40239,5.17271,9.58735,
mu: 
srcDuals: 
fixing. lower bound used: 797.943
percent fixed: 75.725
updating best lambda
fixing. lower bound used: 797.943
fixed path dual: 17.6289
fixing. lower bound used: 786.786
percent fixed: 75.7323
updating best lambda
fixing. lower bound used: 786.786
fixed path dual: 18.4262
fixing. lower bound used: 793.529
percent fixed: 68.7012
fixing. lower bound used: 786.786
fixed path dual: 18.6029
fixing. lower bound used: 795.015
percent fixed: 70.7278
fixing. lower bound used: 786.786
fixed path dual: 18.7938
fixing. lower bound used: 797.307
percent fixed: 74.919
fixing. lower bound used: 786.786
fixed path dual: 18.8588
fixing. lower bound used: 797.252
percent fixed: 74.821
fixing. lower bound used: 786.786
fixed path dual: 18.6224
fixing. lower bound used: 795.423
percent fixed: 71.5582
fixing. lower bound used: 786.786
fixed path dual: 18.329
fixing. lower bound used: 793.079
percent fixed: 67.8521
fixing. lower bound used: 786.786
fixed path dual: 18.7027
fixing. lower bound used: 796.187
percent fixed: 72.7252
fixing. lower bound used: 786.786
fixed path dual: 19.0363
STATS - lpIterations[1] lagIterations[154] sspIterations[1540] numSeparations[882] numCuts[0] compileTime[9] sspSolveTime[957] lpSolveTime[0] lb[799.377] ub[820] numArcs: [534371] numFixed: [315313] time: [1581]
lambda: 0,1.51114,7.19948,1.56142,2.35299,1.44028,3.12469,3.62502,3.16982,2.51985,3.5436,4.52473,8.9618,9.11752,4.45192,12.7063,14.7608,7.51398,9.46673,6.61695,1.15826,0.865753,2.23434,3.79733,2.83942,4.07282,2.07782,1.81868,3.01081,3.96605,4.76209,9.88649,8.36673,11.9361,7.14053,7.43878,4.91863,7.20077,11.2349,8.9366,3.27971,3.21616,3.13441,2.77203,2.76573,2.39305,5.30264,2.59254,3.12132,3.23197,2.85408,3.69083,3.86516,10.1172,13.0597,4.73896,12.4128,13.2298,12.8758,3.9903,10.0432,4.20715,2.88737,5.1417,4.20715,1.12813,2.92251,1.08267,3.36771,2.68105,17.9106,12.987,3.98272,6.3737,8.15647,4.05916,5.89369,5.60261,10.8949,6.40298,12.3051,14.3325,9.9979,5.12491,4.38203,7.49,3.3876,5.79455,6.94466,3.4833,4.51617,5.45094,9.17827,16.3088,4.57632,9.63571,5.06916,11.5216,6.38377,5.15409,9.56873,
mu: 
srcDuals: 
fixing. lower bound used: 798.98
percent fixed: 77.7899
updating best lambda
fixing. lower bound used: 798.98
fixed path dual: 17.4512
fixing. lower bound used: 785.995
percent fixed: 77.7995
updating best lambda
fixing. lower bound used: 785.995
fixed path dual: 18.4988
fixing. lower bound used: 794.268
percent fixed: 69.678
fixing. lower bound used: 785.995
fixed path dual: 18.6383
fixing. lower bound used: 795.476
percent fixed: 71.2382
fixing. lower bound used: 785.995
fixed path dual: 18.9034
fixing. lower bound used: 797.214
percent fixed: 74.7339
fixing. lower bound used: 785.995
fixed path dual: 17.6316
fixing. lower bound used: 787.225
percent fixed: 58.9594
fixing. lower bound used: 785.995
fixed path dual: 18.3634
fixing. lower bound used: 792.817
percent fixed: 67.5406
fixing. lower bound used: 785.995
fixed path dual: 18.7852
fixing. lower bound used: 797.455
percent fixed: 74.8413
fixing. lower bound used: 785.995
fixed path dual: 18.8633
fixing. lower bound used: 797.527
percent fixed: 75.4315
fixing. lower bound used: 785.995
fixed path dual: 18.4495
fixing. lower bound used: 794.544
percent fixed: 70.1593
fixing. lower bound used: 785.995
fixed path dual: 18.7098
fixing. lower bound used: 795.54
percent fixed: 71.7439
fixing. lower bound used: 785.995
fixed path dual: 19.045
fixing. lower bound used: 798.291
percent fixed: 76.7703
fixing. lower bound used: 785.995
fixed path dual: 17.8255
fixing. lower bound used: 788.633
percent fixed: 61.3206
fixing. lower bound used: 785.995
fixed path dual: 18.5682
fixing. lower bound used: 794.363
percent fixed: 69.8615
fixing. lower bound used: 785.995
fixed path dual: 19.0034
fixing. lower bound used: 798.865
percent fixed: 77.5519
fixing. lower bound used: 785.995
fixed path dual: 18.7187
fixing. lower bound used: 796.824
percent fixed: 74.2134
fixing. lower bound used: 785.995
fixed path dual: 17.8322
fixing. lower bound used: 789.24
percent fixed: 61.8962
fixing. lower bound used: 785.995
fixed path dual: 18.8777
fixing. lower bound used: 798.255
percent fixed: 76.1902
fixing. lower bound used: 785.995
fixed path dual: 18.8445
fixing. lower bound used: 797.628
percent fixed: 75.6604
fixing. lower bound used: 785.995
fixed path dual: 18.8692
fixing. lower bound used: 798.348
percent fixed: 76.8312
fixing. lower bound used: 785.995
fixed path dual: 18.7945
fixing. lower bound used: 797.895
percent fixed: 75.8826
fixing. lower bound used: 785.995
fixed path dual: 18.105
fixing. lower bound used: 790.828
percent fixed: 64.6723
fixing. lower bound used: 785.995
fixed path dual: 18.6581
fixing. lower bound used: 795.742
percent fixed: 72.1474
fixing. lower bound used: 785.995
fixed path dual: 18.8733
fixing. lower bound used: 797.374
percent fixed: 75.2265
fixing. lower bound used: 785.995
fixed path dual: 19.051
STATS - lpIterations[1] lagIterations[178] sspIterations[1780] numSeparations[1017] numCuts[0] compileTime[9] sspSolveTime[1168] lpSolveTime[0] lb[799.573] ub[820] numArcs: [559694] numFixed: [320882] time: [1937]
lambda: 0,1.47249,7.25378,1.5706,2.22273,1.39822,3.00898,3.57916,3.06972,2.43594,3.4495,4.42781,8.94224,9.09796,4.43236,12.6867,14.7412,7.49442,9.44717,6.59739,1.02847,0.805966,1.95607,3.4895,2.98869,4.03351,1.95457,1.76368,2.83895,4.05771,4.56084,10.1933,8.51093,11.9414,7.08081,7.6753,4.91721,7.29016,11.2209,9.03859,3.3482,3.26541,3.41906,3.08484,2.83332,2.44482,5.41661,2.63512,2.98589,3.15528,3.00477,3.94887,4.02693,10.2301,13.1726,4.85187,12.5257,13.3427,12.9887,4.10321,10.1561,4.18059,2.8608,5.11513,4.18059,0.998149,2.89594,1.05611,3.34114,2.65448,17.9121,12.9018,3.95615,6.41615,8.1299,3.9753,6.22246,5.45541,10.7935,6.39933,12.1698,14.3205,9.94947,5.07648,4.29027,7.64341,3.41899,5.77244,7.00311,3.53714,4.49939,5.55523,9.07744,16.208,4.75332,9.53488,4.96833,11.4208,6.28294,5.05326,9.4679,
mu: 
srcDuals: 
fixing. lower bound used: 798.97
percent fixed: 78.1785
updating best lambda
fixing. lower bound used: 798.97
fixed path dual: 18.5347
fixing. lower bound used: 795.598
percent fixed: 78.1902
updating best lambda
fixing. lower bound used: 795.598
fixed path dual: 18.1435
fixing. lower bound used: 792.564
percent fixed: 72.1049
fixing. lower bound used: 795.598
fixed path dual: 18.8168
fixing. lower bound used: 798.364
percent fixed: 76.754
fixing. lower bound used: 795.598
fixed path dual: 18.5708
fixing. lower bound used: 795.398
percent fixed: 72.2529
fixing. lower bound used: 795.598
fixed path dual: 19.023
fixing. lower bound used: 799.075
percent fixed: 78.4717
updating best lambda
fixing. lower bound used: 799.075
fixed path dual: 18.0792
fixing. lower bound used: 792.149
percent fixed: 78.4699
fixing. lower bound used: 799.075
fixed path dual: 18.7011
fixing. lower bound used: 797.317
percent fixed: 78.4749
updating best lambda
fixing. lower bound used: 797.317
fixed path dual: 19.0488
STATS - lpIterations[1] lagIterations[186] sspIterations[1860] numSeparations[1061] numCuts[0] compileTime[9] sspSolveTime[1238] lpSolveTime[0] lb[800.146] ub[820] numArcs: [566730] numFixed: [428282] time: [2046]
lambda: 0,1.61907,7.40035,1.53295,2.23501,1.65706,3.13353,3.88711,3.17428,2.39215,3.4884,4.53236,8.89696,9.05269,4.38708,12.6415,14.6959,7.44915,9.40189,6.55211,1.08428,0.78524,1.99649,3.42282,2.97532,4.06669,1.88789,1.81298,2.73966,4.11844,4.46154,10.148,8.46566,11.8961,7.03553,7.63002,4.87193,7.24488,11.1756,9.25242,3.38956,3.4269,3.25097,3.03109,2.8899,2.38347,5.28966,2.6555,2.88523,3.04794,2.77639,3.72049,3.79855,10.3223,13.2648,4.94406,12.6179,13.4349,13.0809,4.1954,10.2483,4.2271,2.90732,5.16165,4.2271,1.04467,2.94246,1.10262,3.38766,2.701,17.8182,12.9111,4.00267,6.38023,8.17641,4.15049,6.14332,5.37427,10.747,6.46035,12.2089,14.274,10.0568,5.04162,4.39538,7.54517,3.27759,5.71522,6.90486,3.49786,4.48973,5.52855,9.10346,16.234,4.66061,9.44218,4.87563,11.5655,6.30896,5.198,9.61264,
mu: 
srcDuals: 
fixing. lower bound used: 799.826
percent fixed: 79.5404
updating best lambda
fixing. lower bound used: 799.826
fixed path dual: 18.3996
fixing. lower bound used: 794.982
percent fixed: 79.5358
fixing. lower bound used: 799.826
fixed path dual: 18.5111
fixing. lower bound used: 795.837
percent fixed: 79.5567
updating best lambda
fixing. lower bound used: 795.837
fixed path dual: 18.9076
fixing. lower bound used: 799.306
percent fixed: 78.1083
fixing. lower bound used: 795.837
fixed path dual: 19.0817
STATS - lpIterations[1] lagIterations[190] sspIterations[1900] numSeparations[1082] numCuts[0] compileTime[9] sspSolveTime[1275] lpSolveTime[0] lb[801.408] ub[820] numArcs: [571005] numFixed: [414473] time: [2103]
lambda: 0,1.62099,7.28271,1.52795,2.10353,1.45892,2.87459,3.67896,2.81376,2.32944,3.60604,4.3045,9.0146,8.97718,4.50472,12.6625,14.8136,7.47021,9.42296,6.57318,1.13699,0.837947,2.13182,3.68974,2.93519,4.20201,2.11095,2.03603,2.96271,4.12217,4.72846,10.1199,8.48142,11.9996,6.96357,7.60193,4.7561,7.12905,11.0598,9.09273,3.2221,3.32822,3.27185,2.95731,2.79121,2.54882,5.29158,2.7082,3.0575,3.2202,2.94866,3.89275,3.97082,10.2744,13.2169,4.89616,12.57,13.387,13.033,4.1475,10.2004,4.19719,2.87741,5.13174,4.19719,1.01476,2.91255,1.07271,3.35775,2.67109,17.9359,13.0288,3.97276,6.49787,8.1465,4.05584,6.16439,5.49191,10.6715,6.48142,12.23,14.295,10.0728,5.05768,4.41145,7.51545,3.53758,5.92443,6.82936,3.51893,4.5058,5.45305,9.12453,16.2551,4.68168,9.46325,4.99327,11.5866,6.33003,5.21907,9.63371,
mu: 
srcDuals: 
fixing. lower bound used: 801.039
percent fixed: 81.309
updating best lambda
fixing. lower bound used: 801.039
fixed path dual: 17.9186
fixing. lower bound used: 789.714
percent fixed: 81.3204
updating best lambda
fixing. lower bound used: 789.714
fixed path dual: 18.5744
fixing. lower bound used: 796.938
percent fixed: 73.653
fixing. lower bound used: 789.714
fixed path dual: 18.6333
fixing. lower bound used: 796.409
percent fixed: 73.5123
fixing. lower bound used: 789.714
fixed path dual: 19.0005
fixing. lower bound used: 799.466
percent fixed: 79.0589
fixing. lower bound used: 789.714
fixed path dual: 18.513
fixing. lower bound used: 794.994
percent fixed: 70.8687
fixing. lower bound used: 789.714
fixed path dual: 19.2527
fixing. lower bound used: 800.702
percent fixed: 80.6987
fixing. lower bound used: 789.714
fixed path dual: 18.1509
fixing. lower bound used: 792.237
percent fixed: 66.5241
fixing. lower bound used: 789.714
fixed path dual: 18.633
fixing. lower bound used: 796.049
percent fixed: 72.5696
fixing. lower bound used: 789.714
fixed path dual: 18.8046
fixing. lower bound used: 797.086
percent fixed: 74.9537
fixing. lower bound used: 789.714
fixed path dual: 18.8009
fixing. lower bound used: 797.391
percent fixed: 75.7671
fixing. lower bound used: 789.714
fixed path dual: 19.0159
fixing. lower bound used: 799.056
percent fixed: 78.5826
fixing. lower bound used: 789.714
fixed path dual: 18.1601
fixing. lower bound used: 792.716
percent fixed: 67.2078
fixing. lower bound used: 789.714
fixed path dual: 18.8608
fixing. lower bound used: 798.623
percent fixed: 77.1985
fixing. lower bound used: 789.714
fixed path dual: 18.7052
fixing. lower bound used: 797.37
percent fixed: 75.3681
fixing. lower bound used: 789.714
fixed path dual: 18.7417
fixing. lower bound used: 797.118
percent fixed: 74.9013
fixing. lower bound used: 789.714
fixed path dual: 18.989
fixing. lower bound used: 799.666
percent fixed: 79.3898
fixing. lower bound used: 789.714
fixed path dual: 18.1721
fixing. lower bound used: 793.49
percent fixed: 68.2701
fixing. lower bound used: 789.714
fixed path dual: 18.4056
fixing. lower bound used: 795.121
percent fixed: 71.2823
fixing. lower bound used: 789.714
fixed path dual: 19.0402
fixing. lower bound used: 800.617
percent fixed: 81.0866
fixing. lower bound used: 789.714
fixed path dual: 18.3505
fixing. lower bound used: 796.237
percent fixed: 72.5958
fixing. lower bound used: 789.714
fixed path dual: 18.6806
fixing. lower bound used: 797.724
percent fixed: 76.227
fixing. lower bound used: 789.714
fixed path dual: 18.4838
fixing. lower bound used: 796.802
percent fixed: 73.6405
fixing. lower bound used: 789.714
fixed path dual: 18.8898
fixing. lower bound used: 799.881
percent fixed: 79.3926
fixing. lower bound used: 789.714
fixed path dual: 18.9573
fixing. lower bound used: 799.896
percent fixed: 80.0186
fixing. lower bound used: 789.714
fixed path dual: 18.5217
fixing. lower bound used: 797.24
percent fixed: 74.361
fixing. lower bound used: 789.714
fixed path dual: 18.7549
fixing. lower bound used: 797.949
percent fixed: 76.2693
fixing. lower bound used: 789.714
fixed path dual: 18.7257
fixing. lower bound used: 797.617
percent fixed: 75.1922
fixing. lower bound used: 789.714
fixed path dual: 19.073
fixing. lower bound used: 800.385
percent fixed: 80.5373
fixing. lower bound used: 789.714
fixed path dual: 18.708
fixing. lower bound used: 797.755
percent fixed: 75.9911
fixing. lower bound used: 789.714
fixed path dual: 18.9649
fixing. lower bound used: 800.123
percent fixed: 80.2109
fixing. lower bound used: 789.714
fixed path dual: 18.558
fixing. lower bound used: 797.561
percent fixed: 75.2216
fixing. lower bound used: 789.714
fixed path dual: 18.6999
fixing. lower bound used: 798.197
percent fixed: 77.1748
fixing. lower bound used: 789.714
fixed path dual: 18.5406
fixing. lower bound used: 797.837
percent fixed: 75.8848
fixing. lower bound used: 789.714
fixed path dual: 18.8462
fixing. lower bound used: 800.09
percent fixed: 80.2167
fixing. lower bound used: 789.714
fixed path dual: 18.5836
fixing. lower bound used: 798.267
percent fixed: 76.6305
fixing. lower bound used: 789.714
fixed path dual: 18.943
STATS - lpIterations[1] lagIterations[226] sspIterations[2260] numSeparations[1259] numCuts[0] compileTime[9] sspSolveTime[1622] lpSolveTime[0] lb[801.689] ub[820] numArcs: [608444] numFixed: [385882] time: [2675]
lambda: 0,1.54401,7.37723,1.70874,2.41193,1.56479,3.29993,3.93928,3.21547,2.49514,3.59145,4.53673,9.00825,9.08808,4.49837,12.6562,14.8072,7.46386,9.4166,6.63037,1.03222,0.805697,2.10293,3.63108,2.90076,4.13571,2.03036,1.84258,2.70027,4.2274,4.57895,10.3309,8.44307,11.8156,7.0712,7.65739,4.87126,7.2498,11.1805,9.22341,3.43188,3.30687,3.39222,2.95492,2.85756,2.50272,5.34169,2.63472,2.94111,3.156,2.88533,3.89996,4.01037,10.2727,13.2152,4.89446,12.5683,13.3853,13.0313,4.1458,10.1987,4.22115,2.90137,5.1557,4.22115,1.10241,2.93651,1.02037,3.38171,2.69505,17.7044,12.9155,3.90643,6.43303,8.17046,4.06363,5.90438,5.34439,10.7961,6.55137,12.3505,14.4296,10.0121,4.99698,4.61053,7.59341,3.32543,5.55342,6.9315,3.58908,4.3992,5.56967,9.11817,16.2487,4.67532,9.45688,5.11768,11.5802,6.47305,5.06332,9.62735,
mu: 
srcDuals: 
fixing. lower bound used: 801.458
percent fixed: 82.1963
updating best lambda
fixing. lower bound used: 801.458
fixed path dual: 18.7406
fixing. lower bound used: 799.101
percent fixed: 82.1949
fixing. lower bound used: 801.458
fixed path dual: 18.5639
fixing. lower bound used: 797.878
percent fixed: 82.2088
updating best lambda
fixing. lower bound used: 797.878
fixed path dual: 18.84
fixing. lower bound used: 799.864
percent fixed: 79.7937
fixing. lower bound used: 797.878
fixed path dual: 18.3799
fixing. lower bound used: 796.922
percent fixed: 75.9806
fixing. lower bound used: 797.878
fixed path dual: 18.7325
fixing. lower bound used: 799.581
percent fixed: 78.8343
fixing. lower bound used: 797.878
fixed path dual: 18.4774
fixing. lower bound used: 797.171
percent fixed: 76.0407
fixing. lower bound used: 797.878
fixed path dual: 18.9731
STATS - lpIterations[1] lagIterations[233] sspIterations[2330] numSeparations[1295] numCuts[0] compileTime[9] sspSolveTime[1695] lpSolveTime[0] lb[801.845] ub[820] numArcs: [616205] numFixed: [473118] time: [2786]
lambda: 0,1.54434,7.48858,1.52724,2.30929,1.38192,3.11992,3.92667,3.14648,2.3626,3.51067,4.36904,8.98623,9.06607,4.47635,12.6342,14.7852,7.44184,9.39459,6.60836,1.03222,0.723369,1.99949,3.57755,2.88648,4.07077,1.97682,1.88865,2.70224,4.39665,4.63643,10.2809,8.50847,11.881,7.05962,7.60731,4.89817,7.23822,11.1305,9.25554,3.33423,3.20921,3.27793,2.87389,2.79839,2.51186,5.32102,2.72994,2.98988,3.29085,2.94206,3.99518,4.06823,10.2622,13.2047,4.88396,12.5578,13.3748,13.0208,4.1353,10.1882,4.29657,2.97679,5.23112,4.29657,1.17784,3.01193,1.0958,3.45713,2.77047,17.8549,13.066,3.98185,6.47179,8.24589,4.11947,5.86804,5.45824,10.7598,6.47837,12.501,14.3932,9.92351,4.90835,4.52795,7.51083,3.4621,5.69009,7.00516,3.58159,4.4638,5.5652,9.09615,16.2267,4.65331,9.43487,5.09567,11.5582,6.45104,5.04131,9.60534,
mu: 
srcDuals: 
fixing. lower bound used: 801.325
percent fixed: 82.1092
fixing. lower bound used: 797.878
fixed path dual: 18.5665
fixing. lower bound used: 797.848
percent fixed: 76.8879
fixing. lower bound used: 797.878
fixed path dual: 18.944
fixing. lower bound used: 800.959
percent fixed: 81.4396
fixing. lower bound used: 797.878
fixed path dual: 18.7764
fixing. lower bound used: 799.884
percent fixed: 80.0196
fixing. lower bound used: 797.878
fixed path dual: 18.5604
fixing. lower bound used: 797.919
percent fixed: 76.3708
fixing. lower bound used: 797.878
fixed path dual: 18.9005
fixing. lower bound used: 800.671
percent fixed: 80.9183
fixing. lower bound used: 797.878
fixed path dual: 19.0275
fixing. lower bound used: 801.087
percent fixed: 81.6676
fixing. lower bound used: 797.878
fixed path dual: 19.0419
STATS - lpIterations[1] lagIterations[240] sspIterations[2400] numSeparations[1326] numCuts[0] compileTime[9] sspSolveTime[1767] lpSolveTime[0] lb[801.885] ub[820] numArcs: [622815] numFixed: [478490] time: [2898]
lambda: 0,1.59058,7.47819,1.53827,2.2989,1.5844,3.20713,3.98657,3.00515,2.39115,3.54838,4.47521,8.97263,9.05247,4.46275,12.6206,14.7716,7.42824,9.38099,6.59476,1.08885,0.765241,2.16508,3.70016,2.86276,4.14944,2.14145,1.8772,2.82389,4.1109,4.75808,10.0936,8.39911,11.8137,6.94578,7.50566,4.78433,7.22221,10.9387,9.05767,3.46958,3.34456,3.40614,2.88619,2.84586,2.50138,5.41406,2.70707,2.90905,3.08508,2.74531,3.79843,3.8133,10.2802,13.2228,4.90202,12.5759,13.3928,13.0388,4.15336,10.2063,4.18972,2.86993,5.12426,4.18972,1.07098,2.90507,0.988939,3.35028,2.66361,17.9065,13.1742,3.875,6.43323,8.13903,4.19823,5.88611,5.53294,10.8345,6.46295,12.5525,14.5246,10.1328,5.11766,4.54886,7.60688,3.60112,5.73899,6.88701,3.36737,4.46972,5.47922,9.10845,16.1511,4.66561,9.53505,5.10083,11.5705,6.37546,5.14149,9.70552,
mu: 
srcDuals: 
fixing. lower bound used: 801.439
percent fixed: 82.2342
updating best lambda
fixing. lower bound used: 801.439
fixed path dual: 18.8177
fixing. lower bound used: 799.279
percent fixed: 82.2396
updating best lambda
fixing. lower bound used: 799.279
fixed path dual: 18.9172
fixing. lower bound used: 800.297
percent fixed: 80.4215
fixing. lower bound used: 799.279
fixed path dual: 19.1184
STATS - lpIterations[1] lagIterations[243] sspIterations[2430] numSeparations[1341] numCuts[0] compileTime[9] sspSolveTime[1799] lpSolveTime[0] lb[802.339] ub[820] numArcs: [625943] numFixed: [495848] time: [2946]
lambda: 0,1.29573,7.35675,1.591,2.13448,1.357,3.19538,3.71619,3.07936,2.4009,3.51365,4.50645,8.95939,9.03923,4.44951,12.6073,14.7584,7.415,9.36775,6.58152,1.08885,0.665522,2.01338,3.7044,2.91898,4.04972,2.09371,1.82946,2.77615,4.2191,4.71034,10.2108,8.51631,11.9309,7.06298,7.62286,4.90153,7.33941,11.0559,9.17487,3.36963,3.24462,3.28471,2.82997,2.81114,2.61858,5.42306,2.75905,3.04774,3.24526,2.884,3.93712,3.97348,10.2802,13.2228,4.90202,12.5759,13.3928,13.0388,4.15336,10.2063,4.24594,2.92615,5.18048,4.24594,1.1272,2.96129,1.04516,3.4065,2.71983,17.8065,13.1609,3.93122,6.33328,8.19525,4.22872,5.87287,5.5197,10.8212,6.363,12.3659,14.4246,10.0331,4.96596,4.44914,7.6631,3.5014,5.63928,6.94323,3.42359,4.52594,5.48346,9.09522,16.1379,4.65237,9.52182,5.08759,11.5573,6.36222,5.12825,9.69228,
mu: 
srcDuals: 
fixing. lower bound used: 801.99
percent fixed: 83.1508
updating best lambda
switching from LAG to LP solver
num vars: 101801
DUALS: -0,1.55804,7.51339,1.55804,2.51786,1.55804,3.15625,4.07589,3.11607,2.55804,3.55804,4.55804,9.69036,8.74839,6.05804,12.5936,12.7,6.90321,9.90321,6.84518,1,0.833333,2.11111,3.72222,3.05556,4.27778,2.38889,2.05556,2.83333,4.38889,4.72222,10.4444,8.5,11.8333,6.55556,7.44444,5.16667,7.44444,11.1667,9.44444,3.66341,3.20976,3.36585,2.74146,2.70244,2.70244,5.41951,2.78049,2.85854,3.09268,2.93659,4.24878,4,12.1875,12.375,4.75,10.9375,13.375,13.4375,4.25,10.6875,3.75,4,5.25,4.25,0.75,2.75,0.75,4.25,1.75,17.75,13.1667,5.25,6.58333,7.25,4.11607,5.91667,5.58333,10.8333,6.58333,12.5833,14.4167,10.3889,4.91667,4.61111,7.52778,3.47222,5.94444,7.08333,3.47222,4.47222,5.58333,9.41908,14.0109,4.68834,8.93471,5.90346,9.64983,7.24637,6.34291,11.2464,
fixed path dual: 19
lp dual value: 806.727
STATS - lpIterations[2] lagIterations[243] sspIterations[2430] numSeparations[1341] numCuts[0] compileTime[9] sspSolveTime[1799] lpSolveTime[11] lb[806.727] ub[820] numArcs: [625943] numFixed: [526307] time: [2963]
checking cuts, max violation: 0.591964, num cuts: 4
new capacity cutset: 1 2 3 4 5 6 7 8 9 10 11 12 13 14 15 16 17 18 19 75 92 93 94 95 96 97 98 99 100 <= 26
new capacity cutset: 1 2 3 4 5 6 7 8 9 10 11 12 13 14 15 16 17 18 19 53 54 55 56 57 58 59 60 61 62 63 64 65 66 67 68 69 70 71 72 73 74 75 76 77 78 79 80 81 82 83 84 85 86 87 88 89 90 91 92 93 94 95 96 97 98 99 100 <= 60
new capacity cutset: 70 71 73 76 77 78 79 80 81 <= 8
new capacity cutset: 82 83 84 85 86 87 88 89 90 91 <= 9
num src cuts added: 0
num vars: 634789
DUALS: -0,8.65682,14.1068,8.65682,9.55682,8.65682,10.0568,11.0568,10.0568,9.85682,10.8568,11.8568,16.7455,15.45,13.5455,18.3386,18.3386,13.7455,15.9386,15.3523,1.05682,0.886364,2.11364,3.70455,3.05682,4.23864,2.40909,2.05682,2.71591,4.46591,4.81818,10.5591,8.14432,12.0455,6.53295,7.53864,5.12955,7.55909,11.025,9.52273,3.73712,3,3.47424,2.73712,2.73712,2.73712,5.47424,2.73712,3,3,3,4.21136,4,17.7939,15.9514,9.79394,14.1618,17.8989,16.6885,9.1093,16.0568,8.94656,8.68802,8.4781,8.79635,6.63554,8.1093,5.05682,9.1093,7.1093,43.3871,39.669,7.79635,35.8867,11.8994,11.1068,35.1093,34.4894,37.8676,35.3604,41.432,40.4176,13.2821,7.86782,11.2037,11.9086,7.68328,10.4943,10.9086,8.54956,8.86782,10.0015,16.9068,20.6068,12.1068,15.9068,12.1068,16.5568,14.1068,13.3568,17.6568,
fixed path dual: 18.9432
cap dual [0]: -2.6
cap dual [1]: -5.05682
cap dual [2]: -25.3227
lp dual value: 812.98
STATS - lpIterations[3] lagIterations[243] sspIterations[2430] numSeparations[1382] numCuts[4] compileTime[9] sspSolveTime[1799] lpSolveTime[87] lb[812.98] ub[820] numArcs: [632628] numFixed: [0] time: [3580]
checking cuts, max violation: 0.200557, num cuts: 2
new capacity cutset: 1 2 3 4 5 6 7 8 9 10 11 12 13 14 15 16 17 18 19 40 41 42 43 44 45 46 47 48 49 50 51 52 53 54 55 56 57 58 59 60 61 62 63 64 65 66 67 68 69 70 71 72 73 74 75 76 77 78 79 80 81 82 83 84 85 86 87 88 89 90 91 92 93 94 95 96 97 98 99 100 <= 72
new capacity cutset: 40 41 42 43 44 45 46 47 48 49 50 51 52 53 54 55 56 57 58 59 60 61 62 63 64 65 66 67 68 69 70 71 72 73 74 76 77 78 79 80 81 82 83 84 85 86 87 88 89 90 91 <= 46
