fixed number of vehicles
capacity: 135
instance upper bound: 827
route length upper bound: 70
compiling DD
time step mult: 1
time step: 10
cap step: 1
done compiling DD
batch size for lag: 1
iteration delay to start separating: 0
optimality gap to start repairing: 100
percent fixed to change to CPLEX: 97.5
num arcs to change to CPLEX: 100000
num arcs to change to LAG: 999999999
num lag iters to cut: 0
num cuts lag: 10
cut phase: 1
deactivate cut value threshold: 0.1
deactivate cut iter threshold: 25
momentum beta: 0
stall alpha factor: 0
STATS - lpIterations[0] lagIterations[0] sspIterations[0] numSeparations[0] numCuts[0] compileTime[14] sspSolveTime[0] lpSolveTime[0] lb[0] ub[827] numArcs: [806511] numFixed: [0] time: [14]
STATS - lpIterations[1] lagIterations[0] sspIterations[0] numSeparations[0] numCuts[0] compileTime[14] sspSolveTime[0] lpSolveTime[0] lb[0] ub[827] numArcs: [806511] numFixed: [0] time: [14]
fixed path dual: 12.9452
STATS - lpIterations[1] lagIterations[1] sspIterations[10] numSeparations[0] numCuts[0] compileTime[14] sspSolveTime[3] lpSolveTime[0] lb[590.563] ub[827] numArcs: [806477] numFixed: [0] time: [17]
lambda: 0,6.66667,5.77778,3.25926,3.11111,7.77778,2.53333,3.11111,3.79259,10.3111,10.0148,15.8963,2.84444,4.08889,12.8593,3.2,5.34815,2.37037,6.74074,5.11111,12.0593,11.2,5.33333,2.75556,13.2,6.84444,1.6,4.02963,10.7407,3.46667,4.56296,13.7037,9.12593,7.2,2.81481,2.66667,5.86667,6.63704,9.6,5.21481,6.84444,8,5.86667,8.53333,5.28889,4.35556,4.4,7.6,6.22222,2.07407,9.77778,1.95556,3.94074,7.4963,6.4,4.35556,14.2519,5.80741,6.22222,13.5111,8.28148,7.55556,5.86667,3.58519,17.837,4.26667,19.7333,2.22222,1.03704,4.38519,
mu: 
srcDuals: 
fixing. lower bound used: 558.199
percent fixed: 0.068812
updating best lambda
fixing. lower bound used: 558.199
fixed path dual: 14.2162
STATS - lpIterations[1] lagIterations[2] sspIterations[20] numSeparations[3] numCuts[0] compileTime[14] sspSolveTime[11] lpSolveTime[0] lb[621.118] ub[827] numArcs: [806743] numFixed: [555] time: [32]
lambda: 0,7.04635,6.15746,3.63894,3.11111,8.15746,2.53333,3.4908,4.17228,10.6908,10.3945,14.7572,3.22413,4.46857,13.2389,3.57969,5.72783,2.37037,7.12043,5.4908,12.4389,11.5797,5.71302,3.13524,13.5797,7.22413,1.6,4.40932,11.1204,3.84635,4.94265,14.0834,9.50561,7.57969,2.05544,3.04635,6.24635,7.01672,9.97969,5.5945,7.22413,8.37969,6.24635,8.91302,5.66857,4.73524,4.02031,7.97969,6.60191,2.45376,10.1575,2.33524,3.94074,7.11661,6.77969,4.73524,14.6315,6.18709,6.60191,13.8908,8.66117,7.93524,6.24635,3.96487,18.2167,4.64635,19.3536,1.46285,1.03704,4.76487,
mu: 
srcDuals: 
fixing. lower bound used: 576.803
percent fixed: 0.0772161
updating best lambda
fixing. lower bound used: 576.803
fixed path dual: 14.3367
STATS - lpIterations[1] lagIterations[3] sspIterations[30] numSeparations[4] numCuts[0] compileTime[14] sspSolveTime[19] lpSolveTime[0] lb[646.971] ub[827] numArcs: [806865] numFixed: [555] time: [46]
lambda: 0,7.52964,6.64075,4.12223,3.11111,8.64075,2.53333,3.97408,4.65556,11.1741,10.8778,14.274,3.22413,4.95186,13.7222,4.06297,6.21112,1.88709,7.60371,5.97408,12.9222,12.063,6.1963,3.61853,14.063,7.70742,1.6,4.8926,11.6037,4.32964,5.42593,14.5667,9.9889,8.06297,1.57216,3.52964,6.72964,7.50001,9.97969,6.07779,7.22413,8.86297,6.72964,9.3963,6.15186,5.21853,4.02031,8.46297,7.08519,2.93704,10.6407,2.81853,4.42403,7.5999,7.26297,5.21853,15.1148,6.67038,7.08519,14.3741,9.14445,8.41853,6.72964,4.44816,18.7,5.12964,19.3536,0.49628,1.03704,5.24816,
mu: 
srcDuals: 
fixing. lower bound used: 602.418
percent fixed: 0.0772017
fixing. lower bound used: 576.803
fixed path dual: 13.667
STATS - lpIterations[1] lagIterations[4] sspIterations[40] numSeparations[5] numCuts[0] compileTime[14] sspSolveTime[26] lpSolveTime[0] lb[666.136] ub[827] numArcs: [807039] numFixed: [555] time: [59]
lambda: 0,8.09047,7.20158,4.12223,3.11111,9.20158,2.53333,4.53491,5.21639,11.1741,11.4386,14.8348,3.78496,5.51269,14.2831,4.6238,6.77195,1.88709,8.16454,6.53491,13.4831,12.063,6.75713,4.17935,14.6238,8.26824,1.6,5.45343,12.1645,4.89047,4.86511,15.1275,9.9889,8.6238,1.01133,4.09047,7.29047,8.06084,10.5405,6.07779,7.22413,9.4238,7.29047,9.95713,6.15186,5.77935,3.45949,8.46297,6.52437,3.49787,11.2016,3.37935,4.98485,8.16072,7.8238,5.77935,15.6757,7.23121,7.64602,14.9349,9.70528,8.97935,7.29047,5.00898,19.2608,5.69047,19.9145,0,1.03704,5.80898,
mu: 
srcDuals: 
fixing. lower bound used: 628.776
percent fixed: 0.0771797
fixing. lower bound used: 576.803
fixed path dual: 13.4634
STATS - lpIterations[1] lagIterations[5] sspIterations[50] numSeparations[9] numCuts[0] compileTime[14] sspSolveTime[33] lpSolveTime[0] lb[679.9] ub[827] numArcs: [807619] numFixed: [555] time: [72]
lambda: 0,8.09047,7.62859,4.54924,3.11111,8.77457,2.53333,4.96192,5.6434,11.6011,10.1576,15.2618,3.35795,5.9397,14.7101,5.05081,7.19896,1.88709,8.59155,6.96192,13.9101,12.49,7.18414,4.60636,15.0508,8.69525,1.6,5.88044,12.5915,4.46345,5.29212,15.5545,10.4159,8.19679,1.43834,4.51748,7.71748,8.48785,10.1135,6.5048,7.65114,9.4238,7.29047,9.53012,6.57887,5.35234,3.8865,8.46297,6.95138,3.92488,11.6286,3.80636,5.41186,8.58773,8.25081,6.20636,16.1027,7.65822,6.36499,15.3619,10.1323,9.40636,7.71748,5.43599,19.6878,6.11748,20.3415,0,1.03704,6.23599,
mu: 
srcDuals: 
fixing. lower bound used: 644.576
percent fixed: 0.0771193
fixing. lower bound used: 576.803
fixed path dual: 13.0212
STATS - lpIterations[1] lagIterations[6] sspIterations[60] numSeparations[10] numCuts[0] compileTime[14] sspSolveTime[41] lpSolveTime[0] lb[690.814] ub[827] numArcs: [807718] numFixed: [555] time: [86]
lambda: 0,8.51647,8.05459,3.69724,3.11111,9.20057,2.53333,4.53592,6.0694,10.7491,10.5836,15.6878,2.93194,6.3657,14.2841,5.47681,7.62496,1.88709,9.01755,7.38792,14.3361,12.916,7.61014,5.03237,15.4768,9.12126,1.6,6.30644,13.0176,4.88946,5.71812,15.9805,9.5639,8.62279,1.86434,4.09147,8.14348,8.91385,10.5395,6.07879,7.65114,9.8498,7.71647,9.95612,5.72687,5.77835,4.3125,8.88897,7.37738,4.35089,12.0546,2.95436,5.83787,8.58773,8.67681,6.63237,16.5287,8.08422,6.79099,15.7879,10.5583,9.83237,8.14348,5.862,20.1138,6.54348,20.7675,0,1.03704,6.662,
mu: 
srcDuals: 
fixing. lower bound used: 659.912
percent fixed: 0.0784646
updating best lambda
fixing. lower bound used: 659.912
fixed path dual: 12.9584
STATS - lpIterations[1] lagIterations[7] sspIterations[70] numSeparations[14] numCuts[0] compileTime[14] sspSolveTime[48] lpSolveTime[0] lb[699.896] ub[827] numArcs: [808304] numFixed: [567] time: [99]
lambda: 0,8.51647,6.66797,4.04389,2.76446,9.54722,2.87999,4.88257,6.41606,11.0957,10.9302,16.0344,3.2786,6.71235,14.6307,5.82347,7.97161,1.88709,9.36421,7.73458,14.6827,12.916,7.9568,5.37902,15.8235,9.46791,1.6,5.61313,12.3242,5.23611,6.06477,16.3272,9.91056,8.27614,1.17103,4.43813,8.49013,9.2605,10.8862,6.42545,7.9978,9.8498,7.71647,9.60947,6.07352,5.43169,4.3125,8.88897,7.37738,4.69754,12.4012,3.30101,5.14456,8.93439,9.02347,6.97902,16.8753,8.43087,7.13765,16.1346,10.9049,10.179,7.79682,6.20865,20.4605,6.89013,21.1141,0,0,7.00865,
mu: 
srcDuals: 
fixing. lower bound used: 669.631
percent fixed: 0.0811245
updating best lambda
fixing. lower bound used: 669.631
fixed path dual: 12.124
STATS - lpIterations[1] lagIterations[8] sspIterations[80] numSeparations[17] numCuts[0] compileTime[14] sspSolveTime[55] lpSolveTime[0] lb[708.595] ub[827] numArcs: [808588] numFixed: [588] time: [112]
lambda: 0,8.97711,7.12861,4.50453,2.76446,9.08658,3.34063,4.88257,6.8767,11.5564,11.3909,14.6525,3.73924,7.17299,15.0914,6.28411,8.43225,1.88709,9.82485,8.19522,15.1434,12.916,8.41744,5.83966,16.2841,9.92855,1.6,6.07377,12.7849,4.77547,5.60413,16.7878,10.3712,8.73677,1.63167,4.89877,8.95077,9.2605,10.4255,6.88609,8.45843,10.3104,8.17711,10.0701,6.53416,4.97105,4.77314,8.88897,6.91674,5.15818,12.8619,3.76165,5.6052,8.47375,9.48411,7.43966,17.336,8.89151,7.59829,16.5952,11.3656,10.6397,8.25746,6.66929,20.9211,6.42949,20.1929,0,0,7.46929,
mu: 
srcDuals: 
fixing. lower bound used: 686.675
percent fixed: 0.106919
updating best lambda
fixing. lower bound used: 686.675
fixed path dual: 12.9418
STATS - lpIterations[1] lagIterations[9] sspIterations[90] numSeparations[24] numCuts[0] compileTime[14] sspSolveTime[61] lpSolveTime[0] lb[718.111] ub[827] numArcs: [810247] numFixed: [797] time: [124]
lambda: 0,8.19603,7.24019,4.61611,2.76446,9.19817,3.45221,4.99416,6.54195,11.668,11.5025,14.7641,3.85082,7.28458,15.2029,6.39569,8.32067,1.99867,9.93643,8.3068,15.2549,13.0276,8.52902,5.83966,16.3957,10.0401,1.6,6.18535,12.8965,4.88706,5.71572,16.8994,10.4828,8.73677,1.40851,4.78718,9.06235,9.37209,10.5371,6.99767,8.57002,9.86411,7.39603,8.95428,6.64574,5.08263,4.43839,9.00056,7.02832,5.26976,12.9735,3.76165,5.71678,8.58533,9.59569,7.55124,17.336,9.0031,7.70987,16.7068,11.4772,10.7512,8.36905,6.44613,21.0327,6.54108,20.3044,0,0.111583,7.58087,
mu: 
srcDuals: 
fixing. lower bound used: 688.004
percent fixed: 0.111139
updating best lambda
fixing. lower bound used: 688.004
fixed path dual: 12.6527
STATS - lpIterations[1] lagIterations[10] sspIterations[100] numSeparations[25] numCuts[0] compileTime[14] sspSolveTime[68] lpSolveTime[0] lb[725.332] ub[827] numArcs: [810412] numFixed: [833] time: [137]
lambda: 0,8.52218,7.56634,3.63767,2.76446,9.52431,3.77836,4.99416,6.54195,10.6895,11.8286,15.0903,3.52467,7.61072,14.8768,6.72184,8.64682,1.99867,10.2626,8.63295,15.5811,13.3537,8.85517,6.16581,16.7218,10.3663,1.6,6.5115,13.2226,5.2132,6.04186,17.2255,9.50434,9.06292,1.73466,4.46104,9.3885,9.69823,10.8633,6.01923,8.24387,10.1903,7.72218,9.28043,5.6673,5.40878,4.76454,9.3267,7.35447,5.59591,13.2996,3.43551,6.04293,8.58533,9.92184,7.87739,17.6621,9.32924,8.03602,17.0329,11.8033,11.0774,8.69519,6.77227,21.3589,6.86722,20.6306,0,0.111583,7.90702,
mu: 
srcDuals: 
fixing. lower bound used: 698.114
percent fixed: 0.167214
updating best lambda
fixing. lower bound used: 698.114
fixed path dual: 11.9735
STATS - lpIterations[1] lagIterations[11] sspIterations[110] numSeparations[25] numCuts[0] compileTime[14] sspSolveTime[75] lpSolveTime[0] lb[728.873] ub[827] numArcs: [810381] numFixed: [1356] time: [150]
lambda: 0,8.03009,7.56634,4.12975,2.27237,9.03223,4.27044,5.48624,7.03403,11.1816,12.3207,15.5823,4.01676,8.10281,15.3689,6.22975,9.1389,2.49075,10.7547,9.12503,15.089,13.3537,9.34725,5.67372,17.2139,10.8584,1.6,5.52733,13.2226,4.22903,6.53395,17.7176,9.99642,8.57084,1.73466,4.95312,9.88059,9.20615,11.3553,6.51131,8.73595,9.69817,7.23009,8.78834,6.15938,4.42461,4.76454,9.3267,7.35447,6.08799,13.7917,3.92759,6.04293,9.07742,10.4139,8.36948,17.17,8.83716,8.5281,17.525,12.2954,11.5695,9.18728,6.28019,21.851,7.35931,21.1227,0,0.111583,8.3991,
mu: 
srcDuals: 
fixing. lower bound used: 708.448
percent fixed: 0.294957
updating best lambda
fixing. lower bound used: 708.448
fixed path dual: 12.1948
STATS - lpIterations[1] lagIterations[12] sspIterations[120] numSeparations[29] numCuts[0] compileTime[14] sspSolveTime[82] lpSolveTime[0] lb[735.836] ub[827] numArcs: [810882] numFixed: [2325] time: [163]
lambda: 0,8.23658,7.77283,4.33625,2.27237,9.23872,4.47693,5.07326,6.41456,11.3881,12.5272,15.1694,4.22325,8.3093,14.5429,6.43624,9.34539,2.69724,10.9612,7.88608,15.2955,13.5602,9.55374,5.88022,17.4204,11.0649,1.6,5.73382,13.4291,4.43553,6.74044,17.9241,10.2029,8.77733,1.94115,4.12716,10.0871,9.41264,10.9424,6.7178,8.94245,9.90466,7.43658,8.99484,6.36588,4.6311,4.35156,9.53319,7.56096,6.29448,13.9982,4.13408,6.24942,8.66443,10.6204,8.57597,17.3765,9.04365,8.5281,17.7315,12.5019,11.776,9.39377,6.48668,22.0574,6.94632,20.7097,0,0.318074,8.6056,
mu: 
srcDuals: 
fixing. lower bound used: 713.198
percent fixed: 0.39665
updating best lambda
fixing. lower bound used: 713.198
fixed path dual: 12.4086
STATS - lpIterations[1] lagIterations[13] sspIterations[130] numSeparations[30] numCuts[0] compileTime[14] sspSolveTime[88] lpSolveTime[0] lb[744.462] ub[827] numArcs: [811054] numFixed: [3151] time: [175]
lambda: 0,8.53253,6.885,4.63219,2.27237,9.53467,4.18099,5.3692,6.7105,11.684,12.8231,15.4653,4.51919,8.60524,14.8389,6.73219,8.75351,2.69724,10.3693,8.18203,15.5914,12.9683,9.84969,6.17616,16.8285,11.3608,1.6,6.02977,12.5413,4.73147,6.4445,18.2201,9.61102,9.07327,2.23709,4.4231,10.383,9.70858,11.2383,7.01375,9.23839,10.2006,7.73253,9.29078,6.66182,4.92705,4.6475,9.53319,7.56096,5.7026,13.4063,3.83814,6.54536,8.96038,10.9164,8.87191,17.6725,9.33959,8.82404,18.0275,12.7978,12.0719,8.50594,6.78262,22.3534,7.24227,21.0056,0,0,8.90154,
mu: 
srcDuals: 
fixing. lower bound used: 719.696
percent fixed: 0.596099
updating best lambda
fixing. lower bound used: 719.696
fixed path dual: 10.3882
fixing. lower bound used: 729.18
percent fixed: 1.06863
updating best lambda
fixing. lower bound used: 729.18
fixed path dual: 11.2702
fixing. lower bound used: 729.978
percent fixed: 1.14252
updating best lambda
fixing. lower bound used: 729.978
fixed path dual: 11.5266
STATS - lpIterations[1] lagIterations[16] sspIterations[160] numSeparations[39] numCuts[0] compileTime[14] sspSolveTime[111] lpSolveTime[0] lb[751.565] ub[827] numArcs: [812498] numFixed: [9149] time: [216]
lambda: 0,8.6439,7.82768,4.91232,2.43863,9.14191,4.95741,5.98061,6.16181,11.0739,12.4407,15.5177,4.79932,8.44023,15.7815,7.22973,9.03114,2.74964,11.3119,8.46216,15.6438,13.911,10.4599,5.95501,17.7712,12.3035,1.6,5.86475,13.484,4.78386,6.94204,19.1627,9.89115,9.68344,2.68224,4.37195,10.4354,9.76098,10.6281,6.40359,8.40049,9.97946,7.8439,9.40216,6.94195,5.86974,3.76629,9.58559,7.16821,6.64528,14.349,3.78574,5.8828,9.01277,11.1965,9.8146,17.4513,9.83713,8.44162,18.9702,12.8502,13.0146,9.1161,6.56148,22.9636,6.96338,21.058,0,0.942686,9.84423,
mu: 
srcDuals: 
fixing. lower bound used: 735.61
percent fixed: 1.53061
updating best lambda
fixing. lower bound used: 735.61
fixed path dual: 10.6595
fixing. lower bound used: 741.704
percent fixed: 2.12274
updating best lambda
fixing. lower bound used: 741.704
fixed path dual: 11.2182
STATS - lpIterations[1] lagIterations[18] sspIterations[180] numSeparations[44] numCuts[0] compileTime[14] sspSolveTime[125] lpSolveTime[0] lb[754.745] ub[827] numArcs: [813249] numFixed: [17207] time: [242]
lambda: 0,8.81315,7.0347,5.40231,2.60788,9.12417,4.80591,6.13211,6.6518,11.5639,12.9307,16.0077,5.28931,8.25324,15.5946,6.70425,8.5589,3.23962,10.8397,8.61366,15.4569,13.7595,10.6291,6.445,17.299,12.7935,1.6,5.50852,13.0117,4.59688,6.79054,19.6527,9.41891,10.1734,3.17222,4.18496,10.4177,9.2355,11.1181,6.89357,8.89048,10.1487,7.6924,9.5714,6.79045,6.02123,4.25627,9.56784,7.15046,6.17304,13.8767,4.27573,6.0343,9.16427,11.6865,10.3046,17.9413,9.31166,8.9316,19.4601,13.171,13.5046,8.32311,7.05146,23.1328,7.45337,21.548,0,0.470444,10.3342,
mu: 
srcDuals: 
fixing. lower bound used: 741.873
percent fixed: 2.23914
updating best lambda
fixing. lower bound used: 741.873
fixed path dual: 11.1873
STATS - lpIterations[1] lagIterations[19] sspIterations[190] numSeparations[45] numCuts[0] compileTime[14] sspSolveTime[133] lpSolveTime[0] lb[759.513] ub[827] numArcs: [813424] numFixed: [17816] time: [256]
lambda: 0,8.0517,7.28851,5.65612,2.60788,9.37798,4.5521,6.38592,6.90562,11.8177,13.1845,15.5001,5.54313,8.50705,15.8484,6.95807,8.81272,3.49344,11.0935,8.86747,15.7107,14.0133,10.8829,5.93737,17.5528,13.0473,1.6,5.76233,13.2655,4.85069,7.04435,19.9065,9.67273,9.15816,3.42604,4.43878,10.6715,9.48932,10.6105,7.14739,9.14429,9.64107,7.43859,9.06377,7.04427,6.27505,4.51009,9.82166,7.40428,6.42686,14.1306,4.27573,6.28812,8.91046,11.9403,10.5584,17.4337,9.56547,8.9316,19.714,13.4248,13.7584,8.57693,6.0362,23.3866,6.94574,21.0404,0,0.724259,10.588,
mu: 
srcDuals: 
fixing. lower bound used: 746.95
percent fixed: 2.94154
updating best lambda
fixing. lower bound used: 746.95
fixed path dual: 10.1269
fixing. lower bound used: 753.15
percent fixed: 4.33265
updating best lambda
fixing. lower bound used: 753.15
fixed path dual: 10.5102
STATS - lpIterations[1] lagIterations[21] sspIterations[210] numSeparations[50] numCuts[0] compileTime[14] sspSolveTime[147] lpSolveTime[0] lb[761.779] ub[827] numArcs: [814460] numFixed: [35275] time: [283]
lambda: 0,8.79827,8.03508,5.5738,2.94,8.79606,5.29867,5.88915,6.40885,11.7354,13.2668,16.2466,5.4608,8.42473,15.3516,7.04039,8.89504,3.90789,11.508,7.95626,15.1287,14.3454,10.6331,6.35182,17.9672,13.7939,1.6,5.34789,14.0121,3.93665,6.96203,20.6531,9.25828,9.90473,3.34371,4.7709,10.3394,8.9074,11.0249,7.06506,9.89086,9.7234,7.18879,9.81034,6.96194,6.02525,4.42777,9.48954,7.07216,6.8413,14.545,4.19341,6.2058,8.82813,11.858,11.305,17.8481,9.97992,9.01393,20.4605,13.5071,14.505,8.65925,6.78277,23.1368,7.36019,21.787,0,1.47083,10.9202,
mu: 
srcDuals: 
fixing. lower bound used: 755.988
percent fixed: 5.39419
updating best lambda
fixing. lower bound used: 755.988
fixed path dual: 10.463
STATS - lpIterations[1] lagIterations[22] sspIterations[220] numSeparations[54] numCuts[0] compileTime[14] sspSolveTime[154] lpSolveTime[0] lb[765.738] ub[827] numArcs: [814986] numFixed: [43956] time: [296]
lambda: 0,9.03144,6.86921,5.80697,3.17317,9.02924,5.29867,6.12233,6.64202,11.0358,13.5,16.4798,5.69398,8.6579,15.5848,7.27356,8.66187,3.67471,11.2748,8.18943,15.3619,14.3454,10.6331,6.58499,17.7341,13.5607,1.6,5.58106,13.0794,4.16982,6.96203,20.8863,9.49145,9.90473,3.57689,5.00407,10.5725,9.14057,11.2581,6.83189,9.19134,9.95657,7.42196,10.0435,7.19512,6.25843,4.66094,9.72271,7.30533,6.60813,14.3118,4.42658,6.43897,9.06131,12.0911,11.5381,18.0813,10.2131,9.2471,20.6937,13.7403,14.7381,8.1929,7.01594,23.37,7.59336,22.0201,0,0.53813,11.1533,
mu: 
srcDuals: 
fixing. lower bound used: 760.418
percent fixed: 7.38978
updating best lambda
fixing. lower bound used: 760.418
fixed path dual: 9.75202
fixing. lower bound used: 763.834
percent fixed: 9.61493
updating best lambda
fixing. lower bound used: 763.834
fixed path dual: 9.98645
STATS - lpIterations[1] lagIterations[24] sspIterations[240] numSeparations[58] numCuts[0] compileTime[14] sspSolveTime[171] lpSolveTime[0] lb[766.369] ub[827] numArcs: [815567] numFixed: [78482] time: [326]
lambda: 0,8.63058,7.26935,5.40611,3.37342,9.42938,5.09806,6.32258,7.04216,11.2357,13.3005,15.6806,5.89387,9.05804,15.9849,7.6737,8.46126,3.8746,11.0742,8.58957,15.7621,14.5453,11.0333,6.18413,17.9339,13.5603,1.80025,5.9812,13.4795,4.56996,6.96167,21.2864,9.89159,9.30362,3.37736,5.40421,10.7724,9.54071,10.4589,7.23203,9.59148,9.55571,7.62185,9.64265,6.79426,6.65856,4.86119,9.9226,7.50522,6.80802,13.911,4.22597,6.43933,9.06167,12.4913,11.738,17.6804,10.6132,9.24746,21.0938,14.1404,15.1383,8.59304,6.41484,23.7701,6.79416,21.4208,0,0.93827,11.3532,
mu: 
srcDuals: 
fixing. lower bound used: 765.896
percent fixed: 11.396
updating best lambda
fixing. lower bound used: 765.896
fixed path dual: 10.3454
STATS - lpIterations[1] lagIterations[25] sspIterations[250] numSeparations[61] numCuts[0] compileTime[14] sspSolveTime[179] lpSolveTime[0] lb[771.024] ub[827] numArcs: [816122] numFixed: [93079] time: [340]
lambda: 0,8.80818,7.44695,5.58371,3.19583,9.25178,5.27565,5.78978,6.86456,11.4133,13.4781,15.8582,6.07146,8.34765,15.6297,7.14091,8.63885,4.0522,11.2518,8.41197,15.7621,14.7229,11.2108,6.36173,18.1115,13.7379,1.80025,5.09321,13.6571,4.74756,6.96167,21.464,10.0692,9.48122,3.19976,4.69382,10.95,9.36311,10.6365,7.40963,9.76908,9.73331,7.79945,9.82025,6.97185,6.30337,4.50599,10.1002,7.50522,6.98561,14.0886,4.40357,5.55134,8.88407,12.4913,11.9156,17.858,10.0804,9.42506,21.2714,14.318,15.3159,8.77064,6.59243,23.9477,6.97176,21.5984,0,1.11587,11.5308,
mu: 
srcDuals: 
fixing. lower bound used: 766.88
percent fixed: 12.4681
updating best lambda
fixing. lower bound used: 766.88
fixed path dual: 10.47
STATS - lpIterations[1] lagIterations[26] sspIterations[260] numSeparations[64] numCuts[0] compileTime[14] sspSolveTime[187] lpSolveTime[0] lb[775.899] ub[827] numArcs: [816566] numFixed: [101484] time: [354]
lambda: 0,9.11054,7.74931,5.28135,3.49819,9.55414,5.57802,6.09215,7.16693,11.111,13.7804,16.1606,5.46674,8.65002,15.9321,7.44327,8.33649,4.0522,11.5541,8.71433,16.0644,13.5135,10.9085,6.05937,18.4139,14.0403,1.80025,5.39558,13.6571,5.04992,6.96167,21.7664,9.46447,9.78358,3.50212,4.99619,10.6477,9.66548,10.9389,7.10727,9.46671,9.43095,7.49709,10.1226,6.66949,6.60573,4.80836,8.89075,6.9005,7.28798,14.3909,4.10121,5.8537,9.18643,12.7936,12.218,17.5557,10.3828,9.72742,21.5738,14.6204,15.3159,8.46828,6.8948,23.6454,7.27412,21.9008,0,1.41823,11.2284,
mu: 
srcDuals: 
fixing. lower bound used: 770.508
percent fixed: 16.0632
updating best lambda
fixing. lower bound used: 770.508
fixed path dual: 8.94889
fixing. lower bound used: 767.303
percent fixed: 16.0757
updating best lambda
fixing. lower bound used: 767.303
fixed path dual: 9.4165
fixing. lower bound used: 771.115
percent fixed: 16.9453
updating best lambda
fixing. lower bound used: 771.115
fixed path dual: 9.62083
fixing. lower bound used: 772.524
percent fixed: 18.8946
updating best lambda
fixing. lower bound used: 772.524
fixed path dual: 9.16028
STATS - lpIterations[1] lagIterations[30] sspIterations[300] numSeparations[77] numCuts[0] compileTime[14] sspSolveTime[222] lpSolveTime[0] lb[776.065] ub[827] numArcs: [818534] numFixed: [154520] time: [416]
lambda: 0,9.20853,8.45024,5.42117,3.60426,9.42825,5.70391,6.19822,6.84313,11.636,13.0438,16.1134,5.40002,8.72818,15.7696,7.70261,8.30831,4.31153,11.043,8.81232,15.9385,14.6164,11.0065,7.16225,18.6732,14.3727,2.19384,6.00996,14.1738,5.34581,7.67933,22.8693,9.7238,9.50751,3.91553,4.41197,10.9801,9.53959,9.84715,7.63232,10.1844,10.1319,7.79605,10.4216,6.61671,6.15577,4.79999,9.22319,7.23293,7.54731,13.4946,4.62626,6.04632,9.86754,12.8916,12.9357,18.6585,10.6421,9.19174,21.8331,15.338,16.0335,8.56626,7.3082,23.9443,6.38338,21.5851,0.200981,1.53295,11.9461,
mu: 
srcDuals: 
fixing. lower bound used: 775.531
percent fixed: 22.7849
updating best lambda
fixing. lower bound used: 775.531
fixed path dual: 9.24585
STATS - lpIterations[1] lagIterations[31] sspIterations[310] numSeparations[78] numCuts[0] compileTime[14] sspSolveTime[231] lpSolveTime[0] lb[776.921] ub[827] numArcs: [818714] numFixed: [186880] time: [432]
lambda: 0,8.6389,8.33631,5.5351,3.71819,9.54218,5.58998,6.31215,6.95706,11.7499,13.1577,16.2273,5.51394,8.84211,15.8836,7.81653,8.08046,4.42546,11.157,8.92624,16.0525,14.5024,11.0065,6.59262,18.7872,14.4866,2.30777,6.12389,14.0599,5.45974,7.56541,22.9832,9.83773,9.27966,4.02946,4.5259,11.094,9.65351,9.96108,7.74624,10.2983,9.33439,7.45427,9.73802,6.73063,6.2697,4.91391,9.33711,7.34686,7.66124,13.6085,4.62626,6.16024,9.98147,13.0055,13.0496,18.0889,10.7561,9.30566,21.9471,15.452,16.1475,8.33841,6.73857,23.8304,6.49731,21.699,0.200981,1.41902,12.06,
mu: 
srcDuals: 
fixing. lower bound used: 776.517
percent fixed: 24.3842
updating best lambda
fixing. lower bound used: 776.517
fixed path dual: 9.25111
fixing. lower bound used: 776.394
percent fixed: 25.0933
updating best lambda
fixing. lower bound used: 776.394
fixed path dual: 9.41719
STATS - lpIterations[1] lagIterations[33] sspIterations[330] numSeparations[80] numCuts[0] compileTime[14] sspSolveTime[250] lpSolveTime[0] lb[779.481] ub[827] numArcs: [818878] numFixed: [198813] time: [464]
lambda: 0,9.03213,8.72954,5.7216,3.92492,9.37591,5.98321,5.67172,6.93683,11.5432,13.5509,16.4138,5.51394,8.65561,15.6566,7.65027,7.64676,4.1985,10.7233,8.69928,15.5132,14.5227,11.3997,6.98585,18.3535,14.6731,2.5145,5.77112,14.0801,5.29347,7.58564,23.3764,9.61076,9.67289,4.02946,4.29893,10.3683,9.11425,10.3543,7.74624,10.3185,9.72762,7.84751,10.1313,6.7104,6.28993,4.91391,8.98435,6.99409,7.22754,13.1748,4.60603,6.16024,9.34104,13.192,13.4428,18.4821,10.5898,9.69889,22.3403,15.4722,16.1677,8.73164,7.1318,24.2236,6.89054,22.0922,0.387481,1.43926,11.7073,
mu: 
srcDuals: 
fixing. lower bound used: 778.76
percent fixed: 28.2132
updating best lambda
fixing. lower bound used: 778.76
fixed path dual: 9.57283
STATS - lpIterations[1] lagIterations[34] sspIterations[340] numSeparations[82] numCuts[0] compileTime[14] sspSolveTime[259] lpSolveTime[0] lb[783.623] ub[827] numArcs: [819191] numFixed: [231503] time: [481]
lambda: 0,9.2476,8.08313,5.93707,3.70945,9.59138,5.98321,5.88719,7.1523,11.7587,13.7664,16.6293,5.72941,8.87108,15.8721,7.86574,7.64676,4.41397,10.9387,8.91475,15.7287,14.5227,10.5378,6.55491,18.5689,14.8886,2.5145,5.55565,13.4337,5.50894,7.58564,23.5919,9.82623,9.88836,3.81399,4.5144,10.5837,9.32972,10.5698,7.96171,10.534,9.29668,7.41657,10.3467,6.92587,6.07446,4.69844,9.19982,7.20956,7.44301,13.3903,4.82149,5.94477,9.55651,13.4075,13.6583,18.0512,10.8053,9.91436,22.5558,15.6877,16.3832,7.65429,6.91633,23.7927,7.10601,22.3077,0.387481,1.00832,11.9227,
mu: 
srcDuals: 
fixing. lower bound used: 782.717
percent fixed: 34.9123
updating best lambda
fixing. lower bound used: 782.717
fixed path dual: 8.65525
fixing. lower bound used: 778.079
percent fixed: 34.9267
updating best lambda
fixing. lower bound used: 778.079
fixed path dual: 9.30289
fixing. lower bound used: 782.776
percent fixed: 35.9068
updating best lambda
fixing. lower bound used: 782.776
fixed path dual: 8.62268
fixing. lower bound used: 780.572
percent fixed: 35.1302
fixing. lower bound used: 782.776
fixed path dual: 9.23291
STATS - lpIterations[1] lagIterations[38] sspIterations[380] numSeparations[90] numCuts[0] compileTime[14] sspSolveTime[295] lpSolveTime[0] lb[787.005] ub[827] numArcs: [820368] numFixed: [288054] time: [543]
lambda: 0,8.70737,8.65327,6.05048,4.6315,9.49708,6.27634,6.00436,7.25452,11.0634,13.8574,16.7203,5.58819,8.88227,15.9106,8.17797,7.73779,4.53856,11.0298,9.12921,15.8376,14.8895,10.932,6.71851,18.66,14.9908,2.89372,5.80535,13.394,5.41464,7.54596,24.5139,9.95083,9.876,3.42474,4.90481,10.6927,9.43869,10.6832,7.82049,10.127,8.93241,7.63479,9.63054,7.03928,6.3867,4.51247,9.10552,7.11526,7.53404,13.2155,4.89523,5.93358,9.95069,13.3562,14.5803,18.2148,11.1175,10.0054,22.7702,16.2032,16.3435,8.04847,6.72802,24.0109,6.66541,22.1441,0.766705,1.17191,12.4382,
mu: 
srcDuals: 
fixing. lower bound used: 786.366
percent fixed: 41.7804
updating best lambda
fixing. lower bound used: 786.366
fixed path dual: 8.915
fixing. lower bound used: 783.907
percent fixed: 41.8359
updating best lambda
fixing. lower bound used: 783.907
fixed path dual: 8.84063
fixing. lower bound used: 785.524
percent fixed: 40.2532
fixing. lower bound used: 783.907
fixed path dual: 7.86956
fixing. lower bound used: 782.766
percent fixed: 40.275
fixing. lower bound used: 783.907
fixed path dual: 8.26354
fixing. lower bound used: 785.05
percent fixed: 39.8042
fixing. lower bound used: 783.907
fixed path dual: 8.49781
STATS - lpIterations[1] lagIterations[43] sspIterations[430] numSeparations[99] numCuts[0] compileTime[14] sspSolveTime[342] lpSolveTime[0] lb[788.35] ub[827] numArcs: [822134] numFixed: [308283] time: [622]
lambda: 0,9.06681,8.5078,5.76462,5.14634,9.70322,6.40489,5.96987,7.65146,11.018,13.8028,17.1604,5.66759,8.46686,15.8174,7.77089,7.51343,4.98783,10.9797,8.91293,15.8655,14.7087,11.5814,6.788,18.7256,15.1905,3.16352,5.68822,12.9774,5.62077,7.4005,24.9586,10.0302,10.1092,4.07414,5.04747,10.7476,9.46653,10.8828,7.77507,10.5762,9.0019,7.99423,9.98998,6.50837,6.59284,4.90941,9.19585,7.4768,7.59963,13.0499,4.82965,6.13139,10.3476,13.6823,14.9048,18.2843,10.7104,10.0756,23.2195,16.8359,16.198,8.42666,7.08746,24.6603,6.61539,22.2189,1.0365,1.29765,12.7998,
mu: 
srcDuals: 
fixing. lower bound used: 787.85
percent fixed: 44.617
updating best lambda
fixing. lower bound used: 787.85
fixed path dual: 7.93162
fixing. lower bound used: 784.686
percent fixed: 44.684
updating best lambda
fixing. lower bound used: 784.686
fixed path dual: 8.26535
STATS - lpIterations[1] lagIterations[45] sspIterations[450] numSeparations[105] numCuts[0] compileTime[14] sspSolveTime[363] lpSolveTime[0] lb[788.638] ub[827] numArcs: [822972] numFixed: [324210] time: [656]
lambda: 0,8.91196,8.78345,5.90812,5.01419,9.57107,6.53703,5.83773,6.96802,11.0067,13.7914,17.3039,5.79974,8.61036,16.2366,8.19004,7.93258,4.85568,11.2554,8.78079,15.7333,15.1278,10.996,7.06364,19.1447,15.3226,3.30703,5.55607,13.3965,5.48863,7.81965,24.9473,10.1624,10.2414,3.11505,4.36403,10.6155,9.33439,11.302,7.76372,10.4441,9.27755,7.55237,9.83512,6.65188,6.46069,4.50162,9.0637,7.34466,8.01878,13.182,5.2488,5.7236,10.2155,13.5501,15.1804,18.5599,11.1296,10.0642,23.6386,16.7038,16.6172,7.9848,7.36311,24.075,7.03453,22.6381,1.18001,1.4298,13.2189,
mu: 
srcDuals: 
fixing. lower bound used: 787.25
percent fixed: 43.9092
fixing. lower bound used: 784.686
fixed path dual: 8.15247
fixing. lower bound used: 786.821
percent fixed: 42.7314
fixing. lower bound used: 784.686
fixed path dual: 8.75211
STATS - lpIterations[1] lagIterations[47] sspIterations[470] numSeparations[111] numCuts[0] compileTime[14] sspSolveTime[383] lpSolveTime[0] lb[792.947] ub[827] numArcs: [824353] numFixed: [325041] time: [690]
lambda: 0,9.16304,9.03454,6.05672,5.26528,9.82216,6.68564,6.08882,7.21911,11.1553,14.0425,17.1091,5.84586,8.56424,16.1905,7.99532,7.67125,4.9018,10.6866,9.03187,15.5386,14.7845,11.2471,7.10976,18.7809,14.9588,3.45563,5.50995,13.3504,5.73972,7.62493,25.1983,10.106,10.2875,3.36614,4.31791,10.1236,9.28827,10.81,7.80984,10.5927,9.52863,7.80346,10.0862,6.698,6.71178,4.75271,9.16619,7.44714,7.65497,12.6132,5.08995,5.97469,10.318,13.8012,14.9191,18.6061,10.9348,10.0181,23.5925,16.8063,16.5711,8.23589,7.30674,24.326,6.5426,22.1461,1.43109,1.38368,12.4298,
mu: 
srcDuals: 
fixing. lower bound used: 792.299
percent fixed: 52.9098
updating best lambda
fixing. lower bound used: 792.299
fixed path dual: 5.76655
fixing. lower bound used: 771.605
percent fixed: 52.9185
updating best lambda
fixing. lower bound used: 771.605
fixed path dual: 7.33039
fixing. lower bound used: 785.041
percent fixed: 39.9647
fixing. lower bound used: 771.605
fixed path dual: 7.17462
fixing. lower bound used: 784.218
percent fixed: 38.147
fixing. lower bound used: 771.605
fixed path dual: 7.52687
fixing. lower bound used: 788.466
percent fixed: 46.1966
fixing. lower bound used: 771.605
fixed path dual: 7.78692
fixing. lower bound used: 791.048
percent fixed: 51.1207
fixing. lower bound used: 771.605
fixed path dual: 7.14294
fixing. lower bound used: 786.56
percent fixed: 51.1243
fixing. lower bound used: 771.605
fixed path dual: 7.54144
fixing. lower bound used: 789.082
percent fixed: 47.2623
fixing. lower bound used: 771.605
fixed path dual: 7.71709
fixing. lower bound used: 792.297
percent fixed: 52.8943
fixing. lower bound used: 771.605
fixed path dual: 7.46647
fixing. lower bound used: 791.651
percent fixed: 51.9103
fixing. lower bound used: 771.605
fixed path dual: 7.33425
fixing. lower bound used: 790.171
percent fixed: 49.2913
fixing. lower bound used: 771.605
fixed path dual: 7.70038
fixing. lower bound used: 791.797
percent fixed: 52.2314
fixing. lower bound used: 771.605
fixed path dual: 7.27346
fixing. lower bound used: 791.067
percent fixed: 52.6618
fixing. lower bound used: 771.605
fixed path dual: 7.25683
fixing. lower bound used: 791.939
percent fixed: 52.7965
fixing. lower bound used: 771.605
fixed path dual: 7.45894
STATS - lpIterations[1] lagIterations[61] sspIterations[610] numSeparations[131] numCuts[0] compileTime[14] sspSolveTime[497] lpSolveTime[0] lb[793.599] ub[827] numArcs: [828406] numFixed: [150751] time: [917]
lambda: 0,8.90459,9.73756,6.76812,5.7014,9.97133,6.81525,6.2937,7.6985,11.0685,13.9743,18.2113,5.3426,8.39964,16.0899,7.97784,7.69446,5.34078,11.1093,8.94192,15.3825,15.1661,11.7143,7.42732,19.414,15.2669,4.44716,5.35205,13.3467,5.38887,7.41858,25.7087,10.4388,9.45774,3.3177,4.61678,9.71186,9.2526,10.8315,7.72307,10.6628,9.97348,8.23613,10.0391,6.57086,6.40589,5.47264,9.21181,7.68898,8.28812,12.8256,5.56498,5.66424,10.3244,14.2806,15.6752,18.9236,11.0403,9.88235,24.1639,16.9835,17.0324,7.90892,7.20156,24.7932,6.86952,22.473,2.50029,1.62431,13.3031,
mu: 
srcDuals: 
fixing. lower bound used: 792.878
percent fixed: 54.4015
updating best lambda
fixing. lower bound used: 792.878
fixed path dual: 7.1865
fixing. lower bound used: 791.718
percent fixed: 54.672
updating best lambda
fixing. lower bound used: 791.718
fixed path dual: 6.91631
fixing. lower bound used: 789.635
percent fixed: 52.6285
fixing. lower bound used: 791.718
fixed path dual: 7.57082
STATS - lpIterations[1] lagIterations[64] sspIterations[640] numSeparations[136] numCuts[0] compileTime[14] sspSolveTime[526] lpSolveTime[0] lb[795.575] ub[827] numArcs: [829105] numFixed: [437445] time: [967]
lambda: 0,9.41884,9.29469,6.56453,5.8944,10.2106,7.3295,6.23289,7.43805,11.5828,14.1528,17.7183,5.37829,8.16432,16.0291,7.95668,7.87294,5.61574,11.1199,8.89564,15.4076,15.2018,11.5107,7.22372,19.5925,15.2775,4.48284,5.54506,13.3824,5.09275,7.45426,26.0551,9.89945,9.97198,3.29653,4.55598,9.73698,9.27772,10.6742,8.23731,10.4592,9.76988,8.03253,10.5534,6.36726,6.38473,5.55856,9.23692,7.92826,8.4666,12.8362,5.36138,5.85724,10.4314,14.1524,15.5179,18.72,11.0192,10.2287,24.1031,17.0086,17.0681,8.18389,6.99796,24.5896,6.37647,21.98,2.66817,1.65999,13.6032,
mu: 
srcDuals: 
fixing. lower bound used: 794.799
percent fixed: 57.6593
updating best lambda
fixing. lower bound used: 794.799
fixed path dual: 7.06303
fixing. lower bound used: 791.188
percent fixed: 57.6638
updating best lambda
fixing. lower bound used: 791.188
fixed path dual: 6.98571
fixing. lower bound used: 791.432
percent fixed: 57.6953
updating best lambda
fixing. lower bound used: 791.432
fixed path dual: 7.51813
STATS - lpIterations[1] lagIterations[67] sspIterations[670] numSeparations[140] numCuts[0] compileTime[14] sspSolveTime[555] lpSolveTime[0] lb[795.767] ub[827] numArcs: [829328] numFixed: [431410] time: [1015]
lambda: 0,9.12906,9.42311,6.49413,6.03722,10.339,7.17843,6.1625,7.36766,11.1065,14.0948,18.2875,5.11116,8.73358,15.9587,8.379,7.58933,5.55771,10.8363,8.82525,15.3891,15.1832,11.1983,7.22784,19.3089,15.2112,4.84301,5.68788,13.3865,5.22117,7.31144,25.997,10.2555,9.97611,3.43936,4.69881,9.30026,9.40614,11.2434,7.76109,10.6102,9.774,7.86706,10.1167,6.29687,6.52756,5.48817,9.24105,7.93238,8.18299,12.5526,5.51245,6.00007,10.3611,14.7216,15.6607,18.7241,11.4415,10.1707,24.2459,16.9901,17.0722,8.01842,7.00208,24.4242,6.94573,22.5493,2.81512,1.51717,13.1664,
mu: 
srcDuals: 
fixing. lower bound used: 794.618
percent fixed: 57.4621
fixing. lower bound used: 791.432
fixed path dual: 7.21247
fixing. lower bound used: 795.344
percent fixed: 58.4014
updating best lambda
fixing. lower bound used: 795.344
fixed path dual: 6.67798
fixing. lower bound used: 790.451
percent fixed: 58.4034
updating best lambda
fixing. lower bound used: 790.451
fixed path dual: 7.31752
STATS - lpIterations[1] lagIterations[70] sspIterations[700] numSeparations[145] numCuts[0] compileTime[14] sspSolveTime[584] lpSolveTime[0] lb[796.061] ub[827] numArcs: [829909] numFixed: [486442] time: [1064]
lambda: 0,9.21447,9.50851,6.57953,6.24246,10.3058,7.49515,6.19633,7.45306,11.3639,14.1808,17.9785,5.19656,8.58766,16.1639,8.25977,7.84674,5.41179,11.0937,8.67933,15.0652,15.2686,11.7463,7.31324,19.5663,15.178,4.64551,5.60248,13.4719,5.10194,7.39684,26.2544,10.0503,10.0615,3.41327,4.90404,9.12171,9.2276,10.9345,8.0185,10.4643,9.8594,8.4151,10.2021,6.38227,6.35615,5.69341,9.0625,7.75383,8.4404,12.81,4.90388,6.20531,10.3949,14.1131,15.9182,18.8095,11.3223,9.91388,24.4512,16.8115,17.1576,8.56646,7.08748,24.9722,6.63675,22.2403,2.96044,1.60257,13.2785,
mu: 
srcDuals: 
fixing. lower bound used: 795.683
percent fixed: 59.7364
updating best lambda
fixing. lower bound used: 795.683
fixed path dual: 6.77859
fixing. lower bound used: 792.278
percent fixed: 59.754
updating best lambda
fixing. lower bound used: 792.278
fixed path dual: 6.53267
fixing. lower bound used: 789.783
percent fixed: 53.4684
fixing. lower bound used: 792.278
fixed path dual: 7.34331
STATS - lpIterations[1] lagIterations[73] sspIterations[730] numSeparations[148] numCuts[0] compileTime[14] sspSolveTime[613] lpSolveTime[0] lb[797.982] ub[827] numArcs: [830214] numFixed: [445069] time: [1113]
lambda: 0,9.7112,9.39034,6.61887,6.29772,10.2349,7.55042,6.23566,7.39779,11.1746,13.9914,18.4753,5.00719,8.32759,15.7458,7.9997,7.71264,5.67983,11.1331,8.71866,15.5619,15.5762,11.5493,7.11624,19.6057,15.2173,4.28271,5.37395,13.4326,5.31487,7.42057,26.0651,10.547,10.2114,3.46854,4.48597,9.61845,9.72434,10.9738,7.82913,10.7324,9.6624,8.21811,10.6988,6.4216,6.22222,5.46487,9.55924,7.96677,8.47973,12.8493,5.40062,5.69297,10.4342,14.6098,15.9575,18.6125,11.0622,9.49581,24.0331,17.3083,17.4652,8.10143,7.06392,24.7752,6.67608,22.2796,3.09454,1.65783,13.7753,
mu: 
srcDuals: 
fixing. lower bound used: 797.053
percent fixed: 61.8865
updating best lambda
fixing. lower bound used: 797.053
fixed path dual: 7.04975
fixing. lower bound used: 794.56
percent fixed: 61.9438
updating best lambda
fixing. lower bound used: 794.56
fixed path dual: 7.1131
fixing. lower bound used: 795.822
percent fixed: 59.8825
fixing. lower bound used: 794.56
fixed path dual: 6.27884
fixing. lower bound used: 790.781
percent fixed: 57.9356
fixing. lower bound used: 794.56
fixed path dual: 6.09866
fixing. lower bound used: 789.814
percent fixed: 58.0061
fixing. lower bound used: 794.56
fixed path dual: 6.93405
fixing. lower bound used: 795.949
percent fixed: 60.1233
fixing. lower bound used: 794.56
fixed path dual: 7.05763
fixing. lower bound used: 796.826
percent fixed: 61.6584
fixing. lower bound used: 794.56
fixed path dual: 6.86662
fixing. lower bound used: 795.95
percent fixed: 60.2119
fixing. lower bound used: 794.56
fixed path dual: 6.18874
fixing. lower bound used: 790.889
percent fixed: 57.9379
fixing. lower bound used: 794.56
fixed path dual: 6.95899
STATS - lpIterations[1] lagIterations[82] sspIterations[820] numSeparations[166] numCuts[0] compileTime[14] sspSolveTime[707] lpSolveTime[0] lb[798.578] ub[827] numArcs: [832638] numFixed: [484093] time: [1266]
lambda: 0,9.09821,9.60009,7.03825,6.32546,10.5969,7.04159,6.43764,7.64414,11.5781,14.2177,18.8927,5.27088,8.61032,16.1918,8.77377,7.59641,5.62894,11.2384,8.87846,15.4328,14.9846,11.8163,7.13791,19.5717,15.0942,4.50173,5.56624,13.0154,5.44125,6.95282,26.6592,10.7061,10.2222,3.57547,4.67463,9.31456,9.59517,11.1967,8.23268,10.6815,9.20659,7.80929,10.3361,6.6125,6.52913,5.34994,9.35396,7.80636,8.32333,12.7262,5.20359,5.77801,10.48,14.9082,15.9737,18.6342,11.8363,9.95059,24.4791,17.1791,16.8479,8.3717,6.981,25.0422,6.89901,22.2548,3.30003,1.71614,14.0668,
mu: 
srcDuals: 
fixing. lower bound used: 798.163
percent fixed: 64.0463
updating best lambda
fixing. lower bound used: 798.163
fixed path dual: 6.69186
fixing. lower bound used: 796.016
percent fixed: 64.074
updating best lambda
fixing. lower bound used: 796.016
fixed path dual: 6.70442
fixing. lower bound used: 797.07
percent fixed: 64.1997
updating best lambda
fixing. lower bound used: 797.07
fixed path dual: 6.58607
fixing. lower bound used: 796.351
percent fixed: 62.4489
fixing. lower bound used: 797.07
fixed path dual: 5.83411
fixing. lower bound used: 790.635
percent fixed: 62.5251
fixing. lower bound used: 797.07
fixed path dual: 6.44896
fixing. lower bound used: 796.406
percent fixed: 62.4135
fixing. lower bound used: 797.07
fixed path dual: 6.23555
fixing. lower bound used: 794.284
percent fixed: 62.1315
fixing. lower bound used: 797.07
fixed path dual: 5.72969
fixing. lower bound used: 790.793
percent fixed: 62.2053
fixing. lower bound used: 797.07
fixed path dual: 6.3451
fixing. lower bound used: 796.183
percent fixed: 62.3094
fixing. lower bound used: 797.07
fixed path dual: 6.49396
fixing. lower bound used: 797.5
percent fixed: 63.2367
fixing. lower bound used: 797.07
fixed path dual: 6.18359
fixing. lower bound used: 795.208
percent fixed: 63.3079
fixing. lower bound used: 797.07
fixed path dual: 6.38372
fixing. lower bound used: 795.511
percent fixed: 62.1815
fixing. lower bound used: 797.07
fixed path dual: 6.251
fixing. lower bound used: 795.791
percent fixed: 62.2815
fixing. lower bound used: 797.07
fixed path dual: 6.23798
fixing. lower bound used: 795.957
percent fixed: 62.5079
fixing. lower bound used: 797.07
fixed path dual: 6.42491
fixing. lower bound used: 796.705
percent fixed: 62.7853
fixing. lower bound used: 797.07
fixed path dual: 6.31239
fixing. lower bound used: 797.95
percent fixed: 63.9964
fixing. lower bound used: 797.07
fixed path dual: 6.65265
STATS - lpIterations[1] lagIterations[98] sspIterations[980] numSeparations[186] numCuts[0] compileTime[14] sspSolveTime[862] lpSolveTime[0] lb[801.177] ub[827] numArcs: [835669] numFixed: [521061] time: [1523]
lambda: 0,9.4026,9.46441,6.82487,6.75028,10.9665,7.62374,6.30693,7.44899,11.1065,13.6518,19.3181,4.98882,8.20283,16.3658,8.57364,7.90723,5.85438,11.6508,8.55096,15.7356,15.7549,11.6343,7.40606,19.6325,14.8705,4.60701,5.43506,13.2638,5.32939,7.57145,26.7449,10.5609,10.2978,3.6997,4.42935,9.2178,9.61492,11.0972,7.76102,10.6256,9.6253,7.90178,10.9647,6.39913,6.31528,5.72327,9.8242,8.233,8.38413,12.8188,5.27139,5.97252,10.2818,14.9954,16.3978,18.9024,11.5893,9.55062,24.8348,17.482,17.2781,8.745,7.04814,25.3854,6.92166,22.3406,3.44172,1.74399,14.029,
mu: 
srcDuals: 
fixing. lower bound used: 800.972
percent fixed: 68.9798
updating best lambda
fixing. lower bound used: 800.972
fixed path dual: 6.30486
fixing. lower bound used: 797.164
percent fixed: 69.0669
updating best lambda
fixing. lower bound used: 797.164
fixed path dual: 5.98069
fixing. lower bound used: 795.493
percent fixed: 62.2861
fixing. lower bound used: 797.164
fixed path dual: 5.75192
fixing. lower bound used: 793.137
percent fixed: 62.2489
fixing. lower bound used: 797.164
fixed path dual: 6.07826
fixing. lower bound used: 795.285
percent fixed: 62.3428
fixing. lower bound used: 797.164
fixed path dual: 6.18055
fixing. lower bound used: 796.501
percent fixed: 62.6843
fixing. lower bound used: 797.164
fixed path dual: 6.33303
fixing. lower bound used: 797.613
percent fixed: 63.4879
fixing. lower bound used: 797.164
fixed path dual: 6.11012
fixing. lower bound used: 796.161
percent fixed: 62.4011
fixing. lower bound used: 797.164
fixed path dual: 5.86804
fixing. lower bound used: 796.333
percent fixed: 62.519
fixing. lower bound used: 797.164
fixed path dual: 5.86125
fixing. lower bound used: 795.826
percent fixed: 62.6313
fixing. lower bound used: 797.164
fixed path dual: 5.98916
fixing. lower bound used: 795.532
percent fixed: 62.279
fixing. lower bound used: 797.164
fixed path dual: 6.25463
fixing. lower bound used: 798.543
percent fixed: 65.0975
fixing. lower bound used: 797.164
fixed path dual: 5.70056
fixing. lower bound used: 795.507
percent fixed: 62.302
fixing. lower bound used: 797.164
fixed path dual: 5.96443
fixing. lower bound used: 797.574
percent fixed: 63.1169
fixing. lower bound used: 797.164
fixed path dual: 5.94775
fixing. lower bound used: 796.712
percent fixed: 63.3538
fixing. lower bound used: 797.164
fixed path dual: 5.70386
fixing. lower bound used: 796.954
percent fixed: 62.7627
fixing. lower bound used: 797.164
fixed path dual: 5.7472
fixing. lower bound used: 796.074
percent fixed: 62.8464
fixing. lower bound used: 797.164
fixed path dual: 5.95843
fixing. lower bound used: 799.564
percent fixed: 66.5932
fixing. lower bound used: 797.164
fixed path dual: 5.76424
fixing. lower bound used: 796.34
percent fixed: 62.3694
fixing. lower bound used: 797.164
fixed path dual: 6.16868
fixing. lower bound used: 800.08
percent fixed: 67.7854
fixing. lower bound used: 797.164
fixed path dual: 5.8125
fixing. lower bound used: 798.575
percent fixed: 64.7919
fixing. lower bound used: 797.164
fixed path dual: 5.78597
fixing. lower bound used: 797.944
percent fixed: 63.8431
fixing. lower bound used: 797.164
fixed path dual: 6.08056
fixing. lower bound used: 799.955
percent fixed: 67.1569
fixing. lower bound used: 797.164
fixed path dual: 5.37488
fixing. lower bound used: 796.338
percent fixed: 67.165
fixing. lower bound used: 797.164
fixed path dual: 4.74472
fixing. lower bound used: 789.789
percent fixed: 67.164
fixing. lower bound used: 797.164
fixed path dual: 6.08169
STATS - lpIterations[1] lagIterations[123] sspIterations[1230] numSeparations[202] numCuts[0] compileTime[14] sspSolveTime[1099] lpSolveTime[0] lb[802.099] ub[827] numArcs: [838069] numFixed: [524088] time: [1922]
lambda: 0,9.59375,9.75046,6.76662,7.0795,10.9657,7.50333,6.52545,7.58174,11.5279,13.9873,19.7142,5.06702,8.2924,16.1122,8.30703,8.11813,5.98808,12.0134,8.8905,15.5301,15.646,11.7423,7.49092,19.5136,14.9681,5.04132,5.83248,13.447,5.496,7.3406,27.5239,10.3543,10.2562,3.46509,4.12947,8.91894,9.51802,11.1281,8.18243,10.9455,10.2489,8.05947,10.9306,6.49376,6.6176,5.58725,9.74741,8.14017,8.26529,12.7522,4.98884,6.28175,10.5051,15.8179,16.4581,18.9872,11.3227,10.0068,25.1051,17.4486,17.3958,8.62654,7.02997,25.6476,7.15462,22.046,3.69163,1.62045,14.0495,
mu: 
srcDuals: 
fixing. lower bound used: 801.853
percent fixed: 70.7238
updating best lambda
fixing. lower bound used: 801.853
fixed path dual: 5.91894
fixing. lower bound used: 799.73
percent fixed: 70.8248
updating best lambda
fixing. lower bound used: 799.73
fixed path dual: 5.60844
fixing. lower bound used: 796.854
percent fixed: 67.1579
fixing. lower bound used: 799.73
fixed path dual: 5.8754
fixing. lower bound used: 799.009
percent fixed: 67.3563
fixing. lower bound used: 799.73
fixed path dual: 6.07079
fixing. lower bound used: 800.594
percent fixed: 68.5599
fixing. lower bound used: 799.73
fixed path dual: 5.75788
fixing. lower bound used: 799.18
percent fixed: 67.2787
fixing. lower bound used: 799.73
fixed path dual: 5.87033
fixing. lower bound used: 799.492
percent fixed: 67.7663
fixing. lower bound used: 799.73
fixed path dual: 5.604
fixing. lower bound used: 798.674
percent fixed: 67.2856
fixing. lower bound used: 799.73
fixed path dual: 5.65328
fixing. lower bound used: 798.636
percent fixed: 67.1973
fixing. lower bound used: 799.73
fixed path dual: 5.79266
fixing. lower bound used: 799.018
percent fixed: 67.273
fixing. lower bound used: 799.73
fixed path dual: 5.73801
fixing. lower bound used: 800.153
percent fixed: 68.0821
fixing. lower bound used: 799.73
fixed path dual: 5.22534
fixing. lower bound used: 794.647
percent fixed: 67.1594
fixing. lower bound used: 799.73
fixed path dual: 5.85
fixing. lower bound used: 799.597
percent fixed: 67.4275
fixing. lower bound used: 799.73
fixed path dual: 5.90514
fixing. lower bound used: 801.138
percent fixed: 69.4576
fixing. lower bound used: 799.73
fixed path dual: 5.94057
fixing. lower bound used: 801.362
percent fixed: 69.7042
fixing. lower bound used: 799.73
fixed path dual: 5.44711
fixing. lower bound used: 798.088
percent fixed: 69.7697
fixing. lower bound used: 799.73
fixed path dual: 5.48613
fixing. lower bound used: 797.438
percent fixed: 67.157
fixing. lower bound used: 799.73
fixed path dual: 5.52535
fixing. lower bound used: 798.981
percent fixed: 67.2794
fixing. lower bound used: 799.73
fixed path dual: 5.42346
fixing. lower bound used: 798.101
percent fixed: 67.3707
fixing. lower bound used: 799.73
fixed path dual: 5.85472
STATS - lpIterations[1] lagIterations[142] sspIterations[1420] numSeparations[221] numCuts[0] compileTime[14] sspSolveTime[1293] lpSolveTime[0] lb[802.62] ub[827] numArcs: [840565] numFixed: [568921] time: [2241]
lambda: 0,9.32562,9.76523,7.16243,6.89238,11.0234,7.67086,6.35803,7.59638,11.5271,13.9844,19.5388,5.12284,8.15546,16.1941,8.7022,7.84551,5.95876,12.202,9.07187,15.4977,15.9986,11.5169,7.38522,19.7022,15.0269,5.02453,5.63717,13.3529,5.45495,7.70568,28.0734,10.5578,10.4288,4.05068,4.21003,9.34527,9.88044,10.9937,8.18166,11.0641,9.74841,7.64167,10.8209,6.63681,6.61919,5.3644,10.0107,8.2609,8.3839,12.3602,5.2825,6.24212,10.2139,15.9308,16.5169,18.8815,11.7179,10.0039,25.3574,17.5648,17.6113,8.26285,7.11252,25.4222,6.87556,22.013,4.29705,1.7603,13.9727,
mu: 
srcDuals: 
fixing. lower bound used: 802.265
percent fixed: 71.2137
updating best lambda
fixing. lower bound used: 802.265
fixed path dual: 5.41242
fixing. lower bound used: 797.711
percent fixed: 71.2225
updating best lambda
fixing. lower bound used: 797.711
fixed path dual: 5.78816
fixing. lower bound used: 800.809
percent fixed: 68.6976
fixing. lower bound used: 797.711
fixed path dual: 5.86372
fixing. lower bound used: 802.087
percent fixed: 71.1202
fixing. lower bound used: 797.711
fixed path dual: 5.50266
fixing. lower bound used: 800.37
percent fixed: 71.1318
fixing. lower bound used: 797.711
fixed path dual: 5.4013
fixing. lower bound used: 797.16
percent fixed: 71.1315
fixing. lower bound used: 797.711
fixed path dual: 5.85404
fixing. lower bound used: 801.92
percent fixed: 70.633
fixing. lower bound used: 797.711
fixed path dual: 5.53022
fixing. lower bound used: 799.693
percent fixed: 66.7177
fixing. lower bound used: 797.711
fixed path dual: 5.35286
fixing. lower bound used: 798.818
percent fixed: 66.9314
fixing. lower bound used: 797.711
fixed path dual: 5.47276
fixing. lower bound used: 800.38
percent fixed: 68.32
fixing. lower bound used: 797.711
fixed path dual: 5.3445
fixing. lower bound used: 799.385
percent fixed: 68.3351
fixing. lower bound used: 797.711
fixed path dual: 5.61866
fixing. lower bound used: 801.519
percent fixed: 69.9685
fixing. lower bound used: 797.711
fixed path dual: 5.71059
STATS - lpIterations[1] lagIterations[154] sspIterations[1540] numSeparations[227] numCuts[0] compileTime[14] sspSolveTime[1391] lpSolveTime[0] lb[802.854] ub[827] numArcs: [841535] numFixed: [536253] time: [2417]
lambda: 0,9.37368,9.90018,6.94181,6.97713,10.8453,7.82549,6.46633,7.3571,11.5773,13.9232,19.9129,5.23702,8.16046,16.2887,8.55389,7.82838,6.18559,12.3888,9.14842,15.627,15.7854,11.7036,7.43785,19.6508,15.0183,5.10282,5.85531,13.2426,5.29585,7.54773,28.2156,11.0197,10.5396,3.61579,4.40086,8.97796,9.96698,11.2557,8.15651,11.2608,9.8774,7.96179,10.7071,6.41619,6.54152,5.17607,9.57286,7.82303,8.3325,12.3963,5.23885,6.20068,10.7546,16.0214,16.552,18.9341,11.5696,10.018,25.4519,17.6941,17.3743,8.65592,7.08423,25.7423,7.13755,22.1845,4.33626,1.88015,13.5445,
mu: 
srcDuals: 
fixing. lower bound used: 802.576
percent fixed: 71.792
updating best lambda
fixing. lower bound used: 802.576
fixed path dual: 5.05851
fixing. lower bound used: 797.573
percent fixed: 71.8836
updating best lambda
fixing. lower bound used: 797.573
fixed path dual: 5.42953
fixing. lower bound used: 800.087
percent fixed: 67.661
fixing. lower bound used: 797.573
fixed path dual: 5.40025
fixing. lower bound used: 799.981
percent fixed: 67.4164
fixing. lower bound used: 797.573
fixed path dual: 5.31304
fixing. lower bound used: 799.916
percent fixed: 67.8863
fixing. lower bound used: 797.573
fixed path dual: 5.43087
fixing. lower bound used: 800.615
percent fixed: 68.7738
fixing. lower bound used: 797.573
fixed path dual: 5.16316
fixing. lower bound used: 799.822
percent fixed: 68.9537
fixing. lower bound used: 797.573
fixed path dual: 5.50528
fixing. lower bound used: 802.094
percent fixed: 71.2191
fixing. lower bound used: 797.573
fixed path dual: 5.50059
fixing. lower bound used: 801.876
percent fixed: 70.8113
fixing. lower bound used: 797.573
fixed path dual: 5.33608
fixing. lower bound used: 801.206
percent fixed: 70.9558
fixing. lower bound used: 797.573
fixed path dual: 4.37435
fixing. lower bound used: 794.967
percent fixed: 70.9549
fixing. lower bound used: 797.573
fixed path dual: 4.68061
fixing. lower bound used: 797.344
percent fixed: 63.6249
fixing. lower bound used: 797.573
fixed path dual: 4.97176
fixing. lower bound used: 799.757
percent fixed: 67.1752
fixing. lower bound used: 797.573
fixed path dual: 5.5085
STATS - lpIterations[1] lagIterations[167] sspIterations[1670] numSeparations[237] numCuts[0] compileTime[14] sspSolveTime[1506] lpSolveTime[0] lb[804.548] ub[827] numArcs: [843443] numFixed: [534528] time: [2619]
lambda: 0,9.48744,9.74705,7.00141,7.11839,11.1373,7.9549,6.41595,7.42264,11.6734,13.9827,20.0691,5.39858,8.26661,16.3743,8.73755,7.80103,5.95566,12.3448,9.01805,15.7193,15.8817,11.5238,7.58458,19.7354,14.7879,5.17805,6.00136,13.3512,5.41951,7.78159,28.1404,10.5952,10.7272,3.81717,4.56207,9.24551,9.88258,11.299,8.10877,11.1525,9.91049,7.78194,10.8419,6.54005,6.49704,5.15017,9.88556,8.23563,8.41702,12.3809,5.11988,6.3165,10.3227,16.1548,16.1288,19.0809,11.8032,10.1418,25.7903,17.7865,17.5705,8.61074,7.15256,25.5624,7.18088,22.0468,4.64976,1.86336,14.1385,
mu: 
srcDuals: 
fixing. lower bound used: 804.328
percent fixed: 74.5747
updating best lambda
fixing. lower bound used: 804.328
fixed path dual: 5.18481
fixing. lower bound used: 800.967
percent fixed: 74.6689
updating best lambda
fixing. lower bound used: 800.967
fixed path dual: 5.08246
fixing. lower bound used: 800.514
percent fixed: 69.3862
fixing. lower bound used: 800.967
fixed path dual: 5.03563
fixing. lower bound used: 799.899
percent fixed: 69.191
fixing. lower bound used: 800.967
fixed path dual: 5.38807
fixing. lower bound used: 803.042
percent fixed: 72.6901
fixing. lower bound used: 800.967
fixed path dual: 4.77611
fixing. lower bound used: 798.48
percent fixed: 72.7016
fixing. lower bound used: 800.967
fixed path dual: 5.24635
fixing. lower bound used: 801.992
percent fixed: 72.7441
fixing. lower bound used: 800.967
fixed path dual: 4.9033
fixing. lower bound used: 800.62
percent fixed: 69.2659
fixing. lower bound used: 800.967
fixed path dual: 4.74191
fixing. lower bound used: 798.706
percent fixed: 69.0865
fixing. lower bound used: 800.967
fixed path dual: 5.27548
fixing. lower bound used: 803.378
percent fixed: 73.3599
fixing. lower bound used: 800.967
fixed path dual: 4.84649
fixing. lower bound used: 799.704
percent fixed: 73.4158
fixing. lower bound used: 800.967
fixed path dual: 4.84819
fixing. lower bound used: 800.217
percent fixed: 73.4168
fixing. lower bound used: 800.967
fixed path dual: 5.00012
fixing. lower bound used: 800.922
percent fixed: 73.4187
fixing. lower bound used: 800.967
fixed path dual: 5.26475
fixing. lower bound used: 802.675
percent fixed: 73.5332
fixing. lower bound used: 800.967
fixed path dual: 5.07775
fixing. lower bound used: 801.501
percent fixed: 73.5386
fixing. lower bound used: 800.967
fixed path dual: 5.06603
fixing. lower bound used: 800.696
percent fixed: 73.5382
fixing. lower bound used: 800.967
fixed path dual: 5.1295
fixing. lower bound used: 803.111
percent fixed: 72.9633
fixing. lower bound used: 800.967
fixed path dual: 4.53979
fixing. lower bound used: 798.335
percent fixed: 73.0122
fixing. lower bound used: 800.967
fixed path dual: 4.61645
fixing. lower bound used: 798.95
percent fixed: 69.0882
fixing. lower bound used: 800.967
fixed path dual: 5.0461
fixing. lower bound used: 802.032
percent fixed: 71.0135
fixing. lower bound used: 800.967
fixed path dual: 5.10434
fixing. lower bound used: 803.467
percent fixed: 73.304
fixing. lower bound used: 800.967
fixed path dual: 4.77941
fixing. lower bound used: 800.266
percent fixed: 73.3161
fixing. lower bound used: 800.967
fixed path dual: 4.71464
fixing. lower bound used: 799.622
percent fixed: 73.316
fixing. lower bound used: 800.967
fixed path dual: 4.80042
fixing. lower bound used: 800.893
percent fixed: 69.5146
fixing. lower bound used: 800.967
fixed path dual: 5.10146
fixing. lower bound used: 803.68
percent fixed: 73.7715
fixing. lower bound used: 800.967
fixed path dual: 4.66094
fixing. lower bound used: 801.375
percent fixed: 73.8314
fixing. lower bound used: 800.967
fixed path dual: 4.76103
fixing. lower bound used: 801.496
percent fixed: 73.8316
fixing. lower bound used: 800.967
fixed path dual: 4.75485
fixing. lower bound used: 801.391
percent fixed: 73.8325
fixing. lower bound used: 800.967
fixed path dual: 4.73049
fixing. lower bound used: 801.674
percent fixed: 70.4657
fixing. lower bound used: 800.967
fixed path dual: 4.99934
fixing. lower bound used: 803.838
percent fixed: 74.0612
fixing. lower bound used: 800.967
fixed path dual: 4.47514
fixing. lower bound used: 799.754
percent fixed: 74.0735
fixing. lower bound used: 800.967
fixed path dual: 4.72647
fixing. lower bound used: 801.765
percent fixed: 74.0746
fixing. lower bound used: 800.967
fixed path dual: 4.84248
fixing. lower bound used: 802.673
percent fixed: 74.0859
fixing. lower bound used: 800.967
fixed path dual: 4.6054
fixing. lower bound used: 801.538
percent fixed: 74.086
fixing. lower bound used: 800.967
fixed path dual: 4.8914
fixing. lower bound used: 803.22
percent fixed: 74.1409
fixing. lower bound used: 800.967
fixed path dual: 4.4996
fixing. lower bound used: 800.003
percent fixed: 74.1395
fixing. lower bound used: 800.967
fixed path dual: 4.77064
fixing. lower bound used: 802.457
percent fixed: 71.8059
fixing. lower bound used: 800.967
fixed path dual: 4.811
fixing. lower bound used: 802.935
percent fixed: 72.7015
fixing. lower bound used: 800.967
fixed path dual: 4.78352
fixing. lower bound used: 802.291
percent fixed: 72.7746
fixing. lower bound used: 800.967
fixed path dual: 4.67157
fixing. lower bound used: 802.289
percent fixed: 72.8178
fixing. lower bound used: 800.967
fixed path dual: 4.66453
fixing. lower bound used: 802.604
percent fixed: 72.9259
fixing. lower bound used: 800.967
fixed path dual: 4.54286
fixing. lower bound used: 800.604
percent fixed: 69.3621
fixing. lower bound used: 800.967
fixed path dual: 4.83431
fixing. lower bound used: 804.215
percent fixed: 74.557
fixing. lower bound used: 800.967
fixed path dual: 4.85582
fixing. lower bound used: 803.641
percent fixed: 74.7169
updating best lambda
fixing. lower bound used: 803.641
fixed path dual: 4.48373
fixing. lower bound used: 801.915
percent fixed: 74.7168
fixing. lower bound used: 803.641
fixed path dual: 4.5332
fixing. lower bound used: 801.965
percent fixed: 74.7161
fixing. lower bound used: 803.641
fixed path dual: 4.7022
fixing. lower bound used: 803.289
percent fixed: 74.7342
updating best lambda
fixing. lower bound used: 803.289
fixed path dual: 4.71805
fixing. lower bound used: 803.045
percent fixed: 74.735
updating best lambda
fixing. lower bound used: 803.045
fixed path dual: 4.70659
fixing. lower bound used: 802.285
percent fixed: 74.7342
fixing. lower bound used: 803.045
fixed path dual: 4.67881
fixing. lower bound used: 803.269
percent fixed: 73.1909
fixing. lower bound used: 803.045
fixed path dual: 4.83026
fixing. lower bound used: 804.202
percent fixed: 74.6245
fixing. lower bound used: 803.045
fixed path dual: 4.80081
fixing. lower bound used: 803.75
percent fixed: 73.9269
fixing. lower bound used: 803.045
fixed path dual: 4.69305
fixing. lower bound used: 803.002
percent fixed: 74.0467
fixing. lower bound used: 803.045
fixed path dual: 4.88568
STATS - lpIterations[1] lagIterations[220] sspIterations[2200] numSeparations[265] numCuts[0] compileTime[14] sspSolveTime[1931] lpSolveTime[0] lb[805.255] ub[827] numArcs: [847196] numFixed: [630487] time: [3379]
lambda: 0,9.24206,9.83638,7.13959,7.2472,11.0294,8.04175,6.48961,7.40328,11.7539,13.9444,20.5125,5.07257,8.33753,16.283,8.65641,7.83409,6.2588,12.7729,9.22088,15.6062,16.1203,11.3078,7.7413,19.8605,14.8922,5.21009,6.22809,13.1563,5.34487,8.0255,28.7724,10.8659,11.0637,3.89963,4.77032,8.85782,9.98738,11.4068,8.41952,11.3449,10.1752,7.8647,10.6363,6.77919,7.04199,5.21873,10.2297,8.18779,8.43552,12.0802,5.20253,6.44394,10.9006,16.217,16.5736,19.2376,11.722,10.1034,25.8936,17.7701,17.9178,8.40968,7.11324,25.8341,7.40762,21.8469,5.09567,1.7802,14.3216,
mu: 
srcDuals: 
fixing. lower bound used: 805.117
percent fixed: 75.9268
updating best lambda
fixing. lower bound used: 805.117
fixed path dual: 4.46817
fixing. lower bound used: 802.933
percent fixed: 75.8562
fixing. lower bound used: 805.117
fixed path dual: 4.85011
STATS - lpIterations[1] lagIterations[222] sspIterations[2220] numSeparations[266] numCuts[0] compileTime[14] sspSolveTime[1951] lpSolveTime[0] lb[805.376] ub[827] numArcs: [847262] numFixed: [646613] time: [3412]
lambda: 0,9.48654,9.82708,7.1303,7.2565,11.0201,7.90557,6.38132,7.2671,11.6456,13.8361,20.2866,5.19946,8.20135,16.4099,8.39333,7.95168,6.50328,12.8905,9.33847,15.7237,16.111,11.5523,7.60511,19.5974,15.0098,5.21938,6.1105,13.147,5.20869,8.0162,28.6641,11.1103,10.9275,3.78204,5.01479,8.97541,9.97808,11.4161,8.31123,11.5893,10.4196,8.10918,10.8808,6.89678,6.67062,5.22803,10.3473,8.30538,8.17245,12.1978,5.19323,6.45323,10.5571,16.0808,16.6912,19.1014,11.459,9.99514,25.9029,17.8877,17.9085,8.65415,6.97706,26.0786,7.41692,21.8562,5.22256,1.7709,14.4392,
mu: 
srcDuals: 
fixing. lower bound used: 804.817
percent fixed: 76.1489
updating best lambda
fixing. lower bound used: 804.817
fixed path dual: 4.05642
fixing. lower bound used: 799.558
percent fixed: 76.1497
updating best lambda
fixing. lower bound used: 799.558
fixed path dual: 4.31051
fixing. lower bound used: 801.379
percent fixed: 76.149
fixing. lower bound used: 799.558
fixed path dual: 4.8247
STATS - lpIterations[1] lagIterations[225] sspIterations[2250] numSeparations[267] numCuts[0] compileTime[14] sspSolveTime[1976] lpSolveTime[0] lb[805.645] ub[827] numArcs: [847517] numFixed: [569471] time: [3454]
lambda: 0,9.59997,9.72587,7.27334,7.16823,10.9113,8.019,6.30599,7.51135,11.5992,13.9791,20.6191,5.15302,8.03775,16.3635,8.54932,8.05289,6.07787,13.0464,9.0866,15.7915,15.9762,11.5562,7.60899,19.7534,14.9763,5.17294,6.12344,13.303,5.09987,7.96976,28.8072,11.0768,11.0957,3.83682,4.73704,8.92898,10.0458,11.3697,8.26479,11.3534,10.314,8.00351,10.8846,7.03983,6.82661,5.2828,10.3009,8.25894,8.32843,12.1643,5.2815,6.45323,10.8897,15.829,16.6577,19.1053,11.6149,10.1382,25.8565,17.9554,17.9762,8.71281,6.98094,26.0825,7.37048,21.8098,5.17612,2.04865,14.1279,
mu: 
srcDuals: 
fixing. lower bound used: 805.401
percent fixed: 76.5354
updating best lambda
fixing. lower bound used: 805.401
fixed path dual: 4.414
fixing. lower bound used: 802.297
percent fixed: 76.6272
updating best lambda
fixing. lower bound used: 802.297
fixed path dual: 4.311
fixing. lower bound used: 800.493
percent fixed: 76.6273
updating best lambda
fixing. lower bound used: 800.493
fixed path dual: 4.50692
fixing. lower bound used: 803.433
percent fixed: 76.6284
updating best lambda
fixing. lower bound used: 803.433
fixed path dual: 4.31191
fixing. lower bound used: 801.055
percent fixed: 76.6284
fixing. lower bound used: 803.433
fixed path dual: 4.69907
fixing. lower bound used: 804.132
percent fixed: 76.6294
updating best lambda
fixing. lower bound used: 804.132
fixed path dual: 4.38263
fixing. lower bound used: 802.803
percent fixed: 76.6286
fixing. lower bound used: 804.132
fixed path dual: 4.04438
fixing. lower bound used: 799.299
percent fixed: 74.4404
fixing. lower bound used: 804.132
fixed path dual: 4.76179
STATS - lpIterations[1] lagIterations[233] sspIterations[2330] numSeparations[268] numCuts[0] compileTime[14] sspSolveTime[2031] lpSolveTime[0] lb[805.828] ub[827] numArcs: [847639] numFixed: [634845] time: [3558]
lambda: 0,9.49323,9.91185,7.07982,7.17607,11.159,7.95074,6.31209,7.45265,11.8114,13.9217,20.6824,5.16655,8.20468,16.5475,8.48461,8.08882,6.25436,13.2012,9.24701,15.6567,16.1287,11.4919,7.79777,19.9081,14.8597,5.04438,5.90184,13.1774,5.26711,7.96292,28.6542,10.76,11.2157,4.04757,4.69569,8.78896,10.0668,11.4809,8.46024,11.2844,10.4292,7.93921,10.7043,6.84631,7.14274,5.30259,10.0812,8.0393,8.48315,12.1448,5.05638,6.55656,10.7153,16.1499,16.5243,19.2941,11.5502,10.0807,26.0405,17.9746,17.9694,8.45698,7.09616,26.0182,7.48175,21.9211,5.11334,2.08622,14.2155,
mu: 
srcDuals: 
fixing. lower bound used: 805.75
percent fixed: 77.1875
updating best lambda
fixing. lower bound used: 805.75
fixed path dual: 4.18898
fixing. lower bound used: 801.499
percent fixed: 77.1955
updating best lambda
fixing. lower bound used: 801.499
fixed path dual: 4.0436
fixing. lower bound used: 799.174
percent fixed: 70.0436
fixing. lower bound used: 801.499
