flexible number of vehicles
capacity: 52
instance upper bound: 89449
route length upper bound: 480
compiling DD
time step mult: 1
time step: 10
cap step: 1
done compiling DD
batch size for lag: 1
deactivate cut value threshold: 0.01
deactivate cut iter threshold: 25
lag optimality gap to start repairing: 25
percent arcs fixed to change to CPLEX: 97.5
number arcs fixed to change to CPLEX: 100000
kappa iterations: 10
var fixing: 1
muSSP: 1
repairDuals: 1
robustCuts: 1
nonRobustCuts: 1
volume algo: 1
phases: 1
STATS - lpIterations[0] lagIterations[0] sspIterations[0] numSeparations[0] numCuts[0] compileTime[701] sspSolveTime[0] lpSolveTime[0] lb[0] ub[89449] numArcs: [13863006] numFixed: [0] time: [701]
STATS1 - lpIterations[0] lagIterations[0] sspIterations[0] numSeparations[0] numCuts[0] compileTime[701] sspSolveTime[0] lpSolveTime[0] repairTime[0] cutsTime[0] lb[0] ub[89449] numArcs: [13863006] numFixed: [0] time: [701]
STATS - lpIterations[1] lagIterations[0] sspIterations[0] numSeparations[0] numCuts[0] compileTime[701] sspSolveTime[0] lpSolveTime[0] lb[0] ub[89449] numArcs: [13863006] numFixed: [0] time: [701]
STATS1 - lpIterations[1] lagIterations[0] sspIterations[0] numSeparations[0] numCuts[0] compileTime[701] sspSolveTime[0] lpSolveTime[0] repairTime[0] cutsTime[0] lb[0] ub[89449] numArcs: [13863006] numFixed: [0] time: [701]
STATS - lpIterations[1] lagIterations[1] sspIterations[1] numSeparations[0] numCuts[0] compileTime[701] sspSolveTime[5] lpSolveTime[0] lb[80771.7] ub[89449] numArcs: [13862998] numFixed: [0] time: [706]
STATS1 - lpIterations[1] lagIterations[1] sspIterations[1] numSeparations[0] numCuts[0] compileTime[701] sspSolveTime[5] lpSolveTime[0] repairTime[0] cutsTime[0] lb[80771.7] ub[89449] numArcs: [13862998] numFixed: [0] time: [706]
lambda: 0,133.385,163.154,221.885,212.962,197.692,129.231,266.269,107.538,149.769,165.231,125.769,83.8462,306.538,114.462,100.731,335.077,291.154,148.385,169.962,210.385,160.615,180.692,186.923,82.6538,112.5,149.808,185.846,108,222.769,149.308,127.385,98.0769,156.115,158.308,76.9231,302.885,159.615,129.038,213.077,140,110,224.269,158.154,252.923,196.269,133.538,119.615,172.615,192.615,149.885,135.692,203.885,90.1923,119.077,194.538,129,98.0769,218.462,239.692,141.077,204,131.192,335,118.269,162.692,123.692,133.538,228.846,209.231,178.615,205.269,182.538,156,172.885,165.808,111.346,168.923,215.538,71.9231,52.3077,102.808,114.154,186.462,89.0769,141.154,208.077,162.462,196.538,226.538,213.923,116.731,123.385,179.308,109.231,111.923,136.154,213,183.692,116.577,104.538,113.462,115,98.2692,135.923,325.038,131.538,273.538,159.615,177.962,180,140,69.0385,147.462,147.115,108.923,164,88.2692,78.2692,195.692,205.769,142.154,140.269,200.308,132.192,230.769,291.462,99.4231,232.308,75.6923,185.885,128.692,357.692,107.692,70,161.538,135.692,222.692,111.231,368.077,182,100.385,97.2308,100.615,152.769,149.231,155.769,173.923,308.846,208.654,99.6154,69,138.923,138,123.077,126.923,352.308,223.846,164.538,250.615,114.154,63.0769,269.308,60.3846,95.5769,156.538,212.692,106.154,163.385,175.846,234.346,183.808,227.692,200.423,270.769,169.269,98.7692,252.923,262.731,315.692,158.154,303.846,173.115,358.846,102.115,141.231,136,174.808,215.385,178.269,211.385,212.885,48.6538,296.615,94.5,200.615,245.769,180.615,123,218.885,154.731,95.3077,110.385,84.1154,245.538,138.846,211.846,135.692,100,83.3846,140.538,164.5,212.692,230.462,298.038,131.154,167.692,288.462,141.731,116.308,204.923,72.6154,181.192,237.462,174.423,134.038,145.385,275.538,221.885,253.731,260.308,186.346,312.692,205.269,158.308,227.308,248.308,211.538,13.6154,316.154,281.538,205.615,155.962,112.115,58.2692,228.077,267.231,122.769,232.692,66.1538,169.231,120.962,107.5,154.385,229.115,70.7692,240.769,153.462,209.615,264.923,98.2692,254.154,199.5,157.385,251.692,338.077,143.846,200.077,232.615,144,117.308,278.654,131.769,93.9231,205.769,238.5,275.692,247.692,122.885,126.769,110.192,148.615,215.538,271.538,213.538,141.077,226.538,143.5,147.269,68.0769,108.923,180.923,168.923,303.077,121.154,155.615,94.4615,149.231,205.423,174.731,220.5,267.308,184,180.231,143.846,115.769,162.231,241.769,153.538,121.846,130.038,160.923,225.538,117.923,142.269,244,127.385,217.308,299.692,166.462,172.038,254.231,234.615,98.0769,80.7692,173.308,132.115,181.154,171.692,83.2692,230,202.692,287.077,108,124,108.462,183.846,166.462,198.462,222.231,106.846,108.692,136.923,163.038,256.154,124.923,209.231,104.308,63.2308,89.3077,225,135.462,323.308,137.077,90.7308,66.7308,148.654,296,196.538,126.462,171.385,236.615,157.5,203.538,90.7308,85.5769,135.692,148.154,119.308,60.9231,156.462,76.9231,230.769,136.538,159.385,114.962,105.962,154.615,133.808,211.846,96.5385,197.538,148.615,183.615,143.538,171.385,201.154,135.385,196,179.231,225.692,290.769,137.308,80.3077,165.846,209.077,110.385,219.423,156.923,194.385,121.923,255.385,228.462,159.231,148.462,151.154,177.231,94.0385,160.308,329.231,81.8462,117.5,357.692,119.808,85.8846,168.577,250.923,168.308,265.538,222,238.077,183.462,235.385,103.077,146.154,96.9231,276,237.808,102.692,181.538,129.462,86.1538,56.9231,90.3846,169.615,130.385,214.615,248,204.308,131.538,153.846,121.615,195.231,253.846,98.0769,261.154,179.231,328.154,108,91.7308,95.9615,76.3846,105.269,129.231,131.654,171.462,105.962,137.846,178.615,134.538,146.538,161.231,132.308,98.2692,100.385,122.769,169.615,117.692,66.2308,134.154,62.6923,162.769,95.0769,204.923,122.769,133,255.385,108,107.885,288.923,
mu: 
srcDuals: 
best alpha: 1
0:0
1:1
2:1
3:1
4:1
5:1
6:1
7:1
8:1
9:1
10:1
11:1
12:1
13:1
14:1
15:1
16:1
17:1
18:1
19:1
20:1
21:1
22:1
23:1
24:1
25:1
26:1
27:1
28:1
29:1
30:1
31:1
32:1
33:1
34:1
35:1
36:1
37:1
38:1
39:1
40:1
41:1
42:1
43:1
44:1
45:1
46:1
47:1
48:1
49:1
50:1
51:1
52:1
53:1
54:1
55:1
56:1
57:1
58:1
59:1
60:-1
61:1
62:1
63:1
64:1
65:1
66:1
67:1
68:1
69:1
70:1
71:1
72:1
73:1
74:1
75:1
76:1
77:1
78:1
79:1
80:1
81:1
82:1
83:1
84:1
85:1
86:1
87:1
88:1
89:1
90:1
91:1
92:1
93:1
94:1
95:1
96:1
97:1
98:1
99:1
100:1
101:1
102:1
103:1
104:1
105:1
106:1
107:1
108:1
109:1
110:1
111:1
112:1
113:1
114:1
115:1
116:-1
117:1
118:1
119:1
120:1
121:1
122:1
123:1
124:1
125:1
126:1
127:1
128:1
129:1
130:1
131:1
132:1
133:1
134:1
135:1
136:1
137:1
138:1
139:1
140:1
141:1
142:1
143:1
144:1
145:1
146:1
147:1
148:1
149:1
150:1
151:1
152:1
153:1
154:1
155:1
156:1
157:1
158:1
159:1
160:1
161:1
162:1
163:1
164:1
165:1
166:1
167:1
168:1
169:1
170:1
171:1
172:1
173:1
174:1
175:1
176:1
177:1
178:1
179:1
180:1
181:1
182:1
183:1
184:1
185:1
186:1
187:1
188:1
189:1
190:1
191:1
192:1
193:1
194:1
195:1
196:1
197:1
198:1
199:1
200:1
201:1
202:1
203:1
204:1
205:1
206:1
207:1
208:1
209:1
210:1
211:1
212:1
213:1
214:1
215:1
216:1
217:1
218:1
219:1
220:1
221:1
222:1
223:1
224:1
225:1
226:1
227:1
228:1
229:1
230:1
231:1
232:1
233:1
234:1
235:1
236:1
237:1
238:1
239:1
240:1
241:1
242:1
243:1
244:1
245:1
246:1
247:1
248:1
249:1
250:1
251:1
252:1
253:1
254:1
255:1
256:1
257:1
258:1
259:1
260:1
261:1
262:1
263:1
264:1
265:1
266:1
267:1
268:1
269:1
270:1
271:1
272:1
273:1
274:0
275:1
276:1
277:1
278:1
279:1
280:1
281:1
282:1
283:1
284:1
285:1
286:1
287:1
288:1
289:1
290:1
291:1
292:1
293:1
294:1
295:1
296:1
297:1
298:1
299:1
300:1
301:1
302:1
303:1
304:1
305:1
306:1
307:1
308:1
309:1
310:1
311:1
312:1
313:1
314:1
315:1
316:1
317:1
318:1
319:1
320:1
321:1
322:1
323:1
324:1
325:1
326:1
327:1
328:1
329:1
330:1
331:1
332:1
333:1
334:1
335:1
336:1
337:1
338:1
339:1
340:1
341:1
342:1
343:1
344:1
345:1
346:1
347:1
348:1
349:1
350:1
351:1
352:1
353:1
354:1
355:1
356:1
357:1
358:1
359:1
360:1
361:1
362:1
363:1
364:1
365:1
366:1
367:1
368:1
369:1
370:1
371:1
372:1
373:1
374:1
375:1
376:1
377:1
378:1
379:1
380:1
381:1
382:1
383:1
384:1
385:1
386:1
387:1
388:1
389:1
390:1
391:1
392:1
393:1
394:1
395:1
396:1
397:1
398:1
399:1
400:1
401:1
402:1
403:1
404:1
405:1
406:1
407:1
408:1
409:1
410:1
411:1
412:1
413:1
414:1
415:1
416:1
417:1
418:1
419:1
420:1
421:1
422:1
423:0
424:1
425:1
426:1
427:1
428:1
429:1
430:1
431:1
432:1
433:1
434:1
435:1
436:1
437:1
438:1
439:1
440:1
441:1
442:1
443:1
444:1
445:1
446:1
447:1
448:1
449:1
450:1
451:1
452:1
453:1
454:1
455:1
456:1
457:0
458:1
459:1
460:1
461:1
462:1
463:1
464:1
465:1
466:1
467:1
468:1
469:1
470:1
471:1
472:1
473:1
474:1
475:1
476:1
477:1
478:1
479:1
alpha: 8.48442
lagLB: 80771.7
stepSizeMultiplier: 1
targetLowerBound: 84810.2
||gamma||^2: 476
lambda: 0,133.385,163.154,221.885,212.962,197.692,129.231,266.269,107.538,149.769,165.231,125.769,83.8462,306.538,114.462,100.731,335.077,291.154,148.385,169.962,210.385,160.615,180.692,186.923,82.6538,112.5,149.808,185.846,108,222.769,149.308,127.385,98.0769,156.115,158.308,76.9231,302.885,159.615,129.038,213.077,140,110,224.269,158.154,252.923,196.269,133.538,119.615,172.615,192.615,149.885,135.692,203.885,90.1923,119.077,194.538,129,98.0769,218.462,239.692,141.077,204,131.192,335,118.269,162.692,123.692,133.538,228.846,209.231,178.615,205.269,182.538,156,172.885,165.808,111.346,168.923,215.538,71.9231,52.3077,102.808,114.154,186.462,89.0769,141.154,208.077,162.462,196.538,226.538,213.923,116.731,123.385,179.308,109.231,111.923,136.154,213,183.692,116.577,104.538,113.462,115,98.2692,135.923,325.038,131.538,273.538,159.615,177.962,180,140,69.0385,147.462,147.115,108.923,164,88.2692,78.2692,195.692,205.769,142.154,140.269,200.308,132.192,230.769,291.462,99.4231,232.308,75.6923,185.885,128.692,357.692,107.692,70,161.538,135.692,222.692,111.231,368.077,182,100.385,97.2308,100.615,152.769,149.231,155.769,173.923,308.846,208.654,99.6154,69,138.923,138,123.077,126.923,352.308,223.846,164.538,250.615,114.154,63.0769,269.308,60.3846,95.5769,156.538,212.692,106.154,163.385,175.846,234.346,183.808,227.692,200.423,270.769,169.269,98.7692,252.923,262.731,315.692,158.154,303.846,173.115,358.846,102.115,141.231,136,174.808,215.385,178.269,211.385,212.885,48.6538,296.615,94.5,200.615,245.769,180.615,123,218.885,154.731,95.3077,110.385,84.1154,245.538,138.846,211.846,135.692,100,83.3846,140.538,164.5,212.692,230.462,298.038,131.154,167.692,288.462,141.731,116.308,204.923,72.6154,181.192,237.462,174.423,134.038,145.385,275.538,221.885,253.731,260.308,186.346,312.692,205.269,158.308,227.308,248.308,211.538,13.6154,316.154,281.538,205.615,155.962,112.115,58.2692,228.077,267.231,122.769,232.692,66.1538,169.231,120.962,107.5,154.385,229.115,70.7692,240.769,153.462,209.615,264.923,98.2692,254.154,199.5,157.385,251.692,338.077,143.846,200.077,232.615,144,117.308,278.654,131.769,93.9231,205.769,238.5,275.692,247.692,122.885,126.769,110.192,148.615,215.538,271.538,213.538,141.077,226.538,143.5,147.269,68.0769,108.923,180.923,168.923,303.077,121.154,155.615,94.4615,149.231,205.423,174.731,220.5,267.308,184,180.231,143.846,115.769,162.231,241.769,153.538,121.846,130.038,160.923,225.538,117.923,142.269,244,127.385,217.308,299.692,166.462,172.038,254.231,234.615,98.0769,80.7692,173.308,132.115,181.154,171.692,83.2692,230,202.692,287.077,108,124,108.462,183.846,166.462,198.462,222.231,106.846,108.692,136.923,163.038,256.154,124.923,209.231,104.308,63.2308,89.3077,225,135.462,323.308,137.077,90.7308,66.7308,148.654,296,196.538,126.462,171.385,236.615,157.5,203.538,90.7308,85.5769,135.692,148.154,119.308,60.9231,156.462,76.9231,230.769,136.538,159.385,114.962,105.962,154.615,133.808,211.846,96.5385,197.538,148.615,183.615,143.538,171.385,201.154,135.385,196,179.231,225.692,290.769,137.308,80.3077,165.846,209.077,110.385,219.423,156.923,194.385,121.923,255.385,228.462,159.231,148.462,151.154,177.231,94.0385,160.308,329.231,81.8462,117.5,357.692,119.808,85.8846,168.577,250.923,168.308,265.538,222,238.077,183.462,235.385,103.077,146.154,96.9231,276,237.808,102.692,181.538,129.462,86.1538,56.9231,90.3846,169.615,130.385,214.615,248,204.308,131.538,153.846,121.615,195.231,253.846,98.0769,261.154,179.231,328.154,108,91.7308,95.9615,76.3846,105.269,129.231,131.654,171.462,105.962,137.846,178.615,134.538,146.538,161.231,132.308,98.2692,100.385,122.769,169.615,117.692,66.2308,134.154,62.6923,162.769,95.0769,204.923,122.769,133,255.385,108,107.885,288.923,
mu: 
srcDuals: 
lambda: 0,133.385,163.154,221.885,212.962,197.692,129.231,266.269,107.538,149.769,165.231,125.769,83.8462,306.538,114.462,100.731,335.077,291.154,148.385,169.962,210.385,160.615,180.692,186.923,82.6538,112.5,149.808,185.846,108,222.769,149.308,127.385,98.0769,156.115,158.308,76.9231,302.885,159.615,129.038,213.077,140,110,224.269,158.154,252.923,196.269,133.538,119.615,172.615,192.615,149.885,135.692,203.885,90.1923,119.077,194.538,129,98.0769,218.462,239.692,141.077,204,131.192,335,118.269,162.692,123.692,133.538,228.846,209.231,178.615,205.269,182.538,156,172.885,165.808,111.346,168.923,215.538,71.9231,52.3077,102.808,114.154,186.462,89.0769,141.154,208.077,162.462,196.538,226.538,213.923,116.731,123.385,179.308,109.231,111.923,136.154,213,183.692,116.577,104.538,113.462,115,98.2692,135.923,325.038,131.538,273.538,159.615,177.962,180,140,69.0385,147.462,147.115,108.923,164,88.2692,78.2692,195.692,205.769,142.154,140.269,200.308,132.192,230.769,291.462,99.4231,232.308,75.6923,185.885,128.692,357.692,107.692,70,161.538,135.692,222.692,111.231,368.077,182,100.385,97.2308,100.615,152.769,149.231,155.769,173.923,308.846,208.654,99.6154,69,138.923,138,123.077,126.923,352.308,223.846,164.538,250.615,114.154,63.0769,269.308,60.3846,95.5769,156.538,212.692,106.154,163.385,175.846,234.346,183.808,227.692,200.423,270.769,169.269,98.7692,252.923,262.731,315.692,158.154,303.846,173.115,358.846,102.115,141.231,136,174.808,215.385,178.269,211.385,212.885,48.6538,296.615,94.5,200.615,245.769,180.615,123,218.885,154.731,95.3077,110.385,84.1154,245.538,138.846,211.846,135.692,100,83.3846,140.538,164.5,212.692,230.462,298.038,131.154,167.692,288.462,141.731,116.308,204.923,72.6154,181.192,237.462,174.423,134.038,145.385,275.538,221.885,253.731,260.308,186.346,312.692,205.269,158.308,227.308,248.308,211.538,13.6154,316.154,281.538,205.615,155.962,112.115,58.2692,228.077,267.231,122.769,232.692,66.1538,169.231,120.962,107.5,154.385,229.115,70.7692,240.769,153.462,209.615,264.923,98.2692,254.154,199.5,157.385,251.692,338.077,143.846,200.077,232.615,144,117.308,278.654,131.769,93.9231,205.769,238.5,275.692,247.692,122.885,126.769,110.192,148.615,215.538,271.538,213.538,141.077,226.538,143.5,147.269,68.0769,108.923,180.923,168.923,303.077,121.154,155.615,94.4615,149.231,205.423,174.731,220.5,267.308,184,180.231,143.846,115.769,162.231,241.769,153.538,121.846,130.038,160.923,225.538,117.923,142.269,244,127.385,217.308,299.692,166.462,172.038,254.231,234.615,98.0769,80.7692,173.308,132.115,181.154,171.692,83.2692,230,202.692,287.077,108,124,108.462,183.846,166.462,198.462,222.231,106.846,108.692,136.923,163.038,256.154,124.923,209.231,104.308,63.2308,89.3077,225,135.462,323.308,137.077,90.7308,66.7308,148.654,296,196.538,126.462,171.385,236.615,157.5,203.538,90.7308,85.5769,135.692,148.154,119.308,60.9231,156.462,76.9231,230.769,136.538,159.385,114.962,105.962,154.615,133.808,211.846,96.5385,197.538,148.615,183.615,143.538,171.385,201.154,135.385,196,179.231,225.692,290.769,137.308,80.3077,165.846,209.077,110.385,219.423,156.923,194.385,121.923,255.385,228.462,159.231,148.462,151.154,177.231,94.0385,160.308,329.231,81.8462,117.5,357.692,119.808,85.8846,168.577,250.923,168.308,265.538,222,238.077,183.462,235.385,103.077,146.154,96.9231,276,237.808,102.692,181.538,129.462,86.1538,56.9231,90.3846,169.615,130.385,214.615,248,204.308,131.538,153.846,121.615,195.231,253.846,98.0769,261.154,179.231,328.154,108,91.7308,95.9615,76.3846,105.269,129.231,131.654,171.462,105.962,137.846,178.615,134.538,146.538,161.231,132.308,98.2692,100.385,122.769,169.615,117.692,66.2308,134.154,62.6923,162.769,95.0769,204.923,122.769,133,255.385,108,107.885,288.923,
mu: 
srcDuals: 
fixing. lower bound used: 80752.5
percent fixed: 0
STATS - lpIterations[1] lagIterations[2] sspIterations[97] numSeparations[0] numCuts[0] compileTime[701] sspSolveTime[99] lpSolveTime[0] lb[83771.2] ub[89449] numArcs: [13862139] numFixed: [0] time: [895]
STATS1 - lpIterations[1] lagIterations[2] sspIterations[97] numSeparations[0] numCuts[0] compileTime[701] sspSolveTime[99] lpSolveTime[0] repairTime[2] cutsTime[0] lb[83771.2] ub[89449] numArcs: [13862139] numFixed: [0] time: [895]
lambda: 0,141.869,171.638,230.369,221.446,206.177,137.715,274.754,116.023,158.254,173.715,134.254,92.3306,315.023,122.946,109.215,343.561,299.638,156.869,178.446,218.869,169.1,189.177,195.407,91.1383,120.984,158.292,194.331,116.484,231.254,157.792,135.869,106.561,164.6,166.792,85.4075,311.369,168.1,137.523,221.561,148.484,118.484,232.754,166.638,261.407,204.754,142.023,128.1,181.1,201.1,158.369,144.177,212.369,98.6767,127.561,203.023,137.484,106.561,226.946,248.177,132.593,212.484,139.677,343.484,126.754,171.177,132.177,142.023,237.331,217.715,187.1,213.754,191.023,164.484,181.369,174.292,119.831,177.407,224.023,80.4075,60.7921,111.292,122.638,194.946,97.5613,149.638,216.561,170.946,205.023,235.023,222.407,125.215,131.869,187.792,117.715,120.407,144.638,221.484,192.177,125.061,113.023,121.946,123.484,106.754,144.407,333.523,140.023,282.023,168.1,186.446,188.484,148.484,77.5229,155.946,155.6,117.407,155.516,96.7536,86.7536,204.177,214.254,150.638,148.754,208.792,140.677,239.254,299.946,107.907,240.792,84.1767,194.369,137.177,366.177,116.177,78.4844,170.023,144.177,231.177,119.715,376.561,190.484,108.869,105.715,109.1,161.254,157.715,164.254,182.407,317.331,217.138,108.1,77.4844,147.407,146.484,131.561,135.407,360.792,232.331,173.023,259.1,122.638,71.5613,277.792,68.869,104.061,165.023,221.177,114.638,171.869,184.331,242.831,192.292,236.177,208.907,279.254,177.754,107.254,261.407,271.215,324.177,166.638,312.331,181.6,367.331,110.6,149.715,144.484,183.292,223.869,186.754,219.869,221.369,57.1383,305.1,102.984,209.1,254.254,189.1,131.484,227.369,163.215,103.792,118.869,92.5998,254.023,147.331,220.331,144.177,108.484,91.869,149.023,172.984,221.177,238.946,306.523,139.638,176.177,296.946,150.215,124.792,213.407,81.0998,189.677,245.946,182.907,142.523,153.869,284.023,230.369,262.215,268.792,194.831,321.177,213.754,166.792,235.792,256.792,220.023,22.0998,324.638,290.023,214.1,164.446,120.6,66.7536,236.561,275.715,131.254,241.177,74.6383,177.715,129.446,115.984,162.869,237.6,79.2536,249.254,161.946,218.1,273.407,106.754,262.638,207.984,165.869,260.177,346.561,152.331,208.561,241.1,152.484,125.792,287.138,140.254,102.407,205.769,246.984,284.177,256.177,131.369,135.254,118.677,157.1,224.023,280.023,222.023,149.561,235.023,151.984,155.754,76.5613,117.407,189.407,177.407,311.561,129.638,164.1,102.946,157.715,213.907,183.215,228.984,275.792,192.484,188.715,152.331,124.254,170.715,250.254,162.023,130.331,138.523,169.407,234.023,126.407,150.754,252.484,135.869,225.792,308.177,174.946,180.523,262.715,243.1,106.561,89.2536,181.792,140.6,189.638,180.177,91.7536,238.484,211.177,295.561,116.484,132.484,116.946,192.331,174.946,206.946,230.715,115.331,117.177,145.407,171.523,264.638,133.407,217.715,112.792,71.7152,97.7921,233.484,143.946,331.792,145.561,99.2152,75.2152,157.138,304.484,205.023,134.946,179.869,245.1,165.984,212.023,99.2152,94.0613,144.177,156.638,127.792,69.4075,164.946,85.4075,239.254,145.023,167.869,123.446,114.446,163.1,142.292,220.331,105.023,206.023,157.1,192.1,152.023,179.869,209.638,143.869,204.484,187.715,234.177,299.254,145.792,88.7921,174.331,217.561,118.869,227.907,165.407,202.869,130.407,263.869,236.946,167.715,156.946,159.638,185.715,102.523,168.792,337.715,90.3306,125.984,366.177,128.292,94.369,177.061,259.407,176.792,274.023,230.484,246.561,191.946,243.869,103.077,154.638,105.407,284.484,246.292,111.177,190.023,137.946,94.6383,65.4075,98.869,178.1,138.869,223.1,256.484,212.792,140.023,162.331,130.1,203.715,262.331,106.561,269.638,187.715,336.638,116.484,100.215,104.446,84.869,113.754,137.715,140.138,179.946,114.446,137.846,187.1,143.023,155.023,169.715,140.792,106.754,108.869,131.254,178.1,126.177,74.7152,142.638,71.1767,171.254,103.561,213.407,131.254,141.484,263.869,116.484,116.369,297.407,
mu: 
srcDuals: 
best alpha: 0.1
0:0
1:0.9
2:-0.6
3:1
4:-0.5
5:0.6
6:1
7:-0.8
8:1
9:1
10:0.9
11:0.6
12:1
13:1
14:0.9
15:0.8
16:0.8
17:1
18:1
19:1
20:1.11022e-16
21:1
22:0.1
23:1
24:1
25:0.8
26:0.6
27:1
28:1
29:1
30:1
31:1
32:1
33:1
34:1
35:1
36:1
37:1
38:1
39:1
40:1
41:1
42:0.9
43:0.9
44:1
45:0.9
46:1
47:1
48:0.3
49:1
50:0.6
51:1
52:0.8
53:1
54:0.9
55:1
56:1
57:1
58:0.8
59:1
60:-0.8
61:1
62:1
63:1
64:1
65:1
66:1
67:0.9
68:0.8
69:1
70:1
71:1.11022e-16
72:1
73:1
74:0.8
75:1
76:1
77:1
78:1
79:1
80:1
81:0.6
82:1
83:0.6
84:1
85:1
86:0.7
87:0.8
88:0.7
89:1
90:1
91:1
92:0.6
93:1
94:1
95:0.6
96:1
97:1
98:0.8
99:1
100:1
101:-0.2
102:1
103:0.3
104:1
105:1
106:0.9
107:1
108:1
109:1
110:1
111:0.8
112:1
113:-1
114:1
115:1
116:-0.8
117:1
118:0.6
119:1
120:1
121:0.8
122:1
123:0.8
124:1
125:1
126:1
127:0.8
128:1
129:0.8
130:1
131:1
132:1
133:1
134:0.8
135:1
136:1
137:1
138:1
139:0.6
140:1
141:1
142:1
143:1
144:1
145:0.9
146:0.6
147:1
148:0.6
149:0.7
150:1
151:1
152:1
153:1
154:1
155:1
156:1
157:0.3
158:1
159:1
160:-1.9
161:1
162:1
163:0.6
164:1
165:1
166:-0.7
167:0.4
168:1
169:1
170:1
171:0.9
172:1
173:0.8
174:1
175:1
176:1
177:1
178:1
179:1
180:1
181:1
182:1
183:1
184:1
185:0.2
186:1
187:1
188:1
189:0.7
190:1
191:1.11022e-16
192:1
193:0.4
194:1
195:1
196:0.4
197:1
198:1
199:-0.2
200:1
201:1
202:0.4
203:1
204:0.9
205:1
206:1
207:0.7
208:1
209:1
210:1
211:0.2
212:0.4
213:1
214:1
215:1
216:1
217:1
218:1
219:1
220:1
221:1
222:1
223:1
224:0.8
225:1
226:1
227:-0.8
228:1
229:1
230:1
231:-0.2
232:0.6
233:1
234:0.8
235:-0.7
236:0.2
237:0.8
238:1
239:1
240:0.8
241:1
242:-0.2
243:0.8
244:1
245:1
246:1
247:1
248:1
249:0.9
250:1
251:1
252:1
253:1
254:1
255:1
256:1
257:1
258:1
259:-0.2
260:1
261:1
262:0.9
263:1
264:0.9
265:1
266:1
267:1
268:1
269:0.6
270:1
271:-0.4
272:1
273:1
274:0.1
275:1
276:1
277:1
278:1
279:0.7
280:1
281:1
282:1
283:1
284:1
285:1
286:1
287:1
288:1
289:1
290:1
291:1
292:1
293:0.8
294:1
295:0.6
296:1
297:1
298:1
299:1
300:1
301:1
302:1
303:1
304:1
305:1
306:1
307:1
308:1
309:1
310:1
311:1
312:0.9
313:1
314:1
315:1
316:1
317:1
318:1
319:1
320:-0.2
321:1
322:1
323:-0.5
324:1
325:1
326:1
327:1
328:0.8
329:1
330:1
331:1
332:0.4
333:1
334:1
335:1
336:1
337:0.9
338:0.9
339:1
340:1
341:1
342:1
343:1
344:1
345:1
346:1
347:1
348:1
349:0.9
350:0.2
351:0.5
352:1
353:1
354:1
355:1
356:1
357:0.4
358:1
359:0.7
360:1
361:0.6
362:0.9
363:1
364:1
365:1
366:1
367:1
368:1
369:1
370:1
371:1
372:1
373:1
374:0.8
375:0.4
376:1
377:0.8
378:1
379:0.8
380:1
381:1
382:1
383:1
384:1
385:0.8
386:1
387:1
388:1
389:0.4
390:-0.3
391:1
392:1
393:1
394:1
395:0.8
396:1
397:0.1
398:0.8
399:1
400:-0.6
401:1
402:1
403:0.8
404:1
405:0.6
406:0.8
407:1
408:0.2
409:1
410:1
411:1
412:0.4
413:1
414:0.9
415:1
416:1
417:0.8
418:1
419:1
420:1
421:0.7
422:1
423:0.1
424:1
425:1
426:1
427:1
428:1
429:0.7
430:1
431:1
432:1
433:1
434:1
435:0.7
436:1
437:1
438:1
439:1
440:1
441:1
442:1
443:1
444:0.9
445:1
446:1
447:1
448:1
449:1
450:1
451:0.6
452:0.8
453:-0.1
454:1
455:1
456:1
457:0.1
458:0.8
459:1.11022e-16
460:1
461:1
462:1
463:1
464:1
465:1
466:0.8
467:1
468:1
469:1
470:0.8
471:1
472:1
473:1
474:0.6
475:1
476:1
477:1
478:0.8
479:1
alpha: 10.2954
lagLB: 83771.2
stepSizeMultiplier: 1
targetLowerBound: 87959.8
||gamma||^2: 406.84
lambda: 0,141.869,171.638,230.369,221.446,206.177,137.715,274.754,116.023,158.254,173.715,134.254,92.3306,315.023,122.946,109.215,343.561,299.638,156.869,178.446,218.869,169.1,189.177,195.407,91.1383,120.984,158.292,194.331,116.484,231.254,157.792,135.869,106.561,164.6,166.792,85.4075,311.369,168.1,137.523,221.561,148.484,118.484,232.754,166.638,261.407,204.754,142.023,128.1,181.1,201.1,158.369,144.177,212.369,98.6767,127.561,203.023,137.484,106.561,226.946,248.177,132.593,212.484,139.677,343.484,126.754,171.177,132.177,142.023,237.331,217.715,187.1,213.754,191.023,164.484,181.369,174.292,119.831,177.407,224.023,80.4075,60.7921,111.292,122.638,194.946,97.5613,149.638,216.561,170.946,205.023,235.023,222.407,125.215,131.869,187.792,117.715,120.407,144.638,221.484,192.177,125.061,113.023,121.946,123.484,106.754,144.407,333.523,140.023,282.023,168.1,186.446,188.484,148.484,77.5229,155.946,155.6,117.407,155.516,96.7536,86.7536,204.177,214.254,150.638,148.754,208.792,140.677,239.254,299.946,107.907,240.792,84.1767,194.369,137.177,366.177,116.177,78.4844,170.023,144.177,231.177,119.715,376.561,190.484,108.869,105.715,109.1,161.254,157.715,164.254,182.407,317.331,217.138,108.1,77.4844,147.407,146.484,131.561,135.407,360.792,232.331,173.023,259.1,122.638,71.5613,277.792,68.869,104.061,165.023,221.177,114.638,171.869,184.331,242.831,192.292,236.177,208.907,279.254,177.754,107.254,261.407,271.215,324.177,166.638,312.331,181.6,367.331,110.6,149.715,144.484,183.292,223.869,186.754,219.869,221.369,57.1383,305.1,102.984,209.1,254.254,189.1,131.484,227.369,163.215,103.792,118.869,92.5998,254.023,147.331,220.331,144.177,108.484,91.869,149.023,172.984,221.177,238.946,306.523,139.638,176.177,296.946,150.215,124.792,213.407,81.0998,189.677,245.946,182.907,142.523,153.869,284.023,230.369,262.215,268.792,194.831,321.177,213.754,166.792,235.792,256.792,220.023,22.0998,324.638,290.023,214.1,164.446,120.6,66.7536,236.561,275.715,131.254,241.177,74.6383,177.715,129.446,115.984,162.869,237.6,79.2536,249.254,161.946,218.1,273.407,106.754,262.638,207.984,165.869,260.177,346.561,152.331,208.561,241.1,152.484,125.792,287.138,140.254,102.407,205.769,246.984,284.177,256.177,131.369,135.254,118.677,157.1,224.023,280.023,222.023,149.561,235.023,151.984,155.754,76.5613,117.407,189.407,177.407,311.561,129.638,164.1,102.946,157.715,213.907,183.215,228.984,275.792,192.484,188.715,152.331,124.254,170.715,250.254,162.023,130.331,138.523,169.407,234.023,126.407,150.754,252.484,135.869,225.792,308.177,174.946,180.523,262.715,243.1,106.561,89.2536,181.792,140.6,189.638,180.177,91.7536,238.484,211.177,295.561,116.484,132.484,116.946,192.331,174.946,206.946,230.715,115.331,117.177,145.407,171.523,264.638,133.407,217.715,112.792,71.7152,97.7921,233.484,143.946,331.792,145.561,99.2152,75.2152,157.138,304.484,205.023,134.946,179.869,245.1,165.984,212.023,99.2152,94.0613,144.177,156.638,127.792,69.4075,164.946,85.4075,239.254,145.023,167.869,123.446,114.446,163.1,142.292,220.331,105.023,206.023,157.1,192.1,152.023,179.869,209.638,143.869,204.484,187.715,234.177,299.254,145.792,88.7921,174.331,217.561,118.869,227.907,165.407,202.869,130.407,263.869,236.946,167.715,156.946,159.638,185.715,102.523,168.792,337.715,90.3306,125.984,366.177,128.292,94.369,177.061,259.407,176.792,274.023,230.484,246.561,191.946,243.869,103.077,154.638,105.407,284.484,246.292,111.177,190.023,137.946,94.6383,65.4075,98.869,178.1,138.869,223.1,256.484,212.792,140.023,162.331,130.1,203.715,262.331,106.561,269.638,187.715,336.638,116.484,100.215,104.446,84.869,113.754,137.715,140.138,179.946,114.446,137.846,187.1,143.023,155.023,169.715,140.792,106.754,108.869,131.254,178.1,126.177,74.7152,142.638,71.1767,171.254,103.561,213.407,131.254,141.484,263.869,116.484,116.369,297.407,
mu: 
srcDuals: 
lambda: 0,141.869,171.638,230.369,221.446,206.177,137.715,274.754,116.023,158.254,173.715,134.254,92.3306,315.023,122.946,109.215,343.561,299.638,156.869,178.446,218.869,169.1,189.177,195.407,91.1383,120.984,158.292,194.331,116.484,231.254,157.792,135.869,106.561,164.6,166.792,85.4075,311.369,168.1,137.523,221.561,148.484,118.484,232.754,166.638,261.407,204.754,142.023,128.1,181.1,201.1,158.369,144.177,212.369,98.6767,127.561,203.023,137.484,106.561,226.946,248.177,132.593,212.484,139.677,343.484,126.754,171.177,132.177,142.023,237.331,217.715,187.1,213.754,191.023,164.484,181.369,174.292,119.831,177.407,224.023,80.4075,60.7921,111.292,122.638,194.946,97.5613,149.638,216.561,170.946,205.023,235.023,222.407,125.215,131.869,187.792,117.715,120.407,144.638,221.484,192.177,125.061,113.023,121.946,123.484,106.754,144.407,333.523,140.023,282.023,168.1,186.446,188.484,148.484,77.5229,155.946,155.6,117.407,155.516,96.7536,86.7536,204.177,214.254,150.638,148.754,208.792,140.677,239.254,299.946,107.907,240.792,84.1767,194.369,137.177,366.177,116.177,78.4844,170.023,144.177,231.177,119.715,376.561,190.484,108.869,105.715,109.1,161.254,157.715,164.254,182.407,317.331,217.138,108.1,77.4844,147.407,146.484,131.561,135.407,360.792,232.331,173.023,259.1,122.638,71.5613,277.792,68.869,104.061,165.023,221.177,114.638,171.869,184.331,242.831,192.292,236.177,208.907,279.254,177.754,107.254,261.407,271.215,324.177,166.638,312.331,181.6,367.331,110.6,149.715,144.484,183.292,223.869,186.754,219.869,221.369,57.1383,305.1,102.984,209.1,254.254,189.1,131.484,227.369,163.215,103.792,118.869,92.5998,254.023,147.331,220.331,144.177,108.484,91.869,149.023,172.984,221.177,238.946,306.523,139.638,176.177,296.946,150.215,124.792,213.407,81.0998,189.677,245.946,182.907,142.523,153.869,284.023,230.369,262.215,268.792,194.831,321.177,213.754,166.792,235.792,256.792,220.023,22.0998,324.638,290.023,214.1,164.446,120.6,66.7536,236.561,275.715,131.254,241.177,74.6383,177.715,129.446,115.984,162.869,237.6,79.2536,249.254,161.946,218.1,273.407,106.754,262.638,207.984,165.869,260.177,346.561,152.331,208.561,241.1,152.484,125.792,287.138,140.254,102.407,205.769,246.984,284.177,256.177,131.369,135.254,118.677,157.1,224.023,280.023,222.023,149.561,235.023,151.984,155.754,76.5613,117.407,189.407,177.407,311.561,129.638,164.1,102.946,157.715,213.907,183.215,228.984,275.792,192.484,188.715,152.331,124.254,170.715,250.254,162.023,130.331,138.523,169.407,234.023,126.407,150.754,252.484,135.869,225.792,308.177,174.946,180.523,262.715,243.1,106.561,89.2536,181.792,140.6,189.638,180.177,91.7536,238.484,211.177,295.561,116.484,132.484,116.946,192.331,174.946,206.946,230.715,115.331,117.177,145.407,171.523,264.638,133.407,217.715,112.792,71.7152,97.7921,233.484,143.946,331.792,145.561,99.2152,75.2152,157.138,304.484,205.023,134.946,179.869,245.1,165.984,212.023,99.2152,94.0613,144.177,156.638,127.792,69.4075,164.946,85.4075,239.254,145.023,167.869,123.446,114.446,163.1,142.292,220.331,105.023,206.023,157.1,192.1,152.023,179.869,209.638,143.869,204.484,187.715,234.177,299.254,145.792,88.7921,174.331,217.561,118.869,227.907,165.407,202.869,130.407,263.869,236.946,167.715,156.946,159.638,185.715,102.523,168.792,337.715,90.3306,125.984,366.177,128.292,94.369,177.061,259.407,176.792,274.023,230.484,246.561,191.946,243.869,103.077,154.638,105.407,284.484,246.292,111.177,190.023,137.946,94.6383,65.4075,98.869,178.1,138.869,223.1,256.484,212.792,140.023,162.331,130.1,203.715,262.331,106.561,269.638,187.715,336.638,116.484,100.215,104.446,84.869,113.754,137.715,140.138,179.946,114.446,137.846,187.1,143.023,155.023,169.715,140.792,106.754,108.869,131.254,178.1,126.177,74.7152,142.638,71.1767,171.254,103.561,213.407,131.254,141.484,263.869,116.484,116.369,297.407,
mu: 
srcDuals: 
STATS - lpIterations[1] lagIterations[2] sspIterations[97] numSeparations[0] numCuts[0] compileTime[701] sspSolveTime[99] lpSolveTime[0] lb[84604.6] ub[89449] numArcs: [13862139] numFixed: [0] time: [951]
STATS1 - lpIterations[1] lagIterations[2] sspIterations[97] numSeparations[0] numCuts[0] compileTime[701] sspSolveTime[99] lpSolveTime[0] repairTime[55] cutsTime[0] lb[84604.6] ub[89449] numArcs: [13862139] numFixed: [0] time: [951]
lambda: 0,141.869,169.889,230.369,216.601,204.988,137.715,271.964,116.023,158.254,173.715,133.758,92.3306,315.023,122.087,109.215,343.021,299.638,156.869,178.446,215.116,169.1,185.478,195.407,91.1383,120.984,157.077,194.331,116.484,231.254,157.792,135.869,106.561,164.6,166.792,85.4075,311.369,168.1,137.523,221.561,148.484,118.484,232.754,166.638,261.407,204.754,142.023,128.1,180.652,201.1,156.273,144.177,212.369,98.6767,126.702,203.023,137.484,106.561,226.946,248.177,132.593,212.484,139.677,343.484,126.754,171.177,132.177,142.023,237.331,217.715,187.1,211.013,191.023,164.484,181.369,174.292,119.831,177.407,224.023,80.4075,60.7921,111.292,122.638,192.205,97.5613,149.638,216.066,170.946,204.051,235.023,222.407,125.215,131.363,187.792,117.715,119.319,144.638,221.484,190.851,125.061,113.023,120.197,123.484,105.565,144.407,333.523,139.163,282.023,168.1,186.446,188.484,148.384,77.5229,148.563,155.6,117.407,155.516,96.7536,86.2473,204.177,214.254,149.637,148.653,206.912,140.677,239.254,299.946,107.907,240.792,83.6703,194.369,137.177,366.177,116.177,77.625,170.023,144.177,231.177,119.715,376.561,190.484,108.869,105.715,109.1,161.254,157.715,163.038,182.407,316.115,215.923,108.1,77.4844,147.407,146.484,131.561,135.407,360.792,231.79,173.023,259.1,117.065,71.5613,277.792,68.869,104.061,165.023,217.424,113.865,171.869,184.331,242.831,192.292,236.177,208.907,279.254,177.754,107.254,261.407,271.215,324.177,166.638,312.331,181.6,367.331,110.6,148.389,144.484,183.292,223.869,185.782,219.869,219.62,57.1383,305.1,102.984,209.1,252.928,189.1,131.484,226.223,163.215,103.792,118.591,92.5998,254.023,147.331,220.331,143.205,108.484,91.869,149.023,171.236,220.176,238.946,306.523,139.638,176.177,296.946,150.215,124.792,213.407,81.0998,189.677,245.946,182.907,142.523,153.869,279.178,230.369,262.215,268.792,192.041,319.962,213.754,166.792,233.543,255.646,220.023,22.0998,324.638,288.143,214.1,163.299,120.6,66.7536,236.561,275.715,131.254,241.177,73.7788,177.715,129.446,115.984,162.869,237.6,79.2536,249.254,161.946,218.1,270.618,106.754,262.638,207.984,165.869,258.962,346.561,152.331,208.561,241.1,150.102,125.792,282.293,140.254,102.407,205.769,246.984,284.177,256.177,131.369,135.219,118.677,157.1,224.023,280.023,222.023,149.561,235.023,151.984,155.754,76.5613,117.407,189.407,177.407,311.561,129.638,162.351,102.946,157.715,213.907,183.215,228.984,275.792,192.484,188.715,152.331,124.254,170.715,250.254,162.023,130.331,138.523,169.407,234.023,126.407,150.754,252.484,135.869,225.792,308.177,174.946,179.197,262.715,243.1,99.2128,89.2536,181.792,140.6,189.638,180.177,91.7536,238.484,211.177,293.681,116.484,132.484,116.946,192.331,174.946,205.974,230.715,115.331,117.177,145.407,171.523,264.638,133.407,217.715,112.792,71.7152,97.7921,230.744,143.668,331.792,145.561,99.2152,75.2152,157.138,302.236,205.023,134.946,179.869,245.1,165.984,212.023,99.2152,94.0613,144.177,156.638,127.792,69.4075,164.946,85.4075,239.254,145.023,167.421,123.125,114.446,160.717,142.192,220.331,105.023,206.023,157.1,192.1,152.023,179.591,209.638,143.869,204.484,185.835,231.387,299.254,145.792,88.7921,174.331,217.283,118.869,226.761,164.901,202.869,129.082,263.869,236.946,167.209,156.946,155.94,185.715,102.523,167.603,337.715,90.3306,125.984,364.297,128.292,94.369,177.061,259.407,176.792,274.023,230.484,246.561,190.857,243.869,103.077,154.638,105.407,284.484,246.292,111.177,189.745,137.946,94.6383,65.4075,98.869,178.1,137.868,223.1,256.484,212.792,140.023,162.331,130.1,203.715,262.331,106.561,269.638,187.715,336.638,116.484,100.215,104.446,84.0096,113.754,133.962,140.138,179.946,114.446,137.846,187.1,140.282,155.023,169.615,140.792,106.754,108.869,131.254,178.1,126.177,74.7152,142.638,71.1767,171.254,103.561,213.407,130.253,141.484,263.869,116.484,114.62,297.407,
mu: 
srcDuals: 
fixing. lower bound used: 84604.6
percent fixed: 0
best alpha: 0.08
0:0
1:0.108
2:-0.552
3:-0.2
4:-0.46
5:0.312
6:0.84
7:-0.656
8:-0.68
9:1
10:0.748
11:-0.488
12:0.68
13:1
14:-0.532
15:0.416
16:-0.464
17:1
18:0.92
19:0.68
20:-0.24
21:0.44
22:-0.948
23:0.84
24:0.36
25:0.176
26:-0.328
27:0.6
28:0.92
29:1
30:0.6
31:0.92
32:0.36
33:0.44
34:-0.12
35:0.92
36:0.44
37:0.92
38:0.92
39:0.84
40:-0.44
41:1
42:0.268
43:0.268
44:0.6
45:0.268
46:1
47:0.12
48:-0.044
49:1
50:0.232
51:-0.36
52:0.656
53:0.92
54:-0.132
55:-0.28
56:1
57:0.68
58:0.656
59:0.28
60:-0.736
61:-0.44
62:0.68
63:0.92
64:0.28
65:1
66:0.2
67:0.348
68:0.416
69:-0.36
70:0.68
71:2.22045e-16
72:1
73:0.52
74:0.256
75:0.76
76:0.84
77:0.68
78:0.76
79:0.76
80:0.92
81:0.072
82:1
83:0.232
84:0.84
85:0.92
86:-0.236
87:0.016
88:0.084
89:0.44
90:0.76
91:0.36
92:0.152
93:-0.04
94:0.92
95:0.392
96:-0.04
97:1
98:0.096
99:-1.48
100:0.44
101:-0.264
102:0.28
103:0.036
104:-0.6
105:0.28
106:0.028
107:0.84
108:1
109:-0.68
110:0.84
111:0.256
112:0.76
113:-0.92
114:0.36
115:0.92
116:-0.736
117:0.92
118:-0.168
119:0.2
120:-0.36
121:-0.304
122:0.04
123:0.656
124:-0.04
125:0.68
126:0.44
127:0.656
128:1
129:0.656
130:0.84
131:0.2
132:0.04
133:0.68
134:-1.184
135:0.52
136:0.92
137:0.92
138:1
139:-0.408
140:0.2
141:0.52
142:0.68
143:0.84
144:0.36
145:-0.452
146:-2.008
147:1
148:-0.008
149:-0.156
150:0.84
151:0.04
152:0.84
153:0.2
154:-0.2
155:0.84
156:0.6
157:-0.284
158:0.84
159:0.52
160:-1.748
161:0.92
162:0.92
163:-0.488
164:0.28
165:0.6
166:-1.044
167:-0.752
168:0.84
169:0.44
170:-0.36
171:0.188
172:0.2
173:0.336
174:-0.12
175:0.84
176:0.84
177:0.6
178:0.92
179:-0.04
180:0.84
181:0.52
182:-0.04
183:0.44
184:0.92
185:-0.136
186:0.52
187:0.68
188:1
189:-0.316
190:0.04
191:2.22045e-16
192:0.92
193:-0.272
194:0.84
195:0.92
196:-0.032
197:0.2
198:-0.12
199:-0.184
200:-1
201:0.84
202:-0.352
203:0.92
204:0.668
205:1
206:0.6
207:-0.076
208:0.12
209:1
210:1
211:0.024
212:0.128
213:0.84
214:0.76
215:0.76
216:1
217:0.92
218:1
219:0.92
220:1
221:1
222:0.12
223:0.68
224:0.256
225:0.6
226:0.44
227:-0.736
228:0.6
229:1
230:0.68
231:-1.064
232:-1.128
233:1
234:0.176
235:-0.564
236:0.024
237:0.496
238:1
239:0.44
240:0.176
241:-0.36
242:-0.424
243:0.176
244:0.28
245:0.76
246:0.92
247:0.68
248:0.84
249:-0.772
250:0.68
251:-0.04
252:0.6
253:0.44
254:0.2
255:0.84
256:0.36
257:0.12
258:0.92
259:-0.184
260:0.92
261:0.6
262:0.188
263:-1
264:-1.252
265:0.6
266:1
267:0.76
268:0.76
269:0.072
270:1
271:-0.368
272:0.76
273:0.2
274:0.092
275:0.36
276:0.6
277:0.92
278:0.6
279:0.404
280:0.6
281:0.2
282:1
283:1
284:0.92
285:-1.16
286:0.44
287:0.12
288:0.84
289:-0.84
290:1
291:0.68
292:0.44
293:0.256
294:0.92
295:-0.088
296:0.92
297:0.52
298:1
299:0.92
300:0.44
301:0.52
302:1
303:1
304:0.84
305:1
306:-0.36
307:0.68
308:0.12
309:0.76
310:0.12
311:0.2
312:0.428
313:0.84
314:0.6
315:0.92
316:0.92
317:0.76
318:1
319:0.68
320:-0.504
321:-0.12
322:0.84
323:-0.54
324:0.6
325:1
326:0.04
327:0.84
328:0.496
329:0.84
330:0.36
331:0.92
332:-0.512
333:0.84
334:0.76
335:0.92
336:0.68
337:-0.052
338:0.108
339:1
340:0.84
341:-0.76
342:0.52
343:-0.6
344:0.92
345:-0.52
346:0.52
347:0.84
348:0.68
349:0.508
350:0.104
351:-0.66
352:1
353:0.68
354:0.68
355:1
356:0.44
357:-0.512
358:0.2
359:-0.476
360:0.84
361:0.232
362:0.828
363:0.92
364:0.92
365:0.68
366:0.12
367:1
368:0.92
369:0.92
370:0.84
371:0.84
372:0.52
373:0.68
374:0.416
375:-0.112
376:0.92
377:0.256
378:0.12
379:0.176
380:-0.04
381:-0.52
382:0.44
383:-0.68
384:0.12
385:0.576
386:0.28
387:1
388:-0.36
389:-0.352
390:-0.436
391:1
392:0.92
393:0.92
394:0.6
395:-0.144
396:0.92
397:-0.148
398:0.176
399:0.6
400:-1.192
401:0.84
402:0.92
403:0.176
404:0.92
405:-0.728
406:-0.384
407:0.92
408:0.024
409:1
410:0.84
411:-0.12
412:-0.192
413:0.28
414:0.828
415:0.92
416:1
417:-0.304
418:0.92
419:0.84
420:0.52
421:0.484
422:0.76
423:0.092
424:0.84
425:-0.44
426:0.36
427:0.6
428:0.76
429:-0.156
430:0.84
431:1
432:0.44
433:-0.04
434:1
435:0.404
436:0.28
437:0.44
438:0.36
439:0.92
440:0.6
441:1
442:0.36
443:1
444:-0.372
445:0.44
446:0.92
447:-0.12
448:0.36
449:0.6
450:0.76
451:-0.568
452:0.496
453:-0.332
454:0.6
455:0.76
456:-0.44
457:0.092
458:0.336
459:-0.16
460:0.68
461:0.44
462:0.84
463:0.92
464:-0.12
465:0.84
466:0.096
467:0.36
468:0.92
469:0.44
470:0.576
471:-0.52
472:0.68
473:-1.08
474:-0.088
475:0.12
476:0.92
477:0.92
478:0.416
479:0.92
alpha: 19.5056
lagLB: 72979.8
stepSizeMultiplier: 1
targetLowerBound: 88834.8
||gamma||^2: 216.872
lambda: 0,151.135,165.461,240.664,216.298,212.354,148.011,266.517,126.318,168.549,182.981,140.431,102.626,325.318,132.212,117.451,351.798,309.934,167.164,188.741,218.869,179.395,190.206,205.703,101.434,129.221,164.469,204.626,126.78,241.549,168.087,146.164,116.857,174.895,177.087,95.7028,321.664,178.395,147.818,231.857,158.78,128.78,242.019,175.904,271.703,214.019,152.318,138.395,184.188,211.395,164.546,154.472,220.605,108.972,136.827,213.318,147.78,116.857,235.182,258.472,124.356,222.78,149.972,353.78,137.049,181.472,142.472,151.289,245.567,228.011,197.395,213.754,201.318,174.78,189.605,184.587,130.126,187.703,234.318,90.7028,71.0875,117.469,132.934,201.123,107.857,159.934,223.768,179.182,212.23,245.318,232.703,135.511,138.046,198.087,128.011,126.585,154.934,231.78,200.413,135.357,123.318,119.887,133.78,109.842,154.703,343.818,149.289,292.318,178.395,196.741,198.78,156.721,87.8182,145.651,165.895,127.703,147.279,107.049,92.9309,214.472,224.549,158.875,159.049,217.028,150.972,249.549,310.241,116.144,251.087,92.413,204.664,147.472,376.472,126.472,86.7207,180.318,154.472,241.472,130.011,382.739,200.78,119.164,116.011,119.395,171.549,166.981,170.431,192.703,323.508,224.345,118.395,87.7798,157.703,156.78,141.857,145.703,371.087,235.419,183.318,269.395,103.077,81.8567,288.087,75.0462,114.357,175.318,213.97,118.756,182.164,194.626,253.126,201.558,246.472,217.144,289.549,188.049,117.549,271.703,281.511,334.472,176.934,322.626,191.895,377.626,120.895,151.774,154.78,193.587,234.164,193.96,230.164,221.369,67.4336,309.218,113.28,219.395,258.372,199.395,141.78,225.31,173.511,114.087,122.987,102.895,263.289,157.626,230.626,151.383,118.78,102.164,159.318,175.043,225.295,249.241,316.818,149.934,186.472,307.241,160.511,135.087,223.703,91.3952,199.972,256.241,191.144,152.818,164.164,275.787,240.664,272.511,279.087,192.772,327.354,224.049,175.028,228.585,258.851,228.259,32.3952,334.934,298.259,224.395,162.387,128.836,77.049,246.857,286.011,141.549,251.472,83.9041,188.011,139.741,126.28,173.164,247.895,89.549,259.549,172.241,228.395,271.348,117.049,272.934,217.25,176.164,269.443,356.857,162.626,218.857,251.395,158.662,136.087,283.02,150.549,112.703,206.799,257.28,294.472,266.472,141.664,142.46,128.972,167.395,234.318,290.318,232.318,159.857,245.318,162.28,166.049,86.8567,127.703,199.703,187.703,319.798,139.934,170.277,113.241,168.011,224.203,193.511,239.28,286.087,202.78,199.011,162.626,134.549,181.011,260.549,172.318,140.626,148.818,179.703,243.289,136.703,161.049,262.78,146.164,236.087,318.472,185.241,178.464,273.011,253.395,101.414,99.549,192.087,150.895,199.934,188.413,102.049,248.78,221.472,299.679,126.78,142.78,127.241,202.626,184.212,216.212,241.011,125.626,127.472,155.703,181.818,274.934,143.703,228.011,123.087,82.0105,107.058,235.543,149.094,342.087,155.857,109.511,85.5105,167.434,308.603,215.318,142.153,190.164,251.277,175.25,222.318,109.511,104.357,154.472,166.934,138.087,79.7028,175.241,95.7028,249.549,155.318,176.105,127.564,124.741,171.336,152.587,228.567,115.318,216.318,167.395,202.395,162.318,188.105,219.934,154.164,214.78,191.833,231.088,309.549,156.087,99.0875,184.626,225.798,129.164,228.937,173.644,213.164,124.23,274.164,247.241,175.951,167.241,165.815,193.951,112.818,170.851,348.011,100.626,136.28,370.295,138.587,103.635,187.357,269.703,185.028,284.318,240.78,256.857,199.153,254.164,104.106,164.934,115.703,294.78,256.587,121.472,197.23,148.241,104.934,75.7028,109.164,188.395,146.076,233.395,266.78,223.087,150.318,172.626,140.395,214.011,272.626,115.827,279.934,198.011,346.934,126.78,110.511,114.741,91.0462,121.99,136.686,150.434,190.241,124.741,138.876,195.336,143.023,165.318,180.011,151.087,117.049,119.164,141.549,186.336,136.472,85.0105,152.934,79.413,181.549,113.857,223.703,137.431,151.78,274.164,126.78,124.605,307.703,
mu: 
srcDuals: 
lambda: 0,141.869,169.889,230.369,216.601,204.988,137.715,271.964,116.023,158.254,173.715,133.758,92.3306,315.023,122.087,109.215,343.021,299.638,156.869,178.446,215.116,169.1,185.478,195.407,91.1383,120.984,157.077,194.331,116.484,231.254,157.792,135.869,106.561,164.6,166.792,85.4075,311.369,168.1,137.523,221.561,148.484,118.484,232.754,166.638,261.407,204.754,142.023,128.1,180.652,201.1,156.273,144.177,212.369,98.6767,126.702,203.023,137.484,106.561,226.946,248.177,132.593,212.484,139.677,343.484,126.754,171.177,132.177,142.023,237.331,217.715,187.1,211.013,191.023,164.484,181.369,174.292,119.831,177.407,224.023,80.4075,60.7921,111.292,122.638,192.205,97.5613,149.638,216.066,170.946,204.051,235.023,222.407,125.215,131.363,187.792,117.715,119.319,144.638,221.484,190.851,125.061,113.023,120.197,123.484,105.565,144.407,333.523,139.163,282.023,168.1,186.446,188.484,148.384,77.5229,148.563,155.6,117.407,155.516,96.7536,86.2473,204.177,214.254,149.637,148.653,206.912,140.677,239.254,299.946,107.907,240.792,83.6703,194.369,137.177,366.177,116.177,77.625,170.023,144.177,231.177,119.715,376.561,190.484,108.869,105.715,109.1,161.254,157.715,163.038,182.407,316.115,215.923,108.1,77.4844,147.407,146.484,131.561,135.407,360.792,231.79,173.023,259.1,117.065,71.5613,277.792,68.869,104.061,165.023,217.424,113.865,171.869,184.331,242.831,192.292,236.177,208.907,279.254,177.754,107.254,261.407,271.215,324.177,166.638,312.331,181.6,367.331,110.6,148.389,144.484,183.292,223.869,185.782,219.869,219.62,57.1383,305.1,102.984,209.1,252.928,189.1,131.484,226.223,163.215,103.792,118.591,92.5998,254.023,147.331,220.331,143.205,108.484,91.869,149.023,171.236,220.176,238.946,306.523,139.638,176.177,296.946,150.215,124.792,213.407,81.0998,189.677,245.946,182.907,142.523,153.869,279.178,230.369,262.215,268.792,192.041,319.962,213.754,166.792,233.543,255.646,220.023,22.0998,324.638,288.143,214.1,163.299,120.6,66.7536,236.561,275.715,131.254,241.177,73.7788,177.715,129.446,115.984,162.869,237.6,79.2536,249.254,161.946,218.1,270.618,106.754,262.638,207.984,165.869,258.962,346.561,152.331,208.561,241.1,150.102,125.792,282.293,140.254,102.407,205.769,246.984,284.177,256.177,131.369,135.219,118.677,157.1,224.023,280.023,222.023,149.561,235.023,151.984,155.754,76.5613,117.407,189.407,177.407,311.561,129.638,162.351,102.946,157.715,213.907,183.215,228.984,275.792,192.484,188.715,152.331,124.254,170.715,250.254,162.023,130.331,138.523,169.407,234.023,126.407,150.754,252.484,135.869,225.792,308.177,174.946,179.197,262.715,243.1,99.2128,89.2536,181.792,140.6,189.638,180.177,91.7536,238.484,211.177,293.681,116.484,132.484,116.946,192.331,174.946,205.974,230.715,115.331,117.177,145.407,171.523,264.638,133.407,217.715,112.792,71.7152,97.7921,230.744,143.668,331.792,145.561,99.2152,75.2152,157.138,302.236,205.023,134.946,179.869,245.1,165.984,212.023,99.2152,94.0613,144.177,156.638,127.792,69.4075,164.946,85.4075,239.254,145.023,167.421,123.125,114.446,160.717,142.192,220.331,105.023,206.023,157.1,192.1,152.023,179.591,209.638,143.869,204.484,185.835,231.387,299.254,145.792,88.7921,174.331,217.283,118.869,226.761,164.901,202.869,129.082,263.869,236.946,167.209,156.946,155.94,185.715,102.523,167.603,337.715,90.3306,125.984,364.297,128.292,94.369,177.061,259.407,176.792,274.023,230.484,246.561,190.857,243.869,103.077,154.638,105.407,284.484,246.292,111.177,189.745,137.946,94.6383,65.4075,98.869,178.1,137.868,223.1,256.484,212.792,140.023,162.331,130.1,203.715,262.331,106.561,269.638,187.715,336.638,116.484,100.215,104.446,84.0096,113.754,133.962,140.138,179.946,114.446,137.846,187.1,140.282,155.023,169.615,140.792,106.754,108.869,131.254,178.1,126.177,74.7152,142.638,71.1767,171.254,103.561,213.407,130.253,141.484,263.869,116.484,114.62,297.407,
mu: 
srcDuals: 
STATS - lpIterations[1] lagIterations[3] sspIterations[509] numSeparations[0] numCuts[0] compileTime[701] sspSolveTime[1038] lpSolveTime[0] lb[86715.9] ub[89449] numArcs: [13858299] numFixed: [0] time: [2269]
STATS1 - lpIterations[1] lagIterations[3] sspIterations[509] numSeparations[0] numCuts[0] compileTime[701] sspSolveTime[1038] lpSolveTime[0] repairTime[341] cutsTime[0] lb[86715.9] ub[89449] numArcs: [13858299] numFixed: [0] time: [2269]
lambda: 0,142.037,164.613,230.258,216.185,208.489,143.977,266.517,115.916,168.549,182.492,129.72,95.6209,325.318,123.116,110.676,347.132,309.934,167.164,184.814,215.432,176.397,185.119,204.553,93.889,121.676,155.559,198.706,126.78,241.549,167.31,146.164,113.937,166.681,166.949,95.7028,318.954,178.395,147.818,231.857,148.579,128.78,236.497,167.112,269.224,207.076,152.318,133.39,180.751,211.395,156.455,140.635,218.907,108.972,127.731,205.831,147.78,110.603,231.583,252.107,124.356,213.122,149.972,353.78,132.044,181.472,128.49,142.391,239.233,218.358,192.054,210.608,201.318,170.626,182.646,175.796,119.94,176.237,229.115,90.7028,71.0875,110.694,132.934,192.724,105.984,157.675,214.209,168.314,210.545,243.247,223.173,129.53,130.48,189.967,128.011,119.292,147.34,231.78,195.066,124.46,115.63,119.039,121.92,99.3382,144.564,334.787,140.193,292.086,178.395,185.806,197.189,144.985,84.8986,145.647,156.196,127.415,147.279,98.2981,84.4172,205.621,214.639,149.084,147.313,210.069,138.482,246.647,304.719,113.696,251.087,84.8469,204.664,142.016,367.84,121.331,75.7522,175.65,154.472,237.125,130.011,377.536,194.679,117.292,114.133,115.361,166.81,154.166,159.508,192.703,319.997,215.435,118.123,73.5639,150.982,150.361,133.516,139.594,369.313,230.753,183.318,263.225,103.077,81.8567,288.087,67.6059,104.156,168.538,210.533,112.999,177.934,187.621,243.474,190.69,229.938,210.423,282.846,187.962,117.549,268.951,281.511,328.143,176.934,316.261,182.237,376.103,120.895,146.98,152.336,193.188,234.164,183.974,223.462,220.521,67.4336,304.015,105.839,219.395,257.198,189.256,129.246,223.589,162.614,110.644,114.002,102.895,261.454,157.626,226.882,141.397,111.775,102.164,159.318,174.195,215.925,245.011,313.682,149.934,186.472,307.241,160.511,135.087,223.703,91.3952,190.442,253.531,184.184,148.49,155.954,275.673,238.744,272.511,276.377,188.106,316.431,224.049,168.606,228.585,257.017,224.66,32.3952,329.579,291.299,218.066,160.666,121.665,69.6087,242.308,286.011,137,251.319,70.7744,185.109,133.368,119.857,165.477,238.855,89.549,254.615,163.166,228.395,271.348,116.962,271.41,210.307,166.923,259.271,356.857,162.626,216.614,249.872,149.938,136.087,282.588,146.805,102.079,205.582,251.179,292.697,266.472,141.664,138.421,126.071,158.643,234.318,290.318,232.318,146.02,238.147,154.009,163.978,76.6557,127.703,193.031,181,314.824,139.934,163.556,113.241,164.567,224.203,193.511,233.925,279.987,202.78,199.011,162.626,134.549,173.417,251.917,162.177,133.846,138.73,172.698,242.516,134.632,158.129,262.528,146.164,231.538,318.472,180.496,177.339,263.352,248.626,99.815,97.6717,192.087,144.192,199.934,179.244,102.049,246.332,221.472,292.72,126.692,142.78,127.241,192.177,173.344,206.225,241.011,125.626,118.574,149.532,172.92,274.934,126.847,227.599,123,72.3119,101.917,231.268,139.118,342.087,155.636,105.477,85.5105,162.079,303.4,204.869,134.061,187.263,246.303,168.997,222.318,107.252,97.3516,144.773,166.934,138,79.7028,175.241,88.4103,246.647,153.923,173.157,118.882,124.741,164.207,142.992,222.773,107.361,202.168,159.459,192.865,148.168,183.235,211.976,154.164,200.629,184.874,231.088,309.549,151.264,99.0875,182.483,221.162,129.164,227.216,165.13,213.164,123.056,274.164,244.981,167.438,167.241,159.439,184.783,112.731,166.922,348.011,100.626,131.509,362.399,130.92,103.635,187.357,269.703,176.449,284.318,240.78,250.937,195.577,251.263,102.89,159.793,104.49,288.451,252.26,114.697,190.289,141.57,104.934,64.3328,96.3492,188.395,136.706,228.39,261.425,214.967,150.318,165.333,140.395,206.551,272.626,107.173,271.813,198.011,337.902,119.406,102.553,97.9245,81.8463,118.814,133.248,143.789,188.331,112.732,138.876,190.913,133.772,165.273,175.713,151.087,117.049,108.268,141.549,179.187,130.125,85.0105,145.246,72.9206,168.478,111.598,214.173,130.468,143.822,274.103,126.54,117.036,307.451,
mu: 
srcDuals: 
fixing. lower bound used: 86715.9
percent fixed: 0
best alpha: 0.07
0:0
1:0.03044
2:-0.44336
3:-0.116
4:-0.3578
5:-0.40984
6:-0.5488
7:-0.54008
8:-0.5624
9:0.58
10:0.20564
11:-0.45384
12:0.4224
13:0.44
14:-0.49476
15:0.24688
16:-0.36152
17:0.58
18:0.5756
19:0.5624
20:-0.1532
21:0.1292
22:-0.81164
23:0.3612
24:0.1948
25:0.09368
26:-0.23504
27:-0.002
28:0.4356
29:1
30:0.418
31:0.7156
32:0.0548
33:0.0592
34:-0.1116
35:0.7156
36:0.3392
37:0.7156
38:0.6456
39:0.7112
40:-0.4792
41:1
42:0.31924
43:-0.59076
44:0.138
45:0.10924
46:0.65
47:-0.0284
48:0.02908
49:1
50:-0.34424
51:-0.3348
52:-0.15992
53:0.4356
54:-0.12276
55:-0.2604
56:0.16
57:0.0024
58:-0.36992
59:-0.3696
60:-0.61448
61:-0.4792
62:0.5624
63:0.7856
64:0.0504
65:0.51
66:0.046
67:-0.30636
68:-0.45312
69:-0.2648
70:0.1424
71:-0.14
72:0.58
73:0.2736
74:0.16808
75:0.5668
76:0.0812
77:0.0724
78:0.7068
79:0.2868
80:0.7856
81:-0.07304
82:1
83:-0.48424
84:0.3612
85:-0.1244
86:-0.35948
87:-0.40512
88:0.07812
89:0.1292
90:0.6368
91:-0.3652
92:0.14136
93:-0.6672
94:0.7156
95:-0.19544
96:0.0328
97:0.58
98:0.01928
99:-1.3064
100:-0.0808
101:-0.24552
102:-0.0896
103:-0.59652
104:-0.558
105:0.1204
106:0.09604
107:0.5012
108:1
109:-0.5624
110:0.2212
111:-0.25192
112:0.4968
113:-0.7856
114:-0.0852
115:0.7156
116:-0.61448
117:0.2956
118:-0.29624
119:-0.094
120:-0.2648
121:-0.28272
122:-0.1028
123:0.54008
124:-0.1772
125:0.1424
126:0.4792
127:0.54008
128:0.72
129:0.47008
130:0.1512
131:0.116
132:-0.0328
133:0.2124
134:-1.03112
135:-0.3564
136:0.5756
137:-0.4044
138:0.86
139:-0.30944
140:-0.024
141:-0.0064
142:0.5624
143:0.5712
144:-0.2952
145:-0.49036
146:-1.79744
147:0.58
148:0.06256
149:-0.07508
150:-0.0588
151:-0.3828
152:0.5012
153:0.116
154:-0.186
155:0.0112
156:-0.352
157:-0.19412
158:-0.2688
159:0.0636
160:-1.55564
161:0.8556
162:0.2256
163:-0.59384
164:0.1904
165:-0.002
166:-0.90092
167:-0.69936
168:-0.1988
169:0.0592
170:-0.2648
171:-0.31516
172:-0.234
173:0.10248
174:-0.0416
175:-0.2688
176:0.4312
177:0.278
178:0.3656
179:0.0328
180:0.7812
181:-0.1464
182:-0.1072
183:0.3392
184:0.8556
185:-0.12648
186:0.4136
187:0.5624
188:0.58
189:-0.22388
190:0.1072
191:-0.28
192:0.3656
193:-0.18296
194:0.5712
195:0.7856
196:0.04024
197:0.046
198:-0.1816
199:-0.10112
200:-0.86
201:0.0812
202:-0.39736
203:0.6456
204:0.41124
205:0.72
206:0.068
207:-0.07068
208:-0.1684
209:0.93
210:1
211:-0.25768
212:-0.30096
213:0.1512
214:0.7768
215:0.4268
216:0.93
217:0.2256
218:0.86
219:0.7156
220:1
221:1
222:0.1116
223:0.3524
224:0.16808
225:-0.422
226:-0.5008
227:-0.61448
228:0.488
229:0.09
230:0.1424
231:-0.91952
232:-0.97904
233:0.65
234:-0.25632
235:-0.45452
236:0.09232
237:-0.16872
238:1
239:-0.2908
240:-0.04632
241:-0.2648
242:-0.32432
243:-0.32632
244:-0.0896
245:-0.1332
246:0.9256
247:0.1424
248:0.6412
249:-0.64796
250:0.2824
251:-0.1072
252:-0.142
253:0.0592
254:0.116
255:0.5712
256:0.2648
257:-0.6584
258:0.5056
259:-0.10112
260:0.2256
261:0.558
262:-0.03516
263:-0.86
264:-1.09436
265:0.488
266:0.86
267:0.2868
268:0.4268
269:-0.07304
270:1
271:-0.27224
272:0.4968
273:0.186
274:0.01556
275:-0.0852
276:0.208
277:0.7856
278:0.488
279:0.09572
280:-0.002
281:0.186
282:1
283:1
284:0.2956
285:-1.0088
286:-0.0808
287:0.1116
288:0.2912
289:-0.7812
290:0.72
291:-0.6976
292:0.1992
293:0.30808
294:-0.0544
295:-0.22184
296:0.7856
297:-0.5664
298:0.86
299:0.7856
300:-0.2908
301:0.2036
302:0.3
303:0.37
304:0.7112
305:1
306:-0.2648
307:0.4924
308:-0.0984
309:0.3568
310:0.0416
311:-0.024
312:0.32804
313:0.2912
314:0.488
315:0.7856
316:0.5756
317:0.2868
318:0.93
319:-0.2776
320:-0.39872
321:-0.3216
322:-0.0588
323:-0.4322
324:0.488
325:0.93
326:0.1072
327:0.6412
328:0.18128
329:0.3612
330:-0.0152
331:0.6456
332:-0.40616
333:-0.1988
334:0.2168
335:0.8556
336:-0.2776
337:-0.25836
338:-0.24956
339:0.51
340:0.6412
341:-0.6368
342:0.0636
343:-0.488
344:0.6456
345:-0.4136
346:-0.0064
347:0.5712
348:0.0024
349:-0.22756
350:-0.32328
351:-0.6138
352:1
353:0.3524
354:-0.6276
355:0.93
356:-0.0808
357:-0.40616
358:-0.164
359:-0.44268
360:0.6412
361:0.21576
362:4e-05
363:0.9256
364:-0.1244
365:-0.2076
366:-0.3784
367:1
368:0.2256
369:0.8556
370:0.3612
371:0.2212
372:-0.1464
373:0.3524
374:0.45688
375:-0.38416
376:0.8556
377:0.02808
378:-0.0284
379:-0.60632
380:-0.1772
381:-0.4836
382:0.1992
383:-0.5624
384:-0.3784
385:-0.86432
386:0.0504
387:1
388:-0.3348
389:-0.25736
390:-0.33548
391:1
392:-0.0544
393:0.3656
394:-0.142
395:-0.06392
396:0.6456
397:-0.06764
398:-0.04632
399:0.208
400:-1.03856
401:0.6412
402:-0.5444
403:-0.11632
404:0.3656
405:-0.60704
406:-0.35712
407:-0.1944
408:-0.46768
409:1
410:0.2212
411:-0.1816
412:-0.24856
413:0.1204
414:0.70004
415:0.9256
416:1
417:-0.28272
418:0.7856
419:0.7812
420:-0.0764
421:0.03012
422:0.2868
423:-0.19444
424:0.1512
425:-0.4092
426:0.4048
427:-0.142
428:0.4268
429:-0.07508
430:-0.2688
431:0.86
432:-0.2208
433:-0.2472
434:1
435:-0.25428
436:0.0504
437:-0.5008
438:0.0548
439:0.7156
440:0.208
441:1
442:-0.2952
443:1
444:-0.41596
445:-0.2908
446:0.0156
447:-0.1816
448:0.0548
449:0.278
450:0.2868
451:-0.59824
452:0.32128
453:-0.23876
454:0.208
455:0.4268
456:-0.4092
457:0.08556
458:0.10248
459:-0.4288
460:0.5624
461:-0.0808
462:-0.0588
463:0.0856
464:-0.1816
465:0.0812
466:-0.12072
467:-0.0152
468:0.7856
469:-0.0108
470:0.46568
471:-0.5536
472:-0.2776
473:-0.9344
474:-0.15184
475:0.0416
476:0.3656
477:0.5756
478:0.10688
479:0.0856
alpha: 23.3911
lagLB: 79887.4
stepSizeMultiplier: 1
targetLowerBound: 89449
||gamma||^2: 116.844
lambda: 0,143.976,159.122,226.468,207.628,211.073,154.1,259.169,102.759,177.759,188.305,124.239,105.594,334.528,111.71,117.33,333.97,319.144,174.814,191.71,210.435,177.682,166.987,211.792,98.1603,124.417,150.679,206.034,134.43,250.759,169.495,153.814,113.583,173.182,164.451,103.353,319.952,186.045,155.468,237.946,139.902,137.99,237.981,171.866,273.111,209.981,161.528,130.44,179.794,220.605,160.798,137.155,225.165,116.622,124.127,197.561,156.99,119.825,239.742,253.638,118.236,203.902,152.941,361.43,132.215,190.682,136.078,148.811,245.445,210.693,200.364,211.013,210.528,174.627,186.362,189.116,136.215,190.671,238.847,95.2318,78.7373,112.697,142.144,196.73,113.946,167.583,211.463,171.258,205.69,243.605,237.232,132.237,134.327,187.012,135.66,126.965,143.858,240.99,192.724,96.193,121.605,115.048,128.946,106.267,132.704,338.984,139.71,298.408,187.605,173.182,204.869,153.378,92.3472,130.618,162.622,135.353,141.159,114.699,82.9703,208.078,207.232,143.708,149.434,219.708,139.897,252.517,308.528,120.703,260.298,96.466,210.754,141.078,366.957,129.441,54.5303,180.166,162.122,249.122,139.221,368.603,194.386,119.012,118.979,125.485,168.276,148.899,123.871,201.913,315.959,212.88,124.485,78.2646,163.792,150.386,127.66,151.792,372.495,226.251,189.408,269.243,82.9695,89.5065,295.737,59.3503,109.523,176.726,197.06,99.1964,188.254,192.913,235.809,195.959,240.078,215.461,276.913,194.138,123.638,273.111,289.16,323.397,183.023,322.473,180.82,375.913,128.545,145.737,154.627,196.556,243.375,179.618,220.649,219.62,75.0834,299.794,119.369,227.045,252.304,193.001,129.144,222.633,143.71,120.177,111.725,110.545,267.053,166.836,232.034,141.723,110.825,111.375,168.528,171.704,222.673,255.331,321.347,154.463,195.682,314.891,169.721,142.737,232.913,100.605,192.017,259.21,187.901,154.226,162.452,264.822,242.072,281.721,282.056,171.287,297.959,233.259,170.225,222.542,256.114,229.698,41.6054,333.221,291.576,207.078,155.029,124.033,72.2152,251.386,293.66,144.517,257.561,58.7205,190.979,128.666,127.688,171.452,241.501,95.6384,256.276,164.287,236.045,267.029,124.699,274.342,211.651,146.363,234.541,358.265,171.836,223.386,255.924,151.506,145.298,275.115,155.078,106.309,207.564,254.006,295.88,274.122,143.072,143.1,130.38,161.001,243.528,299.528,239.968,126.935,243.605,154.325,172.138,60.1766,136.913,202.671,185.99,316.555,147.583,160.634,120.891,167.858,233.413,201.16,237.567,285.935,211.99,208.221,168.715,143.759,163.693,263.517,164.364,145.155,140.864,173.309,242.371,142.792,162.457,270.43,153.814,240.616,327.682,188.21,169.366,260.375,259.485,88.6797,100.957,201.298,141.38,206.023,189.852,108.138,245.506,229.122,283.694,132.869,147.309,134.891,205.594,173.932,208.081,250.221,131.715,102.352,155.55,159.82,282.583,123.265,227.858,129.177,84.979,107.701,232.772,130.794,351.298,158.825,112.479,94.7208,165.721,292.249,208.924,125.661,196.254,249.625,182.135,229.968,117.16,107.325,146.517,176.144,145.737,87.3527,181.331,101.792,249.397,158.287,175.536,120.941,132.391,165.711,144.533,223.764,104.243,195.88,165.682,178.836,154.364,190.826,215.1,163.375,197.462,178.969,222.883,318.759,163.737,106.737,186.034,214.474,136.814,223.874,168.334,214.572,105.831,280.254,254.891,170.642,174.891,141.739,178.225,120.468,168.071,357.221,106.715,123.644,360.552,133.754,110.52,195.007,278.913,170.862,291.968,246.869,256.704,200.298,258.693,104.871,171.023,96.825,291.506,257.995,126.001,186.702,154.331,114.144,73.99,98.0888,197.605,145.748,228.561,265.067,219.814,157.968,174.034,149.605,210.737,281.836,99.3052,278.221,205.66,334.298,123.506,111.919,119.27,72.9304,123.428,127.487,151.842,194.77,105.863,139.641,193.654,137.161,168.287,178.197,157.177,124.699,106.528,147.638,179.972,133.199,92.6604,151.221,82.412,161.111,116.825,192.341,128.536,143.825,281.814,134.43,122.735,315.353,
mu: 
srcDuals: 
lambda: 0,142.037,164.613,230.258,216.185,208.489,143.977,266.517,115.916,168.549,182.492,129.72,95.6209,325.318,123.116,110.676,347.132,309.934,167.164,184.814,215.432,176.397,185.119,204.553,93.889,121.676,155.559,198.706,126.78,241.549,167.31,146.164,113.937,166.681,166.949,95.7028,318.954,178.395,147.818,231.857,148.579,128.78,236.497,167.112,269.224,207.076,152.318,133.39,180.751,211.395,156.455,140.635,218.907,108.972,127.731,205.831,147.78,110.603,231.583,252.107,124.356,213.122,149.972,353.78,132.044,181.472,128.49,142.391,239.233,218.358,192.054,210.608,201.318,170.626,182.646,175.796,119.94,176.237,229.115,90.7028,71.0875,110.694,132.934,192.724,105.984,157.675,214.209,168.314,210.545,243.247,223.173,129.53,130.48,189.967,128.011,119.292,147.34,231.78,195.066,124.46,115.63,119.039,121.92,99.3382,144.564,334.787,140.193,292.086,178.395,185.806,197.189,144.985,84.8986,145.647,156.196,127.415,147.279,98.2981,84.4172,205.621,214.639,149.084,147.313,210.069,138.482,246.647,304.719,113.696,251.087,84.8469,204.664,142.016,367.84,121.331,75.7522,175.65,154.472,237.125,130.011,377.536,194.679,117.292,114.133,115.361,166.81,154.166,159.508,192.703,319.997,215.435,118.123,73.5639,150.982,150.361,133.516,139.594,369.313,230.753,183.318,263.225,103.077,81.8567,288.087,67.6059,104.156,168.538,210.533,112.999,177.934,187.621,243.474,190.69,229.938,210.423,282.846,187.962,117.549,268.951,281.511,328.143,176.934,316.261,182.237,376.103,120.895,146.98,152.336,193.188,234.164,183.974,223.462,220.521,67.4336,304.015,105.839,219.395,257.198,189.256,129.246,223.589,162.614,110.644,114.002,102.895,261.454,157.626,226.882,141.397,111.775,102.164,159.318,174.195,215.925,245.011,313.682,149.934,186.472,307.241,160.511,135.087,223.703,91.3952,190.442,253.531,184.184,148.49,155.954,275.673,238.744,272.511,276.377,188.106,316.431,224.049,168.606,228.585,257.017,224.66,32.3952,329.579,291.299,218.066,160.666,121.665,69.6087,242.308,286.011,137,251.319,70.7744,185.109,133.368,119.857,165.477,238.855,89.549,254.615,163.166,228.395,271.348,116.962,271.41,210.307,166.923,259.271,356.857,162.626,216.614,249.872,149.938,136.087,282.588,146.805,102.079,205.582,251.179,292.697,266.472,141.664,138.421,126.071,158.643,234.318,290.318,232.318,146.02,238.147,154.009,163.978,76.6557,127.703,193.031,181,314.824,139.934,163.556,113.241,164.567,224.203,193.511,233.925,279.987,202.78,199.011,162.626,134.549,173.417,251.917,162.177,133.846,138.73,172.698,242.516,134.632,158.129,262.528,146.164,231.538,318.472,180.496,177.339,263.352,248.626,99.815,97.6717,192.087,144.192,199.934,179.244,102.049,246.332,221.472,292.72,126.692,142.78,127.241,192.177,173.344,206.225,241.011,125.626,118.574,149.532,172.92,274.934,126.847,227.599,123,72.3119,101.917,231.268,139.118,342.087,155.636,105.477,85.5105,162.079,303.4,204.869,134.061,187.263,246.303,168.997,222.318,107.252,97.3516,144.773,166.934,138,79.7028,175.241,88.4103,246.647,153.923,173.157,118.882,124.741,164.207,142.992,222.773,107.361,202.168,159.459,192.865,148.168,183.235,211.976,154.164,200.629,184.874,231.088,309.549,151.264,99.0875,182.483,221.162,129.164,227.216,165.13,213.164,123.056,274.164,244.981,167.438,167.241,159.439,184.783,112.731,166.922,348.011,100.626,131.509,362.399,130.92,103.635,187.357,269.703,176.449,284.318,240.78,250.937,195.577,251.263,102.89,159.793,104.49,288.451,252.26,114.697,190.289,141.57,104.934,64.3328,96.3492,188.395,136.706,228.39,261.425,214.967,150.318,165.333,140.395,206.551,272.626,107.173,271.813,198.011,337.902,119.406,102.553,97.9245,81.8463,118.814,133.248,143.789,188.331,112.732,138.876,190.913,133.772,165.273,175.713,151.087,117.049,108.268,141.549,179.187,130.125,85.0105,145.246,72.9206,168.478,111.598,214.173,130.468,143.822,274.103,126.54,117.036,307.451,
mu: 
srcDuals: 
fixing. lower bound used: 86590.3
percent fixed: 0
best alpha: 0.05
0:0
1:-0.021082
2:-0.371192
3:-0.0602
4:-0.28991
5:-0.339348
6:-0.47136
7:-0.463076
8:-0.53428
9:-0.299
10:0.145358
11:-0.381148
12:0.35128
13:0.018
14:-0.420022
15:0.134536
16:-0.293444
17:0.401
18:-0.20318
19:0.23428
20:-0.09554
21:-0.12726
22:-0.721058
23:-0.20686
24:0.08506
25:0.088996
26:-0.273288
27:-0.0019
28:-0.08618
29:0.95
30:-0.2529
31:0.52982
32:-0.39794
33:-0.04376
34:-0.25602
35:0.37982
36:0.07224
37:0.22982
38:-0.28668
39:0.37564
40:-0.40524
41:1
42:-0.346722
43:-0.511222
44:0.0811
45:-0.046222
46:0.3675
47:-0.37698
48:0.077626
49:1
50:-0.277028
51:-0.26806
52:-0.201924
53:-0.03618
54:-0.066622
55:-0.24738
56:-0.248
57:0.00228
58:-0.301424
59:-0.30112
60:-0.533756
61:-0.40524
62:0.33428
63:0.29632
64:-0.50212
65:0.0845
66:0.0937
67:-0.241042
68:-0.380464
69:-0.20156
70:0.03528
71:-0.083
72:0.001
73:-0.09008
74:-0.040324
75:0.43846
76:-0.12286
77:0.06878
78:-0.82854
79:-0.12754
80:0.54632
81:-0.169388
82:0.9
83:-0.410028
84:0.29314
85:-0.41818
86:-0.291506
87:-0.334864
88:-0.175786
89:-0.12726
90:0.30496
91:-0.29694
92:0.134292
93:-0.58384
94:0.47982
95:-0.135668
96:-0.06884
97:0.501
98:-0.031684
99:-1.19108
100:-0.12676
101:-0.183244
102:-0.18512
103:-0.516694
104:-0.5801
105:-0.23562
106:0.141238
107:0.22614
108:1
109:-0.48428
110:-0.03986
111:-0.189324
112:-0.02804
113:-0.69632
114:-0.13094
115:0.37982
116:-0.533756
117:0.08082
118:-0.231428
119:-0.0893
120:-0.20156
121:-0.218584
122:-0.04766
123:0.413076
124:-0.21834
125:-0.16472
126:-0.09476
127:0.263076
128:0.234
129:0.346576
130:-0.20636
131:-0.0398
132:0.01884
133:0.05178
134:-0.929564
135:-0.38858
136:0.19682
137:-0.33418
138:0.767
139:-0.443968
140:-0.2228
141:-0.10608
142:0.08428
143:0.24264
144:-0.23044
145:-0.415842
146:-1.65757
147:-0.199
148:-0.090568
149:-0.071326
150:-0.10586
151:-0.31366
152:0.07614
153:-0.3398
154:-0.1767
155:-0.03936
156:-0.4344
157:-0.134414
158:-0.40536
159:-0.03958
160:-1.42786
161:0.81282
162:-0.13568
163:-0.514148
164:0.13088
165:-0.1019
166:-0.805874
167:-0.614392
168:-0.23886
169:0.10624
170:-0.20156
171:-0.249402
172:-0.1723
173:0.147356
174:-0.23952
175:-0.25536
176:-0.04036
177:0.0641
178:-0.15268
179:-0.16884
180:0.14214
181:-0.08908
182:-0.10184
183:-0.42776
184:0.76282
185:-0.120156
186:0.24292
187:0.28428
188:0.251
189:-0.162686
190:-0.54816
191:-0.216
192:-0.15268
193:-0.173812
194:0.49264
195:0.64632
196:0.038228
197:-0.0563
198:-0.22252
199:-0.146064
200:-0.767
201:0.02714
202:-0.327492
203:0.26332
204:-0.109322
205:0.084
206:-0.2854
207:-0.217146
208:-0.20998
209:0.8335
210:0.4
211:-0.194796
212:-0.235912
213:-0.15636
214:-0.31204
215:-0.59454
216:0.7835
217:-0.33568
218:0.467
219:0.17982
220:0.95
221:0.85
222:0.05602
223:0.08478
224:0.009676
225:-0.4009
226:-0.42576
227:-0.533756
228:0.0636
229:0.0355
230:-0.11472
231:-0.823544
232:-0.880088
233:-0.0325
234:-0.193504
235:-0.381794
236:-0.162296
237:-0.110284
238:0.9
239:-0.27626
240:-0.144004
241:-0.40156
242:-0.408104
243:-0.360004
244:-0.13512
245:-0.12654
246:0.67932
247:0.03528
248:0.05914
249:-0.565562
250:0.21828
251:-0.50184
252:-0.1349
253:0.00624
254:-0.2398
255:0.09264
256:0.25156
257:-0.67548
258:0.38032
259:-0.046064
260:0.21432
261:-0.5699
262:-0.083402
263:-0.767
264:-0.989642
265:0.3636
266:0.867
267:0.22246
268:0.20546
269:-0.119388
270:0.95
271:-0.208628
272:0.22196
273:0.1767
274:0.064782
275:-0.43094
276:-0.1024
277:0.09632
278:-0.4364
279:0.040934
280:-0.3519
281:-0.1733
282:0.4
283:0.25
284:-0.31918
285:-0.90836
286:-0.07676
287:0.05602
288:-0.12336
289:-0.74214
290:0.084
291:-0.61272
292:-0.51076
293:0.192676
294:-0.25168
295:-0.160748
296:0.64632
297:-0.53808
298:0.367
299:-0.05368
300:-0.32626
301:-0.70658
302:-0.065
303:-0.0985
304:0.62564
305:0.7
306:-0.35156
307:0.31778
308:-0.04348
309:0.08896
310:-0.01048
311:-0.0228
312:-0.038362
313:-0.02336
314:-0.0864
315:0.64632
316:-0.30318
317:0.07246
318:0.7335
319:-0.31372
320:-0.428784
321:-0.25552
322:-0.20586
323:-0.36059
324:0.1136
325:0.2835
326:-0.59816
327:0.50914
328:0.122216
329:-0.20686
330:-0.11444
331:0.01332
332:-0.385852
333:-0.13886
334:-0.04404
335:0.71282
336:-0.26372
337:-0.195442
338:-0.187082
339:-0.5155
340:0.35914
341:-0.55496
342:-0.13958
343:-0.4136
344:0.31332
345:-0.34292
346:-0.05608
347:0.49264
348:-0.04772
349:-0.316182
350:-0.257116
351:-0.53311
352:0.3
353:-0.06522
354:-0.54622
355:0.8335
356:-0.17676
357:-0.335852
358:-0.1058
359:-0.420546
360:0.35914
361:0.154972
362:3.8e-05
363:0.62932
364:-0.21818
365:-0.24722
366:-0.35948
367:0.8
368:0.21432
369:0.61282
370:-0.30686
371:-0.08986
372:-0.48908
373:-0.01522
374:0.034036
375:-0.314952
376:0.71282
377:-0.273324
378:-0.02698
379:-0.526004
380:-0.36834
381:-0.45942
382:0.13924
383:-0.48428
384:-0.30948
385:-0.771104
386:-0.00212
387:0.15
388:-0.31806
389:-0.244492
390:-0.268706
391:0.8
392:-0.00168
393:-0.15268
394:-0.0849
395:-0.110724
396:0.01332
397:-0.164258
398:-0.094004
399:-0.7524
400:-0.936632
401:-0.34086
402:-0.46718
403:-0.110504
404:-0.15268
405:-0.526688
406:-0.339264
407:-0.23468
408:-0.394296
409:1
410:-0.08986
411:-0.57252
412:-0.236132
413:-0.08562
414:0.165038
415:0.57932
416:0.45
417:-0.218584
418:0.04632
419:-0.80786
420:-0.02258
421:0.078614
422:-0.02754
423:-0.134718
424:0.09364
425:-0.63874
426:0.08456
427:-0.1849
428:0.30546
429:-0.071326
430:-0.30536
431:0.517
432:-0.20976
433:-0.28484
434:0.8
435:-0.241566
436:-0.15212
437:-0.52576
438:0.10206
439:0.57982
440:0.2476
441:0.8
442:-0.23044
443:0.6
444:-0.345162
445:-0.22626
446:-0.33518
447:-0.32252
448:-0.24794
449:0.0141
450:0.22246
451:-0.518328
452:-0.244784
453:-0.176822
454:-0.3024
455:0.30546
456:-0.38874
457:0.031282
458:0.147356
459:-0.35736
460:-0.56572
461:-0.02676
462:-0.10586
463:-0.16868
464:-0.17252
465:-0.22286
466:-0.264684
467:-0.06444
468:0.49632
469:-0.01026
470:-0.057604
471:-0.47592
472:-0.26372
473:-0.83768
474:-0.094248
475:-0.26048
476:0.24732
477:0.04682
478:0.051536
479:-0.01868
alpha: 36.8432
lagLB: 80540.3
stepSizeMultiplier: 1
targetLowerBound: 89449
||gamma||^2: 74.1822
lambda: 0,142.749,154.242,227.544,207.816,198.902,131.14,253.884,102.761,182.116,187.302,119.104,105.501,335.61,111.543,116.451,338.676,323.5,180.628,197.969,211.848,179.419,166.134,213.002,98.4456,123.867,150.061,198.66,136.969,264.94,177.087,162.903,115.219,168.066,164.338,112.441,326.888,195.134,162.92,248.492,137.37,152.171,243.964,153.294,272.452,209.631,167.522,132.726,181.431,234.786,148.403,132.804,215.167,119.161,124.86,199.74,151.522,110.659,222.93,243.462,109.983,201.913,163.127,372.156,133.223,193.402,129.566,135.224,228.634,212.164,195.385,207.333,214.885,177.026,186.577,189.054,121.839,177.931,245.648,97.4114,89.4635,108.985,156.325,181.397,114.433,154.765,205.8,158.838,212.372,246.269,238.068,120.988,133.787,174.361,144.749,114.721,148.107,245.347,195.517,93.9023,113.74,113.296,119.824,85.3849,131.512,337.603,142.439,303.81,201.786,172.651,202.363,139.092,96.5193,127.271,154.203,144.154,132.906,105.212,77.4878,203.423,208.445,142.471,144.909,222.702,134.337,249.978,315.928,126.329,267.929,95.8426,208.201,144.729,367.073,126.3,51.6332,167.313,167.936,227.666,150.127,370.298,194.118,117.142,127.288,128.722,159.905,142.696,117.464,206.27,321.461,213.679,116.747,64.6098,162.706,153.075,129.165,139.856,361.079,226.213,177.031,264.712,66.689,101.87,293.364,53.7154,108.609,168.492,189.459,96.64,173.284,189.006,237.28,183.318,224.464,212.82,281.873,181.674,127.635,275.454,290.062,328.91,195.207,312.837,179.729,384.037,140.909,144.021,162.01,206.343,247.731,178.737,225.969,213.971,75.9854,299.735,119.2,237.771,258.139,190.332,124.998,221.224,142.498,112.543,104.707,117.996,271.074,174.467,228.473,139.743,107.836,123.918,182.709,168.168,208.885,248.548,331.852,159.917,208.226,312.518,180.627,151.826,247.094,114.786,193.052,261.774,188.116,138.619,144.24,261.3,250.159,274.616,279.708,166.597,293.531,239.253,162.61,217.954,259.176,220.713,55.7862,322.777,290.216,211.872,153.08,114.032,67.5128,239.192,307.661,140.331,266.317,55.6179,191.715,130.86,116.536,166.861,241.568,102.91,260.809,147.765,240.222,268.983,122.239,284.462,209.484,146.807,233.672,368.272,182.742,223.323,259.855,148.229,159.479,276.22,158.426,106.43,205.946,249.186,297.563,284.848,153.079,140.66,126.024,162.994,257.709,313.709,239.233,122.423,236.257,156.62,170.789,58.3826,144.544,176.714,185.659,322.03,138.661,158.367,131.617,151.318,244.319,211.887,227.123,284.749,209.797,207.665,179.262,157.94,167.223,263.434,159.875,142.192,139.703,172.136,250.189,141.443,169.544,280.904,159.628,238.247,340.226,174.002,168.012,255.83,247.25,89.7054,109.087,213.841,146.7,214.932,183.484,110.498,245.976,236.573,283.219,122.042,147.851,147.255,185.684,167.3,200.387,252.94,140.624,103.678,151.02,161.505,290.035,117.172,227.45,136.361,72.368,96.5943,223.706,124.761,365.479,163.879,90.7963,107.264,160.189,293.899,201.033,123.706,202.261,251.35,168.998,243.969,104.342,92.4957,135.922,190.325,143.277,99.7162,183.69,93.5844,243.223,162.166,183.844,109.896,144.755,164.864,142.328,208.591,103.216,190.856,164.119,179.71,139.316,163.018,213.155,177.555,192.798,178.854,223.241,332.94,149.991,107.639,179.162,219.667,144.266,225.634,164.047,218.03,98.7633,289.163,232.247,164.717,175.793,145.24,176.429,108.184,155.983,371.402,105.8,127.261,356.585,133.736,120.01,209.007,293.094,169.836,302.694,259.053,249.15,196.282,257.971,98.3414,163.33,94.9186,297.919,248.938,124.68,188.533,135.282,125.05,59.168,90.5669,211.786,130.758,229.569,249.711,216.249,167.057,170.199,163.786,199.646,296.017,97.443,265.011,198.375,333.654,120.688,109.056,104.633,67.8528,126.329,127.663,148.655,198.314,103.161,140.877,193.31,123.742,178.428,173.823,149.712,119.051,104.02,143.448,176.363,129.769,103.387,144.993,83.8133,155.529,105.105,192.316,126.916,144.795,282.655,140.004,119.536,309.454,
mu: 
srcDuals: 
lambda: 0,142.037,164.613,230.258,216.185,208.489,143.977,266.517,115.916,168.549,182.492,129.72,95.6209,325.318,123.116,110.676,347.132,309.934,167.164,184.814,215.432,176.397,185.119,204.553,93.889,121.676,155.559,198.706,126.78,241.549,167.31,146.164,113.937,166.681,166.949,95.7028,318.954,178.395,147.818,231.857,148.579,128.78,236.497,167.112,269.224,207.076,152.318,133.39,180.751,211.395,156.455,140.635,218.907,108.972,127.731,205.831,147.78,110.603,231.583,252.107,124.356,213.122,149.972,353.78,132.044,181.472,128.49,142.391,239.233,218.358,192.054,210.608,201.318,170.626,182.646,175.796,119.94,176.237,229.115,90.7028,71.0875,110.694,132.934,192.724,105.984,157.675,214.209,168.314,210.545,243.247,223.173,129.53,130.48,189.967,128.011,119.292,147.34,231.78,195.066,124.46,115.63,119.039,121.92,99.3382,144.564,334.787,140.193,292.086,178.395,185.806,197.189,144.985,84.8986,145.647,156.196,127.415,147.279,98.2981,84.4172,205.621,214.639,149.084,147.313,210.069,138.482,246.647,304.719,113.696,251.087,84.8469,204.664,142.016,367.84,121.331,75.7522,175.65,154.472,237.125,130.011,377.536,194.679,117.292,114.133,115.361,166.81,154.166,159.508,192.703,319.997,215.435,118.123,73.5639,150.982,150.361,133.516,139.594,369.313,230.753,183.318,263.225,103.077,81.8567,288.087,67.6059,104.156,168.538,210.533,112.999,177.934,187.621,243.474,190.69,229.938,210.423,282.846,187.962,117.549,268.951,281.511,328.143,176.934,316.261,182.237,376.103,120.895,146.98,152.336,193.188,234.164,183.974,223.462,220.521,67.4336,304.015,105.839,219.395,257.198,189.256,129.246,223.589,162.614,110.644,114.002,102.895,261.454,157.626,226.882,141.397,111.775,102.164,159.318,174.195,215.925,245.011,313.682,149.934,186.472,307.241,160.511,135.087,223.703,91.3952,190.442,253.531,184.184,148.49,155.954,275.673,238.744,272.511,276.377,188.106,316.431,224.049,168.606,228.585,257.017,224.66,32.3952,329.579,291.299,218.066,160.666,121.665,69.6087,242.308,286.011,137,251.319,70.7744,185.109,133.368,119.857,165.477,238.855,89.549,254.615,163.166,228.395,271.348,116.962,271.41,210.307,166.923,259.271,356.857,162.626,216.614,249.872,149.938,136.087,282.588,146.805,102.079,205.582,251.179,292.697,266.472,141.664,138.421,126.071,158.643,234.318,290.318,232.318,146.02,238.147,154.009,163.978,76.6557,127.703,193.031,181,314.824,139.934,163.556,113.241,164.567,224.203,193.511,233.925,279.987,202.78,199.011,162.626,134.549,173.417,251.917,162.177,133.846,138.73,172.698,242.516,134.632,158.129,262.528,146.164,231.538,318.472,180.496,177.339,263.352,248.626,99.815,97.6717,192.087,144.192,199.934,179.244,102.049,246.332,221.472,292.72,126.692,142.78,127.241,192.177,173.344,206.225,241.011,125.626,118.574,149.532,172.92,274.934,126.847,227.599,123,72.3119,101.917,231.268,139.118,342.087,155.636,105.477,85.5105,162.079,303.4,204.869,134.061,187.263,246.303,168.997,222.318,107.252,97.3516,144.773,166.934,138,79.7028,175.241,88.4103,246.647,153.923,173.157,118.882,124.741,164.207,142.992,222.773,107.361,202.168,159.459,192.865,148.168,183.235,211.976,154.164,200.629,184.874,231.088,309.549,151.264,99.0875,182.483,221.162,129.164,227.216,165.13,213.164,123.056,274.164,244.981,167.438,167.241,159.439,184.783,112.731,166.922,348.011,100.626,131.509,362.399,130.92,103.635,187.357,269.703,176.449,284.318,240.78,250.937,195.577,251.263,102.89,159.793,104.49,288.451,252.26,114.697,190.289,141.57,104.934,64.3328,96.3492,188.395,136.706,228.39,261.425,214.967,150.318,165.333,140.395,206.551,272.626,107.173,271.813,198.011,337.902,119.406,102.553,97.9245,81.8463,118.814,133.248,143.789,188.331,112.732,138.876,190.913,133.772,165.273,175.713,151.087,117.049,108.268,141.549,179.187,130.125,85.0105,145.246,72.9206,168.478,111.598,214.173,130.468,143.822,274.103,126.54,117.036,307.451,
mu: 
srcDuals: 
