num loc: 29
instance upper bound: 533.79
compiling DD
time step mult: 10000
time step: 1000000
cap step: 1
done compiling DD
batch size for lag: 1
iteration delay to start separating: 0
optimality gap to start repairing: 100
percent fixed to change to CPLEX: 97.5
num arcs to change to CPLEX: 100000
num arcs to change to LAG: 999999999
STATS - lpIterations[0] lagIterations[0] sspIterations[0] numSeparations[0] numCuts[0] compileTime[1] sspSolveTime[0] lpSolveTime[0] lb[0] ub[533.79] numArcs: [567309] numFixed: [0] time: [1]
STATS - lpIterations[1] lagIterations[0] sspIterations[0] numSeparations[0] numCuts[0] compileTime[1] sspSolveTime[0] lpSolveTime[0] lb[0] ub[533.79] numArcs: [567309] numFixed: [0] time: [1]
STATS - lpIterations[1] lagIterations[1] sspIterations[1] numSeparations[0] numCuts[0] compileTime[1] sspSolveTime[0] lpSolveTime[0] lb[431.368] ub[533.79] numArcs: [567280] numFixed: [0] time: [1]
STATS - lpIterations[1] lagIterations[2] sspIterations[2] numSeparations[1] numCuts[0] compileTime[1] sspSolveTime[0] lpSolveTime[0] lb[449.628] ub[533.79] numArcs: [567382] numFixed: [192504] time: [1]
STATS - lpIterations[1] lagIterations[3] sspIterations[3] numSeparations[2] numCuts[0] compileTime[1] sspSolveTime[0] lpSolveTime[0] lb[470.17] ub[533.79] numArcs: [567492] numFixed: [254707] time: [1]
STATS - lpIterations[1] lagIterations[4] sspIterations[4] numSeparations[3] numCuts[0] compileTime[1] sspSolveTime[0] lpSolveTime[0] lb[485.018] ub[533.79] numArcs: [567475] numFixed: [313293] time: [1]
STATS - lpIterations[1] lagIterations[5] sspIterations[5] numSeparations[4] numCuts[0] compileTime[1] sspSolveTime[0] lpSolveTime[0] lb[497.69] ub[533.79] numArcs: [567599] numFixed: [346837] time: [2]
STATS - lpIterations[1] lagIterations[7] sspIterations[7] numSeparations[6] numCuts[0] compileTime[1] sspSolveTime[0] lpSolveTime[0] lb[508.34] ub[533.79] numArcs: [567946] numFixed: [388332] time: [2]
switching from LAG to LP solver
num vars: 84331
STATS - lpIterations[2] lagIterations[8] sspIterations[8] numSeparations[7] numCuts[0] compileTime[1] sspSolveTime[1] lpSolveTime[25] lb[519.401] ub[533.79] numArcs: [568126] numFixed: [484003] time: [28]
num vars: 145213
STATS - lpIterations[3] lagIterations[8] sspIterations[8] numSeparations[9] numCuts[0] compileTime[1] sspSolveTime[1] lpSolveTime[62] lb[519.401] ub[533.79] numArcs: [568435] numFixed: [423430] time: [65]
num vars: 62163
STATS - lpIterations[4] lagIterations[8] sspIterations[8] numSeparations[11] numCuts[0] compileTime[1] sspSolveTime[1] lpSolveTime[99] lb[520.165] ub[533.79] numArcs: [568632] numFixed: [506677] time: [102]
num vars: 54561
STATS - lpIterations[5] lagIterations[8] sspIterations[8] numSeparations[13] numCuts[0] compileTime[1] sspSolveTime[1] lpSolveTime[141] lb[520.255] ub[533.79] numArcs: [568720] numFixed: [514367] time: [145]
num vars: 54925
STATS - lpIterations[6] lagIterations[8] sspIterations[8] numSeparations[15] numCuts[0] compileTime[1] sspSolveTime[1] lpSolveTime[197] lb[520.613] ub[533.79] numArcs: [568849] numFixed: [514132] time: [200]
num vars: 60446
STATS - lpIterations[7] lagIterations[8] sspIterations[8] numSeparations[19] numCuts[0] compileTime[1] sspSolveTime[1] lpSolveTime[266] lb[520.613] ub[533.79] numArcs: [569053] numFixed: [508815] time: [270]
num vars: 58228
STATS - lpIterations[8] lagIterations[8] sspIterations[8] numSeparations[23] numCuts[0] compileTime[1] sspSolveTime[1] lpSolveTime[328] lb[520.953] ub[533.79] numArcs: [569265] numFixed: [511245] time: [332]
num vars: 61908
STATS - lpIterations[9] lagIterations[8] sspIterations[8] numSeparations[25] numCuts[0] compileTime[1] sspSolveTime[1] lpSolveTime[404] lb[521.044] ub[533.79] numArcs: [569329] numFixed: [507629] time: [409]
num vars: 109173
STATS - lpIterations[10] lagIterations[8] sspIterations[8] numSeparations[37] numCuts[0] compileTime[1] sspSolveTime[1] lpSolveTime[576] lb[521.094] ub[533.79] numArcs: [570282] numFixed: [461317] time: [581]
num vars: 113845
STATS - lpIterations[11] lagIterations[8] sspIterations[8] numSeparations[39] numCuts[0] compileTime[1] sspSolveTime[1] lpSolveTime[746] lb[521.282] ub[533.79] numArcs: [570365] numFixed: [456728] time: [751]
num vars: 56940
STATS - lpIterations[12] lagIterations[8] sspIterations[8] numSeparations[49] numCuts[0] compileTime[1] sspSolveTime[1] lpSolveTime[818] lb[521.493] ub[533.79] numArcs: [571010] numFixed: [514278] time: [824]
num vars: 64425
STATS - lpIterations[13] lagIterations[8] sspIterations[8] numSeparations[58] numCuts[0] compileTime[1] sspSolveTime[1] lpSolveTime[913] lb[521.635] ub[533.79] numArcs: [571469] numFixed: [507250] time: [918]
num vars: 127950
STATS - lpIterations[14] lagIterations[8] sspIterations[8] numSeparations[68] numCuts[0] compileTime[1] sspSolveTime[1] lpSolveTime[1147] lb[521.756] ub[533.79] numArcs: [571964] numFixed: [444220] time: [1152]
num vars: 55413
STATS - lpIterations[15] lagIterations[8] sspIterations[8] numSeparations[74] numCuts[0] compileTime[1] sspSolveTime[1] lpSolveTime[1207] lb[521.836] ub[533.79] numArcs: [572324] numFixed: [517117] time: [1213]
num vars: 54474
STATS - lpIterations[16] lagIterations[8] sspIterations[8] numSeparations[84] numCuts[0] compileTime[1] sspSolveTime[1] lpSolveTime[1264] lb[521.913] ub[533.79] numArcs: [572733] numFixed: [518465] time: [1270]
num vars: 134155
STATS - lpIterations[17] lagIterations[8] sspIterations[8] numSeparations[87] numCuts[0] compileTime[1] sspSolveTime[1] lpSolveTime[1422] lb[522.034] ub[533.79] numArcs: [572960] numFixed: [439011] time: [1428]
num vars: 53115
STATS - lpIterations[18] lagIterations[8] sspIterations[8] numSeparations[89] numCuts[0] compileTime[1] sspSolveTime[1] lpSolveTime[1476] lb[522.034] ub[533.79] numArcs: [573045] numFixed: [520136] time: [1482]
num vars: 56141
STATS - lpIterations[19] lagIterations[8] sspIterations[8] numSeparations[91] numCuts[0] compileTime[1] sspSolveTime[1] lpSolveTime[1531] lb[522.104] ub[533.79] numArcs: [573145] numFixed: [517210] time: [1537]
num vars: 145509
STATS - lpIterations[20] lagIterations[8] sspIterations[8] numSeparations[98] numCuts[0] compileTime[1] sspSolveTime[1] lpSolveTime[1701] lb[522.154] ub[533.79] numArcs: [573488] numFixed: [428185] time: [1708]
num vars: 52671
STATS - lpIterations[21] lagIterations[8] sspIterations[8] numSeparations[100] numCuts[0] compileTime[1] sspSolveTime[1] lpSolveTime[1755] lb[522.198] ub[533.79] numArcs: [573555] numFixed: [521090] time: [1762]
num vars: 54244
STATS - lpIterations[22] lagIterations[8] sspIterations[8] numSeparations[112] numCuts[0] compileTime[1] sspSolveTime[1] lpSolveTime[1805] lb[522.199] ub[533.79] numArcs: [573924] numFixed: [519886] time: [1813]
num vars: 54601
STATS - lpIterations[23] lagIterations[8] sspIterations[8] numSeparations[114] numCuts[0] compileTime[1] sspSolveTime[1] lpSolveTime[1856] lb[522.217] ub[533.79] numArcs: [573990] numFixed: [519595] time: [1864]
num vars: 130186
STATS - lpIterations[24] lagIterations[8] sspIterations[8] numSeparations[116] numCuts[0] compileTime[1] sspSolveTime[1] lpSolveTime[2033] lb[522.381] ub[533.79] numArcs: [574207] numFixed: [444227] time: [2040]
num vars: 55681
STATS - lpIterations[25] lagIterations[8] sspIterations[8] numSeparations[122] numCuts[0] compileTime[1] sspSolveTime[1] lpSolveTime[2091] lb[522.534] ub[533.79] numArcs: [574451] numFixed: [518976] time: [2099]
num vars: 111635
STATS - lpIterations[26] lagIterations[8] sspIterations[8] numSeparations[129] numCuts[0] compileTime[1] sspSolveTime[1] lpSolveTime[2248] lb[522.574] ub[533.79] numArcs: [574765] numFixed: [463336] time: [2256]
num vars: 139511
STATS - lpIterations[27] lagIterations[8] sspIterations[8] numSeparations[141] numCuts[0] compileTime[1] sspSolveTime[1] lpSolveTime[2456] lb[522.628] ub[533.79] numArcs: [575265] numFixed: [435960] time: [2465]
num vars: 54916
STATS - lpIterations[28] lagIterations[8] sspIterations[8] numSeparations[146] numCuts[0] compileTime[1] sspSolveTime[1] lpSolveTime[2522] lb[522.651] ub[533.79] numArcs: [575574] numFixed: [520864] time: [2530]
num vars: 55512
STATS - lpIterations[29] lagIterations[8] sspIterations[8] numSeparations[152] numCuts[0] compileTime[1] sspSolveTime[1] lpSolveTime[2581] lb[522.668] ub[533.79] numArcs: [575818] numFixed: [520512] time: [2590]
num vars: 62284
STATS - lpIterations[30] lagIterations[8] sspIterations[8] numSeparations[157] numCuts[0] compileTime[1] sspSolveTime[1] lpSolveTime[2654] lb[522.678] ub[533.79] numArcs: [576330] numFixed: [514252] time: [2663]
num vars: 146937
STATS - lpIterations[31] lagIterations[8] sspIterations[8] numSeparations[159] numCuts[0] compileTime[1] sspSolveTime[1] lpSolveTime[2858] lb[522.721] ub[533.79] numArcs: [576430] numFixed: [429699] time: [2867]
num vars: 52167
STATS - lpIterations[32] lagIterations[8] sspIterations[8] numSeparations[161] numCuts[0] compileTime[1] sspSolveTime[1] lpSolveTime[2913] lb[522.742] ub[533.79] numArcs: [576513] numFixed: [524552] time: [2922]
num vars: 146494
STATS - lpIterations[33] lagIterations[8] sspIterations[8] numSeparations[168] numCuts[0] compileTime[1] sspSolveTime[1] lpSolveTime[3118] lb[522.792] ub[533.79] numArcs: [576860] numFixed: [430572] time: [3127]
num vars: 53026
STATS - lpIterations[34] lagIterations[8] sspIterations[8] numSeparations[177] numCuts[0] compileTime[1] sspSolveTime[1] lpSolveTime[3169] lb[522.823] ub[533.79] numArcs: [577516] numFixed: [524696] time: [3179]
num vars: 52431
STATS - lpIterations[35] lagIterations[8] sspIterations[8] numSeparations[179] numCuts[0] compileTime[1] sspSolveTime[1] lpSolveTime[3221] lb[522.853] ub[533.79] numArcs: [577655] numFixed: [525430] time: [3231]
num vars: 52750
STATS - lpIterations[36] lagIterations[8] sspIterations[8] numSeparations[193] numCuts[0] compileTime[1] sspSolveTime[1] lpSolveTime[3277] lb[522.929] ub[533.79] numArcs: [578138] numFixed: [525594] time: [3287]
num vars: 147493
STATS - lpIterations[37] lagIterations[8] sspIterations[8] numSeparations[202] numCuts[0] compileTime[1] sspSolveTime[1] lpSolveTime[3471] lb[522.931] ub[533.79] numArcs: [578425] numFixed: [431138] time: [3481]
num vars: 50864
STATS - lpIterations[38] lagIterations[8] sspIterations[8] numSeparations[204] numCuts[0] compileTime[1] sspSolveTime[1] lpSolveTime[3520] lb[522.984] ub[533.79] numArcs: [578678] numFixed: [528020] time: [3531]
num vars: 54645
STATS - lpIterations[39] lagIterations[8] sspIterations[8] numSeparations[224] numCuts[0] compileTime[1] sspSolveTime[1] lpSolveTime[3581] lb[523.12] ub[533.79] numArcs: [579634] numFixed: [525195] time: [3592]
num vars: 148490
