relax capacity constraint
instance upper bound: 16075.4
compiling DD
time step mult: 10
time step: 900
cap step: 10
done compiling DD
batch size for lag: 1
iteration delay to start separating: 0
optimality gap to start repairing: 100
percent fixed to change to CPLEX: 97.5
num arcs to change to CPLEX: 500000
num arcs to change to LAG: 999999999
STATS - lpIterations[0] lagIterations[0] sspIterations[0] numSeparations[0] numCuts[0] compileTime[609] sspSolveTime[0] lpSolveTime[0] lb[0] ub[16075.4] numArcs: [130041044] numFixed: [0] time: [609]
STATS - lpIterations[1] lagIterations[0] sspIterations[0] numSeparations[0] numCuts[0] compileTime[609] sspSolveTime[0] lpSolveTime[0] lb[0] ub[16075.4] numArcs: [130041044] numFixed: [0] time: [609]
STATS - lpIterations[1] lagIterations[1] sspIterations[128] numSeparations[0] numCuts[0] compileTime[609] sspSolveTime[181] lpSolveTime[0] lb[4296.52] ub[16075.4] numArcs: [130035798] numFixed: [0] time: [790]
STATS - lpIterations[1] lagIterations[1] sspIterations[128] numSeparations[0] numCuts[0] compileTime[609] sspSolveTime[181] lpSolveTime[0] lb[9151.91] ub[16075.4] numArcs: [130035798] numFixed: [0] time: [820]
STATS - lpIterations[1] lagIterations[2] sspIterations[254] numSeparations[128] numCuts[0] compileTime[609] sspSolveTime[380] lpSolveTime[0] lb[9153.9] ub[16075.4] numArcs: [130661569] numFixed: [0] time: [1054]
STATS - lpIterations[1] lagIterations[3] sspIterations[311] numSeparations[254] numCuts[0] compileTime[609] sspSolveTime[474] lpSolveTime[0] lb[9191.5] ub[16075.4] numArcs: [130973336] numFixed: [154681] time: [1178]
STATS - lpIterations[1] lagIterations[4] sspIterations[332] numSeparations[311] numCuts[0] compileTime[609] sspSolveTime[513] lpSolveTime[0] lb[9229.69] ub[16075.4] numArcs: [131114775] numFixed: [154681] time: [1238]
STATS - lpIterations[1] lagIterations[5] sspIterations[333] numSeparations[332] numCuts[0] compileTime[609] sspSolveTime[523] lpSolveTime[0] lb[9276.72] ub[16075.4] numArcs: [131153550] numFixed: [154681] time: [1254]
STATS - lpIterations[1] lagIterations[6] sspIterations[352] numSeparations[333] numCuts[0] compileTime[609] sspSolveTime[560] lpSolveTime[0] lb[9565.52] ub[16075.4] numArcs: [131157849] numFixed: [154681] time: [1298]
STATS - lpIterations[1] lagIterations[6] sspIterations[352] numSeparations[333] numCuts[0] compileTime[609] sspSolveTime[560] lpSolveTime[0] lb[9665.25] ub[16075.4] numArcs: [131157849] numFixed: [154681] time: [1320]
STATS - lpIterations[1] lagIterations[7] sspIterations[353] numSeparations[352] numCuts[0] compileTime[609] sspSolveTime[571] lpSolveTime[0] lb[9705.41] ub[16075.4] numArcs: [131221445] numFixed: [155676] time: [1337]
STATS - lpIterations[1] lagIterations[8] sspIterations[376] numSeparations[353] numCuts[0] compileTime[609] sspSolveTime[607] lpSolveTime[0] lb[9959.8] ub[16075.4] numArcs: [131224765] numFixed: [155676] time: [1381]
STATS - lpIterations[1] lagIterations[8] sspIterations[376] numSeparations[353] numCuts[0] compileTime[609] sspSolveTime[607] lpSolveTime[0] lb[10090.9] ub[16075.4] numArcs: [131224765] numFixed: [155676] time: [1412]
STATS - lpIterations[1] lagIterations[9] sspIterations[380] numSeparations[376] numCuts[0] compileTime[609] sspSolveTime[622] lpSolveTime[0] lb[10136.3] ub[16075.4] numArcs: [131279073] numFixed: [158655] time: [1432]
STATS - lpIterations[1] lagIterations[9] sspIterations[380] numSeparations[376] numCuts[0] compileTime[609] sspSolveTime[622] lpSolveTime[0] lb[10139.8] ub[16075.4] numArcs: [131279073] numFixed: [158655] time: [1442]
STATS - lpIterations[1] lagIterations[10] sspIterations[397] numSeparations[380] numCuts[0] compileTime[609] sspSolveTime[654] lpSolveTime[0] lb[10379.1] ub[16075.4] numArcs: [131285392] numFixed: [158655] time: [1479]
STATS - lpIterations[1] lagIterations[10] sspIterations[397] numSeparations[380] numCuts[0] compileTime[609] sspSolveTime[654] lpSolveTime[0] lb[10421.1] ub[16075.4] numArcs: [131285392] numFixed: [158655] time: [1501]
STATS - lpIterations[1] lagIterations[11] sspIterations[398] numSeparations[397] numCuts[0] compileTime[609] sspSolveTime[665] lpSolveTime[0] lb[10485.9] ub[16075.4] numArcs: [131330340] numFixed: [160603] time: [1517]
STATS - lpIterations[1] lagIterations[11] sspIterations[398] numSeparations[397] numCuts[0] compileTime[609] sspSolveTime[665] lpSolveTime[0] lb[10487.9] ub[16075.4] numArcs: [131330340] numFixed: [160603] time: [1523]
STATS - lpIterations[1] lagIterations[12] sspIterations[414] numSeparations[398] numCuts[0] compileTime[609] sspSolveTime[691] lpSolveTime[0] lb[10849.2] ub[16075.4] numArcs: [131333872] numFixed: [161599] time: [1554]
STATS - lpIterations[1] lagIterations[12] sspIterations[414] numSeparations[398] numCuts[0] compileTime[609] sspSolveTime[691] lpSolveTime[0] lb[10894.4] ub[16075.4] numArcs: [131333872] numFixed: [161599] time: [1583]
STATS - lpIterations[1] lagIterations[13] sspIterations[425] numSeparations[414] numCuts[0] compileTime[609] sspSolveTime[712] lpSolveTime[0] lb[10963.7] ub[16075.4] numArcs: [131372446] numFixed: [165569] time: [1610]
STATS - lpIterations[1] lagIterations[13] sspIterations[425] numSeparations[414] numCuts[0] compileTime[609] sspSolveTime[712] lpSolveTime[0] lb[10976.6] ub[16075.4] numArcs: [131372446] numFixed: [165569] time: [1628]
STATS - lpIterations[1] lagIterations[14] sspIterations[431] numSeparations[425] numCuts[0] compileTime[609] sspSolveTime[729] lpSolveTime[0] lb[11072] ub[16075.4] numArcs: [131409772] numFixed: [165569] time: [1650]
STATS - lpIterations[1] lagIterations[14] sspIterations[431] numSeparations[425] numCuts[0] compileTime[609] sspSolveTime[729] lpSolveTime[0] lb[11084.5] ub[16075.4] numArcs: [131409772] numFixed: [165569] time: [1662]
STATS - lpIterations[1] lagIterations[15] sspIterations[445] numSeparations[431] numCuts[0] compileTime[609] sspSolveTime[750] lpSolveTime[0] lb[11238.3] ub[16075.4] numArcs: [131450924] numFixed: [168553] time: [1689]
STATS - lpIterations[1] lagIterations[15] sspIterations[445] numSeparations[431] numCuts[0] compileTime[609] sspSolveTime[750] lpSolveTime[0] lb[11273.6] ub[16075.4] numArcs: [131450924] numFixed: [168553] time: [1709]
STATS - lpIterations[1] lagIterations[16] sspIterations[450] numSeparations[445] numCuts[0] compileTime[609] sspSolveTime[765] lpSolveTime[0] lb[11357.2] ub[16075.4] numArcs: [131489736] numFixed: [169548] time: [1728]
STATS - lpIterations[1] lagIterations[17] sspIterations[487] numSeparations[449] numCuts[0] compileTime[609] sspSolveTime[813] lpSolveTime[0] lb[11468.3] ub[16075.4] numArcs: [131500104] numFixed: [170544] time: [1794]
STATS - lpIterations[1] lagIterations[17] sspIterations[487] numSeparations[449] numCuts[0] compileTime[609] sspSolveTime[813] lpSolveTime[0] lb[11620.4] ub[16075.4] numArcs: [131500104] numFixed: [170544] time: [1839]
STATS - lpIterations[1] lagIterations[18] sspIterations[497] numSeparations[486] numCuts[0] compileTime[609] sspSolveTime[834] lpSolveTime[0] lb[11640.8] ub[16075.4] numArcs: [131622692] numFixed: [175501] time: [1865]
STATS - lpIterations[1] lagIterations[18] sspIterations[497] numSeparations[486] numCuts[0] compileTime[609] sspSolveTime[834] lpSolveTime[0] lb[11650.1] ub[16075.4] numArcs: [131622692] numFixed: [175501] time: [1884]
STATS - lpIterations[1] lagIterations[19] sspIterations[530] numSeparations[496] numCuts[0] compileTime[609] sspSolveTime[877] lpSolveTime[0] lb[11774.4] ub[16075.4] numArcs: [131658581] numFixed: [175501] time: [1965]
STATS - lpIterations[1] lagIterations[20] sspIterations[535] numSeparations[528] numCuts[0] compileTime[609] sspSolveTime[891] lpSolveTime[0] lb[11805.9] ub[16075.4] numArcs: [131763015] numFixed: [179475] time: [1983]
STATS - lpIterations[1] lagIterations[20] sspIterations[535] numSeparations[528] numCuts[0] compileTime[609] sspSolveTime[891] lpSolveTime[0] lb[11810.3] ub[16075.4] numArcs: [131763015] numFixed: [179475] time: [1998]
STATS - lpIterations[1] lagIterations[21] sspIterations[579] numSeparations[533] numCuts[0] compileTime[609] sspSolveTime[953] lpSolveTime[0] lb[11885.3] ub[16075.4] numArcs: [131775445] numFixed: [179475] time: [2066]
STATS - lpIterations[1] lagIterations[21] sspIterations[579] numSeparations[533] numCuts[0] compileTime[609] sspSolveTime[953] lpSolveTime[0] lb[12065.2] ub[16075.4] numArcs: [131775445] numFixed: [179475] time: [2111]
STATS - lpIterations[1] lagIterations[22] sspIterations[591] numSeparations[576] numCuts[0] compileTime[609] sspSolveTime[976] lpSolveTime[0] lb[12086.1] ub[16075.4] numArcs: [131894047] numFixed: [183401] time: [2139]
STATS - lpIterations[1] lagIterations[22] sspIterations[591] numSeparations[576] numCuts[0] compileTime[609] sspSolveTime[976] lpSolveTime[0] lb[12095.1] ub[16075.4] numArcs: [131894047] numFixed: [183401] time: [2160]
STATS - lpIterations[1] lagIterations[23] sspIterations[623] numSeparations[587] numCuts[0] compileTime[609] sspSolveTime[1022] lpSolveTime[0] lb[12126.9] ub[16075.4] numArcs: [131933607] numFixed: [183401] time: [2211]
STATS - lpIterations[1] lagIterations[23] sspIterations[623] numSeparations[587] numCuts[0] compileTime[609] sspSolveTime[1022] lpSolveTime[0] lb[12236.3] ub[16075.4] numArcs: [131933607] numFixed: [183401] time: [2256]
STATS - lpIterations[1] lagIterations[24] sspIterations[632] numSeparations[619] numCuts[0] compileTime[609] sspSolveTime[1038] lpSolveTime[0] lb[12265.1] ub[16075.4] numArcs: [132003705] numFixed: [184369] time: [2279]
STATS - lpIterations[1] lagIterations[24] sspIterations[632] numSeparations[619] numCuts[0] compileTime[609] sspSolveTime[1038] lpSolveTime[0] lb[12269.9] ub[16075.4] numArcs: [132003705] numFixed: [184369] time: [2303]
STATS - lpIterations[1] lagIterations[25] sspIterations[667] numSeparations[628] numCuts[0] compileTime[609] sspSolveTime[1082] lpSolveTime[0] lb[12300.5] ub[16075.4] numArcs: [132023181] numFixed: [184369] time: [2352]
STATS - lpIterations[1] lagIterations[25] sspIterations[667] numSeparations[628] numCuts[0] compileTime[609] sspSolveTime[1082] lpSolveTime[0] lb[12426.4] ub[16075.4] numArcs: [132023181] numFixed: [184369] time: [2399]
STATS - lpIterations[1] lagIterations[26] sspIterations[676] numSeparations[663] numCuts[0] compileTime[609] sspSolveTime[1101] lpSolveTime[0] lb[12450.2] ub[16075.4] numArcs: [132115681] numFixed: [187352] time: [2423]
STATS - lpIterations[1] lagIterations[26] sspIterations[676] numSeparations[663] numCuts[0] compileTime[609] sspSolveTime[1101] lpSolveTime[0] lb[12455.8] ub[16075.4] numArcs: [132115681] numFixed: [187352] time: [2443]
STATS - lpIterations[1] lagIterations[27] sspIterations[731] numSeparations[672] numCuts[0] compileTime[609] sspSolveTime[1179] lpSolveTime[0] lb[12608.6] ub[16075.4] numArcs: [132137850] numFixed: [187352] time: [2583]
STATS - lpIterations[1] lagIterations[28] sspIterations[751] numSeparations[727] numCuts[0] compileTime[609] sspSolveTime[1207] lpSolveTime[0] lb[12610.7] ub[16075.4] numArcs: [132303837] numFixed: [196173] time: [2617]
STATS - lpIterations[1] lagIterations[28] sspIterations[751] numSeparations[727] numCuts[0] compileTime[609] sspSolveTime[1207] lpSolveTime[0] lb[12637.7] ub[16075.4] numArcs: [132303837] numFixed: [196173] time: [2667]
STATS - lpIterations[1] lagIterations[29] sspIterations[770] numSeparations[747] numCuts[0] compileTime[609] sspSolveTime[1245] lpSolveTime[0] lb[12698.5] ub[16075.4] numArcs: [132360755] numFixed: [196173] time: [2739]
STATS - lpIterations[1] lagIterations[30] sspIterations[781] numSeparations[766] numCuts[0] compileTime[609] sspSolveTime[1265] lpSolveTime[0] lb[12740.1] ub[16075.4] numArcs: [132412260] numFixed: [196173] time: [2765]
STATS - lpIterations[1] lagIterations[30] sspIterations[781] numSeparations[766] numCuts[0] compileTime[609] sspSolveTime[1265] lpSolveTime[0] lb[12747.5] ub[16075.4] numArcs: [132412260] numFixed: [196173] time: [2794]
STATS - lpIterations[1] lagIterations[31] sspIterations[827] numSeparations[777] numCuts[0] compileTime[609] sspSolveTime[1337] lpSolveTime[0] lb[12876.9] ub[16075.4] numArcs: [132438282] numFixed: [196173] time: [2916]
STATS - lpIterations[1] lagIterations[32] sspIterations[837] numSeparations[822] numCuts[0] compileTime[609] sspSolveTime[1358] lpSolveTime[0] lb[12901.1] ub[16075.4] numArcs: [132606886] numFixed: [201123] time: [2943]
STATS - lpIterations[1] lagIterations[32] sspIterations[837] numSeparations[822] numCuts[0] compileTime[609] sspSolveTime[1358] lpSolveTime[0] lb[12905.3] ub[16075.4] numArcs: [132606886] numFixed: [201123] time: [2979]
STATS - lpIterations[1] lagIterations[33] sspIterations[903] numSeparations[832] numCuts[0] compileTime[609] sspSolveTime[1443] lpSolveTime[0] lb[13045] ub[16075.4] numArcs: [132630918] numFixed: [201123] time: [3139]
STATS - lpIterations[1] lagIterations[34] sspIterations[931] numSeparations[898] numCuts[0] compileTime[609] sspSolveTime[1488] lpSolveTime[0] lb[13068.8] ub[16075.4] numArcs: [132823920] numFixed: [209013] time: [3235]
STATS - lpIterations[1] lagIterations[35] sspIterations[953] numSeparations[926] numCuts[0] compileTime[609] sspSolveTime[1520] lpSolveTime[0] lb[13086.1] ub[16075.4] numArcs: [132884179] numFixed: [209013] time: [3313]
STATS - lpIterations[1] lagIterations[36] sspIterations[968] numSeparations[948] numCuts[0] compileTime[609] sspSolveTime[1548] lpSolveTime[0] lb[13105.9] ub[16075.4] numArcs: [132938976] numFixed: [209013] time: [3346]
STATS - lpIterations[1] lagIterations[36] sspIterations[968] numSeparations[948] numCuts[0] compileTime[609] sspSolveTime[1548] lpSolveTime[0] lb[13124.1] ub[16075.4] numArcs: [132938976] numFixed: [209013] time: [3375]
STATS - lpIterations[1] lagIterations[37] sspIterations[991] numSeparations[963] numCuts[0] compileTime[609] sspSolveTime[1578] lpSolveTime[0] lb[13147.9] ub[16075.4] numArcs: [132997749] numFixed: [209013] time: [3411]
STATS - lpIterations[1] lagIterations[37] sspIterations[991] numSeparations[963] numCuts[0] compileTime[609] sspSolveTime[1578] lpSolveTime[0] lb[13178.8] ub[16075.4] numArcs: [132997749] numFixed: [209013] time: [3456]
STATS - lpIterations[1] lagIterations[38] sspIterations[1005] numSeparations[986] numCuts[0] compileTime[609] sspSolveTime[1602] lpSolveTime[0] lb[13197.1] ub[16075.4] numArcs: [133064002] numFixed: [210000] time: [3487]
STATS - lpIterations[1] lagIterations[38] sspIterations[1005] numSeparations[986] numCuts[0] compileTime[609] sspSolveTime[1602] lpSolveTime[0] lb[13213.9] ub[16075.4] numArcs: [133064002] numFixed: [210000] time: [3514]
STATS - lpIterations[1] lagIterations[39] sspIterations[1029] numSeparations[1000] numCuts[0] compileTime[609] sspSolveTime[1641] lpSolveTime[0] lb[13263.8] ub[16075.4] numArcs: [133091672] numFixed: [210000] time: [3559]
STATS - lpIterations[1] lagIterations[39] sspIterations[1029] numSeparations[1000] numCuts[0] compileTime[609] sspSolveTime[1641] lpSolveTime[0] lb[13297.7] ub[16075.4] numArcs: [133091672] numFixed: [210000] time: [3603]
STATS - lpIterations[1] lagIterations[40] sspIterations[1049] numSeparations[1024] numCuts[0] compileTime[609] sspSolveTime[1674] lpSolveTime[0] lb[13320.9] ub[16075.4] numArcs: [133158281] numFixed: [212975] time: [3668]
STATS - lpIterations[1] lagIterations[41] sspIterations[1062] numSeparations[1043] numCuts[0] compileTime[609] sspSolveTime[1699] lpSolveTime[0] lb[13365.2] ub[16075.4] numArcs: [133198191] numFixed: [213961] time: [3698]
STATS - lpIterations[1] lagIterations[41] sspIterations[1062] numSeparations[1043] numCuts[0] compileTime[609] sspSolveTime[1699] lpSolveTime[0] lb[13370.4] ub[16075.4] numArcs: [133198191] numFixed: [213961] time: [3736]
STATS - lpIterations[1] lagIterations[42] sspIterations[1120] numSeparations[1056] numCuts[0] compileTime[609] sspSolveTime[1768] lpSolveTime[0] lb[13472.6] ub[16075.4] numArcs: [133234206] numFixed: [213961] time: [3870]
STATS - lpIterations[1] lagIterations[43] sspIterations[1141] numSeparations[1114] numCuts[0] compileTime[609] sspSolveTime[1800] lpSolveTime[0] lb[13474.7] ub[16075.4] numArcs: [133416847] numFixed: [218906] time: [3907]
STATS - lpIterations[1] lagIterations[43] sspIterations[1141] numSeparations[1114] numCuts[0] compileTime[609] sspSolveTime[1800] lpSolveTime[0] lb[13497.4] ub[16075.4] numArcs: [133416847] numFixed: [218906] time: [3952]
STATS - lpIterations[1] lagIterations[44] sspIterations[1173] numSeparations[1135] numCuts[0] compileTime[609] sspSolveTime[1845] lpSolveTime[0] lb[13520] ub[16075.4] numArcs: [133466770] numFixed: [218906] time: [4048]
STATS - lpIterations[1] lagIterations[45] sspIterations[1188] numSeparations[1167] numCuts[0] compileTime[609] sspSolveTime[1870] lpSolveTime[0] lb[13521.5] ub[16075.4] numArcs: [133562614] numFixed: [218906] time: [4078]
STATS - lpIterations[1] lagIterations[45] sspIterations[1188] numSeparations[1167] numCuts[0] compileTime[609] sspSolveTime[1870] lpSolveTime[0] lb[13535.9] ub[16075.4] numArcs: [133562614] numFixed: [218906] time: [4112]
STATS - lpIterations[1] lagIterations[46] sspIterations[1222] numSeparations[1182] numCuts[0] compileTime[609] sspSolveTime[1922] lpSolveTime[0] lb[13611.4] ub[16075.4] numArcs: [133596262] numFixed: [218906] time: [4226]
STATS - lpIterations[1] lagIterations[47] sspIterations[1237] numSeparations[1216] numCuts[0] compileTime[609] sspSolveTime[1947] lpSolveTime[0] lb[13613.7] ub[16075.4] numArcs: [133714394] numFixed: [219899] time: [4257]
STATS - lpIterations[1] lagIterations[47] sspIterations[1237] numSeparations[1216] numCuts[0] compileTime[609] sspSolveTime[1947] lpSolveTime[0] lb[13626] ub[16075.4] numArcs: [133714394] numFixed: [219899] time: [4291]
STATS - lpIterations[1] lagIterations[48] sspIterations[1281] numSeparations[1231] numCuts[0] compileTime[609] sspSolveTime[2005] lpSolveTime[0] lb[13676.5] ub[16075.4] numArcs: [133752165] numFixed: [219899] time: [4409]
STATS - lpIterations[1] lagIterations[49] sspIterations[1292] numSeparations[1275] numCuts[0] compileTime[609] sspSolveTime[2030] lpSolveTime[0] lb[13681.5] ub[16075.4] numArcs: [133876627] numFixed: [219899] time: [4440]
STATS - lpIterations[1] lagIterations[49] sspIterations[1292] numSeparations[1275] numCuts[0] compileTime[609] sspSolveTime[2030] lpSolveTime[0] lb[13687] ub[16075.4] numArcs: [133876627] numFixed: [219899] time: [4462]
STATS - lpIterations[1] lagIterations[50] sspIterations[1354] numSeparations[1286] numCuts[0] compileTime[609] sspSolveTime[2122] lpSolveTime[0] lb[13756.3] ub[16075.4] numArcs: [133905439] numFixed: [219899] time: [4639]
STATS - lpIterations[1] lagIterations[51] sspIterations[1376] numSeparations[1347] numCuts[0] compileTime[609] sspSolveTime[2155] lpSolveTime[0] lb[13765.3] ub[16075.4] numArcs: [134111828] numFixed: [221884] time: [4721]
STATS - lpIterations[1] lagIterations[53] sspIterations[1432] numSeparations[1408] numCuts[0] compileTime[609] sspSolveTime[2246] lpSolveTime[0] lb[13773.9] ub[16075.4] numArcs: [134288017] numFixed: [221884] time: [4922]
STATS - lpIterations[1] lagIterations[54] sspIterations[1469] numSeparations[1425] numCuts[0] compileTime[609] sspSolveTime[2305] lpSolveTime[0] lb[13824.8] ub[16075.4] numArcs: [134329779] numFixed: [222880] time: [5043]
STATS - lpIterations[1] lagIterations[55] sspIterations[1483] numSeparations[1462] numCuts[0] compileTime[609] sspSolveTime[2330] lpSolveTime[0] lb[13833.5] ub[16075.4] numArcs: [134446595] numFixed: [225812] time: [5074]
STATS - lpIterations[1] lagIterations[55] sspIterations[1483] numSeparations[1462] numCuts[0] compileTime[609] sspSolveTime[2330] lpSolveTime[0] lb[13838.6] ub[16075.4] numArcs: [134446595] numFixed: [225812] time: [5120]
STATS - lpIterations[1] lagIterations[56] sspIterations[1542] numSeparations[1476] numCuts[0] compileTime[609] sspSolveTime[2406] lpSolveTime[0] lb[13902.3] ub[16075.4] numArcs: [134483059] numFixed: [225812] time: [5277]
STATS - lpIterations[1] lagIterations[57] sspIterations[1566] numSeparations[1535] numCuts[0] compileTime[609] sspSolveTime[2438] lpSolveTime[0] lb[13915.1] ub[16075.4] numArcs: [134626164] numFixed: [230775] time: [5366]
STATS - lpIterations[1] lagIterations[60] sspIterations[1679] numSeparations[1608] numCuts[0] compileTime[609] sspSolveTime[2599] lpSolveTime[0] lb[13992.5] ub[16075.4] numArcs: [134844425] numFixed: [230775] time: [5721]
STATS - lpIterations[1] lagIterations[61] sspIterations[1709] numSeparations[1672] numCuts[0] compileTime[609] sspSolveTime[2641] lpSolveTime[0] lb[14011.6] ub[16075.4] numArcs: [135034115] numFixed: [234736] time: [5830]
STATS - lpIterations[1] lagIterations[64] sspIterations[1796] numSeparations[1746] numCuts[0] compileTime[609] sspSolveTime[2776] lpSolveTime[0] lb[14031.1] ub[16075.4] numArcs: [135263232] numFixed: [234736] time: [6143]
STATS - lpIterations[1] lagIterations[65] sspIterations[1807] numSeparations[1789] numCuts[0] compileTime[609] sspSolveTime[2801] lpSolveTime[0] lb[14041.2] ub[16075.4] numArcs: [135391829] numFixed: [234736] time: [6174]
STATS - lpIterations[1] lagIterations[66] sspIterations[1890] numSeparations[1800] numCuts[0] compileTime[609] sspSolveTime[2897] lpSolveTime[0] lb[14115] ub[16075.4] numArcs: [135433341] numFixed: [234736] time: [6396]
STATS - lpIterations[1] lagIterations[67] sspIterations[1927] numSeparations[1883] numCuts[0] compileTime[609] sspSolveTime[2945] lpSolveTime[0] lb[14126] ub[16075.4] numArcs: [135658961] numFixed: [239628] time: [6527]
STATS - lpIterations[1] lagIterations[72] sspIterations[2043] numSeparations[2021] numCuts[0] compileTime[609] sspSolveTime[3130] lpSolveTime[0] lb[14137] ub[16075.4] numArcs: [136040611] numFixed: [240612] time: [6978]
STATS - lpIterations[1] lagIterations[73] sspIterations[2080] numSeparations[2036] numCuts[0] compileTime[609] sspSolveTime[3181] lpSolveTime[0] lb[14182] ub[16075.4] numArcs: [136073095] numFixed: [240612] time: [7103]
STATS - lpIterations[1] lagIterations[74] sspIterations[2101] numSeparations[2073] numCuts[0] compileTime[609] sspSolveTime[3215] lpSolveTime[0] lb[14184] ub[16075.4] numArcs: [136172611] numFixed: [240612] time: [7194]
STATS - lpIterations[1] lagIterations[75] sspIterations[2141] numSeparations[2094] numCuts[0] compileTime[609] sspSolveTime[3277] lpSolveTime[0] lb[14187.6] ub[16075.4] numArcs: [136225404] numFixed: [240612] time: [7326]
STATS - lpIterations[1] lagIterations[76] sspIterations[2154] numSeparations[2134] numCuts[0] compileTime[609] sspSolveTime[3306] lpSolveTime[0] lb[14192.7] ub[16075.4] numArcs: [136306394] numFixed: [240612] time: [7361]
STATS - lpIterations[1] lagIterations[76] sspIterations[2154] numSeparations[2134] numCuts[0] compileTime[609] sspSolveTime[3306] lpSolveTime[0] lb[14193.8] ub[16075.4] numArcs: [136306394] numFixed: [240612] time: [7398]
STATS - lpIterations[1] lagIterations[77] sspIterations[2222] numSeparations[2147] numCuts[0] compileTime[609] sspSolveTime[3403] lpSolveTime[0] lb[14239.7] ub[16075.4] numArcs: [136339897] numFixed: [240612] time: [7582]
STATS - lpIterations[1] lagIterations[78] sspIterations[2250] numSeparations[2215] numCuts[0] compileTime[609] sspSolveTime[3445] lpSolveTime[0] lb[14254.7] ub[16075.4] numArcs: [136521380] numFixed: [241602] time: [7707]
STATS - lpIterations[1] lagIterations[81] sspIterations[2348] numSeparations[2297] numCuts[0] compileTime[609] sspSolveTime[3597] lpSolveTime[0] lb[14276.8] ub[16075.4] numArcs: [136724955] numFixed: [243590] time: [8047]
STATS - lpIterations[1] lagIterations[82] sspIterations[2362] numSeparations[2341] numCuts[0] compileTime[609] sspSolveTime[3625] lpSolveTime[0] lb[14281.7] ub[16075.4] numArcs: [136840081] numFixed: [243590] time: [8082]
STATS - lpIterations[1] lagIterations[83] sspIterations[2442] numSeparations[2355] numCuts[0] compileTime[609] sspSolveTime[3729] lpSolveTime[0] lb[14285.3] ub[16075.4] numArcs: [136874085] numFixed: [243590] time: [8328]
STATS - lpIterations[1] lagIterations[84] sspIterations[2471] numSeparations[2435] numCuts[0] compileTime[609] sspSolveTime[3770] lpSolveTime[0] lb[14302.6] ub[16075.4] numArcs: [137120033] numFixed: [246539] time: [8451]
STATS - lpIterations[1] lagIterations[87] sspIterations[2564] numSeparations[2509] numCuts[0] compileTime[609] sspSolveTime[3936] lpSolveTime[0] lb[14320.3] ub[16075.4] numArcs: [137286511] numFixed: [246539] time: [8789]
STATS - lpIterations[1] lagIterations[88] sspIterations[2584] numSeparations[2557] numCuts[0] compileTime[609] sspSolveTime[3964] lpSolveTime[0] lb[14326.4] ub[16075.4] numArcs: [137426005] numFixed: [246539] time: [8875]
STATS - lpIterations[1] lagIterations[90] sspIterations[2649] numSeparations[2626] numCuts[0] compileTime[609] sspSolveTime[4055] lpSolveTime[0] lb[14331] ub[16075.4] numArcs: [137571578] numFixed: [247535] time: [9089]
STATS - lpIterations[1] lagIterations[91] sspIterations[2703] numSeparations[2642] numCuts[0] compileTime[609] sspSolveTime[4137] lpSolveTime[0] lb[14356.9] ub[16075.4] numArcs: [137613701] numFixed: [247535] time: [9248]
STATS - lpIterations[1] lagIterations[92] sspIterations[2717] numSeparations[2696] numCuts[0] compileTime[609] sspSolveTime[4162] lpSolveTime[0] lb[14367.8] ub[16075.4] numArcs: [137750632] numFixed: [247535] time: [9279]
STATS - lpIterations[1] lagIterations[93] sspIterations[2802] numSeparations[2710] numCuts[0] compileTime[609] sspSolveTime[4274] lpSolveTime[0] lb[14393.4] ub[16075.4] numArcs: [137776059] numFixed: [247535] time: [9529]
STATS - lpIterations[1] lagIterations[94] sspIterations[2837] numSeparations[2795] numCuts[0] compileTime[609] sspSolveTime[4318] lpSolveTime[0] lb[14408.8] ub[16075.4] numArcs: [138003547] numFixed: [252611] time: [9659]
STATS - lpIterations[1] lagIterations[100] sspIterations[3012] numSeparations[2986] numCuts[0] compileTime[609] sspSolveTime[4598] lpSolveTime[0] lb[14412.8] ub[16075.4] numArcs: [138487153] numFixed: [252611] time: [10261]
STATS - lpIterations[1] lagIterations[100] sspIterations[3012] numSeparations[2986] numCuts[0] compileTime[609] sspSolveTime[4598] lpSolveTime[0] lb[14414.6] ub[16075.4] numArcs: [138487153] numFixed: [252611] time: [10328]
STATS - lpIterations[1] lagIterations[101] sspIterations[3072] numSeparations[3005] numCuts[0] compileTime[609] sspSolveTime[4686] lpSolveTime[0] lb[14425.6] ub[16075.4] numArcs: [138535869] numFixed: [252611] time: [10505]
STATS - lpIterations[1] lagIterations[102] sspIterations[3091] numSeparations[3065] numCuts[0] compileTime[609] sspSolveTime[4716] lpSolveTime[0] lb[14428.1] ub[16075.4] numArcs: [138684991] numFixed: [253595] time: [10596]
STATS - lpIterations[1] lagIterations[104] sspIterations[3161] numSeparations[3138] numCuts[0] compileTime[609] sspSolveTime[4831] lpSolveTime[0] lb[14432.6] ub[16075.4] numArcs: [138854857] numFixed: [253595] time: [10857]
STATS - lpIterations[1] lagIterations[105] sspIterations[3221] numSeparations[3154] numCuts[0] compileTime[609] sspSolveTime[4926] lpSolveTime[0] lb[14451.8] ub[16075.4] numArcs: [138911408] numFixed: [253595] time: [11033]
STATS - lpIterations[1] lagIterations[106] sspIterations[3241] numSeparations[3214] numCuts[0] compileTime[609] sspSolveTime[4964] lpSolveTime[0] lb[14459] ub[16075.4] numArcs: [139060260] numFixed: [254590] time: [11077]
STATS - lpIterations[1] lagIterations[106] sspIterations[3241] numSeparations[3214] numCuts[0] compileTime[609] sspSolveTime[4964] lpSolveTime[0] lb[14459.2] ub[16075.4] numArcs: [139060260] numFixed: [254590] time: [11143]
STATS - lpIterations[1] lagIterations[111] sspIterations[3454] numSeparations[3389] numCuts[0] compileTime[609] sspSolveTime[5295] lpSolveTime[0] lb[14481.7] ub[16075.4] numArcs: [139462638] numFixed: [254590] time: [11850]
STATS - lpIterations[1] lagIterations[112] sspIterations[3479] numSeparations[3447] numCuts[0] compileTime[609] sspSolveTime[5339] lpSolveTime[0] lb[14484.8] ub[16075.4] numArcs: [139592676] numFixed: [254590] time: [11900]
STATS - lpIterations[1] lagIterations[112] sspIterations[3479] numSeparations[3447] numCuts[0] compileTime[609] sspSolveTime[5339] lpSolveTime[0] lb[14488.1] ub[16075.4] numArcs: [139592676] numFixed: [254590] time: [11971]
STATS - lpIterations[1] lagIterations[116] sspIterations[3607] numSeparations[3579] numCuts[0] compileTime[609] sspSolveTime[5545] lpSolveTime[0] lb[14495.1] ub[16075.4] numArcs: [139926453] numFixed: [255585] time: [12458]
STATS - lpIterations[1] lagIterations[117] sspIterations[3640] numSeparations[3600] numCuts[0] compileTime[609] sspSolveTime[5594] lpSolveTime[0] lb[14502.5] ub[16075.4] numArcs: [139989804] numFixed: [255585] time: [12573]
STATS - lpIterations[1] lagIterations[119] sspIterations[3703] numSeparations[3652] numCuts[0] compileTime[609] sspSolveTime[5694] lpSolveTime[0] lb[14503.4] ub[16075.4] numArcs: [140089474] numFixed: [255585] time: [12813]
STATS - lpIterations[1] lagIterations[120] sspIterations[3719] numSeparations[3696] numCuts[0] compileTime[609] sspSolveTime[5725] lpSolveTime[0] lb[14508] ub[16075.4] numArcs: [140190399] numFixed: [255585] time: [12850]
STATS - lpIterations[1] lagIterations[121] sspIterations[3777] numSeparations[3712] numCuts[0] compileTime[609] sspSolveTime[5812] lpSolveTime[0] lb[14524.8] ub[16075.4] numArcs: [140242262] numFixed: [255585] time: [13089]
STATS - lpIterations[1] lagIterations[122] sspIterations[3797] numSeparations[3770] numCuts[0] compileTime[609] sspSolveTime[5848] lpSolveTime[0] lb[14526.8] ub[16075.4] numArcs: [140353124] numFixed: [255585] time: [13131]
STATS - lpIterations[1] lagIterations[124] sspIterations[3873] numSeparations[3851] numCuts[0] compileTime[609] sspSolveTime[5978] lpSolveTime[0] lb[14530.7] ub[16075.4] numArcs: [140511432] numFixed: [255585] time: [13415]
STATS - lpIterations[1] lagIterations[125] sspIterations[3946] numSeparations[3866] numCuts[0] compileTime[609] sspSolveTime[6096] lpSolveTime[0] lb[14536.4] ub[16075.4] numArcs: [140544508] numFixed: [255585] time: [13688]
STATS - lpIterations[1] lagIterations[126] sspIterations[3978] numSeparations[3939] numCuts[0] compileTime[609] sspSolveTime[6151] lpSolveTime[0] lb[14548.9] ub[16075.4] numArcs: [140711728] numFixed: [255585] time: [13829]
STATS - lpIterations[1] lagIterations[130] sspIterations[4109] numSeparations[4049] numCuts[0] compileTime[609] sspSolveTime[6354] lpSolveTime[0] lb[14552.4] ub[16075.4] numArcs: [140940048] numFixed: [255585] time: [14311]
STATS - lpIterations[1] lagIterations[131] sspIterations[4129] numSeparations[4102] numCuts[0] compileTime[609] sspSolveTime[6388] lpSolveTime[0] lb[14561.1] ub[16075.4] numArcs: [141052791] numFixed: [255585] time: [14352]
STATS - lpIterations[1] lagIterations[136] sspIterations[4324] numSeparations[4264] numCuts[0] compileTime[609] sspSolveTime[6686] lpSolveTime[0] lb[14565.3] ub[16075.4] numArcs: [141418433] numFixed: [255585] time: [15068]
STATS - lpIterations[1] lagIterations[137] sspIterations[4344] numSeparations[4317] numCuts[0] compileTime[609] sspSolveTime[6720] lpSolveTime[0] lb[14572.9] ub[16075.4] numArcs: [141540074] numFixed: [255585] time: [15108]
STATS - lpIterations[1] lagIterations[137] sspIterations[4344] numSeparations[4317] numCuts[0] compileTime[609] sspSolveTime[6720] lpSolveTime[0] lb[14574.3] ub[16075.4] numArcs: [141540074] numFixed: [255585] time: [15171]
STATS - lpIterations[1] lagIterations[139] sspIterations[4412] numSeparations[4387] numCuts[0] compileTime[609] sspSolveTime[6825] lpSolveTime[0] lb[14582.8] ub[16075.4] numArcs: [141719219] numFixed: [255585] time: [15423]
STATS - lpIterations[1] lagIterations[140] sspIterations[4460] numSeparations[4405] numCuts[0] compileTime[609] sspSolveTime[6894] lpSolveTime[0] lb[14591.3] ub[16075.4] numArcs: [141752827] numFixed: [255585] time: [15569]
STATS - lpIterations[1] lagIterations[142] sspIterations[4550] numSeparations[4467] numCuts[0] compileTime[609] sspSolveTime[7074] lpSolveTime[0] lb[14597.9] ub[16075.4] numArcs: [141881899] numFixed: [255585] time: [15919]
STATS - lpIterations[1] lagIterations[143] sspIterations[4583] numSeparations[4543] numCuts[0] compileTime[609] sspSolveTime[7126] lpSolveTime[0] lb[14604] ub[16075.4] numArcs: [142093464] numFixed: [255585] time: [16068]
STATS - lpIterations[1] lagIterations[149] sspIterations[4778] numSeparations[4697] numCuts[0] compileTime[609] sspSolveTime[7454] lpSolveTime[0] lb[14612.6] ub[16075.4] numArcs: [142430401] numFixed: [255585] time: [16824]
STATS - lpIterations[1] lagIterations[150] sspIterations[4809] numSeparations[4771] numCuts[0] compileTime[609] sspSolveTime[7506] lpSolveTime[0] lb[14619.4] ub[16075.4] numArcs: [142565523] numFixed: [256575] time: [16966]
STATS - lpIterations[1] lagIterations[155] sspIterations[4977] numSeparations[4901] numCuts[0] compileTime[609] sspSolveTime[7763] lpSolveTime[0] lb[14621.3] ub[16075.4] numArcs: [142829731] numFixed: [256575] time: [17581]
STATS - lpIterations[1] lagIterations[156] sspIterations[5006] numSeparations[4970] numCuts[0] compileTime[609] sspSolveTime[7806] lpSolveTime[0] lb[14626.5] ub[16075.4] numArcs: [142987439] numFixed: [256575] time: [17698]
STATS - lpIterations[1] lagIterations[159] sspIterations[5109] numSeparations[5044] numCuts[0] compileTime[609] sspSolveTime[7978] lpSolveTime[0] lb[14642.6] ub[16075.4] numArcs: [143133694] numFixed: [256575] time: [18098]
STATS - lpIterations[1] lagIterations[160] sspIterations[5132] numSeparations[5102] numCuts[0] compileTime[609] sspSolveTime[8018] lpSolveTime[0] lb[14656.8] ub[16075.4] numArcs: [143254431] numFixed: [256575] time: [18144]
STATS - lpIterations[1] lagIterations[177] sspIterations[5639] numSeparations[5571] numCuts[0] compileTime[609] sspSolveTime[8896] lpSolveTime[0] lb[14673.5] ub[16075.4] numArcs: [144190095] numFixed: [257571] time: [20320]
STATS - lpIterations[1] lagIterations[178] sspIterations[5662] numSeparations[5632] numCuts[0] compileTime[609] sspSolveTime[8943] lpSolveTime[0] lb[14678] ub[16075.4] numArcs: [144326422] numFixed: [257571] time: [20373]
STATS - lpIterations[1] lagIterations[178] sspIterations[5662] numSeparations[5632] numCuts[0] compileTime[609] sspSolveTime[8943] lpSolveTime[0] lb[14680.8] ub[16075.4] numArcs: [144326422] numFixed: [257571] time: [20442]
STATS - lpIterations[1] lagIterations[181] sspIterations[5804] numSeparations[5721] numCuts[0] compileTime[609] sspSolveTime[9182] lpSolveTime[0] lb[14685.9] ub[16075.4] numArcs: [144544864] numFixed: [257571] time: [20948]
STATS - lpIterations[1] lagIterations[182] sspIterations[5829] numSeparations[5797] numCuts[0] compileTime[609] sspSolveTime[9228] lpSolveTime[0] lb[14690.5] ub[16075.4] numArcs: [144713839] numFixed: [257571] time: [21001]
