relax capacity constraint
instance upper bound: 10946
compiling DD
time step mult: 10
time step: 900
cap step: 10
done compiling DD
batch size for lag: 1
iteration delay to start separating: 0
optimality gap to start repairing: 100
percent fixed to change to CPLEX: 97.5
num arcs to change to CPLEX: 500000
num arcs to change to LAG: 999999999
STATS - lpIterations[0] lagIterations[0] sspIterations[0] numSeparations[0] numCuts[0] compileTime[357] sspSolveTime[0] lpSolveTime[0] lb[0] ub[10946] numArcs: [91727029] numFixed: [0] time: [357]
STATS - lpIterations[1] lagIterations[0] sspIterations[0] numSeparations[0] numCuts[0] compileTime[357] sspSolveTime[0] lpSolveTime[0] lb[0] ub[10946] numArcs: [91727029] numFixed: [0] time: [357]
STATS - lpIterations[1] lagIterations[1] sspIterations[6] numSeparations[0] numCuts[0] compileTime[357] sspSolveTime[9] lpSolveTime[0] lb[5695.84] ub[10946] numArcs: [91726780] numFixed: [0] time: [367]
STATS - lpIterations[1] lagIterations[1] sspIterations[6] numSeparations[0] numCuts[0] compileTime[357] sspSolveTime[9] lpSolveTime[0] lb[5723.09] ub[10946] numArcs: [91726780] numFixed: [0] time: [372]
STATS - lpIterations[1] lagIterations[2] sspIterations[7] numSeparations[6] numCuts[0] compileTime[357] sspSolveTime[12] lpSolveTime[0] lb[5786.94] ub[10946] numArcs: [91749234] numFixed: [0] time: [378]
STATS - lpIterations[1] lagIterations[3] sspIterations[9] numSeparations[6] numCuts[0] compileTime[357] sspSolveTime[20] lpSolveTime[0] lb[6056.67] ub[10946] numArcs: [91749177] numFixed: [5599] time: [391]
STATS - lpIterations[1] lagIterations[3] sspIterations[9] numSeparations[6] numCuts[0] compileTime[357] sspSolveTime[20] lpSolveTime[0] lb[6061.22] ub[10946] numArcs: [91749177] numFixed: [5599] time: [397]
STATS - lpIterations[1] lagIterations[4] sspIterations[10] numSeparations[8] numCuts[0] compileTime[357] sspSolveTime[26] lpSolveTime[0] lb[6275.14] ub[10946] numArcs: [91761055] numFixed: [7198] time: [406]
STATS - lpIterations[1] lagIterations[5] sspIterations[15] numSeparations[8] numCuts[0] compileTime[357] sspSolveTime[37] lpSolveTime[0] lb[6545.35] ub[10946] numArcs: [91760935] numFixed: [7198] time: [422]
STATS - lpIterations[1] lagIterations[5] sspIterations[15] numSeparations[8] numCuts[0] compileTime[357] sspSolveTime[37] lpSolveTime[0] lb[6562.54] ub[10946] numArcs: [91760935] numFixed: [7198] time: [430]
STATS - lpIterations[1] lagIterations[6] sspIterations[16] numSeparations[13] numCuts[0] compileTime[357] sspSolveTime[43] lpSolveTime[0] lb[6664.38] ub[10946] numArcs: [91770529] numFixed: [9598] time: [439]
STATS - lpIterations[1] lagIterations[7] sspIterations[21] numSeparations[14] numCuts[0] compileTime[357] sspSolveTime[54] lpSolveTime[0] lb[6933.81] ub[10946] numArcs: [91772759] numFixed: [9598] time: [455]
STATS - lpIterations[1] lagIterations[7] sspIterations[21] numSeparations[14] numCuts[0] compileTime[357] sspSolveTime[54] lpSolveTime[0] lb[6943.83] ub[10946] numArcs: [91772759] numFixed: [9598] time: [463]
STATS - lpIterations[1] lagIterations[8] sspIterations[22] numSeparations[19] numCuts[0] compileTime[357] sspSolveTime[62] lpSolveTime[0] lb[7068.55] ub[10946] numArcs: [91792674] numFixed: [11198] time: [474]
STATS - lpIterations[1] lagIterations[8] sspIterations[22] numSeparations[19] numCuts[0] compileTime[357] sspSolveTime[62] lpSolveTime[0] lb[7068.95] ub[10946] numArcs: [91792674] numFixed: [11198] time: [478]
STATS - lpIterations[1] lagIterations[9] sspIterations[35] numSeparations[20] numCuts[0] compileTime[357] sspSolveTime[79] lpSolveTime[0] lb[7288.74] ub[10946] numArcs: [91793894] numFixed: [11998] time: [499]
STATS - lpIterations[1] lagIterations[9] sspIterations[35] numSeparations[20] numCuts[0] compileTime[357] sspSolveTime[79] lpSolveTime[0] lb[7346.68] ub[10946] numArcs: [91793894] numFixed: [11998] time: [512]
STATS - lpIterations[1] lagIterations[10] sspIterations[36] numSeparations[33] numCuts[0] compileTime[357] sspSolveTime[86] lpSolveTime[0] lb[7382.69] ub[10946] numArcs: [91860785] numFixed: [18398] time: [522]
STATS - lpIterations[1] lagIterations[10] sspIterations[36] numSeparations[33] numCuts[0] compileTime[357] sspSolveTime[86] lpSolveTime[0] lb[7383.41] ub[10946] numArcs: [91860785] numFixed: [18398] time: [526]
STATS - lpIterations[1] lagIterations[11] sspIterations[63] numSeparations[34] numCuts[0] compileTime[357] sspSolveTime[121] lpSolveTime[0] lb[7509.87] ub[10946] numArcs: [91862903] numFixed: [18398] time: [565]
STATS - lpIterations[1] lagIterations[11] sspIterations[63] numSeparations[34] numCuts[0] compileTime[357] sspSolveTime[121] lpSolveTime[0] lb[7653.84] ub[10946] numArcs: [91862903] numFixed: [18398] time: [585]
STATS - lpIterations[1] lagIterations[12] sspIterations[72] numSeparations[61] numCuts[0] compileTime[357] sspSolveTime[139] lpSolveTime[0] lb[7667.05] ub[10946] numArcs: [91954963] numFixed: [32794] time: [606]
STATS - lpIterations[1] lagIterations[12] sspIterations[72] numSeparations[61] numCuts[0] compileTime[357] sspSolveTime[139] lpSolveTime[0] lb[7675.87] ub[10946] numArcs: [91954963] numFixed: [32794] time: [620]
STATS - lpIterations[1] lagIterations[13] sspIterations[85] numSeparations[70] numCuts[0] compileTime[357] sspSolveTime[155] lpSolveTime[0] lb[7744.23] ub[10946] numArcs: [91984988] numFixed: [34393] time: [639]
STATS - lpIterations[1] lagIterations[13] sspIterations[85] numSeparations[70] numCuts[0] compileTime[357] sspSolveTime[155] lpSolveTime[0] lb[7774.65] ub[10946] numArcs: [91984988] numFixed: [34393] time: [654]
STATS - lpIterations[1] lagIterations[14] sspIterations[86] numSeparations[83] numCuts[0] compileTime[357] sspSolveTime[163] lpSolveTime[0] lb[7815.55] ub[10946] numArcs: [92024154] numFixed: [35193] time: [665]
STATS - lpIterations[1] lagIterations[14] sspIterations[86] numSeparations[83] numCuts[0] compileTime[357] sspSolveTime[163] lpSolveTime[0] lb[7816.47] ub[10946] numArcs: [92024154] numFixed: [35193] time: [669]
STATS - lpIterations[1] lagIterations[15] sspIterations[131] numSeparations[84] numCuts[0] compileTime[357] sspSolveTime[205] lpSolveTime[0] lb[7854.84] ub[10946] numArcs: [92025607] numFixed: [35193] time: [714]
STATS - lpIterations[1] lagIterations[15] sspIterations[131] numSeparations[84] numCuts[0] compileTime[357] sspSolveTime[205] lpSolveTime[0] lb[8068.71] ub[10946] numArcs: [92025607] numFixed: [35193] time: [740]
STATS - lpIterations[1] lagIterations[16] sspIterations[152] numSeparations[129] numCuts[0] compileTime[357] sspSolveTime[233] lpSolveTime[0] lb[8089.93] ub[10946] numArcs: [92215210] numFixed: [55986] time: [791]
STATS - lpIterations[1] lagIterations[17] sspIterations[155] numSeparations[150] numCuts[0] compileTime[357] sspSolveTime[243] lpSolveTime[0] lb[8110.46] ub[10946] numArcs: [92282977] numFixed: [56785] time: [804]
STATS - lpIterations[1] lagIterations[17] sspIterations[155] numSeparations[150] numCuts[0] compileTime[357] sspSolveTime[243] lpSolveTime[0] lb[8113.5] ub[10946] numArcs: [92282977] numFixed: [56785] time: [810]
STATS - lpIterations[1] lagIterations[18] sspIterations[202] numSeparations[153] numCuts[0] compileTime[357] sspSolveTime[294] lpSolveTime[0] lb[8297.92] ub[10946] numArcs: [92291535] numFixed: [57584] time: [897]
STATS - lpIterations[1] lagIterations[19] sspIterations[218] numSeparations[200] numCuts[0] compileTime[357] sspSolveTime[318] lpSolveTime[0] lb[8298.1] ub[10946] numArcs: [92433222] numFixed: [67178] time: [925]
STATS - lpIterations[1] lagIterations[19] sspIterations[218] numSeparations[200] numCuts[0] compileTime[357] sspSolveTime[318] lpSolveTime[0] lb[8317.43] ub[10946] numArcs: [92433222] numFixed: [67178] time: [948]
STATS - lpIterations[1] lagIterations[20] sspIterations[235] numSeparations[216] numCuts[0] compileTime[357] sspSolveTime[341] lpSolveTime[0] lb[8318.08] ub[10946] numArcs: [92470795] numFixed: [67178] time: [974]
STATS - lpIterations[1] lagIterations[20] sspIterations[235] numSeparations[216] numCuts[0] compileTime[357] sspSolveTime[341] lpSolveTime[0] lb[8367.37] ub[10946] numArcs: [92470795] numFixed: [67178] time: [990]
STATS - lpIterations[1] lagIterations[21] sspIterations[243] numSeparations[233] numCuts[0] compileTime[357] sspSolveTime[351] lpSolveTime[0] lb[8394.34] ub[10946] numArcs: [92515060] numFixed: [70376] time: [1004]
STATS - lpIterations[1] lagIterations[21] sspIterations[243] numSeparations[233] numCuts[0] compileTime[357] sspSolveTime[351] lpSolveTime[0] lb[8398.72] ub[10946] numArcs: [92515060] numFixed: [70376] time: [1012]
STATS - lpIterations[1] lagIterations[22] sspIterations[262] numSeparations[241] numCuts[0] compileTime[357] sspSolveTime[376] lpSolveTime[0] lb[8441.59] ub[10946] numArcs: [92534647] numFixed: [70376] time: [1040]
STATS - lpIterations[1] lagIterations[22] sspIterations[262] numSeparations[241] numCuts[0] compileTime[357] sspSolveTime[376] lpSolveTime[0] lb[8479.6] ub[10946] numArcs: [92534647] numFixed: [70376] time: [1063]
STATS - lpIterations[1] lagIterations[23] sspIterations[264] numSeparations[260] numCuts[0] compileTime[357] sspSolveTime[384] lpSolveTime[0] lb[8515.83] ub[10946] numArcs: [92583938] numFixed: [71175] time: [1074]
STATS - lpIterations[1] lagIterations[23] sspIterations[264] numSeparations[260] numCuts[0] compileTime[357] sspSolveTime[384] lpSolveTime[0] lb[8516.87] ub[10946] numArcs: [92583938] numFixed: [71175] time: [1080]
STATS - lpIterations[1] lagIterations[24] sspIterations[323] numSeparations[262] numCuts[0] compileTime[357] sspSolveTime[463] lpSolveTime[0] lb[8706.13] ub[10946] numArcs: [92584880] numFixed: [71175] time: [1199]
STATS - lpIterations[1] lagIterations[25] sspIterations[352] numSeparations[321] numCuts[0] compileTime[357] sspSolveTime[512] lpSolveTime[0] lb[8731.96] ub[10946] numArcs: [92802675] numFixed: [83170] time: [1288]
STATS - lpIterations[1] lagIterations[26] sspIterations[363] numSeparations[350] numCuts[0] compileTime[357] sspSolveTime[527] lpSolveTime[0] lb[8734.25] ub[10946] numArcs: [92904398] numFixed: [83170] time: [1321]
STATS - lpIterations[1] lagIterations[27] sspIterations[388] numSeparations[361] numCuts[0] compileTime[357] sspSolveTime[552] lpSolveTime[0] lb[8754.82] ub[10946] numArcs: [92931532] numFixed: [83553] time: [1349]
STATS - lpIterations[1] lagIterations[27] sspIterations[388] numSeparations[361] numCuts[0] compileTime[357] sspSolveTime[552] lpSolveTime[0] lb[8794.56] ub[10946] numArcs: [92931532] numFixed: [83553] time: [1377]
STATS - lpIterations[1] lagIterations[28] sspIterations[396] numSeparations[386] numCuts[0] compileTime[357] sspSolveTime[564] lpSolveTime[0] lb[8795] ub[10946] numArcs: [93005500] numFixed: [83553] time: [1393]
STATS - lpIterations[1] lagIterations[28] sspIterations[396] numSeparations[386] numCuts[0] compileTime[357] sspSolveTime[564] lpSolveTime[0] lb[8800.56] ub[10946] numArcs: [93005500] numFixed: [83553] time: [1405]
STATS - lpIterations[1] lagIterations[29] sspIterations[432] numSeparations[394] numCuts[0] compileTime[357] sspSolveTime[614] lpSolveTime[0] lb[8896.8] ub[10946] numArcs: [93034975] numFixed: [83553] time: [1491]
STATS - lpIterations[1] lagIterations[30] sspIterations[450] numSeparations[430] numCuts[0] compileTime[357] sspSolveTime[638] lpSolveTime[0] lb[8898.47] ub[10946] numArcs: [93123532] numFixed: [85153] time: [1518]
STATS - lpIterations[1] lagIterations[30] sspIterations[450] numSeparations[430] numCuts[0] compileTime[357] sspSolveTime[638] lpSolveTime[0] lb[8913.18] ub[10946] numArcs: [93123532] numFixed: [85153] time: [1538]
STATS - lpIterations[1] lagIterations[31] sspIterations[463] numSeparations[448] numCuts[0] compileTime[357] sspSolveTime[659] lpSolveTime[0] lb[8922.78] ub[10946] numArcs: [93177303] numFixed: [85952] time: [1580]
STATS - lpIterations[1] lagIterations[32] sspIterations[483] numSeparations[461] numCuts[0] compileTime[357] sspSolveTime[686] lpSolveTime[0] lb[8940.63] ub[10946] numArcs: [93211203] numFixed: [85952] time: [1610]
STATS - lpIterations[1] lagIterations[32] sspIterations[483] numSeparations[461] numCuts[0] compileTime[357] sspSolveTime[686] lpSolveTime[0] lb[8972.76] ub[10946] numArcs: [93211203] numFixed: [85952] time: [1634]
STATS - lpIterations[1] lagIterations[33] sspIterations[494] numSeparations[481] numCuts[0] compileTime[357] sspSolveTime[706] lpSolveTime[0] lb[8982.68] ub[10946] numArcs: [93280715] numFixed: [85952] time: [1676]
STATS - lpIterations[1] lagIterations[34] sspIterations[513] numSeparations[492] numCuts[0] compileTime[357] sspSolveTime[725] lpSolveTime[0] lb[9015.46] ub[10946] numArcs: [93312618] numFixed: [86751] time: [1698]
STATS - lpIterations[1] lagIterations[34] sspIterations[513] numSeparations[492] numCuts[0] compileTime[357] sspSolveTime[725] lpSolveTime[0] lb[9028.43] ub[10946] numArcs: [93312618] numFixed: [86751] time: [1719]
STATS - lpIterations[1] lagIterations[35] sspIterations[528] numSeparations[511] numCuts[0] compileTime[357] sspSolveTime[749] lpSolveTime[0] lb[9036.7] ub[10946] numArcs: [93354950] numFixed: [86751] time: [1764]
STATS - lpIterations[1] lagIterations[36] sspIterations[536] numSeparations[526] numCuts[0] compileTime[357] sspSolveTime[763] lpSolveTime[0] lb[9064.48] ub[10946] numArcs: [93393492] numFixed: [86751] time: [1782]
STATS - lpIterations[1] lagIterations[36] sspIterations[536] numSeparations[526] numCuts[0] compileTime[357] sspSolveTime[763] lpSolveTime[0] lb[9070.87] ub[10946] numArcs: [93393492] numFixed: [86751] time: [1795]
STATS - lpIterations[1] lagIterations[37] sspIterations[580] numSeparations[534] numCuts[0] compileTime[357] sspSolveTime[829] lpSolveTime[0] lb[9151.07] ub[10946] numArcs: [93418438] numFixed: [87551] time: [1898]
STATS - lpIterations[1] lagIterations[38] sspIterations[600] numSeparations[578] numCuts[0] compileTime[357] sspSolveTime[858] lpSolveTime[0] lb[9167.55] ub[10946] numArcs: [93564242] numFixed: [93147] time: [1954]
STATS - lpIterations[1] lagIterations[39] sspIterations[619] numSeparations[598] numCuts[0] compileTime[357] sspSolveTime[884] lpSolveTime[0] lb[9173.09] ub[10946] numArcs: [93607898] numFixed: [93946] time: [2007]
STATS - lpIterations[1] lagIterations[40] sspIterations[635] numSeparations[617] numCuts[0] compileTime[357] sspSolveTime[902] lpSolveTime[0] lb[9177.44] ub[10946] numArcs: [93672610] numFixed: [94745] time: [2045]
STATS - lpIterations[1] lagIterations[41] sspIterations[649] numSeparations[633] numCuts[0] compileTime[357] sspSolveTime[924] lpSolveTime[0] lb[9197.48] ub[10946] numArcs: [93720869] numFixed: [94745] time: [2072]
STATS - lpIterations[1] lagIterations[41] sspIterations[649] numSeparations[633] numCuts[0] compileTime[357] sspSolveTime[924] lpSolveTime[0] lb[9212.83] ub[10946] numArcs: [93720869] numFixed: [94745] time: [2091]
STATS - lpIterations[1] lagIterations[42] sspIterations[664] numSeparations[647] numCuts[0] compileTime[357] sspSolveTime[946] lpSolveTime[0] lb[9216.27] ub[10946] numArcs: [93755261] numFixed: [94745] time: [2116]
STATS - lpIterations[1] lagIterations[42] sspIterations[664] numSeparations[647] numCuts[0] compileTime[357] sspSolveTime[946] lpSolveTime[0] lb[9229.94] ub[10946] numArcs: [93755261] numFixed: [94745] time: [2139]
STATS - lpIterations[1] lagIterations[43] sspIterations[691] numSeparations[662] numCuts[0] compileTime[357] sspSolveTime[975] lpSolveTime[0] lb[9262.04] ub[10946] numArcs: [93796299] numFixed: [94745] time: [2198]
STATS - lpIterations[1] lagIterations[44] sspIterations[700] numSeparations[689] numCuts[0] compileTime[357] sspSolveTime[991] lpSolveTime[0] lb[9264.22] ub[10946] numArcs: [93856853] numFixed: [94745] time: [2218]
STATS - lpIterations[1] lagIterations[44] sspIterations[700] numSeparations[689] numCuts[0] compileTime[357] sspSolveTime[991] lpSolveTime[0] lb[9270.05] ub[10946] numArcs: [93856853] numFixed: [94745] time: [2233]
STATS - lpIterations[1] lagIterations[45] sspIterations[742] numSeparations[698] numCuts[0] compileTime[357] sspSolveTime[1043] lpSolveTime[0] lb[9321.41] ub[10946] numArcs: [93870876] numFixed: [94745] time: [2330]
STATS - lpIterations[1] lagIterations[46] sspIterations[751] numSeparations[740] numCuts[0] compileTime[357] sspSolveTime[1057] lpSolveTime[0] lb[9325.93] ub[10946] numArcs: [93974936] numFixed: [94745] time: [2348]
STATS - lpIterations[1] lagIterations[46] sspIterations[751] numSeparations[740] numCuts[0] compileTime[357] sspSolveTime[1057] lpSolveTime[0] lb[9331.58] ub[10946] numArcs: [93974936] numFixed: [94745] time: [2365]
STATS - lpIterations[1] lagIterations[47] sspIterations[820] numSeparations[749] numCuts[0] compileTime[357] sspSolveTime[1153] lpSolveTime[0] lb[9384.57] ub[10946] numArcs: [93998648] numFixed: [94745] time: [2508]
STATS - lpIterations[1] lagIterations[48] sspIterations[855] numSeparations[818] numCuts[0] compileTime[357] sspSolveTime[1202] lpSolveTime[0] lb[9401.22] ub[10946] numArcs: [94220829] numFixed: [105939] time: [2599]
STATS - lpIterations[1] lagIterations[51] sspIterations[916] numSeparations[889] numCuts[0] compileTime[357] sspSolveTime[1285] lpSolveTime[0] lb[9415.28] ub[10946] numArcs: [94411005] numFixed: [105939] time: [2771]
STATS - lpIterations[1] lagIterations[53] sspIterations[968] numSeparations[929] numCuts[0] compileTime[357] sspSolveTime[1356] lpSolveTime[0] lb[9436.42] ub[10946] numArcs: [94512977] numFixed: [105939] time: [2903]
STATS - lpIterations[1] lagIterations[54] sspIterations[980] numSeparations[966] numCuts[0] compileTime[357] sspSolveTime[1373] lpSolveTime[0] lb[9437.88] ub[10946] numArcs: [94619301] numFixed: [105939] time: [2924]
STATS - lpIterations[1] lagIterations[54] sspIterations[980] numSeparations[966] numCuts[0] compileTime[357] sspSolveTime[1373] lpSolveTime[0] lb[9442.2] ub[10946] numArcs: [94619301] numFixed: [105939] time: [2942]
STATS - lpIterations[1] lagIterations[55] sspIterations[1015] numSeparations[978] numCuts[0] compileTime[357] sspSolveTime[1413] lpSolveTime[0] lb[9487.53] ub[10946] numArcs: [94651265] numFixed: [105939] time: [3026]
STATS - lpIterations[1] lagIterations[56] sspIterations[1029] numSeparations[1013] numCuts[0] compileTime[357] sspSolveTime[1437] lpSolveTime[0] lb[9493.2] ub[10946] numArcs: [94742759] numFixed: [106739] time: [3054]
STATS - lpIterations[1] lagIterations[56] sspIterations[1029] numSeparations[1013] numCuts[0] compileTime[357] sspSolveTime[1437] lpSolveTime[0] lb[9496.27] ub[10946] numArcs: [94742759] numFixed: [106739] time: [3079]
STATS - lpIterations[1] lagIterations[57] sspIterations[1082] numSeparations[1027] numCuts[0] compileTime[357] sspSolveTime[1511] lpSolveTime[0] lb[9508.51] ub[10946] numArcs: [94767968] numFixed: [106739] time: [3188]
STATS - lpIterations[1] lagIterations[58] sspIterations[1097] numSeparations[1080] numCuts[0] compileTime[357] sspSolveTime[1529] lpSolveTime[0] lb[9512.68] ub[10946] numArcs: [94898605] numFixed: [107538] time: [3211]
STATS - lpIterations[1] lagIterations[58] sspIterations[1097] numSeparations[1080] numCuts[0] compileTime[357] sspSolveTime[1529] lpSolveTime[0] lb[9527.11] ub[10946] numArcs: [94898605] numFixed: [107538] time: [3232]
STATS - lpIterations[1] lagIterations[59] sspIterations[1133] numSeparations[1095] numCuts[0] compileTime[357] sspSolveTime[1582] lpSolveTime[0] lb[9535.48] ub[10946] numArcs: [94939280] numFixed: [107538] time: [3322]
STATS - lpIterations[1] lagIterations[60] sspIterations[1145] numSeparations[1131] numCuts[0] compileTime[357] sspSolveTime[1596] lpSolveTime[0] lb[9537.15] ub[10946] numArcs: [95031200] numFixed: [108337] time: [3360]
STATS - lpIterations[1] lagIterations[61] sspIterations[1179] numSeparations[1143] numCuts[0] compileTime[357] sspSolveTime[1644] lpSolveTime[0] lb[9556.16] ub[10946] numArcs: [95050606] numFixed: [108337] time: [3451]
STATS - lpIterations[1] lagIterations[63] sspIterations[1240] numSeparations[1188] numCuts[0] compileTime[357] sspSolveTime[1720] lpSolveTime[0] lb[9590.73] ub[10946] numArcs: [95153538] numFixed: [108337] time: [3596]
STATS - lpIterations[1] lagIterations[64] sspIterations[1265] numSeparations[1238] numCuts[0] compileTime[357] sspSolveTime[1764] lpSolveTime[0] lb[9603.58] ub[10946] numArcs: [95285256] numFixed: [108337] time: [3671]
STATS - lpIterations[1] lagIterations[68] sspIterations[1375] numSeparations[1326] numCuts[0] compileTime[357] sspSolveTime[1932] lpSolveTime[0] lb[9629.06] ub[10946] numArcs: [95504187] numFixed: [108337] time: [3976]
STATS - lpIterations[1] lagIterations[69] sspIterations[1399] numSeparations[1373] numCuts[0] compileTime[357] sspSolveTime[1965] lpSolveTime[0] lb[9641.56] ub[10946] numArcs: [95625039] numFixed: [109936] time: [4047]
STATS - lpIterations[1] lagIterations[72] sspIterations[1476] numSeparations[1433] numCuts[0] compileTime[357] sspSolveTime[2071] lpSolveTime[0] lb[9647.35] ub[10946] numArcs: [95771630] numFixed: [109936] time: [4249]
STATS - lpIterations[1] lagIterations[73] sspIterations[1495] numSeparations[1474] numCuts[0] compileTime[357] sspSolveTime[2098] lpSolveTime[0] lb[9655.61] ub[10946] numArcs: [95858767] numFixed: [109936] time: [4309]
STATS - lpIterations[1] lagIterations[76] sspIterations[1569] numSeparations[1530] numCuts[0] compileTime[357] sspSolveTime[2217] lpSolveTime[0] lb[9684.8] ub[10946] numArcs: [95986792] numFixed: [109936] time: [4528]
STATS - lpIterations[1] lagIterations[77] sspIterations[1587] numSeparations[1567] numCuts[0] compileTime[357] sspSolveTime[2241] lpSolveTime[0] lb[9690.2] ub[10946] numArcs: [96078020] numFixed: [110735] time: [4579]
STATS - lpIterations[1] lagIterations[79] sspIterations[1630] numSeparations[1616] numCuts[0] compileTime[357] sspSolveTime[2302] lpSolveTime[0] lb[9691.54] ub[10946] numArcs: [96213119] numFixed: [110735] time: [4692]
STATS - lpIterations[1] lagIterations[80] sspIterations[1657] numSeparations[1628] numCuts[0] compileTime[357] sspSolveTime[2331] lpSolveTime[0] lb[9714.13] ub[10946] numArcs: [96236458] numFixed: [110735] time: [4754]
STATS - lpIterations[1] lagIterations[82] sspIterations[1723] numSeparations[1665] numCuts[0] compileTime[357] sspSolveTime[2453] lpSolveTime[0] lb[9728.95] ub[10946] numArcs: [96315016] numFixed: [110735] time: [4948]
STATS - lpIterations[1] lagIterations[83] sspIterations[1750] numSeparations[1721] numCuts[0] compileTime[357] sspSolveTime[2489] lpSolveTime[0] lb[9733.82] ub[10946] numArcs: [96431528] numFixed: [111535] time: [5023]
STATS - lpIterations[1] lagIterations[87] sspIterations[1825] numSeparations[1806] numCuts[0] compileTime[357] sspSolveTime[2608] lpSolveTime[0] lb[9733.83] ub[10946] numArcs: [96648516] numFixed: [111535] time: [5248]
STATS - lpIterations[1] lagIterations[88] sspIterations[1847] numSeparations[1823] numCuts[0] compileTime[357] sspSolveTime[2639] lpSolveTime[0] lb[9741.07] ub[10946] numArcs: [96682536] numFixed: [111535] time: [5309]
STATS - lpIterations[1] lagIterations[89] sspIterations[1867] numSeparations[1845] numCuts[0] compileTime[357] sspSolveTime[2661] lpSolveTime[0] lb[9741.24] ub[10946] numArcs: [96735514] numFixed: [111535] time: [5359]
STATS - lpIterations[1] lagIterations[90] sspIterations[1880] numSeparations[1865] numCuts[0] compileTime[357] sspSolveTime[2676] lpSolveTime[0] lb[9750.08] ub[10946] numArcs: [96776909] numFixed: [111535] time: [5397]
STATS - lpIterations[1] lagIterations[91] sspIterations[1910] numSeparations[1878] numCuts[0] compileTime[357] sspSolveTime[2728] lpSolveTime[0] lb[9767.47] ub[10946] numArcs: [96801884] numFixed: [111535] time: [5486]
STATS - lpIterations[1] lagIterations[93] sspIterations[1971] numSeparations[1918] numCuts[0] compileTime[357] sspSolveTime[2815] lpSolveTime[0] lb[9789.13] ub[10946] numArcs: [96895952] numFixed: [111535] time: [5644]
STATS - lpIterations[1] lagIterations[94] sspIterations[1999] numSeparations[1969] numCuts[0] compileTime[357] sspSolveTime[2855] lpSolveTime[0] lb[9795.95] ub[10946] numArcs: [97006990] numFixed: [112334] time: [5728]
STATS - lpIterations[1] lagIterations[102] sspIterations[2179] numSeparations[2132] numCuts[0] compileTime[357] sspSolveTime[3114] lpSolveTime[0] lb[9822.74] ub[10946] numArcs: [97336480] numFixed: [112334] time: [6244]
STATS - lpIterations[1] lagIterations[103] sspIterations[2203] numSeparations[2177] numCuts[0] compileTime[357] sspSolveTime[3145] lpSolveTime[0] lb[9827.94] ub[10946] numArcs: [97428903] numFixed: [112334] time: [6315]
STATS - lpIterations[1] lagIterations[109] sspIterations[2343] numSeparations[2304] numCuts[0] compileTime[357] sspSolveTime[3344] lpSolveTime[0] lb[9837.34] ub[10946] numArcs: [97716749] numFixed: [112334] time: [6704]
STATS - lpIterations[1] lagIterations[113] sspIterations[2434] numSeparations[2397] numCuts[0] compileTime[357] sspSolveTime[3474] lpSolveTime[0] lb[9844.91] ub[10946] numArcs: [97902167] numFixed: [112334] time: [6972]
STATS - lpIterations[1] lagIterations[115] sspIterations[2496] numSeparations[2443] numCuts[0] compileTime[357] sspSolveTime[3558] lpSolveTime[0] lb[9851.77] ub[10946] numArcs: [97997165] numFixed: [112334] time: [7132]
STATS - lpIterations[1] lagIterations[116] sspIterations[2524] numSeparations[2494] numCuts[0] compileTime[357] sspSolveTime[3607] lpSolveTime[0] lb[9859.94] ub[10946] numArcs: [98093699] numFixed: [113134] time: [7223]
STATS - lpIterations[1] lagIterations[122] sspIterations[2677] numSeparations[2631] numCuts[0] compileTime[357] sspSolveTime[3843] lpSolveTime[0] lb[9861.38] ub[10946] numArcs: [98409510] numFixed: [113933] time: [7651]
STATS - lpIterations[1] lagIterations[123] sspIterations[2692] numSeparations[2675] numCuts[0] compileTime[357] sspSolveTime[3861] lpSolveTime[0] lb[9862.47] ub[10946] numArcs: [98484046] numFixed: [113933] time: [7672]
STATS - lpIterations[1] lagIterations[123] sspIterations[2692] numSeparations[2675] numCuts[0] compileTime[357] sspSolveTime[3861] lpSolveTime[0] lb[9866.71] ub[10946] numArcs: [98484046] numFixed: [113933] time: [7695]
STATS - lpIterations[1] lagIterations[126] sspIterations[2790] numSeparations[2746] numCuts[0] compileTime[357] sspSolveTime[4038] lpSolveTime[0] lb[9878.81] ub[10946] numArcs: [98637677] numFixed: [113933] time: [7995]
STATS - lpIterations[1] lagIterations[128] sspIterations[2854] numSeparations[2801] numCuts[0] compileTime[357] sspSolveTime[4146] lpSolveTime[0] lb[9885.22] ub[10946] numArcs: [98759219] numFixed: [113933] time: [8172]
STATS - lpIterations[1] lagIterations[129] sspIterations[2872] numSeparations[2852] numCuts[0] compileTime[357] sspSolveTime[4173] lpSolveTime[0] lb[9891.72] ub[10946] numArcs: [98861879] numFixed: [113933] time: [8239]
STATS - lpIterations[1] lagIterations[137] sspIterations[3053] numSeparations[3033] numCuts[0] compileTime[357] sspSolveTime[4501] lpSolveTime[0] lb[9895.08] ub[10946] numArcs: [99244035] numFixed: [113933] time: [8826]
STATS - lpIterations[1] lagIterations[140] sspIterations[3144] numSeparations[3097] numCuts[0] compileTime[357] sspSolveTime[4634] lpSolveTime[0] lb[9899.55] ub[10946] numArcs: [99380631] numFixed: [113933] time: [9072]
STATS - lpIterations[1] lagIterations[141] sspIterations[3161] numSeparations[3142] numCuts[0] compileTime[357] sspSolveTime[4662] lpSolveTime[0] lb[9903.11] ub[10946] numArcs: [99464890] numFixed: [113933] time: [9132]
STATS - lpIterations[1] lagIterations[144] sspIterations[3268] numSeparations[3208] numCuts[0] compileTime[357] sspSolveTime[4841] lpSolveTime[0] lb[9913.82] ub[10946] numArcs: [99603944] numFixed: [113933] time: [9439]
STATS - lpIterations[1] lagIterations[145] sspIterations[3303] numSeparations[3266] numCuts[0] compileTime[357] sspSolveTime[4888] lpSolveTime[0] lb[9922.96] ub[10946] numArcs: [99727173] numFixed: [115533] time: [9533]
