num loc: 18
hgs upper bound: 55
compiling dd
time step mult: 1
time step: 1
cap step: 1
start compiling DD
add terminal node arcs
done compiling dd
STATS - lpIterations[1] lagIterations[0] sspIterations[0] numSeparations[0] numCuts[0] compileTime[0] sspSolveTime[0] lpSolveTime[0] lb[0] ub[55] size: [9531] time: [0]
STATS - lpIterations[1] lagIterations[1] sspIterations[1] numSeparations[0] numCuts[0] compileTime[0] sspSolveTime[0] lpSolveTime[0] lb[26.0222] ub[55] size: [9531] time: [0]
switching from LAG to LP solver
num vars: 69313
STATS - lpIterations[2] lagIterations[1] sspIterations[1] numSeparations[0] numCuts[0] compileTime[0] sspSolveTime[0] lpSolveTime[14] lb[39] ub[55] size: [9531] time: [14]
num vars: 68050
STATS - lpIterations[3] lagIterations[1] sspIterations[1] numSeparations[3] numCuts[0] compileTime[0] sspSolveTime[0] lpSolveTime[24] lb[39] ub[55] size: [9531] time: [24]
num vars: 62138
STATS - lpIterations[4] lagIterations[1] sspIterations[1] numSeparations[4] numCuts[0] compileTime[0] sspSolveTime[0] lpSolveTime[34] lb[39] ub[55] size: [9531] time: [35]
num vars: 62113
STATS - lpIterations[5] lagIterations[1] sspIterations[1] numSeparations[5] numCuts[0] compileTime[0] sspSolveTime[0] lpSolveTime[46] lb[39] ub[55] size: [9531] time: [46]
num vars: 60943
STATS - lpIterations[6] lagIterations[1] sspIterations[1] numSeparations[9] numCuts[0] compileTime[0] sspSolveTime[0] lpSolveTime[55] lb[39] ub[55] size: [9531] time: [55]
num vars: 60782
STATS - lpIterations[7] lagIterations[1] sspIterations[1] numSeparations[10] numCuts[0] compileTime[0] sspSolveTime[0] lpSolveTime[63] lb[39] ub[55] size: [9531] time: [63]
num vars: 61030
STATS - lpIterations[8] lagIterations[1] sspIterations[1] numSeparations[11] numCuts[0] compileTime[0] sspSolveTime[0] lpSolveTime[74] lb[39] ub[55] size: [9532] time: [74]
num vars: 60973
STATS - lpIterations[9] lagIterations[1] sspIterations[1] numSeparations[12] numCuts[0] compileTime[0] sspSolveTime[0] lpSolveTime[80] lb[39] ub[55] size: [9532] time: [81]
num vars: 60316
STATS - lpIterations[10] lagIterations[1] sspIterations[1] numSeparations[13] numCuts[0] compileTime[0] sspSolveTime[0] lpSolveTime[88] lb[39] ub[55] size: [9532] time: [88]
num vars: 59916
STATS - lpIterations[11] lagIterations[1] sspIterations[1] numSeparations[14] numCuts[0] compileTime[0] sspSolveTime[0] lpSolveTime[97] lb[39] ub[55] size: [9532] time: [98]
num vars: 59856
STATS - lpIterations[12] lagIterations[1] sspIterations[1] numSeparations[15] numCuts[0] compileTime[0] sspSolveTime[0] lpSolveTime[106] lb[39] ub[55] size: [9532] time: [106]
num vars: 59704
STATS - lpIterations[13] lagIterations[1] sspIterations[1] numSeparations[16] numCuts[0] compileTime[0] sspSolveTime[0] lpSolveTime[113] lb[39] ub[55] size: [9533] time: [113]
num vars: 60021
STATS - lpIterations[14] lagIterations[1] sspIterations[1] numSeparations[17] numCuts[0] compileTime[0] sspSolveTime[0] lpSolveTime[121] lb[39] ub[55] size: [9533] time: [121]
num vars: 59626
STATS - lpIterations[15] lagIterations[1] sspIterations[1] numSeparations[18] numCuts[0] compileTime[0] sspSolveTime[0] lpSolveTime[127] lb[39] ub[55] size: [9533] time: [128]
num vars: 59336
STATS - lpIterations[16] lagIterations[1] sspIterations[1] numSeparations[19] numCuts[0] compileTime[0] sspSolveTime[0] lpSolveTime[135] lb[39] ub[55] size: [9534] time: [136]
num vars: 58685
STATS - lpIterations[17] lagIterations[1] sspIterations[1] numSeparations[20] numCuts[0] compileTime[0] sspSolveTime[0] lpSolveTime[143] lb[39] ub[55] size: [9534] time: [143]
num vars: 58738
STATS - lpIterations[18] lagIterations[1] sspIterations[1] numSeparations[21] numCuts[0] compileTime[0] sspSolveTime[0] lpSolveTime[152] lb[40] ub[55] size: [9535] time: [153]
num vars: 58222
STATS - lpIterations[19] lagIterations[1] sspIterations[1] numSeparations[22] numCuts[0] compileTime[0] sspSolveTime[0] lpSolveTime[161] lb[40] ub[55] size: [9535] time: [162]
num vars: 54158
STATS - lpIterations[20] lagIterations[1] sspIterations[1] numSeparations[24] numCuts[0] compileTime[0] sspSolveTime[0] lpSolveTime[169] lb[42] ub[55] size: [9537] time: [170]
num vars: 54473
STATS - lpIterations[21] lagIterations[1] sspIterations[1] numSeparations[25] numCuts[0] compileTime[0] sspSolveTime[0] lpSolveTime[178] lb[42] ub[55] size: [9537] time: [179]
num vars: 55602
STATS - lpIterations[22] lagIterations[1] sspIterations[1] numSeparations[26] numCuts[0] compileTime[0] sspSolveTime[0] lpSolveTime[188] lb[42] ub[55] size: [9537] time: [189]
num vars: 53950
STATS - lpIterations[23] lagIterations[1] sspIterations[1] numSeparations[27] numCuts[0] compileTime[0] sspSolveTime[0] lpSolveTime[196] lb[42] ub[55] size: [9537] time: [196]
num vars: 51325
STATS - lpIterations[24] lagIterations[1] sspIterations[1] numSeparations[28] numCuts[0] compileTime[0] sspSolveTime[0] lpSolveTime[205] lb[42] ub[55] size: [9539] time: [206]
num vars: 53339
STATS - lpIterations[25] lagIterations[1] sspIterations[1] numSeparations[29] numCuts[0] compileTime[0] sspSolveTime[0] lpSolveTime[213] lb[42] ub[55] size: [9541] time: [214]
num vars: 52778
STATS - lpIterations[26] lagIterations[1] sspIterations[1] numSeparations[30] numCuts[0] compileTime[0] sspSolveTime[0] lpSolveTime[220] lb[42] ub[55] size: [9543] time: [221]
num vars: 51386
STATS - lpIterations[27] lagIterations[1] sspIterations[1] numSeparations[31] numCuts[0] compileTime[0] sspSolveTime[0] lpSolveTime[226] lb[42] ub[55] size: [9543] time: [227]
num vars: 53586
STATS - lpIterations[28] lagIterations[1] sspIterations[1] numSeparations[32] numCuts[0] compileTime[0] sspSolveTime[0] lpSolveTime[232] lb[42] ub[55] size: [9543] time: [233]
num vars: 52651
STATS - lpIterations[29] lagIterations[1] sspIterations[1] numSeparations[33] numCuts[0] compileTime[0] sspSolveTime[0] lpSolveTime[240] lb[42] ub[55] size: [9543] time: [240]
num vars: 51588
STATS - lpIterations[30] lagIterations[1] sspIterations[1] numSeparations[34] numCuts[0] compileTime[0] sspSolveTime[0] lpSolveTime[252] lb[44] ub[55] size: [9543] time: [253]
num vars: 48571
STATS - lpIterations[31] lagIterations[1] sspIterations[1] numSeparations[36] numCuts[0] compileTime[0] sspSolveTime[0] lpSolveTime[263] lb[44] ub[55] size: [9550] time: [264]
num vars: 47419
STATS - lpIterations[32] lagIterations[1] sspIterations[1] numSeparations[37] numCuts[0] compileTime[0] sspSolveTime[0] lpSolveTime[271] lb[44] ub[55] size: [9555] time: [272]
num vars: 48766
STATS - lpIterations[33] lagIterations[1] sspIterations[1] numSeparations[38] numCuts[0] compileTime[0] sspSolveTime[0] lpSolveTime[281] lb[44] ub[55] size: [9555] time: [282]
num vars: 47277
STATS - lpIterations[34] lagIterations[1] sspIterations[1] numSeparations[39] numCuts[0] compileTime[0] sspSolveTime[0] lpSolveTime[291] lb[44] ub[55] size: [9555] time: [292]
num vars: 47882
STATS - lpIterations[35] lagIterations[1] sspIterations[1] numSeparations[41] numCuts[0] compileTime[0] sspSolveTime[0] lpSolveTime[302] lb[44] ub[55] size: [9557] time: [303]
num vars: 48386
STATS - lpIterations[36] lagIterations[1] sspIterations[1] numSeparations[42] numCuts[0] compileTime[0] sspSolveTime[0] lpSolveTime[315] lb[44] ub[55] size: [9558] time: [317]
num vars: 47827
STATS - lpIterations[37] lagIterations[1] sspIterations[1] numSeparations[44] numCuts[0] compileTime[0] sspSolveTime[0] lpSolveTime[327] lb[44] ub[55] size: [9560] time: [328]
num vars: 48094
STATS - lpIterations[38] lagIterations[1] sspIterations[1] numSeparations[46] numCuts[0] compileTime[0] sspSolveTime[0] lpSolveTime[336] lb[44] ub[55] size: [9563] time: [337]
num vars: 47109
STATS - lpIterations[39] lagIterations[1] sspIterations[1] numSeparations[47] numCuts[0] compileTime[0] sspSolveTime[0] lpSolveTime[346] lb[44] ub[55] size: [9564] time: [347]
num vars: 49374
STATS - lpIterations[40] lagIterations[1] sspIterations[1] numSeparations[48] numCuts[0] compileTime[0] sspSolveTime[0] lpSolveTime[355] lb[44] ub[55] size: [9565] time: [356]
num vars: 47771
STATS - lpIterations[41] lagIterations[1] sspIterations[1] numSeparations[49] numCuts[0] compileTime[0] sspSolveTime[0] lpSolveTime[367] lb[44] ub[55] size: [9568] time: [368]
num vars: 47265
STATS - lpIterations[42] lagIterations[1] sspIterations[1] numSeparations[51] numCuts[0] compileTime[0] sspSolveTime[0] lpSolveTime[377] lb[44] ub[55] size: [9571] time: [378]
num vars: 47706
STATS - lpIterations[43] lagIterations[1] sspIterations[1] numSeparations[52] numCuts[0] compileTime[0] sspSolveTime[0] lpSolveTime[388] lb[44] ub[55] size: [9573] time: [390]
num vars: 48003
STATS - lpIterations[44] lagIterations[1] sspIterations[1] numSeparations[53] numCuts[0] compileTime[0] sspSolveTime[0] lpSolveTime[400] lb[44] ub[55] size: [9576] time: [401]
num vars: 46736
STATS - lpIterations[45] lagIterations[1] sspIterations[1] numSeparations[54] numCuts[0] compileTime[0] sspSolveTime[0] lpSolveTime[410] lb[44] ub[55] size: [9577] time: [411]
num vars: 48763
STATS - lpIterations[46] lagIterations[1] sspIterations[1] numSeparations[55] numCuts[0] compileTime[0] sspSolveTime[0] lpSolveTime[424] lb[44] ub[55] size: [9577] time: [425]
num vars: 48304
STATS - lpIterations[47] lagIterations[1] sspIterations[1] numSeparations[56] numCuts[0] compileTime[0] sspSolveTime[0] lpSolveTime[432] lb[44] ub[55] size: [9577] time: [434]
num vars: 47780
STATS - lpIterations[48] lagIterations[1] sspIterations[1] numSeparations[57] numCuts[0] compileTime[0] sspSolveTime[0] lpSolveTime[445] lb[44] ub[55] size: [9578] time: [447]
num vars: 48228
STATS - lpIterations[49] lagIterations[1] sspIterations[1] numSeparations[58] numCuts[0] compileTime[0] sspSolveTime[0] lpSolveTime[457] lb[44] ub[55] size: [9580] time: [459]
num vars: 47137
STATS - lpIterations[50] lagIterations[1] sspIterations[1] numSeparations[59] numCuts[0] compileTime[0] sspSolveTime[0] lpSolveTime[469] lb[44] ub[55] size: [9580] time: [471]
num vars: 49288
STATS - lpIterations[51] lagIterations[1] sspIterations[1] numSeparations[60] numCuts[0] compileTime[0] sspSolveTime[0] lpSolveTime[479] lb[44] ub[55] size: [9580] time: [481]
num vars: 49178
STATS - lpIterations[52] lagIterations[1] sspIterations[1] numSeparations[61] numCuts[0] compileTime[0] sspSolveTime[0] lpSolveTime[491] lb[44] ub[55] size: [9583] time: [492]
num vars: 47200
STATS - lpIterations[53] lagIterations[1] sspIterations[1] numSeparations[62] numCuts[0] compileTime[0] sspSolveTime[0] lpSolveTime[502] lb[44] ub[55] size: [9583] time: [503]
num vars: 47847
STATS - lpIterations[54] lagIterations[1] sspIterations[1] numSeparations[63] numCuts[0] compileTime[0] sspSolveTime[0] lpSolveTime[510] lb[44] ub[55] size: [9585] time: [512]
num vars: 47652
STATS - lpIterations[55] lagIterations[1] sspIterations[1] numSeparations[64] numCuts[0] compileTime[0] sspSolveTime[0] lpSolveTime[525] lb[44] ub[55] size: [9585] time: [527]
num vars: 45711
STATS - lpIterations[56] lagIterations[1] sspIterations[1] numSeparations[65] numCuts[0] compileTime[0] sspSolveTime[0] lpSolveTime[534] lb[44] ub[55] size: [9587] time: [535]
num vars: 47952
STATS - lpIterations[57] lagIterations[1] sspIterations[1] numSeparations[66] numCuts[0] compileTime[0] sspSolveTime[0] lpSolveTime[544] lb[44] ub[55] size: [9588] time: [546]
num vars: 47331
STATS - lpIterations[58] lagIterations[1] sspIterations[1] numSeparations[67] numCuts[0] compileTime[0] sspSolveTime[0] lpSolveTime[554] lb[44] ub[55] size: [9589] time: [556]
num vars: 46993
STATS - lpIterations[59] lagIterations[1] sspIterations[1] numSeparations[69] numCuts[0] compileTime[0] sspSolveTime[0] lpSolveTime[565] lb[44] ub[55] size: [9591] time: [567]
num vars: 48107
STATS - lpIterations[60] lagIterations[1] sspIterations[1] numSeparations[70] numCuts[0] compileTime[0] sspSolveTime[0] lpSolveTime[575] lb[44] ub[55] size: [9591] time: [577]
num vars: 48176
STATS - lpIterations[61] lagIterations[1] sspIterations[1] numSeparations[71] numCuts[0] compileTime[0] sspSolveTime[0] lpSolveTime[586] lb[44] ub[55] size: [9592] time: [588]
num vars: 47997
STATS - lpIterations[62] lagIterations[1] sspIterations[1] numSeparations[72] numCuts[0] compileTime[0] sspSolveTime[0] lpSolveTime[596] lb[44] ub[55] size: [9595] time: [598]
num vars: 47420
STATS - lpIterations[63] lagIterations[1] sspIterations[1] numSeparations[75] numCuts[0] compileTime[0] sspSolveTime[0] lpSolveTime[608] lb[44] ub[55] size: [9601] time: [610]
num vars: 48285
STATS - lpIterations[64] lagIterations[1] sspIterations[1] numSeparations[76] numCuts[0] compileTime[0] sspSolveTime[0] lpSolveTime[618] lb[44] ub[55] size: [9602] time: [620]
num vars: 46861
STATS - lpIterations[65] lagIterations[1] sspIterations[1] numSeparations[77] numCuts[0] compileTime[0] sspSolveTime[0] lpSolveTime[628] lb[44] ub[55] size: [9603] time: [630]
num vars: 47728
STATS - lpIterations[66] lagIterations[1] sspIterations[1] numSeparations[78] numCuts[0] compileTime[0] sspSolveTime[0] lpSolveTime[638] lb[44] ub[55] size: [9604] time: [640]
num vars: 47601
STATS - lpIterations[67] lagIterations[1] sspIterations[1] numSeparations[79] numCuts[0] compileTime[0] sspSolveTime[0] lpSolveTime[649] lb[44] ub[55] size: [9605] time: [651]
num vars: 47156
STATS - lpIterations[68] lagIterations[1] sspIterations[1] numSeparations[80] numCuts[0] compileTime[0] sspSolveTime[0] lpSolveTime[660] lb[44] ub[55] size: [9606] time: [662]
num vars: 48808
STATS - lpIterations[69] lagIterations[1] sspIterations[1] numSeparations[81] numCuts[0] compileTime[0] sspSolveTime[0] lpSolveTime[670] lb[44] ub[55] size: [9606] time: [672]
num vars: 47467
STATS - lpIterations[70] lagIterations[1] sspIterations[1] numSeparations[83] numCuts[0] compileTime[0] sspSolveTime[0] lpSolveTime[679] lb[44] ub[55] size: [9607] time: [681]
num vars: 47003
STATS - lpIterations[71] lagIterations[1] sspIterations[1] numSeparations[84] numCuts[0] compileTime[0] sspSolveTime[0] lpSolveTime[690] lb[44] ub[55] size: [9607] time: [692]
num vars: 48086
STATS - lpIterations[72] lagIterations[1] sspIterations[1] numSeparations[85] numCuts[0] compileTime[0] sspSolveTime[0] lpSolveTime[701] lb[44] ub[55] size: [9608] time: [703]
num vars: 47634
STATS - lpIterations[73] lagIterations[1] sspIterations[1] numSeparations[86] numCuts[0] compileTime[0] sspSolveTime[0] lpSolveTime[710] lb[44] ub[55] size: [9608] time: [712]
num vars: 46694
STATS - lpIterations[74] lagIterations[1] sspIterations[1] numSeparations[87] numCuts[0] compileTime[0] sspSolveTime[0] lpSolveTime[720] lb[44] ub[55] size: [9609] time: [722]
num vars: 47293
STATS - lpIterations[75] lagIterations[1] sspIterations[1] numSeparations[88] numCuts[0] compileTime[0] sspSolveTime[0] lpSolveTime[733] lb[44] ub[55] size: [9610] time: [735]
num vars: 47724
STATS - lpIterations[76] lagIterations[1] sspIterations[1] numSeparations[89] numCuts[0] compileTime[0] sspSolveTime[0] lpSolveTime[743] lb[44] ub[55] size: [9610] time: [745]
num vars: 46829
STATS - lpIterations[77] lagIterations[1] sspIterations[1] numSeparations[90] numCuts[0] compileTime[0] sspSolveTime[0] lpSolveTime[752] lb[44] ub[55] size: [9611] time: [754]
num vars: 48015
STATS - lpIterations[78] lagIterations[1] sspIterations[1] numSeparations[91] numCuts[0] compileTime[0] sspSolveTime[0] lpSolveTime[762] lb[44] ub[55] size: [9612] time: [764]
num vars: 47819
STATS - lpIterations[79] lagIterations[1] sspIterations[1] numSeparations[92] numCuts[0] compileTime[0] sspSolveTime[0] lpSolveTime[774] lb[44] ub[55] size: [9614] time: [776]
num vars: 48567
STATS - lpIterations[80] lagIterations[1] sspIterations[1] numSeparations[93] numCuts[0] compileTime[0] sspSolveTime[0] lpSolveTime[784] lb[44] ub[55] size: [9615] time: [786]
num vars: 46991
STATS - lpIterations[81] lagIterations[1] sspIterations[1] numSeparations[94] numCuts[0] compileTime[0] sspSolveTime[0] lpSolveTime[794] lb[44] ub[55] size: [9615] time: [796]
num vars: 46930
STATS - lpIterations[82] lagIterations[1] sspIterations[1] numSeparations[95] numCuts[0] compileTime[0] sspSolveTime[0] lpSolveTime[804] lb[44] ub[55] size: [9616] time: [806]
num vars: 47728
STATS - lpIterations[83] lagIterations[1] sspIterations[1] numSeparations[96] numCuts[0] compileTime[0] sspSolveTime[0] lpSolveTime[817] lb[44] ub[55] size: [9616] time: [819]
num vars: 47638
STATS - lpIterations[84] lagIterations[1] sspIterations[1] numSeparations[98] numCuts[0] compileTime[0] sspSolveTime[0] lpSolveTime[829] lb[44] ub[55] size: [9618] time: [832]
num vars: 47469
STATS - lpIterations[85] lagIterations[1] sspIterations[1] numSeparations[99] numCuts[0] compileTime[0] sspSolveTime[0] lpSolveTime[841] lb[44] ub[55] size: [9618] time: [843]
num vars: 47124
STATS - lpIterations[86] lagIterations[1] sspIterations[1] numSeparations[100] numCuts[0] compileTime[0] sspSolveTime[0] lpSolveTime[849] lb[44] ub[55] size: [9619] time: [851]
num vars: 48454
STATS - lpIterations[87] lagIterations[1] sspIterations[1] numSeparations[101] numCuts[0] compileTime[0] sspSolveTime[0] lpSolveTime[859] lb[44] ub[55] size: [9619] time: [862]
num vars: 47226
STATS - lpIterations[88] lagIterations[1] sspIterations[1] numSeparations[102] numCuts[0] compileTime[0] sspSolveTime[0] lpSolveTime[869] lb[44] ub[55] size: [9619] time: [871]
num vars: 45945
STATS - lpIterations[89] lagIterations[1] sspIterations[1] numSeparations[103] numCuts[0] compileTime[0] sspSolveTime[0] lpSolveTime[881] lb[44.25] ub[55] size: [9620] time: [884]
num vars: 46204
STATS - lpIterations[90] lagIterations[1] sspIterations[1] numSeparations[106] numCuts[0] compileTime[0] sspSolveTime[0] lpSolveTime[893] lb[44.25] ub[55] size: [9623] time: [895]
num vars: 43882
STATS - lpIterations[91] lagIterations[1] sspIterations[1] numSeparations[109] numCuts[0] compileTime[0] sspSolveTime[0] lpSolveTime[899] lb[44.5] ub[55] size: [9624] time: [901]
num vars: 45681
STATS - lpIterations[92] lagIterations[1] sspIterations[1] numSeparations[111] numCuts[0] compileTime[0] sspSolveTime[0] lpSolveTime[909] lb[44.5] ub[55] size: [9625] time: [912]
num vars: 45437
STATS - lpIterations[93] lagIterations[1] sspIterations[1] numSeparations[113] numCuts[0] compileTime[0] sspSolveTime[0] lpSolveTime[922] lb[44.5] ub[55] size: [9625] time: [924]
num vars: 44514
STATS - lpIterations[94] lagIterations[1] sspIterations[1] numSeparations[115] numCuts[0] compileTime[0] sspSolveTime[0] lpSolveTime[940] lb[45] ub[55] size: [9626] time: [943]
num vars: 41483
STATS - lpIterations[95] lagIterations[1] sspIterations[1] numSeparations[117] numCuts[0] compileTime[0] sspSolveTime[0] lpSolveTime[947] lb[46] ub[55] size: [9627] time: [950]
num vars: 41307
STATS - lpIterations[96] lagIterations[1] sspIterations[1] numSeparations[118] numCuts[0] compileTime[0] sspSolveTime[0] lpSolveTime[956] lb[46] ub[55] size: [9629] time: [959]
num vars: 41424
STATS - lpIterations[97] lagIterations[1] sspIterations[1] numSeparations[122] numCuts[0] compileTime[0] sspSolveTime[0] lpSolveTime[964] lb[46] ub[55] size: [9634] time: [967]
num vars: 39183
STATS - lpIterations[98] lagIterations[1] sspIterations[1] numSeparations[123] numCuts[0] compileTime[0] sspSolveTime[0] lpSolveTime[971] lb[46] ub[55] size: [9634] time: [974]
num vars: 39424
STATS - lpIterations[99] lagIterations[1] sspIterations[1] numSeparations[124] numCuts[0] compileTime[0] sspSolveTime[0] lpSolveTime[979] lb[46] ub[55] size: [9636] time: [981]
num vars: 40212
STATS - lpIterations[100] lagIterations[1] sspIterations[1] numSeparations[128] numCuts[0] compileTime[0] sspSolveTime[0] lpSolveTime[986] lb[46] ub[55] size: [9641] time: [988]
num vars: 42590
STATS - lpIterations[101] lagIterations[1] sspIterations[1] numSeparations[129] numCuts[0] compileTime[0] sspSolveTime[0] lpSolveTime[994] lb[46] ub[55] size: [9641] time: [997]
num vars: 40280
STATS - lpIterations[102] lagIterations[1] sspIterations[1] numSeparations[130] numCuts[0] compileTime[0] sspSolveTime[0] lpSolveTime[1004] lb[46] ub[55] size: [9643] time: [1006]
num vars: 41052
STATS - lpIterations[103] lagIterations[1] sspIterations[1] numSeparations[131] numCuts[0] compileTime[0] sspSolveTime[0] lpSolveTime[1012] lb[46] ub[55] size: [9645] time: [1014]
num vars: 41116
STATS - lpIterations[104] lagIterations[1] sspIterations[1] numSeparations[132] numCuts[0] compileTime[0] sspSolveTime[0] lpSolveTime[1020] lb[46] ub[55] size: [9645] time: [1023]
num vars: 42527
STATS - lpIterations[105] lagIterations[1] sspIterations[1] numSeparations[133] numCuts[0] compileTime[0] sspSolveTime[0] lpSolveTime[1028] lb[46] ub[55] size: [9647] time: [1031]
num vars: 41049
STATS - lpIterations[106] lagIterations[1] sspIterations[1] numSeparations[134] numCuts[0] compileTime[0] sspSolveTime[0] lpSolveTime[1036] lb[46] ub[55] size: [9649] time: [1039]
num vars: 41744
STATS - lpIterations[107] lagIterations[1] sspIterations[1] numSeparations[135] numCuts[0] compileTime[0] sspSolveTime[0] lpSolveTime[1043] lb[46] ub[55] size: [9651] time: [1046]
num vars: 40994
STATS - lpIterations[108] lagIterations[1] sspIterations[1] numSeparations[136] numCuts[0] compileTime[0] sspSolveTime[0] lpSolveTime[1052] lb[46] ub[55] size: [9651] time: [1055]
num vars: 40934
STATS - lpIterations[109] lagIterations[1] sspIterations[1] numSeparations[137] numCuts[0] compileTime[0] sspSolveTime[0] lpSolveTime[1059] lb[46] ub[55] size: [9651] time: [1062]
num vars: 41072
STATS - lpIterations[110] lagIterations[1] sspIterations[1] numSeparations[138] numCuts[0] compileTime[0] sspSolveTime[0] lpSolveTime[1067] lb[46] ub[55] size: [9653] time: [1070]
num vars: 40676
STATS - lpIterations[111] lagIterations[1] sspIterations[1] numSeparations[139] numCuts[0] compileTime[0] sspSolveTime[0] lpSolveTime[1074] lb[46] ub[55] size: [9653] time: [1076]
num vars: 41382
STATS - lpIterations[112] lagIterations[1] sspIterations[1] numSeparations[140] numCuts[0] compileTime[0] sspSolveTime[0] lpSolveTime[1082] lb[46] ub[55] size: [9655] time: [1085]
num vars: 41458
STATS - lpIterations[113] lagIterations[1] sspIterations[1] numSeparations[141] numCuts[0] compileTime[0] sspSolveTime[0] lpSolveTime[1090] lb[46] ub[55] size: [9657] time: [1093]
num vars: 43481
STATS - lpIterations[114] lagIterations[1] sspIterations[1] numSeparations[142] numCuts[0] compileTime[0] sspSolveTime[0] lpSolveTime[1098] lb[46] ub[55] size: [9659] time: [1101]
num vars: 40168
STATS - lpIterations[115] lagIterations[1] sspIterations[1] numSeparations[143] numCuts[0] compileTime[0] sspSolveTime[0] lpSolveTime[1108] lb[46] ub[55] size: [9659] time: [1112]
num vars: 42311
STATS - lpIterations[116] lagIterations[1] sspIterations[1] numSeparations[144] numCuts[0] compileTime[0] sspSolveTime[0] lpSolveTime[1118] lb[46] ub[55] size: [9661] time: [1121]
num vars: 42212
STATS - lpIterations[117] lagIterations[1] sspIterations[1] numSeparations[145] numCuts[0] compileTime[0] sspSolveTime[0] lpSolveTime[1126] lb[46] ub[55] size: [9661] time: [1129]
num vars: 41126
STATS - lpIterations[118] lagIterations[1] sspIterations[1] numSeparations[146] numCuts[0] compileTime[0] sspSolveTime[0] lpSolveTime[1133] lb[46] ub[55] size: [9663] time: [1136]
num vars: 40978
STATS - lpIterations[119] lagIterations[1] sspIterations[1] numSeparations[147] numCuts[0] compileTime[0] sspSolveTime[0] lpSolveTime[1140] lb[46] ub[55] size: [9665] time: [1144]
num vars: 41431
STATS - lpIterations[120] lagIterations[1] sspIterations[1] numSeparations[148] numCuts[0] compileTime[0] sspSolveTime[0] lpSolveTime[1148] lb[46] ub[55] size: [9665] time: [1151]
num vars: 40689
STATS - lpIterations[121] lagIterations[1] sspIterations[1] numSeparations[149] numCuts[0] compileTime[0] sspSolveTime[0] lpSolveTime[1155] lb[46] ub[55] size: [9667] time: [1158]
num vars: 41335
STATS - lpIterations[122] lagIterations[1] sspIterations[1] numSeparations[150] numCuts[0] compileTime[0] sspSolveTime[0] lpSolveTime[1162] lb[46] ub[55] size: [9667] time: [1166]
num vars: 40514
STATS - lpIterations[123] lagIterations[1] sspIterations[1] numSeparations[152] numCuts[0] compileTime[0] sspSolveTime[0] lpSolveTime[1169] lb[46] ub[55] size: [9667] time: [1173]
num vars: 42665
STATS - lpIterations[124] lagIterations[1] sspIterations[1] numSeparations[153] numCuts[0] compileTime[0] sspSolveTime[0] lpSolveTime[1180] lb[46] ub[55] size: [9667] time: [1184]
num vars: 43648
STATS - lpIterations[125] lagIterations[1] sspIterations[1] numSeparations[154] numCuts[0] compileTime[0] sspSolveTime[0] lpSolveTime[1191] lb[46] ub[55] size: [9669] time: [1194]
num vars: 43603
STATS - lpIterations[126] lagIterations[1] sspIterations[1] numSeparations[155] numCuts[0] compileTime[0] sspSolveTime[0] lpSolveTime[1200] lb[46] ub[55] size: [9669] time: [1204]
num vars: 41874
STATS - lpIterations[127] lagIterations[1] sspIterations[1] numSeparations[156] numCuts[0] compileTime[0] sspSolveTime[0] lpSolveTime[1212] lb[46] ub[55] size: [9669] time: [1215]
num vars: 40976
STATS - lpIterations[128] lagIterations[1] sspIterations[1] numSeparations[157] numCuts[0] compileTime[0] sspSolveTime[0] lpSolveTime[1219] lb[46] ub[55] size: [9671] time: [1222]
num vars: 42756
STATS - lpIterations[129] lagIterations[1] sspIterations[1] numSeparations[158] numCuts[0] compileTime[0] sspSolveTime[0] lpSolveTime[1227] lb[46] ub[55] size: [9671] time: [1230]
num vars: 40371
STATS - lpIterations[130] lagIterations[1] sspIterations[1] numSeparations[159] numCuts[0] compileTime[0] sspSolveTime[0] lpSolveTime[1234] lb[46] ub[55] size: [9671] time: [1237]
num vars: 42061
STATS - lpIterations[131] lagIterations[1] sspIterations[1] numSeparations[160] numCuts[0] compileTime[0] sspSolveTime[0] lpSolveTime[1243] lb[46] ub[55] size: [9671] time: [1247]
num vars: 41819
STATS - lpIterations[132] lagIterations[1] sspIterations[1] numSeparations[161] numCuts[0] compileTime[0] sspSolveTime[0] lpSolveTime[1250] lb[46] ub[55] size: [9673] time: [1254]
num vars: 41560
STATS - lpIterations[133] lagIterations[1] sspIterations[1] numSeparations[162] numCuts[0] compileTime[0] sspSolveTime[0] lpSolveTime[1258] lb[46] ub[55] size: [9675] time: [1261]
num vars: 40107
STATS - lpIterations[134] lagIterations[1] sspIterations[1] numSeparations[163] numCuts[0] compileTime[0] sspSolveTime[0] lpSolveTime[1265] lb[46] ub[55] size: [9677] time: [1268]
num vars: 41131
STATS - lpIterations[135] lagIterations[1] sspIterations[1] numSeparations[164] numCuts[0] compileTime[0] sspSolveTime[0] lpSolveTime[1274] lb[46] ub[55] size: [9677] time: [1277]
num vars: 42915
STATS - lpIterations[136] lagIterations[1] sspIterations[1] numSeparations[165] numCuts[0] compileTime[0] sspSolveTime[0] lpSolveTime[1280] lb[46] ub[55] size: [9677] time: [1284]
num vars: 42364
STATS - lpIterations[137] lagIterations[1] sspIterations[1] numSeparations[166] numCuts[0] compileTime[0] sspSolveTime[0] lpSolveTime[1288] lb[46] ub[55] size: [9677] time: [1292]
num vars: 42112
STATS - lpIterations[138] lagIterations[1] sspIterations[1] numSeparations[167] numCuts[0] compileTime[0] sspSolveTime[0] lpSolveTime[1296] lb[46] ub[55] size: [9677] time: [1300]
num vars: 42399
STATS - lpIterations[139] lagIterations[1] sspIterations[1] numSeparations[168] numCuts[0] compileTime[0] sspSolveTime[0] lpSolveTime[1304] lb[46] ub[55] size: [9677] time: [1308]
num vars: 41258
STATS - lpIterations[140] lagIterations[1] sspIterations[1] numSeparations[169] numCuts[0] compileTime[0] sspSolveTime[0] lpSolveTime[1310] lb[46] ub[55] size: [9677] time: [1314]
num vars: 39974
STATS - lpIterations[141] lagIterations[1] sspIterations[1] numSeparations[170] numCuts[0] compileTime[0] sspSolveTime[0] lpSolveTime[1317] lb[46] ub[55] size: [9679] time: [1321]
num vars: 40758
STATS - lpIterations[142] lagIterations[1] sspIterations[1] numSeparations[171] numCuts[0] compileTime[0] sspSolveTime[0] lpSolveTime[1324] lb[46] ub[55] size: [9679] time: [1328]
num vars: 41138
STATS - lpIterations[143] lagIterations[1] sspIterations[1] numSeparations[172] numCuts[0] compileTime[0] sspSolveTime[0] lpSolveTime[1331] lb[46] ub[55] size: [9679] time: [1335]
num vars: 41681
STATS - lpIterations[144] lagIterations[1] sspIterations[1] numSeparations[173] numCuts[0] compileTime[0] sspSolveTime[0] lpSolveTime[1340] lb[46] ub[55] size: [9679] time: [1343]
num vars: 41570
STATS - lpIterations[145] lagIterations[1] sspIterations[1] numSeparations[174] numCuts[0] compileTime[0] sspSolveTime[0] lpSolveTime[1348] lb[46] ub[55] size: [9679] time: [1352]
num vars: 40893
STATS - lpIterations[146] lagIterations[1] sspIterations[1] numSeparations[175] numCuts[0] compileTime[0] sspSolveTime[0] lpSolveTime[1360] lb[46.1667] ub[55] size: [9679] time: [1364]
num vars: 38552
STATS - lpIterations[147] lagIterations[1] sspIterations[1] numSeparations[178] numCuts[0] compileTime[0] sspSolveTime[0] lpSolveTime[1374] lb[46.4286] ub[55] size: [9680] time: [1377]
num vars: 34309
STATS - lpIterations[148] lagIterations[1] sspIterations[1] numSeparations[183] numCuts[0] compileTime[0] sspSolveTime[0] lpSolveTime[1382] lb[46.5] ub[55] size: [9681] time: [1386]
num vars: 38304
STATS - lpIterations[149] lagIterations[1] sspIterations[1] numSeparations[185] numCuts[0] compileTime[0] sspSolveTime[0] lpSolveTime[1391] lb[46.5] ub[55] size: [9684] time: [1395]
num vars: 38262
STATS - lpIterations[150] lagIterations[1] sspIterations[1] numSeparations[187] numCuts[0] compileTime[0] sspSolveTime[0] lpSolveTime[1398] lb[46.5] ub[55] size: [9685] time: [1402]
num vars: 37878
STATS - lpIterations[151] lagIterations[1] sspIterations[1] numSeparations[189] numCuts[0] compileTime[0] sspSolveTime[0] lpSolveTime[1404] lb[47] ub[55] size: [9687] time: [1408]
num vars: 36767
STATS - lpIterations[152] lagIterations[1] sspIterations[1] numSeparations[190] numCuts[0] compileTime[0] sspSolveTime[0] lpSolveTime[1411] lb[47] ub[55] size: [9687] time: [1415]
num vars: 36939
STATS - lpIterations[153] lagIterations[1] sspIterations[1] numSeparations[191] numCuts[0] compileTime[0] sspSolveTime[0] lpSolveTime[1420] lb[47] ub[55] size: [9690] time: [1424]
num vars: 37558
STATS - lpIterations[154] lagIterations[1] sspIterations[1] numSeparations[193] numCuts[0] compileTime[0] sspSolveTime[0] lpSolveTime[1429] lb[47] ub[55] size: [9692] time: [1433]
num vars: 36448
STATS - lpIterations[155] lagIterations[1] sspIterations[1] numSeparations[195] numCuts[0] compileTime[0] sspSolveTime[0] lpSolveTime[1438] lb[47] ub[55] size: [9695] time: [1442]
num vars: 36061
STATS - lpIterations[156] lagIterations[1] sspIterations[1] numSeparations[196] numCuts[0] compileTime[0] sspSolveTime[0] lpSolveTime[1444] lb[47] ub[55] size: [9696] time: [1448]
num vars: 36844
STATS - lpIterations[157] lagIterations[1] sspIterations[1] numSeparations[197] numCuts[0] compileTime[0] sspSolveTime[0] lpSolveTime[1452] lb[47] ub[55] size: [9701] time: [1456]
num vars: 36886
STATS - lpIterations[158] lagIterations[1] sspIterations[1] numSeparations[198] numCuts[0] compileTime[0] sspSolveTime[0] lpSolveTime[1460] lb[47] ub[55] size: [9702] time: [1464]
num vars: 34488
STATS - lpIterations[159] lagIterations[1] sspIterations[1] numSeparations[200] numCuts[0] compileTime[0] sspSolveTime[0] lpSolveTime[1466] lb[47] ub[55] size: [9704] time: [1471]
num vars: 38090
STATS - lpIterations[160] lagIterations[1] sspIterations[1] numSeparations[201] numCuts[0] compileTime[0] sspSolveTime[0] lpSolveTime[1473] lb[47] ub[55] size: [9705] time: [1478]
num vars: 37340
STATS - lpIterations[161] lagIterations[1] sspIterations[1] numSeparations[202] numCuts[0] compileTime[0] sspSolveTime[0] lpSolveTime[1480] lb[47] ub[55] size: [9706] time: [1485]
num vars: 34961
STATS - lpIterations[162] lagIterations[1] sspIterations[1] numSeparations[203] numCuts[0] compileTime[0] sspSolveTime[0] lpSolveTime[1488] lb[47] ub[55] size: [9707] time: [1492]
num vars: 38565
STATS - lpIterations[163] lagIterations[1] sspIterations[1] numSeparations[204] numCuts[0] compileTime[0] sspSolveTime[0] lpSolveTime[1496] lb[47] ub[55] size: [9708] time: [1500]
num vars: 37770
STATS - lpIterations[164] lagIterations[1] sspIterations[1] numSeparations[205] numCuts[0] compileTime[0] sspSolveTime[0] lpSolveTime[1503] lb[47] ub[55] size: [9708] time: [1508]
num vars: 39030
STATS - lpIterations[165] lagIterations[1] sspIterations[1] numSeparations[206] numCuts[0] compileTime[0] sspSolveTime[0] lpSolveTime[1511] lb[47] ub[55] size: [9708] time: [1515]
num vars: 36006
STATS - lpIterations[166] lagIterations[1] sspIterations[1] numSeparations[207] numCuts[0] compileTime[0] sspSolveTime[0] lpSolveTime[1517] lb[47] ub[55] size: [9708] time: [1522]
num vars: 37963
STATS - lpIterations[167] lagIterations[1] sspIterations[1] numSeparations[208] numCuts[0] compileTime[0] sspSolveTime[0] lpSolveTime[1525] lb[47] ub[55] size: [9710] time: [1529]
num vars: 36555
STATS - lpIterations[168] lagIterations[1] sspIterations[1] numSeparations[210] numCuts[0] compileTime[0] sspSolveTime[0] lpSolveTime[1532] lb[47] ub[55] size: [9712] time: [1537]
num vars: 36283
STATS - lpIterations[169] lagIterations[1] sspIterations[1] numSeparations[211] numCuts[0] compileTime[0] sspSolveTime[0] lpSolveTime[1539] lb[47] ub[55] size: [9712] time: [1543]
num vars: 35614
STATS - lpIterations[170] lagIterations[1] sspIterations[1] numSeparations[212] numCuts[0] compileTime[0] sspSolveTime[0] lpSolveTime[1548] lb[47] ub[55] size: [9713] time: [1552]
num vars: 40377
STATS - lpIterations[171] lagIterations[1] sspIterations[1] numSeparations[214] numCuts[0] compileTime[0] sspSolveTime[0] lpSolveTime[1557] lb[47] ub[55] size: [9719] time: [1562]
num vars: 34410
STATS - lpIterations[172] lagIterations[1] sspIterations[1] numSeparations[215] numCuts[0] compileTime[0] sspSolveTime[0] lpSolveTime[1562] lb[47] ub[55] size: [9720] time: [1567]
num vars: 37081
STATS - lpIterations[173] lagIterations[1] sspIterations[1] numSeparations[216] numCuts[0] compileTime[0] sspSolveTime[0] lpSolveTime[1569] lb[47] ub[55] size: [9722] time: [1573]
num vars: 34995
STATS - lpIterations[174] lagIterations[1] sspIterations[1] numSeparations[217] numCuts[0] compileTime[0] sspSolveTime[0] lpSolveTime[1576] lb[47] ub[55] size: [9723] time: [1581]
num vars: 37677
STATS - lpIterations[175] lagIterations[1] sspIterations[1] numSeparations[218] numCuts[0] compileTime[0] sspSolveTime[0] lpSolveTime[1583] lb[47] ub[55] size: [9723] time: [1588]
num vars: 36525
STATS - lpIterations[176] lagIterations[1] sspIterations[1] numSeparations[219] numCuts[0] compileTime[0] sspSolveTime[0] lpSolveTime[1592] lb[47] ub[55] size: [9724] time: [1596]
num vars: 36521
STATS - lpIterations[177] lagIterations[1] sspIterations[1] numSeparations[221] numCuts[0] compileTime[0] sspSolveTime[0] lpSolveTime[1598] lb[47] ub[55] size: [9726] time: [1603]
num vars: 37221
STATS - lpIterations[178] lagIterations[1] sspIterations[1] numSeparations[222] numCuts[0] compileTime[0] sspSolveTime[0] lpSolveTime[1606] lb[47] ub[55] size: [9726] time: [1610]
num vars: 34704
STATS - lpIterations[179] lagIterations[1] sspIterations[1] numSeparations[223] numCuts[0] compileTime[0] sspSolveTime[0] lpSolveTime[1612] lb[47] ub[55] size: [9727] time: [1617]
num vars: 38200
STATS - lpIterations[180] lagIterations[1] sspIterations[1] numSeparations[224] numCuts[0] compileTime[0] sspSolveTime[0] lpSolveTime[1619] lb[47] ub[55] size: [9727] time: [1624]
num vars: 36578
STATS - lpIterations[181] lagIterations[1] sspIterations[1] numSeparations[225] numCuts[0] compileTime[0] sspSolveTime[0] lpSolveTime[1626] lb[47] ub[55] size: [9728] time: [1630]
num vars: 35144
STATS - lpIterations[182] lagIterations[1] sspIterations[1] numSeparations[226] numCuts[0] compileTime[0] sspSolveTime[0] lpSolveTime[1632] lb[47] ub[55] size: [9728] time: [1637]
num vars: 37242
STATS - lpIterations[183] lagIterations[1] sspIterations[1] numSeparations[227] numCuts[0] compileTime[0] sspSolveTime[0] lpSolveTime[1639] lb[47] ub[55] size: [9729] time: [1644]
num vars: 37392
STATS - lpIterations[184] lagIterations[1] sspIterations[1] numSeparations[228] numCuts[0] compileTime[0] sspSolveTime[0] lpSolveTime[1645] lb[47] ub[55] size: [9729] time: [1650]
num vars: 37356
STATS - lpIterations[185] lagIterations[1] sspIterations[1] numSeparations[229] numCuts[0] compileTime[0] sspSolveTime[0] lpSolveTime[1654] lb[47] ub[55] size: [9731] time: [1658]
num vars: 35568
STATS - lpIterations[186] lagIterations[1] sspIterations[1] numSeparations[230] numCuts[0] compileTime[0] sspSolveTime[0] lpSolveTime[1662] lb[47] ub[55] size: [9734] time: [1667]
num vars: 35528
STATS - lpIterations[187] lagIterations[1] sspIterations[1] numSeparations[231] numCuts[0] compileTime[0] sspSolveTime[0] lpSolveTime[1668] lb[47] ub[55] size: [9736] time: [1673]
num vars: 37836
STATS - lpIterations[188] lagIterations[1] sspIterations[1] numSeparations[233] numCuts[0] compileTime[0] sspSolveTime[0] lpSolveTime[1674] lb[47] ub[55] size: [9740] time: [1679]
num vars: 38726
STATS - lpIterations[189] lagIterations[1] sspIterations[1] numSeparations[235] numCuts[0] compileTime[0] sspSolveTime[0] lpSolveTime[1683] lb[47] ub[55] size: [9741] time: [1688]
num vars: 35581
STATS - lpIterations[190] lagIterations[1] sspIterations[1] numSeparations[236] numCuts[0] compileTime[0] sspSolveTime[0] lpSolveTime[1690] lb[47] ub[55] size: [9743] time: [1695]
num vars: 35669
STATS - lpIterations[191] lagIterations[1] sspIterations[1] numSeparations[237] numCuts[0] compileTime[0] sspSolveTime[0] lpSolveTime[1697] lb[47] ub[55] size: [9743] time: [1702]
num vars: 36579
STATS - lpIterations[192] lagIterations[1] sspIterations[1] numSeparations[238] numCuts[0] compileTime[0] sspSolveTime[0] lpSolveTime[1704] lb[47] ub[55] size: [9743] time: [1709]
num vars: 35783
STATS - lpIterations[193] lagIterations[1] sspIterations[1] numSeparations[239] numCuts[0] compileTime[0] sspSolveTime[0] lpSolveTime[1709] lb[47] ub[55] size: [9745] time: [1714]
num vars: 36415
STATS - lpIterations[194] lagIterations[1] sspIterations[1] numSeparations[240] numCuts[0] compileTime[0] sspSolveTime[0] lpSolveTime[1716] lb[47] ub[55] size: [9745] time: [1721]
num vars: 39236
STATS - lpIterations[195] lagIterations[1] sspIterations[1] numSeparations[241] numCuts[0] compileTime[0] sspSolveTime[0] lpSolveTime[1724] lb[47] ub[55] size: [9746] time: [1729]
num vars: 37615
STATS - lpIterations[196] lagIterations[1] sspIterations[1] numSeparations[242] numCuts[0] compileTime[0] sspSolveTime[0] lpSolveTime[1731] lb[47] ub[55] size: [9747] time: [1736]
num vars: 36692
STATS - lpIterations[197] lagIterations[1] sspIterations[1] numSeparations[244] numCuts[0] compileTime[0] sspSolveTime[0] lpSolveTime[1740] lb[47] ub[55] size: [9749] time: [1745]
num vars: 35237
STATS - lpIterations[198] lagIterations[1] sspIterations[1] numSeparations[246] numCuts[0] compileTime[0] sspSolveTime[0] lpSolveTime[1747] lb[47] ub[55] size: [9749] time: [1752]
num vars: 35984
STATS - lpIterations[199] lagIterations[1] sspIterations[1] numSeparations[248] numCuts[0] compileTime[0] sspSolveTime[0] lpSolveTime[1754] lb[47] ub[55] size: [9751] time: [1759]
num vars: 35405
STATS - lpIterations[200] lagIterations[1] sspIterations[1] numSeparations[249] numCuts[0] compileTime[0] sspSolveTime[0] lpSolveTime[1759] lb[47] ub[55] size: [9752] time: [1765]
num vars: 36213
STATS - lpIterations[201] lagIterations[1] sspIterations[1] numSeparations[250] numCuts[0] compileTime[0] sspSolveTime[0] lpSolveTime[1768] lb[47] ub[55] size: [9756] time: [1773]
num vars: 35831
STATS - lpIterations[202] lagIterations[1] sspIterations[1] numSeparations[251] numCuts[0] compileTime[0] sspSolveTime[0] lpSolveTime[1774] lb[47] ub[55] size: [9758] time: [1780]
num vars: 35409
STATS - lpIterations[203] lagIterations[1] sspIterations[1] numSeparations[252] numCuts[0] compileTime[0] sspSolveTime[0] lpSolveTime[1780] lb[47] ub[55] size: [9758] time: [1786]
num vars: 36189
STATS - lpIterations[204] lagIterations[1] sspIterations[1] numSeparations[253] numCuts[0] compileTime[0] sspSolveTime[0] lpSolveTime[1787] lb[47] ub[55] size: [9758] time: [1792]
num vars: 34801
STATS - lpIterations[205] lagIterations[1] sspIterations[1] numSeparations[254] numCuts[0] compileTime[0] sspSolveTime[0] lpSolveTime[1792] lb[47] ub[55] size: [9759] time: [1798]
num vars: 38473
STATS - lpIterations[206] lagIterations[1] sspIterations[1] numSeparations[255] numCuts[0] compileTime[0] sspSolveTime[0] lpSolveTime[1799] lb[47] ub[55] size: [9759] time: [1805]
num vars: 34961
STATS - lpIterations[207] lagIterations[1] sspIterations[1] numSeparations[256] numCuts[0] compileTime[0] sspSolveTime[0] lpSolveTime[1806] lb[47] ub[55] size: [9759] time: [1812]
num vars: 37404
STATS - lpIterations[208] lagIterations[1] sspIterations[1] numSeparations[257] numCuts[0] compileTime[0] sspSolveTime[0] lpSolveTime[1814] lb[47] ub[55] size: [9759] time: [1820]
num vars: 36892
STATS - lpIterations[209] lagIterations[1] sspIterations[1] numSeparations[258] numCuts[0] compileTime[0] sspSolveTime[0] lpSolveTime[1821] lb[47] ub[55] size: [9760] time: [1826]
num vars: 36251
STATS - lpIterations[210] lagIterations[1] sspIterations[1] numSeparations[259] numCuts[0] compileTime[0] sspSolveTime[0] lpSolveTime[1826] lb[47] ub[55] size: [9760] time: [1832]
num vars: 34715
STATS - lpIterations[211] lagIterations[1] sspIterations[1] numSeparations[260] numCuts[0] compileTime[0] sspSolveTime[0] lpSolveTime[1832] lb[47] ub[55] size: [9760] time: [1838]
num vars: 35573
STATS - lpIterations[212] lagIterations[1] sspIterations[1] numSeparations[261] numCuts[0] compileTime[0] sspSolveTime[0] lpSolveTime[1838] lb[47] ub[55] size: [9761] time: [1844]
num vars: 39588
STATS - lpIterations[213] lagIterations[1] sspIterations[1] numSeparations[262] numCuts[0] compileTime[0] sspSolveTime[0] lpSolveTime[1847] lb[47] ub[55] size: [9762] time: [1853]
num vars: 39043
STATS - lpIterations[214] lagIterations[1] sspIterations[1] numSeparations[263] numCuts[0] compileTime[0] sspSolveTime[0] lpSolveTime[1861] lb[47.6667] ub[55] size: [9763] time: [1867]
num vars: 33912
STATS - lpIterations[215] lagIterations[1] sspIterations[1] numSeparations[265] numCuts[0] compileTime[0] sspSolveTime[0] lpSolveTime[1870] lb[47.8571] ub[55] size: [9764] time: [1876]
num vars: 30555
STATS - lpIterations[216] lagIterations[1] sspIterations[1] numSeparations[271] numCuts[0] compileTime[0] sspSolveTime[0] lpSolveTime[1881] lb[47.9444] ub[55] size: [9767] time: [1887]
num vars: 30238
STATS - lpIterations[217] lagIterations[1] sspIterations[1] numSeparations[276] numCuts[0] compileTime[0] sspSolveTime[0] lpSolveTime[1892] lb[48] ub[55] size: [9771] time: [1898]
num vars: 32848
STATS - lpIterations[218] lagIterations[1] sspIterations[1] numSeparations[278] numCuts[0] compileTime[0] sspSolveTime[0] lpSolveTime[1904] lb[48] ub[55] size: [9771] time: [1910]
num vars: 34834
STATS - lpIterations[219] lagIterations[1] sspIterations[1] numSeparations[280] numCuts[0] compileTime[0] sspSolveTime[0] lpSolveTime[1912] lb[48] ub[55] size: [9771] time: [1918]
num vars: 31517
STATS - lpIterations[220] lagIterations[1] sspIterations[1] numSeparations[282] numCuts[0] compileTime[0] sspSolveTime[0] lpSolveTime[1922] lb[48] ub[55] size: [9772] time: [1928]
num vars: 32234
STATS - lpIterations[221] lagIterations[1] sspIterations[1] numSeparations[284] numCuts[0] compileTime[0] sspSolveTime[0] lpSolveTime[1929] lb[49] ub[55] size: [9772] time: [1935]
num vars: 30202
STATS - lpIterations[222] lagIterations[1] sspIterations[1] numSeparations[285] numCuts[0] compileTime[0] sspSolveTime[0] lpSolveTime[1934] lb[49] ub[55] size: [9772] time: [1940]
num vars: 26619
STATS - lpIterations[223] lagIterations[1] sspIterations[1] numSeparations[286] numCuts[0] compileTime[0] sspSolveTime[0] lpSolveTime[1939] lb[49] ub[55] size: [9772] time: [1945]
num vars: 30256
STATS - lpIterations[224] lagIterations[1] sspIterations[1] numSeparations[288] numCuts[0] compileTime[0] sspSolveTime[0] lpSolveTime[1945] lb[49] ub[55] size: [9774] time: [1951]
num vars: 28068
STATS - lpIterations[225] lagIterations[1] sspIterations[1] numSeparations[289] numCuts[0] compileTime[0] sspSolveTime[0] lpSolveTime[1950] lb[49] ub[55] size: [9774] time: [1956]
num vars: 32563
STATS - lpIterations[226] lagIterations[1] sspIterations[1] numSeparations[291] numCuts[0] compileTime[0] sspSolveTime[0] lpSolveTime[1956] lb[49] ub[55] size: [9774] time: [1962]
num vars: 32563
STATS - lpIterations[227] lagIterations[1] sspIterations[1] numSeparations[292] numCuts[0] compileTime[0] sspSolveTime[0] lpSolveTime[1963] lb[49] ub[55] size: [9774] time: [1969]
num vars: 32196
STATS - lpIterations[228] lagIterations[1] sspIterations[1] numSeparations[293] numCuts[0] compileTime[0] sspSolveTime[0] lpSolveTime[1971] lb[49] ub[55] size: [9774] time: [1977]
num vars: 30440
STATS - lpIterations[229] lagIterations[1] sspIterations[1] numSeparations[295] numCuts[0] compileTime[0] sspSolveTime[0] lpSolveTime[1977] lb[49] ub[55] size: [9776] time: [1983]
num vars: 31492
STATS - lpIterations[230] lagIterations[1] sspIterations[1] numSeparations[297] numCuts[0] compileTime[0] sspSolveTime[0] lpSolveTime[1983] lb[49] ub[55] size: [9778] time: [1989]
num vars: 32029
STATS - lpIterations[231] lagIterations[1] sspIterations[1] numSeparations[298] numCuts[0] compileTime[0] sspSolveTime[0] lpSolveTime[1988] lb[49] ub[55] size: [9780] time: [1995]
num vars: 30512
STATS - lpIterations[232] lagIterations[1] sspIterations[1] numSeparations[299] numCuts[0] compileTime[0] sspSolveTime[0] lpSolveTime[1994] lb[49] ub[55] size: [9780] time: [2001]
num vars: 32797
STATS - lpIterations[233] lagIterations[1] sspIterations[1] numSeparations[300] numCuts[0] compileTime[0] sspSolveTime[0] lpSolveTime[1999] lb[49] ub[55] size: [9780] time: [2006]
num vars: 30288
STATS - lpIterations[234] lagIterations[1] sspIterations[1] numSeparations[301] numCuts[0] compileTime[0] sspSolveTime[0] lpSolveTime[2004] lb[49] ub[55] size: [9780] time: [2010]
num vars: 29736
STATS - lpIterations[235] lagIterations[1] sspIterations[1] numSeparations[303] numCuts[0] compileTime[0] sspSolveTime[0] lpSolveTime[2011] lb[49] ub[55] size: [9780] time: [2017]
num vars: 29875
STATS - lpIterations[236] lagIterations[1] sspIterations[1] numSeparations[304] numCuts[0] compileTime[0] sspSolveTime[0] lpSolveTime[2016] lb[49] ub[55] size: [9782] time: [2023]
num vars: 27300
STATS - lpIterations[237] lagIterations[1] sspIterations[1] numSeparations[306] numCuts[0] compileTime[0] sspSolveTime[0] lpSolveTime[2023] lb[49] ub[55] size: [9782] time: [2029]
num vars: 29820
STATS - lpIterations[238] lagIterations[1] sspIterations[1] numSeparations[307] numCuts[0] compileTime[0] sspSolveTime[0] lpSolveTime[2027] lb[49] ub[55] size: [9784] time: [2033]
num vars: 29932
STATS - lpIterations[239] lagIterations[1] sspIterations[1] numSeparations[308] numCuts[0] compileTime[0] sspSolveTime[0] lpSolveTime[2032] lb[49] ub[55] size: [9786] time: [2038]
num vars: 30504
STATS - lpIterations[240] lagIterations[1] sspIterations[1] numSeparations[309] numCuts[0] compileTime[0] sspSolveTime[0] lpSolveTime[2038] lb[49] ub[55] size: [9788] time: [2045]
num vars: 29720
STATS - lpIterations[241] lagIterations[1] sspIterations[1] numSeparations[310] numCuts[0] compileTime[0] sspSolveTime[0] lpSolveTime[2043] lb[49] ub[55] size: [9788] time: [2050]
num vars: 28585
STATS - lpIterations[242] lagIterations[1] sspIterations[1] numSeparations[311] numCuts[0] compileTime[0] sspSolveTime[0] lpSolveTime[2048] lb[49] ub[55] size: [9790] time: [2055]
num vars: 30253
STATS - lpIterations[243] lagIterations[1] sspIterations[1] numSeparations[312] numCuts[0] compileTime[0] sspSolveTime[0] lpSolveTime[2054] lb[49] ub[55] size: [9790] time: [2060]
num vars: 28934
STATS - lpIterations[244] lagIterations[1] sspIterations[1] numSeparations[313] numCuts[0] compileTime[0] sspSolveTime[0] lpSolveTime[2061] lb[49] ub[55] size: [9790] time: [2067]
num vars: 28971
STATS - lpIterations[245] lagIterations[1] sspIterations[1] numSeparations[314] numCuts[0] compileTime[0] sspSolveTime[0] lpSolveTime[2067] lb[49] ub[55] size: [9790] time: [2074]
num vars: 30172
STATS - lpIterations[246] lagIterations[1] sspIterations[1] numSeparations[315] numCuts[0] compileTime[0] sspSolveTime[0] lpSolveTime[2073] lb[49] ub[55] size: [9792] time: [2080]
num vars: 31907
STATS - lpIterations[247] lagIterations[1] sspIterations[1] numSeparations[317] numCuts[0] compileTime[0] sspSolveTime[0] lpSolveTime[2080] lb[49] ub[55] size: [9792] time: [2086]
num vars: 31948
STATS - lpIterations[248] lagIterations[1] sspIterations[1] numSeparations[318] numCuts[0] compileTime[0] sspSolveTime[0] lpSolveTime[2085] lb[49] ub[55] size: [9794] time: [2092]
num vars: 29569
STATS - lpIterations[249] lagIterations[1] sspIterations[1] numSeparations[319] numCuts[0] compileTime[0] sspSolveTime[0] lpSolveTime[2090] lb[49] ub[55] size: [9794] time: [2097]
num vars: 28204
STATS - lpIterations[250] lagIterations[1] sspIterations[1] numSeparations[320] numCuts[0] compileTime[0] sspSolveTime[0] lpSolveTime[2096] lb[49] ub[55] size: [9794] time: [2103]
num vars: 28389
STATS - lpIterations[251] lagIterations[1] sspIterations[1] numSeparations[321] numCuts[0] compileTime[0] sspSolveTime[0] lpSolveTime[2102] lb[49] ub[55] size: [9796] time: [2109]
num vars: 31936
STATS - lpIterations[252] lagIterations[1] sspIterations[1] numSeparations[322] numCuts[0] compileTime[0] sspSolveTime[0] lpSolveTime[2108] lb[49] ub[55] size: [9798] time: [2114]
num vars: 31453
STATS - lpIterations[253] lagIterations[1] sspIterations[1] numSeparations[323] numCuts[0] compileTime[0] sspSolveTime[0] lpSolveTime[2113] lb[49] ub[55] size: [9798] time: [2120]
num vars: 29228
STATS - lpIterations[254] lagIterations[1] sspIterations[1] numSeparations[324] numCuts[0] compileTime[0] sspSolveTime[0] lpSolveTime[2118] lb[49] ub[55] size: [9798] time: [2125]
num vars: 29591
STATS - lpIterations[255] lagIterations[1] sspIterations[1] numSeparations[325] numCuts[0] compileTime[0] sspSolveTime[0] lpSolveTime[2123] lb[49] ub[55] size: [9798] time: [2130]
num vars: 29668
STATS - lpIterations[256] lagIterations[1] sspIterations[1] numSeparations[326] numCuts[0] compileTime[0] sspSolveTime[0] lpSolveTime[2129] lb[49] ub[55] size: [9798] time: [2136]
num vars: 27589
STATS - lpIterations[257] lagIterations[1] sspIterations[1] numSeparations[327] numCuts[0] compileTime[0] sspSolveTime[0] lpSolveTime[2136] lb[49] ub[55] size: [9798] time: [2143]
num vars: 29433
STATS - lpIterations[258] lagIterations[1] sspIterations[1] numSeparations[328] numCuts[0] compileTime[0] sspSolveTime[0] lpSolveTime[2142] lb[49] ub[55] size: [9800] time: [2149]
num vars: 27548
STATS - lpIterations[259] lagIterations[1] sspIterations[1] numSeparations[329] numCuts[0] compileTime[0] sspSolveTime[0] lpSolveTime[2147] lb[49] ub[55] size: [9802] time: [2154]
num vars: 29996
STATS - lpIterations[260] lagIterations[1] sspIterations[1] numSeparations[330] numCuts[0] compileTime[0] sspSolveTime[0] lpSolveTime[2153] lb[49] ub[55] size: [9804] time: [2160]
num vars: 30744
STATS - lpIterations[261] lagIterations[1] sspIterations[1] numSeparations[331] numCuts[0] compileTime[0] sspSolveTime[0] lpSolveTime[2158] lb[49] ub[55] size: [9806] time: [2165]
num vars: 31789
STATS - lpIterations[262] lagIterations[1] sspIterations[1] numSeparations[332] numCuts[0] compileTime[0] sspSolveTime[0] lpSolveTime[2166] lb[49] ub[55] size: [9808] time: [2173]
num vars: 29051
STATS - lpIterations[263] lagIterations[1] sspIterations[1] numSeparations[333] numCuts[0] compileTime[0] sspSolveTime[0] lpSolveTime[2171] lb[49] ub[55] size: [9810] time: [2178]
num vars: 26592
STATS - lpIterations[264] lagIterations[1] sspIterations[1] numSeparations[334] numCuts[0] compileTime[0] sspSolveTime[0] lpSolveTime[2175] lb[49] ub[55] size: [9812] time: [2183]
num vars: 29516
STATS - lpIterations[265] lagIterations[1] sspIterations[1] numSeparations[335] numCuts[0] compileTime[0] sspSolveTime[0] lpSolveTime[2180] lb[49] ub[55] size: [9814] time: [2187]
num vars: 31838
STATS - lpIterations[266] lagIterations[1] sspIterations[1] numSeparations[336] numCuts[0] compileTime[0] sspSolveTime[0] lpSolveTime[2186] lb[49] ub[55] size: [9816] time: [2193]
num vars: 28677
STATS - lpIterations[267] lagIterations[1] sspIterations[1] numSeparations[337] numCuts[0] compileTime[0] sspSolveTime[0] lpSolveTime[2191] lb[49] ub[55] size: [9818] time: [2199]
num vars: 29691
STATS - lpIterations[268] lagIterations[1] sspIterations[1] numSeparations[338] numCuts[0] compileTime[0] sspSolveTime[0] lpSolveTime[2198] lb[49] ub[55] size: [9818] time: [2206]
num vars: 29893
STATS - lpIterations[269] lagIterations[1] sspIterations[1] numSeparations[339] numCuts[0] compileTime[0] sspSolveTime[0] lpSolveTime[2205] lb[49] ub[55] size: [9818] time: [2212]
num vars: 30765
STATS - lpIterations[270] lagIterations[1] sspIterations[1] numSeparations[341] numCuts[0] compileTime[0] sspSolveTime[0] lpSolveTime[2211] lb[49] ub[55] size: [9818] time: [2219]
num vars: 28466
STATS - lpIterations[271] lagIterations[1] sspIterations[1] numSeparations[342] numCuts[0] compileTime[0] sspSolveTime[0] lpSolveTime[2217] lb[49] ub[55] size: [9818] time: [2225]
num vars: 29550
STATS - lpIterations[272] lagIterations[1] sspIterations[1] numSeparations[343] numCuts[0] compileTime[0] sspSolveTime[0] lpSolveTime[2222] lb[49] ub[55] size: [9818] time: [2229]
num vars: 32196
STATS - lpIterations[273] lagIterations[1] sspIterations[1] numSeparations[344] numCuts[0] compileTime[0] sspSolveTime[0] lpSolveTime[2228] lb[49] ub[55] size: [9818] time: [2235]
num vars: 29664
STATS - lpIterations[274] lagIterations[1] sspIterations[1] numSeparations[346] numCuts[0] compileTime[0] sspSolveTime[0] lpSolveTime[2233] lb[49] ub[55] size: [9818] time: [2241]
num vars: 32787
STATS - lpIterations[275] lagIterations[1] sspIterations[1] numSeparations[347] numCuts[0] compileTime[0] sspSolveTime[0] lpSolveTime[2239] lb[49] ub[55] size: [9820] time: [2247]
num vars: 29938
STATS - lpIterations[276] lagIterations[1] sspIterations[1] numSeparations[348] numCuts[0] compileTime[0] sspSolveTime[0] lpSolveTime[2245] lb[49] ub[55] size: [9820] time: [2252]
num vars: 30676
STATS - lpIterations[277] lagIterations[1] sspIterations[1] numSeparations[349] numCuts[0] compileTime[0] sspSolveTime[0] lpSolveTime[2251] lb[49] ub[55] size: [9820] time: [2259]
num vars: 27728
STATS - lpIterations[278] lagIterations[1] sspIterations[1] numSeparations[350] numCuts[0] compileTime[0] sspSolveTime[0] lpSolveTime[2257] lb[49] ub[55] size: [9820] time: [2264]
num vars: 27819
STATS - lpIterations[279] lagIterations[1] sspIterations[1] numSeparations[352] numCuts[0] compileTime[0] sspSolveTime[0] lpSolveTime[2261] lb[49] ub[55] size: [9820] time: [2269]
num vars: 28379
STATS - lpIterations[280] lagIterations[1] sspIterations[1] numSeparations[353] numCuts[0] compileTime[0] sspSolveTime[0] lpSolveTime[2266] lb[49] ub[55] size: [9820] time: [2273]
num vars: 29422
STATS - lpIterations[281] lagIterations[1] sspIterations[1] numSeparations[354] numCuts[0] compileTime[0] sspSolveTime[0] lpSolveTime[2273] lb[49] ub[55] size: [9820] time: [2280]
num vars: 31956
STATS - lpIterations[282] lagIterations[1] sspIterations[1] numSeparations[355] numCuts[0] compileTime[0] sspSolveTime[0] lpSolveTime[2278] lb[49] ub[55] size: [9820] time: [2285]
num vars: 30881
STATS - lpIterations[283] lagIterations[1] sspIterations[1] numSeparations[356] numCuts[0] compileTime[0] sspSolveTime[0] lpSolveTime[2285] lb[49.25] ub[55] size: [9820] time: [2293]
num vars: 24742
STATS - lpIterations[284] lagIterations[1] sspIterations[1] numSeparations[359] numCuts[0] compileTime[0] sspSolveTime[0] lpSolveTime[2290] lb[49.3333] ub[55] size: [9821] time: [2298]
num vars: 24276
STATS - lpIterations[285] lagIterations[1] sspIterations[1] numSeparations[362] numCuts[0] compileTime[0] sspSolveTime[0] lpSolveTime[2294] lb[49.3333] ub[55] size: [9822] time: [2302]
num vars: 26564
STATS - lpIterations[286] lagIterations[1] sspIterations[1] numSeparations[364] numCuts[0] compileTime[0] sspSolveTime[0] lpSolveTime[2300] lb[50] ub[55] size: [9822] time: [2308]
num vars: 21302
STATS - lpIterations[287] lagIterations[1] sspIterations[1] numSeparations[365] numCuts[0] compileTime[0] sspSolveTime[0] lpSolveTime[2303] lb[50] ub[55] size: [9823] time: [2311]
num vars: 22456
STATS - lpIterations[288] lagIterations[1] sspIterations[1] numSeparations[366] numCuts[0] compileTime[0] sspSolveTime[0] lpSolveTime[2306] lb[50] ub[55] size: [9824] time: [2314]
num vars: 20798
STATS - lpIterations[289] lagIterations[1] sspIterations[1] numSeparations[367] numCuts[0] compileTime[0] sspSolveTime[0] lpSolveTime[2309] lb[50] ub[55] size: [9825] time: [2317]
num vars: 21109
STATS - lpIterations[290] lagIterations[1] sspIterations[1] numSeparations[368] numCuts[0] compileTime[0] sspSolveTime[0] lpSolveTime[2313] lb[50] ub[55] size: [9826] time: [2321]
num vars: 22881
STATS - lpIterations[291] lagIterations[1] sspIterations[1] numSeparations[369] numCuts[0] compileTime[0] sspSolveTime[0] lpSolveTime[2317] lb[50] ub[55] size: [9827] time: [2325]
num vars: 19947
STATS - lpIterations[292] lagIterations[1] sspIterations[1] numSeparations[370] numCuts[0] compileTime[0] sspSolveTime[0] lpSolveTime[2321] lb[50] ub[55] size: [9828] time: [2329]
num vars: 23310
STATS - lpIterations[293] lagIterations[1] sspIterations[1] numSeparations[371] numCuts[0] compileTime[0] sspSolveTime[0] lpSolveTime[2325] lb[50] ub[55] size: [9829] time: [2333]
num vars: 20502
STATS - lpIterations[294] lagIterations[1] sspIterations[1] numSeparations[372] numCuts[0] compileTime[0] sspSolveTime[0] lpSolveTime[2329] lb[50] ub[55] size: [9829] time: [2338]
num vars: 20363
STATS - lpIterations[295] lagIterations[1] sspIterations[1] numSeparations[373] numCuts[0] compileTime[0] sspSolveTime[0] lpSolveTime[2332] lb[50] ub[55] size: [9831] time: [2341]
num vars: 20794
STATS - lpIterations[296] lagIterations[1] sspIterations[1] numSeparations[374] numCuts[0] compileTime[0] sspSolveTime[0] lpSolveTime[2335] lb[50] ub[55] size: [9832] time: [2343]
num vars: 19988
STATS - lpIterations[297] lagIterations[1] sspIterations[1] numSeparations[376] numCuts[0] compileTime[0] sspSolveTime[0] lpSolveTime[2339] lb[50] ub[55] size: [9834] time: [2347]
num vars: 20812
STATS - lpIterations[298] lagIterations[1] sspIterations[1] numSeparations[377] numCuts[0] compileTime[0] sspSolveTime[0] lpSolveTime[2342] lb[50] ub[55] size: [9835] time: [2351]
num vars: 22449
STATS - lpIterations[299] lagIterations[1] sspIterations[1] numSeparations[378] numCuts[0] compileTime[0] sspSolveTime[0] lpSolveTime[2347] lb[50] ub[55] size: [9836] time: [2355]
num vars: 21445
STATS - lpIterations[300] lagIterations[1] sspIterations[1] numSeparations[379] numCuts[0] compileTime[0] sspSolveTime[0] lpSolveTime[2350] lb[50] ub[55] size: [9838] time: [2358]
num vars: 20965
STATS - lpIterations[301] lagIterations[1] sspIterations[1] numSeparations[380] numCuts[0] compileTime[0] sspSolveTime[0] lpSolveTime[2352] lb[50] ub[55] size: [9839] time: [2361]
num vars: 20799
STATS - lpIterations[302] lagIterations[1] sspIterations[1] numSeparations[381] numCuts[0] compileTime[0] sspSolveTime[0] lpSolveTime[2356] lb[50] ub[55] size: [9840] time: [2364]
num vars: 20808
STATS - lpIterations[303] lagIterations[1] sspIterations[1] numSeparations[382] numCuts[0] compileTime[0] sspSolveTime[0] lpSolveTime[2359] lb[50] ub[55] size: [9840] time: [2368]
num vars: 22405
STATS - lpIterations[304] lagIterations[1] sspIterations[1] numSeparations[383] numCuts[0] compileTime[0] sspSolveTime[0] lpSolveTime[2363] lb[50] ub[55] size: [9841] time: [2371]
num vars: 19894
STATS - lpIterations[305] lagIterations[1] sspIterations[1] numSeparations[384] numCuts[0] compileTime[0] sspSolveTime[0] lpSolveTime[2365] lb[50] ub[55] size: [9841] time: [2374]
num vars: 19960
STATS - lpIterations[306] lagIterations[1] sspIterations[1] numSeparations[385] numCuts[0] compileTime[0] sspSolveTime[0] lpSolveTime[2369] lb[50.4615] ub[55] size: [9842] time: [2378]
num vars: 19890
STATS - lpIterations[307] lagIterations[1] sspIterations[1] numSeparations[390] numCuts[0] compileTime[0] sspSolveTime[0] lpSolveTime[2376] lb[50.4615] ub[55] size: [9850] time: [2384]
num vars: 19010
STATS - lpIterations[308] lagIterations[1] sspIterations[1] numSeparations[395] numCuts[0] compileTime[0] sspSolveTime[0] lpSolveTime[2381] lb[50.5714] ub[55] size: [9853] time: [2390]
num vars: 18807
STATS - lpIterations[309] lagIterations[1] sspIterations[1] numSeparations[400] numCuts[0] compileTime[0] sspSolveTime[0] lpSolveTime[2386] lb[50.6] ub[55] size: [9858] time: [2395]
num vars: 19404
STATS - lpIterations[310] lagIterations[1] sspIterations[1] numSeparations[405] numCuts[0] compileTime[0] sspSolveTime[0] lpSolveTime[2392] lb[51.0769] ub[55] size: [9862] time: [2401]
num vars: 17014
STATS - lpIterations[311] lagIterations[1] sspIterations[1] numSeparations[412] numCuts[0] compileTime[0] sspSolveTime[0] lpSolveTime[2397] lb[51.1] ub[55] size: [9869] time: [2406]
num vars: 17463
STATS - lpIterations[312] lagIterations[1] sspIterations[1] numSeparations[417] numCuts[0] compileTime[0] sspSolveTime[0] lpSolveTime[2402] lb[51.1] ub[55] size: [9874] time: [2411]
num vars: 17522
STATS - lpIterations[313] lagIterations[1] sspIterations[1] numSeparations[423] numCuts[0] compileTime[0] sspSolveTime[0] lpSolveTime[2406] lb[51.1] ub[55] size: [9879] time: [2415]
num vars: 17345
STATS - lpIterations[314] lagIterations[1] sspIterations[1] numSeparations[431] numCuts[0] compileTime[0] sspSolveTime[0] lpSolveTime[2411] lb[51.1] ub[55] size: [9885] time: [2420]
num vars: 17143
STATS - lpIterations[315] lagIterations[1] sspIterations[1] numSeparations[436] numCuts[0] compileTime[0] sspSolveTime[0] lpSolveTime[2416] lb[51.1429] ub[55] size: [9888] time: [2425]
num vars: 16098
STATS - lpIterations[316] lagIterations[1] sspIterations[1] numSeparations[441] numCuts[0] compileTime[0] sspSolveTime[0] lpSolveTime[2422] lb[51.1667] ub[55] size: [9891] time: [2431]
num vars: 16296
STATS - lpIterations[317] lagIterations[1] sspIterations[1] numSeparations[445] numCuts[0] compileTime[0] sspSolveTime[0] lpSolveTime[2426] lb[51.7273] ub[55] size: [9896] time: [2435]
num vars: 15677
STATS - lpIterations[318] lagIterations[1] sspIterations[1] numSeparations[451] numCuts[0] compileTime[0] sspSolveTime[0] lpSolveTime[2430] lb[51.75] ub[55] size: [9901] time: [2439]
num vars: 14174
STATS - lpIterations[319] lagIterations[1] sspIterations[1] numSeparations[459] numCuts[0] compileTime[0] sspSolveTime[0] lpSolveTime[2434] lb[51.7619] ub[55] size: [9905] time: [2443]
num vars: 13645
STATS - lpIterations[320] lagIterations[1] sspIterations[1] numSeparations[466] numCuts[0] compileTime[0] sspSolveTime[0] lpSolveTime[2437] lb[52] ub[55] size: [9909] time: [2446]
num vars: 15960
ERROR - lower bound not monotonically increasing!!!
STATS - lpIterations[321] lagIterations[1] sspIterations[1] numSeparations[470] numCuts[0] compileTime[0] sspSolveTime[0] lpSolveTime[2441] lb[51.8049] ub[55] size: [9918] time: [2450]
num vars: 12944
STATS - lpIterations[322] lagIterations[1] sspIterations[1] numSeparations[479] numCuts[0] compileTime[0] sspSolveTime[0] lpSolveTime[2444] lb[52] ub[55] size: [9923] time: [2453]
num vars: 15138
STATS - lpIterations[323] lagIterations[1] sspIterations[1] numSeparations[487] numCuts[0] compileTime[0] sspSolveTime[0] lpSolveTime[2447] lb[52] ub[55] size: [9931] time: [2456]
num vars: 14457
STATS - lpIterations[324] lagIterations[1] sspIterations[1] numSeparations[488] numCuts[0] compileTime[0] sspSolveTime[0] lpSolveTime[2450] lb[52] ub[55] size: [9931] time: [2459]
num vars: 12418
STATS - lpIterations[325] lagIterations[1] sspIterations[1] numSeparations[489] numCuts[0] compileTime[0] sspSolveTime[0] lpSolveTime[2452] lb[52] ub[55] size: [9931] time: [2461]
num vars: 13410
STATS - lpIterations[326] lagIterations[1] sspIterations[1] numSeparations[490] numCuts[0] compileTime[0] sspSolveTime[0] lpSolveTime[2454] lb[52] ub[55] size: [9931] time: [2464]
num vars: 13354
STATS - lpIterations[327] lagIterations[1] sspIterations[1] numSeparations[491] numCuts[0] compileTime[0] sspSolveTime[0] lpSolveTime[2457] lb[52] ub[55] size: [9931] time: [2466]
num vars: 13563
STATS - lpIterations[328] lagIterations[1] sspIterations[1] numSeparations[492] numCuts[0] compileTime[0] sspSolveTime[0] lpSolveTime[2460] lb[52.0625] ub[55] size: [9931] time: [2469]
num vars: 12612
STATS - lpIterations[329] lagIterations[1] sspIterations[1] numSeparations[499] numCuts[0] compileTime[0] sspSolveTime[0] lpSolveTime[2463] lb[52.0625] ub[55] size: [9934] time: [2472]
num vars: 11133
STATS - lpIterations[330] lagIterations[1] sspIterations[1] numSeparations[509] numCuts[0] compileTime[0] sspSolveTime[0] lpSolveTime[2465] lb[52.25] ub[55] size: [9943] time: [2474]
num vars: 13001
STATS - lpIterations[331] lagIterations[1] sspIterations[1] numSeparations[513] numCuts[0] compileTime[0] sspSolveTime[0] lpSolveTime[2468] lb[52.25] ub[55] size: [9945] time: [2477]
num vars: 12586
STATS - lpIterations[332] lagIterations[1] sspIterations[1] numSeparations[521] numCuts[0] compileTime[0] sspSolveTime[0] lpSolveTime[2470] lb[52.25] ub[55] size: [9953] time: [2480]
num vars: 11964
STATS - lpIterations[333] lagIterations[1] sspIterations[1] numSeparations[526] numCuts[0] compileTime[0] sspSolveTime[0] lpSolveTime[2472] lb[52.3333] ub[55] size: [9965] time: [2482]
num vars: 12619
STATS - lpIterations[334] lagIterations[1] sspIterations[1] numSeparations[529] numCuts[0] compileTime[0] sspSolveTime[0] lpSolveTime[2474] lb[52.3333] ub[55] size: [9973] time: [2484]
num vars: 12842
STATS - lpIterations[335] lagIterations[1] sspIterations[1] numSeparations[533] numCuts[0] compileTime[0] sspSolveTime[0] lpSolveTime[2477] lb[52.3333] ub[55] size: [9984] time: [2486]
num vars: 13342
STATS - lpIterations[336] lagIterations[1] sspIterations[1] numSeparations[536] numCuts[0] compileTime[0] sspSolveTime[0] lpSolveTime[2480] lb[52.3333] ub[55] size: [9986] time: [2489]
num vars: 12901
STATS - lpIterations[337] lagIterations[1] sspIterations[1] numSeparations[541] numCuts[0] compileTime[0] sspSolveTime[0] lpSolveTime[2482] lb[52.3333] ub[55] size: [9989] time: [2492]
num vars: 12681
STATS - lpIterations[338] lagIterations[1] sspIterations[1] numSeparations[545] numCuts[0] compileTime[0] sspSolveTime[0] lpSolveTime[2485] lb[52.3333] ub[55] size: [9991] time: [2494]
num vars: 13138
STATS - lpIterations[339] lagIterations[1] sspIterations[1] numSeparations[548] numCuts[0] compileTime[0] sspSolveTime[0] lpSolveTime[2488] lb[52.3333] ub[55] size: [9995] time: [2497]
num vars: 12508
STATS - lpIterations[340] lagIterations[1] sspIterations[1] numSeparations[551] numCuts[0] compileTime[0] sspSolveTime[0] lpSolveTime[2490] lb[52.3333] ub[55] size: [9996] time: [2500]
num vars: 12393
STATS - lpIterations[341] lagIterations[1] sspIterations[1] numSeparations[555] numCuts[0] compileTime[0] sspSolveTime[0] lpSolveTime[2493] lb[53] ub[55] size: [10003] time: [2503]
num vars: 10637
STATS - lpIterations[342] lagIterations[1] sspIterations[1] numSeparations[562] numCuts[0] compileTime[0] sspSolveTime[0] lpSolveTime[2495] lb[53] ub[55] size: [10013] time: [2505]
num vars: 11141
STATS - lpIterations[343] lagIterations[1] sspIterations[1] numSeparations[567] numCuts[0] compileTime[0] sspSolveTime[0] lpSolveTime[2497] lb[53] ub[55] size: [10020] time: [2507]
num vars: 10346
STATS - lpIterations[344] lagIterations[1] sspIterations[1] numSeparations[572] numCuts[0] compileTime[0] sspSolveTime[0] lpSolveTime[2499] lb[53] ub[55] size: [10022] time: [2509]
num vars: 11891
STATS - lpIterations[345] lagIterations[1] sspIterations[1] numSeparations[573] numCuts[0] compileTime[0] sspSolveTime[0] lpSolveTime[2501] lb[53] ub[55] size: [10023] time: [2511]
num vars: 11776
STATS - lpIterations[346] lagIterations[1] sspIterations[1] numSeparations[574] numCuts[0] compileTime[0] sspSolveTime[0] lpSolveTime[2503] lb[53] ub[55] size: [10024] time: [2513]
num vars: 11287
STATS - lpIterations[347] lagIterations[1] sspIterations[1] numSeparations[575] numCuts[0] compileTime[0] sspSolveTime[0] lpSolveTime[2505] lb[53] ub[55] size: [10025] time: [2515]
num vars: 11774
STATS - lpIterations[348] lagIterations[1] sspIterations[1] numSeparations[576] numCuts[0] compileTime[0] sspSolveTime[0] lpSolveTime[2507] lb[53] ub[55] size: [10025] time: [2517]
num vars: 10812
STATS - lpIterations[349] lagIterations[1] sspIterations[1] numSeparations[577] numCuts[0] compileTime[0] sspSolveTime[0] lpSolveTime[2509] lb[53] ub[55] size: [10027] time: [2519]
num vars: 12105
STATS - lpIterations[350] lagIterations[1] sspIterations[1] numSeparations[578] numCuts[0] compileTime[0] sspSolveTime[0] lpSolveTime[2511] lb[53] ub[55] size: [10029] time: [2521]
num vars: 10679
STATS - lpIterations[351] lagIterations[1] sspIterations[1] numSeparations[579] numCuts[0] compileTime[0] sspSolveTime[0] lpSolveTime[2513] lb[53] ub[55] size: [10029] time: [2523]
num vars: 12254
STATS - lpIterations[352] lagIterations[1] sspIterations[1] numSeparations[580] numCuts[0] compileTime[0] sspSolveTime[0] lpSolveTime[2516] lb[53] ub[55] size: [10029] time: [2526]
num vars: 11203
STATS - lpIterations[353] lagIterations[1] sspIterations[1] numSeparations[581] numCuts[0] compileTime[0] sspSolveTime[0] lpSolveTime[2518] lb[53] ub[55] size: [10030] time: [2528]
num vars: 10903
STATS - lpIterations[354] lagIterations[1] sspIterations[1] numSeparations[582] numCuts[0] compileTime[0] sspSolveTime[0] lpSolveTime[2520] lb[53] ub[55] size: [10031] time: [2530]
num vars: 10659
STATS - lpIterations[355] lagIterations[1] sspIterations[1] numSeparations[583] numCuts[0] compileTime[0] sspSolveTime[0] lpSolveTime[2521] lb[53] ub[55] size: [10032] time: [2532]
num vars: 11151
STATS - lpIterations[356] lagIterations[1] sspIterations[1] numSeparations[584] numCuts[0] compileTime[0] sspSolveTime[0] lpSolveTime[2523] lb[53] ub[55] size: [10034] time: [2533]
num vars: 10456
STATS - lpIterations[357] lagIterations[1] sspIterations[1] numSeparations[585] numCuts[0] compileTime[0] sspSolveTime[0] lpSolveTime[2525] lb[53] ub[55] size: [10036] time: [2535]
num vars: 9946
STATS - lpIterations[358] lagIterations[1] sspIterations[1] numSeparations[586] numCuts[0] compileTime[0] sspSolveTime[0] lpSolveTime[2527] lb[53] ub[55] size: [10037] time: [2537]
num vars: 9791
STATS - lpIterations[359] lagIterations[1] sspIterations[1] numSeparations[587] numCuts[0] compileTime[0] sspSolveTime[0] lpSolveTime[2528] lb[53] ub[55] size: [10037] time: [2538]
num vars: 9628
STATS - lpIterations[360] lagIterations[1] sspIterations[1] numSeparations[588] numCuts[0] compileTime[0] sspSolveTime[0] lpSolveTime[2530] lb[53.5714] ub[55] size: [10038] time: [2540]
num vars: 8925
STATS - lpIterations[361] lagIterations[1] sspIterations[1] numSeparations[593] numCuts[0] compileTime[0] sspSolveTime[0] lpSolveTime[2532] lb[53.6667] ub[55] size: [10039] time: [2543]
num vars: 8060
STATS - lpIterations[362] lagIterations[1] sspIterations[1] numSeparations[596] numCuts[0] compileTime[0] sspSolveTime[0] lpSolveTime[2534] lb[53.8] ub[55] size: [10041] time: [2544]
num vars: 12536
ERROR - lower bound not monotonically increasing!!!
STATS - lpIterations[363] lagIterations[1] sspIterations[1] numSeparations[602] numCuts[0] compileTime[0] sspSolveTime[0] lpSolveTime[2537] lb[53.6667] ub[55] size: [10043] time: [2548]
num vars: 7924
STATS - lpIterations[364] lagIterations[1] sspIterations[1] numSeparations[605] numCuts[0] compileTime[0] sspSolveTime[0] lpSolveTime[2539] lb[53.8947] ub[55] size: [10047] time: [2549]
num vars: 11790
STATS - lpIterations[365] lagIterations[1] sspIterations[1] numSeparations[609] numCuts[0] compileTime[0] sspSolveTime[0] lpSolveTime[2541] lb[54.5714] ub[55] size: [10049] time: [2552]
num vars: 7188
STATS - lpIterations[366] lagIterations[1] sspIterations[1] numSeparations[613] numCuts[0] compileTime[0] sspSolveTime[0] lpSolveTime[2542] lb[55] ub[55] size: [10050] time: [2553]
num vars: 30136
ERROR - lower bound not monotonically increasing!!!
STATS - lpIterations[367] lagIterations[1] sspIterations[1] numSeparations[614] numCuts[0] compileTime[0] sspSolveTime[0] lpSolveTime[2555] lb[54.6667] ub[55] size: [10050] time: [2565]
num vars: 7307
STATS - lpIterations[368] lagIterations[1] sspIterations[1] numSeparations[620] numCuts[0] compileTime[0] sspSolveTime[0] lpSolveTime[2556] lb[55] ub[55] size: [10052] time: [2567]
STATS - lpIterations[368] lagIterations[1] sspIterations[1] numSeparations[625] numCuts[0] compileTime[0] sspSolveTime[0] lpSolveTime[2556] lb[55] ub[55] size: [10053] time: [2567]
finished solving - complete
time elapsed: 2567
