num loc: 101
hgs upper bound: 76103
compiling dd
time step mult: 1
time step: 1
cap step: 1
start compiling DD
add terminal node arcs
done compiling dd
STATS - lpIterations[1] lagIterations[0] sspIterations[0] numSeparations[0] numCuts[0] compileTime[137] sspSolveTime[0] lpSolveTime[0] lb[0] ub[76103] size: [187569] time: [137]
STATS - lpIterations[1] lagIterations[1] sspIterations[1] numSeparations[0] numCuts[0] compileTime[137] sspSolveTime[0] lpSolveTime[0] lb[17123.3] ub[76103] size: [187569] time: [138]
STATS - lpIterations[1] lagIterations[2] sspIterations[2] numSeparations[1] numCuts[0] compileTime[137] sspSolveTime[1] lpSolveTime[0] lb[17206.2] ub[76103] size: [187569] time: [140]
STATS - lpIterations[1] lagIterations[3] sspIterations[3] numSeparations[2] numCuts[0] compileTime[137] sspSolveTime[2] lpSolveTime[0] lb[18050.3] ub[76103] size: [187569] time: [141]
STATS - lpIterations[1] lagIterations[4] sspIterations[4] numSeparations[3] numCuts[0] compileTime[137] sspSolveTime[2] lpSolveTime[0] lb[18998.5] ub[76103] size: [187569] time: [143]
STATS - lpIterations[1] lagIterations[5] sspIterations[5] numSeparations[4] numCuts[0] compileTime[137] sspSolveTime[3] lpSolveTime[0] lb[19891.9] ub[76103] size: [187569] time: [144]
STATS - lpIterations[1] lagIterations[6] sspIterations[6] numSeparations[5] numCuts[0] compileTime[137] sspSolveTime[4] lpSolveTime[0] lb[20660.1] ub[76103] size: [187569] time: [146]
STATS - lpIterations[1] lagIterations[7] sspIterations[7] numSeparations[6] numCuts[0] compileTime[137] sspSolveTime[4] lpSolveTime[0] lb[20826.2] ub[76103] size: [187569] time: [147]
STATS - lpIterations[1] lagIterations[8] sspIterations[8] numSeparations[7] numCuts[0] compileTime[137] sspSolveTime[5] lpSolveTime[0] lb[20881] ub[76103] size: [187569] time: [149]
STATS - lpIterations[1] lagIterations[9] sspIterations[9] numSeparations[8] numCuts[0] compileTime[137] sspSolveTime[6] lpSolveTime[0] lb[21608.9] ub[76103] size: [187569] time: [150]
STATS - lpIterations[1] lagIterations[10] sspIterations[10] numSeparations[9] numCuts[0] compileTime[137] sspSolveTime[7] lpSolveTime[0] lb[21859.6] ub[76103] size: [187569] time: [152]
STATS - lpIterations[1] lagIterations[11] sspIterations[11] numSeparations[10] numCuts[0] compileTime[137] sspSolveTime[7] lpSolveTime[0] lb[21962.8] ub[76103] size: [187569] time: [153]
STATS - lpIterations[1] lagIterations[12] sspIterations[12] numSeparations[11] numCuts[0] compileTime[137] sspSolveTime[8] lpSolveTime[0] lb[22584.4] ub[76103] size: [187570] time: [155]
STATS - lpIterations[1] lagIterations[13] sspIterations[13] numSeparations[12] numCuts[0] compileTime[137] sspSolveTime[9] lpSolveTime[0] lb[22874.7] ub[76103] size: [187570] time: [157]
STATS - lpIterations[1] lagIterations[14] sspIterations[14] numSeparations[13] numCuts[0] compileTime[137] sspSolveTime[9] lpSolveTime[0] lb[22964] ub[76103] size: [187570] time: [158]
STATS - lpIterations[1] lagIterations[15] sspIterations[15] numSeparations[14] numCuts[0] compileTime[137] sspSolveTime[10] lpSolveTime[0] lb[23598.2] ub[76103] size: [187570] time: [160]
STATS - lpIterations[1] lagIterations[16] sspIterations[16] numSeparations[15] numCuts[0] compileTime[137] sspSolveTime[11] lpSolveTime[0] lb[23891] ub[76103] size: [187570] time: [161]
STATS - lpIterations[1] lagIterations[17] sspIterations[17] numSeparations[16] numCuts[0] compileTime[137] sspSolveTime[11] lpSolveTime[0] lb[23972.1] ub[76103] size: [187570] time: [163]
STATS - lpIterations[1] lagIterations[18] sspIterations[18] numSeparations[17] numCuts[0] compileTime[137] sspSolveTime[12] lpSolveTime[0] lb[24654.4] ub[76103] size: [187570] time: [164]
STATS - lpIterations[1] lagIterations[19] sspIterations[19] numSeparations[18] numCuts[0] compileTime[137] sspSolveTime[13] lpSolveTime[0] lb[24882.2] ub[76103] size: [187570] time: [166]
STATS - lpIterations[1] lagIterations[20] sspIterations[20] numSeparations[19] numCuts[0] compileTime[137] sspSolveTime[14] lpSolveTime[0] lb[24915.5] ub[76103] size: [187570] time: [167]
STATS - lpIterations[1] lagIterations[21] sspIterations[21] numSeparations[20] numCuts[0] compileTime[137] sspSolveTime[14] lpSolveTime[0] lb[25025.9] ub[76103] size: [187570] time: [169]
STATS - lpIterations[1] lagIterations[22] sspIterations[22] numSeparations[21] numCuts[0] compileTime[137] sspSolveTime[15] lpSolveTime[0] lb[25579.6] ub[76103] size: [187571] time: [171]
STATS - lpIterations[1] lagIterations[23] sspIterations[23] numSeparations[22] numCuts[0] compileTime[137] sspSolveTime[16] lpSolveTime[0] lb[25892.6] ub[76103] size: [187572] time: [172]
STATS - lpIterations[1] lagIterations[24] sspIterations[24] numSeparations[23] numCuts[0] compileTime[137] sspSolveTime[16] lpSolveTime[0] lb[26008] ub[76103] size: [187572] time: [174]
STATS - lpIterations[1] lagIterations[25] sspIterations[25] numSeparations[24] numCuts[0] compileTime[137] sspSolveTime[17] lpSolveTime[0] lb[26090.6] ub[76103] size: [187573] time: [175]
STATS - lpIterations[1] lagIterations[26] sspIterations[26] numSeparations[25] numCuts[0] compileTime[137] sspSolveTime[18] lpSolveTime[0] lb[26523.3] ub[76103] size: [187573] time: [177]
STATS - lpIterations[1] lagIterations[27] sspIterations[27] numSeparations[26] numCuts[0] compileTime[137] sspSolveTime[18] lpSolveTime[0] lb[26895.6] ub[76103] size: [187573] time: [178]
STATS - lpIterations[1] lagIterations[28] sspIterations[28] numSeparations[27] numCuts[0] compileTime[137] sspSolveTime[19] lpSolveTime[0] lb[27024.9] ub[76103] size: [187573] time: [180]
STATS - lpIterations[1] lagIterations[29] sspIterations[29] numSeparations[28] numCuts[0] compileTime[137] sspSolveTime[20] lpSolveTime[0] lb[27120.1] ub[76103] size: [187573] time: [181]
STATS - lpIterations[1] lagIterations[30] sspIterations[30] numSeparations[29] numCuts[0] compileTime[137] sspSolveTime[20] lpSolveTime[0] lb[27426.6] ub[76103] size: [187573] time: [183]
STATS - lpIterations[1] lagIterations[31] sspIterations[31] numSeparations[30] numCuts[0] compileTime[137] sspSolveTime[21] lpSolveTime[0] lb[27885.4] ub[76103] size: [187575] time: [184]
STATS - lpIterations[1] lagIterations[32] sspIterations[32] numSeparations[31] numCuts[0] compileTime[137] sspSolveTime[22] lpSolveTime[0] lb[28072.3] ub[76103] size: [187575] time: [186]
STATS - lpIterations[1] lagIterations[33] sspIterations[33] numSeparations[32] numCuts[0] compileTime[137] sspSolveTime[23] lpSolveTime[0] lb[28124.8] ub[76103] size: [187575] time: [187]
STATS - lpIterations[1] lagIterations[34] sspIterations[34] numSeparations[33] numCuts[0] compileTime[137] sspSolveTime[23] lpSolveTime[0] lb[28141.5] ub[76103] size: [187576] time: [189]
STATS - lpIterations[1] lagIterations[35] sspIterations[35] numSeparations[34] numCuts[0] compileTime[137] sspSolveTime[24] lpSolveTime[0] lb[28236.4] ub[76103] size: [187576] time: [191]
STATS - lpIterations[1] lagIterations[36] sspIterations[36] numSeparations[35] numCuts[0] compileTime[137] sspSolveTime[25] lpSolveTime[0] lb[28347.8] ub[76103] size: [187577] time: [192]
STATS - lpIterations[1] lagIterations[37] sspIterations[37] numSeparations[36] numCuts[0] compileTime[137] sspSolveTime[26] lpSolveTime[0] lb[28384] ub[76103] size: [187579] time: [194]
STATS - lpIterations[1] lagIterations[38] sspIterations[38] numSeparations[37] numCuts[0] compileTime[137] sspSolveTime[26] lpSolveTime[0] lb[28801.3] ub[76103] size: [187580] time: [196]
STATS - lpIterations[1] lagIterations[39] sspIterations[39] numSeparations[38] numCuts[0] compileTime[137] sspSolveTime[27] lpSolveTime[0] lb[29133.7] ub[76103] size: [187581] time: [197]
STATS - lpIterations[1] lagIterations[41] sspIterations[41] numSeparations[40] numCuts[0] compileTime[137] sspSolveTime[29] lpSolveTime[0] lb[29259.7] ub[76103] size: [187583] time: [200]
STATS - lpIterations[1] lagIterations[44] sspIterations[44] numSeparations[43] numCuts[0] compileTime[137] sspSolveTime[31] lpSolveTime[0] lb[29567.3] ub[76103] size: [187585] time: [205]
STATS - lpIterations[1] lagIterations[45] sspIterations[45] numSeparations[44] numCuts[0] compileTime[137] sspSolveTime[31] lpSolveTime[0] lb[29581.2] ub[76103] size: [187586] time: [207]
STATS - lpIterations[1] lagIterations[46] sspIterations[46] numSeparations[45] numCuts[0] compileTime[137] sspSolveTime[32] lpSolveTime[0] lb[30005.3] ub[76103] size: [187587] time: [208]
STATS - lpIterations[1] lagIterations[47] sspIterations[47] numSeparations[46] numCuts[0] compileTime[137] sspSolveTime[33] lpSolveTime[0] lb[30092] ub[76103] size: [187588] time: [210]
STATS - lpIterations[1] lagIterations[48] sspIterations[48] numSeparations[47] numCuts[0] compileTime[137] sspSolveTime[34] lpSolveTime[0] lb[30166.9] ub[76103] size: [187588] time: [211]
STATS - lpIterations[1] lagIterations[50] sspIterations[50] numSeparations[49] numCuts[0] compileTime[137] sspSolveTime[35] lpSolveTime[0] lb[30225] ub[76103] size: [187589] time: [215]
STATS - lpIterations[1] lagIterations[51] sspIterations[51] numSeparations[50] numCuts[0] compileTime[137] sspSolveTime[36] lpSolveTime[0] lb[30300.8] ub[76103] size: [187589] time: [216]
STATS - lpIterations[1] lagIterations[52] sspIterations[52] numSeparations[51] numCuts[0] compileTime[137] sspSolveTime[37] lpSolveTime[0] lb[30477.4] ub[76103] size: [187590] time: [218]
STATS - lpIterations[1] lagIterations[53] sspIterations[53] numSeparations[52] numCuts[0] compileTime[137] sspSolveTime[37] lpSolveTime[0] lb[30497.5] ub[76103] size: [187590] time: [220]
STATS - lpIterations[1] lagIterations[54] sspIterations[54] numSeparations[53] numCuts[0] compileTime[137] sspSolveTime[38] lpSolveTime[0] lb[31019] ub[76103] size: [187591] time: [221]
STATS - lpIterations[1] lagIterations[55] sspIterations[55] numSeparations[54] numCuts[0] compileTime[137] sspSolveTime[39] lpSolveTime[0] lb[31023] ub[76103] size: [187591] time: [223]
STATS - lpIterations[1] lagIterations[57] sspIterations[57] numSeparations[56] numCuts[0] compileTime[137] sspSolveTime[40] lpSolveTime[0] lb[31123.5] ub[76103] size: [187593] time: [226]
STATS - lpIterations[1] lagIterations[58] sspIterations[58] numSeparations[57] numCuts[0] compileTime[137] sspSolveTime[41] lpSolveTime[0] lb[31305.3] ub[76103] size: [187594] time: [228]
STATS - lpIterations[1] lagIterations[61] sspIterations[61] numSeparations[60] numCuts[0] compileTime[137] sspSolveTime[43] lpSolveTime[0] lb[31306.7] ub[76103] size: [187594] time: [232]
STATS - lpIterations[1] lagIterations[62] sspIterations[62] numSeparations[61] numCuts[0] compileTime[137] sspSolveTime[44] lpSolveTime[0] lb[31703.8] ub[76103] size: [187594] time: [234]
STATS - lpIterations[1] lagIterations[63] sspIterations[63] numSeparations[62] numCuts[0] compileTime[137] sspSolveTime[45] lpSolveTime[0] lb[31714.3] ub[76103] size: [187595] time: [235]
STATS - lpIterations[1] lagIterations[64] sspIterations[64] numSeparations[63] numCuts[0] compileTime[137] sspSolveTime[45] lpSolveTime[0] lb[31750] ub[76103] size: [187596] time: [237]
STATS - lpIterations[1] lagIterations[65] sspIterations[65] numSeparations[64] numCuts[0] compileTime[137] sspSolveTime[46] lpSolveTime[0] lb[32075.2] ub[76103] size: [187596] time: [239]
STATS - lpIterations[1] lagIterations[66] sspIterations[66] numSeparations[65] numCuts[0] compileTime[137] sspSolveTime[47] lpSolveTime[0] lb[32097.4] ub[76103] size: [187597] time: [240]
STATS - lpIterations[1] lagIterations[67] sspIterations[67] numSeparations[66] numCuts[0] compileTime[137] sspSolveTime[48] lpSolveTime[0] lb[32102.6] ub[76103] size: [187598] time: [242]
STATS - lpIterations[1] lagIterations[68] sspIterations[68] numSeparations[67] numCuts[0] compileTime[137] sspSolveTime[48] lpSolveTime[0] lb[32129.5] ub[76103] size: [187599] time: [243]
STATS - lpIterations[1] lagIterations[69] sspIterations[69] numSeparations[68] numCuts[0] compileTime[137] sspSolveTime[49] lpSolveTime[0] lb[32179.1] ub[76103] size: [187599] time: [245]
STATS - lpIterations[1] lagIterations[71] sspIterations[71] numSeparations[70] numCuts[0] compileTime[137] sspSolveTime[50] lpSolveTime[0] lb[32314.9] ub[76103] size: [187603] time: [248]
STATS - lpIterations[1] lagIterations[72] sspIterations[72] numSeparations[71] numCuts[0] compileTime[137] sspSolveTime[51] lpSolveTime[0] lb[32442.2] ub[76103] size: [187603] time: [250]
STATS - lpIterations[1] lagIterations[74] sspIterations[74] numSeparations[73] numCuts[0] compileTime[137] sspSolveTime[53] lpSolveTime[0] lb[32482.9] ub[76103] size: [187603] time: [253]
STATS - lpIterations[1] lagIterations[75] sspIterations[75] numSeparations[74] numCuts[0] compileTime[137] sspSolveTime[53] lpSolveTime[0] lb[32777.8] ub[76103] size: [187603] time: [254]
STATS - lpIterations[1] lagIterations[77] sspIterations[77] numSeparations[76] numCuts[0] compileTime[137] sspSolveTime[55] lpSolveTime[0] lb[32827.3] ub[76103] size: [187603] time: [258]
STATS - lpIterations[1] lagIterations[78] sspIterations[78] numSeparations[77] numCuts[0] compileTime[137] sspSolveTime[55] lpSolveTime[0] lb[32902.1] ub[76103] size: [187603] time: [259]
STATS - lpIterations[1] lagIterations[79] sspIterations[79] numSeparations[78] numCuts[0] compileTime[137] sspSolveTime[56] lpSolveTime[0] lb[32978] ub[76103] size: [187606] time: [261]
STATS - lpIterations[1] lagIterations[80] sspIterations[80] numSeparations[79] numCuts[0] compileTime[137] sspSolveTime[57] lpSolveTime[0] lb[33224.7] ub[76103] size: [187606] time: [262]
STATS - lpIterations[1] lagIterations[84] sspIterations[84] numSeparations[83] numCuts[0] compileTime[137] sspSolveTime[60] lpSolveTime[0] lb[33233.4] ub[76103] size: [187609] time: [269]
STATS - lpIterations[1] lagIterations[85] sspIterations[85] numSeparations[84] numCuts[0] compileTime[137] sspSolveTime[61] lpSolveTime[0] lb[33249.3] ub[76103] size: [187611] time: [270]
STATS - lpIterations[1] lagIterations[86] sspIterations[86] numSeparations[85] numCuts[0] compileTime[137] sspSolveTime[61] lpSolveTime[0] lb[33302.6] ub[76103] size: [187611] time: [272]
STATS - lpIterations[1] lagIterations[87] sspIterations[87] numSeparations[86] numCuts[0] compileTime[137] sspSolveTime[62] lpSolveTime[0] lb[33478.8] ub[76103] size: [187611] time: [273]
STATS - lpIterations[1] lagIterations[89] sspIterations[89] numSeparations[88] numCuts[0] compileTime[137] sspSolveTime[63] lpSolveTime[0] lb[33574.7] ub[76103] size: [187611] time: [277]
STATS - lpIterations[1] lagIterations[90] sspIterations[90] numSeparations[89] numCuts[0] compileTime[137] sspSolveTime[64] lpSolveTime[0] lb[33609.3] ub[76103] size: [187612] time: [278]
STATS - lpIterations[1] lagIterations[91] sspIterations[91] numSeparations[90] numCuts[0] compileTime[137] sspSolveTime[65] lpSolveTime[0] lb[33903] ub[76103] size: [187612] time: [280]
STATS - lpIterations[1] lagIterations[92] sspIterations[92] numSeparations[91] numCuts[0] compileTime[137] sspSolveTime[66] lpSolveTime[0] lb[33914.1] ub[76103] size: [187613] time: [281]
STATS - lpIterations[1] lagIterations[93] sspIterations[93] numSeparations[92] numCuts[0] compileTime[137] sspSolveTime[66] lpSolveTime[0] lb[33931.6] ub[76103] size: [187614] time: [283]
STATS - lpIterations[1] lagIterations[94] sspIterations[94] numSeparations[93] numCuts[0] compileTime[137] sspSolveTime[67] lpSolveTime[0] lb[33933.9] ub[76103] size: [187615] time: [285]
STATS - lpIterations[1] lagIterations[95] sspIterations[95] numSeparations[94] numCuts[0] compileTime[137] sspSolveTime[68] lpSolveTime[0] lb[33949.2] ub[76103] size: [187616] time: [286]
STATS - lpIterations[1] lagIterations[96] sspIterations[96] numSeparations[95] numCuts[0] compileTime[137] sspSolveTime[69] lpSolveTime[0] lb[34003.7] ub[76103] size: [187617] time: [288]
STATS - lpIterations[1] lagIterations[97] sspIterations[97] numSeparations[96] numCuts[0] compileTime[137] sspSolveTime[69] lpSolveTime[0] lb[34115.6] ub[76103] size: [187618] time: [290]
STATS - lpIterations[1] lagIterations[103] sspIterations[103] numSeparations[102] numCuts[0] compileTime[137] sspSolveTime[74] lpSolveTime[0] lb[34392] ub[76103] size: [187621] time: [299]
STATS - lpIterations[1] lagIterations[104] sspIterations[104] numSeparations[103] numCuts[0] compileTime[137] sspSolveTime[75] lpSolveTime[0] lb[34442.1] ub[76103] size: [187622] time: [301]
STATS - lpIterations[1] lagIterations[106] sspIterations[106] numSeparations[105] numCuts[0] compileTime[137] sspSolveTime[76] lpSolveTime[0] lb[34594.5] ub[76103] size: [187623] time: [304]
STATS - lpIterations[1] lagIterations[107] sspIterations[107] numSeparations[106] numCuts[0] compileTime[137] sspSolveTime[77] lpSolveTime[0] lb[34595] ub[76103] size: [187623] time: [306]
STATS - lpIterations[1] lagIterations[109] sspIterations[109] numSeparations[108] numCuts[0] compileTime[137] sspSolveTime[79] lpSolveTime[0] lb[34703.1] ub[76103] size: [187625] time: [309]
STATS - lpIterations[1] lagIterations[110] sspIterations[110] numSeparations[109] numCuts[0] compileTime[137] sspSolveTime[79] lpSolveTime[0] lb[34715.7] ub[76103] size: [187627] time: [311]
STATS - lpIterations[1] lagIterations[111] sspIterations[111] numSeparations[110] numCuts[0] compileTime[137] sspSolveTime[80] lpSolveTime[0] lb[34736] ub[76103] size: [187628] time: [313]
STATS - lpIterations[1] lagIterations[112] sspIterations[112] numSeparations[111] numCuts[0] compileTime[137] sspSolveTime[81] lpSolveTime[0] lb[34737.7] ub[76103] size: [187629] time: [314]
STATS - lpIterations[1] lagIterations[114] sspIterations[114] numSeparations[113] numCuts[0] compileTime[137] sspSolveTime[82] lpSolveTime[0] lb[34765.9] ub[76103] size: [187631] time: [317]
STATS - lpIterations[1] lagIterations[115] sspIterations[115] numSeparations[114] numCuts[0] compileTime[137] sspSolveTime[83] lpSolveTime[0] lb[34814.1] ub[76103] size: [187632] time: [319]
STATS - lpIterations[1] lagIterations[116] sspIterations[116] numSeparations[115] numCuts[0] compileTime[137] sspSolveTime[84] lpSolveTime[0] lb[34918.8] ub[76103] size: [187632] time: [320]
STATS - lpIterations[1] lagIterations[118] sspIterations[118] numSeparations[117] numCuts[0] compileTime[137] sspSolveTime[85] lpSolveTime[0] lb[35005] ub[76103] size: [187634] time: [324]
STATS - lpIterations[1] lagIterations[121] sspIterations[121] numSeparations[120] numCuts[0] compileTime[137] sspSolveTime[87] lpSolveTime[0] lb[35081.5] ub[76103] size: [187635] time: [328]
STATS - lpIterations[1] lagIterations[122] sspIterations[122] numSeparations[121] numCuts[0] compileTime[137] sspSolveTime[88] lpSolveTime[0] lb[35137.2] ub[76103] size: [187636] time: [330]
STATS - lpIterations[1] lagIterations[123] sspIterations[123] numSeparations[122] numCuts[0] compileTime[137] sspSolveTime[89] lpSolveTime[0] lb[35181.9] ub[76103] size: [187636] time: [332]
STATS - lpIterations[1] lagIterations[124] sspIterations[124] numSeparations[123] numCuts[0] compileTime[137] sspSolveTime[90] lpSolveTime[0] lb[35346.1] ub[76103] size: [187637] time: [333]
STATS - lpIterations[1] lagIterations[125] sspIterations[125] numSeparations[124] numCuts[0] compileTime[137] sspSolveTime[90] lpSolveTime[0] lb[35373.9] ub[76103] size: [187637] time: [335]
STATS - lpIterations[1] lagIterations[126] sspIterations[126] numSeparations[125] numCuts[0] compileTime[137] sspSolveTime[91] lpSolveTime[0] lb[35389] ub[76103] size: [187639] time: [336]
STATS - lpIterations[1] lagIterations[129] sspIterations[129] numSeparations[128] numCuts[0] compileTime[137] sspSolveTime[93] lpSolveTime[0] lb[35458.7] ub[76103] size: [187645] time: [341]
STATS - lpIterations[1] lagIterations[130] sspIterations[130] numSeparations[129] numCuts[0] compileTime[137] sspSolveTime[94] lpSolveTime[0] lb[35523.4] ub[76103] size: [187646] time: [343]
STATS - lpIterations[1] lagIterations[131] sspIterations[131] numSeparations[130] numCuts[0] compileTime[137] sspSolveTime[95] lpSolveTime[0] lb[35617] ub[76103] size: [187647] time: [345]
STATS - lpIterations[1] lagIterations[132] sspIterations[132] numSeparations[131] numCuts[0] compileTime[137] sspSolveTime[96] lpSolveTime[0] lb[35647] ub[76103] size: [187648] time: [346]
STATS - lpIterations[1] lagIterations[134] sspIterations[134] numSeparations[133] numCuts[0] compileTime[137] sspSolveTime[97] lpSolveTime[0] lb[35669] ub[76103] size: [187648] time: [350]
STATS - lpIterations[1] lagIterations[138] sspIterations[138] numSeparations[137] numCuts[0] compileTime[137] sspSolveTime[100] lpSolveTime[0] lb[35676.9] ub[76103] size: [187650] time: [356]
STATS - lpIterations[1] lagIterations[140] sspIterations[140] numSeparations[139] numCuts[0] compileTime[137] sspSolveTime[101] lpSolveTime[0] lb[35758.7] ub[76103] size: [187652] time: [359]
STATS - lpIterations[1] lagIterations[143] sspIterations[143] numSeparations[142] numCuts[0] compileTime[137] sspSolveTime[104] lpSolveTime[0] lb[35815.7] ub[76103] size: [187653] time: [364]
STATS - lpIterations[1] lagIterations[144] sspIterations[144] numSeparations[143] numCuts[0] compileTime[137] sspSolveTime[104] lpSolveTime[0] lb[35837.9] ub[76103] size: [187654] time: [366]
STATS - lpIterations[1] lagIterations[146] sspIterations[146] numSeparations[145] numCuts[0] compileTime[137] sspSolveTime[106] lpSolveTime[0] lb[35964.2] ub[76103] size: [187656] time: [369]
STATS - lpIterations[1] lagIterations[147] sspIterations[147] numSeparations[146] numCuts[0] compileTime[137] sspSolveTime[107] lpSolveTime[0] lb[36011.6] ub[76103] size: [187658] time: [370]
STATS - lpIterations[1] lagIterations[148] sspIterations[148] numSeparations[147] numCuts[0] compileTime[137] sspSolveTime[107] lpSolveTime[0] lb[36020.2] ub[76103] size: [187659] time: [372]
STATS - lpIterations[1] lagIterations[149] sspIterations[149] numSeparations[148] numCuts[0] compileTime[137] sspSolveTime[108] lpSolveTime[0] lb[36027.6] ub[76103] size: [187661] time: [374]
STATS - lpIterations[1] lagIterations[150] sspIterations[150] numSeparations[149] numCuts[0] compileTime[137] sspSolveTime[109] lpSolveTime[0] lb[36055] ub[76103] size: [187662] time: [375]
STATS - lpIterations[1] lagIterations[151] sspIterations[151] numSeparations[150] numCuts[0] compileTime[137] sspSolveTime[110] lpSolveTime[0] lb[36075] ub[76103] size: [187662] time: [377]
STATS - lpIterations[1] lagIterations[152] sspIterations[152] numSeparations[151] numCuts[0] compileTime[137] sspSolveTime[110] lpSolveTime[0] lb[36080.5] ub[76103] size: [187663] time: [378]
STATS - lpIterations[1] lagIterations[153] sspIterations[153] numSeparations[152] numCuts[0] compileTime[137] sspSolveTime[111] lpSolveTime[0] lb[36128.5] ub[76103] size: [187663] time: [380]
STATS - lpIterations[1] lagIterations[155] sspIterations[155] numSeparations[154] numCuts[0] compileTime[137] sspSolveTime[112] lpSolveTime[0] lb[36178.2] ub[76103] size: [187664] time: [383]
STATS - lpIterations[1] lagIterations[156] sspIterations[156] numSeparations[155] numCuts[0] compileTime[137] sspSolveTime[113] lpSolveTime[0] lb[36258.5] ub[76103] size: [187666] time: [385]
STATS - lpIterations[1] lagIterations[158] sspIterations[158] numSeparations[157] numCuts[0] compileTime[137] sspSolveTime[115] lpSolveTime[0] lb[36382.9] ub[76103] size: [187668] time: [388]
STATS - lpIterations[1] lagIterations[161] sspIterations[161] numSeparations[160] numCuts[0] compileTime[137] sspSolveTime[117] lpSolveTime[0] lb[36392.3] ub[76103] size: [187671] time: [393]
STATS - lpIterations[1] lagIterations[162] sspIterations[162] numSeparations[161] numCuts[0] compileTime[137] sspSolveTime[118] lpSolveTime[0] lb[36426.6] ub[76103] size: [187671] time: [394]
STATS - lpIterations[1] lagIterations[163] sspIterations[163] numSeparations[162] numCuts[0] compileTime[137] sspSolveTime[118] lpSolveTime[0] lb[36472.8] ub[76103] size: [187672] time: [396]
STATS - lpIterations[1] lagIterations[169] sspIterations[169] numSeparations[168] numCuts[0] compileTime[137] sspSolveTime[123] lpSolveTime[0] lb[36483.7] ub[76103] size: [187676] time: [405]
STATS - lpIterations[1] lagIterations[170] sspIterations[170] numSeparations[169] numCuts[0] compileTime[137] sspSolveTime[123] lpSolveTime[0] lb[36489.2] ub[76103] size: [187677] time: [407]
STATS - lpIterations[1] lagIterations[171] sspIterations[171] numSeparations[170] numCuts[0] compileTime[137] sspSolveTime[124] lpSolveTime[0] lb[36509.6] ub[76103] size: [187677] time: [408]
STATS - lpIterations[1] lagIterations[173] sspIterations[173] numSeparations[172] numCuts[0] compileTime[137] sspSolveTime[125] lpSolveTime[0] lb[36511.9] ub[76103] size: [187679] time: [411]
STATS - lpIterations[1] lagIterations[179] sspIterations[179] numSeparations[178] numCuts[0] compileTime[137] sspSolveTime[130] lpSolveTime[0] lb[36554] ub[76103] size: [187686] time: [421]
STATS - lpIterations[1] lagIterations[180] sspIterations[180] numSeparations[179] numCuts[0] compileTime[137] sspSolveTime[131] lpSolveTime[0] lb[36561.8] ub[76103] size: [187688] time: [423]
STATS - lpIterations[1] lagIterations[181] sspIterations[181] numSeparations[180] numCuts[0] compileTime[137] sspSolveTime[131] lpSolveTime[0] lb[36678.9] ub[76103] size: [187689] time: [424]
STATS - lpIterations[1] lagIterations[183] sspIterations[183] numSeparations[182] numCuts[0] compileTime[137] sspSolveTime[133] lpSolveTime[0] lb[36723.6] ub[76103] size: [187691] time: [427]
STATS - lpIterations[1] lagIterations[186] sspIterations[186] numSeparations[185] numCuts[0] compileTime[137] sspSolveTime[135] lpSolveTime[0] lb[36768.6] ub[76103] size: [187693] time: [432]
STATS - lpIterations[1] lagIterations[187] sspIterations[187] numSeparations[186] numCuts[0] compileTime[137] sspSolveTime[136] lpSolveTime[0] lb[36777.2] ub[76103] size: [187693] time: [434]
STATS - lpIterations[1] lagIterations[188] sspIterations[188] numSeparations[187] numCuts[0] compileTime[137] sspSolveTime[136] lpSolveTime[0] lb[36789.9] ub[76103] size: [187693] time: [435]
STATS - lpIterations[1] lagIterations[189] sspIterations[189] numSeparations[188] numCuts[0] compileTime[137] sspSolveTime[137] lpSolveTime[0] lb[36796.1] ub[76103] size: [187694] time: [437]
STATS - lpIterations[1] lagIterations[190] sspIterations[190] numSeparations[189] numCuts[0] compileTime[137] sspSolveTime[138] lpSolveTime[0] lb[36811.9] ub[76103] size: [187694] time: [439]
STATS - lpIterations[1] lagIterations[191] sspIterations[191] numSeparations[190] numCuts[0] compileTime[137] sspSolveTime[139] lpSolveTime[0] lb[36850.5] ub[76103] size: [187695] time: [440]
STATS - lpIterations[1] lagIterations[192] sspIterations[192] numSeparations[191] numCuts[0] compileTime[137] sspSolveTime[139] lpSolveTime[0] lb[36931.6] ub[76103] size: [187696] time: [442]
STATS - lpIterations[1] lagIterations[193] sspIterations[193] numSeparations[192] numCuts[0] compileTime[137] sspSolveTime[140] lpSolveTime[0] lb[37035] ub[76103] size: [187699] time: [443]
STATS - lpIterations[1] lagIterations[197] sspIterations[197] numSeparations[196] numCuts[0] compileTime[137] sspSolveTime[143] lpSolveTime[0] lb[37049.9] ub[76103] size: [187702] time: [450]
STATS - lpIterations[1] lagIterations[198] sspIterations[198] numSeparations[197] numCuts[0] compileTime[137] sspSolveTime[144] lpSolveTime[0] lb[37057.5] ub[76103] size: [187704] time: [451]
STATS - lpIterations[1] lagIterations[204] sspIterations[204] numSeparations[203] numCuts[0] compileTime[137] sspSolveTime[148] lpSolveTime[0] lb[37101] ub[76103] size: [187710] time: [461]
STATS - lpIterations[1] lagIterations[206] sspIterations[206] numSeparations[205] numCuts[0] compileTime[137] sspSolveTime[149] lpSolveTime[0] lb[37106.3] ub[76103] size: [187713] time: [464]
STATS - lpIterations[1] lagIterations[207] sspIterations[207] numSeparations[206] numCuts[0] compileTime[137] sspSolveTime[150] lpSolveTime[0] lb[37134.8] ub[76103] size: [187714] time: [466]
STATS - lpIterations[1] lagIterations[208] sspIterations[208] numSeparations[207] numCuts[0] compileTime[137] sspSolveTime[151] lpSolveTime[0] lb[37166.2] ub[76103] size: [187715] time: [468]
STATS - lpIterations[1] lagIterations[210] sspIterations[210] numSeparations[209] numCuts[0] compileTime[137] sspSolveTime[153] lpSolveTime[0] lb[37197.8] ub[76103] size: [187716] time: [471]
STATS - lpIterations[1] lagIterations[211] sspIterations[211] numSeparations[210] numCuts[0] compileTime[137] sspSolveTime[153] lpSolveTime[0] lb[37208.8] ub[76103] size: [187717] time: [472]
STATS - lpIterations[1] lagIterations[218] sspIterations[218] numSeparations[217] numCuts[0] compileTime[137] sspSolveTime[158] lpSolveTime[0] lb[37311.4] ub[76103] size: [187723] time: [483]
STATS - lpIterations[1] lagIterations[219] sspIterations[219] numSeparations[218] numCuts[0] compileTime[137] sspSolveTime[159] lpSolveTime[0] lb[37340.4] ub[76103] size: [187723] time: [485]
STATS - lpIterations[1] lagIterations[220] sspIterations[220] numSeparations[219] numCuts[0] compileTime[137] sspSolveTime[160] lpSolveTime[0] lb[37376] ub[76103] size: [187724] time: [487]
STATS - lpIterations[1] lagIterations[222] sspIterations[222] numSeparations[221] numCuts[0] compileTime[137] sspSolveTime[161] lpSolveTime[0] lb[37398.6] ub[76103] size: [187726] time: [490]
STATS - lpIterations[1] lagIterations[223] sspIterations[223] numSeparations[222] numCuts[0] compileTime[137] sspSolveTime[162] lpSolveTime[0] lb[37473] ub[76103] size: [187726] time: [491]
STATS - lpIterations[1] lagIterations[230] sspIterations[230] numSeparations[229] numCuts[0] compileTime[137] sspSolveTime[167] lpSolveTime[0] lb[37561.2] ub[76103] size: [187733] time: [503]
STATS - lpIterations[1] lagIterations[231] sspIterations[231] numSeparations[230] numCuts[0] compileTime[137] sspSolveTime[168] lpSolveTime[0] lb[37616.6] ub[76103] size: [187734] time: [505]
STATS - lpIterations[1] lagIterations[233] sspIterations[233] numSeparations[232] numCuts[0] compileTime[137] sspSolveTime[170] lpSolveTime[0] lb[37655.9] ub[76103] size: [187735] time: [508]
STATS - lpIterations[1] lagIterations[241] sspIterations[241] numSeparations[240] numCuts[0] compileTime[137] sspSolveTime[176] lpSolveTime[0] lb[37711.3] ub[76103] size: [187745] time: [521]
STATS - lpIterations[1] lagIterations[248] sspIterations[248] numSeparations[247] numCuts[0] compileTime[137] sspSolveTime[181] lpSolveTime[0] lb[37758.1] ub[76103] size: [187749] time: [533]
STATS - lpIterations[1] lagIterations[250] sspIterations[250] numSeparations[249] numCuts[0] compileTime[137] sspSolveTime[183] lpSolveTime[0] lb[37785.5] ub[76103] size: [187750] time: [536]
STATS - lpIterations[1] lagIterations[254] sspIterations[254] numSeparations[253] numCuts[0] compileTime[137] sspSolveTime[186] lpSolveTime[0] lb[37790] ub[76103] size: [187752] time: [542]
STATS - lpIterations[1] lagIterations[256] sspIterations[256] numSeparations[255] numCuts[0] compileTime[137] sspSolveTime[187] lpSolveTime[0] lb[37866] ub[76103] size: [187753] time: [545]
STATS - lpIterations[1] lagIterations[258] sspIterations[258] numSeparations[257] numCuts[0] compileTime[137] sspSolveTime[189] lpSolveTime[0] lb[37933.1] ub[76103] size: [187755] time: [549]
STATS - lpIterations[1] lagIterations[263] sspIterations[263] numSeparations[262] numCuts[0] compileTime[137] sspSolveTime[192] lpSolveTime[0] lb[37992.3] ub[76103] size: [187761] time: [557]
STATS - lpIterations[1] lagIterations[264] sspIterations[264] numSeparations[263] numCuts[0] compileTime[137] sspSolveTime[193] lpSolveTime[0] lb[38008.6] ub[76103] size: [187762] time: [558]
STATS - lpIterations[1] lagIterations[268] sspIterations[268] numSeparations[267] numCuts[0] compileTime[137] sspSolveTime[196] lpSolveTime[0] lb[38009.6] ub[76103] size: [187766] time: [565]
STATS - lpIterations[1] lagIterations[269] sspIterations[269] numSeparations[268] numCuts[0] compileTime[137] sspSolveTime[197] lpSolveTime[0] lb[38033.1] ub[76103] size: [187767] time: [566]
STATS - lpIterations[1] lagIterations[270] sspIterations[270] numSeparations[269] numCuts[0] compileTime[137] sspSolveTime[197] lpSolveTime[0] lb[38043.5] ub[76103] size: [187767] time: [568]
STATS - lpIterations[1] lagIterations[272] sspIterations[272] numSeparations[271] numCuts[0] compileTime[137] sspSolveTime[199] lpSolveTime[0] lb[38144.1] ub[76103] size: [187768] time: [571]
STATS - lpIterations[1] lagIterations[273] sspIterations[273] numSeparations[272] numCuts[0] compileTime[137] sspSolveTime[200] lpSolveTime[0] lb[38146.7] ub[76103] size: [187770] time: [573]
STATS - lpIterations[1] lagIterations[275] sspIterations[275] numSeparations[274] numCuts[0] compileTime[137] sspSolveTime[201] lpSolveTime[0] lb[38163] ub[76103] size: [187771] time: [576]
STATS - lpIterations[1] lagIterations[276] sspIterations[276] numSeparations[275] numCuts[0] compileTime[137] sspSolveTime[202] lpSolveTime[0] lb[38245.1] ub[76103] size: [187771] time: [577]
STATS - lpIterations[1] lagIterations[287] sspIterations[287] numSeparations[286] numCuts[0] compileTime[137] sspSolveTime[210] lpSolveTime[0] lb[38259.4] ub[76103] size: [187783] time: [595]
STATS - lpIterations[1] lagIterations[288] sspIterations[288] numSeparations[287] numCuts[0] compileTime[137] sspSolveTime[211] lpSolveTime[0] lb[38265.3] ub[76103] size: [187784] time: [596]
STATS - lpIterations[1] lagIterations[289] sspIterations[289] numSeparations[288] numCuts[0] compileTime[137] sspSolveTime[211] lpSolveTime[0] lb[38269] ub[76103] size: [187784] time: [598]
STATS - lpIterations[1] lagIterations[290] sspIterations[290] numSeparations[289] numCuts[0] compileTime[137] sspSolveTime[212] lpSolveTime[0] lb[38297.3] ub[76103] size: [187785] time: [600]
STATS - lpIterations[1] lagIterations[294] sspIterations[294] numSeparations[293] numCuts[0] compileTime[137] sspSolveTime[215] lpSolveTime[0] lb[38329.9] ub[76103] size: [187788] time: [606]
STATS - lpIterations[1] lagIterations[298] sspIterations[298] numSeparations[297] numCuts[0] compileTime[137] sspSolveTime[218] lpSolveTime[0] lb[38374.8] ub[76103] size: [187793] time: [613]
STATS - lpIterations[1] lagIterations[299] sspIterations[299] numSeparations[298] numCuts[0] compileTime[137] sspSolveTime[219] lpSolveTime[0] lb[38403.4] ub[76103] size: [187794] time: [614]
STATS - lpIterations[1] lagIterations[303] sspIterations[303] numSeparations[302] numCuts[0] compileTime[137] sspSolveTime[222] lpSolveTime[0] lb[38457.5] ub[76103] size: [187798] time: [621]
STATS - lpIterations[1] lagIterations[310] sspIterations[310] numSeparations[309] numCuts[0] compileTime[137] sspSolveTime[227] lpSolveTime[0] lb[38529.5] ub[76103] size: [187805] time: [632]
STATS - lpIterations[1] lagIterations[311] sspIterations[311] numSeparations[310] numCuts[0] compileTime[137] sspSolveTime[228] lpSolveTime[0] lb[38547.8] ub[76103] size: [187806] time: [634]
STATS - lpIterations[1] lagIterations[312] sspIterations[312] numSeparations[311] numCuts[0] compileTime[137] sspSolveTime[229] lpSolveTime[0] lb[38591.4] ub[76103] size: [187808] time: [636]
STATS - lpIterations[1] lagIterations[315] sspIterations[315] numSeparations[314] numCuts[0] compileTime[137] sspSolveTime[231] lpSolveTime[0] lb[38641.6] ub[76103] size: [187811] time: [640]
STATS - lpIterations[1] lagIterations[316] sspIterations[316] numSeparations[315] numCuts[0] compileTime[137] sspSolveTime[232] lpSolveTime[0] lb[38672.4] ub[76103] size: [187811] time: [642]
STATS - lpIterations[1] lagIterations[323] sspIterations[323] numSeparations[322] numCuts[0] compileTime[137] sspSolveTime[237] lpSolveTime[0] lb[38686.7] ub[76103] size: [187816] time: [653]
STATS - lpIterations[1] lagIterations[324] sspIterations[324] numSeparations[323] numCuts[0] compileTime[137] sspSolveTime[238] lpSolveTime[0] lb[38710.3] ub[76103] size: [187817] time: [655]
STATS - lpIterations[1] lagIterations[325] sspIterations[325] numSeparations[324] numCuts[0] compileTime[137] sspSolveTime[238] lpSolveTime[0] lb[38721.6] ub[76103] size: [187818] time: [657]
STATS - lpIterations[1] lagIterations[328] sspIterations[328] numSeparations[327] numCuts[0] compileTime[137] sspSolveTime[241] lpSolveTime[0] lb[38726.3] ub[76103] size: [187820] time: [662]
STATS - lpIterations[1] lagIterations[329] sspIterations[329] numSeparations[328] numCuts[0] compileTime[137] sspSolveTime[241] lpSolveTime[0] lb[38731.6] ub[76103] size: [187821] time: [663]
STATS - lpIterations[1] lagIterations[330] sspIterations[330] numSeparations[329] numCuts[0] compileTime[137] sspSolveTime[242] lpSolveTime[0] lb[38755.9] ub[76103] size: [187822] time: [665]
STATS - lpIterations[1] lagIterations[331] sspIterations[331] numSeparations[330] numCuts[0] compileTime[137] sspSolveTime[243] lpSolveTime[0] lb[38783] ub[76103] size: [187823] time: [667]
STATS - lpIterations[1] lagIterations[339] sspIterations[339] numSeparations[338] numCuts[0] compileTime[137] sspSolveTime[249] lpSolveTime[0] lb[38795.2] ub[76103] size: [187832] time: [679]
STATS - lpIterations[1] lagIterations[345] sspIterations[345] numSeparations[344] numCuts[0] compileTime[137] sspSolveTime[253] lpSolveTime[0] lb[38816.1] ub[76103] size: [187838] time: [689]
STATS - lpIterations[1] lagIterations[346] sspIterations[346] numSeparations[345] numCuts[0] compileTime[137] sspSolveTime[254] lpSolveTime[0] lb[38850.5] ub[76103] size: [187839] time: [691]
STATS - lpIterations[1] lagIterations[347] sspIterations[347] numSeparations[346] numCuts[0] compileTime[137] sspSolveTime[255] lpSolveTime[0] lb[38893.2] ub[76103] size: [187839] time: [692]
STATS - lpIterations[1] lagIterations[348] sspIterations[348] numSeparations[347] numCuts[0] compileTime[137] sspSolveTime[256] lpSolveTime[0] lb[38940.3] ub[76103] size: [187840] time: [694]
STATS - lpIterations[1] lagIterations[355] sspIterations[355] numSeparations[354] numCuts[0] compileTime[137] sspSolveTime[261] lpSolveTime[0] lb[39004.7] ub[76103] size: [187845] time: [705]
STATS - lpIterations[1] lagIterations[356] sspIterations[356] numSeparations[355] numCuts[0] compileTime[137] sspSolveTime[261] lpSolveTime[0] lb[39047] ub[76103] size: [187846] time: [707]
STATS - lpIterations[1] lagIterations[364] sspIterations[364] numSeparations[363] numCuts[0] compileTime[137] sspSolveTime[267] lpSolveTime[0] lb[39072.6] ub[76103] size: [187851] time: [719]
STATS - lpIterations[1] lagIterations[365] sspIterations[365] numSeparations[364] numCuts[0] compileTime[137] sspSolveTime[268] lpSolveTime[0] lb[39074] ub[76103] size: [187851] time: [721]
STATS - lpIterations[1] lagIterations[366] sspIterations[366] numSeparations[365] numCuts[0] compileTime[137] sspSolveTime[269] lpSolveTime[0] lb[39078.4] ub[76103] size: [187851] time: [722]
STATS - lpIterations[1] lagIterations[369] sspIterations[369] numSeparations[368] numCuts[0] compileTime[137] sspSolveTime[271] lpSolveTime[0] lb[39080.6] ub[76103] size: [187854] time: [727]
STATS - lpIterations[1] lagIterations[370] sspIterations[370] numSeparations[369] numCuts[0] compileTime[137] sspSolveTime[272] lpSolveTime[0] lb[39097.9] ub[76103] size: [187854] time: [729]
STATS - lpIterations[1] lagIterations[372] sspIterations[372] numSeparations[371] numCuts[0] compileTime[137] sspSolveTime[273] lpSolveTime[0] lb[39119.3] ub[76103] size: [187855] time: [732]
STATS - lpIterations[1] lagIterations[373] sspIterations[373] numSeparations[372] numCuts[0] compileTime[137] sspSolveTime[274] lpSolveTime[0] lb[39127.4] ub[76103] size: [187856] time: [733]
STATS - lpIterations[1] lagIterations[374] sspIterations[374] numSeparations[373] numCuts[0] compileTime[137] sspSolveTime[275] lpSolveTime[0] lb[39129.7] ub[76103] size: [187857] time: [735]
STATS - lpIterations[1] lagIterations[376] sspIterations[376] numSeparations[375] numCuts[0] compileTime[137] sspSolveTime[276] lpSolveTime[0] lb[39151.2] ub[76103] size: [187859] time: [738]
STATS - lpIterations[1] lagIterations[381] sspIterations[381] numSeparations[380] numCuts[0] compileTime[137] sspSolveTime[280] lpSolveTime[0] lb[39157.4] ub[76103] size: [187865] time: [746]
STATS - lpIterations[1] lagIterations[383] sspIterations[383] numSeparations[382] numCuts[0] compileTime[137] sspSolveTime[282] lpSolveTime[0] lb[39185.7] ub[76103] size: [187869] time: [750]
STATS - lpIterations[1] lagIterations[385] sspIterations[385] numSeparations[384] numCuts[0] compileTime[137] sspSolveTime[283] lpSolveTime[0] lb[39201.5] ub[76103] size: [187871] time: [753]
STATS - lpIterations[1] lagIterations[387] sspIterations[387] numSeparations[386] numCuts[0] compileTime[137] sspSolveTime[284] lpSolveTime[0] lb[39221] ub[76103] size: [187872] time: [756]
STATS - lpIterations[1] lagIterations[392] sspIterations[392] numSeparations[391] numCuts[0] compileTime[137] sspSolveTime[288] lpSolveTime[0] lb[39243.2] ub[76103] size: [187877] time: [764]
STATS - lpIterations[1] lagIterations[394] sspIterations[394] numSeparations[393] numCuts[0] compileTime[137] sspSolveTime[290] lpSolveTime[0] lb[39247.1] ub[76103] size: [187879] time: [767]
STATS - lpIterations[1] lagIterations[396] sspIterations[396] numSeparations[395] numCuts[0] compileTime[137] sspSolveTime[291] lpSolveTime[0] lb[39271.6] ub[76103] size: [187881] time: [770]
STATS - lpIterations[1] lagIterations[398] sspIterations[398] numSeparations[397] numCuts[0] compileTime[137] sspSolveTime[293] lpSolveTime[0] lb[39281.4] ub[76103] size: [187883] time: [773]
STATS - lpIterations[1] lagIterations[402] sspIterations[402] numSeparations[401] numCuts[0] compileTime[137] sspSolveTime[295] lpSolveTime[0] lb[39344] ub[76103] size: [187886] time: [780]
STATS - lpIterations[1] lagIterations[403] sspIterations[403] numSeparations[402] numCuts[0] compileTime[137] sspSolveTime[296] lpSolveTime[0] lb[39345.4] ub[76103] size: [187888] time: [781]
STATS - lpIterations[1] lagIterations[404] sspIterations[404] numSeparations[403] numCuts[0] compileTime[137] sspSolveTime[297] lpSolveTime[0] lb[39376.3] ub[76103] size: [187890] time: [783]
STATS - lpIterations[1] lagIterations[419] sspIterations[419] numSeparations[418] numCuts[0] compileTime[137] sspSolveTime[308] lpSolveTime[0] lb[39419.7] ub[76103] size: [187909] time: [807]
STATS - lpIterations[1] lagIterations[420] sspIterations[420] numSeparations[419] numCuts[0] compileTime[137] sspSolveTime[309] lpSolveTime[0] lb[39443.9] ub[76103] size: [187911] time: [808]
STATS - lpIterations[1] lagIterations[422] sspIterations[422] numSeparations[421] numCuts[0] compileTime[137] sspSolveTime[310] lpSolveTime[0] lb[39447.5] ub[76103] size: [187913] time: [812]
STATS - lpIterations[1] lagIterations[423] sspIterations[423] numSeparations[422] numCuts[0] compileTime[137] sspSolveTime[311] lpSolveTime[0] lb[39457.4] ub[76103] size: [187914] time: [813]
STATS - lpIterations[1] lagIterations[429] sspIterations[429] numSeparations[428] numCuts[0] compileTime[137] sspSolveTime[315] lpSolveTime[0] lb[39467.7] ub[76103] size: [187920] time: [823]
STATS - lpIterations[1] lagIterations[432] sspIterations[432] numSeparations[431] numCuts[0] compileTime[137] sspSolveTime[317] lpSolveTime[0] lb[39487.6] ub[76103] size: [187923] time: [827]
STATS - lpIterations[1] lagIterations[434] sspIterations[434] numSeparations[433] numCuts[0] compileTime[137] sspSolveTime[319] lpSolveTime[0] lb[39487.9] ub[76103] size: [187924] time: [831]
STATS - lpIterations[1] lagIterations[436] sspIterations[436] numSeparations[435] numCuts[0] compileTime[137] sspSolveTime[320] lpSolveTime[0] lb[39501.4] ub[76103] size: [187925] time: [834]
STATS - lpIterations[1] lagIterations[438] sspIterations[438] numSeparations[437] numCuts[0] compileTime[137] sspSolveTime[322] lpSolveTime[0] lb[39522.7] ub[76103] size: [187927] time: [837]
STATS - lpIterations[1] lagIterations[439] sspIterations[439] numSeparations[438] numCuts[0] compileTime[137] sspSolveTime[323] lpSolveTime[0] lb[39546.9] ub[76103] size: [187928] time: [839]
STATS - lpIterations[1] lagIterations[449] sspIterations[449] numSeparations[448] numCuts[0] compileTime[137] sspSolveTime[330] lpSolveTime[0] lb[39559.2] ub[76103] size: [187937] time: [854]
STATS - lpIterations[1] lagIterations[451] sspIterations[451] numSeparations[450] numCuts[0] compileTime[137] sspSolveTime[331] lpSolveTime[0] lb[39567.3] ub[76103] size: [187939] time: [857]
STATS - lpIterations[1] lagIterations[452] sspIterations[452] numSeparations[451] numCuts[0] compileTime[137] sspSolveTime[332] lpSolveTime[0] lb[39572.5] ub[76103] size: [187940] time: [859]
STATS - lpIterations[1] lagIterations[453] sspIterations[453] numSeparations[452] numCuts[0] compileTime[137] sspSolveTime[333] lpSolveTime[0] lb[39573.2] ub[76103] size: [187941] time: [861]
STATS - lpIterations[1] lagIterations[454] sspIterations[454] numSeparations[453] numCuts[0] compileTime[137] sspSolveTime[333] lpSolveTime[0] lb[39574.6] ub[76103] size: [187942] time: [862]
STATS - lpIterations[1] lagIterations[455] sspIterations[455] numSeparations[454] numCuts[0] compileTime[137] sspSolveTime[334] lpSolveTime[0] lb[39579.7] ub[76103] size: [187943] time: [864]
STATS - lpIterations[1] lagIterations[460] sspIterations[460] numSeparations[459] numCuts[0] compileTime[137] sspSolveTime[338] lpSolveTime[0] lb[39618.2] ub[76103] size: [187948] time: [872]
STATS - lpIterations[1] lagIterations[465] sspIterations[465] numSeparations[464] numCuts[0] compileTime[137] sspSolveTime[341] lpSolveTime[0] lb[39630.5] ub[76103] size: [187954] time: [880]
STATS - lpIterations[1] lagIterations[468] sspIterations[468] numSeparations[467] numCuts[0] compileTime[137] sspSolveTime[344] lpSolveTime[0] lb[39664.2] ub[76103] size: [187959] time: [884]
STATS - lpIterations[1] lagIterations[469] sspIterations[469] numSeparations[468] numCuts[0] compileTime[137] sspSolveTime[344] lpSolveTime[0] lb[39667.5] ub[76103] size: [187960] time: [886]
STATS - lpIterations[1] lagIterations[475] sspIterations[475] numSeparations[474] numCuts[0] compileTime[137] sspSolveTime[349] lpSolveTime[0] lb[39692.2] ub[76103] size: [187964] time: [896]
STATS - lpIterations[1] lagIterations[491] sspIterations[491] numSeparations[490] numCuts[0] compileTime[137] sspSolveTime[361] lpSolveTime[0] lb[39724.5] ub[76103] size: [187979] time: [922]
STATS - lpIterations[1] lagIterations[492] sspIterations[492] numSeparations[491] numCuts[0] compileTime[137] sspSolveTime[362] lpSolveTime[0] lb[39749.8] ub[76103] size: [187979] time: [924]
STATS - lpIterations[1] lagIterations[500] sspIterations[500] numSeparations[499] numCuts[0] compileTime[137] sspSolveTime[368] lpSolveTime[0] lb[39760.1] ub[76103] size: [187985] time: [937]
STATS - lpIterations[1] lagIterations[501] sspIterations[501] numSeparations[500] numCuts[0] compileTime[137] sspSolveTime[368] lpSolveTime[0] lb[39764.4] ub[76103] size: [187986] time: [938]
STATS - lpIterations[1] lagIterations[503] sspIterations[503] numSeparations[502] numCuts[0] compileTime[137] sspSolveTime[370] lpSolveTime[0] lb[39765.5] ub[76103] size: [187988] time: [942]
STATS - lpIterations[1] lagIterations[507] sspIterations[507] numSeparations[506] numCuts[0] compileTime[137] sspSolveTime[373] lpSolveTime[0] lb[39818.5] ub[76103] size: [187990] time: [948]
STATS - lpIterations[1] lagIterations[518] sspIterations[518] numSeparations[517] numCuts[0] compileTime[137] sspSolveTime[381] lpSolveTime[0] lb[39821.3] ub[76103] size: [188000] time: [966]
STATS - lpIterations[1] lagIterations[519] sspIterations[519] numSeparations[518] numCuts[0] compileTime[137] sspSolveTime[382] lpSolveTime[0] lb[39823.3] ub[76103] size: [188001] time: [968]
STATS - lpIterations[1] lagIterations[520] sspIterations[520] numSeparations[519] numCuts[0] compileTime[137] sspSolveTime[383] lpSolveTime[0] lb[39825.7] ub[76103] size: [188001] time: [969]
STATS - lpIterations[1] lagIterations[521] sspIterations[521] numSeparations[520] numCuts[0] compileTime[137] sspSolveTime[383] lpSolveTime[0] lb[39829.6] ub[76103] size: [188002] time: [971]
STATS - lpIterations[1] lagIterations[522] sspIterations[522] numSeparations[521] numCuts[0] compileTime[137] sspSolveTime[384] lpSolveTime[0] lb[39841.1] ub[76103] size: [188002] time: [973]
STATS - lpIterations[1] lagIterations[529] sspIterations[529] numSeparations[528] numCuts[0] compileTime[137] sspSolveTime[389] lpSolveTime[0] lb[39862.9] ub[76103] size: [188007] time: [984]
STATS - lpIterations[1] lagIterations[530] sspIterations[530] numSeparations[529] numCuts[0] compileTime[137] sspSolveTime[390] lpSolveTime[0] lb[39864.5] ub[76103] size: [188008] time: [985]
STATS - lpIterations[1] lagIterations[538] sspIterations[538] numSeparations[537] numCuts[0] compileTime[137] sspSolveTime[396] lpSolveTime[0] lb[39879.3] ub[76103] size: [188015] time: [998]
STATS - lpIterations[1] lagIterations[541] sspIterations[541] numSeparations[540] numCuts[0] compileTime[137] sspSolveTime[398] lpSolveTime[0] lb[39892] ub[76103] size: [188016] time: [1003]
STATS - lpIterations[1] lagIterations[542] sspIterations[542] numSeparations[541] numCuts[0] compileTime[137] sspSolveTime[399] lpSolveTime[0] lb[39912.4] ub[76103] size: [188016] time: [1004]
STATS - lpIterations[1] lagIterations[548] sspIterations[548] numSeparations[547] numCuts[0] compileTime[137] sspSolveTime[403] lpSolveTime[0] lb[39937.7] ub[76103] size: [188023] time: [1014]
STATS - lpIterations[1] lagIterations[564] sspIterations[564] numSeparations[563] numCuts[0] compileTime[137] sspSolveTime[415] lpSolveTime[0] lb[39954.6] ub[76103] size: [188039] time: [1040]
STATS - lpIterations[1] lagIterations[566] sspIterations[566] numSeparations[565] numCuts[0] compileTime[137] sspSolveTime[417] lpSolveTime[0] lb[39992.1] ub[76103] size: [188041] time: [1043]
STATS - lpIterations[1] lagIterations[577] sspIterations[577] numSeparations[576] numCuts[0] compileTime[137] sspSolveTime[425] lpSolveTime[0] lb[40020.5] ub[76103] size: [188049] time: [1061]
STATS - lpIterations[1] lagIterations[578] sspIterations[578] numSeparations[577] numCuts[0] compileTime[137] sspSolveTime[426] lpSolveTime[0] lb[40030.2] ub[76103] size: [188050] time: [1063]
STATS - lpIterations[1] lagIterations[580] sspIterations[580] numSeparations[579] numCuts[0] compileTime[137] sspSolveTime[427] lpSolveTime[0] lb[40030.9] ub[76103] size: [188051] time: [1066]
STATS - lpIterations[1] lagIterations[587] sspIterations[587] numSeparations[586] numCuts[0] compileTime[137] sspSolveTime[432] lpSolveTime[0] lb[40036.5] ub[76103] size: [188055] time: [1078]
STATS - lpIterations[1] lagIterations[588] sspIterations[588] numSeparations[587] numCuts[0] compileTime[137] sspSolveTime[433] lpSolveTime[0] lb[40049.8] ub[76103] size: [188056] time: [1079]
STATS - lpIterations[1] lagIterations[593] sspIterations[593] numSeparations[592] numCuts[0] compileTime[137] sspSolveTime[437] lpSolveTime[0] lb[40058] ub[76103] size: [188062] time: [1088]
STATS - lpIterations[1] lagIterations[596] sspIterations[596] numSeparations[595] numCuts[0] compileTime[137] sspSolveTime[439] lpSolveTime[0] lb[40065.7] ub[76103] size: [188063] time: [1093]
STATS - lpIterations[1] lagIterations[597] sspIterations[597] numSeparations[596] numCuts[0] compileTime[137] sspSolveTime[440] lpSolveTime[0] lb[40067.3] ub[76103] size: [188064] time: [1094]
STATS - lpIterations[1] lagIterations[599] sspIterations[599] numSeparations[598] numCuts[0] compileTime[137] sspSolveTime[442] lpSolveTime[0] lb[40093.5] ub[76103] size: [188066] time: [1098]
STATS - lpIterations[1] lagIterations[600] sspIterations[600] numSeparations[599] numCuts[0] compileTime[137] sspSolveTime[442] lpSolveTime[0] lb[40096.9] ub[76103] size: [188066] time: [1099]
STATS - lpIterations[1] lagIterations[601] sspIterations[601] numSeparations[600] numCuts[0] compileTime[137] sspSolveTime[443] lpSolveTime[0] lb[40103] ub[76103] size: [188067] time: [1101]
STATS - lpIterations[1] lagIterations[602] sspIterations[602] numSeparations[601] numCuts[0] compileTime[137] sspSolveTime[444] lpSolveTime[0] lb[40109.8] ub[76103] size: [188069] time: [1102]
STATS - lpIterations[1] lagIterations[606] sspIterations[606] numSeparations[605] numCuts[0] compileTime[137] sspSolveTime[447] lpSolveTime[0] lb[40115.6] ub[76103] size: [188073] time: [1109]
STATS - lpIterations[1] lagIterations[616] sspIterations[616] numSeparations[615] numCuts[0] compileTime[137] sspSolveTime[454] lpSolveTime[0] lb[40127] ub[76103] size: [188083] time: [1125]
STATS - lpIterations[1] lagIterations[617] sspIterations[617] numSeparations[616] numCuts[0] compileTime[137] sspSolveTime[455] lpSolveTime[0] lb[40128.7] ub[76103] size: [188083] time: [1127]
STATS - lpIterations[1] lagIterations[618] sspIterations[618] numSeparations[617] numCuts[0] compileTime[137] sspSolveTime[456] lpSolveTime[0] lb[40130.9] ub[76103] size: [188084] time: [1129]
STATS - lpIterations[1] lagIterations[619] sspIterations[619] numSeparations[618] numCuts[0] compileTime[137] sspSolveTime[457] lpSolveTime[0] lb[40159.2] ub[76103] size: [188085] time: [1130]
STATS - lpIterations[1] lagIterations[631] sspIterations[631] numSeparations[630] numCuts[0] compileTime[137] sspSolveTime[465] lpSolveTime[0] lb[40171.3] ub[76103] size: [188097] time: [1150]
STATS - lpIterations[1] lagIterations[632] sspIterations[632] numSeparations[631] numCuts[0] compileTime[137] sspSolveTime[466] lpSolveTime[0] lb[40183.3] ub[76103] size: [188099] time: [1151]
STATS - lpIterations[1] lagIterations[637] sspIterations[637] numSeparations[636] numCuts[0] compileTime[137] sspSolveTime[470] lpSolveTime[0] lb[40197.8] ub[76103] size: [188105] time: [1159]
STATS - lpIterations[1] lagIterations[649] sspIterations[649] numSeparations[648] numCuts[0] compileTime[137] sspSolveTime[479] lpSolveTime[0] lb[40227] ub[76103] size: [188117] time: [1179]
STATS - lpIterations[1] lagIterations[653] sspIterations[653] numSeparations[652] numCuts[0] compileTime[137] sspSolveTime[482] lpSolveTime[0] lb[40227.6] ub[76103] size: [188122] time: [1186]
STATS - lpIterations[1] lagIterations[655] sspIterations[655] numSeparations[654] numCuts[0] compileTime[137] sspSolveTime[484] lpSolveTime[0] lb[40237.8] ub[76103] size: [188124] time: [1189]
STATS - lpIterations[1] lagIterations[656] sspIterations[656] numSeparations[655] numCuts[0] compileTime[137] sspSolveTime[484] lpSolveTime[0] lb[40238.6] ub[76103] size: [188127] time: [1191]
STATS - lpIterations[1] lagIterations[658] sspIterations[658] numSeparations[657] numCuts[0] compileTime[137] sspSolveTime[486] lpSolveTime[0] lb[40248.6] ub[76103] size: [188130] time: [1194]
STATS - lpIterations[1] lagIterations[671] sspIterations[671] numSeparations[670] numCuts[0] compileTime[137] sspSolveTime[495] lpSolveTime[0] lb[40278.6] ub[76103] size: [188144] time: [1215]
STATS - lpIterations[1] lagIterations[672] sspIterations[672] numSeparations[671] numCuts[0] compileTime[137] sspSolveTime[496] lpSolveTime[0] lb[40286.9] ub[76103] size: [188144] time: [1217]
STATS - lpIterations[1] lagIterations[676] sspIterations[676] numSeparations[675] numCuts[0] compileTime[137] sspSolveTime[499] lpSolveTime[0] lb[40308.6] ub[76103] size: [188148] time: [1223]
STATS - lpIterations[1] lagIterations[690] sspIterations[690] numSeparations[689] numCuts[0] compileTime[137] sspSolveTime[510] lpSolveTime[0] lb[40335.5] ub[76103] size: [188160] time: [1246]
STATS - lpIterations[1] lagIterations[693] sspIterations[693] numSeparations[692] numCuts[0] compileTime[137] sspSolveTime[512] lpSolveTime[0] lb[40344.9] ub[76103] size: [188163] time: [1251]
STATS - lpIterations[1] lagIterations[704] sspIterations[704] numSeparations[703] numCuts[0] compileTime[137] sspSolveTime[520] lpSolveTime[0] lb[40350.2] ub[76103] size: [188169] time: [1269]
STATS - lpIterations[1] lagIterations[705] sspIterations[705] numSeparations[704] numCuts[0] compileTime[137] sspSolveTime[521] lpSolveTime[0] lb[40364.5] ub[76103] size: [188170] time: [1271]
STATS - lpIterations[1] lagIterations[706] sspIterations[706] numSeparations[705] numCuts[0] compileTime[137] sspSolveTime[522] lpSolveTime[0] lb[40372.4] ub[76103] size: [188171] time: [1272]
STATS - lpIterations[1] lagIterations[720] sspIterations[720] numSeparations[719] numCuts[0] compileTime[137] sspSolveTime[532] lpSolveTime[0] lb[40383.8] ub[76103] size: [188182] time: [1295]
STATS - lpIterations[1] lagIterations[721] sspIterations[721] numSeparations[720] numCuts[0] compileTime[137] sspSolveTime[533] lpSolveTime[0] lb[40411] ub[76103] size: [188183] time: [1297]
STATS - lpIterations[1] lagIterations[728] sspIterations[728] numSeparations[727] numCuts[0] compileTime[137] sspSolveTime[538] lpSolveTime[0] lb[40430.1] ub[76103] size: [188191] time: [1308]
STATS - lpIterations[1] lagIterations[752] sspIterations[752] numSeparations[751] numCuts[0] compileTime[137] sspSolveTime[557] lpSolveTime[0] lb[40433.8] ub[76103] size: [188210] time: [1348]
STATS - lpIterations[1] lagIterations[753] sspIterations[753] numSeparations[752] numCuts[0] compileTime[137] sspSolveTime[557] lpSolveTime[0] lb[40446.8] ub[76103] size: [188211] time: [1349]
STATS - lpIterations[1] lagIterations[756] sspIterations[756] numSeparations[755] numCuts[0] compileTime[137] sspSolveTime[560] lpSolveTime[0] lb[40449.2] ub[76103] size: [188213] time: [1354]
STATS - lpIterations[1] lagIterations[762] sspIterations[762] numSeparations[761] numCuts[0] compileTime[137] sspSolveTime[564] lpSolveTime[0] lb[40474.2] ub[76103] size: [188217] time: [1364]
STATS - lpIterations[1] lagIterations[763] sspIterations[763] numSeparations[762] numCuts[0] compileTime[137] sspSolveTime[565] lpSolveTime[0] lb[40484.8] ub[76103] size: [188217] time: [1366]
STATS - lpIterations[1] lagIterations[764] sspIterations[764] numSeparations[763] numCuts[0] compileTime[137] sspSolveTime[566] lpSolveTime[0] lb[40491.9] ub[76103] size: [188219] time: [1368]
STATS - lpIterations[1] lagIterations[765] sspIterations[765] numSeparations[764] numCuts[0] compileTime[137] sspSolveTime[567] lpSolveTime[0] lb[40491.9] ub[76103] size: [188220] time: [1369]
STATS - lpIterations[1] lagIterations[766] sspIterations[766] numSeparations[765] numCuts[0] compileTime[137] sspSolveTime[567] lpSolveTime[0] lb[40511.5] ub[76103] size: [188221] time: [1371]
STATS - lpIterations[1] lagIterations[787] sspIterations[787] numSeparations[786] numCuts[0] compileTime[137] sspSolveTime[583] lpSolveTime[0] lb[40534.2] ub[76103] size: [188231] time: [1405]
STATS - lpIterations[1] lagIterations[790] sspIterations[790] numSeparations[789] numCuts[0] compileTime[137] sspSolveTime[586] lpSolveTime[0] lb[40548.2] ub[76103] size: [188235] time: [1410]
STATS - lpIterations[1] lagIterations[807] sspIterations[807] numSeparations[806] numCuts[0] compileTime[137] sspSolveTime[598] lpSolveTime[0] lb[40550.5] ub[76103] size: [188248] time: [1438]
STATS - lpIterations[1] lagIterations[809] sspIterations[809] numSeparations[808] numCuts[0] compileTime[137] sspSolveTime[600] lpSolveTime[0] lb[40564.7] ub[76103] size: [188249] time: [1441]
STATS - lpIterations[1] lagIterations[810] sspIterations[810] numSeparations[809] numCuts[0] compileTime[137] sspSolveTime[601] lpSolveTime[0] lb[40588.7] ub[76103] size: [188249] time: [1443]
STATS - lpIterations[1] lagIterations[819] sspIterations[819] numSeparations[818] numCuts[0] compileTime[137] sspSolveTime[607] lpSolveTime[0] lb[40597.1] ub[76103] size: [188256] time: [1457]
STATS - lpIterations[1] lagIterations[820] sspIterations[820] numSeparations[819] numCuts[0] compileTime[137] sspSolveTime[608] lpSolveTime[0] lb[40607] ub[76103] size: [188256] time: [1459]
STATS - lpIterations[1] lagIterations[821] sspIterations[821] numSeparations[820] numCuts[0] compileTime[137] sspSolveTime[609] lpSolveTime[0] lb[40609] ub[76103] size: [188256] time: [1461]
STATS - lpIterations[1] lagIterations[837] sspIterations[837] numSeparations[836] numCuts[0] compileTime[137] sspSolveTime[621] lpSolveTime[0] lb[40610.5] ub[76103] size: [188273] time: [1487]
STATS - lpIterations[1] lagIterations[838] sspIterations[838] numSeparations[837] numCuts[0] compileTime[137] sspSolveTime[621] lpSolveTime[0] lb[40633.8] ub[76103] size: [188273] time: [1488]
STATS - lpIterations[1] lagIterations[841] sspIterations[841] numSeparations[840] numCuts[0] compileTime[137] sspSolveTime[623] lpSolveTime[0] lb[40637.8] ub[76103] size: [188274] time: [1493]
STATS - lpIterations[1] lagIterations[842] sspIterations[842] numSeparations[841] numCuts[0] compileTime[137] sspSolveTime[624] lpSolveTime[0] lb[40640.6] ub[76103] size: [188276] time: [1495]
STATS - lpIterations[1] lagIterations[854] sspIterations[854] numSeparations[853] numCuts[0] compileTime[137] sspSolveTime[633] lpSolveTime[0] lb[40651.7] ub[76103] size: [188285] time: [1514]
STATS - lpIterations[1] lagIterations[855] sspIterations[855] numSeparations[854] numCuts[0] compileTime[137] sspSolveTime[634] lpSolveTime[0] lb[40665.5] ub[76103] size: [188285] time: [1516]
STATS - lpIterations[1] lagIterations[856] sspIterations[856] numSeparations[855] numCuts[0] compileTime[137] sspSolveTime[635] lpSolveTime[0] lb[40673.2] ub[76103] size: [188286] time: [1518]
STATS - lpIterations[1] lagIterations[874] sspIterations[874] numSeparations[873] numCuts[0] compileTime[137] sspSolveTime[648] lpSolveTime[0] lb[40691.6] ub[76103] size: [188301] time: [1547]
STATS - lpIterations[1] lagIterations[878] sspIterations[878] numSeparations[877] numCuts[0] compileTime[137] sspSolveTime[651] lpSolveTime[0] lb[40695.4] ub[76103] size: [188303] time: [1554]
STATS - lpIterations[1] lagIterations[886] sspIterations[886] numSeparations[885] numCuts[0] compileTime[137] sspSolveTime[657] lpSolveTime[0] lb[40697] ub[76103] size: [188309] time: [1566]
STATS - lpIterations[1] lagIterations[895] sspIterations[895] numSeparations[894] numCuts[0] compileTime[137] sspSolveTime[664] lpSolveTime[0] lb[40703.6] ub[76103] size: [188319] time: [1581]
STATS - lpIterations[1] lagIterations[896] sspIterations[896] numSeparations[895] numCuts[0] compileTime[137] sspSolveTime[664] lpSolveTime[0] lb[40714.1] ub[76103] size: [188319] time: [1583]
STATS - lpIterations[1] lagIterations[897] sspIterations[897] numSeparations[896] numCuts[0] compileTime[137] sspSolveTime[665] lpSolveTime[0] lb[40716.1] ub[76103] size: [188320] time: [1585]
STATS - lpIterations[1] lagIterations[901] sspIterations[901] numSeparations[900] numCuts[0] compileTime[137] sspSolveTime[668] lpSolveTime[0] lb[40725.2] ub[76103] size: [188323] time: [1591]
STATS - lpIterations[1] lagIterations[912] sspIterations[912] numSeparations[911] numCuts[0] compileTime[137] sspSolveTime[677] lpSolveTime[0] lb[40729] ub[76103] size: [188331] time: [1609]
STATS - lpIterations[1] lagIterations[913] sspIterations[913] numSeparations[912] numCuts[0] compileTime[137] sspSolveTime[677] lpSolveTime[0] lb[40753] ub[76103] size: [188332] time: [1611]
STATS - lpIterations[1] lagIterations[928] sspIterations[928] numSeparations[927] numCuts[0] compileTime[137] sspSolveTime[688] lpSolveTime[0] lb[40762.5] ub[76103] size: [188346] time: [1635]
STATS - lpIterations[1] lagIterations[930] sspIterations[930] numSeparations[929] numCuts[0] compileTime[137] sspSolveTime[690] lpSolveTime[0] lb[40766.6] ub[76103] size: [188349] time: [1638]
STATS - lpIterations[1] lagIterations[934] sspIterations[934] numSeparations[933] numCuts[0] compileTime[137] sspSolveTime[693] lpSolveTime[0] lb[40769.7] ub[76103] size: [188353] time: [1645]
STATS - lpIterations[1] lagIterations[935] sspIterations[935] numSeparations[934] numCuts[0] compileTime[137] sspSolveTime[693] lpSolveTime[0] lb[40776.5] ub[76103] size: [188354] time: [1646]
STATS - lpIterations[1] lagIterations[946] sspIterations[946] numSeparations[945] numCuts[0] compileTime[137] sspSolveTime[702] lpSolveTime[0] lb[40797.7] ub[76103] size: [188362] time: [1664]
STATS - lpIterations[1] lagIterations[948] sspIterations[948] numSeparations[947] numCuts[0] compileTime[137] sspSolveTime[703] lpSolveTime[0] lb[40799.5] ub[76103] size: [188364] time: [1667]
STATS - lpIterations[1] lagIterations[951] sspIterations[951] numSeparations[950] numCuts[0] compileTime[137] sspSolveTime[705] lpSolveTime[0] lb[40803.3] ub[76103] size: [188365] time: [1672]
STATS - lpIterations[1] lagIterations[959] sspIterations[959] numSeparations[958] numCuts[0] compileTime[137] sspSolveTime[711] lpSolveTime[0] lb[40806.1] ub[76103] size: [188371] time: [1685]
STATS - lpIterations[1] lagIterations[961] sspIterations[961] numSeparations[960] numCuts[0] compileTime[137] sspSolveTime[713] lpSolveTime[0] lb[40811.2] ub[76103] size: [188372] time: [1688]
STATS - lpIterations[1] lagIterations[969] sspIterations[969] numSeparations[968] numCuts[0] compileTime[137] sspSolveTime[719] lpSolveTime[0] lb[40819.1] ub[76103] size: [188383] time: [1702]
STATS - lpIterations[1] lagIterations[970] sspIterations[970] numSeparations[969] numCuts[0] compileTime[137] sspSolveTime[720] lpSolveTime[0] lb[40822.7] ub[76103] size: [188384] time: [1703]
STATS - lpIterations[1] lagIterations[971] sspIterations[971] numSeparations[970] numCuts[0] compileTime[137] sspSolveTime[721] lpSolveTime[0] lb[40839.4] ub[76103] size: [188385] time: [1705]
STATS - lpIterations[1] lagIterations[976] sspIterations[976] numSeparations[975] numCuts[0] compileTime[137] sspSolveTime[724] lpSolveTime[0] lb[40843.8] ub[76103] size: [188392] time: [1713]
STATS - lpIterations[1] lagIterations[979] sspIterations[979] numSeparations[978] numCuts[0] compileTime[137] sspSolveTime[726] lpSolveTime[0] lb[40846.1] ub[76103] size: [188394] time: [1718]
STATS - lpIterations[1] lagIterations[983] sspIterations[983] numSeparations[982] numCuts[0] compileTime[137] sspSolveTime[729] lpSolveTime[0] lb[40858.4] ub[76103] size: [188398] time: [1724]
STATS - lpIterations[1] lagIterations[985] sspIterations[985] numSeparations[984] numCuts[0] compileTime[137] sspSolveTime[731] lpSolveTime[0] lb[40860.1] ub[76103] size: [188401] time: [1727]
STATS - lpIterations[1] lagIterations[999] sspIterations[999] numSeparations[998] numCuts[0] compileTime[137] sspSolveTime[742] lpSolveTime[0] lb[40864.8] ub[76103] size: [188410] time: [1750]
STATS - lpIterations[1] lagIterations[1000] sspIterations[1000] numSeparations[999] numCuts[0] compileTime[137] sspSolveTime[742] lpSolveTime[0] lb[40869.5] ub[76103] size: [188411] time: [1752]
STATS - lpIterations[1] lagIterations[1001] sspIterations[1001] numSeparations[1000] numCuts[0] compileTime[137] sspSolveTime[743] lpSolveTime[0] lb[40872.2] ub[76103] size: [188411] time: [1754]
STATS - lpIterations[1] lagIterations[1003] sspIterations[1003] numSeparations[1002] numCuts[0] compileTime[137] sspSolveTime[745] lpSolveTime[0] lb[40881] ub[76103] size: [188411] time: [1757]
STATS - lpIterations[1] lagIterations[1010] sspIterations[1010] numSeparations[1009] numCuts[0] compileTime[137] sspSolveTime[750] lpSolveTime[0] lb[40882.3] ub[76103] size: [188418] time: [1768]
STATS - lpIterations[1] lagIterations[1023] sspIterations[1023] numSeparations[1022] numCuts[0] compileTime[137] sspSolveTime[760] lpSolveTime[0] lb[40886.1] ub[76103] size: [188426] time: [1790]
STATS - lpIterations[1] lagIterations[1024] sspIterations[1024] numSeparations[1023] numCuts[0] compileTime[137] sspSolveTime[761] lpSolveTime[0] lb[40890.7] ub[76103] size: [188427] time: [1792]
STATS - lpIterations[1] lagIterations[1028] sspIterations[1028] numSeparations[1027] numCuts[0] compileTime[137] sspSolveTime[764] lpSolveTime[0] lb[40907.8] ub[76103] size: [188431] time: [1798]
STATS - lpIterations[1] lagIterations[1034] sspIterations[1034] numSeparations[1033] numCuts[0] compileTime[137] sspSolveTime[768] lpSolveTime[0] lb[40916] ub[76103] size: [188436] time: [1808]
STATS - lpIterations[1] lagIterations[1035] sspIterations[1035] numSeparations[1034] numCuts[0] compileTime[137] sspSolveTime[769] lpSolveTime[0] lb[40922.3] ub[76103] size: [188436] time: [1810]
STATS - lpIterations[1] lagIterations[1045] sspIterations[1045] numSeparations[1044] numCuts[0] compileTime[137] sspSolveTime[776] lpSolveTime[0] lb[40931.6] ub[76103] size: [188445] time: [1825]
STATS - lpIterations[1] lagIterations[1048] sspIterations[1048] numSeparations[1047] numCuts[0] compileTime[137] sspSolveTime[779] lpSolveTime[0] lb[40936.8] ub[76103] size: [188448] time: [1830]
STATS - lpIterations[1] lagIterations[1049] sspIterations[1049] numSeparations[1048] numCuts[0] compileTime[137] sspSolveTime[779] lpSolveTime[0] lb[40938] ub[76103] size: [188449] time: [1832]
STATS - lpIterations[1] lagIterations[1057] sspIterations[1057] numSeparations[1056] numCuts[0] compileTime[137] sspSolveTime[785] lpSolveTime[0] lb[40941.3] ub[76103] size: [188457] time: [1845]
STATS - lpIterations[1] lagIterations[1064] sspIterations[1064] numSeparations[1063] numCuts[0] compileTime[137] sspSolveTime[791] lpSolveTime[0] lb[40943.2] ub[76103] size: [188464] time: [1856]
STATS - lpIterations[1] lagIterations[1067] sspIterations[1067] numSeparations[1066] numCuts[0] compileTime[137] sspSolveTime[793] lpSolveTime[0] lb[40946.6] ub[76103] size: [188468] time: [1861]
STATS - lpIterations[1] lagIterations[1068] sspIterations[1068] numSeparations[1067] numCuts[0] compileTime[137] sspSolveTime[794] lpSolveTime[0] lb[40953.3] ub[76103] size: [188469] time: [1862]
STATS - lpIterations[1] lagIterations[1071] sspIterations[1071] numSeparations[1070] numCuts[0] compileTime[137] sspSolveTime[796] lpSolveTime[0] lb[40965.5] ub[76103] size: [188471] time: [1867]
STATS - lpIterations[1] lagIterations[1072] sspIterations[1072] numSeparations[1071] numCuts[0] compileTime[137] sspSolveTime[796] lpSolveTime[0] lb[40974.4] ub[76103] size: [188472] time: [1869]
STATS - lpIterations[1] lagIterations[1088] sspIterations[1088] numSeparations[1087] numCuts[0] compileTime[137] sspSolveTime[808] lpSolveTime[0] lb[40981.5] ub[76103] size: [188481] time: [1894]
STATS - lpIterations[1] lagIterations[1096] sspIterations[1096] numSeparations[1095] numCuts[0] compileTime[137] sspSolveTime[814] lpSolveTime[0] lb[40985.7] ub[76103] size: [188490] time: [1908]
STATS - lpIterations[1] lagIterations[1100] sspIterations[1100] numSeparations[1099] numCuts[0] compileTime[137] sspSolveTime[817] lpSolveTime[0] lb[40987.2] ub[76103] size: [188496] time: [1914]
STATS - lpIterations[1] lagIterations[1101] sspIterations[1101] numSeparations[1100] numCuts[0] compileTime[137] sspSolveTime[818] lpSolveTime[0] lb[41003.9] ub[76103] size: [188496] time: [1916]
STATS - lpIterations[1] lagIterations[1106] sspIterations[1106] numSeparations[1105] numCuts[0] compileTime[137] sspSolveTime[822] lpSolveTime[0] lb[41008.1] ub[76103] size: [188498] time: [1923]
STATS - lpIterations[1] lagIterations[1116] sspIterations[1116] numSeparations[1115] numCuts[0] compileTime[137] sspSolveTime[829] lpSolveTime[0] lb[41008.4] ub[76103] size: [188511] time: [1940]
STATS - lpIterations[1] lagIterations[1123] sspIterations[1123] numSeparations[1122] numCuts[0] compileTime[137] sspSolveTime[834] lpSolveTime[0] lb[41014.5] ub[76103] size: [188517] time: [1951]
STATS - lpIterations[1] lagIterations[1124] sspIterations[1124] numSeparations[1123] numCuts[0] compileTime[137] sspSolveTime[835] lpSolveTime[0] lb[41015.1] ub[76103] size: [188518] time: [1953]
STATS - lpIterations[1] lagIterations[1129] sspIterations[1129] numSeparations[1128] numCuts[0] compileTime[137] sspSolveTime[839] lpSolveTime[0] lb[41033.9] ub[76103] size: [188522] time: [1961]
STATS - lpIterations[1] lagIterations[1130] sspIterations[1130] numSeparations[1129] numCuts[0] compileTime[137] sspSolveTime[840] lpSolveTime[0] lb[41035.8] ub[76103] size: [188523] time: [1962]
STATS - lpIterations[1] lagIterations[1143] sspIterations[1143] numSeparations[1142] numCuts[0] compileTime[137] sspSolveTime[850] lpSolveTime[0] lb[41054] ub[76103] size: [188536] time: [1985]
STATS - lpIterations[1] lagIterations[1150] sspIterations[1150] numSeparations[1149] numCuts[0] compileTime[137] sspSolveTime[855] lpSolveTime[0] lb[41055.5] ub[76103] size: [188541] time: [1996]
STATS - lpIterations[1] lagIterations[1156] sspIterations[1156] numSeparations[1155] numCuts[0] compileTime[137] sspSolveTime[860] lpSolveTime[0] lb[41056.5] ub[76103] size: [188549] time: [2006]
STATS - lpIterations[1] lagIterations[1161] sspIterations[1161] numSeparations[1160] numCuts[0] compileTime[137] sspSolveTime[863] lpSolveTime[0] lb[41057.3] ub[76103] size: [188553] time: [2014]
STATS - lpIterations[1] lagIterations[1164] sspIterations[1164] numSeparations[1163] numCuts[0] compileTime[137] sspSolveTime[866] lpSolveTime[0] lb[41060.1] ub[76103] size: [188556] time: [2019]
STATS - lpIterations[1] lagIterations[1166] sspIterations[1166] numSeparations[1165] numCuts[0] compileTime[137] sspSolveTime[867] lpSolveTime[0] lb[41077.6] ub[76103] size: [188558] time: [2022]
STATS - lpIterations[1] lagIterations[1178] sspIterations[1178] numSeparations[1177] numCuts[0] compileTime[137] sspSolveTime[876] lpSolveTime[0] lb[41091.6] ub[76103] size: [188570] time: [2041]
STATS - lpIterations[1] lagIterations[1191] sspIterations[1191] numSeparations[1190] numCuts[0] compileTime[137] sspSolveTime[886] lpSolveTime[0] lb[41100.2] ub[76103] size: [188580] time: [2062]
STATS - lpIterations[1] lagIterations[1196] sspIterations[1196] numSeparations[1195] numCuts[0] compileTime[137] sspSolveTime[889] lpSolveTime[0] lb[41106.6] ub[76103] size: [188584] time: [2070]
STATS - lpIterations[1] lagIterations[1197] sspIterations[1197] numSeparations[1196] numCuts[0] compileTime[137] sspSolveTime[890] lpSolveTime[0] lb[41113.8] ub[76103] size: [188585] time: [2072]
STATS - lpIterations[1] lagIterations[1198] sspIterations[1198] numSeparations[1197] numCuts[0] compileTime[137] sspSolveTime[891] lpSolveTime[0] lb[41116.1] ub[76103] size: [188586] time: [2074]
STATS - lpIterations[1] lagIterations[1199] sspIterations[1199] numSeparations[1198] numCuts[0] compileTime[137] sspSolveTime[892] lpSolveTime[0] lb[41117] ub[76103] size: [188588] time: [2075]
STATS - lpIterations[1] lagIterations[1212] sspIterations[1212] numSeparations[1211] numCuts[0] compileTime[137] sspSolveTime[901] lpSolveTime[0] lb[41126.1] ub[76103] size: [188594] time: [2096]
STATS - lpIterations[1] lagIterations[1214] sspIterations[1214] numSeparations[1213] numCuts[0] compileTime[137] sspSolveTime[903] lpSolveTime[0] lb[41130.7] ub[76103] size: [188596] time: [2100]
STATS - lpIterations[1] lagIterations[1217] sspIterations[1217] numSeparations[1216] numCuts[0] compileTime[137] sspSolveTime[905] lpSolveTime[0] lb[41140] ub[76103] size: [188597] time: [2104]
STATS - lpIterations[1] lagIterations[1229] sspIterations[1229] numSeparations[1228] numCuts[0] compileTime[137] sspSolveTime[914] lpSolveTime[0] lb[41141.8] ub[76103] size: [188609] time: [2124]
STATS - lpIterations[1] lagIterations[1231] sspIterations[1231] numSeparations[1230] numCuts[0] compileTime[137] sspSolveTime[916] lpSolveTime[0] lb[41145.3] ub[76103] size: [188611] time: [2127]
STATS - lpIterations[1] lagIterations[1234] sspIterations[1234] numSeparations[1233] numCuts[0] compileTime[137] sspSolveTime[918] lpSolveTime[0] lb[41154.8] ub[76103] size: [188612] time: [2132]
STATS - lpIterations[1] lagIterations[1235] sspIterations[1235] numSeparations[1234] numCuts[0] compileTime[137] sspSolveTime[919] lpSolveTime[0] lb[41163.5] ub[76103] size: [188612] time: [2134]
STATS - lpIterations[1] lagIterations[1253] sspIterations[1253] numSeparations[1252] numCuts[0] compileTime[137] sspSolveTime[932] lpSolveTime[0] lb[41171.3] ub[76103] size: [188626] time: [2163]
STATS - lpIterations[1] lagIterations[1264] sspIterations[1264] numSeparations[1263] numCuts[0] compileTime[137] sspSolveTime[940] lpSolveTime[0] lb[41177] ub[76103] size: [188635] time: [2181]
STATS - lpIterations[1] lagIterations[1266] sspIterations[1266] numSeparations[1265] numCuts[0] compileTime[137] sspSolveTime[942] lpSolveTime[0] lb[41189.1] ub[76103] size: [188635] time: [2184]
STATS - lpIterations[1] lagIterations[1287] sspIterations[1287] numSeparations[1286] numCuts[0] compileTime[137] sspSolveTime[958] lpSolveTime[0] lb[41196.3] ub[76103] size: [188656] time: [2218]
STATS - lpIterations[1] lagIterations[1300] sspIterations[1300] numSeparations[1299] numCuts[0] compileTime[137] sspSolveTime[967] lpSolveTime[0] lb[41200.8] ub[76103] size: [188669] time: [2239]
STATS - lpIterations[1] lagIterations[1301] sspIterations[1301] numSeparations[1300] numCuts[0] compileTime[137] sspSolveTime[968] lpSolveTime[0] lb[41208.9] ub[76103] size: [188670] time: [2241]
STATS - lpIterations[1] lagIterations[1314] sspIterations[1314] numSeparations[1313] numCuts[0] compileTime[137] sspSolveTime[978] lpSolveTime[0] lb[41219.3] ub[76103] size: [188683] time: [2262]
STATS - lpIterations[1] lagIterations[1325] sspIterations[1325] numSeparations[1324] numCuts[0] compileTime[137] sspSolveTime[986] lpSolveTime[0] lb[41223.2] ub[76103] size: [188695] time: [2280]
STATS - lpIterations[1] lagIterations[1328] sspIterations[1328] numSeparations[1327] numCuts[0] compileTime[137] sspSolveTime[989] lpSolveTime[0] lb[41226.8] ub[76103] size: [188696] time: [2285]
STATS - lpIterations[1] lagIterations[1335] sspIterations[1335] numSeparations[1334] numCuts[0] compileTime[137] sspSolveTime[994] lpSolveTime[0] lb[41238.3] ub[76103] size: [188700] time: [2296]
STATS - lpIterations[1] lagIterations[1348] sspIterations[1348] numSeparations[1347] numCuts[0] compileTime[137] sspSolveTime[1004] lpSolveTime[0] lb[41242.5] ub[76103] size: [188707] time: [2318]
STATS - lpIterations[1] lagIterations[1349] sspIterations[1349] numSeparations[1348] numCuts[0] compileTime[137] sspSolveTime[1004] lpSolveTime[0] lb[41247.4] ub[76103] size: [188708] time: [2319]
STATS - lpIterations[1] lagIterations[1351] sspIterations[1351] numSeparations[1350] numCuts[0] compileTime[137] sspSolveTime[1006] lpSolveTime[0] lb[41249.3] ub[76103] size: [188710] time: [2322]
STATS - lpIterations[1] lagIterations[1355] sspIterations[1355] numSeparations[1354] numCuts[0] compileTime[137] sspSolveTime[1009] lpSolveTime[0] lb[41265.8] ub[76103] size: [188713] time: [2329]
STATS - lpIterations[1] lagIterations[1372] sspIterations[1372] numSeparations[1371] numCuts[0] compileTime[137] sspSolveTime[1022] lpSolveTime[0] lb[41272.4] ub[76103] size: [188725] time: [2356]
STATS - lpIterations[1] lagIterations[1390] sspIterations[1390] numSeparations[1389] numCuts[0] compileTime[137] sspSolveTime[1035] lpSolveTime[0] lb[41283.4] ub[76103] size: [188737] time: [2385]
STATS - lpIterations[1] lagIterations[1403] sspIterations[1403] numSeparations[1402] numCuts[0] compileTime[137] sspSolveTime[1045] lpSolveTime[0] lb[41284.7] ub[76103] size: [188745] time: [2407]
STATS - lpIterations[1] lagIterations[1405] sspIterations[1405] numSeparations[1404] numCuts[0] compileTime[137] sspSolveTime[1046] lpSolveTime[0] lb[41301.6] ub[76103] size: [188746] time: [2410]
STATS - lpIterations[1] lagIterations[1406] sspIterations[1406] numSeparations[1405] numCuts[0] compileTime[137] sspSolveTime[1047] lpSolveTime[0] lb[41302.6] ub[76103] size: [188747] time: [2412]
STATS - lpIterations[1] lagIterations[1409] sspIterations[1409] numSeparations[1408] numCuts[0] compileTime[137] sspSolveTime[1049] lpSolveTime[0] lb[41308.3] ub[76103] size: [188749] time: [2417]
STATS - lpIterations[1] lagIterations[1410] sspIterations[1410] numSeparations[1409] numCuts[0] compileTime[137] sspSolveTime[1050] lpSolveTime[0] lb[41311.1] ub[76103] size: [188749] time: [2418]
STATS - lpIterations[1] lagIterations[1422] sspIterations[1422] numSeparations[1421] numCuts[0] compileTime[137] sspSolveTime[1059] lpSolveTime[0] lb[41315.3] ub[76103] size: [188760] time: [2438]
STATS - lpIterations[1] lagIterations[1424] sspIterations[1424] numSeparations[1423] numCuts[0] compileTime[137] sspSolveTime[1060] lpSolveTime[0] lb[41315.8] ub[76103] size: [188761] time: [2441]
STATS - lpIterations[1] lagIterations[1425] sspIterations[1425] numSeparations[1424] numCuts[0] compileTime[137] sspSolveTime[1061] lpSolveTime[0] lb[41322.2] ub[76103] size: [188762] time: [2443]
STATS - lpIterations[1] lagIterations[1437] sspIterations[1437] numSeparations[1436] numCuts[0] compileTime[137] sspSolveTime[1070] lpSolveTime[0] lb[41323.5] ub[76103] size: [188774] time: [2462]
STATS - lpIterations[1] lagIterations[1438] sspIterations[1438] numSeparations[1437] numCuts[0] compileTime[137] sspSolveTime[1071] lpSolveTime[0] lb[41324.3] ub[76103] size: [188774] time: [2464]
STATS - lpIterations[1] lagIterations[1447] sspIterations[1447] numSeparations[1446] numCuts[0] compileTime[137] sspSolveTime[1078] lpSolveTime[0] lb[41332.5] ub[76103] size: [188778] time: [2478]
STATS - lpIterations[1] lagIterations[1448] sspIterations[1448] numSeparations[1447] numCuts[0] compileTime[137] sspSolveTime[1079] lpSolveTime[0] lb[41336.1] ub[76103] size: [188779] time: [2480]
STATS - lpIterations[1] lagIterations[1450] sspIterations[1450] numSeparations[1449] numCuts[0] compileTime[137] sspSolveTime[1080] lpSolveTime[0] lb[41341.5] ub[76103] size: [188781] time: [2483]
STATS - lpIterations[1] lagIterations[1468] sspIterations[1468] numSeparations[1467] numCuts[0] compileTime[137] sspSolveTime[1094] lpSolveTime[0] lb[41351.1] ub[76103] size: [188792] time: [2513]
STATS - lpIterations[1] lagIterations[1469] sspIterations[1469] numSeparations[1468] numCuts[0] compileTime[137] sspSolveTime[1094] lpSolveTime[0] lb[41354.7] ub[76103] size: [188795] time: [2514]
STATS - lpIterations[1] lagIterations[1488] sspIterations[1488] numSeparations[1487] numCuts[0] compileTime[137] sspSolveTime[1108] lpSolveTime[0] lb[41358] ub[76103] size: [188814] time: [2545]
STATS - lpIterations[1] lagIterations[1489] sspIterations[1489] numSeparations[1488] numCuts[0] compileTime[137] sspSolveTime[1109] lpSolveTime[0] lb[41374.4] ub[76103] size: [188816] time: [2546]
STATS - lpIterations[1] lagIterations[1507] sspIterations[1507] numSeparations[1506] numCuts[0] compileTime[137] sspSolveTime[1122] lpSolveTime[0] lb[41378.6] ub[76103] size: [188835] time: [2575]
STATS - lpIterations[1] lagIterations[1510] sspIterations[1510] numSeparations[1509] numCuts[0] compileTime[137] sspSolveTime[1125] lpSolveTime[0] lb[41382.8] ub[76103] size: [188838] time: [2580]
STATS - lpIterations[1] lagIterations[1511] sspIterations[1511] numSeparations[1510] numCuts[0] compileTime[137] sspSolveTime[1125] lpSolveTime[0] lb[41390] ub[76103] size: [188839] time: [2582]
STATS - lpIterations[1] lagIterations[1521] sspIterations[1521] numSeparations[1520] numCuts[0] compileTime[137] sspSolveTime[1133] lpSolveTime[0] lb[41391.9] ub[76103] size: [188847] time: [2598]
STATS - lpIterations[1] lagIterations[1534] sspIterations[1534] numSeparations[1533] numCuts[0] compileTime[137] sspSolveTime[1142] lpSolveTime[0] lb[41406.1] ub[76103] size: [188858] time: [2618]
STATS - lpIterations[1] lagIterations[1553] sspIterations[1553] numSeparations[1552] numCuts[0] compileTime[137] sspSolveTime[1157] lpSolveTime[0] lb[41408.5] ub[76103] size: [188869] time: [2649]
STATS - lpIterations[1] lagIterations[1559] sspIterations[1559] numSeparations[1558] numCuts[0] compileTime[137] sspSolveTime[1161] lpSolveTime[0] lb[41423.3] ub[76103] size: [188874] time: [2659]
STATS - lpIterations[1] lagIterations[1572] sspIterations[1572] numSeparations[1571] numCuts[0] compileTime[137] sspSolveTime[1171] lpSolveTime[0] lb[41423.8] ub[76103] size: [188883] time: [2680]
STATS - lpIterations[1] lagIterations[1584] sspIterations[1584] numSeparations[1583] numCuts[0] compileTime[137] sspSolveTime[1180] lpSolveTime[0] lb[41424.9] ub[76103] size: [188894] time: [2699]
STATS - lpIterations[1] lagIterations[1586] sspIterations[1586] numSeparations[1585] numCuts[0] compileTime[137] sspSolveTime[1181] lpSolveTime[0] lb[41440.4] ub[76103] size: [188894] time: [2702]
STATS - lpIterations[1] lagIterations[1598] sspIterations[1598] numSeparations[1597] numCuts[0] compileTime[137] sspSolveTime[1190] lpSolveTime[0] lb[41441.8] ub[76103] size: [188903] time: [2721]
STATS - lpIterations[1] lagIterations[1608] sspIterations[1608] numSeparations[1607] numCuts[0] compileTime[137] sspSolveTime[1197] lpSolveTime[0] lb[41448.7] ub[76103] size: [188910] time: [2737]
STATS - lpIterations[1] lagIterations[1616] sspIterations[1616] numSeparations[1615] numCuts[0] compileTime[137] sspSolveTime[1203] lpSolveTime[0] lb[41466.5] ub[76103] size: [188919] time: [2750]
STATS - lpIterations[1] lagIterations[1632] sspIterations[1632] numSeparations[1631] numCuts[0] compileTime[137] sspSolveTime[1215] lpSolveTime[0] lb[41472.7] ub[76103] size: [188930] time: [2776]
STATS - lpIterations[1] lagIterations[1643] sspIterations[1643] numSeparations[1642] numCuts[0] compileTime[137] sspSolveTime[1223] lpSolveTime[0] lb[41487.7] ub[76103] size: [188938] time: [2793]
STATS - lpIterations[1] lagIterations[1656] sspIterations[1656] numSeparations[1655] numCuts[0] compileTime[137] sspSolveTime[1233] lpSolveTime[0] lb[41489.5] ub[76103] size: [188951] time: [2814]
STATS - lpIterations[1] lagIterations[1657] sspIterations[1657] numSeparations[1656] numCuts[0] compileTime[137] sspSolveTime[1233] lpSolveTime[0] lb[41490.5] ub[76103] size: [188952] time: [2815]
STATS - lpIterations[1] lagIterations[1662] sspIterations[1662] numSeparations[1661] numCuts[0] compileTime[137] sspSolveTime[1237] lpSolveTime[0] lb[41492.1] ub[76103] size: [188956] time: [2824]
STATS - lpIterations[1] lagIterations[1665] sspIterations[1665] numSeparations[1664] numCuts[0] compileTime[137] sspSolveTime[1239] lpSolveTime[0] lb[41494.2] ub[76103] size: [188959] time: [2829]
STATS - lpIterations[1] lagIterations[1668] sspIterations[1668] numSeparations[1667] numCuts[0] compileTime[137] sspSolveTime[1242] lpSolveTime[0] lb[41501.7] ub[76103] size: [188961] time: [2833]
STATS - lpIterations[1] lagIterations[1685] sspIterations[1685] numSeparations[1684] numCuts[0] compileTime[137] sspSolveTime[1254] lpSolveTime[0] lb[41506.4] ub[76103] size: [188976] time: [2861]
STATS - lpIterations[1] lagIterations[1700] sspIterations[1700] numSeparations[1699] numCuts[0] compileTime[137] sspSolveTime[1266] lpSolveTime[0] lb[41509.7] ub[76103] size: [188987] time: [2885]
STATS - lpIterations[1] lagIterations[1701] sspIterations[1701] numSeparations[1700] numCuts[0] compileTime[137] sspSolveTime[1266] lpSolveTime[0] lb[41532.1] ub[76103] size: [188988] time: [2887]
STATS - lpIterations[1] lagIterations[1717] sspIterations[1717] numSeparations[1716] numCuts[0] compileTime[137] sspSolveTime[1278] lpSolveTime[0] lb[41535] ub[76103] size: [189003] time: [2912]
STATS - lpIterations[1] lagIterations[1726] sspIterations[1726] numSeparations[1725] numCuts[0] compileTime[137] sspSolveTime[1285] lpSolveTime[0] lb[41535.9] ub[76103] size: [189010] time: [2927]
STATS - lpIterations[1] lagIterations[1729] sspIterations[1729] numSeparations[1728] numCuts[0] compileTime[137] sspSolveTime[1287] lpSolveTime[0] lb[41540.4] ub[76103] size: [189015] time: [2932]
STATS - lpIterations[1] lagIterations[1740] sspIterations[1740] numSeparations[1739] numCuts[0] compileTime[137] sspSolveTime[1295] lpSolveTime[0] lb[41547.8] ub[76103] size: [189024] time: [2950]
STATS - lpIterations[1] lagIterations[1752] sspIterations[1752] numSeparations[1751] numCuts[0] compileTime[137] sspSolveTime[1304] lpSolveTime[0] lb[41554.8] ub[76103] size: [189034] time: [2969]
STATS - lpIterations[1] lagIterations[1755] sspIterations[1755] numSeparations[1754] numCuts[0] compileTime[137] sspSolveTime[1306] lpSolveTime[0] lb[41556.5] ub[76103] size: [189035] time: [2974]
STATS - lpIterations[1] lagIterations[1756] sspIterations[1756] numSeparations[1755] numCuts[0] compileTime[137] sspSolveTime[1307] lpSolveTime[0] lb[41559.2] ub[76103] size: [189036] time: [2975]
STATS - lpIterations[1] lagIterations[1765] sspIterations[1765] numSeparations[1764] numCuts[0] compileTime[137] sspSolveTime[1314] lpSolveTime[0] lb[41562.4] ub[76103] size: [189042] time: [2990]
STATS - lpIterations[1] lagIterations[1773] sspIterations[1773] numSeparations[1772] numCuts[0] compileTime[137] sspSolveTime[1319] lpSolveTime[0] lb[41564.3] ub[76103] size: [189050] time: [3002]
STATS - lpIterations[1] lagIterations[1774] sspIterations[1774] numSeparations[1773] numCuts[0] compileTime[137] sspSolveTime[1320] lpSolveTime[0] lb[41566.4] ub[76103] size: [189050] time: [3004]
STATS - lpIterations[1] lagIterations[1776] sspIterations[1776] numSeparations[1775] numCuts[0] compileTime[137] sspSolveTime[1322] lpSolveTime[0] lb[41572.5] ub[76103] size: [189054] time: [3007]
STATS - lpIterations[1] lagIterations[1787] sspIterations[1787] numSeparations[1786] numCuts[0] compileTime[137] sspSolveTime[1330] lpSolveTime[0] lb[41587.8] ub[76103] size: [189063] time: [3024]
STATS - lpIterations[1] lagIterations[1805] sspIterations[1805] numSeparations[1804] numCuts[0] compileTime[137] sspSolveTime[1343] lpSolveTime[0] lb[41594] ub[76103] size: [189074] time: [3053]
STATS - lpIterations[1] lagIterations[1817] sspIterations[1817] numSeparations[1816] numCuts[0] compileTime[137] sspSolveTime[1352] lpSolveTime[0] lb[41599.7] ub[76103] size: [189090] time: [3073]
STATS - lpIterations[1] lagIterations[1827] sspIterations[1827] numSeparations[1826] numCuts[0] compileTime[137] sspSolveTime[1359] lpSolveTime[0] lb[41604.6] ub[76103] size: [189096] time: [3089]
STATS - lpIterations[1] lagIterations[1841] sspIterations[1841] numSeparations[1840] numCuts[0] compileTime[137] sspSolveTime[1370] lpSolveTime[0] lb[41607] ub[76103] size: [189103] time: [3112]
STATS - lpIterations[1] lagIterations[1842] sspIterations[1842] numSeparations[1841] numCuts[0] compileTime[137] sspSolveTime[1371] lpSolveTime[0] lb[41607.3] ub[76103] size: [189103] time: [3113]
STATS - lpIterations[1] lagIterations[1843] sspIterations[1843] numSeparations[1842] numCuts[0] compileTime[137] sspSolveTime[1372] lpSolveTime[0] lb[41608.7] ub[76103] size: [189105] time: [3115]
STATS - lpIterations[1] lagIterations[1844] sspIterations[1844] numSeparations[1843] numCuts[0] compileTime[137] sspSolveTime[1372] lpSolveTime[0] lb[41614.1] ub[76103] size: [189106] time: [3117]
STATS - lpIterations[1] lagIterations[1857] sspIterations[1857] numSeparations[1856] numCuts[0] compileTime[137] sspSolveTime[1382] lpSolveTime[0] lb[41617.2] ub[76103] size: [189116] time: [3137]
STATS - lpIterations[1] lagIterations[1870] sspIterations[1870] numSeparations[1869] numCuts[0] compileTime[137] sspSolveTime[1392] lpSolveTime[0] lb[41620.2] ub[76103] size: [189126] time: [3159]
STATS - lpIterations[1] lagIterations[1872] sspIterations[1872] numSeparations[1871] numCuts[0] compileTime[137] sspSolveTime[1393] lpSolveTime[0] lb[41620.7] ub[76103] size: [189127] time: [3162]
STATS - lpIterations[1] lagIterations[1873] sspIterations[1873] numSeparations[1872] numCuts[0] compileTime[137] sspSolveTime[1394] lpSolveTime[0] lb[41631.3] ub[76103] size: [189128] time: [3163]
STATS - lpIterations[1] lagIterations[1875] sspIterations[1875] numSeparations[1874] numCuts[0] compileTime[137] sspSolveTime[1395] lpSolveTime[0] lb[41637] ub[76103] size: [189129] time: [3167]
STATS - lpIterations[1] lagIterations[1876] sspIterations[1876] numSeparations[1875] numCuts[0] compileTime[137] sspSolveTime[1396] lpSolveTime[0] lb[41638.2] ub[76103] size: [189129] time: [3168]
STATS - lpIterations[1] lagIterations[1890] sspIterations[1890] numSeparations[1889] numCuts[0] compileTime[137] sspSolveTime[1407] lpSolveTime[0] lb[41639.4] ub[76103] size: [189148] time: [3191]
STATS - lpIterations[1] lagIterations[1891] sspIterations[1891] numSeparations[1890] numCuts[0] compileTime[137] sspSolveTime[1407] lpSolveTime[0] lb[41641.8] ub[76103] size: [189148] time: [3193]
STATS - lpIterations[1] lagIterations[1892] sspIterations[1892] numSeparations[1891] numCuts[0] compileTime[137] sspSolveTime[1408] lpSolveTime[0] lb[41645.2] ub[76103] size: [189149] time: [3194]
STATS - lpIterations[1] lagIterations[1902] sspIterations[1902] numSeparations[1901] numCuts[0] compileTime[137] sspSolveTime[1416] lpSolveTime[0] lb[41647.1] ub[76103] size: [189156] time: [3210]
STATS - lpIterations[1] lagIterations[1913] sspIterations[1913] numSeparations[1912] numCuts[0] compileTime[137] sspSolveTime[1424] lpSolveTime[0] lb[41648.5] ub[76103] size: [189166] time: [3228]
STATS - lpIterations[1] lagIterations[1916] sspIterations[1916] numSeparations[1915] numCuts[0] compileTime[137] sspSolveTime[1426] lpSolveTime[0] lb[41649.8] ub[76103] size: [189167] time: [3233]
STATS - lpIterations[1] lagIterations[1925] sspIterations[1925] numSeparations[1924] numCuts[0] compileTime[137] sspSolveTime[1433] lpSolveTime[0] lb[41650.9] ub[76103] size: [189178] time: [3248]
STATS - lpIterations[1] lagIterations[1926] sspIterations[1926] numSeparations[1925] numCuts[0] compileTime[137] sspSolveTime[1434] lpSolveTime[0] lb[41659.4] ub[76103] size: [189179] time: [3249]
STATS - lpIterations[1] lagIterations[1928] sspIterations[1928] numSeparations[1927] numCuts[0] compileTime[137] sspSolveTime[1435] lpSolveTime[0] lb[41659.5] ub[76103] size: [189181] time: [3252]
STATS - lpIterations[1] lagIterations[1934] sspIterations[1934] numSeparations[1933] numCuts[0] compileTime[137] sspSolveTime[1439] lpSolveTime[0] lb[41663.3] ub[76103] size: [189184] time: [3262]
STATS - lpIterations[1] lagIterations[1944] sspIterations[1944] numSeparations[1943] numCuts[0] compileTime[137] sspSolveTime[1447] lpSolveTime[0] lb[41666.9] ub[76103] size: [189194] time: [3278]
STATS - lpIterations[1] lagIterations[1946] sspIterations[1946] numSeparations[1945] numCuts[0] compileTime[137] sspSolveTime[1448] lpSolveTime[0] lb[41670.1] ub[76103] size: [189195] time: [3281]
STATS - lpIterations[1] lagIterations[1950] sspIterations[1950] numSeparations[1949] numCuts[0] compileTime[137] sspSolveTime[1451] lpSolveTime[0] lb[41675.1] ub[76103] size: [189197] time: [3287]
STATS - lpIterations[1] lagIterations[1960] sspIterations[1960] numSeparations[1959] numCuts[0] compileTime[137] sspSolveTime[1458] lpSolveTime[0] lb[41675.1] ub[76103] size: [189205] time: [3303]
STATS - lpIterations[1] lagIterations[1976] sspIterations[1976] numSeparations[1975] numCuts[0] compileTime[137] sspSolveTime[1470] lpSolveTime[0] lb[41676.5] ub[76103] size: [189216] time: [3329]
STATS - lpIterations[1] lagIterations[1977] sspIterations[1977] numSeparations[1976] numCuts[0] compileTime[137] sspSolveTime[1471] lpSolveTime[0] lb[41689.4] ub[76103] size: [189217] time: [3331]
STATS - lpIterations[1] lagIterations[2002] sspIterations[2002] numSeparations[2001] numCuts[0] compileTime[137] sspSolveTime[1490] lpSolveTime[0] lb[41693.5] ub[76103] size: [189233] time: [3371]
STATS - lpIterations[1] lagIterations[2003] sspIterations[2003] numSeparations[2002] numCuts[0] compileTime[137] sspSolveTime[1491] lpSolveTime[0] lb[41694.9] ub[76103] size: [189234] time: [3373]
STATS - lpIterations[1] lagIterations[2004] sspIterations[2004] numSeparations[2003] numCuts[0] compileTime[137] sspSolveTime[1491] lpSolveTime[0] lb[41696.6] ub[76103] size: [189236] time: [3374]
STATS - lpIterations[1] lagIterations[2006] sspIterations[2006] numSeparations[2005] numCuts[0] compileTime[137] sspSolveTime[1493] lpSolveTime[0] lb[41698.1] ub[76103] size: [189238] time: [3377]
STATS - lpIterations[1] lagIterations[2018] sspIterations[2018] numSeparations[2017] numCuts[0] compileTime[137] sspSolveTime[1502] lpSolveTime[0] lb[41701.5] ub[76103] size: [189248] time: [3397]
STATS - lpIterations[1] lagIterations[2019] sspIterations[2019] numSeparations[2018] numCuts[0] compileTime[137] sspSolveTime[1503] lpSolveTime[0] lb[41704.4] ub[76103] size: [189249] time: [3399]
STATS - lpIterations[1] lagIterations[2021] sspIterations[2021] numSeparations[2020] numCuts[0] compileTime[137] sspSolveTime[1504] lpSolveTime[0] lb[41709.4] ub[76103] size: [189251] time: [3402]
STATS - lpIterations[1] lagIterations[2044] sspIterations[2044] numSeparations[2043] numCuts[0] compileTime[137] sspSolveTime[1521] lpSolveTime[0] lb[41713] ub[76103] size: [189268] time: [3439]
STATS - lpIterations[1] lagIterations[2055] sspIterations[2055] numSeparations[2054] numCuts[0] compileTime[137] sspSolveTime[1529] lpSolveTime[0] lb[41721.1] ub[76103] size: [189276] time: [3457]
STATS - lpIterations[1] lagIterations[2076] sspIterations[2076] numSeparations[2075] numCuts[0] compileTime[137] sspSolveTime[1545] lpSolveTime[0] lb[41726.6] ub[76103] size: [189295] time: [3490]
STATS - lpIterations[2] lagIterations[2078] sspIterations[2078] numSeparations[2077] numCuts[0] compileTime[137] sspSolveTime[1546] lpSolveTime[0] lb[41726.6] ub[76103] size: [189298] time: [3495]
STATS - lpIterations[2] lagIterations[2079] sspIterations[2079] numSeparations[2077] numCuts[0] compileTime[137] sspSolveTime[1547] lpSolveTime[0] lb[41726.6] ub[76103] size: [189298] time: [3495]
