fixed number of vehicles
capacity: 8000
instance upper bound: 835
route length upper bound: 33
compiling DD
time step mult: 1
time step: 10
cap step: 1
done compiling DD
batch size for lag: 1
deactivate cut value threshold: 0.01
deactivate cut iter threshold: 25
lag optimality gap to start repairing: 25
percent arcs fixed to change to CPLEX: 97.5
number arcs fixed to change to CPLEX: 100000
kappa iterations: 100
var fixing: 1
muSSP: 1
repairDuals: 1
robustCuts: 1
nonRobustCuts: 1
volume algo: 0
phases: 0
STATS - lpIterations[0] lagIterations[0] sspIterations[0] numSeparations[0] numCuts[0] compileTime[17] sspSolveTime[0] lpSolveTime[0] lb[0] ub[835] numArcs: [1151002] numFixed: [0] time: [17]
STATS1 - lpIterations[0] lagIterations[0] sspIterations[0] numSeparations[0] numCuts[0] compileTime[17] sspSolveTime[0] lpSolveTime[0] repairTime[0] cutsTime[0] lb[0] ub[835] numArcs: [1151002] numFixed: [0] time: [17]
STATS - lpIterations[1] lagIterations[0] sspIterations[0] numSeparations[0] numCuts[0] compileTime[17] sspSolveTime[0] lpSolveTime[0] lb[0] ub[835] numArcs: [1151002] numFixed: [0] time: [17]
STATS1 - lpIterations[1] lagIterations[0] sspIterations[0] numSeparations[0] numCuts[0] compileTime[17] sspSolveTime[0] lpSolveTime[0] repairTime[0] cutsTime[0] lb[0] ub[835] numArcs: [1151002] numFixed: [0] time: [17]
fixed path dual: 16.3825
STATS - lpIterations[1] lagIterations[1] sspIterations[4] numSeparations[0] numCuts[0] compileTime[17] sspSolveTime[8] lpSolveTime[0] lb[640.322] ub[835] numArcs: [1150962] numFixed: [0] time: [26]
STATS1 - lpIterations[1] lagIterations[1] sspIterations[4] numSeparations[0] numCuts[0] compileTime[17] sspSolveTime[8] lpSolveTime[0] repairTime[0] cutsTime[0] lb[640.322] ub[835] numArcs: [1150962] numFixed: [0] time: [26]
lambda: 0,11.9,5.3,3.4,14.4,0.63,1.3,32.5,15.525,10.5,13.6875,24,2.1,4.3125,29.6,8.6625,20.125,11.6875,14.7875,4.6,10.8,7.575,33.475,20.825,21.375,32.55,89,14.55,24,10.75,36.25,25.925,18.7,
mu: 
srcDuals: 
alpha: 0.16772
psiStar: 672.022
lagLB: 640.322
||gamma||^2: 189
fixing. lower bound used: 574.793
percent fixed: 0.292604
updating best lambda arc fixing
fixing. lower bound used: 574.793
fixed path dual: 21.0834
STATS - lpIterations[1] lagIterations[2] sspIterations[8] numSeparations[4] numCuts[0] compileTime[17] sspSolveTime[13] lpSolveTime[0] lb[659.629] ub[835] numArcs: [1151144] numFixed: [4003] time: [47]
STATS1 - lpIterations[1] lagIterations[2] sspIterations[8] numSeparations[4] numCuts[0] compileTime[17] sspSolveTime[13] lpSolveTime[0] repairTime[0] cutsTime[0] lb[659.629] ub[835] numArcs: [1151144] numFixed: [4003] time: [47]
lambda: 0,12.0677,5.46772,3.4,14.5677,0.126839,0.796839,30.6551,14.6864,10.5,13.8552,24.1677,2.26772,4.48022,29.7677,8.83022,20.2927,11.8552,14.9552,4.76772,10.9677,7.74272,33.6427,20.9927,21.5427,32.7177,89.1677,14.7177,24.1677,10.9177,36.4177,26.0927,18.7,
mu: 
srcDuals: 
alpha: 0.256625
psiStar: 691.964
lagLB: 659.629
||gamma||^2: 126
fixing. lower bound used: 640.826
percent fixed: 1.08122
updating best lambda arc fixing
fixing. lower bound used: 640.826
fixed path dual: 23.3344
STATS - lpIterations[1] lagIterations[3] sspIterations[12] numSeparations[8] numCuts[0] compileTime[17] sspSolveTime[14] lpSolveTime[0] lb[668.12] ub[835] numArcs: [1151563] numFixed: [7757] time: [65]
STATS1 - lpIterations[1] lagIterations[3] sspIterations[12] numSeparations[8] numCuts[0] compileTime[17] sspSolveTime[14] lpSolveTime[0] repairTime[0] cutsTime[0] lb[668.12] ub[835] numArcs: [1151563] numFixed: [7757] time: [65]
lambda: 0,12.3243,4.69784,3.65663,14.8243,0.383464,0.796839,30.3985,13.9165,9.98675,13.342,22.628,1.75447,4.73685,30.0243,9.08685,20.5493,12.1118,15.2118,5.02435,11.2243,7.99935,33.8993,21.2493,21.7993,32.9743,89.4243,14.9743,24.4243,11.1743,36.6743,26.3493,17.1602,
mu: 
srcDuals: 
alpha: 0.51481
psiStar: 700.553
lagLB: 668.12
||gamma||^2: 63
fixing. lower bound used: 659.116
percent fixed: 1.53592
updating best lambda arc fixing
fixing. lower bound used: 659.116
fixed path dual: 22.2921
STATS - lpIterations[1] lagIterations[4] sspIterations[16] numSeparations[9] numCuts[0] compileTime[17] sspSolveTime[18] lpSolveTime[0] lb[670.643] ub[835] numArcs: [1151590] numFixed: [12237] time: [87]
STATS1 - lpIterations[1] lagIterations[4] sspIterations[16] numSeparations[9] numCuts[0] compileTime[17] sspSolveTime[18] lpSolveTime[0] repairTime[1] cutsTime[0] lb[670.643] ub[835] numArcs: [1151590] numFixed: [12237] time: [87]
lambda: 0,12.3243,5.21265,4.17143,15.3392,0.898274,1.31165,30.9133,14.4313,10.5016,13.8568,23.1428,2.26928,5.25166,27.9651,8.05723,21.0642,11.0822,15.7267,5.53916,11.7392,8.51416,34.4142,21.7642,22.3142,31.9447,87.8799,15.4892,24.9392,11.6892,37.1892,26.8642,17.6751,
mu: 
srcDuals: 
alpha: 0.182161
psiStar: 702.886
lagLB: 670.643
||gamma||^2: 177
STATS - lpIterations[1] lagIterations[4] sspIterations[16] numSeparations[9] numCuts[0] compileTime[17] sspSolveTime[18] lpSolveTime[0] lb[673.578] ub[835] numArcs: [1151590] numFixed: [12237] time: [88]
STATS1 - lpIterations[1] lagIterations[4] sspIterations[16] numSeparations[9] numCuts[0] compileTime[17] sspSolveTime[18] lpSolveTime[0] repairTime[1] cutsTime[0] lb[673.578] ub[835] numArcs: [1151590] numFixed: [12237] time: [88]
lambda: 0,12.5065,5.21265,3.62495,15.5213,0,1.12949,29.0917,13.8849,9.95508,14.0389,23.1428,2.45144,5.43382,28.1473,8.23939,21.2463,11.2644,15.9088,5.72132,11.9213,8.69632,34.5963,21.9463,22.4963,32.1269,88.0621,15.6713,25.1213,11.8713,37.3713,27.0463,17.8572,
mu: 
srcDuals: 
fixing. lower bound used: 673.578
percent fixed: 1.9731
updating best lambda arc fixing
fixing. lower bound used: 673.578
fixed path dual: 26.0806
STATS - lpIterations[1] lagIterations[5] sspIterations[20] numSeparations[13] numCuts[0] compileTime[17] sspSolveTime[21] lpSolveTime[0] lb[685.628] ub[835] numArcs: [1151869] numFixed: [16583] time: [111]
STATS1 - lpIterations[1] lagIterations[5] sspIterations[20] numSeparations[13] numCuts[0] compileTime[17] sspSolveTime[21] lpSolveTime[0] repairTime[1] cutsTime[0] lb[685.628] ub[835] numArcs: [1151869] numFixed: [16583] time: [111]
lambda: 0,12.5065,5.21265,3.62495,15.5213,0,1.12949,29.0917,13.8849,9.95508,14.0389,23.1428,2.45144,5.43382,28.1473,8.23939,21.2463,11.2644,15.9088,5.72132,11.9213,8.69632,34.5963,21.9463,22.4963,32.1269,88.0621,15.6713,25.1213,11.8713,37.3713,27.0463,17.8572,
mu: 
srcDuals: 
alpha: 0.251146
psiStar: 718.277
lagLB: 685.628
||gamma||^2: 130
fixing. lower bound used: 670.474
percent fixed: 1.98064
updating best lambda arc fixing
fixing. lower bound used: 670.474
fixed path dual: 27.0688
STATS - lpIterations[1] lagIterations[6] sspIterations[24] numSeparations[17] numCuts[0] compileTime[17] sspSolveTime[22] lpSolveTime[0] lb[688.576] ub[835] numArcs: [1152261] numFixed: [16114] time: [132]
STATS1 - lpIterations[1] lagIterations[6] sspIterations[24] numSeparations[17] numCuts[0] compileTime[17] sspSolveTime[22] lpSolveTime[0] repairTime[2] cutsTime[0] lb[688.576] ub[835] numArcs: [1152261] numFixed: [16114] time: [132]
lambda: 0,12.7577,4.71036,3.62495,15.7725,0.251146,1.38063,28.8405,13.1314,8.69935,13.2855,21.8871,1.698,5.68496,28.3984,8.49053,21.4975,11.5155,16.16,5.97246,12.1725,8.94746,34.8475,22.1975,22.7475,32.378,88.3132,15.9225,25.3725,12.1225,37.6225,27.2975,16.6015,
mu: 
srcDuals: 
alpha: 0.676666
psiStar: 721.056
lagLB: 688.576
||gamma||^2: 48
fixing. lower bound used: 684.623
percent fixed: 2.8102
updating best lambda arc fixing
fixing. lower bound used: 684.623
fixed path dual: 26.6112
STATS - lpIterations[1] lagIterations[7] sspIterations[28] numSeparations[17] numCuts[0] compileTime[17] sspSolveTime[26] lpSolveTime[0] lb[696.219] ub[835] numArcs: [1152237] numFixed: [42037] time: [159]
STATS1 - lpIterations[1] lagIterations[7] sspIterations[28] numSeparations[17] numCuts[0] compileTime[17] sspSolveTime[26] lpSolveTime[0] repairTime[2] cutsTime[0] lb[696.219] ub[835] numArcs: [1152237] numFixed: [42037] time: [159]
lambda: 0,12.081,5.38703,4.30162,16.4491,0.927812,2.0573,29.5172,13.8081,9.37601,13.9622,22.5637,2.37467,6.36163,26.3684,7.81387,22.1741,10.8389,16.8366,6.64913,12.8491,9.62413,35.5241,22.8741,23.4241,31.7014,86.2832,16.5991,26.0491,12.7991,38.2991,26.6208,17.2782,
mu: 
srcDuals: 
alpha: 0.165145
psiStar: 728.753
lagLB: 696.219
||gamma||^2: 197
STATS - lpIterations[1] lagIterations[7] sspIterations[28] numSeparations[17] numCuts[0] compileTime[17] sspSolveTime[26] lpSolveTime[0] lb[697.627] ub[835] numArcs: [1152237] numFixed: [42037] time: [160]
STATS1 - lpIterations[1] lagIterations[7] sspIterations[28] numSeparations[17] numCuts[0] compileTime[17] sspSolveTime[26] lpSolveTime[0] repairTime[3] cutsTime[0] lb[697.627] ub[835] numArcs: [1152237] numFixed: [42037] time: [160]
lambda: 0,12.2461,5.38703,3.80618,16.6143,0.102086,0.901284,28.0309,13.3126,9.21087,14.1273,22.3986,2.37467,6.52677,26.5336,7.97901,22.3393,11.004,17.0018,6.81427,13.0143,9.78927,35.6893,23.0393,23.5893,31.8665,86.4484,16.7643,26.2143,12.9643,38.4643,26.7859,17.2782,
mu: 
srcDuals: 
fixing. lower bound used: 697.627
percent fixed: 5.31791
updating best lambda arc fixing
fixing. lower bound used: 697.627
fixed path dual: 30.3671
STATS - lpIterations[1] lagIterations[8] sspIterations[32] numSeparations[21] numCuts[0] compileTime[17] sspSolveTime[30] lpSolveTime[0] lb[710.087] ub[835] numArcs: [1152451] numFixed: [32187] time: [188]
STATS1 - lpIterations[1] lagIterations[8] sspIterations[32] numSeparations[21] numCuts[0] compileTime[17] sspSolveTime[30] lpSolveTime[0] repairTime[3] cutsTime[0] lb[710.087] ub[835] numArcs: [1152451] numFixed: [32187] time: [188]
lambda: 0,12.2461,5.38703,3.80618,16.6143,0.102086,0.901284,28.0309,13.3126,9.21087,14.1273,22.3986,2.37467,6.52677,26.5336,7.97901,22.3393,11.004,17.0018,6.81427,13.0143,9.78927,35.6893,23.0393,23.5893,31.8665,86.4484,16.7643,26.2143,12.9643,38.4643,26.7859,17.2782,
mu: 
srcDuals: 
alpha: 0.23151
psiStar: 742.961
lagLB: 710.087
||gamma||^2: 142
fixing. lower bound used: 695.063
percent fixed: 3.57455
fixing. lower bound used: 697.627
fixed path dual: 30.8883
STATS - lpIterations[1] lagIterations[9] sspIterations[36] numSeparations[25] numCuts[0] compileTime[17] sspSolveTime[31] lpSolveTime[0] lb[711.708] ub[835] numArcs: [1152758] numFixed: [32188] time: [215]
STATS1 - lpIterations[1] lagIterations[9] sspIterations[36] numSeparations[25] numCuts[0] compileTime[17] sspSolveTime[31] lpSolveTime[0] repairTime[3] cutsTime[0] lb[711.708] ub[835] numArcs: [1152758] numFixed: [32188] time: [215]
lambda: 0,12.4776,4.6925,3.80618,16.8458,0.333596,0.901284,27.7994,13.0811,8.97936,13.8958,20.778,1.68014,6.75828,26.7651,8.21052,22.5708,11.2355,17.2333,7.04578,13.2458,10.0208,35.9208,23.2708,23.8208,32.098,86.6799,16.9958,26.4458,13.1958,38.6958,27.0174,15.6576,
mu: 
srcDuals: 
alpha: 0.759237
psiStar: 744.356
lagLB: 711.708
||gamma||^2: 43
fixing. lower bound used: 709.624
percent fixed: 5.22964
fixing. lower bound used: 697.627
fixed path dual: 28.6166
alpha: 0.179714
psiStar: 744.059
lagLB: 707.936
||gamma||^2: 201
STATS - lpIterations[1] lagIterations[10] sspIterations[40] numSeparations[26] numCuts[0] compileTime[17] sspSolveTime[36] lpSolveTime[0] lb[714.914] ub[835] numArcs: [1152781] numFixed: [32188] time: [247]
STATS1 - lpIterations[1] lagIterations[10] sspIterations[40] numSeparations[26] numCuts[0] compileTime[17] sspSolveTime[36] lpSolveTime[0] repairTime[4] cutsTime[0] lb[714.914] ub[835] numArcs: [1152781] numFixed: [32188] time: [247]
lambda: 0,12.6574,5.45174,3.84656,17.7847,0.0145469,0.761949,27.1209,13.3012,8.84002,14.2956,21.717,2.43938,7.69723,25.4263,7.631,23.5097,10.656,16.6538,6.46626,13.4255,9.44126,33.8228,24.2097,24.7597,31.5185,85.3411,17.9347,27.3847,14.1347,39.6347,27.1972,16.4168,
mu: 
srcDuals: 
fixing. lower bound used: 714.914
percent fixed: 5.66381
updating best lambda arc fixing
fixing. lower bound used: 714.914
fixed path dual: 33.3913
STATS - lpIterations[1] lagIterations[11] sspIterations[44] numSeparations[30] numCuts[0] compileTime[17] sspSolveTime[37] lpSolveTime[0] lb[725.058] ub[835] numArcs: [1153081] numFixed: [54922] time: [277]
STATS1 - lpIterations[1] lagIterations[11] sspIterations[44] numSeparations[30] numCuts[0] compileTime[17] sspSolveTime[37] lpSolveTime[0] repairTime[4] cutsTime[0] lb[725.058] ub[835] numArcs: [1153081] numFixed: [54922] time: [277]
lambda: 0,12.6574,5.45174,3.84656,17.7847,0.0145469,0.761949,27.1209,13.3012,8.84002,14.2956,21.717,2.43938,7.69723,25.4263,7.631,23.5097,10.656,16.6538,6.46626,13.4255,9.44126,33.8228,24.2097,24.7597,31.5185,85.3411,17.9347,27.3847,14.1347,39.6347,27.1972,16.4168,
mu: 
srcDuals: 
alpha: 0.680422
psiStar: 757.718
lagLB: 725.058
||gamma||^2: 48
fixing. lower bound used: 705.959
percent fixed: 5.48204
fixing. lower bound used: 714.914
fixed path dual: 34.3284
STATS - lpIterations[1] lagIterations[12] sspIterations[48] numSeparations[32] numCuts[0] compileTime[17] sspSolveTime[38] lpSolveTime[0] lb[732.889] ub[835] numArcs: [1153243] numFixed: [54929] time: [308]
STATS1 - lpIterations[1] lagIterations[12] sspIterations[48] numSeparations[32] numCuts[0] compileTime[17] sspSolveTime[38] lpSolveTime[0] repairTime[5] cutsTime[0] lb[732.889] ub[835] numArcs: [1153243] numFixed: [54929] time: [308]
lambda: 0,11.9769,4.77131,4.52698,18.4652,0.694969,1.44237,27.8013,12.6208,8.1596,13.6152,19.6757,1.75896,8.37766,24.7459,8.31142,24.1902,11.3364,17.3342,7.14668,14.1059,10.1217,34.5032,24.8902,25.4402,32.1989,84.6607,18.6152,28.0652,14.8152,40.3152,26.5167,14.3756,
mu: 
srcDuals: 
alpha: 0.33386
psiStar: 765.607
lagLB: 732.889
||gamma||^2: 98
fixing. lower bound used: 729.14
percent fixed: 8.64009
updating best lambda arc fixing
fixing. lower bound used: 729.14
fixed path dual: 32.7565
alpha: 0.586609
psiStar: 765.318
lagLB: 726.601
||gamma||^2: 66
fixing. lower bound used: 730.729
percent fixed: 9.27286
updating best lambda arc fixing
fixing. lower bound used: 730.411
fixed path dual: 34.4374
STATS - lpIterations[1] lagIterations[14] sspIterations[56] numSeparations[36] numCuts[0] compileTime[17] sspSolveTime[46] lpSolveTime[0] lb[736.403] ub[835] numArcs: [1153500] numFixed: [92750] time: [386]
STATS1 - lpIterations[1] lagIterations[14] sspIterations[56] numSeparations[36] numCuts[0] compileTime[17] sspSolveTime[46] lpSolveTime[0] repairTime[7] cutsTime[0] lb[736.403] ub[835] numArcs: [1153500] numFixed: [92750] time: [386]
lambda: 0,12.8974,5.69178,3.68763,19.3856,0,1.18962,25.2021,12.3681,8.49346,14.5357,20.5962,2.67942,8.29655,24.4931,8.05867,25.1106,11.0837,16.9192,7.73329,14.3587,9.70671,32.7528,25.8106,26.3606,31.9462,83.7402,18.8679,28.3179,15.0679,41.2356,26.7695,15.296,
mu: 
srcDuals: 
alpha: 0.576756
psiStar: 768.701
lagLB: 736.403
||gamma||^2: 56
fixing. lower bound used: 729.679
percent fixed: 9.74936
updating best lambda arc fixing
fixing. lower bound used: 729.679
fixed path dual: 32.4591
STATS - lpIterations[1] lagIterations[15] sspIterations[60] numSeparations[36] numCuts[0] compileTime[17] sspSolveTime[48] lpSolveTime[0] lb[736.564] ub[835] numArcs: [1153471] numFixed: [120831] time: [423]
STATS1 - lpIterations[1] lagIterations[15] sspIterations[60] numSeparations[36] numCuts[0] compileTime[17] sspSolveTime[48] lpSolveTime[0] repairTime[7] cutsTime[0] lb[736.564] ub[835] numArcs: [1153471] numFixed: [120831] time: [423]
lambda: 0,13.4742,6.26854,4.26438,19.9624,0.576756,1.76638,25.7789,12.9448,9.07022,15.1124,21.1729,3.25618,8.8733,25.0699,8.63543,25.6874,11.6604,17.496,8.31005,14.9354,10.2835,33.3296,26.3874,26.9374,32.5229,82.01,18.2911,26.5876,13.3376,40.6589,26.1927,15.8728,
mu: 
srcDuals: 
alpha: 0.285933
psiStar: 768.588
lagLB: 736.564
||gamma||^2: 112
STATS - lpIterations[1] lagIterations[15] sspIterations[60] numSeparations[36] numCuts[0] compileTime[17] sspSolveTime[48] lpSolveTime[0] lb[741.134] ub[835] numArcs: [1153471] numFixed: [120831] time: [425]
STATS1 - lpIterations[1] lagIterations[15] sspIterations[60] numSeparations[36] numCuts[0] compileTime[17] sspSolveTime[48] lpSolveTime[0] repairTime[8] cutsTime[0] lb[741.134] ub[835] numArcs: [1153471] numFixed: [120831] time: [425]
lambda: 0,13.7601,5.12481,3.97845,20.2483,0.86269,2.05231,26.0648,12.3729,9.07022,14.8265,19.7432,2.11245,8.58737,25.3558,8.92136,25.9733,11.9464,17.21,8.02412,14.9354,10.5694,32.7577,26.3874,26.9374,32.8089,82.2959,18.5771,26.8736,13.6236,40.9448,26.4787,14.4431,
mu: 
srcDuals: 
fixing. lower bound used: 741.134
percent fixed: 13.4489
updating best lambda arc fixing
fixing. lower bound used: 741.134
fixed path dual: 34.6997
STATS - lpIterations[1] lagIterations[16] sspIterations[64] numSeparations[40] numCuts[0] compileTime[17] sspSolveTime[49] lpSolveTime[0] lb[742.667] ub[835] numArcs: [1153808] numFixed: [124891] time: [463]
STATS1 - lpIterations[1] lagIterations[16] sspIterations[64] numSeparations[40] numCuts[0] compileTime[17] sspSolveTime[49] lpSolveTime[0] repairTime[8] cutsTime[0] lb[742.667] ub[835] numArcs: [1153808] numFixed: [124891] time: [463]
lambda: 0,13.7601,5.12481,3.97845,20.2483,0.86269,2.05231,26.0648,12.3729,9.07022,14.8265,19.7432,2.11245,8.58737,25.3558,8.92136,25.9733,11.9464,17.21,8.02412,14.9354,10.5694,32.7577,26.3874,26.9374,32.8089,82.2959,18.5771,26.8736,13.6236,40.9448,26.4787,14.4431,
mu: 
srcDuals: 
alpha: 1.03263
psiStar: 774.678
lagLB: 742.667
||gamma||^2: 31
fixing. lower bound used: 733.704
percent fixed: 11.7163
fixing. lower bound used: 741.134
fixed path dual: 23.9485
alpha: 0.203357
psiStar: 774.405
lagLB: 706.89
||gamma||^2: 332
STATS - lpIterations[1] lagIterations[17] sspIterations[68] numSeparations[42] numCuts[0] compileTime[17] sspSolveTime[57] lpSolveTime[0] lb[743.019] ub[835] numArcs: [1153832] numFixed: [124901] time: [508]
STATS1 - lpIterations[1] lagIterations[17] sspIterations[68] numSeparations[42] numCuts[0] compileTime[17] sspSolveTime[57] lpSolveTime[0] repairTime[9] cutsTime[0] lb[743.019] ub[835] numArcs: [1153832] numFixed: [124901] time: [508]
lambda: 0,14.9961,6.15744,4.40101,21.4843,0.675177,1.66144,26.0807,12.9989,7.86592,14.2323,20.9792,2.94172,7.7581,24.5266,8.09209,27.2093,11.1171,16.3808,7.19484,15.1388,11.8054,30.8958,26.5907,27.1407,31.9796,81.4666,19.8131,28.1096,14.8596,40.1155,26.682,15.6791,
mu: 
srcDuals: 
fixing. lower bound used: 743.019
percent fixed: 12.9692
fixing. lower bound used: 741.134
fixed path dual: 35.8359
STATS - lpIterations[1] lagIterations[18] sspIterations[72] numSeparations[46] numCuts[0] compileTime[17] sspSolveTime[60] lpSolveTime[0] lb[750.373] ub[835] numArcs: [1154181] numFixed: [127324] time: [549]
STATS1 - lpIterations[1] lagIterations[18] sspIterations[72] numSeparations[46] numCuts[0] compileTime[17] sspSolveTime[60] lpSolveTime[0] repairTime[9] cutsTime[0] lb[750.373] ub[835] numArcs: [1154181] numFixed: [127324] time: [549]
lambda: 0,14.9961,6.15744,4.40101,21.4843,0.675177,1.66144,26.0807,12.9989,7.86592,14.2323,20.9792,2.94172,7.7581,24.5266,8.09209,27.2093,11.1171,16.3808,7.19484,15.1388,11.8054,30.8958,26.5907,27.1407,31.9796,81.4666,19.8131,28.1096,14.8596,40.1155,26.682,15.6791,
mu: 
srcDuals: 
alpha: 0.281376
psiStar: 782.168
lagLB: 750.373
||gamma||^2: 113
fixing. lower bound used: 702.823
percent fixed: 11.2669
fixing. lower bound used: 741.134
fixed path dual: 35.9279
alpha: 0.69575
psiStar: 781.901
lagLB: 749.897
||gamma||^2: 46
fixing. lower bound used: 749.254
percent fixed: 15.238
updating best lambda arc fixing
fixing. lower bound used: 749.254
fixed path dual: 30.8088
alpha: 0.37099
psiStar: 781.639
lagLB: 736.378
||gamma||^2: 122
fixing. lower bound used: 749.768
percent fixed: 15.7398
updating best lambda arc fixing
fixing. lower bound used: 749.768
fixed path dual: 37.5812
STATS - lpIterations[1] lagIterations[21] sspIterations[84] numSeparations[54] numCuts[0] compileTime[17] sspSolveTime[65] lpSolveTime[0] lb[756.79] ub[835] numArcs: [1154661] numFixed: [167916] time: [672]
STATS1 - lpIterations[1] lagIterations[21] sspIterations[84] numSeparations[54] numCuts[0] compileTime[17] sspSolveTime[65] lpSolveTime[0] repairTime[11] cutsTime[0] lb[756.79] ub[835] numArcs: [1154661] numFixed: [167916] time: [672]
lambda: 0,13.5612,6.00906,3.70241,22.8324,0.168343,0.783618,25.2028,12.3899,7.35909,13.6233,20.6391,2.23059,7.66848,25.1789,8.74445,28.5574,11.0737,16.9869,7.80098,15.7449,12.0405,31.5019,27.5679,28.1179,31.9362,79.7504,18.7926,28.4805,15.2305,41.4636,26.3573,14.968,
mu: 
srcDuals: 
alpha: 0.781807
psiStar: 788.062
lagLB: 756.79
||gamma||^2: 40
fixing. lower bound used: 729.7
percent fixed: 14.8778
fixing. lower bound used: 749.768
fixed path dual: 34.5324
alpha: 0.290464
psiStar: 787.806
lagLB: 747.722
||gamma||^2: 138
fixing. lower bound used: 756.208
percent fixed: 19.4149
updating best lambda arc fixing
fixing. lower bound used: 756.208
fixed path dual: 36.0501
alpha: 0.622873
psiStar: 787.553
lagLB: 752.05
||gamma||^2: 57
fixing. lower bound used: 745.979
percent fixed: 19.2312
fixing. lower bound used: 756.208
fixed path dual: 33.8719
alpha: 0.296935
psiStar: 787.305
lagLB: 750.188
||gamma||^2: 125
fixing. lower bound used: 755.949
percent fixed: 19.6852
updating best lambda arc fixing
fixing. lower bound used: 755.949
fixed path dual: 38.1264
STATS - lpIterations[1] lagIterations[25] sspIterations[100] numSeparations[64] numCuts[0] compileTime[17] sspSolveTime[81] lpSolveTime[0] lb[762.752] ub[835] numArcs: [1155042] numFixed: [203787] time: [856]
STATS1 - lpIterations[1] lagIterations[25] sspIterations[100] numSeparations[64] numCuts[0] compileTime[17] sspSolveTime[81] lpSolveTime[0] repairTime[14] cutsTime[0] lb[762.752] ub[835] numArcs: [1155042] numFixed: [203787] time: [856]
lambda: 0,14.3075,6.24541,3.92582,24.8245,0.385282,0.703622,24.8259,12.3293,7.5825,13.5692,20.5979,2.46694,7.50308,24.0566,8.86792,30.5495,11.82,16.8215,7.63557,15.8764,11.6872,31.0396,28.4812,29.0312,32.6825,78.1513,20.0028,28.1272,14.8772,41.2692,25.076,14.9268,
mu: 
srcDuals: 
alpha: 0.435859
psiStar: 793.262
lagLB: 762.752
||gamma||^2: 70
fixing. lower bound used: 745.734
percent fixed: 18.1143
fixing. lower bound used: 755.949
fixed path dual: 37.6276
alpha: 0.217988
psiStar: 793.02
lagLB: 757.27
||gamma||^2: 164
fixing. lower bound used: 758.314
percent fixed: 21.3447
updating best lambda arc fixing
fixing. lower bound used: 758.314
fixed path dual: 39.4499
STATS - lpIterations[1] lagIterations[27] sspIterations[108] numSeparations[70] numCuts[0] compileTime[17] sspSolveTime[88] lpSolveTime[0] lb[763.687] ub[835] numArcs: [1155446] numFixed: [239114] time: [951]
STATS1 - lpIterations[1] lagIterations[27] sspIterations[108] numSeparations[70] numCuts[0] compileTime[17] sspSolveTime[88] lpSolveTime[0] repairTime[15] cutsTime[0] lb[763.687] ub[835] numArcs: [1155446] numFixed: [239114] time: [951]
lambda: 0,14.9614,5.80932,4.36168,25.4783,1.03913,1.35747,25.4797,12.1112,7.36439,13.569,19.5079,2.03097,6.84935,24.7105,8.65004,31.2033,11.6022,15.7319,6.54598,15.2227,11.0335,29.95,27.8275,28.3775,32.4647,77.9334,19.785,27.9093,15.531,41.9231,25.7299,13.8368,
mu: 
srcDuals: 
alpha: 0.578201
psiStar: 793.754
lagLB: 763.687
||gamma||^2: 52
fixing. lower bound used: 756.398
percent fixed: 21.6362
updating best lambda arc fixing
fixing. lower bound used: 756.398
fixed path dual: 36.8237
alpha: 0.164565
psiStar: 793.519
lagLB: 757.808
||gamma||^2: 217
STATS - lpIterations[1] lagIterations[28] sspIterations[112] numSeparations[72] numCuts[0] compileTime[17] sspSolveTime[95] lpSolveTime[0] lb[765.62] ub[835] numArcs: [1155590] numFixed: [229258] time: [1003]
STATS1 - lpIterations[1] lagIterations[28] sspIterations[112] numSeparations[72] numCuts[0] compileTime[17] sspSolveTime[95] lpSolveTime[0] repairTime[16] cutsTime[0] lb[765.62] ub[835] numArcs: [1155590] numFixed: [229258] time: [1003]
lambda: 0,13.3913,6.22296,4.28162,26.2211,0.794502,0.78371,24.906,12.1957,6.9552,13.6536,20.2506,2.4446,7.59211,24.2968,8.23641,31.9461,10.6103,16.4747,7.28875,15.9655,11.7762,30.6928,28.5702,29.1202,31.4728,76.9416,18.7931,27.4957,16.2738,42.6658,25.3163,14.415,
mu: 
srcDuals: 
fixing. lower bound used: 765.62
percent fixed: 25.7671
updating best lambda arc fixing
fixing. lower bound used: 765.62
fixed path dual: 39.592
STATS - lpIterations[1] lagIterations[29] sspIterations[116] numSeparations[76] numCuts[0] compileTime[17] sspSolveTime[96] lpSolveTime[0] lb[766.413] ub[835] numArcs: [1155974] numFixed: [291434] time: [1050]
STATS1 - lpIterations[1] lagIterations[29] sspIterations[116] numSeparations[76] numCuts[0] compileTime[17] sspSolveTime[96] lpSolveTime[0] repairTime[16] cutsTime[0] lb[766.413] ub[835] numArcs: [1155974] numFixed: [291434] time: [1050]
lambda: 0,13.3913,6.22296,4.28162,26.2211,0.794502,0.78371,24.906,12.1957,6.9552,13.6536,20.2506,2.4446,7.59211,24.2968,8.23641,31.9461,10.6103,16.4747,7.28875,15.9655,11.7762,30.6928,28.5702,29.1202,31.4728,76.9416,18.7931,27.4957,16.2738,42.6658,25.3163,14.415,
mu: 
srcDuals: 
alpha: 0.873704
psiStar: 796.119
lagLB: 766.413
||gamma||^2: 34
fixing. lower bound used: 755.34
percent fixed: 25.6182
fixing. lower bound used: 765.62
fixed path dual: 33.8894
alpha: 0.372463
psiStar: 795.89
lagLB: 747.098
||gamma||^2: 131
fixing. lower bound used: 763.669
percent fixed: 26.5367
updating best lambda arc fixing
fixing. lower bound used: 763.669
fixed path dual: 41.3478
STATS - lpIterations[1] lagIterations[31] sspIterations[124] numSeparations[80] numCuts[0] compileTime[17] sspSolveTime[104] lpSolveTime[0] lb[772.089] ub[835] numArcs: [1156133] numFixed: [285538] time: [1149]
STATS1 - lpIterations[1] lagIterations[31] sspIterations[124] numSeparations[80] numCuts[0] compileTime[17] sspSolveTime[104] lpSolveTime[0] repairTime[18] cutsTime[0] lb[772.089] ub[835] numArcs: [1156133] numFixed: [285538] time: [1149]
lambda: 0,14.6375,5.60681,3.66547,27.4673,0.550815,0.912487,24.6623,11.952,6.71152,13.7823,20.007,1.82845,7.09087,24.6693,8.60887,33.1923,11.8565,15.9734,6.78751,15.4642,10.4013,30.1915,28.9427,29.4927,32.719,76.4403,20.0393,26.9945,15.7726,41.2909,24.815,14.1713,
mu: 
srcDuals: 
alpha: 0.427088
psiStar: 801.558
lagLB: 772.089
||gamma||^2: 69
fixing. lower bound used: 742.256
percent fixed: 25.0043
fixing. lower bound used: 763.669
fixed path dual: 40.0702
alpha: 0.115318
psiStar: 801.335
lagLB: 769.968
||gamma||^2: 272
STATS - lpIterations[1] lagIterations[32] sspIterations[128] numSeparations[81] numCuts[0] compileTime[17] sspSolveTime[106] lpSolveTime[0] lb[773.306] ub[835] numArcs: [1156204] numFixed: [285563] time: [1195]
STATS1 - lpIterations[1] lagIterations[32] sspIterations[128] numSeparations[81] numCuts[0] compileTime[17] sspSolveTime[106] lpSolveTime[0] repairTime[19] cutsTime[0] lb[773.306] ub[835] numArcs: [1156204] numFixed: [285563] time: [1195]
lambda: 0,13.8986,6.03389,4.20788,28.0097,1.09322,1.45489,25.2047,12.4944,7.25392,14.3247,20.5494,2.14022,6.86024,25.2117,7.44293,33.7347,10.6906,15.5933,6.40737,15.3147,10.7131,29.8114,28.6779,29.2279,31.5531,75.2744,19.3004,26.6827,16.315,41.8333,25.3574,14.7137,
mu: 
srcDuals: 
fixing. lower bound used: 773.306
percent fixed: 34.2368
updating best lambda arc fixing
fixing. lower bound used: 773.306
fixed path dual: 40.7915
alpha: 0.505248
psiStar: 802.378
lagLB: 770.547
||gamma||^2: 63
fixing. lower bound used: 767.662
percent fixed: 34.1624
fixing. lower bound used: 773.306
fixed path dual: 41.7935
STATS - lpIterations[1] lagIterations[34] sspIterations[136] numSeparations[88] numCuts[0] compileTime[17] sspSolveTime[111] lpSolveTime[0] lb[775.06] ub[835] numArcs: [1156655] numFixed: [390435] time: [1294]
STATS1 - lpIterations[1] lagIterations[34] sspIterations[136] numSeparations[88] numCuts[0] compileTime[17] sspSolveTime[111] lpSolveTime[0] repairTime[19] cutsTime[0] lb[775.06] ub[835] numArcs: [1156655] numFixed: [390435] time: [1294]
lambda: 0,14.4039,5.0234,4.20788,28.5149,1.09322,1.45489,24.6995,11.4839,6.74867,12.3037,19.0336,2.14022,7.36549,25.2117,7.94818,34.2399,11.1958,16.0985,6.91262,15.82,11.2183,30.3166,29.1831,29.7331,32.0583,75.7796,19.8057,27.1879,16.8202,41.8333,24.8522,13.1979,
mu: 
srcDuals: 
alpha: 0.850593
psiStar: 803.98
lagLB: 775.06
||gamma||^2: 34
fixing. lower bound used: 771.052
percent fixed: 34.9534
updating best lambda arc fixing
fixing. lower bound used: 771.052
fixed path dual: 38.0425
alpha: 0.154434
psiStar: 803.766
lagLB: 763.459
||gamma||^2: 261
STATS - lpIterations[1] lagIterations[35] sspIterations[140] numSeparations[90] numCuts[0] compileTime[17] sspSolveTime[118] lpSolveTime[0] lb[775.337] ub[835] numArcs: [1156782] numFixed: [374381] time: [1349]
STATS1 - lpIterations[1] lagIterations[35] sspIterations[140] numSeparations[90] numCuts[0] compileTime[17] sspSolveTime[118] lpSolveTime[0] repairTime[20] cutsTime[0] lb[775.337] ub[835] numArcs: [1156782] numFixed: [374381] time: [1349]
lambda: 0,15.4089,5.71956,4.59517,29.52,0.553908,1.22445,24.1601,11.8712,7.2904,12.9999,20.0386,2.68195,6.66933,25.3661,8.10261,35.245,12.2008,15.4024,7.06706,14.2732,10.5221,30.4711,28.487,29.037,33.0633,75.0835,20.8107,26.4918,16.1241,40.2866,24.156,14.0485,
mu: 
srcDuals: 
fixing. lower bound used: 775.337
percent fixed: 36.2009
updating best lambda arc fixing
fixing. lower bound used: 775.337
fixed path dual: 41.4454
alpha: 0.469161
psiStar: 803.842
lagLB: 774.754
||gamma||^2: 62
fixing. lower bound used: 761.142
percent fixed: 35.5365
fixing. lower bound used: 775.337
fixed path dual: 41.1129
STATS - lpIterations[1] lagIterations[37] sspIterations[148] numSeparations[96] numCuts[0] compileTime[17] sspSolveTime[124] lpSolveTime[0] lb[776.239] ub[835] numArcs: [1156978] numFixed: [407393] time: [1449]
STATS1 - lpIterations[1] lagIterations[37] sspIterations[148] numSeparations[96] numCuts[0] compileTime[17] sspSolveTime[124] lpSolveTime[0] repairTime[21] cutsTime[0] lb[776.239] ub[835] numArcs: [1156978] numFixed: [407393] time: [1449]
lambda: 0,13.0631,5.71956,4.59517,29.9891,1.02307,1.69361,24.6293,12.3404,7.75956,13.4691,20.5078,3.15111,6.66933,25.3661,7.16429,35.7141,11.2625,15.8715,7.53622,14.7424,10.9913,30.9402,28.9561,29.5061,32.125,74.1451,20.3415,26.9609,16.5932,40.2866,24.156,14.5177,
mu: 
srcDuals: 
alpha: 0.234131
psiStar: 804.569
lagLB: 776.239
||gamma||^2: 121
STATS - lpIterations[1] lagIterations[37] sspIterations[148] numSeparations[96] numCuts[0] compileTime[17] sspSolveTime[124] lpSolveTime[0] lb[776.699] ub[835] numArcs: [1156978] numFixed: [407393] time: [1450]
STATS1 - lpIterations[1] lagIterations[37] sspIterations[148] numSeparations[96] numCuts[0] compileTime[17] sspSolveTime[124] lpSolveTime[0] repairTime[22] cutsTime[0] lb[776.699] ub[835] numArcs: [1156978] numFixed: [407393] time: [1450]
lambda: 0,13.2972,5.25129,4.1269,30.2232,0.788938,1.22535,24.161,11.638,7.2913,13.0008,19.3371,1.98045,6.90346,25.6003,7.39842,35.9482,11.4966,16.1057,7.77035,14.9765,11.2254,31.1744,29.1903,29.7403,32.3591,74.3793,20.5757,27.1951,16.8274,40.5207,24.3901,13.5812,
mu: 
srcDuals: 
fixing. lower bound used: 776.699
percent fixed: 38.391
updating best lambda arc fixing
fixing. lower bound used: 776.699
fixed path dual: 40.965
alpha: 0.114655
psiStar: 804.841
lagLB: 773.54
||gamma||^2: 273
fixing. lower bound used: 773.489
percent fixed: 38.4313
updating best lambda arc fixing
fixing. lower bound used: 773.489
fixed path dual: 43.3286
STATS - lpIterations[1] lagIterations[39] sspIterations[156] numSeparations[102] numCuts[0] compileTime[17] sspSolveTime[126] lpSolveTime[0] lb[781.046] ub[835] numArcs: [1157371] numFixed: [416115] time: [1547]
STATS1 - lpIterations[1] lagIterations[39] sspIterations[156] numSeparations[102] numCuts[0] compileTime[17] sspSolveTime[126] lpSolveTime[0] repairTime[22] cutsTime[0] lb[781.046] ub[835] numArcs: [1157371] numFixed: [416115] time: [1547]
lambda: 0,13.4119,5.25129,4.24156,30.3379,0.903592,1.34,24.2757,11.7526,7.40595,13.1155,19.4518,1.8658,6.67415,25.7149,7.51307,36.0629,11.6113,15.3031,6.96777,14.5179,11.3401,30.1425,28.617,29.167,32.4738,74.4939,20.6903,27.3097,16.942,40.6353,24.5048,13.6958,
mu: 
srcDuals: 
alpha: 0.501699
psiStar: 809.141
lagLB: 781.046
||gamma||^2: 56
fixing. lower bound used: 771.591
percent fixed: 36.9328
fixing. lower bound used: 773.489
fixed path dual: 41.3858
alpha: 0.442471
psiStar: 808.94
lagLB: 779.294
||gamma||^2: 67
STATS - lpIterations[1] lagIterations[40] sspIterations[160] numSeparations[102] numCuts[0] compileTime[17] sspSolveTime[134] lpSolveTime[0] lb[783.966] ub[835] numArcs: [1157367] numFixed: [444123] time: [1600]
STATS1 - lpIterations[1] lagIterations[40] sspIterations[160] numSeparations[102] numCuts[0] compileTime[17] sspSolveTime[134] lpSolveTime[0] repairTime[23] cutsTime[0] lb[783.966] ub[835] numArcs: [1157367] numFixed: [444123] time: [1600]
lambda: 0,13.9136,5.31052,3.41584,31.2821,0.077878,0.514287,23.45,11.3694,6.58024,12.7322,19.511,1.92503,7.17585,26.6591,7.51307,37.0071,12.113,15.8048,7.46947,15.0196,11.3993,30.6442,29.1187,29.6687,32.4738,73.4313,20.1294,26.2471,15.8794,41.0778,24.4456,13.755,
mu: 
srcDuals: 
fixing. lower bound used: 783.966
percent fixed: 47.1901
updating best lambda arc fixing
fixing. lower bound used: 783.966
fixed path dual: 42.9674
alpha: 0.324573
psiStar: 811.766
lagLB: 778.984
||gamma||^2: 101
fixing. lower bound used: 772.657
percent fixed: 45.5573
fixing. lower bound used: 783.966
fixed path dual: 43.7825
alpha: 0.608428
psiStar: 811.57
lagLB: 779.323
||gamma||^2: 53
fixing. lower bound used: 775.908
percent fixed: 46.1006
fixing. lower bound used: 783.966
fixed path dual: 41.4137
alpha: 0.250621
psiStar: 811.377
lagLB: 776.541
||gamma||^2: 139
fixing. lower bound used: 783.329
percent fixed: 48.1353
updating best lambda arc fixing
fixing. lower bound used: 783.329
fixed path dual: 44.1386
STATS - lpIterations[1] lagIterations[44] sspIterations[176] numSeparations[113] numCuts[0] compileTime[17] sspSolveTime[140] lpSolveTime[0] lb[785.686] ub[835] numArcs: [1158022] numFixed: [546592] time: [1797]
STATS1 - lpIterations[1] lagIterations[44] sspIterations[176] numSeparations[113] numCuts[0] compileTime[17] sspSolveTime[140] lpSolveTime[0] repairTime[26] cutsTime[0] lb[785.686] ub[835] numArcs: [1158022] numFixed: [546592] time: [1797]
lambda: 0,12.6635,5.49166,4.09822,32.4657,1.01088,1.19667,24.1324,11.8012,7.26262,13.164,18.9403,1.60492,7.06118,25.0844,6.54684,38.1907,11.4306,15.6901,7.3548,15.2295,11.9338,30.2049,28.6794,29.2294,31.7914,73.3981,21.313,27.4307,17.063,40.1116,24.3716,13.1843,
mu: 
srcDuals: 
alpha: 0.47861
psiStar: 812.967
lagLB: 785.686
||gamma||^2: 57
fixing. lower bound used: 774.786
percent fixed: 47.4518
fixing. lower bound used: 783.329
fixed path dual: 38.5783
alpha: 0.126058
psiStar: 812.779
lagLB: 769.667
||gamma||^2: 342
STATS - lpIterations[1] lagIterations[45] sspIterations[180] numSeparations[113] numCuts[0] compileTime[17] sspSolveTime[142] lpSolveTime[0] lb[786.935] ub[835] numArcs: [1157984] numFixed: [569394] time: [1842]
STATS1 - lpIterations[1] lagIterations[45] sspIterations[180] numSeparations[113] numCuts[0] compileTime[17] sspSolveTime[142] lpSolveTime[0] repairTime[27] cutsTime[0] lb[786.935] ub[835] numArcs: [1157984] numFixed: [569394] time: [1842]
lambda: 0,13.0161,5.97027,4.70289,33.0704,1.61555,1.80133,24.737,12.4058,7.86729,13.7686,19.545,2.20959,7.41373,25.2105,7.1515,38.7954,12.0353,15.2863,6.951,14.6997,11.53,30.3054,28.2757,28.8257,32.3961,72.0883,20.4819,26.1209,15.7532,40.2376,24.0191,13.789,
mu: 
srcDuals: 
fixing. lower bound used: 786.935
percent fixed: 52.2428
updating best lambda arc fixing
fixing. lower bound used: 786.935
fixed path dual: 41.7958
alpha: 0.166469
psiStar: 813.885
lagLB: 779.259
||gamma||^2: 208
fixing. lower bound used: 766.389
percent fixed: 50.08
fixing. lower bound used: 786.935
fixed path dual: 46.0505
STATS - lpIterations[1] lagIterations[47] sspIterations[188] numSeparations[121] numCuts[0] compileTime[17] sspSolveTime[147] lpSolveTime[0] lb[793.948] ub[835] numArcs: [1158704] numFixed: [578334] time: [1938]
STATS1 - lpIterations[1] lagIterations[47] sspIterations[188] numSeparations[121] numCuts[0] compileTime[17] sspSolveTime[147] lpSolveTime[0] repairTime[27] cutsTime[0] lb[793.948] ub[835] numArcs: [1158704] numFixed: [578334] time: [1938]
lambda: 0,13.1825,5.8038,4.03702,33.2368,0.949673,0.636055,23.5717,11.9064,6.86847,13.2692,19.7114,2.04312,7.5802,25.377,7.31797,38.9618,12.2017,15.4528,7.11747,14.8661,11.6965,30.4718,28.4421,28.9921,32.5625,72.2548,20.6483,26.2874,15.9197,40.4041,24.1855,13.789,
mu: 
srcDuals: 
alpha: 0.226933
psiStar: 820.953
lagLB: 793.948
||gamma||^2: 119
fixing. lower bound used: 776.929
percent fixed: 50.1387
fixing. lower bound used: 786.935
fixed path dual: 45.2097
alpha: 0.435519
psiStar: 820.77
lagLB: 788.542
||gamma||^2: 74
fixing. lower bound used: 790.63
percent fixed: 58.6817
updating best lambda arc fixing
fixing. lower bound used: 790.63
fixed path dual: 44.5421
alpha: 0.592571
psiStar: 820.59
lagLB: 783.258
||gamma||^2: 63
fixing. lower bound used: 784.833
percent fixed: 59.1204
updating best lambda arc fixing
fixing. lower bound used: 784.833
fixed path dual: 42.9618
alpha: 0.203969
psiStar: 820.412
lagLB: 782.27
||gamma||^2: 187
fixing. lower bound used: 786.642
percent fixed: 60.4761
updating best lambda arc fixing
fixing. lower bound used: 786.642
fixed path dual: 46.1808
alpha: 0.771846
psiStar: 820.237
lagLB: 791.679
||gamma||^2: 37
fixing. lower bound used: 778.803
percent fixed: 52.1339
fixing. lower bound used: 786.642
fixed path dual: 45.7596
alpha: 0.428362
psiStar: 820.064
lagLB: 789.222
||gamma||^2: 72
fixing. lower bound used: 790.219
percent fixed: 60.2878
fixing. lower bound used: 786.642
fixed path dual: 47.0217
alpha: 0.413748
psiStar: 819.894
lagLB: 793.414
||gamma||^2: 64
fixing. lower bound used: 788.365
percent fixed: 58.4509
fixing. lower bound used: 786.642
fixed path dual: 44.8155
alpha: 0.254088
psiStar: 819.725
lagLB: 788.726
||gamma||^2: 122
STATS - lpIterations[1] lagIterations[54] sspIterations[216] numSeparations[135] numCuts[0] compileTime[17] sspSolveTime[162] lpSolveTime[0] lb[794.866] ub[835] numArcs: [1159574] numFixed: [688384] time: [2265]
STATS1 - lpIterations[1] lagIterations[54] sspIterations[216] numSeparations[135] numCuts[0] compileTime[17] sspSolveTime[162] lpSolveTime[0] repairTime[31] cutsTime[0] lb[794.866] ub[835] numArcs: [1159574] numFixed: [688384] time: [2265]
lambda: 0,13.6869,4.64728,3.05235,35.5379,1.60789,1.29427,23.4581,11.3668,6.583,13.1652,18.7459,1.98919,7.78199,25.0778,6.3928,42.2889,11.6422,14.7079,6.57655,15.2279,12.2622,29.0283,28.7809,29.3309,31.4104,70.4729,20.5134,26.1525,17.7975,41.344,23.7008,12.8235,
mu: 
srcDuals: 
fixing. lower bound used: 794.866
percent fixed: 65.7973
updating best lambda arc fixing
fixing. lower bound used: 794.866
fixed path dual: 47.1311
STATS - lpIterations[1] lagIterations[55] sspIterations[220] numSeparations[138] numCuts[0] compileTime[17] sspSolveTime[163] lpSolveTime[0] lb[796.973] ub[835] numArcs: [1159674] numFixed: [745237] time: [2312]
STATS1 - lpIterations[1] lagIterations[55] sspIterations[220] numSeparations[138] numCuts[0] compileTime[17] sspSolveTime[163] lpSolveTime[0] repairTime[31] cutsTime[0] lb[796.973] ub[835] numArcs: [1159674] numFixed: [745237] time: [2312]
lambda: 0,13.6869,4.64728,3.05235,35.5379,1.60789,1.29427,23.4581,11.3668,6.583,13.1652,18.7459,1.98919,7.78199,25.0778,6.3928,42.2889,11.6422,14.7079,6.57655,15.2279,12.2622,29.0283,28.7809,29.3309,31.4104,70.4729,20.5134,26.1525,17.7975,41.344,23.7008,12.8235,
mu: 
srcDuals: 
alpha: 0.714133
psiStar: 822.681
lagLB: 796.973
||gamma||^2: 36
fixing. lower bound used: 787.71
percent fixed: 64.4013
fixing. lower bound used: 794.866
fixed path dual: 43.2367
alpha: 0.159411
psiStar: 822.517
lagLB: 782.823
||gamma||^2: 249
fixing. lower bound used: 794.788
percent fixed: 65.834
updating best lambda arc fixing
fixing. lower bound used: 794.788
