relax capacity constraint
instance upper bound: 1457.4
compiling DD
time step mult: 10
time step: 100
cap step: 2
done compiling DD
batch size for lag: 1
iteration delay to start separating: 0
optimality gap to start repairing: 100
percent fixed to change to CPLEX: 97.5
num arcs to change to CPLEX: 100000
num arcs to change to LAG: 999999999
STATS - lpIterations[0] lagIterations[0] sspIterations[0] numSeparations[0] numCuts[0] compileTime[0] sspSolveTime[0] lpSolveTime[0] lb[0] ub[1457.4] numArcs: [560609] numFixed: [0] time: [0]
STATS - lpIterations[1] lagIterations[0] sspIterations[0] numSeparations[0] numCuts[0] compileTime[0] sspSolveTime[0] lpSolveTime[0] lb[0] ub[1457.4] numArcs: [560609] numFixed: [0] time: [0]
STATS - lpIterations[1] lagIterations[1] sspIterations[5] numSeparations[0] numCuts[0] compileTime[0] sspSolveTime[0] lpSolveTime[0] lb[535.614] ub[1457.4] numArcs: [560521] numFixed: [0] time: [0]
STATS - lpIterations[1] lagIterations[1] sspIterations[5] numSeparations[0] numCuts[0] compileTime[0] sspSolveTime[0] lpSolveTime[0] lb[583.682] ub[1457.4] numArcs: [560521] numFixed: [0] time: [0]
STATS - lpIterations[1] lagIterations[2] sspIterations[10] numSeparations[5] numCuts[0] compileTime[0] sspSolveTime[0] lpSolveTime[0] lb[586.555] ub[1457.4] numArcs: [561815] numFixed: [0] time: [1]
STATS - lpIterations[1] lagIterations[3] sspIterations[11] numSeparations[10] numCuts[0] compileTime[0] sspSolveTime[0] lpSolveTime[0] lb[593.771] ub[1457.4] numArcs: [562257] numFixed: [5320] time: [1]
STATS - lpIterations[1] lagIterations[4] sspIterations[12] numSeparations[11] numCuts[0] compileTime[0] sspSolveTime[0] lpSolveTime[0] lb[622.197] ub[1457.4] numArcs: [562297] numFixed: [5320] time: [1]
STATS - lpIterations[1] lagIterations[5] sspIterations[13] numSeparations[12] numCuts[0] compileTime[0] sspSolveTime[0] lpSolveTime[0] lb[645.696] ub[1457.4] numArcs: [562348] numFixed: [5320] time: [1]
STATS - lpIterations[1] lagIterations[6] sspIterations[14] numSeparations[13] numCuts[0] compileTime[0] sspSolveTime[0] lpSolveTime[0] lb[673.422] ub[1457.4] numArcs: [562658] numFixed: [5402] time: [1]
STATS - lpIterations[1] lagIterations[7] sspIterations[15] numSeparations[13] numCuts[0] compileTime[0] sspSolveTime[0] lpSolveTime[0] lb[700.772] ub[1457.4] numArcs: [562646] numFixed: [5402] time: [1]
STATS - lpIterations[1] lagIterations[8] sspIterations[16] numSeparations[14] numCuts[0] compileTime[0] sspSolveTime[0] lpSolveTime[0] lb[725.609] ub[1457.4] numArcs: [562674] numFixed: [5402] time: [1]
STATS - lpIterations[1] lagIterations[9] sspIterations[17] numSeparations[15] numCuts[0] compileTime[0] sspSolveTime[0] lpSolveTime[0] lb[757.762] ub[1457.4] numArcs: [562880] numFixed: [5402] time: [1]
STATS - lpIterations[1] lagIterations[10] sspIterations[24] numSeparations[16] numCuts[0] compileTime[0] sspSolveTime[0] lpSolveTime[0] lb[777.163] ub[1457.4] numArcs: [563185] numFixed: [5782] time: [1]
STATS - lpIterations[1] lagIterations[10] sspIterations[24] numSeparations[16] numCuts[0] compileTime[0] sspSolveTime[0] lpSolveTime[0] lb[784.173] ub[1457.4] numArcs: [563185] numFixed: [5782] time: [1]
STATS - lpIterations[1] lagIterations[11] sspIterations[25] numSeparations[23] numCuts[0] compileTime[0] sspSolveTime[0] lpSolveTime[0] lb[787.689] ub[1457.4] numArcs: [564661] numFixed: [8777] time: [1]
STATS - lpIterations[1] lagIterations[11] sspIterations[25] numSeparations[23] numCuts[0] compileTime[0] sspSolveTime[0] lpSolveTime[0] lb[787.76] ub[1457.4] numArcs: [564661] numFixed: [8777] time: [2]
STATS - lpIterations[1] lagIterations[12] sspIterations[33] numSeparations[24] numCuts[0] compileTime[0] sspSolveTime[0] lpSolveTime[0] lb[807.917] ub[1457.4] numArcs: [564794] numFixed: [8777] time: [2]
STATS - lpIterations[1] lagIterations[12] sspIterations[33] numSeparations[24] numCuts[0] compileTime[0] sspSolveTime[0] lpSolveTime[0] lb[814.301] ub[1457.4] numArcs: [564794] numFixed: [8777] time: [2]
STATS - lpIterations[1] lagIterations[13] sspIterations[34] numSeparations[32] numCuts[0] compileTime[0] sspSolveTime[1] lpSolveTime[0] lb[818.981] ub[1457.4] numArcs: [566038] numFixed: [10890] time: [2]
STATS - lpIterations[1] lagIterations[14] sspIterations[45] numSeparations[33] numCuts[0] compileTime[0] sspSolveTime[1] lpSolveTime[0] lb[825.562] ub[1457.4] numArcs: [566001] numFixed: [10890] time: [2]
STATS - lpIterations[1] lagIterations[14] sspIterations[45] numSeparations[33] numCuts[0] compileTime[0] sspSolveTime[1] lpSolveTime[0] lb[843.842] ub[1457.4] numArcs: [566001] numFixed: [10890] time: [2]
STATS - lpIterations[1] lagIterations[15] sspIterations[47] numSeparations[44] numCuts[0] compileTime[0] sspSolveTime[1] lpSolveTime[0] lb[849.487] ub[1457.4] numArcs: [567574] numFixed: [11576] time: [2]
STATS - lpIterations[1] lagIterations[15] sspIterations[47] numSeparations[44] numCuts[0] compileTime[0] sspSolveTime[1] lpSolveTime[0] lb[849.764] ub[1457.4] numArcs: [567574] numFixed: [11576] time: [2]
STATS - lpIterations[1] lagIterations[16] sspIterations[57] numSeparations[46] numCuts[0] compileTime[0] sspSolveTime[1] lpSolveTime[0] lb[867.556] ub[1457.4] numArcs: [567597] numFixed: [11800] time: [3]
STATS - lpIterations[1] lagIterations[17] sspIterations[59] numSeparations[56] numCuts[0] compileTime[0] sspSolveTime[1] lpSolveTime[0] lb[870.11] ub[1457.4] numArcs: [569437] numFixed: [12807] time: [3]
STATS - lpIterations[1] lagIterations[17] sspIterations[59] numSeparations[56] numCuts[0] compileTime[0] sspSolveTime[1] lpSolveTime[0] lb[871.723] ub[1457.4] numArcs: [569437] numFixed: [12807] time: [3]
STATS - lpIterations[1] lagIterations[18] sspIterations[72] numSeparations[58] numCuts[0] compileTime[0] sspSolveTime[1] lpSolveTime[0] lb[892.689] ub[1457.4] numArcs: [569628] numFixed: [12929] time: [3]
STATS - lpIterations[1] lagIterations[19] sspIterations[75] numSeparations[71] numCuts[0] compileTime[0] sspSolveTime[2] lpSolveTime[0] lb[896.961] ub[1457.4] numArcs: [570747] numFixed: [13866] time: [3]
STATS - lpIterations[1] lagIterations[19] sspIterations[75] numSeparations[71] numCuts[0] compileTime[0] sspSolveTime[2] lpSolveTime[0] lb[898.474] ub[1457.4] numArcs: [570747] numFixed: [13866] time: [3]
STATS - lpIterations[1] lagIterations[20] sspIterations[85] numSeparations[74] numCuts[0] compileTime[0] sspSolveTime[2] lpSolveTime[0] lb[910.695] ub[1457.4] numArcs: [571107] numFixed: [13938] time: [4]
STATS - lpIterations[1] lagIterations[21] sspIterations[87] numSeparations[84] numCuts[0] compileTime[0] sspSolveTime[2] lpSolveTime[0] lb[914.87] ub[1457.4] numArcs: [572278] numFixed: [14400] time: [4]
STATS - lpIterations[1] lagIterations[22] sspIterations[102] numSeparations[86] numCuts[0] compileTime[0] sspSolveTime[2] lpSolveTime[0] lb[937.893] ub[1457.4] numArcs: [572468] numFixed: [14788] time: [4]
STATS - lpIterations[1] lagIterations[23] sspIterations[110] numSeparations[101] numCuts[0] compileTime[0] sspSolveTime[2] lpSolveTime[0] lb[938.309] ub[1457.4] numArcs: [573899] numFixed: [15277] time: [4]
STATS - lpIterations[1] lagIterations[23] sspIterations[110] numSeparations[101] numCuts[0] compileTime[0] sspSolveTime[2] lpSolveTime[0] lb[943.428] ub[1457.4] numArcs: [573899] numFixed: [15277] time: [5]
STATS - lpIterations[1] lagIterations[24] sspIterations[115] numSeparations[109] numCuts[0] compileTime[0] sspSolveTime[3] lpSolveTime[0] lb[944.439] ub[1457.4] numArcs: [574660] numFixed: [15612] time: [5]
STATS - lpIterations[1] lagIterations[25] sspIterations[117] numSeparations[114] numCuts[0] compileTime[0] sspSolveTime[3] lpSolveTime[0] lb[948.323] ub[1457.4] numArcs: [574929] numFixed: [15612] time: [5]
STATS - lpIterations[1] lagIterations[25] sspIterations[117] numSeparations[114] numCuts[0] compileTime[0] sspSolveTime[3] lpSolveTime[0] lb[949.368] ub[1457.4] numArcs: [574929] numFixed: [15612] time: [5]
STATS - lpIterations[1] lagIterations[26] sspIterations[123] numSeparations[116] numCuts[0] compileTime[0] sspSolveTime[3] lpSolveTime[0] lb[959.32] ub[1457.4] numArcs: [575112] numFixed: [15612] time: [5]
STATS - lpIterations[1] lagIterations[26] sspIterations[123] numSeparations[116] numCuts[0] compileTime[0] sspSolveTime[3] lpSolveTime[0] lb[966.002] ub[1457.4] numArcs: [575112] numFixed: [15612] time: [5]
STATS - lpIterations[1] lagIterations[27] sspIterations[127] numSeparations[122] numCuts[0] compileTime[0] sspSolveTime[3] lpSolveTime[0] lb[968.888] ub[1457.4] numArcs: [575473] numFixed: [16362] time: [5]
STATS - lpIterations[1] lagIterations[27] sspIterations[127] numSeparations[122] numCuts[0] compileTime[0] sspSolveTime[3] lpSolveTime[0] lb[970.505] ub[1457.4] numArcs: [575473] numFixed: [16362] time: [5]
STATS - lpIterations[1] lagIterations[28] sspIterations[134] numSeparations[126] numCuts[0] compileTime[0] sspSolveTime[3] lpSolveTime[0] lb[976.736] ub[1457.4] numArcs: [575758] numFixed: [16362] time: [6]
STATS - lpIterations[1] lagIterations[28] sspIterations[134] numSeparations[126] numCuts[0] compileTime[0] sspSolveTime[3] lpSolveTime[0] lb[982.917] ub[1457.4] numArcs: [575758] numFixed: [16362] time: [6]
STATS - lpIterations[1] lagIterations[29] sspIterations[136] numSeparations[133] numCuts[0] compileTime[0] sspSolveTime[3] lpSolveTime[0] lb[984.035] ub[1457.4] numArcs: [576562] numFixed: [16579] time: [6]
STATS - lpIterations[1] lagIterations[29] sspIterations[136] numSeparations[133] numCuts[0] compileTime[0] sspSolveTime[3] lpSolveTime[0] lb[985.5] ub[1457.4] numArcs: [576562] numFixed: [16579] time: [6]
STATS - lpIterations[1] lagIterations[30] sspIterations[144] numSeparations[135] numCuts[0] compileTime[0] sspSolveTime[3] lpSolveTime[0] lb[993.774] ub[1457.4] numArcs: [576720] numFixed: [16579] time: [6]
STATS - lpIterations[1] lagIterations[30] sspIterations[144] numSeparations[135] numCuts[0] compileTime[0] sspSolveTime[3] lpSolveTime[0] lb[998.75] ub[1457.4] numArcs: [576720] numFixed: [16579] time: [6]
STATS - lpIterations[1] lagIterations[31] sspIterations[145] numSeparations[143] numCuts[0] compileTime[0] sspSolveTime[3] lpSolveTime[0] lb[1003.9] ub[1457.4] numArcs: [577359] numFixed: [16909] time: [6]
STATS - lpIterations[1] lagIterations[32] sspIterations[162] numSeparations[144] numCuts[0] compileTime[0] sspSolveTime[4] lpSolveTime[0] lb[1006.97] ub[1457.4] numArcs: [577286] numFixed: [16909] time: [7]
STATS - lpIterations[1] lagIterations[32] sspIterations[162] numSeparations[144] numCuts[0] compileTime[0] sspSolveTime[4] lpSolveTime[0] lb[1027.65] ub[1457.4] numArcs: [577286] numFixed: [16909] time: [7]
STATS - lpIterations[1] lagIterations[33] sspIterations[168] numSeparations[161] numCuts[0] compileTime[0] sspSolveTime[4] lpSolveTime[0] lb[1029.09] ub[1457.4] numArcs: [579302] numFixed: [17739] time: [7]
STATS - lpIterations[1] lagIterations[34] sspIterations[177] numSeparations[167] numCuts[0] compileTime[0] sspSolveTime[4] lpSolveTime[0] lb[1038.88] ub[1457.4] numArcs: [580292] numFixed: [17739] time: [7]
STATS - lpIterations[1] lagIterations[35] sspIterations[180] numSeparations[176] numCuts[0] compileTime[0] sspSolveTime[4] lpSolveTime[0] lb[1040.99] ub[1457.4] numArcs: [581055] numFixed: [17887] time: [8]
STATS - lpIterations[1] lagIterations[35] sspIterations[180] numSeparations[176] numCuts[0] compileTime[0] sspSolveTime[4] lpSolveTime[0] lb[1041.11] ub[1457.4] numArcs: [581055] numFixed: [17887] time: [8]
STATS - lpIterations[1] lagIterations[36] sspIterations[194] numSeparations[179] numCuts[0] compileTime[0] sspSolveTime[5] lpSolveTime[0] lb[1055.33] ub[1457.4] numArcs: [581172] numFixed: [17887] time: [8]
STATS - lpIterations[1] lagIterations[37] sspIterations[198] numSeparations[193] numCuts[0] compileTime[0] sspSolveTime[5] lpSolveTime[0] lb[1059.97] ub[1457.4] numArcs: [582542] numFixed: [18286] time: [8]
STATS - lpIterations[1] lagIterations[37] sspIterations[198] numSeparations[193] numCuts[0] compileTime[0] sspSolveTime[5] lpSolveTime[0] lb[1060] ub[1457.4] numArcs: [582542] numFixed: [18286] time: [8]
STATS - lpIterations[1] lagIterations[38] sspIterations[213] numSeparations[197] numCuts[0] compileTime[0] sspSolveTime[5] lpSolveTime[0] lb[1070.99] ub[1457.4] numArcs: [583056] numFixed: [18468] time: [9]
STATS - lpIterations[1] lagIterations[39] sspIterations[222] numSeparations[211] numCuts[0] compileTime[0] sspSolveTime[5] lpSolveTime[0] lb[1081.78] ub[1457.4] numArcs: [584196] numFixed: [18661] time: [9]
STATS - lpIterations[1] lagIterations[41] sspIterations[235] numSeparations[223] numCuts[0] compileTime[0] sspSolveTime[6] lpSolveTime[0] lb[1089.99] ub[1457.4] numArcs: [585035] numFixed: [18913] time: [10]
STATS - lpIterations[1] lagIterations[42] sspIterations[249] numSeparations[228] numCuts[0] compileTime[0] sspSolveTime[6] lpSolveTime[0] lb[1096.64] ub[1457.4] numArcs: [585527] numFixed: [19972] time: [10]
STATS - lpIterations[1] lagIterations[43] sspIterations[254] numSeparations[240] numCuts[0] compileTime[0] sspSolveTime[6] lpSolveTime[0] lb[1109.47] ub[1457.4] numArcs: [586961] numFixed: [21207] time: [10]
STATS - lpIterations[1] lagIterations[44] sspIterations[271] numSeparations[243] numCuts[0] compileTime[0] sspSolveTime[7] lpSolveTime[0] lb[1111.38] ub[1457.4] numArcs: [587061] numFixed: [21207] time: [11]
STATS - lpIterations[1] lagIterations[45] sspIterations[280] numSeparations[259] numCuts[0] compileTime[0] sspSolveTime[7] lpSolveTime[0] lb[1120.94] ub[1457.4] numArcs: [588880] numFixed: [21656] time: [11]
STATS - lpIterations[1] lagIterations[47] sspIterations[295] numSeparations[276] numCuts[0] compileTime[0] sspSolveTime[7] lpSolveTime[0] lb[1129.05] ub[1457.4] numArcs: [590372] numFixed: [22011] time: [12]
STATS - lpIterations[1] lagIterations[48] sspIterations[312] numSeparations[279] numCuts[0] compileTime[0] sspSolveTime[8] lpSolveTime[0] lb[1137.07] ub[1457.4] numArcs: [590628] numFixed: [22011] time: [13]
STATS - lpIterations[1] lagIterations[49] sspIterations[318] numSeparations[295] numCuts[0] compileTime[0] sspSolveTime[8] lpSolveTime[0] lb[1147.77] ub[1457.4] numArcs: [591767] numFixed: [23265] time: [13]
STATS - lpIterations[1] lagIterations[51] sspIterations[348] numSeparations[319] numCuts[0] compileTime[0] sspSolveTime[9] lpSolveTime[0] lb[1152.69] ub[1457.4] numArcs: [593497] numFixed: [23820] time: [14]
STATS - lpIterations[1] lagIterations[53] sspIterations[371] numSeparations[342] numCuts[0] compileTime[0] sspSolveTime[9] lpSolveTime[0] lb[1161.47] ub[1457.4] numArcs: [595416] numFixed: [23970] time: [15]
STATS - lpIterations[1] lagIterations[54] sspIterations[392] numSeparations[346] numCuts[0] compileTime[0] sspSolveTime[10] lpSolveTime[0] lb[1162.12] ub[1457.4] numArcs: [595558] numFixed: [23970] time: [15]
STATS - lpIterations[1] lagIterations[55] sspIterations[403] numSeparations[366] numCuts[0] compileTime[0] sspSolveTime[10] lpSolveTime[0] lb[1170.81] ub[1457.4] numArcs: [597400] numFixed: [24305] time: [16]
STATS - lpIterations[1] lagIterations[57] sspIterations[415] numSeparations[380] numCuts[0] compileTime[0] sspSolveTime[10] lpSolveTime[0] lb[1180.36] ub[1457.4] numArcs: [598923] numFixed: [24733] time: [16]
STATS - lpIterations[1] lagIterations[58] sspIterations[435] numSeparations[383] numCuts[0] compileTime[0] sspSolveTime[11] lpSolveTime[0] lb[1183.08] ub[1457.4] numArcs: [598957] numFixed: [24733] time: [17]
STATS - lpIterations[1] lagIterations[59] sspIterations[446] numSeparations[400] numCuts[0] compileTime[0] sspSolveTime[11] lpSolveTime[0] lb[1190.77] ub[1457.4] numArcs: [600412] numFixed: [30097] time: [17]
STATS - lpIterations[1] lagIterations[60] sspIterations[453] numSeparations[408] numCuts[0] compileTime[0] sspSolveTime[12] lpSolveTime[0] lb[1193.3] ub[1457.4] numArcs: [601058] numFixed: [30097] time: [18]
STATS - lpIterations[1] lagIterations[63] sspIterations[494] numSeparations[433] numCuts[0] compileTime[0] sspSolveTime[13] lpSolveTime[0] lb[1196.21] ub[1457.4] numArcs: [602876] numFixed: [30249] time: [19]
STATS - lpIterations[1] lagIterations[64] sspIterations[501] numSeparations[444] numCuts[0] compileTime[0] sspSolveTime[13] lpSolveTime[0] lb[1203.29] ub[1457.4] numArcs: [603668] numFixed: [30308] time: [20]
STATS - lpIterations[1] lagIterations[66] sspIterations[535] numSeparations[470] numCuts[0] compileTime[0] sspSolveTime[14] lpSolveTime[0] lb[1204.66] ub[1457.4] numArcs: [605925] numFixed: [31180] time: [21]
STATS - lpIterations[1] lagIterations[67] sspIterations[551] numSeparations[476] numCuts[0] compileTime[0] sspSolveTime[14] lpSolveTime[0] lb[1204.86] ub[1457.4] numArcs: [606396] numFixed: [31180] time: [22]
STATS - lpIterations[1] lagIterations[68] sspIterations[558] numSeparations[491] numCuts[0] compileTime[0] sspSolveTime[14] lpSolveTime[0] lb[1214.08] ub[1457.4] numArcs: [607289] numFixed: [31307] time: [22]
STATS - lpIterations[1] lagIterations[71] sspIterations[606] numSeparations[528] numCuts[0] compileTime[0] sspSolveTime[16] lpSolveTime[0] lb[1219.79] ub[1457.4] numArcs: [609698] numFixed: [31813] time: [24]
STATS - lpIterations[1] lagIterations[73] sspIterations[639] numSeparations[551] numCuts[0] compileTime[0] sspSolveTime[17] lpSolveTime[0] lb[1224.63] ub[1457.4] numArcs: [611444] numFixed: [32070] time: [25]
STATS - lpIterations[1] lagIterations[75] sspIterations[654] numSeparations[569] numCuts[0] compileTime[0] sspSolveTime[18] lpSolveTime[0] lb[1225.24] ub[1457.4] numArcs: [612536] numFixed: [32132] time: [26]
STATS - lpIterations[1] lagIterations[76] sspIterations[679] numSeparations[569] numCuts[0] compileTime[0] sspSolveTime[18] lpSolveTime[0] lb[1228.39] ub[1457.4] numArcs: [612460] numFixed: [32132] time: [27]
STATS - lpIterations[1] lagIterations[77] sspIterations[692] numSeparations[591] numCuts[0] compileTime[0] sspSolveTime[19] lpSolveTime[0] lb[1239.47] ub[1457.4] numArcs: [614118] numFixed: [32193] time: [28]
STATS - lpIterations[1] lagIterations[84] sspIterations[783] numSeparations[660] numCuts[0] compileTime[0] sspSolveTime[21] lpSolveTime[0] lb[1242.4] ub[1457.4] numArcs: [618826] numFixed: [33181] time: [31]
STATS - lpIterations[1] lagIterations[86] sspIterations[815] numSeparations[678] numCuts[0] compileTime[0] sspSolveTime[22] lpSolveTime[0] lb[1243.91] ub[1457.4] numArcs: [619885] numFixed: [33505] time: [33]
STATS - lpIterations[1] lagIterations[87] sspIterations[823] numSeparations[685] numCuts[0] compileTime[0] sspSolveTime[22] lpSolveTime[0] lb[1248.32] ub[1457.4] numArcs: [620307] numFixed: [33505] time: [33]
STATS - lpIterations[1] lagIterations[89] sspIterations[849] numSeparations[704] numCuts[0] compileTime[0] sspSolveTime[23] lpSolveTime[0] lb[1253.47] ub[1457.4] numArcs: [621780] numFixed: [33559] time: [34]
STATS - lpIterations[1] lagIterations[91] sspIterations[879] numSeparations[727] numCuts[0] compileTime[0] sspSolveTime[24] lpSolveTime[0] lb[1256.68] ub[1457.4] numArcs: [623568] numFixed: [39236] time: [35]
STATS - lpIterations[1] lagIterations[94] sspIterations[938] numSeparations[779] numCuts[0] compileTime[0] sspSolveTime[25] lpSolveTime[0] lb[1264.59] ub[1457.4] numArcs: [627422] numFixed: [40012] time: [37]
STATS - lpIterations[1] lagIterations[97] sspIterations[1005] numSeparations[824] numCuts[0] compileTime[0] sspSolveTime[27] lpSolveTime[0] lb[1264.98] ub[1457.4] numArcs: [629924] numFixed: [40012] time: [40]
STATS - lpIterations[1] lagIterations[98] sspIterations[1015] numSeparations[834] numCuts[0] compileTime[0] sspSolveTime[28] lpSolveTime[0] lb[1268.96] ub[1457.4] numArcs: [630665] numFixed: [40012] time: [40]
STATS - lpIterations[1] lagIterations[104] sspIterations[1087] numSeparations[875] numCuts[0] compileTime[0] sspSolveTime[30] lpSolveTime[0] lb[1275.35] ub[1457.4] numArcs: [632983] numFixed: [40208] time: [44]
STATS - lpIterations[1] lagIterations[106] sspIterations[1115] numSeparations[894] numCuts[0] compileTime[0] sspSolveTime[31] lpSolveTime[0] lb[1275.39] ub[1457.4] numArcs: [634237] numFixed: [40208] time: [45]
STATS - lpIterations[1] lagIterations[108] sspIterations[1143] numSeparations[910] numCuts[0] compileTime[0] sspSolveTime[31] lpSolveTime[0] lb[1277.58] ub[1457.4] numArcs: [635295] numFixed: [40269] time: [46]
STATS - lpIterations[1] lagIterations[110] sspIterations[1175] numSeparations[933] numCuts[0] compileTime[0] sspSolveTime[32] lpSolveTime[0] lb[1280.95] ub[1457.4] numArcs: [636948] numFixed: [40558] time: [47]
STATS - lpIterations[1] lagIterations[112] sspIterations[1205] numSeparations[954] numCuts[0] compileTime[0] sspSolveTime[33] lpSolveTime[0] lb[1283.59] ub[1457.4] numArcs: [638140] numFixed: [40666] time: [49]
STATS - lpIterations[1] lagIterations[116] sspIterations[1265] numSeparations[995] numCuts[0] compileTime[0] sspSolveTime[35] lpSolveTime[0] lb[1285.37] ub[1457.4] numArcs: [640379] numFixed: [41462] time: [51]
STATS - lpIterations[1] lagIterations[118] sspIterations[1287] numSeparations[1006] numCuts[0] compileTime[0] sspSolveTime[36] lpSolveTime[0] lb[1287.53] ub[1457.4] numArcs: [641129] numFixed: [41462] time: [52]
STATS - lpIterations[1] lagIterations[120] sspIterations[1315] numSeparations[1021] numCuts[0] compileTime[0] sspSolveTime[36] lpSolveTime[0] lb[1289.18] ub[1457.4] numArcs: [642029] numFixed: [41523] time: [54]
STATS - lpIterations[1] lagIterations[122] sspIterations[1334] numSeparations[1037] numCuts[0] compileTime[0] sspSolveTime[37] lpSolveTime[0] lb[1293.16] ub[1457.4] numArcs: [642849] numFixed: [41592] time: [54]
STATS - lpIterations[1] lagIterations[124] sspIterations[1382] numSeparations[1064] numCuts[0] compileTime[0] sspSolveTime[38] lpSolveTime[0] lb[1294.83] ub[1457.4] numArcs: [644625] numFixed: [41914] time: [56]
STATS - lpIterations[1] lagIterations[126] sspIterations[1407] numSeparations[1086] numCuts[0] compileTime[0] sspSolveTime[39] lpSolveTime[0] lb[1300.46] ub[1457.4] numArcs: [646248] numFixed: [42218] time: [58]
STATS - lpIterations[1] lagIterations[132] sspIterations[1522] numSeparations[1156] numCuts[0] compileTime[0] sspSolveTime[43] lpSolveTime[0] lb[1300.93] ub[1457.4] numArcs: [649813] numFixed: [42667] time: [62]
STATS - lpIterations[1] lagIterations[133] sspIterations[1533] numSeparations[1167] numCuts[0] compileTime[0] sspSolveTime[43] lpSolveTime[0] lb[1302.88] ub[1457.4] numArcs: [650504] numFixed: [42667] time: [63]
STATS - lpIterations[1] lagIterations[135] sspIterations[1560] numSeparations[1181] numCuts[0] compileTime[0] sspSolveTime[44] lpSolveTime[0] lb[1303.29] ub[1457.4] numArcs: [651232] numFixed: [42667] time: [64]
STATS - lpIterations[1] lagIterations[136] sspIterations[1566] numSeparations[1188] numCuts[0] compileTime[0] sspSolveTime[44] lpSolveTime[0] lb[1305.05] ub[1457.4] numArcs: [651757] numFixed: [42667] time: [65]
STATS - lpIterations[1] lagIterations[139] sspIterations[1631] numSeparations[1225] numCuts[0] compileTime[0] sspSolveTime[46] lpSolveTime[0] lb[1307.15] ub[1457.4] numArcs: [653739] numFixed: [43301] time: [67]
STATS - lpIterations[1] lagIterations[140] sspIterations[1641] numSeparations[1232] numCuts[0] compileTime[0] sspSolveTime[46] lpSolveTime[0] lb[1307.32] ub[1457.4] numArcs: [654233] numFixed: [43427] time: [68]
STATS - lpIterations[1] lagIterations[142] sspIterations[1665] numSeparations[1247] numCuts[0] compileTime[0] sspSolveTime[47] lpSolveTime[0] lb[1309.22] ub[1457.4] numArcs: [654925] numFixed: [43390] time: [69]
STATS - lpIterations[1] lagIterations[144] sspIterations[1692] numSeparations[1253] numCuts[0] compileTime[0] sspSolveTime[48] lpSolveTime[0] lb[1309.37] ub[1457.4] numArcs: [655332] numFixed: [43390] time: [70]
STATS - lpIterations[1] lagIterations[145] sspIterations[1702] numSeparations[1260] numCuts[0] compileTime[0] sspSolveTime[48] lpSolveTime[0] lb[1311.49] ub[1457.4] numArcs: [655899] numFixed: [43614] time: [71]
STATS - lpIterations[1] lagIterations[146] sspIterations[1715] numSeparations[1267] numCuts[0] compileTime[0] sspSolveTime[48] lpSolveTime[0] lb[1311.59] ub[1457.4] numArcs: [656276] numFixed: [43770] time: [71]
STATS - lpIterations[1] lagIterations[150] sspIterations[1778] numSeparations[1304] numCuts[0] compileTime[0] sspSolveTime[50] lpSolveTime[0] lb[1312.01] ub[1457.4] numArcs: [658663] numFixed: [44501] time: [74]
STATS - lpIterations[1] lagIterations[152] sspIterations[1808] numSeparations[1322] numCuts[0] compileTime[0] sspSolveTime[51] lpSolveTime[0] lb[1317.92] ub[1457.4] numArcs: [660156] numFixed: [44659] time: [75]
STATS - lpIterations[1] lagIterations[160] sspIterations[1925] numSeparations[1390] numCuts[0] compileTime[0] sspSolveTime[55] lpSolveTime[0] lb[1318.9] ub[1457.4] numArcs: [663865] numFixed: [44911] time: [81]
STATS - lpIterations[1] lagIterations[162] sspIterations[1947] numSeparations[1400] numCuts[0] compileTime[0] sspSolveTime[55] lpSolveTime[0] lb[1320.35] ub[1457.4] numArcs: [664272] numFixed: [44911] time: [82]
STATS - lpIterations[1] lagIterations[164] sspIterations[1983] numSeparations[1423] numCuts[0] compileTime[0] sspSolveTime[56] lpSolveTime[0] lb[1321.25] ub[1457.4] numArcs: [665705] numFixed: [45153] time: [83]
STATS - lpIterations[1] lagIterations[166] sspIterations[2018] numSeparations[1446] numCuts[0] compileTime[0] sspSolveTime[57] lpSolveTime[0] lb[1325.11] ub[1457.4] numArcs: [667183] numFixed: [46377] time: [85]
STATS - lpIterations[1] lagIterations[171] sspIterations[2107] numSeparations[1504] numCuts[0] compileTime[0] sspSolveTime[60] lpSolveTime[0] lb[1326.72] ub[1457.4] numArcs: [670117] numFixed: [47463] time: [89]
STATS - lpIterations[1] lagIterations[173] sspIterations[2135] numSeparations[1520] numCuts[0] compileTime[0] sspSolveTime[61] lpSolveTime[0] lb[1326.82] ub[1457.4] numArcs: [671074] numFixed: [47463] time: [90]
STATS - lpIterations[1] lagIterations[175] sspIterations[2169] numSeparations[1538] numCuts[0] compileTime[0] sspSolveTime[62] lpSolveTime[0] lb[1327.69] ub[1457.4] numArcs: [671849] numFixed: [47517] time: [91]
STATS - lpIterations[1] lagIterations[177] sspIterations[2198] numSeparations[1556] numCuts[0] compileTime[0] sspSolveTime[63] lpSolveTime[0] lb[1328.16] ub[1457.4] numArcs: [673248] numFixed: [48311] time: [93]
STATS - lpIterations[1] lagIterations[181] sspIterations[2261] numSeparations[1595] numCuts[0] compileTime[0] sspSolveTime[65] lpSolveTime[0] lb[1330.27] ub[1457.4] numArcs: [675534] numFixed: [49614] time: [96]
STATS - lpIterations[1] lagIterations[183] sspIterations[2288] numSeparations[1612] numCuts[0] compileTime[0] sspSolveTime[66] lpSolveTime[0] lb[1331] ub[1457.4] numArcs: [676518] numFixed: [49988] time: [97]
STATS - lpIterations[1] lagIterations[186] sspIterations[2355] numSeparations[1656] numCuts[0] compileTime[0] sspSolveTime[68] lpSolveTime[0] lb[1334.51] ub[1457.4] numArcs: [679537] numFixed: [51394] time: [100]
STATS - lpIterations[1] lagIterations[192] sspIterations[2479] numSeparations[1739] numCuts[0] compileTime[0] sspSolveTime[72] lpSolveTime[0] lb[1337.84] ub[1457.4] numArcs: [684310] numFixed: [53472] time: [106]
STATS - lpIterations[1] lagIterations[201] sspIterations[2637] numSeparations[1838] numCuts[0] compileTime[0] sspSolveTime[77] lpSolveTime[0] lb[1338.27] ub[1457.4] numArcs: [689576] numFixed: [55861] time: [113]
STATS - lpIterations[1] lagIterations[205] sspIterations[2700] numSeparations[1868] numCuts[0] compileTime[0] sspSolveTime[79] lpSolveTime[0] lb[1340.73] ub[1457.4] numArcs: [691019] numFixed: [56081] time: [116]
STATS - lpIterations[1] lagIterations[207] sspIterations[2722] numSeparations[1883] numCuts[0] compileTime[0] sspSolveTime[79] lpSolveTime[0] lb[1340.75] ub[1457.4] numArcs: [691692] numFixed: [56851] time: [117]
STATS - lpIterations[1] lagIterations[209] sspIterations[2754] numSeparations[1900] numCuts[0] compileTime[0] sspSolveTime[80] lpSolveTime[0] lb[1341.34] ub[1457.4] numArcs: [692479] numFixed: [56915] time: [119]
STATS - lpIterations[1] lagIterations[211] sspIterations[2788] numSeparations[1915] numCuts[0] compileTime[0] sspSolveTime[81] lpSolveTime[0] lb[1342.28] ub[1457.4] numArcs: [693300] numFixed: [58431] time: [120]
STATS - lpIterations[1] lagIterations[213] sspIterations[2815] numSeparations[1929] numCuts[0] compileTime[0] sspSolveTime[82] lpSolveTime[0] lb[1343.5] ub[1457.4] numArcs: [694135] numFixed: [59345] time: [122]
STATS - lpIterations[1] lagIterations[215] sspIterations[2856] numSeparations[1951] numCuts[0] compileTime[0] sspSolveTime[83] lpSolveTime[0] lb[1344.9] ub[1457.4] numArcs: [695106] numFixed: [58957] time: [123]
STATS - lpIterations[1] lagIterations[221] sspIterations[2959] numSeparations[2009] numCuts[0] compileTime[0] sspSolveTime[86] lpSolveTime[0] lb[1346.65] ub[1457.4] numArcs: [698644] numFixed: [64960] time: [128]
STATS - lpIterations[1] lagIterations[222] sspIterations[2971] numSeparations[2015] numCuts[0] compileTime[0] sspSolveTime[87] lpSolveTime[0] lb[1347.51] ub[1457.4] numArcs: [698952] numFixed: [64973] time: [129]
STATS - lpIterations[1] lagIterations[226] sspIterations[3029] numSeparations[2047] numCuts[0] compileTime[0] sspSolveTime[89] lpSolveTime[0] lb[1349.14] ub[1457.4] numArcs: [700683] numFixed: [65013] time: [132]
STATS - lpIterations[1] lagIterations[235] sspIterations[3191] numSeparations[2141] numCuts[0] compileTime[0] sspSolveTime[93] lpSolveTime[0] lb[1350.31] ub[1457.4] numArcs: [705717] numFixed: [65469] time: [139]
STATS - lpIterations[1] lagIterations[245] sspIterations[3340] numSeparations[2210] numCuts[0] compileTime[0] sspSolveTime[98] lpSolveTime[0] lb[1350.85] ub[1457.4] numArcs: [709486] numFixed: [67025] time: [146]
STATS - lpIterations[1] lagIterations[248] sspIterations[3374] numSeparations[2226] numCuts[0] compileTime[0] sspSolveTime[99] lpSolveTime[0] lb[1351.5] ub[1457.4] numArcs: [710158] numFixed: [67032] time: [148]
STATS - lpIterations[1] lagIterations[251] sspIterations[3430] numSeparations[2260] numCuts[0] compileTime[0] sspSolveTime[101] lpSolveTime[0] lb[1353.07] ub[1457.4] numArcs: [712355] numFixed: [73693] time: [151]
STATS - lpIterations[1] lagIterations[259] sspIterations[3569] numSeparations[2330] numCuts[0] compileTime[0] sspSolveTime[104] lpSolveTime[0] lb[1354.55] ub[1457.4] numArcs: [716264] numFixed: [76347] time: [157]
STATS - lpIterations[1] lagIterations[263] sspIterations[3637] numSeparations[2367] numCuts[0] compileTime[0] sspSolveTime[107] lpSolveTime[0] lb[1355.22] ub[1457.4] numArcs: [718444] numFixed: [80584] time: [160]
STATS - lpIterations[1] lagIterations[270] sspIterations[3747] numSeparations[2425] numCuts[0] compileTime[0] sspSolveTime[110] lpSolveTime[0] lb[1356.33] ub[1457.4] numArcs: [721787] numFixed: [79295] time: [165]
STATS - lpIterations[1] lagIterations[277] sspIterations[3862] numSeparations[2474] numCuts[0] compileTime[0] sspSolveTime[113] lpSolveTime[0] lb[1356.84] ub[1457.4] numArcs: [724317] numFixed: [83587] time: [171]
STATS - lpIterations[1] lagIterations[279] sspIterations[3896] numSeparations[2495] numCuts[0] compileTime[0] sspSolveTime[115] lpSolveTime[0] lb[1357.89] ub[1457.4] numArcs: [725571] numFixed: [81699] time: [173]
STATS - lpIterations[1] lagIterations[288] sspIterations[4046] numSeparations[2558] numCuts[0] compileTime[0] sspSolveTime[120] lpSolveTime[0] lb[1358.54] ub[1457.4] numArcs: [729593] numFixed: [85130] time: [181]
STATS - lpIterations[1] lagIterations[295] sspIterations[4163] numSeparations[2624] numCuts[0] compileTime[0] sspSolveTime[123] lpSolveTime[0] lb[1358.67] ub[1457.4] numArcs: [732997] numFixed: [87083] time: [186]
STATS - lpIterations[1] lagIterations[301] sspIterations[4258] numSeparations[2659] numCuts[0] compileTime[0] sspSolveTime[126] lpSolveTime[0] lb[1360.34] ub[1457.4] numArcs: [735140] numFixed: [88290] time: [191]
STATS - lpIterations[1] lagIterations[312] sspIterations[4446] numSeparations[2739] numCuts[0] compileTime[0] sspSolveTime[132] lpSolveTime[0] lb[1360.47] ub[1457.4] numArcs: [739267] numFixed: [95009] time: [201]
STATS - lpIterations[1] lagIterations[313] sspIterations[4459] numSeparations[2745] numCuts[0] compileTime[0] sspSolveTime[132] lpSolveTime[0] lb[1361.82] ub[1457.4] numArcs: [739619] numFixed: [95029] time: [201]
STATS - lpIterations[1] lagIterations[327] sspIterations[4677] numSeparations[2839] numCuts[0] compileTime[0] sspSolveTime[139] lpSolveTime[0] lb[1363.46] ub[1457.4] numArcs: [744497] numFixed: [95640] time: [212]
STATS - lpIterations[1] lagIterations[339] sspIterations[4868] numSeparations[2914] numCuts[0] compileTime[0] sspSolveTime[145] lpSolveTime[0] lb[1363.58] ub[1457.4] numArcs: [748469] numFixed: [95830] time: [222]
STATS - lpIterations[1] lagIterations[344] sspIterations[4945] numSeparations[2952] numCuts[0] compileTime[0] sspSolveTime[148] lpSolveTime[0] lb[1364.58] ub[1457.4] numArcs: [750434] numFixed: [96112] time: [226]
STATS - lpIterations[1] lagIterations[353] sspIterations[5076] numSeparations[2998] numCuts[0] compileTime[0] sspSolveTime[152] lpSolveTime[0] lb[1364.86] ub[1457.4] numArcs: [752738] numFixed: [104142] time: [234]
STATS - lpIterations[1] lagIterations[355] sspIterations[5103] numSeparations[3007] numCuts[0] compileTime[0] sspSolveTime[153] lpSolveTime[0] lb[1365.19] ub[1457.4] numArcs: [753330] numFixed: [104279] time: [235]
STATS - lpIterations[1] lagIterations[357] sspIterations[5136] numSeparations[3016] numCuts[0] compileTime[0] sspSolveTime[154] lpSolveTime[0] lb[1365.94] ub[1457.4] numArcs: [753580] numFixed: [105990] time: [237]
STATS - lpIterations[1] lagIterations[362] sspIterations[5213] numSeparations[3050] numCuts[0] compileTime[0] sspSolveTime[156] lpSolveTime[0] lb[1366.14] ub[1457.4] numArcs: [755463] numFixed: [103729] time: [241]
STATS - lpIterations[1] lagIterations[364] sspIterations[5251] numSeparations[3069] numCuts[0] compileTime[0] sspSolveTime[157] lpSolveTime[0] lb[1366.65] ub[1457.4] numArcs: [756727] numFixed: [103967] time: [243]
STATS - lpIterations[1] lagIterations[368] sspIterations[5319] numSeparations[3097] numCuts[0] compileTime[0] sspSolveTime[159] lpSolveTime[0] lb[1366.8] ub[1457.4] numArcs: [758408] numFixed: [108968] time: [246]
STATS - lpIterations[1] lagIterations[379] sspIterations[5464] numSeparations[3146] numCuts[0] compileTime[0] sspSolveTime[164] lpSolveTime[0] lb[1369.22] ub[1457.4] numArcs: [760913] numFixed: [113361] time: [255]
STATS - lpIterations[1] lagIterations[400] sspIterations[5807] numSeparations[3301] numCuts[0] compileTime[0] sspSolveTime[175] lpSolveTime[0] lb[1370.2] ub[1457.4] numArcs: [768356] numFixed: [119291] time: [273]
STATS - lpIterations[1] lagIterations[417] sspIterations[6089] numSeparations[3421] numCuts[0] compileTime[0] sspSolveTime[184] lpSolveTime[0] lb[1370.43] ub[1457.4] numArcs: [774633] numFixed: [124306] time: [288]
STATS - lpIterations[1] lagIterations[427] sspIterations[6224] numSeparations[3464] numCuts[0] compileTime[0] sspSolveTime[188] lpSolveTime[0] lb[1371.73] ub[1457.4] numArcs: [776719] numFixed: [123462] time: [296]
STATS - lpIterations[1] lagIterations[450] sspIterations[6585] numSeparations[3606] numCuts[0] compileTime[0] sspSolveTime[199] lpSolveTime[0] lb[1372.29] ub[1457.4] numArcs: [783666] numFixed: [132226] time: [314]
STATS - lpIterations[1] lagIterations[452] sspIterations[6612] numSeparations[3620] numCuts[0] compileTime[0] sspSolveTime[200] lpSolveTime[0] lb[1373.31] ub[1457.4] numArcs: [784645] numFixed: [132304] time: [316]
STATS - lpIterations[1] lagIterations[464] sspIterations[6804] numSeparations[3702] numCuts[0] compileTime[0] sspSolveTime[206] lpSolveTime[0] lb[1373.5] ub[1457.4] numArcs: [788536] numFixed: [141296] time: [326]
STATS - lpIterations[1] lagIterations[466] sspIterations[6846] numSeparations[3719] numCuts[0] compileTime[0] sspSolveTime[207] lpSolveTime[0] lb[1374.24] ub[1457.4] numArcs: [789400] numFixed: [142092] time: [328]
STATS - lpIterations[1] lagIterations[481] sspIterations[7071] numSeparations[3803] numCuts[0] compileTime[0] sspSolveTime[214] lpSolveTime[0] lb[1375.11] ub[1457.4] numArcs: [793741] numFixed: [144235] time: [341]
STATS - lpIterations[1] lagIterations[485] sspIterations[7131] numSeparations[3822] numCuts[0] compileTime[0] sspSolveTime[216] lpSolveTime[0] lb[1375.44] ub[1457.4] numArcs: [794879] numFixed: [144325] time: [345]
STATS - lpIterations[1] lagIterations[501] sspIterations[7383] numSeparations[3931] numCuts[0] compileTime[0] sspSolveTime[225] lpSolveTime[0] lb[1375.6] ub[1457.4] numArcs: [800333] numFixed: [147343] time: [359]
STATS - lpIterations[1] lagIterations[505] sspIterations[7438] numSeparations[3949] numCuts[0] compileTime[0] sspSolveTime[226] lpSolveTime[0] lb[1375.66] ub[1457.4] numArcs: [801203] numFixed: [152540] time: [362]
STATS - lpIterations[1] lagIterations[509] sspIterations[7501] numSeparations[3971] numCuts[0] compileTime[0] sspSolveTime[228] lpSolveTime[0] lb[1376.22] ub[1457.4] numArcs: [801968] numFixed: [151223] time: [365]
STATS - lpIterations[1] lagIterations[513] sspIterations[7570] numSeparations[3999] numCuts[0] compileTime[0] sspSolveTime[230] lpSolveTime[0] lb[1377.11] ub[1457.4] numArcs: [803178] numFixed: [159508] time: [369]
STATS - lpIterations[1] lagIterations[520] sspIterations[7670] numSeparations[4038] numCuts[0] compileTime[0] sspSolveTime[234] lpSolveTime[0] lb[1377.36] ub[1457.4] numArcs: [805087] numFixed: [157499] time: [375]
STATS - lpIterations[1] lagIterations[531] sspIterations[7849] numSeparations[4108] numCuts[0] compileTime[0] sspSolveTime[240] lpSolveTime[0] lb[1377.65] ub[1457.4] numArcs: [808406] numFixed: [158918] time: [385]
STATS - lpIterations[1] lagIterations[535] sspIterations[7901] numSeparations[4126] numCuts[0] compileTime[0] sspSolveTime[241] lpSolveTime[0] lb[1377.82] ub[1457.4] numArcs: [809418] numFixed: [161526] time: [389]
STATS - lpIterations[1] lagIterations[537] sspIterations[7941] numSeparations[4144] numCuts[0] compileTime[0] sspSolveTime[243] lpSolveTime[0] lb[1378.13] ub[1457.4] numArcs: [810198] numFixed: [164599] time: [391]
STATS - lpIterations[1] lagIterations[544] sspIterations[8034] numSeparations[4174] numCuts[0] compileTime[0] sspSolveTime[246] lpSolveTime[0] lb[1378.19] ub[1457.4] numArcs: [811811] numFixed: [165243] time: [397]
STATS - lpIterations[1] lagIterations[552] sspIterations[8151] numSeparations[4208] numCuts[0] compileTime[0] sspSolveTime[250] lpSolveTime[0] lb[1379.23] ub[1457.4] numArcs: [813503] numFixed: [167024] time: [404]
STATS - lpIterations[1] lagIterations[572] sspIterations[8452] numSeparations[4322] numCuts[0] compileTime[0] sspSolveTime[261] lpSolveTime[0] lb[1379.57] ub[1457.4] numArcs: [818870] numFixed: [174962] time: [422]
STATS - lpIterations[1] lagIterations[578] sspIterations[8541] numSeparations[4354] numCuts[0] compileTime[0] sspSolveTime[264] lpSolveTime[0] lb[1379.65] ub[1457.4] numArcs: [819915] numFixed: [174170] time: [428]
STATS - lpIterations[1] lagIterations[580] sspIterations[8574] numSeparations[4365] numCuts[0] compileTime[0] sspSolveTime[265] lpSolveTime[0] lb[1380.03] ub[1457.4] numArcs: [820414] numFixed: [174226] time: [429]
STATS - lpIterations[1] lagIterations[585] sspIterations[8638] numSeparations[4385] numCuts[0] compileTime[0] sspSolveTime[267] lpSolveTime[0] lb[1380.09] ub[1457.4] numArcs: [821397] numFixed: [172077] time: [433]
STATS - lpIterations[1] lagIterations[595] sspIterations[8803] numSeparations[4443] numCuts[0] compileTime[0] sspSolveTime[272] lpSolveTime[0] lb[1380.32] ub[1457.4] numArcs: [823725] numFixed: [176232] time: [442]
STATS - lpIterations[1] lagIterations[598] sspIterations[8843] numSeparations[4454] numCuts[0] compileTime[0] sspSolveTime[273] lpSolveTime[0] lb[1380.73] ub[1457.4] numArcs: [824032] numFixed: [176258] time: [445]
STATS - lpIterations[1] lagIterations[613] sspIterations[9068] numSeparations[4525] numCuts[0] compileTime[0] sspSolveTime[281] lpSolveTime[0] lb[1382.1] ub[1457.4] numArcs: [827060] numFixed: [186926] time: [458]
STATS - lpIterations[1] lagIterations[656] sspIterations[9704] numSeparations[4722] numCuts[0] compileTime[0] sspSolveTime[302] lpSolveTime[0] lb[1382.4] ub[1457.4] numArcs: [835302] numFixed: [188713] time: [497]
STATS - lpIterations[1] lagIterations[660] sspIterations[9769] numSeparations[4747] numCuts[0] compileTime[0] sspSolveTime[304] lpSolveTime[0] lb[1382.6] ub[1457.4] numArcs: [836088] numFixed: [188903] time: [501]
STATS - lpIterations[1] lagIterations[666] sspIterations[9869] numSeparations[4787] numCuts[0] compileTime[0] sspSolveTime[308] lpSolveTime[0] lb[1383.21] ub[1457.4] numArcs: [837770] numFixed: [193887] time: [507]
STATS - lpIterations[1] lagIterations[679] sspIterations[10060] numSeparations[4837] numCuts[0] compileTime[0] sspSolveTime[313] lpSolveTime[0] lb[1383.65] ub[1457.4] numArcs: [839602] numFixed: [195994] time: [518]
STATS - lpIterations[1] lagIterations[711] sspIterations[10560] numSeparations[4993] numCuts[0] compileTime[0] sspSolveTime[330] lpSolveTime[0] lb[1383.78] ub[1457.4] numArcs: [846005] numFixed: [197920] time: [547]
STATS - lpIterations[1] lagIterations[715] sspIterations[10625] numSeparations[5015] numCuts[0] compileTime[0] sspSolveTime[332] lpSolveTime[0] lb[1383.96] ub[1457.4] numArcs: [846644] numFixed: [198118] time: [551]
STATS - lpIterations[1] lagIterations[721] sspIterations[10712] numSeparations[5036] numCuts[0] compileTime[0] sspSolveTime[335] lpSolveTime[0] lb[1384.46] ub[1457.4] numArcs: [847516] numFixed: [199310] time: [556]
STATS - lpIterations[1] lagIterations[748] sspIterations[11112] numSeparations[5141] numCuts[0] compileTime[0] sspSolveTime[347] lpSolveTime[0] lb[1384.54] ub[1457.4] numArcs: [851565] numFixed: [205700] time: [580]
STATS - lpIterations[1] lagIterations[750] sspIterations[11137] numSeparations[5148] numCuts[0] compileTime[0] sspSolveTime[348] lpSolveTime[0] lb[1384.54] ub[1457.4] numArcs: [851764] numFixed: [205710] time: [582]
STATS - lpIterations[1] lagIterations[752] sspIterations[11163] numSeparations[5153] numCuts[0] compileTime[0] sspSolveTime[349] lpSolveTime[0] lb[1384.64] ub[1457.4] numArcs: [852014] numFixed: [205757] time: [583]
STATS - lpIterations[1] lagIterations[756] sspIterations[11230] numSeparations[5174] numCuts[0] compileTime[0] sspSolveTime[351] lpSolveTime[0] lb[1385.31] ub[1457.4] numArcs: [852763] numFixed: [205501] time: [587]
STATS - lpIterations[1] lagIterations[794] sspIterations[11823] numSeparations[5340] numCuts[0] compileTime[0] sspSolveTime[370] lpSolveTime[0] lb[1385.7] ub[1457.4] numArcs: [859321] numFixed: [213623] time: [622]
STATS - lpIterations[1] lagIterations[807] sspIterations[12018] numSeparations[5395] numCuts[0] compileTime[0] sspSolveTime[377] lpSolveTime[0] lb[1386.11] ub[1457.4] numArcs: [861365] numFixed: [214157] time: [633]
STATS - lpIterations[1] lagIterations[821] sspIterations[12224] numSeparations[5448] numCuts[0] compileTime[0] sspSolveTime[383] lpSolveTime[0] lb[1386.32] ub[1457.4] numArcs: [863563] numFixed: [216496] time: [646]
STATS - lpIterations[1] lagIterations[825] sspIterations[12283] numSeparations[5467] numCuts[0] compileTime[0] sspSolveTime[385] lpSolveTime[0] lb[1386.33] ub[1457.4] numArcs: [864576] numFixed: [219853] time: [649]
STATS - lpIterations[1] lagIterations[829] sspIterations[12349] numSeparations[5485] numCuts[0] compileTime[0] sspSolveTime[387] lpSolveTime[0] lb[1386.38] ub[1457.4] numArcs: [865297] numFixed: [215761] time: [653]
STATS - lpIterations[1] lagIterations[849] sspIterations[12663] numSeparations[5597] numCuts[0] compileTime[0] sspSolveTime[398] lpSolveTime[0] lb[1386.61] ub[1457.4] numArcs: [869093] numFixed: [222651] time: [673]
STATS - lpIterations[1] lagIterations[851] sspIterations[12700] numSeparations[5606] numCuts[0] compileTime[0] sspSolveTime[399] lpSolveTime[0] lb[1387.01] ub[1457.4] numArcs: [869479] numFixed: [223390] time: [675]
STATS - lpIterations[1] lagIterations[868] sspIterations[12961] numSeparations[5678] numCuts[0] compileTime[0] sspSolveTime[409] lpSolveTime[0] lb[1387.12] ub[1457.4] numArcs: [872423] numFixed: [230714] time: [691]
STATS - lpIterations[1] lagIterations[891] sspIterations[13330] numSeparations[5794] numCuts[0] compileTime[0] sspSolveTime[421] lpSolveTime[0] lb[1387.68] ub[1457.4] numArcs: [876196] numFixed: [235190] time: [713]
STATS - lpIterations[1] lagIterations[917] sspIterations[13719] numSeparations[5894] numCuts[0] compileTime[0] sspSolveTime[434] lpSolveTime[0] lb[1388.09] ub[1457.4] numArcs: [879555] numFixed: [231616] time: [738]
STATS - lpIterations[1] lagIterations[947] sspIterations[14160] numSeparations[5999] numCuts[0] compileTime[0] sspSolveTime[449] lpSolveTime[0] lb[1388.44] ub[1457.4] numArcs: [884029] numFixed: [239394] time: [767]
STATS - lpIterations[1] lagIterations[965] sspIterations[14434] numSeparations[6065] numCuts[0] compileTime[0] sspSolveTime[459] lpSolveTime[0] lb[1388.62] ub[1457.4] numArcs: [886433] numFixed: [239946] time: [786]
STATS - lpIterations[1] lagIterations[976] sspIterations[14599] numSeparations[6110] numCuts[0] compileTime[0] sspSolveTime[465] lpSolveTime[0] lb[1388.77] ub[1457.4] numArcs: [888122] numFixed: [242662] time: [797]
STATS - lpIterations[1] lagIterations[981] sspIterations[14670] numSeparations[6129] numCuts[0] compileTime[0] sspSolveTime[467] lpSolveTime[0] lb[1388.95] ub[1457.4] numArcs: [888934] numFixed: [242799] time: [802]
STATS - lpIterations[1] lagIterations[990] sspIterations[14813] numSeparations[6162] numCuts[0] compileTime[0] sspSolveTime[472] lpSolveTime[0] lb[1389.01] ub[1457.4] numArcs: [890433] numFixed: [243514] time: [811]
STATS - lpIterations[1] lagIterations[996] sspIterations[14905] numSeparations[6180] numCuts[0] compileTime[0] sspSolveTime[475] lpSolveTime[0] lb[1389.12] ub[1457.4] numArcs: [891147] numFixed: [243600] time: [817]
STATS - lpIterations[1] lagIterations[1008] sspIterations[15080] numSeparations[6221] numCuts[0] compileTime[0] sspSolveTime[482] lpSolveTime[0] lb[1389.21] ub[1457.4] numArcs: [892546] numFixed: [243883] time: [829]
STATS - lpIterations[1] lagIterations[1010] sspIterations[15114] numSeparations[6231] numCuts[0] compileTime[0] sspSolveTime[483] lpSolveTime[0] lb[1389.34] ub[1457.4] numArcs: [892883] numFixed: [243946] time: [832]
STATS - lpIterations[1] lagIterations[1023] sspIterations[15307] numSeparations[6279] numCuts[0] compileTime[0] sspSolveTime[490] lpSolveTime[0] lb[1389.36] ub[1457.4] numArcs: [894581] numFixed: [248828] time: [844]
STATS - lpIterations[1] lagIterations[1028] sspIterations[15382] numSeparations[6296] numCuts[0] compileTime[0] sspSolveTime[492] lpSolveTime[0] lb[1389.36] ub[1457.4] numArcs: [895244] numFixed: [247996] time: [849]
STATS - lpIterations[1] lagIterations[1030] sspIterations[15415] numSeparations[6303] numCuts[0] compileTime[0] sspSolveTime[493] lpSolveTime[0] lb[1389.5] ub[1457.4] numArcs: [895391] numFixed: [248021] time: [851]
STATS - lpIterations[1] lagIterations[1039] sspIterations[15546] numSeparations[6331] numCuts[0] compileTime[0] sspSolveTime[498] lpSolveTime[0] lb[1389.52] ub[1457.4] numArcs: [896377] numFixed: [248484] time: [860]
STATS - lpIterations[1] lagIterations[1041] sspIterations[15577] numSeparations[6335] numCuts[0] compileTime[0] sspSolveTime[499] lpSolveTime[0] lb[1389.62] ub[1457.4] numArcs: [896512] numFixed: [248497] time: [862]
STATS - lpIterations[1] lagIterations[1061] sspIterations[15875] numSeparations[6401] numCuts[0] compileTime[0] sspSolveTime[509] lpSolveTime[0] lb[1389.71] ub[1457.4] numArcs: [899469] numFixed: [253022] time: [882]
STATS - lpIterations[1] lagIterations[1065] sspIterations[15938] numSeparations[6413] numCuts[0] compileTime[0] sspSolveTime[511] lpSolveTime[0] lb[1389.9] ub[1457.4] numArcs: [899970] numFixed: [253124] time: [886]
STATS - lpIterations[2] lagIterations[1066] sspIterations[15958] numSeparations[6414] numCuts[0] compileTime[0] sspSolveTime[512] lpSolveTime[0] lb[1389.9] ub[1457.4] numArcs: [899953] numFixed: [253124] time: [888]
STATS - lpIterations[2] lagIterations[1074] sspIterations[16086] numSeparations[6448] numCuts[0] compileTime[0] sspSolveTime[516] lpSolveTime[0] lb[1390.24] ub[1457.4] numArcs: [901426] numFixed: [253520] time: [895]
STATS - lpIterations[2] lagIterations[1094] sspIterations[16383] numSeparations[6499] numCuts[0] compileTime[0] sspSolveTime[526] lpSolveTime[0] lb[1390.28] ub[1457.4] numArcs: [903390] numFixed: [255223] time: [914]
STATS - lpIterations[2] lagIterations[1130] sspIterations[16949] numSeparations[6617] numCuts[0] compileTime[0] sspSolveTime[545] lpSolveTime[0] lb[1390.36] ub[1457.4] numArcs: [907445] numFixed: [262227] time: [951]
STATS - lpIterations[2] lagIterations[1132] sspIterations[16977] numSeparations[6624] numCuts[0] compileTime[0] sspSolveTime[546] lpSolveTime[0] lb[1390.51] ub[1457.4] numArcs: [907638] numFixed: [262273] time: [953]
STATS - lpIterations[2] lagIterations[1140] sspIterations[17106] numSeparations[6656] numCuts[0] compileTime[0] sspSolveTime[551] lpSolveTime[0] lb[1390.65] ub[1457.4] numArcs: [909071] numFixed: [257894] time: [961]
STATS - lpIterations[2] lagIterations[1157] sspIterations[17353] numSeparations[6699] numCuts[0] compileTime[0] sspSolveTime[559] lpSolveTime[0] lb[1390.73] ub[1457.4] numArcs: [910977] numFixed: [261489] time: [978]
STATS - lpIterations[2] lagIterations[1167] sspIterations[17506] numSeparations[6729] numCuts[0] compileTime[0] sspSolveTime[565] lpSolveTime[0] lb[1390.77] ub[1457.4] numArcs: [912047] numFixed: [261809] time: [988]
STATS - lpIterations[3] lagIterations[1170] sspIterations[17555] numSeparations[6737] numCuts[0] compileTime[0] sspSolveTime[566] lpSolveTime[0] lb[1390.77] ub[1457.4] numArcs: [912360] numFixed: [261914] time: [992]
STATS - lpIterations[3] lagIterations[1197] sspIterations[17945] numSeparations[6800] numCuts[0] compileTime[0] sspSolveTime[580] lpSolveTime[0] lb[1391.01] ub[1457.4] numArcs: [914402] numFixed: [262338] time: [1018]
STATS - lpIterations[3] lagIterations[1201] sspIterations[18004] numSeparations[6814] numCuts[0] compileTime[0] sspSolveTime[582] lpSolveTime[0] lb[1391.08] ub[1457.4] numArcs: [914872] numFixed: [262525] time: [1022]
STATS - lpIterations[3] lagIterations[1220] sspIterations[18307] numSeparations[6874] numCuts[0] compileTime[0] sspSolveTime[593] lpSolveTime[0] lb[1391.14] ub[1457.4] numArcs: [917563] numFixed: [262467] time: [1042]
STATS - lpIterations[3] lagIterations[1233] sspIterations[18500] numSeparations[6901] numCuts[0] compileTime[0] sspSolveTime[599] lpSolveTime[0] lb[1391.27] ub[1457.4] numArcs: [918466] numFixed: [262662] time: [1055]
STATS - lpIterations[4] lagIterations[1272] sspIterations[19081] numSeparations[7006] numCuts[0] compileTime[0] sspSolveTime[620] lpSolveTime[0] lb[1391.27] ub[1457.4] numArcs: [921509] numFixed: [265377] time: [1095]
STATS - lpIterations[4] lagIterations[1277] sspIterations[19155] numSeparations[7018] numCuts[0] compileTime[0] sspSolveTime[622] lpSolveTime[0] lb[1391.27] ub[1457.4] numArcs: [921751] numFixed: [265387] time: [1099]
STATS - lpIterations[4] lagIterations[1281] sspIterations[19207] numSeparations[7031] numCuts[0] compileTime[0] sspSolveTime[624] lpSolveTime[0] lb[1391.39] ub[1457.4] numArcs: [922203] numFixed: [265552] time: [1103]
STATS - lpIterations[4] lagIterations[1285] sspIterations[19267] numSeparations[7037] numCuts[0] compileTime[0] sspSolveTime[626] lpSolveTime[0] lb[1391.53] ub[1457.4] numArcs: [922353] numFixed: [265571] time: [1107]
STATS - lpIterations[4] lagIterations[1296] sspIterations[19425] numSeparations[7059] numCuts[0] compileTime[0] sspSolveTime[632] lpSolveTime[0] lb[1391.72] ub[1457.4] numArcs: [922915] numFixed: [265668] time: [1118]
STATS - lpIterations[4] lagIterations[1350] sspIterations[20242] numSeparations[7206] numCuts[0] compileTime[0] sspSolveTime[660] lpSolveTime[0] lb[1391.76] ub[1457.4] numArcs: [927144] numFixed: [270875] time: [1173]
STATS - lpIterations[4] lagIterations[1358] sspIterations[20364] numSeparations[7232] numCuts[0] compileTime[0] sspSolveTime[665] lpSolveTime[0] lb[1392.21] ub[1457.4] numArcs: [927767] numFixed: [271081] time: [1182]
STATS - lpIterations[4] lagIterations[1430] sspIterations[21490] numSeparations[7442] numCuts[0] compileTime[0] sspSolveTime[705] lpSolveTime[0] lb[1392.27] ub[1457.4] numArcs: [933371] numFixed: [278482] time: [1258]
STATS - lpIterations[4] lagIterations[1440] sspIterations[21647] numSeparations[7474] numCuts[0] compileTime[0] sspSolveTime[710] lpSolveTime[0] lb[1392.37] ub[1457.4] numArcs: [934186] numFixed: [279366] time: [1269]
STATS - lpIterations[4] lagIterations[1458] sspIterations[21918] numSeparations[7529] numCuts[0] compileTime[0] sspSolveTime[720] lpSolveTime[0] lb[1392.54] ub[1457.4] numArcs: [935892] numFixed: [279763] time: [1288]
STATS - lpIterations[5] lagIterations[1459] sspIterations[21938] numSeparations[7529] numCuts[0] compileTime[0] sspSolveTime[721] lpSolveTime[0] lb[1392.54] ub[1457.4] numArcs: [935890] numFixed: [279777] time: [1289]
STATS - lpIterations[5] lagIterations[1515] sspIterations[22798] numSeparations[7677] numCuts[0] compileTime[0] sspSolveTime[752] lpSolveTime[0] lb[1392.58] ub[1457.4] numArcs: [939423] numFixed: [282299] time: [1348]
STATS - lpIterations[5] lagIterations[1517] sspIterations[22834] numSeparations[7682] numCuts[0] compileTime[0] sspSolveTime[753] lpSolveTime[0] lb[1393] ub[1457.4] numArcs: [939668] numFixed: [284637] time: [1351]
STATS - lpIterations[6] lagIterations[1618] sspIterations[24376] numSeparations[7938] numCuts[0] compileTime[0] sspSolveTime[809] lpSolveTime[0] lb[1393] ub[1457.4] numArcs: [945851] numFixed: [288297] time: [1460]
STATS - lpIterations[6] lagIterations[1647] sspIterations[24802] numSeparations[7999] numCuts[0] compileTime[0] sspSolveTime[824] lpSolveTime[0] lb[1393.23] ub[1457.4] numArcs: [947282] numFixed: [288765] time: [1490]
STATS - lpIterations[6] lagIterations[1667] sspIterations[25099] numSeparations[8046] numCuts[0] compileTime[0] sspSolveTime[835] lpSolveTime[0] lb[1393.27] ub[1457.4] numArcs: [948293] numFixed: [289159] time: [1511]
STATS - lpIterations[6] lagIterations[1677] sspIterations[25256] numSeparations[8072] numCuts[0] compileTime[0] sspSolveTime[840] lpSolveTime[0] lb[1393.49] ub[1457.4] numArcs: [948802] numFixed: [289421] time: [1522]
STATS - lpIterations[6] lagIterations[1679] sspIterations[25294] numSeparations[8080] numCuts[0] compileTime[0] sspSolveTime[842] lpSolveTime[0] lb[1393.51] ub[1457.4] numArcs: [948958] numFixed: [289454] time: [1524]
STATS - lpIterations[7] lagIterations[1720] sspIterations[25928] numSeparations[8179] numCuts[0] compileTime[0] sspSolveTime[865] lpSolveTime[0] lb[1393.51] ub[1457.4] numArcs: [951277] numFixed: [292719] time: [1570]
STATS - lpIterations[7] lagIterations[1744] sspIterations[26302] numSeparations[8239] numCuts[0] compileTime[0] sspSolveTime[878] lpSolveTime[0] lb[1393.72] ub[1457.4] numArcs: [952804] numFixed: [290493] time: [1595]
STATS - lpIterations[7] lagIterations[1816] sspIterations[27412] numSeparations[8412] numCuts[0] compileTime[0] sspSolveTime[918] lpSolveTime[0] lb[1393.78] ub[1457.4] numArcs: [956705] numFixed: [294859] time: [1673]
STATS - lpIterations[8] lagIterations[1822] sspIterations[27512] numSeparations[8437] numCuts[0] compileTime[0] sspSolveTime[921] lpSolveTime[0] lb[1393.78] ub[1457.4] numArcs: [957314] numFixed: [295091] time: [1680]
STATS - lpIterations[8] lagIterations[1859] sspIterations[28087] numSeparations[8530] numCuts[0] compileTime[0] sspSolveTime[942] lpSolveTime[0] lb[1393.88] ub[1457.4] numArcs: [959615] numFixed: [302826] time: [1721]
STATS - lpIterations[8] lagIterations[1889] sspIterations[28543] numSeparations[8608] numCuts[0] compileTime[0] sspSolveTime[959] lpSolveTime[0] lb[1393.95] ub[1457.4] numArcs: [961631] numFixed: [303907] time: [1753]
STATS - lpIterations[8] lagIterations[1898] sspIterations[28670] numSeparations[8622] numCuts[0] compileTime[0] sspSolveTime[963] lpSolveTime[0] lb[1394.03] ub[1457.4] numArcs: [961940] numFixed: [303967] time: [1763]
STATS - lpIterations[9] lagIterations[1925] sspIterations[29080] numSeparations[8683] numCuts[0] compileTime[0] sspSolveTime[978] lpSolveTime[0] lb[1394.03] ub[1457.4] numArcs: [963393] numFixed: [304477] time: [1793]
STATS - lpIterations[9] lagIterations[1927] sspIterations[29112] numSeparations[8691] numCuts[0] compileTime[0] sspSolveTime[979] lpSolveTime[0] lb[1394.03] ub[1457.4] numArcs: [963647] numFixed: [304565] time: [1794]
STATS - lpIterations[9] lagIterations[1941] sspIterations[29316] numSeparations[8715] numCuts[0] compileTime[0] sspSolveTime[987] lpSolveTime[0] lb[1394.08] ub[1457.4] numArcs: [963844] numFixed: [304600] time: [1809]
STATS - lpIterations[9] lagIterations[1969] sspIterations[29756] numSeparations[8787] numCuts[0] compileTime[0] sspSolveTime[1005] lpSolveTime[0] lb[1394.14] ub[1457.4] numArcs: [965382] numFixed: [305337] time: [1846]
STATS - lpIterations[9] lagIterations[1980] sspIterations[29934] numSeparations[8822] numCuts[0] compileTime[0] sspSolveTime[1012] lpSolveTime[0] lb[1394.23] ub[1457.4] numArcs: [966064] numFixed: [305626] time: [1859]
STATS - lpIterations[9] lagIterations[1996] sspIterations[30172] numSeparations[8855] numCuts[0] compileTime[0] sspSolveTime[1021] lpSolveTime[0] lb[1394.26] ub[1457.4] numArcs: [966904] numFixed: [303458] time: [1876]
STATS - lpIterations[9] lagIterations[2016] sspIterations[30471] numSeparations[8898] numCuts[0] compileTime[0] sspSolveTime[1032] lpSolveTime[0] lb[1394.41] ub[1457.4] numArcs: [967773] numFixed: [303621] time: [1898]
STATS - lpIterations[10] lagIterations[2028] sspIterations[30647] numSeparations[8915] numCuts[0] compileTime[0] sspSolveTime[1038] lpSolveTime[0] lb[1394.41] ub[1457.4] numArcs: [968168] numFixed: [307745] time: [1912]
STATS - lpIterations[10] lagIterations[2041] sspIterations[30841] numSeparations[8950] numCuts[0] compileTime[0] sspSolveTime[1046] lpSolveTime[0] lb[1394.45] ub[1457.4] numArcs: [969069] numFixed: [308817] time: [1926]
STATS - lpIterations[10] lagIterations[2048] sspIterations[30952] numSeparations[8967] numCuts[0] compileTime[0] sspSolveTime[1050] lpSolveTime[0] lb[1394.52] ub[1457.4] numArcs: [969449] numFixed: [303969] time: [1934]
STATS - lpIterations[10] lagIterations[2077] sspIterations[31389] numSeparations[9035] numCuts[0] compileTime[0] sspSolveTime[1066] lpSolveTime[0] lb[1394.54] ub[1457.4] numArcs: [970720] numFixed: [304376] time: [1966]
STATS - lpIterations[10] lagIterations[2114] sspIterations[31962] numSeparations[9127] numCuts[0] compileTime[0] sspSolveTime[1087] lpSolveTime[0] lb[1394.58] ub[1457.4] numArcs: [972853] numFixed: [305579] time: [2007]
STATS - lpIterations[10] lagIterations[2116] sspIterations[31997] numSeparations[9136] numCuts[0] compileTime[0] sspSolveTime[1088] lpSolveTime[0] lb[1394.71] ub[1457.4] numArcs: [973151] numFixed: [312456] time: [2010]
STATS - lpIterations[11] lagIterations[2130] sspIterations[32214] numSeparations[9165] numCuts[0] compileTime[0] sspSolveTime[1096] lpSolveTime[0] lb[1394.71] ub[1457.4] numArcs: [973488] numFixed: [311560] time: [2025]
STATS - lpIterations[11] lagIterations[2151] sspIterations[32525] numSeparations[9205] numCuts[0] compileTime[0] sspSolveTime[1107] lpSolveTime[0] lb[1395.15] ub[1457.4] numArcs: [974198] numFixed: [314631] time: [2047]
STATS - lpIterations[12] lagIterations[2232] sspIterations[33798] numSeparations[9395] numCuts[0] compileTime[0] sspSolveTime[1153] lpSolveTime[0] lb[1395.15] ub[1457.4] numArcs: [978253] numFixed: [315620] time: [2139]
STATS - lpIterations[13] lagIterations[2334] sspIterations[35358] numSeparations[9617] numCuts[0] compileTime[0] sspSolveTime[1212] lpSolveTime[0] lb[1395.15] ub[1457.4] numArcs: [983259] numFixed: [320055] time: [2255]
STATS - lpIterations[13] lagIterations[2384] sspIterations[36117] numSeparations[9713] numCuts[0] compileTime[0] sspSolveTime[1240] lpSolveTime[0] lb[1395.35] ub[1457.4] numArcs: [984637] numFixed: [324027] time: [2311]
STATS - lpIterations[13] lagIterations[2408] sspIterations[36489] numSeparations[9770] numCuts[0] compileTime[0] sspSolveTime[1254] lpSolveTime[0] lb[1395.43] ub[1457.4] numArcs: [985830] numFixed: [318680] time: [2338]
STATS - lpIterations[14] lagIterations[2436] sspIterations[36910] numSeparations[9821] numCuts[0] compileTime[0] sspSolveTime[1270] lpSolveTime[0] lb[1395.43] ub[1457.4] numArcs: [986673] numFixed: [321102] time: [2370]
STATS - lpIterations[14] lagIterations[2485] sspIterations[37648] numSeparations[9919] numCuts[0] compileTime[0] sspSolveTime[1298] lpSolveTime[0] lb[1395.45] ub[1457.4] numArcs: [988489] numFixed: [319489] time: [2425]
STATS - lpIterations[14] lagIterations[2508] sspIterations[37993] numSeparations[9970] numCuts[0] compileTime[0] sspSolveTime[1312] lpSolveTime[0] lb[1395.5] ub[1457.4] numArcs: [989190] numFixed: [319644] time: [2452]
STATS - lpIterations[15] lagIterations[2538] sspIterations[38449] numSeparations[10034] numCuts[0] compileTime[0] sspSolveTime[1329] lpSolveTime[0] lb[1395.5] ub[1457.4] numArcs: [990393] numFixed: [324426] time: [2486]
STATS - lpIterations[15] lagIterations[2545] sspIterations[38550] numSeparations[10045] numCuts[0] compileTime[0] sspSolveTime[1333] lpSolveTime[0] lb[1395.68] ub[1457.4] numArcs: [990601] numFixed: [324498] time: [2493]
STATS - lpIterations[16] lagIterations[2640] sspIterations[39994] numSeparations[10220] numCuts[0] compileTime[0] sspSolveTime[1388] lpSolveTime[0] lb[1395.68] ub[1457.4] numArcs: [993352] numFixed: [325559] time: [2605]
STATS - lpIterations[16] lagIterations[2739] sspIterations[41472] numSeparations[10384] numCuts[0] compileTime[0] sspSolveTime[1446] lpSolveTime[0] lb[1395.76] ub[1457.4] numArcs: [995431] numFixed: [329035] time: [2718]
STATS - lpIterations[17] lagIterations[2742] sspIterations[41515] numSeparations[10388] numCuts[0] compileTime[0] sspSolveTime[1448] lpSolveTime[0] lb[1395.76] ub[1457.4] numArcs: [995431] numFixed: [329035] time: [2722]
STATS - lpIterations[17] lagIterations[2778] sspIterations[42069] numSeparations[10451] numCuts[0] compileTime[0] sspSolveTime[1469] lpSolveTime[0] lb[1395.78] ub[1457.4] numArcs: [996396] numFixed: [329823] time: [2764]
STATS - lpIterations[18] lagIterations[2845] sspIterations[43068] numSeparations[10548] numCuts[0] compileTime[0] sspSolveTime[1507] lpSolveTime[0] lb[1395.78] ub[1457.4] numArcs: [997273] numFixed: [330014] time: [2843]
STATS - lpIterations[18] lagIterations[2896] sspIterations[43827] numSeparations[10627] numCuts[0] compileTime[0] sspSolveTime[1537] lpSolveTime[0] lb[1395.83] ub[1457.4] numArcs: [998155] numFixed: [330244] time: [2902]
STATS - lpIterations[18] lagIterations[2900] sspIterations[43895] numSeparations[10637] numCuts[0] compileTime[0] sspSolveTime[1540] lpSolveTime[0] lb[1395.96] ub[1457.4] numArcs: [998273] numFixed: [330276] time: [2907]
STATS - lpIterations[19] lagIterations[2947] sspIterations[44609] numSeparations[10720] numCuts[0] compileTime[0] sspSolveTime[1568] lpSolveTime[0] lb[1395.96] ub[1457.4] numArcs: [999330] numFixed: [331095] time: [2962]
STATS - lpIterations[19] lagIterations[2966] sspIterations[44886] numSeparations[10752] numCuts[0] compileTime[0] sspSolveTime[1579] lpSolveTime[0] lb[1396.09] ub[1457.4] numArcs: [999981] numFixed: [331039] time: [2984]
STATS - lpIterations[20] lagIterations[3049] sspIterations[46128] numSeparations[10883] numCuts[0] compileTime[0] sspSolveTime[1627] lpSolveTime[0] lb[1396.09] ub[1457.4] numArcs: [1001811] numFixed: [331755] time: [3082]
STATS - lpIterations[21] lagIterations[3152] sspIterations[47648] numSeparations[11033] numCuts[0] compileTime[0] sspSolveTime[1689] lpSolveTime[0] lb[1396.09] ub[1457.4] numArcs: [1003385] numFixed: [332426] time: [3205]
STATS - lpIterations[21] lagIterations[3199] sspIterations[48344] numSeparations[11103] numCuts[0] compileTime[0] sspSolveTime[1718] lpSolveTime[0] lb[1396.13] ub[1457.4] numArcs: [1004388] numFixed: [332430] time: [3261]
STATS - lpIterations[22] lagIterations[3254] sspIterations[49171] numSeparations[11191] numCuts[0] compileTime[0] sspSolveTime[1750] lpSolveTime[0] lb[1396.13] ub[1457.4] numArcs: [1005697] numFixed: [332733] time: [3327]
STATS - lpIterations[23] lagIterations[3356] sspIterations[50681] numSeparations[11341] numCuts[0] compileTime[0] sspSolveTime[1811] lpSolveTime[0] lb[1396.13] ub[1457.4] numArcs: [1006865] numFixed: [333027] time: [3449]
STATS - lpIterations[23] lagIterations[3360] sspIterations[50741] numSeparations[11347] numCuts[0] compileTime[0] sspSolveTime[1813] lpSolveTime[0] lb[1396.13] ub[1457.4] numArcs: [1007014] numFixed: [333000] time: [3454]
STATS - lpIterations[23] lagIterations[3399] sspIterations[51310] numSeparations[11405] numCuts[0] compileTime[0] sspSolveTime[1836] lpSolveTime[0] lb[1396.14] ub[1457.4] numArcs: [1007947] numFixed: [333273] time: [3500]
STATS - lpIterations[23] lagIterations[3433] sspIterations[51804] numSeparations[11452] numCuts[0] compileTime[0] sspSolveTime[1856] lpSolveTime[0] lb[1396.31] ub[1457.4] numArcs: [1008257] numFixed: [336715] time: [3541]
STATS - lpIterations[24] lagIterations[3458] sspIterations[52167] numSeparations[11489] numCuts[0] compileTime[0] sspSolveTime[1871] lpSolveTime[0] lb[1396.31] ub[1457.4] numArcs: [1008924] numFixed: [336956] time: [3572]
