relax capacity constraint
instance upper bound: 1154
compiling DD
time step mult: 10
time step: 100
cap step: 2
done compiling DD
batch size for lag: 1
iteration delay to start separating: 0
optimality gap to start repairing: 100
percent fixed to change to CPLEX: 97.5
num arcs to change to CPLEX: 100000
num arcs to change to LAG: 999999999
STATS - lpIterations[0] lagIterations[0] sspIterations[0] numSeparations[0] numCuts[0] compileTime[11] sspSolveTime[0] lpSolveTime[0] lb[0] ub[1154] numArcs: [11029357] numFixed: [0] time: [11]
STATS - lpIterations[1] lagIterations[0] sspIterations[0] numSeparations[0] numCuts[0] compileTime[11] sspSolveTime[0] lpSolveTime[0] lb[0] ub[1154] numArcs: [11029357] numFixed: [0] time: [11]
STATS - lpIterations[1] lagIterations[1] sspIterations[1] numSeparations[0] numCuts[0] compileTime[11] sspSolveTime[0] lpSolveTime[0] lb[126.63] ub[1154] numArcs: [11029357] numFixed: [0] time: [11]
STATS - lpIterations[1] lagIterations[2] sspIterations[2] numSeparations[0] numCuts[0] compileTime[11] sspSolveTime[0] lpSolveTime[0] lb[132.898] ub[1154] numArcs: [11029357] numFixed: [0] time: [13]
STATS - lpIterations[1] lagIterations[3] sspIterations[3] numSeparations[0] numCuts[0] compileTime[11] sspSolveTime[1] lpSolveTime[0] lb[139.413] ub[1154] numArcs: [11029357] numFixed: [0] time: [14]
STATS - lpIterations[1] lagIterations[4] sspIterations[4] numSeparations[0] numCuts[0] compileTime[11] sspSolveTime[1] lpSolveTime[0] lb[146.181] ub[1154] numArcs: [11029357] numFixed: [0] time: [15]
STATS - lpIterations[1] lagIterations[5] sspIterations[5] numSeparations[0] numCuts[0] compileTime[11] sspSolveTime[2] lpSolveTime[0] lb[153.209] ub[1154] numArcs: [11029357] numFixed: [0] time: [16]
STATS - lpIterations[1] lagIterations[6] sspIterations[6] numSeparations[0] numCuts[0] compileTime[11] sspSolveTime[3] lpSolveTime[0] lb[160.504] ub[1154] numArcs: [11029357] numFixed: [0] time: [17]
STATS - lpIterations[1] lagIterations[7] sspIterations[7] numSeparations[0] numCuts[0] compileTime[11] sspSolveTime[3] lpSolveTime[0] lb[168.075] ub[1154] numArcs: [11029357] numFixed: [0] time: [18]
STATS - lpIterations[1] lagIterations[8] sspIterations[8] numSeparations[0] numCuts[0] compileTime[11] sspSolveTime[4] lpSolveTime[0] lb[175.929] ub[1154] numArcs: [11029357] numFixed: [0] time: [19]
STATS - lpIterations[1] lagIterations[9] sspIterations[9] numSeparations[0] numCuts[0] compileTime[11] sspSolveTime[4] lpSolveTime[0] lb[184.074] ub[1154] numArcs: [11029357] numFixed: [0] time: [21]
STATS - lpIterations[1] lagIterations[10] sspIterations[10] numSeparations[0] numCuts[0] compileTime[11] sspSolveTime[5] lpSolveTime[0] lb[192.518] ub[1154] numArcs: [11029357] numFixed: [0] time: [22]
STATS - lpIterations[1] lagIterations[11] sspIterations[11] numSeparations[0] numCuts[0] compileTime[11] sspSolveTime[5] lpSolveTime[0] lb[201.269] ub[1154] numArcs: [11029357] numFixed: [0] time: [23]
STATS - lpIterations[1] lagIterations[12] sspIterations[12] numSeparations[0] numCuts[0] compileTime[11] sspSolveTime[6] lpSolveTime[0] lb[210.335] ub[1154] numArcs: [11029357] numFixed: [0] time: [24]
STATS - lpIterations[1] lagIterations[13] sspIterations[13] numSeparations[0] numCuts[0] compileTime[11] sspSolveTime[6] lpSolveTime[0] lb[219.725] ub[1154] numArcs: [11029357] numFixed: [0] time: [25]
STATS - lpIterations[1] lagIterations[14] sspIterations[14] numSeparations[0] numCuts[0] compileTime[11] sspSolveTime[7] lpSolveTime[0] lb[229.447] ub[1154] numArcs: [11029357] numFixed: [0] time: [26]
STATS - lpIterations[1] lagIterations[15] sspIterations[15] numSeparations[0] numCuts[0] compileTime[11] sspSolveTime[7] lpSolveTime[0] lb[239.51] ub[1154] numArcs: [11029357] numFixed: [0] time: [28]
STATS - lpIterations[1] lagIterations[16] sspIterations[16] numSeparations[0] numCuts[0] compileTime[11] sspSolveTime[8] lpSolveTime[0] lb[249.924] ub[1154] numArcs: [11029357] numFixed: [0] time: [29]
STATS - lpIterations[1] lagIterations[17] sspIterations[17] numSeparations[0] numCuts[0] compileTime[11] sspSolveTime[8] lpSolveTime[0] lb[260.697] ub[1154] numArcs: [11029357] numFixed: [0] time: [30]
STATS - lpIterations[1] lagIterations[18] sspIterations[18] numSeparations[0] numCuts[0] compileTime[11] sspSolveTime[9] lpSolveTime[0] lb[271.837] ub[1154] numArcs: [11029357] numFixed: [0] time: [31]
STATS - lpIterations[1] lagIterations[19] sspIterations[19] numSeparations[0] numCuts[0] compileTime[11] sspSolveTime[9] lpSolveTime[0] lb[283.356] ub[1154] numArcs: [11029357] numFixed: [0] time: [32]
STATS - lpIterations[1] lagIterations[20] sspIterations[20] numSeparations[0] numCuts[0] compileTime[11] sspSolveTime[10] lpSolveTime[0] lb[295.262] ub[1154] numArcs: [11029357] numFixed: [0] time: [33]
STATS - lpIterations[1] lagIterations[21] sspIterations[21] numSeparations[0] numCuts[0] compileTime[11] sspSolveTime[10] lpSolveTime[0] lb[307.564] ub[1154] numArcs: [11029357] numFixed: [0] time: [34]
STATS - lpIterations[1] lagIterations[22] sspIterations[22] numSeparations[0] numCuts[0] compileTime[11] sspSolveTime[11] lpSolveTime[0] lb[320.274] ub[1154] numArcs: [11029357] numFixed: [0] time: [36]
STATS - lpIterations[1] lagIterations[23] sspIterations[23] numSeparations[0] numCuts[0] compileTime[11] sspSolveTime[11] lpSolveTime[0] lb[333.399] ub[1154] numArcs: [11029357] numFixed: [0] time: [37]
STATS - lpIterations[1] lagIterations[24] sspIterations[24] numSeparations[0] numCuts[0] compileTime[11] sspSolveTime[12] lpSolveTime[0] lb[346.952] ub[1154] numArcs: [11029357] numFixed: [0] time: [38]
STATS - lpIterations[1] lagIterations[25] sspIterations[25] numSeparations[0] numCuts[0] compileTime[11] sspSolveTime[12] lpSolveTime[0] lb[360.942] ub[1154] numArcs: [11029357] numFixed: [0] time: [39]
STATS - lpIterations[1] lagIterations[26] sspIterations[26] numSeparations[0] numCuts[0] compileTime[11] sspSolveTime[13] lpSolveTime[0] lb[375.38] ub[1154] numArcs: [11029357] numFixed: [0] time: [40]
STATS - lpIterations[1] lagIterations[27] sspIterations[27] numSeparations[0] numCuts[0] compileTime[11] sspSolveTime[13] lpSolveTime[0] lb[390.276] ub[1154] numArcs: [11029357] numFixed: [0] time: [41]
STATS - lpIterations[1] lagIterations[28] sspIterations[28] numSeparations[0] numCuts[0] compileTime[11] sspSolveTime[14] lpSolveTime[0] lb[405.641] ub[1154] numArcs: [11029357] numFixed: [0] time: [43]
STATS - lpIterations[1] lagIterations[29] sspIterations[29] numSeparations[0] numCuts[0] compileTime[11] sspSolveTime[14] lpSolveTime[0] lb[421.487] ub[1154] numArcs: [11029357] numFixed: [0] time: [44]
STATS - lpIterations[1] lagIterations[30] sspIterations[30] numSeparations[0] numCuts[0] compileTime[11] sspSolveTime[15] lpSolveTime[0] lb[437.823] ub[1154] numArcs: [11029357] numFixed: [0] time: [45]
STATS - lpIterations[1] lagIterations[31] sspIterations[31] numSeparations[0] numCuts[0] compileTime[11] sspSolveTime[15] lpSolveTime[0] lb[454.663] ub[1154] numArcs: [11029357] numFixed: [0] time: [46]
STATS - lpIterations[1] lagIterations[32] sspIterations[32] numSeparations[0] numCuts[0] compileTime[11] sspSolveTime[16] lpSolveTime[0] lb[472.016] ub[1154] numArcs: [11029357] numFixed: [0] time: [47]
STATS - lpIterations[1] lagIterations[33] sspIterations[33] numSeparations[0] numCuts[0] compileTime[11] sspSolveTime[16] lpSolveTime[0] lb[489.896] ub[1154] numArcs: [11029357] numFixed: [0] time: [48]
STATS - lpIterations[1] lagIterations[34] sspIterations[34] numSeparations[0] numCuts[0] compileTime[11] sspSolveTime[17] lpSolveTime[0] lb[508.313] ub[1154] numArcs: [11029357] numFixed: [0] time: [50]
STATS - lpIterations[1] lagIterations[35] sspIterations[35] numSeparations[0] numCuts[0] compileTime[11] sspSolveTime[17] lpSolveTime[0] lb[527.28] ub[1154] numArcs: [11029357] numFixed: [0] time: [51]
STATS - lpIterations[1] lagIterations[36] sspIterations[36] numSeparations[0] numCuts[0] compileTime[11] sspSolveTime[18] lpSolveTime[0] lb[546.808] ub[1154] numArcs: [11029357] numFixed: [0] time: [52]
STATS - lpIterations[1] lagIterations[37] sspIterations[37] numSeparations[0] numCuts[0] compileTime[11] sspSolveTime[18] lpSolveTime[0] lb[566.912] ub[1154] numArcs: [11029357] numFixed: [0] time: [53]
STATS - lpIterations[1] lagIterations[38] sspIterations[38] numSeparations[0] numCuts[0] compileTime[11] sspSolveTime[19] lpSolveTime[0] lb[587.602] ub[1154] numArcs: [11029357] numFixed: [0] time: [54]
STATS - lpIterations[1] lagIterations[39] sspIterations[39] numSeparations[0] numCuts[0] compileTime[11] sspSolveTime[19] lpSolveTime[0] lb[608.892] ub[1154] numArcs: [11029357] numFixed: [0] time: [55]
STATS - lpIterations[1] lagIterations[40] sspIterations[40] numSeparations[0] numCuts[0] compileTime[11] sspSolveTime[20] lpSolveTime[0] lb[626.46] ub[1154] numArcs: [11029357] numFixed: [0] time: [57]
STATS - lpIterations[1] lagIterations[41] sspIterations[41] numSeparations[1] numCuts[0] compileTime[11] sspSolveTime[23] lpSolveTime[0] lb[630.005] ub[1154] numArcs: [11029954] numFixed: [0] time: [60]
STATS - lpIterations[1] lagIterations[42] sspIterations[42] numSeparations[2] numCuts[0] compileTime[11] sspSolveTime[24] lpSolveTime[0] lb[640.577] ub[1154] numArcs: [11030348] numFixed: [497] time: [62]
STATS - lpIterations[1] lagIterations[43] sspIterations[43] numSeparations[2] numCuts[0] compileTime[11] sspSolveTime[26] lpSolveTime[0] lb[658.547] ub[1154] numArcs: [11030308] numFixed: [497] time: [64]
STATS - lpIterations[1] lagIterations[44] sspIterations[44] numSeparations[3] numCuts[0] compileTime[11] sspSolveTime[29] lpSolveTime[0] lb[665.595] ub[1154] numArcs: [11030707] numFixed: [497] time: [68]
STATS - lpIterations[1] lagIterations[44] sspIterations[44] numSeparations[3] numCuts[0] compileTime[11] sspSolveTime[29] lpSolveTime[0] lb[666.869] ub[1154] numArcs: [11030707] numFixed: [497] time: [69]
STATS - lpIterations[1] lagIterations[45] sspIterations[45] numSeparations[4] numCuts[0] compileTime[11] sspSolveTime[31] lpSolveTime[0] lb[672.044] ub[1154] numArcs: [11030774] numFixed: [497] time: [71]
STATS - lpIterations[1] lagIterations[46] sspIterations[46] numSeparations[5] numCuts[0] compileTime[11] sspSolveTime[32] lpSolveTime[0] lb[691.718] ub[1154] numArcs: [11031539] numFixed: [773] time: [73]
STATS - lpIterations[1] lagIterations[47] sspIterations[47] numSeparations[6] numCuts[0] compileTime[11] sspSolveTime[35] lpSolveTime[0] lb[699.366] ub[1154] numArcs: [11031767] numFixed: [773] time: [76]
STATS - lpIterations[1] lagIterations[47] sspIterations[47] numSeparations[6] numCuts[0] compileTime[11] sspSolveTime[35] lpSolveTime[0] lb[702.616] ub[1154] numArcs: [11031767] numFixed: [773] time: [77]
STATS - lpIterations[1] lagIterations[48] sspIterations[48] numSeparations[7] numCuts[0] compileTime[11] sspSolveTime[37] lpSolveTime[0] lb[707.41] ub[1154] numArcs: [11031847] numFixed: [773] time: [80]
STATS - lpIterations[1] lagIterations[48] sspIterations[48] numSeparations[7] numCuts[0] compileTime[11] sspSolveTime[37] lpSolveTime[0] lb[707.633] ub[1154] numArcs: [11031847] numFixed: [773] time: [80]
STATS - lpIterations[1] lagIterations[49] sspIterations[51] numSeparations[8] numCuts[0] compileTime[11] sspSolveTime[39] lpSolveTime[0] lb[725.683] ub[1154] numArcs: [11031958] numFixed: [773] time: [83]
STATS - lpIterations[1] lagIterations[49] sspIterations[51] numSeparations[8] numCuts[0] compileTime[11] sspSolveTime[39] lpSolveTime[0] lb[726.278] ub[1154] numArcs: [11031958] numFixed: [773] time: [84]
STATS - lpIterations[1] lagIterations[51] sspIterations[53] numSeparations[12] numCuts[0] compileTime[11] sspSolveTime[43] lpSolveTime[0] lb[733.782] ub[1154] numArcs: [11033631] numFixed: [973] time: [89]
STATS - lpIterations[1] lagIterations[51] sspIterations[53] numSeparations[12] numCuts[0] compileTime[11] sspSolveTime[43] lpSolveTime[0] lb[734.253] ub[1154] numArcs: [11033631] numFixed: [973] time: [90]
STATS - lpIterations[1] lagIterations[52] sspIterations[58] numSeparations[13] numCuts[0] compileTime[11] sspSolveTime[51] lpSolveTime[0] lb[741.61] ub[1154] numArcs: [11033806] numFixed: [1170] time: [99]
STATS - lpIterations[1] lagIterations[53] sspIterations[59] numSeparations[18] numCuts[0] compileTime[11] sspSolveTime[53] lpSolveTime[0] lb[742.853] ub[1154] numArcs: [11035357] numFixed: [1466] time: [102]
STATS - lpIterations[1] lagIterations[53] sspIterations[59] numSeparations[18] numCuts[0] compileTime[11] sspSolveTime[53] lpSolveTime[0] lb[742.952] ub[1154] numArcs: [11035357] numFixed: [1466] time: [102]
STATS - lpIterations[1] lagIterations[54] sspIterations[66] numSeparations[19] numCuts[0] compileTime[11] sspSolveTime[69] lpSolveTime[0] lb[756.763] ub[1154] numArcs: [11035236] numFixed: [1466] time: [120]
STATS - lpIterations[1] lagIterations[55] sspIterations[69] numSeparations[26] numCuts[0] compileTime[11] sspSolveTime[74] lpSolveTime[0] lb[758.97] ub[1154] numArcs: [11037167] numFixed: [5278] time: [126]
STATS - lpIterations[1] lagIterations[55] sspIterations[69] numSeparations[26] numCuts[0] compileTime[11] sspSolveTime[74] lpSolveTime[0] lb[759.348] ub[1154] numArcs: [11037167] numFixed: [5278] time: [127]
STATS - lpIterations[1] lagIterations[56] sspIterations[70] numSeparations[29] numCuts[0] compileTime[11] sspSolveTime[76] lpSolveTime[0] lb[762.162] ub[1154] numArcs: [11038004] numFixed: [5278] time: [129]
STATS - lpIterations[1] lagIterations[57] sspIterations[76] numSeparations[30] numCuts[0] compileTime[11] sspSolveTime[88] lpSolveTime[0] lb[775.554] ub[1154] numArcs: [11037928] numFixed: [5278] time: [144]
STATS - lpIterations[1] lagIterations[58] sspIterations[78] numSeparations[36] numCuts[0] compileTime[11] sspSolveTime[93] lpSolveTime[0] lb[775.822] ub[1154] numArcs: [11039580] numFixed: [5475] time: [148]
STATS - lpIterations[1] lagIterations[58] sspIterations[78] numSeparations[36] numCuts[0] compileTime[11] sspSolveTime[93] lpSolveTime[0] lb[776.901] ub[1154] numArcs: [11039580] numFixed: [5475] time: [149]
STATS - lpIterations[1] lagIterations[59] sspIterations[82] numSeparations[38] numCuts[0] compileTime[11] sspSolveTime[102] lpSolveTime[0] lb[781.055] ub[1154] numArcs: [11040097] numFixed: [9724] time: [160]
STATS - lpIterations[1] lagIterations[60] sspIterations[83] numSeparations[42] numCuts[0] compileTime[11] sspSolveTime[104] lpSolveTime[0] lb[783.859] ub[1154] numArcs: [11041411] numFixed: [10812] time: [162]
STATS - lpIterations[1] lagIterations[61] sspIterations[90] numSeparations[43] numCuts[0] compileTime[11] sspSolveTime[119] lpSolveTime[0] lb[784.882] ub[1154] numArcs: [11041387] numFixed: [10812] time: [178]
STATS - lpIterations[1] lagIterations[61] sspIterations[90] numSeparations[43] numCuts[0] compileTime[11] sspSolveTime[119] lpSolveTime[0] lb[798.988] ub[1154] numArcs: [11041387] numFixed: [10812] time: [179]
STATS - lpIterations[1] lagIterations[62] sspIterations[94] numSeparations[50] numCuts[0] compileTime[11] sspSolveTime[127] lpSolveTime[0] lb[801.278] ub[1154] numArcs: [11043741] numFixed: [13869] time: [189]
STATS - lpIterations[1] lagIterations[64] sspIterations[100] numSeparations[59] numCuts[0] compileTime[11] sspSolveTime[136] lpSolveTime[0] lb[802.906] ub[1154] numArcs: [11046453] numFixed: [20740] time: [200]
STATS - lpIterations[1] lagIterations[65] sspIterations[105] numSeparations[60] numCuts[0] compileTime[11] sspSolveTime[157] lpSolveTime[0] lb[804.057] ub[1154] numArcs: [11046605] numFixed: [20740] time: [221]
STATS - lpIterations[1] lagIterations[65] sspIterations[105] numSeparations[60] numCuts[0] compileTime[11] sspSolveTime[157] lpSolveTime[0] lb[811.037] ub[1154] numArcs: [11046605] numFixed: [20740] time: [222]
STATS - lpIterations[1] lagIterations[66] sspIterations[107] numSeparations[65] numCuts[0] compileTime[11] sspSolveTime[160] lpSolveTime[0] lb[811.118] ub[1154] numArcs: [11047908] numFixed: [20939] time: [227]
STATS - lpIterations[1] lagIterations[67] sspIterations[111] numSeparations[67] numCuts[0] compileTime[11] sspSolveTime[170] lpSolveTime[0] lb[816.957] ub[1154] numArcs: [11048158] numFixed: [21016] time: [239]
STATS - lpIterations[1] lagIterations[68] sspIterations[112] numSeparations[71] numCuts[0] compileTime[11] sspSolveTime[173] lpSolveTime[0] lb[819.511] ub[1154] numArcs: [11048978] numFixed: [21413] time: [241]
STATS - lpIterations[1] lagIterations[69] sspIterations[120] numSeparations[72] numCuts[0] compileTime[11] sspSolveTime[187] lpSolveTime[0] lb[833.92] ub[1154] numArcs: [11048916] numFixed: [21413] time: [258]
STATS - lpIterations[1] lagIterations[70] sspIterations[123] numSeparations[80] numCuts[0] compileTime[11] sspSolveTime[196] lpSolveTime[0] lb[834.751] ub[1154] numArcs: [11050427] numFixed: [23962] time: [268]
STATS - lpIterations[1] lagIterations[71] sspIterations[124] numSeparations[83] numCuts[0] compileTime[11] sspSolveTime[197] lpSolveTime[0] lb[837.674] ub[1154] numArcs: [11051562] numFixed: [24061] time: [270]
STATS - lpIterations[1] lagIterations[71] sspIterations[124] numSeparations[83] numCuts[0] compileTime[11] sspSolveTime[197] lpSolveTime[0] lb[838.112] ub[1154] numArcs: [11051562] numFixed: [24061] time: [270]
STATS - lpIterations[1] lagIterations[72] sspIterations[132] numSeparations[84] numCuts[0] compileTime[11] sspSolveTime[220] lpSolveTime[0] lb[844.223] ub[1154] numArcs: [11051652] numFixed: [24164] time: [295]
STATS - lpIterations[1] lagIterations[73] sspIterations[136] numSeparations[92] numCuts[0] compileTime[11] sspSolveTime[229] lpSolveTime[0] lb[845.181] ub[1154] numArcs: [11053895] numFixed: [25157] time: [306]
STATS - lpIterations[1] lagIterations[74] sspIterations[139] numSeparations[96] numCuts[0] compileTime[11] sspSolveTime[236] lpSolveTime[0] lb[845.997] ub[1154] numArcs: [11055077] numFixed: [25159] time: [314]
STATS - lpIterations[1] lagIterations[75] sspIterations[140] numSeparations[99] numCuts[0] compileTime[11] sspSolveTime[239] lpSolveTime[0] lb[848.499] ub[1154] numArcs: [11055763] numFixed: [25159] time: [318]
STATS - lpIterations[1] lagIterations[76] sspIterations[143] numSeparations[100] numCuts[0] compileTime[11] sspSolveTime[245] lpSolveTime[0] lb[856.511] ub[1154] numArcs: [11055964] numFixed: [25159] time: [324]
STATS - lpIterations[1] lagIterations[76] sspIterations[143] numSeparations[100] numCuts[0] compileTime[11] sspSolveTime[245] lpSolveTime[0] lb[858.246] ub[1154] numArcs: [11055964] numFixed: [25159] time: [325]
STATS - lpIterations[1] lagIterations[77] sspIterations[149] numSeparations[103] numCuts[0] compileTime[11] sspSolveTime[259] lpSolveTime[0] lb[860.812] ub[1154] numArcs: [11056467] numFixed: [25295] time: [341]
STATS - lpIterations[1] lagIterations[78] sspIterations[150] numSeparations[109] numCuts[0] compileTime[11] sspSolveTime[261] lpSolveTime[0] lb[862.576] ub[1154] numArcs: [11057024] numFixed: [25303] time: [343]
STATS - lpIterations[1] lagIterations[78] sspIterations[150] numSeparations[109] numCuts[0] compileTime[11] sspSolveTime[261] lpSolveTime[0] lb[862.632] ub[1154] numArcs: [11057024] numFixed: [25303] time: [344]
STATS - lpIterations[1] lagIterations[79] sspIterations[161] numSeparations[110] numCuts[0] compileTime[11] sspSolveTime[295] lpSolveTime[0] lb[871.974] ub[1154] numArcs: [11057021] numFixed: [25307] time: [380]
STATS - lpIterations[1] lagIterations[80] sspIterations[166] numSeparations[121] numCuts[0] compileTime[11] sspSolveTime[314] lpSolveTime[0] lb[873.417] ub[1154] numArcs: [11060045] numFixed: [25758] time: [401]
STATS - lpIterations[1] lagIterations[81] sspIterations[170] numSeparations[126] numCuts[0] compileTime[11] sspSolveTime[323] lpSolveTime[0] lb[873.58] ub[1154] numArcs: [11061359] numFixed: [25760] time: [412]
STATS - lpIterations[1] lagIterations[82] sspIterations[172] numSeparations[130] numCuts[0] compileTime[11] sspSolveTime[331] lpSolveTime[0] lb[874.202] ub[1154] numArcs: [11062073] numFixed: [25760] time: [420]
STATS - lpIterations[1] lagIterations[82] sspIterations[172] numSeparations[130] numCuts[0] compileTime[11] sspSolveTime[331] lpSolveTime[0] lb[875.592] ub[1154] numArcs: [11062073] numFixed: [25760] time: [421]
STATS - lpIterations[1] lagIterations[83] sspIterations[179] numSeparations[132] numCuts[0] compileTime[11] sspSolveTime[344] lpSolveTime[0] lb[883.7] ub[1154] numArcs: [11062946] numFixed: [25811] time: [436]
STATS - lpIterations[1] lagIterations[84] sspIterations[187] numSeparations[139] numCuts[0] compileTime[11] sspSolveTime[368] lpSolveTime[0] lb[884.703] ub[1154] numArcs: [11064909] numFixed: [107440] time: [463]
STATS - lpIterations[1] lagIterations[87] sspIterations[197] numSeparations[154] numCuts[0] compileTime[11] sspSolveTime[400] lpSolveTime[0] lb[885.067] ub[1154] numArcs: [11068367] numFixed: [108342] time: [500]
STATS - lpIterations[1] lagIterations[87] sspIterations[197] numSeparations[154] numCuts[0] compileTime[11] sspSolveTime[400] lpSolveTime[0] lb[889.036] ub[1154] numArcs: [11068367] numFixed: [108342] time: [501]
STATS - lpIterations[1] lagIterations[88] sspIterations[199] numSeparations[157] numCuts[0] compileTime[11] sspSolveTime[404] lpSolveTime[0] lb[890.062] ub[1154] numArcs: [11069433] numFixed: [108461] time: [505]
STATS - lpIterations[1] lagIterations[88] sspIterations[199] numSeparations[157] numCuts[0] compileTime[11] sspSolveTime[404] lpSolveTime[0] lb[890.23] ub[1154] numArcs: [11069433] numFixed: [108461] time: [506]
STATS - lpIterations[1] lagIterations[89] sspIterations[207] numSeparations[159] numCuts[0] compileTime[11] sspSolveTime[428] lpSolveTime[0] lb[899.844] ub[1154] numArcs: [11069854] numFixed: [108475] time: [532]
STATS - lpIterations[1] lagIterations[90] sspIterations[210] numSeparations[167] numCuts[0] compileTime[11] sspSolveTime[442] lpSolveTime[0] lb[901.143] ub[1154] numArcs: [11072055] numFixed: [113792] time: [548]
STATS - lpIterations[1] lagIterations[91] sspIterations[216] numSeparations[170] numCuts[0] compileTime[11] sspSolveTime[454] lpSolveTime[0] lb[901.902] ub[1154] numArcs: [11072422] numFixed: [113802] time: [563]
STATS - lpIterations[1] lagIterations[92] sspIterations[219] numSeparations[176] numCuts[0] compileTime[11] sspSolveTime[464] lpSolveTime[0] lb[902.888] ub[1154] numArcs: [11073794] numFixed: [114159] time: [573]
STATS - lpIterations[1] lagIterations[92] sspIterations[219] numSeparations[176] numCuts[0] compileTime[11] sspSolveTime[464] lpSolveTime[0] lb[903.922] ub[1154] numArcs: [11073794] numFixed: [114159] time: [575]
STATS - lpIterations[1] lagIterations[93] sspIterations[222] numSeparations[179] numCuts[0] compileTime[11] sspSolveTime[472] lpSolveTime[0] lb[904.999] ub[1154] numArcs: [11074461] numFixed: [114289] time: [583]
STATS - lpIterations[1] lagIterations[93] sspIterations[222] numSeparations[179] numCuts[0] compileTime[11] sspSolveTime[472] lpSolveTime[0] lb[907.152] ub[1154] numArcs: [11074461] numFixed: [114289] time: [584]
STATS - lpIterations[1] lagIterations[94] sspIterations[226] numSeparations[182] numCuts[0] compileTime[11] sspSolveTime[485] lpSolveTime[0] lb[908.17] ub[1154] numArcs: [11074708] numFixed: [114396] time: [600]
STATS - lpIterations[1] lagIterations[95] sspIterations[230] numSeparations[186] numCuts[0] compileTime[11] sspSolveTime[495] lpSolveTime[0] lb[908.914] ub[1154] numArcs: [11075187] numFixed: [114396] time: [611]
STATS - lpIterations[1] lagIterations[96] sspIterations[232] numSeparations[189] numCuts[0] compileTime[11] sspSolveTime[498] lpSolveTime[0] lb[915.154] ub[1154] numArcs: [11075649] numFixed: [114452] time: [615]
STATS - lpIterations[1] lagIterations[96] sspIterations[232] numSeparations[189] numCuts[0] compileTime[11] sspSolveTime[498] lpSolveTime[0] lb[916.136] ub[1154] numArcs: [11075649] numFixed: [114452] time: [616]
STATS - lpIterations[1] lagIterations[97] sspIterations[240] numSeparations[191] numCuts[0] compileTime[11] sspSolveTime[516] lpSolveTime[0] lb[919.391] ub[1154] numArcs: [11075900] numFixed: [115672] time: [636]
STATS - lpIterations[1] lagIterations[98] sspIterations[244] numSeparations[199] numCuts[0] compileTime[11] sspSolveTime[535] lpSolveTime[0] lb[919.591] ub[1154] numArcs: [11078005] numFixed: [116346] time: [656]
STATS - lpIterations[1] lagIterations[99] sspIterations[247] numSeparations[203] numCuts[0] compileTime[11] sspSolveTime[544] lpSolveTime[0] lb[923.314] ub[1154] numArcs: [11078631] numFixed: [116284] time: [668]
STATS - lpIterations[1] lagIterations[100] sspIterations[250] numSeparations[206] numCuts[0] compileTime[11] sspSolveTime[549] lpSolveTime[0] lb[924.879] ub[1154] numArcs: [11079147] numFixed: [116765] time: [673]
STATS - lpIterations[1] lagIterations[100] sspIterations[250] numSeparations[206] numCuts[0] compileTime[11] sspSolveTime[549] lpSolveTime[0] lb[925.733] ub[1154] numArcs: [11079147] numFixed: [116765] time: [674]
STATS - lpIterations[1] lagIterations[101] sspIterations[252] numSeparations[209] numCuts[0] compileTime[11] sspSolveTime[557] lpSolveTime[0] lb[925.974] ub[1154] numArcs: [11079571] numFixed: [117493] time: [683]
STATS - lpIterations[1] lagIterations[101] sspIterations[252] numSeparations[209] numCuts[0] compileTime[11] sspSolveTime[557] lpSolveTime[0] lb[926.055] ub[1154] numArcs: [11079571] numFixed: [117493] time: [684]
STATS - lpIterations[1] lagIterations[102] sspIterations[261] numSeparations[211] numCuts[0] compileTime[11] sspSolveTime[587] lpSolveTime[0] lb[929.504] ub[1154] numArcs: [11079679] numFixed: [117318] time: [716]
STATS - lpIterations[1] lagIterations[103] sspIterations[267] numSeparations[220] numCuts[0] compileTime[11] sspSolveTime[603] lpSolveTime[0] lb[929.855] ub[1154] numArcs: [11082855] numFixed: [118102] time: [735]
STATS - lpIterations[1] lagIterations[104] sspIterations[271] numSeparations[226] numCuts[0] compileTime[11] sspSolveTime[615] lpSolveTime[0] lb[930.112] ub[1154] numArcs: [11083811] numFixed: [118010] time: [749]
STATS - lpIterations[1] lagIterations[105] sspIterations[274] numSeparations[230] numCuts[0] compileTime[11] sspSolveTime[624] lpSolveTime[0] lb[930.894] ub[1154] numArcs: [11084430] numFixed: [118169] time: [758]
STATS - lpIterations[1] lagIterations[105] sspIterations[274] numSeparations[230] numCuts[0] compileTime[11] sspSolveTime[624] lpSolveTime[0] lb[932.652] ub[1154] numArcs: [11084430] numFixed: [118169] time: [759]
STATS - lpIterations[1] lagIterations[106] sspIterations[279] numSeparations[232] numCuts[0] compileTime[11] sspSolveTime[637] lpSolveTime[0] lb[935.685] ub[1154] numArcs: [11084615] numFixed: [118777] time: [773]
STATS - lpIterations[1] lagIterations[106] sspIterations[279] numSeparations[232] numCuts[0] compileTime[11] sspSolveTime[637] lpSolveTime[0] lb[937.203] ub[1154] numArcs: [11084615] numFixed: [118777] time: [775]
STATS - lpIterations[1] lagIterations[107] sspIterations[282] numSeparations[237] numCuts[0] compileTime[11] sspSolveTime[646] lpSolveTime[0] lb[937.587] ub[1154] numArcs: [11085619] numFixed: [120917] time: [784]
STATS - lpIterations[1] lagIterations[107] sspIterations[282] numSeparations[237] numCuts[0] compileTime[11] sspSolveTime[646] lpSolveTime[0] lb[938.211] ub[1154] numArcs: [11085619] numFixed: [120917] time: [785]
STATS - lpIterations[1] lagIterations[108] sspIterations[293] numSeparations[239] numCuts[0] compileTime[11] sspSolveTime[669] lpSolveTime[0] lb[944.875] ub[1154] numArcs: [11086137] numFixed: [121271] time: [811]
STATS - lpIterations[1] lagIterations[109] sspIterations[299] numSeparations[250] numCuts[0] compileTime[11] sspSolveTime[695] lpSolveTime[0] lb[946.105] ub[1154] numArcs: [11087906] numFixed: [124011] time: [839]
STATS - lpIterations[1] lagIterations[110] sspIterations[304] numSeparations[256] numCuts[0] compileTime[11] sspSolveTime[714] lpSolveTime[0] lb[946.943] ub[1154] numArcs: [11089444] numFixed: [124217] time: [860]
STATS - lpIterations[1] lagIterations[111] sspIterations[307] numSeparations[261] numCuts[0] compileTime[11] sspSolveTime[724] lpSolveTime[0] lb[947.732] ub[1154] numArcs: [11090075] numFixed: [124144] time: [872]
STATS - lpIterations[1] lagIterations[112] sspIterations[310] numSeparations[264] numCuts[0] compileTime[11] sspSolveTime[733] lpSolveTime[0] lb[948.009] ub[1154] numArcs: [11090650] numFixed: [124253] time: [881]
STATS - lpIterations[1] lagIterations[113] sspIterations[319] numSeparations[266] numCuts[0] compileTime[11] sspSolveTime[761] lpSolveTime[0] lb[952.44] ub[1154] numArcs: [11091053] numFixed: [124939] time: [914]
STATS - lpIterations[1] lagIterations[114] sspIterations[325] numSeparations[275] numCuts[0] compileTime[11] sspSolveTime[782] lpSolveTime[0] lb[953.891] ub[1154] numArcs: [11093329] numFixed: [127586] time: [937]
STATS - lpIterations[1] lagIterations[115] sspIterations[330] numSeparations[281] numCuts[0] compileTime[11] sspSolveTime[796] lpSolveTime[0] lb[955.632] ub[1154] numArcs: [11093897] numFixed: [128358] time: [954]
STATS - lpIterations[1] lagIterations[116] sspIterations[335] numSeparations[286] numCuts[0] compileTime[11] sspSolveTime[808] lpSolveTime[0] lb[956.018] ub[1154] numArcs: [11094381] numFixed: [129050] time: [967]
STATS - lpIterations[1] lagIterations[118] sspIterations[344] numSeparations[295] numCuts[0] compileTime[11] sspSolveTime[832] lpSolveTime[0] lb[956.101] ub[1154] numArcs: [11095820] numFixed: [129300] time: [994]
STATS - lpIterations[1] lagIterations[118] sspIterations[344] numSeparations[295] numCuts[0] compileTime[11] sspSolveTime[832] lpSolveTime[0] lb[956.466] ub[1154] numArcs: [11095820] numFixed: [129300] time: [996]
STATS - lpIterations[1] lagIterations[119] sspIterations[350] numSeparations[298] numCuts[0] compileTime[11] sspSolveTime[852] lpSolveTime[0] lb[959.636] ub[1154] numArcs: [11096614] numFixed: [130598] time: [1018]
STATS - lpIterations[1] lagIterations[120] sspIterations[355] numSeparations[304] numCuts[0] compileTime[11] sspSolveTime[874] lpSolveTime[0] lb[960.186] ub[1154] numArcs: [11097526] numFixed: [132292] time: [1043]
STATS - lpIterations[1] lagIterations[123] sspIterations[371] numSeparations[317] numCuts[0] compileTime[11] sspSolveTime[916] lpSolveTime[0] lb[965.537] ub[1154] numArcs: [11099251] numFixed: [132440] time: [1092]
STATS - lpIterations[1] lagIterations[124] sspIterations[376] numSeparations[324] numCuts[0] compileTime[11] sspSolveTime[938] lpSolveTime[0] lb[966.385] ub[1154] numArcs: [11100517] numFixed: [138372] time: [1116]
STATS - lpIterations[1] lagIterations[125] sspIterations[382] numSeparations[329] numCuts[0] compileTime[11] sspSolveTime[955] lpSolveTime[0] lb[967.186] ub[1154] numArcs: [11101039] numFixed: [138692] time: [1135]
STATS - lpIterations[1] lagIterations[126] sspIterations[385] numSeparations[335] numCuts[0] compileTime[11] sspSolveTime[965] lpSolveTime[0] lb[967.431] ub[1154] numArcs: [11102174] numFixed: [139457] time: [1146]
STATS - lpIterations[1] lagIterations[127] sspIterations[398] numSeparations[337] numCuts[0] compileTime[11] sspSolveTime[1003] lpSolveTime[0] lb[971.367] ub[1154] numArcs: [11102594] numFixed: [139937] time: [1188]
STATS - lpIterations[1] lagIterations[128] sspIterations[407] numSeparations[350] numCuts[0] compileTime[11] sspSolveTime[1024] lpSolveTime[0] lb[971.406] ub[1154] numArcs: [11106150] numFixed: [145889] time: [1212]
STATS - lpIterations[1] lagIterations[129] sspIterations[413] numSeparations[359] numCuts[0] compileTime[11] sspSolveTime[1043] lpSolveTime[0] lb[972.414] ub[1154] numArcs: [11107560] numFixed: [145763] time: [1234]
STATS - lpIterations[1] lagIterations[130] sspIterations[418] numSeparations[365] numCuts[0] compileTime[11] sspSolveTime[1061] lpSolveTime[0] lb[972.886] ub[1154] numArcs: [11108584] numFixed: [148898] time: [1256]
STATS - lpIterations[1] lagIterations[135] sspIterations[440] numSeparations[385] numCuts[0] compileTime[11] sspSolveTime[1120] lpSolveTime[0] lb[974.199] ub[1154] numArcs: [11111519] numFixed: [150299] time: [1328]
STATS - lpIterations[1] lagIterations[137] sspIterations[449] numSeparations[393] numCuts[0] compileTime[11] sspSolveTime[1144] lpSolveTime[0] lb[974.345] ub[1154] numArcs: [11112568] numFixed: [151259] time: [1357]
STATS - lpIterations[1] lagIterations[138] sspIterations[453] numSeparations[397] numCuts[0] compileTime[11] sspSolveTime[1155] lpSolveTime[0] lb[974.792] ub[1154] numArcs: [11113006] numFixed: [151265] time: [1369]
STATS - lpIterations[1] lagIterations[139] sspIterations[459] numSeparations[400] numCuts[0] compileTime[11] sspSolveTime[1170] lpSolveTime[0] lb[977.326] ub[1154] numArcs: [11113473] numFixed: [153171] time: [1389]
STATS - lpIterations[1] lagIterations[140] sspIterations[464] numSeparations[403] numCuts[0] compileTime[11] sspSolveTime[1182] lpSolveTime[0] lb[978.215] ub[1154] numArcs: [11113703] numFixed: [155674] time: [1401]
STATS - lpIterations[1] lagIterations[142] sspIterations[474] numSeparations[409] numCuts[0] compileTime[11] sspSolveTime[1204] lpSolveTime[0] lb[978.652] ub[1154] numArcs: [11114434] numFixed: [159302] time: [1428]
STATS - lpIterations[1] lagIterations[142] sspIterations[474] numSeparations[409] numCuts[0] compileTime[11] sspSolveTime[1204] lpSolveTime[0] lb[981.47] ub[1154] numArcs: [11114434] numFixed: [159302] time: [1431]
STATS - lpIterations[1] lagIterations[143] sspIterations[478] numSeparations[415] numCuts[0] compileTime[11] sspSolveTime[1213] lpSolveTime[0] lb[983.255] ub[1154] numArcs: [11115291] numFixed: [163418] time: [1440]
STATS - lpIterations[1] lagIterations[146] sspIterations[496] numSeparations[431] numCuts[0] compileTime[11] sspSolveTime[1281] lpSolveTime[0] lb[983.515] ub[1154] numArcs: [11117851] numFixed: [167758] time: [1516]
STATS - lpIterations[1] lagIterations[146] sspIterations[496] numSeparations[431] numCuts[0] compileTime[11] sspSolveTime[1281] lpSolveTime[0] lb[983.857] ub[1154] numArcs: [11117851] numFixed: [167758] time: [1518]
STATS - lpIterations[1] lagIterations[147] sspIterations[503] numSeparations[435] numCuts[0] compileTime[11] sspSolveTime[1303] lpSolveTime[0] lb[984.35] ub[1154] numArcs: [11118167] numFixed: [167810] time: [1543]
STATS - lpIterations[1] lagIterations[148] sspIterations[507] numSeparations[442] numCuts[0] compileTime[11] sspSolveTime[1314] lpSolveTime[0] lb[984.605] ub[1154] numArcs: [11119578] numFixed: [169620] time: [1555]
STATS - lpIterations[1] lagIterations[149] sspIterations[511] numSeparations[446] numCuts[0] compileTime[11] sspSolveTime[1323] lpSolveTime[0] lb[986.975] ub[1154] numArcs: [11120281] numFixed: [170295] time: [1567]
STATS - lpIterations[1] lagIterations[152] sspIterations[531] numSeparations[461] numCuts[0] compileTime[11] sspSolveTime[1374] lpSolveTime[0] lb[987.248] ub[1154] numArcs: [11122019] numFixed: [177603] time: [1628]
STATS - lpIterations[1] lagIterations[153] sspIterations[535] numSeparations[466] numCuts[0] compileTime[11] sspSolveTime[1384] lpSolveTime[0] lb[988.874] ub[1154] numArcs: [11122581] numFixed: [178230] time: [1639]
STATS - lpIterations[1] lagIterations[156] sspIterations[549] numSeparations[478] numCuts[0] compileTime[11] sspSolveTime[1429] lpSolveTime[0] lb[990.68] ub[1154] numArcs: [11124120] numFixed: [180389] time: [1692]
STATS - lpIterations[1] lagIterations[157] sspIterations[565] numSeparations[478] numCuts[0] compileTime[11] sspSolveTime[1456] lpSolveTime[0] lb[993.638] ub[1154] numArcs: [11123991] numFixed: [190091] time: [1723]
STATS - lpIterations[1] lagIterations[158] sspIterations[573] numSeparations[494] numCuts[0] compileTime[11] sspSolveTime[1486] lpSolveTime[0] lb[994.631] ub[1154] numArcs: [11126992] numFixed: [217768] time: [1757]
STATS - lpIterations[1] lagIterations[159] sspIterations[579] numSeparations[501] numCuts[0] compileTime[11] sspSolveTime[1509] lpSolveTime[0] lb[995.608] ub[1154] numArcs: [11127929] numFixed: [222194] time: [1780]
STATS - lpIterations[1] lagIterations[160] sspIterations[583] numSeparations[507] numCuts[0] compileTime[11] sspSolveTime[1518] lpSolveTime[0] lb[996.606] ub[1154] numArcs: [11128905] numFixed: [222550] time: [1792]
STATS - lpIterations[1] lagIterations[164] sspIterations[617] numSeparations[538] numCuts[0] compileTime[11] sspSolveTime[1607] lpSolveTime[0] lb[996.816] ub[1154] numArcs: [11134458] numFixed: [231154] time: [1894]
STATS - lpIterations[1] lagIterations[166] sspIterations[629] numSeparations[548] numCuts[0] compileTime[11] sspSolveTime[1637] lpSolveTime[0] lb[997.035] ub[1154] numArcs: [11135876] numFixed: [233249] time: [1930]
STATS - lpIterations[1] lagIterations[167] sspIterations[633] numSeparations[552] numCuts[0] compileTime[11] sspSolveTime[1652] lpSolveTime[0] lb[997.917] ub[1154] numArcs: [11136762] numFixed: [241650] time: [1947]
STATS - lpIterations[1] lagIterations[169] sspIterations[642] numSeparations[559] numCuts[0] compileTime[11] sspSolveTime[1678] lpSolveTime[0] lb[999.44] ub[1154] numArcs: [11138301] numFixed: [238038] time: [1979]
STATS - lpIterations[1] lagIterations[172] sspIterations[660] numSeparations[573] numCuts[0] compileTime[11] sspSolveTime[1743] lpSolveTime[0] lb[999.923] ub[1154] numArcs: [11140421] numFixed: [251418] time: [2053]
STATS - lpIterations[1] lagIterations[173] sspIterations[664] numSeparations[576] numCuts[0] compileTime[11] sspSolveTime[1756] lpSolveTime[0] lb[1001.99] ub[1154] numArcs: [11140841] numFixed: [254915] time: [2070]
STATS - lpIterations[1] lagIterations[176] sspIterations[676] numSeparations[589] numCuts[0] compileTime[11] sspSolveTime[1801] lpSolveTime[0] lb[1002.02] ub[1154] numArcs: [11144110] numFixed: [254144] time: [2124]
STATS - lpIterations[1] lagIterations[178] sspIterations[691] numSeparations[598] numCuts[0] compileTime[11] sspSolveTime[1848] lpSolveTime[0] lb[1002.98] ub[1154] numArcs: [11146075] numFixed: [266377] time: [2178]
STATS - lpIterations[1] lagIterations[179] sspIterations[695] numSeparations[602] numCuts[0] compileTime[11] sspSolveTime[1860] lpSolveTime[0] lb[1004.11] ub[1154] numArcs: [11146580] numFixed: [270386] time: [2193]
STATS - lpIterations[1] lagIterations[180] sspIterations[712] numSeparations[603] numCuts[0] compileTime[11] sspSolveTime[1911] lpSolveTime[0] lb[1004.43] ub[1154] numArcs: [11146667] numFixed: [270199] time: [2250]
STATS - lpIterations[1] lagIterations[181] sspIterations[724] numSeparations[620] numCuts[0] compileTime[11] sspSolveTime[1951] lpSolveTime[0] lb[1004.47] ub[1154] numArcs: [11150101] numFixed: [280122] time: [2294]
STATS - lpIterations[1] lagIterations[182] sspIterations[731] numSeparations[631] numCuts[0] compileTime[11] sspSolveTime[1970] lpSolveTime[0] lb[1005.22] ub[1154] numArcs: [11152587] numFixed: [280517] time: [2314]
STATS - lpIterations[1] lagIterations[183] sspIterations[735] numSeparations[638] numCuts[0] compileTime[11] sspSolveTime[1989] lpSolveTime[0] lb[1008] ub[1154] numArcs: [11153215] numFixed: [280518] time: [2337]
STATS - lpIterations[1] lagIterations[192] sspIterations[798] numSeparations[695] numCuts[0] compileTime[11] sspSolveTime[2178] lpSolveTime[0] lb[1008.53] ub[1154] numArcs: [11163450] numFixed: [291720] time: [2557]
STATS - lpIterations[1] lagIterations[193] sspIterations[802] numSeparations[698] numCuts[0] compileTime[11] sspSolveTime[2189] lpSolveTime[0] lb[1009.09] ub[1154] numArcs: [11163469] numFixed: [305607] time: [2572]
STATS - lpIterations[1] lagIterations[195] sspIterations[816] numSeparations[708] numCuts[0] compileTime[11] sspSolveTime[2233] lpSolveTime[0] lb[1011.92] ub[1154] numArcs: [11165105] numFixed: [315526] time: [2623]
STATS - lpIterations[1] lagIterations[198] sspIterations[832] numSeparations[721] numCuts[0] compileTime[11] sspSolveTime[2287] lpSolveTime[0] lb[1013.37] ub[1154] numArcs: [11166565] numFixed: [319623] time: [2687]
STATS - lpIterations[1] lagIterations[205] sspIterations[882] numSeparations[765] numCuts[0] compileTime[11] sspSolveTime[2436] lpSolveTime[0] lb[1013.6] ub[1154] numArcs: [11173171] numFixed: [346698] time: [2861]
STATS - lpIterations[1] lagIterations[206] sspIterations[886] numSeparations[770] numCuts[0] compileTime[11] sspSolveTime[2447] lpSolveTime[0] lb[1015.53] ub[1154] numArcs: [11173705] numFixed: [348731] time: [2876]
STATS - lpIterations[1] lagIterations[210] sspIterations[931] numSeparations[805] numCuts[0] compileTime[11] sspSolveTime[2561] lpSolveTime[0] lb[1016.26] ub[1154] numArcs: [11179295] numFixed: [376785] time: [3004]
STATS - lpIterations[1] lagIterations[211] sspIterations[936] numSeparations[811] numCuts[0] compileTime[11] sspSolveTime[2574] lpSolveTime[0] lb[1017.63] ub[1154] numArcs: [11180130] numFixed: [376810] time: [3021]
STATS - lpIterations[1] lagIterations[213] sspIterations[949] numSeparations[823] numCuts[0] compileTime[11] sspSolveTime[2620] lpSolveTime[0] lb[1018.26] ub[1154] numArcs: [11182228] numFixed: [376572] time: [3074]
STATS - lpIterations[1] lagIterations[216] sspIterations[965] numSeparations[835] numCuts[0] compileTime[11] sspSolveTime[2658] lpSolveTime[0] lb[1018.3] ub[1154] numArcs: [11184317] numFixed: [367290] time: [3124]
STATS - lpIterations[1] lagIterations[219] sspIterations[982] numSeparations[848] numCuts[0] compileTime[11] sspSolveTime[2717] lpSolveTime[0] lb[1019.19] ub[1154] numArcs: [11186500] numFixed: [367293] time: [3193]
STATS - lpIterations[1] lagIterations[221] sspIterations[1002] numSeparations[861] numCuts[0] compileTime[11] sspSolveTime[2767] lpSolveTime[0] lb[1019.22] ub[1154] numArcs: [11188704] numFixed: [395646] time: [3250]
STATS - lpIterations[1] lagIterations[222] sspIterations[1010] numSeparations[867] numCuts[0] compileTime[11] sspSolveTime[2794] lpSolveTime[0] lb[1020.4] ub[1154] numArcs: [11189617] numFixed: [400644] time: [3281]
STATS - lpIterations[1] lagIterations[223] sspIterations[1015] numSeparations[874] numCuts[0] compileTime[11] sspSolveTime[2804] lpSolveTime[0] lb[1022.07] ub[1154] numArcs: [11190482] numFixed: [396361] time: [3294]
STATS - lpIterations[1] lagIterations[225] sspIterations[1025] numSeparations[884] numCuts[0] compileTime[11] sspSolveTime[2837] lpSolveTime[0] lb[1022.1] ub[1154] numArcs: [11191816] numFixed: [396457] time: [3335]
STATS - lpIterations[1] lagIterations[230] sspIterations[1051] numSeparations[905] numCuts[0] compileTime[11] sspSolveTime[2922] lpSolveTime[0] lb[1022.23] ub[1154] numArcs: [11194764] numFixed: [421383] time: [3438]
STATS - lpIterations[1] lagIterations[232] sspIterations[1064] numSeparations[916] numCuts[0] compileTime[11] sspSolveTime[2966] lpSolveTime[0] lb[1024.88] ub[1154] numArcs: [11196738] numFixed: [431232] time: [3490]
