relax time window constraint
capacity: 974
instance upper bound: 24145
compiling DD
time step mult: 1
time step: 10
cap step: 1
done compiling DD
batch size for lag: 100
iteration delay to start separating: 100
optimality gap to start repairing: 5
percent fixed to change to CPLEX: 97.5
num arcs to change to CPLEX: 100000
num arcs to change to LAG: 999999999
STATS - lpIterations[0] lagIterations[0] sspIterations[0] numSeparations[0] numCuts[0] compileTime[284] sspSolveTime[0] lpSolveTime[0] lb[0] ub[24145] numArcs: [50356934] numFixed: [0] time: [284]
STATS - lpIterations[1] lagIterations[0] sspIterations[0] numSeparations[0] numCuts[0] compileTime[284] sspSolveTime[0] lpSolveTime[0] lb[0] ub[24145] numArcs: [50356934] numFixed: [0] time: [284]
STATS - lpIterations[1] lagIterations[1] sspIterations[1] numSeparations[0] numCuts[0] compileTime[284] sspSolveTime[1] lpSolveTime[0] lb[17568.2] ub[24145] numArcs: [50356934] numFixed: [0] time: [286]
STATS - lpIterations[1] lagIterations[2] sspIterations[2] numSeparations[0] numCuts[0] compileTime[284] sspSolveTime[3] lpSolveTime[0] lb[18437.9] ub[24145] numArcs: [50356934] numFixed: [0] time: [288]
STATS - lpIterations[1] lagIterations[3] sspIterations[3] numSeparations[0] numCuts[0] compileTime[284] sspSolveTime[5] lpSolveTime[0] lb[19289] ub[24145] numArcs: [50356919] numFixed: [0] time: [291]
STATS - lpIterations[1] lagIterations[4] sspIterations[5] numSeparations[0] numCuts[0] compileTime[284] sspSolveTime[8] lpSolveTime[0] lb[19934.3] ub[24145] numArcs: [50356893] numFixed: [0] time: [295]
STATS - lpIterations[1] lagIterations[5] sspIterations[6] numSeparations[0] numCuts[0] compileTime[284] sspSolveTime[9] lpSolveTime[0] lb[20404.4] ub[24145] numArcs: [50356893] numFixed: [0] time: [297]
STATS - lpIterations[1] lagIterations[6] sspIterations[28] numSeparations[0] numCuts[0] compileTime[284] sspSolveTime[19] lpSolveTime[0] lb[20978.2] ub[24145] numArcs: [50356552] numFixed: [0] time: [308]
STATS - lpIterations[1] lagIterations[7] sspIterations[30] numSeparations[0] numCuts[0] compileTime[284] sspSolveTime[22] lpSolveTime[0] lb[21192.3] ub[24145] numArcs: [50356552] numFixed: [0] time: [311]
STATS - lpIterations[1] lagIterations[9] sspIterations[102] numSeparations[0] numCuts[0] compileTime[284] sspSolveTime[69] lpSolveTime[0] lb[21577.3] ub[24145] numArcs: [50355763] numFixed: [0] time: [360]
STATS - lpIterations[1] lagIterations[10] sspIterations[103] numSeparations[0] numCuts[0] compileTime[284] sspSolveTime[70] lpSolveTime[0] lb[21769.8] ub[24145] numArcs: [50355763] numFixed: [0] time: [362]
STATS - lpIterations[1] lagIterations[13] sspIterations[312] numSeparations[0] numCuts[0] compileTime[284] sspSolveTime[201] lpSolveTime[0] lb[22281.8] ub[24145] numArcs: [50354255] numFixed: [0] time: [495]
STATS - lpIterations[1] lagIterations[14] sspIterations[316] numSeparations[0] numCuts[0] compileTime[284] sspSolveTime[204] lpSolveTime[0] lb[22404.8] ub[24145] numArcs: [50354226] numFixed: [0] time: [499]
STATS - lpIterations[1] lagIterations[16] sspIterations[400] numSeparations[0] numCuts[0] compileTime[284] sspSolveTime[249] lpSolveTime[0] lb[22499.9] ub[24145] numArcs: [50353771] numFixed: [0] time: [545]
STATS - lpIterations[1] lagIterations[20] sspIterations[588] numSeparations[0] numCuts[0] compileTime[284] sspSolveTime[341] lpSolveTime[0] lb[22535.6] ub[24145] numArcs: [50352755] numFixed: [0] time: [640]
STATS - lpIterations[1] lagIterations[21] sspIterations[591] numSeparations[0] numCuts[0] compileTime[284] sspSolveTime[345] lpSolveTime[0] lb[22785] ub[24145] numArcs: [50352747] numFixed: [0] time: [645]
STATS - lpIterations[1] lagIterations[24] sspIterations[812] numSeparations[0] numCuts[0] compileTime[284] sspSolveTime[488] lpSolveTime[0] lb[22923.1] ub[24145] numArcs: [50351762] numFixed: [0] time: [791]
STATS - lpIterations[1] lagIterations[34] sspIterations[1148] numSeparations[0] numCuts[0] compileTime[284] sspSolveTime[697] lpSolveTime[0] lb[23082] ub[24145] numArcs: [50349970] numFixed: [0] time: [1007]
STATS - lpIterations[1] lagIterations[39] sspIterations[1395] numSeparations[0] numCuts[0] compileTime[284] sspSolveTime[880] lpSolveTime[0] lb[23104.2] ub[24145] numArcs: [50349229] numFixed: [0] time: [1194]
STATS - lpIterations[1] lagIterations[47] sspIterations[1758] numSeparations[0] numCuts[0] compileTime[284] sspSolveTime[1119] lpSolveTime[0] lb[23117.5] ub[24145] numArcs: [50348083] numFixed: [0] time: [1439]
STATS - lpIterations[1] lagIterations[52] sspIterations[2061] numSeparations[0] numCuts[0] compileTime[284] sspSolveTime[1302] lpSolveTime[0] lb[23176.4] ub[24145] numArcs: [50347273] numFixed: [0] time: [1625]
STATS - lpIterations[1] lagIterations[57] sspIterations[2397] numSeparations[0] numCuts[0] compileTime[284] sspSolveTime[1562] lpSolveTime[0] lb[23267.9] ub[24145] numArcs: [50346567] numFixed: [0] time: [1889]
STATS - lpIterations[1] lagIterations[67] sspIterations[2795] numSeparations[0] numCuts[0] compileTime[284] sspSolveTime[1851] lpSolveTime[0] lb[23278.2] ub[24145] numArcs: [50345756] numFixed: [0] time: [2186]
STATS - lpIterations[1] lagIterations[95] sspIterations[4013] numSeparations[0] numCuts[0] compileTime[284] sspSolveTime[2612] lpSolveTime[0] lb[23281] ub[24145] numArcs: [50344464] numFixed: [0] time: [2968]
STATS - lpIterations[1] lagIterations[104] sspIterations[4380] numSeparations[124] numCuts[0] compileTime[284] sspSolveTime[2848] lpSolveTime[0] lb[23285.6] ub[24145] numArcs: [50473487] numFixed: [0] time: [3212]
STATS - lpIterations[1] lagIterations[109] sspIterations[4660] numSeparations[279] numCuts[0] compileTime[284] sspSolveTime[3065] lpSolveTime[0] lb[23348.4] ub[24145] numArcs: [50590735] numFixed: [0] time: [3433]
