relax time window constraint
capacity: 106
instance upper bound: 13590
compiling DD
time step mult: 1
time step: 10
cap step: 1
done compiling DD
batch size for lag: 100
iteration delay to start separating: 100
optimality gap to start repairing: 5
percent fixed to change to CPLEX: 97.5
num arcs to change to CPLEX: 100000
num arcs to change to LAG: 999999999
STATS - lpIterations[0] lagIterations[0] sspIterations[0] numSeparations[0] numCuts[0] compileTime[7] sspSolveTime[0] lpSolveTime[0] lb[0] ub[13590] numArcs: [3198769] numFixed: [0] time: [7]
STATS - lpIterations[1] lagIterations[0] sspIterations[0] numSeparations[0] numCuts[0] compileTime[7] sspSolveTime[0] lpSolveTime[0] lb[0] ub[13590] numArcs: [3198769] numFixed: [0] time: [7]
STATS - lpIterations[1] lagIterations[1] sspIterations[1] numSeparations[0] numCuts[0] compileTime[7] sspSolveTime[0] lpSolveTime[0] lb[7234.57] ub[13590] numArcs: [3198769] numFixed: [0] time: [7]
STATS - lpIterations[1] lagIterations[2] sspIterations[2] numSeparations[0] numCuts[0] compileTime[7] sspSolveTime[0] lpSolveTime[0] lb[7592.71] ub[13590] numArcs: [3198769] numFixed: [0] time: [7]
STATS - lpIterations[1] lagIterations[3] sspIterations[3] numSeparations[0] numCuts[0] compileTime[7] sspSolveTime[0] lpSolveTime[0] lb[7964.9] ub[13590] numArcs: [3198769] numFixed: [0] time: [8]
STATS - lpIterations[1] lagIterations[4] sspIterations[4] numSeparations[0] numCuts[0] compileTime[7] sspSolveTime[0] lpSolveTime[0] lb[8351.55] ub[13590] numArcs: [3198769] numFixed: [0] time: [8]
STATS - lpIterations[1] lagIterations[5] sspIterations[5] numSeparations[0] numCuts[0] compileTime[7] sspSolveTime[0] lpSolveTime[0] lb[8753.07] ub[13590] numArcs: [3198769] numFixed: [0] time: [8]
STATS - lpIterations[1] lagIterations[6] sspIterations[6] numSeparations[0] numCuts[0] compileTime[7] sspSolveTime[0] lpSolveTime[0] lb[9169.88] ub[13590] numArcs: [3198769] numFixed: [0] time: [8]
STATS - lpIterations[1] lagIterations[7] sspIterations[7] numSeparations[0] numCuts[0] compileTime[7] sspSolveTime[1] lpSolveTime[0] lb[9600.86] ub[13590] numArcs: [3198767] numFixed: [0] time: [9]
STATS - lpIterations[1] lagIterations[8] sspIterations[15] numSeparations[0] numCuts[0] compileTime[7] sspSolveTime[1] lpSolveTime[0] lb[9905.34] ub[13590] numArcs: [3198624] numFixed: [0] time: [9]
STATS - lpIterations[1] lagIterations[9] sspIterations[16] numSeparations[0] numCuts[0] compileTime[7] sspSolveTime[1] lpSolveTime[0] lb[10055.6] ub[13590] numArcs: [3198624] numFixed: [0] time: [9]
STATS - lpIterations[1] lagIterations[10] sspIterations[23] numSeparations[0] numCuts[0] compileTime[7] sspSolveTime[2] lpSolveTime[0] lb[10443.3] ub[13590] numArcs: [3198624] numFixed: [0] time: [10]
STATS - lpIterations[1] lagIterations[11] sspIterations[24] numSeparations[0] numCuts[0] compileTime[7] sspSolveTime[2] lpSolveTime[0] lb[10531] ub[13590] numArcs: [3198624] numFixed: [0] time: [10]
STATS - lpIterations[1] lagIterations[12] sspIterations[36] numSeparations[0] numCuts[0] compileTime[7] sspSolveTime[3] lpSolveTime[0] lb[10604] ub[13590] numArcs: [3198452] numFixed: [0] time: [11]
STATS - lpIterations[1] lagIterations[13] sspIterations[41] numSeparations[0] numCuts[0] compileTime[7] sspSolveTime[3] lpSolveTime[0] lb[10827.9] ub[13590] numArcs: [3198393] numFixed: [0] time: [11]
STATS - lpIterations[1] lagIterations[14] sspIterations[46] numSeparations[0] numCuts[0] compileTime[7] sspSolveTime[4] lpSolveTime[0] lb[10875.5] ub[13590] numArcs: [3198382] numFixed: [0] time: [12]
STATS - lpIterations[1] lagIterations[15] sspIterations[54] numSeparations[0] numCuts[0] compileTime[7] sspSolveTime[4] lpSolveTime[0] lb[11003.8] ub[13590] numArcs: [3198330] numFixed: [0] time: [12]
STATS - lpIterations[1] lagIterations[16] sspIterations[55] numSeparations[0] numCuts[0] compileTime[7] sspSolveTime[4] lpSolveTime[0] lb[11096.3] ub[13590] numArcs: [3198329] numFixed: [0] time: [13]
STATS - lpIterations[1] lagIterations[18] sspIterations[108] numSeparations[0] numCuts[0] compileTime[7] sspSolveTime[8] lpSolveTime[0] lb[11362.2] ub[13590] numArcs: [3197872] numFixed: [0] time: [17]
STATS - lpIterations[1] lagIterations[19] sspIterations[111] numSeparations[0] numCuts[0] compileTime[7] sspSolveTime[9] lpSolveTime[0] lb[11483.9] ub[13590] numArcs: [3197870] numFixed: [0] time: [17]
STATS - lpIterations[1] lagIterations[22] sspIterations[205] numSeparations[0] numCuts[0] compileTime[7] sspSolveTime[17] lpSolveTime[0] lb[11706] ub[13590] numArcs: [3197349] numFixed: [0] time: [26]
STATS - lpIterations[1] lagIterations[23] sspIterations[207] numSeparations[0] numCuts[0] compileTime[7] sspSolveTime[17] lpSolveTime[0] lb[11734.4] ub[13590] numArcs: [3197349] numFixed: [0] time: [26]
STATS - lpIterations[1] lagIterations[25] sspIterations[268] numSeparations[0] numCuts[0] compileTime[7] sspSolveTime[23] lpSolveTime[0] lb[11861.3] ub[13590] numArcs: [3197159] numFixed: [0] time: [32]
STATS - lpIterations[1] lagIterations[26] sspIterations[272] numSeparations[0] numCuts[0] compileTime[7] sspSolveTime[23] lpSolveTime[0] lb[11932.5] ub[13590] numArcs: [3197159] numFixed: [0] time: [32]
STATS - lpIterations[1] lagIterations[28] sspIterations[307] numSeparations[0] numCuts[0] compileTime[7] sspSolveTime[25] lpSolveTime[0] lb[12039.4] ub[13590] numArcs: [3197000] numFixed: [0] time: [35]
STATS - lpIterations[1] lagIterations[30] sspIterations[333] numSeparations[0] numCuts[0] compileTime[7] sspSolveTime[27] lpSolveTime[0] lb[12071.9] ub[13590] numArcs: [3196903] numFixed: [0] time: [36]
STATS - lpIterations[1] lagIterations[33] sspIterations[431] numSeparations[0] numCuts[0] compileTime[7] sspSolveTime[37] lpSolveTime[0] lb[12268.3] ub[13590] numArcs: [3196503] numFixed: [0] time: [46]
STATS - lpIterations[1] lagIterations[37] sspIterations[493] numSeparations[0] numCuts[0] compileTime[7] sspSolveTime[41] lpSolveTime[0] lb[12357.5] ub[13590] numArcs: [3196321] numFixed: [0] time: [51]
STATS - lpIterations[1] lagIterations[40] sspIterations[575] numSeparations[0] numCuts[0] compileTime[7] sspSolveTime[48] lpSolveTime[0] lb[12399.3] ub[13590] numArcs: [3196001] numFixed: [0] time: [58]
STATS - lpIterations[1] lagIterations[43] sspIterations[665] numSeparations[0] numCuts[0] compileTime[7] sspSolveTime[56] lpSolveTime[0] lb[12505] ub[13590] numArcs: [3195727] numFixed: [0] time: [67]
STATS - lpIterations[1] lagIterations[47] sspIterations[739] numSeparations[0] numCuts[0] compileTime[7] sspSolveTime[62] lpSolveTime[0] lb[12527.1] ub[13590] numArcs: [3195611] numFixed: [0] time: [73]
STATS - lpIterations[1] lagIterations[49] sspIterations[798] numSeparations[0] numCuts[0] compileTime[7] sspSolveTime[67] lpSolveTime[0] lb[12545.4] ub[13590] numArcs: [3195483] numFixed: [0] time: [77]
STATS - lpIterations[1] lagIterations[50] sspIterations[808] numSeparations[0] numCuts[0] compileTime[7] sspSolveTime[67] lpSolveTime[0] lb[12572.2] ub[13590] numArcs: [3195483] numFixed: [0] time: [78]
STATS - lpIterations[1] lagIterations[51] sspIterations[815] numSeparations[0] numCuts[0] compileTime[7] sspSolveTime[68] lpSolveTime[0] lb[12577.5] ub[13590] numArcs: [3195481] numFixed: [0] time: [78]
STATS - lpIterations[1] lagIterations[53] sspIterations[846] numSeparations[0] numCuts[0] compileTime[7] sspSolveTime[70] lpSolveTime[0] lb[12604.8] ub[13590] numArcs: [3195453] numFixed: [0] time: [81]
STATS - lpIterations[1] lagIterations[56] sspIterations[952] numSeparations[0] numCuts[0] compileTime[7] sspSolveTime[82] lpSolveTime[0] lb[12742.4] ub[13590] numArcs: [3195276] numFixed: [0] time: [93]
STATS - lpIterations[1] lagIterations[61] sspIterations[1106] numSeparations[0] numCuts[0] compileTime[7] sspSolveTime[101] lpSolveTime[0] lb[12797.4] ub[13590] numArcs: [3194967] numFixed: [0] time: [112]
STATS - lpIterations[1] lagIterations[68] sspIterations[1226] numSeparations[0] numCuts[0] compileTime[7] sspSolveTime[114] lpSolveTime[0] lb[12804.9] ub[13590] numArcs: [3194793] numFixed: [0] time: [125]
STATS - lpIterations[1] lagIterations[70] sspIterations[1275] numSeparations[0] numCuts[0] compileTime[7] sspSolveTime[119] lpSolveTime[0] lb[12820.1] ub[13590] numArcs: [3194707] numFixed: [0] time: [131]
STATS - lpIterations[1] lagIterations[72] sspIterations[1298] numSeparations[0] numCuts[0] compileTime[7] sspSolveTime[121] lpSolveTime[0] lb[12822.2] ub[13590] numArcs: [3194673] numFixed: [0] time: [133]
STATS - lpIterations[1] lagIterations[75] sspIterations[1413] numSeparations[0] numCuts[0] compileTime[7] sspSolveTime[132] lpSolveTime[0] lb[12940.5] ub[13590] numArcs: [3194476] numFixed: [0] time: [144]
STATS - lpIterations[1] lagIterations[80] sspIterations[1572] numSeparations[0] numCuts[0] compileTime[7] sspSolveTime[149] lpSolveTime[0] lb[12955.5] ub[13590] numArcs: [3194221] numFixed: [0] time: [162]
STATS - lpIterations[1] lagIterations[90] sspIterations[1814] numSeparations[0] numCuts[0] compileTime[7] sspSolveTime[178] lpSolveTime[0] lb[12997] ub[13590] numArcs: [3193853] numFixed: [0] time: [192]
STATS - lpIterations[1] lagIterations[116] sspIterations[2361] numSeparations[132] numCuts[0] compileTime[7] sspSolveTime[223] lpSolveTime[0] lb[13045.7] ub[13590] numArcs: [3285099] numFixed: [0] time: [238]
STATS - lpIterations[1] lagIterations[133] sspIterations[2767] numSeparations[291] numCuts[0] compileTime[7] sspSolveTime[252] lpSolveTime[0] lb[13063] ub[13590] numArcs: [3360314] numFixed: [0] time: [269]
STATS - lpIterations[1] lagIterations[142] sspIterations[2951] numSeparations[291] numCuts[0] compileTime[7] sspSolveTime[266] lpSolveTime[0] lb[13063.9] ub[13590] numArcs: [3360073] numFixed: [0] time: [283]
STATS - lpIterations[1] lagIterations[147] sspIterations[3089] numSeparations[370] numCuts[0] compileTime[7] sspSolveTime[276] lpSolveTime[0] lb[13067.5] ub[13590] numArcs: [3392923] numFixed: [0] time: [294]
STATS - lpIterations[1] lagIterations[157] sspIterations[3248] numSeparations[370] numCuts[0] compileTime[7] sspSolveTime[290] lpSolveTime[0] lb[13084.9] ub[13590] numArcs: [3392746] numFixed: [0] time: [307]
STATS - lpIterations[1] lagIterations[166] sspIterations[3447] numSeparations[440] numCuts[0] compileTime[7] sspSolveTime[308] lpSolveTime[0] lb[13120.2] ub[13590] numArcs: [3420071] numFixed: [0] time: [326]
STATS - lpIterations[1] lagIterations[183] sspIterations[3917] numSeparations[589] numCuts[0] compileTime[7] sspSolveTime[354] lpSolveTime[0] lb[13130.1] ub[13590] numArcs: [3479207] numFixed: [0] time: [374]
STATS - lpIterations[1] lagIterations[191] sspIterations[4106] numSeparations[589] numCuts[0] compileTime[7] sspSolveTime[372] lpSolveTime[0] lb[13140.8] ub[13590] numArcs: [3478991] numFixed: [0] time: [392]
STATS - lpIterations[1] lagIterations[230] sspIterations[5029] numSeparations[836] numCuts[0] compileTime[7] sspSolveTime[465] lpSolveTime[0] lb[13152.7] ub[13590] numArcs: [3577195] numFixed: [0] time: [488]
STATS - lpIterations[1] lagIterations[236] sspIterations[5198] numSeparations[836] numCuts[0] compileTime[7] sspSolveTime[481] lpSolveTime[0] lb[13155.3] ub[13590] numArcs: [3577075] numFixed: [0] time: [505]
STATS - lpIterations[1] lagIterations[270] sspIterations[6008] numSeparations[985] numCuts[0] compileTime[7] sspSolveTime[560] lpSolveTime[0] lb[13163.7] ub[13590] numArcs: [3625016] numFixed: [0] time: [586]
STATS - lpIterations[1] lagIterations[281] sspIterations[6292] numSeparations[1060] numCuts[0] compileTime[7] sspSolveTime[590] lpSolveTime[0] lb[13180] ub[13590] numArcs: [3653148] numFixed: [0] time: [617]
STATS - lpIterations[1] lagIterations[364] sspIterations[8044] numSeparations[1368] numCuts[0] compileTime[7] sspSolveTime[760] lpSolveTime[0] lb[13195.1] ub[13590] numArcs: [3759722] numFixed: [0] time: [793]
STATS - lpIterations[1] lagIterations[433] sspIterations[9485] numSeparations[1677] numCuts[0] compileTime[7] sspSolveTime[895] lpSolveTime[0] lb[13198.8] ub[13590] numArcs: [3862275] numFixed: [0] time: [934]
STATS - lpIterations[1] lagIterations[451] sspIterations[9884] numSeparations[1746] numCuts[0] compileTime[7] sspSolveTime[939] lpSolveTime[0] lb[13198.9] ub[13590] numArcs: [3887208] numFixed: [0] time: [979]
STATS - lpIterations[2] lagIterations[465] sspIterations[10160] numSeparations[1746] numCuts[0] compileTime[7] sspSolveTime[968] lpSolveTime[0] lb[13198.9] ub[13590] numArcs: [3887087] numFixed: [0] time: [1009]
STATS - lpIterations[3] lagIterations[567] sspIterations[13322] numSeparations[2747] numCuts[0] compileTime[7] sspSolveTime[1525] lpSolveTime[0] lb[13198.9] ub[13590] numArcs: [4248732] numFixed: [0] time: [1575]
STATS - lpIterations[3] lagIterations[568] sspIterations[13327] numSeparations[2747] numCuts[0] compileTime[7] sspSolveTime[1525] lpSolveTime[0] lb[13199.9] ub[13590] numArcs: [4248732] numFixed: [0] time: [1575]
STATS - lpIterations[4] lagIterations[669] sspIterations[16723] numSeparations[3576] numCuts[0] compileTime[7] sspSolveTime[2207] lpSolveTime[0] lb[13199.9] ub[13590] numArcs: [4513960] numFixed: [0] time: [2266]
STATS - lpIterations[5] lagIterations[771] sspIterations[19848] numSeparations[4320] numCuts[0] compileTime[7] sspSolveTime[2804] lpSolveTime[0] lb[13199.9] ub[13590] numArcs: [4758828] numFixed: [0] time: [2872]
STATS - lpIterations[6] lagIterations[873] sspIterations[22939] numSeparations[4979] numCuts[0] compileTime[7] sspSolveTime[3465] lpSolveTime[0] lb[13199.9] ub[13590] numArcs: [4963745] numFixed: [0] time: [3543]
