relax time window constraint
capacity: 134
instance upper bound: 37274
compiling DD
time step mult: 1
time step: 10
cap step: 1
done compiling DD
batch size for lag: 100
iteration delay to start separating: 100
optimality gap to start repairing: 5
percent fixed to change to CPLEX: 97.5
num arcs to change to CPLEX: 100000
num arcs to change to LAG: 999999999
STATS - lpIterations[0] lagIterations[0] sspIterations[0] numSeparations[0] numCuts[0] compileTime[32] sspSolveTime[0] lpSolveTime[0] lb[0] ub[37274] numArcs: [9294463] numFixed: [0] time: [32]
STATS - lpIterations[1] lagIterations[0] sspIterations[0] numSeparations[0] numCuts[0] compileTime[32] sspSolveTime[0] lpSolveTime[0] lb[0] ub[37274] numArcs: [9294463] numFixed: [0] time: [32]
STATS - lpIterations[1] lagIterations[1] sspIterations[1] numSeparations[0] numCuts[0] compileTime[32] sspSolveTime[0] lpSolveTime[0] lb[30364.7] ub[37274] numArcs: [9294458] numFixed: [0] time: [32]
STATS - lpIterations[1] lagIterations[2] sspIterations[59] numSeparations[0] numCuts[0] compileTime[32] sspSolveTime[13] lpSolveTime[0] lb[31251.5] ub[37274] numArcs: [9293723] numFixed: [0] time: [46]
STATS - lpIterations[1] lagIterations[3] sspIterations[68] numSeparations[0] numCuts[0] compileTime[32] sspSolveTime[14] lpSolveTime[0] lb[31748.2] ub[37274] numArcs: [9293683] numFixed: [0] time: [47]
STATS - lpIterations[1] lagIterations[6] sspIterations[268] numSeparations[0] numCuts[0] compileTime[32] sspSolveTime[61] lpSolveTime[0] lb[32263.1] ub[37274] numArcs: [9291893] numFixed: [0] time: [94]
STATS - lpIterations[1] lagIterations[9] sspIterations[572] numSeparations[0] numCuts[0] compileTime[32] sspSolveTime[148] lpSolveTime[0] lb[32298.7] ub[37274] numArcs: [9289490] numFixed: [0] time: [181]
STATS - lpIterations[1] lagIterations[10] sspIterations[579] numSeparations[0] numCuts[0] compileTime[32] sspSolveTime[148] lpSolveTime[0] lb[32668.7] ub[37274] numArcs: [9289478] numFixed: [0] time: [182]
STATS - lpIterations[1] lagIterations[14] sspIterations[1047] numSeparations[0] numCuts[0] compileTime[32] sspSolveTime[341] lpSolveTime[0] lb[33163] ub[37274] numArcs: [9286653] numFixed: [0] time: [375]
STATS - lpIterations[1] lagIterations[17] sspIterations[1288] numSeparations[0] numCuts[0] compileTime[32] sspSolveTime[408] lpSolveTime[0] lb[33229.7] ub[37274] numArcs: [9285870] numFixed: [0] time: [443]
STATS - lpIterations[1] lagIterations[19] sspIterations[1342] numSeparations[0] numCuts[0] compileTime[32] sspSolveTime[413] lpSolveTime[0] lb[33322.1] ub[37274] numArcs: [9285743] numFixed: [0] time: [448]
STATS - lpIterations[1] lagIterations[20] sspIterations[1359] numSeparations[0] numCuts[0] compileTime[32] sspSolveTime[414] lpSolveTime[0] lb[33397.5] ub[37274] numArcs: [9285706] numFixed: [0] time: [449]
STATS - lpIterations[1] lagIterations[22] sspIterations[1415] numSeparations[0] numCuts[0] compileTime[32] sspSolveTime[420] lpSolveTime[0] lb[33475.9] ub[37274] numArcs: [9285519] numFixed: [0] time: [455]
STATS - lpIterations[1] lagIterations[26] sspIterations[2021] numSeparations[0] numCuts[0] compileTime[32] sspSolveTime[632] lpSolveTime[0] lb[33707.7] ub[37274] numArcs: [9282867] numFixed: [0] time: [669]
STATS - lpIterations[1] lagIterations[27] sspIterations[2052] numSeparations[0] numCuts[0] compileTime[32] sspSolveTime[635] lpSolveTime[0] lb[33888.5] ub[37274] numArcs: [9282848] numFixed: [0] time: [672]
STATS - lpIterations[1] lagIterations[28] sspIterations[2068] numSeparations[0] numCuts[0] compileTime[32] sspSolveTime[637] lpSolveTime[0] lb[33933.3] ub[37274] numArcs: [9282837] numFixed: [0] time: [673]
STATS - lpIterations[1] lagIterations[32] sspIterations[2429] numSeparations[0] numCuts[0] compileTime[32] sspSolveTime[704] lpSolveTime[0] lb[34051.6] ub[37274] numArcs: [9282188] numFixed: [0] time: [742]
STATS - lpIterations[1] lagIterations[35] sspIterations[2762] numSeparations[0] numCuts[0] compileTime[32] sspSolveTime[757] lpSolveTime[0] lb[34159.6] ub[37274] numArcs: [9280852] numFixed: [0] time: [795]
STATS - lpIterations[1] lagIterations[37] sspIterations[2805] numSeparations[0] numCuts[0] compileTime[32] sspSolveTime[760] lpSolveTime[0] lb[34210.7] ub[37274] numArcs: [9280832] numFixed: [0] time: [798]
STATS - lpIterations[1] lagIterations[41] sspIterations[3321] numSeparations[0] numCuts[0] compileTime[32] sspSolveTime[900] lpSolveTime[0] lb[34345.2] ub[37274] numArcs: [9279079] numFixed: [0] time: [938]
STATS - lpIterations[1] lagIterations[43] sspIterations[3418] numSeparations[0] numCuts[0] compileTime[32] sspSolveTime[909] lpSolveTime[0] lb[34354] ub[37274] numArcs: [9278948] numFixed: [0] time: [948]
STATS - lpIterations[1] lagIterations[44] sspIterations[3434] numSeparations[0] numCuts[0] compileTime[32] sspSolveTime[910] lpSolveTime[0] lb[34418] ub[37274] numArcs: [9278918] numFixed: [0] time: [949]
STATS - lpIterations[1] lagIterations[48] sspIterations[3789] numSeparations[0] numCuts[0] compileTime[32] sspSolveTime[973] lpSolveTime[0] lb[34483.9] ub[37274] numArcs: [9278505] numFixed: [0] time: [1012]
STATS - lpIterations[1] lagIterations[52] sspIterations[4208] numSeparations[0] numCuts[0] compileTime[32] sspSolveTime[1075] lpSolveTime[0] lb[34656.9] ub[37274] numArcs: [9278063] numFixed: [0] time: [1115]
STATS - lpIterations[1] lagIterations[56] sspIterations[4750] numSeparations[0] numCuts[0] compileTime[32] sspSolveTime[1227] lpSolveTime[0] lb[34703.4] ub[37274] numArcs: [9277250] numFixed: [0] time: [1268]
STATS - lpIterations[1] lagIterations[58] sspIterations[4800] numSeparations[0] numCuts[0] compileTime[32] sspSolveTime[1230] lpSolveTime[0] lb[34730.5] ub[37274] numArcs: [9277240] numFixed: [0] time: [1271]
STATS - lpIterations[1] lagIterations[62] sspIterations[5297] numSeparations[0] numCuts[0] compileTime[32] sspSolveTime[1345] lpSolveTime[0] lb[34887.7] ub[37274] numArcs: [9276514] numFixed: [0] time: [1387]
STATS - lpIterations[1] lagIterations[64] sspIterations[5392] numSeparations[0] numCuts[0] compileTime[32] sspSolveTime[1352] lpSolveTime[0] lb[34937.8] ub[37274] numArcs: [9276463] numFixed: [0] time: [1394]
STATS - lpIterations[1] lagIterations[67] sspIterations[5709] numSeparations[0] numCuts[0] compileTime[32] sspSolveTime[1398] lpSolveTime[0] lb[34978.5] ub[37274] numArcs: [9276235] numFixed: [0] time: [1440]
STATS - lpIterations[1] lagIterations[74] sspIterations[6499] numSeparations[0] numCuts[0] compileTime[32] sspSolveTime[1559] lpSolveTime[0] lb[35108.7] ub[37274] numArcs: [9275665] numFixed: [0] time: [1602]
STATS - lpIterations[1] lagIterations[84] sspIterations[7348] numSeparations[0] numCuts[0] compileTime[32] sspSolveTime[1690] lpSolveTime[0] lb[35298.4] ub[37274] numArcs: [9275137] numFixed: [0] time: [1735]
STATS - lpIterations[1] lagIterations[94] sspIterations[7986] numSeparations[0] numCuts[0] compileTime[32] sspSolveTime[1756] lpSolveTime[0] lb[35355.4] ub[37274] numArcs: [9274850] numFixed: [0] time: [1802]
STATS - lpIterations[1] lagIterations[99] sspIterations[8450] numSeparations[0] numCuts[0] compileTime[32] sspSolveTime[1809] lpSolveTime[0] lb[35382.4] ub[37274] numArcs: [9274578] numFixed: [0] time: [1856]
STATS - lpIterations[1] lagIterations[104] sspIterations[8685] numSeparations[110] numCuts[0] compileTime[32] sspSolveTime[1824] lpSolveTime[0] lb[35398.8] ub[37274] numArcs: [9376809] numFixed: [0] time: [1872]
STATS - lpIterations[1] lagIterations[105] sspIterations[8715] numSeparations[110] numCuts[0] compileTime[32] sspSolveTime[1825] lpSolveTime[0] lb[35421.3] ub[37274] numArcs: [9376771] numFixed: [0] time: [1873]
STATS - lpIterations[1] lagIterations[106] sspIterations[8727] numSeparations[110] numCuts[0] compileTime[32] sspSolveTime[1826] lpSolveTime[0] lb[35460.1] ub[37274] numArcs: [9376769] numFixed: [0] time: [1874]
STATS - lpIterations[1] lagIterations[109] sspIterations[9124] numSeparations[254] numCuts[0] compileTime[32] sspSolveTime[1881] lpSolveTime[0] lb[35483.4] ub[37274] numArcs: [9511859] numFixed: [0] time: [1929]
STATS - lpIterations[1] lagIterations[110] sspIterations[9183] numSeparations[254] numCuts[0] compileTime[32] sspSolveTime[1885] lpSolveTime[0] lb[35508.3] ub[37274] numArcs: [9511805] numFixed: [0] time: [1933]
STATS - lpIterations[1] lagIterations[111] sspIterations[9202] numSeparations[254] numCuts[0] compileTime[32] sspSolveTime[1886] lpSolveTime[0] lb[35581.1] ub[37274] numArcs: [9511802] numFixed: [0] time: [1935]
STATS - lpIterations[1] lagIterations[114] sspIterations[9495] numSeparations[412] numCuts[0] compileTime[32] sspSolveTime[1919] lpSolveTime[0] lb[35640.6] ub[37274] numArcs: [9631592] numFixed: [0] time: [1968]
STATS - lpIterations[1] lagIterations[117] sspIterations[9794] numSeparations[532] numCuts[0] compileTime[32] sspSolveTime[1962] lpSolveTime[0] lb[35645.2] ub[37274] numArcs: [9703844] numFixed: [0] time: [2012]
STATS - lpIterations[1] lagIterations[120] sspIterations[9993] numSeparations[636] numCuts[0] compileTime[32] sspSolveTime[1982] lpSolveTime[0] lb[35679.3] ub[37274] numArcs: [9774573] numFixed: [0] time: [2033]
STATS - lpIterations[1] lagIterations[123] sspIterations[10242] numSeparations[720] numCuts[0] compileTime[32] sspSolveTime[2001] lpSolveTime[0] lb[35710.7] ub[37274] numArcs: [9832301] numFixed: [0] time: [2052]
STATS - lpIterations[1] lagIterations[126] sspIterations[10529] numSeparations[720] numCuts[0] compileTime[32] sspSolveTime[2028] lpSolveTime[0] lb[35748.4] ub[37274] numArcs: [9832002] numFixed: [0] time: [2079]
STATS - lpIterations[1] lagIterations[129] sspIterations[10734] numSeparations[845] numCuts[0] compileTime[32] sspSolveTime[2048] lpSolveTime[0] lb[35759.3] ub[37274] numArcs: [9919506] numFixed: [0] time: [2100]
STATS - lpIterations[1] lagIterations[131] sspIterations[10893] numSeparations[845] numCuts[0] compileTime[32] sspSolveTime[2060] lpSolveTime[0] lb[35806] ub[37274] numArcs: [9919360] numFixed: [0] time: [2112]
STATS - lpIterations[1] lagIterations[139] sspIterations[11564] numSeparations[1087] numCuts[0] compileTime[32] sspSolveTime[2153] lpSolveTime[0] lb[35899.5] ub[37274] numArcs: [10064268] numFixed: [0] time: [2208]
STATS - lpIterations[1] lagIterations[148] sspIterations[12358] numSeparations[1358] numCuts[0] compileTime[32] sspSolveTime[2267] lpSolveTime[0] lb[35946.6] ub[37274] numArcs: [10228661] numFixed: [0] time: [2323]
STATS - lpIterations[1] lagIterations[151] sspIterations[12637] numSeparations[1476] numCuts[0] compileTime[32] sspSolveTime[2297] lpSolveTime[0] lb[35979] ub[37274] numArcs: [10298725] numFixed: [0] time: [2353]
STATS - lpIterations[1] lagIterations[154] sspIterations[12940] numSeparations[1578] numCuts[0] compileTime[32] sspSolveTime[2333] lpSolveTime[0] lb[36007] ub[37274] numArcs: [10353289] numFixed: [0] time: [2390]
STATS - lpIterations[1] lagIterations[157] sspIterations[13269] numSeparations[1674] numCuts[0] compileTime[32] sspSolveTime[2374] lpSolveTime[0] lb[36012.2] ub[37274] numArcs: [10406403] numFixed: [0] time: [2431]
STATS - lpIterations[1] lagIterations[162] sspIterations[13766] numSeparations[1802] numCuts[0] compileTime[32] sspSolveTime[2437] lpSolveTime[0] lb[36020.4] ub[37274] numArcs: [10473834] numFixed: [0] time: [2495]
STATS - lpIterations[1] lagIterations[163] sspIterations[13782] numSeparations[1802] numCuts[0] compileTime[32] sspSolveTime[2438] lpSolveTime[0] lb[36035.9] ub[37274] numArcs: [10473832] numFixed: [0] time: [2497]
STATS - lpIterations[1] lagIterations[166] sspIterations[14017] numSeparations[1897] numCuts[0] compileTime[32] sspSolveTime[2461] lpSolveTime[0] lb[36053.4] ub[37274] numArcs: [10525625] numFixed: [0] time: [2520]
STATS - lpIterations[1] lagIterations[175] sspIterations[14578] numSeparations[2029] numCuts[0] compileTime[32] sspSolveTime[2504] lpSolveTime[0] lb[36071.5] ub[37274] numArcs: [10587718] numFixed: [0] time: [2565]
STATS - lpIterations[1] lagIterations[177] sspIterations[14648] numSeparations[2029] numCuts[0] compileTime[32] sspSolveTime[2509] lpSolveTime[0] lb[36099.9] ub[37274] numArcs: [10587673] numFixed: [0] time: [2570]
STATS - lpIterations[1] lagIterations[179] sspIterations[14771] numSeparations[2029] numCuts[0] compileTime[32] sspSolveTime[2518] lpSolveTime[0] lb[36113.6] ub[37274] numArcs: [10587579] numFixed: [0] time: [2579]
STATS - lpIterations[1] lagIterations[182] sspIterations[15019] numSeparations[2140] numCuts[0] compileTime[32] sspSolveTime[2553] lpSolveTime[0] lb[36133.5] ub[37274] numArcs: [10647938] numFixed: [0] time: [2614]
STATS - lpIterations[1] lagIterations[185] sspIterations[15377] numSeparations[2259] numCuts[0] compileTime[32] sspSolveTime[2608] lpSolveTime[0] lb[36157] ub[37274] numArcs: [10711465] numFixed: [0] time: [2670]
STATS - lpIterations[1] lagIterations[186] sspIterations[15413] numSeparations[2259] numCuts[0] compileTime[32] sspSolveTime[2610] lpSolveTime[0] lb[36170] ub[37274] numArcs: [10711457] numFixed: [0] time: [2672]
STATS - lpIterations[1] lagIterations[187] sspIterations[15449] numSeparations[2259] numCuts[0] compileTime[32] sspSolveTime[2612] lpSolveTime[0] lb[36174.4] ub[37274] numArcs: [10711446] numFixed: [0] time: [2674]
STATS - lpIterations[1] lagIterations[192] sspIterations[15859] numSeparations[2359] numCuts[0] compileTime[32] sspSolveTime[2663] lpSolveTime[0] lb[36193.5] ub[37274] numArcs: [10757501] numFixed: [0] time: [2726]
STATS - lpIterations[1] lagIterations[199] sspIterations[16492] numSeparations[2483] numCuts[0] compileTime[32] sspSolveTime[2737] lpSolveTime[0] lb[36199.4] ub[37274] numArcs: [10824365] numFixed: [0] time: [2801]
STATS - lpIterations[1] lagIterations[200] sspIterations[16542] numSeparations[2483] numCuts[0] compileTime[32] sspSolveTime[2740] lpSolveTime[0] lb[36239.6] ub[37274] numArcs: [10824341] numFixed: [0] time: [2805]
STATS - lpIterations[1] lagIterations[202] sspIterations[16609] numSeparations[2483] numCuts[0] compileTime[32] sspSolveTime[2744] lpSolveTime[0] lb[36242.9] ub[37274] numArcs: [10824324] numFixed: [0] time: [2809]
STATS - lpIterations[1] lagIterations[205] sspIterations[16931] numSeparations[2604] numCuts[0] compileTime[32] sspSolveTime[2786] lpSolveTime[0] lb[36258.3] ub[37274] numArcs: [10880090] numFixed: [0] time: [2852]
STATS - lpIterations[1] lagIterations[207] sspIterations[17039] numSeparations[2604] numCuts[0] compileTime[32] sspSolveTime[2793] lpSolveTime[0] lb[36279] ub[37274] numArcs: [10880036] numFixed: [0] time: [2859]
STATS - lpIterations[1] lagIterations[211] sspIterations[17475] numSeparations[2730] numCuts[0] compileTime[32] sspSolveTime[2867] lpSolveTime[0] lb[36295.3] ub[37274] numArcs: [10948536] numFixed: [0] time: [2933]
STATS - lpIterations[1] lagIterations[216] sspIterations[17955] numSeparations[2829] numCuts[0] compileTime[32] sspSolveTime[2917] lpSolveTime[0] lb[36296.2] ub[37274] numArcs: [10988633] numFixed: [0] time: [2985]
STATS - lpIterations[1] lagIterations[218] sspIterations[18060] numSeparations[2829] numCuts[0] compileTime[32] sspSolveTime[2926] lpSolveTime[0] lb[36305.8] ub[37274] numArcs: [10988533] numFixed: [0] time: [2994]
STATS - lpIterations[1] lagIterations[222] sspIterations[18485] numSeparations[2957] numCuts[0] compileTime[32] sspSolveTime[2979] lpSolveTime[0] lb[36332] ub[37274] numArcs: [11046033] numFixed: [0] time: [3048]
STATS - lpIterations[1] lagIterations[231] sspIterations[19204] numSeparations[3059] numCuts[0] compileTime[32] sspSolveTime[3050] lpSolveTime[0] lb[36375.1] ub[37274] numArcs: [11094773] numFixed: [0] time: [3120]
STATS - lpIterations[1] lagIterations[240] sspIterations[19900] numSeparations[3244] numCuts[0] compileTime[32] sspSolveTime[3139] lpSolveTime[0] lb[36381.8] ub[37274] numArcs: [11176344] numFixed: [0] time: [3210]
STATS - lpIterations[1] lagIterations[243] sspIterations[20298] numSeparations[3244] numCuts[0] compileTime[32] sspSolveTime[3193] lpSolveTime[0] lb[36403.5] ub[37274] numArcs: [11176172] numFixed: [0] time: [3265]
STATS - lpIterations[1] lagIterations[249] sspIterations[20863] numSeparations[3431] numCuts[0] compileTime[32] sspSolveTime[3271] lpSolveTime[0] lb[36455.2] ub[37274] numArcs: [11256480] numFixed: [0] time: [3344]
STATS - lpIterations[1] lagIterations[267] sspIterations[22401] numSeparations[3652] numCuts[0] compileTime[32] sspSolveTime[3474] lpSolveTime[0] lb[36460.3] ub[37274] numArcs: [11366721] numFixed: [0] time: [3551]
