relax time window constraint
capacity: 101
instance upper bound: 30656
compiling DD
time step mult: 1
time step: 10
cap step: 1
done compiling DD
batch size for lag: 100
iteration delay to start separating: 100
optimality gap to start repairing: 5
percent fixed to change to CPLEX: 97.5
num arcs to change to CPLEX: 100000
num arcs to change to LAG: 999999999
STATS - lpIterations[0] lagIterations[0] sspIterations[0] numSeparations[0] numCuts[0] compileTime[18] sspSolveTime[0] lpSolveTime[0] lb[0] ub[30656] numArcs: [6854097] numFixed: [0] time: [18]
STATS - lpIterations[1] lagIterations[0] sspIterations[0] numSeparations[0] numCuts[0] compileTime[18] sspSolveTime[0] lpSolveTime[0] lb[0] ub[30656] numArcs: [6854097] numFixed: [0] time: [18]
STATS - lpIterations[1] lagIterations[1] sspIterations[1] numSeparations[0] numCuts[0] compileTime[18] sspSolveTime[0] lpSolveTime[0] lb[23416] ub[30656] numArcs: [6854097] numFixed: [0] time: [18]
STATS - lpIterations[1] lagIterations[2] sspIterations[2] numSeparations[0] numCuts[0] compileTime[18] sspSolveTime[0] lpSolveTime[0] lb[24575.2] ub[30656] numArcs: [6854097] numFixed: [0] time: [19]
STATS - lpIterations[1] lagIterations[3] sspIterations[3] numSeparations[0] numCuts[0] compileTime[18] sspSolveTime[0] lpSolveTime[0] lb[25779.8] ub[30656] numArcs: [6854097] numFixed: [0] time: [19]
STATS - lpIterations[1] lagIterations[4] sspIterations[35] numSeparations[0] numCuts[0] compileTime[18] sspSolveTime[4] lpSolveTime[0] lb[26237.7] ub[30656] numArcs: [6853530] numFixed: [0] time: [23]
STATS - lpIterations[1] lagIterations[5] sspIterations[46] numSeparations[0] numCuts[0] compileTime[18] sspSolveTime[4] lpSolveTime[0] lb[26930] ub[30656] numArcs: [6853512] numFixed: [0] time: [24]
STATS - lpIterations[1] lagIterations[6] sspIterations[47] numSeparations[0] numCuts[0] compileTime[18] sspSolveTime[5] lpSolveTime[0] lb[27066.1] ub[30656] numArcs: [6853512] numFixed: [0] time: [24]
STATS - lpIterations[1] lagIterations[8] sspIterations[141] numSeparations[0] numCuts[0] compileTime[18] sspSolveTime[11] lpSolveTime[0] lb[27732.6] ub[30656] numArcs: [6852410] numFixed: [0] time: [31]
STATS - lpIterations[1] lagIterations[9] sspIterations[142] numSeparations[0] numCuts[0] compileTime[18] sspSolveTime[12] lpSolveTime[0] lb[28056.9] ub[30656] numArcs: [6852410] numFixed: [0] time: [31]
STATS - lpIterations[1] lagIterations[12] sspIterations[468] numSeparations[0] numCuts[0] compileTime[18] sspSolveTime[46] lpSolveTime[0] lb[28307.7] ub[30656] numArcs: [6849617] numFixed: [0] time: [66]
STATS - lpIterations[1] lagIterations[13] sspIterations[479] numSeparations[0] numCuts[0] compileTime[18] sspSolveTime[47] lpSolveTime[0] lb[28704.5] ub[30656] numArcs: [6849612] numFixed: [0] time: [67]
STATS - lpIterations[1] lagIterations[15] sspIterations[571] numSeparations[0] numCuts[0] compileTime[18] sspSolveTime[52] lpSolveTime[0] lb[28742.3] ub[30656] numArcs: [6849118] numFixed: [0] time: [73]
STATS - lpIterations[1] lagIterations[17] sspIterations[618] numSeparations[0] numCuts[0] compileTime[18] sspSolveTime[56] lpSolveTime[0] lb[28767.3] ub[30656] numArcs: [6848928] numFixed: [0] time: [76]
STATS - lpIterations[1] lagIterations[20] sspIterations[877] numSeparations[0] numCuts[0] compileTime[18] sspSolveTime[79] lpSolveTime[0] lb[29228] ub[30656] numArcs: [6847344] numFixed: [0] time: [100]
STATS - lpIterations[1] lagIterations[25] sspIterations[1195] numSeparations[0] numCuts[0] compileTime[18] sspSolveTime[129] lpSolveTime[0] lb[29245.8] ub[30656] numArcs: [6845782] numFixed: [0] time: [151]
STATS - lpIterations[1] lagIterations[30] sspIterations[1556] numSeparations[0] numCuts[0] compileTime[18] sspSolveTime[190] lpSolveTime[0] lb[29354.9] ub[30656] numArcs: [6844419] numFixed: [0] time: [212]
STATS - lpIterations[1] lagIterations[49] sspIterations[2565] numSeparations[0] numCuts[0] compileTime[18] sspSolveTime[290] lpSolveTime[0] lb[29419.7] ub[30656] numArcs: [6842445] numFixed: [0] time: [314]
STATS - lpIterations[1] lagIterations[54] sspIterations[2845] numSeparations[0] numCuts[0] compileTime[18] sspSolveTime[325] lpSolveTime[0] lb[29452.4] ub[30656] numArcs: [6842117] numFixed: [0] time: [349]
STATS - lpIterations[1] lagIterations[70] sspIterations[3730] numSeparations[0] numCuts[0] compileTime[18] sspSolveTime[409] lpSolveTime[0] lb[29514.5] ub[30656] numArcs: [6840928] numFixed: [0] time: [435]
STATS - lpIterations[1] lagIterations[76] sspIterations[4166] numSeparations[0] numCuts[0] compileTime[18] sspSolveTime[462] lpSolveTime[0] lb[29559.3] ub[30656] numArcs: [6840612] numFixed: [0] time: [489]
STATS - lpIterations[1] lagIterations[105] sspIterations[5854] numSeparations[220] numCuts[0] compileTime[18] sspSolveTime[656] lpSolveTime[0] lb[29587.5] ub[30656] numArcs: [7075226] numFixed: [0] time: [687]
STATS - lpIterations[1] lagIterations[116] sspIterations[6472] numSeparations[545] numCuts[0] compileTime[18] sspSolveTime[718] lpSolveTime[0] lb[29611.2] ub[30656] numArcs: [7329552] numFixed: [0] time: [750]
STATS - lpIterations[1] lagIterations[119] sspIterations[6682] numSeparations[655] numCuts[0] compileTime[18] sspSolveTime[745] lpSolveTime[0] lb[29615.4] ub[30656] numArcs: [7406622] numFixed: [0] time: [778]
STATS - lpIterations[1] lagIterations[134] sspIterations[7525] numSeparations[1043] numCuts[0] compileTime[18] sspSolveTime[834] lpSolveTime[0] lb[29634.9] ub[30656] numArcs: [7658560] numFixed: [0] time: [869]
STATS - lpIterations[1] lagIterations[141] sspIterations[7915] numSeparations[1233] numCuts[0] compileTime[18] sspSolveTime[880] lpSolveTime[0] lb[29667.6] ub[30656] numArcs: [7792128] numFixed: [0] time: [916]
STATS - lpIterations[1] lagIterations[146] sspIterations[8201] numSeparations[1355] numCuts[0] compileTime[18] sspSolveTime[921] lpSolveTime[0] lb[29707.2] ub[30656] numArcs: [7867121] numFixed: [0] time: [957]
STATS - lpIterations[1] lagIterations[170] sspIterations[9319] numSeparations[1825] numCuts[0] compileTime[18] sspSolveTime[1075] lpSolveTime[0] lb[29710.7] ub[30656] numArcs: [8167193] numFixed: [0] time: [1114]
STATS - lpIterations[1] lagIterations[175] sspIterations[9607] numSeparations[2031] numCuts[0] compileTime[18] sspSolveTime[1122] lpSolveTime[0] lb[29738.8] ub[30656] numArcs: [8287023] numFixed: [0] time: [1163]
STATS - lpIterations[1] lagIterations[204] sspIterations[10903] numSeparations[2567] numCuts[0] compileTime[18] sspSolveTime[1277] lpSolveTime[0] lb[29745.6] ub[30656] numArcs: [8600147] numFixed: [0] time: [1321]
STATS - lpIterations[1] lagIterations[208] sspIterations[11104] numSeparations[2663] numCuts[0] compileTime[18] sspSolveTime[1304] lpSolveTime[0] lb[29756.7] ub[30656] numArcs: [8653577] numFixed: [0] time: [1350]
STATS - lpIterations[1] lagIterations[225] sspIterations[11847] numSeparations[2977] numCuts[0] compileTime[18] sspSolveTime[1394] lpSolveTime[0] lb[29762.7] ub[30656] numArcs: [8832807] numFixed: [0] time: [1442]
STATS - lpIterations[1] lagIterations[228] sspIterations[12035] numSeparations[2977] numCuts[0] compileTime[18] sspSolveTime[1429] lpSolveTime[0] lb[29796.5] ub[30656] numArcs: [8832615] numFixed: [0] time: [1477]
STATS - lpIterations[1] lagIterations[274] sspIterations[14253] numSeparations[3840] numCuts[0] compileTime[18] sspSolveTime[1728] lpSolveTime[0] lb[29804.9] ub[30656] numArcs: [9304292] numFixed: [0] time: [1783]
STATS - lpIterations[1] lagIterations[310] sspIterations[15901] numSeparations[4377] numCuts[0] compileTime[18] sspSolveTime[1929] lpSolveTime[0] lb[29820.2] ub[30656] numArcs: [9594084] numFixed: [0] time: [1990]
STATS - lpIterations[2] lagIterations[329] sspIterations[16564] numSeparations[4581] numCuts[0] compileTime[18] sspSolveTime[1999] lpSolveTime[0] lb[29820.2] ub[30656] numArcs: [9697399] numFixed: [0] time: [2063]
STATS - lpIterations[2] lagIterations[330] sspIterations[16572] numSeparations[4581] numCuts[0] compileTime[18] sspSolveTime[2000] lpSolveTime[0] lb[29821.6] ub[30656] numArcs: [9697397] numFixed: [0] time: [2064]
