instance upper bound: 11688
compiling DD
time step mult: 100
time step: 9000
cap step: 1
done compiling DD
batch size for lag: 1
iteration delay to start separating: 0
optimality gap to start repairing: 100
percent fixed to change to CPLEX: 97.5
num arcs to change to CPLEX: 100000
num arcs to change to LAG: 999999999
STATS - lpIterations[0] lagIterations[0] sspIterations[0] numSeparations[0] numCuts[0] compileTime[66] sspSolveTime[0] lpSolveTime[0] lb[0] ub[11688] numArcs: [77699131] numFixed: [0] time: [66]
STATS - lpIterations[1] lagIterations[0] sspIterations[0] numSeparations[0] numCuts[0] compileTime[66] sspSolveTime[0] lpSolveTime[0] lb[0] ub[11688] numArcs: [77699131] numFixed: [0] time: [66]
STATS - lpIterations[1] lagIterations[1] sspIterations[1] numSeparations[0] numCuts[0] compileTime[66] sspSolveTime[69] lpSolveTime[0] lb[49.7343] ub[11688] numArcs: [77699129] numFixed: [0] time: [135]
STATS - lpIterations[1] lagIterations[2] sspIterations[2] numSeparations[0] numCuts[0] compileTime[66] sspSolveTime[91] lpSolveTime[0] lb[2879.8] ub[11688] numArcs: [77699129] numFixed: [50496822] time: [211]
STATS - lpIterations[1] lagIterations[3] sspIterations[3] numSeparations[0] numCuts[0] compileTime[66] sspSolveTime[112] lpSolveTime[0] lb[3020.96] ub[11688] numArcs: [77699129] numFixed: [54553177] time: [253]
STATS - lpIterations[1] lagIterations[4] sspIterations[4] numSeparations[0] numCuts[0] compileTime[66] sspSolveTime[133] lpSolveTime[0] lb[3167.61] ub[11688] numArcs: [77699129] numFixed: [54714138] time: [293]
STATS - lpIterations[1] lagIterations[5] sspIterations[5] numSeparations[0] numCuts[0] compileTime[66] sspSolveTime[153] lpSolveTime[0] lb[3319.9] ub[11688] numArcs: [77699129] numFixed: [54882758] time: [332]
STATS - lpIterations[1] lagIterations[6] sspIterations[6] numSeparations[0] numCuts[0] compileTime[66] sspSolveTime[174] lpSolveTime[0] lb[3477.99] ub[11688] numArcs: [77699129] numFixed: [55059049] time: [372]
STATS - lpIterations[1] lagIterations[7] sspIterations[7] numSeparations[0] numCuts[0] compileTime[66] sspSolveTime[195] lpSolveTime[0] lb[3642.05] ub[11688] numArcs: [77699129] numFixed: [55243506] time: [412]
STATS - lpIterations[1] lagIterations[8] sspIterations[8] numSeparations[0] numCuts[0] compileTime[66] sspSolveTime[214] lpSolveTime[0] lb[3812.24] ub[11688] numArcs: [77699129] numFixed: [55435897] time: [449]
STATS - lpIterations[1] lagIterations[9] sspIterations[9] numSeparations[0] numCuts[0] compileTime[66] sspSolveTime[234] lpSolveTime[0] lb[3988.73] ub[11688] numArcs: [77699129] numFixed: [55636239] time: [489]
STATS - lpIterations[1] lagIterations[10] sspIterations[10] numSeparations[0] numCuts[0] compileTime[66] sspSolveTime[254] lpSolveTime[0] lb[4171.7] ub[11688] numArcs: [77699129] numFixed: [55846400] time: [527]
STATS - lpIterations[1] lagIterations[11] sspIterations[11] numSeparations[0] numCuts[0] compileTime[66] sspSolveTime[274] lpSolveTime[0] lb[4361.32] ub[11688] numArcs: [77699129] numFixed: [56066331] time: [565]
STATS - lpIterations[1] lagIterations[12] sspIterations[12] numSeparations[0] numCuts[0] compileTime[66] sspSolveTime[293] lpSolveTime[0] lb[4557.78] ub[11688] numArcs: [77699129] numFixed: [56294567] time: [603]
STATS - lpIterations[1] lagIterations[13] sspIterations[13] numSeparations[0] numCuts[0] compileTime[66] sspSolveTime[312] lpSolveTime[0] lb[4761.25] ub[11688] numArcs: [77699129] numFixed: [56533822] time: [640]
STATS - lpIterations[1] lagIterations[14] sspIterations[14] numSeparations[0] numCuts[0] compileTime[66] sspSolveTime[331] lpSolveTime[0] lb[4971.93] ub[11688] numArcs: [77699129] numFixed: [56783271] time: [676]
STATS - lpIterations[1] lagIterations[15] sspIterations[15] numSeparations[0] numCuts[0] compileTime[66] sspSolveTime[348] lpSolveTime[0] lb[5189.99] ub[11688] numArcs: [77699129] numFixed: [57044114] time: [711]
STATS - lpIterations[1] lagIterations[16] sspIterations[16] numSeparations[0] numCuts[0] compileTime[66] sspSolveTime[366] lpSolveTime[0] lb[5415.65] ub[11688] numArcs: [77699129] numFixed: [57317103] time: [746]
STATS - lpIterations[1] lagIterations[17] sspIterations[17] numSeparations[0] numCuts[0] compileTime[66] sspSolveTime[384] lpSolveTime[0] lb[5649.08] ub[11688] numArcs: [77699129] numFixed: [57601992] time: [781]
STATS - lpIterations[1] lagIterations[18] sspIterations[18] numSeparations[0] numCuts[0] compileTime[66] sspSolveTime[401] lpSolveTime[0] lb[5890.49] ub[11688] numArcs: [77699129] numFixed: [57899526] time: [815]
STATS - lpIterations[1] lagIterations[19] sspIterations[19] numSeparations[0] numCuts[0] compileTime[66] sspSolveTime[417] lpSolveTime[0] lb[6140.09] ub[11688] numArcs: [77699129] numFixed: [58210631] time: [848]
STATS - lpIterations[1] lagIterations[20] sspIterations[20] numSeparations[0] numCuts[0] compileTime[66] sspSolveTime[434] lpSolveTime[0] lb[6398.08] ub[11688] numArcs: [77699129] numFixed: [58535632] time: [881]
STATS - lpIterations[1] lagIterations[21] sspIterations[21] numSeparations[0] numCuts[0] compileTime[66] sspSolveTime[451] lpSolveTime[0] lb[6664.66] ub[11688] numArcs: [77699129] numFixed: [58875619] time: [914]
STATS - lpIterations[1] lagIterations[22] sspIterations[22] numSeparations[0] numCuts[0] compileTime[66] sspSolveTime[467] lpSolveTime[0] lb[6939.16] ub[11688] numArcs: [77699129] numFixed: [59230163] time: [945]
STATS - lpIterations[1] lagIterations[23] sspIterations[23] numSeparations[1] numCuts[0] compileTime[66] sspSolveTime[522] lpSolveTime[0] lb[7214.44] ub[11688] numArcs: [77699796] numFixed: [59601602] time: [1020]
STATS - lpIterations[1] lagIterations[24] sspIterations[26] numSeparations[2] numCuts[0] compileTime[66] sspSolveTime[580] lpSolveTime[0] lb[7501.2] ub[11688] numArcs: [77700255] numFixed: [59974935] time: [1097]
STATS - lpIterations[1] lagIterations[24] sspIterations[26] numSeparations[2] numCuts[0] compileTime[66] sspSolveTime[580] lpSolveTime[0] lb[7501.86] ub[11688] numArcs: [77700255] numFixed: [59974935] time: [1099]
STATS - lpIterations[1] lagIterations[25] sspIterations[30] numSeparations[5] numCuts[0] compileTime[66] sspSolveTime[640] lpSolveTime[0] lb[7683.35] ub[11688] numArcs: [77701805] numFixed: [60376583] time: [1176]
STATS - lpIterations[1] lagIterations[25] sspIterations[30] numSeparations[5] numCuts[0] compileTime[66] sspSolveTime[640] lpSolveTime[0] lb[7694.01] ub[11688] numArcs: [77701805] numFixed: [60376583] time: [1179]
STATS - lpIterations[1] lagIterations[26] sspIterations[31] numSeparations[9] numCuts[0] compileTime[66] sspSolveTime[696] lpSolveTime[0] lb[7916.35] ub[11688] numArcs: [77707212] numFixed: [60705240] time: [1253]
STATS - lpIterations[1] lagIterations[27] sspIterations[38] numSeparations[10] numCuts[0] compileTime[66] sspSolveTime[757] lpSolveTime[0] lb[8179.82] ub[11688] numArcs: [77707977] numFixed: [61024328] time: [1332]
STATS - lpIterations[1] lagIterations[27] sspIterations[38] numSeparations[10] numCuts[0] compileTime[66] sspSolveTime[757] lpSolveTime[0] lb[8205.31] ub[11688] numArcs: [77707977] numFixed: [61024328] time: [1336]
STATS - lpIterations[1] lagIterations[28] sspIterations[40] numSeparations[17] numCuts[0] compileTime[66] sspSolveTime[814] lpSolveTime[0] lb[8291.95] ub[11688] numArcs: [77715400] numFixed: [61448315] time: [1410]
STATS - lpIterations[1] lagIterations[28] sspIterations[40] numSeparations[17] numCuts[0] compileTime[66] sspSolveTime[814] lpSolveTime[0] lb[8292.41] ub[11688] numArcs: [77715400] numFixed: [61448315] time: [1413]
STATS - lpIterations[1] lagIterations[29] sspIterations[62] numSeparations[19] numCuts[0] compileTime[66] sspSolveTime[888] lpSolveTime[0] lb[8463.82] ub[11688] numArcs: [77716470] numFixed: [61601099] time: [1503]
STATS - lpIterations[1] lagIterations[29] sspIterations[62] numSeparations[19] numCuts[0] compileTime[66] sspSolveTime[888] lpSolveTime[0] lb[8549.2] ub[11688] numArcs: [77716470] numFixed: [61601099] time: [1511]
STATS - lpIterations[1] lagIterations[30] sspIterations[67] numSeparations[41] numCuts[0] compileTime[66] sspSolveTime[948] lpSolveTime[0] lb[8592.77] ub[11688] numArcs: [77731511] numFixed: [62000053] time: [1587]
STATS - lpIterations[1] lagIterations[30] sspIterations[67] numSeparations[41] numCuts[0] compileTime[66] sspSolveTime[948] lpSolveTime[0] lb[8600.21] ub[11688] numArcs: [77731511] numFixed: [62000053] time: [1592]
STATS - lpIterations[1] lagIterations[31] sspIterations[82] numSeparations[46] numCuts[0] compileTime[66] sspSolveTime[1014] lpSolveTime[0] lb[8758.19] ub[11688] numArcs: [77734325] numFixed: [62080129] time: [1674]
STATS - lpIterations[1] lagIterations[31] sspIterations[82] numSeparations[46] numCuts[0] compileTime[66] sspSolveTime[1014] lpSolveTime[0] lb[8817.08] ub[11688] numArcs: [77734325] numFixed: [62080129] time: [1681]
STATS - lpIterations[1] lagIterations[32] sspIterations[88] numSeparations[61] numCuts[0] compileTime[66] sspSolveTime[1076] lpSolveTime[0] lb[8893.5] ub[11688] numArcs: [77746137] numFixed: [62430753] time: [1759]
STATS - lpIterations[1] lagIterations[32] sspIterations[88] numSeparations[61] numCuts[0] compileTime[66] sspSolveTime[1076] lpSolveTime[0] lb[8898.45] ub[11688] numArcs: [77746137] numFixed: [62430753] time: [1763]
STATS - lpIterations[1] lagIterations[33] sspIterations[109] numSeparations[67] numCuts[0] compileTime[66] sspSolveTime[1146] lpSolveTime[0] lb[8975.91] ub[11688] numArcs: [77751132] numFixed: [62570928] time: [1849]
STATS - lpIterations[1] lagIterations[33] sspIterations[109] numSeparations[67] numCuts[0] compileTime[66] sspSolveTime[1146] lpSolveTime[0] lb[9042.02] ub[11688] numArcs: [77751132] numFixed: [62570928] time: [1859]
STATS - lpIterations[1] lagIterations[34] sspIterations[117] numSeparations[88] numCuts[0] compileTime[66] sspSolveTime[1206] lpSolveTime[0] lb[9108.46] ub[11688] numArcs: [77767795] numFixed: [62799227] time: [1935]
STATS - lpIterations[1] lagIterations[34] sspIterations[117] numSeparations[88] numCuts[0] compileTime[66] sspSolveTime[1206] lpSolveTime[0] lb[9113.34] ub[11688] numArcs: [77767795] numFixed: [62799227] time: [1941]
STATS - lpIterations[1] lagIterations[35] sspIterations[133] numSeparations[96] numCuts[0] compileTime[66] sspSolveTime[1273] lpSolveTime[0] lb[9227.29] ub[11688] numArcs: [77775859] numFixed: [62908803] time: [2022]
STATS - lpIterations[1] lagIterations[35] sspIterations[133] numSeparations[96] numCuts[0] compileTime[66] sspSolveTime[1273] lpSolveTime[0] lb[9258.34] ub[11688] numArcs: [77775859] numFixed: [62908803] time: [2033]
STATS - lpIterations[1] lagIterations[36] sspIterations[145] numSeparations[112] numCuts[0] compileTime[66] sspSolveTime[1341] lpSolveTime[0] lb[9297.42] ub[11688] numArcs: [77785327] numFixed: [63156725] time: [2117]
STATS - lpIterations[1] lagIterations[36] sspIterations[145] numSeparations[112] numCuts[0] compileTime[66] sspSolveTime[1341] lpSolveTime[0] lb[9342.77] ub[11688] numArcs: [77785327] numFixed: [63156725] time: [2125]
STATS - lpIterations[1] lagIterations[37] sspIterations[155] numSeparations[124] numCuts[0] compileTime[66] sspSolveTime[1404] lpSolveTime[0] lb[9403.69] ub[11688] numArcs: [77793394] numFixed: [63285194] time: [2203]
STATS - lpIterations[1] lagIterations[37] sspIterations[155] numSeparations[124] numCuts[0] compileTime[66] sspSolveTime[1404] lpSolveTime[0] lb[9423.06] ub[11688] numArcs: [77793394] numFixed: [63285194] time: [2211]
STATS - lpIterations[1] lagIterations[38] sspIterations[174] numSeparations[134] numCuts[0] compileTime[66] sspSolveTime[1476] lpSolveTime[0] lb[9483.86] ub[11688] numArcs: [77798877] numFixed: [63423479] time: [2298]
STATS - lpIterations[1] lagIterations[38] sspIterations[174] numSeparations[134] numCuts[0] compileTime[66] sspSolveTime[1476] lpSolveTime[0] lb[9512.3] ub[11688] numArcs: [77798877] numFixed: [63423479] time: [2312]
STATS - lpIterations[1] lagIterations[39] sspIterations[193] numSeparations[153] numCuts[0] compileTime[66] sspSolveTime[1545] lpSolveTime[0] lb[9555.76] ub[11688] numArcs: [77814810] numFixed: [63553382] time: [2406]
STATS - lpIterations[1] lagIterations[40] sspIterations[203] numSeparations[172] numCuts[0] compileTime[66] sspSolveTime[1607] lpSolveTime[0] lb[9593.45] ub[11688] numArcs: [77827352] numFixed: [63645156] time: [2483]
STATS - lpIterations[1] lagIterations[40] sspIterations[203] numSeparations[172] numCuts[0] compileTime[66] sspSolveTime[1607] lpSolveTime[0] lb[9616.24] ub[11688] numArcs: [77827352] numFixed: [63645156] time: [2491]
STATS - lpIterations[1] lagIterations[41] sspIterations[222] numSeparations[182] numCuts[0] compileTime[66] sspSolveTime[1673] lpSolveTime[0] lb[9656.33] ub[11688] numArcs: [77834077] numFixed: [63758851] time: [2571]
STATS - lpIterations[1] lagIterations[41] sspIterations[222] numSeparations[182] numCuts[0] compileTime[66] sspSolveTime[1673] lpSolveTime[0] lb[9683.31] ub[11688] numArcs: [77834077] numFixed: [63758851] time: [2582]
STATS - lpIterations[1] lagIterations[42] sspIterations[237] numSeparations[201] numCuts[0] compileTime[66] sspSolveTime[1737] lpSolveTime[0] lb[9694.95] ub[11688] numArcs: [77847629] numFixed: [63856517] time: [2661]
STATS - lpIterations[1] lagIterations[42] sspIterations[237] numSeparations[201] numCuts[0] compileTime[66] sspSolveTime[1737] lpSolveTime[0] lb[9714.25] ub[11688] numArcs: [77847629] numFixed: [63856517] time: [2671]
STATS - lpIterations[1] lagIterations[43] sspIterations[255] numSeparations[216] numCuts[0] compileTime[66] sspSolveTime[1807] lpSolveTime[0] lb[9729.99] ub[11688] numArcs: [77857558] numFixed: [63899941] time: [2755]
STATS - lpIterations[1] lagIterations[43] sspIterations[255] numSeparations[216] numCuts[0] compileTime[66] sspSolveTime[1807] lpSolveTime[0] lb[9773.75] ub[11688] numArcs: [77857558] numFixed: [63899941] time: [2764]
STATS - lpIterations[1] lagIterations[44] sspIterations[269] numSeparations[234] numCuts[0] compileTime[66] sspSolveTime[1869] lpSolveTime[0] lb[9805.02] ub[11688] numArcs: [77868786] numFixed: [64001221] time: [2841]
STATS - lpIterations[1] lagIterations[44] sspIterations[269] numSeparations[234] numCuts[0] compileTime[66] sspSolveTime[1869] lpSolveTime[0] lb[9824.01] ub[11688] numArcs: [77868786] numFixed: [64001221] time: [2849]
STATS - lpIterations[1] lagIterations[45] sspIterations[285] numSeparations[248] numCuts[0] compileTime[66] sspSolveTime[1934] lpSolveTime[0] lb[9853.93] ub[11688] numArcs: [77879564] numFixed: [64085832] time: [2927]
STATS - lpIterations[1] lagIterations[45] sspIterations[285] numSeparations[248] numCuts[0] compileTime[66] sspSolveTime[1934] lpSolveTime[0] lb[9880.61] ub[11688] numArcs: [77879564] numFixed: [64085832] time: [2938]
STATS - lpIterations[1] lagIterations[46] sspIterations[306] numSeparations[264] numCuts[0] compileTime[66] sspSolveTime[2003] lpSolveTime[0] lb[9895.48] ub[11688] numArcs: [77890278] numFixed: [64180557] time: [3021]
STATS - lpIterations[1] lagIterations[46] sspIterations[306] numSeparations[264] numCuts[0] compileTime[66] sspSolveTime[2003] lpSolveTime[0] lb[9935.85] ub[11688] numArcs: [77890278] numFixed: [64180557] time: [3033]
STATS - lpIterations[1] lagIterations[47] sspIterations[324] numSeparations[285] numCuts[0] compileTime[66] sspSolveTime[2067] lpSolveTime[0] lb[9939.91] ub[11688] numArcs: [77901463] numFixed: [64263165] time: [3112]
STATS - lpIterations[1] lagIterations[47] sspIterations[324] numSeparations[285] numCuts[0] compileTime[66] sspSolveTime[2067] lpSolveTime[0] lb[9954.51] ub[11688] numArcs: [77901463] numFixed: [64263165] time: [3125]
STATS - lpIterations[1] lagIterations[48] sspIterations[340] numSeparations[303] numCuts[0] compileTime[66] sspSolveTime[2134] lpSolveTime[0] lb[9954.85] ub[11688] numArcs: [77914655] numFixed: [64294539] time: [3206]
STATS - lpIterations[1] lagIterations[48] sspIterations[340] numSeparations[303] numCuts[0] compileTime[66] sspSolveTime[2134] lpSolveTime[0] lb[9985.19] ub[11688] numArcs: [77914655] numFixed: [64294539] time: [3215]
STATS - lpIterations[1] lagIterations[49] sspIterations[360] numSeparations[319] numCuts[0] compileTime[66] sspSolveTime[2200] lpSolveTime[0] lb[10018.7] ub[11688] numArcs: [77925398] numFixed: [64359141] time: [3295]
STATS - lpIterations[1] lagIterations[49] sspIterations[360] numSeparations[319] numCuts[0] compileTime[66] sspSolveTime[2200] lpSolveTime[0] lb[10028.6] ub[11688] numArcs: [77925398] numFixed: [64359141] time: [3307]
STATS - lpIterations[1] lagIterations[50] sspIterations[375] numSeparations[339] numCuts[0] compileTime[66] sspSolveTime[2264] lpSolveTime[0] lb[10057.2] ub[11688] numArcs: [77940479] numFixed: [64434213] time: [3395]
STATS - lpIterations[1] lagIterations[51] sspIterations[391] numSeparations[354] numCuts[0] compileTime[66] sspSolveTime[2329] lpSolveTime[0] lb[10081.1] ub[11688] numArcs: [77947843] numFixed: [64471030] time: [3474]
STATS - lpIterations[1] lagIterations[51] sspIterations[391] numSeparations[354] numCuts[0] compileTime[66] sspSolveTime[2329] lpSolveTime[0] lb[10097] ub[11688] numArcs: [77947843] numFixed: [64471030] time: [3484]
STATS - lpIterations[1] lagIterations[52] sspIterations[413] numSeparations[370] numCuts[0] compileTime[66] sspSolveTime[2400] lpSolveTime[0] lb[10129.4] ub[11688] numArcs: [77960395] numFixed: [64545095] time: [3580]
