relax capacity constraint
hgs upper bound: 6067.8
done compiling dd
STATS - lpIterations[1] lagIterations[0] sspIterations[0] numSeparations[0] compileTime[7] sspSolveTime[0] lpSolveTime[0] lb[0] ub[6067.8] size: [25422] time: [7]
STATS - lpIterations[1] lagIterations[1] sspIterations[1] numSeparations[0] compileTime[7] sspSolveTime[0] lpSolveTime[0] lb[0] ub[6067.8] size: [25422] time: [7]
number of fixed arcs: 0
percent fixed arcs: 0
STATS - lpIterations[1] lagIterations[2] sspIterations[2] numSeparations[0] compileTime[7] sspSolveTime[0] lpSolveTime[0] lb[1047.19] ub[6067.8] size: [25422] time: [7]
number of fixed arcs: 0
percent fixed arcs: 0
STATS - lpIterations[1] lagIterations[3] sspIterations[3] numSeparations[0] compileTime[7] sspSolveTime[0] lpSolveTime[0] lb[1099.04] ub[6067.8] size: [25422] time: [8]
number of fixed arcs: 0
percent fixed arcs: 0
STATS - lpIterations[1] lagIterations[4] sspIterations[4] numSeparations[0] compileTime[7] sspSolveTime[0] lpSolveTime[0] lb[1152.91] ub[6067.8] size: [25422] time: [8]
number of fixed arcs: 0
percent fixed arcs: 0
STATS - lpIterations[1] lagIterations[5] sspIterations[5] numSeparations[0] compileTime[7] sspSolveTime[0] lpSolveTime[0] lb[1208.88] ub[6067.8] size: [25422] time: [8]
number of fixed arcs: 0
percent fixed arcs: 0
STATS - lpIterations[1] lagIterations[6] sspIterations[6] numSeparations[0] compileTime[7] sspSolveTime[0] lpSolveTime[0] lb[1267] ub[6067.8] size: [25422] time: [9]
number of fixed arcs: 0
percent fixed arcs: 0
STATS - lpIterations[1] lagIterations[7] sspIterations[7] numSeparations[0] compileTime[7] sspSolveTime[1] lpSolveTime[0] lb[1327.33] ub[6067.8] size: [25422] time: [9]
number of fixed arcs: 0
percent fixed arcs: 0
STATS - lpIterations[1] lagIterations[8] sspIterations[8] numSeparations[0] compileTime[7] sspSolveTime[1] lpSolveTime[0] lb[1389.94] ub[6067.8] size: [25422] time: [10]
number of fixed arcs: 0
percent fixed arcs: 0
STATS - lpIterations[1] lagIterations[9] sspIterations[9] numSeparations[0] compileTime[7] sspSolveTime[1] lpSolveTime[0] lb[1454.89] ub[6067.8] size: [25422] time: [10]
number of fixed arcs: 0
percent fixed arcs: 0
STATS - lpIterations[1] lagIterations[10] sspIterations[10] numSeparations[0] compileTime[7] sspSolveTime[1] lpSolveTime[0] lb[1522.24] ub[6067.8] size: [25422] time: [11]
number of fixed arcs: 0
percent fixed arcs: 0
STATS - lpIterations[1] lagIterations[11] sspIterations[11] numSeparations[0] compileTime[7] sspSolveTime[1] lpSolveTime[0] lb[1592.07] ub[6067.8] size: [25422] time: [11]
number of fixed arcs: 0
percent fixed arcs: 0
STATS - lpIterations[1] lagIterations[12] sspIterations[12] numSeparations[0] compileTime[7] sspSolveTime[1] lpSolveTime[0] lb[1664.44] ub[6067.8] size: [25422] time: [12]
number of fixed arcs: 0
percent fixed arcs: 0
STATS - lpIterations[1] lagIterations[13] sspIterations[13] numSeparations[0] compileTime[7] sspSolveTime[2] lpSolveTime[0] lb[1739.41] ub[6067.8] size: [25422] time: [12]
number of fixed arcs: 0
percent fixed arcs: 0
STATS - lpIterations[1] lagIterations[14] sspIterations[14] numSeparations[0] compileTime[7] sspSolveTime[2] lpSolveTime[0] lb[1817.07] ub[6067.8] size: [25422] time: [12]
number of fixed arcs: 0
percent fixed arcs: 0
STATS - lpIterations[1] lagIterations[15] sspIterations[15] numSeparations[0] compileTime[7] sspSolveTime[2] lpSolveTime[0] lb[1897.47] ub[6067.8] size: [25422] time: [13]
number of fixed arcs: 0
percent fixed arcs: 0
STATS - lpIterations[1] lagIterations[16] sspIterations[16] numSeparations[0] compileTime[7] sspSolveTime[2] lpSolveTime[0] lb[1980.69] ub[6067.8] size: [25422] time: [13]
number of fixed arcs: 0
percent fixed arcs: 0
STATS - lpIterations[1] lagIterations[17] sspIterations[17] numSeparations[0] compileTime[7] sspSolveTime[2] lpSolveTime[0] lb[2066.81] ub[6067.8] size: [25422] time: [14]
number of fixed arcs: 0
percent fixed arcs: 0
STATS - lpIterations[1] lagIterations[18] sspIterations[18] numSeparations[0] compileTime[7] sspSolveTime[2] lpSolveTime[0] lb[2155.89] ub[6067.8] size: [25422] time: [14]
number of fixed arcs: 0
percent fixed arcs: 0
STATS - lpIterations[1] lagIterations[19] sspIterations[19] numSeparations[0] compileTime[7] sspSolveTime[3] lpSolveTime[0] lb[2248.03] ub[6067.8] size: [25422] time: [15]
number of fixed arcs: 0
percent fixed arcs: 0
STATS - lpIterations[1] lagIterations[20] sspIterations[20] numSeparations[0] compileTime[7] sspSolveTime[3] lpSolveTime[0] lb[2343.28] ub[6067.8] size: [25422] time: [15]
number of fixed arcs: 0
percent fixed arcs: 0
STATS - lpIterations[1] lagIterations[21] sspIterations[21] numSeparations[0] compileTime[7] sspSolveTime[3] lpSolveTime[0] lb[2441.74] ub[6067.8] size: [25422] time: [15]
number of fixed arcs: 0
percent fixed arcs: 0
STATS - lpIterations[1] lagIterations[22] sspIterations[22] numSeparations[0] compileTime[7] sspSolveTime[3] lpSolveTime[0] lb[2543.48] ub[6067.8] size: [25422] time: [16]
number of fixed arcs: 0
percent fixed arcs: 0
STATS - lpIterations[1] lagIterations[23] sspIterations[23] numSeparations[0] compileTime[7] sspSolveTime[3] lpSolveTime[0] lb[2648.58] ub[6067.8] size: [25422] time: [16]
number of fixed arcs: 0
percent fixed arcs: 0
STATS - lpIterations[1] lagIterations[24] sspIterations[24] numSeparations[0] compileTime[7] sspSolveTime[4] lpSolveTime[0] lb[2757.13] ub[6067.8] size: [25422] time: [18]
number of fixed arcs: 0
percent fixed arcs: 0
STATS - lpIterations[1] lagIterations[25] sspIterations[25] numSeparations[0] compileTime[7] sspSolveTime[5] lpSolveTime[0] lb[2863.27] ub[6067.8] size: [25422] time: [18]
number of fixed arcs: 0
percent fixed arcs: 0
STATS - lpIterations[1] lagIterations[26] sspIterations[26] numSeparations[0] compileTime[7] sspSolveTime[5] lpSolveTime[0] lb[2943.62] ub[6067.8] size: [25422] time: [19]
number of fixed arcs: 0
percent fixed arcs: 0
STATS - lpIterations[1] lagIterations[27] sspIterations[27] numSeparations[0] compileTime[7] sspSolveTime[5] lpSolveTime[0] lb[3061.37] ub[6067.8] size: [25422] time: [19]
number of fixed arcs: 0
percent fixed arcs: 0
STATS - lpIterations[1] lagIterations[28] sspIterations[29] numSeparations[0] compileTime[7] sspSolveTime[6] lpSolveTime[0] lb[3182.85] ub[6067.8] size: [25422] time: [21]
STATS - lpIterations[1] lagIterations[29] sspIterations[30] numSeparations[0] compileTime[7] sspSolveTime[7] lpSolveTime[0] lb[3290.4] ub[6067.8] size: [25422] time: [21]
number of fixed arcs: 0
percent fixed arcs: 0
STATS - lpIterations[1] lagIterations[30] sspIterations[32] numSeparations[0] compileTime[7] sspSolveTime[8] lpSolveTime[0] lb[3350.35] ub[6067.8] size: [25422] time: [23]
STATS - lpIterations[1] lagIterations[31] sspIterations[33] numSeparations[0] compileTime[7] sspSolveTime[9] lpSolveTime[0] lb[3436.3] ub[6067.8] size: [25422] time: [24]
number of fixed arcs: 0
percent fixed arcs: 0
STATS - lpIterations[1] lagIterations[32] sspIterations[35] numSeparations[0] compileTime[7] sspSolveTime[11] lpSolveTime[0] lb[3481.73] ub[6067.8] size: [25422] time: [26]
STATS - lpIterations[1] lagIterations[33] sspIterations[36] numSeparations[0] compileTime[7] sspSolveTime[12] lpSolveTime[0] lb[3588.03] ub[6067.8] size: [25422] time: [27]
STATS - lpIterations[1] lagIterations[34] sspIterations[37] numSeparations[0] compileTime[7] sspSolveTime[12] lpSolveTime[0] lb[3615.58] ub[6067.8] size: [25422] time: [28]
STATS - lpIterations[1] lagIterations[35] sspIterations[40] numSeparations[0] compileTime[7] sspSolveTime[15] lpSolveTime[0] lb[3687.81] ub[6067.8] size: [25422] time: [30]
STATS - lpIterations[1] lagIterations[36] sspIterations[41] numSeparations[0] compileTime[7] sspSolveTime[16] lpSolveTime[0] lb[3768.57] ub[6067.8] size: [25422] time: [32]
number of fixed arcs: 0
percent fixed arcs: 0
STATS - lpIterations[1] lagIterations[37] sspIterations[43] numSeparations[0] compileTime[7] sspSolveTime[17] lpSolveTime[0] lb[3807.02] ub[6067.8] size: [25422] time: [33]
STATS - lpIterations[1] lagIterations[38] sspIterations[46] numSeparations[0] compileTime[7] sspSolveTime[20] lpSolveTime[0] lb[3879.52] ub[6067.8] size: [25422] time: [36]
STATS - lpIterations[1] lagIterations[39] sspIterations[47] numSeparations[0] compileTime[7] sspSolveTime[22] lpSolveTime[0] lb[3938.21] ub[6067.8] size: [25422] time: [38]
STATS - lpIterations[1] lagIterations[40] sspIterations[50] numSeparations[0] compileTime[7] sspSolveTime[25] lpSolveTime[0] lb[3969.49] ub[6067.8] size: [25422] time: [41]
STATS - lpIterations[1] lagIterations[41] sspIterations[52] numSeparations[0] compileTime[7] sspSolveTime[28] lpSolveTime[0] lb[4016.45] ub[6067.8] size: [25422] time: [44]
STATS - lpIterations[1] lagIterations[42] sspIterations[56] numSeparations[0] compileTime[7] sspSolveTime[32] lpSolveTime[0] lb[4045.44] ub[6067.8] size: [25422] time: [48]
STATS - lpIterations[1] lagIterations[43] sspIterations[57] numSeparations[0] compileTime[7] sspSolveTime[34] lpSolveTime[0] lb[4093.22] ub[6067.8] size: [25422] time: [50]
STATS - lpIterations[1] lagIterations[44] sspIterations[61] numSeparations[0] compileTime[7] sspSolveTime[38] lpSolveTime[0] lb[4119.1] ub[6067.8] size: [25422] time: [54]
STATS - lpIterations[1] lagIterations[45] sspIterations[63] numSeparations[0] compileTime[7] sspSolveTime[41] lpSolveTime[0] lb[4184.28] ub[6067.8] size: [25422] time: [57]
STATS - lpIterations[1] lagIterations[46] sspIterations[66] numSeparations[0] compileTime[7] sspSolveTime[44] lpSolveTime[0] lb[4229.88] ub[6067.8] size: [25422] time: [60]
STATS - lpIterations[1] lagIterations[47] sspIterations[69] numSeparations[0] compileTime[7] sspSolveTime[49] lpSolveTime[0] lb[4253.16] ub[6067.8] size: [25422] time: [66]
STATS - lpIterations[1] lagIterations[48] sspIterations[72] numSeparations[0] compileTime[7] sspSolveTime[56] lpSolveTime[0] lb[4295.99] ub[6067.8] size: [25422] time: [73]
STATS - lpIterations[1] lagIterations[49] sspIterations[74] numSeparations[0] compileTime[7] sspSolveTime[60] lpSolveTime[0] lb[4314.66] ub[6067.8] size: [25422] time: [77]
STATS - lpIterations[1] lagIterations[50] sspIterations[79] numSeparations[0] compileTime[7] sspSolveTime[68] lpSolveTime[0] lb[4350.32] ub[6067.8] size: [25422] time: [84]
STATS - lpIterations[1] lagIterations[51] sspIterations[84] numSeparations[0] compileTime[7] sspSolveTime[74] lpSolveTime[0] lb[4386.65] ub[6067.8] size: [25422] time: [90]
STATS - lpIterations[1] lagIterations[52] sspIterations[87] numSeparations[0] compileTime[7] sspSolveTime[78] lpSolveTime[0] lb[4416.02] ub[6067.8] size: [25422] time: [95]
STATS - lpIterations[1] lagIterations[53] sspIterations[91] numSeparations[0] compileTime[7] sspSolveTime[85] lpSolveTime[0] lb[4443.63] ub[6067.8] size: [25422] time: [102]
STATS - lpIterations[1] lagIterations[54] sspIterations[96] numSeparations[0] compileTime[7] sspSolveTime[92] lpSolveTime[0] lb[4474.88] ub[6067.8] size: [25422] time: [109]
STATS - lpIterations[1] lagIterations[55] sspIterations[100] numSeparations[0] compileTime[7] sspSolveTime[99] lpSolveTime[0] lb[4514] ub[6067.8] size: [25422] time: [116]
STATS - lpIterations[1] lagIterations[56] sspIterations[102] numSeparations[0] compileTime[7] sspSolveTime[101] lpSolveTime[0] lb[4536.32] ub[6067.8] size: [25422] time: [119]
STATS - lpIterations[1] lagIterations[57] sspIterations[109] numSeparations[0] compileTime[7] sspSolveTime[112] lpSolveTime[0] lb[4556.85] ub[6067.8] size: [25422] time: [129]
STATS - lpIterations[1] lagIterations[58] sspIterations[114] numSeparations[0] compileTime[7] sspSolveTime[119] lpSolveTime[0] lb[4578.2] ub[6067.8] size: [25422] time: [136]
STATS - lpIterations[1] lagIterations[59] sspIterations[119] numSeparations[0] compileTime[7] sspSolveTime[126] lpSolveTime[0] lb[4624.03] ub[6067.8] size: [25422] time: [143]
STATS - lpIterations[1] lagIterations[60] sspIterations[124] numSeparations[0] compileTime[7] sspSolveTime[133] lpSolveTime[0] lb[4645.45] ub[6067.8] size: [25422] time: [151]
STATS - lpIterations[1] lagIterations[61] sspIterations[128] numSeparations[0] compileTime[7] sspSolveTime[139] lpSolveTime[0] lb[4671.81] ub[6067.8] size: [25422] time: [157]
STATS - lpIterations[1] lagIterations[63] sspIterations[143] numSeparations[49] compileTime[7] sspSolveTime[165] lpSolveTime[0] lb[4699.46] ub[6067.8] size: [25500] time: [183]
STATS - lpIterations[1] lagIterations[64] sspIterations[149] numSeparations[49] compileTime[7] sspSolveTime[172] lpSolveTime[0] lb[4744.22] ub[6067.8] size: [25500] time: [189]
infeas time window, separate 298 329.8
STATS - lpIterations[1] lagIterations[65] sspIterations[152] numSeparations[49] compileTime[7] sspSolveTime[174] lpSolveTime[0] lb[4754.59] ub[6067.8] size: [25500] time: [192]
STATS - lpIterations[1] lagIterations[67] sspIterations[172] numSeparations[49] compileTime[7] sspSolveTime[205] lpSolveTime[0] lb[4778.92] ub[6067.8] size: [25500] time: [223]
STATS - lpIterations[1] lagIterations[68] sspIterations[179] numSeparations[49] compileTime[7] sspSolveTime[212] lpSolveTime[0] lb[4822.39] ub[6067.8] size: [25500] time: [230]
STATS - lpIterations[1] lagIterations[69] sspIterations[184] numSeparations[49] compileTime[7] sspSolveTime[216] lpSolveTime[0] lb[4835.61] ub[6067.8] size: [25500] time: [234]
STATS - lpIterations[1] lagIterations[70] sspIterations[191] numSeparations[49] compileTime[7] sspSolveTime[226] lpSolveTime[0] lb[4859.56] ub[6067.8] size: [25500] time: [245]
STATS - lpIterations[1] lagIterations[71] sspIterations[198] numSeparations[49] compileTime[7] sspSolveTime[236] lpSolveTime[0] lb[4867.31] ub[6067.8] size: [25500] time: [255]
STATS - lpIterations[1] lagIterations[72] sspIterations[202] numSeparations[49] compileTime[7] sspSolveTime[242] lpSolveTime[0] lb[4890.47] ub[6067.8] size: [25500] time: [261]
infeas time window, separate 298 336.3
STATS - lpIterations[1] lagIterations[74] sspIterations[216] numSeparations[49] compileTime[7] sspSolveTime[259] lpSolveTime[0] lb[4906.05] ub[6067.8] size: [25500] time: [278]
STATS - lpIterations[1] lagIterations[76] sspIterations[235] numSeparations[49] compileTime[7] sspSolveTime[289] lpSolveTime[0] lb[4941.76] ub[6067.8] size: [25500] time: [308]
new state not feasible
STATS - lpIterations[1] lagIterations[78] sspIterations[249] numSeparations[99] compileTime[7] sspSolveTime[314] lpSolveTime[0] lb[4973.26] ub[6067.8] size: [25561] time: [333]
STATS - lpIterations[1] lagIterations[79] sspIterations[255] numSeparations[99] compileTime[7] sspSolveTime[320] lpSolveTime[0] lb[4993.46] ub[6067.8] size: [25561] time: [339]
STATS - lpIterations[1] lagIterations[81] sspIterations[267] numSeparations[99] compileTime[7] sspSolveTime[334] lpSolveTime[0] lb[5010.21] ub[6067.8] size: [25561] time: [353]
infeas time window, separate 298 340.1
infeas time window, separate 298 326
STATS - lpIterations[1] lagIterations[83] sspIterations[285] numSeparations[99] compileTime[7] sspSolveTime[352] lpSolveTime[0] lb[5034.38] ub[6067.8] size: [25561] time: [371]
STATS - lpIterations[1] lagIterations[85] sspIterations[300] numSeparations[99] compileTime[7] sspSolveTime[374] lpSolveTime[0] lb[5054.86] ub[6067.8] size: [25561] time: [393]
STATS - lpIterations[1] lagIterations[87] sspIterations[315] numSeparations[99] compileTime[7] sspSolveTime[393] lpSolveTime[0] lb[5077.04] ub[6067.8] size: [25561] time: [413]
STATS - lpIterations[1] lagIterations[88] sspIterations[324] numSeparations[99] compileTime[7] sspSolveTime[402] lpSolveTime[0] lb[5091.33] ub[6067.8] size: [25561] time: [422]
STATS - lpIterations[1] lagIterations[89] sspIterations[333] numSeparations[99] compileTime[7] sspSolveTime[413] lpSolveTime[0] lb[5095.98] ub[6067.8] size: [25561] time: [433]
STATS - lpIterations[1] lagIterations[90] sspIterations[338] numSeparations[99] compileTime[7] sspSolveTime[421] lpSolveTime[0] lb[5109.82] ub[6067.8] size: [25561] time: [440]
new state not feasible
new state not feasible
STATS - lpIterations[1] lagIterations[92] sspIterations[353] numSeparations[157] compileTime[7] sspSolveTime[438] lpSolveTime[0] lb[5121.46] ub[6067.8] size: [25638] time: [458]
STATS - lpIterations[1] lagIterations[93] sspIterations[361] numSeparations[157] compileTime[7] sspSolveTime[444] lpSolveTime[0] lb[5124.8] ub[6067.8] size: [25638] time: [464]
infeas time window, separate 298 336.3
STATS - lpIterations[1] lagIterations[95] sspIterations[374] numSeparations[157] compileTime[7] sspSolveTime[457] lpSolveTime[0] lb[5135.8] ub[6067.8] size: [25638] time: [478]
STATS - lpIterations[1] lagIterations[97] sspIterations[394] numSeparations[157] compileTime[7] sspSolveTime[477] lpSolveTime[0] lb[5152.26] ub[6067.8] size: [25638] time: [497]
STATS - lpIterations[1] lagIterations[99] sspIterations[413] numSeparations[157] compileTime[7] sspSolveTime[496] lpSolveTime[0] lb[5170.67] ub[6067.8] size: [25638] time: [517]
STATS - lpIterations[1] lagIterations[101] sspIterations[432] numSeparations[157] compileTime[7] sspSolveTime[517] lpSolveTime[0] lb[5189.76] ub[6067.8] size: [25638] time: [538]
infeas time window, separate 298 336.3
STATS - lpIterations[1] lagIterations[103] sspIterations[446] numSeparations[157] compileTime[7] sspSolveTime[528] lpSolveTime[0] lb[5198.65] ub[6067.8] size: [25638] time: [549]
STATS - lpIterations[1] lagIterations[104] sspIterations[451] numSeparations[157] compileTime[7] sspSolveTime[535] lpSolveTime[0] lb[5205.48] ub[6067.8] size: [25638] time: [556]
STATS - lpIterations[1] lagIterations[106] sspIterations[473] numSeparations[210] compileTime[7] sspSolveTime[561] lpSolveTime[0] lb[5218] ub[6067.8] size: [25711] time: [582]
STATS - lpIterations[1] lagIterations[108] sspIterations[487] numSeparations[210] compileTime[7] sspSolveTime[574] lpSolveTime[0] lb[5231.02] ub[6067.8] size: [25711] time: [596]
STATS - lpIterations[1] lagIterations[109] sspIterations[496] numSeparations[210] compileTime[7] sspSolveTime[585] lpSolveTime[0] lb[5235.86] ub[6067.8] size: [25711] time: [607]
STATS - lpIterations[1] lagIterations[110] sspIterations[501] numSeparations[210] compileTime[7] sspSolveTime[590] lpSolveTime[0] lb[5237.87] ub[6067.8] size: [25711] time: [611]
infeas time window, separate 298 326
STATS - lpIterations[1] lagIterations[112] sspIterations[518] numSeparations[210] compileTime[7] sspSolveTime[607] lpSolveTime[0] lb[5254.79] ub[6067.8] size: [25711] time: [629]
STATS - lpIterations[1] lagIterations[114] sspIterations[536] numSeparations[210] compileTime[7] sspSolveTime[622] lpSolveTime[0] lb[5262.72] ub[6067.8] size: [25711] time: [644]
STATS - lpIterations[1] lagIterations[116] sspIterations[553] numSeparations[210] compileTime[7] sspSolveTime[640] lpSolveTime[0] lb[5271] ub[6067.8] size: [25711] time: [662]
STATS - lpIterations[1] lagIterations[117] sspIterations[559] numSeparations[210] compileTime[7] sspSolveTime[645] lpSolveTime[0] lb[5271.58] ub[6067.8] size: [25711] time: [667]
STATS - lpIterations[1] lagIterations[118] sspIterations[569] numSeparations[277] compileTime[7] sspSolveTime[655] lpSolveTime[0] lb[5280.98] ub[6067.8] size: [25789] time: [677]
infeas time window, separate 298 336.3
STATS - lpIterations[1] lagIterations[119] sspIterations[575] numSeparations[277] compileTime[7] sspSolveTime[658] lpSolveTime[0] lb[5288.83] ub[6067.8] size: [25789] time: [681]
STATS - lpIterations[1] lagIterations[121] sspIterations[594] numSeparations[277] compileTime[7] sspSolveTime[678] lpSolveTime[0] lb[5296.27] ub[6067.8] size: [25789] time: [700]
STATS - lpIterations[1] lagIterations[122] sspIterations[602] numSeparations[277] compileTime[7] sspSolveTime[682] lpSolveTime[0] lb[5305.69] ub[6067.8] size: [25789] time: [705]
STATS - lpIterations[1] lagIterations[124] sspIterations[622] numSeparations[277] compileTime[7] sspSolveTime[706] lpSolveTime[0] lb[5307.37] ub[6067.8] size: [25789] time: [728]
STATS - lpIterations[1] lagIterations[127] sspIterations[648] numSeparations[277] compileTime[7] sspSolveTime[726] lpSolveTime[0] lb[5331.04] ub[6067.8] size: [25789] time: [749]
STATS - lpIterations[1] lagIterations[128] sspIterations[658] numSeparations[277] compileTime[7] sspSolveTime[735] lpSolveTime[0] lb[5332.79] ub[6067.8] size: [25789] time: [758]
new state not feasible
new state not feasible
STATS - lpIterations[1] lagIterations[130] sspIterations[672] numSeparations[352] compileTime[7] sspSolveTime[749] lpSolveTime[0] lb[5338.53] ub[6067.8] size: [25883] time: [772]
STATS - lpIterations[1] lagIterations[132] sspIterations[694] numSeparations[352] compileTime[7] sspSolveTime[768] lpSolveTime[0] lb[5348.62] ub[6067.8] size: [25883] time: [792]
STATS - lpIterations[1] lagIterations[134] sspIterations[711] numSeparations[352] compileTime[7] sspSolveTime[786] lpSolveTime[0] lb[5356.82] ub[6067.8] size: [25883] time: [809]
STATS - lpIterations[1] lagIterations[136] sspIterations[736] numSeparations[352] compileTime[7] sspSolveTime[817] lpSolveTime[0] lb[5368.09] ub[6067.8] size: [25883] time: [841]
STATS - lpIterations[1] lagIterations[138] sspIterations[752] numSeparations[352] compileTime[7] sspSolveTime[833] lpSolveTime[0] lb[5369] ub[6067.8] size: [25883] time: [857]
STATS - lpIterations[1] lagIterations[140] sspIterations[769] numSeparations[352] compileTime[7] sspSolveTime[848] lpSolveTime[0] lb[5382.3] ub[6067.8] size: [25883] time: [872]
STATS - lpIterations[1] lagIterations[142] sspIterations[786] numSeparations[429] compileTime[7] sspSolveTime[862] lpSolveTime[0] lb[5386.25] ub[6067.8] size: [25975] time: [886]
STATS - lpIterations[1] lagIterations[143] sspIterations[793] numSeparations[429] compileTime[7] sspSolveTime[868] lpSolveTime[0] lb[5394.95] ub[6067.8] size: [25975] time: [893]
infeas time window, separate 535 821.1
STATS - lpIterations[1] lagIterations[145] sspIterations[815] numSeparations[429] compileTime[7] sspSolveTime[893] lpSolveTime[0] lb[5397.58] ub[6067.8] size: [25975] time: [917]
STATS - lpIterations[1] lagIterations[148] sspIterations[840] numSeparations[429] compileTime[7] sspSolveTime[914] lpSolveTime[0] lb[5407.56] ub[6067.8] size: [25975] time: [939]
STATS - lpIterations[1] lagIterations[150] sspIterations[860] numSeparations[429] compileTime[7] sspSolveTime[939] lpSolveTime[0] lb[5412.26] ub[6067.8] size: [25975] time: [964]
STATS - lpIterations[1] lagIterations[151] sspIterations[869] numSeparations[429] compileTime[7] sspSolveTime[947] lpSolveTime[0] lb[5416.5] ub[6067.8] size: [25975] time: [972]
new state not feasible
STATS - lpIterations[1] lagIterations[154] sspIterations[898] numSeparations[509] compileTime[7] sspSolveTime[985] lpSolveTime[0] lb[5421.25] ub[6067.8] size: [26074] time: [1010]
infeas time window, separate 298 336.3
STATS - lpIterations[1] lagIterations[157] sspIterations[924] numSeparations[509] compileTime[7] sspSolveTime[1008] lpSolveTime[0] lb[5431.45] ub[6067.8] size: [26074] time: [1033]
infeas time window, separate 387 405.3
infeas time window, separate 292 626.4
infeas time window, separate 310 928.9
STATS - lpIterations[1] lagIterations[159] sspIterations[949] numSeparations[509] compileTime[7] sspSolveTime[1039] lpSolveTime[0] lb[5435.25] ub[6067.8] size: [26074] time: [1064]
STATS - lpIterations[1] lagIterations[161] sspIterations[967] numSeparations[509] compileTime[7] sspSolveTime[1059] lpSolveTime[0] lb[5446.28] ub[6067.8] size: [26074] time: [1085]
STATS - lpIterations[1] lagIterations[163] sspIterations[987] numSeparations[509] compileTime[7] sspSolveTime[1081] lpSolveTime[0] lb[5447.82] ub[6067.8] size: [26074] time: [1107]
STATS - lpIterations[1] lagIterations[164] sspIterations[994] numSeparations[509] compileTime[7] sspSolveTime[1091] lpSolveTime[0] lb[5448.03] ub[6067.8] size: [26074] time: [1117]
STATS - lpIterations[1] lagIterations[166] sspIterations[1017] numSeparations[586] compileTime[7] sspSolveTime[1117] lpSolveTime[0] lb[5453.8] ub[6067.8] size: [26162] time: [1143]
STATS - lpIterations[1] lagIterations[168] sspIterations[1045] numSeparations[586] compileTime[7] sspSolveTime[1149] lpSolveTime[0] lb[5459.41] ub[6067.8] size: [26162] time: [1175]
STATS - lpIterations[1] lagIterations[170] sspIterations[1062] numSeparations[586] compileTime[7] sspSolveTime[1167] lpSolveTime[0] lb[5463.32] ub[6067.8] size: [26162] time: [1194]
infeas time window, separate 535 727.8
STATS - lpIterations[1] lagIterations[172] sspIterations[1082] numSeparations[586] compileTime[7] sspSolveTime[1187] lpSolveTime[0] lb[5471.73] ub[6067.8] size: [26162] time: [1213]
infeas time window, separate 178 207.1
STATS - lpIterations[1] lagIterations[173] sspIterations[1089] numSeparations[586] compileTime[7] sspSolveTime[1196] lpSolveTime[0] lb[5476.49] ub[6067.8] size: [26162] time: [1222]
STATS - lpIterations[1] lagIterations[175] sspIterations[1110] numSeparations[666] compileTime[7] sspSolveTime[1214] lpSolveTime[0] lb[5481.09] ub[6067.8] size: [26240] time: [1241]
STATS - lpIterations[1] lagIterations[179] sspIterations[1152] numSeparations[666] compileTime[7] sspSolveTime[1268] lpSolveTime[0] lb[5483.02] ub[6067.8] size: [26240] time: [1296]
infeas time window, separate 349 590.9
infeas time window, separate 349 986
STATS - lpIterations[1] lagIterations[181] sspIterations[1176] numSeparations[666] compileTime[7] sspSolveTime[1299] lpSolveTime[0] lb[5488.59] ub[6067.8] size: [26240] time: [1326]
infeas time window, separate 310 629.8
STATS - lpIterations[1] lagIterations[183] sspIterations[1194] numSeparations[666] compileTime[7] sspSolveTime[1318] lpSolveTime[0] lb[5491.65] ub[6067.8] size: [26240] time: [1345]
STATS - lpIterations[1] lagIterations[185] sspIterations[1213] numSeparations[666] compileTime[7] sspSolveTime[1337] lpSolveTime[0] lb[5494.83] ub[6067.8] size: [26240] time: [1364]
infeas time window, separate 385 915.8
STATS - lpIterations[1] lagIterations[188] sspIterations[1250] numSeparations[752] compileTime[7] sspSolveTime[1379] lpSolveTime[0] lb[5501.37] ub[6067.8] size: [26303] time: [1407]
STATS - lpIterations[1] lagIterations[189] sspIterations[1256] numSeparations[752] compileTime[7] sspSolveTime[1386] lpSolveTime[0] lb[5505.42] ub[6067.8] size: [26303] time: [1414]
STATS - lpIterations[1] lagIterations[191] sspIterations[1278] numSeparations[752] compileTime[7] sspSolveTime[1408] lpSolveTime[0] lb[5515.65] ub[6067.8] size: [26303] time: [1436]
STATS - lpIterations[1] lagIterations[196] sspIterations[1329] numSeparations[844] compileTime[7] sspSolveTime[1468] lpSolveTime[0] lb[5517.51] ub[6067.8] size: [26395] time: [1497]
infeas time window, separate 510 915.2
STATS - lpIterations[1] lagIterations[198] sspIterations[1349] numSeparations[844] compileTime[7] sspSolveTime[1491] lpSolveTime[0] lb[5523.67] ub[6067.8] size: [26395] time: [1519]
infeas time window, separate 349 632.2
STATS - lpIterations[1] lagIterations[203] sspIterations[1403] numSeparations[844] compileTime[7] sspSolveTime[1553] lpSolveTime[0] lb[5528.96] ub[6067.8] size: [26395] time: [1582]
STATS - lpIterations[1] lagIterations[205] sspIterations[1422] numSeparations[844] compileTime[7] sspSolveTime[1576] lpSolveTime[0] lb[5531.66] ub[6067.8] size: [26395] time: [1605]
new state not feasible
new state not feasible
STATS - lpIterations[1] lagIterations[207] sspIterations[1440] numSeparations[933] compileTime[7] sspSolveTime[1592] lpSolveTime[0] lb[5533.07] ub[6067.8] size: [26472] time: [1622]
STATS - lpIterations[1] lagIterations[209] sspIterations[1460] numSeparations[933] compileTime[7] sspSolveTime[1621] lpSolveTime[0] lb[5541.97] ub[6067.8] size: [26472] time: [1651]
STATS - lpIterations[1] lagIterations[211] sspIterations[1481] numSeparations[933] compileTime[7] sspSolveTime[1646] lpSolveTime[0] lb[5545.72] ub[6067.8] size: [26472] time: [1676]
infeas time window, separate 292 644
STATS - lpIterations[1] lagIterations[213] sspIterations[1507] numSeparations[933] compileTime[7] sspSolveTime[1680] lpSolveTime[0] lb[5546.47] ub[6067.8] size: [26472] time: [1710]
STATS - lpIterations[1] lagIterations[215] sspIterations[1524] numSeparations[933] compileTime[7] sspSolveTime[1701] lpSolveTime[0] lb[5550.94] ub[6067.8] size: [26472] time: [1732]
STATS - lpIterations[1] lagIterations[217] sspIterations[1555] numSeparations[1019] compileTime[7] sspSolveTime[1741] lpSolveTime[0] lb[5556.17] ub[6067.8] size: [26546] time: [1772]
infeas time window, separate 440 467.6
infeas time window, separate 292 688.3
infeas time window, separate 741 828.1
infeas time window, separate 535 787.6
STATS - lpIterations[1] lagIterations[223] sspIterations[1610] numSeparations[1019] compileTime[7] sspSolveTime[1801] lpSolveTime[0] lb[5565.92] ub[6067.8] size: [26546] time: [1832]
STATS - lpIterations[1] lagIterations[225] sspIterations[1634] numSeparations[1019] compileTime[7] sspSolveTime[1831] lpSolveTime[0] lb[5566.26] ub[6067.8] size: [26546] time: [1862]
infeas time window, separate 292 688.3
STATS - lpIterations[1] lagIterations[227] sspIterations[1653] numSeparations[1019] compileTime[7] sspSolveTime[1853] lpSolveTime[0] lb[5574.9] ub[6067.8] size: [26546] time: [1884]
infeas time window, separate 440 457.3
new state not feasible
new state not feasible
new state not feasible
infeas time window, separate 339 653.5
STATS - lpIterations[1] lagIterations[231] sspIterations[1696] numSeparations[1102] compileTime[7] sspSolveTime[1899] lpSolveTime[0] lb[5575.54] ub[6067.8] size: [26611] time: [1931]
infeas time window, separate 510 781
infeas time window, separate 406 432.1
infeas time window, separate 385 948.4
STATS - lpIterations[1] lagIterations[234] sspIterations[1737] numSeparations[1102] compileTime[7] sspSolveTime[1950] lpSolveTime[0] lb[5578.49] ub[6067.8] size: [26611] time: [1982]
STATS - lpIterations[1] lagIterations[236] sspIterations[1762] numSeparations[1102] compileTime[7] sspSolveTime[1982] lpSolveTime[0] lb[5584.15] ub[6067.8] size: [26611] time: [2014]
infeas time window, separate 349 676.5
infeas time window, separate 440 539.4
infeas time window, separate 349 746.5
STATS - lpIterations[1] lagIterations[241] sspIterations[1822] numSeparations[1190] compileTime[7] sspSolveTime[2050] lpSolveTime[0] lb[5588.33] ub[6067.8] size: [26667] time: [2083]
infeas time window, separate 440 539.4
infeas time window, separate 510 655.1
STATS - lpIterations[1] lagIterations[243] sspIterations[1840] numSeparations[1190] compileTime[7] sspSolveTime[2072] lpSolveTime[0] lb[5595.55] ub[6067.8] size: [26667] time: [2105]
infeas time window, separate 283 586.7
infeas time window, separate 289 802.9
infeas time window, separate 349 933.1
new state not feasible
infeas time window, separate 535 621.3
infeas time window, separate 437 731.2
STATS - lpIterations[1] lagIterations[248] sspIterations[1899] numSeparations[1274] compileTime[7] sspSolveTime[2141] lpSolveTime[0] lb[5597.32] ub[6067.8] size: [26731] time: [2175]
infeas time window, separate 339 653.7
infeas time window, separate 385 730.7
STATS - lpIterations[1] lagIterations[250] sspIterations[1918] numSeparations[1274] compileTime[7] sspSolveTime[2163] lpSolveTime[0] lb[5600.68] ub[6067.8] size: [26731] time: [2196]
infeas time window, separate 535 807.4
infeas time window, separate 283 745.6
infeas time window, separate 310 654.7
new state not feasible
new state not feasible
infeas time window, separate 349 365.6
STATS - lpIterations[1] lagIterations[258] sspIterations[2009] numSeparations[1369] compileTime[7] sspSolveTime[2275] lpSolveTime[0] lb[5605.28] ub[6067.8] size: [26795] time: [2309]
infeas time window, separate 535 684.9
infeas time window, separate 437 449.8
STATS - lpIterations[1] lagIterations[261] sspIterations[2063] numSeparations[1369] compileTime[7] sspSolveTime[2354] lpSolveTime[0] lb[5609.02] ub[6067.8] size: [26795] time: [2388]
infeas time window, separate 349 676.5
infeas time window, separate 302 761.1
STATS - lpIterations[1] lagIterations[263] sspIterations[2082] numSeparations[1369] compileTime[7] sspSolveTime[2377] lpSolveTime[0] lb[5618.98] ub[6067.8] size: [26795] time: [2412]
new state not feasible
new state not feasible
infeas time window, separate 489 700.4
infeas time window, separate 339 913
infeas time window, separate 510 831.7
infeas time window, separate 510 656
infeas time window, separate 349 885.9
infeas time window, separate 289 740.9
STATS - lpIterations[1] lagIterations[272] sspIterations[2191] numSeparations[1453] compileTime[7] sspSolveTime[2515] lpSolveTime[0] lb[5619.3] ub[6067.8] size: [26857] time: [2551]
infeas time window, separate 510 807.8
infeas time window, separate 741 860.2
infeas time window, separate 486 803.9
STATS - lpIterations[1] lagIterations[274] sspIterations[2222] numSeparations[1453] compileTime[7] sspSolveTime[2558] lpSolveTime[0] lb[5622.51] ub[6067.8] size: [26857] time: [2593]
infeas time window, separate 486 832.4
infeas time window, separate 289 776.1
new state not feasible
new state not feasible
infeas time window, separate 437 703.2
STATS - lpIterations[1] lagIterations[276] sspIterations[2240] numSeparations[1544] compileTime[7] sspSolveTime[2576] lpSolveTime[0] lb[5623.2] ub[6067.8] size: [26903] time: [2612]
infeas time window, separate 289 802.9
infeas time window, separate 489 924.8
infeas time window, separate 486 652.3
infeas time window, separate 510 673.6
infeas time window, separate 437 705.7
infeas time window, separate 535 654.9
infeas time window, separate 741 901.7
infeas time window, separate 310 645.1
infeas time window, separate 486 837.8
infeas time window, separate 349 935.1
new state not feasible
new state not feasible
infeas time window, separate 349 676.5
infeas time window, separate 289 497.2
infeas time window, separate 227 698.9
STATS - lpIterations[1] lagIterations[289] sspIterations[2391] numSeparations[1637] compileTime[7] sspSolveTime[2749] lpSolveTime[0] lb[5631.61] ub[6067.8] size: [26961] time: [2786]
infeas time window, separate 510 673.6
infeas time window, separate 437 814
infeas time window, separate 283 807.2
infeas time window, separate 289 511.9
infeas time window, separate 227 698.9
infeas time window, separate 440 879.8
infeas time window, separate 292 688.3
infeas time window, separate 510 673.6
infeas time window, separate 289 801.5
infeas time window, separate 486 801.9
infeas time window, separate 741 790
STATS - lpIterations[1] lagIterations[296] sspIterations[2473] numSeparations[1637] compileTime[7] sspSolveTime[2840] lpSolveTime[0] lb[5633.69] ub[6067.8] size: [26961] time: [2877]
infeas time window, separate 510 671.3
infeas time window, separate 289 791.8
new state not feasible
new state not feasible
new state not feasible
new state not feasible
infeas time window, separate 489 490.5
infeas time window, separate 227 732.7
STATS - lpIterations[1] lagIterations[299] sspIterations[2501] numSeparations[1723] compileTime[7] sspSolveTime[2867] lpSolveTime[0] lb[5638.7] ub[6067.8] size: [27013] time: [2905]
infeas time window, separate 283 807.2
infeas time window, separate 486 773.1
infeas time window, separate 227 621.4
infeas time window, separate 289 725
infeas time window, separate 283 807.2
infeas time window, separate 289 497.2
infeas time window, separate 385 1139.7
infeas time window, separate 489 1055.9
infeas time window, separate 510 857.7
STATS - lpIterations[1] lagIterations[304] sspIterations[2553] numSeparations[1723] compileTime[7] sspSolveTime[2928] lpSolveTime[0] lb[5640] ub[6067.8] size: [27013] time: [2966]
infeas time window, separate 437 843.3
infeas time window, separate 510 673.6
infeas time window, separate 289 497.2
infeas time window, separate 349 770
infeas time window, separate 349 794.7
infeas time window, separate 349 376
infeas time window, separate 741 777
infeas time window, separate 283 807.2
infeas time window, separate 741 772.9
STATS - lpIterations[1] lagIterations[310] sspIterations[2629] numSeparations[1802] compileTime[7] sspSolveTime[3026] lpSolveTime[0] lb[5644.78] ub[6067.8] size: [27050] time: [3065]
infeas time window, separate 339 668.2
infeas time window, separate 437 453.6
infeas time window, separate 489 836
STATS - lpIterations[1] lagIterations[312] sspIterations[2650] numSeparations[1802] compileTime[7] sspSolveTime[3052] lpSolveTime[0] lb[5644.8] ub[6067.8] size: [27050] time: [3091]
infeas time window, separate 510 661.7
STATS - lpIterations[1] lagIterations[314] sspIterations[2671] numSeparations[1802] compileTime[7] sspSolveTime[3075] lpSolveTime[0] lb[5647.64] ub[6067.8] size: [27050] time: [3114]
infeas time window, separate 510 746
infeas time window, separate 741 805
infeas time window, separate 510 715.5
new state not feasible
new state not feasible
new state not feasible
new state not feasible
STATS - lpIterations[1] lagIterations[317] sspIterations[2722] numSeparations[1891] compileTime[7] sspSolveTime[3151] lpSolveTime[0] lb[5648.41] ub[6067.8] size: [27105] time: [3191]
infeas time window, separate 349 376
infeas time window, separate 227 623.7
infeas time window, separate 292 688.3
STATS - lpIterations[1] lagIterations[319] sspIterations[2740] numSeparations[1891] compileTime[7] sspSolveTime[3176] lpSolveTime[0] lb[5651.95] ub[6067.8] size: [27105] time: [3215]
infeas time window, separate 486 679.8
infeas time window, separate 385 728.4
infeas time window, separate 510 673.6
infeas time window, separate 289 801.5
infeas time window, separate 349 920.5
infeas time window, separate 283 808
infeas time window, separate 510 757
infeas time window, separate 283 807.2
infeas time window, separate 385 634.1
infeas time window, separate 486 679.8
infeas time window, separate 349 1008.8
infeas time window, separate 289 657.5
STATS - lpIterations[1] lagIterations[327] sspIterations[2830] numSeparations[1891] compileTime[7] sspSolveTime[3276] lpSolveTime[0] lb[5655.42] ub[6067.8] size: [27105] time: [3316]
infeas time window, separate 283 820.2
infeas time window, separate 349 376
infeas time window, separate 437 644.8
infeas time window, separate 310 642.8
new state not feasible
STATS - lpIterations[1] lagIterations[329] sspIterations[2856] numSeparations[1979] compileTime[7] sspSolveTime[3316] lpSolveTime[0] lb[5655.55] ub[6067.8] size: [27150] time: [3356]
infeas time window, separate 510 671.3
infeas time window, separate 302 507.4
infeas time window, separate 440 697.8
infeas time window, separate 510 662.8
infeas time window, separate 437 713.8
infeas time window, separate 494 827.1
infeas time window, separate 289 727.9
infeas time window, separate 349 788.3
infeas time window, separate 289 643.4
infeas time window, separate 571 830.8
STATS - lpIterations[1] lagIterations[334] sspIterations[2923] numSeparations[1979] compileTime[7] sspSolveTime[3395] lpSolveTime[0] lb[5657.3] ub[6067.8] size: [27150] time: [3436]
infeas time window, separate 283 807.2
infeas time window, separate 741 765.3
infeas time window, separate 349 766
infeas time window, separate 440 457.3
infeas time window, separate 510 876.9
infeas time window, separate 741 818.1
new state not feasible
new state not feasible
new state not feasible
infeas time window, separate 486 742.3
STATS - lpIterations[1] lagIterations[341] sspIterations[3004] numSeparations[2061] compileTime[7] sspSolveTime[3505] lpSolveTime[0] lb[5661.91] ub[6067.8] size: [27180] time: [3547]
infeas time window, separate 510 662.8
infeas time window, separate 227 753
STATS - lpIterations[1] lagIterations[342] sspIterations[3014] numSeparations[2061] compileTime[7] sspSolveTime[3517] lpSolveTime[0] lb[5662.83] ub[6067.8] size: [27180] time: [3558]
infeas time window, separate 486 742.3
infeas time window, separate 289 771.5
infeas time window, separate 289 689
infeas time window, separate 349 675.4
infeas time window, separate 510 746
