relax capacity constraint
hgs upper bound: 2151.2
done compiling dd
STATS - lpIterations[1] lagIterations[0] sspIterations[0] numSeparations[0] compileTime[9] sspSolveTime[0] lpSolveTime[0] lb[0] ub[2151.2] size: [35132] time: [9]
STATS - lpIterations[1] lagIterations[1] sspIterations[1] numSeparations[0] compileTime[9] sspSolveTime[0] lpSolveTime[0] lb[0] ub[2151.2] size: [35132] time: [9]
number of fixed arcs: 0
percent fixed arcs: 0
STATS - lpIterations[1] lagIterations[2] sspIterations[2] numSeparations[0] compileTime[9] sspSolveTime[0] lpSolveTime[0] lb[392.137] ub[2151.2] size: [35132] time: [9]
number of fixed arcs: 0
percent fixed arcs: 0
STATS - lpIterations[1] lagIterations[3] sspIterations[3] numSeparations[0] compileTime[9] sspSolveTime[0] lpSolveTime[0] lb[411.55] ub[2151.2] size: [35132] time: [10]
number of fixed arcs: 0
percent fixed arcs: 0
STATS - lpIterations[1] lagIterations[4] sspIterations[4] numSeparations[0] compileTime[9] sspSolveTime[0] lpSolveTime[0] lb[431.724] ub[2151.2] size: [35132] time: [10]
number of fixed arcs: 0
percent fixed arcs: 0
STATS - lpIterations[1] lagIterations[5] sspIterations[5] numSeparations[0] compileTime[9] sspSolveTime[0] lpSolveTime[0] lb[452.681] ub[2151.2] size: [35132] time: [11]
number of fixed arcs: 0
percent fixed arcs: 0
STATS - lpIterations[1] lagIterations[6] sspIterations[6] numSeparations[0] compileTime[9] sspSolveTime[1] lpSolveTime[0] lb[474.445] ub[2151.2] size: [35132] time: [11]
number of fixed arcs: 0
percent fixed arcs: 0
STATS - lpIterations[1] lagIterations[7] sspIterations[7] numSeparations[0] compileTime[9] sspSolveTime[1] lpSolveTime[0] lb[497.038] ub[2151.2] size: [35132] time: [12]
number of fixed arcs: 0
percent fixed arcs: 0
STATS - lpIterations[1] lagIterations[8] sspIterations[8] numSeparations[0] compileTime[9] sspSolveTime[1] lpSolveTime[0] lb[520.483] ub[2151.2] size: [35132] time: [12]
number of fixed arcs: 0
percent fixed arcs: 0
STATS - lpIterations[1] lagIterations[9] sspIterations[9] numSeparations[0] compileTime[9] sspSolveTime[1] lpSolveTime[0] lb[544.804] ub[2151.2] size: [35132] time: [13]
number of fixed arcs: 0
percent fixed arcs: 0
STATS - lpIterations[1] lagIterations[10] sspIterations[10] numSeparations[0] compileTime[9] sspSolveTime[2] lpSolveTime[0] lb[570.027] ub[2151.2] size: [35132] time: [13]
number of fixed arcs: 0
percent fixed arcs: 0
STATS - lpIterations[1] lagIterations[11] sspIterations[11] numSeparations[0] compileTime[9] sspSolveTime[2] lpSolveTime[0] lb[595.976] ub[2151.2] size: [35132] time: [14]
number of fixed arcs: 0
percent fixed arcs: 0
STATS - lpIterations[1] lagIterations[12] sspIterations[12] numSeparations[0] compileTime[9] sspSolveTime[2] lpSolveTime[0] lb[597.798] ub[2151.2] size: [35132] time: [14]
number of fixed arcs: 0
percent fixed arcs: 0
STATS - lpIterations[1] lagIterations[13] sspIterations[13] numSeparations[0] compileTime[9] sspSolveTime[2] lpSolveTime[0] lb[604.041] ub[2151.2] size: [35132] time: [15]
number of fixed arcs: 0
percent fixed arcs: 0
STATS - lpIterations[1] lagIterations[14] sspIterations[14] numSeparations[0] compileTime[9] sspSolveTime[3] lpSolveTime[0] lb[631.007] ub[2151.2] size: [35132] time: [16]
number of fixed arcs: 0
percent fixed arcs: 0
STATS - lpIterations[1] lagIterations[15] sspIterations[15] numSeparations[0] compileTime[9] sspSolveTime[3] lpSolveTime[0] lb[658.156] ub[2151.2] size: [35132] time: [16]
number of fixed arcs: 0
percent fixed arcs: 0
STATS - lpIterations[1] lagIterations[16] sspIterations[16] numSeparations[0] compileTime[9] sspSolveTime[3] lpSolveTime[0] lb[661.828] ub[2151.2] size: [35132] time: [16]
number of fixed arcs: 0
percent fixed arcs: 0
STATS - lpIterations[1] lagIterations[17] sspIterations[17] numSeparations[0] compileTime[9] sspSolveTime[4] lpSolveTime[0] lb[681.315] ub[2151.2] size: [35132] time: [17]
number of fixed arcs: 0
percent fixed arcs: 0
STATS - lpIterations[1] lagIterations[18] sspIterations[18] numSeparations[0] compileTime[9] sspSolveTime[4] lpSolveTime[0] lb[684.937] ub[2151.2] size: [35132] time: [18]
number of fixed arcs: 0
percent fixed arcs: 0
STATS - lpIterations[1] lagIterations[19] sspIterations[19] numSeparations[0] compileTime[9] sspSolveTime[5] lpSolveTime[0] lb[702.824] ub[2151.2] size: [35132] time: [19]
number of fixed arcs: 0
percent fixed arcs: 0
STATS - lpIterations[1] lagIterations[20] sspIterations[20] numSeparations[0] compileTime[9] sspSolveTime[5] lpSolveTime[0] lb[709.565] ub[2151.2] size: [35132] time: [20]
number of fixed arcs: 0
percent fixed arcs: 0
STATS - lpIterations[1] lagIterations[21] sspIterations[21] numSeparations[0] compileTime[9] sspSolveTime[6] lpSolveTime[0] lb[731.867] ub[2151.2] size: [35132] time: [21]
number of fixed arcs: 0
percent fixed arcs: 0
STATS - lpIterations[1] lagIterations[22] sspIterations[22] numSeparations[0] compileTime[9] sspSolveTime[7] lpSolveTime[0] lb[737.243] ub[2151.2] size: [35132] time: [22]
number of fixed arcs: 0
percent fixed arcs: 0
STATS - lpIterations[1] lagIterations[23] sspIterations[23] numSeparations[0] compileTime[9] sspSolveTime[7] lpSolveTime[0] lb[742.99] ub[2151.2] size: [35132] time: [22]
number of fixed arcs: 0
percent fixed arcs: 0
STATS - lpIterations[1] lagIterations[24] sspIterations[24] numSeparations[0] compileTime[9] sspSolveTime[7] lpSolveTime[0] lb[757.713] ub[2151.2] size: [35132] time: [22]
number of fixed arcs: 0
percent fixed arcs: 0
STATS - lpIterations[1] lagIterations[25] sspIterations[25] numSeparations[0] compileTime[9] sspSolveTime[8] lpSolveTime[0] lb[782.157] ub[2151.2] size: [35132] time: [23]
number of fixed arcs: 0
percent fixed arcs: 0
STATS - lpIterations[1] lagIterations[26] sspIterations[26] numSeparations[0] compileTime[9] sspSolveTime[8] lpSolveTime[0] lb[785.868] ub[2151.2] size: [35132] time: [24]
number of fixed arcs: 0
percent fixed arcs: 0
STATS - lpIterations[1] lagIterations[27] sspIterations[27] numSeparations[0] compileTime[9] sspSolveTime[9] lpSolveTime[0] lb[794.186] ub[2151.2] size: [35132] time: [25]
number of fixed arcs: 0
percent fixed arcs: 0
STATS - lpIterations[1] lagIterations[28] sspIterations[28] numSeparations[0] compileTime[9] sspSolveTime[9] lpSolveTime[0] lb[801.85] ub[2151.2] size: [35132] time: [25]
number of fixed arcs: 0
percent fixed arcs: 0
STATS - lpIterations[1] lagIterations[29] sspIterations[29] numSeparations[0] compileTime[9] sspSolveTime[9] lpSolveTime[0] lb[808.399] ub[2151.2] size: [35132] time: [26]
number of fixed arcs: 0
percent fixed arcs: 0
STATS - lpIterations[1] lagIterations[30] sspIterations[30] numSeparations[0] compileTime[9] sspSolveTime[10] lpSolveTime[0] lb[812.112] ub[2151.2] size: [35132] time: [27]
number of fixed arcs: 0
percent fixed arcs: 0
STATS - lpIterations[1] lagIterations[31] sspIterations[31] numSeparations[0] compileTime[9] sspSolveTime[10] lpSolveTime[0] lb[828.838] ub[2151.2] size: [35132] time: [28]
number of fixed arcs: 0
percent fixed arcs: 0
STATS - lpIterations[1] lagIterations[32] sspIterations[32] numSeparations[0] compileTime[9] sspSolveTime[11] lpSolveTime[0] lb[839.115] ub[2151.2] size: [35132] time: [28]
number of fixed arcs: 0
percent fixed arcs: 0
STATS - lpIterations[1] lagIterations[33] sspIterations[33] numSeparations[0] compileTime[9] sspSolveTime[11] lpSolveTime[0] lb[844.971] ub[2151.2] size: [35132] time: [29]
number of fixed arcs: 0
percent fixed arcs: 0
STATS - lpIterations[1] lagIterations[34] sspIterations[34] numSeparations[0] compileTime[9] sspSolveTime[12] lpSolveTime[0] lb[863.796] ub[2151.2] size: [35132] time: [30]
number of fixed arcs: 0
percent fixed arcs: 0
STATS - lpIterations[1] lagIterations[35] sspIterations[35] numSeparations[0] compileTime[9] sspSolveTime[12] lpSolveTime[0] lb[872.332] ub[2151.2] size: [35132] time: [31]
number of fixed arcs: 0
percent fixed arcs: 0
STATS - lpIterations[1] lagIterations[36] sspIterations[36] numSeparations[0] compileTime[9] sspSolveTime[13] lpSolveTime[0] lb[877.539] ub[2151.2] size: [35132] time: [32]
number of fixed arcs: 0
percent fixed arcs: 0
STATS - lpIterations[1] lagIterations[37] sspIterations[37] numSeparations[0] compileTime[9] sspSolveTime[13] lpSolveTime[0] lb[884.759] ub[2151.2] size: [35132] time: [33]
number of fixed arcs: 0
percent fixed arcs: 0
STATS - lpIterations[1] lagIterations[38] sspIterations[38] numSeparations[0] compileTime[9] sspSolveTime[14] lpSolveTime[0] lb[896.895] ub[2151.2] size: [35132] time: [34]
number of fixed arcs: 0
percent fixed arcs: 0
STATS - lpIterations[1] lagIterations[39] sspIterations[39] numSeparations[0] compileTime[9] sspSolveTime[14] lpSolveTime[0] lb[906.356] ub[2151.2] size: [35132] time: [34]
number of fixed arcs: 0
percent fixed arcs: 0
STATS - lpIterations[1] lagIterations[40] sspIterations[40] numSeparations[0] compileTime[9] sspSolveTime[15] lpSolveTime[0] lb[916.135] ub[2151.2] size: [35132] time: [35]
number of fixed arcs: 0
percent fixed arcs: 0
STATS - lpIterations[1] lagIterations[41] sspIterations[41] numSeparations[0] compileTime[9] sspSolveTime[16] lpSolveTime[0] lb[919.267] ub[2151.2] size: [35132] time: [36]
number of fixed arcs: 0
percent fixed arcs: 0
STATS - lpIterations[1] lagIterations[42] sspIterations[42] numSeparations[0] compileTime[9] sspSolveTime[16] lpSolveTime[0] lb[928.958] ub[2151.2] size: [35132] time: [37]
number of fixed arcs: 0
percent fixed arcs: 0
STATS - lpIterations[1] lagIterations[43] sspIterations[43] numSeparations[0] compileTime[9] sspSolveTime[17] lpSolveTime[0] lb[935.253] ub[2151.2] size: [35132] time: [37]
number of fixed arcs: 0
percent fixed arcs: 0
STATS - lpIterations[1] lagIterations[44] sspIterations[44] numSeparations[0] compileTime[9] sspSolveTime[17] lpSolveTime[0] lb[942.2] ub[2151.2] size: [35132] time: [38]
STATS - lpIterations[1] lagIterations[45] sspIterations[45] numSeparations[0] compileTime[9] sspSolveTime[18] lpSolveTime[0] lb[949.596] ub[2151.2] size: [35132] time: [39]
number of fixed arcs: 0
percent fixed arcs: 0
STATS - lpIterations[1] lagIterations[46] sspIterations[46] numSeparations[0] compileTime[9] sspSolveTime[18] lpSolveTime[0] lb[961.906] ub[2151.2] size: [35132] time: [40]
number of fixed arcs: 0
percent fixed arcs: 0
STATS - lpIterations[1] lagIterations[47] sspIterations[47] numSeparations[0] compileTime[9] sspSolveTime[19] lpSolveTime[0] lb[973.18] ub[2151.2] size: [35132] time: [41]
number of fixed arcs: 0
percent fixed arcs: 0
STATS - lpIterations[1] lagIterations[48] sspIterations[48] numSeparations[0] compileTime[9] sspSolveTime[20] lpSolveTime[0] lb[982.573] ub[2151.2] size: [35132] time: [42]
number of fixed arcs: 0
percent fixed arcs: 0
STATS - lpIterations[1] lagIterations[49] sspIterations[49] numSeparations[0] compileTime[9] sspSolveTime[20] lpSolveTime[0] lb[988.955] ub[2151.2] size: [35132] time: [42]
STATS - lpIterations[1] lagIterations[50] sspIterations[51] numSeparations[0] compileTime[9] sspSolveTime[21] lpSolveTime[0] lb[994.567] ub[2151.2] size: [35132] time: [43]
STATS - lpIterations[1] lagIterations[51] sspIterations[52] numSeparations[0] compileTime[9] sspSolveTime[21] lpSolveTime[0] lb[1007.1] ub[2151.2] size: [35132] time: [44]
number of fixed arcs: 0
percent fixed arcs: 0
STATS - lpIterations[1] lagIterations[52] sspIterations[54] numSeparations[0] compileTime[9] sspSolveTime[22] lpSolveTime[0] lb[1011.75] ub[2151.2] size: [35132] time: [45]
STATS - lpIterations[1] lagIterations[53] sspIterations[55] numSeparations[0] compileTime[9] sspSolveTime[23] lpSolveTime[0] lb[1014.87] ub[2151.2] size: [35132] time: [45]
number of fixed arcs: 0
percent fixed arcs: 0
STATS - lpIterations[1] lagIterations[54] sspIterations[56] numSeparations[0] compileTime[9] sspSolveTime[23] lpSolveTime[0] lb[1023.33] ub[2151.2] size: [35132] time: [46]
STATS - lpIterations[1] lagIterations[55] sspIterations[59] numSeparations[0] compileTime[9] sspSolveTime[25] lpSolveTime[0] lb[1034.76] ub[2151.2] size: [35132] time: [48]
STATS - lpIterations[1] lagIterations[56] sspIterations[60] numSeparations[0] compileTime[9] sspSolveTime[25] lpSolveTime[0] lb[1037.96] ub[2151.2] size: [35132] time: [48]
STATS - lpIterations[1] lagIterations[57] sspIterations[61] numSeparations[0] compileTime[9] sspSolveTime[26] lpSolveTime[0] lb[1041.19] ub[2151.2] size: [35132] time: [49]
number of fixed arcs: 0
percent fixed arcs: 0
STATS - lpIterations[1] lagIterations[58] sspIterations[62] numSeparations[0] compileTime[9] sspSolveTime[27] lpSolveTime[0] lb[1050.78] ub[2151.2] size: [35132] time: [50]
STATS - lpIterations[1] lagIterations[59] sspIterations[66] numSeparations[0] compileTime[9] sspSolveTime[28] lpSolveTime[0] lb[1063.2] ub[2151.2] size: [35132] time: [52]
STATS - lpIterations[1] lagIterations[60] sspIterations[67] numSeparations[0] compileTime[9] sspSolveTime[28] lpSolveTime[0] lb[1067.52] ub[2151.2] size: [35132] time: [52]
number of fixed arcs: 0
percent fixed arcs: 0
STATS - lpIterations[1] lagIterations[61] sspIterations[68] numSeparations[0] compileTime[9] sspSolveTime[29] lpSolveTime[0] lb[1077.3] ub[2151.2] size: [35132] time: [53]
STATS - lpIterations[1] lagIterations[62] sspIterations[72] numSeparations[0] compileTime[9] sspSolveTime[31] lpSolveTime[0] lb[1080.24] ub[2151.2] size: [35132] time: [55]
STATS - lpIterations[1] lagIterations[63] sspIterations[74] numSeparations[0] compileTime[9] sspSolveTime[32] lpSolveTime[0] lb[1080.83] ub[2151.2] size: [35132] time: [56]
STATS - lpIterations[1] lagIterations[64] sspIterations[75] numSeparations[0] compileTime[9] sspSolveTime[33] lpSolveTime[0] lb[1091.72] ub[2151.2] size: [35132] time: [57]
number of fixed arcs: 0
percent fixed arcs: 0
STATS - lpIterations[1] lagIterations[65] sspIterations[78] numSeparations[0] compileTime[9] sspSolveTime[34] lpSolveTime[0] lb[1098.45] ub[2151.2] size: [35132] time: [58]
STATS - lpIterations[1] lagIterations[66] sspIterations[79] numSeparations[0] compileTime[9] sspSolveTime[34] lpSolveTime[0] lb[1100.79] ub[2151.2] size: [35132] time: [59]
number of fixed arcs: 0
percent fixed arcs: 0
STATS - lpIterations[1] lagIterations[67] sspIterations[81] numSeparations[0] compileTime[9] sspSolveTime[35] lpSolveTime[0] lb[1108.28] ub[2151.2] size: [35132] time: [60]
STATS - lpIterations[1] lagIterations[68] sspIterations[84] numSeparations[0] compileTime[9] sspSolveTime[37] lpSolveTime[0] lb[1119.31] ub[2151.2] size: [35132] time: [61]
STATS - lpIterations[1] lagIterations[69] sspIterations[85] numSeparations[0] compileTime[9] sspSolveTime[37] lpSolveTime[0] lb[1119.35] ub[2151.2] size: [35132] time: [62]
number of fixed arcs: 0
percent fixed arcs: 0
STATS - lpIterations[1] lagIterations[70] sspIterations[90] numSeparations[0] compileTime[9] sspSolveTime[40] lpSolveTime[0] lb[1130.53] ub[2151.2] size: [35132] time: [65]
STATS - lpIterations[1] lagIterations[71] sspIterations[91] numSeparations[0] compileTime[9] sspSolveTime[40] lpSolveTime[0] lb[1143.33] ub[2151.2] size: [35132] time: [65]
number of fixed arcs: 0
percent fixed arcs: 0
STATS - lpIterations[1] lagIterations[73] sspIterations[97] numSeparations[0] compileTime[9] sspSolveTime[43] lpSolveTime[0] lb[1149.1] ub[2151.2] size: [35132] time: [68]
STATS - lpIterations[1] lagIterations[74] sspIterations[99] numSeparations[0] compileTime[9] sspSolveTime[44] lpSolveTime[0] lb[1155.25] ub[2151.2] size: [35132] time: [70]
STATS - lpIterations[1] lagIterations[75] sspIterations[100] numSeparations[0] compileTime[9] sspSolveTime[45] lpSolveTime[0] lb[1160.17] ub[2151.2] size: [35132] time: [71]
number of fixed arcs: 0
percent fixed arcs: 0
STATS - lpIterations[1] lagIterations[76] sspIterations[102] numSeparations[0] compileTime[9] sspSolveTime[46] lpSolveTime[0] lb[1164.72] ub[2151.2] size: [35132] time: [72]
STATS - lpIterations[1] lagIterations[77] sspIterations[104] numSeparations[0] compileTime[9] sspSolveTime[46] lpSolveTime[0] lb[1168.43] ub[2151.2] size: [35132] time: [72]
STATS - lpIterations[1] lagIterations[78] sspIterations[105] numSeparations[0] compileTime[9] sspSolveTime[47] lpSolveTime[0] lb[1171.57] ub[2151.2] size: [35132] time: [73]
STATS - lpIterations[1] lagIterations[79] sspIterations[107] numSeparations[0] compileTime[9] sspSolveTime[48] lpSolveTime[0] lb[1178.08] ub[2151.2] size: [35132] time: [74]
STATS - lpIterations[1] lagIterations[80] sspIterations[109] numSeparations[0] compileTime[9] sspSolveTime[49] lpSolveTime[0] lb[1182.57] ub[2151.2] size: [35132] time: [76]
STATS - lpIterations[1] lagIterations[81] sspIterations[110] numSeparations[0] compileTime[9] sspSolveTime[50] lpSolveTime[0] lb[1187.24] ub[2151.2] size: [35132] time: [76]
STATS - lpIterations[1] lagIterations[82] sspIterations[113] numSeparations[0] compileTime[9] sspSolveTime[51] lpSolveTime[0] lb[1192.4] ub[2151.2] size: [35132] time: [78]
STATS - lpIterations[1] lagIterations[83] sspIterations[115] numSeparations[0] compileTime[9] sspSolveTime[52] lpSolveTime[0] lb[1198.64] ub[2151.2] size: [35132] time: [78]
STATS - lpIterations[1] lagIterations[85] sspIterations[118] numSeparations[34] compileTime[9] sspSolveTime[53] lpSolveTime[0] lb[1210.34] ub[2151.2] size: [35199] time: [80]
STATS - lpIterations[1] lagIterations[86] sspIterations[122] numSeparations[34] compileTime[9] sspSolveTime[57] lpSolveTime[0] lb[1215.73] ub[2151.2] size: [35199] time: [84]
STATS - lpIterations[1] lagIterations[87] sspIterations[123] numSeparations[34] compileTime[9] sspSolveTime[58] lpSolveTime[0] lb[1219.4] ub[2151.2] size: [35199] time: [84]
number of fixed arcs: 1176
percent fixed arcs: 0.0246388
STATS - lpIterations[1] lagIterations[88] sspIterations[126] numSeparations[34] compileTime[9] sspSolveTime[60] lpSolveTime[0] lb[1229.49] ub[2151.2] size: [35199] time: [87]
STATS - lpIterations[1] lagIterations[89] sspIterations[127] numSeparations[34] compileTime[9] sspSolveTime[60] lpSolveTime[0] lb[1230.91] ub[2151.2] size: [35199] time: [87]
number of fixed arcs: 1176
percent fixed arcs: 0.0246383
STATS - lpIterations[1] lagIterations[91] sspIterations[134] numSeparations[34] compileTime[9] sspSolveTime[64] lpSolveTime[0] lb[1239.77] ub[2151.2] size: [35199] time: [91]
STATS - lpIterations[1] lagIterations[92] sspIterations[135] numSeparations[34] compileTime[9] sspSolveTime[64] lpSolveTime[0] lb[1250.33] ub[2151.2] size: [35199] time: [92]
number of fixed arcs: 1176
percent fixed arcs: 0.0246378
STATS - lpIterations[1] lagIterations[93] sspIterations[140] numSeparations[34] compileTime[9] sspSolveTime[66] lpSolveTime[0] lb[1255.2] ub[2151.2] size: [35199] time: [94]
STATS - lpIterations[1] lagIterations[94] sspIterations[141] numSeparations[34] compileTime[9] sspSolveTime[67] lpSolveTime[0] lb[1255.8] ub[2151.2] size: [35199] time: [95]
STATS - lpIterations[1] lagIterations[95] sspIterations[142] numSeparations[34] compileTime[9] sspSolveTime[68] lpSolveTime[0] lb[1261.05] ub[2151.2] size: [35199] time: [96]
STATS - lpIterations[1] lagIterations[97] sspIterations[150] numSeparations[34] compileTime[9] sspSolveTime[73] lpSolveTime[0] lb[1269.36] ub[2151.2] size: [35199] time: [101]
STATS - lpIterations[1] lagIterations[98] sspIterations[153] numSeparations[34] compileTime[9] sspSolveTime[74] lpSolveTime[0] lb[1279.38] ub[2151.2] size: [35199] time: [103]
STATS - lpIterations[1] lagIterations[99] sspIterations[154] numSeparations[34] compileTime[9] sspSolveTime[75] lpSolveTime[0] lb[1281.12] ub[2151.2] size: [35199] time: [103]
number of fixed arcs: 1176
percent fixed arcs: 0.0246361
STATS - lpIterations[1] lagIterations[100] sspIterations[155] numSeparations[34] compileTime[9] sspSolveTime[75] lpSolveTime[0] lb[1285.96] ub[2151.2] size: [35199] time: [103]
STATS - lpIterations[1] lagIterations[101] sspIterations[157] numSeparations[34] compileTime[9] sspSolveTime[76] lpSolveTime[0] lb[1294.08] ub[2151.2] size: [35199] time: [105]
STATS - lpIterations[1] lagIterations[102] sspIterations[159] numSeparations[34] compileTime[9] sspSolveTime[77] lpSolveTime[0] lb[1295.98] ub[2151.2] size: [35199] time: [106]
STATS - lpIterations[1] lagIterations[103] sspIterations[164] numSeparations[34] compileTime[9] sspSolveTime[80] lpSolveTime[0] lb[1299.9] ub[2151.2] size: [35199] time: [109]
STATS - lpIterations[1] lagIterations[104] sspIterations[165] numSeparations[34] compileTime[9] sspSolveTime[80] lpSolveTime[0] lb[1303.94] ub[2151.2] size: [35199] time: [109]
number of fixed arcs: 1176
percent fixed arcs: 0.0246356
STATS - lpIterations[1] lagIterations[105] sspIterations[167] numSeparations[34] compileTime[9] sspSolveTime[81] lpSolveTime[0] lb[1309.53] ub[2151.2] size: [35199] time: [110]
STATS - lpIterations[1] lagIterations[106] sspIterations[170] numSeparations[34] compileTime[9] sspSolveTime[83] lpSolveTime[0] lb[1317.64] ub[2151.2] size: [35199] time: [112]
STATS - lpIterations[1] lagIterations[107] sspIterations[171] numSeparations[34] compileTime[9] sspSolveTime[83] lpSolveTime[0] lb[1321.79] ub[2151.2] size: [35199] time: [112]
STATS - lpIterations[1] lagIterations[109] sspIterations[177] numSeparations[34] compileTime[9] sspSolveTime[89] lpSolveTime[0] lb[1324.8] ub[2151.2] size: [35199] time: [118]
STATS - lpIterations[1] lagIterations[110] sspIterations[181] numSeparations[34] compileTime[9] sspSolveTime[92] lpSolveTime[0] lb[1332.1] ub[2151.2] size: [35199] time: [121]
STATS - lpIterations[1] lagIterations[111] sspIterations[183] numSeparations[34] compileTime[9] sspSolveTime[93] lpSolveTime[0] lb[1332.67] ub[2151.2] size: [35199] time: [123]
STATS - lpIterations[1] lagIterations[112] sspIterations[184] numSeparations[34] compileTime[9] sspSolveTime[93] lpSolveTime[0] lb[1339.86] ub[2151.2] size: [35199] time: [123]
STATS - lpIterations[1] lagIterations[114] sspIterations[196] numSeparations[34] compileTime[9] sspSolveTime[102] lpSolveTime[0] lb[1345.59] ub[2151.2] size: [35199] time: [132]
STATS - lpIterations[1] lagIterations[115] sspIterations[200] numSeparations[34] compileTime[9] sspSolveTime[104] lpSolveTime[0] lb[1354.14] ub[2151.2] size: [35199] time: [134]
STATS - lpIterations[1] lagIterations[116] sspIterations[201] numSeparations[34] compileTime[9] sspSolveTime[105] lpSolveTime[0] lb[1359.57] ub[2151.2] size: [35199] time: [135]
STATS - lpIterations[1] lagIterations[117] sspIterations[205] numSeparations[34] compileTime[9] sspSolveTime[108] lpSolveTime[0] lb[1362.19] ub[2151.2] size: [35199] time: [138]
STATS - lpIterations[1] lagIterations[118] sspIterations[207] numSeparations[34] compileTime[9] sspSolveTime[108] lpSolveTime[0] lb[1365.23] ub[2151.2] size: [35199] time: [139]
STATS - lpIterations[1] lagIterations[119] sspIterations[210] numSeparations[34] compileTime[9] sspSolveTime[110] lpSolveTime[0] lb[1370.33] ub[2151.2] size: [35199] time: [141]
STATS - lpIterations[1] lagIterations[120] sspIterations[211] numSeparations[34] compileTime[9] sspSolveTime[110] lpSolveTime[0] lb[1374.38] ub[2151.2] size: [35199] time: [141]
STATS - lpIterations[1] lagIterations[121] sspIterations[214] numSeparations[34] compileTime[9] sspSolveTime[111] lpSolveTime[0] lb[1374.87] ub[2151.2] size: [35199] time: [142]
STATS - lpIterations[1] lagIterations[123] sspIterations[218] numSeparations[84] compileTime[9] sspSolveTime[115] lpSolveTime[0] lb[1383.53] ub[2151.2] size: [35325] time: [146]
STATS - lpIterations[1] lagIterations[124] sspIterations[220] numSeparations[84] compileTime[9] sspSolveTime[116] lpSolveTime[0] lb[1389.96] ub[2151.2] size: [35325] time: [147]
STATS - lpIterations[1] lagIterations[125] sspIterations[223] numSeparations[84] compileTime[9] sspSolveTime[118] lpSolveTime[0] lb[1391.85] ub[2151.2] size: [35325] time: [149]
STATS - lpIterations[1] lagIterations[126] sspIterations[225] numSeparations[84] compileTime[9] sspSolveTime[119] lpSolveTime[0] lb[1399.13] ub[2151.2] size: [35325] time: [150]
STATS - lpIterations[1] lagIterations[127] sspIterations[227] numSeparations[84] compileTime[9] sspSolveTime[120] lpSolveTime[0] lb[1400.78] ub[2151.2] size: [35325] time: [151]
STATS - lpIterations[1] lagIterations[128] sspIterations[228] numSeparations[84] compileTime[9] sspSolveTime[121] lpSolveTime[0] lb[1402.89] ub[2151.2] size: [35325] time: [152]
STATS - lpIterations[1] lagIterations[129] sspIterations[231] numSeparations[84] compileTime[9] sspSolveTime[123] lpSolveTime[0] lb[1407.07] ub[2151.2] size: [35325] time: [154]
STATS - lpIterations[1] lagIterations[130] sspIterations[232] numSeparations[84] compileTime[9] sspSolveTime[123] lpSolveTime[0] lb[1408.55] ub[2151.2] size: [35325] time: [155]
STATS - lpIterations[1] lagIterations[131] sspIterations[236] numSeparations[84] compileTime[9] sspSolveTime[126] lpSolveTime[0] lb[1418.69] ub[2151.2] size: [35325] time: [158]
STATS - lpIterations[1] lagIterations[132] sspIterations[238] numSeparations[84] compileTime[9] sspSolveTime[127] lpSolveTime[0] lb[1418.99] ub[2151.2] size: [35325] time: [158]
STATS - lpIterations[1] lagIterations[134] sspIterations[244] numSeparations[84] compileTime[9] sspSolveTime[131] lpSolveTime[0] lb[1429.01] ub[2151.2] size: [35325] time: [163]
STATS - lpIterations[1] lagIterations[135] sspIterations[245] numSeparations[84] compileTime[9] sspSolveTime[132] lpSolveTime[0] lb[1433.13] ub[2151.2] size: [35325] time: [163]
STATS - lpIterations[1] lagIterations[137] sspIterations[252] numSeparations[84] compileTime[9] sspSolveTime[135] lpSolveTime[0] lb[1440.99] ub[2151.2] size: [35325] time: [167]
STATS - lpIterations[1] lagIterations[138] sspIterations[254] numSeparations[84] compileTime[9] sspSolveTime[136] lpSolveTime[0] lb[1447.21] ub[2151.2] size: [35325] time: [168]
STATS - lpIterations[1] lagIterations[139] sspIterations[256] numSeparations[84] compileTime[9] sspSolveTime[137] lpSolveTime[0] lb[1448.87] ub[2151.2] size: [35325] time: [169]
STATS - lpIterations[1] lagIterations[141] sspIterations[261] numSeparations[84] compileTime[9] sspSolveTime[140] lpSolveTime[0] lb[1451.2] ub[2151.2] size: [35325] time: [172]
number of fixed arcs: 1176
percent fixed arcs: 0.0245052
STATS - lpIterations[1] lagIterations[142] sspIterations[265] numSeparations[84] compileTime[9] sspSolveTime[143] lpSolveTime[0] lb[1460.21] ub[2151.2] size: [35325] time: [176]
STATS - lpIterations[1] lagIterations[143] sspIterations[266] numSeparations[84] compileTime[9] sspSolveTime[143] lpSolveTime[0] lb[1460.99] ub[2151.2] size: [35325] time: [176]
number of fixed arcs: 1176
percent fixed arcs: 0.0245052
STATS - lpIterations[1] lagIterations[144] sspIterations[270] numSeparations[84] compileTime[9] sspSolveTime[145] lpSolveTime[0] lb[1468.62] ub[2151.2] size: [35325] time: [178]
STATS - lpIterations[1] lagIterations[145] sspIterations[273] numSeparations[84] compileTime[9] sspSolveTime[148] lpSolveTime[0] lb[1469.42] ub[2151.2] size: [35325] time: [181]
STATS - lpIterations[1] lagIterations[147] sspIterations[277] numSeparations[84] compileTime[9] sspSolveTime[150] lpSolveTime[0] lb[1476.05] ub[2151.2] size: [35325] time: [183]
STATS - lpIterations[1] lagIterations[148] sspIterations[279] numSeparations[84] compileTime[9] sspSolveTime[151] lpSolveTime[0] lb[1481.79] ub[2151.2] size: [35325] time: [184]
STATS - lpIterations[1] lagIterations[149] sspIterations[280] numSeparations[84] compileTime[9] sspSolveTime[151] lpSolveTime[0] lb[1484] ub[2151.2] size: [35325] time: [184]
STATS - lpIterations[1] lagIterations[151] sspIterations[287] numSeparations[84] compileTime[9] sspSolveTime[157] lpSolveTime[0] lb[1492.7] ub[2151.2] size: [35325] time: [190]
STATS - lpIterations[1] lagIterations[152] sspIterations[291] numSeparations[84] compileTime[9] sspSolveTime[159] lpSolveTime[0] lb[1499.18] ub[2151.2] size: [35325] time: [193]
STATS - lpIterations[1] lagIterations[153] sspIterations[292] numSeparations[84] compileTime[9] sspSolveTime[159] lpSolveTime[0] lb[1499.34] ub[2151.2] size: [35325] time: [193]
STATS - lpIterations[1] lagIterations[154] sspIterations[295] numSeparations[84] compileTime[9] sspSolveTime[161] lpSolveTime[0] lb[1501.15] ub[2151.2] size: [35325] time: [195]
STATS - lpIterations[1] lagIterations[155] sspIterations[297] numSeparations[84] compileTime[9] sspSolveTime[164] lpSolveTime[0] lb[1504.34] ub[2151.2] size: [35325] time: [197]
STATS - lpIterations[1] lagIterations[156] sspIterations[299] numSeparations[84] compileTime[9] sspSolveTime[165] lpSolveTime[0] lb[1508.34] ub[2151.2] size: [35325] time: [199]
STATS - lpIterations[1] lagIterations[157] sspIterations[303] numSeparations[84] compileTime[9] sspSolveTime[167] lpSolveTime[0] lb[1513.97] ub[2151.2] size: [35325] time: [201]
STATS - lpIterations[1] lagIterations[158] sspIterations[304] numSeparations[84] compileTime[9] sspSolveTime[168] lpSolveTime[0] lb[1515.4] ub[2151.2] size: [35325] time: [202]
STATS - lpIterations[1] lagIterations[160] sspIterations[313] numSeparations[84] compileTime[9] sspSolveTime[176] lpSolveTime[0] lb[1521.2] ub[2151.2] size: [35325] time: [210]
STATS - lpIterations[1] lagIterations[161] sspIterations[316] numSeparations[84] compileTime[9] sspSolveTime[179] lpSolveTime[0] lb[1530.75] ub[2151.2] size: [35325] time: [213]
STATS - lpIterations[1] lagIterations[163] sspIterations[321] numSeparations[126] compileTime[9] sspSolveTime[185] lpSolveTime[0] lb[1533.31] ub[2151.2] size: [35424] time: [219]
STATS - lpIterations[1] lagIterations[165] sspIterations[332] numSeparations[126] compileTime[9] sspSolveTime[195] lpSolveTime[0] lb[1538.81] ub[2151.2] size: [35424] time: [229]
STATS - lpIterations[1] lagIterations[166] sspIterations[335] numSeparations[126] compileTime[9] sspSolveTime[199] lpSolveTime[0] lb[1545.62] ub[2151.2] size: [35424] time: [234]
STATS - lpIterations[1] lagIterations[168] sspIterations[343] numSeparations[126] compileTime[9] sspSolveTime[208] lpSolveTime[0] lb[1548.28] ub[2151.2] size: [35424] time: [243]
STATS - lpIterations[1] lagIterations[170] sspIterations[349] numSeparations[126] compileTime[9] sspSolveTime[213] lpSolveTime[0] lb[1555.86] ub[2151.2] size: [35424] time: [248]
STATS - lpIterations[1] lagIterations[171] sspIterations[352] numSeparations[126] compileTime[9] sspSolveTime[215] lpSolveTime[0] lb[1557.61] ub[2151.2] size: [35424] time: [250]
STATS - lpIterations[1] lagIterations[172] sspIterations[353] numSeparations[126] compileTime[9] sspSolveTime[216] lpSolveTime[0] lb[1562.17] ub[2151.2] size: [35424] time: [251]
STATS - lpIterations[1] lagIterations[173] sspIterations[355] numSeparations[126] compileTime[9] sspSolveTime[218] lpSolveTime[0] lb[1562.73] ub[2151.2] size: [35424] time: [253]
STATS - lpIterations[1] lagIterations[175] sspIterations[360] numSeparations[126] compileTime[9] sspSolveTime[222] lpSolveTime[0] lb[1567.62] ub[2151.2] size: [35424] time: [258]
STATS - lpIterations[1] lagIterations[177] sspIterations[370] numSeparations[126] compileTime[9] sspSolveTime[234] lpSolveTime[0] lb[1573.42] ub[2151.2] size: [35424] time: [269]
STATS - lpIterations[1] lagIterations[178] sspIterations[374] numSeparations[126] compileTime[9] sspSolveTime[236] lpSolveTime[0] lb[1582.21] ub[2151.2] size: [35424] time: [272]
STATS - lpIterations[1] lagIterations[179] sspIterations[375] numSeparations[126] compileTime[9] sspSolveTime[237] lpSolveTime[0] lb[1584.78] ub[2151.2] size: [35424] time: [272]
STATS - lpIterations[1] lagIterations[180] sspIterations[378] numSeparations[126] compileTime[9] sspSolveTime[240] lpSolveTime[0] lb[1586.16] ub[2151.2] size: [35424] time: [276]
STATS - lpIterations[1] lagIterations[182] sspIterations[385] numSeparations[126] compileTime[9] sspSolveTime[246] lpSolveTime[0] lb[1589.31] ub[2151.2] size: [35424] time: [281]
STATS - lpIterations[1] lagIterations[184] sspIterations[394] numSeparations[126] compileTime[9] sspSolveTime[257] lpSolveTime[0] lb[1595.68] ub[2151.2] size: [35424] time: [293]
STATS - lpIterations[1] lagIterations[185] sspIterations[398] numSeparations[126] compileTime[9] sspSolveTime[261] lpSolveTime[0] lb[1598.07] ub[2151.2] size: [35424] time: [297]
STATS - lpIterations[1] lagIterations[186] sspIterations[399] numSeparations[126] compileTime[9] sspSolveTime[262] lpSolveTime[0] lb[1601.61] ub[2151.2] size: [35424] time: [298]
STATS - lpIterations[1] lagIterations[187] sspIterations[403] numSeparations[126] compileTime[9] sspSolveTime[267] lpSolveTime[0] lb[1606.66] ub[2151.2] size: [35424] time: [303]
STATS - lpIterations[1] lagIterations[188] sspIterations[405] numSeparations[126] compileTime[9] sspSolveTime[268] lpSolveTime[0] lb[1607.48] ub[2151.2] size: [35424] time: [304]
STATS - lpIterations[1] lagIterations[189] sspIterations[407] numSeparations[126] compileTime[9] sspSolveTime[270] lpSolveTime[0] lb[1611.74] ub[2151.2] size: [35424] time: [306]
STATS - lpIterations[1] lagIterations[190] sspIterations[413] numSeparations[126] compileTime[9] sspSolveTime[277] lpSolveTime[0] lb[1614.17] ub[2151.2] size: [35424] time: [314]
STATS - lpIterations[1] lagIterations[191] sspIterations[415] numSeparations[126] compileTime[9] sspSolveTime[278] lpSolveTime[0] lb[1614.19] ub[2151.2] size: [35424] time: [315]
STATS - lpIterations[1] lagIterations[193] sspIterations[421] numSeparations[191] compileTime[9] sspSolveTime[283] lpSolveTime[0] lb[1622.22] ub[2151.2] size: [35513] time: [319]
STATS - lpIterations[1] lagIterations[194] sspIterations[425] numSeparations[191] compileTime[9] sspSolveTime[286] lpSolveTime[0] lb[1623.69] ub[2151.2] size: [35513] time: [322]
STATS - lpIterations[1] lagIterations[195] sspIterations[426] numSeparations[191] compileTime[9] sspSolveTime[287] lpSolveTime[0] lb[1625.1] ub[2151.2] size: [35513] time: [323]
number of fixed arcs: 2154
percent fixed arcs: 0.0445406
STATS - lpIterations[1] lagIterations[197] sspIterations[438] numSeparations[191] compileTime[9] sspSolveTime[307] lpSolveTime[0] lb[1630.18] ub[2151.2] size: [35513] time: [345]
STATS - lpIterations[1] lagIterations[198] sspIterations[441] numSeparations[191] compileTime[9] sspSolveTime[311] lpSolveTime[0] lb[1633.59] ub[2151.2] size: [35513] time: [348]
STATS - lpIterations[1] lagIterations[200] sspIterations[446] numSeparations[191] compileTime[9] sspSolveTime[314] lpSolveTime[0] lb[1641.72] ub[2151.2] size: [35513] time: [351]
STATS - lpIterations[1] lagIterations[202] sspIterations[459] numSeparations[191] compileTime[9] sspSolveTime[343] lpSolveTime[0] lb[1644.58] ub[2151.2] size: [35513] time: [380]
STATS - lpIterations[1] lagIterations[203] sspIterations[462] numSeparations[191] compileTime[9] sspSolveTime[346] lpSolveTime[0] lb[1648.21] ub[2151.2] size: [35513] time: [384]
STATS - lpIterations[1] lagIterations[204] sspIterations[463] numSeparations[191] compileTime[9] sspSolveTime[347] lpSolveTime[0] lb[1648.8] ub[2151.2] size: [35513] time: [384]
STATS - lpIterations[1] lagIterations[206] sspIterations[474] numSeparations[191] compileTime[9] sspSolveTime[366] lpSolveTime[0] lb[1652.53] ub[2151.2] size: [35513] time: [404]
STATS - lpIterations[1] lagIterations[208] sspIterations[481] numSeparations[191] compileTime[9] sspSolveTime[374] lpSolveTime[0] lb[1657.51] ub[2151.2] size: [35513] time: [412]
STATS - lpIterations[1] lagIterations[210] sspIterations[487] numSeparations[191] compileTime[9] sspSolveTime[379] lpSolveTime[0] lb[1661.52] ub[2151.2] size: [35513] time: [417]
STATS - lpIterations[1] lagIterations[211] sspIterations[488] numSeparations[191] compileTime[9] sspSolveTime[379] lpSolveTime[0] lb[1663.49] ub[2151.2] size: [35513] time: [418]
STATS - lpIterations[1] lagIterations[213] sspIterations[498] numSeparations[191] compileTime[9] sspSolveTime[392] lpSolveTime[0] lb[1669.82] ub[2151.2] size: [35513] time: [431]
STATS - lpIterations[1] lagIterations[214] sspIterations[501] numSeparations[191] compileTime[9] sspSolveTime[397] lpSolveTime[0] lb[1671.11] ub[2151.2] size: [35513] time: [435]
STATS - lpIterations[1] lagIterations[215] sspIterations[502] numSeparations[191] compileTime[9] sspSolveTime[397] lpSolveTime[0] lb[1671.15] ub[2151.2] size: [35513] time: [436]
number of fixed arcs: 2154
percent fixed arcs: 0.0445362
STATS - lpIterations[1] lagIterations[217] sspIterations[508] numSeparations[191] compileTime[9] sspSolveTime[404] lpSolveTime[0] lb[1677.08] ub[2151.2] size: [35513] time: [443]
STATS - lpIterations[1] lagIterations[218] sspIterations[512] numSeparations[191] compileTime[9] sspSolveTime[410] lpSolveTime[0] lb[1681.81] ub[2151.2] size: [35513] time: [449]
STATS - lpIterations[1] lagIterations[219] sspIterations[515] numSeparations[191] compileTime[9] sspSolveTime[411] lpSolveTime[0] lb[1683.4] ub[2151.2] size: [35513] time: [451]
STATS - lpIterations[1] lagIterations[220] sspIterations[516] numSeparations[191] compileTime[9] sspSolveTime[412] lpSolveTime[0] lb[1684.84] ub[2151.2] size: [35513] time: [451]
STATS - lpIterations[1] lagIterations[221] sspIterations[520] numSeparations[191] compileTime[9] sspSolveTime[418] lpSolveTime[0] lb[1686.61] ub[2151.2] size: [35513] time: [457]
new state not feasible
STATS - lpIterations[1] lagIterations[222] sspIterations[523] numSeparations[247] compileTime[9] sspSolveTime[423] lpSolveTime[0] lb[1686.96] ub[2151.2] size: [35614] time: [463]
STATS - lpIterations[1] lagIterations[225] sspIterations[532] numSeparations[247] compileTime[9] sspSolveTime[435] lpSolveTime[0] lb[1698.35] ub[2151.2] size: [35614] time: [474]
STATS - lpIterations[1] lagIterations[226] sspIterations[535] numSeparations[247] compileTime[9] sspSolveTime[438] lpSolveTime[0] lb[1699.6] ub[2151.2] size: [35614] time: [478]
STATS - lpIterations[1] lagIterations[228] sspIterations[540] numSeparations[247] compileTime[9] sspSolveTime[444] lpSolveTime[0] lb[1702.31] ub[2151.2] size: [35614] time: [484]
STATS - lpIterations[1] lagIterations[229] sspIterations[542] numSeparations[247] compileTime[9] sspSolveTime[446] lpSolveTime[0] lb[1704.56] ub[2151.2] size: [35614] time: [486]
STATS - lpIterations[1] lagIterations[230] sspIterations[544] numSeparations[247] compileTime[9] sspSolveTime[449] lpSolveTime[0] lb[1706.02] ub[2151.2] size: [35614] time: [489]
STATS - lpIterations[1] lagIterations[232] sspIterations[553] numSeparations[247] compileTime[9] sspSolveTime[465] lpSolveTime[0] lb[1709.36] ub[2151.2] size: [35614] time: [505]
STATS - lpIterations[1] lagIterations[234] sspIterations[558] numSeparations[247] compileTime[9] sspSolveTime[469] lpSolveTime[0] lb[1714.67] ub[2151.2] size: [35614] time: [509]
STATS - lpIterations[1] lagIterations[236] sspIterations[564] numSeparations[247] compileTime[9] sspSolveTime[480] lpSolveTime[0] lb[1716.43] ub[2151.2] size: [35614] time: [520]
STATS - lpIterations[1] lagIterations[237] sspIterations[566] numSeparations[247] compileTime[9] sspSolveTime[482] lpSolveTime[0] lb[1721.01] ub[2151.2] size: [35614] time: [522]
STATS - lpIterations[1] lagIterations[240] sspIterations[574] numSeparations[247] compileTime[9] sspSolveTime[491] lpSolveTime[0] lb[1723.88] ub[2151.2] size: [35614] time: [531]
STATS - lpIterations[1] lagIterations[241] sspIterations[577] numSeparations[247] compileTime[9] sspSolveTime[494] lpSolveTime[0] lb[1727.55] ub[2151.2] size: [35614] time: [535]
STATS - lpIterations[1] lagIterations[242] sspIterations[580] numSeparations[247] compileTime[9] sspSolveTime[498] lpSolveTime[0] lb[1729.89] ub[2151.2] size: [35614] time: [539]
STATS - lpIterations[1] lagIterations[243] sspIterations[583] numSeparations[247] compileTime[9] sspSolveTime[502] lpSolveTime[0] lb[1729.97] ub[2151.2] size: [35614] time: [543]
STATS - lpIterations[1] lagIterations[244] sspIterations[586] numSeparations[247] compileTime[9] sspSolveTime[508] lpSolveTime[0] lb[1730.96] ub[2151.2] size: [35614] time: [549]
STATS - lpIterations[1] lagIterations[245] sspIterations[588] numSeparations[247] compileTime[9] sspSolveTime[510] lpSolveTime[0] lb[1734.14] ub[2151.2] size: [35614] time: [551]
STATS - lpIterations[1] lagIterations[247] sspIterations[595] numSeparations[247] compileTime[9] sspSolveTime[523] lpSolveTime[0] lb[1735.18] ub[2151.2] size: [35614] time: [564]
STATS - lpIterations[1] lagIterations[250] sspIterations[605] numSeparations[247] compileTime[9] sspSolveTime[536] lpSolveTime[0] lb[1743.14] ub[2151.2] size: [35614] time: [578]
STATS - lpIterations[1] lagIterations[253] sspIterations[613] numSeparations[247] compileTime[9] sspSolveTime[546] lpSolveTime[0] lb[1745.91] ub[2151.2] size: [35614] time: [587]
STATS - lpIterations[1] lagIterations[255] sspIterations[621] numSeparations[247] compileTime[9] sspSolveTime[560] lpSolveTime[0] lb[1748.78] ub[2151.2] size: [35614] time: [601]
STATS - lpIterations[1] lagIterations[256] sspIterations[623] numSeparations[302] compileTime[9] sspSolveTime[562] lpSolveTime[0] lb[1750.13] ub[2151.2] size: [35720] time: [604]
STATS - lpIterations[1] lagIterations[258] sspIterations[632] numSeparations[302] compileTime[9] sspSolveTime[580] lpSolveTime[0] lb[1754.11] ub[2151.2] size: [35720] time: [623]
STATS - lpIterations[1] lagIterations[259] sspIterations[633] numSeparations[302] compileTime[9] sspSolveTime[581] lpSolveTime[0] lb[1756.84] ub[2151.2] size: [35720] time: [624]
number of fixed arcs: 3745
percent fixed arcs: 0.0767971
STATS - lpIterations[1] lagIterations[262] sspIterations[647] numSeparations[302] compileTime[9] sspSolveTime[603] lpSolveTime[0] lb[1759.48] ub[2151.2] size: [35720] time: [646]
STATS - lpIterations[1] lagIterations[263] sspIterations[649] numSeparations[302] compileTime[9] sspSolveTime[606] lpSolveTime[0] lb[1760.4] ub[2151.2] size: [35720] time: [649]
STATS - lpIterations[1] lagIterations[264] sspIterations[652] numSeparations[302] compileTime[9] sspSolveTime[610] lpSolveTime[0] lb[1763.86] ub[2151.2] size: [35720] time: [653]
STATS - lpIterations[1] lagIterations[265] sspIterations[653] numSeparations[302] compileTime[9] sspSolveTime[611] lpSolveTime[0] lb[1767.52] ub[2151.2] size: [35720] time: [654]
STATS - lpIterations[1] lagIterations[268] sspIterations[668] numSeparations[302] compileTime[9] sspSolveTime[639] lpSolveTime[0] lb[1769.62] ub[2151.2] size: [35720] time: [682]
STATS - lpIterations[1] lagIterations[270] sspIterations[673] numSeparations[302] compileTime[9] sspSolveTime[647] lpSolveTime[0] lb[1771.11] ub[2151.2] size: [35720] time: [690]
STATS - lpIterations[1] lagIterations[272] sspIterations[680] numSeparations[302] compileTime[9] sspSolveTime[659] lpSolveTime[0] lb[1773.53] ub[2151.2] size: [35720] time: [703]
STATS - lpIterations[1] lagIterations[273] sspIterations[681] numSeparations[302] compileTime[9] sspSolveTime[660] lpSolveTime[0] lb[1773.94] ub[2151.2] size: [35720] time: [703]
STATS - lpIterations[1] lagIterations[277] sspIterations[700] numSeparations[302] compileTime[9] sspSolveTime[699] lpSolveTime[0] lb[1779.19] ub[2151.2] size: [35720] time: [743]
STATS - lpIterations[1] lagIterations[280] sspIterations[709] numSeparations[302] compileTime[9] sspSolveTime[714] lpSolveTime[0] lb[1783.85] ub[2151.2] size: [35720] time: [758]
STATS - lpIterations[1] lagIterations[282] sspIterations[716] numSeparations[302] compileTime[9] sspSolveTime[725] lpSolveTime[0] lb[1785.46] ub[2151.2] size: [35720] time: [769]
STATS - lpIterations[1] lagIterations[284] sspIterations[722] numSeparations[302] compileTime[9] sspSolveTime[734] lpSolveTime[0] lb[1786.56] ub[2151.2] size: [35720] time: [779]
STATS - lpIterations[1] lagIterations[286] sspIterations[733] numSeparations[367] compileTime[9] sspSolveTime[756] lpSolveTime[0] lb[1789.87] ub[2151.2] size: [35822] time: [801]
STATS - lpIterations[1] lagIterations[287] sspIterations[737] numSeparations[367] compileTime[9] sspSolveTime[765] lpSolveTime[0] lb[1793.53] ub[2151.2] size: [35822] time: [809]
STATS - lpIterations[1] lagIterations[289] sspIterations[742] numSeparations[367] compileTime[9] sspSolveTime[772] lpSolveTime[0] lb[1793.82] ub[2151.2] size: [35822] time: [817]
STATS - lpIterations[1] lagIterations[291] sspIterations[749] numSeparations[367] compileTime[9] sspSolveTime[785] lpSolveTime[0] lb[1795.83] ub[2151.2] size: [35822] time: [830]
STATS - lpIterations[1] lagIterations[293] sspIterations[756] numSeparations[367] compileTime[9] sspSolveTime[796] lpSolveTime[0] lb[1799.05] ub[2151.2] size: [35822] time: [842]
STATS - lpIterations[1] lagIterations[295] sspIterations[762] numSeparations[367] compileTime[9] sspSolveTime[807] lpSolveTime[0] lb[1800.46] ub[2151.2] size: [35822] time: [853]
STATS - lpIterations[1] lagIterations[297] sspIterations[769] numSeparations[367] compileTime[9] sspSolveTime[821] lpSolveTime[0] lb[1800.63] ub[2151.2] size: [35822] time: [866]
STATS - lpIterations[1] lagIterations[299] sspIterations[776] numSeparations[367] compileTime[9] sspSolveTime[830] lpSolveTime[0] lb[1805.8] ub[2151.2] size: [35822] time: [876]
STATS - lpIterations[1] lagIterations[301] sspIterations[783] numSeparations[367] compileTime[9] sspSolveTime[842] lpSolveTime[0] lb[1806.18] ub[2151.2] size: [35822] time: [888]
STATS - lpIterations[1] lagIterations[304] sspIterations[795] numSeparations[367] compileTime[9] sspSolveTime[867] lpSolveTime[0] lb[1808.58] ub[2151.2] size: [35822] time: [913]
STATS - lpIterations[1] lagIterations[305] sspIterations[798] numSeparations[367] compileTime[9] sspSolveTime[872] lpSolveTime[0] lb[1809.34] ub[2151.2] size: [35822] time: [918]
STATS - lpIterations[1] lagIterations[306] sspIterations[801] numSeparations[367] compileTime[9] sspSolveTime[877] lpSolveTime[0] lb[1810.19] ub[2151.2] size: [35822] time: [923]
STATS - lpIterations[1] lagIterations[308] sspIterations[808] numSeparations[367] compileTime[9] sspSolveTime[891] lpSolveTime[0] lb[1813.56] ub[2151.2] size: [35822] time: [937]
STATS - lpIterations[1] lagIterations[309] sspIterations[811] numSeparations[367] compileTime[9] sspSolveTime[895] lpSolveTime[0] lb[1814.12] ub[2151.2] size: [35822] time: [942]
STATS - lpIterations[1] lagIterations[312] sspIterations[820] numSeparations[367] compileTime[9] sspSolveTime[908] lpSolveTime[0] lb[1815.74] ub[2151.2] size: [35822] time: [954]
STATS - lpIterations[1] lagIterations[314] sspIterations[827] numSeparations[443] compileTime[9] sspSolveTime[920] lpSolveTime[0] lb[1818.38] ub[2151.2] size: [35937] time: [967]
STATS - lpIterations[1] lagIterations[316] sspIterations[837] numSeparations[443] compileTime[9] sspSolveTime[940] lpSolveTime[0] lb[1820.65] ub[2151.2] size: [35937] time: [987]
STATS - lpIterations[1] lagIterations[317] sspIterations[840] numSeparations[443] compileTime[9] sspSolveTime[946] lpSolveTime[0] lb[1821.25] ub[2151.2] size: [35937] time: [993]
STATS - lpIterations[1] lagIterations[318] sspIterations[843] numSeparations[443] compileTime[9] sspSolveTime[952] lpSolveTime[0] lb[1822.43] ub[2151.2] size: [35937] time: [999]
STATS - lpIterations[1] lagIterations[320] sspIterations[849] numSeparations[443] compileTime[9] sspSolveTime[964] lpSolveTime[0] lb[1823.62] ub[2151.2] size: [35937] time: [1011]
STATS - lpIterations[1] lagIterations[325] sspIterations[864] numSeparations[443] compileTime[9] sspSolveTime[985] lpSolveTime[0] lb[1826.09] ub[2151.2] size: [35937] time: [1033]
STATS - lpIterations[1] lagIterations[327] sspIterations[873] numSeparations[443] compileTime[9] sspSolveTime[998] lpSolveTime[0] lb[1830.65] ub[2151.2] size: [35937] time: [1046]
STATS - lpIterations[1] lagIterations[329] sspIterations[880] numSeparations[443] compileTime[9] sspSolveTime[1010] lpSolveTime[0] lb[1832.1] ub[2151.2] size: [35937] time: [1058]
STATS - lpIterations[1] lagIterations[331] sspIterations[886] numSeparations[443] compileTime[9] sspSolveTime[1020] lpSolveTime[0] lb[1832.97] ub[2151.2] size: [35937] time: [1068]
STATS - lpIterations[1] lagIterations[333] sspIterations[892] numSeparations[443] compileTime[9] sspSolveTime[1031] lpSolveTime[0] lb[1834.47] ub[2151.2] size: [35937] time: [1080]
STATS - lpIterations[1] lagIterations[334] sspIterations[895] numSeparations[443] compileTime[9] sspSolveTime[1036] lpSolveTime[0] lb[1835.09] ub[2151.2] size: [35937] time: [1085]
STATS - lpIterations[1] lagIterations[336] sspIterations[901] numSeparations[443] compileTime[9] sspSolveTime[1046] lpSolveTime[0] lb[1836.51] ub[2151.2] size: [35937] time: [1095]
STATS - lpIterations[1] lagIterations[338] sspIterations[908] numSeparations[443] compileTime[9] sspSolveTime[1060] lpSolveTime[0] lb[1837.76] ub[2151.2] size: [35937] time: [1108]
STATS - lpIterations[1] lagIterations[339] sspIterations[910] numSeparations[443] compileTime[9] sspSolveTime[1062] lpSolveTime[0] lb[1839.57] ub[2151.2] size: [35937] time: [1111]
STATS - lpIterations[1] lagIterations[341] sspIterations[920] numSeparations[443] compileTime[9] sspSolveTime[1080] lpSolveTime[0] lb[1840.2] ub[2151.2] size: [35937] time: [1129]
STATS - lpIterations[1] lagIterations[344] sspIterations[930] numSeparations[510] compileTime[9] sspSolveTime[1095] lpSolveTime[0] lb[1841.67] ub[2151.2] size: [36036] time: [1145]
STATS - lpIterations[1] lagIterations[346] sspIterations[937] numSeparations[510] compileTime[9] sspSolveTime[1112] lpSolveTime[0] lb[1842.37] ub[2151.2] size: [36036] time: [1161]
STATS - lpIterations[1] lagIterations[348] sspIterations[947] numSeparations[510] compileTime[9] sspSolveTime[1128] lpSolveTime[0] lb[1845.61] ub[2151.2] size: [36036] time: [1177]
STATS - lpIterations[1] lagIterations[357] sspIterations[978] numSeparations[510] compileTime[9] sspSolveTime[1172] lpSolveTime[0] lb[1849.46] ub[2151.2] size: [36036] time: [1222]
STATS - lpIterations[1] lagIterations[361] sspIterations[992] numSeparations[510] compileTime[9] sspSolveTime[1192] lpSolveTime[0] lb[1853.94] ub[2151.2] size: [36036] time: [1242]
STATS - lpIterations[1] lagIterations[363] sspIterations[1004] numSeparations[510] compileTime[9] sspSolveTime[1221] lpSolveTime[0] lb[1855.23] ub[2151.2] size: [36036] time: [1271]
STATS - lpIterations[1] lagIterations[364] sspIterations[1007] numSeparations[510] compileTime[9] sspSolveTime[1227] lpSolveTime[0] lb[1855.6] ub[2151.2] size: [36036] time: [1278]
STATS - lpIterations[1] lagIterations[366] sspIterations[1016] numSeparations[510] compileTime[9] sspSolveTime[1242] lpSolveTime[0] lb[1856.73] ub[2151.2] size: [36036] time: [1293]
STATS - lpIterations[1] lagIterations[368] sspIterations[1021] numSeparations[510] compileTime[9] sspSolveTime[1252] lpSolveTime[0] lb[1858.01] ub[2151.2] size: [36036] time: [1303]
STATS - lpIterations[1] lagIterations[370] sspIterations[1033] numSeparations[599] compileTime[9] sspSolveTime[1278] lpSolveTime[0] lb[1858.48] ub[2151.2] size: [36161] time: [1329]
STATS - lpIterations[1] lagIterations[373] sspIterations[1042] numSeparations[599] compileTime[9] sspSolveTime[1293] lpSolveTime[0] lb[1860.05] ub[2151.2] size: [36161] time: [1344]
STATS - lpIterations[1] lagIterations[378] sspIterations[1058] numSeparations[599] compileTime[9] sspSolveTime[1317] lpSolveTime[0] lb[1861.23] ub[2151.2] size: [36161] time: [1369]
STATS - lpIterations[1] lagIterations[380] sspIterations[1065] numSeparations[599] compileTime[9] sspSolveTime[1332] lpSolveTime[0] lb[1863.46] ub[2151.2] size: [36161] time: [1384]
STATS - lpIterations[1] lagIterations[381] sspIterations[1068] numSeparations[599] compileTime[9] sspSolveTime[1339] lpSolveTime[0] lb[1864.15] ub[2151.2] size: [36161] time: [1391]
STATS - lpIterations[1] lagIterations[382] sspIterations[1072] numSeparations[599] compileTime[9] sspSolveTime[1346] lpSolveTime[0] lb[1864.84] ub[2151.2] size: [36161] time: [1398]
STATS - lpIterations[1] lagIterations[383] sspIterations[1075] numSeparations[599] compileTime[9] sspSolveTime[1352] lpSolveTime[0] lb[1865.97] ub[2151.2] size: [36161] time: [1404]
STATS - lpIterations[1] lagIterations[386] sspIterations[1085] numSeparations[599] compileTime[9] sspSolveTime[1369] lpSolveTime[0] lb[1866.45] ub[2151.2] size: [36161] time: [1422]
STATS - lpIterations[1] lagIterations[389] sspIterations[1095] numSeparations[599] compileTime[9] sspSolveTime[1386] lpSolveTime[0] lb[1867.45] ub[2151.2] size: [36161] time: [1438]
STATS - lpIterations[1] lagIterations[390] sspIterations[1098] numSeparations[599] compileTime[9] sspSolveTime[1392] lpSolveTime[0] lb[1869.26] ub[2151.2] size: [36161] time: [1445]
STATS - lpIterations[1] lagIterations[394] sspIterations[1111] numSeparations[599] compileTime[9] sspSolveTime[1410] lpSolveTime[0] lb[1872.12] ub[2151.2] size: [36161] time: [1463]
STATS - lpIterations[1] lagIterations[396] sspIterations[1117] numSeparations[599] compileTime[9] sspSolveTime[1418] lpSolveTime[0] lb[1872.27] ub[2151.2] size: [36161] time: [1472]
STATS - lpIterations[1] lagIterations[401] sspIterations[1139] numSeparations[684] compileTime[9] sspSolveTime[1466] lpSolveTime[0] lb[1874.37] ub[2151.2] size: [36270] time: [1520]
STATS - lpIterations[1] lagIterations[402] sspIterations[1141] numSeparations[684] compileTime[9] sspSolveTime[1468] lpSolveTime[0] lb[1874.44] ub[2151.2] size: [36270] time: [1522]
STATS - lpIterations[1] lagIterations[404] sspIterations[1148] numSeparations[684] compileTime[9] sspSolveTime[1483] lpSolveTime[0] lb[1875.31] ub[2151.2] size: [36270] time: [1537]
STATS - lpIterations[1] lagIterations[407] sspIterations[1159] numSeparations[684] compileTime[9] sspSolveTime[1505] lpSolveTime[0] lb[1876.91] ub[2151.2] size: [36270] time: [1559]
STATS - lpIterations[1] lagIterations[412] sspIterations[1178] numSeparations[684] compileTime[9] sspSolveTime[1542] lpSolveTime[0] lb[1878.75] ub[2151.2] size: [36270] time: [1597]
STATS - lpIterations[1] lagIterations[413] sspIterations[1181] numSeparations[684] compileTime[9] sspSolveTime[1549] lpSolveTime[0] lb[1879.92] ub[2151.2] size: [36270] time: [1603]
STATS - lpIterations[1] lagIterations[420] sspIterations[1208] numSeparations[684] compileTime[9] sspSolveTime[1601] lpSolveTime[0] lb[1882.91] ub[2151.2] size: [36270] time: [1656]
STATS - lpIterations[1] lagIterations[421] sspIterations[1210] numSeparations[684] compileTime[9] sspSolveTime[1604] lpSolveTime[0] lb[1884.34] ub[2151.2] size: [36270] time: [1659]
STATS - lpIterations[1] lagIterations[425] sspIterations[1226] numSeparations[684] compileTime[9] sspSolveTime[1639] lpSolveTime[0] lb[1885.3] ub[2151.2] size: [36270] time: [1694]
STATS - lpIterations[1] lagIterations[429] sspIterations[1240] numSeparations[770] compileTime[9] sspSolveTime[1665] lpSolveTime[0] lb[1886.66] ub[2151.2] size: [36327] time: [1721]
STATS - lpIterations[1] lagIterations[430] sspIterations[1244] numSeparations[770] compileTime[9] sspSolveTime[1672] lpSolveTime[0] lb[1887.36] ub[2151.2] size: [36327] time: [1728]
STATS - lpIterations[1] lagIterations[431] sspIterations[1247] numSeparations[770] compileTime[9] sspSolveTime[1678] lpSolveTime[0] lb[1888.01] ub[2151.2] size: [36327] time: [1734]
STATS - lpIterations[1] lagIterations[432] sspIterations[1250] numSeparations[770] compileTime[9] sspSolveTime[1686] lpSolveTime[0] lb[1888.27] ub[2151.2] size: [36327] time: [1743]
STATS - lpIterations[1] lagIterations[434] sspIterations[1257] numSeparations[770] compileTime[9] sspSolveTime[1700] lpSolveTime[0] lb[1888.41] ub[2151.2] size: [36327] time: [1757]
STATS - lpIterations[1] lagIterations[437] sspIterations[1266] numSeparations[770] compileTime[9] sspSolveTime[1715] lpSolveTime[0] lb[1890.47] ub[2151.2] size: [36327] time: [1771]
STATS - lpIterations[1] lagIterations[440] sspIterations[1277] numSeparations[770] compileTime[9] sspSolveTime[1730] lpSolveTime[0] lb[1891.57] ub[2151.2] size: [36327] time: [1786]
STATS - lpIterations[1] lagIterations[444] sspIterations[1290] numSeparations[770] compileTime[9] sspSolveTime[1755] lpSolveTime[0] lb[1892.96] ub[2151.2] size: [36327] time: [1813]
STATS - lpIterations[1] lagIterations[445] sspIterations[1292] numSeparations[770] compileTime[9] sspSolveTime[1759] lpSolveTime[0] lb[1892.97] ub[2151.2] size: [36327] time: [1817]
STATS - lpIterations[1] lagIterations[446] sspIterations[1294] numSeparations[770] compileTime[9] sspSolveTime[1763] lpSolveTime[0] lb[1893.28] ub[2151.2] size: [36327] time: [1820]
STATS - lpIterations[1] lagIterations[450] sspIterations[1309] numSeparations[770] compileTime[9] sspSolveTime[1795] lpSolveTime[0] lb[1894.42] ub[2151.2] size: [36327] time: [1853]
STATS - lpIterations[1] lagIterations[452] sspIterations[1316] numSeparations[770] compileTime[9] sspSolveTime[1809] lpSolveTime[0] lb[1895.43] ub[2151.2] size: [36327] time: [1867]
STATS - lpIterations[1] lagIterations[453] sspIterations[1319] numSeparations[770] compileTime[9] sspSolveTime[1814] lpSolveTime[0] lb[1896.78] ub[2151.2] size: [36327] time: [1872]
STATS - lpIterations[1] lagIterations[455] sspIterations[1326] numSeparations[770] compileTime[9] sspSolveTime[1828] lpSolveTime[0] lb[1898.06] ub[2151.2] size: [36327] time: [1886]
STATS - lpIterations[1] lagIterations[459] sspIterations[1340] numSeparations[861] compileTime[9] sspSolveTime[1852] lpSolveTime[0] lb[1898.24] ub[2151.2] size: [36380] time: [1911]
STATS - lpIterations[1] lagIterations[464] sspIterations[1357] numSeparations[861] compileTime[9] sspSolveTime[1885] lpSolveTime[0] lb[1900.36] ub[2151.2] size: [36380] time: [1944]
STATS - lpIterations[1] lagIterations[470] sspIterations[1377] numSeparations[861] compileTime[9] sspSolveTime[1921] lpSolveTime[0] lb[1902.12] ub[2151.2] size: [36380] time: [1981]
STATS - lpIterations[1] lagIterations[473] sspIterations[1388] numSeparations[861] compileTime[9] sspSolveTime[1942] lpSolveTime[0] lb[1904.29] ub[2151.2] size: [36380] time: [2002]
STATS - lpIterations[1] lagIterations[477] sspIterations[1403] numSeparations[861] compileTime[9] sspSolveTime[1969] lpSolveTime[0] lb[1906.01] ub[2151.2] size: [36380] time: [2029]
STATS - lpIterations[1] lagIterations[483] sspIterations[1427] numSeparations[861] compileTime[9] sspSolveTime[2012] lpSolveTime[0] lb[1906.7] ub[2151.2] size: [36380] time: [2073]
STATS - lpIterations[1] lagIterations[485] sspIterations[1434] numSeparations[861] compileTime[9] sspSolveTime[2025] lpSolveTime[0] lb[1906.88] ub[2151.2] size: [36380] time: [2086]
STATS - lpIterations[1] lagIterations[487] sspIterations[1441] numSeparations[952] compileTime[9] sspSolveTime[2039] lpSolveTime[0] lb[1907.47] ub[2151.2] size: [36451] time: [2100]
STATS - lpIterations[1] lagIterations[490] sspIterations[1452] numSeparations[952] compileTime[9] sspSolveTime[2061] lpSolveTime[0] lb[1908.53] ub[2151.2] size: [36451] time: [2123]
STATS - lpIterations[1] lagIterations[492] sspIterations[1459] numSeparations[952] compileTime[9] sspSolveTime[2076] lpSolveTime[0] lb[1909.39] ub[2151.2] size: [36451] time: [2137]
STATS - lpIterations[1] lagIterations[497] sspIterations[1475] numSeparations[952] compileTime[9] sspSolveTime[2098] lpSolveTime[0] lb[1910.35] ub[2151.2] size: [36451] time: [2160]
STATS - lpIterations[1] lagIterations[498] sspIterations[1477] numSeparations[952] compileTime[9] sspSolveTime[2101] lpSolveTime[0] lb[1910.38] ub[2151.2] size: [36451] time: [2163]
STATS - lpIterations[1] lagIterations[499] sspIterations[1481] numSeparations[952] compileTime[9] sspSolveTime[2111] lpSolveTime[0] lb[1911.71] ub[2151.2] size: [36451] time: [2173]
STATS - lpIterations[1] lagIterations[503] sspIterations[1496] numSeparations[952] compileTime[9] sspSolveTime[2141] lpSolveTime[0] lb[1912.89] ub[2151.2] size: [36451] time: [2203]
STATS - lpIterations[1] lagIterations[504] sspIterations[1499] numSeparations[952] compileTime[9] sspSolveTime[2145] lpSolveTime[0] lb[1914.06] ub[2151.2] size: [36451] time: [2207]
STATS - lpIterations[1] lagIterations[508] sspIterations[1513] numSeparations[952] compileTime[9] sspSolveTime[2173] lpSolveTime[0] lb[1914.15] ub[2151.2] size: [36451] time: [2236]
STATS - lpIterations[1] lagIterations[513] sspIterations[1534] numSeparations[952] compileTime[9] sspSolveTime[2212] lpSolveTime[0] lb[1915.65] ub[2151.2] size: [36451] time: [2275]
STATS - lpIterations[1] lagIterations[515] sspIterations[1540] numSeparations[952] compileTime[9] sspSolveTime[2222] lpSolveTime[0] lb[1916.53] ub[2151.2] size: [36451] time: [2285]
new state not feasible
STATS - lpIterations[1] lagIterations[518] sspIterations[1552] numSeparations[1046] compileTime[9] sspSolveTime[2246] lpSolveTime[0] lb[1916.68] ub[2151.2] size: [36492] time: [2310]
STATS - lpIterations[1] lagIterations[519] sspIterations[1556] numSeparations[1046] compileTime[9] sspSolveTime[2253] lpSolveTime[0] lb[1917.29] ub[2151.2] size: [36492] time: [2316]
STATS - lpIterations[1] lagIterations[525] sspIterations[1577] numSeparations[1046] compileTime[9] sspSolveTime[2289] lpSolveTime[0] lb[1919.08] ub[2151.2] size: [36492] time: [2353]
STATS - lpIterations[1] lagIterations[529] sspIterations[1592] numSeparations[1046] compileTime[9] sspSolveTime[2314] lpSolveTime[0] lb[1920.59] ub[2151.2] size: [36492] time: [2378]
STATS - lpIterations[1] lagIterations[532] sspIterations[1603] numSeparations[1046] compileTime[9] sspSolveTime[2334] lpSolveTime[0] lb[1920.86] ub[2151.2] size: [36492] time: [2399]
STATS - lpIterations[1] lagIterations[536] sspIterations[1617] numSeparations[1046] compileTime[9] sspSolveTime[2358] lpSolveTime[0] lb[1921.03] ub[2151.2] size: [36492] time: [2422]
STATS - lpIterations[1] lagIterations[544] sspIterations[1646] numSeparations[1136] compileTime[9] sspSolveTime[2413] lpSolveTime[0] lb[1922.88] ub[2151.2] size: [36551] time: [2478]
STATS - lpIterations[1] lagIterations[546] sspIterations[1654] numSeparations[1136] compileTime[9] sspSolveTime[2425] lpSolveTime[0] lb[1924.24] ub[2151.2] size: [36551] time: [2491]
STATS - lpIterations[1] lagIterations[551] sspIterations[1675] numSeparations[1136] compileTime[9] sspSolveTime[2466] lpSolveTime[0] lb[1925.04] ub[2151.2] size: [36551] time: [2532]
STATS - lpIterations[1] lagIterations[554] sspIterations[1687] numSeparations[1136] compileTime[9] sspSolveTime[2484] lpSolveTime[0] lb[1925.48] ub[2151.2] size: [36551] time: [2551]
STATS - lpIterations[1] lagIterations[564] sspIterations[1724] numSeparations[1136] compileTime[9] sspSolveTime[2556] lpSolveTime[0] lb[1927.62] ub[2151.2] size: [36551] time: [2623]
STATS - lpIterations[1] lagIterations[565] sspIterations[1727] numSeparations[1136] compileTime[9] sspSolveTime[2563] lpSolveTime[0] lb[1927.94] ub[2151.2] size: [36551] time: [2631]
STATS - lpIterations[1] lagIterations[567] sspIterations[1735] numSeparations[1136] compileTime[9] sspSolveTime[2576] lpSolveTime[0] lb[1928.84] ub[2151.2] size: [36551] time: [2644]
STATS - lpIterations[1] lagIterations[572] sspIterations[1756] numSeparations[1221] compileTime[9] sspSolveTime[2619] lpSolveTime[0] lb[1929.66] ub[2151.2] size: [36606] time: [2686]
STATS - lpIterations[1] lagIterations[580] sspIterations[1785] numSeparations[1221] compileTime[9] sspSolveTime[2670] lpSolveTime[0] lb[1931.07] ub[2151.2] size: [36606] time: [2739]
STATS - lpIterations[1] lagIterations[586] sspIterations[1806] numSeparations[1221] compileTime[9] sspSolveTime[2713] lpSolveTime[0] lb[1932.55] ub[2151.2] size: [36606] time: [2781]
STATS - lpIterations[1] lagIterations[593] sspIterations[1835] numSeparations[1221] compileTime[9] sspSolveTime[2762] lpSolveTime[0] lb[1934.47] ub[2151.2] size: [36606] time: [2832]
new state not feasible
STATS - lpIterations[1] lagIterations[601] sspIterations[1866] numSeparations[1314] compileTime[9] sspSolveTime[2823] lpSolveTime[0] lb[1936.11] ub[2151.2] size: [36666] time: [2894]
STATS - lpIterations[1] lagIterations[602] sspIterations[1869] numSeparations[1314] compileTime[9] sspSolveTime[2830] lpSolveTime[0] lb[1936.49] ub[2151.2] size: [36666] time: [2900]
STATS - lpIterations[1] lagIterations[603] sspIterations[1873] numSeparations[1314] compileTime[9] sspSolveTime[2837] lpSolveTime[0] lb[1937.02] ub[2151.2] size: [36666] time: [2907]
STATS - lpIterations[1] lagIterations[609] sspIterations[1894] numSeparations[1314] compileTime[9] sspSolveTime[2880] lpSolveTime[0] lb[1937.28] ub[2151.2] size: [36666] time: [2950]
STATS - lpIterations[1] lagIterations[611] sspIterations[1902] numSeparations[1314] compileTime[9] sspSolveTime[2894] lpSolveTime[0] lb[1937.59] ub[2151.2] size: [36666] time: [2965]
STATS - lpIterations[1] lagIterations[613] sspIterations[1908] numSeparations[1314] compileTime[9] sspSolveTime[2908] lpSolveTime[0] lb[1938.97] ub[2151.2] size: [36666] time: [2979]
STATS - lpIterations[1] lagIterations[620] sspIterations[1936] numSeparations[1314] compileTime[9] sspSolveTime[2970] lpSolveTime[0] lb[1940.28] ub[2151.2] size: [36666] time: [3042]
STATS - lpIterations[1] lagIterations[621] sspIterations[1939] numSeparations[1314] compileTime[9] sspSolveTime[2976] lpSolveTime[0] lb[1940.59] ub[2151.2] size: [36666] time: [3047]
new state not feasible
STATS - lpIterations[1] lagIterations[627] sspIterations[1964] numSeparations[1408] compileTime[9] sspSolveTime[3022] lpSolveTime[0] lb[1942.65] ub[2151.2] size: [36747] time: [3094]
STATS - lpIterations[1] lagIterations[635] sspIterations[1995] numSeparations[1408] compileTime[9] sspSolveTime[3086] lpSolveTime[0] lb[1943.27] ub[2151.2] size: [36747] time: [3159]
STATS - lpIterations[1] lagIterations[637] sspIterations[2003] numSeparations[1408] compileTime[9] sspSolveTime[3102] lpSolveTime[0] lb[1943.37] ub[2151.2] size: [36747] time: [3175]
STATS - lpIterations[1] lagIterations[640] sspIterations[2013] numSeparations[1408] compileTime[9] sspSolveTime[3119] lpSolveTime[0] lb[1943.4] ub[2151.2] size: [36747] time: [3192]
infeas time window, separate 429 640
STATS - lpIterations[1] lagIterations[649] sspIterations[2047] numSeparations[1408] compileTime[9] sspSolveTime[3184] lpSolveTime[0] lb[1945.99] ub[2151.2] size: [36747] time: [3258]
infeas time window, separate 425 648.8
new state not feasible
STATS - lpIterations[1] lagIterations[651] sspIterations[2054] numSeparations[1496] compileTime[9] sspSolveTime[3196] lpSolveTime[0] lb[1946.79] ub[2151.2] size: [36800] time: [3270]
STATS - lpIterations[1] lagIterations[653] sspIterations[2064] numSeparations[1496] compileTime[9] sspSolveTime[3215] lpSolveTime[0] lb[1947.06] ub[2151.2] size: [36800] time: [3289]
STATS - lpIterations[1] lagIterations[655] sspIterations[2072] numSeparations[1496] compileTime[9] sspSolveTime[3231] lpSolveTime[0] lb[1947.38] ub[2151.2] size: [36800] time: [3306]
infeas time window, separate 429 640
STATS - lpIterations[1] lagIterations[663] sspIterations[2103] numSeparations[1496] compileTime[9] sspSolveTime[3290] lpSolveTime[0] lb[1948.28] ub[2151.2] size: [36800] time: [3365]
STATS - lpIterations[1] lagIterations[665] sspIterations[2113] numSeparations[1496] compileTime[9] sspSolveTime[3311] lpSolveTime[0] lb[1948.73] ub[2151.2] size: [36800] time: [3386]
STATS - lpIterations[1] lagIterations[668] sspIterations[2124] numSeparations[1496] compileTime[9] sspSolveTime[3335] lpSolveTime[0] lb[1949.14] ub[2151.2] size: [36800] time: [3411]
infeas time window, separate 416 417.7
STATS - lpIterations[1] lagIterations[673] sspIterations[2142] numSeparations[1496] compileTime[9] sspSolveTime[3367] lpSolveTime[0] lb[1950.11] ub[2151.2] size: [36800] time: [3443]
new state not feasible
STATS - lpIterations[1] lagIterations[677] sspIterations[2159] numSeparations[1589] compileTime[9] sspSolveTime[3402] lpSolveTime[0] lb[1951.11] ub[2151.2] size: [36842] time: [3478]
infeas time window, separate 429 640
infeas time window, separate 416 417.7
infeas time window, separate 425 687.7
STATS - lpIterations[1] lagIterations[684] sspIterations[2186] numSeparations[1589] compileTime[9] sspSolveTime[3455] lpSolveTime[0] lb[1951.39] ub[2151.2] size: [36842] time: [3532]
infeas time window, separate 425 648.8
STATS - lpIterations[1] lagIterations[686] sspIterations[2195] numSeparations[1589] compileTime[9] sspSolveTime[3476] lpSolveTime[0] lb[1952.29] ub[2151.2] size: [36842] time: [3553]
