relax time window constraint
capacity: 21
instance upper bound: 13332
compiling DD
time step mult: 1
time step: 10
cap step: 1
done compiling DD
batch size for lag: 1
iteration delay to start separating: 0
optimality gap to start repairing: 5
percent fixed to change to CPLEX: 97.5
num arcs to change to CPLEX: 100000
num arcs to change to LAG: 999999999
STATS - lpIterations[0] lagIterations[0] sspIterations[0] numSeparations[0] numCuts[0] compileTime[1] sspSolveTime[0] lpSolveTime[0] lb[0] ub[13332] numArcs: [550375] numFixed: [0] time: [1]
STATS - lpIterations[1] lagIterations[0] sspIterations[0] numSeparations[0] numCuts[0] compileTime[1] sspSolveTime[0] lpSolveTime[0] lb[0] ub[13332] numArcs: [550375] numFixed: [0] time: [1]
STATS - lpIterations[1] lagIterations[1] sspIterations[1] numSeparations[0] numCuts[0] compileTime[1] sspSolveTime[0] lpSolveTime[0] lb[8399.9] ub[13332] numArcs: [550375] numFixed: [0] time: [1]
STATS - lpIterations[1] lagIterations[2] sspIterations[2] numSeparations[0] numCuts[0] compileTime[1] sspSolveTime[0] lpSolveTime[0] lb[8815.74] ub[13332] numArcs: [550375] numFixed: [0] time: [1]
STATS - lpIterations[1] lagIterations[3] sspIterations[3] numSeparations[0] numCuts[0] compileTime[1] sspSolveTime[0] lpSolveTime[0] lb[9247.89] ub[13332] numArcs: [550375] numFixed: [0] time: [1]
STATS - lpIterations[1] lagIterations[4] sspIterations[4] numSeparations[0] numCuts[0] compileTime[1] sspSolveTime[0] lpSolveTime[0] lb[9659.05] ub[13332] numArcs: [550375] numFixed: [0] time: [1]
STATS - lpIterations[1] lagIterations[5] sspIterations[5] numSeparations[1] numCuts[0] compileTime[1] sspSolveTime[0] lpSolveTime[0] lb[9885.85] ub[13332] numArcs: [550841] numFixed: [0] time: [1]
STATS - lpIterations[1] lagIterations[6] sspIterations[6] numSeparations[2] numCuts[0] compileTime[1] sspSolveTime[0] lpSolveTime[0] lb[10156] ub[13332] numArcs: [551624] numFixed: [0] time: [1]
STATS - lpIterations[1] lagIterations[7] sspIterations[7] numSeparations[3] numCuts[0] compileTime[1] sspSolveTime[0] lpSolveTime[0] lb[10416.8] ub[13332] numArcs: [551977] numFixed: [0] time: [1]
STATS - lpIterations[1] lagIterations[8] sspIterations[8] numSeparations[4] numCuts[0] compileTime[1] sspSolveTime[0] lpSolveTime[0] lb[10648.5] ub[13332] numArcs: [552417] numFixed: [0] time: [1]
STATS - lpIterations[1] lagIterations[9] sspIterations[9] numSeparations[5] numCuts[0] compileTime[1] sspSolveTime[0] lpSolveTime[0] lb[10891.5] ub[13332] numArcs: [552863] numFixed: [0] time: [1]
STATS - lpIterations[1] lagIterations[10] sspIterations[10] numSeparations[6] numCuts[0] compileTime[1] sspSolveTime[0] lpSolveTime[0] lb[11088.9] ub[13332] numArcs: [553216] numFixed: [0] time: [1]
STATS - lpIterations[1] lagIterations[11] sspIterations[16] numSeparations[7] numCuts[0] compileTime[1] sspSolveTime[0] lpSolveTime[0] lb[11355.9] ub[13332] numArcs: [554100] numFixed: [0] time: [1]
STATS - lpIterations[1] lagIterations[12] sspIterations[17] numSeparations[13] numCuts[0] compileTime[1] sspSolveTime[0] lpSolveTime[0] lb[11454.6] ub[13332] numArcs: [556177] numFixed: [0] time: [1]
STATS - lpIterations[1] lagIterations[13] sspIterations[23] numSeparations[14] numCuts[0] compileTime[1] sspSolveTime[0] lpSolveTime[0] lb[11666] ub[13332] numArcs: [556876] numFixed: [0] time: [1]
STATS - lpIterations[1] lagIterations[14] sspIterations[25] numSeparations[20] numCuts[0] compileTime[1] sspSolveTime[0] lpSolveTime[0] lb[11796.7] ub[13332] numArcs: [563081] numFixed: [0] time: [1]
STATS - lpIterations[1] lagIterations[16] sspIterations[40] numSeparations[36] numCuts[0] compileTime[1] sspSolveTime[0] lpSolveTime[0] lb[11981.4] ub[13332] numArcs: [571127] numFixed: [0] time: [2]
STATS - lpIterations[1] lagIterations[18] sspIterations[85] numSeparations[67] numCuts[0] compileTime[1] sspSolveTime[1] lpSolveTime[0] lb[11983.4] ub[13332] numArcs: [586483] numFixed: [0] time: [2]
STATS - lpIterations[1] lagIterations[19] sspIterations[89] numSeparations[74] numCuts[0] compileTime[1] sspSolveTime[1] lpSolveTime[0] lb[12138.2] ub[13332] numArcs: [590609] numFixed: [0] time: [2]
STATS - lpIterations[1] lagIterations[23] sspIterations[116] numSeparations[94] numCuts[0] compileTime[1] sspSolveTime[1] lpSolveTime[0] lb[12151.7] ub[13332] numArcs: [601331] numFixed: [0] time: [3]
STATS - lpIterations[1] lagIterations[24] sspIterations[117] numSeparations[101] numCuts[0] compileTime[1] sspSolveTime[1] lpSolveTime[0] lb[12193.3] ub[13332] numArcs: [604754] numFixed: [0] time: [3]
STATS - lpIterations[1] lagIterations[26] sspIterations[171] numSeparations[139] numCuts[0] compileTime[1] sspSolveTime[2] lpSolveTime[0] lb[12279] ub[13332] numArcs: [633448] numFixed: [0] time: [4]
STATS - lpIterations[1] lagIterations[27] sspIterations[174] numSeparations[155] numCuts[0] compileTime[1] sspSolveTime[2] lpSolveTime[0] lb[12361.7] ub[13332] numArcs: [640383] numFixed: [0] time: [4]
STATS - lpIterations[1] lagIterations[29] sspIterations[210] numSeparations[188] numCuts[0] compileTime[1] sspSolveTime[3] lpSolveTime[0] lb[12420.3] ub[13332] numArcs: [659451] numFixed: [0] time: [4]
STATS - lpIterations[1] lagIterations[35] sspIterations[368] numSeparations[334] numCuts[0] compileTime[1] sspSolveTime[6] lpSolveTime[0] lb[12502] ub[13332] numArcs: [741169] numFixed: [0] time: [8]
STATS - lpIterations[1] lagIterations[40] sspIterations[473] numSeparations[420] numCuts[0] compileTime[1] sspSolveTime[10] lpSolveTime[0] lb[12535.6] ub[13332] numArcs: [784570] numFixed: [0] time: [12]
STATS - lpIterations[1] lagIterations[44] sspIterations[546] numSeparations[480] numCuts[0] compileTime[1] sspSolveTime[11] lpSolveTime[0] lb[12541] ub[13332] numArcs: [813439] numFixed: [0] time: [13]
STATS - lpIterations[1] lagIterations[49] sspIterations[657] numSeparations[569] numCuts[0] compileTime[1] sspSolveTime[14] lpSolveTime[0] lb[12621.4] ub[13332] numArcs: [857314] numFixed: [0] time: [16]
STATS - lpIterations[1] lagIterations[54] sspIterations[793] numSeparations[666] numCuts[0] compileTime[1] sspSolveTime[20] lpSolveTime[0] lb[12641.8] ub[13332] numArcs: [907925] numFixed: [0] time: [22]
STATS - lpIterations[1] lagIterations[67] sspIterations[1032] numSeparations[850] numCuts[0] compileTime[1] sspSolveTime[31] lpSolveTime[0] lb[12661] ub[13332] numArcs: [996847] numFixed: [0] time: [33]
STATS - lpIterations[1] lagIterations[73] sspIterations[1187] numSeparations[956] numCuts[0] compileTime[1] sspSolveTime[37] lpSolveTime[0] lb[12725] ub[13332] numArcs: [1043880] numFixed: [0] time: [40]
STATS - lpIterations[1] lagIterations[73] sspIterations[1187] numSeparations[956] numCuts[0] compileTime[1] sspSolveTime[37] lpSolveTime[0] lb[12732.3] ub[13332] numArcs: [1043880] numFixed: [0] time: [40]
STATS - lpIterations[1] lagIterations[97] sspIterations[1722] numSeparations[1336] numCuts[0] compileTime[1] sspSolveTime[68] lpSolveTime[0] lb[12735.3] ub[13332] numArcs: [1213667] numFixed: [0] time: [74]
STATS - lpIterations[1] lagIterations[97] sspIterations[1722] numSeparations[1336] numCuts[0] compileTime[1] sspSolveTime[68] lpSolveTime[0] lb[12749.2] ub[13332] numArcs: [1213667] numFixed: [0] time: [74]
STATS - lpIterations[1] lagIterations[106] sspIterations[1914] numSeparations[1470] numCuts[0] compileTime[1] sspSolveTime[79] lpSolveTime[0] lb[12757.8] ub[13332] numArcs: [1275018] numFixed: [0] time: [86]
STATS - lpIterations[1] lagIterations[106] sspIterations[1914] numSeparations[1470] numCuts[0] compileTime[1] sspSolveTime[79] lpSolveTime[0] lb[12764.6] ub[13332] numArcs: [1275018] numFixed: [0] time: [86]
STATS - lpIterations[1] lagIterations[111] sspIterations[2027] numSeparations[1558] numCuts[0] compileTime[1] sspSolveTime[85] lpSolveTime[0] lb[12773.7] ub[13332] numArcs: [1314705] numFixed: [0] time: [93]
STATS - lpIterations[1] lagIterations[135] sspIterations[2513] numSeparations[1846] numCuts[0] compileTime[1] sspSolveTime[116] lpSolveTime[0] lb[12777.5] ub[13332] numArcs: [1432290] numFixed: [0] time: [129]
STATS - lpIterations[1] lagIterations[139] sspIterations[2605] numSeparations[1901] numCuts[0] compileTime[1] sspSolveTime[123] lpSolveTime[0] lb[12782.1] ub[13332] numArcs: [1452496] numFixed: [0] time: [137]
STATS - lpIterations[1] lagIterations[139] sspIterations[2605] numSeparations[1901] numCuts[0] compileTime[1] sspSolveTime[123] lpSolveTime[0] lb[12789.6] ub[13332] numArcs: [1452496] numFixed: [0] time: [137]
STATS - lpIterations[1] lagIterations[151] sspIterations[2815] numSeparations[1996] numCuts[0] compileTime[1] sspSolveTime[136] lpSolveTime[0] lb[12795.2] ub[13332] numArcs: [1490261] numFixed: [0] time: [153]
STATS - lpIterations[1] lagIterations[158] sspIterations[2967] numSeparations[2089] numCuts[0] compileTime[1] sspSolveTime[145] lpSolveTime[0] lb[12801.8] ub[13332] numArcs: [1527542] numFixed: [0] time: [165]
STATS - lpIterations[1] lagIterations[158] sspIterations[2967] numSeparations[2089] numCuts[0] compileTime[1] sspSolveTime[145] lpSolveTime[0] lb[12811.9] ub[13332] numArcs: [1527542] numFixed: [0] time: [165]
STATS - lpIterations[1] lagIterations[179] sspIterations[3385] numSeparations[2314] numCuts[0] compileTime[1] sspSolveTime[176] lpSolveTime[0] lb[12818.2] ub[13332] numArcs: [1621397] numFixed: [0] time: [200]
STATS - lpIterations[1] lagIterations[185] sspIterations[3489] numSeparations[2371] numCuts[0] compileTime[1] sspSolveTime[183] lpSolveTime[0] lb[12821.2] ub[13332] numArcs: [1645463] numFixed: [0] time: [209]
STATS - lpIterations[1] lagIterations[185] sspIterations[3489] numSeparations[2371] numCuts[0] compileTime[1] sspSolveTime[183] lpSolveTime[0] lb[12821.9] ub[13332] numArcs: [1645463] numFixed: [0] time: [209]
STATS - lpIterations[1] lagIterations[191] sspIterations[3650] numSeparations[2456] numCuts[0] compileTime[1] sspSolveTime[196] lpSolveTime[0] lb[12828.8] ub[13332] numArcs: [1679446] numFixed: [0] time: [223]
STATS - lpIterations[1] lagIterations[192] sspIterations[3670] numSeparations[2459] numCuts[0] compileTime[1] sspSolveTime[196] lpSolveTime[0] lb[12828.9] ub[13332] numArcs: [1680230] numFixed: [0] time: [225]
STATS - lpIterations[1] lagIterations[207] sspIterations[4030] numSeparations[2650] numCuts[0] compileTime[1] sspSolveTime[225] lpSolveTime[0] lb[12833.8] ub[13332] numArcs: [1756532] numFixed: [0] time: [260]
STATS - lpIterations[1] lagIterations[237] sspIterations[4669] numSeparations[2934] numCuts[0] compileTime[1] sspSolveTime[281] lpSolveTime[0] lb[12835.3] ub[13332] numArcs: [1872867] numFixed: [0] time: [328]
STATS - lpIterations[1] lagIterations[240] sspIterations[4745] numSeparations[2961] numCuts[0] compileTime[1] sspSolveTime[289] lpSolveTime[0] lb[12838.6] ub[13332] numArcs: [1881767] numFixed: [0] time: [338]
STATS - lpIterations[1] lagIterations[252] sspIterations[5017] numSeparations[3087] numCuts[0] compileTime[1] sspSolveTime[311] lpSolveTime[0] lb[12849.3] ub[13332] numArcs: [1933755] numFixed: [0] time: [366]
STATS - lpIterations[1] lagIterations[255] sspIterations[5101] numSeparations[3123] numCuts[0] compileTime[1] sspSolveTime[322] lpSolveTime[0] lb[12853.5] ub[13332] numArcs: [1944463] numFixed: [0] time: [378]
STATS - lpIterations[1] lagIterations[313] sspIterations[6142] numSeparations[3590] numCuts[0] compileTime[1] sspSolveTime[402] lpSolveTime[0] lb[12864.5] ub[13332] numArcs: [2121896] numFixed: [0] time: [494]
STATS - lpIterations[1] lagIterations[338] sspIterations[6619] numSeparations[3790] numCuts[0] compileTime[1] sspSolveTime[442] lpSolveTime[0] lb[12865] ub[13332] numArcs: [2203762] numFixed: [0] time: [551]
STATS - lpIterations[2] lagIterations[375] sspIterations[7205] numSeparations[4024] numCuts[0] compileTime[1] sspSolveTime[489] lpSolveTime[0] lb[12865] ub[13332] numArcs: [2293193] numFixed: [1012340] time: [622]
STATS - lpIterations[3] lagIterations[477] sspIterations[9933] numSeparations[5430] numCuts[0] compileTime[1] sspSolveTime[1039] lpSolveTime[0] lb[12865] ub[13332] numArcs: [2849854] numFixed: [888553] time: [1209]
STATS - lpIterations[4] lagIterations[579] sspIterations[12725] numSeparations[6701] numCuts[0] compileTime[1] sspSolveTime[1786] lpSolveTime[0] lb[12865] ub[13332] numArcs: [3298853] numFixed: [0] time: [2008]
STATS - lpIterations[5] lagIterations[681] sspIterations[15281] numSeparations[7819] numCuts[0] compileTime[1] sspSolveTime[2476] lpSolveTime[0] lb[12865] ub[13332] numArcs: [3696823] numFixed: [1662796] time: [2760]
