relax time window constraint
capacity: 138
instance upper bound: 16980
compiling DD
time step mult: 1
time step: 10
cap step: 1
done compiling DD
batch size for lag: 1
iteration delay to start separating: 0
optimality gap to start repairing: 5
percent fixed to change to CPLEX: 97.5
num arcs to change to CPLEX: 100000
num arcs to change to LAG: 999999999
STATS - lpIterations[0] lagIterations[0] sspIterations[0] numSeparations[0] numCuts[0] compileTime[23] sspSolveTime[0] lpSolveTime[0] lb[0] ub[16980] numArcs: [8923001] numFixed: [0] time: [23]
STATS - lpIterations[1] lagIterations[0] sspIterations[0] numSeparations[0] numCuts[0] compileTime[23] sspSolveTime[0] lpSolveTime[0] lb[0] ub[16980] numArcs: [8923001] numFixed: [0] time: [23]
STATS - lpIterations[1] lagIterations[1] sspIterations[1] numSeparations[0] numCuts[0] compileTime[23] sspSolveTime[0] lpSolveTime[0] lb[13592.4] ub[16980] numArcs: [8923001] numFixed: [0] time: [23]
STATS - lpIterations[1] lagIterations[2] sspIterations[2] numSeparations[1] numCuts[0] compileTime[23] sspSolveTime[0] lpSolveTime[0] lb[14029.6] ub[16980] numArcs: [8924477] numFixed: [0] time: [24]
STATS - lpIterations[1] lagIterations[3] sspIterations[3] numSeparations[2] numCuts[0] compileTime[23] sspSolveTime[0] lpSolveTime[0] lb[14175.9] ub[16980] numArcs: [8925038] numFixed: [0] time: [25]
STATS - lpIterations[1] lagIterations[4] sspIterations[4] numSeparations[3] numCuts[0] compileTime[23] sspSolveTime[1] lpSolveTime[0] lb[14338.4] ub[16980] numArcs: [8925413] numFixed: [0] time: [26]
STATS - lpIterations[1] lagIterations[5] sspIterations[35] numSeparations[4] numCuts[0] compileTime[23] sspSolveTime[12] lpSolveTime[0] lb[14351.6] ub[16980] numArcs: [8925283] numFixed: [0] time: [37]
STATS - lpIterations[1] lagIterations[6] sspIterations[45] numSeparations[35] numCuts[0] compileTime[23] sspSolveTime[16] lpSolveTime[0] lb[14661.3] ub[16980] numArcs: [8963292] numFixed: [0] time: [42]
STATS - lpIterations[1] lagIterations[7] sspIterations[46] numSeparations[45] numCuts[0] compileTime[23] sspSolveTime[17] lpSolveTime[0] lb[14737.7] ub[16980] numArcs: [8971151] numFixed: [0] time: [43]
STATS - lpIterations[1] lagIterations[11] sspIterations[270] numSeparations[251] numCuts[0] compileTime[23] sspSolveTime[188] lpSolveTime[0] lb[15023.5] ub[16980] numArcs: [9205244] numFixed: [0] time: [214]
STATS - lpIterations[1] lagIterations[12] sspIterations[273] numSeparations[270] numCuts[0] compileTime[23] sspSolveTime[189] lpSolveTime[0] lb[15067.9] ub[16980] numArcs: [9220500] numFixed: [0] time: [216]
STATS - lpIterations[1] lagIterations[15] sspIterations[428] numSeparations[410] numCuts[0] compileTime[23] sspSolveTime[283] lpSolveTime[0] lb[15086.7] ub[16980] numArcs: [9356516] numFixed: [0] time: [311]
STATS - lpIterations[1] lagIterations[16] sspIterations[433] numSeparations[428] numCuts[0] compileTime[23] sspSolveTime[288] lpSolveTime[0] lb[15184.5] ub[16980] numArcs: [9371002] numFixed: [0] time: [315]
STATS - lpIterations[1] lagIterations[19] sspIterations[509] numSeparations[503] numCuts[0] compileTime[23] sspSolveTime[315] lpSolveTime[0] lb[15202.4] ub[16980] numArcs: [9434036] numFixed: [0] time: [343]
STATS - lpIterations[1] lagIterations[21] sspIterations[522] numSeparations[521] numCuts[0] compileTime[23] sspSolveTime[319] lpSolveTime[0] lb[15226.1] ub[16980] numArcs: [9455498] numFixed: [0] time: [347]
STATS - lpIterations[1] lagIterations[25] sspIterations[797] numSeparations[783] numCuts[0] compileTime[23] sspSolveTime[581] lpSolveTime[0] lb[15434.1] ub[16980] numArcs: [9685120] numFixed: [0] time: [610]
STATS - lpIterations[1] lagIterations[26] sspIterations[807] numSeparations[797] numCuts[0] compileTime[23] sspSolveTime[584] lpSolveTime[0] lb[15456.6] ub[16980] numArcs: [9695108] numFixed: [0] time: [614]
STATS - lpIterations[1] lagIterations[30] sspIterations[959] numSeparations[947] numCuts[0] compileTime[23] sspSolveTime[686] lpSolveTime[0] lb[15468.2] ub[16980] numArcs: [9839738] numFixed: [0] time: [716]
STATS - lpIterations[1] lagIterations[31] sspIterations[967] numSeparations[959] numCuts[0] compileTime[23] sspSolveTime[687] lpSolveTime[0] lb[15484.1] ub[16980] numArcs: [9849815] numFixed: [0] time: [718]
STATS - lpIterations[1] lagIterations[32] sspIterations[971] numSeparations[967] numCuts[0] compileTime[23] sspSolveTime[689] lpSolveTime[0] lb[15492.1] ub[16980] numArcs: [9858297] numFixed: [0] time: [719]
STATS - lpIterations[1] lagIterations[34] sspIterations[1006] numSeparations[1005] numCuts[0] compileTime[23] sspSolveTime[705] lpSolveTime[0] lb[15495] ub[16980] numArcs: [9903266] numFixed: [0] time: [736]
STATS - lpIterations[1] lagIterations[39] sspIterations[1379] numSeparations[1366] numCuts[0] compileTime[23] sspSolveTime[1159] lpSolveTime[0] lb[15634.6] ub[16980] numArcs: [10249330] numFixed: [0] time: [1191]
STATS - lpIterations[1] lagIterations[45] sspIterations[1558] numSeparations[1550] numCuts[0] compileTime[23] sspSolveTime[1309] lpSolveTime[0] lb[15671.4] ub[16980] numArcs: [10411337] numFixed: [0] time: [1343]
STATS - lpIterations[1] lagIterations[48] sspIterations[1680] numSeparations[1666] numCuts[0] compileTime[23] sspSolveTime[1407] lpSolveTime[0] lb[15682.7] ub[16980] numArcs: [10509237] numFixed: [0] time: [1441]
STATS - lpIterations[1] lagIterations[55] sspIterations[2027] numSeparations[2001] numCuts[0] compileTime[23] sspSolveTime[1755] lpSolveTime[0] lb[15805.3] ub[16980] numArcs: [10835631] numFixed: [0] time: [1790]
STATS - lpIterations[1] lagIterations[62] sspIterations[2423] numSeparations[2395] numCuts[0] compileTime[23] sspSolveTime[2289] lpSolveTime[0] lb[15831.8] ub[16980] numArcs: [11171574] numFixed: [0] time: [2327]
STATS - lpIterations[1] lagIterations[63] sspIterations[2428] numSeparations[2409] numCuts[0] compileTime[23] sspSolveTime[2291] lpSolveTime[0] lb[15868.4] ub[16980] numArcs: [11182551] numFixed: [0] time: [2329]
STATS - lpIterations[1] lagIterations[75] sspIterations[2815] numSeparations[2771] numCuts[0] compileTime[23] sspSolveTime[2691] lpSolveTime[0] lb[15881.5] ub[16980] numArcs: [11484933] numFixed: [0] time: [2731]
STATS - lpIterations[1] lagIterations[92] sspIterations[3495] numSeparations[3399] numCuts[0] compileTime[23] sspSolveTime[3517] lpSolveTime[0] lb[15949] ub[16980] numArcs: [11994521] numFixed: [0] time: [3561]
STATS - lpIterations[1] lagIterations[93] sspIterations[3505] numSeparations[3414] numCuts[0] compileTime[23] sspSolveTime[3521] lpSolveTime[0] lb[15961.4] ub[16980] numArcs: [12008016] numFixed: [0] time: [3566]
