relax time window constraint
capacity: 169
instance upper bound: 12747
compiling DD
time step mult: 1
time step: 10
cap step: 1
done compiling DD
batch size for lag: 1
iteration delay to start separating: 0
optimality gap to start repairing: 5
percent fixed to change to CPLEX: 97.5
num arcs to change to CPLEX: 100000
num arcs to change to LAG: 999999999
STATS - lpIterations[0] lagIterations[0] sspIterations[0] numSeparations[0] numCuts[0] compileTime[6] sspSolveTime[0] lpSolveTime[0] lb[0] ub[12747] numArcs: [3551396] numFixed: [0] time: [6]
STATS - lpIterations[1] lagIterations[0] sspIterations[0] numSeparations[0] numCuts[0] compileTime[6] sspSolveTime[0] lpSolveTime[0] lb[0] ub[12747] numArcs: [3551396] numFixed: [0] time: [6]
STATS - lpIterations[1] lagIterations[1] sspIterations[1] numSeparations[0] numCuts[0] compileTime[6] sspSolveTime[0] lpSolveTime[0] lb[7146.51] ub[12747] numArcs: [3551396] numFixed: [0] time: [6]
STATS - lpIterations[1] lagIterations[2] sspIterations[2] numSeparations[0] numCuts[0] compileTime[6] sspSolveTime[0] lpSolveTime[0] lb[7494.15] ub[12747] numArcs: [3551396] numFixed: [0] time: [6]
STATS - lpIterations[1] lagIterations[3] sspIterations[3] numSeparations[0] numCuts[0] compileTime[6] sspSolveTime[0] lpSolveTime[0] lb[7851.29] ub[12747] numArcs: [3551390] numFixed: [0] time: [7]
STATS - lpIterations[1] lagIterations[4] sspIterations[4] numSeparations[0] numCuts[0] compileTime[6] sspSolveTime[0] lpSolveTime[0] lb[8213.81] ub[12747] numArcs: [3551390] numFixed: [0] time: [7]
STATS - lpIterations[1] lagIterations[5] sspIterations[5] numSeparations[1] numCuts[0] compileTime[6] sspSolveTime[0] lpSolveTime[0] lb[8592.1] ub[12747] numArcs: [3551685] numFixed: [0] time: [7]
STATS - lpIterations[1] lagIterations[6] sspIterations[6] numSeparations[2] numCuts[0] compileTime[6] sspSolveTime[0] lpSolveTime[0] lb[8969.73] ub[12747] numArcs: [3551991] numFixed: [0] time: [8]
STATS - lpIterations[1] lagIterations[7] sspIterations[7] numSeparations[3] numCuts[0] compileTime[6] sspSolveTime[1] lpSolveTime[0] lb[9333.89] ub[12747] numArcs: [3552537] numFixed: [0] time: [8]
STATS - lpIterations[1] lagIterations[8] sspIterations[15] numSeparations[4] numCuts[0] compileTime[6] sspSolveTime[1] lpSolveTime[0] lb[9669.62] ub[12747] numArcs: [3553227] numFixed: [0] time: [9]
STATS - lpIterations[1] lagIterations[9] sspIterations[16] numSeparations[7] numCuts[0] compileTime[6] sspSolveTime[1] lpSolveTime[0] lb[9831.99] ub[12747] numArcs: [3554380] numFixed: [0] time: [9]
STATS - lpIterations[1] lagIterations[10] sspIterations[31] numSeparations[8] numCuts[0] compileTime[6] sspSolveTime[3] lpSolveTime[0] lb[9923.94] ub[12747] numArcs: [3554539] numFixed: [0] time: [11]
STATS - lpIterations[1] lagIterations[11] sspIterations[37] numSeparations[21] numCuts[0] compileTime[6] sspSolveTime[4] lpSolveTime[0] lb[10178.7] ub[12747] numArcs: [3560599] numFixed: [0] time: [12]
STATS - lpIterations[1] lagIterations[12] sspIterations[46] numSeparations[25] numCuts[0] compileTime[6] sspSolveTime[5] lpSolveTime[0] lb[10378.1] ub[12747] numArcs: [3561481] numFixed: [0] time: [13]
STATS - lpIterations[1] lagIterations[13] sspIterations[55] numSeparations[27] numCuts[0] compileTime[6] sspSolveTime[6] lpSolveTime[0] lb[10395.7] ub[12747] numArcs: [3562208] numFixed: [0] time: [14]
STATS - lpIterations[1] lagIterations[14] sspIterations[61] numSeparations[35] numCuts[0] compileTime[6] sspSolveTime[6] lpSolveTime[0] lb[10477.8] ub[12747] numArcs: [3566261] numFixed: [0] time: [14]
STATS - lpIterations[1] lagIterations[15] sspIterations[63] numSeparations[40] numCuts[0] compileTime[6] sspSolveTime[6] lpSolveTime[0] lb[10565.8] ub[12747] numArcs: [3568671] numFixed: [0] time: [15]
STATS - lpIterations[1] lagIterations[18] sspIterations[151] numSeparations[96] numCuts[0] compileTime[6] sspSolveTime[17] lpSolveTime[0] lb[10731] ub[12747] numArcs: [3588648] numFixed: [0] time: [25]
STATS - lpIterations[1] lagIterations[19] sspIterations[156] numSeparations[112] numCuts[0] compileTime[6] sspSolveTime[17] lpSolveTime[0] lb[10868.4] ub[12747] numArcs: [3593709] numFixed: [0] time: [26]
STATS - lpIterations[1] lagIterations[22] sspIterations[220] numSeparations[153] numCuts[0] compileTime[6] sspSolveTime[25] lpSolveTime[0] lb[10963.2] ub[12747] numArcs: [3610876] numFixed: [0] time: [34]
STATS - lpIterations[1] lagIterations[23] sspIterations[231] numSeparations[157] numCuts[0] compileTime[6] sspSolveTime[26] lpSolveTime[0] lb[10970.5] ub[12747] numArcs: [3611951] numFixed: [0] time: [35]
STATS - lpIterations[1] lagIterations[24] sspIterations[234] numSeparations[164] numCuts[0] compileTime[6] sspSolveTime[26] lpSolveTime[0] lb[11048.3] ub[12747] numArcs: [3613555] numFixed: [0] time: [35]
STATS - lpIterations[1] lagIterations[27] sspIterations[294] numSeparations[197] numCuts[0] compileTime[6] sspSolveTime[32] lpSolveTime[0] lb[11150.8] ub[12747] numArcs: [3626996] numFixed: [0] time: [41]
STATS - lpIterations[1] lagIterations[30] sspIterations[349] numSeparations[245] numCuts[0] compileTime[6] sspSolveTime[40] lpSolveTime[0] lb[11178.8] ub[12747] numArcs: [3650706] numFixed: [0] time: [50]
STATS - lpIterations[1] lagIterations[34] sspIterations[470] numSeparations[330] numCuts[0] compileTime[6] sspSolveTime[60] lpSolveTime[0] lb[11304.3] ub[12747] numArcs: [3682064] numFixed: [0] time: [70]
STATS - lpIterations[1] lagIterations[37] sspIterations[492] numSeparations[347] numCuts[0] compileTime[6] sspSolveTime[63] lpSolveTime[0] lb[11367.2] ub[12747] numArcs: [3688801] numFixed: [0] time: [73]
STATS - lpIterations[1] lagIterations[40] sspIterations[577] numSeparations[397] numCuts[0] compileTime[6] sspSolveTime[77] lpSolveTime[0] lb[11449.2] ub[12747] numArcs: [3705699] numFixed: [0] time: [87]
STATS - lpIterations[1] lagIterations[44] sspIterations[604] numSeparations[417] numCuts[0] compileTime[6] sspSolveTime[80] lpSolveTime[0] lb[11499.1] ub[12747] numArcs: [3711870] numFixed: [0] time: [90]
STATS - lpIterations[1] lagIterations[48] sspIterations[753] numSeparations[501] numCuts[0] compileTime[6] sspSolveTime[111] lpSolveTime[0] lb[11543.3] ub[12747] numArcs: [3742035] numFixed: [0] time: [121]
STATS - lpIterations[1] lagIterations[49] sspIterations[761] numSeparations[508] numCuts[0] compileTime[6] sspSolveTime[112] lpSolveTime[0] lb[11569.6] ub[12747] numArcs: [3744167] numFixed: [0] time: [122]
STATS - lpIterations[1] lagIterations[52] sspIterations[782] numSeparations[517] numCuts[0] compileTime[6] sspSolveTime[114] lpSolveTime[0] lb[11590.5] ub[12747] numArcs: [3746458] numFixed: [0] time: [124]
STATS - lpIterations[1] lagIterations[55] sspIterations[845] numSeparations[543] numCuts[0] compileTime[6] sspSolveTime[124] lpSolveTime[0] lb[11659.8] ub[12747] numArcs: [3756125] numFixed: [0] time: [135]
STATS - lpIterations[1] lagIterations[58] sspIterations[911] numSeparations[576] numCuts[0] compileTime[6] sspSolveTime[135] lpSolveTime[0] lb[11665.9] ub[12747] numArcs: [3769113] numFixed: [0] time: [146]
STATS - lpIterations[1] lagIterations[62] sspIterations[1020] numSeparations[643] numCuts[0] compileTime[6] sspSolveTime[163] lpSolveTime[0] lb[11710.1] ub[12747] numArcs: [3791315] numFixed: [0] time: [174]
STATS - lpIterations[1] lagIterations[67] sspIterations[1111] numSeparations[684] numCuts[0] compileTime[6] sspSolveTime[174] lpSolveTime[0] lb[11720.8] ub[12747] numArcs: [3803663] numFixed: [0] time: [186]
STATS - lpIterations[1] lagIterations[68] sspIterations[1126] numSeparations[688] numCuts[0] compileTime[6] sspSolveTime[176] lpSolveTime[0] lb[11743.1] ub[12747] numArcs: [3804978] numFixed: [0] time: [188]
STATS - lpIterations[1] lagIterations[69] sspIterations[1127] numSeparations[692] numCuts[0] compileTime[6] sspSolveTime[176] lpSolveTime[0] lb[11750.4] ub[12747] numArcs: [3805750] numFixed: [0] time: [188]
STATS - lpIterations[1] lagIterations[73] sspIterations[1269] numSeparations[756] numCuts[0] compileTime[6] sspSolveTime[204] lpSolveTime[0] lb[11799.9] ub[12747] numArcs: [3826675] numFixed: [0] time: [216]
STATS - lpIterations[1] lagIterations[76] sspIterations[1306] numSeparations[769] numCuts[0] compileTime[6] sspSolveTime[209] lpSolveTime[0] lb[11807.3] ub[12747] numArcs: [3830952] numFixed: [0] time: [221]
STATS - lpIterations[1] lagIterations[82] sspIterations[1401] numSeparations[829] numCuts[0] compileTime[6] sspSolveTime[222] lpSolveTime[0] lb[11809.7] ub[12747] numArcs: [3851250] numFixed: [0] time: [235]
STATS - lpIterations[1] lagIterations[85] sspIterations[1458] numSeparations[845] numCuts[0] compileTime[6] sspSolveTime[228] lpSolveTime[0] lb[11880.6] ub[12747] numArcs: [3857153] numFixed: [0] time: [241]
STATS - lpIterations[1] lagIterations[88] sspIterations[1513] numSeparations[874] numCuts[0] compileTime[6] sspSolveTime[235] lpSolveTime[0] lb[11882.4] ub[12747] numArcs: [3868207] numFixed: [0] time: [248]
STATS - lpIterations[1] lagIterations[92] sspIterations[1614] numSeparations[927] numCuts[0] compileTime[6] sspSolveTime[254] lpSolveTime[0] lb[11906] ub[12747] numArcs: [3884291] numFixed: [0] time: [268]
STATS - lpIterations[1] lagIterations[93] sspIterations[1632] numSeparations[930] numCuts[0] compileTime[6] sspSolveTime[256] lpSolveTime[0] lb[11911.3] ub[12747] numArcs: [3884988] numFixed: [0] time: [269]
STATS - lpIterations[1] lagIterations[97] sspIterations[1719] numSeparations[972] numCuts[0] compileTime[6] sspSolveTime[267] lpSolveTime[0] lb[11985.2] ub[12747] numArcs: [3899105] numFixed: [0] time: [280]
STATS - lpIterations[1] lagIterations[103] sspIterations[1877] numSeparations[1045] numCuts[0] compileTime[6] sspSolveTime[294] lpSolveTime[0] lb[12001] ub[12747] numArcs: [3927976] numFixed: [0] time: [308]
STATS - lpIterations[1] lagIterations[108] sspIterations[1969] numSeparations[1081] numCuts[0] compileTime[6] sspSolveTime[308] lpSolveTime[0] lb[12008.9] ub[12747] numArcs: [3940997] numFixed: [0] time: [322]
STATS - lpIterations[1] lagIterations[115] sspIterations[2156] numSeparations[1148] numCuts[0] compileTime[6] sspSolveTime[339] lpSolveTime[0] lb[12017.1] ub[12747] numArcs: [3964932] numFixed: [0] time: [354]
STATS - lpIterations[1] lagIterations[116] sspIterations[2162] numSeparations[1154] numCuts[0] compileTime[6] sspSolveTime[339] lpSolveTime[0] lb[12063.7] ub[12747] numArcs: [3966268] numFixed: [0] time: [355]
STATS - lpIterations[1] lagIterations[122] sspIterations[2290] numSeparations[1214] numCuts[0] compileTime[6] sspSolveTime[364] lpSolveTime[0] lb[12075.3] ub[12747] numArcs: [3986297] numFixed: [0] time: [380]
STATS - lpIterations[1] lagIterations[129] sspIterations[2474] numSeparations[1265] numCuts[0] compileTime[6] sspSolveTime[394] lpSolveTime[0] lb[12113.8] ub[12747] numArcs: [4004116] numFixed: [0] time: [411]
STATS - lpIterations[1] lagIterations[129] sspIterations[2474] numSeparations[1265] numCuts[0] compileTime[6] sspSolveTime[394] lpSolveTime[0] lb[12137.3] ub[12747] numArcs: [4004116] numFixed: [0] time: [411]
STATS - lpIterations[1] lagIterations[139] sspIterations[2700] numSeparations[1361] numCuts[0] compileTime[6] sspSolveTime[439] lpSolveTime[0] lb[12154.3] ub[12747] numArcs: [4033987] numFixed: [0] time: [459]
STATS - lpIterations[1] lagIterations[151] sspIterations[2983] numSeparations[1444] numCuts[0] compileTime[6] sspSolveTime[481] lpSolveTime[0] lb[12159.9] ub[12747] numArcs: [4056345] numFixed: [0] time: [507]
STATS - lpIterations[1] lagIterations[151] sspIterations[2983] numSeparations[1444] numCuts[0] compileTime[6] sspSolveTime[481] lpSolveTime[0] lb[12182.4] ub[12747] numArcs: [4056345] numFixed: [0] time: [507]
STATS - lpIterations[1] lagIterations[156] sspIterations[3094] numSeparations[1483] numCuts[0] compileTime[6] sspSolveTime[499] lpSolveTime[0] lb[12184] ub[12747] numArcs: [4068938] numFixed: [0] time: [529]
STATS - lpIterations[1] lagIterations[156] sspIterations[3094] numSeparations[1483] numCuts[0] compileTime[6] sspSolveTime[499] lpSolveTime[0] lb[12197.9] ub[12747] numArcs: [4068938] numFixed: [0] time: [529]
STATS - lpIterations[1] lagIterations[186] sspIterations[3726] numSeparations[1681] numCuts[0] compileTime[6] sspSolveTime[602] lpSolveTime[0] lb[12238.9] ub[12747] numArcs: [4120165] numFixed: [0] time: [652]
STATS - lpIterations[1] lagIterations[186] sspIterations[3726] numSeparations[1681] numCuts[0] compileTime[6] sspSolveTime[602] lpSolveTime[0] lb[12246.8] ub[12747] numArcs: [4120165] numFixed: [0] time: [653]
STATS - lpIterations[1] lagIterations[208] sspIterations[4175] numSeparations[1787] numCuts[0] compileTime[6] sspSolveTime[666] lpSolveTime[0] lb[12261.3] ub[12747] numArcs: [4153842] numFixed: [0] time: [736]
STATS - lpIterations[1] lagIterations[241] sspIterations[4741] numSeparations[1958] numCuts[0] compileTime[6] sspSolveTime[752] lpSolveTime[0] lb[12281.1] ub[12747] numArcs: [4197891] numFixed: [0] time: [849]
STATS - lpIterations[1] lagIterations[245] sspIterations[4836] numSeparations[1981] numCuts[0] compileTime[6] sspSolveTime[771] lpSolveTime[0] lb[12290.5] ub[12747] numArcs: [4203380] numFixed: [0] time: [872]
STATS - lpIterations[1] lagIterations[273] sspIterations[5414] numSeparations[2126] numCuts[0] compileTime[6] sspSolveTime[861] lpSolveTime[0] lb[12295.3] ub[12747] numArcs: [4249436] numFixed: [0] time: [982]
STATS - lpIterations[1] lagIterations[280] sspIterations[5566] numSeparations[2153] numCuts[0] compileTime[6] sspSolveTime[886] lpSolveTime[0] lb[12301.8] ub[12747] numArcs: [4254102] numFixed: [0] time: [1012]
STATS - lpIterations[1] lagIterations[333] sspIterations[6506] numSeparations[2389] numCuts[0] compileTime[6] sspSolveTime[1034] lpSolveTime[0] lb[12307] ub[12747] numArcs: [4315890] numFixed: [0] time: [1203]
STATS - lpIterations[1] lagIterations[348] sspIterations[6790] numSeparations[2454] numCuts[0] compileTime[6] sspSolveTime[1076] lpSolveTime[0] lb[12313.6] ub[12747] numArcs: [4331355] numFixed: [0] time: [1257]
STATS - lpIterations[1] lagIterations[354] sspIterations[6902] numSeparations[2485] numCuts[0] compileTime[6] sspSolveTime[1092] lpSolveTime[0] lb[12316.6] ub[12747] numArcs: [4339969] numFixed: [0] time: [1279]
STATS - lpIterations[1] lagIterations[371] sspIterations[7192] numSeparations[2554] numCuts[0] compileTime[6] sspSolveTime[1132] lpSolveTime[0] lb[12326.6] ub[12747] numArcs: [4359500] numFixed: [0] time: [1336]
STATS - lpIterations[1] lagIterations[393] sspIterations[7614] numSeparations[2655] numCuts[0] compileTime[6] sspSolveTime[1194] lpSolveTime[0] lb[12328.1] ub[12747] numArcs: [4386732] numFixed: [0] time: [1421]
STATS - lpIterations[1] lagIterations[401] sspIterations[7766] numSeparations[2698] numCuts[0] compileTime[6] sspSolveTime[1218] lpSolveTime[0] lb[12329.6] ub[12747] numArcs: [4398078] numFixed: [0] time: [1455]
STATS - lpIterations[1] lagIterations[413] sspIterations[8010] numSeparations[2758] numCuts[0] compileTime[6] sspSolveTime[1257] lpSolveTime[0] lb[12338.3] ub[12747] numArcs: [4411063] numFixed: [0] time: [1506]
STATS - lpIterations[1] lagIterations[427] sspIterations[8276] numSeparations[2833] numCuts[0] compileTime[6] sspSolveTime[1301] lpSolveTime[0] lb[12342.6] ub[12747] numArcs: [4430951] numFixed: [0] time: [1563]
STATS - lpIterations[1] lagIterations[444] sspIterations[8640] numSeparations[2924] numCuts[0] compileTime[6] sspSolveTime[1355] lpSolveTime[0] lb[12350.9] ub[12747] numArcs: [4453641] numFixed: [0] time: [1634]
STATS - lpIterations[1] lagIterations[449] sspIterations[8746] numSeparations[2954] numCuts[0] compileTime[6] sspSolveTime[1372] lpSolveTime[0] lb[12353.1] ub[12747] numArcs: [4460961] numFixed: [0] time: [1656]
STATS - lpIterations[1] lagIterations[485] sspIterations[9309] numSeparations[3106] numCuts[0] compileTime[6] sspSolveTime[1450] lpSolveTime[0] lb[12355.1] ub[12747] numArcs: [4494403] numFixed: [0] time: [1773]
STATS - lpIterations[1] lagIterations[508] sspIterations[9644] numSeparations[3185] numCuts[0] compileTime[6] sspSolveTime[1494] lpSolveTime[0] lb[12364.2] ub[12747] numArcs: [4511060] numFixed: [0] time: [1843]
STATS - lpIterations[1] lagIterations[513] sspIterations[9757] numSeparations[3206] numCuts[0] compileTime[6] sspSolveTime[1509] lpSolveTime[0] lb[12364.8] ub[12747] numArcs: [4515016] numFixed: [0] time: [1863]
STATS - lpIterations[1] lagIterations[533] sspIterations[10119] numSeparations[3303] numCuts[0] compileTime[6] sspSolveTime[1557] lpSolveTime[0] lb[12367.4] ub[12747] numArcs: [4538434] numFixed: [0] time: [1935]
STATS - lpIterations[1] lagIterations[559] sspIterations[10596] numSeparations[3391] numCuts[0] compileTime[6] sspSolveTime[1622] lpSolveTime[0] lb[12376.3] ub[12747] numArcs: [4558652] numFixed: [0] time: [2030]
STATS - lpIterations[1] lagIterations[568] sspIterations[10802] numSeparations[3431] numCuts[0] compileTime[6] sspSolveTime[1659] lpSolveTime[0] lb[12378.2] ub[12747] numArcs: [4569598] numFixed: [0] time: [2077]
STATS - lpIterations[1] lagIterations[603] sspIterations[11485] numSeparations[3581] numCuts[0] compileTime[6] sspSolveTime[1766] lpSolveTime[0] lb[12382.5] ub[12747] numArcs: [4608072] numFixed: [0] time: [2231]
STATS - lpIterations[1] lagIterations[606] sspIterations[11567] numSeparations[3596] numCuts[0] compileTime[6] sspSolveTime[1780] lpSolveTime[0] lb[12385.7] ub[12747] numArcs: [4610482] numFixed: [0] time: [2249]
STATS - lpIterations[1] lagIterations[646] sspIterations[12312] numSeparations[3771] numCuts[0] compileTime[6] sspSolveTime[1889] lpSolveTime[0] lb[12386.6] ub[12747] numArcs: [4649003] numFixed: [0] time: [2408]
STATS - lpIterations[2] lagIterations[669] sspIterations[12729] numSeparations[3870] numCuts[0] compileTime[6] sspSolveTime[1948] lpSolveTime[0] lb[12386.6] ub[12747] numArcs: [4675769] numFixed: [667875] time: [2499]
STATS - lpIterations[2] lagIterations[670] sspIterations[12735] numSeparations[3870] numCuts[0] compileTime[6] sspSolveTime[1949] lpSolveTime[0] lb[12389] ub[12747] numArcs: [4675767] numFixed: [667875] time: [2500]
STATS - lpIterations[3] lagIterations[771] sspIterations[16015] numSeparations[5005] numCuts[0] compileTime[6] sspSolveTime[2851] lpSolveTime[0] lb[12389] ub[12747] numArcs: [4965793] numFixed: [557944] time: [3454]
STATS - lpIterations[3] lagIterations[772] sspIterations[16021] numSeparations[5005] numCuts[0] compileTime[6] sspSolveTime[2852] lpSolveTime[0] lb[12391] ub[12747] numArcs: [4965790] numFixed: [557944] time: [3455]
