instance upper bound: 4820.01
compiling DD
time step mult: 100
time step: 1000
cap step: 1
done compiling DD
batch size for lag: 1
iteration delay to start separating: 0
optimality gap to start repairing: 100
percent fixed to change to CPLEX: 97.5
num arcs to change to CPLEX: 2000000
num arcs to change to LAG: 999999999
num lag iters to cut: 0
num cuts lag: 100
cut phase: 0
deactivate cut value threshold: 0.1
deactivate cut iter threshold: 25
momentum beta: 0
stall alpha factor: 0.5
STATS - lpIterations[0] lagIterations[0] sspIterations[0] numSeparations[0] numCuts[0] compileTime[0] sspSolveTime[0] lpSolveTime[0] lb[0] ub[4820.01] numArcs: [226663] numFixed: [0] time: [0]
STATS - lpIterations[1] lagIterations[0] sspIterations[0] numSeparations[0] numCuts[0] compileTime[0] sspSolveTime[0] lpSolveTime[0] lb[0] ub[4820.01] numArcs: [226663] numFixed: [0] time: [0]
alpha: 0.0629847
switching from LAG to LP solver
halving alphaFactor: 0.5
num vars: 226663
STATS - lpIterations[2] lagIterations[1] sspIterations[1] numSeparations[0] numCuts[0] compileTime[0] sspSolveTime[0] lpSolveTime[13] lb[4373.52] ub[4820.01] numArcs: [226661] numFixed: [0] time: [13]
num vars: 205330
STATS - lpIterations[3] lagIterations[1] sspIterations[1] numSeparations[23] numCuts[0] compileTime[0] sspSolveTime[0] lpSolveTime[26] lb[4433.11] ub[4820.01] numArcs: [229959] numFixed: [24631] time: [27]
num vars: 192847
STATS - lpIterations[4] lagIterations[1] sspIterations[1] numSeparations[55] numCuts[0] compileTime[0] sspSolveTime[0] lpSolveTime[38] lb[4482.47] ub[4820.01] numArcs: [232913] numFixed: [40068] time: [38]
num vars: 187050
STATS - lpIterations[5] lagIterations[1] sspIterations[1] numSeparations[95] numCuts[0] compileTime[0] sspSolveTime[0] lpSolveTime[51] lb[4522.83] ub[4820.01] numArcs: [235976] numFixed: [48928] time: [51]
num vars: 186066
STATS - lpIterations[6] lagIterations[1] sspIterations[1] numSeparations[140] numCuts[0] compileTime[0] sspSolveTime[0] lpSolveTime[64] lb[4566.95] ub[4820.01] numArcs: [238619] numFixed: [52555] time: [64]
num vars: 188058
STATS - lpIterations[7] lagIterations[1] sspIterations[1] numSeparations[195] numCuts[0] compileTime[0] sspSolveTime[0] lpSolveTime[77] lb[4605.5] ub[4820.01] numArcs: [241442] numFixed: [53386] time: [77]
num vars: 187995
STATS - lpIterations[8] lagIterations[1] sspIterations[1] numSeparations[260] numCuts[0] compileTime[0] sspSolveTime[0] lpSolveTime[92] lb[4632.82] ub[4820.01] numArcs: [245154] numFixed: [57161] time: [92]
num vars: 188298
STATS - lpIterations[9] lagIterations[1] sspIterations[1] numSeparations[339] numCuts[0] compileTime[0] sspSolveTime[0] lpSolveTime[108] lb[4659.07] ub[4820.01] numArcs: [248804] numFixed: [60508] time: [108]
num vars: 181851
STATS - lpIterations[10] lagIterations[1] sspIterations[1] numSeparations[415] numCuts[0] compileTime[0] sspSolveTime[0] lpSolveTime[123] lb[4690.24] ub[4820.01] numArcs: [251152] numFixed: [69303] time: [124]
num vars: 169662
STATS - lpIterations[11] lagIterations[1] sspIterations[1] numSeparations[500] numCuts[0] compileTime[0] sspSolveTime[0] lpSolveTime[139] lb[4714.09] ub[4820.01] numArcs: [254128] numFixed: [84468] time: [139]
num vars: 153392
STATS - lpIterations[12] lagIterations[1] sspIterations[1] numSeparations[580] numCuts[0] compileTime[0] sspSolveTime[0] lpSolveTime[152] lb[4733.95] ub[4820.01] numArcs: [256821] numFixed: [103431] time: [153]
num vars: 137845
STATS - lpIterations[13] lagIterations[1] sspIterations[1] numSeparations[673] numCuts[0] compileTime[0] sspSolveTime[0] lpSolveTime[165] lb[4753.18] ub[4820.01] numArcs: [260002] numFixed: [122159] time: [166]
num vars: 113647
STATS - lpIterations[14] lagIterations[1] sspIterations[1] numSeparations[765] numCuts[0] compileTime[0] sspSolveTime[0] lpSolveTime[178] lb[4766.49] ub[4820.01] numArcs: [262947] numFixed: [149302] time: [179]
num vars: 89737
STATS - lpIterations[15] lagIterations[1] sspIterations[1] numSeparations[849] numCuts[0] compileTime[0] sspSolveTime[0] lpSolveTime[189] lb[4779.35] ub[4820.01] numArcs: [265330] numFixed: [175595] time: [190]
num vars: 79658
STATS - lpIterations[16] lagIterations[1] sspIterations[1] numSeparations[940] numCuts[0] compileTime[0] sspSolveTime[0] lpSolveTime[199] lb[4789.41] ub[4820.01] numArcs: [267855] numFixed: [188199] time: [200]
num vars: 74328
STATS - lpIterations[17] lagIterations[1] sspIterations[1] numSeparations[1025] numCuts[0] compileTime[0] sspSolveTime[0] lpSolveTime[210] lb[4795.95] ub[4820.01] numArcs: [270887] numFixed: [196561] time: [210]
num vars: 73957
STATS - lpIterations[18] lagIterations[1] sspIterations[1] numSeparations[1108] numCuts[0] compileTime[0] sspSolveTime[0] lpSolveTime[219] lb[4801.01] ub[4820.01] numArcs: [273559] numFixed: [199604] time: [220]
num vars: 47791
STATS - lpIterations[19] lagIterations[1] sspIterations[1] numSeparations[1147] numCuts[0] compileTime[0] sspSolveTime[0] lpSolveTime[226] lb[4804.41] ub[4820.01] numArcs: [274605] numFixed: [226816] time: [227]
num vars: 55948
STATS - lpIterations[20] lagIterations[1] sspIterations[1] numSeparations[1178] numCuts[0] compileTime[0] sspSolveTime[0] lpSolveTime[234] lb[4808.22] ub[4820.01] numArcs: [275410] numFixed: [219464] time: [235]
num vars: 40112
STATS - lpIterations[21] lagIterations[1] sspIterations[1] numSeparations[1228] numCuts[0] compileTime[0] sspSolveTime[0] lpSolveTime[240] lb[4809.38] ub[4820.01] numArcs: [276895] numFixed: [236785] time: [241]
num vars: 69342
STATS - lpIterations[22] lagIterations[1] sspIterations[1] numSeparations[1234] numCuts[0] compileTime[0] sspSolveTime[0] lpSolveTime[249] lb[4809.53] ub[4820.01] numArcs: [277025] numFixed: [207685] time: [250]
num vars: 52974
STATS - lpIterations[23] lagIterations[1] sspIterations[1] numSeparations[1243] numCuts[0] compileTime[0] sspSolveTime[0] lpSolveTime[256] lb[4810.73] ub[4820.01] numArcs: [277291] numFixed: [224319] time: [257]
num vars: 41940
STATS - lpIterations[24] lagIterations[1] sspIterations[1] numSeparations[1280] numCuts[0] compileTime[0] sspSolveTime[0] lpSolveTime[263] lb[4812.05] ub[4820.01] numArcs: [278192] numFixed: [236254] time: [265]
num vars: 38136
STATS - lpIterations[25] lagIterations[1] sspIterations[1] numSeparations[1347] numCuts[0] compileTime[0] sspSolveTime[0] lpSolveTime[269] lb[4814.07] ub[4820.01] numArcs: [280407] numFixed: [242273] time: [271]
num vars: 38044
STATS - lpIterations[26] lagIterations[1] sspIterations[1] numSeparations[1354] numCuts[0] compileTime[0] sspSolveTime[0] lpSolveTime[275] lb[4815.41] ub[4820.01] numArcs: [280613] numFixed: [242571] time: [277]
num vars: 41741
STATS - lpIterations[27] lagIterations[1] sspIterations[1] numSeparations[1368] numCuts[0] compileTime[0] sspSolveTime[0] lpSolveTime[281] lb[4816.88] ub[4820.01] numArcs: [280943] numFixed: [239204] time: [283]
num vars: 43877
STATS - lpIterations[28] lagIterations[1] sspIterations[1] numSeparations[1381] numCuts[0] compileTime[0] sspSolveTime[0] lpSolveTime[288] lb[4817.64] ub[4820.01] numArcs: [281310] numFixed: [237435] time: [290]
num vars: 45049
STATS - lpIterations[29] lagIterations[1] sspIterations[1] numSeparations[1397] numCuts[0] compileTime[0] sspSolveTime[0] lpSolveTime[293] lb[4818.16] ub[4820.01] numArcs: [281711] numFixed: [236664] time: [295]
num vars: 47710
STATS - lpIterations[30] lagIterations[1] sspIterations[1] numSeparations[1400] numCuts[0] compileTime[0] sspSolveTime[0] lpSolveTime[300] lb[4818.19] ub[4820.01] numArcs: [281799] numFixed: [234091] time: [302]
routes: 
flow {1}: 0 1 115 16 162 171 122 170 78 119 201 
flow {1}: 0 4 188 15 54 89 125 114 39 37 164 65 43 
flow {1}: 0 7 41 36 86 131 130 79 156 172 91 
flow {1}: 0 46 184 206 71 193 151 129 141 191 110 
flow {1}: 0 55 67 150 137 68 25 116 210 11 49 27 61 
flow {1}: 0 63 44 50 66 165 69 134 204 103 9 
flow {1}: 0 72 147 153 166 175 56 33 144 186 179 203 190 
flow {1}: 0 73 30 208 34 98 6 189 177 127 77 
flow {1}: 0 87 145 35 60 38 84 90 88 111 59 
flow {1}: 0 106 85 94 12 19 178 23 22 47 82 74 108 
flow {1}: 0 112 152 99 62 194 118 183 40 128 52 
flow {1}: 0 117 3 5 133 207 195 160 180 28 75 
flow {1}: 0 132 120 26 123 139 187 124 181 101 154 
flow {1}: 0 140 57 173 104 95 58 29 96 174 97 
flow {1}: 0 149 81 161 2 8 76 17 200 209 105 
flow {1}: 0 155 18 14 176 31 185 169 53 192 42 
flow {1}: 0 157 93 199 135 80 64 109 182 202 167 70 107 
flow {1}: 0 158 51 143 113 21 126 148 197 
flow {1}: 0 168 92 48 146 121 32 138 83 45 24 
flow {1}: 0 196 13 20 163 100 136 142 159 102 10 205 198 
no more separations possible
no more separations or cuts possible
LP solved - switching to IP
solving IP
num vars: 43733
STATS - lpIterations[31] lagIterations[1] sspIterations[1] numSeparations[1400] numCuts[0] compileTime[0] sspSolveTime[0] lpSolveTime[304] lb[4818.19] ub[4820.01] numArcs: [281799] numFixed: [238068] time: [306]
routes: 
flow {1}: 0 1 115 16 162 171 122 170 78 119 201 
flow {1}: 0 4 188 15 54 89 125 114 39 37 164 65 43 
flow {1}: 0 7 41 36 86 131 130 79 156 172 91 
flow {1}: 0 46 184 206 71 193 151 129 141 191 110 
flow {1}: 0 55 67 150 137 68 25 116 210 11 49 27 61 
flow {1}: 0 63 44 50 66 165 69 134 204 103 9 
flow {1}: 0 72 147 153 166 175 56 33 144 186 179 203 190 
flow {1}: 0 73 30 208 34 98 6 189 177 127 77 
flow {1}: 0 87 145 35 60 38 84 90 88 111 59 
flow {1}: 0 106 85 94 12 19 178 23 22 47 82 74 108 
flow {1}: 0 112 152 99 62 194 118 183 40 128 52 
flow {1}: 0 117 3 5 133 207 195 160 180 28 75 
flow {1}: 0 132 120 26 123 139 187 124 181 101 154 
flow {1}: 0 140 57 173 104 95 58 29 96 174 97 
flow {1}: 0 149 81 161 2 8 76 17 200 209 105 
flow {1}: 0 155 18 14 176 31 185 169 53 192 42 
flow {1}: 0 157 93 199 135 80 64 109 182 202 167 70 107 
flow {1}: 0 158 51 143 113 21 126 148 197 
flow {1}: 0 168 92 48 146 121 32 138 83 45 24 
flow {1}: 0 196 13 20 163 100 136 142 159 102 10 205 198 
no more separations possible
no more separations or cuts possible
STATS - lpIterations[31] lagIterations[1] sspIterations[1] numSeparations[1400] numCuts[0] compileTime[0] sspSolveTime[0] lpSolveTime[304] lb[4818.19] ub[4818.19] numArcs: [281799] numFixed: [238068] time: [306]
finished solving - complete
time elapsed: 306
