relax time window constraint
obtain capacity: 
capacity: 643
hgs upper bound: 10916
compiling dd
time step mult: 1
time step: 10
cap step: 3
start compiling DD
add terminal node arcs
done compiling dd
STATS - lpIterations[0] lagIterations[0] sspIterations[0] numSeparations[0] numCuts[0] compileTime[14] sspSolveTime[0] lpSolveTime[0] lb[0] ub[10916] size: [5794775] time: [14]
batch size for lag: 1
STATS - lpIterations[1] lagIterations[0] sspIterations[0] numSeparations[0] numCuts[0] compileTime[14] sspSolveTime[0] lpSolveTime[0] lb[0] ub[10916] size: [5794775] time: [14]
STATS - lpIterations[1] lagIterations[1] sspIterations[1] numSeparations[0] numCuts[0] compileTime[14] sspSolveTime[0] lpSolveTime[0] lb[7578.63] ub[10916] size: [5794785] time: [14]
STATS - lpIterations[1] lagIterations[2] sspIterations[2] numSeparations[1] numCuts[0] compileTime[14] sspSolveTime[0] lpSolveTime[0] lb[7928.83] ub[10916] size: [5795178] time: [15]
STATS - lpIterations[1] lagIterations[3] sspIterations[3] numSeparations[2] numCuts[0] compileTime[14] sspSolveTime[0] lpSolveTime[0] lb[8284.48] ub[10916] size: [5795838] time: [15]
STATS - lpIterations[1] lagIterations[4] sspIterations[16] numSeparations[3] numCuts[0] compileTime[14] sspSolveTime[3] lpSolveTime[0] lb[8518.44] ub[10916] size: [5796803] time: [18]
STATS - lpIterations[1] lagIterations[4] sspIterations[16] numSeparations[3] numCuts[0] compileTime[14] sspSolveTime[3] lpSolveTime[0] lb[8641.92] ub[10916] size: [5796803] time: [19]
STATS - lpIterations[1] lagIterations[5] sspIterations[17] numSeparations[15] numCuts[0] compileTime[14] sspSolveTime[3] lpSolveTime[0] lb[8647.14] ub[10916] size: [5808277] time: [20]
STATS - lpIterations[1] lagIterations[6] sspIterations[83] numSeparations[15] numCuts[0] compileTime[14] sspSolveTime[16] lpSolveTime[0] lb[8950.11] ub[10916] size: [5807839] time: [34]
STATS - lpIterations[1] lagIterations[7] sspIterations[126] numSeparations[72] numCuts[0] compileTime[14] sspSolveTime[21] lpSolveTime[0] lb[8964.06] ub[10916] size: [5851738] time: [41]
STATS - lpIterations[1] lagIterations[8] sspIterations[141] numSeparations[103] numCuts[0] compileTime[14] sspSolveTime[23] lpSolveTime[0] lb[8966.75] ub[10916] size: [5865981] time: [43]
STATS - lpIterations[1] lagIterations[9] sspIterations[150] numSeparations[112] numCuts[0] compileTime[14] sspSolveTime[23] lpSolveTime[0] lb[8976.46] ub[10916] size: [5868916] time: [45]
STATS - lpIterations[1] lagIterations[10] sspIterations[154] numSeparations[121] numCuts[0] compileTime[14] sspSolveTime[24] lpSolveTime[0] lb[8995.27] ub[10916] size: [5874838] time: [46]
STATS - lpIterations[1] lagIterations[10] sspIterations[154] numSeparations[121] numCuts[0] compileTime[14] sspSolveTime[24] lpSolveTime[0] lb[8998.7] ub[10916] size: [5874838] time: [46]
STATS - lpIterations[1] lagIterations[11] sspIterations[176] numSeparations[125] numCuts[0] compileTime[14] sspSolveTime[28] lpSolveTime[0] lb[9029.92] ub[10916] size: [5876630] time: [50]
STATS - lpIterations[1] lagIterations[11] sspIterations[176] numSeparations[125] numCuts[0] compileTime[14] sspSolveTime[28] lpSolveTime[0] lb[9148.62] ub[10916] size: [5876630] time: [51]
STATS - lpIterations[1] lagIterations[12] sspIterations[177] numSeparations[146] numCuts[0] compileTime[14] sspSolveTime[28] lpSolveTime[0] lb[9151.08] ub[10916] size: [5889248] time: [52]
STATS - lpIterations[1] lagIterations[12] sspIterations[177] numSeparations[146] numCuts[0] compileTime[14] sspSolveTime[28] lpSolveTime[0] lb[9152.3] ub[10916] size: [5889248] time: [52]
STATS - lpIterations[1] lagIterations[13] sspIterations[257] numSeparations[147] numCuts[0] compileTime[14] sspSolveTime[45] lpSolveTime[0] lb[9348.01] ub[10916] size: [5890579] time: [72]
STATS - lpIterations[1] lagIterations[14] sspIterations[302] numSeparations[207] numCuts[0] compileTime[14] sspSolveTime[52] lpSolveTime[0] lb[9363.72] ub[10916] size: [5926188] time: [80]
STATS - lpIterations[1] lagIterations[17] sspIterations[355] numSeparations[263] numCuts[0] compileTime[14] sspSolveTime[60] lpSolveTime[0] lb[9370.05] ub[10916] size: [5957051] time: [92]
STATS - lpIterations[1] lagIterations[17] sspIterations[355] numSeparations[263] numCuts[0] compileTime[14] sspSolveTime[60] lpSolveTime[0] lb[9373.93] ub[10916] size: [5957051] time: [93]
STATS - lpIterations[1] lagIterations[18] sspIterations[400] numSeparations[265] numCuts[0] compileTime[14] sspSolveTime[64] lpSolveTime[0] lb[9444.01] ub[10916] size: [5959073] time: [98]
STATS - lpIterations[1] lagIterations[19] sspIterations[414] numSeparations[286] numCuts[0] compileTime[14] sspSolveTime[66] lpSolveTime[0] lb[9453.74] ub[10916] size: [5969015] time: [101]
STATS - lpIterations[1] lagIterations[20] sspIterations[440] numSeparations[294] numCuts[0] compileTime[14] sspSolveTime[69] lpSolveTime[0] lb[9457.68] ub[10916] size: [5972659] time: [105]
STATS - lpIterations[1] lagIterations[22] sspIterations[525] numSeparations[308] numCuts[0] compileTime[14] sspSolveTime[87] lpSolveTime[0] lb[9644.47] ub[10916] size: [5978033] time: [127]
STATS - lpIterations[1] lagIterations[23] sspIterations[588] numSeparations[361] numCuts[0] compileTime[14] sspSolveTime[95] lpSolveTime[0] lb[9650.12] ub[10916] size: [6006298] time: [137]
STATS - lpIterations[1] lagIterations[27] sspIterations[718] numSeparations[412] numCuts[0] compileTime[14] sspSolveTime[116] lpSolveTime[0] lb[9736.95] ub[10916] size: [6027428] time: [164]
STATS - lpIterations[1] lagIterations[28] sspIterations[782] numSeparations[468] numCuts[0] compileTime[14] sspSolveTime[124] lpSolveTime[0] lb[9748.15] ub[10916] size: [6050537] time: [174]
STATS - lpIterations[1] lagIterations[32] sspIterations[849] numSeparations[530] numCuts[0] compileTime[14] sspSolveTime[132] lpSolveTime[0] lb[9751.44] ub[10916] size: [6082453] time: [187]
STATS - lpIterations[1] lagIterations[33] sspIterations[904] numSeparations[534] numCuts[0] compileTime[14] sspSolveTime[138] lpSolveTime[0] lb[9774.51] ub[10916] size: [6083966] time: [196]
STATS - lpIterations[1] lagIterations[34] sspIterations[924] numSeparations[567] numCuts[0] compileTime[14] sspSolveTime[141] lpSolveTime[0] lb[9781.25] ub[10916] size: [6098570] time: [200]
STATS - lpIterations[1] lagIterations[36] sspIterations[1029] numSeparations[574] numCuts[0] compileTime[14] sspSolveTime[161] lpSolveTime[0] lb[9919.82] ub[10916] size: [6101538] time: [223]
STATS - lpIterations[1] lagIterations[37] sspIterations[1087] numSeparations[637] numCuts[0] compileTime[14] sspSolveTime[166] lpSolveTime[0] lb[9931.6] ub[10916] size: [6135055] time: [231]
STATS - lpIterations[1] lagIterations[42] sspIterations[1318] numSeparations[715] numCuts[0] compileTime[14] sspSolveTime[202] lpSolveTime[0] lb[10006.3] ub[10916] size: [6117065] time: [275]
STATS - lpIterations[1] lagIterations[43] sspIterations[1393] numSeparations[782] numCuts[0] compileTime[14] sspSolveTime[209] lpSolveTime[0] lb[10008.9] ub[10916] size: [6209157] time: [285]
STATS - lpIterations[1] lagIterations[48] sspIterations[1553] numSeparations[835] numCuts[0] compileTime[14] sspSolveTime[238] lpSolveTime[0] lb[10082.7] ub[10916] size: [6229072] time: [322]
STATS - lpIterations[1] lagIterations[49] sspIterations[1631] numSeparations[895] numCuts[0] compileTime[14] sspSolveTime[248] lpSolveTime[0] lb[10089.4] ub[10916] size: [6264347] time: [335]
STATS - lpIterations[1] lagIterations[52] sspIterations[1767] numSeparations[935] numCuts[0] compileTime[14] sspSolveTime[277] lpSolveTime[0] lb[10145.8] ub[10916] size: [6281297] time: [370]
STATS - lpIterations[1] lagIterations[53] sspIterations[1836] numSeparations[983] numCuts[0] compileTime[14] sspSolveTime[285] lpSolveTime[0] lb[10146.4] ub[10916] size: [6307436] time: [381]
STATS - lpIterations[1] lagIterations[61] sspIterations[2009] numSeparations[1066] numCuts[0] compileTime[14] sspSolveTime[305] lpSolveTime[0] lb[10164.3] ub[10916] size: [6338459] time: [413]
STATS - lpIterations[1] lagIterations[63] sspIterations[2046] numSeparations[1101] numCuts[0] compileTime[14] sspSolveTime[308] lpSolveTime[0] lb[10166.4] ub[10916] size: [6352189] time: [419]
STATS - lpIterations[1] lagIterations[65] sspIterations[2133] numSeparations[1113] numCuts[0] compileTime[14] sspSolveTime[321] lpSolveTime[0] lb[10216.5] ub[10916] size: [6355774] time: [436]
STATS - lpIterations[1] lagIterations[66] sspIterations[2175] numSeparations[1154] numCuts[0] compileTime[14] sspSolveTime[326] lpSolveTime[0] lb[10226.3] ub[10916] size: [6379883] time: [443]
STATS - lpIterations[1] lagIterations[68] sspIterations[2278] numSeparations[1170] numCuts[0] compileTime[14] sspSolveTime[349] lpSolveTime[0] lb[10245.5] ub[10916] size: [6388376] time: [470]
STATS - lpIterations[1] lagIterations[69] sspIterations[2338] numSeparations[1215] numCuts[0] compileTime[14] sspSolveTime[356] lpSolveTime[0] lb[10260.9] ub[10916] size: [6410385] time: [479]
STATS - lpIterations[1] lagIterations[73] sspIterations[2499] numSeparations[1257] numCuts[0] compileTime[14] sspSolveTime[379] lpSolveTime[0] lb[10296.6] ub[10916] size: [5901569] time: [511]
STATS - lpIterations[1] lagIterations[74] sspIterations[2577] numSeparations[1298] numCuts[0] compileTime[14] sspSolveTime[388] lpSolveTime[0] lb[10307.2] ub[10916] size: [6450323] time: [523]
STATS - lpIterations[1] lagIterations[78] sspIterations[2724] numSeparations[1329] numCuts[0] compileTime[14] sspSolveTime[418] lpSolveTime[0] lb[10349] ub[10916] size: [5815092] time: [561]
STATS - lpIterations[1] lagIterations[92] sspIterations[3248] numSeparations[1521] numCuts[0] compileTime[14] sspSolveTime[492] lpSolveTime[0] lb[10354.7] ub[10916] size: [6539132] time: [668]
STATS - lpIterations[1] lagIterations[97] sspIterations[3427] numSeparations[1584] numCuts[0] compileTime[14] sspSolveTime[520] lpSolveTime[0] lb[10398.1] ub[10916] size: [6562355] time: [708]
STATS - lpIterations[1] lagIterations[98] sspIterations[3507] numSeparations[1620] numCuts[0] compileTime[14] sspSolveTime[531] lpSolveTime[0] lb[10405] ub[10916] size: [6581445] time: [723]
STATS - lpIterations[1] lagIterations[124] sspIterations[4650] numSeparations[1971] numCuts[0] compileTime[14] sspSolveTime[694] lpSolveTime[0] lb[10407.4] ub[10916] size: [6713558] time: [957]
STATS - lpIterations[1] lagIterations[133] sspIterations[4988] numSeparations[2069] numCuts[0] compileTime[14] sspSolveTime[742] lpSolveTime[0] lb[10428.9] ub[10916] size: [5848808] time: [1026]
STATS - lpIterations[1] lagIterations[134] sspIterations[5056] numSeparations[2098] numCuts[0] compileTime[14] sspSolveTime[749] lpSolveTime[0] lb[10435] ub[10916] size: [6759616] time: [1036]
STATS - lpIterations[1] lagIterations[139] sspIterations[5262] numSeparations[2166] numCuts[0] compileTime[14] sspSolveTime[783] lpSolveTime[0] lb[10451.6] ub[10916] size: [6781604] time: [1085]
STATS - lpIterations[1] lagIterations[160] sspIterations[6102] numSeparations[2388] numCuts[0] compileTime[14] sspSolveTime[916] lpSolveTime[0] lb[10453.7] ub[10916] size: [5876806] time: [1276]
STATS - lpIterations[1] lagIterations[161] sspIterations[6169] numSeparations[2414] numCuts[0] compileTime[14] sspSolveTime[926] lpSolveTime[0] lb[10454.8] ub[10916] size: [6864845] time: [1290]
STATS - lpIterations[1] lagIterations[173] sspIterations[6644] numSeparations[2547] numCuts[0] compileTime[14] sspSolveTime[994] lpSolveTime[0] lb[10456.3] ub[10916] size: [5375509] time: [1392]
STATS - lpIterations[1] lagIterations[174] sspIterations[6712] numSeparations[2578] numCuts[0] compileTime[14] sspSolveTime[1002] lpSolveTime[0] lb[10464.5] ub[10916] size: [6921652] time: [1404]
STATS - lpIterations[1] lagIterations[253] sspIterations[9586] numSeparations[3290] numCuts[0] compileTime[14] sspSolveTime[1395] lpSolveTime[0] lb[10464.9] ub[10916] size: [7152501] time: [2029]
STATS - lpIterations[1] lagIterations[273] sspIterations[10226] numSeparations[3434] numCuts[0] compileTime[14] sspSolveTime[1481] lpSolveTime[0] lb[10468.2] ub[10916] size: [7203600] time: [2171]
STATS - lpIterations[1] lagIterations[285] sspIterations[10609] numSeparations[3508] numCuts[0] compileTime[14] sspSolveTime[1526] lpSolveTime[0] lb[10483.3] ub[10916] size: [5948243] time: [2251]
STATS - lpIterations[1] lagIterations[286] sspIterations[10663] numSeparations[3546] numCuts[0] compileTime[14] sspSolveTime[1534] lpSolveTime[0] lb[10484.3] ub[10916] size: [7240310] time: [2263]
STATS - lpIterations[1] lagIterations[327] sspIterations[12039] numSeparations[3869] numCuts[0] compileTime[14] sspSolveTime[1713] lpSolveTime[0] lb[10484.9] ub[10916] size: [7345598] time: [2560]
STATS - lpIterations[1] lagIterations[328] sspIterations[12095] numSeparations[3890] numCuts[0] compileTime[14] sspSolveTime[1719] lpSolveTime[0] lb[10488.6] ub[10916] size: [7351353] time: [2569]
STATS - lpIterations[2] lagIterations[438] sspIterations[15423] numSeparations[4497] numCuts[0] compileTime[14] sspSolveTime[2119] lpSolveTime[0] lb[10488.6] ub[10916] size: [5979388] time: [3302]
