num vehicles: 50
min service time: 90
instance upper bound: 1767.12
route length upper bound: 45
fixed route cost: 10000
Random seed:2155775130
compiling DD
time step mult: 10
time step: 900
cap step: 1
num nodes: 332137
num arcs: 53989065
done compiling DD
using sequential insertion strategy
initial primalRoute: 0 198 180 72 24 167 40 52 201 118 139 0 
initial primalRoute: 0 77 12 34 176 123 193 158 112 109 6 161 36 142 16 0 
initial primalRoute: 0 51 147 5 74 86 125 130 53 56 100 203 35 65 183 9 159 0 
initial primalRoute: 0 141 29 101 21 95 144 106 15 0 
initial primalRoute: 0 116 25 62 54 70 157 10 182 97 151 177 195 0 
initial primalRoute: 0 173 133 17 102 150 103 81 64 124 85 19 20 91 138 60 166 0 
initial primalRoute: 0 110 122 127 71 31 8 78 13 32 108 61 188 199 189 22 26 140 156 7 134 14 154 66 163 0 
initial primalRoute: 0 63 137 30 117 165 162 200 41 48 80 0 
initial primalRoute: 0 171 111 27 121 104 59 120 82 114 1 135 175 47 68 0 
initial primalRoute: 0 155 197 79 3 23 83 126 90 0 
initial primalRoute: 0 129 99 107 4 0 
initial primalRoute: 0 39 76 93 45 73 187 185 92 88 194 190 49 46 202 149 178 0 
initial primalRoute: 0 105 181 172 164 192 132 33 42 186 136 28 18 0 
initial primalRoute: 0 146 11 170 58 152 94 179 89 0 
initial primalRoute: 0 50 67 184 145 160 113 131 169 115 119 38 98 75 191 37 43 44 196 153 55 174 96 0 
initial primalRoute: 0 87 204 148 128 2 143 57 84 69 168 0 
improved with intra-route Or-opt2
improved with intra-route Or-opt2
improved with intra-route reinsertion
improved with intra-route reinsertion
improved with intra-route Or-opt2
added route to primal routes: 0,167,40,198,180,118,139,72,24,52,201,0,
improved with intra-route reinsertion
improved with intra-route reinsertion
improved with intra-route reinsertion
improved with intra-route reinsertion
improved with intra-route Or-opt3
improved with intra-route reinsertion
improved with intra-route reinsertion
improved with intra-route reinsertion
improved with intra-route reinsertion
improved with intra-route reinsertion
improved with intra-route reinsertion
improved with intra-route reinsertion
improved with intra-route reinsertion
added route to primal routes: 0,77,12,6,193,158,161,142,176,123,34,109,112,16,36,0,
improved with intra-route reinsertion
improved with intra-route reinsertion
improved with intra-route reinsertion
improved with intra-route reinsertion
improved with intra-route reinsertion
improved with intra-route reinsertion
improved with intra-route reinsertion
improved with intra-route reinsertion
improved with intra-route reinsertion
improved with intra-route Or-opt2
improved with intra-route Or-opt2
improved with intra-route reinsertion
improved with intra-route reinsertion
added route to primal routes: 0,53,56,86,100,203,74,130,125,51,65,183,35,9,147,5,159,0,
improved with intra-route reinsertion
improved with intra-route reinsertion
improved with intra-route reinsertion
improved with intra-route reinsertion
improved with intra-route reinsertion
improved with intra-route Or-opt2
added route to primal routes: 0,21,15,141,29,101,106,144,95,0,
improved with intra-route reinsertion
improved with intra-route reinsertion
improved with intra-route reinsertion
improved with intra-route reinsertion
improved with intra-route Or-opt2
improved with intra-route reinsertion
improved with intra-route reinsertion
added route to primal routes: 0,70,10,182,157,97,151,177,116,195,54,25,62,0,
improved with intra-route reinsertion
improved with intra-route reinsertion
improved with intra-route reinsertion
improved with intra-route reinsertion
improved with intra-route reinsertion
improved with intra-route reinsertion
improved with intra-route reinsertion
added route to primal routes: 0,102,150,17,173,133,103,81,64,124,85,166,60,19,138,20,91,0,
improved with intra-route reinsertion
improved with intra-route reinsertion
improved with intra-route reinsertion
improved with intra-route reinsertion
improved with intra-route reinsertion
improved with intra-route reinsertion
improved with intra-route reinsertion
improved with intra-route reinsertion
improved with intra-route reinsertion
improved with intra-route reinsertion
improved with intra-route reinsertion
improved with intra-route reinsertion
improved with intra-route reinsertion
improved with intra-route reinsertion
improved with intra-route reinsertion
improved with intra-route reinsertion
improved with intra-route reinsertion
improved with intra-route reinsertion
improved with intra-route reinsertion
improved with intra-route reinsertion
improved with intra-route reinsertion
improved with intra-route reinsertion
improved with intra-route reinsertion
improved with intra-route reinsertion
improved with intra-route reinsertion
improved with intra-route reinsertion
improved with intra-route reinsertion
improved with intra-route reinsertion
improved with intra-route reinsertion
improved with intra-route reinsertion
improved with intra-route reinsertion
added route to primal routes: 0,188,110,127,71,14,122,22,8,78,13,32,108,61,26,140,134,31,163,154,199,189,156,7,66,0,
improved with intra-route reinsertion
improved with intra-route reinsertion
improved with intra-route reinsertion
improved with intra-route reinsertion
improved with intra-route reinsertion
added route to primal routes: 0,63,162,137,30,117,165,200,41,48,80,0,
improved with intra-route reinsertion
improved with intra-route reinsertion
improved with intra-route reinsertion
improved with intra-route reinsertion
improved with intra-route Or-opt2
improved with intra-route reinsertion
improved with intra-route reinsertion
improved with intra-route reinsertion
improved with intra-route reinsertion
improved with intra-route reinsertion
added route to primal routes: 0,171,114,104,27,121,111,135,1,82,175,47,59,120,68,0,
added route to primal routes: 0,155,197,79,3,23,83,126,90,0,
improved with intra-route Or-opt2
added route to primal routes: 0,107,4,129,99,0,
improved with intra-route reinsertion
improved with intra-route reinsertion
improved with intra-route reinsertion
improved with intra-route reinsertion
improved with intra-route reinsertion
improved with intra-route reinsertion
improved with intra-route reinsertion
improved with intra-route reinsertion
improved with intra-route reinsertion
improved with intra-route reinsertion
improved with intra-route Or-opt2
improved with intra-route reinsertion
improved with intra-route reinsertion
improved with intra-route Or-opt2
improved with intra-route reinsertion
improved with intra-route reinsertion
added route to primal routes: 0,194,190,93,45,73,149,187,185,46,202,92,49,39,88,76,178,0,
improved with intra-route reinsertion
improved with intra-route reinsertion
improved with intra-route reinsertion
improved with intra-route reinsertion
improved with intra-route Or-opt2
improved with intra-route reinsertion
improved with intra-route Or-opt2
improved with intra-route reinsertion
improved with intra-route reinsertion
improved with intra-route Or-opt2
improved with intra-route reinsertion
added route to primal routes: 0,132,33,42,186,136,28,105,164,192,18,181,172,0,
improved with intra-route Or-opt2
improved with intra-route reinsertion
improved with intra-route reinsertion
improved with intra-route reinsertion
improved with intra-route reinsertion
improved with intra-route reinsertion
added route to primal routes: 0,152,94,170,58,179,146,89,11,0,
improved with intra-route reinsertion
improved with intra-route reinsertion
improved with intra-route reinsertion
improved with intra-route reinsertion
improved with intra-route reinsertion
improved with intra-route reinsertion
improved with intra-route reinsertion
improved with intra-route reinsertion
improved with intra-route reinsertion
improved with intra-route reinsertion
improved with intra-route reinsertion
improved with intra-route reinsertion
improved with intra-route reinsertion
improved with intra-route reinsertion
improved with intra-route reinsertion
improved with intra-route reinsertion
improved with intra-route reinsertion
improved with intra-route Or-opt2
improved with intra-route reinsertion
improved with intra-route Or-opt3
improved with intra-route reinsertion
added route to primal routes: 0,160,67,50,96,153,174,113,131,169,115,37,55,119,38,98,191,43,75,184,145,44,196,0,
improved with intra-route Or-opt2
improved with intra-route reinsertion
improved with intra-route reinsertion
added route to primal routes: 0,148,128,2,143,57,84,69,168,87,204,0,
primal heuristic num vars: 16
primal heuristic MIP obj: 166937
feasible primal routes: 
route: 
0 167 40 198 180 118 139 72 24 52 201 0 
route: 
0 77 12 6 193 158 161 142 176 123 34 109 112 16 36 0 
route: 
0 53 56 86 100 203 74 130 125 51 65 183 35 9 147 5 159 0 
route: 
0 21 15 141 29 101 106 144 95 0 
route: 
0 70 10 182 157 97 151 177 116 195 54 25 62 0 
route: 
0 102 150 17 173 133 103 81 64 124 85 166 60 19 138 20 91 0 
route: 
0 188 110 127 71 14 122 22 8 78 13 32 108 61 26 140 134 31 163 154 199 189 156 7 66 0 
route: 
0 63 162 137 30 117 165 200 41 48 80 0 
route: 
0 171 114 104 27 121 111 135 1 82 175 47 59 120 68 0 
route: 
0 155 197 79 3 23 83 126 90 0 
route: 
0 107 4 129 99 0 
route: 
0 194 190 93 45 73 149 187 185 46 202 92 49 39 88 76 178 0 
route: 
0 132 33 42 186 136 28 105 164 192 18 181 172 0 
route: 
0 152 94 170 58 179 146 89 11 0 
route: 
0 160 67 50 96 153 174 113 131 169 115 37 55 119 38 98 191 43 75 184 145 44 196 0 
route: 
0 148 128 2 143 57 84 69 168 87 204 0 
improved ub from MIP pool: 166937
STATS - lpIterations[0] lagIterations[0] sspIterations[0] numSeparations[0] numCuts[0] compileTime[3326] sspSolveTime[0] lpSolveTime[0] lb[0] ub[166937] numArcs: [53989065] numFixed: [0] numHeuristicIPs: [1] numHeuristicLNS: [0] numPrimalLNSRepairs: [0] time: [3417]
STATS1 - lpIterations[0] lagIterations[0] sspIterations[0] numSeparations[0] numCuts[0] compileTime[3326] sspSolveTime[0] lpSolveTime[0] repairTime[0] cutsTime[0] alphaTime[0] decompTime[0] yellowTime[0] updateTime[0] fixTime[0] lb[0] ub[166937] numArcs: [53989065] numFixed: [0] time: [3417]
using sequential insertion strategy
initial primalRoute: 0 8 97 181 156 184 145 167 40 172 177 0 
initial primalRoute: 0 171 200 41 21 50 77 109 96 42 136 15 46 202 114 0 
initial primalRoute: 0 135 53 56 104 86 93 45 130 170 58 161 142 82 68 0 
initial primalRoute: 0 110 107 116 4 54 101 144 61 66 34 118 139 16 122 0 
initial primalRoute: 0 160 70 152 94 157 132 33 57 84 174 98 29 127 71 75 52 201 146 106 11 0 
initial primalRoute: 0 185 88 25 62 187 26 140 178 0 
initial primalRoute: 0 67 78 134 175 5 194 190 176 123 115 164 64 60 47 55 192 159 153 0 
initial primalRoute: 0 105 17 38 102 150 155 51 18 166 124 43 48 80 126 90 23 85 147 0 
initial primalRoute: 0 10 182 2 143 113 131 92 79 3 179 89 119 191 49 0 
initial primalRoute: 0 65 183 169 108 59 120 39 76 100 203 37 87 204 7 0 
initial primalRoute: 0 69 63 162 73 149 186 188 28 151 199 189 195 111 1 27 121 173 133 14 168 0 
initial primalRoute: 0 137 30 13 32 148 128 193 158 103 74 81 19 35 31 154 125 138 9 0 
initial primalRoute: 0 6 20 91 72 24 36 22 163 0 
initial primalRoute: 0 12 141 44 95 112 196 0 
initial primalRoute: 0 198 180 197 83 129 99 0 
initial primalRoute: 0 117 165 0 
improved with intra-route reinsertion
improved with intra-route reinsertion
improved with intra-route reinsertion
improved with intra-route reinsertion
improved with intra-route reinsertion
improved with intra-route reinsertion
added route to primal routes: 0,167,40,8,97,181,172,177,156,184,145,0,
improved with intra-route reinsertion
improved with intra-route reinsertion
improved with intra-route Or-opt3
improved with intra-route Or-opt3
improved with intra-route reinsertion
added route to primal routes: 0,171,200,41,21,15,46,202,114,77,109,50,96,42,136,0,
improved with intra-route reinsertion
improved with intra-route Or-opt2
improved with intra-route reinsertion
added route to primal routes: 0,135,53,56,104,86,93,45,130,161,142,170,58,82,68,0,
added route to primal routes: 0,110,107,116,4,54,101,144,61,66,34,118,139,16,122,0,
improved with intra-route reinsertion
improved with intra-route reinsertion
improved with intra-route reinsertion
improved with intra-route reinsertion
improved with intra-route reinsertion
improved with intra-route reinsertion
improved with intra-route reinsertion
improved with intra-route reinsertion
improved with intra-route reinsertion
improved with intra-route reinsertion
improved with intra-route reinsertion
improved with intra-route reinsertion
improved with intra-route reinsertion
improved with intra-route reinsertion
improved with intra-route reinsertion
added route to primal routes: 0,160,132,33,152,94,70,157,174,57,84,98,75,127,71,29,106,146,11,52,201,0,
improved with intra-route Or-opt2
improved with intra-route reinsertion
improved with intra-route reinsertion
improved with intra-route reinsertion
improved with intra-route reinsertion
added route to primal routes: 0,25,62,187,26,140,185,88,178,0,
improved with intra-route reinsertion
improved with intra-route reinsertion
improved with intra-route reinsertion
improved with intra-route reinsertion
improved with intra-route reinsertion
improved with intra-route reinsertion
improved with intra-route reinsertion
improved with intra-route reinsertion
improved with intra-route reinsertion
improved with intra-route reinsertion
improved with intra-route reinsertion
improved with intra-route reinsertion
improved with intra-route Or-opt2
improved with intra-route Or-opt2
improved with intra-route reinsertion
added route to primal routes: 0,67,153,5,194,190,159,175,47,78,134,176,123,115,55,164,192,64,60,0,
improved with intra-route reinsertion
improved with intra-route reinsertion
improved with intra-route reinsertion
improved with intra-route reinsertion
improved with intra-route reinsertion
improved with intra-route reinsertion
improved with intra-route reinsertion
improved with intra-route reinsertion
improved with intra-route reinsertion
improved with intra-route reinsertion
improved with intra-route reinsertion
improved with intra-route reinsertion
improved with intra-route reinsertion
improved with intra-route reinsertion
improved with intra-route reinsertion
improved with intra-route reinsertion
improved with intra-route reinsertion
improved with intra-route reinsertion
added route to primal routes: 0,105,17,38,166,102,43,150,155,51,18,124,85,126,90,48,80,147,23,0,
improved with intra-route reinsertion
improved with intra-route reinsertion
improved with intra-route reinsertion
improved with intra-route Or-opt2
improved with intra-route Or-opt2
improved with intra-route Or-opt2
added route to primal routes: 0,179,89,2,143,10,182,113,131,92,49,119,191,79,3,0,
improved with intra-route reinsertion
improved with intra-route reinsertion
improved with intra-route reinsertion
improved with intra-route reinsertion
improved with intra-route reinsertion
improved with intra-route reinsertion
improved with intra-route reinsertion
improved with intra-route reinsertion
improved with intra-route reinsertion
improved with intra-route reinsertion
improved with intra-route Or-opt2
improved with intra-route exchange
improved with intra-route reinsertion
improved with intra-route reinsertion
added route to primal routes: 0,169,37,59,100,203,120,108,7,39,76,87,204,65,183,0,
improved with intra-route reinsertion
improved with intra-route reinsertion
improved with intra-route reinsertion
improved with intra-route reinsertion
improved with intra-route reinsertion
improved with intra-route reinsertion
improved with intra-route reinsertion
improved with intra-route reinsertion
improved with intra-route reinsertion
improved with intra-route reinsertion
improved with intra-route reinsertion
improved with intra-route reinsertion
improved with intra-route reinsertion
improved with intra-route reinsertion
improved with intra-route Or-opt2
improved with intra-route reinsertion
improved with intra-route reinsertion
improved with intra-route reinsertion
improved with intra-route Or-opt2
improved with intra-route reinsertion
improved with intra-route reinsertion
improved with intra-route reinsertion
improved with intra-route reinsertion
improved with intra-route reinsertion
improved with intra-route reinsertion
added route to primal routes: 0,188,63,162,173,133,73,149,27,121,111,1,151,69,168,199,189,195,186,14,28,0,
improved with intra-route reinsertion
improved with intra-route reinsertion
improved with intra-route reinsertion
improved with intra-route reinsertion
improved with intra-route reinsertion
improved with intra-route Or-opt3
improved with intra-route reinsertion
improved with intra-route reinsertion
improved with intra-route Or-opt2
improved with intra-route reinsertion
improved with intra-route reinsertion
improved with intra-route reinsertion
improved with intra-route Or-opt2
improved with intra-route reinsertion
improved with intra-route Or-opt2
added route to primal routes: 0,35,9,19,148,193,158,128,138,103,74,13,32,81,125,137,30,31,154,0,
improved with intra-route Or-opt2
improved with intra-route Or-opt2
improved with intra-route Or-opt2
improved with intra-route reinsertion
added route to primal routes: 0,22,163,20,91,6,72,24,36,0,
improved with intra-route reinsertion
improved with intra-route reinsertion
improved with intra-route reinsertion
improved with intra-route reinsertion
added route to primal routes: 0,12,112,141,44,196,95,0,
added route to primal routes: 0,198,180,197,83,129,99,0,
added route to primal routes: 0,117,165,0,
primal heuristic num vars: 32
add MIP warm start
primal heuristic MIP obj: 166590
feasible primal routes: 
route: 
0 167 40 8 97 181 172 177 156 184 145 0 
route: 
0 171 200 41 21 15 46 202 114 77 109 50 96 42 136 0 
route: 
0 135 53 56 104 86 93 45 130 161 142 170 58 82 68 0 
route: 
0 110 107 116 4 54 101 144 61 66 34 118 139 16 122 0 
route: 
0 160 132 33 152 94 70 157 174 57 84 98 75 127 71 29 106 146 11 52 201 0 
route: 
0 25 62 187 26 140 185 88 178 0 
route: 
0 67 153 5 194 190 159 175 47 78 134 176 123 115 55 164 192 64 60 0 
route: 
0 105 17 38 166 102 43 150 155 51 18 124 85 126 90 48 80 147 23 0 
route: 
0 179 89 2 143 10 182 113 131 92 49 119 191 79 3 0 
route: 
0 169 37 59 100 203 120 108 7 39 76 87 204 65 183 0 
route: 
0 188 63 162 173 133 73 149 27 121 111 1 151 69 168 199 189 195 186 14 28 0 
route: 
0 35 9 19 148 193 158 128 138 103 74 13 32 81 125 137 30 31 154 0 
route: 
0 22 163 20 91 6 72 24 36 0 
route: 
0 12 112 141 44 196 95 0 
route: 
0 198 180 197 83 129 99 0 
route: 
0 117 165 0 
improved ub from MIP pool: 166590
STATS - lpIterations[0] lagIterations[0] sspIterations[0] numSeparations[0] numCuts[0] compileTime[3326] sspSolveTime[0] lpSolveTime[0] lb[0] ub[166590] numArcs: [53989065] numFixed: [0] numHeuristicIPs: [2] numHeuristicLNS: [0] numPrimalLNSRepairs: [0] time: [3506]
STATS1 - lpIterations[0] lagIterations[0] sspIterations[0] numSeparations[0] numCuts[0] compileTime[3326] sspSolveTime[0] lpSolveTime[0] repairTime[0] cutsTime[0] alphaTime[0] decompTime[0] yellowTime[0] updateTime[0] fixTime[0] lb[0] ub[166590] numArcs: [53989065] numFixed: [0] time: [3506]
using sequential insertion strategy
initial primalRoute: 0 42 117 165 186 28 199 189 136 0 
initial primalRoute: 0 155 141 101 144 95 23 97 177 0 
initial primalRoute: 0 148 128 77 109 87 204 164 53 56 192 0 
initial primalRoute: 0 161 5 159 184 74 93 118 45 8 78 134 179 156 139 145 142 125 89 0 
initial primalRoute: 0 61 66 2 116 54 44 143 196 119 191 31 154 0 
initial primalRoute: 0 160 174 57 84 104 108 72 24 124 85 151 188 48 80 195 14 7 82 0 
initial primalRoute: 0 67 64 169 137 39 98 76 51 173 103 81 147 133 153 111 1 37 75 60 30 0 
initial primalRoute: 0 198 132 59 33 120 50 170 58 96 10 182 180 0 
initial primalRoute: 0 26 140 102 150 194 129 99 190 0 
initial primalRoute: 0 17 185 88 197 127 83 166 71 0 
initial primalRoute: 0 21 35 9 15 135 27 34 152 94 126 90 20 91 16 22 181 172 163 68 121 0 
initial primalRoute: 0 12 65 79 3 112 52 201 46 202 183 0 
initial primalRoute: 0 171 110 6 19 122 70 86 113 131 114 73 149 187 178 157 193 158 130 36 100 203 138 0 
initial primalRoute: 0 146 11 63 175 13 32 92 105 49 18 162 29 106 167 40 107 4 47 0 
initial primalRoute: 0 200 69 168 176 123 115 38 41 43 55 25 62 0 
improved with intra-route reinsertion
improved with intra-route reinsertion
improved with intra-route reinsertion
improved with intra-route reinsertion
improved with intra-route Or-opt2
improved with intra-route Or-opt2
improved with intra-route reinsertion
added route to primal routes: 0,42,186,199,189,28,136,117,165,0,
added route to primal routes: 0,155,141,101,144,95,23,97,177,0,
improved with intra-route reinsertion
improved with intra-route Or-opt2
improved with intra-route Or-opt2
improved with intra-route Or-opt2
added route to primal routes: 0,148,128,77,109,164,192,53,56,87,204,0,
improved with intra-route reinsertion
improved with intra-route reinsertion
improved with intra-route reinsertion
improved with intra-route reinsertion
improved with intra-route reinsertion
improved with intra-route reinsertion
improved with intra-route reinsertion
improved with intra-route reinsertion
improved with intra-route reinsertion
improved with intra-route reinsertion
improved with intra-route reinsertion
improved with intra-route reinsertion
improved with intra-route Or-opt2
improved with intra-route reinsertion
improved with intra-route Or-opt2
improved with intra-route reinsertion
improved with intra-route reinsertion
improved with intra-route reinsertion
improved with intra-route reinsertion
improved with intra-route reinsertion
improved with intra-route reinsertion
improved with intra-route reinsertion
improved with intra-route reinsertion
improved with intra-route reinsertion
added route to primal routes: 0,118,74,139,93,125,45,8,78,134,179,89,184,145,5,159,161,156,142,0,
improved with intra-route reinsertion
improved with intra-route reinsertion
added route to primal routes: 0,61,2,143,116,54,44,196,66,119,191,31,154,0,
improved with intra-route reinsertion
improved with intra-route reinsertion
improved with intra-route reinsertion
improved with intra-route reinsertion
improved with intra-route reinsertion
improved with intra-route reinsertion
improved with intra-route reinsertion
improved with intra-route reinsertion
improved with intra-route reinsertion
improved with intra-route reinsertion
improved with intra-route reinsertion
improved with intra-route reinsertion
added route to primal routes: 0,160,174,57,84,104,108,72,24,188,7,82,124,85,151,195,48,80,14,0,
improved with intra-route reinsertion
improved with intra-route reinsertion
improved with intra-route reinsertion
improved with intra-route reinsertion
improved with intra-route reinsertion
improved with intra-route reinsertion
improved with intra-route reinsertion
improved with intra-route reinsertion
improved with intra-route reinsertion
improved with intra-route Or-opt2
improved with intra-route Or-opt2
improved with intra-route reinsertion
improved with intra-route reinsertion
improved with intra-route reinsertion
improved with intra-route reinsertion
improved with intra-route reinsertion
improved with intra-route Or-opt2
improved with intra-route reinsertion
improved with intra-route reinsertion
improved with intra-route reinsertion
improved with intra-route reinsertion
improved with intra-route reinsertion
improved with intra-route reinsertion
improved with intra-route reinsertion
improved with intra-route reinsertion
added route to primal routes: 0,67,64,137,169,37,111,1,173,30,133,103,81,153,60,39,98,76,75,51,147,0,
improved with intra-route reinsertion
improved with intra-route reinsertion
improved with intra-route Or-opt2
improved with intra-route reinsertion
improved with intra-route exchange
added route to primal routes: 0,198,180,132,10,59,33,120,182,50,170,58,96,0,
improved with intra-route reinsertion
added route to primal routes: 0,26,140,102,150,194,190,129,99,0,
improved with intra-route reinsertion
improved with intra-route reinsertion
improved with intra-route reinsertion
added route to primal routes: 0,17,185,88,166,197,83,127,71,0,
improved with intra-route reinsertion
improved with intra-route reinsertion
improved with intra-route reinsertion
improved with intra-route reinsertion
improved with intra-route reinsertion
improved with intra-route reinsertion
improved with intra-route reinsertion
improved with intra-route reinsertion
improved with intra-route reinsertion
improved with intra-route reinsertion
improved with intra-route reinsertion
improved with intra-route reinsertion
improved with intra-route reinsertion
improved with intra-route reinsertion
added route to primal routes: 0,35,21,22,135,27,121,34,152,16,126,90,20,91,9,15,181,172,163,68,94,0,
improved with intra-route reinsertion
improved with intra-route reinsertion
improved with intra-route reinsertion
improved with intra-route reinsertion
improved with intra-route reinsertion
improved with intra-route Or-opt2
improved with intra-route Or-opt2
added route to primal routes: 0,46,202,12,112,79,3,65,183,52,201,0,
improved with intra-route reinsertion
improved with intra-route reinsertion
improved with intra-route reinsertion
improved with intra-route reinsertion
improved with intra-route reinsertion
improved with intra-route reinsertion
improved with intra-route reinsertion
improved with intra-route reinsertion
improved with intra-route reinsertion
improved with intra-route reinsertion
improved with intra-route reinsertion
improved with intra-route reinsertion
improved with intra-route reinsertion
improved with intra-route reinsertion
improved with intra-route reinsertion
improved with intra-route reinsertion
improved with intra-route reinsertion
improved with intra-route reinsertion
improved with intra-route reinsertion
improved with intra-route Or-opt2
improved with intra-route reinsertion
improved with intra-route Or-opt2
improved with intra-route reinsertion
improved with intra-route reinsertion
added route to primal routes: 0,171,110,122,70,114,157,113,131,187,73,149,86,100,203,130,178,19,193,158,138,6,36,0,
improved with intra-route reinsertion
improved with intra-route reinsertion
improved with intra-route reinsertion
improved with intra-route reinsertion
improved with intra-route reinsertion
improved with intra-route reinsertion
improved with intra-route reinsertion
improved with intra-route reinsertion
improved with intra-route reinsertion
improved with intra-route reinsertion
improved with intra-route reinsertion
improved with intra-route reinsertion
improved with intra-route reinsertion
improved with intra-route reinsertion
improved with intra-route Or-opt2
improved with intra-route reinsertion
improved with intra-route reinsertion
improved with intra-route Or-opt2
improved with intra-route reinsertion
improved with intra-route reinsertion
improved with intra-route Or-opt2
improved with intra-route reinsertion
improved with intra-route reinsertion
improved with intra-route exchange
added route to primal routes: 0,105,63,162,13,32,18,167,40,92,49,107,4,175,146,29,106,47,11,0,
improved with intra-route reinsertion
improved with intra-route reinsertion
improved with intra-route reinsertion
improved with intra-route reinsertion
improved with intra-route reinsertion
added route to primal routes: 0,176,123,115,55,38,43,69,168,200,41,25,62,0,
primal heuristic num vars: 47
add MIP warm start
primal heuristic MIP obj: 156754
feasible primal routes: 
route: 
0 42 186 199 189 28 136 117 165 0 
route: 
0 155 141 101 144 95 23 97 177 0 
route: 
0 148 128 77 109 164 192 53 56 87 204 0 
route: 
0 118 74 139 93 125 45 8 78 134 179 89 184 145 5 159 161 156 142 0 
route: 
0 61 2 143 116 54 44 196 66 119 191 31 154 0 
route: 
0 160 174 57 84 104 108 72 24 188 7 82 124 85 151 195 48 80 14 0 
route: 
0 67 64 137 169 37 111 1 173 30 133 103 81 153 60 39 98 76 75 51 147 0 
route: 
0 198 180 132 10 59 33 120 182 50 170 58 96 0 
route: 
0 26 140 102 150 194 190 129 99 0 
route: 
0 17 185 88 166 197 83 127 71 0 
route: 
0 35 21 22 135 27 121 34 152 16 126 90 20 91 9 15 181 172 163 68 94 0 
route: 
0 46 202 12 112 79 3 65 183 52 201 0 
route: 
0 171 110 122 70 114 157 113 131 187 73 149 86 100 203 130 178 19 193 158 138 6 36 0 
route: 
0 105 63 162 13 32 18 167 40 92 49 107 4 175 146 29 106 47 11 0 
route: 
0 176 123 115 55 38 43 69 168 200 41 25 62 0 
improved ub from MIP pool: 156754
STATS - lpIterations[0] lagIterations[0] sspIterations[0] numSeparations[0] numCuts[0] compileTime[3326] sspSolveTime[0] lpSolveTime[0] lb[0] ub[156754] numArcs: [53989065] numFixed: [0] numHeuristicIPs: [3] numHeuristicLNS: [0] numPrimalLNSRepairs: [0] time: [3587]
STATS1 - lpIterations[0] lagIterations[0] sspIterations[0] numSeparations[0] numCuts[0] compileTime[3326] sspSolveTime[0] lpSolveTime[0] repairTime[0] cutsTime[0] alphaTime[0] decompTime[0] yellowTime[0] updateTime[0] fixTime[0] lb[0] ub[156754] numArcs: [53989065] numFixed: [0] time: [3587]
using sequential insertion strategy
