do not relax capacity constraint
hgs upper bound: 6927.8
compiling dd
time step mult: 10
time step: 900
cap step: 10
start compiling DD
add terminal node arcs
done compiling dd
STATS - lpIterations[1] lagIterations[0] sspIterations[0] numSeparations[0] numCuts[0] compileTime[84] sspSolveTime[0] lpSolveTime[0] lb[0] ub[6927.8] size: [112780] time: [84]
STATS - lpIterations[1] lagIterations[1] sspIterations[1] numSeparations[0] numCuts[0] compileTime[84] sspSolveTime[0] lpSolveTime[0] lb[5661.4] ub[6927.8] size: [112780] time: [85]
STATS - lpIterations[1] lagIterations[2] sspIterations[2] numSeparations[1] numCuts[0] compileTime[84] sspSolveTime[1] lpSolveTime[0] lb[5935.79] ub[6927.8] size: [112785] time: [87]
STATS - lpIterations[1] lagIterations[3] sspIterations[3] numSeparations[2] numCuts[0] compileTime[84] sspSolveTime[2] lpSolveTime[0] lb[6216.15] ub[6927.8] size: [112792] time: [88]
STATS - lpIterations[1] lagIterations[4] sspIterations[88] numSeparations[3] numCuts[0] compileTime[84] sspSolveTime[16] lpSolveTime[0] lb[6276.11] ub[6927.8] size: [112796] time: [103]
STATS - lpIterations[1] lagIterations[4] sspIterations[88] numSeparations[3] numCuts[0] compileTime[84] sspSolveTime[16] lpSolveTime[0] lb[6434.58] ub[6927.8] size: [112796] time: [111]
STATS - lpIterations[1] lagIterations[5] sspIterations[116] numSeparations[80] numCuts[0] compileTime[84] sspSolveTime[20] lpSolveTime[0] lb[6437.23] ub[6927.8] size: [113173] time: [115]
STATS - lpIterations[1] lagIterations[5] sspIterations[116] numSeparations[80] numCuts[0] compileTime[84] sspSolveTime[20] lpSolveTime[0] lb[6447.28] ub[6927.8] size: [113173] time: [121]
STATS - lpIterations[1] lagIterations[7] sspIterations[224] numSeparations[177] numCuts[0] compileTime[84] sspSolveTime[37] lpSolveTime[0] lb[6450.15] ub[6927.8] size: [113526] time: [149]
STATS - lpIterations[1] lagIterations[7] sspIterations[224] numSeparations[177] numCuts[0] compileTime[84] sspSolveTime[37] lpSolveTime[0] lb[6457.52] ub[6927.8] size: [113526] time: [155]
STATS - lpIterations[1] lagIterations[8] sspIterations[327] numSeparations[195] numCuts[0] compileTime[84] sspSolveTime[55] lpSolveTime[0] lb[6496.09] ub[6927.8] size: [113579] time: [182]
STATS - lpIterations[1] lagIterations[9] sspIterations[358] numSeparations[283] numCuts[0] compileTime[84] sspSolveTime[59] lpSolveTime[0] lb[6504.59] ub[6927.8] size: [113889] time: [188]
STATS - lpIterations[1] lagIterations[9] sspIterations[358] numSeparations[283] numCuts[0] compileTime[84] sspSolveTime[59] lpSolveTime[0] lb[6506.89] ub[6927.8] size: [113889] time: [195]
STATS - lpIterations[1] lagIterations[12] sspIterations[522] numSeparations[393] numCuts[0] compileTime[84] sspSolveTime[88] lpSolveTime[0] lb[6507.04] ub[6927.8] size: [114260] time: [249]
STATS - lpIterations[1] lagIterations[14] sspIterations[636] numSeparations[444] numCuts[0] compileTime[84] sspSolveTime[106] lpSolveTime[0] lb[6551.49] ub[6927.8] size: [114389] time: [285]
STATS - lpIterations[1] lagIterations[15] sspIterations[669] numSeparations[525] numCuts[0] compileTime[84] sspSolveTime[111] lpSolveTime[0] lb[6558.47] ub[6927.8] size: [114599] time: [291]
STATS - lpIterations[1] lagIterations[15] sspIterations[669] numSeparations[525] numCuts[0] compileTime[84] sspSolveTime[111] lpSolveTime[0] lb[6559.67] ub[6927.8] size: [114599] time: [299]
STATS - lpIterations[1] lagIterations[20] sspIterations[963] numSeparations[697] numCuts[0] compileTime[84] sspSolveTime[165] lpSolveTime[0] lb[6560.01] ub[6927.8] size: [114995] time: [402]
STATS - lpIterations[1] lagIterations[21] sspIterations[996] numSeparations[773] numCuts[0] compileTime[84] sspSolveTime[170] lpSolveTime[0] lb[6564.77] ub[6927.8] size: [115189] time: [416]
STATS - lpIterations[1] lagIterations[28] sspIterations[1375] numSeparations[984] numCuts[0] compileTime[84] sspSolveTime[240] lpSolveTime[0] lb[6591.15] ub[6927.8] size: [115664] time: [554]
STATS - lpIterations[1] lagIterations[29] sspIterations[1426] numSeparations[1071] numCuts[0] compileTime[84] sspSolveTime[250] lpSolveTime[0] lb[6596.31] ub[6927.8] size: [115875] time: [575]
STATS - lpIterations[1] lagIterations[36] sspIterations[1806] numSeparations[1314] numCuts[0] compileTime[84] sspSolveTime[327] lpSolveTime[0] lb[6613.61] ub[6927.8] size: [116348] time: [721]
STATS - lpIterations[1] lagIterations[37] sspIterations[1840] numSeparations[1367] numCuts[0] compileTime[84] sspSolveTime[333] lpSolveTime[0] lb[6614.5] ub[6927.8] size: [116485] time: [738]
STATS - lpIterations[1] lagIterations[50] sspIterations[2523] numSeparations[1792] numCuts[0] compileTime[84] sspSolveTime[468] lpSolveTime[0] lb[6617.09] ub[6927.8] size: [117348] time: [1006]
STATS - lpIterations[1] lagIterations[52] sspIterations[2628] numSeparations[1858] numCuts[0] compileTime[84] sspSolveTime[489] lpSolveTime[0] lb[6618.43] ub[6927.8] size: [117486] time: [1051]
STATS - lpIterations[1] lagIterations[61] sspIterations[2967] numSeparations[2095] numCuts[0] compileTime[84] sspSolveTime[549] lpSolveTime[0] lb[6622.2] ub[6927.8] size: [117937] time: [1192]
STATS - lpIterations[1] lagIterations[63] sspIterations[3061] numSeparations[2141] numCuts[0] compileTime[84] sspSolveTime[567] lpSolveTime[0] lb[6623.74] ub[6927.8] size: [118025] time: [1231]
STATS - lpIterations[1] lagIterations[64] sspIterations[3091] numSeparations[2192] numCuts[0] compileTime[84] sspSolveTime[573] lpSolveTime[0] lb[6628.05] ub[6927.8] size: [118132] time: [1237]
STATS - lpIterations[1] lagIterations[64] sspIterations[3091] numSeparations[2192] numCuts[0] compileTime[84] sspSolveTime[573] lpSolveTime[0] lb[6630.24] ub[6927.8] size: [118132] time: [1247]
STATS - lpIterations[1] lagIterations[66] sspIterations[3226] numSeparations[2273] numCuts[0] compileTime[84] sspSolveTime[601] lpSolveTime[0] lb[6634.2] ub[6927.8] size: [118287] time: [1301]
STATS - lpIterations[1] lagIterations[80] sspIterations[3750] numSeparations[2588] numCuts[0] compileTime[84] sspSolveTime[698] lpSolveTime[0] lb[6635.72] ub[6927.8] size: [118913] time: [1530]
STATS - lpIterations[1] lagIterations[81] sspIterations[3834] numSeparations[2599] numCuts[0] compileTime[84] sspSolveTime[717] lpSolveTime[0] lb[6641.82] ub[6927.8] size: [118933] time: [1571]
STATS - lpIterations[1] lagIterations[82] sspIterations[3876] numSeparations[2658] numCuts[0] compileTime[84] sspSolveTime[724] lpSolveTime[0] lb[6644.13] ub[6927.8] size: [119066] time: [1579]
STATS - lpIterations[1] lagIterations[82] sspIterations[3876] numSeparations[2658] numCuts[0] compileTime[84] sspSolveTime[724] lpSolveTime[0] lb[6648.28] ub[6927.8] size: [119066] time: [1592]
STATS - lpIterations[1] lagIterations[92] sspIterations[4316] numSeparations[2932] numCuts[0] compileTime[84] sspSolveTime[811] lpSolveTime[0] lb[6653.43] ub[6927.8] size: [119532] time: [1777]
STATS - lpIterations[1] lagIterations[101] sspIterations[4755] numSeparations[3150] numCuts[0] compileTime[84] sspSolveTime[904] lpSolveTime[0] lb[6657.14] ub[6927.8] size: [119932] time: [1979]
STATS - lpIterations[1] lagIterations[102] sspIterations[4799] numSeparations[3219] numCuts[0] compileTime[84] sspSolveTime[912] lpSolveTime[0] lb[6660.81] ub[6927.8] size: [120052] time: [1999]
STATS - lpIterations[1] lagIterations[111] sspIterations[5220] numSeparations[3480] numCuts[0] compileTime[84] sspSolveTime[1002] lpSolveTime[0] lb[6663.35] ub[6927.8] size: [120506] time: [2192]
STATS - lpIterations[1] lagIterations[118] sspIterations[5587] numSeparations[3680] numCuts[0] compileTime[84] sspSolveTime[1082] lpSolveTime[0] lb[6663.8] ub[6927.8] size: [120859] time: [2357]
STATS - lpIterations[1] lagIterations[119] sspIterations[5615] numSeparations[3721] numCuts[0] compileTime[84] sspSolveTime[1087] lpSolveTime[0] lb[6669.06] ub[6927.8] size: [120923] time: [2363]
STATS - lpIterations[1] lagIterations[121] sspIterations[5723] numSeparations[3779] numCuts[0] compileTime[84] sspSolveTime[1110] lpSolveTime[0] lb[6669.98] ub[6927.8] size: [121034] time: [2422]
STATS - lpIterations[1] lagIterations[127] sspIterations[6024] numSeparations[3942] numCuts[0] compileTime[84] sspSolveTime[1169] lpSolveTime[0] lb[6672.69] ub[6927.8] size: [121293] time: [2556]
STATS - lpIterations[1] lagIterations[139] sspIterations[6516] numSeparations[4176] numCuts[0] compileTime[84] sspSolveTime[1267] lpSolveTime[0] lb[6672.87] ub[6927.8] size: [121671] time: [2798]
STATS - lpIterations[1] lagIterations[140] sspIterations[6543] numSeparations[4211] numCuts[0] compileTime[84] sspSolveTime[1272] lpSolveTime[0] lb[6674.34] ub[6927.8] size: [121726] time: [2805]
STATS - lpIterations[1] lagIterations[144] sspIterations[6729] numSeparations[4321] numCuts[0] compileTime[84] sspSolveTime[1312] lpSolveTime[0] lb[6675.77] ub[6927.8] size: [121914] time: [2895]
STATS - lpIterations[1] lagIterations[145] sspIterations[6813] numSeparations[4330] numCuts[0] compileTime[84] sspSolveTime[1333] lpSolveTime[0] lb[6686.18] ub[6927.8] size: [121923] time: [2940]
STATS - lpIterations[1] lagIterations[146] sspIterations[6860] numSeparations[4386] numCuts[0] compileTime[84] sspSolveTime[1341] lpSolveTime[0] lb[6688.07] ub[6927.8] size: [122009] time: [2962]
STATS - lpIterations[1] lagIterations[169] sspIterations[7940] numSeparations[4992] numCuts[0] compileTime[84] sspSolveTime[1577] lpSolveTime[0] lb[6696.69] ub[6927.8] size: [123002] time: [3492]
