do not relax capacity constraint
hgs upper bound: 7113.3
compiling dd
time step mult: 10
time step: 900
cap step: 10
start compiling DD
add terminal node arcs
done compiling dd
STATS - lpIterations[1] lagIterations[0] sspIterations[0] numSeparations[0] numCuts[0] compileTime[34] sspSolveTime[0] lpSolveTime[0] lb[0] ub[7113.3] size: [79227] time: [34]
STATS - lpIterations[1] lagIterations[1] sspIterations[1] numSeparations[0] numCuts[0] compileTime[34] sspSolveTime[0] lpSolveTime[0] lb[5661.7] ub[7113.3] size: [79227] time: [35]
STATS - lpIterations[1] lagIterations[2] sspIterations[2] numSeparations[0] numCuts[0] compileTime[34] sspSolveTime[1] lpSolveTime[0] lb[5939.31] ub[7113.3] size: [79227] time: [36]
STATS - lpIterations[1] lagIterations[3] sspIterations[3] numSeparations[1] numCuts[0] compileTime[34] sspSolveTime[1] lpSolveTime[0] lb[6221.25] ub[7113.3] size: [79234] time: [37]
STATS - lpIterations[1] lagIterations[4] sspIterations[69] numSeparations[2] numCuts[0] compileTime[34] sspSolveTime[9] lpSolveTime[0] lb[6322.33] ub[7113.3] size: [79235] time: [45]
STATS - lpIterations[1] lagIterations[4] sspIterations[69] numSeparations[2] numCuts[0] compileTime[34] sspSolveTime[9] lpSolveTime[0] lb[6455.8] ub[7113.3] size: [79235] time: [50]
STATS - lpIterations[1] lagIterations[5] sspIterations[92] numSeparations[60] numCuts[0] compileTime[34] sspSolveTime[11] lpSolveTime[0] lb[6465.89] ub[7113.3] size: [79490] time: [53]
STATS - lpIterations[1] lagIterations[5] sspIterations[92] numSeparations[60] numCuts[0] compileTime[34] sspSolveTime[11] lpSolveTime[0] lb[6471.1] ub[7113.3] size: [79490] time: [57]
STATS - lpIterations[1] lagIterations[6] sspIterations[166] numSeparations[76] numCuts[0] compileTime[34] sspSolveTime[18] lpSolveTime[0] lb[6504.76] ub[7113.3] size: [79553] time: [71]
STATS - lpIterations[1] lagIterations[7] sspIterations[191] numSeparations[138] numCuts[0] compileTime[34] sspSolveTime[20] lpSolveTime[0] lb[6521] ub[7113.3] size: [79816] time: [73]
STATS - lpIterations[1] lagIterations[7] sspIterations[191] numSeparations[138] numCuts[0] compileTime[34] sspSolveTime[20] lpSolveTime[0] lb[6522.71] ub[7113.3] size: [79816] time: [78]
STATS - lpIterations[1] lagIterations[8] sspIterations[287] numSeparations[150] numCuts[0] compileTime[34] sspSolveTime[29] lpSolveTime[0] lb[6562.54] ub[7113.3] size: [79844] time: [94]
STATS - lpIterations[1] lagIterations[9] sspIterations[320] numSeparations[224] numCuts[0] compileTime[34] sspSolveTime[32] lpSolveTime[0] lb[6566.38] ub[7113.3] size: [80110] time: [97]
STATS - lpIterations[1] lagIterations[9] sspIterations[320] numSeparations[224] numCuts[0] compileTime[34] sspSolveTime[32] lpSolveTime[0] lb[6576.14] ub[7113.3] size: [80110] time: [102]
STATS - lpIterations[1] lagIterations[10] sspIterations[380] numSeparations[239] numCuts[0] compileTime[34] sspSolveTime[38] lpSolveTime[0] lb[6589.7] ub[7113.3] size: [80129] time: [114]
STATS - lpIterations[1] lagIterations[11] sspIterations[402] numSeparations[280] numCuts[0] compileTime[34] sspSolveTime[40] lpSolveTime[0] lb[6599.77] ub[7113.3] size: [80258] time: [117]
STATS - lpIterations[1] lagIterations[12] sspIterations[535] numSeparations[288] numCuts[0] compileTime[34] sspSolveTime[59] lpSolveTime[0] lb[6657.85] ub[7113.3] size: [80284] time: [149]
STATS - lpIterations[1] lagIterations[13] sspIterations[602] numSeparations[397] numCuts[0] compileTime[34] sspSolveTime[66] lpSolveTime[0] lb[6672.56] ub[7113.3] size: [80613] time: [166]
STATS - lpIterations[1] lagIterations[14] sspIterations[628] numSeparations[434] numCuts[0] compileTime[34] sspSolveTime[69] lpSolveTime[0] lb[6678.46] ub[7113.3] size: [80706] time: [169]
STATS - lpIterations[1] lagIterations[14] sspIterations[628] numSeparations[434] numCuts[0] compileTime[34] sspSolveTime[69] lpSolveTime[0] lb[6681.29] ub[7113.3] size: [80706] time: [174]
STATS - lpIterations[1] lagIterations[15] sspIterations[747] numSeparations[439] numCuts[0] compileTime[34] sspSolveTime[87] lpSolveTime[0] lb[6690.6] ub[7113.3] size: [80718] time: [201]
STATS - lpIterations[1] lagIterations[16] sspIterations[796] numSeparations[530] numCuts[0] compileTime[34] sspSolveTime[93] lpSolveTime[0] lb[6700.15] ub[7113.3] size: [80953] time: [216]
STATS - lpIterations[1] lagIterations[19] sspIterations[980] numSeparations[584] numCuts[0] compileTime[34] sspSolveTime[122] lpSolveTime[0] lb[6716.47] ub[7113.3] size: [81090] time: [267]
STATS - lpIterations[1] lagIterations[20] sspIterations[1040] numSeparations[676] numCuts[0] compileTime[34] sspSolveTime[130] lpSolveTime[0] lb[6725.79] ub[7113.3] size: [81365] time: [284]
STATS - lpIterations[1] lagIterations[21] sspIterations[1065] numSeparations[712] numCuts[0] compileTime[34] sspSolveTime[134] lpSolveTime[0] lb[6733.81] ub[7113.3] size: [81459] time: [288]
STATS - lpIterations[1] lagIterations[22] sspIterations[1180] numSeparations[717] numCuts[0] compileTime[34] sspSolveTime[157] lpSolveTime[0] lb[6745.16] ub[7113.3] size: [81470] time: [327]
STATS - lpIterations[1] lagIterations[23] sspIterations[1251] numSeparations[805] numCuts[0] compileTime[34] sspSolveTime[169] lpSolveTime[0] lb[6757.49] ub[7113.3] size: [81726] time: [349]
STATS - lpIterations[1] lagIterations[24] sspIterations[1282] numSeparations[850] numCuts[0] compileTime[34] sspSolveTime[174] lpSolveTime[0] lb[6763.31] ub[7113.3] size: [81827] time: [355]
STATS - lpIterations[1] lagIterations[24] sspIterations[1282] numSeparations[850] numCuts[0] compileTime[34] sspSolveTime[174] lpSolveTime[0] lb[6767.96] ub[7113.3] size: [81827] time: [363]
STATS - lpIterations[1] lagIterations[26] sspIterations[1445] numSeparations[931] numCuts[0] compileTime[34] sspSolveTime[199] lpSolveTime[0] lb[6770.56] ub[7113.3] size: [82035] time: [407]
STATS - lpIterations[1] lagIterations[29] sspIterations[1649] numSeparations[1043] numCuts[0] compileTime[34] sspSolveTime[229] lpSolveTime[0] lb[6778.54] ub[7113.3] size: [82300] time: [463]
STATS - lpIterations[1] lagIterations[30] sspIterations[1681] numSeparations[1070] numCuts[0] compileTime[34] sspSolveTime[234] lpSolveTime[0] lb[6783.01] ub[7113.3] size: [82352] time: [476]
STATS - lpIterations[1] lagIterations[35] sspIterations[1946] numSeparations[1182] numCuts[0] compileTime[34] sspSolveTime[276] lpSolveTime[0] lb[6790.77] ub[7113.3] size: [82610] time: [563]
STATS - lpIterations[1] lagIterations[36] sspIterations[1975] numSeparations[1216] numCuts[0] compileTime[34] sspSolveTime[280] lpSolveTime[0] lb[6804.36] ub[7113.3] size: [82687] time: [568]
STATS - lpIterations[1] lagIterations[38] sspIterations[2111] numSeparations[1284] numCuts[0] compileTime[34] sspSolveTime[304] lpSolveTime[0] lb[6815.71] ub[7113.3] size: [82843] time: [618]
STATS - lpIterations[1] lagIterations[41] sspIterations[2257] numSeparations[1362] numCuts[0] compileTime[34] sspSolveTime[328] lpSolveTime[0] lb[6819.08] ub[7113.3] size: [83029] time: [669]
STATS - lpIterations[1] lagIterations[43] sspIterations[2340] numSeparations[1394] numCuts[0] compileTime[34] sspSolveTime[343] lpSolveTime[0] lb[6823.32] ub[7113.3] size: [83091] time: [695]
STATS - lpIterations[1] lagIterations[43] sspIterations[2340] numSeparations[1394] numCuts[0] compileTime[34] sspSolveTime[343] lpSolveTime[0] lb[6826.59] ub[7113.3] size: [83091] time: [702]
STATS - lpIterations[1] lagIterations[45] sspIterations[2450] numSeparations[1441] numCuts[0] compileTime[34] sspSolveTime[361] lpSolveTime[0] lb[6830.37] ub[7113.3] size: [83185] time: [738]
STATS - lpIterations[1] lagIterations[46] sspIterations[2496] numSeparations[1449] numCuts[0] compileTime[34] sspSolveTime[369] lpSolveTime[0] lb[6831.84] ub[7113.3] size: [83204] time: [756]
STATS - lpIterations[1] lagIterations[47] sspIterations[2527] numSeparations[1472] numCuts[0] compileTime[34] sspSolveTime[374] lpSolveTime[0] lb[6835.68] ub[7113.3] size: [83246] time: [762]
STATS - lpIterations[1] lagIterations[49] sspIterations[2637] numSeparations[1518] numCuts[0] compileTime[34] sspSolveTime[393] lpSolveTime[0] lb[6840.81] ub[7113.3] size: [83332] time: [807]
STATS - lpIterations[1] lagIterations[51] sspIterations[2715] numSeparations[1536] numCuts[0] compileTime[34] sspSolveTime[407] lpSolveTime[0] lb[6842.03] ub[7113.3] size: [83355] time: [832]
STATS - lpIterations[1] lagIterations[53] sspIterations[2828] numSeparations[1585] numCuts[0] compileTime[34] sspSolveTime[427] lpSolveTime[0] lb[6845.41] ub[7113.3] size: [83451] time: [869]
STATS - lpIterations[1] lagIterations[53] sspIterations[2828] numSeparations[1585] numCuts[0] compileTime[34] sspSolveTime[427] lpSolveTime[0] lb[6848.22] ub[7113.3] size: [83451] time: [878]
STATS - lpIterations[1] lagIterations[55] sspIterations[2898] numSeparations[1603] numCuts[0] compileTime[34] sspSolveTime[439] lpSolveTime[0] lb[6857.63] ub[7113.3] size: [83483] time: [900]
STATS - lpIterations[1] lagIterations[57] sspIterations[3016] numSeparations[1644] numCuts[0] compileTime[34] sspSolveTime[458] lpSolveTime[0] lb[6859.52] ub[7113.3] size: [83555] time: [948]
STATS - lpIterations[1] lagIterations[58] sspIterations[3053] numSeparations[1655] numCuts[0] compileTime[34] sspSolveTime[465] lpSolveTime[0] lb[6871] ub[7113.3] size: [83574] time: [965]
STATS - lpIterations[1] lagIterations[59] sspIterations[3090] numSeparations[1665] numCuts[0] compileTime[34] sspSolveTime[472] lpSolveTime[0] lb[6874.9] ub[7113.3] size: [83591] time: [983]
STATS - lpIterations[1] lagIterations[62] sspIterations[3217] numSeparations[1707] numCuts[0] compileTime[34] sspSolveTime[495] lpSolveTime[0] lb[6877.42] ub[7113.3] size: [83697] time: [1026]
STATS - lpIterations[1] lagIterations[67] sspIterations[3483] numSeparations[1772] numCuts[0] compileTime[34] sspSolveTime[544] lpSolveTime[0] lb[6886.94] ub[7113.3] size: [83806] time: [1138]
STATS - lpIterations[1] lagIterations[68] sspIterations[3531] numSeparations[1824] numCuts[0] compileTime[34] sspSolveTime[552] lpSolveTime[0] lb[6893.85] ub[7113.3] size: [83912] time: [1157]
STATS - lpIterations[1] lagIterations[69] sspIterations[3567] numSeparations[1833] numCuts[0] compileTime[34] sspSolveTime[560] lpSolveTime[0] lb[6893.91] ub[7113.3] size: [83926] time: [1167]
STATS - lpIterations[1] lagIterations[80] sspIterations[4094] numSeparations[2004] numCuts[0] compileTime[34] sspSolveTime[663] lpSolveTime[0] lb[6898.06] ub[7113.3] size: [84258] time: [1392]
STATS - lpIterations[1] lagIterations[80] sspIterations[4094] numSeparations[2004] numCuts[0] compileTime[34] sspSolveTime[663] lpSolveTime[0] lb[6900.46] ub[7113.3] size: [84258] time: [1401]
STATS - lpIterations[1] lagIterations[82] sspIterations[4172] numSeparations[2027] numCuts[0] compileTime[34] sspSolveTime[678] lpSolveTime[0] lb[6906.92] ub[7113.3] size: [84305] time: [1430]
STATS - lpIterations[1] lagIterations[86] sspIterations[4356] numSeparations[2082] numCuts[0] compileTime[34] sspSolveTime[711] lpSolveTime[0] lb[6907.34] ub[7113.3] size: [84411] time: [1508]
STATS - lpIterations[1] lagIterations[90] sspIterations[4539] numSeparations[2136] numCuts[0] compileTime[34] sspSolveTime[748] lpSolveTime[0] lb[6911.45] ub[7113.3] size: [84519] time: [1591]
STATS - lpIterations[1] lagIterations[94] sspIterations[4728] numSeparations[2199] numCuts[0] compileTime[34] sspSolveTime[786] lpSolveTime[0] lb[6915.22] ub[7113.3] size: [84644] time: [1676]
STATS - lpIterations[1] lagIterations[96] sspIterations[4846] numSeparations[2246] numCuts[0] compileTime[34] sspSolveTime[809] lpSolveTime[0] lb[6918] ub[7113.3] size: [84738] time: [1733]
STATS - lpIterations[1] lagIterations[98] sspIterations[4925] numSeparations[2266] numCuts[0] compileTime[34] sspSolveTime[824] lpSolveTime[0] lb[6925.49] ub[7113.3] size: [84770] time: [1763]
STATS - lpIterations[1] lagIterations[101] sspIterations[5096] numSeparations[2322] numCuts[0] compileTime[34] sspSolveTime[867] lpSolveTime[0] lb[6930.6] ub[7113.3] size: [84879] time: [1844]
STATS - lpIterations[1] lagIterations[115] sspIterations[5710] numSeparations[2480] numCuts[0] compileTime[34] sspSolveTime[1001] lpSolveTime[0] lb[6935.77] ub[7113.3] size: [85152] time: [2154]
STATS - lpIterations[1] lagIterations[121] sspIterations[5945] numSeparations[2517] numCuts[0] compileTime[34] sspSolveTime[1049] lpSolveTime[0] lb[6941.17] ub[7113.3] size: [85216] time: [2281]
STATS - lpIterations[1] lagIterations[123] sspIterations[6035] numSeparations[2539] numCuts[0] compileTime[34] sspSolveTime[1067] lpSolveTime[0] lb[6954.43] ub[7113.3] size: [85258] time: [2328]
STATS - lpIterations[1] lagIterations[134] sspIterations[6542] numSeparations[2672] numCuts[0] compileTime[34] sspSolveTime[1180] lpSolveTime[0] lb[6955.46] ub[7113.3] size: [85500] time: [2601]
STATS - lpIterations[1] lagIterations[138] sspIterations[6725] numSeparations[2723] numCuts[0] compileTime[34] sspSolveTime[1222] lpSolveTime[0] lb[6956.84] ub[7113.3] size: [85572] time: [2702]
STATS - lpIterations[1] lagIterations[146] sspIterations[7068] numSeparations[2805] numCuts[0] compileTime[34] sspSolveTime[1296] lpSolveTime[0] lb[6963.45] ub[7113.3] size: [85714] time: [2893]
STATS - lpIterations[1] lagIterations[150] sspIterations[7248] numSeparations[2847] numCuts[0] compileTime[34] sspSolveTime[1338] lpSolveTime[0] lb[6964.83] ub[7113.3] size: [85775] time: [2993]
STATS - lpIterations[1] lagIterations[160] sspIterations[7666] numSeparations[2935] numCuts[0] compileTime[34] sspSolveTime[1429] lpSolveTime[0] lb[6972.21] ub[7113.3] size: [85928] time: [3233]
STATS - lpIterations[1] lagIterations[171] sspIterations[8163] numSeparations[3050] numCuts[0] compileTime[34] sspSolveTime[1546] lpSolveTime[0] lb[6978.35] ub[7113.3] size: [86108] time: [3521]
