do not relax capacity constraint
hgs upper bound: 7138.8
compiling dd
time step mult: 10
time step: 900
cap step: 10
start compiling DD
add terminal node arcs
done compiling dd
STATS - lpIterations[1] lagIterations[0] sspIterations[0] numSeparations[0] numCuts[0] compileTime[5] sspSolveTime[0] lpSolveTime[0] lb[0] ub[7138.8] size: [31745] time: [5]
STATS - lpIterations[1] lagIterations[1] sspIterations[1] numSeparations[0] numCuts[0] compileTime[5] sspSolveTime[0] lpSolveTime[0] lb[5661.4] ub[7138.8] size: [31745] time: [5]
STATS - lpIterations[1] lagIterations[2] sspIterations[2] numSeparations[1] numCuts[0] compileTime[5] sspSolveTime[0] lpSolveTime[0] lb[5939.04] ub[7138.8] size: [31750] time: [6]
STATS - lpIterations[1] lagIterations[3] sspIterations[3] numSeparations[1] numCuts[0] compileTime[5] sspSolveTime[0] lpSolveTime[0] lb[6222.74] ub[7138.8] size: [31750] time: [6]
STATS - lpIterations[1] lagIterations[4] sspIterations[24] numSeparations[1] numCuts[0] compileTime[5] sspSolveTime[1] lpSolveTime[0] lb[6468.39] ub[7138.8] size: [31750] time: [7]
STATS - lpIterations[1] lagIterations[4] sspIterations[24] numSeparations[1] numCuts[0] compileTime[5] sspSolveTime[1] lpSolveTime[0] lb[6481.29] ub[7138.8] size: [31750] time: [8]
STATS - lpIterations[1] lagIterations[5] sspIterations[53] numSeparations[11] numCuts[0] compileTime[5] sspSolveTime[2] lpSolveTime[0] lb[6545.71] ub[7138.8] size: [31785] time: [9]
STATS - lpIterations[1] lagIterations[5] sspIterations[53] numSeparations[11] numCuts[0] compileTime[5] sspSolveTime[2] lpSolveTime[0] lb[6571.88] ub[7138.8] size: [31785] time: [10]
STATS - lpIterations[1] lagIterations[6] sspIterations[83] numSeparations[25] numCuts[0] compileTime[5] sspSolveTime[2] lpSolveTime[0] lb[6634.5] ub[7138.8] size: [31833] time: [11]
STATS - lpIterations[1] lagIterations[6] sspIterations[83] numSeparations[25] numCuts[0] compileTime[5] sspSolveTime[2] lpSolveTime[0] lb[6641.98] ub[7138.8] size: [31833] time: [13]
STATS - lpIterations[1] lagIterations[7] sspIterations[123] numSeparations[45] numCuts[0] compileTime[5] sspSolveTime[4] lpSolveTime[0] lb[6677.88] ub[7138.8] size: [31908] time: [16]
STATS - lpIterations[1] lagIterations[8] sspIterations[148] numSeparations[67] numCuts[0] compileTime[5] sspSolveTime[5] lpSolveTime[0] lb[6700.27] ub[7138.8] size: [31986] time: [17]
STATS - lpIterations[1] lagIterations[8] sspIterations[148] numSeparations[67] numCuts[0] compileTime[5] sspSolveTime[5] lpSolveTime[0] lb[6701.98] ub[7138.8] size: [31986] time: [18]
STATS - lpIterations[1] lagIterations[9] sspIterations[196] numSeparations[73] numCuts[0] compileTime[5] sspSolveTime[6] lpSolveTime[0] lb[6738] ub[7138.8] size: [31992] time: [22]
STATS - lpIterations[1] lagIterations[10] sspIterations[223] numSeparations[104] numCuts[0] compileTime[5] sspSolveTime[7] lpSolveTime[0] lb[6750.25] ub[7138.8] size: [32096] time: [23]
STATS - lpIterations[1] lagIterations[10] sspIterations[223] numSeparations[104] numCuts[0] compileTime[5] sspSolveTime[7] lpSolveTime[0] lb[6753.15] ub[7138.8] size: [32096] time: [25]
STATS - lpIterations[1] lagIterations[11] sspIterations[271] numSeparations[112] numCuts[0] compileTime[5] sspSolveTime[9] lpSolveTime[0] lb[6791.38] ub[7138.8] size: [32113] time: [29]
STATS - lpIterations[1] lagIterations[12] sspIterations[307] numSeparations[136] numCuts[0] compileTime[5] sspSolveTime[10] lpSolveTime[0] lb[6803.72] ub[7138.8] size: [32174] time: [30]
STATS - lpIterations[1] lagIterations[12] sspIterations[307] numSeparations[136] numCuts[0] compileTime[5] sspSolveTime[10] lpSolveTime[0] lb[6813.31] ub[7138.8] size: [32174] time: [32]
STATS - lpIterations[1] lagIterations[15] sspIterations[428] numSeparations[178] numCuts[0] compileTime[5] sspSolveTime[15] lpSolveTime[0] lb[6813.78] ub[7138.8] size: [32299] time: [44]
STATS - lpIterations[1] lagIterations[16] sspIterations[458] numSeparations[201] numCuts[0] compileTime[5] sspSolveTime[16] lpSolveTime[0] lb[6835.86] ub[7138.8] size: [32366] time: [45]
STATS - lpIterations[1] lagIterations[16] sspIterations[458] numSeparations[201] numCuts[0] compileTime[5] sspSolveTime[16] lpSolveTime[0] lb[6837.75] ub[7138.8] size: [32366] time: [47]
STATS - lpIterations[1] lagIterations[17] sspIterations[503] numSeparations[212] numCuts[0] compileTime[5] sspSolveTime[18] lpSolveTime[0] lb[6862.27] ub[7138.8] size: [32391] time: [51]
STATS - lpIterations[1] lagIterations[18] sspIterations[539] numSeparations[234] numCuts[0] compileTime[5] sspSolveTime[19] lpSolveTime[0] lb[6865.75] ub[7138.8] size: [32447] time: [52]
STATS - lpIterations[1] lagIterations[18] sspIterations[539] numSeparations[234] numCuts[0] compileTime[5] sspSolveTime[19] lpSolveTime[0] lb[6869.49] ub[7138.8] size: [32447] time: [54]
STATS - lpIterations[1] lagIterations[19] sspIterations[576] numSeparations[246] numCuts[0] compileTime[5] sspSolveTime[20] lpSolveTime[0] lb[6871.62] ub[7138.8] size: [32472] time: [58]
STATS - lpIterations[1] lagIterations[20] sspIterations[611] numSeparations[260] numCuts[0] compileTime[5] sspSolveTime[22] lpSolveTime[0] lb[6880.07] ub[7138.8] size: [32522] time: [59]
STATS - lpIterations[1] lagIterations[20] sspIterations[611] numSeparations[260] numCuts[0] compileTime[5] sspSolveTime[22] lpSolveTime[0] lb[6897.82] ub[7138.8] size: [32522] time: [61]
STATS - lpIterations[1] lagIterations[24] sspIterations[772] numSeparations[309] numCuts[0] compileTime[5] sspSolveTime[28] lpSolveTime[0] lb[6915.61] ub[7138.8] size: [32642] time: [78]
STATS - lpIterations[1] lagIterations[25] sspIterations[808] numSeparations[338] numCuts[0] compileTime[5] sspSolveTime[29] lpSolveTime[0] lb[6917.64] ub[7138.8] size: [32734] time: [80]
STATS - lpIterations[1] lagIterations[25] sspIterations[808] numSeparations[338] numCuts[0] compileTime[5] sspSolveTime[29] lpSolveTime[0] lb[6930.88] ub[7138.8] size: [32734] time: [82]
STATS - lpIterations[1] lagIterations[26] sspIterations[852] numSeparations[348] numCuts[0] compileTime[5] sspSolveTime[31] lpSolveTime[0] lb[6938.25] ub[7138.8] size: [32763] time: [87]
STATS - lpIterations[1] lagIterations[28] sspIterations[938] numSeparations[371] numCuts[0] compileTime[5] sspSolveTime[35] lpSolveTime[0] lb[6941.74] ub[7138.8] size: [32810] time: [97]
STATS - lpIterations[1] lagIterations[29] sspIterations[969] numSeparations[400] numCuts[0] compileTime[5] sspSolveTime[37] lpSolveTime[0] lb[6958.53] ub[7138.8] size: [32897] time: [99]
STATS - lpIterations[1] lagIterations[30] sspIterations[1025] numSeparations[407] numCuts[0] compileTime[5] sspSolveTime[39] lpSolveTime[0] lb[6978.33] ub[7138.8] size: [32922] time: [108]
STATS - lpIterations[1] lagIterations[31] sspIterations[1062] numSeparations[431] numCuts[0] compileTime[5] sspSolveTime[41] lpSolveTime[0] lb[6978.68] ub[7138.8] size: [32980] time: [112]
STATS - lpIterations[1] lagIterations[37] sspIterations[1299] numSeparations[499] numCuts[0] compileTime[5] sspSolveTime[51] lpSolveTime[0] lb[6988.2] ub[7138.8] size: [33123] time: [141]
STATS - lpIterations[1] lagIterations[41] sspIterations[1450] numSeparations[533] numCuts[0] compileTime[5] sspSolveTime[57] lpSolveTime[0] lb[6989.24] ub[7138.8] size: [33177] time: [163]
STATS - lpIterations[1] lagIterations[42] sspIterations[1487] numSeparations[537] numCuts[0] compileTime[5] sspSolveTime[59] lpSolveTime[0] lb[7009.55] ub[7138.8] size: [33183] time: [166]
STATS - lpIterations[1] lagIterations[42] sspIterations[1487] numSeparations[537] numCuts[0] compileTime[5] sspSolveTime[59] lpSolveTime[0] lb[7012.28] ub[7138.8] size: [33183] time: [169]
STATS - lpIterations[1] lagIterations[43] sspIterations[1531] numSeparations[544] numCuts[0] compileTime[5] sspSolveTime[61] lpSolveTime[0] lb[7015.93] ub[7138.8] size: [33209] time: [175]
STATS - lpIterations[1] lagIterations[45] sspIterations[1615] numSeparations[566] numCuts[0] compileTime[5] sspSolveTime[65] lpSolveTime[0] lb[7016.99] ub[7138.8] size: [33256] time: [187]
STATS - lpIterations[1] lagIterations[46] sspIterations[1653] numSeparations[580] numCuts[0] compileTime[5] sspSolveTime[66] lpSolveTime[0] lb[7022.35] ub[7138.8] size: [33289] time: [190]
STATS - lpIterations[1] lagIterations[46] sspIterations[1653] numSeparations[580] numCuts[0] compileTime[5] sspSolveTime[66] lpSolveTime[0] lb[7024.92] ub[7138.8] size: [33289] time: [193]
STATS - lpIterations[1] lagIterations[50] sspIterations[1810] numSeparations[618] numCuts[0] compileTime[5] sspSolveTime[73] lpSolveTime[0] lb[7025.12] ub[7138.8] size: [33375] time: [214]
STATS - lpIterations[1] lagIterations[51] sspIterations[1858] numSeparations[620] numCuts[0] compileTime[5] sspSolveTime[76] lpSolveTime[0] lb[7026.12] ub[7138.8] size: [33382] time: [224]
STATS - lpIterations[1] lagIterations[52] sspIterations[1897] numSeparations[635] numCuts[0] compileTime[5] sspSolveTime[78] lpSolveTime[0] lb[7029.96] ub[7138.8] size: [33423] time: [229]
STATS - lpIterations[1] lagIterations[53] sspIterations[1941] numSeparations[642] numCuts[0] compileTime[5] sspSolveTime[80] lpSolveTime[0] lb[7030.52] ub[7138.8] size: [33432] time: [236]
STATS - lpIterations[1] lagIterations[54] sspIterations[1976] numSeparations[654] numCuts[0] compileTime[5] sspSolveTime[81] lpSolveTime[0] lb[7031.91] ub[7138.8] size: [33454] time: [239]
STATS - lpIterations[1] lagIterations[54] sspIterations[1976] numSeparations[654] numCuts[0] compileTime[5] sspSolveTime[81] lpSolveTime[0] lb[7038.94] ub[7138.8] size: [33454] time: [241]
STATS - lpIterations[1] lagIterations[55] sspIterations[2013] numSeparations[662] numCuts[0] compileTime[5] sspSolveTime[83] lpSolveTime[0] lb[7049.44] ub[7138.8] size: [33477] time: [244]
STATS - lpIterations[1] lagIterations[57] sspIterations[2095] numSeparations[683] numCuts[0] compileTime[5] sspSolveTime[86] lpSolveTime[0] lb[7052.49] ub[7138.8] size: [33535] time: [256]
STATS - lpIterations[1] lagIterations[59] sspIterations[2193] numSeparations[709] numCuts[0] compileTime[5] sspSolveTime[92] lpSolveTime[0] lb[7056.59] ub[7138.8] size: [33603] time: [273]
STATS - lpIterations[1] lagIterations[60] sspIterations[2233] numSeparations[717] numCuts[0] compileTime[5] sspSolveTime[94] lpSolveTime[0] lb[7057] ub[7138.8] size: [33619] time: [280]
STATS - lpIterations[1] lagIterations[63] sspIterations[2349] numSeparations[736] numCuts[0] compileTime[5] sspSolveTime[99] lpSolveTime[0] lb[7061.3] ub[7138.8] size: [33658] time: [298]
STATS - lpIterations[1] lagIterations[65] sspIterations[2427] numSeparations[750] numCuts[0] compileTime[5] sspSolveTime[102] lpSolveTime[0] lb[7063.33] ub[7138.8] size: [33691] time: [307]
STATS - lpIterations[1] lagIterations[69] sspIterations[2596] numSeparations[785] numCuts[0] compileTime[5] sspSolveTime[110] lpSolveTime[0] lb[7068.85] ub[7138.8] size: [33791] time: [333]
STATS - lpIterations[1] lagIterations[71] sspIterations[2680] numSeparations[803] numCuts[0] compileTime[5] sspSolveTime[114] lpSolveTime[0] lb[7076.22] ub[7138.8] size: [33824] time: [347]
STATS - lpIterations[1] lagIterations[76] sspIterations[2892] numSeparations[831] numCuts[0] compileTime[5] sspSolveTime[125] lpSolveTime[0] lb[7084.02] ub[7138.8] size: [33906] time: [382]
STATS - lpIterations[1] lagIterations[77] sspIterations[2933] numSeparations[842] numCuts[0] compileTime[5] sspSolveTime[126] lpSolveTime[0] lb[7093.38] ub[7138.8] size: [33930] time: [386]
STATS - lpIterations[1] lagIterations[92] sspIterations[3560] numSeparations[932] numCuts[0] compileTime[5] sspSolveTime[158] lpSolveTime[0] lb[7094.56] ub[7138.8] size: [34136] time: [488]
STATS - lpIterations[1] lagIterations[92] sspIterations[3560] numSeparations[932] numCuts[0] compileTime[5] sspSolveTime[158] lpSolveTime[0] lb[7100.97] ub[7138.8] size: [34136] time: [491]
STATS - lpIterations[1] lagIterations[129] sspIterations[5071] numSeparations[1087] numCuts[0] compileTime[5] sspSolveTime[235] lpSolveTime[0] lb[7105.07] ub[7138.8] size: [34432] time: [741]
STATS - lpIterations[1] lagIterations[131] sspIterations[5160] numSeparations[1098] numCuts[0] compileTime[5] sspSolveTime[239] lpSolveTime[0] lb[7106.29] ub[7138.8] size: [34448] time: [756]
STATS - lpIterations[1] lagIterations[135] sspIterations[5317] numSeparations[1121] numCuts[0] compileTime[5] sspSolveTime[247] lpSolveTime[0] lb[7107.39] ub[7138.8] size: [34493] time: [784]
STATS - lpIterations[1] lagIterations[151] sspIterations[5979] numSeparations[1163] numCuts[0] compileTime[5] sspSolveTime[280] lpSolveTime[0] lb[7108.23] ub[7138.8] size: [34567] time: [893]
STATS - lpIterations[1] lagIterations[153] sspIterations[6067] numSeparations[1166] numCuts[0] compileTime[5] sspSolveTime[285] lpSolveTime[0] lb[7108.53] ub[7138.8] size: [34572] time: [907]
switching from LAG to LP solver
num vars: 84347
STATS - lpIterations[2] lagIterations[153] sspIterations[6067] numSeparations[1166] numCuts[0] compileTime[5] sspSolveTime[285] lpSolveTime[103] lb[7138.72] ub[7138.8] size: [34572] time: [1016]
max violation: 0.2
new capacity cutset: 34 41 78 125 188 224 225 231 278 323 387 <= 9
new capacity cutset: 34 41 43 78 125 188 224 225 230 231 278 323 387 <= 11
new capacity cutset: 34 41 78 125 188 224 225 230 231 278 323 387 <= 10
new capacity cutset: 34 43 78 125 188 225 230 231 278 323 387 <= 9
routes: 
flow {1}: 0 56 141 252 370 274 138 170 4 190 275 
flow {1}: 0 126 115 331 398 66 277 325 368 37 20 
flow {1}: 0 374 32 62 39 67 65 396 307 264 
flow {1}: 0 5 160 337 330 143 215 46 147 153 89 166 258 
flow {1}: 0 17 326 214 355 117 247 162 320 168 283 289 158 104 227 
flow {1}: 0 23 371 38 333 111 194 363 251 316 276 142 
flow {1}: 0 33 255 29 157 212 169 237 28 
flow {1}: 0 49 298 87 70 302 201 25 96 353 
flow {1}: 0 51 181 389 1 116 127 245 242 259 
flow {1}: 0 63 213 121 233 173 161 50 383 261 131 
flow {1}: 0 73 265 380 85 328 177 95 30 
flow {1}: 0 80 315 221 284 351 58 356 134 107 
flow {1}: 0 92 266 165 308 146 268 79 
flow {1}: 0 94 54 180 179 386 379 312 246 81 197 84 
flow {1}: 0 97 375 149 101 7 257 300 13 15 
flow {1}: 0 102 69 222 159 304 71 113 211 59 253 
flow {1}: 0 105 155 395 361 272 306 377 124 2 347 376 
flow {1}: 0 114 44 348 235 388 281 129 263 176 137 384 
flow {1}: 0 186 154 381 202 342 309 118 21 346 45 
flow {1}: 0 189 174 390 271 244 57 48 345 98 250 234 
flow {1}: 0 267 364 340 373 167 148 378 164 367 391 
flow {1}: 0 286 88 217 209 185 10 152 336 
flow {1}: 0 287 31 362 108 248 171 243 239 192 128 27 
flow {1}: 0 290 182 236 61 218 11 369 110 35 223 240 
flow {1}: 0 291 52 16 314 136 317 22 399 132 311 241 
flow {1}: 0 292 226 109 172 26 350 282 352 40 183 123 75 228 
flow {1}: 0 301 139 280 392 36 191 349 344 91 130 372 
flow {1}: 0 303 144 24 93 229 204 295 103 220 122 
flow {1}: 0 322 151 270 193 19 55 120 294 
flow {1}: 0 324 156 133 210 382 338 256 205 
flow {0.2}: 0 332 310 339 262 400 8 319 260 
flow {0.4}: 0 332 310 339 262 400 8 319 260 43 34 224 41 
flow {0.4}: 0 332 310 339 262 400 8 319 260 43 230 224 41 
flow {1}: 0 334 216 358 195 285 18 238 297 329 
flow {1}: 0 335 385 199 82 296 359 254 293 60 53 313 86 
flow {1}: 0 343 269 64 208 100 145 318 106 163 
flow {1}: 0 357 77 74 394 68 14 288 6 178 327 
flow {1}: 0 360 198 12 9 47 299 305 219 249 
flow {1}: 0 366 150 83 354 206 99 184 175 3 
flow {0.6}: 0 387 278 78 231 188 125 225 323 34 230 
flow {0.2}: 0 387 278 78 231 188 125 225 323 43 
flow {0.2}: 0 387 278 78 231 188 125 225 323 224 41 
flow {1}: 0 393 112 135 140 279 90 196 321 76 
flow {1}: 0 397 72 203 365 273 341 207 187 200 119 232 42 
no more separations possible
num vars: 84347
STATS - lpIterations[3] lagIterations[153] sspIterations[6067] numSeparations[1166] numCuts[4] compileTime[5] sspSolveTime[285] lpSolveTime[212] lb[7138.8] ub[7138.8] size: [34572] time: [1125]
integral solution
routes: 
flow {1}: 0 56 141 252 370 274 138 170 4 190 275 
flow {1}: 0 126 115 331 398 66 277 325 368 37 20 
flow {1}: 0 374 32 62 39 67 65 396 307 264 
flow {1}: 0 5 160 337 330 143 215 46 147 153 89 166 258 
flow {1}: 0 17 326 214 355 117 247 162 320 168 283 289 158 104 227 
flow {1}: 0 23 371 38 333 111 194 363 251 316 276 142 
flow {1}: 0 33 255 29 157 212 169 237 28 
flow {1}: 0 49 298 87 70 302 201 25 96 353 
flow {1}: 0 51 181 389 1 116 127 245 242 259 
flow {1}: 0 63 213 121 233 173 161 50 383 261 131 
flow {1}: 0 73 265 380 85 328 177 95 30 
flow {1}: 0 80 315 221 284 351 58 356 134 107 
flow {1}: 0 92 266 165 308 146 268 79 
flow {1}: 0 94 54 180 179 386 379 312 246 81 197 84 
flow {1}: 0 97 375 149 101 7 257 300 13 15 
flow {1}: 0 102 69 222 159 304 71 113 211 59 253 
flow {1}: 0 105 155 395 361 272 306 377 124 2 347 376 
flow {1}: 0 114 44 348 235 388 281 129 263 176 137 384 
flow {1}: 0 186 154 381 202 342 309 118 21 346 45 
flow {1}: 0 189 174 390 271 244 57 48 345 98 250 234 
flow {1}: 0 267 364 340 373 167 148 378 164 367 391 
flow {1}: 0 286 88 217 209 185 10 152 336 
flow {1}: 0 287 31 362 108 248 171 243 239 192 128 27 
flow {1}: 0 290 182 236 61 218 11 369 110 35 223 240 
flow {1}: 0 291 52 16 314 136 317 22 399 132 311 241 
flow {1}: 0 292 226 109 172 26 350 282 352 40 183 123 75 228 
flow {1}: 0 301 139 280 392 36 191 349 344 91 130 372 
flow {1}: 0 303 144 24 93 229 204 295 103 220 122 
flow {1}: 0 322 151 270 193 19 55 120 294 
flow {1}: 0 324 156 133 210 382 338 256 205 
flow {1}: 0 332 310 339 262 400 8 319 260 43 230 41 
flow {1}: 0 334 216 358 195 285 18 238 297 329 
flow {1}: 0 335 385 199 82 296 359 254 293 60 53 313 86 
flow {1}: 0 343 269 64 208 100 145 318 106 163 
flow {1}: 0 357 77 74 394 68 14 288 6 178 327 
flow {1}: 0 360 198 12 9 47 299 305 219 249 
flow {1}: 0 366 150 83 354 206 99 184 175 3 
flow {1}: 0 387 278 78 231 188 125 225 323 34 224 
flow {1}: 0 393 112 135 140 279 90 196 321 76 
flow {1}: 0 397 72 203 365 273 341 207 187 200 119 232 42 
no more separations possible
no more separations or cuts possible
STATS - lpIterations[3] lagIterations[153] sspIterations[6067] numSeparations[1166] numCuts[4] compileTime[5] sspSolveTime[285] lpSolveTime[212] lb[7138.8] ub[7138.8] size: [34572] time: [1125]
finished solving - complete
time elapsed: 1125
