do not relax capacity constraint
hgs upper bound: 13617.5
compiling dd
time step mult: 10
time step: 900
cap step: 10
start compiling DD
add terminal node arcs
done compiling dd
STATS - lpIterations[1] lagIterations[0] sspIterations[0] numSeparations[0] numCuts[0] compileTime[802] sspSolveTime[0] lpSolveTime[0] lb[0] ub[13617.5] size: [234791] time: [802]
STATS - lpIterations[1] lagIterations[1] sspIterations[1] numSeparations[0] numCuts[0] compileTime[802] sspSolveTime[2] lpSolveTime[0] lb[11674.6] ub[13617.5] size: [234791] time: [804]
STATS - lpIterations[1] lagIterations[2] sspIterations[2] numSeparations[1] numCuts[0] compileTime[802] sspSolveTime[4] lpSolveTime[0] lb[12236.8] ub[13617.5] size: [234794] time: [810]
STATS - lpIterations[1] lagIterations[3] sspIterations[94] numSeparations[2] numCuts[0] compileTime[802] sspSolveTime[34] lpSolveTime[0] lb[12566.6] ub[13617.5] size: [234799] time: [844]
STATS - lpIterations[1] lagIterations[3] sspIterations[94] numSeparations[2] numCuts[0] compileTime[802] sspSolveTime[34] lpSolveTime[0] lb[12748.4] ub[13617.5] size: [234799] time: [870]
STATS - lpIterations[1] lagIterations[4] sspIterations[112] numSeparations[85] numCuts[0] compileTime[802] sspSolveTime[41] lpSolveTime[0] lb[12771] ub[13617.5] size: [235226] time: [880]
STATS - lpIterations[1] lagIterations[4] sspIterations[112] numSeparations[85] numCuts[0] compileTime[802] sspSolveTime[41] lpSolveTime[0] lb[12773.5] ub[13617.5] size: [235226] time: [901]
STATS - lpIterations[1] lagIterations[5] sspIterations[398] numSeparations[102] numCuts[0] compileTime[802] sspSolveTime[149] lpSolveTime[0] lb[12926.3] ub[13617.5] size: [235276] time: [1066]
STATS - lpIterations[1] lagIterations[6] sspIterations[516] numSeparations[337] numCuts[0] compileTime[802] sspSolveTime[186] lpSolveTime[0] lb[12950.9] ub[13617.5] size: [236430] time: [1150]
STATS - lpIterations[1] lagIterations[8] sspIterations[743] numSeparations[443] numCuts[0] compileTime[802] sspSolveTime[266] lpSolveTime[0] lb[12967] ub[13617.5] size: [236787] time: [1309]
STATS - lpIterations[1] lagIterations[9] sspIterations[802] numSeparations[593] numCuts[0] compileTime[802] sspSolveTime[284] lpSolveTime[0] lb[12980.4] ub[13617.5] size: [237317] time: [1369]
STATS - lpIterations[1] lagIterations[12] sspIterations[1216] numSeparations[730] numCuts[0] compileTime[802] sspSolveTime[466] lpSolveTime[0] lb[13017.6] ub[13617.5] size: [237763] time: [1689]
STATS - lpIterations[1] lagIterations[13] sspIterations[1327] numSeparations[941] numCuts[0] compileTime[802] sspSolveTime[506] lpSolveTime[0] lb[13036.8] ub[13617.5] size: [238525] time: [1782]
STATS - lpIterations[1] lagIterations[16] sspIterations[1699] numSeparations[1217] numCuts[0] compileTime[802] sspSolveTime[665] lpSolveTime[0] lb[13042.5] ub[13617.5] size: [239334] time: [2094]
STATS - lpIterations[1] lagIterations[24] sspIterations[2522] numSeparations[1639] numCuts[0] compileTime[802] sspSolveTime[1026] lpSolveTime[0] lb[13108.4] ub[13617.5] size: [240551] time: [2813]
STATS - lpIterations[1] lagIterations[25] sspIterations[2663] numSeparations[1860] numCuts[0] compileTime[802] sspSolveTime[1083] lpSolveTime[0] lb[13125.2] ub[13617.5] size: [241187] time: [2937]
