do not relax capacity constraint
hgs upper bound: 13664.5
compiling dd
time step mult: 10
time step: 900
cap step: 10
start compiling DD
add terminal node arcs
done compiling dd
STATS - lpIterations[1] lagIterations[0] sspIterations[0] numSeparations[0] numCuts[0] compileTime[335] sspSolveTime[0] lpSolveTime[0] lb[0] ub[13664.5] size: [167823] time: [335]
STATS - lpIterations[1] lagIterations[1] sspIterations[1] numSeparations[0] numCuts[0] compileTime[335] sspSolveTime[1] lpSolveTime[0] lb[11672.9] ub[13664.5] size: [167823] time: [337]
STATS - lpIterations[1] lagIterations[2] sspIterations[2] numSeparations[1] numCuts[0] compileTime[335] sspSolveTime[3] lpSolveTime[0] lb[12241.1] ub[13664.5] size: [167825] time: [341]
STATS - lpIterations[1] lagIterations[3] sspIterations[70] numSeparations[2] numCuts[0] compileTime[335] sspSolveTime[17] lpSolveTime[0] lb[12666] ub[13664.5] size: [167828] time: [357]
STATS - lpIterations[1] lagIterations[3] sspIterations[70] numSeparations[2] numCuts[0] compileTime[335] sspSolveTime[17] lpSolveTime[0] lb[12763.1] ub[13664.5] size: [167828] time: [371]
STATS - lpIterations[1] lagIterations[4] sspIterations[80] numSeparations[64] numCuts[0] compileTime[335] sspSolveTime[20] lpSolveTime[0] lb[12797.9] ub[13664.5] size: [168114] time: [376]
STATS - lpIterations[1] lagIterations[5] sspIterations[334] numSeparations[72] numCuts[0] compileTime[335] sspSolveTime[80] lpSolveTime[0] lb[12994.3] ub[13664.5] size: [168144] time: [478]
STATS - lpIterations[1] lagIterations[6] sspIterations[457] numSeparations[289] numCuts[0] compileTime[335] sspSolveTime[103] lpSolveTime[0] lb[13022.8] ub[13664.5] size: [169059] time: [532]
STATS - lpIterations[1] lagIterations[8] sspIterations[718] numSeparations[398] numCuts[0] compileTime[335] sspSolveTime[171] lpSolveTime[0] lb[13045.1] ub[13664.5] size: [169383] time: [648]
STATS - lpIterations[1] lagIterations[9] sspIterations[816] numSeparations[592] numCuts[0] compileTime[335] sspSolveTime[193] lpSolveTime[0] lb[13070.2] ub[13664.5] size: [169935] time: [699]
STATS - lpIterations[1] lagIterations[22] sspIterations[1914] numSeparations[1247] numCuts[0] compileTime[335] sspSolveTime[477] lpSolveTime[0] lb[13096.7] ub[13664.5] size: [171595] time: [1310]
STATS - lpIterations[1] lagIterations[23] sspIterations[1990] numSeparations[1379] numCuts[0] compileTime[335] sspSolveTime[494] lpSolveTime[0] lb[13114.3] ub[13664.5] size: [171930] time: [1358]
STATS - lpIterations[1] lagIterations[28] sspIterations[2372] numSeparations[1555] numCuts[0] compileTime[335] sspSolveTime[596] lpSolveTime[0] lb[13121.3] ub[13664.5] size: [172322] time: [1591]
STATS - lpIterations[1] lagIterations[29] sspIterations[2436] numSeparations[1663] numCuts[0] compileTime[335] sspSolveTime[612] lpSolveTime[0] lb[13132.5] ub[13664.5] size: [172598] time: [1639]
STATS - lpIterations[1] lagIterations[32] sspIterations[2746] numSeparations[1748] numCuts[0] compileTime[335] sspSolveTime[706] lpSolveTime[0] lb[13168.4] ub[13664.5] size: [172771] time: [1821]
STATS - lpIterations[1] lagIterations[33] sspIterations[2834] numSeparations[1909] numCuts[0] compileTime[335] sspSolveTime[731] lpSolveTime[0] lb[13181.9] ub[13664.5] size: [173139] time: [1881]
STATS - lpIterations[1] lagIterations[51] sspIterations[4258] numSeparations[2683] numCuts[0] compileTime[335] sspSolveTime[1139] lpSolveTime[0] lb[13188.9] ub[13664.5] size: [174810] time: [2790]
STATS - lpIterations[1] lagIterations[52] sspIterations[4334] numSeparations[2809] numCuts[0] compileTime[335] sspSolveTime[1158] lpSolveTime[0] lb[13202.6] ub[13664.5] size: [175031] time: [2841]
STATS - lpIterations[1] lagIterations[56] sspIterations[4648] numSeparations[2997] numCuts[0] compileTime[335] sspSolveTime[1249] lpSolveTime[0] lb[13207.5] ub[13664.5] size: [175424] time: [3045]
STATS - lpIterations[1] lagIterations[61] sspIterations[5071] numSeparations[3144] numCuts[0] compileTime[335] sspSolveTime[1382] lpSolveTime[0] lb[13216.7] ub[13664.5] size: [175710] time: [3319]
STATS - lpIterations[1] lagIterations[62] sspIterations[5173] numSeparations[3283] numCuts[0] compileTime[335] sspSolveTime[1410] lpSolveTime[0] lb[13222.8] ub[13664.5] size: [175983] time: [3384]
