do not relax capacity constraint
hgs upper bound: 13991.2
compiling dd
time step mult: 10
time step: 900
cap step: 10
start compiling DD
add terminal node arcs
done compiling dd
STATS - lpIterations[1] lagIterations[0] sspIterations[0] numSeparations[0] numCuts[0] compileTime[79] sspSolveTime[0] lpSolveTime[0] lb[0] ub[13991.2] size: [98169] time: [79]
STATS - lpIterations[1] lagIterations[1] sspIterations[1] numSeparations[0] numCuts[0] compileTime[79] sspSolveTime[0] lpSolveTime[0] lb[11676] ub[13991.2] size: [98169] time: [79]
STATS - lpIterations[1] lagIterations[2] sspIterations[2] numSeparations[1] numCuts[0] compileTime[79] sspSolveTime[1] lpSolveTime[0] lb[12243.4] ub[13991.2] size: [98175] time: [81]
STATS - lpIterations[1] lagIterations[3] sspIterations[35] numSeparations[2] numCuts[0] compileTime[79] sspSolveTime[5] lpSolveTime[0] lb[12749.5] ub[13991.2] size: [98179] time: [86]
STATS - lpIterations[1] lagIterations[3] sspIterations[35] numSeparations[2] numCuts[0] compileTime[79] sspSolveTime[5] lpSolveTime[0] lb[12785.6] ub[13991.2] size: [98179] time: [90]
STATS - lpIterations[1] lagIterations[4] sspIterations[71] numSeparations[27] numCuts[0] compileTime[79] sspSolveTime[8] lpSolveTime[0] lb[12882] ub[13991.2] size: [98312] time: [95]
STATS - lpIterations[1] lagIterations[4] sspIterations[71] numSeparations[27] numCuts[0] compileTime[79] sspSolveTime[8] lpSolveTime[0] lb[12908.9] ub[13991.2] size: [98312] time: [101]
STATS - lpIterations[1] lagIterations[5] sspIterations[178] numSeparations[51] numCuts[0] compileTime[79] sspSolveTime[18] lpSolveTime[0] lb[12994.5] ub[13991.2] size: [98427] time: [122]
STATS - lpIterations[1] lagIterations[6] sspIterations[208] numSeparations[127] numCuts[0] compileTime[79] sspSolveTime[21] lpSolveTime[0] lb[13020.1] ub[13991.2] size: [98754] time: [126]
STATS - lpIterations[1] lagIterations[6] sspIterations[208] numSeparations[127] numCuts[0] compileTime[79] sspSolveTime[21] lpSolveTime[0] lb[13024.6] ub[13991.2] size: [98754] time: [133]
STATS - lpIterations[1] lagIterations[7] sspIterations[362] numSeparations[144] numCuts[0] compileTime[79] sspSolveTime[39] lpSolveTime[0] lb[13111] ub[13991.2] size: [98798] time: [163]
STATS - lpIterations[1] lagIterations[8] sspIterations[427] numSeparations[248] numCuts[0] compileTime[79] sspSolveTime[45] lpSolveTime[0] lb[13147.5] ub[13991.2] size: [99168] time: [182]
STATS - lpIterations[1] lagIterations[11] sspIterations[680] numSeparations[351] numCuts[0] compileTime[79] sspSolveTime[76] lpSolveTime[0] lb[13174.1] ub[13991.2] size: [99465] time: [247]
STATS - lpIterations[1] lagIterations[12] sspIterations[747] numSeparations[464] numCuts[0] compileTime[79] sspSolveTime[83] lpSolveTime[0] lb[13179.3] ub[13991.2] size: [99812] time: [255]
STATS - lpIterations[1] lagIterations[12] sspIterations[747] numSeparations[464] numCuts[0] compileTime[79] sspSolveTime[83] lpSolveTime[0] lb[13211.4] ub[13991.2] size: [99812] time: [266]
STATS - lpIterations[1] lagIterations[16] sspIterations[991] numSeparations[634] numCuts[0] compileTime[79] sspSolveTime[110] lpSolveTime[0] lb[13213.6] ub[13991.2] size: [100313] time: [325]
STATS - lpIterations[1] lagIterations[16] sspIterations[991] numSeparations[634] numCuts[0] compileTime[79] sspSolveTime[110] lpSolveTime[0] lb[13214] ub[13991.2] size: [100313] time: [335]
STATS - lpIterations[1] lagIterations[17] sspIterations[1152] numSeparations[649] numCuts[0] compileTime[79] sspSolveTime[134] lpSolveTime[0] lb[13283.6] ub[13991.2] size: [100348] time: [374]
STATS - lpIterations[1] lagIterations[18] sspIterations[1229] numSeparations[765] numCuts[0] compileTime[79] sspSolveTime[144] lpSolveTime[0] lb[13310.1] ub[13991.2] size: [100681] time: [400]
STATS - lpIterations[1] lagIterations[27] sspIterations[1879] numSeparations[1138] numCuts[0] compileTime[79] sspSolveTime[227] lpSolveTime[0] lb[13321.7] ub[13991.2] size: [101644] time: [602]
STATS - lpIterations[1] lagIterations[30] sspIterations[2115] numSeparations[1222] numCuts[0] compileTime[79] sspSolveTime[261] lpSolveTime[0] lb[13353.5] ub[13991.2] size: [101840] time: [682]
STATS - lpIterations[1] lagIterations[31] sspIterations[2193] numSeparations[1305] numCuts[0] compileTime[79] sspSolveTime[271] lpSolveTime[0] lb[13372.3] ub[13991.2] size: [102056] time: [710]
STATS - lpIterations[1] lagIterations[46] sspIterations[3279] numSeparations[1874] numCuts[0] compileTime[79] sspSolveTime[424] lpSolveTime[0] lb[13379.9] ub[13991.2] size: [103341] time: [1088]
STATS - lpIterations[1] lagIterations[50] sspIterations[3574] numSeparations[1998] numCuts[0] compileTime[79] sspSolveTime[465] lpSolveTime[0] lb[13392.4] ub[13991.2] size: [103604] time: [1195]
STATS - lpIterations[1] lagIterations[51] sspIterations[3643] numSeparations[2077] numCuts[0] compileTime[79] sspSolveTime[475] lpSolveTime[0] lb[13403.6] ub[13991.2] size: [103786] time: [1222]
STATS - lpIterations[1] lagIterations[60] sspIterations[4258] numSeparations[2328] numCuts[0] compileTime[79] sspSolveTime[562] lpSolveTime[0] lb[13429] ub[13991.2] size: [104312] time: [1446]
STATS - lpIterations[1] lagIterations[61] sspIterations[4306] numSeparations[2393] numCuts[0] compileTime[79] sspSolveTime[568] lpSolveTime[0] lb[13438.6] ub[13991.2] size: [104442] time: [1453]
STATS - lpIterations[1] lagIterations[61] sspIterations[4306] numSeparations[2393] numCuts[0] compileTime[79] sspSolveTime[568] lpSolveTime[0] lb[13438.8] ub[13991.2] size: [104442] time: [1467]
STATS - lpIterations[1] lagIterations[73] sspIterations[5069] numSeparations[2734] numCuts[0] compileTime[79] sspSolveTime[674] lpSolveTime[0] lb[13442.3] ub[13991.2] size: [105165] time: [1738]
STATS - lpIterations[1] lagIterations[74] sspIterations[5178] numSeparations[2747] numCuts[0] compileTime[79] sspSolveTime[688] lpSolveTime[0] lb[13447.2] ub[13991.2] size: [105190] time: [1784]
STATS - lpIterations[1] lagIterations[75] sspIterations[5225] numSeparations[2799] numCuts[0] compileTime[79] sspSolveTime[694] lpSolveTime[0] lb[13463.6] ub[13991.2] size: [105315] time: [1791]
STATS - lpIterations[1] lagIterations[75] sspIterations[5225] numSeparations[2799] numCuts[0] compileTime[79] sspSolveTime[694] lpSolveTime[0] lb[13464.1] ub[13991.2] size: [105315] time: [1805]
STATS - lpIterations[1] lagIterations[82] sspIterations[5775] numSeparations[3010] numCuts[0] compileTime[79] sspSolveTime[776] lpSolveTime[0] lb[13491.5] ub[13991.2] size: [105705] time: [2008]
STATS - lpIterations[1] lagIterations[83] sspIterations[5846] numSeparations[3090] numCuts[0] compileTime[79] sspSolveTime[787] lpSolveTime[0] lb[13500.4] ub[13991.2] size: [105882] time: [2039]
STATS - lpIterations[1] lagIterations[101] sspIterations[7144] numSeparations[3659] numCuts[0] compileTime[79] sspSolveTime[990] lpSolveTime[0] lb[13507.2] ub[13991.2] size: [106986] time: [2563]
STATS - lpIterations[1] lagIterations[113] sspIterations[7910] numSeparations[3909] numCuts[0] compileTime[79] sspSolveTime[1102] lpSolveTime[0] lb[13530.6] ub[13991.2] size: [107434] time: [2881]
STATS - lpIterations[1] lagIterations[114] sspIterations[7977] numSeparations[3971] numCuts[0] compileTime[79] sspSolveTime[1111] lpSolveTime[0] lb[13535.5] ub[13991.2] size: [107550] time: [2910]
