relax capacity constraint
hgs upper bound: 1869.6
compiling dd
time step mult: 10
time step: 900
cap step: 10
start compiling DD
add terminal node arcs
done compiling dd
STATS - lpIterations[1] lagIterations[0] sspIterations[0] numSeparations[0] numCuts[0] compileTime[3] sspSolveTime[0] lpSolveTime[0] lb[0] ub[1869.6] size: [46220] time: [3]
STATS - lpIterations[1] lagIterations[1] sspIterations[1] numSeparations[0] numCuts[0] compileTime[3] sspSolveTime[0] lpSolveTime[0] lb[538.443] ub[1869.6] size: [46220] time: [3]
STATS - lpIterations[1] lagIterations[2] sspIterations[2] numSeparations[0] numCuts[0] compileTime[3] sspSolveTime[0] lpSolveTime[0] lb[565.098] ub[1869.6] size: [46220] time: [3]
STATS - lpIterations[1] lagIterations[3] sspIterations[3] numSeparations[0] numCuts[0] compileTime[3] sspSolveTime[0] lpSolveTime[0] lb[592.799] ub[1869.6] size: [46220] time: [3]
STATS - lpIterations[1] lagIterations[4] sspIterations[4] numSeparations[0] numCuts[0] compileTime[3] sspSolveTime[0] lpSolveTime[0] lb[621.576] ub[1869.6] size: [46220] time: [4]
STATS - lpIterations[1] lagIterations[5] sspIterations[5] numSeparations[0] numCuts[0] compileTime[3] sspSolveTime[0] lpSolveTime[0] lb[651.459] ub[1869.6] size: [46220] time: [4]
STATS - lpIterations[1] lagIterations[6] sspIterations[6] numSeparations[0] numCuts[0] compileTime[3] sspSolveTime[0] lpSolveTime[0] lb[682.481] ub[1869.6] size: [46220] time: [4]
STATS - lpIterations[1] lagIterations[7] sspIterations[7] numSeparations[0] numCuts[0] compileTime[3] sspSolveTime[0] lpSolveTime[0] lb[714.674] ub[1869.6] size: [46220] time: [5]
STATS - lpIterations[1] lagIterations[8] sspIterations[8] numSeparations[0] numCuts[0] compileTime[3] sspSolveTime[1] lpSolveTime[0] lb[748.07] ub[1869.6] size: [46220] time: [5]
STATS - lpIterations[1] lagIterations[9] sspIterations[9] numSeparations[0] numCuts[0] compileTime[3] sspSolveTime[1] lpSolveTime[0] lb[782.703] ub[1869.6] size: [46220] time: [5]
STATS - lpIterations[1] lagIterations[10] sspIterations[10] numSeparations[0] numCuts[0] compileTime[3] sspSolveTime[1] lpSolveTime[0] lb[818.607] ub[1869.6] size: [46220] time: [6]
STATS - lpIterations[1] lagIterations[11] sspIterations[11] numSeparations[0] numCuts[0] compileTime[3] sspSolveTime[1] lpSolveTime[0] lb[855.816] ub[1869.6] size: [46220] time: [6]
STATS - lpIterations[1] lagIterations[12] sspIterations[12] numSeparations[0] numCuts[0] compileTime[3] sspSolveTime[1] lpSolveTime[0] lb[894.366] ub[1869.6] size: [46220] time: [6]
STATS - lpIterations[1] lagIterations[13] sspIterations[13] numSeparations[0] numCuts[0] compileTime[3] sspSolveTime[1] lpSolveTime[0] lb[934.293] ub[1869.6] size: [46220] time: [7]
STATS - lpIterations[1] lagIterations[14] sspIterations[14] numSeparations[0] numCuts[0] compileTime[3] sspSolveTime[1] lpSolveTime[0] lb[975.468] ub[1869.6] size: [46220] time: [7]
STATS - lpIterations[1] lagIterations[15] sspIterations[15] numSeparations[0] numCuts[0] compileTime[3] sspSolveTime[2] lpSolveTime[0] lb[1018.2] ub[1869.6] size: [46220] time: [7]
STATS - lpIterations[1] lagIterations[16] sspIterations[16] numSeparations[0] numCuts[0] compileTime[3] sspSolveTime[2] lpSolveTime[0] lb[1062.08] ub[1869.6] size: [46220] time: [8]
STATS - lpIterations[1] lagIterations[17] sspIterations[17] numSeparations[0] numCuts[0] compileTime[3] sspSolveTime[2] lpSolveTime[0] lb[1107.86] ub[1869.6] size: [46220] time: [8]
STATS - lpIterations[1] lagIterations[18] sspIterations[18] numSeparations[0] numCuts[0] compileTime[3] sspSolveTime[2] lpSolveTime[0] lb[1155.12] ub[1869.6] size: [46220] time: [8]
STATS - lpIterations[1] lagIterations[19] sspIterations[19] numSeparations[0] numCuts[0] compileTime[3] sspSolveTime[2] lpSolveTime[0] lb[1203.65] ub[1869.6] size: [46220] time: [9]
STATS - lpIterations[1] lagIterations[20] sspIterations[20] numSeparations[0] numCuts[0] compileTime[3] sspSolveTime[2] lpSolveTime[0] lb[1254.23] ub[1869.6] size: [46220] time: [9]
STATS - lpIterations[1] lagIterations[21] sspIterations[21] numSeparations[0] numCuts[0] compileTime[3] sspSolveTime[3] lpSolveTime[0] lb[1300.49] ub[1869.6] size: [46220] time: [9]
STATS - lpIterations[1] lagIterations[22] sspIterations[22] numSeparations[1] numCuts[0] compileTime[3] sspSolveTime[3] lpSolveTime[0] lb[1350.64] ub[1869.6] size: [46224] time: [10]
STATS - lpIterations[1] lagIterations[23] sspIterations[24] numSeparations[1] numCuts[0] compileTime[3] sspSolveTime[4] lpSolveTime[0] lb[1398.87] ub[1869.6] size: [46224] time: [11]
STATS - lpIterations[1] lagIterations[23] sspIterations[24] numSeparations[1] numCuts[0] compileTime[3] sspSolveTime[4] lpSolveTime[0] lb[1399.41] ub[1869.6] size: [46224] time: [11]
STATS - lpIterations[1] lagIterations[24] sspIterations[25] numSeparations[3] numCuts[0] compileTime[3] sspSolveTime[4] lpSolveTime[0] lb[1433] ub[1869.6] size: [46237] time: [12]
STATS - lpIterations[1] lagIterations[25] sspIterations[29] numSeparations[4] numCuts[0] compileTime[3] sspSolveTime[5] lpSolveTime[0] lb[1482.7] ub[1869.6] size: [46243] time: [13]
STATS - lpIterations[1] lagIterations[25] sspIterations[29] numSeparations[4] numCuts[0] compileTime[3] sspSolveTime[5] lpSolveTime[0] lb[1484.95] ub[1869.6] size: [46243] time: [13]
STATS - lpIterations[1] lagIterations[26] sspIterations[30] numSeparations[8] numCuts[0] compileTime[3] sspSolveTime[5] lpSolveTime[0] lb[1503.58] ub[1869.6] size: [46266] time: [13]
STATS - lpIterations[1] lagIterations[27] sspIterations[37] numSeparations[9] numCuts[0] compileTime[3] sspSolveTime[7] lpSolveTime[0] lb[1527.08] ub[1869.6] size: [46269] time: [16]
STATS - lpIterations[1] lagIterations[27] sspIterations[37] numSeparations[9] numCuts[0] compileTime[3] sspSolveTime[7] lpSolveTime[0] lb[1545.03] ub[1869.6] size: [46269] time: [16]
STATS - lpIterations[1] lagIterations[28] sspIterations[39] numSeparations[16] numCuts[0] compileTime[3] sspSolveTime[8] lpSolveTime[0] lb[1553.99] ub[1869.6] size: [46292] time: [16]
STATS - lpIterations[1] lagIterations[28] sspIterations[39] numSeparations[16] numCuts[0] compileTime[3] sspSolveTime[8] lpSolveTime[0] lb[1554.07] ub[1869.6] size: [46292] time: [17]
STATS - lpIterations[1] lagIterations[29] sspIterations[53] numSeparations[18] numCuts[0] compileTime[3] sspSolveTime[12] lpSolveTime[0] lb[1575.69] ub[1869.6] size: [46296] time: [21]
STATS - lpIterations[1] lagIterations[30] sspIterations[60] numSeparations[31] numCuts[0] compileTime[3] sspSolveTime[14] lpSolveTime[0] lb[1577.34] ub[1869.6] size: [46367] time: [23]
STATS - lpIterations[1] lagIterations[30] sspIterations[60] numSeparations[31] numCuts[0] compileTime[3] sspSolveTime[14] lpSolveTime[0] lb[1581.28] ub[1869.6] size: [46367] time: [24]
STATS - lpIterations[1] lagIterations[31] sspIterations[65] numSeparations[36] numCuts[0] compileTime[3] sspSolveTime[15] lpSolveTime[0] lb[1587.55] ub[1869.6] size: [46380] time: [25]
STATS - lpIterations[1] lagIterations[32] sspIterations[68] numSeparations[40] numCuts[0] compileTime[3] sspSolveTime[15] lpSolveTime[0] lb[1592.72] ub[1869.6] size: [46411] time: [26]
STATS - lpIterations[1] lagIterations[33] sspIterations[85] numSeparations[42] numCuts[0] compileTime[3] sspSolveTime[20] lpSolveTime[0] lb[1617.43] ub[1869.6] size: [46424] time: [31]
STATS - lpIterations[1] lagIterations[34] sspIterations[94] numSeparations[59] numCuts[0] compileTime[3] sspSolveTime[22] lpSolveTime[0] lb[1620.55] ub[1869.6] size: [46499] time: [35]
STATS - lpIterations[1] lagIterations[35] sspIterations[98] numSeparations[68] numCuts[0] compileTime[3] sspSolveTime[23] lpSolveTime[0] lb[1620.69] ub[1869.6] size: [46551] time: [36]
STATS - lpIterations[1] lagIterations[36] sspIterations[113] numSeparations[71] numCuts[0] compileTime[3] sspSolveTime[27] lpSolveTime[0] lb[1637.6] ub[1869.6] size: [46577] time: [40]
STATS - lpIterations[1] lagIterations[37] sspIterations[119] numSeparations[86] numCuts[0] compileTime[3] sspSolveTime[29] lpSolveTime[0] lb[1640.02] ub[1869.6] size: [46611] time: [42]
STATS - lpIterations[1] lagIterations[37] sspIterations[119] numSeparations[86] numCuts[0] compileTime[3] sspSolveTime[29] lpSolveTime[0] lb[1641.46] ub[1869.6] size: [46611] time: [43]
STATS - lpIterations[1] lagIterations[38] sspIterations[125] numSeparations[91] numCuts[0] compileTime[3] sspSolveTime[30] lpSolveTime[0] lb[1644.56] ub[1869.6] size: [46626] time: [45]
STATS - lpIterations[1] lagIterations[39] sspIterations[133] numSeparations[97] numCuts[0] compileTime[3] sspSolveTime[33] lpSolveTime[0] lb[1656.51] ub[1869.6] size: [46661] time: [48]
STATS - lpIterations[1] lagIterations[40] sspIterations[138] numSeparations[105] numCuts[0] compileTime[3] sspSolveTime[34] lpSolveTime[0] lb[1659.68] ub[1869.6] size: [46706] time: [49]
STATS - lpIterations[1] lagIterations[41] sspIterations[149] numSeparations[109] numCuts[0] compileTime[3] sspSolveTime[38] lpSolveTime[0] lb[1660.04] ub[1869.6] size: [46742] time: [54]
STATS - lpIterations[1] lagIterations[42] sspIterations[151] numSeparations[120] numCuts[0] compileTime[3] sspSolveTime[39] lpSolveTime[0] lb[1665.95] ub[1869.6] size: [46803] time: [55]
STATS - lpIterations[1] lagIterations[43] sspIterations[164] numSeparations[122] numCuts[0] compileTime[3] sspSolveTime[42] lpSolveTime[0] lb[1686.78] ub[1869.6] size: [46815] time: [59]
STATS - lpIterations[1] lagIterations[44] sspIterations[173] numSeparations[135] numCuts[0] compileTime[3] sspSolveTime[44] lpSolveTime[0] lb[1688.68] ub[1869.6] size: [46875] time: [62]
STATS - lpIterations[1] lagIterations[46] sspIterations[185] numSeparations[148] numCuts[0] compileTime[3] sspSolveTime[47] lpSolveTime[0] lb[1691.68] ub[1869.6] size: [46917] time: [66]
STATS - lpIterations[1] lagIterations[47] sspIterations[195] numSeparations[152] numCuts[0] compileTime[3] sspSolveTime[50] lpSolveTime[0] lb[1693.31] ub[1869.6] size: [46922] time: [70]
STATS - lpIterations[1] lagIterations[48] sspIterations[201] numSeparations[162] numCuts[0] compileTime[3] sspSolveTime[52] lpSolveTime[0] lb[1694.99] ub[1869.6] size: [46966] time: [72]
STATS - lpIterations[1] lagIterations[48] sspIterations[201] numSeparations[162] numCuts[0] compileTime[3] sspSolveTime[52] lpSolveTime[0] lb[1697.63] ub[1869.6] size: [46966] time: [72]
STATS - lpIterations[1] lagIterations[49] sspIterations[210] numSeparations[167] numCuts[0] compileTime[3] sspSolveTime[54] lpSolveTime[0] lb[1702.99] ub[1869.6] size: [47004] time: [76]
STATS - lpIterations[1] lagIterations[50] sspIterations[213] numSeparations[176] numCuts[0] compileTime[3] sspSolveTime[55] lpSolveTime[0] lb[1705.49] ub[1869.6] size: [47037] time: [77]
STATS - lpIterations[1] lagIterations[50] sspIterations[213] numSeparations[176] numCuts[0] compileTime[3] sspSolveTime[55] lpSolveTime[0] lb[1705.92] ub[1869.6] size: [47037] time: [77]
STATS - lpIterations[1] lagIterations[51] sspIterations[229] numSeparations[179] numCuts[0] compileTime[3] sspSolveTime[59] lpSolveTime[0] lb[1719.06] ub[1869.6] size: [47062] time: [81]
STATS - lpIterations[1] lagIterations[52] sspIterations[236] numSeparations[195] numCuts[0] compileTime[3] sspSolveTime[60] lpSolveTime[0] lb[1721.88] ub[1869.6] size: [47157] time: [84]
STATS - lpIterations[1] lagIterations[55] sspIterations[262] numSeparations[208] numCuts[0] compileTime[3] sspSolveTime[67] lpSolveTime[0] lb[1737.35] ub[1869.6] size: [47218] time: [93]
STATS - lpIterations[1] lagIterations[56] sspIterations[270] numSeparations[225] numCuts[0] compileTime[3] sspSolveTime[69] lpSolveTime[0] lb[1740.28] ub[1869.6] size: [47377] time: [96]
STATS - lpIterations[1] lagIterations[59] sspIterations[295] numSeparations[242] numCuts[0] compileTime[3] sspSolveTime[74] lpSolveTime[0] lb[1746.3] ub[1869.6] size: [47450] time: [104]
STATS - lpIterations[1] lagIterations[60] sspIterations[301] numSeparations[258] numCuts[0] compileTime[3] sspSolveTime[76] lpSolveTime[0] lb[1749.62] ub[1869.6] size: [47540] time: [107]
STATS - lpIterations[1] lagIterations[63] sspIterations[329] numSeparations[272] numCuts[0] compileTime[3] sspSolveTime[82] lpSolveTime[0] lb[1765.75] ub[1869.6] size: [47599] time: [117]
STATS - lpIterations[1] lagIterations[64] sspIterations[339] numSeparations[289] numCuts[0] compileTime[3] sspSolveTime[84] lpSolveTime[0] lb[1767.53] ub[1869.6] size: [47735] time: [120]
STATS - lpIterations[1] lagIterations[68] sspIterations[365] numSeparations[314] numCuts[0] compileTime[3] sspSolveTime[91] lpSolveTime[0] lb[1767.6] ub[1869.6] size: [47834] time: [132]
STATS - lpIterations[1] lagIterations[70] sspIterations[379] numSeparations[329] numCuts[0] compileTime[3] sspSolveTime[94] lpSolveTime[0] lb[1772.71] ub[1869.6] size: [47895] time: [138]
STATS - lpIterations[1] lagIterations[71] sspIterations[383] numSeparations[336] numCuts[0] compileTime[3] sspSolveTime[95] lpSolveTime[0] lb[1773.33] ub[1869.6] size: [47919] time: [140]
STATS - lpIterations[1] lagIterations[72] sspIterations[400] numSeparations[339] numCuts[0] compileTime[3] sspSolveTime[99] lpSolveTime[0] lb[1780.58] ub[1869.6] size: [47939] time: [146]
STATS - lpIterations[1] lagIterations[73] sspIterations[409] numSeparations[356] numCuts[0] compileTime[3] sspSolveTime[101] lpSolveTime[0] lb[1781.78] ub[1869.6] size: [47998] time: [149]
STATS - lpIterations[1] lagIterations[78] sspIterations[441] numSeparations[387] numCuts[0] compileTime[3] sspSolveTime[108] lpSolveTime[0] lb[1785.66] ub[1869.6] size: [48138] time: [163]
STATS - lpIterations[1] lagIterations[80] sspIterations[459] numSeparations[400] numCuts[0] compileTime[3] sspSolveTime[113] lpSolveTime[0] lb[1789.57] ub[1869.6] size: [48194] time: [171]
STATS - lpIterations[1] lagIterations[81] sspIterations[467] numSeparations[414] numCuts[0] compileTime[3] sspSolveTime[114] lpSolveTime[0] lb[1790.79] ub[1869.6] size: [48273] time: [174]
STATS - lpIterations[1] lagIterations[82] sspIterations[472] numSeparations[421] numCuts[0] compileTime[3] sspSolveTime[115] lpSolveTime[0] lb[1793.95] ub[1869.6] size: [48317] time: [177]
STATS - lpIterations[1] lagIterations[82] sspIterations[472] numSeparations[421] numCuts[0] compileTime[3] sspSolveTime[115] lpSolveTime[0] lb[1793.97] ub[1869.6] size: [48317] time: [177]
STATS - lpIterations[1] lagIterations[87] sspIterations[522] numSeparations[454] numCuts[0] compileTime[3] sspSolveTime[127] lpSolveTime[0] lb[1811.17] ub[1869.6] size: [48495] time: [197]
STATS - lpIterations[1] lagIterations[88] sspIterations[535] numSeparations[476] numCuts[0] compileTime[3] sspSolveTime[130] lpSolveTime[0] lb[1811.91] ub[1869.6] size: [48633] time: [202]
STATS - lpIterations[1] lagIterations[95] sspIterations[600] numSeparations[538] numCuts[0] compileTime[3] sspSolveTime[144] lpSolveTime[0] lb[1813] ub[1869.6] size: [48989] time: [230]
STATS - lpIterations[1] lagIterations[102] sspIterations[661] numSeparations[597] numCuts[0] compileTime[3] sspSolveTime[158] lpSolveTime[0] lb[1815.95] ub[1869.6] size: [49299] time: [258]
STATS - lpIterations[1] lagIterations[106] sspIterations[697] numSeparations[621] numCuts[0] compileTime[3] sspSolveTime[166] lpSolveTime[0] lb[1823.9] ub[1869.6] size: [49375] time: [274]
STATS - lpIterations[1] lagIterations[107] sspIterations[708] numSeparations[635] numCuts[0] compileTime[3] sspSolveTime[169] lpSolveTime[0] lb[1824.05] ub[1869.6] size: [49457] time: [279]
STATS - lpIterations[1] lagIterations[116] sspIterations[792] numSeparations[699] numCuts[0] compileTime[3] sspSolveTime[191] lpSolveTime[0] lb[1825.71] ub[1869.6] size: [49715] time: [320]
STATS - lpIterations[1] lagIterations[117] sspIterations[800] numSeparations[714] numCuts[0] compileTime[3] sspSolveTime[193] lpSolveTime[0] lb[1826.82] ub[1869.6] size: [49832] time: [324]
STATS - lpIterations[1] lagIterations[120] sspIterations[828] numSeparations[729] numCuts[0] compileTime[3] sspSolveTime[201] lpSolveTime[0] lb[1829.09] ub[1869.6] size: [49916] time: [339]
STATS - lpIterations[1] lagIterations[121] sspIterations[839] numSeparations[742] numCuts[0] compileTime[3] sspSolveTime[204] lpSolveTime[0] lb[1829.32] ub[1869.6] size: [49977] time: [344]
STATS - lpIterations[1] lagIterations[122] sspIterations[843] numSeparations[750] numCuts[0] compileTime[3] sspSolveTime[205] lpSolveTime[0] lb[1829.47] ub[1869.6] size: [50023] time: [347]
STATS - lpIterations[1] lagIterations[123] sspIterations[861] numSeparations[752] numCuts[0] compileTime[3] sspSolveTime[210] lpSolveTime[0] lb[1830.26] ub[1869.6] size: [50028] time: [354]
STATS - lpIterations[1] lagIterations[124] sspIterations[873] numSeparations[769] numCuts[0] compileTime[3] sspSolveTime[213] lpSolveTime[0] lb[1831.42] ub[1869.6] size: [50124] time: [359]
STATS - lpIterations[1] lagIterations[138] sspIterations[1003] numSeparations[863] numCuts[0] compileTime[3] sspSolveTime[244] lpSolveTime[0] lb[1836.09] ub[1869.6] size: [50509] time: [422]
STATS - lpIterations[1] lagIterations[139] sspIterations[1014] numSeparations[879] numCuts[0] compileTime[3] sspSolveTime[248] lpSolveTime[0] lb[1837.58] ub[1869.6] size: [50609] time: [427]
STATS - lpIterations[1] lagIterations[186] sspIterations[1418] numSeparations[1162] numCuts[0] compileTime[3] sspSolveTime[354] lpSolveTime[0] lb[1838.85] ub[1869.6] size: [51962] time: [645]
STATS - lpIterations[1] lagIterations[187] sspIterations[1429] numSeparations[1182] numCuts[0] compileTime[3] sspSolveTime[358] lpSolveTime[0] lb[1839.19] ub[1869.6] size: [52047] time: [652]
STATS - lpIterations[1] lagIterations[191] sspIterations[1469] numSeparations[1201] numCuts[0] compileTime[3] sspSolveTime[365] lpSolveTime[0] lb[1842.11] ub[1869.6] size: [52150] time: [668]
STATS - lpIterations[1] lagIterations[192] sspIterations[1481] numSeparations[1218] numCuts[0] compileTime[3] sspSolveTime[370] lpSolveTime[0] lb[1842.15] ub[1869.6] size: [52198] time: [675]
STATS - lpIterations[1] lagIterations[214] sspIterations[1685] numSeparations[1355] numCuts[0] compileTime[3] sspSolveTime[432] lpSolveTime[0] lb[1842.92] ub[1869.6] size: [52733] time: [793]
STATS - lpIterations[1] lagIterations[215] sspIterations[1698] numSeparations[1375] numCuts[0] compileTime[3] sspSolveTime[435] lpSolveTime[0] lb[1843.12] ub[1869.6] size: [52800] time: [799]
STATS - lpIterations[1] lagIterations[216] sspIterations[1707] numSeparations[1385] numCuts[0] compileTime[3] sspSolveTime[438] lpSolveTime[0] lb[1843.55] ub[1869.6] size: [52826] time: [805]
STATS - lpIterations[1] lagIterations[250] sspIterations[1986] numSeparations[1566] numCuts[0] compileTime[3] sspSolveTime[523] lpSolveTime[0] lb[1844.01] ub[1869.6] size: [53598] time: [979]
STATS - lpIterations[1] lagIterations[254] sspIterations[2019] numSeparations[1581] numCuts[0] compileTime[3] sspSolveTime[534] lpSolveTime[0] lb[1845.68] ub[1869.6] size: [53655] time: [1001]
STATS - lpIterations[1] lagIterations[276] sspIterations[2204] numSeparations[1687] numCuts[0] compileTime[3] sspSolveTime[592] lpSolveTime[0] lb[1845.9] ub[1869.6] size: [54136] time: [1117]
STATS - lpIterations[1] lagIterations[277] sspIterations[2216] numSeparations[1697] numCuts[0] compileTime[3] sspSolveTime[598] lpSolveTime[0] lb[1846.77] ub[1869.6] size: [54167] time: [1126]
STATS - lpIterations[1] lagIterations[331] sspIterations[2666] numSeparations[1956] numCuts[0] compileTime[3] sspSolveTime[730] lpSolveTime[0] lb[1847.28] ub[1869.6] size: [55260] time: [1399]
STATS - lpIterations[1] lagIterations[338] sspIterations[2727] numSeparations[1990] numCuts[0] compileTime[3] sspSolveTime[750] lpSolveTime[0] lb[1847.28] ub[1869.6] size: [55427] time: [1437]
STATS - lpIterations[1] lagIterations[348] sspIterations[2798] numSeparations[2023] numCuts[0] compileTime[3] sspSolveTime[769] lpSolveTime[0] lb[1847.4] ub[1869.6] size: [55550] time: [1484]
STATS - lpIterations[1] lagIterations[364] sspIterations[2925] numSeparations[2077] numCuts[0] compileTime[3] sspSolveTime[801] lpSolveTime[0] lb[1847.9] ub[1869.6] size: [55795] time: [1557]
STATS - lpIterations[1] lagIterations[395] sspIterations[3172] numSeparations[2218] numCuts[0] compileTime[3] sspSolveTime[860] lpSolveTime[0] lb[1848.07] ub[1869.6] size: [56435] time: [1695]
STATS - lpIterations[1] lagIterations[417] sspIterations[3334] numSeparations[2278] numCuts[0] compileTime[3] sspSolveTime[898] lpSolveTime[0] lb[1848.48] ub[1869.6] size: [56784] time: [1783]
STATS - lpIterations[2] lagIterations[440] sspIterations[3509] numSeparations[2354] numCuts[0] compileTime[3] sspSolveTime[941] lpSolveTime[0] lb[1848.48] ub[1869.6] size: [57179] time: [1885]
STATS - lpIterations[2] lagIterations[668] sspIterations[5774] numSeparations[3642] numCuts[0] compileTime[3] sspSolveTime[1807] lpSolveTime[0] lb[1849.19] ub[1869.6] size: [63208] time: [3462]
STATS - lpIterations[2] lagIterations[686] sspIterations[5922] numSeparations[3696] numCuts[0] compileTime[3] sspSolveTime[1853] lpSolveTime[0] lb[1849.28] ub[1869.6] size: [63559] time: [3565]
