flexible number of vehicles
num vehicles: 13
capacity: 66
num locations: 110
instance upper bound: 14971
route length upper bound: 15
fixed route cost: 0
Random seed:3863200076
compiling DD
time step mult: 1
time step: 10
cap step: 1
num nodes: 11277
num arcs: 1048431
done compiling DD
using sequential insertion strategy
initial primalRoute: 0 13 70 16 3 4 60 50 54 19 0 
initial primalRoute: 0 83 93 75 21 35 37 44 29 0 
initial primalRoute: 0 95 65 61 33 87 74 90 48 0 
initial primalRoute: 0 5 42 85 64 36 96 41 63 0 
initial primalRoute: 0 20 98 84 69 31 58 72 47 107 0 
initial primalRoute: 0 100 73 94 92 97 55 80 39 68 0 
initial primalRoute: 0 10 52 28 103 24 51 106 78 108 0 
initial primalRoute: 0 104 9 101 11 15 66 23 7 49 0 
initial primalRoute: 0 26 76 43 59 27 82 81 38 0 
initial primalRoute: 0 62 40 57 109 18 25 102 77 0 
initial primalRoute: 0 6 30 56 53 34 91 79 1 0 
initial primalRoute: 0 8 45 67 89 71 99 17 88 0 
initial primalRoute: 0 2 22 12 86 32 105 46 14 0 
improved with intra-route reinsertion
improved with intra-route Or-opt3
improved with intra-route 2-opt
added route to primal routes: 0,3,16,70,13,19,54,50,60,4,0,
added route to primal routes: 0,83,93,75,21,35,37,44,29,0,
added route to primal routes: 0,95,65,61,33,87,74,90,48,0,
added route to primal routes: 0,5,42,85,64,36,96,41,63,0,
improved with intra-route Or-opt3
improved with intra-route Or-opt2
improved with intra-route reinsertion
added route to primal routes: 0,31,58,72,47,107,20,98,84,69,0,
added route to primal routes: 0,100,73,94,92,97,55,80,39,68,0,
added route to primal routes: 0,10,52,28,103,24,51,106,78,108,0,
improved with intra-route reinsertion
improved with intra-route reinsertion
added route to primal routes: 0,104,101,9,15,66,11,23,7,49,0,
improved with intra-route reinsertion
improved with intra-route Or-opt2
added route to primal routes: 0,82,81,38,26,76,43,59,27,0,
improved with intra-route exchange
improved with intra-route reinsertion
improved with intra-route reinsertion
added route to primal routes: 0,62,40,57,77,102,25,18,109,0,
improved with intra-route reinsertion
added route to primal routes: 0,91,6,30,56,53,34,79,1,0,
improved with intra-route 2-opt
improved with intra-route Or-opt2
added route to primal routes: 0,8,88,17,99,71,67,45,89,0,
added route to primal routes: 0,2,22,12,86,32,105,46,14,0,
primal heuristic num vars: 13
primal heuristic MIP obj: 34031
feasible primal routes: 
route: 
0 3 16 70 13 19 54 50 60 4 0 
route: 
0 83 93 75 21 35 37 44 29 0 
route: 
0 95 65 61 33 87 74 90 48 0 
route: 
0 5 42 85 64 36 96 41 63 0 
route: 
0 31 58 72 47 107 20 98 84 69 0 
route: 
0 100 73 94 92 97 55 80 39 68 0 
route: 
0 10 52 28 103 24 51 106 78 108 0 
route: 
0 104 101 9 15 66 11 23 7 49 0 
route: 
0 82 81 38 26 76 43 59 27 0 
route: 
0 62 40 57 77 102 25 18 109 0 
route: 
0 91 6 30 56 53 34 79 1 0 
route: 
0 8 88 17 99 71 67 45 89 0 
route: 
0 2 22 12 86 32 105 46 14 0 
improved ub from MIP pool: 34031
STATS - lpIterations[0] lagIterations[0] sspIterations[0] numSeparations[0] numCuts[0] compileTime[0] sspSolveTime[0] lpSolveTime[0] lb[0] ub[34031] numArcs: [1048431] numFixed: [0] numHeuristicIPs: [1] numHeuristicLNS: [0] numPrimalLNSRepairs: [0] time: [0]
STATS1 - lpIterations[0] lagIterations[0] sspIterations[0] numSeparations[0] numCuts[0] compileTime[0] sspSolveTime[0] lpSolveTime[0] repairTime[0] cutsTime[0] alphaTime[0] decompTime[0] yellowTime[0] updateTime[0] fixTime[0] lb[0] ub[34031] numArcs: [1048431] numFixed: [0] time: [0]
num vars: 264
num vars: 314
improved iteration ub from lns primal heuristic: 33729
improved primal routes: 
route: 
0 3 16 70 13 19 54 50 60 4 0 
route: 
0 8 100 73 94 92 97 80 39 68 0 
route: 
0 21 88 17 99 71 67 45 89 0 
route: 
0 55 83 93 75 35 37 44 29 0 
route: 
0 95 65 61 33 87 74 90 48 0 
route: 
0 5 42 85 64 36 96 41 63 0 
route: 
0 31 58 72 47 107 20 98 84 69 0 
route: 
0 10 52 28 103 24 51 106 78 108 0 
route: 
0 104 101 9 15 66 11 23 7 49 0 
route: 
0 82 81 38 26 76 43 59 27 0 
route: 
0 62 40 57 77 102 25 18 109 0 
route: 
0 91 6 30 56 53 34 79 1 0 
route: 
0 2 22 12 86 32 105 46 14 0 
improved with intra-route Or-opt3
improved with intra-route reinsertion
added route to primal routes: 0,80,39,68,8,100,73,94,97,92,0,
added route to primal routes: 0,21,88,17,99,71,67,45,89,0,
added route to primal routes: 0,55,83,93,75,35,37,44,29,0,
STATS - lpIterations[0] lagIterations[0] sspIterations[0] numSeparations[0] numCuts[0] compileTime[0] sspSolveTime[0] lpSolveTime[0] lb[0] ub[33729] numArcs: [1048431] numFixed: [0] numHeuristicIPs: [1] numHeuristicLNS: [1] numPrimalLNSRepairs: [2] time: [0]
STATS1 - lpIterations[0] lagIterations[0] sspIterations[0] numSeparations[0] numCuts[0] compileTime[0] sspSolveTime[0] lpSolveTime[0] repairTime[0] cutsTime[0] alphaTime[0] decompTime[0] yellowTime[0] updateTime[0] fixTime[0] lb[0] ub[33729] numArcs: [1048431] numFixed: [0] time: [0]
routes added, try running MIP Pool
primal heuristic num vars: 16
add MIP warm start
primal heuristic MIP obj: 33612
feasible primal routes: 
route: 
0 3 16 70 13 19 54 50 60 4 0 
route: 
0 95 65 61 33 87 74 90 48 0 
route: 
0 5 42 85 64 36 96 41 63 0 
route: 
0 31 58 72 47 107 20 98 84 69 0 
route: 
0 10 52 28 103 24 51 106 78 108 0 
route: 
0 104 101 9 15 66 11 23 7 49 0 
route: 
0 82 81 38 26 76 43 59 27 0 
route: 
0 62 40 57 77 102 25 18 109 0 
route: 
0 91 6 30 56 53 34 79 1 0 
route: 
0 2 22 12 86 32 105 46 14 0 
route: 
0 80 39 68 8 100 73 94 97 92 0 
route: 
0 21 88 17 99 71 67 45 89 0 
route: 
0 55 83 93 75 35 37 44 29 0 
improved ub from MIP pool: 33612
STATS - lpIterations[0] lagIterations[0] sspIterations[0] numSeparations[0] numCuts[0] compileTime[0] sspSolveTime[0] lpSolveTime[0] lb[0] ub[33612] numArcs: [1048431] numFixed: [0] numHeuristicIPs: [2] numHeuristicLNS: [1] numPrimalLNSRepairs: [2] time: [0]
STATS1 - lpIterations[0] lagIterations[0] sspIterations[0] numSeparations[0] numCuts[0] compileTime[0] sspSolveTime[0] lpSolveTime[0] repairTime[0] cutsTime[0] alphaTime[0] decompTime[0] yellowTime[0] updateTime[0] fixTime[0] lb[0] ub[33612] numArcs: [1048431] numFixed: [0] time: [0]
num vars: 246
improved iteration ub from lns primal heuristic: 33612
improved primal routes: 
route: 
0 3 16 70 13 19 54 50 60 4 0 
route: 
0 95 65 61 33 87 74 90 48 0 
route: 
0 5 42 85 64 36 96 41 63 0 
route: 
0 31 58 72 47 107 20 98 84 69 0 
route: 
0 10 52 28 103 24 51 106 78 108 0 
route: 
0 104 101 9 15 66 11 23 7 49 0 
route: 
0 82 81 38 26 76 43 59 27 0 
route: 
0 62 40 57 77 102 25 18 109 0 
route: 
0 91 6 30 56 53 34 79 1 0 
route: 
0 2 22 12 86 32 105 46 14 0 
route: 
0 80 39 68 8 100 73 94 97 92 0 
route: 
0 21 88 17 99 71 67 45 89 0 
route: 
0 55 83 93 75 35 37 44 29 0 
num vars: 212
num vars: 291
num vars: 398
improved iteration ub from lns primal heuristic: 33313
improved primal routes: 
route: 
0 3 16 70 13 19 54 50 60 4 0 
route: 
0 10 62 40 57 77 102 25 18 109 0 
route: 
0 95 65 61 33 87 74 90 48 0 
route: 
0 5 42 85 64 36 96 41 63 0 
route: 
0 31 58 72 47 107 20 98 84 69 0 
route: 
0 52 28 103 24 51 106 78 108 0 
route: 
0 104 101 9 15 66 11 23 7 49 0 
route: 
0 82 81 38 26 76 43 59 27 0 
route: 
0 91 6 30 56 53 34 79 1 0 
route: 
0 2 22 12 86 32 105 46 14 0 
route: 
0 80 39 68 8 100 73 94 97 92 0 
route: 
0 21 88 17 99 71 67 45 89 0 
route: 
0 55 83 93 75 35 37 44 29 0 
improved with intra-route reinsertion
added route to primal routes: 0,62,10,40,57,77,102,25,18,109,0,
added route to primal routes: 0,52,28,103,24,51,106,78,108,0,
STATS - lpIterations[0] lagIterations[0] sspIterations[0] numSeparations[0] numCuts[0] compileTime[0] sspSolveTime[0] lpSolveTime[0] lb[0] ub[33313] numArcs: [1048431] numFixed: [0] numHeuristicIPs: [2] numHeuristicLNS: [1] numPrimalLNSRepairs: [6] time: [0]
STATS1 - lpIterations[0] lagIterations[0] sspIterations[0] numSeparations[0] numCuts[0] compileTime[0] sspSolveTime[0] lpSolveTime[0] repairTime[0] cutsTime[0] alphaTime[0] decompTime[0] yellowTime[0] updateTime[0] fixTime[0] lb[0] ub[33313] numArcs: [1048431] numFixed: [0] time: [0]
routes added, try running MIP Pool
primal heuristic num vars: 18
add MIP warm start
primal heuristic MIP obj: 33212
feasible primal routes: 
route: 
0 3 16 70 13 19 54 50 60 4 0 
route: 
0 95 65 61 33 87 74 90 48 0 
route: 
0 5 42 85 64 36 96 41 63 0 
route: 
0 31 58 72 47 107 20 98 84 69 0 
route: 
0 104 101 9 15 66 11 23 7 49 0 
route: 
0 82 81 38 26 76 43 59 27 0 
route: 
0 91 6 30 56 53 34 79 1 0 
route: 
0 2 22 12 86 32 105 46 14 0 
route: 
0 80 39 68 8 100 73 94 97 92 0 
route: 
0 21 88 17 99 71 67 45 89 0 
route: 
0 55 83 93 75 35 37 44 29 0 
route: 
0 62 10 40 57 77 102 25 18 109 0 
route: 
0 52 28 103 24 51 106 78 108 0 
improved ub from MIP pool: 33212
STATS - lpIterations[0] lagIterations[0] sspIterations[0] numSeparations[0] numCuts[0] compileTime[0] sspSolveTime[0] lpSolveTime[0] lb[0] ub[33212] numArcs: [1048431] numFixed: [0] numHeuristicIPs: [3] numHeuristicLNS: [1] numPrimalLNSRepairs: [6] time: [0]
STATS1 - lpIterations[0] lagIterations[0] sspIterations[0] numSeparations[0] numCuts[0] compileTime[0] sspSolveTime[0] lpSolveTime[0] repairTime[0] cutsTime[0] alphaTime[0] decompTime[0] yellowTime[0] updateTime[0] fixTime[0] lb[0] ub[33212] numArcs: [1048431] numFixed: [0] time: [0]
num vars: 260
improved iteration ub from lns primal heuristic: 33212
improved primal routes: 
route: 
0 3 16 70 13 19 54 50 60 4 0 
route: 
0 95 65 61 33 87 74 90 48 0 
route: 
0 5 42 85 64 36 96 41 63 0 
route: 
0 31 58 72 47 107 20 98 84 69 0 
route: 
0 104 101 9 15 66 11 23 7 49 0 
route: 
0 82 81 38 26 76 43 59 27 0 
route: 
0 91 6 30 56 53 34 79 1 0 
route: 
0 2 22 12 86 32 105 46 14 0 
route: 
0 80 39 68 8 100 73 94 97 92 0 
route: 
0 21 88 17 99 71 67 45 89 0 
route: 
0 55 83 93 75 35 37 44 29 0 
route: 
0 62 10 40 57 77 102 25 18 109 0 
route: 
0 52 28 103 24 51 106 78 108 0 
num vars: 233
num vars: 276
num vars: 311
num vars: 467
num vars: 497
num vars: 476
num vars: 712
improved iteration ub from lns primal heuristic: 33024
improved primal routes: 
route: 
0 3 16 70 13 19 54 50 60 4 0 
route: 
0 80 2 22 12 86 32 105 46 14 0 
route: 
0 95 65 61 33 87 74 90 48 0 
route: 
0 5 42 85 64 36 96 41 63 0 
route: 
0 31 58 72 47 107 20 98 84 69 0 
route: 
0 104 101 9 15 66 11 23 7 49 0 
route: 
0 82 81 38 26 76 43 59 27 0 
route: 
0 91 6 30 56 53 34 79 1 0 
route: 
0 39 68 8 100 73 94 97 92 0 
route: 
0 21 88 17 99 71 67 45 89 0 
route: 
0 55 83 93 75 35 37 44 29 0 
route: 
0 62 10 40 57 77 102 25 18 109 0 
route: 
0 52 28 103 24 51 106 78 108 0 
added route to primal routes: 0,80,2,22,12,86,32,105,46,14,0,
added route to primal routes: 0,39,68,8,100,73,94,97,92,0,
STATS - lpIterations[0] lagIterations[0] sspIterations[0] numSeparations[0] numCuts[0] compileTime[0] sspSolveTime[0] lpSolveTime[0] lb[0] ub[33024] numArcs: [1048431] numFixed: [0] numHeuristicIPs: [3] numHeuristicLNS: [1] numPrimalLNSRepairs: [14] time: [0]
STATS1 - lpIterations[0] lagIterations[0] sspIterations[0] numSeparations[0] numCuts[0] compileTime[0] sspSolveTime[0] lpSolveTime[0] repairTime[0] cutsTime[0] alphaTime[0] decompTime[0] yellowTime[0] updateTime[0] fixTime[0] lb[0] ub[33024] numArcs: [1048431] numFixed: [0] time: [0]
routes added, try running MIP Pool
primal heuristic num vars: 20
add MIP warm start
primal heuristic MIP obj: 33024
feasible primal routes: 
route: 
0 3 16 70 13 19 54 50 60 4 0 
route: 
0 95 65 61 33 87 74 90 48 0 
route: 
0 5 42 85 64 36 96 41 63 0 
route: 
0 31 58 72 47 107 20 98 84 69 0 
route: 
0 104 101 9 15 66 11 23 7 49 0 
route: 
0 82 81 38 26 76 43 59 27 0 
route: 
0 91 6 30 56 53 34 79 1 0 
route: 
0 21 88 17 99 71 67 45 89 0 
route: 
0 55 83 93 75 35 37 44 29 0 
route: 
0 62 10 40 57 77 102 25 18 109 0 
route: 
0 52 28 103 24 51 106 78 108 0 
route: 
0 80 2 22 12 86 32 105 46 14 0 
route: 
0 39 68 8 100 73 94 97 92 0 
num vars: 187
num vars: 282
num vars: 346
num vars: 411
improved iteration ub from lns primal heuristic: 33019
improved primal routes: 
route: 
0 3 91 6 30 56 53 34 79 1 0 
route: 
0 16 70 13 19 54 50 60 4 0 
route: 
0 39 68 8 100 73 94 97 92 0 
route: 
0 80 2 22 12 86 32 105 46 14 0 
route: 
0 95 65 61 33 87 74 90 48 0 
route: 
0 5 42 85 64 36 96 41 63 0 
route: 
0 31 58 72 47 107 20 98 84 69 0 
route: 
0 104 101 9 15 66 11 23 7 49 0 
route: 
0 82 81 38 26 76 43 59 27 0 
route: 
0 21 88 17 99 71 67 45 89 0 
route: 
0 55 83 93 75 35 37 44 29 0 
route: 
0 62 10 40 57 77 102 25 18 109 0 
route: 
0 52 28 103 24 51 106 78 108 0 
improved with intra-route 2-opt
added route to primal routes: 0,3,1,79,34,53,56,30,6,91,0,
added route to primal routes: 0,16,70,13,19,54,50,60,4,0,
STATS - lpIterations[0] lagIterations[0] sspIterations[0] numSeparations[0] numCuts[0] compileTime[0] sspSolveTime[0] lpSolveTime[0] lb[0] ub[33019] numArcs: [1048431] numFixed: [0] numHeuristicIPs: [4] numHeuristicLNS: [1] numPrimalLNSRepairs: [18] time: [0]
STATS1 - lpIterations[0] lagIterations[0] sspIterations[0] numSeparations[0] numCuts[0] compileTime[0] sspSolveTime[0] lpSolveTime[0] repairTime[0] cutsTime[0] alphaTime[0] decompTime[0] yellowTime[0] updateTime[0] fixTime[0] lb[0] ub[33019] numArcs: [1048431] numFixed: [0] time: [0]
routes added, try running MIP Pool
primal heuristic num vars: 22
add MIP warm start
primal heuristic MIP obj: 33015
feasible primal routes: 
route: 
0 95 65 61 33 87 74 90 48 0 
route: 
0 5 42 85 64 36 96 41 63 0 
route: 
0 31 58 72 47 107 20 98 84 69 0 
route: 
0 104 101 9 15 66 11 23 7 49 0 
route: 
0 82 81 38 26 76 43 59 27 0 
route: 
0 21 88 17 99 71 67 45 89 0 
route: 
0 55 83 93 75 35 37 44 29 0 
route: 
0 62 10 40 57 77 102 25 18 109 0 
route: 
0 52 28 103 24 51 106 78 108 0 
route: 
0 80 2 22 12 86 32 105 46 14 0 
route: 
0 39 68 8 100 73 94 97 92 0 
route: 
0 3 1 79 34 53 56 30 6 91 0 
route: 
0 16 70 13 19 54 50 60 4 0 
improved ub from MIP pool: 33015
STATS - lpIterations[0] lagIterations[0] sspIterations[0] numSeparations[0] numCuts[0] compileTime[0] sspSolveTime[0] lpSolveTime[0] lb[0] ub[33015] numArcs: [1048431] numFixed: [0] numHeuristicIPs: [5] numHeuristicLNS: [1] numPrimalLNSRepairs: [18] time: [1]
STATS1 - lpIterations[0] lagIterations[0] sspIterations[0] numSeparations[0] numCuts[0] compileTime[0] sspSolveTime[0] lpSolveTime[0] repairTime[0] cutsTime[0] alphaTime[0] decompTime[0] yellowTime[0] updateTime[0] fixTime[0] lb[0] ub[33015] numArcs: [1048431] numFixed: [0] time: [1]
num vars: 265
improved iteration ub from lns primal heuristic: 33015
improved primal routes: 
route: 
0 95 65 61 33 87 74 90 48 0 
route: 
0 5 42 85 64 36 96 41 63 0 
route: 
0 31 58 72 47 107 20 98 84 69 0 
route: 
0 104 101 9 15 66 11 23 7 49 0 
route: 
0 82 81 38 26 76 43 59 27 0 
route: 
0 21 88 17 99 71 67 45 89 0 
route: 
0 55 83 93 75 35 37 44 29 0 
route: 
0 62 10 40 57 77 102 25 18 109 0 
route: 
0 52 28 103 24 51 106 78 108 0 
route: 
0 80 2 22 12 86 32 105 46 14 0 
route: 
0 39 68 8 100 73 94 97 92 0 
route: 
0 3 1 79 34 53 56 30 6 91 0 
route: 
0 16 70 13 19 54 50 60 4 0 
num vars: 267
num vars: 250
num vars: 430
num vars: 444
improved iteration ub from lns primal heuristic: 32826
improved primal routes: 
route: 
0 95 65 61 33 87 74 90 48 0 
route: 
0 5 42 85 64 36 96 41 63 0 
route: 
0 78 16 70 13 19 54 50 60 4 0 
route: 
0 80 2 22 12 86 32 105 46 14 0 
route: 
0 31 58 72 47 107 20 98 84 69 0 
route: 
0 104 101 9 15 66 11 23 7 49 0 
route: 
0 82 81 38 26 76 43 59 27 0 
route: 
0 21 88 17 99 71 67 45 89 0 
route: 
0 55 83 93 75 35 37 44 29 0 
route: 
0 62 10 40 57 77 102 25 18 109 0 
route: 
0 52 28 103 24 51 106 108 0 
route: 
0 39 68 8 100 73 94 97 92 0 
route: 
0 3 1 79 34 53 56 30 6 91 0 
added route to primal routes: 0,78,16,70,13,19,54,50,60,4,0,
added route to primal routes: 0,52,28,103,24,51,106,108,0,
STATS - lpIterations[0] lagIterations[0] sspIterations[0] numSeparations[0] numCuts[0] compileTime[0] sspSolveTime[0] lpSolveTime[0] lb[0] ub[32826] numArcs: [1048431] numFixed: [0] numHeuristicIPs: [5] numHeuristicLNS: [1] numPrimalLNSRepairs: [23] time: [1]
STATS1 - lpIterations[0] lagIterations[0] sspIterations[0] numSeparations[0] numCuts[0] compileTime[0] sspSolveTime[0] lpSolveTime[0] repairTime[0] cutsTime[0] alphaTime[0] decompTime[0] yellowTime[0] updateTime[0] fixTime[0] lb[0] ub[32826] numArcs: [1048431] numFixed: [0] time: [1]
routes added, try running MIP Pool
primal heuristic num vars: 24
add MIP warm start
primal heuristic MIP obj: 32826
feasible primal routes: 
route: 
0 95 65 61 33 87 74 90 48 0 
route: 
0 5 42 85 64 36 96 41 63 0 
route: 
0 31 58 72 47 107 20 98 84 69 0 
route: 
0 104 101 9 15 66 11 23 7 49 0 
route: 
0 82 81 38 26 76 43 59 27 0 
route: 
0 21 88 17 99 71 67 45 89 0 
route: 
0 55 83 93 75 35 37 44 29 0 
route: 
0 62 10 40 57 77 102 25 18 109 0 
route: 
0 80 2 22 12 86 32 105 46 14 0 
route: 
0 39 68 8 100 73 94 97 92 0 
route: 
0 3 1 79 34 53 56 30 6 91 0 
route: 
0 78 16 70 13 19 54 50 60 4 0 
route: 
0 52 28 103 24 51 106 108 0 
num vars: 202
num vars: 287
num vars: 360
num vars: 337
num vars: 562
num vars: 538
num vars: 799
improved iteration ub from lns primal heuristic: 32627
improved primal routes: 
route: 
0 95 65 61 33 87 74 90 48 0 
route: 
0 75 21 88 17 71 67 45 89 0 
route: 
0 5 42 85 64 36 96 41 63 0 
route: 
0 78 16 70 13 19 54 50 60 4 0 
route: 
0 99 55 83 93 35 37 44 29 0 
route: 
0 80 2 22 12 86 32 105 46 14 0 
route: 
0 31 58 72 47 107 20 98 84 69 0 
route: 
0 104 101 9 15 66 11 23 7 49 0 
route: 
0 82 81 38 26 76 43 59 27 0 
route: 
0 62 10 40 57 77 102 25 18 109 0 
route: 
0 52 28 103 24 51 106 108 0 
route: 
0 39 68 8 100 73 94 97 92 0 
route: 
0 3 1 79 34 53 56 30 6 91 0 
improved with intra-route reinsertion
added route to primal routes: 0,21,75,88,17,71,67,45,89,0,
improved with intra-route reinsertion
improved with intra-route reinsertion
added route to primal routes: 0,55,83,93,99,35,37,44,29,0,
STATS - lpIterations[0] lagIterations[0] sspIterations[0] numSeparations[0] numCuts[0] compileTime[0] sspSolveTime[0] lpSolveTime[0] lb[0] ub[32627] numArcs: [1048431] numFixed: [0] numHeuristicIPs: [6] numHeuristicLNS: [1] numPrimalLNSRepairs: [30] time: [1]
STATS1 - lpIterations[0] lagIterations[0] sspIterations[0] numSeparations[0] numCuts[0] compileTime[0] sspSolveTime[0] lpSolveTime[0] repairTime[0] cutsTime[0] alphaTime[0] decompTime[0] yellowTime[0] updateTime[0] fixTime[0] lb[0] ub[32627] numArcs: [1048431] numFixed: [0] time: [1]
routes added, try running MIP Pool
primal heuristic num vars: 26
add MIP warm start
primal heuristic MIP obj: 32409
feasible primal routes: 
route: 
0 95 65 61 33 87 74 90 48 0 
route: 
0 5 42 85 64 36 96 41 63 0 
route: 
0 31 58 72 47 107 20 98 84 69 0 
route: 
0 104 101 9 15 66 11 23 7 49 0 
route: 
0 82 81 38 26 76 43 59 27 0 
route: 
0 62 10 40 57 77 102 25 18 109 0 
route: 
0 80 2 22 12 86 32 105 46 14 0 
route: 
0 39 68 8 100 73 94 97 92 0 
route: 
0 3 1 79 34 53 56 30 6 91 0 
route: 
0 78 16 70 13 19 54 50 60 4 0 
route: 
0 52 28 103 24 51 106 108 0 
route: 
0 21 75 88 17 71 67 45 89 0 
route: 
0 55 83 93 99 35 37 44 29 0 
improved ub from MIP pool: 32409
STATS - lpIterations[0] lagIterations[0] sspIterations[0] numSeparations[0] numCuts[0] compileTime[0] sspSolveTime[0] lpSolveTime[0] lb[0] ub[32409] numArcs: [1048431] numFixed: [0] numHeuristicIPs: [7] numHeuristicLNS: [1] numPrimalLNSRepairs: [30] time: [1]
STATS1 - lpIterations[0] lagIterations[0] sspIterations[0] numSeparations[0] numCuts[0] compileTime[0] sspSolveTime[0] lpSolveTime[0] repairTime[0] cutsTime[0] alphaTime[0] decompTime[0] yellowTime[0] updateTime[0] fixTime[0] lb[0] ub[32409] numArcs: [1048431] numFixed: [0] time: [1]
num vars: 211
improved iteration ub from lns primal heuristic: 32409
improved primal routes: 
route: 
0 95 65 61 33 87 74 90 48 0 
route: 
0 5 42 85 64 36 96 41 63 0 
route: 
0 31 58 72 47 107 20 98 84 69 0 
route: 
0 104 101 9 15 66 11 23 7 49 0 
route: 
0 82 81 38 26 76 43 59 27 0 
route: 
0 62 10 40 57 77 102 25 18 109 0 
route: 
0 80 2 22 12 86 32 105 46 14 0 
route: 
0 39 68 8 100 73 94 97 92 0 
route: 
0 3 1 79 34 53 56 30 6 91 0 
route: 
0 78 16 70 13 19 54 50 60 4 0 
route: 
0 52 28 103 24 51 106 108 0 
route: 
0 21 75 88 17 71 67 45 89 0 
route: 
0 55 83 93 99 35 37 44 29 0 
num vars: 240
improved iteration ub from lns primal heuristic: 32113
improved primal routes: 
route: 
0 95 65 61 33 87 74 90 48 0 
route: 
0 5 42 85 64 36 96 41 63 0 
route: 
0 31 39 68 8 100 73 94 97 92 0 
route: 
0 58 72 47 107 20 98 84 69 0 
route: 
0 104 101 9 15 66 11 23 7 49 0 
route: 
0 82 81 38 26 76 43 59 27 0 
route: 
0 62 10 40 57 77 102 25 18 109 0 
route: 
0 80 2 22 12 86 32 105 46 14 0 
route: 
0 3 1 79 34 53 56 30 6 91 0 
route: 
0 78 16 70 13 19 54 50 60 4 0 
route: 
0 52 28 103 24 51 106 108 0 
route: 
0 21 75 88 17 71 67 45 89 0 
route: 
0 55 83 93 99 35 37 44 29 0 
added route to primal routes: 0,31,39,68,8,100,73,94,97,92,0,
added route to primal routes: 0,58,72,47,107,20,98,84,69,0,
STATS - lpIterations[0] lagIterations[0] sspIterations[0] numSeparations[0] numCuts[0] compileTime[0] sspSolveTime[0] lpSolveTime[0] lb[0] ub[32113] numArcs: [1048431] numFixed: [0] numHeuristicIPs: [7] numHeuristicLNS: [1] numPrimalLNSRepairs: [32] time: [1]
STATS1 - lpIterations[0] lagIterations[0] sspIterations[0] numSeparations[0] numCuts[0] compileTime[0] sspSolveTime[0] lpSolveTime[0] repairTime[0] cutsTime[0] alphaTime[0] decompTime[0] yellowTime[0] updateTime[0] fixTime[0] lb[0] ub[32113] numArcs: [1048431] numFixed: [0] time: [1]
routes added, try running MIP Pool
primal heuristic num vars: 28
add MIP warm start
primal heuristic MIP obj: 32113
feasible primal routes: 
route: 
0 95 65 61 33 87 74 90 48 0 
route: 
0 5 42 85 64 36 96 41 63 0 
route: 
0 104 101 9 15 66 11 23 7 49 0 
route: 
0 82 81 38 26 76 43 59 27 0 
route: 
0 62 10 40 57 77 102 25 18 109 0 
route: 
0 80 2 22 12 86 32 105 46 14 0 
route: 
0 3 1 79 34 53 56 30 6 91 0 
route: 
0 78 16 70 13 19 54 50 60 4 0 
route: 
0 52 28 103 24 51 106 108 0 
route: 
0 21 75 88 17 71 67 45 89 0 
route: 
0 55 83 93 99 35 37 44 29 0 
route: 
0 31 39 68 8 100 73 94 97 92 0 
route: 
0 58 72 47 107 20 98 84 69 0 
num vars: 243
num vars: 273
num vars: 398
num vars: 377
num vars: 577
num vars: 555
num vars: 596
num vars: 756
num vars: 842
num vars: 1015
num vars: 1021
num vars: 1027
num vars: 1245
num vars: 1321
num vars: 1422
num vars: 1860
num vars: 1684
improved iteration ub from lns primal heuristic: 32105
improved primal routes: 
route: 
0 95 65 61 33 87 74 90 48 0 
route: 
0 19 58 72 47 107 20 98 84 69 0 
route: 
0 32 78 16 70 13 54 50 60 4 0 
route: 
0 5 42 85 64 36 96 41 63 0 
route: 
0 31 39 68 8 100 73 94 97 92 0 
route: 
0 104 101 9 15 66 11 23 7 49 0 
route: 
0 82 81 38 26 76 43 59 27 0 
route: 
0 62 10 40 57 77 102 25 18 109 0 
route: 
0 80 2 22 12 86 105 46 14 0 
route: 
0 3 1 79 34 53 56 30 6 91 0 
route: 
0 52 28 103 24 51 106 108 0 
route: 
0 21 75 88 17 71 67 45 89 0 
route: 
0 55 83 93 99 35 37 44 29 0 
added route to primal routes: 0,19,58,72,47,107,20,98,84,69,0,
added route to primal routes: 0,32,78,16,70,13,54,50,60,4,0,
added route to primal routes: 0,80,2,22,12,86,105,46,14,0,
STATS - lpIterations[0] lagIterations[0] sspIterations[0] numSeparations[0] numCuts[0] compileTime[0] sspSolveTime[0] lpSolveTime[0] lb[0] ub[32105] numArcs: [1048431] numFixed: [0] numHeuristicIPs: [8] numHeuristicLNS: [1] numPrimalLNSRepairs: [49] time: [1]
STATS1 - lpIterations[0] lagIterations[0] sspIterations[0] numSeparations[0] numCuts[0] compileTime[0] sspSolveTime[0] lpSolveTime[0] repairTime[0] cutsTime[0] alphaTime[0] decompTime[0] yellowTime[0] updateTime[0] fixTime[0] lb[0] ub[32105] numArcs: [1048431] numFixed: [0] time: [1]
routes added, try running MIP Pool
primal heuristic num vars: 31
add MIP warm start
primal heuristic MIP obj: 32105
feasible primal routes: 
route: 
0 95 65 61 33 87 74 90 48 0 
route: 
0 5 42 85 64 36 96 41 63 0 
route: 
0 104 101 9 15 66 11 23 7 49 0 
route: 
0 82 81 38 26 76 43 59 27 0 
route: 
0 62 10 40 57 77 102 25 18 109 0 
route: 
0 3 1 79 34 53 56 30 6 91 0 
route: 
0 52 28 103 24 51 106 108 0 
route: 
0 21 75 88 17 71 67 45 89 0 
route: 
0 55 83 93 99 35 37 44 29 0 
route: 
0 31 39 68 8 100 73 94 97 92 0 
route: 
0 19 58 72 47 107 20 98 84 69 0 
route: 
0 32 78 16 70 13 54 50 60 4 0 
route: 
0 80 2 22 12 86 105 46 14 0 
num vars: 209
num vars: 303
num vars: 397
improved iteration ub from lns primal heuristic: 32007
improved primal routes: 
route: 
0 95 65 61 33 87 74 90 48 0 
route: 
0 52 39 68 8 100 73 94 97 92 0 
route: 
0 19 58 72 47 107 20 98 84 69 0 
route: 
0 32 78 16 70 13 54 50 60 4 0 
route: 
0 5 42 85 64 36 96 41 63 0 
route: 
0 31 28 103 24 51 106 108 0 
route: 
0 104 101 9 15 66 11 23 7 49 0 
route: 
0 82 81 38 26 76 43 59 27 0 
route: 
0 62 10 40 57 77 102 25 18 109 0 
route: 
0 80 2 22 12 86 105 46 14 0 
route: 
0 3 1 79 34 53 56 30 6 91 0 
route: 
0 21 75 88 17 71 67 45 89 0 
route: 
0 55 83 93 99 35 37 44 29 0 
added route to primal routes: 0,52,39,68,8,100,73,94,97,92,0,
improved with intra-route reinsertion
added route to primal routes: 0,28,31,103,24,51,106,108,0,
STATS - lpIterations[0] lagIterations[0] sspIterations[0] numSeparations[0] numCuts[0] compileTime[0] sspSolveTime[0] lpSolveTime[0] lb[0] ub[32007] numArcs: [1048431] numFixed: [0] numHeuristicIPs: [9] numHeuristicLNS: [1] numPrimalLNSRepairs: [52] time: [1]
STATS1 - lpIterations[0] lagIterations[0] sspIterations[0] numSeparations[0] numCuts[0] compileTime[0] sspSolveTime[0] lpSolveTime[0] repairTime[0] cutsTime[0] alphaTime[0] decompTime[0] yellowTime[0] updateTime[0] fixTime[0] lb[0] ub[32007] numArcs: [1048431] numFixed: [0] time: [1]
routes added, try running MIP Pool
primal heuristic num vars: 33
add MIP warm start
primal heuristic MIP obj: 32001
feasible primal routes: 
route: 
0 95 65 61 33 87 74 90 48 0 
route: 
0 5 42 85 64 36 96 41 63 0 
route: 
0 104 101 9 15 66 11 23 7 49 0 
route: 
0 82 81 38 26 76 43 59 27 0 
route: 
0 62 10 40 57 77 102 25 18 109 0 
route: 
0 3 1 79 34 53 56 30 6 91 0 
route: 
0 21 75 88 17 71 67 45 89 0 
route: 
0 55 83 93 99 35 37 44 29 0 
route: 
0 19 58 72 47 107 20 98 84 69 0 
route: 
0 32 78 16 70 13 54 50 60 4 0 
route: 
0 80 2 22 12 86 105 46 14 0 
route: 
0 52 39 68 8 100 73 94 97 92 0 
route: 
0 28 31 103 24 51 106 108 0 
improved ub from MIP pool: 32001
STATS - lpIterations[0] lagIterations[0] sspIterations[0] numSeparations[0] numCuts[0] compileTime[0] sspSolveTime[0] lpSolveTime[0] lb[0] ub[32001] numArcs: [1048431] numFixed: [0] numHeuristicIPs: [10] numHeuristicLNS: [1] numPrimalLNSRepairs: [52] time: [1]
STATS1 - lpIterations[0] lagIterations[0] sspIterations[0] numSeparations[0] numCuts[0] compileTime[0] sspSolveTime[0] lpSolveTime[0] repairTime[0] cutsTime[0] alphaTime[0] decompTime[0] yellowTime[0] updateTime[0] fixTime[0] lb[0] ub[32001] numArcs: [1048431] numFixed: [0] time: [1]
num vars: 215
improved iteration ub from lns primal heuristic: 32001
improved primal routes: 
route: 
0 95 65 61 33 87 74 90 48 0 
route: 
0 5 42 85 64 36 96 41 63 0 
route: 
0 104 101 9 15 66 11 23 7 49 0 
route: 
0 82 81 38 26 76 43 59 27 0 
route: 
0 62 10 40 57 77 102 25 18 109 0 
route: 
0 3 1 79 34 53 56 30 6 91 0 
route: 
0 21 75 88 17 71 67 45 89 0 
route: 
0 55 83 93 99 35 37 44 29 0 
route: 
0 19 58 72 47 107 20 98 84 69 0 
route: 
0 32 78 16 70 13 54 50 60 4 0 
route: 
0 80 2 22 12 86 105 46 14 0 
route: 
0 52 39 68 8 100 73 94 97 92 0 
route: 
0 28 31 103 24 51 106 108 0 
num vars: 231
num vars: 306
num vars: 342
num vars: 446
num vars: 539
num vars: 620
num vars: 686
num vars: 749
num vars: 770
num vars: 921
num vars: 1000
improved iteration ub from lns primal heuristic: 31826
improved primal routes: 
route: 
0 95 65 61 33 87 74 90 48 0 
route: 
0 39 28 31 103 24 51 106 108 0 
route: 
0 55 83 93 99 35 37 44 29 0 
route: 
0 5 42 85 64 36 96 41 63 0 
route: 
0 104 101 9 15 66 11 23 7 49 0 
route: 
0 82 81 38 26 76 43 59 27 0 
route: 
0 62 10 40 57 77 102 25 18 109 0 
route: 
0 3 1 79 34 53 56 30 6 91 0 
route: 
0 21 75 88 17 71 67 45 89 0 
route: 
0 19 58 72 47 107 20 98 84 69 0 
route: 
0 32 78 16 70 13 54 50 60 4 0 
route: 
0 80 2 22 12 86 105 46 14 0 
route: 
0 52 68 8 100 73 94 97 92 0 
added route to primal routes: 0,39,28,31,103,24,51,106,108,0,
added route to primal routes: 0,52,68,8,100,73,94,97,92,0,
STATS - lpIterations[0] lagIterations[0] sspIterations[0] numSeparations[0] numCuts[0] compileTime[0] sspSolveTime[0] lpSolveTime[0] lb[0] ub[31826] numArcs: [1048431] numFixed: [0] numHeuristicIPs: [10] numHeuristicLNS: [1] numPrimalLNSRepairs: [64] time: [1]
STATS1 - lpIterations[0] lagIterations[0] sspIterations[0] numSeparations[0] numCuts[0] compileTime[0] sspSolveTime[0] lpSolveTime[0] repairTime[0] cutsTime[0] alphaTime[0] decompTime[0] yellowTime[0] updateTime[0] fixTime[0] lb[0] ub[31826] numArcs: [1048431] numFixed: [0] time: [1]
routes added, try running MIP Pool
primal heuristic num vars: 35
add MIP warm start
primal heuristic MIP obj: 31826
feasible primal routes: 
route: 
0 95 65 61 33 87 74 90 48 0 
route: 
0 5 42 85 64 36 96 41 63 0 
route: 
0 104 101 9 15 66 11 23 7 49 0 
route: 
0 82 81 38 26 76 43 59 27 0 
route: 
0 62 10 40 57 77 102 25 18 109 0 
route: 
0 3 1 79 34 53 56 30 6 91 0 
route: 
0 21 75 88 17 71 67 45 89 0 
route: 
0 55 83 93 99 35 37 44 29 0 
route: 
0 19 58 72 47 107 20 98 84 69 0 
route: 
0 32 78 16 70 13 54 50 60 4 0 
route: 
0 80 2 22 12 86 105 46 14 0 
route: 
0 39 28 31 103 24 51 106 108 0 
route: 
0 52 68 8 100 73 94 97 92 0 
num vars: 245
num vars: 298
num vars: 374
num vars: 448
num vars: 570
num vars: 673
num vars: 676
num vars: 603
num vars: 989
num vars: 981
num vars: 970
num vars: 1216
num vars: 1359
num vars: 1380
num vars: 1477
num vars: 1573
num vars: 1640
num vars: 1693
num vars: 1830
num vars: 1912
num vars: 1798
num vars: 2048
num vars: 2162
num vars: 2213
num vars: 2535
num vars: 2612
num vars: 2345
num vars: 2969
num vars: 2888
num vars: 2982
num vars: 2827
num vars: 2866
num vars: 2963
num vars: 3214
num vars: 3121
num vars: 3446
num vars: 3477
num vars: 3520
num vars: 3465
num vars: 3606
num vars: 3654
num vars: 3409
num vars: 3725
num vars: 3754
num vars: 3556
num vars: 3334
num vars: 3846
num vars: 3719
num vars: 3894
num vars: 3903
num vars: 3924
num vars: 3951
num vars: 3963
num vars: 3976
num vars: 3977
num vars: 3994
num vars: 3996
num vars: 4008
num vars: 4000
num vars: 4007
num vars: 4007
num vars: 4013
num vars: 3994
num vars: 3986
num vars: 3981
num vars: 3967
num vars: 3955
num vars: 3940
num vars: 3856
num vars: 3902
num vars: 3805
num vars: 3861
num vars: 3835
num vars: 3725
num vars: 3782
num vars: 3748
num vars: 3628
num vars: 3673
num vars: 3470
num vars: 3430
num vars: 3390
num vars: 3429
num vars: 3377
num vars: 3246
num vars: 3101
num vars: 3319
num vars: 2996
num vars: 3118
num vars: 2874
num vars: 2718
num vars: 2748
num vars: 2682
num vars: 2611
num vars: 2444
num vars: 2175
num vars: 2097
num vars: 1919
num vars: 2034
num vars: 1851
num vars: 1765
num vars: 1468
num vars: 1270
num vars: 1067
num vars: 973
num vars: 767
num vars: 544
num vars: 327
