do not relax capacity constraint
instance upper bound: 32257.3
route length upper bound: 170
compiling DD
time step mult: 10
time step: 100
cap step: 1
done compiling DD
batch size for lag: 1
iteration delay to start separating: 0
optimality gap to start repairing: 100
percent fixed to change to CPLEX: 97.5
num arcs to change to CPLEX: 500000
num arcs to change to LAG: 999999999
num lag iters to cut: 0
num cuts lag: 0
cut phase: 0
deactivate cut value threshold: 0
deactivate cut iter threshold: 0
momentum beta: 0
stall alpha factor: 0
STATS - lpIterations[0] lagIterations[0] sspIterations[0] numSeparations[0] numCuts[0] compileTime[1764] sspSolveTime[0] lpSolveTime[0] lb[0] ub[32257.3] numArcs: [216207209] numFixed: [0] time: [1764]
STATS - lpIterations[1] lagIterations[0] sspIterations[0] numSeparations[0] numCuts[0] compileTime[1764] sspSolveTime[0] lpSolveTime[0] lb[0] ub[32257.3] numArcs: [216207209] numFixed: [0] time: [1764]
