relax time window constraint
capacity: 106
instance upper bound: 13590
compiling DD
time step mult: 1
time step: 10
cap step: 5
done compiling DD
batch size for lag: 50
iteration delay to start separating: 0
optimality gap to start repairing: 5
percent fixed to change to CPLEX: 97.5
num arcs to change to CPLEX: 100000
num arcs to change to LAG: 999999999
STATS - lpIterations[0] lagIterations[0] sspIterations[0] numSeparations[0] numCuts[0] compileTime[1] sspSolveTime[0] lpSolveTime[0] lb[0] ub[13590] numArcs: [707420] numFixed: [0] time: [1]
STATS - lpIterations[1] lagIterations[0] sspIterations[0] numSeparations[0] numCuts[0] compileTime[1] sspSolveTime[0] lpSolveTime[0] lb[0] ub[13590] numArcs: [707420] numFixed: [0] time: [1]
STATS - lpIterations[1] lagIterations[1] sspIterations[1] numSeparations[0] numCuts[0] compileTime[1] sspSolveTime[0] lpSolveTime[0] lb[7234.57] ub[13590] numArcs: [707420] numFixed: [0] time: [1]
STATS - lpIterations[1] lagIterations[2] sspIterations[3] numSeparations[0] numCuts[0] compileTime[1] sspSolveTime[0] lpSolveTime[0] lb[7553.93] ub[13590] numArcs: [707376] numFixed: [0] time: [1]
STATS - lpIterations[1] lagIterations[3] sspIterations[4] numSeparations[0] numCuts[0] compileTime[1] sspSolveTime[0] lpSolveTime[0] lb[7697.41] ub[13590] numArcs: [707374] numFixed: [0] time: [1]
STATS - lpIterations[1] lagIterations[4] sspIterations[7] numSeparations[0] numCuts[0] compileTime[1] sspSolveTime[0] lpSolveTime[0] lb[8033.96] ub[13590] numArcs: [707309] numFixed: [0] time: [1]
STATS - lpIterations[1] lagIterations[5] sspIterations[8] numSeparations[0] numCuts[0] compileTime[1] sspSolveTime[0] lpSolveTime[0] lb[8087.49] ub[13590] numArcs: [707309] numFixed: [0] time: [1]
STATS - lpIterations[1] lagIterations[6] sspIterations[10] numSeparations[0] numCuts[0] compileTime[1] sspSolveTime[0] lpSolveTime[0] lb[8450.15] ub[13590] numArcs: [707288] numFixed: [0] time: [1]
STATS - lpIterations[1] lagIterations[7] sspIterations[14] numSeparations[0] numCuts[0] compileTime[1] sspSolveTime[0] lpSolveTime[0] lb[8572.22] ub[13590] numArcs: [707208] numFixed: [0] time: [1]
STATS - lpIterations[1] lagIterations[8] sspIterations[15] numSeparations[0] numCuts[0] compileTime[1] sspSolveTime[0] lpSolveTime[0] lb[8638.43] ub[13590] numArcs: [707205] numFixed: [0] time: [1]
STATS - lpIterations[1] lagIterations[9] sspIterations[18] numSeparations[0] numCuts[0] compileTime[1] sspSolveTime[0] lpSolveTime[0] lb[8783.84] ub[13590] numArcs: [707181] numFixed: [0] time: [2]
STATS - lpIterations[1] lagIterations[10] sspIterations[19] numSeparations[0] numCuts[0] compileTime[1] sspSolveTime[0] lpSolveTime[0] lb[8928.81] ub[13590] numArcs: [707181] numFixed: [0] time: [2]
STATS - lpIterations[1] lagIterations[11] sspIterations[25] numSeparations[0] numCuts[0] compileTime[1] sspSolveTime[0] lpSolveTime[0] lb[9165.08] ub[13590] numArcs: [707099] numFixed: [0] time: [2]
STATS - lpIterations[1] lagIterations[12] sspIterations[27] numSeparations[0] numCuts[0] compileTime[1] sspSolveTime[0] lpSolveTime[0] lb[9315.07] ub[13590] numArcs: [707090] numFixed: [0] time: [2]
STATS - lpIterations[1] lagIterations[14] sspIterations[42] numSeparations[0] numCuts[0] compileTime[1] sspSolveTime[0] lpSolveTime[0] lb[9446.51] ub[13590] numArcs: [706837] numFixed: [0] time: [2]
STATS - lpIterations[1] lagIterations[16] sspIterations[69] numSeparations[28] numCuts[0] compileTime[1] sspSolveTime[1] lpSolveTime[0] lb[9610.67] ub[13590] numArcs: [728120] numFixed: [0] time: [2]
STATS - lpIterations[1] lagIterations[17] sspIterations[71] numSeparations[28] numCuts[0] compileTime[1] sspSolveTime[1] lpSolveTime[0] lb[9696.55] ub[13590] numArcs: [728120] numFixed: [0] time: [2]
STATS - lpIterations[1] lagIterations[19] sspIterations[106] numSeparations[28] numCuts[0] compileTime[1] sspSolveTime[1] lpSolveTime[0] lb[9927.74] ub[13590] numArcs: [727834] numFixed: [0] time: [3]
STATS - lpIterations[1] lagIterations[20] sspIterations[108] numSeparations[28] numCuts[0] compileTime[1] sspSolveTime[1] lpSolveTime[0] lb[10021.2] ub[13590] numArcs: [727834] numFixed: [0] time: [3]
STATS - lpIterations[1] lagIterations[22] sspIterations[122] numSeparations[68] numCuts[0] compileTime[1] sspSolveTime[2] lpSolveTime[0] lb[10155.4] ub[13590] numArcs: [751752] numFixed: [0] time: [3]
STATS - lpIterations[1] lagIterations[24] sspIterations[167] numSeparations[68] numCuts[0] compileTime[1] sspSolveTime[3] lpSolveTime[0] lb[10217.1] ub[13590] numArcs: [751367] numFixed: [0] time: [5]
STATS - lpIterations[1] lagIterations[25] sspIterations[169] numSeparations[68] numCuts[0] compileTime[1] sspSolveTime[3] lpSolveTime[0] lb[10403.4] ub[13590] numArcs: [751359] numFixed: [0] time: [5]
STATS - lpIterations[1] lagIterations[27] sspIterations[197] numSeparations[122] numCuts[0] compileTime[1] sspSolveTime[4] lpSolveTime[0] lb[10500.9] ub[13590] numArcs: [779965] numFixed: [0] time: [5]
STATS - lpIterations[1] lagIterations[29] sspIterations[226] numSeparations[122] numCuts[0] compileTime[1] sspSolveTime[4] lpSolveTime[0] lb[10659.5] ub[13590] numArcs: [779738] numFixed: [0] time: [6]
STATS - lpIterations[1] lagIterations[31] sspIterations[232] numSeparations[122] numCuts[0] compileTime[1] sspSolveTime[4] lpSolveTime[0] lb[10725.3] ub[13590] numArcs: [779730] numFixed: [0] time: [6]
STATS - lpIterations[1] lagIterations[33] sspIterations[251] numSeparations[166] numCuts[0] compileTime[1] sspSolveTime[4] lpSolveTime[0] lb[10811] ub[13590] numArcs: [807877] numFixed: [0] time: [6]
STATS - lpIterations[1] lagIterations[35] sspIterations[280] numSeparations[166] numCuts[0] compileTime[1] sspSolveTime[5] lpSolveTime[0] lb[10877.5] ub[13590] numArcs: [807693] numFixed: [0] time: [7]
STATS - lpIterations[1] lagIterations[37] sspIterations[298] numSeparations[166] numCuts[0] compileTime[1] sspSolveTime[5] lpSolveTime[0] lb[10882.5] ub[13590] numArcs: [807600] numFixed: [0] time: [7]
STATS - lpIterations[1] lagIterations[38] sspIterations[300] numSeparations[166] numCuts[0] compileTime[1] sspSolveTime[5] lpSolveTime[0] lb[10970.9] ub[13590] numArcs: [807600] numFixed: [0] time: [7]
STATS - lpIterations[1] lagIterations[41] sspIterations[357] numSeparations[231] numCuts[0] compileTime[1] sspSolveTime[7] lpSolveTime[0] lb[11097.3] ub[13590] numArcs: [843385] numFixed: [0] time: [9]
STATS - lpIterations[1] lagIterations[43] sspIterations[384] numSeparations[231] numCuts[0] compileTime[1] sspSolveTime[7] lpSolveTime[0] lb[11126.1] ub[13590] numArcs: [843297] numFixed: [0] time: [10]
STATS - lpIterations[1] lagIterations[45] sspIterations[419] numSeparations[287] numCuts[0] compileTime[1] sspSolveTime[9] lpSolveTime[0] lb[11138] ub[13590] numArcs: [872888] numFixed: [0] time: [11]
STATS - lpIterations[1] lagIterations[47] sspIterations[453] numSeparations[287] numCuts[0] compileTime[1] sspSolveTime[10] lpSolveTime[0] lb[11176.3] ub[13590] numArcs: [872680] numFixed: [0] time: [12]
STATS - lpIterations[1] lagIterations[49] sspIterations[464] numSeparations[287] numCuts[0] compileTime[1] sspSolveTime[10] lpSolveTime[0] lb[11218.5] ub[13590] numArcs: [872647] numFixed: [0] time: [12]
STATS - lpIterations[1] lagIterations[52] sspIterations[528] numSeparations[355] numCuts[0] compileTime[1] sspSolveTime[12] lpSolveTime[0] lb[11285.1] ub[13590] numArcs: [904603] numFixed: [0] time: [15]
STATS - lpIterations[1] lagIterations[57] sspIterations[578] numSeparations[409] numCuts[0] compileTime[1] sspSolveTime[13] lpSolveTime[0] lb[11329.3] ub[13590] numArcs: [933076] numFixed: [0] time: [16]
STATS - lpIterations[1] lagIterations[59] sspIterations[618] numSeparations[409] numCuts[0] compileTime[1] sspSolveTime[15] lpSolveTime[0] lb[11346.6] ub[13590] numArcs: [932878] numFixed: [0] time: [17]
STATS - lpIterations[1] lagIterations[62] sspIterations[665] numSeparations[466] numCuts[0] compileTime[1] sspSolveTime[16] lpSolveTime[0] lb[11381.9] ub[13590] numArcs: [962427] numFixed: [0] time: [19]
STATS - lpIterations[1] lagIterations[68] sspIterations[736] numSeparations[516] numCuts[0] compileTime[1] sspSolveTime[18] lpSolveTime[0] lb[11416.9] ub[13590] numArcs: [983467] numFixed: [0] time: [20]
STATS - lpIterations[1] lagIterations[71] sspIterations[780] numSeparations[516] numCuts[0] compileTime[1] sspSolveTime[19] lpSolveTime[0] lb[11437.7] ub[13590] numArcs: [983347] numFixed: [0] time: [22]
STATS - lpIterations[1] lagIterations[74] sspIterations[842] numSeparations[583] numCuts[0] compileTime[1] sspSolveTime[22] lpSolveTime[0] lb[11540.1] ub[13590] numArcs: [1014117] numFixed: [0] time: [25]
STATS - lpIterations[1] lagIterations[82] sspIterations[951] numSeparations[632] numCuts[0] compileTime[1] sspSolveTime[26] lpSolveTime[0] lb[11543.3] ub[13590] numArcs: [1035875] numFixed: [0] time: [29]
STATS - lpIterations[1] lagIterations[94] sspIterations[1085] numSeparations[731] numCuts[0] compileTime[1] sspSolveTime[30] lpSolveTime[0] lb[11572.6] ub[13590] numArcs: [1081455] numFixed: [0] time: [33]
STATS - lpIterations[1] lagIterations[102] sspIterations[1198] numSeparations[775] numCuts[0] compileTime[1] sspSolveTime[35] lpSolveTime[0] lb[11620.2] ub[13590] numArcs: [1100020] numFixed: [0] time: [38]
STATS - lpIterations[1] lagIterations[144] sspIterations[1723] numSeparations[1084] numCuts[0] compileTime[1] sspSolveTime[55] lpSolveTime[0] lb[11629.7] ub[13590] numArcs: [1228464] numFixed: [0] time: [59]
STATS - lpIterations[1] lagIterations[158] sspIterations[1894] numSeparations[1181] numCuts[0] compileTime[1] sspSolveTime[61] lpSolveTime[0] lb[11653.3] ub[13590] numArcs: [1264461] numFixed: [0] time: [66]
STATS - lpIterations[1] lagIterations[170] sspIterations[2035] numSeparations[1233] numCuts[0] compileTime[1] sspSolveTime[65] lpSolveTime[0] lb[11655.1] ub[13590] numArcs: [1283358] numFixed: [0] time: [70]
STATS - lpIterations[1] lagIterations[178] sspIterations[2140] numSeparations[1285] numCuts[0] compileTime[1] sspSolveTime[70] lpSolveTime[0] lb[11671.1] ub[13590] numArcs: [1303865] numFixed: [0] time: [75]
STATS - lpIterations[1] lagIterations[248] sspIterations[3006] numSeparations[1652] numCuts[0] compileTime[1] sspSolveTime[105] lpSolveTime[0] lb[11672] ub[13590] numArcs: [1440742] numFixed: [0] time: [112]
STATS - lpIterations[1] lagIterations[267] sspIterations[3215] numSeparations[1747] numCuts[0] compileTime[1] sspSolveTime[113] lpSolveTime[0] lb[11673.3] ub[13590] numArcs: [1472377] numFixed: [0] time: [121]
STATS - lpIterations[1] lagIterations[269] sspIterations[3235] numSeparations[1747] numCuts[0] compileTime[1] sspSolveTime[115] lpSolveTime[0] lb[11677.1] ub[13590] numArcs: [1472340] numFixed: [0] time: [122]
STATS - lpIterations[1] lagIterations[276] sspIterations[3320] numSeparations[1792] numCuts[0] compileTime[1] sspSolveTime[118] lpSolveTime[0] lb[11691.2] ub[13590] numArcs: [1486977] numFixed: [0] time: [126]
STATS - lpIterations[1] lagIterations[315] sspIterations[3786] numSeparations[1978] numCuts[0] compileTime[1] sspSolveTime[139] lpSolveTime[0] lb[11694] ub[13590] numArcs: [1564640] numFixed: [0] time: [148]
STATS - lpIterations[1] lagIterations[316] sspIterations[3790] numSeparations[1978] numCuts[0] compileTime[1] sspSolveTime[140] lpSolveTime[0] lb[11701.8] ub[13590] numArcs: [1564640] numFixed: [0] time: [148]
STATS - lpIterations[1] lagIterations[357] sspIterations[4279] numSeparations[2138] numCuts[0] compileTime[1] sspSolveTime[160] lpSolveTime[0] lb[11703.4] ub[13590] numArcs: [1623626] numFixed: [0] time: [170]
STATS - lpIterations[1] lagIterations[370] sspIterations[4423] numSeparations[2138] numCuts[0] compileTime[1] sspSolveTime[166] lpSolveTime[0] lb[11708.4] ub[13590] numArcs: [1623531] numFixed: [0] time: [176]
STATS - lpIterations[1] lagIterations[385] sspIterations[4596] numSeparations[2189] numCuts[0] compileTime[1] sspSolveTime[173] lpSolveTime[0] lb[11718.6] ub[13590] numArcs: [1640710] numFixed: [0] time: [184]
STATS - lpIterations[1] lagIterations[425] sspIterations[5052] numSeparations[2332] numCuts[0] compileTime[1] sspSolveTime[192] lpSolveTime[0] lb[11721.1] ub[13590] numArcs: [1687895] numFixed: [0] time: [204]
STATS - lpIterations[1] lagIterations[427] sspIterations[5079] numSeparations[2332] numCuts[0] compileTime[1] sspSolveTime[194] lpSolveTime[0] lb[11722.8] ub[13590] numArcs: [1687869] numFixed: [0] time: [205]
STATS - lpIterations[2] lagIterations[486] sspIterations[5744] numSeparations[2512] numCuts[0] compileTime[1] sspSolveTime[225] lpSolveTime[0] lb[11722.8] ub[13590] numArcs: [1749988] numFixed: [0] time: [239]
STATS - lpIterations[3] lagIterations[588] sspIterations[7552] numSeparations[3419] numCuts[0] compileTime[1] sspSolveTime[408] lpSolveTime[0] lb[11722.8] ub[13590] numArcs: [2057188] numFixed: [0] time: [426]
STATS - lpIterations[4] lagIterations[690] sspIterations[9450] numSeparations[4198] numCuts[0] compileTime[1] sspSolveTime[642] lpSolveTime[0] lb[11722.8] ub[13590] numArcs: [2312825] numFixed: [0] time: [664]
STATS - lpIterations[5] lagIterations[792] sspIterations[11446] numSeparations[5065] numCuts[0] compileTime[1] sspSolveTime[937] lpSolveTime[0] lb[11722.8] ub[13590] numArcs: [2572212] numFixed: [0] time: [963]
STATS - lpIterations[6] lagIterations[894] sspIterations[13301] numSeparations[5833] numCuts[0] compileTime[1] sspSolveTime[1238] lpSolveTime[0] lb[11722.8] ub[13590] numArcs: [2809646] numFixed: [0] time: [1269]
STATS - lpIterations[7] lagIterations[996] sspIterations[15253] numSeparations[6490] numCuts[0] compileTime[1] sspSolveTime[1597] lpSolveTime[0] lb[11722.8] ub[13590] numArcs: [2996128] numFixed: [0] time: [1632]
STATS - lpIterations[8] lagIterations[1098] sspIterations[17117] numSeparations[7237] numCuts[0] compileTime[1] sspSolveTime[1953] lpSolveTime[0] lb[11722.8] ub[13590] numArcs: [3213845] numFixed: [0] time: [1994]
STATS - lpIterations[9] lagIterations[1200] sspIterations[18913] numSeparations[7847] numCuts[0] compileTime[1] sspSolveTime[2313] lpSolveTime[0] lb[11722.8] ub[13590] numArcs: [3381187] numFixed: [0] time: [2360]
STATS - lpIterations[10] lagIterations[1302] sspIterations[20914] numSeparations[8448] numCuts[0] compileTime[1] sspSolveTime[2779] lpSolveTime[0] lb[11722.8] ub[13590] numArcs: [3561835] numFixed: [0] time: [2831]
STATS - lpIterations[10] lagIterations[1303] sspIterations[20916] numSeparations[8448] numCuts[0] compileTime[1] sspSolveTime[2779] lpSolveTime[0] lb[11724.5] ub[13590] numArcs: [3561835] numFixed: [0] time: [2831]
STATS - lpIterations[11] lagIterations[1404] sspIterations[22799] numSeparations[9087] numCuts[0] compileTime[1] sspSolveTime[3201] lpSolveTime[0] lb[11724.5] ub[13590] numArcs: [3755119] numFixed: [0] time: [3260]
