relax time window constraint
capacity: 134
instance upper bound: 37274
compiling DD
time step mult: 1
time step: 10
cap step: 1
done compiling DD
batch size for lag: 50
iteration delay to start separating: 0
optimality gap to start repairing: 5
percent fixed to change to CPLEX: 97.5
num arcs to change to CPLEX: 100000
num arcs to change to LAG: 999999999
STATS - lpIterations[0] lagIterations[0] sspIterations[0] numSeparations[0] numCuts[0] compileTime[30] sspSolveTime[0] lpSolveTime[0] lb[0] ub[37274] numArcs: [9294463] numFixed: [0] time: [30]
STATS - lpIterations[1] lagIterations[0] sspIterations[0] numSeparations[0] numCuts[0] compileTime[30] sspSolveTime[0] lpSolveTime[0] lb[0] ub[37274] numArcs: [9294463] numFixed: [0] time: [30]
STATS - lpIterations[1] lagIterations[1] sspIterations[1] numSeparations[0] numCuts[0] compileTime[30] sspSolveTime[0] lpSolveTime[0] lb[30364.7] ub[37274] numArcs: [9294458] numFixed: [0] time: [30]
STATS - lpIterations[1] lagIterations[2] sspIterations[59] numSeparations[0] numCuts[0] compileTime[30] sspSolveTime[13] lpSolveTime[0] lb[31251.5] ub[37274] numArcs: [9293723] numFixed: [0] time: [43]
STATS - lpIterations[1] lagIterations[3] sspIterations[68] numSeparations[0] numCuts[0] compileTime[30] sspSolveTime[14] lpSolveTime[0] lb[31748.2] ub[37274] numArcs: [9293683] numFixed: [0] time: [45]
STATS - lpIterations[1] lagIterations[6] sspIterations[269] numSeparations[142] numCuts[0] compileTime[30] sspSolveTime[66] lpSolveTime[0] lb[32259.3] ub[37274] numArcs: [9449088] numFixed: [0] time: [98]
STATS - lpIterations[1] lagIterations[8] sspIterations[381] numSeparations[261] numCuts[0] compileTime[30] sspSolveTime[82] lpSolveTime[0] lb[32325.2] ub[37274] numArcs: [9547917] numFixed: [0] time: [114]
STATS - lpIterations[1] lagIterations[9] sspIterations[393] numSeparations[261] numCuts[0] compileTime[30] sspSolveTime[83] lpSolveTime[0] lb[32418.4] ub[37274] numArcs: [9547879] numFixed: [0] time: [115]
STATS - lpIterations[1] lagIterations[10] sspIterations[418] numSeparations[261] numCuts[0] compileTime[30] sspSolveTime[87] lpSolveTime[0] lb[32517.2] ub[37274] numArcs: [9547740] numFixed: [0] time: [119]
STATS - lpIterations[1] lagIterations[11] sspIterations[445] numSeparations[261] numCuts[0] compileTime[30] sspSolveTime[89] lpSolveTime[0] lb[32628.1] ub[37274] numArcs: [9547649] numFixed: [0] time: [121]
STATS - lpIterations[1] lagIterations[13] sspIterations[523] numSeparations[319] numCuts[0] compileTime[30] sspSolveTime[102] lpSolveTime[0] lb[32815.8] ub[37274] numArcs: [9585695] numFixed: [0] time: [134]
STATS - lpIterations[1] lagIterations[15] sspIterations[607] numSeparations[360] numCuts[0] compileTime[30] sspSolveTime[113] lpSolveTime[0] lb[32923.3] ub[37274] numArcs: [9626109] numFixed: [0] time: [146]
STATS - lpIterations[1] lagIterations[16] sspIterations[614] numSeparations[360] numCuts[0] compileTime[30] sspSolveTime[114] lpSolveTime[0] lb[32976] ub[37274] numArcs: [9626097] numFixed: [0] time: [147]
STATS - lpIterations[1] lagIterations[19] sspIterations[924] numSeparations[590] numCuts[0] compileTime[30] sspSolveTime[187] lpSolveTime[0] lb[33337.6] ub[37274] numArcs: [9792085] numFixed: [0] time: [220]
STATS - lpIterations[1] lagIterations[20] sspIterations[945] numSeparations[590] numCuts[0] compileTime[30] sspSolveTime[189] lpSolveTime[0] lb[33442.4] ub[37274] numArcs: [9792021] numFixed: [0] time: [222]
STATS - lpIterations[1] lagIterations[22] sspIterations[1023] numSeparations[651] numCuts[0] compileTime[30] sspSolveTime[197] lpSolveTime[0] lb[33596.9] ub[37274] numArcs: [9834647] numFixed: [0] time: [231]
STATS - lpIterations[1] lagIterations[25] sspIterations[1267] numSeparations[734] numCuts[0] compileTime[30] sspSolveTime[236] lpSolveTime[0] lb[33780.1] ub[37274] numArcs: [9904793] numFixed: [0] time: [270]
STATS - lpIterations[1] lagIterations[28] sspIterations[1584] numSeparations[913] numCuts[0] compileTime[30] sspSolveTime[286] lpSolveTime[0] lb[33798.9] ub[37274] numArcs: [10016120] numFixed: [0] time: [322]
STATS - lpIterations[1] lagIterations[29] sspIterations[1589] numSeparations[913] numCuts[0] compileTime[30] sspSolveTime[287] lpSolveTime[0] lb[33970.9] ub[37274] numArcs: [10016117] numFixed: [0] time: [322]
STATS - lpIterations[1] lagIterations[33] sspIterations[2187] numSeparations[1179] numCuts[0] compileTime[30] sspSolveTime[524] lpSolveTime[0] lb[34204.4] ub[37274] numArcs: [10203688] numFixed: [0] time: [560]
STATS - lpIterations[1] lagIterations[34] sspIterations[2225] numSeparations[1243] numCuts[0] compileTime[30] sspSolveTime[527] lpSolveTime[0] lb[34262.2] ub[37274] numArcs: [10230511] numFixed: [0] time: [563]
STATS - lpIterations[1] lagIterations[35] sspIterations[2242] numSeparations[1243] numCuts[0] compileTime[30] sspSolveTime[528] lpSolveTime[0] lb[34265.8] ub[37274] numArcs: [10230483] numFixed: [0] time: [565]
STATS - lpIterations[1] lagIterations[38] sspIterations[2436] numSeparations[1323] numCuts[0] compileTime[30] sspSolveTime[562] lpSolveTime[0] lb[34336.6] ub[37274] numArcs: [10271936] numFixed: [0] time: [599]
STATS - lpIterations[1] lagIterations[40] sspIterations[2519] numSeparations[1398] numCuts[0] compileTime[30] sspSolveTime[568] lpSolveTime[0] lb[34405.5] ub[37274] numArcs: [10318148] numFixed: [0] time: [606]
STATS - lpIterations[1] lagIterations[43] sspIterations[2890] numSeparations[1551] numCuts[0] compileTime[30] sspSolveTime[660] lpSolveTime[0] lb[34483.3] ub[37274] numArcs: [10418435] numFixed: [0] time: [698]
STATS - lpIterations[1] lagIterations[44] sspIterations[2906] numSeparations[1551] numCuts[0] compileTime[30] sspSolveTime[662] lpSolveTime[0] lb[34570.1] ub[37274] numArcs: [10418420] numFixed: [0] time: [700]
STATS - lpIterations[1] lagIterations[46] sspIterations[3019] numSeparations[1601] numCuts[0] compileTime[30] sspSolveTime[670] lpSolveTime[0] lb[34672.5] ub[37274] numArcs: [10446906] numFixed: [0] time: [709]
STATS - lpIterations[1] lagIterations[50] sspIterations[3427] numSeparations[1758] numCuts[0] compileTime[30] sspSolveTime[787] lpSolveTime[0] lb[34729.1] ub[37274] numArcs: [10537678] numFixed: [0] time: [826]
STATS - lpIterations[1] lagIterations[53] sspIterations[3635] numSeparations[1847] numCuts[0] compileTime[30] sspSolveTime[810] lpSolveTime[0] lb[34818.9] ub[37274] numArcs: [10587773] numFixed: [0] time: [850]
STATS - lpIterations[1] lagIterations[56] sspIterations[3978] numSeparations[1977] numCuts[0] compileTime[30] sspSolveTime[889] lpSolveTime[0] lb[34821.3] ub[37274] numArcs: [10667290] numFixed: [0] time: [929]
STATS - lpIterations[1] lagIterations[57] sspIterations[4015] numSeparations[1977] numCuts[0] compileTime[30] sspSolveTime[892] lpSolveTime[0] lb[34860] ub[37274] numArcs: [10667234] numFixed: [0] time: [932]
STATS - lpIterations[1] lagIterations[58] sspIterations[4020] numSeparations[2038] numCuts[0] compileTime[30] sspSolveTime[892] lpSolveTime[0] lb[34913] ub[37274] numArcs: [10695576] numFixed: [0] time: [933]
STATS - lpIterations[1] lagIterations[62] sspIterations[4590] numSeparations[2260] numCuts[0] compileTime[30] sspSolveTime[1056] lpSolveTime[0] lb[35012.5] ub[37274] numArcs: [10834525] numFixed: [0] time: [1098]
STATS - lpIterations[1] lagIterations[64] sspIterations[4657] numSeparations[2330] numCuts[0] compileTime[30] sspSolveTime[1061] lpSolveTime[0] lb[35155.8] ub[37274] numArcs: [10868553] numFixed: [0] time: [1103]
STATS - lpIterations[1] lagIterations[68] sspIterations[5090] numSeparations[2499] numCuts[0] compileTime[30] sspSolveTime[1143] lpSolveTime[0] lb[35161.4] ub[37274] numArcs: [10980709] numFixed: [0] time: [1185]
STATS - lpIterations[1] lagIterations[70] sspIterations[5198] numSeparations[2557] numCuts[0] compileTime[30] sspSolveTime[1155] lpSolveTime[0] lb[35175.1] ub[37274] numArcs: [11010580] numFixed: [0] time: [1198]
STATS - lpIterations[1] lagIterations[73] sspIterations[5538] numSeparations[2648] numCuts[0] compileTime[30] sspSolveTime[1223] lpSolveTime[0] lb[35206.5] ub[37274] numArcs: [11072032] numFixed: [0] time: [1266]
STATS - lpIterations[1] lagIterations[75] sspIterations[5624] numSeparations[2706] numCuts[0] compileTime[30] sspSolveTime[1230] lpSolveTime[0] lb[35276.9] ub[37274] numArcs: [11101895] numFixed: [0] time: [1274]
STATS - lpIterations[1] lagIterations[79] sspIterations[6078] numSeparations[2865] numCuts[0] compileTime[30] sspSolveTime[1349] lpSolveTime[0] lb[35413] ub[37274] numArcs: [11186019] numFixed: [0] time: [1393]
STATS - lpIterations[1] lagIterations[79] sspIterations[6078] numSeparations[2865] numCuts[0] compileTime[30] sspSolveTime[1349] lpSolveTime[0] lb[35417.2] ub[37274] numArcs: [11186019] numFixed: [0] time: [1395]
STATS - lpIterations[1] lagIterations[83] sspIterations[6639] numSeparations[3027] numCuts[0] compileTime[30] sspSolveTime[1513] lpSolveTime[0] lb[35465] ub[37274] numArcs: [11275795] numFixed: [0] time: [1561]
STATS - lpIterations[1] lagIterations[83] sspIterations[6639] numSeparations[3027] numCuts[0] compileTime[30] sspSolveTime[1513] lpSolveTime[0] lb[35558.1] ub[37274] numArcs: [11275795] numFixed: [0] time: [1564]
STATS - lpIterations[1] lagIterations[91] sspIterations[7325] numSeparations[3353] numCuts[0] compileTime[30] sspSolveTime[1633] lpSolveTime[0] lb[35572.7] ub[37274] numArcs: [11458477] numFixed: [0] time: [1694]
STATS - lpIterations[1] lagIterations[94] sspIterations[7600] numSeparations[3464] numCuts[0] compileTime[30] sspSolveTime[1692] lpSolveTime[0] lb[35598.7] ub[37274] numArcs: [11511991] numFixed: [0] time: [1753]
STATS - lpIterations[1] lagIterations[101] sspIterations[8267] numSeparations[3657] numCuts[0] compileTime[30] sspSolveTime[1838] lpSolveTime[0] lb[35651.9] ub[37274] numArcs: [11614250] numFixed: [0] time: [1913]
STATS - lpIterations[1] lagIterations[103] sspIterations[8346] numSeparations[3724] numCuts[0] compileTime[30] sspSolveTime[1844] lpSolveTime[0] lb[35685.6] ub[37274] numArcs: [11651208] numFixed: [0] time: [1926]
STATS - lpIterations[1] lagIterations[106] sspIterations[8672] numSeparations[3791] numCuts[0] compileTime[30] sspSolveTime[1907] lpSolveTime[0] lb[35716.9] ub[37274] numArcs: [11693263] numFixed: [0] time: [1993]
STATS - lpIterations[1] lagIterations[115] sspIterations[9409] numSeparations[4009] numCuts[0] compileTime[30] sspSolveTime[2007] lpSolveTime[0] lb[35769.7] ub[37274] numArcs: [11811659] numFixed: [0] time: [2115]
STATS - lpIterations[1] lagIterations[118] sspIterations[9741] numSeparations[4099] numCuts[0] compileTime[30] sspSolveTime[2073] lpSolveTime[0] lb[35836.2] ub[37274] numArcs: [11861583] numFixed: [0] time: [2185]
STATS - lpIterations[1] lagIterations[123] sspIterations[10155] numSeparations[4206] numCuts[0] compileTime[30] sspSolveTime[2153] lpSolveTime[0] lb[35881.7] ub[37274] numArcs: [11916616] numFixed: [0] time: [2278]
STATS - lpIterations[1] lagIterations[131] sspIterations[10704] numSeparations[4324] numCuts[0] compileTime[30] sspSolveTime[2208] lpSolveTime[0] lb[35884.1] ub[37274] numArcs: [11975982] numFixed: [0] time: [2368]
STATS - lpIterations[1] lagIterations[133] sspIterations[10795] numSeparations[4324] numCuts[0] compileTime[30] sspSolveTime[2217] lpSolveTime[0] lb[35904.4] ub[37274] numArcs: [11975937] numFixed: [0] time: [2385]
STATS - lpIterations[1] lagIterations[136] sspIterations[11063] numSeparations[4394] numCuts[0] compileTime[30] sspSolveTime[2257] lpSolveTime[0] lb[35966.3] ub[37274] numArcs: [12008868] numFixed: [0] time: [2437]
STATS - lpIterations[1] lagIterations[140] sspIterations[11517] numSeparations[4490] numCuts[0] compileTime[30] sspSolveTime[2352] lpSolveTime[0] lb[36012.1] ub[37274] numArcs: [12059349] numFixed: [0] time: [2543]
STATS - lpIterations[1] lagIterations[143] sspIterations[11777] numSeparations[4559] numCuts[0] compileTime[30] sspSolveTime[2384] lpSolveTime[0] lb[36029.2] ub[37274] numArcs: [12092351] numFixed: [0] time: [2586]
STATS - lpIterations[1] lagIterations[149] sspIterations[12353] numSeparations[4693] numCuts[0] compileTime[30] sspSolveTime[2481] lpSolveTime[0] lb[36056] ub[37274] numArcs: [12165423] numFixed: [0] time: [2707]
STATS - lpIterations[1] lagIterations[152] sspIterations[12629] numSeparations[4756] numCuts[0] compileTime[30] sspSolveTime[2523] lpSolveTime[0] lb[36087.5] ub[37274] numArcs: [12194175] numFixed: [0] time: [2760]
STATS - lpIterations[1] lagIterations[164] sspIterations[13650] numSeparations[4991] numCuts[0] compileTime[30] sspSolveTime[2673] lpSolveTime[0] lb[36117.7] ub[37274] numArcs: [12292985] numFixed: [0] time: [2959]
STATS - lpIterations[1] lagIterations[167] sspIterations[13902] numSeparations[5044] numCuts[0] compileTime[30] sspSolveTime[2704] lpSolveTime[0] lb[36134.8] ub[37274] numArcs: [12316458] numFixed: [0] time: [3011]
STATS - lpIterations[1] lagIterations[169] sspIterations[14039] numSeparations[5044] numCuts[0] compileTime[30] sspSolveTime[2720] lpSolveTime[0] lb[36146.4] ub[37274] numArcs: [12316397] numFixed: [0] time: [3038]
STATS - lpIterations[1] lagIterations[173] sspIterations[14309] numSeparations[5114] numCuts[0] compileTime[30] sspSolveTime[2754] lpSolveTime[0] lb[36148] ub[37274] numArcs: [12346172] numFixed: [0] time: [3097]
STATS - lpIterations[1] lagIterations[174] sspIterations[14331] numSeparations[5114] numCuts[0] compileTime[30] sspSolveTime[2756] lpSolveTime[0] lb[36163.8] ub[37274] numArcs: [12346160] numFixed: [0] time: [3104]
STATS - lpIterations[1] lagIterations[177] sspIterations[14582] numSeparations[5114] numCuts[0] compileTime[30] sspSolveTime[2787] lpSolveTime[0] lb[36172.2] ub[37274] numArcs: [12346069] numFixed: [0] time: [3155]
STATS - lpIterations[1] lagIterations[180] sspIterations[14902] numSeparations[5203] numCuts[0] compileTime[30] sspSolveTime[2847] lpSolveTime[0] lb[36221.8] ub[37274] numArcs: [12384734] numFixed: [0] time: [3228]
STATS - lpIterations[1] lagIterations[182] sspIterations[15046] numSeparations[5203] numCuts[0] compileTime[30] sspSolveTime[2860] lpSolveTime[0] lb[36226.1] ub[37274] numArcs: [12384667] numFixed: [0] time: [3253]
STATS - lpIterations[1] lagIterations[188] sspIterations[15616] numSeparations[5362] numCuts[0] compileTime[30] sspSolveTime[2965] lpSolveTime[0] lb[36232.1] ub[37274] numArcs: [12455840] numFixed: [0] time: [3383]
STATS - lpIterations[1] lagIterations[193] sspIterations[15977] numSeparations[5416] numCuts[0] compileTime[30] sspSolveTime[3010] lpSolveTime[0] lb[36283.7] ub[37274] numArcs: [12472722] numFixed: [0] time: [3449]
STATS - lpIterations[1] lagIterations[199] sspIterations[16644] numSeparations[5584] numCuts[0] compileTime[30] sspSolveTime[3128] lpSolveTime[0] lb[36303.6] ub[37274] numArcs: [12543277] numFixed: [0] time: [3593]
