relax time window constraint
capacity: 643
instance upper bound: 10916
compiling DD
time step mult: 1
time step: 10
cap step: 1
done compiling DD
batch size for lag: 100
iteration delay to start separating: 100
optimality gap to start repairing: 10
percent fixed to change to CPLEX: 97.5
num arcs to change to CPLEX: 100000
num arcs to change to LAG: 999999999
STATS - lpIterations[0] lagIterations[0] sspIterations[0] numSeparations[0] numCuts[0] compileTime[90] sspSolveTime[0] lpSolveTime[0] lb[0] ub[10916] numArcs: [17011829] numFixed: [0] time: [90]
STATS - lpIterations[1] lagIterations[0] sspIterations[0] numSeparations[0] numCuts[0] compileTime[90] sspSolveTime[0] lpSolveTime[0] lb[0] ub[10916] numArcs: [17011829] numFixed: [0] time: [90]
STATS - lpIterations[1] lagIterations[1] sspIterations[1] numSeparations[0] numCuts[0] compileTime[90] sspSolveTime[0] lpSolveTime[0] lb[7585.81] ub[10916] numArcs: [17011829] numFixed: [0] time: [91]
STATS - lpIterations[1] lagIterations[2] sspIterations[2] numSeparations[0] numCuts[0] compileTime[90] sspSolveTime[1] lpSolveTime[0] lb[7925.31] ub[10916] numArcs: [17011829] numFixed: [0] time: [93]
STATS - lpIterations[1] lagIterations[3] sspIterations[3] numSeparations[0] numCuts[0] compileTime[90] sspSolveTime[1] lpSolveTime[0] lb[8284.09] ub[10916] numArcs: [17011829] numFixed: [0] time: [94]
STATS - lpIterations[1] lagIterations[4] sspIterations[4] numSeparations[0] numCuts[0] compileTime[90] sspSolveTime[2] lpSolveTime[0] lb[8643.25] ub[10916] numArcs: [17011829] numFixed: [0] time: [96]
STATS - lpIterations[1] lagIterations[7] sspIterations[129] numSeparations[0] numCuts[0] compileTime[90] sspSolveTime[67] lpSolveTime[0] lb[8878.24] ub[10916] numArcs: [17010241] numFixed: [0] time: [163]
STATS - lpIterations[1] lagIterations[8] sspIterations[130] numSeparations[0] numCuts[0] compileTime[90] sspSolveTime[68] lpSolveTime[0] lb[8960.69] ub[10916] numArcs: [17010241] numFixed: [0] time: [164]
STATS - lpIterations[1] lagIterations[11] sspIterations[282] numSeparations[0] numCuts[0] compileTime[90] sspSolveTime[139] lpSolveTime[0] lb[9166.63] ub[10916] numArcs: [17009229] numFixed: [0] time: [235]
STATS - lpIterations[1] lagIterations[12] sspIterations[286] numSeparations[0] numCuts[0] compileTime[90] sspSolveTime[140] lpSolveTime[0] lb[9220.8] ub[10916] numArcs: [17009228] numFixed: [0] time: [237]
STATS - lpIterations[1] lagIterations[14] sspIterations[335] numSeparations[0] numCuts[0] compileTime[90] sspSolveTime[154] lpSolveTime[0] lb[9294.67] ub[10916] numArcs: [17008970] numFixed: [0] time: [251]
STATS - lpIterations[1] lagIterations[16] sspIterations[381] numSeparations[0] numCuts[0] compileTime[90] sspSolveTime[162] lpSolveTime[0] lb[9376.99] ub[10916] numArcs: [17008810] numFixed: [0] time: [259]
STATS - lpIterations[1] lagIterations[18] sspIterations[426] numSeparations[0] numCuts[0] compileTime[90] sspSolveTime[177] lpSolveTime[0] lb[9434.16] ub[10916] numArcs: [17008449] numFixed: [0] time: [276]
STATS - lpIterations[1] lagIterations[20] sspIterations[458] numSeparations[0] numCuts[0] compileTime[90] sspSolveTime[192] lpSolveTime[0] lb[9497.46] ub[10916] numArcs: [17008229] numFixed: [0] time: [291]
STATS - lpIterations[1] lagIterations[23] sspIterations[642] numSeparations[0] numCuts[0] compileTime[90] sspSolveTime[276] lpSolveTime[0] lb[9637.28] ub[10916] numArcs: [17007080] numFixed: [5007] time: [376]
STATS - lpIterations[1] lagIterations[24] sspIterations[650] numSeparations[0] numCuts[0] compileTime[90] sspSolveTime[278] lpSolveTime[0] lb[9651.14] ub[10916] numArcs: [17007072] numFixed: [5007] time: [379]
STATS - lpIterations[1] lagIterations[26] sspIterations[680] numSeparations[0] numCuts[0] compileTime[90] sspSolveTime[286] lpSolveTime[0] lb[9659.2] ub[10916] numArcs: [17006990] numFixed: [5007] time: [387]
STATS - lpIterations[1] lagIterations[29] sspIterations[815] numSeparations[0] numCuts[0] compileTime[90] sspSolveTime[330] lpSolveTime[0] lb[9764.73] ub[10916] numArcs: [17006628] numFixed: [5007] time: [432]
STATS - lpIterations[1] lagIterations[31] sspIterations[871] numSeparations[0] numCuts[0] compileTime[90] sspSolveTime[346] lpSolveTime[0] lb[9767.8] ub[10916] numArcs: [17006376] numFixed: [5007] time: [448]
STATS - lpIterations[1] lagIterations[34] sspIterations[1006] numSeparations[0] numCuts[0] compileTime[90] sspSolveTime[402] lpSolveTime[0] lb[9818.86] ub[10916] numArcs: [17005785] numFixed: [5007] time: [505]
STATS - lpIterations[1] lagIterations[36] sspIterations[1057] numSeparations[0] numCuts[0] compileTime[90] sspSolveTime[417] lpSolveTime[0] lb[9847.81] ub[10916] numArcs: [17005617] numFixed: [5007] time: [521]
STATS - lpIterations[1] lagIterations[36] sspIterations[1057] numSeparations[0] numCuts[0] compileTime[90] sspSolveTime[417] lpSolveTime[0] lb[9853.44] ub[10916] numArcs: [17005617] numFixed: [5007] time: [522]
STATS - lpIterations[1] lagIterations[39] sspIterations[1192] numSeparations[0] numCuts[0] compileTime[90] sspSolveTime[468] lpSolveTime[0] lb[9903.86] ub[10916] numArcs: [17005234] numFixed: [142967] time: [576]
STATS - lpIterations[1] lagIterations[39] sspIterations[1192] numSeparations[0] numCuts[0] compileTime[90] sspSolveTime[468] lpSolveTime[0] lb[9905.82] ub[10916] numArcs: [17005234] numFixed: [142967] time: [576]
STATS - lpIterations[1] lagIterations[42] sspIterations[1372] numSeparations[0] numCuts[0] compileTime[90] sspSolveTime[544] lpSolveTime[0] lb[9947.39] ub[10916] numArcs: [17004762] numFixed: [211618] time: [653]
STATS - lpIterations[1] lagIterations[42] sspIterations[1372] numSeparations[0] numCuts[0] compileTime[90] sspSolveTime[544] lpSolveTime[0] lb[9982.55] ub[10916] numArcs: [17004762] numFixed: [211618] time: [656]
STATS - lpIterations[1] lagIterations[47] sspIterations[1605] numSeparations[0] numCuts[0] compileTime[90] sspSolveTime[635] lpSolveTime[0] lb[10022] ub[10916] numArcs: [17004215] numFixed: [377309] time: [751]
STATS - lpIterations[1] lagIterations[47] sspIterations[1605] numSeparations[0] numCuts[0] compileTime[90] sspSolveTime[635] lpSolveTime[0] lb[10065.6] ub[10916] numArcs: [17004215] numFixed: [377309] time: [755]
STATS - lpIterations[1] lagIterations[54] sspIterations[1831] numSeparations[0] numCuts[0] compileTime[90] sspSolveTime[705] lpSolveTime[0] lb[10080.6] ub[10916] numArcs: [17003862] numFixed: [672866] time: [839]
STATS - lpIterations[1] lagIterations[54] sspIterations[1831] numSeparations[0] numCuts[0] compileTime[90] sspSolveTime[705] lpSolveTime[0] lb[10123.7] ub[10916] numArcs: [17003862] numFixed: [672866] time: [842]
STATS - lpIterations[1] lagIterations[58] sspIterations[2019] numSeparations[0] numCuts[0] compileTime[90] sspSolveTime[772] lpSolveTime[0] lb[10198] ub[10916] numArcs: [17003418] numFixed: [979638] time: [923]
STATS - lpIterations[1] lagIterations[64] sspIterations[2295] numSeparations[0] numCuts[0] compileTime[90] sspSolveTime[861] lpSolveTime[0] lb[10232.7] ub[10916] numArcs: [17003071] numFixed: [1486766] time: [1031]
STATS - lpIterations[1] lagIterations[69] sspIterations[2481] numSeparations[0] numCuts[0] compileTime[90] sspSolveTime[931] lpSolveTime[0] lb[10262.5] ub[10916] numArcs: [17002696] numFixed: [1787443] time: [1120]
STATS - lpIterations[1] lagIterations[74] sspIterations[2686] numSeparations[0] numCuts[0] compileTime[90] sspSolveTime[998] lpSolveTime[0] lb[10341.9] ub[10916] numArcs: [17002376] numFixed: [2063923] time: [1207]
STATS - lpIterations[1] lagIterations[75] sspIterations[2711] numSeparations[0] numCuts[0] compileTime[90] sspSolveTime[1005] lpSolveTime[0] lb[10344.5] ub[10916] numArcs: [17002356] numFixed: [2923900] time: [1219]
STATS - lpIterations[1] lagIterations[82] sspIterations[3027] numSeparations[0] numCuts[0] compileTime[90] sspSolveTime[1104] lpSolveTime[0] lb[10378.6] ub[10916] numArcs: [17001921] numFixed: [2968383] time: [1344]
STATS - lpIterations[1] lagIterations[90] sspIterations[3274] numSeparations[0] numCuts[0] compileTime[90] sspSolveTime[1163] lpSolveTime[0] lb[10401.9] ub[10916] numArcs: [17001550] numFixed: [3424467] time: [1437]
STATS - lpIterations[1] lagIterations[98] sspIterations[3551] numSeparations[0] numCuts[0] compileTime[90] sspSolveTime[1235] lpSolveTime[0] lb[10415.9] ub[10916] numArcs: [17001147] numFixed: [3746235] time: [1546]
STATS - lpIterations[1] lagIterations[103] sspIterations[3736] numSeparations[82] numCuts[0] compileTime[90] sspSolveTime[1287] lpSolveTime[0] lb[10444] ub[10916] numArcs: [17055989] numFixed: [3702864] time: [1625]
STATS - lpIterations[1] lagIterations[104] sspIterations[3784] numSeparations[82] numCuts[0] compileTime[90] sspSolveTime[1297] lpSolveTime[0] lb[10447.8] ub[10916] numArcs: [17055950] numFixed: [4419524] time: [1643]
STATS - lpIterations[1] lagIterations[107] sspIterations[3912] numSeparations[174] numCuts[0] compileTime[90] sspSolveTime[1342] lpSolveTime[0] lb[10458.5] ub[10916] numArcs: [17106703] numFixed: [0] time: [1700]
STATS - lpIterations[1] lagIterations[114] sspIterations[4170] numSeparations[274] numCuts[0] compileTime[90] sspSolveTime[1422] lpSolveTime[0] lb[10491.6] ub[10916] numArcs: [17153492] numFixed: [0] time: [1813]
STATS - lpIterations[1] lagIterations[119] sspIterations[4374] numSeparations[366] numCuts[0] compileTime[90] sspSolveTime[1491] lpSolveTime[0] lb[10498.8] ub[10916] numArcs: [17195879] numFixed: [0] time: [1907]
STATS - lpIterations[1] lagIterations[127] sspIterations[4752] numSeparations[435] numCuts[0] compileTime[90] sspSolveTime[1603] lpSolveTime[0] lb[10524.2] ub[10916] numArcs: [17219437] numFixed: [4791696] time: [2065]
STATS - lpIterations[1] lagIterations[135] sspIterations[5005] numSeparations[520] numCuts[0] compileTime[90] sspSolveTime[1688] lpSolveTime[0] lb[10543.1] ub[10916] numArcs: [17261041] numFixed: [4848184] time: [2185]
STATS - lpIterations[1] lagIterations[140] sspIterations[5253] numSeparations[651] numCuts[0] compileTime[90] sspSolveTime[1783] lpSolveTime[0] lb[10555.2] ub[10916] numArcs: [17312585] numFixed: [0] time: [2307]
STATS - lpIterations[1] lagIterations[155] sspIterations[5888] numSeparations[859] numCuts[0] compileTime[90] sspSolveTime[1962] lpSolveTime[0] lb[10556.9] ub[10916] numArcs: [17379675] numFixed: [0] time: [2567]
STATS - lpIterations[1] lagIterations[163] sspIterations[6217] numSeparations[953] numCuts[0] compileTime[90] sspSolveTime[2056] lpSolveTime[0] lb[10570.1] ub[10916] numArcs: [17414014] numFixed: [0] time: [2704]
STATS - lpIterations[1] lagIterations[187] sspIterations[7049] numSeparations[1138] numCuts[0] compileTime[90] sspSolveTime[2284] lpSolveTime[0] lb[10580.2] ub[10916] numArcs: [17480142] numFixed: [5975387] time: [3057]
STATS - lpIterations[1] lagIterations[199] sspIterations[7543] numSeparations[1308] numCuts[0] compileTime[90] sspSolveTime[2431] lpSolveTime[0] lb[10585] ub[10916] numArcs: [17537973] numFixed: [5871979] time: [3273]
