relax time window constraint
capacity: 585
instance upper bound: 35291
compiling DD
time step mult: 1
time step: 10
cap step: 1
done compiling DD
batch size for lag: 100
iteration delay to start separating: 100
optimality gap to start repairing: 10
percent fixed to change to CPLEX: 97.5
num arcs to change to CPLEX: 100000
num arcs to change to LAG: 999999999
STATS - lpIterations[0] lagIterations[0] sspIterations[0] numSeparations[0] numCuts[0] compileTime[579] sspSolveTime[0] lpSolveTime[0] lb[0] ub[35291] numArcs: [50034098] numFixed: [0] time: [579]
STATS - lpIterations[1] lagIterations[0] sspIterations[0] numSeparations[0] numCuts[0] compileTime[579] sspSolveTime[0] lpSolveTime[0] lb[0] ub[35291] numArcs: [50034098] numFixed: [0] time: [579]
STATS - lpIterations[1] lagIterations[1] sspIterations[1] numSeparations[0] numCuts[0] compileTime[579] sspSolveTime[1] lpSolveTime[0] lb[27685] ub[35291] numArcs: [50034098] numFixed: [0] time: [581]
STATS - lpIterations[1] lagIterations[2] sspIterations[2] numSeparations[0] numCuts[0] compileTime[579] sspSolveTime[3] lpSolveTime[0] lb[29010.1] ub[35291] numArcs: [50034098] numFixed: [0] time: [586]
STATS - lpIterations[1] lagIterations[3] sspIterations[7] numSeparations[0] numCuts[0] compileTime[579] sspSolveTime[8] lpSolveTime[0] lb[30361.8] ub[35291] numArcs: [50034056] numFixed: [0] time: [593]
STATS - lpIterations[1] lagIterations[4] sspIterations[70] numSeparations[0] numCuts[0] compileTime[579] sspSolveTime[29] lpSolveTime[0] lb[30702.1] ub[35291] numArcs: [50033541] numFixed: [0] time: [615]
STATS - lpIterations[1] lagIterations[5] sspIterations[82] numSeparations[0] numCuts[0] compileTime[579] sspSolveTime[33] lpSolveTime[0] lb[31275.8] ub[35291] numArcs: [50033529] numFixed: [0] time: [621]
STATS - lpIterations[1] lagIterations[7] sspIterations[187] numSeparations[0] numCuts[0] compileTime[579] sspSolveTime[76] lpSolveTime[0] lb[31707.3] ub[35291] numArcs: [50032823] numFixed: [0] time: [665]
STATS - lpIterations[1] lagIterations[9] sspIterations[238] numSeparations[0] numCuts[0] compileTime[579] sspSolveTime[94] lpSolveTime[0] lb[32123.6] ub[35291] numArcs: [50032621] numFixed: [0] time: [685]
STATS - lpIterations[1] lagIterations[11] sspIterations[499] numSeparations[0] numCuts[0] compileTime[579] sspSolveTime[192] lpSolveTime[0] lb[32565.3] ub[35291] numArcs: [50031467] numFixed: [0] time: [786]
STATS - lpIterations[1] lagIterations[11] sspIterations[499] numSeparations[0] numCuts[0] compileTime[579] sspSolveTime[192] lpSolveTime[0] lb[33095.4] ub[35291] numArcs: [50031467] numFixed: [0] time: [813]
STATS - lpIterations[1] lagIterations[14] sspIterations[719] numSeparations[0] numCuts[0] compileTime[579] sspSolveTime[268] lpSolveTime[0] lb[33250.8] ub[35291] numArcs: [50030925] numFixed: [487] time: [928]
STATS - lpIterations[1] lagIterations[16] sspIterations[872] numSeparations[0] numCuts[0] compileTime[579] sspSolveTime[319] lpSolveTime[0] lb[33313.8] ub[35291] numArcs: [50030345] numFixed: [2841] time: [1018]
STATS - lpIterations[1] lagIterations[17] sspIterations[901] numSeparations[0] numCuts[0] compileTime[579] sspSolveTime[328] lpSolveTime[0] lb[33318.1] ub[35291] numArcs: [50030320] numFixed: [4963] time: [1044]
STATS - lpIterations[1] lagIterations[21] sspIterations[1246] numSeparations[0] numCuts[0] compileTime[579] sspSolveTime[439] lpSolveTime[0] lb[33588] ub[35291] numArcs: [50029315] numFixed: [5134] time: [1219]
STATS - lpIterations[1] lagIterations[24] sspIterations[1609] numSeparations[0] numCuts[0] compileTime[579] sspSolveTime[573] lpSolveTime[0] lb[33815] ub[35291] numArcs: [50028381] numFixed: [42448] time: [1401]
STATS - lpIterations[1] lagIterations[32] sspIterations[2226] numSeparations[0] numCuts[0] compileTime[579] sspSolveTime[788] lpSolveTime[0] lb[33854.3] ub[35291] numArcs: [50027502] numFixed: [157263] time: [1805]
STATS - lpIterations[1] lagIterations[33] sspIterations[2288] numSeparations[0] numCuts[0] compileTime[579] sspSolveTime[805] lpSolveTime[0] lb[33859.6] ub[35291] numArcs: [50027459] numFixed: [189250] time: [1846]
STATS - lpIterations[1] lagIterations[37] sspIterations[2544] numSeparations[0] numCuts[0] compileTime[579] sspSolveTime[878] lpSolveTime[0] lb[33874.2] ub[35291] numArcs: [50027108] numFixed: [194697] time: [2003]
STATS - lpIterations[1] lagIterations[41] sspIterations[2867] numSeparations[0] numCuts[0] compileTime[579] sspSolveTime[967] lpSolveTime[0] lb[33895.6] ub[35291] numArcs: [50026750] numFixed: [209303] time: [2185]
STATS - lpIterations[1] lagIterations[42] sspIterations[2931] numSeparations[0] numCuts[0] compileTime[579] sspSolveTime[986] lpSolveTime[0] lb[33919.1] ub[35291] numArcs: [50026742] numFixed: [231179] time: [2231]
STATS - lpIterations[1] lagIterations[46] sspIterations[3225] numSeparations[0] numCuts[0] compileTime[579] sspSolveTime[1070] lpSolveTime[0] lb[33976] ub[35291] numArcs: [50026397] numFixed: [259654] time: [2403]
STATS - lpIterations[1] lagIterations[49] sspIterations[3491] numSeparations[0] numCuts[0] compileTime[579] sspSolveTime[1147] lpSolveTime[0] lb[34001.3] ub[35291] numArcs: [50026142] numFixed: [358234] time: [2559]
STATS - lpIterations[1] lagIterations[50] sspIterations[3555] numSeparations[0] numCuts[0] compileTime[579] sspSolveTime[1163] lpSolveTime[0] lb[34013.4] ub[35291] numArcs: [50026131] numFixed: [415512] time: [2600]
STATS - lpIterations[1] lagIterations[55] sspIterations[3975] numSeparations[0] numCuts[0] compileTime[579] sspSolveTime[1306] lpSolveTime[0] lb[34069] ub[35291] numArcs: [50025811] numFixed: [453397] time: [2824]
STATS - lpIterations[1] lagIterations[64] sspIterations[4827] numSeparations[0] numCuts[0] compileTime[579] sspSolveTime[1600] lpSolveTime[0] lb[34169] ub[35291] numArcs: [50025268] numFixed: [700559] time: [3310]
