relax time window constraint
capacity: 1190
instance upper bound: 15700
compiling DD
time step mult: 1
time step: 10
cap step: 1
done compiling DD
batch size for lag: 100
iteration delay to start separating: 100
optimality gap to start repairing: 5
percent fixed to change to CPLEX: 97.5
num arcs to change to CPLEX: 100000
num arcs to change to LAG: 999999999
STATS - lpIterations[0] lagIterations[0] sspIterations[0] numSeparations[0] numCuts[0] compileTime[286] sspSolveTime[0] lpSolveTime[0] lb[0] ub[15700] numArcs: [42590107] numFixed: [0] time: [286]
STATS - lpIterations[1] lagIterations[0] sspIterations[0] numSeparations[0] numCuts[0] compileTime[286] sspSolveTime[0] lpSolveTime[0] lb[0] ub[15700] numArcs: [42590107] numFixed: [0] time: [286]
STATS - lpIterations[1] lagIterations[1] sspIterations[1] numSeparations[0] numCuts[0] compileTime[286] sspSolveTime[1] lpSolveTime[0] lb[9990.09] ub[15700] numArcs: [42590107] numFixed: [0] time: [288]
STATS - lpIterations[1] lagIterations[2] sspIterations[2] numSeparations[0] numCuts[0] compileTime[286] sspSolveTime[3] lpSolveTime[0] lb[10484.6] ub[15700] numArcs: [42590107] numFixed: [0] time: [292]
STATS - lpIterations[1] lagIterations[3] sspIterations[3] numSeparations[0] numCuts[0] compileTime[286] sspSolveTime[5] lpSolveTime[0] lb[10998.6] ub[15700] numArcs: [42590107] numFixed: [0] time: [297]
STATS - lpIterations[1] lagIterations[4] sspIterations[4] numSeparations[0] numCuts[0] compileTime[286] sspSolveTime[6] lpSolveTime[0] lb[11532.2] ub[15700] numArcs: [42590107] numFixed: [0] time: [301]
STATS - lpIterations[1] lagIterations[5] sspIterations[5] numSeparations[0] numCuts[0] compileTime[286] sspSolveTime[8] lpSolveTime[0] lb[11907.6] ub[15700] numArcs: [42590107] numFixed: [0] time: [306]
STATS - lpIterations[1] lagIterations[6] sspIterations[6] numSeparations[0] numCuts[0] compileTime[286] sspSolveTime[17] lpSolveTime[0] lb[12347] ub[15700] numArcs: [42590080] numFixed: [0] time: [317]
STATS - lpIterations[1] lagIterations[7] sspIterations[7] numSeparations[0] numCuts[0] compileTime[286] sspSolveTime[20] lpSolveTime[0] lb[12622.7] ub[15700] numArcs: [42590053] numFixed: [0] time: [323]
STATS - lpIterations[1] lagIterations[9] sspIterations[39] numSeparations[0] numCuts[0] compileTime[286] sspSolveTime[105] lpSolveTime[0] lb[12903.4] ub[15700] numArcs: [42588809] numFixed: [0] time: [411]
STATS - lpIterations[1] lagIterations[10] sspIterations[40] numSeparations[0] numCuts[0] compileTime[286] sspSolveTime[109] lpSolveTime[0] lb[13001.1] ub[15700] numArcs: [42588785] numFixed: [0] time: [416]
STATS - lpIterations[1] lagIterations[12] sspIterations[87] numSeparations[0] numCuts[0] compileTime[286] sspSolveTime[251] lpSolveTime[0] lb[13090.8] ub[15700] numArcs: [42587875] numFixed: [22] time: [561]
STATS - lpIterations[1] lagIterations[13] sspIterations[91] numSeparations[0] numCuts[0] compileTime[286] sspSolveTime[277] lpSolveTime[0] lb[13373.8] ub[15700] numArcs: [42587845] numFixed: [22] time: [588]
STATS - lpIterations[1] lagIterations[15] sspIterations[99] numSeparations[0] numCuts[0] compileTime[286] sspSolveTime[296] lpSolveTime[0] lb[13395.3] ub[15700] numArcs: [42587660] numFixed: [22] time: [608]
STATS - lpIterations[1] lagIterations[17] sspIterations[159] numSeparations[0] numCuts[0] compileTime[286] sspSolveTime[493] lpSolveTime[0] lb[13523.2] ub[15700] numArcs: [42586426] numFixed: [22] time: [807]
STATS - lpIterations[1] lagIterations[18] sspIterations[160] numSeparations[0] numCuts[0] compileTime[286] sspSolveTime[495] lpSolveTime[0] lb[13709.6] ub[15700] numArcs: [42586426] numFixed: [22] time: [809]
STATS - lpIterations[1] lagIterations[22] sspIterations[311] numSeparations[0] numCuts[0] compileTime[286] sspSolveTime[1103] lpSolveTime[0] lb[13886.8] ub[15700] numArcs: [42584140] numFixed: [22] time: [1420]
STATS - lpIterations[1] lagIterations[23] sspIterations[314] numSeparations[0] numCuts[0] compileTime[286] sspSolveTime[1124] lpSolveTime[0] lb[13992.3] ub[15700] numArcs: [42584107] numFixed: [22] time: [1442]
STATS - lpIterations[1] lagIterations[26] sspIterations[415] numSeparations[0] numCuts[0] compileTime[286] sspSolveTime[1387] lpSolveTime[0] lb[14019.9] ub[15700] numArcs: [42582937] numFixed: [22] time: [1707]
STATS - lpIterations[1] lagIterations[27] sspIterations[419] numSeparations[0] numCuts[0] compileTime[286] sspSolveTime[1394] lpSolveTime[0] lb[14039.4] ub[15700] numArcs: [42582894] numFixed: [22] time: [1714]
STATS - lpIterations[1] lagIterations[28] sspIterations[426] numSeparations[0] numCuts[0] compileTime[286] sspSolveTime[1403] lpSolveTime[0] lb[14089.6] ub[15700] numArcs: [42582758] numFixed: [22] time: [1723]
STATS - lpIterations[1] lagIterations[29] sspIterations[427] numSeparations[0] numCuts[0] compileTime[286] sspSolveTime[1404] lpSolveTime[0] lb[14091.6] ub[15700] numArcs: [42582758] numFixed: [22] time: [1726]
STATS - lpIterations[1] lagIterations[33] sspIterations[627] numSeparations[0] numCuts[0] compileTime[286] sspSolveTime[2082] lpSolveTime[0] lb[14222.9] ub[15700] numArcs: [42579642] numFixed: [388348] time: [2409]
STATS - lpIterations[1] lagIterations[34] sspIterations[635] numSeparations[0] numCuts[0] compileTime[286] sspSolveTime[2102] lpSolveTime[0] lb[14274.9] ub[15700] numArcs: [42579584] numFixed: [388348] time: [2429]
STATS - lpIterations[1] lagIterations[35] sspIterations[636] numSeparations[0] numCuts[0] compileTime[286] sspSolveTime[2103] lpSolveTime[0] lb[14280.6] ub[15700] numArcs: [42579584] numFixed: [388348] time: [2431]
STATS - lpIterations[1] lagIterations[40] sspIterations[874] numSeparations[0] numCuts[0] compileTime[286] sspSolveTime[3238] lpSolveTime[0] lb[14433.6] ub[15700] numArcs: [42576706] numFixed: [388348] time: [3569]
