fixed number of vehicles
capacity: 100
instance upper bound: 1073
route length upper bound: 55
compiling DD
time step mult: 1
time step: 10
cap step: 1
done compiling DD
batch size for lag: 1
deactivate cut value threshold: 0.01
deactivate cut iter threshold: 25
lag optimality gap to start repairing: 25
percent arcs fixed to change to CPLEX: 97.5
number arcs fixed to change to CPLEX: 100000
kappa iterations: 10
var fixing: 1
muSSP: 1
repairDuals: 1
robustCuts: 0
nonRobustCuts: 0
volume algo: 1
phases: 1
STATS - lpIterations[0] lagIterations[0] sspIterations[0] numSeparations[0] numCuts[0] compileTime[5] sspSolveTime[0] lpSolveTime[0] lb[0] ub[1073] numArcs: [348573] numFixed: [0] time: [5]
STATS1 - lpIterations[0] lagIterations[0] sspIterations[0] numSeparations[0] numCuts[0] compileTime[5] sspSolveTime[0] lpSolveTime[0] repairTime[0] cutsTime[0] lb[0] ub[1073] numArcs: [348573] numFixed: [0] time: [5]
STATS - lpIterations[1] lagIterations[0] sspIterations[0] numSeparations[0] numCuts[0] compileTime[5] sspSolveTime[0] lpSolveTime[0] lb[0] ub[1073] numArcs: [348573] numFixed: [0] time: [5]
STATS1 - lpIterations[1] lagIterations[0] sspIterations[0] numSeparations[0] numCuts[0] compileTime[5] sspSolveTime[0] lpSolveTime[0] repairTime[0] cutsTime[0] lb[0] ub[1073] numArcs: [348573] numFixed: [0] time: [5]
fixed path dual: 15.66
STATS - lpIterations[1] lagIterations[1] sspIterations[9] numSeparations[0] numCuts[0] compileTime[5] sspSolveTime[1] lpSolveTime[0] lb[844.54] ub[1073] numArcs: [348529] numFixed: [0] time: [6]
STATS1 - lpIterations[1] lagIterations[1] sspIterations[9] numSeparations[0] numCuts[0] compileTime[5] sspSolveTime[1] lpSolveTime[0] repairTime[0] cutsTime[0] lb[844.54] ub[1073] numArcs: [348529] numFixed: [0] time: [6]
lambda: 0,3.6,11.76,13.5,1.52,7.48,19.6,11.34,2,28.8,6.5,14.56,6.08,14.62,5.94,37.44,7.8,4.34,12.6,8.58,11.56,6.6,7.6,19.76,27.72,7.36,10.26,12.3,15.4,3.08,6.6,8.1,10.12,6.96,15.36,33.5,0.28,6,21.96,18.98,3.54,8.4,7.56,11.2,12,75.24,6,8.12,9.36,38.88,3.8,21.96,9.24,9.46,11.28,
mu: 
srcDuals: 
best alpha: 1
0:0
1:1
2:1
3:-5
4:1
5:1
6:-2
7:1
8:-1
9:1
10:1
11:1
12:-1
13:1
14:0
15:1
16:1
17:-1
18:1
19:1
20:1
21:-3
22:1
23:1
24:1
25:1
26:1
27:1
28:1
29:1
30:1
31:1
32:-1
33:1
34:-2
35:1
36:0
37:-2
38:1
39:1
40:1
41:1
42:1
43:-1
44:1
45:-2
46:1
47:1
48:0
49:1
50:1
51:1
52:1
53:1
54:1
alpha: 0.444495
lagLB: 844.54
stepSizeMultiplier: 1
targetLowerBound: 886.767
||gamma||^2: 95
lambda: 0,3.6,11.76,13.5,1.52,7.48,19.6,11.34,2,28.8,6.5,14.56,6.08,14.62,5.94,37.44,7.8,4.34,12.6,8.58,11.56,6.6,7.6,19.76,27.72,7.36,10.26,12.3,15.4,3.08,6.6,8.1,10.12,6.96,15.36,33.5,0.28,6,21.96,18.98,3.54,8.4,7.56,11.2,12,75.24,6,8.12,9.36,38.88,3.8,21.96,9.24,9.46,11.28,
mu: 
srcDuals: 
lambda: 0,3.6,11.76,13.5,1.52,7.48,19.6,11.34,2,28.8,6.5,14.56,6.08,14.62,5.94,37.44,7.8,4.34,12.6,8.58,11.56,6.6,7.6,19.76,27.72,7.36,10.26,12.3,15.4,3.08,6.6,8.1,10.12,6.96,15.36,33.5,0.28,6,21.96,18.98,3.54,8.4,7.56,11.2,12,75.24,6,8.12,9.36,38.88,3.8,21.96,9.24,9.46,11.28,
mu: 
srcDuals: 
fixing. lower bound used: 703.6
percent fixed: 0.062246
updating best lambda arc fixing
fixing. lower bound used: 703.6
fixed path dual: 18.8259
STATS - lpIterations[1] lagIterations[2] sspIterations[18] numSeparations[0] numCuts[0] compileTime[5] sspSolveTime[2] lpSolveTime[0] lb[881.479] ub[1073] numArcs: [348518] numFixed: [271] time: [12]
STATS1 - lpIterations[1] lagIterations[2] sspIterations[18] numSeparations[0] numCuts[0] compileTime[5] sspSolveTime[2] lpSolveTime[0] repairTime[0] cutsTime[0] lb[881.479] ub[1073] numArcs: [348518] numFixed: [271] time: [12]
lambda: 0,4.04449,12.2045,11.2775,1.96449,7.92449,18.711,11.7845,1.55551,29.2445,6.94449,15.0045,5.63551,15.0645,5.94,37.8845,8.24449,3.89551,13.0445,9.02449,12.0045,5.26652,8.04449,20.2045,28.1645,7.80449,10.7045,12.7445,15.8445,3.52449,7.04449,8.54449,9.67551,7.40449,14.471,33.9445,0.28,5.11101,22.4045,19.4245,3.98449,8.84449,8.00449,10.7555,12.4445,74.351,6.44449,8.56449,9.36,39.3245,4.24449,22.4045,9.68449,9.90449,11.7245,
mu: 
srcDuals: 
best alpha: 0.1
0:0
1:1
2:1
3:-4.8
4:1
5:1
6:-2.1
7:1
8:-0.9
9:1
10:1
11:1
12:-0.8
13:0.9
14:0.1
15:1
16:1
17:-1
18:1
19:0.8
20:1
21:-2.6
22:1
23:1
24:1
25:1
26:1
27:0.9
28:0.8
29:1
30:1
31:1
32:-0.8
33:1
34:-1.9
35:1
36:0
37:-1.9
38:1
39:1
40:1
41:1
42:1
43:-1
44:1
45:-2.1
46:1
47:1
48:0
49:1
50:1
51:1
52:1
53:1
54:1
alpha: 0.496105
lagLB: 881.479
stepSizeMultiplier: 1
targetLowerBound: 925.553
||gamma||^2: 88.84
lambda: 0,4.04449,12.2045,11.2775,1.96449,7.92449,18.711,11.7845,1.55551,29.2445,6.94449,15.0045,5.63551,15.0645,5.94,37.8845,8.24449,3.89551,13.0445,9.02449,12.0045,5.26652,8.04449,20.2045,28.1645,7.80449,10.7045,12.7445,15.8445,3.52449,7.04449,8.54449,9.67551,7.40449,14.471,33.9445,0.28,5.11101,22.4045,19.4245,3.98449,8.84449,8.00449,10.7555,12.4445,74.351,6.44449,8.56449,9.36,39.3245,4.24449,22.4045,9.68449,9.90449,11.7245,
mu: 
srcDuals: 
lambda: 0,4.04449,12.2045,11.2775,1.96449,7.92449,18.711,11.7845,1.55551,29.2445,6.94449,15.0045,5.63551,15.0645,5.94,37.8845,8.24449,3.89551,13.0445,9.02449,12.0045,5.26652,8.04449,20.2045,28.1645,7.80449,10.7045,12.7445,15.8445,3.52449,7.04449,8.54449,9.67551,7.40449,14.471,33.9445,0.28,5.11101,22.4045,19.4245,3.98449,8.84449,8.00449,10.7555,12.4445,74.351,6.44449,8.56449,9.36,39.3245,4.24449,22.4045,9.68449,9.90449,11.7245,
mu: 
srcDuals: 
fixing. lower bound used: 837.226
percent fixed: 0.0777333
updating best lambda arc fixing
fixing. lower bound used: 837.226
fixed path dual: 19.116
STATS - lpIterations[1] lagIterations[3] sspIterations[27] numSeparations[0] numCuts[0] compileTime[5] sspSolveTime[3] lpSolveTime[0] lb[893.813] ub[1073] numArcs: [348490] numFixed: [271] time: [18]
STATS1 - lpIterations[1] lagIterations[3] sspIterations[27] numSeparations[0] numCuts[0] compileTime[5] sspSolveTime[3] lpSolveTime[0] repairTime[0] cutsTime[0] lb[893.813] ub[1073] numArcs: [348490] numFixed: [271] time: [18]
lambda: 0,4.5406,12.7006,8.89622,2.4606,8.4206,17.6692,12.2806,1.10901,29.7406,7.4406,15.5006,5.23862,15.511,5.98961,38.3806,8.7406,3.3994,13.5406,9.42138,12.5006,3.97664,8.5406,20.7006,28.6606,8.3006,11.2006,13.191,16.2414,4.0206,7.5406,9.0406,9.27862,7.9006,13.5284,34.4406,0.28,4.16841,22.9006,19.9206,4.4806,9.3406,8.5006,10.2594,12.9406,73.3092,6.9406,9.0606,9.36,39.8206,4.7406,22.9006,10.1806,10.4006,12.2206,
mu: 
srcDuals: 
best alpha: 0.1
0:0
1:1
2:1
3:-4.22
4:1
5:1
6:-1.99
7:1
8:-0.81
9:1
10:1
11:1
12:-0.62
13:0.81
14:0.09
15:1
16:1
17:-0.8
18:1
19:0.62
20:0.7
21:-2.24
22:1
23:1
24:1
25:1
26:0.2
27:0.81
28:0.62
29:1
30:1
31:0.5
32:-0.62
33:1
34:-1.61
35:1
36:0
37:-1.61
38:1
39:1
40:1
41:1
42:0.6
43:-1
44:1
45:-1.99
46:0.6
47:1
48:0.1
49:1
50:1
51:1
52:1
53:1
54:1
alpha: 0.667982
lagLB: 893.813
stepSizeMultiplier: 1.1
targetLowerBound: 938.504
||gamma||^2: 73.5944
lambda: 0,4.5406,12.7006,8.89622,2.4606,8.4206,17.6692,12.2806,1.10901,29.7406,7.4406,15.5006,5.23862,15.511,5.98961,38.3806,8.7406,3.3994,13.5406,9.42138,12.5006,3.97664,8.5406,20.7006,28.6606,8.3006,11.2006,13.191,16.2414,4.0206,7.5406,9.0406,9.27862,7.9006,13.5284,34.4406,0.28,4.16841,22.9006,19.9206,4.4806,9.3406,8.5006,10.2594,12.9406,73.3092,6.9406,9.0606,9.36,39.8206,4.7406,22.9006,10.1806,10.4006,12.2206,
mu: 
srcDuals: 
lambda: 0,4.5406,12.7006,8.89622,2.4606,8.4206,17.6692,12.2806,1.10901,29.7406,7.4406,15.5006,5.23862,15.511,5.98961,38.3806,8.7406,3.3994,13.5406,9.42138,12.5006,3.97664,8.5406,20.7006,28.6606,8.3006,11.2006,13.191,16.2414,4.0206,7.5406,9.0406,9.27862,7.9006,13.5284,34.4406,0.28,4.16841,22.9006,19.9206,4.4806,9.3406,8.5006,10.2594,12.9406,73.3092,6.9406,9.0606,9.36,39.8206,4.7406,22.9006,10.1806,10.4006,12.2206,
mu: 
srcDuals: 
fixing. lower bound used: 846.95
percent fixed: 0.0780139
updating best lambda arc fixing
fixing. lower bound used: 846.95
fixed path dual: 17.5662
best alpha: 0.1
0:0
1:1
2:1
3:-3.698
4:1
5:1
6:-1.691
7:1
8:-0.629
9:0.9
10:1
11:1
12:-0.458
13:0.529
14:0.081
15:1
16:1
17:-0.62
18:1
19:0.058
20:0.33
21:-1.916
22:1
23:1
24:1
25:1
26:-0.52
27:0.529
28:0.258
29:1
30:1
31:0.15
32:-0.458
33:1
34:-1.349
35:0.8
36:0
37:-1.349
38:1
39:1
40:1
41:0.8
42:0.34
43:-0.8
44:1
45:-1.691
46:0.14
47:1
48:0.19
49:0.9
50:1
51:1
52:1
53:1
54:1
alpha: 0.824085
lagLB: 892.65
stepSizeMultiplier: 1.1
targetLowerBound: 938.504
||gamma||^2: 59.6537
lambda: 0,5.20858,13.3686,6.07734,3.12858,9.08858,16.3399,12.9486,0.567946,30.4086,8.10858,16.1686,4.82447,16.0521,6.04973,39.0486,9.40858,2.86502,14.2086,9.83553,12.9682,2.48036,9.20858,21.3686,29.3286,8.96858,11.3342,13.7321,16.6555,4.68858,8.20858,9.37459,8.86447,8.56858,12.453,35.1086,0.28,3.09296,23.5686,20.5886,5.14858,10.0086,8.90139,9.59142,13.6086,71.9799,7.34139,9.72858,9.4268,40.4886,5.40858,23.5686,10.8486,11.0686,12.8886,
mu: 
srcDuals: 
lambda: 0,4.5406,12.7006,8.89622,2.4606,8.4206,17.6692,12.2806,1.10901,29.7406,7.4406,15.5006,5.23862,15.511,5.98961,38.3806,8.7406,3.3994,13.5406,9.42138,12.5006,3.97664,8.5406,20.7006,28.6606,8.3006,11.2006,13.191,16.2414,4.0206,7.5406,9.0406,9.27862,7.9006,13.5284,34.4406,0.28,4.16841,22.9006,19.9206,4.4806,9.3406,8.5006,10.2594,12.9406,73.3092,6.9406,9.0606,9.36,39.8206,4.7406,22.9006,10.1806,10.4006,12.2206,
mu: 
srcDuals: 
fixing. lower bound used: 859.735
percent fixed: 0.0808767
updating best lambda arc fixing
fixing. lower bound used: 859.735
fixed path dual: 18.5108
STATS - lpIterations[1] lagIterations[5] sspIterations[45] numSeparations[0] numCuts[0] compileTime[5] sspSolveTime[5] lpSolveTime[0] lb[903.057] ub[1073] numArcs: [348452] numFixed: [282] time: [30]
STATS1 - lpIterations[1] lagIterations[5] sspIterations[45] numSeparations[0] numCuts[0] compileTime[5] sspSolveTime[5] lpSolveTime[0] repairTime[0] cutsTime[0] lb[903.057] ub[1073] numArcs: [348452] numFixed: [282] time: [30]
lambda: 0,5.36468,13.5247,5.84876,3.28468,9.24468,16.2757,13.1047,0.590661,30.4823,8.26468,16.3247,4.86119,15.9469,6.05636,39.2047,9.56468,2.88847,14.3647,9.46918,12.7725,2.3977,9.36468,21.5247,29.4847,9.12468,10.7721,13.6269,16.454,4.84468,8.36468,9.16421,8.90119,8.72468,12.4167,35.0999,0.28,3.05672,23.7247,20.7447,5.30468,9.99987,8.78079,9.60013,13.7647,71.9157,7.05597,9.88468,9.51658,40.5623,5.56468,23.7247,11.0047,11.2247,13.0447,
mu: 
srcDuals: 
best alpha: 0.1
0:0
1:1
2:1
3:-3.2282
4:1
5:1
6:-1.4219
7:1
8:-0.5661
9:0.81
10:1
11:1
12:-0.3122
13:0.2761
14:0.1729
15:1
16:1
17:-0.458
18:1
19:-0.2478
20:0.197
21:-1.6244
22:1
23:1
24:1
25:0.8
26:-0.768
27:0.1761
28:-0.3678
29:1
30:1
31:0.035
32:-0.3122
33:1
34:-1.1141
35:0.62
36:0
37:-1.1141
38:1
39:1
40:1
41:0.62
42:0.206
43:-0.62
44:1
45:-1.4219
46:0.026
47:1
48:0.271
49:0.81
50:1
51:1
52:1
53:1
54:1
alpha: 1.08195
lagLB: 903.057
stepSizeMultiplier: 1.21
targetLowerBound: 948.209
||gamma||^2: 50.4968
lambda: 0,5.36468,13.5247,5.84876,3.28468,9.24468,16.2757,13.1047,0.590661,30.4823,8.26468,16.3247,4.86119,15.9469,6.05636,39.2047,9.56468,2.88847,14.3647,9.46918,12.7725,2.3977,9.36468,21.5247,29.4847,9.12468,10.7721,13.6269,16.454,4.84468,8.36468,9.16421,8.90119,8.72468,12.4167,35.0999,0.28,3.05672,23.7247,20.7447,5.30468,9.99987,8.78079,9.60013,13.7647,71.9157,7.05597,9.88468,9.51658,40.5623,5.56468,23.7247,11.0047,11.2247,13.0447,
mu: 
srcDuals: 
lambda: 0,5.36468,13.5247,5.84876,3.28468,9.24468,16.2757,13.1047,0.590661,30.4823,8.26468,16.3247,4.86119,15.9469,6.05636,39.2047,9.56468,2.88847,14.3647,9.46918,12.7725,2.3977,9.36468,21.5247,29.4847,9.12468,10.7721,13.6269,16.454,4.84468,8.36468,9.16421,8.90119,8.72468,12.4167,35.0999,0.28,3.05672,23.7247,20.7447,5.30468,9.99987,8.78079,9.60013,13.7647,71.9157,7.05597,9.88468,9.51658,40.5623,5.56468,23.7247,11.0047,11.2247,13.0447,
mu: 
srcDuals: 
fixing. lower bound used: 861.64
percent fixed: 0.0825939
updating best lambda arc fixing
fixing. lower bound used: 861.64
fixed path dual: 17.5645
STATS - lpIterations[1] lagIterations[6] sspIterations[54] numSeparations[0] numCuts[0] compileTime[5] sspSolveTime[6] lpSolveTime[0] lb[913.434] ub[1073] numArcs: [348430] numFixed: [288] time: [36]
STATS1 - lpIterations[1] lagIterations[6] sspIterations[54] numSeparations[0] numCuts[0] compileTime[5] sspSolveTime[6] lpSolveTime[0] repairTime[1] cutsTime[0] lb[913.434] ub[1073] numArcs: [348430] numFixed: [288] time: [36]
lambda: 0,6.44663,14.6066,2.35601,4.36663,10.3266,14.7372,14.1866,0,31.3587,9.34663,17.4066,4.52341,16.2457,6.24343,40.2866,10.6466,2.39294,15.4466,9.20107,12.9857,0.640179,10.4466,22.6066,30.5666,9.99024,9.94114,13.8175,16.0561,5.92663,9.44663,9.20208,8.56341,9.80663,11.2113,35.7707,0.28,1.85132,24.8066,21.8266,6.38663,10.6707,9.00367,8.92932,14.8466,70.3772,7.0841,10.9666,9.80978,41.4387,6.64663,24.8066,12.0866,12.3066,14.1266,
mu: 
srcDuals: 
best alpha: 0.1
0:0
1:1
2:0.6
3:-2.80538
4:1
5:1
6:-1.17971
7:1
8:-0.40949
9:0.729
10:1
11:0.7
12:-0.18098
13:0.14849
14:0.25561
15:0.5
16:1
17:-0.3122
18:1
19:-0.52302
20:0.2773
21:-1.36196
22:1
23:1
24:1
25:0.52
26:-0.5912
27:-0.04151
28:-0.73102
29:0.9
30:1
31:0.1315
32:-0.18098
33:0.8
34:-0.90269
35:0.458
36:0
37:-0.90269
38:1
39:1
40:1
41:0.258
42:0.2854
43:-0.458
44:1
45:-1.17971
46:0.1234
47:1
48:0.3439
49:0.729
50:1
51:1
52:1
53:1
54:1
alpha: 1.34047
lagLB: 913.434
stepSizeMultiplier: 1.21
targetLowerBound: 959.106
||gamma||^2: 41.2263
lambda: 0,6.44663,14.6066,2.35601,4.36663,10.3266,14.7372,14.1866,0,31.3587,9.34663,17.4066,4.52341,16.2457,6.24343,40.2866,10.6466,2.39294,15.4466,9.20107,12.9857,0.640179,10.4466,22.6066,30.5666,9.99024,9.94114,13.8175,16.0561,5.92663,9.44663,9.20208,8.56341,9.80663,11.2113,35.7707,0.28,1.85132,24.8066,21.8266,6.38663,10.6707,9.00367,8.92932,14.8466,70.3772,7.0841,10.9666,9.80978,41.4387,6.64663,24.8066,12.0866,12.3066,14.1266,
mu: 
srcDuals: 
lambda: 0,6.44663,14.6066,2.35601,4.36663,10.3266,14.7372,14.1866,0,31.3587,9.34663,17.4066,4.52341,16.2457,6.24343,40.2866,10.6466,2.39294,15.4466,9.20107,12.9857,0.640179,10.4466,22.6066,30.5666,9.99024,9.94114,13.8175,16.0561,5.92663,9.44663,9.20208,8.56341,9.80663,11.2113,35.7707,0.28,1.85132,24.8066,21.8266,6.38663,10.6707,9.00367,8.92932,14.8466,70.3772,7.0841,10.9666,9.80978,41.4387,6.64663,24.8066,12.0866,12.3066,14.1266,
mu: 
srcDuals: 
fixing. lower bound used: 880.545
percent fixed: 0.102662
updating best lambda arc fixing
fixing. lower bound used: 880.545
fixed path dual: 14.4104
best alpha: 0.1
0:0
1:1
2:0.04
3:-2.42484
4:1
5:0.8
6:-0.961739
7:1
8:-0.268541
9:0.6561
10:0.8
11:0.33
12:-0.062882
13:0.233641
14:0.330049
15:-0.05
16:0.9
17:-0.18098
18:0.8
19:-0.370718
20:0.34957
21:-1.12576
22:1
23:0.6
24:0.8
25:0.368
26:-0.43208
27:0.062641
28:-0.557918
29:0.61
30:1
31:0.21835
32:-0.062882
33:0.42
34:-0.712421
35:0.3122
36:0
37:-0.712421
38:0.9
39:1
40:0.8
41:0.1322
42:0.35686
43:-0.3122
44:1
45:-0.961739
46:0.21106
47:1
48:0.40951
49:0.6561
50:0.8
51:1
52:0.8
53:0.8
54:1
alpha: 1.82172
lagLB: 910.973
stepSizeMultiplier: 1.21
targetLowerBound: 959.106
||gamma||^2: 30.3354
lambda: 0,7.78711,15.4109,0,5.70711,11.6671,13.1559,15.5271,0,32.3359,10.6871,18.345,4.28081,16.4447,6.58607,40.9569,11.9871,1.97444,16.7871,8.49997,13.3574,0,11.7871,23.9471,31.9071,10.6873,9.14865,13.7618,15.0761,7.13306,10.7871,9.37835,8.32081,10.879,10.0013,36.3846,0.28,0.641289,26.1471,23.1671,7.72711,11.0165,9.38624,8.31539,16.1871,68.7959,7.24952,12.3071,10.2708,42.4159,7.98711,26.1471,13.4271,13.6471,15.4671,
mu: 
srcDuals: 
lambda: 0,6.44663,14.6066,2.35601,4.36663,10.3266,14.7372,14.1866,0,31.3587,9.34663,17.4066,4.52341,16.2457,6.24343,40.2866,10.6466,2.39294,15.4466,9.20107,12.9857,0.640179,10.4466,22.6066,30.5666,9.99024,9.94114,13.8175,16.0561,5.92663,9.44663,9.20208,8.56341,9.80663,11.2113,35.7707,0.28,1.85132,24.8066,21.8266,6.38663,10.6707,9.00367,8.92932,14.8466,70.3772,7.0841,10.9666,9.80978,41.4387,6.64663,24.8066,12.0866,12.3066,14.1266,
mu: 
srcDuals: 
fixing. lower bound used: 896.583
percent fixed: 0.154264
updating best lambda arc fixing
fixing. lower bound used: 896.583
fixed path dual: 14.7147
STATS - lpIterations[1] lagIterations[8] sspIterations[72] numSeparations[0] numCuts[0] compileTime[5] sspSolveTime[8] lpSolveTime[0] lb[919.618] ub[1073] numArcs: [348377] numFixed: [538] time: [47]
STATS1 - lpIterations[1] lagIterations[8] sspIterations[72] numSeparations[0] numCuts[0] compileTime[5] sspSolveTime[8] lpSolveTime[0] repairTime[1] cutsTime[0] lb[919.618] ub[1073] numArcs: [348377] numFixed: [538] time: [47]
lambda: 0,8.26836,14.6795,0,6.18836,11.784,12.9852,16.0084,0,32.5539,10.804,18.0078,4.40885,16.6713,6.84469,40.1955,12.2862,2.06324,16.904,8.52572,13.6225,0,12.2684,23.6997,32.024,10.6606,9.15401,13.9316,15.0397,7.03788,11.2684,9.59985,8.44885,10.5718,9.91349,36.3394,0.28,0.553487,26.4462,23.6484,7.84401,10.9115,9.65377,8.36058,16.6684,68.6252,7.4686,12.7884,10.5558,42.6339,8.10401,26.6284,13.544,13.764,15.9484,
mu: 
srcDuals: 
best alpha: 0.1
0:0
1:1
2:-0.064
3:-2.08236
4:1
5:0.62
6:-0.765565
7:1
8:-0.141687
9:0.59049
10:0.62
11:0.297
12:0.0434062
13:0.110277
14:0.397044
15:-0.045
16:0.81
17:-0.062882
18:0.62
19:-0.233646
20:0.414613
21:-0.913188
22:1
23:-0.16
24:0.42
25:0.2312
26:-0.288872
27:0.156377
28:-0.402126
29:0.349
30:1
31:0.296515
32:0.0434062
33:0.278
34:-0.541179
35:0.18098
36:0
37:-0.541179
38:0.81
39:1
40:0.62
41:0.01898
42:0.421174
43:-0.18098
44:1
45:-0.765565
46:0.289954
47:1
48:0.468559
49:0.59049
50:0.42
51:1
52:0.42
53:0.62
54:0.8
alpha: 3.17208
lagLB: 919.618
stepSizeMultiplier: 1.21
targetLowerBound: 965.599
||gamma||^2: 17.5396
lambda: 0,8.26836,14.6795,0,6.18836,11.784,12.9852,16.0084,0,32.5539,10.804,18.0078,4.40885,16.6713,6.84469,40.1955,12.2862,2.06324,16.904,8.52572,13.6225,0,12.2684,23.6997,32.024,10.6606,9.15401,13.9316,15.0397,7.03788,11.2684,9.59985,8.44885,10.5718,9.91349,36.3394,0.28,0.553487,26.4462,23.6484,7.84401,10.9115,9.65377,8.36058,16.6684,68.6252,7.4686,12.7884,10.5558,42.6339,8.10401,26.6284,13.544,13.764,15.9484,
mu: 
srcDuals: 
lambda: 0,8.26836,14.6795,0,6.18836,11.784,12.9852,16.0084,0,32.5539,10.804,18.0078,4.40885,16.6713,6.84469,40.1955,12.2862,2.06324,16.904,8.52572,13.6225,0,12.2684,23.6997,32.024,10.6606,9.15401,13.9316,15.0397,7.03788,11.2684,9.59985,8.44885,10.5718,9.91349,36.3394,0.28,0.553487,26.4462,23.6484,7.84401,10.9115,9.65377,8.36058,16.6684,68.6252,7.4686,12.7884,10.5558,42.6339,8.10401,26.6284,13.544,13.764,15.9484,
mu: 
srcDuals: 
fixing. lower bound used: 909.413
percent fixed: 0.281848
updating best lambda arc fixing
fixing. lower bound used: 909.413
fixed path dual: 2.90191
best alpha: 0.08
0:0
1:1
2:0.02112
3:-1.83577
4:1
5:-0.3096
6:-0.62432
7:1
8:-0.130352
9:0.543251
10:0.0904
11:0.35324
12:0.0399337
13:0.181455
14:0.445281
15:0.0386
16:-0.0548
17:0.0221486
18:0.4104
19:-0.134955
20:0.461444
21:-0.760133
22:1
23:-0.1472
24:0.3064
25:0.292704
26:-0.185762
27:0.223867
28:-0.289956
29:0.24108
30:1
31:0.352794
32:0.119934
33:0.33576
34:-0.417885
35:0.166502
36:0
37:-0.417885
38:0.3452
39:0.92
40:-0.5496
41:0.0974616
42:0.46748
43:-0.0865016
44:0.84
45:-0.62432
46:0.346758
47:0.92
48:0.431074
49:0.543251
50:0.2264
51:1
52:0.3064
53:-0.3096
54:0.816
alpha: 4.1027
lagLB: 868.095
stepSizeMultiplier: 1.21
targetLowerBound: 965.599
||gamma||^2: 13.561
lambda: 0,11.4404,14.4765,0,9.36043,13.7507,10.5568,19.1804,0,34.427,12.7707,18.9499,4.54654,17.0211,8.10414,40.0528,14.8556,1.86377,18.8707,7.78458,14.9377,0,15.4404,23.1921,33.3563,11.394,8.23768,14.4276,13.7641,8.14494,14.4404,10.5404,8.58654,11.4536,8.19683,36.9135,0.28,0,29.0156,26.8204,9.8107,10.9717,10.9898,7.7865,19.8404,66.1968,8.38835,15.9604,12.0421,44.507,9.43628,29.8004,14.8763,15.7307,18.486,
mu: 
srcDuals: 
lambda: 0,8.26836,14.6795,0,6.18836,11.784,12.9852,16.0084,0,32.5539,10.804,18.0078,4.40885,16.6713,6.84469,40.1955,12.2862,2.06324,16.904,8.52572,13.6225,0,12.2684,23.6997,32.024,10.6606,9.15401,13.9316,15.0397,7.03788,11.2684,9.59985,8.44885,10.5718,9.91349,36.3394,0.28,0.553487,26.4462,23.6484,7.84401,10.9115,9.65377,8.36058,16.6684,68.6252,7.4686,12.7884,10.5558,42.6339,8.10401,26.6284,13.544,13.764,15.9484,
mu: 
srcDuals: 
STATS - lpIterations[1] lagIterations[9] sspIterations[81] numSeparations[0] numCuts[0] compileTime[5] sspSolveTime[10] lpSolveTime[0] lb[931.906] ub[1073] numArcs: [348299] numFixed: [983] time: [55]
STATS1 - lpIterations[1] lagIterations[9] sspIterations[81] numSeparations[0] numCuts[0] compileTime[5] sspSolveTime[10] lpSolveTime[0] repairTime[2] cutsTime[0] lb[931.906] ub[1073] numArcs: [348299] numFixed: [983] time: [55]
lambda: 0,11.4304,14.2036,0,9.02848,11.4696,10.5468,18.8485,0,32.2653,10.4896,18.677,4.53654,17.0111,7.92716,39.7799,12.5744,1.85377,17.7943,7.77458,14.4388,0,15.4304,22.075,32.2392,10.8791,8.0607,14.4176,13.7541,6.56358,14.4304,10.2085,8.57654,11.1807,8.18683,34.7518,0,0,26.7344,26.5276,7.52956,10.4568,10.6578,7.7765,18.7233,66.1868,8.21137,15.6676,10.9657,42.3453,7.55702,29.7904,13.7592,13.4496,18.1718,
mu: 
srcDuals: 
fixing. lower bound used: 931.906
percent fixed: 0.885488
updating best lambda arc fixing
fixing. lower bound used: 931.906
fixed path dual: 6.74256
best alpha: 0.1
0:0
1:1
2:0.119008
3:-1.55219
4:0.9
5:-0.27864
6:-0.461888
7:0.9
8:-0.0173168
9:0.188926
10:0.18136
11:0.417916
12:0.13594
13:0.263309
14:0.500753
15:0.13474
16:0.05068
17:0.119934
18:0.46936
19:-0.0214591
20:0.4153
21:-0.584119
22:1
23:-0.53248
24:-0.22424
25:0.363434
26:-0.067186
27:0.30148
28:-0.16096
29:0.116972
30:1
31:0.217514
32:0.20794
33:0.402184
34:-0.276096
35:-0.150149
36:0.1
37:-0.276096
38:0.41068
39:0.628
40:-0.39464
41:0.187715
42:0.320732
43:-0.0778514
44:0.256
45:-0.461888
46:0.412082
47:0.428
48:0.387967
49:0.0889257
50:0.00376
51:1
52:-0.22424
53:-0.17864
54:0.5344
alpha: 5.68447
lagLB: 901.356
stepSizeMultiplier: 1.21
targetLowerBound: 978.501
||gamma||^2: 9.9183
lambda: 0,12.3711,14.7662,0,10.2911,10.5138,10.4238,20.1111,0,34.7827,11.1749,19.457,4.57269,17.4157,8.67154,40.3539,12.0614,2.15411,18.5878,7.97204,15.5157,0,16.3711,23.0958,33.2811,11.8615,8.39188,14.85,13.8501,8.02696,15.3711,11.0473,8.9409,11.9493,8.19903,37.0225,0.28,0,27.8624,27.4228,5.58917,11.3114,11.5717,8.00569,20.1146,66.0638,8.89124,16.5628,12.3244,44.8627,9.03286,30.7311,14.8011,12.4938,19.2962,
mu: 
srcDuals: 
lambda: 0,11.4304,14.2036,0,9.02848,11.4696,10.5468,18.8485,0,32.2653,10.4896,18.677,4.53654,17.0111,7.92716,39.7799,12.5744,1.85377,17.7943,7.77458,14.4388,0,15.4304,22.075,32.2392,10.8791,8.0607,14.4176,13.7541,6.56358,14.4304,10.2085,8.57654,11.1807,8.18683,34.7518,0,0,26.7344,26.5276,7.52956,10.4568,10.6578,7.7765,18.7233,66.1868,8.21137,15.6676,10.9657,42.3453,7.55702,29.7904,13.7592,13.4496,18.1718,
mu: 
srcDuals: 
fixing. lower bound used: 866.79
percent fixed: 0.88563
updating best lambda arc fixing
fixing. lower bound used: 866.79
fixed path dual: -7.72968
best alpha: 0.06
0:0
1:1
2:0.171868
3:-1.39906
4:0.186
5:-0.201922
6:-0.374175
7:0.726
8:0.0437223
9:0.23759
10:0.230478
11:0.452841
12:0.187784
13:0.247511
14:0.470707
15:0.186656
16:0.107639
17:0.172738
18:0.501198
19:-0.0801715
20:0.330382
21:-0.489072
22:-0.26
23:-0.440531
24:-0.150786
25:0.341628
26:-0.00315486
27:-0.436609
28:-0.0913029
29:0.169954
30:0.34
31:0.0844636
32:0.255464
33:0.438053
34:-0.19953
35:-0.0811396
36:0.094
37:-0.19953
38:0.446039
39:0.65032
40:-0.310962
41:0.176453
42:0.181488
43:-0.0131804
44:0.30064
45:-0.374175
46:0.387357
47:0.46232
48:0.424689
49:0.14359
50:0.0635344
51:1
52:-0.150786
53:-0.107922
54:0.562336
alpha: 8.23507
lagLB: 796.914
stepSizeMultiplier: 1.21
targetLowerBound: 978.501
||gamma||^2: 6.84637
lambda: 0,17.1149,14.8801,0,14.1445,9.88563,7.9212,23.9645,0,33.3392,11.5205,21.0526,5.30929,18.5079,10.7737,40.5458,12.8625,2.53553,20.4623,7.6526,16.7995,0,21.1149,19.0482,30.9645,12.945,7.67878,16.1314,12.8391,7.2285,20.1149,11.4449,9.75857,13.4669,6.61737,33.8983,0.568447,0,29.0689,30.0975,5.28624,11.5238,12.481,7.33396,20.1786,63.5612,10.5538,18.1006,13.1711,42.8508,7.5784,35.4749,12.4845,12.4341,21.2095,
mu: 
srcDuals: 
lambda: 0,11.4304,14.2036,0,9.02848,11.4696,10.5468,18.8485,0,32.2653,10.4896,18.677,4.53654,17.0111,7.92716,39.7799,12.5744,1.85377,17.7943,7.77458,14.4388,0,15.4304,22.075,32.2392,10.8791,8.0607,14.4176,13.7541,6.56358,14.4304,10.2085,8.57654,11.1807,8.18683,34.7518,0,0,26.7344,26.5276,7.52956,10.4568,10.6578,7.7765,18.7233,66.1868,8.21137,15.6676,10.9657,42.3453,7.55702,29.7904,13.7592,13.4496,18.1718,
mu: 
srcDuals: 
fixing. lower bound used: 866.79
fixed path dual: -2.26833
best alpha: 0.1
0:0
1:1
2:0.0546808
3:-1.15915
4:0.0674
5:-0.0817294
6:-0.236757
7:0.5534
8:0.13935
9:0.113831
10:0.107431
11:0.407557
12:0.269006
13:0.32276
14:-0.376363
15:0.16799
16:0.196875
17:0.255464
18:0.251079
19:0.0278456
20:-0.402657
21:-0.340165
22:-0.134
23:-0.296478
24:-0.035707
25:0.407465
26:-0.00283937
27:-0.292948
28:0.0178274
29:0.0529583
30:0.406
31:-0.123983
32:0.329918
33:0.194248
34:-0.0795773
35:0.0269743
36:0.0846
37:-0.0795773
38:0.501435
39:0.285288
40:-0.179865
41:0.258807
42:-0.0366607
43:0.0881377
44:0.370576
45:-0.236757
46:-0.251379
47:0.116088
48:0.38222
49:0.0292312
50:-0.042819
51:1
52:-0.035707
53:0.00287056
54:0.606102
alpha: 10.8533
lagLB: 855.491
stepSizeMultiplier: 1.21
targetLowerBound: 978.501
||gamma||^2: 5.19477
lambda: 0,19.6655,15.6189,0,10.5602,9.80672,7.46543,24.8271,0.360056,34.2218,12.3876,22.4062,6.08295,19.0494,11.8035,41.317,13.4608,3.27628,21.9217,7.11436,17.1595,0,13.2893,18.4472,30.9975,13.6924,8.03472,10.8221,13.0022,7.96316,17.2304,10.904,10.6803,14.7881,6.54368,34.0836,0.774096,0,30.4076,31.8831,4.96877,11.9099,12.1524,7.66796,21.1991,63.1054,11.4013,19.4749,14.463,43.5277,8.08024,38.0255,12.5175,12.5608,22.8026,
mu: 
srcDuals: 
lambda: 0,11.4304,14.2036,0,9.02848,11.4696,10.5468,18.8485,0,32.2653,10.4896,18.677,4.53654,17.0111,7.92716,39.7799,12.5744,1.85377,17.7943,7.77458,14.4388,0,15.4304,22.075,32.2392,10.8791,8.0607,14.4176,13.7541,6.56358,14.4304,10.2085,8.57654,11.1807,8.18683,34.7518,0,0,26.7344,26.5276,7.52956,10.4568,10.6578,7.7765,18.7233,66.1868,8.21137,15.6676,10.9657,42.3453,7.55702,29.7904,13.7592,13.4496,18.1718,
mu: 
srcDuals: 
fixing. lower bound used: 806.338
percent fixed: 0.885311
fixing. lower bound used: 866.79
fixed path dual: 0.913855
best alpha: 0.09
0:0
1:1
2:-0.400241
3:-0.964831
4:0.151334
5:0.0156262
6:-0.125449
7:0.593594
8:0.216809
9:0.193586
10:0.187762
11:-0.0791232
12:0.334795
13:0.203711
14:-0.252491
15:-0.297129
16:0.269157
17:0.232472
18:0.138481
19:0.11534
20:-0.276417
21:-0.21955
22:-0.03194
23:-0.179795
24:-0.122493
25:0.280793
26:0.0874162
27:-0.176583
28:0.106223
29:0.0481921
30:0.45946
31:-0.0228243
32:0.390225
33:-0.0932346
34:0.0175846
35:0.114547
36:-0.013014
37:0.0175846
38:0.546306
39:0.349612
40:-0.0736776
41:0.145515
42:0.0566388
43:0.170205
44:0.247224
45:-0.125449
46:-0.138755
47:0.19564
48:0.25782
49:0.1166
50:0.0510347
51:0.28
52:-0.122493
53:0.0926122
54:0.461553
alpha: 14.8529
lagLB: 881.964
stepSizeMultiplier: 1.21
targetLowerBound: 978.501
||gamma||^2: 3.79591
lambda: 0,22.2837,14.797,0,9.76,10.5825,7.97719,24.8547,1.51241,33.5007,11.6555,23.1003,7.45613,20.5141,3.84238,41.6031,14.7112,4.6264,20.5193,8.0768,10.0686,0,13.9761,18.8573,31.8516,15.3014,8.02989,11.2382,13.9476,7.13835,18.8369,8.86285,12.1572,13.2889,7.32315,35.0446,0.918188,0,32.1766,29.624,5.57742,13.2657,10.2599,8.73308,22.7453,63.6172,5.48308,16.9276,15.114,42.6625,7.0923,40.6437,13.3716,13.4807,24.75,
mu: 
srcDuals: 
lambda: 0,11.4304,14.2036,0,9.02848,11.4696,10.5468,18.8485,0,32.2653,10.4896,18.677,4.53654,17.0111,7.92716,39.7799,12.5744,1.85377,17.7943,7.77458,14.4388,0,15.4304,22.075,32.2392,10.8791,8.0607,14.4176,13.7541,6.56358,14.4304,10.2085,8.57654,11.1807,8.18683,34.7518,0,0,26.7344,26.5276,7.52956,10.4568,10.6578,7.7765,18.7233,66.1868,8.21137,15.6676,10.9657,42.3453,7.55702,29.7904,13.7592,13.4496,18.1718,
mu: 
srcDuals: 
fixing. lower bound used: 853.324
percent fixed: 0.885194
fixing. lower bound used: 866.79
fixed path dual: -2.94757
best alpha: 0.05
0:0
1:0.75
2:-0.330228
3:-0.866589
4:0.193767
5:-0.135155
6:-0.0691766
7:0.613914
8:0.255968
9:-0.116093
10:0.128374
11:-0.025167
12:0.368055
13:0.243526
14:-0.189866
15:-0.232273
16:0.0556987
17:0.270849
18:0.181557
19:0.159573
20:-0.212597
21:-0.158573
22:0.019657
23:-0.120805
24:-0.0663687
25:0.316753
26:0.133045
27:-0.117753
28:0.150912
29:-0.00421754
30:0.486487
31:0.0283169
32:0.420714
33:-0.0385729
34:0.0667054
35:-0.141181
36:0.0376367
37:0.0667054
38:0.268991
39:-0.0678685
40:-0.219994
41:0.188239
42:0.103807
43:0.211695
44:0.284863
45:-0.0691766
46:-0.0818169
47:-0.264142
48:0.294929
49:-0.0392297
50:0.0484829
51:0.316
52:-0.0663687
53:-0.162018
54:0.488476
alpha: 18.0183
lagLB: 862.969
stepSizeMultiplier: 1.21
targetLowerBound: 978.501
||gamma||^2: 3.12906
lambda: 0,26.2833,8.25882,0,11.2762,11.7017,8.6835,27.6651,3.22024,35.1406,13.2784,17.5018,9.50922,20.0368,4.17694,35.3666,16.5722,5.30666,19.8511,9.48771,10.3332,0,14.956,19.4046,30.4198,15.0497,9.35909,11.7949,15.3318,7.27937,21.2548,9.86946,14.3725,9.79586,8.44801,36.4532,0,0.261183,34.8487,31.7204,6.43523,12.6181,11.4991,10.3045,22.3953,64.3235,6.15046,18.5735,14.7951,44.0771,8.31504,33.9492,11.9398,14.8251,25.0272,
mu: 
srcDuals: 
lambda: 0,11.4304,14.2036,0,9.02848,11.4696,10.5468,18.8485,0,32.2653,10.4896,18.677,4.53654,17.0111,7.92716,39.7799,12.5744,1.85377,17.7943,7.77458,14.4388,0,15.4304,22.075,32.2392,10.8791,8.0607,14.4176,13.7541,6.56358,14.4304,10.2085,8.57654,11.1807,8.18683,34.7518,0,0,26.7344,26.5276,7.52956,10.4568,10.6578,7.7765,18.7233,66.1868,8.21137,15.6676,10.9657,42.3453,7.55702,29.7904,13.7592,13.4496,18.1718,
mu: 
srcDuals: 
fixing. lower bound used: 888.697
percent fixed: 0.88509
fixing. lower bound used: 866.79
fixed path dual: -6.05954
best alpha: 0.05
0:0
1:0.7625
2:-0.263717
3:-0.77326
4:-0.265921
5:-0.0783973
6:-0.0157177
7:0.0332186
8:0.29317
9:-0.0602883
10:0.171955
11:0.0260913
12:0.399653
13:-0.0186506
14:-0.130373
15:-0.170659
16:0.102914
17:0.307306
18:0.22248
19:0.0515939
20:-0.151967
21:-0.100644
22:-0.0813259
23:-0.064765
24:-0.0630503
25:0.250916
26:0.176393
27:-0.161866
28:0.143366
29:-0.00400666
30:0.0621626
31:0.076901
32:0.449678
33:0.0133558
34:0.11337
35:-0.0841217
36:0.0357549
37:0.11337
38:0.305541
39:-0.0144751
40:-0.158994
41:0.0788269
42:-0.00138349
43:0.25111
44:0.32062
45:-0.0157177
46:-0.027726
47:-0.200935
48:0.330183
49:0.0127318
50:0.0960588
51:0.3502
52:-0.0630503
53:-0.103917
54:0.164052
alpha: 25.0316
lagLB: 830.364
stepSizeMultiplier: 1.21
targetLowerBound: 978.501
||gamma||^2: 2.25236
lambda: 0,24.9441,8.25341,0,12.5198,9.03429,9.30034,29.9102,4.6121,30.1735,12.8026,18.2235,11.1683,21.399,4.5061,35.5947,13.578,6.734,21.0656,10.6498,10.6081,0,15.7846,19.8983,31.0433,16.5864,10.458,12.2959,16.4733,6.48759,23.1961,10.7187,16.1571,10.4856,9.38874,32.208,0.678149,1.20192,31.5812,25.3048,3.56565,13.8485,12.5282,11.5909,23.8561,64.9403,6.73717,10.9083,16.2798,41.6384,8.4306,35.4842,12.5633,10.5303,26.9732,
mu: 
srcDuals: 
lambda: 0,11.4304,14.2036,0,9.02848,11.4696,10.5468,18.8485,0,32.2653,10.4896,18.677,4.53654,17.0111,7.92716,39.7799,12.5744,1.85377,17.7943,7.77458,14.4388,0,15.4304,22.075,32.2392,10.8791,8.0607,14.4176,13.7541,6.56358,14.4304,10.2085,8.57654,11.1807,8.18683,34.7518,0,0,26.7344,26.5276,7.52956,10.4568,10.6578,7.7765,18.7233,66.1868,8.21137,15.6676,10.9657,42.3453,7.55702,29.7904,13.7592,13.4496,18.1718,
mu: 
srcDuals: 
fixing. lower bound used: 850.925
percent fixed: 0.884966
fixing. lower bound used: 866.79
fixed path dual: -17.9261
best alpha: 0.02
0:0
1:0.16725
2:-0.238443
3:-0.737795
4:-0.240603
5:-0.0568294
6:0.00459661
7:0.0525542
8:0.227306
9:-0.0390825
10:0.0285159
11:0.0455695
12:0.331659
13:0.00172244
14:-0.107765
15:-0.147246
16:0.120855
17:0.32116
18:0.19803
19:0.070562
20:-0.128927
21:-0.0786311
22:-0.0596993
23:-0.0434697
24:-0.0417893
25:0.265897
26:0.192865
27:-0.138628
28:0.160499
29:-0.0239265
30:0.0809194
31:0.095363
32:0.300684
33:0.0330886
34:0.131103
35:-0.0624392
36:0.0350398
37:0.131103
38:0.31943
39:0.0058144
40:-0.135814
41:0.0972504
42:0.0186442
43:-0.233912
44:0.334207
45:0.00459661
46:-0.00717152
47:-0.176916
48:0.223579
49:0.0324772
50:0.0141376
51:0.363196
52:-0.0417893
53:-0.0818391
54:0.180771
alpha: 40.668
lagLB: 732.553
stepSizeMultiplier: 1.21
targetLowerBound: 978.501
||gamma||^2: 1.38635
lambda: 0,30.517,7.6023,0,2.37205,9.50714,10.1533,19.68,7.33851,30.7562,14.7939,19.3301,14.5405,16.5442,4.66372,35.508,15.1505,9.54614,23.3633,9.06606,10.6348,0,13.3947,20.4539,30.6609,17.1599,12.4761,10.3659,17.3428,6.46329,15.9865,12.1334,19.8327,11.515,11.0247,32.6461,0.895002,2.83784,34.3826,26.1653,3.54968,12.4299,10.6232,14.0622,26.749,65.7933,7.51734,10.6379,19.2307,42.664,9.96153,38.5565,12.1809,10.8483,22.2782,
mu: 
srcDuals: 
lambda: 0,11.4304,14.2036,0,9.02848,11.4696,10.5468,18.8485,0,32.2653,10.4896,18.677,4.53654,17.0111,7.92716,39.7799,12.5744,1.85377,17.7943,7.77458,14.4388,0,15.4304,22.075,32.2392,10.8791,8.0607,14.4176,13.7541,6.56358,14.4304,10.2085,8.57654,11.1807,8.18683,34.7518,0,0,26.7344,26.5276,7.52956,10.4568,10.6578,7.7765,18.7233,66.1868,8.21137,15.6676,10.9657,42.3453,7.55702,29.7904,13.7592,13.4496,18.1718,
mu: 
srcDuals: 
fixing. lower bound used: 866.79
