fixed number of vehicles
capacity: 100
num locations: 37
instance upper bound: 670
route length upper bound: 22
3609066728
compiling DD
time step mult: 1
time step: 10
cap step: 1
added route to primal routes: 0,1,2,3,4,5,6,7,0,
random seed: 2458805780
added maximal sequence to primal routes: 0,23,9,14,28,31,26,1,2,3,4,5,6,7,0,
added route to primal routes: 0,8,9,10,11,12,13,14,15,0,
random seed: 2535907690
added maximal sequence to primal routes: 0,4,8,9,10,11,12,13,14,15,0,
added route to primal routes: 0,16,17,18,19,20,21,22,23,24,0,
random seed: 2554371490
added maximal sequence to primal routes: 0,3,16,17,18,19,20,21,22,23,24,0,
added route to primal routes: 0,25,26,27,28,29,30,31,32,33,34,0,
random seed: 2580878675
added maximal sequence to primal routes: 0,3,18,25,26,27,28,29,30,31,32,33,34,0,
added route to primal routes: 0,35,36,0,
random seed: 2633735333
added maximal sequence to primal routes: 0,23,8,30,31,24,35,36,0,
done compiling DD
batch size for lag: 1
deactivate cut value threshold: 0.01
deactivate cut iter threshold: 1000000000
percent arcs fixed to change to CPLEX: 97.5
number arcs fixed to change to CPLEX: 100000
kappa iterations: 20
num lag cuts: 20
mu percent improved: 0.001
percent to start cuts: 0.95
step size iteration cutoff: 5
target bound increase: 1.01
min step size multiplier: 0.0001
ngSetSize: 2
change to LP: 1
var fixing: 1
useSeparations: 1
muSSP: 1
repairDuals: 1
robustCuts: 1
nonRobustCuts: 0
volume algo: 0
use scaling: 0
use sparse RCCs: 0
use restarts: 0
switch separations to cuts: 0
primal heuristic: 2
primal heuristic lns: 2
STATS - lpIterations[0] lagIterations[0] sspIterations[0] numSeparations[0] numCuts[0] compileTime[3] sspSolveTime[0] lpSolveTime[0] lb[0] ub[1e+09] numArcs: [186151] numFixed: [0] time: [3]
STATS1 - lpIterations[0] lagIterations[0] sspIterations[0] numSeparations[0] numCuts[0] compileTime[3] sspSolveTime[0] lpSolveTime[0] repairTime[0] cutsTime[0] alphaTime[0] decompTime[0] yellowTime[0] updateTime[0] fixTime[0] lb[0] ub[1e+09] numArcs: [186151] numFixed: [0] time: [3]
STATS - lpIterations[1] lagIterations[0] sspIterations[0] numSeparations[0] numCuts[0] compileTime[3] sspSolveTime[0] lpSolveTime[0] lb[0] ub[1e+09] numArcs: [186151] numFixed: [0] time: [3]
STATS1 - lpIterations[1] lagIterations[0] sspIterations[0] numSeparations[0] numCuts[0] compileTime[3] sspSolveTime[0] lpSolveTime[0] repairTime[0] cutsTime[0] alphaTime[0] decompTime[0] yellowTime[0] updateTime[0] fixTime[0] lb[0] ub[1e+09] numArcs: [186151] numFixed: [0] time: [3]
STATS - lpIterations[1] lagIterations[0] sspIterations[0] numSeparations[0] numCuts[0] compileTime[3] sspSolveTime[0] lpSolveTime[0] lb[0] ub[1e+09] numArcs: [186151] numFixed: [0] time: [3]
STATS1 - lpIterations[1] lagIterations[0] sspIterations[0] numSeparations[0] numCuts[0] compileTime[3] sspSolveTime[0] lpSolveTime[0] repairTime[0] cutsTime[0] alphaTime[0] decompTime[0] yellowTime[0] updateTime[0] fixTime[0] lb[0] ub[1e+09] numArcs: [186151] numFixed: [0] time: [3]
fixed path dual: 16.924
lag: 393.52
STATS - lpIterations[1] lagIterations[1] sspIterations[5] numSeparations[0] numCuts[0] compileTime[3] sspSolveTime[0] lpSolveTime[0] lb[393.52] ub[1e+09] numArcs: [186139] numFixed: [0] time: [4]
STATS1 - lpIterations[1] lagIterations[1] sspIterations[5] numSeparations[0] numCuts[0] compileTime[3] sspSolveTime[0] lpSolveTime[0] repairTime[0] cutsTime[0] alphaTime[0] decompTime[0] yellowTime[0] updateTime[0] fixTime[0] lb[393.52] ub[1e+09] numArcs: [186139] numFixed: [0] time: [4]
lambda: 0,6.72,20.88,0.34,8.58,7.84,32.2,2.94,29.7,1.1,2.88,8.4,17.28,12.92,1.68,0.3,3.84,5.18,4.24,26.4,7.84,2.76,8.32,1.76,1.88,7.56,1.4,14.88,0.68,5.22,13.34,4.44,11.4,6.44,1.96,18.8,6.8,
mu: 
combDuals: 
srcDuals: 
new best dual, value: 393.52
15 14 0 180138 
16 15 21 11507 0 180957 
21 20 0 180144 
34 33 0 180157 
36 35 34 16657 0 181194 
added route to primal routes: 0,15,0,
random seed: 3408663759
added maximal sequence to primal routes: 0,3,20,9,14,36,18,31,28,6,11,21,15,0,
added route to primal routes: 0,16,21,0,
random seed: 3469347068
added maximal sequence to primal routes: 0,10,23,3,25,12,19,16,21,0,
added route to primal routes: 0,21,0,
random seed: 3492803039
added maximal sequence to primal routes: 0,10,33,28,35,25,11,26,22,31,20,21,0,
added route to primal routes: 0,34,0,
random seed: 3543904287
added maximal sequence to primal routes: 0,26,23,24,9,35,30,20,36,16,34,0,
added route to primal routes: 0,36,34,0,
random seed: 3589203927
added maximal sequence to primal routes: 0,28,35,14,18,13,10,31,2,36,34,0,
running primal heuristic MIP
primal heuristic num vars: 20
primal heuristic MIP obj: 1593
feasible primal routes: 
route: 
0 1 2 3 4 5 6 7 0 
route: 
0 8 9 10 11 12 13 14 15 0 
route: 
0 16 17 18 19 20 21 22 23 24 0 
route: 
0 25 26 27 28 29 30 31 32 33 34 0 
route: 
0 35 36 0 
improved ub from MIP primal heuristic: 1593
3626069529
running lns dd
destroy phase
prefix: 0 1 
suffix: 3 4 5 6 7 0 
prefix: 0 8 9 10 11 
suffix: 13 14 15 0 
prefix: 0 16 17 18 19 20 21 
suffix: 23 24 0 
prefix: 0 25 26 27 28 29 30 31 
suffix: 33 34 0 
