relax time window constraint
capacity: 181
instance upper bound: 44225
compiling DD
time step mult: 1
time step: 10
cap step: 1
done compiling DD
batch size for lag: 50
iteration delay to start separating: 100
optimality gap to start repairing: 5
percent fixed to change to CPLEX: 97.5
num arcs to change to CPLEX: 100000
num arcs to change to LAG: 999999999
STATS - lpIterations[0] lagIterations[0] sspIterations[0] numSeparations[0] numCuts[0] compileTime[25] sspSolveTime[0] lpSolveTime[0] lb[0] ub[44225] numArcs: [5105677] numFixed: [0] time: [25]
STATS - lpIterations[1] lagIterations[0] sspIterations[0] numSeparations[0] numCuts[0] compileTime[25] sspSolveTime[0] lpSolveTime[0] lb[0] ub[44225] numArcs: [5105677] numFixed: [0] time: [25]
STATS - lpIterations[1] lagIterations[1] sspIterations[1] numSeparations[0] numCuts[0] compileTime[25] sspSolveTime[0] lpSolveTime[0] lb[37220.2] ub[44225] numArcs: [5105677] numFixed: [0] time: [25]
STATS - lpIterations[1] lagIterations[2] sspIterations[6] numSeparations[0] numCuts[0] compileTime[25] sspSolveTime[0] lpSolveTime[0] lb[39019.1] ub[44225] numArcs: [5105654] numFixed: [0] time: [26]
STATS - lpIterations[1] lagIterations[3] sspIterations[50] numSeparations[0] numCuts[0] compileTime[25] sspSolveTime[2] lpSolveTime[0] lb[39830.8] ub[44225] numArcs: [5105380] numFixed: [0] time: [28]
STATS - lpIterations[1] lagIterations[4] sspIterations[61] numSeparations[0] numCuts[0] compileTime[25] sspSolveTime[3] lpSolveTime[0] lb[40466] ub[44225] numArcs: [5105361] numFixed: [0] time: [29]
STATS - lpIterations[1] lagIterations[6] sspIterations[237] numSeparations[0] numCuts[0] compileTime[25] sspSolveTime[11] lpSolveTime[0] lb[40747.1] ub[44225] numArcs: [5104781] numFixed: [0] time: [38]
STATS - lpIterations[1] lagIterations[7] sspIterations[268] numSeparations[0] numCuts[0] compileTime[25] sspSolveTime[12] lpSolveTime[0] lb[41472.7] ub[44225] numArcs: [5104756] numFixed: [0] time: [39]
STATS - lpIterations[1] lagIterations[9] sspIterations[395] numSeparations[0] numCuts[0] compileTime[25] sspSolveTime[17] lpSolveTime[0] lb[41809.4] ub[44225] numArcs: [5104400] numFixed: [0] time: [44]
STATS - lpIterations[1] lagIterations[11] sspIterations[503] numSeparations[0] numCuts[0] compileTime[25] sspSolveTime[22] lpSolveTime[0] lb[42122.3] ub[44225] numArcs: [5104207] numFixed: [0] time: [48]
STATS - lpIterations[1] lagIterations[11] sspIterations[503] numSeparations[0] numCuts[0] compileTime[25] sspSolveTime[22] lpSolveTime[0] lb[42160.8] ub[44225] numArcs: [5104207] numFixed: [0] time: [50]
STATS - lpIterations[1] lagIterations[13] sspIterations[662] numSeparations[0] numCuts[0] compileTime[25] sspSolveTime[29] lpSolveTime[0] lb[42377.9] ub[44225] numArcs: [5103900] numFixed: [1463] time: [58]
STATS - lpIterations[1] lagIterations[13] sspIterations[662] numSeparations[0] numCuts[0] compileTime[25] sspSolveTime[29] lpSolveTime[0] lb[42513] ub[44225] numArcs: [5103900] numFixed: [1463] time: [60]
STATS - lpIterations[1] lagIterations[17] sspIterations[900] numSeparations[0] numCuts[0] compileTime[25] sspSolveTime[37] lpSolveTime[0] lb[42610] ub[44225] numArcs: [5103592] numFixed: [7617] time: [73]
STATS - lpIterations[1] lagIterations[17] sspIterations[900] numSeparations[0] numCuts[0] compileTime[25] sspSolveTime[37] lpSolveTime[0] lb[42692] ub[44225] numArcs: [5103592] numFixed: [7617] time: [75]
STATS - lpIterations[1] lagIterations[19] sspIterations[1056] numSeparations[0] numCuts[0] compileTime[25] sspSolveTime[44] lpSolveTime[0] lb[42744.8] ub[44225] numArcs: [5103339] numFixed: [16090] time: [85]
STATS - lpIterations[1] lagIterations[24] sspIterations[1429] numSeparations[0] numCuts[0] compileTime[25] sspSolveTime[57] lpSolveTime[0] lb[42902.1] ub[44225] numArcs: [5103040] numFixed: [21439] time: [110]
STATS - lpIterations[1] lagIterations[26] sspIterations[1545] numSeparations[0] numCuts[0] compileTime[25] sspSolveTime[61] lpSolveTime[0] lb[42954.3] ub[44225] numArcs: [5102959] numFixed: [53733] time: [119]
STATS - lpIterations[1] lagIterations[31] sspIterations[1931] numSeparations[0] numCuts[0] compileTime[25] sspSolveTime[75] lpSolveTime[0] lb[42972.1] ub[44225] numArcs: [5102770] numFixed: [75974] time: [145]
STATS - lpIterations[1] lagIterations[37] sspIterations[2351] numSeparations[0] numCuts[0] compileTime[25] sspSolveTime[88] lpSolveTime[0] lb[42988.9] ub[44225] numArcs: [5102619] numFixed: [93441] time: [177]
STATS - lpIterations[1] lagIterations[48] sspIterations[2978] numSeparations[0] numCuts[0] compileTime[25] sspSolveTime[107] lpSolveTime[0] lb[42996.4] ub[44225] numArcs: [5102440] numFixed: [102006] time: [223]
STATS - lpIterations[1] lagIterations[54] sspIterations[3486] numSeparations[0] numCuts[0] compileTime[25] sspSolveTime[124] lpSolveTime[0] lb[43141.3] ub[44225] numArcs: [5102296] numFixed: [112662] time: [253]
STATS - lpIterations[1] lagIterations[83] sspIterations[5411] numSeparations[0] numCuts[0] compileTime[25] sspSolveTime[183] lpSolveTime[0] lb[43155.4] ub[44225] numArcs: [5102083] numFixed: [273803] time: [386]
STATS - lpIterations[1] lagIterations[90] sspIterations[5943] numSeparations[0] numCuts[0] compileTime[25] sspSolveTime[200] lpSolveTime[0] lb[43157.3] ub[44225] numArcs: [5102056] numFixed: [297185] time: [426]
STATS - lpIterations[1] lagIterations[99] sspIterations[6547] numSeparations[0] numCuts[0] compileTime[25] sspSolveTime[217] lpSolveTime[0] lb[43160.1] ub[44225] numArcs: [5102005] numFixed: [310133] time: [473]
STATS - lpIterations[1] lagIterations[102] sspIterations[6756] numSeparations[65] numCuts[0] compileTime[25] sspSolveTime[222] lpSolveTime[0] lb[43171.4] ub[44225] numArcs: [5124295] numFixed: [0] time: [487]
STATS - lpIterations[1] lagIterations[103] sspIterations[6829] numSeparations[65] numCuts[0] compileTime[25] sspSolveTime[224] lpSolveTime[0] lb[43178.2] ub[44225] numArcs: [5124262] numFixed: [329822] time: [493]
STATS - lpIterations[1] lagIterations[105] sspIterations[6951] numSeparations[65] numCuts[0] compileTime[25] sspSolveTime[227] lpSolveTime[0] lb[43234.1] ub[44225] numArcs: [5124252] numFixed: [341701] time: [501]
STATS - lpIterations[1] lagIterations[107] sspIterations[7093] numSeparations[65] numCuts[0] compileTime[25] sspSolveTime[231] lpSolveTime[0] lb[43284.5] ub[44225] numArcs: [5124179] numFixed: [478849] time: [512]
STATS - lpIterations[1] lagIterations[108] sspIterations[7163] numSeparations[128] numCuts[0] compileTime[25] sspSolveTime[233] lpSolveTime[0] lb[43297.4] ub[44225] numArcs: [5143960] numFixed: [0] time: [517]
STATS - lpIterations[1] lagIterations[116] sspIterations[7724] numSeparations[186] numCuts[0] compileTime[25] sspSolveTime[249] lpSolveTime[0] lb[43303.7] ub[44225] numArcs: [5161659] numFixed: [655599] time: [561]
STATS - lpIterations[1] lagIterations[119] sspIterations[7959] numSeparations[186] numCuts[0] compileTime[25] sspSolveTime[258] lpSolveTime[0] lb[43369.3] ub[44225] numArcs: [5161539] numFixed: [745004] time: [580]
STATS - lpIterations[1] lagIterations[120] sspIterations[8051] numSeparations[244] numCuts[0] compileTime[25] sspSolveTime[261] lpSolveTime[0] lb[43377.4] ub[44225] numArcs: [5176607] numFixed: [0] time: [588]
STATS - lpIterations[1] lagIterations[129] sspIterations[8678] numSeparations[291] numCuts[0] compileTime[25] sspSolveTime[279] lpSolveTime[0] lb[43387.8] ub[44225] numArcs: [5188304] numFixed: [0] time: [637]
STATS - lpIterations[1] lagIterations[132] sspIterations[8925] numSeparations[291] numCuts[0] compileTime[25] sspSolveTime[287] lpSolveTime[0] lb[43402.6] ub[44225] numArcs: [5188206] numFixed: [1155846] time: [656]
STATS - lpIterations[1] lagIterations[133] sspIterations[8984] numSeparations[291] numCuts[0] compileTime[25] sspSolveTime[289] lpSolveTime[0] lb[43417.5] ub[44225] numArcs: [5188202] numFixed: [1236271] time: [660]
STATS - lpIterations[1] lagIterations[137] sspIterations[9292] numSeparations[335] numCuts[0] compileTime[25] sspSolveTime[298] lpSolveTime[0] lb[43443.5] ub[44225] numArcs: [5200543] numFixed: [0] time: [684]
STATS - lpIterations[1] lagIterations[147] sspIterations[10011] numSeparations[335] numCuts[0] compileTime[25] sspSolveTime[319] lpSolveTime[0] lb[43465.7] ub[44225] numArcs: [5200372] numFixed: [1486748] time: [739]
STATS - lpIterations[1] lagIterations[159] sspIterations[10851] numSeparations[373] numCuts[0] compileTime[25] sspSolveTime[343] lpSolveTime[0] lb[43467.9] ub[44225] numArcs: [5210036] numFixed: [1604180] time: [803]
STATS - lpIterations[1] lagIterations[160] sspIterations[10951] numSeparations[413] numCuts[0] compileTime[25] sspSolveTime[346] lpSolveTime[0] lb[43523] ub[44225] numArcs: [5221461] numFixed: [0] time: [812]
STATS - lpIterations[1] lagIterations[178] sspIterations[12262] numSeparations[451] numCuts[0] compileTime[25] sspSolveTime[382] lpSolveTime[0] lb[43524.8] ub[44225] numArcs: [5232743] numFixed: [1903224] time: [914]
STATS - lpIterations[1] lagIterations[202] sspIterations[13959] numSeparations[490] numCuts[0] compileTime[25] sspSolveTime[426] lpSolveTime[0] lb[43530] ub[44225] numArcs: [5241076] numFixed: [2050562] time: [1044]
STATS - lpIterations[1] lagIterations[203] sspIterations[14008] numSeparations[490] numCuts[0] compileTime[25] sspSolveTime[428] lpSolveTime[0] lb[43546.4] ub[44225] numArcs: [5241076] numFixed: [2080458] time: [1048]
STATS - lpIterations[1] lagIterations[204] sspIterations[14046] numSeparations[525] numCuts[0] compileTime[25] sspSolveTime[428] lpSolveTime[0] lb[43547.2] ub[44225] numArcs: [5249997] numFixed: [0] time: [1052]
STATS - lpIterations[1] lagIterations[216] sspIterations[14884] numSeparations[525] numCuts[0] compileTime[25] sspSolveTime[449] lpSolveTime[0] lb[43547.7] ub[44225] numArcs: [5249848] numFixed: [2200486] time: [1115]
STATS - lpIterations[1] lagIterations[217] sspIterations[14919] numSeparations[525] numCuts[0] compileTime[25] sspSolveTime[450] lpSolveTime[0] lb[43557.4] ub[44225] numArcs: [5249847] numFixed: [2215861] time: [1119]
STATS - lpIterations[1] lagIterations[219] sspIterations[15089] numSeparations[525] numCuts[0] compileTime[25] sspSolveTime[454] lpSolveTime[0] lb[43562.3] ub[44225] numArcs: [5249835] numFixed: [2268965] time: [1131]
STATS - lpIterations[1] lagIterations[226] sspIterations[15567] numSeparations[560] numCuts[0] compileTime[25] sspSolveTime[468] lpSolveTime[0] lb[43567.2] ub[44225] numArcs: [5260861] numFixed: [2315095] time: [1170]
STATS - lpIterations[1] lagIterations[227] sspIterations[15624] numSeparations[560] numCuts[0] compileTime[25] sspSolveTime[469] lpSolveTime[0] lb[43587.1] ub[44225] numArcs: [5260858] numFixed: [2350020] time: [1174]
STATS - lpIterations[1] lagIterations[239] sspIterations[16446] numSeparations[560] numCuts[0] compileTime[25] sspSolveTime[489] lpSolveTime[0] lb[43604.7] ub[44225] numArcs: [5260785] numFixed: [2490972] time: [1235]
STATS - lpIterations[1] lagIterations[260] sspIterations[17958] numSeparations[600] numCuts[0] compileTime[25] sspSolveTime[529] lpSolveTime[0] lb[43605.6] ub[44225] numArcs: [5272167] numFixed: [2587632] time: [1353]
STATS - lpIterations[1] lagIterations[261] sspIterations[18023] numSeparations[600] numCuts[0] compileTime[25] sspSolveTime[530] lpSolveTime[0] lb[43626.7] ub[44225] numArcs: [5272167] numFixed: [2615438] time: [1358]
STATS - lpIterations[1] lagIterations[300] sspIterations[20743] numSeparations[633] numCuts[0] compileTime[25] sspSolveTime[597] lpSolveTime[0] lb[43640.3] ub[44225] numArcs: [5279374] numFixed: [2755453] time: [1565]
STATS - lpIterations[1] lagIterations[319] sspIterations[22107] numSeparations[633] numCuts[0] compileTime[25] sspSolveTime[630] lpSolveTime[0] lb[43646.8] ub[44225] numArcs: [5279339] numFixed: [2862934] time: [1665]
STATS - lpIterations[1] lagIterations[320] sspIterations[22172] numSeparations[633] numCuts[0] compileTime[25] sspSolveTime[631] lpSolveTime[0] lb[43658.4] ub[44225] numArcs: [5279339] numFixed: [2907516] time: [1670]
STATS - lpIterations[1] lagIterations[371] sspIterations[25637] numSeparations[660] numCuts[0] compileTime[25] sspSolveTime[712] lpSolveTime[0] lb[43673.4] ub[44225] numArcs: [5286508] numFixed: [2987781] time: [1931]
STATS - lpIterations[1] lagIterations[405] sspIterations[27927] numSeparations[695] numCuts[0] compileTime[25] sspSolveTime[763] lpSolveTime[0] lb[43684.4] ub[44225] numArcs: [5296164] numFixed: [3069691] time: [2100]
STATS - lpIterations[1] lagIterations[411] sspIterations[28344] numSeparations[695] numCuts[0] compileTime[25] sspSolveTime[773] lpSolveTime[0] lb[43687.2] ub[44225] numArcs: [5296142] numFixed: [3178021] time: [2130]
STATS - lpIterations[1] lagIterations[466] sspIterations[32025] numSeparations[695] numCuts[0] compileTime[25] sspSolveTime[850] lpSolveTime[0] lb[43692.5] ub[44225] numArcs: [5296087] numFixed: [3205405] time: [2384]
STATS - lpIterations[1] lagIterations[467] sspIterations[32079] numSeparations[695] numCuts[0] compileTime[25] sspSolveTime[851] lpSolveTime[0] lb[43696.4] ub[44225] numArcs: [5296087] numFixed: [3235893] time: [2389]
STATS - lpIterations[1] lagIterations[474] sspIterations[32555] numSeparations[695] numCuts[0] compileTime[25] sspSolveTime[861] lpSolveTime[0] lb[43699.4] ub[44225] numArcs: [5296084] numFixed: [3259562] time: [2421]
STATS - lpIterations[1] lagIterations[494] sspIterations[33902] numSeparations[723] numCuts[0] compileTime[25] sspSolveTime[890] lpSolveTime[0] lb[43704.4] ub[44225] numArcs: [5304562] numFixed: [3212800] time: [2518]
STATS - lpIterations[1] lagIterations[512] sspIterations[35125] numSeparations[723] numCuts[0] compileTime[25] sspSolveTime[915] lpSolveTime[0] lb[43709.1] ub[44225] numArcs: [5304538] numFixed: [3321046] time: [2601]
STATS - lpIterations[1] lagIterations[543] sspIterations[37188] numSeparations[723] numCuts[0] compileTime[25] sspSolveTime[957] lpSolveTime[0] lb[43709.9] ub[44225] numArcs: [5304525] numFixed: [3360102] time: [2742]
STATS - lpIterations[2] lagIterations[552] sspIterations[37780] numSeparations[723] numCuts[0] compileTime[25] sspSolveTime[970] lpSolveTime[0] lb[43709.9] ub[44225] numArcs: [5304525] numFixed: [3363940] time: [2784]
