relax time window constraint
capacity: 133
instance upper bound: 20557
compiling DD
time step mult: 1
time step: 10
cap step: 1
done compiling DD
batch size for lag: 50
iteration delay to start separating: 100
optimality gap to start repairing: 5
percent fixed to change to CPLEX: 97.5
num arcs to change to CPLEX: 100000
num arcs to change to LAG: 999999999
STATS - lpIterations[0] lagIterations[0] sspIterations[0] numSeparations[0] numCuts[0] compileTime[14] sspSolveTime[0] lpSolveTime[0] lb[0] ub[20557] numArcs: [6124758] numFixed: [0] time: [14]
STATS - lpIterations[1] lagIterations[0] sspIterations[0] numSeparations[0] numCuts[0] compileTime[14] sspSolveTime[0] lpSolveTime[0] lb[0] ub[20557] numArcs: [6124758] numFixed: [0] time: [14]
STATS - lpIterations[1] lagIterations[1] sspIterations[1] numSeparations[0] numCuts[0] compileTime[14] sspSolveTime[0] lpSolveTime[0] lb[14537.4] ub[20557] numArcs: [6124758] numFixed: [0] time: [14]
STATS - lpIterations[1] lagIterations[2] sspIterations[2] numSeparations[0] numCuts[0] compileTime[14] sspSolveTime[0] lpSolveTime[0] lb[15223.5] ub[20557] numArcs: [6124740] numFixed: [0] time: [15]
STATS - lpIterations[1] lagIterations[3] sspIterations[3] numSeparations[0] numCuts[0] compileTime[14] sspSolveTime[0] lpSolveTime[0] lb[15767.3] ub[20557] numArcs: [6124724] numFixed: [0] time: [15]
STATS - lpIterations[1] lagIterations[4] sspIterations[4] numSeparations[0] numCuts[0] compileTime[14] sspSolveTime[1] lpSolveTime[0] lb[16445.9] ub[20557] numArcs: [6124724] numFixed: [0] time: [16]
STATS - lpIterations[1] lagIterations[5] sspIterations[5] numSeparations[0] numCuts[0] compileTime[14] sspSolveTime[1] lpSolveTime[0] lb[17035.9] ub[20557] numArcs: [6124705] numFixed: [0] time: [16]
STATS - lpIterations[1] lagIterations[6] sspIterations[6] numSeparations[0] numCuts[0] compileTime[14] sspSolveTime[1] lpSolveTime[0] lb[17636.6] ub[20557] numArcs: [6124686] numFixed: [0] time: [17]
STATS - lpIterations[1] lagIterations[8] sspIterations[85] numSeparations[0] numCuts[0] compileTime[14] sspSolveTime[11] lpSolveTime[0] lb[17805.6] ub[20557] numArcs: [6123258] numFixed: [0] time: [28]
STATS - lpIterations[1] lagIterations[9] sspIterations[93] numSeparations[0] numCuts[0] compileTime[14] sspSolveTime[12] lpSolveTime[0] lb[18230.2] ub[20557] numArcs: [6123258] numFixed: [0] time: [28]
STATS - lpIterations[1] lagIterations[10] sspIterations[98] numSeparations[0] numCuts[0] compileTime[14] sspSolveTime[12] lpSolveTime[0] lb[18258.1] ub[20557] numArcs: [6123203] numFixed: [0] time: [29]
STATS - lpIterations[1] lagIterations[11] sspIterations[101] numSeparations[0] numCuts[0] compileTime[14] sspSolveTime[13] lpSolveTime[0] lb[18351.1] ub[20557] numArcs: [6123189] numFixed: [0] time: [29]
STATS - lpIterations[1] lagIterations[13] sspIterations[167] numSeparations[0] numCuts[0] compileTime[14] sspSolveTime[18] lpSolveTime[0] lb[18668.1] ub[20557] numArcs: [6122134] numFixed: [0] time: [35]
STATS - lpIterations[1] lagIterations[16] sspIterations[187] numSeparations[0] numCuts[0] compileTime[14] sspSolveTime[21] lpSolveTime[0] lb[18694.8] ub[20557] numArcs: [6121989] numFixed: [0] time: [38]
STATS - lpIterations[1] lagIterations[18] sspIterations[279] numSeparations[0] numCuts[0] compileTime[14] sspSolveTime[30] lpSolveTime[0] lb[18723.6] ub[20557] numArcs: [6121012] numFixed: [0] time: [47]
STATS - lpIterations[1] lagIterations[19] sspIterations[284] numSeparations[0] numCuts[0] compileTime[14] sspSolveTime[31] lpSolveTime[0] lb[19015.7] ub[20557] numArcs: [6120996] numFixed: [0] time: [48]
STATS - lpIterations[1] lagIterations[22] sspIterations[381] numSeparations[0] numCuts[0] compileTime[14] sspSolveTime[43] lpSolveTime[0] lb[19051.8] ub[20557] numArcs: [6120130] numFixed: [0] time: [60]
STATS - lpIterations[1] lagIterations[25] sspIterations[555] numSeparations[0] numCuts[0] compileTime[14] sspSolveTime[81] lpSolveTime[0] lb[19069.1] ub[20557] numArcs: [6118951] numFixed: [36244] time: [99]
STATS - lpIterations[1] lagIterations[26] sspIterations[561] numSeparations[0] numCuts[0] compileTime[14] sspSolveTime[82] lpSolveTime[0] lb[19325.4] ub[20557] numArcs: [6118929] numFixed: [36244] time: [100]
STATS - lpIterations[1] lagIterations[36] sspIterations[952] numSeparations[0] numCuts[0] compileTime[14] sspSolveTime[172] lpSolveTime[0] lb[19473.3] ub[20557] numArcs: [6116329] numFixed: [133059] time: [192]
STATS - lpIterations[1] lagIterations[54] sspIterations[1593] numSeparations[0] numCuts[0] compileTime[14] sspSolveTime[303] lpSolveTime[0] lb[19578.8] ub[20557] numArcs: [6114583] numFixed: [173616] time: [324]
STATS - lpIterations[1] lagIterations[54] sspIterations[1593] numSeparations[0] numCuts[0] compileTime[14] sspSolveTime[303] lpSolveTime[0] lb[19623.8] ub[20557] numArcs: [6114583] numFixed: [173616] time: [325]
STATS - lpIterations[1] lagIterations[65] sspIterations[2023] numSeparations[0] numCuts[0] compileTime[14] sspSolveTime[391] lpSolveTime[0] lb[19644.2] ub[20557] numArcs: [6113279] numFixed: [608442] time: [418]
STATS - lpIterations[1] lagIterations[65] sspIterations[2023] numSeparations[0] numCuts[0] compileTime[14] sspSolveTime[391] lpSolveTime[0] lb[19677.4] ub[20557] numArcs: [6113279] numFixed: [608442] time: [419]
STATS - lpIterations[1] lagIterations[79] sspIterations[2554] numSeparations[0] numCuts[0] compileTime[14] sspSolveTime[508] lpSolveTime[0] lb[19692.9] ub[20557] numArcs: [6112412] numFixed: [774672] time: [541]
STATS - lpIterations[1] lagIterations[112] sspIterations[3509] numSeparations[201] numCuts[0] compileTime[14] sspSolveTime[652] lpSolveTime[0] lb[19720.1] ub[20557] numArcs: [6315801] numFixed: [0] time: [707]
STATS - lpIterations[1] lagIterations[117] sspIterations[3679] numSeparations[316] numCuts[0] compileTime[14] sspSolveTime[677] lpSolveTime[0] lb[19740.3] ub[20557] numArcs: [6411661] numFixed: [0] time: [737]
STATS - lpIterations[1] lagIterations[117] sspIterations[3679] numSeparations[316] numCuts[0] compileTime[14] sspSolveTime[677] lpSolveTime[0] lb[19787.3] ub[20557] numArcs: [6411661] numFixed: [0] time: [738]
STATS - lpIterations[1] lagIterations[154] sspIterations[4748] numSeparations[1061] numCuts[0] compileTime[14] sspSolveTime[860] lpSolveTime[0] lb[19788.1] ub[20557] numArcs: [6891640] numFixed: [0] time: [957]
STATS - lpIterations[1] lagIterations[155] sspIterations[4775] numSeparations[1061] numCuts[0] compileTime[14] sspSolveTime[863] lpSolveTime[0] lb[19790.7] ub[20557] numArcs: [6891577] numFixed: [1296785] time: [962]
STATS - lpIterations[1] lagIterations[159] sspIterations[4953] numSeparations[1173] numCuts[0] compileTime[14] sspSolveTime[919] lpSolveTime[0] lb[19849.3] ub[20557] numArcs: [6959931] numFixed: [0] time: [1021]
STATS - lpIterations[1] lagIterations[180] sspIterations[5661] numSeparations[1637] numCuts[0] compileTime[14] sspSolveTime[1077] lpSolveTime[0] lb[19859.8] ub[20557] numArcs: [7209295] numFixed: [0] time: [1207]
STATS - lpIterations[1] lagIterations[207] sspIterations[6509] numSeparations[2172] numCuts[0] compileTime[14] sspSolveTime[1261] lpSolveTime[0] lb[19866.1] ub[20557] numArcs: [7471497] numFixed: [0] time: [1429]
STATS - lpIterations[1] lagIterations[218] sspIterations[6827] numSeparations[2373] numCuts[0] compileTime[14] sspSolveTime[1345] lpSolveTime[0] lb[19880.8] ub[20557] numArcs: [7567179] numFixed: [0] time: [1529]
STATS - lpIterations[1] lagIterations[241] sspIterations[7387] numSeparations[2711] numCuts[0] compileTime[14] sspSolveTime[1464] lpSolveTime[0] lb[19897.3] ub[20557] numArcs: [7743557] numFixed: [0] time: [1686]
STATS - lpIterations[1] lagIterations[257] sspIterations[7915] numSeparations[2978] numCuts[0] compileTime[14] sspSolveTime[1595] lpSolveTime[0] lb[19902.3] ub[20557] numArcs: [7857731] numFixed: [0] time: [1846]
STATS - lpIterations[1] lagIterations[277] sspIterations[8421] numSeparations[3289] numCuts[0] compileTime[14] sspSolveTime[1708] lpSolveTime[0] lb[19914.1] ub[20557] numArcs: [7998819] numFixed: [0] time: [1991]
STATS - lpIterations[1] lagIterations[295] sspIterations[9048] numSeparations[3615] numCuts[0] compileTime[14] sspSolveTime[1848] lpSolveTime[0] lb[19919.9] ub[20557] numArcs: [8157058] numFixed: [0] time: [2163]
STATS - lpIterations[1] lagIterations[303] sspIterations[9329] numSeparations[3733] numCuts[0] compileTime[14] sspSolveTime[1922] lpSolveTime[0] lb[19921.2] ub[20557] numArcs: [8203652] numFixed: [2348760] time: [2255]
STATS - lpIterations[1] lagIterations[319] sspIterations[9714] numSeparations[3965] numCuts[0] compileTime[14] sspSolveTime[2006] lpSolveTime[0] lb[19925.1] ub[20557] numArcs: [8308913] numFixed: [0] time: [2373]
STATS - lpIterations[1] lagIterations[325] sspIterations[9905] numSeparations[4075] numCuts[0] compileTime[14] sspSolveTime[2053] lpSolveTime[0] lb[19926.6] ub[20557] numArcs: [8354686] numFixed: [0] time: [2434]
STATS - lpIterations[1] lagIterations[326] sspIterations[9927] numSeparations[4075] numCuts[0] compileTime[14] sspSolveTime[2056] lpSolveTime[0] lb[19927.9] ub[20557] numArcs: [8354662] numFixed: [2451052] time: [2440]
STATS - lpIterations[1] lagIterations[345] sspIterations[10503] numSeparations[4372] numCuts[0] compileTime[14] sspSolveTime[2209] lpSolveTime[0] lb[19928] ub[20557] numArcs: [8481519] numFixed: [2496157] time: [2633]
STATS - lpIterations[1] lagIterations[354] sspIterations[10754] numSeparations[4496] numCuts[0] compileTime[14] sspSolveTime[2269] lpSolveTime[0] lb[19929.2] ub[20557] numArcs: [8533041] numFixed: [0] time: [2713]
STATS - lpIterations[1] lagIterations[366] sspIterations[11156] numSeparations[4675] numCuts[0] compileTime[14] sspSolveTime[2382] lpSolveTime[0] lb[19937.6] ub[20557] numArcs: [8617397] numFixed: [0] time: [2852]
STATS - lpIterations[1] lagIterations[379] sspIterations[11525] numSeparations[4853] numCuts[0] compileTime[14] sspSolveTime[2454] lpSolveTime[0] lb[19938.6] ub[20557] numArcs: [8692622] numFixed: [0] time: [2953]
STATS - lpIterations[1] lagIterations[385] sspIterations[11687] numSeparations[4934] numCuts[0] compileTime[14] sspSolveTime[2496] lpSolveTime[0] lb[19942.3] ub[20557] numArcs: [8729065] numFixed: [0] time: [3011]
STATS - lpIterations[1] lagIterations[393] sspIterations[11956] numSeparations[5055] numCuts[0] compileTime[14] sspSolveTime[2581] lpSolveTime[0] lb[19942.7] ub[20557] numArcs: [8781073] numFixed: [0] time: [3113]
STATS - lpIterations[1] lagIterations[418] sspIterations[12576] numSeparations[5394] numCuts[0] compileTime[14] sspSolveTime[2730] lpSolveTime[0] lb[19953.2] ub[20557] numArcs: [8924917] numFixed: [0] time: [3328]
STATS - lpIterations[1] lagIterations[419] sspIterations[12595] numSeparations[5394] numCuts[0] compileTime[14] sspSolveTime[2734] lpSolveTime[0] lb[19953.4] ub[20557] numArcs: [8924893] numFixed: [2828435] time: [3336]
