relax time window constraint
capacity: 55
instance upper bound: 34231
compiling DD
time step mult: 1
time step: 10
cap step: 1
done compiling DD
batch size for lag: 50
iteration delay to start separating: 100
optimality gap to start repairing: 5
percent fixed to change to CPLEX: 97.5
num arcs to change to CPLEX: 100000
num arcs to change to LAG: 999999999
STATS - lpIterations[0] lagIterations[0] sspIterations[0] numSeparations[0] numCuts[0] compileTime[29] sspSolveTime[0] lpSolveTime[0] lb[0] ub[34231] numArcs: [7365713] numFixed: [0] time: [29]
STATS - lpIterations[1] lagIterations[0] sspIterations[0] numSeparations[0] numCuts[0] compileTime[29] sspSolveTime[0] lpSolveTime[0] lb[0] ub[34231] numArcs: [7365713] numFixed: [0] time: [29]
STATS - lpIterations[1] lagIterations[1] sspIterations[1] numSeparations[0] numCuts[0] compileTime[29] sspSolveTime[0] lpSolveTime[0] lb[26468.7] ub[34231] numArcs: [7365705] numFixed: [0] time: [29]
STATS - lpIterations[1] lagIterations[2] sspIterations[2] numSeparations[0] numCuts[0] compileTime[29] sspSolveTime[0] lpSolveTime[0] lb[27727.4] ub[34231] numArcs: [7365705] numFixed: [0] time: [30]
STATS - lpIterations[1] lagIterations[3] sspIterations[3] numSeparations[0] numCuts[0] compileTime[29] sspSolveTime[0] lpSolveTime[0] lb[29012.9] ub[34231] numArcs: [7365693] numFixed: [0] time: [30]
STATS - lpIterations[1] lagIterations[4] sspIterations[26] numSeparations[0] numCuts[0] compileTime[29] sspSolveTime[2] lpSolveTime[0] lb[30113.7] ub[34231] numArcs: [7365418] numFixed: [0] time: [32]
STATS - lpIterations[1] lagIterations[5] sspIterations[29] numSeparations[0] numCuts[0] compileTime[29] sspSolveTime[2] lpSolveTime[0] lb[30384.3] ub[34231] numArcs: [7365390] numFixed: [0] time: [33]
STATS - lpIterations[1] lagIterations[7] sspIterations[144] numSeparations[0] numCuts[0] compileTime[29] sspSolveTime[12] lpSolveTime[0] lb[31109.1] ub[34231] numArcs: [7364361] numFixed: [0] time: [42]
STATS - lpIterations[1] lagIterations[8] sspIterations[165] numSeparations[0] numCuts[0] compileTime[29] sspSolveTime[13] lpSolveTime[0] lb[31255.2] ub[34231] numArcs: [7364169] numFixed: [0] time: [44]
STATS - lpIterations[1] lagIterations[9] sspIterations[173] numSeparations[0] numCuts[0] compileTime[29] sspSolveTime[14] lpSolveTime[0] lb[31437.8] ub[34231] numArcs: [7364145] numFixed: [0] time: [45]
STATS - lpIterations[1] lagIterations[11] sspIterations[334] numSeparations[0] numCuts[0] compileTime[29] sspSolveTime[24] lpSolveTime[0] lb[31798.8] ub[34231] numArcs: [7363096] numFixed: [0] time: [56]
STATS - lpIterations[1] lagIterations[12] sspIterations[348] numSeparations[0] numCuts[0] compileTime[29] sspSolveTime[25] lpSolveTime[0] lb[32008.1] ub[34231] numArcs: [7363057] numFixed: [0] time: [57]
STATS - lpIterations[1] lagIterations[14] sspIterations[441] numSeparations[0] numCuts[0] compileTime[29] sspSolveTime[32] lpSolveTime[0] lb[32144.9] ub[34231] numArcs: [7362821] numFixed: [0] time: [63]
STATS - lpIterations[1] lagIterations[16] sspIterations[571] numSeparations[0] numCuts[0] compileTime[29] sspSolveTime[39] lpSolveTime[0] lb[32283.7] ub[34231] numArcs: [7362186] numFixed: [0] time: [71]
STATS - lpIterations[1] lagIterations[18] sspIterations[627] numSeparations[0] numCuts[0] compileTime[29] sspSolveTime[42] lpSolveTime[0] lb[32324.9] ub[34231] numArcs: [7362045] numFixed: [0] time: [74]
STATS - lpIterations[1] lagIterations[20] sspIterations[836] numSeparations[0] numCuts[0] compileTime[29] sspSolveTime[54] lpSolveTime[0] lb[32497.9] ub[34231] numArcs: [7361110] numFixed: [0] time: [87]
STATS - lpIterations[1] lagIterations[21] sspIterations[850] numSeparations[0] numCuts[0] compileTime[29] sspSolveTime[55] lpSolveTime[0] lb[32649.7] ub[34231] numArcs: [7361104] numFixed: [0] time: [87]
STATS - lpIterations[1] lagIterations[21] sspIterations[850] numSeparations[0] numCuts[0] compileTime[29] sspSolveTime[55] lpSolveTime[0] lb[32681.8] ub[34231] numArcs: [7361104] numFixed: [0] time: [89]
STATS - lpIterations[1] lagIterations[23] sspIterations[1039] numSeparations[0] numCuts[0] compileTime[29] sspSolveTime[66] lpSolveTime[0] lb[32845.7] ub[34231] numArcs: [7360461] numFixed: [1475] time: [104]
STATS - lpIterations[1] lagIterations[26] sspIterations[1210] numSeparations[0] numCuts[0] compileTime[29] sspSolveTime[77] lpSolveTime[0] lb[32883.7] ub[34231] numArcs: [7359924] numFixed: [14484] time: [121]
STATS - lpIterations[1] lagIterations[30] sspIterations[1416] numSeparations[0] numCuts[0] compileTime[29] sspSolveTime[90] lpSolveTime[0] lb[32927.3] ub[34231] numArcs: [7359399] numFixed: [22781] time: [142]
STATS - lpIterations[1] lagIterations[38] sspIterations[1904] numSeparations[0] numCuts[0] compileTime[29] sspSolveTime[121] lpSolveTime[0] lb[32970.5] ub[34231] numArcs: [7358159] numFixed: [36425] time: [184]
STATS - lpIterations[1] lagIterations[38] sspIterations[1904] numSeparations[0] numCuts[0] compileTime[29] sspSolveTime[121] lpSolveTime[0] lb[33042] ub[34231] numArcs: [7358159] numFixed: [36425] time: [186]
STATS - lpIterations[1] lagIterations[58] sspIterations[3115] numSeparations[0] numCuts[0] compileTime[29] sspSolveTime[194] lpSolveTime[0] lb[33088.1] ub[34231] numArcs: [7356935] numFixed: [97747] time: [295]
STATS - lpIterations[1] lagIterations[58] sspIterations[3115] numSeparations[0] numCuts[0] compileTime[29] sspSolveTime[194] lpSolveTime[0] lb[33150.8] ub[34231] numArcs: [7356935] numFixed: [97747] time: [298]
STATS - lpIterations[1] lagIterations[76] sspIterations[4413] numSeparations[0] numCuts[0] compileTime[29] sspSolveTime[266] lpSolveTime[0] lb[33162.5] ub[34231] numArcs: [7356061] numFixed: [208917] time: [410]
STATS - lpIterations[1] lagIterations[93] sspIterations[5480] numSeparations[0] numCuts[0] compileTime[29] sspSolveTime[330] lpSolveTime[0] lb[33182.7] ub[34231] numArcs: [7355537] numFixed: [226067] time: [517]
STATS - lpIterations[1] lagIterations[113] sspIterations[6439] numSeparations[391] numCuts[0] compileTime[29] sspSolveTime[382] lpSolveTime[0] lb[33325.5] ub[34231] numArcs: [7783086] numFixed: [0] time: [622]
STATS - lpIterations[1] lagIterations[122] sspIterations[7074] numSeparations[735] numCuts[0] compileTime[29] sspSolveTime[427] lpSolveTime[0] lb[33349] ub[34231] numArcs: [8092630] numFixed: [0] time: [694]
STATS - lpIterations[1] lagIterations[131] sspIterations[7707] numSeparations[1050] numCuts[0] compileTime[29] sspSolveTime[470] lpSolveTime[0] lb[33382] ub[34231] numArcs: [8349188] numFixed: [0] time: [770]
STATS - lpIterations[1] lagIterations[139] sspIterations[8254] numSeparations[1317] numCuts[0] compileTime[29] sspSolveTime[505] lpSolveTime[0] lb[33387.1] ub[34231] numArcs: [8559950] numFixed: [0] time: [828]
STATS - lpIterations[1] lagIterations[149] sspIterations[8843] numSeparations[1553] numCuts[0] compileTime[29] sspSolveTime[544] lpSolveTime[0] lb[33418.3] ub[34231] numArcs: [8746444] numFixed: [0] time: [906]
STATS - lpIterations[1] lagIterations[165] sspIterations[9795] numSeparations[1915] numCuts[0] compileTime[29] sspSolveTime[608] lpSolveTime[0] lb[33478] ub[34231] numArcs: [9017441] numFixed: [0] time: [1038]
STATS - lpIterations[1] lagIterations[174] sspIterations[10374] numSeparations[2118] numCuts[0] compileTime[29] sspSolveTime[656] lpSolveTime[0] lb[33509.1] ub[34231] numArcs: [9167505] numFixed: [0] time: [1124]
STATS - lpIterations[1] lagIterations[211] sspIterations[12442] numSeparations[2876] numCuts[0] compileTime[29] sspSolveTime[814] lpSolveTime[0] lb[33533.7] ub[34231] numArcs: [9683660] numFixed: [0] time: [1454]
STATS - lpIterations[1] lagIterations[237] sspIterations[13895] numSeparations[3282] numCuts[0] compileTime[29] sspSolveTime[925] lpSolveTime[0] lb[33557.4] ub[34231] numArcs: [9972682] numFixed: [2468002] time: [1694]
STATS - lpIterations[1] lagIterations[245] sspIterations[14399] numSeparations[3415] numCuts[0] compileTime[29] sspSolveTime[965] lpSolveTime[0] lb[33565.8] ub[34231] numArcs: [10069726] numFixed: [2248436] time: [1777]
STATS - lpIterations[1] lagIterations[246] sspIterations[14462] numSeparations[3512] numCuts[0] compileTime[29] sspSolveTime[971] lpSolveTime[0] lb[33571.6] ub[34231] numArcs: [10136722] numFixed: [0] time: [1791]
STATS - lpIterations[1] lagIterations[272] sspIterations[15868] numSeparations[3839] numCuts[0] compileTime[29] sspSolveTime[1081] lpSolveTime[0] lb[33595.8] ub[34231] numArcs: [10340687] numFixed: [2853555] time: [2043]
STATS - lpIterations[1] lagIterations[273] sspIterations[15944] numSeparations[3897] numCuts[0] compileTime[29] sspSolveTime[1087] lpSolveTime[0] lb[33604.5] ub[34231] numArcs: [10376873] numFixed: [0] time: [2058]
STATS - lpIterations[1] lagIterations[319] sspIterations[18385] numSeparations[4457] numCuts[0] compileTime[29] sspSolveTime[1272] lpSolveTime[0] lb[33612.3] ub[34231] numArcs: [10739243] numFixed: [3198847] time: [2498]
STATS - lpIterations[1] lagIterations[320] sspIterations[18432] numSeparations[4535] numCuts[0] compileTime[29] sspSolveTime[1275] lpSolveTime[0] lb[33615] ub[34231] numArcs: [10788961] numFixed: [0] time: [2509]
STATS - lpIterations[1] lagIterations[364] sspIterations[20572] numSeparations[4962] numCuts[0] compileTime[29] sspSolveTime[1431] lpSolveTime[0] lb[33629] ub[34231] numArcs: [11081005] numFixed: [3564837] time: [2908]
STATS - lpIterations[1] lagIterations[365] sspIterations[20618] numSeparations[5019] numCuts[0] compileTime[29] sspSolveTime[1435] lpSolveTime[0] lb[33631.7] ub[34231] numArcs: [11121370] numFixed: [0] time: [2919]
STATS - lpIterations[1] lagIterations[369] sspIterations[20844] numSeparations[5019] numCuts[0] compileTime[29] sspSolveTime[1453] lpSolveTime[0] lb[33644.4] ub[34231] numArcs: [11121209] numFixed: [4088730] time: [2960]
STATS - lpIterations[1] lagIterations[370] sspIterations[20913] numSeparations[5086] numCuts[0] compileTime[29] sspSolveTime[1457] lpSolveTime[0] lb[33655.5] ub[34231] numArcs: [11164242] numFixed: [0] time: [2973]
STATS - lpIterations[1] lagIterations[389] sspIterations[22005] numSeparations[5253] numCuts[0] compileTime[29] sspSolveTime[1540] lpSolveTime[0] lb[33665.6] ub[34231] numArcs: [11272002] numFixed: [3838841] time: [3175]
STATS - lpIterations[1] lagIterations[420] sspIterations[23826] numSeparations[5642] numCuts[0] compileTime[29] sspSolveTime[1688] lpSolveTime[0] lb[33667.4] ub[34231] numArcs: [11520312] numFixed: [0] time: [3530]
