relax time window constraint
capacity: 402
instance upper bound: 58578
compiling DD
time step mult: 1
time step: 10
cap step: 1
done compiling DD
batch size for lag: 50
iteration delay to start separating: 100
optimality gap to start repairing: 5
percent fixed to change to CPLEX: 97.5
num arcs to change to CPLEX: 100000
num arcs to change to LAG: 999999999
STATS - lpIterations[0] lagIterations[0] sspIterations[0] numSeparations[0] numCuts[0] compileTime[126] sspSolveTime[0] lpSolveTime[0] lb[0] ub[58578] numArcs: [17257574] numFixed: [0] time: [126]
STATS - lpIterations[1] lagIterations[0] sspIterations[0] numSeparations[0] numCuts[0] compileTime[126] sspSolveTime[0] lpSolveTime[0] lb[0] ub[58578] numArcs: [17257574] numFixed: [0] time: [126]
STATS - lpIterations[1] lagIterations[1] sspIterations[1] numSeparations[0] numCuts[0] compileTime[126] sspSolveTime[0] lpSolveTime[0] lb[53668.4] ub[58578] numArcs: [17257574] numFixed: [0] time: [127]
STATS - lpIterations[1] lagIterations[2] sspIterations[61] numSeparations[0] numCuts[0] compileTime[126] sspSolveTime[7] lpSolveTime[0] lb[55723.7] ub[58578] numArcs: [17257230] numFixed: [0] time: [135]
STATS - lpIterations[1] lagIterations[2] sspIterations[61] numSeparations[0] numCuts[0] compileTime[126] sspSolveTime[7] lpSolveTime[0] lb[56088.2] ub[58578] numArcs: [17257230] numFixed: [0] time: [142]
STATS - lpIterations[1] lagIterations[5] sspIterations[303] numSeparations[0] numCuts[0] compileTime[126] sspSolveTime[52] lpSolveTime[0] lb[56206.7] ub[58578] numArcs: [17256063] numFixed: [154] time: [191]
STATS - lpIterations[1] lagIterations[5] sspIterations[303] numSeparations[0] numCuts[0] compileTime[126] sspSolveTime[52] lpSolveTime[0] lb[56540.7] ub[58578] numArcs: [17256063] numFixed: [154] time: [199]
STATS - lpIterations[1] lagIterations[8] sspIterations[586] numSeparations[0] numCuts[0] compileTime[126] sspSolveTime[113] lpSolveTime[0] lb[56661.3] ub[58578] numArcs: [17255171] numFixed: [13955] time: [275]
STATS - lpIterations[1] lagIterations[17] sspIterations[1462] numSeparations[0] numCuts[0] compileTime[126] sspSolveTime[348] lpSolveTime[0] lb[56829.2] ub[58578] numArcs: [17252989] numFixed: [27313] time: [524]
STATS - lpIterations[1] lagIterations[17] sspIterations[1462] numSeparations[0] numCuts[0] compileTime[126] sspSolveTime[348] lpSolveTime[0] lb[57014.5] ub[58578] numArcs: [17252989] numFixed: [27313] time: [530]
STATS - lpIterations[1] lagIterations[22] sspIterations[1921] numSeparations[0] numCuts[0] compileTime[126] sspSolveTime[462] lpSolveTime[0] lb[57016.2] ub[58578] numArcs: [17252275] numFixed: [106330] time: [657]
STATS - lpIterations[1] lagIterations[22] sspIterations[1921] numSeparations[0] numCuts[0] compileTime[126] sspSolveTime[462] lpSolveTime[0] lb[57102.2] ub[58578] numArcs: [17252275] numFixed: [106330] time: [664]
STATS - lpIterations[1] lagIterations[35] sspIterations[3233] numSeparations[0] numCuts[0] compileTime[126] sspSolveTime[778] lpSolveTime[0] lb[57187.2] ub[58578] numArcs: [17250998] numFixed: [163412] time: [1040]
STATS - lpIterations[1] lagIterations[49] sspIterations[4683] numSeparations[0] numCuts[0] compileTime[126] sspSolveTime[1090] lpSolveTime[0] lb[57321.2] ub[58578] numArcs: [17249909] numFixed: [245734] time: [1427]
STATS - lpIterations[1] lagIterations[55] sspIterations[5316] numSeparations[0] numCuts[0] compileTime[126] sspSolveTime[1262] lpSolveTime[0] lb[57406.7] ub[58578] numArcs: [17249520] numFixed: [535514] time: [1632]
STATS - lpIterations[1] lagIterations[73] sspIterations[6889] numSeparations[0] numCuts[0] compileTime[126] sspSolveTime[1614] lpSolveTime[0] lb[57441.2] ub[58578] numArcs: [17248801] numFixed: [944728] time: [2086]
STATS - lpIterations[1] lagIterations[88] sspIterations[8120] numSeparations[0] numCuts[0] compileTime[126] sspSolveTime[1806] lpSolveTime[0] lb[57475.6] ub[58578] numArcs: [17248462] numFixed: [1183875] time: [2376]
STATS - lpIterations[1] lagIterations[106] sspIterations[9582] numSeparations[322] numCuts[0] compileTime[126] sspSolveTime[2051] lpSolveTime[0] lb[57546.3] ub[58578] numArcs: [17385951] numFixed: [0] time: [2713]
STATS - lpIterations[1] lagIterations[121] sspIterations[10935] numSeparations[735] numCuts[0] compileTime[126] sspSolveTime[2282] lpSolveTime[0] lb[57664.2] ub[58578] numArcs: [17533222] numFixed: [0] time: [3054]
STATS - lpIterations[1] lagIterations[135] sspIterations[12170] numSeparations[954] numCuts[0] compileTime[126] sspSolveTime[2485] lpSolveTime[0] lb[57754.4] ub[58578] numArcs: [17608825] numFixed: [830655] time: [3372]
