relax time window constraint
capacity: 974
instance upper bound: 24145
compiling DD
time step mult: 1
time step: 10
cap step: 1
done compiling DD
batch size for lag: 100
iteration delay to start separating: 100
optimality gap to start repairing: 5
percent fixed to change to CPLEX: 97.5
num arcs to change to CPLEX: 100000
num arcs to change to LAG: 999999999
STATS - lpIterations[0] lagIterations[0] sspIterations[0] numSeparations[0] numCuts[0] compileTime[303] sspSolveTime[0] lpSolveTime[0] lb[0] ub[24145] numArcs: [50356934] numFixed: [0] time: [303]
STATS - lpIterations[1] lagIterations[0] sspIterations[0] numSeparations[0] numCuts[0] compileTime[303] sspSolveTime[0] lpSolveTime[0] lb[0] ub[24145] numArcs: [50356934] numFixed: [0] time: [303]
STATS - lpIterations[1] lagIterations[1] sspIterations[1] numSeparations[0] numCuts[0] compileTime[303] sspSolveTime[1] lpSolveTime[0] lb[17568.2] ub[24145] numArcs: [50356934] numFixed: [0] time: [305]
STATS - lpIterations[1] lagIterations[2] sspIterations[2] numSeparations[0] numCuts[0] compileTime[303] sspSolveTime[3] lpSolveTime[0] lb[18437.9] ub[24145] numArcs: [50356934] numFixed: [0] time: [310]
STATS - lpIterations[1] lagIterations[3] sspIterations[3] numSeparations[0] numCuts[0] compileTime[303] sspSolveTime[6] lpSolveTime[0] lb[19289] ub[24145] numArcs: [50356919] numFixed: [0] time: [315]
STATS - lpIterations[1] lagIterations[4] sspIterations[5] numSeparations[0] numCuts[0] compileTime[303] sspSolveTime[9] lpSolveTime[0] lb[19934.3] ub[24145] numArcs: [50356893] numFixed: [0] time: [321]
STATS - lpIterations[1] lagIterations[5] sspIterations[6] numSeparations[0] numCuts[0] compileTime[303] sspSolveTime[11] lpSolveTime[0] lb[20404.4] ub[24145] numArcs: [50356893] numFixed: [0] time: [324]
STATS - lpIterations[1] lagIterations[6] sspIterations[28] numSeparations[0] numCuts[0] compileTime[303] sspSolveTime[21] lpSolveTime[0] lb[20978.2] ub[24145] numArcs: [50356552] numFixed: [0] time: [338]
STATS - lpIterations[1] lagIterations[7] sspIterations[30] numSeparations[0] numCuts[0] compileTime[303] sspSolveTime[25] lpSolveTime[0] lb[21192.3] ub[24145] numArcs: [50356552] numFixed: [0] time: [342]
STATS - lpIterations[1] lagIterations[9] sspIterations[102] numSeparations[0] numCuts[0] compileTime[303] sspSolveTime[78] lpSolveTime[0] lb[21577.3] ub[24145] numArcs: [50355763] numFixed: [0] time: [397]
STATS - lpIterations[1] lagIterations[10] sspIterations[103] numSeparations[0] numCuts[0] compileTime[303] sspSolveTime[80] lpSolveTime[0] lb[21769.8] ub[24145] numArcs: [50355763] numFixed: [0] time: [399]
STATS - lpIterations[1] lagIterations[13] sspIterations[312] numSeparations[0] numCuts[0] compileTime[303] sspSolveTime[230] lpSolveTime[0] lb[22281.8] ub[24145] numArcs: [50354255] numFixed: [0] time: [552]
STATS - lpIterations[1] lagIterations[14] sspIterations[316] numSeparations[0] numCuts[0] compileTime[303] sspSolveTime[233] lpSolveTime[0] lb[22404.8] ub[24145] numArcs: [50354226] numFixed: [0] time: [556]
STATS - lpIterations[1] lagIterations[16] sspIterations[400] numSeparations[0] numCuts[0] compileTime[303] sspSolveTime[285] lpSolveTime[0] lb[22499.9] ub[24145] numArcs: [50353771] numFixed: [0] time: [609]
STATS - lpIterations[1] lagIterations[20] sspIterations[588] numSeparations[0] numCuts[0] compileTime[303] sspSolveTime[385] lpSolveTime[0] lb[22535.6] ub[24145] numArcs: [50352755] numFixed: [0] time: [713]
STATS - lpIterations[1] lagIterations[21] sspIterations[591] numSeparations[0] numCuts[0] compileTime[303] sspSolveTime[391] lpSolveTime[0] lb[22785] ub[24145] numArcs: [50352747] numFixed: [0] time: [720]
STATS - lpIterations[1] lagIterations[24] sspIterations[812] numSeparations[0] numCuts[0] compileTime[303] sspSolveTime[550] lpSolveTime[0] lb[22923.1] ub[24145] numArcs: [50351762] numFixed: [0] time: [881]
STATS - lpIterations[1] lagIterations[34] sspIterations[1148] numSeparations[0] numCuts[0] compileTime[303] sspSolveTime[780] lpSolveTime[0] lb[23082] ub[24145] numArcs: [50349970] numFixed: [0] time: [1120]
STATS - lpIterations[1] lagIterations[34] sspIterations[1148] numSeparations[0] numCuts[0] compileTime[303] sspSolveTime[780] lpSolveTime[0] lb[23131.7] ub[24145] numArcs: [50349970] numFixed: [0] time: [1129]
STATS - lpIterations[1] lagIterations[46] sspIterations[1783] numSeparations[0] numCuts[0] compileTime[303] sspSolveTime[1255] lpSolveTime[0] lb[23202.1] ub[24145] numArcs: [50348002] numFixed: [5209615] time: [1652]
STATS - lpIterations[1] lagIterations[46] sspIterations[1783] numSeparations[0] numCuts[0] compileTime[303] sspSolveTime[1255] lpSolveTime[0] lb[23243.3] ub[24145] numArcs: [50348002] numFixed: [5209615] time: [1661]
STATS - lpIterations[1] lagIterations[63] sspIterations[2648] numSeparations[0] numCuts[0] compileTime[303] sspSolveTime[1861] lpSolveTime[0] lb[23306.9] ub[24145] numArcs: [50346208] numFixed: [8095943] time: [2408]
