relax time window constraint
capacity: 142
instance upper bound: 47812
compiling DD
time step mult: 1
time step: 10
cap step: 1
done compiling DD
batch size for lag: 100
iteration delay to start separating: 100
optimality gap to start repairing: 5
percent fixed to change to CPLEX: 97.5
num arcs to change to CPLEX: 100000
num arcs to change to LAG: 999999999
STATS - lpIterations[0] lagIterations[0] sspIterations[0] numSeparations[0] numCuts[0] compileTime[15] sspSolveTime[0] lpSolveTime[0] lb[0] ub[47812] numArcs: [5701740] numFixed: [0] time: [15]
STATS - lpIterations[1] lagIterations[0] sspIterations[0] numSeparations[0] numCuts[0] compileTime[15] sspSolveTime[0] lpSolveTime[0] lb[0] ub[47812] numArcs: [5701740] numFixed: [0] time: [15]
STATS - lpIterations[1] lagIterations[1] sspIterations[1] numSeparations[0] numCuts[0] compileTime[15] sspSolveTime[0] lpSolveTime[0] lb[40962.6] ub[47812] numArcs: [5701740] numFixed: [0] time: [15]
STATS - lpIterations[1] lagIterations[2] sspIterations[7] numSeparations[0] numCuts[0] compileTime[15] sspSolveTime[1] lpSolveTime[0] lb[42863] ub[47812] numArcs: [5701665] numFixed: [0] time: [17]
STATS - lpIterations[1] lagIterations[3] sspIterations[11] numSeparations[0] numCuts[0] compileTime[15] sspSolveTime[1] lpSolveTime[0] lb[43288.7] ub[47812] numArcs: [5701607] numFixed: [0] time: [17]
STATS - lpIterations[1] lagIterations[6] sspIterations[111] numSeparations[0] numCuts[0] compileTime[15] sspSolveTime[15] lpSolveTime[0] lb[43674.1] ub[47812] numArcs: [5700385] numFixed: [0] time: [32]
STATS - lpIterations[1] lagIterations[10] sspIterations[391] numSeparations[0] numCuts[0] compileTime[15] sspSolveTime[92] lpSolveTime[0] lb[44331.7] ub[47812] numArcs: [5698198] numFixed: [0] time: [109]
STATS - lpIterations[1] lagIterations[13] sspIterations[562] numSeparations[0] numCuts[0] compileTime[15] sspSolveTime[118] lpSolveTime[0] lb[44587.1] ub[47812] numArcs: [5697413] numFixed: [0] time: [135]
STATS - lpIterations[1] lagIterations[15] sspIterations[634] numSeparations[0] numCuts[0] compileTime[15] sspSolveTime[123] lpSolveTime[0] lb[44615.7] ub[47812] numArcs: [5697014] numFixed: [0] time: [141]
STATS - lpIterations[1] lagIterations[22] sspIterations[1186] numSeparations[0] numCuts[0] compileTime[15] sspSolveTime[263] lpSolveTime[0] lb[44655.5] ub[47812] numArcs: [5694566] numFixed: [0] time: [281]
STATS - lpIterations[1] lagIterations[23] sspIterations[1197] numSeparations[0] numCuts[0] compileTime[15] sspSolveTime[264] lpSolveTime[0] lb[45233.8] ub[47812] numArcs: [5694546] numFixed: [0] time: [282]
STATS - lpIterations[1] lagIterations[31] sspIterations[1566] numSeparations[0] numCuts[0] compileTime[15] sspSolveTime[320] lpSolveTime[0] lb[45245.9] ub[47812] numArcs: [5693555] numFixed: [0] time: [339]
STATS - lpIterations[1] lagIterations[34] sspIterations[1720] numSeparations[0] numCuts[0] compileTime[15] sspSolveTime[337] lpSolveTime[0] lb[45289.2] ub[47812] numArcs: [5693153] numFixed: [0] time: [356]
STATS - lpIterations[1] lagIterations[38] sspIterations[1899] numSeparations[0] numCuts[0] compileTime[15] sspSolveTime[358] lpSolveTime[0] lb[45311.7] ub[47812] numArcs: [5692832] numFixed: [0] time: [378]
STATS - lpIterations[1] lagIterations[43] sspIterations[2241] numSeparations[0] numCuts[0] compileTime[15] sspSolveTime[424] lpSolveTime[0] lb[45447.6] ub[47812] numArcs: [5691946] numFixed: [0] time: [444]
STATS - lpIterations[1] lagIterations[43] sspIterations[2241] numSeparations[0] numCuts[0] compileTime[15] sspSolveTime[424] lpSolveTime[0] lb[45900.2] ub[47812] numArcs: [5691946] numFixed: [0] time: [446]
STATS - lpIterations[1] lagIterations[62] sspIterations[3510] numSeparations[0] numCuts[0] compileTime[15] sspSolveTime[651] lpSolveTime[0] lb[46097.6] ub[47812] numArcs: [5689831] numFixed: [6235] time: [684]
STATS - lpIterations[1] lagIterations[73] sspIterations[4191] numSeparations[0] numCuts[0] compileTime[15] sspSolveTime[769] lpSolveTime[0] lb[46139.1] ub[47812] numArcs: [5689265] numFixed: [21866] time: [807]
STATS - lpIterations[1] lagIterations[73] sspIterations[4191] numSeparations[0] numCuts[0] compileTime[15] sspSolveTime[769] lpSolveTime[0] lb[46234.6] ub[47812] numArcs: [5689265] numFixed: [21866] time: [808]
STATS - lpIterations[1] lagIterations[81] sspIterations[4705] numSeparations[0] numCuts[0] compileTime[15] sspSolveTime[835] lpSolveTime[0] lb[46281.5] ub[47812] numArcs: [5688872] numFixed: [46925] time: [880]
STATS - lpIterations[1] lagIterations[92] sspIterations[5347] numSeparations[0] numCuts[0] compileTime[15] sspSolveTime[915] lpSolveTime[0] lb[46338.6] ub[47812] numArcs: [5688364] numFixed: [61595] time: [974]
STATS - lpIterations[1] lagIterations[98] sspIterations[5743] numSeparations[0] numCuts[0] compileTime[15] sspSolveTime[974] lpSolveTime[0] lb[46565] ub[47812] numArcs: [5688191] numFixed: [78411] time: [1040]
STATS - lpIterations[1] lagIterations[123] sspIterations[6999] numSeparations[532] numCuts[0] compileTime[15] sspSolveTime[1107] lpSolveTime[0] lb[46615.2] ub[47812] numArcs: [5970206] numFixed: [0] time: [1208]
STATS - lpIterations[1] lagIterations[129] sspIterations[7426] numSeparations[624] numCuts[0] compileTime[15] sspSolveTime[1166] lpSolveTime[0] lb[46700.4] ub[47812] numArcs: [6020344] numFixed: [173201] time: [1276]
STATS - lpIterations[1] lagIterations[134] sspIterations[7741] numSeparations[729] numCuts[0] compileTime[15] sspSolveTime[1209] lpSolveTime[0] lb[46753.6] ub[47812] numArcs: [6065099] numFixed: [216772] time: [1328]
STATS - lpIterations[1] lagIterations[135] sspIterations[7787] numSeparations[729] numCuts[0] compileTime[15] sspSolveTime[1213] lpSolveTime[0] lb[46764.1] ub[47812] numArcs: [6065081] numFixed: [527533] time: [1334]
STATS - lpIterations[1] lagIterations[147] sspIterations[8502] numSeparations[956] numCuts[0] compileTime[15] sspSolveTime[1311] lpSolveTime[0] lb[46827.2] ub[47812] numArcs: [6171189] numFixed: [310262] time: [1451]
STATS - lpIterations[1] lagIterations[161] sspIterations[9246] numSeparations[1163] numCuts[0] compileTime[15] sspSolveTime[1411] lpSolveTime[0] lb[46868.1] ub[47812] numArcs: [6258439] numFixed: [675004] time: [1576]
STATS - lpIterations[1] lagIterations[173] sspIterations[9906] numSeparations[1378] numCuts[0] compileTime[15] sspSolveTime[1484] lpSolveTime[0] lb[46917.8] ub[47812] numArcs: [6347964] numFixed: [845751] time: [1669]
STATS - lpIterations[1] lagIterations[180] sspIterations[10324] numSeparations[1486] numCuts[0] compileTime[15] sspSolveTime[1539] lpSolveTime[0] lb[46960.6] ub[47812] numArcs: [6395981] numFixed: [914171] time: [1738]
STATS - lpIterations[1] lagIterations[197] sspIterations[11264] numSeparations[1800] numCuts[0] compileTime[15] sspSolveTime[1646] lpSolveTime[0] lb[46971.9] ub[47812] numArcs: [6517113] numFixed: [0] time: [1878]
STATS - lpIterations[1] lagIterations[204] sspIterations[11694] numSeparations[1800] numCuts[0] compileTime[15] sspSolveTime[1692] lpSolveTime[0] lb[47056] ub[47812] numArcs: [6516819] numFixed: [1435195] time: [1939]
STATS - lpIterations[1] lagIterations[232] sspIterations[13361] numSeparations[2281] numCuts[0] compileTime[15] sspSolveTime[1864] lpSolveTime[0] lb[47111.3] ub[47812] numArcs: [6698646] numFixed: [0] time: [2171]
STATS - lpIterations[1] lagIterations[294] sspIterations[16436] numSeparations[2849] numCuts[0] compileTime[15] sspSolveTime[2134] lpSolveTime[0] lb[47145] ub[47812] numArcs: [6913939] numFixed: [2346102] time: [2602]
STATS - lpIterations[1] lagIterations[295] sspIterations[16500] numSeparations[2934] numCuts[0] compileTime[15] sspSolveTime[2139] lpSolveTime[0] lb[47162.1] ub[47812] numArcs: [6948760] numFixed: [0] time: [2611]
STATS - lpIterations[1] lagIterations[297] sspIterations[16639] numSeparations[2934] numCuts[0] compileTime[15] sspSolveTime[2155] lpSolveTime[0] lb[47179.2] ub[47812] numArcs: [6948679] numFixed: [2677655] time: [2633]
STATS - lpIterations[1] lagIterations[298] sspIterations[16709] numSeparations[2934] numCuts[0] compileTime[15] sspSolveTime[2160] lpSolveTime[0] lb[47182.4] ub[47812] numArcs: [6948658] numFixed: [2786408] time: [2642]
STATS - lpIterations[1] lagIterations[327] sspIterations[17940] numSeparations[3115] numCuts[0] compileTime[15] sspSolveTime[2246] lpSolveTime[0] lb[47198.2] ub[47812] numArcs: [7015566] numFixed: [2693577] time: [2798]
STATS - lpIterations[1] lagIterations[328] sspIterations[18007] numSeparations[3115] numCuts[0] compileTime[15] sspSolveTime[2250] lpSolveTime[0] lb[47210] ub[47812] numArcs: [7015555] numFixed: [2965621] time: [2805]
STATS - lpIterations[1] lagIterations[357] sspIterations[19374] numSeparations[3302] numCuts[0] compileTime[15] sspSolveTime[2352] lpSolveTime[0] lb[47227.5] ub[47812] numArcs: [7075569] numFixed: [3005753] time: [2985]
STATS - lpIterations[1] lagIterations[358] sspIterations[19423] numSeparations[3302] numCuts[0] compileTime[15] sspSolveTime[2354] lpSolveTime[0] lb[47229.5] ub[47812] numArcs: [7075563] numFixed: [3222541] time: [2990]
STATS - lpIterations[1] lagIterations[362] sspIterations[19663] numSeparations[3393] numCuts[0] compileTime[15] sspSolveTime[2373] lpSolveTime[0] lb[47237.2] ub[47812] numArcs: [7104872] numFixed: [3156560] time: [3024]
STATS - lpIterations[1] lagIterations[375] sspIterations[20329] numSeparations[3486] numCuts[0] compileTime[15] sspSolveTime[2424] lpSolveTime[0] lb[47278.4] ub[47812] numArcs: [7137988] numFixed: [2699046] time: [3112]
STATS - lpIterations[1] lagIterations[376] sspIterations[20396] numSeparations[3486] numCuts[0] compileTime[15] sspSolveTime[2428] lpSolveTime[0] lb[47285.1] ub[47812] numArcs: [7137974] numFixed: [3623686] time: [3121]
STATS - lpIterations[1] lagIterations[418] sspIterations[22485] numSeparations[3757] numCuts[0] compileTime[15] sspSolveTime[2581] lpSolveTime[0] lb[47297.2] ub[47812] numArcs: [7229038] numFixed: [3694012] time: [3398]
STATS - lpIterations[1] lagIterations[419] sspIterations[22561] numSeparations[3757] numCuts[0] compileTime[15] sspSolveTime[2585] lpSolveTime[0] lb[47301.4] ub[47812] numArcs: [7229021] numFixed: [3830719] time: [3406]
STATS - lpIterations[1] lagIterations[449] sspIterations[23862] numSeparations[3922] numCuts[0] compileTime[15] sspSolveTime[2676] lpSolveTime[0] lb[47314.8] ub[47812] numArcs: [7285526] numFixed: [3494673] time: [3586]
STATS - lpIterations[1] lagIterations[450] sspIterations[23930] numSeparations[3922] numCuts[0] compileTime[15] sspSolveTime[2680] lpSolveTime[0] lb[47321.8] ub[47812] numArcs: [7285515] numFixed: [3998674] time: [3594]
