relax time window constraint
capacity: 12
instance upper bound: 16876
compiling DD
time step mult: 1
time step: 10
cap step: 1
done compiling DD
batch size for lag: 100
iteration delay to start separating: 100
optimality gap to start repairing: 5
percent fixed to change to CPLEX: 97.5
num arcs to change to CPLEX: 100000
num arcs to change to LAG: 999999999
STATS - lpIterations[0] lagIterations[0] sspIterations[0] numSeparations[0] numCuts[0] compileTime[1] sspSolveTime[0] lpSolveTime[0] lb[0] ub[16876] numArcs: [509964] numFixed: [0] time: [1]
num vars: 509964
STATS - lpIterations[1] lagIterations[0] sspIterations[0] numSeparations[0] numCuts[0] compileTime[1] sspSolveTime[0] lpSolveTime[102] lb[16611] ub[16876] numArcs: [509964] numFixed: [0] time: [103]
num vars: 542508
STATS - lpIterations[2] lagIterations[0] sspIterations[0] numSeparations[37] numCuts[0] compileTime[1] sspSolveTime[0] lpSolveTime[215] lb[16611] ub[16876] numArcs: [542508] numFixed: [0] time: [217]
num vars: 562644
STATS - lpIterations[3] lagIterations[0] sspIterations[0] numSeparations[79] numCuts[0] compileTime[1] sspSolveTime[0] lpSolveTime[350] lb[16616.5] ub[16876] numArcs: [562644] numFixed: [0] time: [351]
num vars: 587718
STATS - lpIterations[4] lagIterations[0] sspIterations[0] numSeparations[121] numCuts[0] compileTime[1] sspSolveTime[0] lpSolveTime[499] lb[16620.2] ub[16876] numArcs: [587718] numFixed: [0] time: [500]
num vars: 616967
STATS - lpIterations[5] lagIterations[0] sspIterations[0] numSeparations[179] numCuts[0] compileTime[1] sspSolveTime[0] lpSolveTime[653] lb[16629.3] ub[16876] numArcs: [616967] numFixed: [0] time: [654]
num vars: 642567
STATS - lpIterations[6] lagIterations[0] sspIterations[0] numSeparations[228] numCuts[0] compileTime[1] sspSolveTime[0] lpSolveTime[808] lb[16631.4] ub[16876] numArcs: [642567] numFixed: [0] time: [809]
num vars: 670559
STATS - lpIterations[7] lagIterations[0] sspIterations[0] numSeparations[286] numCuts[0] compileTime[1] sspSolveTime[0] lpSolveTime[966] lb[16633.7] ub[16876] numArcs: [670559] numFixed: [0] time: [968]
num vars: 694183
STATS - lpIterations[8] lagIterations[0] sspIterations[0] numSeparations[339] numCuts[0] compileTime[1] sspSolveTime[0] lpSolveTime[1186] lb[16636.2] ub[16876] numArcs: [694183] numFixed: [0] time: [1187]
num vars: 717052
STATS - lpIterations[9] lagIterations[0] sspIterations[0] numSeparations[392] numCuts[0] compileTime[1] sspSolveTime[0] lpSolveTime[1407] lb[16640.5] ub[16876] numArcs: [717052] numFixed: [0] time: [1409]
num vars: 740701
STATS - lpIterations[10] lagIterations[0] sspIterations[0] numSeparations[446] numCuts[0] compileTime[1] sspSolveTime[0] lpSolveTime[1642] lb[16644.5] ub[16876] numArcs: [740701] numFixed: [0] time: [1644]
num vars: 766759
STATS - lpIterations[11] lagIterations[0] sspIterations[0] numSeparations[502] numCuts[0] compileTime[1] sspSolveTime[0] lpSolveTime[1891] lb[16647.6] ub[16876] numArcs: [766759] numFixed: [0] time: [1892]
num vars: 792658
STATS - lpIterations[12] lagIterations[0] sspIterations[0] numSeparations[559] numCuts[0] compileTime[1] sspSolveTime[0] lpSolveTime[2163] lb[16650.9] ub[16876] numArcs: [792658] numFixed: [0] time: [2164]
num vars: 818140
STATS - lpIterations[13] lagIterations[0] sspIterations[0] numSeparations[612] numCuts[0] compileTime[1] sspSolveTime[0] lpSolveTime[2511] lb[16651.9] ub[16876] numArcs: [818140] numFixed: [0] time: [2512]
num vars: 840839
STATS - lpIterations[14] lagIterations[0] sspIterations[0] numSeparations[663] numCuts[0] compileTime[1] sspSolveTime[0] lpSolveTime[3029] lb[16653.5] ub[16876] numArcs: [840839] numFixed: [0] time: [3030]
num vars: 867180
