num vehicles: 50
min service time: 10
instance upper bound: 3254.83
route length upper bound: 181
fixed route cost: 10000
Random seed:1892706670
compiling DD
time step mult: 10
time step: 100
cap step: 1
num nodes: 1071012
num arcs: 91193520
done compiling DD
using sequential insertion strategy
initial primalRoute: 0 4 21 6 77 51 94 104 66 120 64 123 82 190 111 72 115 126 140 87 163 0 
initial primalRoute: 0 178 13 78 17 114 83 85 153 175 99 86 148 39 46 0 
initial primalRoute: 0 135 65 88 132 75 107 113 155 127 24 50 22 25 121 182 169 80 171 52 1 0 
initial primalRoute: 0 179 23 181 79 128 197 158 134 165 3 149 201 81 106 176 157 136 5 58 70 30 76 12 108 112 53 0 
initial primalRoute: 0 183 41 61 152 167 184 95 194 119 143 118 74 26 91 90 40 27 44 29 59 9 196 189 198 130 138 69 129 125 159 187 7 55 96 173 20 188 54 0 
initial primalRoute: 0 137 35 73 161 60 200 16 105 14 144 37 185 186 84 10 93 156 154 109 110 0 
initial primalRoute: 0 62 18 164 141 166 150 193 146 102 180 11 142 89 49 42 101 160 97 28 2 0 
initial primalRoute: 0 47 131 192 116 139 43 71 48 31 92 162 15 195 191 32 124 170 68 147 174 202 98 0 
initial primalRoute: 0 67 168 45 34 177 63 100 36 8 38 122 145 172 133 0 
initial primalRoute: 0 151 57 19 103 0 
initial primalRoute: 0 56 199 117 33 0 
improved with intra-route reinsertion
improved with intra-route reinsertion
improved with intra-route reinsertion
improved with intra-route reinsertion
improved with intra-route reinsertion
improved with intra-route reinsertion
improved with intra-route reinsertion
improved with intra-route reinsertion
improved with intra-route reinsertion
improved with intra-route Or-opt2
improved with intra-route reinsertion
improved with intra-route reinsertion
improved with intra-route exchange
added route to primal routes: 0,4,21,6,77,120,51,94,104,66,64,123,111,190,82,87,126,163,72,140,115,0,
improved with intra-route reinsertion
improved with intra-route reinsertion
improved with intra-route reinsertion
improved with intra-route reinsertion
improved with intra-route reinsertion
improved with intra-route reinsertion
improved with intra-route reinsertion
improved with intra-route reinsertion
improved with intra-route reinsertion
added route to primal routes: 0,78,17,178,13,114,83,46,85,153,148,86,99,39,175,0,
improved with intra-route reinsertion
improved with intra-route reinsertion
improved with intra-route reinsertion
improved with intra-route reinsertion
improved with intra-route Or-opt2
added route to primal routes: 0,135,65,88,132,75,107,22,113,155,127,24,50,121,182,25,169,171,52,1,80,0,
improved with intra-route reinsertion
improved with intra-route reinsertion
improved with intra-route reinsertion
added route to primal routes: 0,179,23,181,79,128,197,81,158,134,165,3,149,201,106,176,157,136,5,58,70,30,12,76,108,53,112,0,
improved with intra-route reinsertion
improved with intra-route reinsertion
improved with intra-route reinsertion
improved with intra-route reinsertion
improved with intra-route Or-opt3
improved with intra-route reinsertion
improved with intra-route reinsertion
improved with intra-route reinsertion
improved with intra-route reinsertion
improved with intra-route reinsertion
improved with intra-route reinsertion
improved with intra-route reinsertion
improved with intra-route exchange
improved with intra-route 2-opt
improved with intra-route reinsertion
improved with intra-route reinsertion
improved with intra-route reinsertion
improved with intra-route reinsertion
improved with intra-route reinsertion
improved with intra-route 2-opt
improved with intra-route reinsertion
improved with intra-route reinsertion
improved with intra-route reinsertion
added route to primal routes: 0,41,74,61,119,143,152,118,184,167,194,95,183,91,26,90,40,27,44,29,59,9,129,125,69,196,138,7,159,187,173,130,198,189,20,55,96,188,54,0,
improved with intra-route Or-opt2
added route to primal routes: 0,137,35,73,161,60,200,16,105,14,144,37,185,186,84,10,93,109,110,156,154,0,
improved with intra-route reinsertion
improved with intra-route reinsertion
improved with intra-route reinsertion
improved with intra-route reinsertion
improved with intra-route reinsertion
improved with intra-route reinsertion
improved with intra-route reinsertion
improved with intra-route reinsertion
improved with intra-route reinsertion
improved with intra-route reinsertion
improved with intra-route reinsertion
improved with intra-route reinsertion
added route to primal routes: 0,62,164,18,146,193,150,89,180,142,11,141,166,102,49,42,101,160,97,28,2,0,
improved with intra-route reinsertion
improved with intra-route reinsertion
improved with intra-route reinsertion
improved with intra-route reinsertion
improved with intra-route reinsertion
improved with intra-route reinsertion
improved with intra-route reinsertion
improved with intra-route reinsertion
improved with intra-route reinsertion
improved with intra-route reinsertion
improved with intra-route reinsertion
improved with intra-route reinsertion
improved with intra-route reinsertion
improved with intra-route reinsertion
improved with intra-route reinsertion
improved with intra-route reinsertion
improved with intra-route reinsertion
improved with intra-route exchange
added route to primal routes: 0,47,116,131,192,162,43,139,15,195,31,71,48,191,32,68,124,92,147,170,98,174,202,0,
improved with intra-route reinsertion
improved with intra-route reinsertion
improved with intra-route reinsertion
improved with intra-route reinsertion
improved with intra-route reinsertion
improved with intra-route reinsertion
added route to primal routes: 0,67,168,45,8,34,63,100,36,177,172,122,145,38,133,0,
improved with intra-route Or-opt2
added route to primal routes: 0,19,103,151,57,0,
added route to primal routes: 0,56,199,117,33,0,
primal heuristic num vars: 11
primal heuristic MIP obj: 118302
feasible primal routes: 
route: 
0 4 21 6 77 120 51 94 104 66 64 123 111 190 82 87 126 163 72 140 115 0 
route: 
0 78 17 178 13 114 83 46 85 153 148 86 99 39 175 0 
route: 
0 135 65 88 132 75 107 22 113 155 127 24 50 121 182 25 169 171 52 1 80 0 
route: 
0 179 23 181 79 128 197 81 158 134 165 3 149 201 106 176 157 136 5 58 70 30 12 76 108 53 112 0 
route: 
0 41 74 61 119 143 152 118 184 167 194 95 183 91 26 90 40 27 44 29 59 9 129 125 69 196 138 7 159 187 173 130 198 189 20 55 96 188 54 0 
route: 
0 137 35 73 161 60 200 16 105 14 144 37 185 186 84 10 93 109 110 156 154 0 
route: 
0 62 164 18 146 193 150 89 180 142 11 141 166 102 49 42 101 160 97 28 2 0 
route: 
0 47 116 131 192 162 43 139 15 195 31 71 48 191 32 68 124 92 147 170 98 174 202 0 
route: 
0 67 168 45 8 34 63 100 36 177 172 122 145 38 133 0 
route: 
0 19 103 151 57 0 
route: 
0 56 199 117 33 0 
improved ub from MIP pool: 118302
STATS - lpIterations[0] lagIterations[0] sspIterations[0] numSeparations[0] numCuts[0] compileTime[2055] sspSolveTime[0] lpSolveTime[0] lb[0] ub[118302] numArcs: [91193520] numFixed: [0] numHeuristicIPs: [1] numHeuristicLNS: [0] numPrimalLNSRepairs: [0] time: [2168]
STATS1 - lpIterations[0] lagIterations[0] sspIterations[0] numSeparations[0] numCuts[0] compileTime[2055] sspSolveTime[0] lpSolveTime[0] repairTime[0] cutsTime[0] alphaTime[0] decompTime[0] yellowTime[0] updateTime[0] fixTime[0] lb[0] ub[118302] numArcs: [91193520] numFixed: [0] time: [2168]
destroy by single route index: 9
3 19 28 39 57 83 97 103 121 134 151 182 
num skipped: 0
num vars: 5840
improved iteration ub from lns primal heuristic: 107966
improved primal routes: 
route: 
0 4 21 6 77 120 51 94 134 104 3 66 64 123 111 190 82 87 126 163 72 140 115 0 
route: 
0 78 17 178 13 114 83 46 85 153 148 86 99 39 175 0 
route: 
0 135 65 19 103 88 132 75 107 22 113 155 127 24 50 25 169 171 52 1 80 0 
route: 
0 179 23 181 79 128 197 81 158 165 149 201 106 176 157 136 5 58 70 30 12 76 108 53 112 0 
route: 
0 41 74 61 119 143 152 118 184 167 194 95 183 91 26 90 40 27 44 29 59 9 129 125 69 196 138 7 159 187 173 130 198 189 121 20 55 96 188 182 54 0 
route: 
0 137 35 73 161 60 200 151 57 16 105 14 144 37 185 186 84 10 93 109 110 156 154 0 
route: 
0 62 164 18 146 193 150 89 180 142 11 141 166 102 49 42 101 160 97 28 2 0 
route: 
0 47 116 131 192 162 43 139 15 195 31 71 48 191 32 68 124 92 147 170 98 174 202 0 
route: 
0 67 168 45 8 34 63 100 36 177 172 122 145 38 133 0 
route: 
0 56 199 117 33 0 
added route to primal routes: 0,4,21,6,77,120,51,94,134,104,3,66,64,123,111,190,82,87,126,163,72,140,115,0,
improved with intra-route reinsertion
improved with intra-route reinsertion
improved with intra-route reinsertion
improved with intra-route reinsertion
improved with intra-route reinsertion
improved with intra-route reinsertion
improved with intra-route reinsertion
improved with intra-route reinsertion
added route to primal routes: 0,65,19,103,88,132,75,135,113,22,107,127,24,50,169,25,52,1,155,80,171,0,
added route to primal routes: 0,179,23,181,79,128,197,81,158,165,149,201,106,176,157,136,5,58,70,30,12,76,108,53,112,0,
improved with intra-route reinsertion
added route to primal routes: 0,41,74,61,119,143,152,118,184,167,194,95,183,91,26,90,40,27,44,29,59,9,129,125,69,196,138,7,159,187,173,130,198,121,189,20,55,96,188,182,54,0,
improved with intra-route reinsertion
added route to primal routes: 0,137,35,73,161,151,60,200,57,16,105,14,144,37,185,186,84,10,93,109,110,156,154,0,
STATS - lpIterations[0] lagIterations[0] sspIterations[0] numSeparations[0] numCuts[0] compileTime[2055] sspSolveTime[0] lpSolveTime[0] lb[0] ub[107966] numArcs: [91193520] numFixed: [0] numHeuristicIPs: [1] numHeuristicLNS: [1] numPrimalLNSRepairs: [1] time: [2186]
STATS1 - lpIterations[0] lagIterations[0] sspIterations[0] numSeparations[0] numCuts[0] compileTime[2055] sspSolveTime[0] lpSolveTime[0] repairTime[0] cutsTime[0] alphaTime[0] decompTime[0] yellowTime[0] updateTime[0] fixTime[0] lb[0] ub[107966] numArcs: [91193520] numFixed: [0] time: [2186]
routes added, try running MIP Pool
primal heuristic num vars: 16
add MIP warm start
primal heuristic MIP obj: 107768
feasible primal routes: 
route: 
0 78 17 178 13 114 83 46 85 153 148 86 99 39 175 0 
route: 
0 62 164 18 146 193 150 89 180 142 11 141 166 102 49 42 101 160 97 28 2 0 
route: 
0 47 116 131 192 162 43 139 15 195 31 71 48 191 32 68 124 92 147 170 98 174 202 0 
route: 
0 67 168 45 8 34 63 100 36 177 172 122 145 38 133 0 
route: 
0 56 199 117 33 0 
route: 
0 4 21 6 77 120 51 94 134 104 3 66 64 123 111 190 82 87 126 163 72 140 115 0 
route: 
0 65 19 103 88 132 75 135 113 22 107 127 24 50 169 25 52 1 155 80 171 0 
route: 
0 179 23 181 79 128 197 81 158 165 149 201 106 176 157 136 5 58 70 30 12 76 108 53 112 0 
route: 
0 41 74 61 119 143 152 118 184 167 194 95 183 91 26 90 40 27 44 29 59 9 129 125 69 196 138 7 159 187 173 130 198 121 189 20 55 96 188 182 54 0 
route: 
0 137 35 73 161 151 60 200 57 16 105 14 144 37 185 186 84 10 93 109 110 156 154 0 
improved ub from MIP pool: 107768
STATS - lpIterations[0] lagIterations[0] sspIterations[0] numSeparations[0] numCuts[0] compileTime[2055] sspSolveTime[0] lpSolveTime[0] lb[0] ub[107768] numArcs: [91193520] numFixed: [0] numHeuristicIPs: [2] numHeuristicLNS: [1] numPrimalLNSRepairs: [1] time: [2186]
STATS1 - lpIterations[0] lagIterations[0] sspIterations[0] numSeparations[0] numCuts[0] compileTime[2055] sspSolveTime[0] lpSolveTime[0] repairTime[0] cutsTime[0] alphaTime[0] decompTime[0] yellowTime[0] updateTime[0] fixTime[0] lb[0] ub[107768] numArcs: [91193520] numFixed: [0] time: [2186]
destroy by single route index: 4
4 19 33 56 58 66 79 103 104 111 117 199 
num skipped: 0
num vars: 22007
improved iteration ub from lns primal heuristic: 97612.5
improved primal routes: 
route: 
0 78 17 178 13 114 83 46 85 153 148 86 99 39 175 0 
route: 
0 199 137 117 35 73 161 151 60 200 57 16 105 14 144 37 185 186 84 10 93 109 110 156 154 0 
route: 
0 62 164 18 146 193 150 89 180 142 11 141 166 102 49 42 101 160 97 28 2 0 
route: 
0 47 116 56 131 192 33 162 43 139 15 195 31 71 48 191 32 68 124 92 147 170 98 174 202 0 
route: 
0 67 168 45 8 34 63 100 36 177 172 122 145 38 133 0 
route: 
0 4 21 6 77 120 51 94 134 104 3 66 64 123 111 190 82 87 126 163 72 140 115 0 
route: 
0 65 19 103 88 132 75 135 113 22 107 127 24 50 169 25 52 1 155 80 171 0 
route: 
0 179 23 181 79 128 197 81 158 165 149 201 106 176 157 136 5 58 70 30 12 76 108 53 112 0 
route: 
0 41 74 61 119 143 152 118 184 167 194 95 183 91 26 90 40 27 44 29 59 9 129 125 69 196 138 7 159 187 173 130 198 121 189 20 55 96 188 182 54 0 
added route to primal routes: 0,199,137,117,35,73,161,151,60,200,57,16,105,14,144,37,185,186,84,10,93,109,110,156,154,0,
added route to primal routes: 0,47,116,56,131,192,33,162,43,139,15,195,31,71,48,191,32,68,124,92,147,170,98,174,202,0,
STATS - lpIterations[0] lagIterations[0] sspIterations[0] numSeparations[0] numCuts[0] compileTime[2055] sspSolveTime[0] lpSolveTime[0] lb[0] ub[97612.5] numArcs: [91193520] numFixed: [0] numHeuristicIPs: [2] numHeuristicLNS: [1] numPrimalLNSRepairs: [2] time: [2224]
STATS1 - lpIterations[0] lagIterations[0] sspIterations[0] numSeparations[0] numCuts[0] compileTime[2055] sspSolveTime[0] lpSolveTime[0] repairTime[0] cutsTime[0] alphaTime[0] decompTime[0] yellowTime[0] updateTime[0] fixTime[0] lb[0] ub[97612.5] numArcs: [91193520] numFixed: [0] time: [2224]
routes added, try running MIP Pool
primal heuristic num vars: 18
add MIP warm start
primal heuristic MIP obj: 97612.5
feasible primal routes: 
route: 
0 78 17 178 13 114 83 46 85 153 148 86 99 39 175 0 
route: 
0 62 164 18 146 193 150 89 180 142 11 141 166 102 49 42 101 160 97 28 2 0 
route: 
0 67 168 45 8 34 63 100 36 177 172 122 145 38 133 0 
route: 
0 4 21 6 77 120 51 94 134 104 3 66 64 123 111 190 82 87 126 163 72 140 115 0 
route: 
0 65 19 103 88 132 75 135 113 22 107 127 24 50 169 25 52 1 155 80 171 0 
route: 
0 179 23 181 79 128 197 81 158 165 149 201 106 176 157 136 5 58 70 30 12 76 108 53 112 0 
route: 
0 41 74 61 119 143 152 118 184 167 194 95 183 91 26 90 40 27 44 29 59 9 129 125 69 196 138 7 159 187 173 130 198 121 189 20 55 96 188 182 54 0 
route: 
0 199 137 117 35 73 161 151 60 200 57 16 105 14 144 37 185 186 84 10 93 109 110 156 154 0 
route: 
0 47 116 56 131 192 33 162 43 139 15 195 31 71 48 191 32 68 124 92 147 170 98 174 202 0 
destroy by single route index: 0
13 17 19 39 46 47 60 78 83 85 86 99 103 114 131 133 148 153 175 177 178 186 
num skipped: 0
num vars: 67892
improved iteration ub from lns primal heuristic: 97488.8
improved primal routes: 
route: 
0 78 178 13 114 83 46 85 153 86 99 39 175 0 
route: 
0 199 137 117 35 73 161 151 60 200 57 16 105 14 144 37 185 186 84 10 93 109 110 156 154 0 
route: 
0 47 116 56 131 192 33 162 43 139 15 195 31 71 48 191 32 68 124 92 147 170 98 174 202 17 148 0 
route: 
0 62 164 18 146 193 150 89 180 142 11 141 166 102 49 42 101 160 97 28 2 0 
route: 
0 67 168 45 8 34 63 100 36 172 122 145 38 0 
route: 
0 4 21 6 77 120 51 94 177 134 104 3 133 66 64 123 111 190 82 87 126 163 72 140 115 0 
route: 
0 65 19 103 88 132 75 135 113 22 107 127 24 50 169 25 52 1 155 80 171 0 
route: 
0 179 23 181 79 128 197 81 158 165 149 201 106 176 157 136 5 58 70 30 12 76 108 53 112 0 
route: 
0 41 74 61 119 143 152 118 184 167 194 95 183 91 26 90 40 27 44 29 59 9 129 125 69 196 138 7 159 187 173 130 198 121 189 20 55 96 188 182 54 0 
added route to primal routes: 0,78,178,13,114,83,46,85,153,86,99,39,175,0,
improved with intra-route reinsertion
added route to primal routes: 0,47,116,56,131,192,33,162,43,139,15,195,31,71,48,191,32,68,124,92,147,170,98,17,174,202,148,0,
improved with intra-route reinsertion
added route to primal routes: 0,67,168,45,8,34,63,100,36,172,38,122,145,0,
added route to primal routes: 0,4,21,6,77,120,51,94,177,134,104,3,133,66,64,123,111,190,82,87,126,163,72,140,115,0,
STATS - lpIterations[0] lagIterations[0] sspIterations[0] numSeparations[0] numCuts[0] compileTime[2055] sspSolveTime[0] lpSolveTime[0] lb[0] ub[97488.8] numArcs: [91193520] numFixed: [0] numHeuristicIPs: [3] numHeuristicLNS: [1] numPrimalLNSRepairs: [3] time: [2274]
STATS1 - lpIterations[0] lagIterations[0] sspIterations[0] numSeparations[0] numCuts[0] compileTime[2055] sspSolveTime[0] lpSolveTime[0] repairTime[0] cutsTime[0] alphaTime[0] decompTime[0] yellowTime[0] updateTime[0] fixTime[0] lb[0] ub[97488.8] numArcs: [91193520] numFixed: [0] time: [2274]
routes added, try running MIP Pool
primal heuristic num vars: 22
add MIP warm start
primal heuristic MIP obj: 97467.2
feasible primal routes: 
route: 
0 62 164 18 146 193 150 89 180 142 11 141 166 102 49 42 101 160 97 28 2 0 
route: 
0 65 19 103 88 132 75 135 113 22 107 127 24 50 169 25 52 1 155 80 171 0 
route: 
0 179 23 181 79 128 197 81 158 165 149 201 106 176 157 136 5 58 70 30 12 76 108 53 112 0 
route: 
0 41 74 61 119 143 152 118 184 167 194 95 183 91 26 90 40 27 44 29 59 9 129 125 69 196 138 7 159 187 173 130 198 121 189 20 55 96 188 182 54 0 
route: 
0 199 137 117 35 73 161 151 60 200 57 16 105 14 144 37 185 186 84 10 93 109 110 156 154 0 
route: 
0 78 178 13 114 83 46 85 153 86 99 39 175 0 
route: 
0 47 116 56 131 192 33 162 43 139 15 195 31 71 48 191 32 68 124 92 147 170 98 17 174 202 148 0 
route: 
0 67 168 45 8 34 63 100 36 172 38 122 145 0 
route: 
0 4 21 6 77 120 51 94 177 134 104 3 133 66 64 123 111 190 82 87 126 163 72 140 115 0 
improved ub from MIP pool: 97467.2
STATS - lpIterations[0] lagIterations[0] sspIterations[0] numSeparations[0] numCuts[0] compileTime[2055] sspSolveTime[0] lpSolveTime[0] lb[0] ub[97467.2] numArcs: [91193520] numFixed: [0] numHeuristicIPs: [4] numHeuristicLNS: [1] numPrimalLNSRepairs: [3] time: [2274]
STATS1 - lpIterations[0] lagIterations[0] sspIterations[0] numSeparations[0] numCuts[0] compileTime[2055] sspSolveTime[0] lpSolveTime[0] repairTime[0] cutsTime[0] alphaTime[0] decompTime[0] yellowTime[0] updateTime[0] fixTime[0] lb[0] ub[97467.2] numArcs: [91193520] numFixed: [0] time: [2274]
destroy by single route index: 5
13 36 39 46 49 70 72 78 83 85 86 99 100 114 115 153 175 178 179 193 
num skipped: 0
num vars: 50600
improved iteration ub from lns primal heuristic: 97427.5
improved primal routes: 
route: 
0 62 164 18 146 150 89 180 142 11 141 166 102 42 101 160 97 28 2 0 
route: 
0 65 19 103 88 132 75 135 113 22 107 127 24 50 169 25 52 1 155 80 171 0 
route: 
0 179 23 181 79 128 197 81 158 165 149 201 106 176 157 136 5 58 70 30 12 76 108 53 112 0 
route: 
0 41 74 61 119 143 152 118 184 167 194 95 183 91 26 90 40 27 44 29 59 9 129 125 69 196 138 7 159 187 173 130 198 121 189 20 55 96 188 182 54 0 
route: 
0 199 137 117 35 73 161 151 60 200 57 16 105 14 144 37 185 186 84 10 93 109 110 156 114 154 46 85 153 0 
route: 
0 78 13 193 178 49 175 99 86 0 
route: 
0 47 116 56 131 192 33 162 43 139 15 195 31 71 48 191 32 68 124 92 147 170 98 17 174 202 148 0 
route: 
0 67 168 45 8 34 63 100 36 172 38 122 145 0 
route: 
0 4 21 6 77 120 51 94 177 134 104 3 133 66 64 123 111 190 82 83 87 126 163 39 72 140 115 0 
added route to primal routes: 0,62,164,18,146,150,89,180,142,11,141,166,102,42,101,160,97,28,2,0,
improved with intra-route reinsertion
improved with intra-route Or-opt2
improved with intra-route reinsertion
improved with intra-route reinsertion
improved with intra-route reinsertion
added route to primal routes: 0,199,137,117,35,73,161,151,60,200,57,16,105,14,144,37,185,186,84,10,93,114,156,154,110,109,46,85,153,0,
added route to primal routes: 0,78,13,193,178,49,175,99,86,0,
improved with intra-route reinsertion
improved with intra-route exchange
added route to primal routes: 0,4,21,6,77,120,51,94,177,134,104,3,133,66,64,123,83,82,190,111,87,126,163,39,72,140,115,0,
STATS - lpIterations[0] lagIterations[0] sspIterations[0] numSeparations[0] numCuts[0] compileTime[2055] sspSolveTime[0] lpSolveTime[0] lb[0] ub[97427.5] numArcs: [91193520] numFixed: [0] numHeuristicIPs: [4] numHeuristicLNS: [1] numPrimalLNSRepairs: [4] time: [2313]
STATS1 - lpIterations[0] lagIterations[0] sspIterations[0] numSeparations[0] numCuts[0] compileTime[2055] sspSolveTime[0] lpSolveTime[0] repairTime[0] cutsTime[0] alphaTime[0] decompTime[0] yellowTime[0] updateTime[0] fixTime[0] lb[0] ub[97427.5] numArcs: [91193520] numFixed: [0] time: [2313]
routes added, try running MIP Pool
primal heuristic num vars: 26
add MIP warm start
primal heuristic MIP obj: 97360.4
feasible primal routes: 
route: 
0 65 19 103 88 132 75 135 113 22 107 127 24 50 169 25 52 1 155 80 171 0 
route: 
0 179 23 181 79 128 197 81 158 165 149 201 106 176 157 136 5 58 70 30 12 76 108 53 112 0 
route: 
0 41 74 61 119 143 152 118 184 167 194 95 183 91 26 90 40 27 44 29 59 9 129 125 69 196 138 7 159 187 173 130 198 121 189 20 55 96 188 182 54 0 
route: 
0 47 116 56 131 192 33 162 43 139 15 195 31 71 48 191 32 68 124 92 147 170 98 17 174 202 148 0 
route: 
0 67 168 45 8 34 63 100 36 172 38 122 145 0 
route: 
0 62 164 18 146 150 89 180 142 11 141 166 102 42 101 160 97 28 2 0 
route: 
0 199 137 117 35 73 161 151 60 200 57 16 105 14 144 37 185 186 84 10 93 114 156 154 110 109 46 85 153 0 
route: 
0 78 13 193 178 49 175 99 86 0 
route: 
0 4 21 6 77 120 51 94 177 134 104 3 133 66 64 123 83 82 190 111 87 126 163 39 72 140 115 0 
improved ub from MIP pool: 97360.4
STATS - lpIterations[0] lagIterations[0] sspIterations[0] numSeparations[0] numCuts[0] compileTime[2055] sspSolveTime[0] lpSolveTime[0] lb[0] ub[97360.4] numArcs: [91193520] numFixed: [0] numHeuristicIPs: [5] numHeuristicLNS: [1] numPrimalLNSRepairs: [4] time: [2313]
STATS1 - lpIterations[0] lagIterations[0] sspIterations[0] numSeparations[0] numCuts[0] compileTime[2055] sspSolveTime[0] lpSolveTime[0] repairTime[0] cutsTime[0] alphaTime[0] decompTime[0] yellowTime[0] updateTime[0] fixTime[0] lb[0] ub[97360.4] numArcs: [91193520] numFixed: [0] time: [2313]
destroy by single route index: 7
2 13 16 35 49 53 78 86 89 99 165 174 175 178 193 202 
num skipped: 0
num vars: 36677
improved iteration ub from lns primal heuristic: 97360.4
improved primal routes: 
route: 
0 65 19 103 88 132 75 135 113 22 107 127 24 50 169 25 52 1 155 80 171 0 
route: 
0 179 23 181 79 128 197 81 158 165 149 201 106 176 157 136 5 58 70 30 12 76 108 53 112 0 
route: 
0 41 74 61 119 143 152 118 184 167 194 95 183 91 26 90 40 27 44 29 59 9 129 125 69 196 138 7 159 187 173 130 198 121 189 20 55 96 188 182 54 0 
route: 
0 47 116 56 131 192 33 162 43 139 15 195 31 71 48 191 32 68 124 92 147 170 98 17 174 202 148 0 
route: 
0 67 168 45 8 34 63 100 36 172 38 122 145 0 
route: 
0 62 164 18 146 150 89 180 142 11 141 166 102 42 101 160 97 28 2 0 
route: 
0 199 137 117 35 73 161 151 60 200 57 16 105 14 144 37 185 186 84 10 93 114 156 154 110 109 46 85 153 0 
route: 
0 78 13 193 178 49 175 99 86 0 
route: 
0 4 21 6 77 120 51 94 177 134 104 3 133 66 64 123 83 82 190 111 87 126 163 39 72 140 115 0 
destroy by single route index: 7
1 13 49 52 58 78 79 86 99 113 140 171 175 178 190 193 
num skipped: 0
num vars: 30930
batch size for lag: 1
deactivate cut value threshold: 0.01
deactivate cut iter threshold: 1000000000
percent arcs fixed to change to CPLEX: 97.5
number arcs fixed to change to CPLEX: 100000
kappa iterations: 20
num lag cuts: 20
mu percent improved: 0.001
percent to start cuts: 0.95
step size iteration cutoff: 5
target bound increase: 1.05
min step size multiplier: 0.0001
ngSetSize: 2
change to LP: 1
var fixing: 1
useSeparations: 1
muSSP: 1
repairDuals: 1
robustCuts: 1
nonRobustCuts: 0
volume algo: 0
use scaling: 0
use sparse RCCs: 0
use restarts: 0
switch separations to cuts: 0
primal heuristic: 2
lns timeout: 5
lns num elements destroy: 5
STATS - lpIterations[0] lagIterations[0] sspIterations[0] numSeparations[0] numCuts[0] compileTime[2055] sspSolveTime[0] lpSolveTime[0] lb[0] ub[97360.4] numArcs: [91193520] numFixed: [0] numHeuristicIPs: [5] numHeuristicLNS: [1] numPrimalLNSRepairs: [6] time: [2343]
STATS1 - lpIterations[0] lagIterations[0] sspIterations[0] numSeparations[0] numCuts[0] compileTime[2055] sspSolveTime[0] lpSolveTime[0] repairTime[0] cutsTime[0] alphaTime[0] decompTime[0] yellowTime[0] updateTime[0] fixTime[0] lb[0] ub[97360.4] numArcs: [91193520] numFixed: [0] time: [2343]
STATS - lpIterations[1] lagIterations[0] sspIterations[0] numSeparations[0] numCuts[0] compileTime[2055] sspSolveTime[0] lpSolveTime[0] lb[0] ub[97360.4] numArcs: [91193520] numFixed: [0] numHeuristicIPs: [5] numHeuristicLNS: [1] numPrimalLNSRepairs: [6] time: [2343]
STATS1 - lpIterations[1] lagIterations[0] sspIterations[0] numSeparations[0] numCuts[0] compileTime[2055] sspSolveTime[0] lpSolveTime[0] repairTime[0] cutsTime[0] alphaTime[0] decompTime[0] yellowTime[0] updateTime[0] fixTime[0] lb[0] ub[97360.4] numArcs: [91193520] numFixed: [0] time: [2343]
STATS - lpIterations[1] lagIterations[0] sspIterations[0] numSeparations[0] numCuts[0] compileTime[2055] sspSolveTime[0] lpSolveTime[0] lb[0] ub[97360.4] numArcs: [91193520] numFixed: [0] numHeuristicIPs: [5] numHeuristicLNS: [1] numPrimalLNSRepairs: [6] time: [2343]
STATS1 - lpIterations[1] lagIterations[0] sspIterations[0] numSeparations[0] numCuts[0] compileTime[2055] sspSolveTime[0] lpSolveTime[0] repairTime[0] cutsTime[0] alphaTime[0] decompTime[0] yellowTime[0] updateTime[0] fixTime[0] lb[0] ub[97360.4] numArcs: [91193520] numFixed: [0] time: [2343]
lag: 10018.4
STATS - lpIterations[1] lagIterations[1] sspIterations[1] numSeparations[0] numCuts[0] compileTime[2055] sspSolveTime[70] lpSolveTime[0] lb[10018.4] ub[97360.4] numArcs: [91193518] numFixed: [0] numHeuristicIPs: [5] numHeuristicLNS: [1] numPrimalLNSRepairs: [6] time: [2414]
STATS1 - lpIterations[1] lagIterations[1] sspIterations[1] numSeparations[0] numCuts[0] compileTime[2055] sspSolveTime[70] lpSolveTime[0] repairTime[0] cutsTime[0] alphaTime[0] decompTime[0] yellowTime[0] updateTime[0] fixTime[0] lb[10018.4] ub[97360.4] numArcs: [91193518] numFixed: [0] time: [2414]
lambda: 0,0,0,0,0,0,0,0,0,0,0,0,0,0,0,0,0,0,0,0,0,0,0,0,0,0,0,0,0,0,0,0,0,0,0,0,0,0,0,0,0,0,0,0,0,0,0,0,0,0,0,0,0,0,0,0,0,0,0,0,0,0,0,0,0,0,0,0,0,0,0,0,0,0,0,0,0,0,0,0,0,0,0,0,0,0,0,0,0,0,0,0,0,0,0,0,0,0,0,0,0,0,0,0,0,0,0,0,0,0,0,0,0,0,0,0,0,0,0,0,0,0,0,0,0,0,0,0,0,0,0,0,0,0,0,0,0,0,0,0,0,0,0,0,0,0,0,0,0,0,0,0,0,0,0,0,0,0,0,0,0,0,0,0,0,0,0,0,0,0,0,0,0,0,0,0,0,0,0,0,0,0,0,0,0,0,0,0,0,0,0,0,0,0,0,0,0,0,0,0,0,0,0,
mu: 
combDuals: 
srcDuals: 
fixed dual: 0
new best dual, value: 10018.4
primal heuristic num vars: 26
add MIP warm start
primal heuristic MIP obj: 97360.4
feasible primal routes: 
route: 
0 65 19 103 88 132 75 135 113 22 107 127 24 50 169 25 52 1 155 80 171 0 
route: 
0 179 23 181 79 128 197 81 158 165 149 201 106 176 157 136 5 58 70 30 12 76 108 53 112 0 
route: 
0 41 74 61 119 143 152 118 184 167 194 95 183 91 26 90 40 27 44 29 59 9 129 125 69 196 138 7 159 187 173 130 198 121 189 20 55 96 188 182 54 0 
route: 
0 47 116 56 131 192 33 162 43 139 15 195 31 71 48 191 32 68 124 92 147 170 98 17 174 202 148 0 
route: 
0 67 168 45 8 34 63 100 36 172 38 122 145 0 
route: 
0 62 164 18 146 150 89 180 142 11 141 166 102 42 101 160 97 28 2 0 
route: 
0 199 137 117 35 73 161 151 60 200 57 16 105 14 144 37 185 186 84 10 93 114 156 154 110 109 46 85 153 0 
route: 
0 78 13 193 178 49 175 99 86 0 
route: 
0 4 21 6 77 120 51 94 177 134 104 3 133 66 64 123 83 82 190 111 87 126 163 39 72 140 115 0 
destroy by single route index: 7
13 22 49 54 67 75 78 86 91 99 172 174 175 178 193 202 
num skipped: 0
num vars: 38711
best alpha: 1
gamma: 1 val: 1
gamma: 2 val: 1
gamma: 3 val: 1
gamma: 4 val: 1
gamma: 5 val: 1
gamma: 6 val: 1
gamma: 7 val: 1
gamma: 8 val: 1
gamma: 9 val: 1
gamma: 10 val: 1
gamma: 11 val: 1
gamma: 12 val: 1
gamma: 13 val: 1
gamma: 14 val: 1
gamma: 15 val: 1
gamma: 16 val: 1
gamma: 17 val: 1
gamma: 18 val: 0
gamma: 19 val: 1
gamma: 20 val: 1
gamma: 21 val: 1
gamma: 22 val: 1
gamma: 23 val: 1
gamma: 24 val: 1
gamma: 25 val: 1
gamma: 26 val: 1
gamma: 27 val: 1
gamma: 28 val: 1
gamma: 29 val: 1
gamma: 30 val: 1
gamma: 31 val: 1
gamma: 32 val: 1
gamma: 33 val: 1
gamma: 34 val: 1
gamma: 35 val: 1
gamma: 36 val: 1
gamma: 37 val: 1
gamma: 38 val: 1
gamma: 39 val: 1
gamma: 40 val: 1
gamma: 41 val: 1
gamma: 42 val: 1
gamma: 43 val: 1
gamma: 44 val: 1
gamma: 45 val: 1
gamma: 46 val: 1
gamma: 47 val: 1
gamma: 48 val: 1
gamma: 49 val: 1
gamma: 50 val: 1
gamma: 51 val: 1
gamma: 52 val: 1
gamma: 53 val: 1
gamma: 54 val: 1
gamma: 55 val: 1
gamma: 56 val: 1
gamma: 57 val: 1
gamma: 58 val: 1
gamma: 59 val: 1
gamma: 60 val: 1
gamma: 61 val: 1
gamma: 62 val: 1
gamma: 63 val: 1
gamma: 64 val: 1
gamma: 65 val: 1
gamma: 66 val: 1
gamma: 67 val: 1
gamma: 68 val: 1
gamma: 69 val: 1
gamma: 70 val: 1
gamma: 71 val: 1
gamma: 72 val: 1
gamma: 73 val: 1
gamma: 74 val: 1
gamma: 75 val: 1
gamma: 76 val: 1
gamma: 77 val: 1
gamma: 78 val: 1
gamma: 79 val: 1
gamma: 80 val: 1
gamma: 81 val: 1
gamma: 82 val: 1
gamma: 83 val: 1
gamma: 84 val: 1
gamma: 85 val: 1
gamma: 86 val: 1
gamma: 87 val: 1
gamma: 88 val: 1
gamma: 89 val: 1
gamma: 90 val: 1
gamma: 91 val: 1
gamma: 92 val: 1
gamma: 93 val: 1
gamma: 94 val: 1
gamma: 95 val: 1
gamma: 96 val: 1
gamma: 97 val: 1
gamma: 98 val: 1
gamma: 99 val: 1
gamma: 100 val: 1
gamma: 101 val: 1
gamma: 102 val: 1
gamma: 103 val: 1
gamma: 104 val: 1
gamma: 105 val: 1
gamma: 106 val: 1
gamma: 107 val: 1
gamma: 108 val: 1
gamma: 109 val: 1
gamma: 110 val: 1
gamma: 111 val: 1
gamma: 112 val: 1
gamma: 113 val: 1
gamma: 114 val: 1
gamma: 115 val: 1
gamma: 116 val: 1
gamma: 117 val: 1
gamma: 118 val: 1
gamma: 119 val: 1
gamma: 120 val: 1
gamma: 121 val: 1
gamma: 122 val: 1
gamma: 123 val: 1
gamma: 124 val: 1
gamma: 125 val: 1
gamma: 126 val: 1
gamma: 127 val: 1
gamma: 128 val: 1
gamma: 129 val: 1
gamma: 130 val: 1
gamma: 131 val: 1
gamma: 132 val: 1
gamma: 133 val: 1
gamma: 134 val: 1
gamma: 135 val: 1
gamma: 136 val: 1
gamma: 137 val: 1
gamma: 138 val: 1
gamma: 139 val: 1
gamma: 140 val: 1
gamma: 141 val: 1
gamma: 142 val: 1
gamma: 143 val: 1
gamma: 144 val: 1
gamma: 145 val: 1
gamma: 146 val: 1
gamma: 147 val: 1
gamma: 148 val: 1
gamma: 149 val: 1
gamma: 150 val: 1
gamma: 151 val: 1
gamma: 152 val: 1
gamma: 153 val: 1
gamma: 154 val: 1
gamma: 155 val: 1
gamma: 156 val: 1
gamma: 157 val: 1
gamma: 158 val: 1
gamma: 159 val: 1
gamma: 160 val: 1
gamma: 161 val: 1
gamma: 162 val: 1
gamma: 163 val: 1
gamma: 164 val: 1
gamma: 165 val: 1
gamma: 166 val: 1
gamma: 167 val: 1
gamma: 168 val: 1
gamma: 169 val: 1
gamma: 170 val: 1
gamma: 171 val: 1
gamma: 172 val: 1
gamma: 173 val: 1
gamma: 174 val: 1
gamma: 175 val: 1
gamma: 176 val: 1
gamma: 177 val: 1
gamma: 178 val: 1
gamma: 179 val: 1
gamma: 180 val: 1
gamma: 181 val: 1
gamma: 182 val: 1
gamma: 183 val: 1
gamma: 184 val: 1
gamma: 185 val: 1
gamma: 186 val: 1
gamma: 187 val: 1
gamma: 188 val: 1
gamma: 189 val: 1
gamma: 190 val: 1
gamma: 191 val: 1
gamma: 192 val: 1
gamma: 193 val: 1
gamma: 194 val: 1
gamma: 195 val: 1
gamma: 196 val: 1
gamma: 197 val: 1
gamma: 198 val: 1
gamma: 199 val: 1
gamma: 200 val: 1
gamma: 201 val: 1
gamma: 202 val: 1
alpha: 2.46746
psiStar: 10514.4
lagLB: 10018.4
||gamma||^2: 201
lambda: 0,0,0,0,0,0,0,0,0,0,0,0,0,0,0,0,0,0,0,0,0,0,0,0,0,0,0,0,0,0,0,0,0,0,0,0,0,0,0,0,0,0,0,0,0,0,0,0,0,0,0,0,0,0,0,0,0,0,0,0,0,0,0,0,0,0,0,0,0,0,0,0,0,0,0,0,0,0,0,0,0,0,0,0,0,0,0,0,0,0,0,0,0,0,0,0,0,0,0,0,0,0,0,0,0,0,0,0,0,0,0,0,0,0,0,0,0,0,0,0,0,0,0,0,0,0,0,0,0,0,0,0,0,0,0,0,0,0,0,0,0,0,0,0,0,0,0,0,0,0,0,0,0,0,0,0,0,0,0,0,0,0,0,0,0,0,0,0,0,0,0,0,0,0,0,0,0,0,0,0,0,0,0,0,0,0,0,0,0,0,0,0,0,0,0,0,0,0,0,0,0,0,0,
mu: 
combDuals: 
srcDuals: 
fixed dual: 0
lambda: 0,0,0,0,0,0,0,0,0,0,0,0,0,0,0,0,0,0,0,0,0,0,0,0,0,0,0,0,0,0,0,0,0,0,0,0,0,0,0,0,0,0,0,0,0,0,0,0,0,0,0,0,0,0,0,0,0,0,0,0,0,0,0,0,0,0,0,0,0,0,0,0,0,0,0,0,0,0,0,0,0,0,0,0,0,0,0,0,0,0,0,0,0,0,0,0,0,0,0,0,0,0,0,0,0,0,0,0,0,0,0,0,0,0,0,0,0,0,0,0,0,0,0,0,0,0,0,0,0,0,0,0,0,0,0,0,0,0,0,0,0,0,0,0,0,0,0,0,0,0,0,0,0,0,0,0,0,0,0,0,0,0,0,0,0,0,0,0,0,0,0,0,0,0,0,0,0,0,0,0,0,0,0,0,0,0,0,0,0,0,0,0,0,0,0,0,0,0,0,0,0,0,0,
mu: 
combDuals: 
srcDuals: 
fixed dual: 0
STATS - lpIterations[1] lagIterations[1] sspIterations[1] numSeparations[0] numCuts[0] compileTime[2055] sspSolveTime[70] lpSolveTime[0] lb[10018.4] ub[97360.4] numArcs: [91193518] numFixed: [0] numHeuristicIPs: [6] numHeuristicLNS: [2] numPrimalLNSRepairs: [7] time: [2479]
STATS1 - lpIterations[1] lagIterations[1] sspIterations[1] numSeparations[0] numCuts[0] compileTime[2055] sspSolveTime[70] lpSolveTime[0] repairTime[0] cutsTime[0] alphaTime[0] decompTime[12] yellowTime[0] updateTime[35] fixTime[0] lb[10018.4] ub[97360.4] numArcs: [91193518] numFixed: [0] time: [2479]
lag: 10511.9
STATS - lpIterations[1] lagIterations[2] sspIterations[2] numSeparations[0] numCuts[0] compileTime[2055] sspSolveTime[105] lpSolveTime[0] lb[10511.9] ub[97360.4] numArcs: [91193518] numFixed: [0] numHeuristicIPs: [6] numHeuristicLNS: [2] numPrimalLNSRepairs: [7] time: [2514]
STATS1 - lpIterations[1] lagIterations[2] sspIterations[2] numSeparations[0] numCuts[0] compileTime[2055] sspSolveTime[105] lpSolveTime[0] repairTime[0] cutsTime[0] alphaTime[0] decompTime[12] yellowTime[0] updateTime[35] fixTime[0] lb[10511.9] ub[97360.4] numArcs: [91193518] numFixed: [0] time: [2514]
lambda: 0,2.46746,2.46746,2.46746,2.46746,2.46746,2.46746,2.46746,2.46746,2.46746,2.46746,2.46746,2.46746,2.46746,2.46746,2.46746,2.46746,2.46746,0,2.46746,2.46746,2.46746,2.46746,2.46746,2.46746,2.46746,2.46746,2.46746,2.46746,2.46746,2.46746,2.46746,2.46746,2.46746,2.46746,2.46746,2.46746,2.46746,2.46746,2.46746,2.46746,2.46746,2.46746,2.46746,2.46746,2.46746,2.46746,2.46746,2.46746,2.46746,2.46746,2.46746,2.46746,2.46746,2.46746,2.46746,2.46746,2.46746,2.46746,2.46746,2.46746,2.46746,2.46746,2.46746,2.46746,2.46746,2.46746,2.46746,2.46746,2.46746,2.46746,2.46746,2.46746,2.46746,2.46746,2.46746,2.46746,2.46746,2.46746,2.46746,2.46746,2.46746,2.46746,2.46746,2.46746,2.46746,2.46746,2.46746,2.46746,2.46746,2.46746,2.46746,2.46746,2.46746,2.46746,2.46746,2.46746,2.46746,2.46746,2.46746,2.46746,2.46746,2.46746,2.46746,2.46746,2.46746,2.46746,2.46746,2.46746,2.46746,2.46746,2.46746,2.46746,2.46746,2.46746,2.46746,2.46746,2.46746,2.46746,2.46746,2.46746,2.46746,2.46746,2.46746,2.46746,2.46746,2.46746,2.46746,2.46746,2.46746,2.46746,2.46746,2.46746,2.46746,2.46746,2.46746,2.46746,2.46746,2.46746,2.46746,2.46746,2.46746,2.46746,2.46746,2.46746,2.46746,2.46746,2.46746,2.46746,2.46746,2.46746,2.46746,2.46746,2.46746,2.46746,2.46746,2.46746,2.46746,2.46746,2.46746,2.46746,2.46746,2.46746,2.46746,2.46746,2.46746,2.46746,2.46746,2.46746,2.46746,2.46746,2.46746,2.46746,2.46746,2.46746,2.46746,2.46746,2.46746,2.46746,2.46746,2.46746,2.46746,2.46746,2.46746,2.46746,2.46746,2.46746,2.46746,2.46746,2.46746,2.46746,2.46746,2.46746,2.46746,2.46746,2.46746,2.46746,2.46746,2.46746,2.46746,2.46746,2.46746,2.46746,
mu: 
combDuals: 
srcDuals: 
fixed dual: 0
new best dual, value: 10511.9
primal heuristic num vars: 26
add MIP warm start
primal heuristic MIP obj: 97360.4
feasible primal routes: 
route: 
0 65 19 103 88 132 75 135 113 22 107 127 24 50 169 25 52 1 155 80 171 0 
route: 
0 179 23 181 79 128 197 81 158 165 149 201 106 176 157 136 5 58 70 30 12 76 108 53 112 0 
route: 
0 41 74 61 119 143 152 118 184 167 194 95 183 91 26 90 40 27 44 29 59 9 129 125 69 196 138 7 159 187 173 130 198 121 189 20 55 96 188 182 54 0 
route: 
0 47 116 56 131 192 33 162 43 139 15 195 31 71 48 191 32 68 124 92 147 170 98 17 174 202 148 0 
route: 
0 67 168 45 8 34 63 100 36 172 38 122 145 0 
route: 
0 62 164 18 146 150 89 180 142 11 141 166 102 42 101 160 97 28 2 0 
route: 
0 199 137 117 35 73 161 151 60 200 57 16 105 14 144 37 185 186 84 10 93 114 156 154 110 109 46 85 153 0 
route: 
0 78 13 193 178 49 175 99 86 0 
route: 
0 4 21 6 77 120 51 94 177 134 104 3 133 66 64 123 83 82 190 111 87 126 163 39 72 140 115 0 
destroy by single route index: 7
13 25 31 34 42 43 49 63 78 86 99 101 135 175 178 193 
num skipped: 0
num vars: 21681
best alpha: 0.055
gamma: 1 val: 1
gamma: 2 val: 1
gamma: 3 val: 1
gamma: 4 val: 1
gamma: 5 val: 1
gamma: 6 val: 1
gamma: 7 val: 1
gamma: 8 val: 1
gamma: 9 val: 1
gamma: 10 val: 1
gamma: 11 val: 1
gamma: 12 val: 1
gamma: 13 val: 1
gamma: 14 val: 1
gamma: 15 val: 1
gamma: 16 val: 1
gamma: 17 val: 1
gamma: 18 val: 0
gamma: 19 val: 1
gamma: 20 val: 1
gamma: 21 val: 1
gamma: 22 val: 1
gamma: 23 val: 1
gamma: 24 val: 1
gamma: 25 val: 1
gamma: 26 val: 1
gamma: 27 val: 1
gamma: 28 val: 1
gamma: 29 val: 1
gamma: 30 val: 1
gamma: 31 val: 1
gamma: 32 val: 1
gamma: 33 val: 1
gamma: 34 val: 1
gamma: 35 val: 1
gamma: 36 val: 1
gamma: 37 val: 1
gamma: 38 val: 1
gamma: 39 val: 1
gamma: 40 val: 1
gamma: 41 val: 1
gamma: 42 val: 1
gamma: 43 val: 1
gamma: 44 val: 1
gamma: 45 val: 1
gamma: 46 val: 1
gamma: 47 val: 1
gamma: 48 val: 1
gamma: 49 val: 1
gamma: 50 val: 1
gamma: 51 val: 1
gamma: 52 val: 1
gamma: 53 val: 1
gamma: 54 val: 1
gamma: 55 val: 1
gamma: 56 val: 1
gamma: 57 val: 1
gamma: 58 val: 1
gamma: 59 val: 1
gamma: 60 val: 1
gamma: 61 val: 1
gamma: 62 val: 1
gamma: 63 val: 1
gamma: 64 val: 1
gamma: 65 val: 1
gamma: 66 val: 1
gamma: 67 val: 1
gamma: 68 val: 1
gamma: 69 val: 1
gamma: 70 val: 1
gamma: 71 val: 1
gamma: 72 val: 1
gamma: 73 val: 1
gamma: 74 val: 1
gamma: 75 val: 1
gamma: 76 val: 1
gamma: 77 val: 1
gamma: 78 val: 1
gamma: 79 val: 1
gamma: 80 val: 0
gamma: 81 val: 1
gamma: 82 val: 1
gamma: 83 val: 1
gamma: 84 val: 1
gamma: 85 val: 1
gamma: 86 val: 1
gamma: 87 val: 1
gamma: 88 val: 1
gamma: 89 val: 1
gamma: 90 val: 1
gamma: 91 val: 1
gamma: 92 val: 1
gamma: 93 val: 1
gamma: 94 val: 1
gamma: 95 val: 1
gamma: 96 val: 1
gamma: 97 val: 1
gamma: 98 val: 1
gamma: 99 val: 1
gamma: 100 val: 1
gamma: 101 val: 1
gamma: 102 val: 1
gamma: 103 val: 1
gamma: 104 val: 1
gamma: 105 val: 1
gamma: 106 val: 1
gamma: 107 val: 1
gamma: 108 val: 1
gamma: 109 val: 1
gamma: 110 val: 1
gamma: 111 val: 1
gamma: 112 val: 1
gamma: 113 val: 1
gamma: 114 val: 1
gamma: 115 val: 1
gamma: 116 val: 1
gamma: 117 val: 1
gamma: 118 val: 1
gamma: 119 val: 1
gamma: 120 val: 1
gamma: 121 val: 1
gamma: 122 val: 1
gamma: 123 val: 1
gamma: 124 val: 1
gamma: 125 val: 1
gamma: 126 val: 1
gamma: 127 val: 1
gamma: 128 val: 1
gamma: 129 val: 1
gamma: 130 val: 1
gamma: 131 val: 1
gamma: 132 val: 1
gamma: 133 val: 1
gamma: 134 val: 1
gamma: 135 val: 1
gamma: 136 val: 1
gamma: 137 val: 1
gamma: 138 val: 1
gamma: 139 val: 1
gamma: 140 val: 1
gamma: 141 val: 1
gamma: 142 val: 1
gamma: 143 val: 1
gamma: 144 val: 1
gamma: 145 val: 1
gamma: 146 val: 1
gamma: 147 val: 1
gamma: 148 val: 1
gamma: 149 val: 1
gamma: 150 val: 1
gamma: 151 val: 1
gamma: 152 val: 1
gamma: 153 val: 1
gamma: 154 val: 1
gamma: 155 val: 1
gamma: 156 val: 1
gamma: 157 val: 1
gamma: 158 val: 1
gamma: 159 val: 1
gamma: 160 val: 1
gamma: 161 val: 1
gamma: 162 val: 1
gamma: 163 val: 1
gamma: 164 val: 1
gamma: 165 val: 1
gamma: 166 val: 1
gamma: 167 val: 1
gamma: 168 val: 1
gamma: 169 val: 1
gamma: 170 val: 1
gamma: 171 val: 1
gamma: 172 val: 1
gamma: 173 val: 1
gamma: 174 val: 1
gamma: 175 val: 1
gamma: 176 val: 1
gamma: 177 val: 1
gamma: 178 val: 1
gamma: 179 val: 1
gamma: 180 val: 1
gamma: 181 val: 1
gamma: 182 val: 1
gamma: 183 val: 1
gamma: 184 val: 1
gamma: 185 val: 1
gamma: 186 val: 1
gamma: 187 val: 1
gamma: 188 val: 1
gamma: 189 val: 1
gamma: 190 val: 1
gamma: 191 val: 1
gamma: 192 val: 1
gamma: 193 val: 1
gamma: 194 val: 1
gamma: 195 val: 1
gamma: 196 val: 1
gamma: 197 val: 1
gamma: 198 val: 1
gamma: 199 val: 1
gamma: 200 val: 1
gamma: 201 val: 1
gamma: 202 val: 1
alpha: 2.57644
psiStar: 11027.2
lagLB: 10511.9
||gamma||^2: 200
lambda: 0,2.46746,2.46746,2.46746,2.46746,2.46746,2.46746,2.46746,2.46746,2.46746,2.46746,2.46746,2.46746,2.46746,2.46746,2.46746,2.46746,2.46746,0,2.46746,2.46746,2.46746,2.46746,2.46746,2.46746,2.46746,2.46746,2.46746,2.46746,2.46746,2.46746,2.46746,2.46746,2.46746,2.46746,2.46746,2.46746,2.46746,2.46746,2.46746,2.46746,2.46746,2.46746,2.46746,2.46746,2.46746,2.46746,2.46746,2.46746,2.46746,2.46746,2.46746,2.46746,2.46746,2.46746,2.46746,2.46746,2.46746,2.46746,2.46746,2.46746,2.46746,2.46746,2.46746,2.46746,2.46746,2.46746,2.46746,2.46746,2.46746,2.46746,2.46746,2.46746,2.46746,2.46746,2.46746,2.46746,2.46746,2.46746,2.46746,2.46746,2.46746,2.46746,2.46746,2.46746,2.46746,2.46746,2.46746,2.46746,2.46746,2.46746,2.46746,2.46746,2.46746,2.46746,2.46746,2.46746,2.46746,2.46746,2.46746,2.46746,2.46746,2.46746,2.46746,2.46746,2.46746,2.46746,2.46746,2.46746,2.46746,2.46746,2.46746,2.46746,2.46746,2.46746,2.46746,2.46746,2.46746,2.46746,2.46746,2.46746,2.46746,2.46746,2.46746,2.46746,2.46746,2.46746,2.46746,2.46746,2.46746,2.46746,2.46746,2.46746,2.46746,2.46746,2.46746,2.46746,2.46746,2.46746,2.46746,2.46746,2.46746,2.46746,2.46746,2.46746,2.46746,2.46746,2.46746,2.46746,2.46746,2.46746,2.46746,2.46746,2.46746,2.46746,2.46746,2.46746,2.46746,2.46746,2.46746,2.46746,2.46746,2.46746,2.46746,2.46746,2.46746,2.46746,2.46746,2.46746,2.46746,2.46746,2.46746,2.46746,2.46746,2.46746,2.46746,2.46746,2.46746,2.46746,2.46746,2.46746,2.46746,2.46746,2.46746,2.46746,2.46746,2.46746,2.46746,2.46746,2.46746,2.46746,2.46746,2.46746,2.46746,2.46746,2.46746,2.46746,2.46746,2.46746,2.46746,2.46746,2.46746,2.46746,
mu: 
combDuals: 
srcDuals: 
fixed dual: 0
lambda: 0,2.46746,2.46746,2.46746,2.46746,2.46746,2.46746,2.46746,2.46746,2.46746,2.46746,2.46746,2.46746,2.46746,2.46746,2.46746,2.46746,2.46746,0,2.46746,2.46746,2.46746,2.46746,2.46746,2.46746,2.46746,2.46746,2.46746,2.46746,2.46746,2.46746,2.46746,2.46746,2.46746,2.46746,2.46746,2.46746,2.46746,2.46746,2.46746,2.46746,2.46746,2.46746,2.46746,2.46746,2.46746,2.46746,2.46746,2.46746,2.46746,2.46746,2.46746,2.46746,2.46746,2.46746,2.46746,2.46746,2.46746,2.46746,2.46746,2.46746,2.46746,2.46746,2.46746,2.46746,2.46746,2.46746,2.46746,2.46746,2.46746,2.46746,2.46746,2.46746,2.46746,2.46746,2.46746,2.46746,2.46746,2.46746,2.46746,2.46746,2.46746,2.46746,2.46746,2.46746,2.46746,2.46746,2.46746,2.46746,2.46746,2.46746,2.46746,2.46746,2.46746,2.46746,2.46746,2.46746,2.46746,2.46746,2.46746,2.46746,2.46746,2.46746,2.46746,2.46746,2.46746,2.46746,2.46746,2.46746,2.46746,2.46746,2.46746,2.46746,2.46746,2.46746,2.46746,2.46746,2.46746,2.46746,2.46746,2.46746,2.46746,2.46746,2.46746,2.46746,2.46746,2.46746,2.46746,2.46746,2.46746,2.46746,2.46746,2.46746,2.46746,2.46746,2.46746,2.46746,2.46746,2.46746,2.46746,2.46746,2.46746,2.46746,2.46746,2.46746,2.46746,2.46746,2.46746,2.46746,2.46746,2.46746,2.46746,2.46746,2.46746,2.46746,2.46746,2.46746,2.46746,2.46746,2.46746,2.46746,2.46746,2.46746,2.46746,2.46746,2.46746,2.46746,2.46746,2.46746,2.46746,2.46746,2.46746,2.46746,2.46746,2.46746,2.46746,2.46746,2.46746,2.46746,2.46746,2.46746,2.46746,2.46746,2.46746,2.46746,2.46746,2.46746,2.46746,2.46746,2.46746,2.46746,2.46746,2.46746,2.46746,2.46746,2.46746,2.46746,2.46746,2.46746,2.46746,2.46746,2.46746,2.46746,
mu: 
combDuals: 
srcDuals: 
fixed dual: 0
separating route arcs: 8 1345 
separating route locations: 18 80 
STATS - lpIterations[1] lagIterations[2] sspIterations[2] numSeparations[1] numCuts[0] compileTime[2055] sspSolveTime[105] lpSolveTime[0] lb[10511.9] ub[97360.4] numArcs: [91193596] numFixed: [0] numHeuristicIPs: [7] numHeuristicLNS: [3] numPrimalLNSRepairs: [8] time: [2577]
STATS1 - lpIterations[1] lagIterations[2] sspIterations[2] numSeparations[1] numCuts[0] compileTime[2055] sspSolveTime[105] lpSolveTime[0] repairTime[0] cutsTime[0] alphaTime[0] decompTime[25] yellowTime[0] updateTime[70] fixTime[0] lb[10511.9] ub[97360.4] numArcs: [91193596] numFixed: [0] time: [2577]
lag: 10968.3
STATS - lpIterations[1] lagIterations[3] sspIterations[3] numSeparations[1] numCuts[0] compileTime[2055] sspSolveTime[615] lpSolveTime[0] lb[10968.3] ub[97360.4] numArcs: [91193526] numFixed: [0] numHeuristicIPs: [7] numHeuristicLNS: [3] numPrimalLNSRepairs: [8] time: [3086]
STATS1 - lpIterations[1] lagIterations[3] sspIterations[3] numSeparations[1] numCuts[0] compileTime[2055] sspSolveTime[615] lpSolveTime[0] repairTime[0] cutsTime[0] alphaTime[0] decompTime[25] yellowTime[0] updateTime[70] fixTime[0] lb[10968.3] ub[97360.4] numArcs: [91193526] numFixed: [0] time: [3086]
lambda: 0,5.04391,5.04391,5.04391,5.04391,5.04391,5.04391,5.04391,5.04391,5.04391,5.04391,5.04391,5.04391,5.04391,5.04391,5.04391,5.04391,5.04391,0,5.04391,5.04391,5.04391,5.04391,5.04391,5.04391,5.04391,5.04391,5.04391,5.04391,5.04391,5.04391,5.04391,5.04391,5.04391,5.04391,5.04391,5.04391,5.04391,5.04391,5.04391,5.04391,5.04391,5.04391,5.04391,5.04391,5.04391,5.04391,5.04391,5.04391,5.04391,5.04391,5.04391,5.04391,5.04391,5.04391,5.04391,5.04391,5.04391,5.04391,5.04391,5.04391,5.04391,5.04391,5.04391,5.04391,5.04391,5.04391,5.04391,5.04391,5.04391,5.04391,5.04391,5.04391,5.04391,5.04391,5.04391,5.04391,5.04391,5.04391,5.04391,2.46746,5.04391,5.04391,5.04391,5.04391,5.04391,5.04391,5.04391,5.04391,5.04391,5.04391,5.04391,5.04391,5.04391,5.04391,5.04391,5.04391,5.04391,5.04391,5.04391,5.04391,5.04391,5.04391,5.04391,5.04391,5.04391,5.04391,5.04391,5.04391,5.04391,5.04391,5.04391,5.04391,5.04391,5.04391,5.04391,5.04391,5.04391,5.04391,5.04391,5.04391,5.04391,5.04391,5.04391,5.04391,5.04391,5.04391,5.04391,5.04391,5.04391,5.04391,5.04391,5.04391,5.04391,5.04391,5.04391,5.04391,5.04391,5.04391,5.04391,5.04391,5.04391,5.04391,5.04391,5.04391,5.04391,5.04391,5.04391,5.04391,5.04391,5.04391,5.04391,5.04391,5.04391,5.04391,5.04391,5.04391,5.04391,5.04391,5.04391,5.04391,5.04391,5.04391,5.04391,5.04391,5.04391,5.04391,5.04391,5.04391,5.04391,5.04391,5.04391,5.04391,5.04391,5.04391,5.04391,5.04391,5.04391,5.04391,5.04391,5.04391,5.04391,5.04391,5.04391,5.04391,5.04391,5.04391,5.04391,5.04391,5.04391,5.04391,5.04391,5.04391,5.04391,5.04391,5.04391,5.04391,5.04391,5.04391,5.04391,5.04391,5.04391,5.04391,
mu: 
combDuals: 
srcDuals: 
fixed dual: 0
new best dual, value: 10968.3
primal heuristic num vars: 26
add MIP warm start
primal heuristic MIP obj: 97360.4
feasible primal routes: 
route: 
0 65 19 103 88 132 75 135 113 22 107 127 24 50 169 25 52 1 155 80 171 0 
route: 
0 179 23 181 79 128 197 81 158 165 149 201 106 176 157 136 5 58 70 30 12 76 108 53 112 0 
route: 
0 41 74 61 119 143 152 118 184 167 194 95 183 91 26 90 40 27 44 29 59 9 129 125 69 196 138 7 159 187 173 130 198 121 189 20 55 96 188 182 54 0 
route: 
0 47 116 56 131 192 33 162 43 139 15 195 31 71 48 191 32 68 124 92 147 170 98 17 174 202 148 0 
route: 
0 67 168 45 8 34 63 100 36 172 38 122 145 0 
route: 
0 62 164 18 146 150 89 180 142 11 141 166 102 42 101 160 97 28 2 0 
route: 
0 199 137 117 35 73 161 151 60 200 57 16 105 14 144 37 185 186 84 10 93 114 156 154 110 109 46 85 153 0 
route: 
0 78 13 193 178 49 175 99 86 0 
route: 
0 4 21 6 77 120 51 94 177 134 104 3 133 66 64 123 83 82 190 111 87 126 163 39 72 140 115 0 
destroy by single route index: 7
3 12 13 15 49 78 86 99 112 134 175 176 178 193 195 197 
num skipped: 0
num vars: 57304
improved iteration ub from lns primal heuristic: 97356.2
improved primal routes: 
route: 
0 65 19 103 88 132 75 135 113 22 107 127 24 50 169 25 52 1 155 80 171 0 
route: 
0 179 23 181 79 128 81 158 165 149 201 106 157 136 5 58 70 30 76 108 53 0 
route: 
0 41 74 61 119 143 152 118 184 167 194 95 183 91 26 90 40 27 44 29 59 9 129 125 69 196 138 7 159 187 173 130 198 121 189 20 55 96 188 182 54 0 
route: 
0 47 116 56 131 192 33 162 43 139 15 195 31 71 48 191 32 68 124 92 147 170 98 17 174 202 148 0 
route: 
0 67 168 45 8 34 63 100 36 172 38 122 145 178 99 0 
route: 
0 62 164 18 146 150 89 180 142 11 141 166 102 42 101 160 97 28 2 0 
route: 
0 199 137 117 35 73 161 151 60 200 57 16 105 14 144 37 185 186 84 10 93 114 156 154 110 109 46 85 153 0 
route: 
0 4 21 6 77 120 51 94 177 134 104 3 133 66 64 123 176 83 12 82 190 111 87 126 163 39 72 140 115 0 
route: 
0 197 193 13 78 49 175 112 86 0 
improved with intra-route reinsertion
improved with intra-route reinsertion
improved with intra-route reinsertion
improved with intra-route reinsertion
improved with intra-route Or-opt2
added route to primal routes: 0,179,23,181,79,128,165,149,201,81,158,70,157,136,5,58,30,76,108,106,53,0,
improved with intra-route reinsertion
improved with intra-route reinsertion
improved with intra-route reinsertion
added route to primal routes: 0,67,168,45,8,34,63,100,36,172,178,122,145,38,99,0,
added route to primal routes: 0,4,21,6,77,120,51,94,177,134,104,3,133,66,64,123,176,83,12,82,190,111,87,126,163,39,72,140,115,0,
added route to primal routes: 0,197,193,13,78,49,175,112,86,0,
STATS - lpIterations[1] lagIterations[3] sspIterations[3] numSeparations[1] numCuts[0] compileTime[2055] sspSolveTime[615] lpSolveTime[0] lb[10968.3] ub[97356.2] numArcs: [91193526] numFixed: [0] numHeuristicIPs: [8] numHeuristicLNS: [4] numPrimalLNSRepairs: [9] time: [3123]
STATS1 - lpIterations[1] lagIterations[3] sspIterations[3] numSeparations[1] numCuts[0] compileTime[2055] sspSolveTime[615] lpSolveTime[0] repairTime[0] cutsTime[0] alphaTime[0] decompTime[38] yellowTime[0] updateTime[70] fixTime[0] lb[10968.3] ub[97356.2] numArcs: [91193526] numFixed: [0] time: [3123]
routes added, try running MIP Pool
primal heuristic num vars: 30
add MIP warm start
primal heuristic MIP obj: 97306.4
feasible primal routes: 
route: 
0 65 19 103 88 132 75 135 113 22 107 127 24 50 169 25 52 1 155 80 171 0 
route: 
0 41 74 61 119 143 152 118 184 167 194 95 183 91 26 90 40 27 44 29 59 9 129 125 69 196 138 7 159 187 173 130 198 121 189 20 55 96 188 182 54 0 
route: 
0 47 116 56 131 192 33 162 43 139 15 195 31 71 48 191 32 68 124 92 147 170 98 17 174 202 148 0 
route: 
0 62 164 18 146 150 89 180 142 11 141 166 102 42 101 160 97 28 2 0 
route: 
0 199 137 117 35 73 161 151 60 200 57 16 105 14 144 37 185 186 84 10 93 114 156 154 110 109 46 85 153 0 
route: 
0 179 23 181 79 128 165 149 201 81 158 70 157 136 5 58 30 76 108 106 53 0 
route: 
0 67 168 45 8 34 63 100 36 172 178 122 145 38 99 0 
route: 
0 4 21 6 77 120 51 94 177 134 104 3 133 66 64 123 176 83 12 82 190 111 87 126 163 39 72 140 115 0 
route: 
0 197 193 13 78 49 175 112 86 0 
improved ub from MIP pool: 97306.4
STATS - lpIterations[1] lagIterations[3] sspIterations[3] numSeparations[1] numCuts[0] compileTime[2055] sspSolveTime[615] lpSolveTime[0] lb[10968.3] ub[97306.4] numArcs: [91193526] numFixed: [0] numHeuristicIPs: [9] numHeuristicLNS: [4] numPrimalLNSRepairs: [9] time: [3123]
STATS1 - lpIterations[1] lagIterations[3] sspIterations[3] numSeparations[1] numCuts[0] compileTime[2055] sspSolveTime[615] lpSolveTime[0] repairTime[0] cutsTime[0] alphaTime[0] decompTime[38] yellowTime[0] updateTime[70] fixTime[0] lb[10968.3] ub[97306.4] numArcs: [91193526] numFixed: [0] time: [3123]
destroy by single route index: 8
2 13 20 40 49 78 80 86 89 112 129 130 155 175 193 197 
num skipped: 0
num vars: 32874
improved iteration ub from lns primal heuristic: 97306.4
improved primal routes: 
route: 
0 65 19 103 88 132 75 135 113 22 107 127 24 50 169 25 52 1 155 80 171 0 
route: 
0 41 74 61 119 143 152 118 184 167 194 95 183 91 26 90 40 27 44 29 59 9 129 125 69 196 138 7 159 187 173 130 198 121 189 20 55 96 188 182 54 0 
route: 
0 47 116 56 131 192 33 162 43 139 15 195 31 71 48 191 32 68 124 92 147 170 98 17 174 202 148 0 
route: 
0 62 164 18 146 150 89 180 142 11 141 166 102 42 101 160 97 28 2 0 
route: 
0 199 137 117 35 73 161 151 60 200 57 16 105 14 144 37 185 186 84 10 93 114 156 154 110 109 46 85 153 0 
route: 
0 179 23 181 79 128 165 149 201 81 158 70 157 136 5 58 30 76 108 106 53 0 
route: 
0 67 168 45 8 34 63 100 36 172 178 122 145 38 99 0 
route: 
0 4 21 6 77 120 51 94 177 134 104 3 133 66 64 123 176 83 12 82 190 111 87 126 163 39 72 140 115 0 
route: 
0 197 193 13 78 49 175 112 86 0 
destroy by single route index: 8
4 5 13 49 70 78 86 111 112 122 136 145 175 179 193 197 
num skipped: 0
num vars: 18245
improved iteration ub from lns primal heuristic: 97239.2
improved primal routes: 
route: 
0 65 19 103 88 132 75 135 113 22 107 127 24 136 50 5 169 25 52 1 155 80 171 0 
route: 
0 41 74 61 119 143 152 118 184 167 194 95 183 91 26 90 40 27 44 29 59 9 129 125 69 196 138 7 159 187 173 130 198 121 189 20 55 96 188 182 54 0 
route: 
0 47 116 56 131 192 33 162 43 139 15 195 31 71 48 191 32 68 124 92 147 170 98 17 174 202 148 0 
route: 
0 62 164 18 146 150 89 180 142 11 141 166 102 42 101 160 97 28 2 0 
route: 
0 199 137 117 35 73 161 151 60 200 57 16 105 14 144 37 185 186 84 10 93 114 156 154 110 109 46 85 153 0 
route: 
0 23 181 79 128 122 145 165 149 201 81 158 157 58 30 76 108 106 53 0 
route: 
0 67 168 45 8 34 63 100 36 172 178 38 13 86 99 0 
route: 
0 4 179 197 193 78 70 111 49 175 112 0 
route: 
0 21 6 77 120 51 94 177 134 104 3 133 66 64 123 176 83 12 82 190 87 126 163 39 72 140 115 0 
added route to primal routes: 0,65,19,103,88,132,75,135,113,22,107,127,24,136,50,5,169,25,52,1,155,80,171,0,
improved with intra-route reinsertion
improved with intra-route Or-opt2
improved with intra-route reinsertion
improved with intra-route reinsertion
added route to primal routes: 0,23,181,79,165,128,122,145,81,158,58,157,30,106,76,108,149,201,53,0,
improved with intra-route reinsertion
added route to primal routes: 0,67,168,45,8,34,63,100,36,172,178,13,38,86,99,0,
added route to primal routes: 0,4,179,197,193,78,70,111,49,175,112,0,
improved with intra-route reinsertion
added route to primal routes: 0,21,6,77,120,51,94,177,134,104,3,133,66,64,123,176,83,12,190,82,87,126,163,39,72,140,115,0,
STATS - lpIterations[1] lagIterations[3] sspIterations[3] numSeparations[1] numCuts[0] compileTime[2055] sspSolveTime[615] lpSolveTime[0] lb[10968.3] ub[97239.2] numArcs: [91193526] numFixed: [0] numHeuristicIPs: [9] numHeuristicLNS: [4] numPrimalLNSRepairs: [11] time: [3160]
STATS1 - lpIterations[1] lagIterations[3] sspIterations[3] numSeparations[1] numCuts[0] compileTime[2055] sspSolveTime[615] lpSolveTime[0] repairTime[0] cutsTime[0] alphaTime[0] decompTime[38] yellowTime[0] updateTime[70] fixTime[0] lb[10968.3] ub[97239.2] numArcs: [91193526] numFixed: [0] time: [3160]
routes added, try running MIP Pool
primal heuristic num vars: 35
add MIP warm start
primal heuristic MIP obj: 97202.2
feasible primal routes: 
route: 
0 41 74 61 119 143 152 118 184 167 194 95 183 91 26 90 40 27 44 29 59 9 129 125 69 196 138 7 159 187 173 130 198 121 189 20 55 96 188 182 54 0 
route: 
0 47 116 56 131 192 33 162 43 139 15 195 31 71 48 191 32 68 124 92 147 170 98 17 174 202 148 0 
route: 
0 62 164 18 146 150 89 180 142 11 141 166 102 42 101 160 97 28 2 0 
route: 
0 199 137 117 35 73 161 151 60 200 57 16 105 14 144 37 185 186 84 10 93 114 156 154 110 109 46 85 153 0 
route: 
0 65 19 103 88 132 75 135 113 22 107 127 24 136 50 5 169 25 52 1 155 80 171 0 
route: 
0 23 181 79 165 128 122 145 81 158 58 157 30 106 76 108 149 201 53 0 
route: 
0 67 168 45 8 34 63 100 36 172 178 13 38 86 99 0 
route: 
0 4 179 197 193 78 70 111 49 175 112 0 
route: 
0 21 6 77 120 51 94 177 134 104 3 133 66 64 123 176 83 12 190 82 87 126 163 39 72 140 115 0 
improved ub from MIP pool: 97202.2
STATS - lpIterations[1] lagIterations[3] sspIterations[3] numSeparations[1] numCuts[0] compileTime[2055] sspSolveTime[615] lpSolveTime[0] lb[10968.3] ub[97202.2] numArcs: [91193526] numFixed: [0] numHeuristicIPs: [10] numHeuristicLNS: [4] numPrimalLNSRepairs: [11] time: [3160]
STATS1 - lpIterations[1] lagIterations[3] sspIterations[3] numSeparations[1] numCuts[0] compileTime[2055] sspSolveTime[615] lpSolveTime[0] repairTime[0] cutsTime[0] alphaTime[0] decompTime[38] yellowTime[0] updateTime[70] fixTime[0] lb[10968.3] ub[97202.2] numArcs: [91193526] numFixed: [0] time: [3160]
destroy by single route index: 7
4 8 9 31 43 45 49 59 70 78 111 112 138 175 179 193 196 197 
num skipped: 0
num vars: 45420
improved iteration ub from lns primal heuristic: 97135.1
improved primal routes: 
route: 
0 41 74 61 119 143 152 118 184 167 194 95 183 91 26 90 40 27 44 29 59 9 129 125 69 196 138 7 159 187 173 130 198 121 189 20 55 96 188 182 54 0 
route: 
0 47 116 56 131 192 33 162 139 15 195 71 48 191 32 68 124 92 147 170 98 17 174 202 148 0 
route: 
0 62 164 18 146 150 89 180 142 11 141 166 102 42 101 160 97 28 2 0 
route: 
0 199 137 117 35 73 161 45 151 60 200 8 57 16 105 14 144 37 185 186 84 10 93 114 156 154 110 109 46 85 153 0 
route: 
0 65 19 43 103 88 132 31 75 135 113 22 107 127 24 136 50 5 169 25 52 1 155 80 171 0 
route: 
0 23 181 79 165 128 122 145 81 158 58 157 30 106 76 108 149 201 53 0 
route: 
0 67 168 34 63 100 36 172 178 13 38 86 99 0 
route: 
0 4 179 197 193 78 70 111 49 175 112 0 
route: 
0 21 6 77 120 51 94 177 134 104 3 133 66 64 123 176 83 12 190 82 87 126 163 39 72 140 115 0 
improved with intra-route reinsertion
added route to primal routes: 0,47,116,56,131,192,33,162,139,15,195,191,71,48,32,68,124,92,147,170,98,17,174,202,148,0,
added route to primal routes: 0,199,137,117,35,73,161,45,151,60,200,8,57,16,105,14,144,37,185,186,84,10,93,114,156,154,110,109,46,85,153,0,
added route to primal routes: 0,65,19,43,103,88,132,31,75,135,113,22,107,127,24,136,50,5,169,25,52,1,155,80,171,0,
added route to primal routes: 0,67,168,34,63,100,36,172,178,13,38,86,99,0,
STATS - lpIterations[1] lagIterations[3] sspIterations[3] numSeparations[1] numCuts[0] compileTime[2055] sspSolveTime[615] lpSolveTime[0] lb[10968.3] ub[97135.1] numArcs: [91193526] numFixed: [0] numHeuristicIPs: [10] numHeuristicLNS: [4] numPrimalLNSRepairs: [12] time: [3202]
STATS1 - lpIterations[1] lagIterations[3] sspIterations[3] numSeparations[1] numCuts[0] compileTime[2055] sspSolveTime[615] lpSolveTime[0] repairTime[0] cutsTime[0] alphaTime[0] decompTime[38] yellowTime[0] updateTime[70] fixTime[0] lb[10968.3] ub[97135.1] numArcs: [91193526] numFixed: [0] time: [3202]
routes added, try running MIP Pool
primal heuristic num vars: 39
add MIP warm start
primal heuristic MIP obj: 97134.1
feasible primal routes: 
route: 
0 41 74 61 119 143 152 118 184 167 194 95 183 91 26 90 40 27 44 29 59 9 129 125 69 196 138 7 159 187 173 130 198 121 189 20 55 96 188 182 54 0 
route: 
0 62 164 18 146 150 89 180 142 11 141 166 102 42 101 160 97 28 2 0 
route: 
0 23 181 79 165 128 122 145 81 158 58 157 30 106 76 108 149 201 53 0 
route: 
0 4 179 197 193 78 70 111 49 175 112 0 
route: 
0 21 6 77 120 51 94 177 134 104 3 133 66 64 123 176 83 12 190 82 87 126 163 39 72 140 115 0 
route: 
0 47 116 56 131 192 33 162 139 15 195 191 71 48 32 68 124 92 147 170 98 17 174 202 148 0 
route: 
0 199 137 117 35 73 161 45 151 60 200 8 57 16 105 14 144 37 185 186 84 10 93 114 156 154 110 109 46 85 153 0 
route: 
0 65 19 43 103 88 132 31 75 135 113 22 107 127 24 136 50 5 169 25 52 1 155 80 171 0 
route: 
0 67 168 34 63 100 36 172 178 13 38 86 99 0 
improved ub from MIP pool: 97134.1
STATS - lpIterations[1] lagIterations[3] sspIterations[3] numSeparations[1] numCuts[0] compileTime[2055] sspSolveTime[615] lpSolveTime[0] lb[10968.3] ub[97134.1] numArcs: [91193526] numFixed: [0] numHeuristicIPs: [11] numHeuristicLNS: [4] numPrimalLNSRepairs: [12] time: [3202]
STATS1 - lpIterations[1] lagIterations[3] sspIterations[3] numSeparations[1] numCuts[0] compileTime[2055] sspSolveTime[615] lpSolveTime[0] repairTime[0] cutsTime[0] alphaTime[0] decompTime[38] yellowTime[0] updateTime[70] fixTime[0] lb[10968.3] ub[97134.1] numArcs: [91193526] numFixed: [0] time: [3202]
destroy by single route index: 3
4 32 49 68 70 76 78 111 112 141 157 166 175 179 188 189 193 197 
num skipped: 0
num vars: 61452
improved iteration ub from lns primal heuristic: 97110.2
improved primal routes: 
route: 
0 41 74 61 119 143 152 118 184 167 194 95 183 91 26 90 40 27 44 29 59 9 129 125 69 196 138 7 159 187 173 130 198 121 189 20 55 96 188 182 54 0 
route: 
0 62 164 18 146 32 68 150 89 180 142 11 141 166 102 42 101 160 97 28 2 0 
route: 
0 23 181 79 165 128 122 145 81 158 58 157 30 106 76 108 149 201 53 0 
route: 
0 4 179 197 193 78 70 111 49 175 112 0 
route: 
0 21 6 77 120 51 94 177 134 104 3 133 66 64 123 176 83 12 190 82 87 126 163 39 72 140 115 0 
route: 
0 47 116 56 131 192 33 162 139 15 195 191 71 48 124 92 147 170 98 17 174 202 148 0 
route: 
0 199 137 117 35 73 161 45 151 60 200 8 57 16 105 14 144 37 185 186 84 10 93 114 156 154 110 109 46 85 153 0 
route: 
0 65 19 43 103 88 132 31 75 135 113 22 107 127 24 136 50 5 169 25 52 1 155 80 171 0 
route: 
0 67 168 34 63 100 36 172 178 13 38 86 99 0 
added route to primal routes: 0,62,164,18,146,32,68,150,89,180,142,11,141,166,102,42,101,160,97,28,2,0,
improved with intra-route reinsertion
improved with intra-route reinsertion
improved with intra-route reinsertion
added route to primal routes: 0,47,116,56,131,192,33,162,139,15,195,71,48,191,92,147,124,17,170,98,174,202,148,0,
STATS - lpIterations[1] lagIterations[3] sspIterations[3] numSeparations[1] numCuts[0] compileTime[2055] sspSolveTime[615] lpSolveTime[0] lb[10968.3] ub[97110.2] numArcs: [91193526] numFixed: [0] numHeuristicIPs: [11] numHeuristicLNS: [4] numPrimalLNSRepairs: [13] time: [3229]
STATS1 - lpIterations[1] lagIterations[3] sspIterations[3] numSeparations[1] numCuts[0] compileTime[2055] sspSolveTime[615] lpSolveTime[0] repairTime[0] cutsTime[0] alphaTime[0] decompTime[38] yellowTime[0] updateTime[70] fixTime[0] lb[10968.3] ub[97110.2] numArcs: [91193526] numFixed: [0] time: [3229]
routes added, try running MIP Pool
primal heuristic num vars: 41
add MIP warm start
primal heuristic MIP obj: 97055.1
feasible primal routes: 
route: 
0 41 74 61 119 143 152 118 184 167 194 95 183 91 26 90 40 27 44 29 59 9 129 125 69 196 138 7 159 187 173 130 198 121 189 20 55 96 188 182 54 0 
route: 
0 23 181 79 165 128 122 145 81 158 58 157 30 106 76 108 149 201 53 0 
route: 
0 4 179 197 193 78 70 111 49 175 112 0 
route: 
0 21 6 77 120 51 94 177 134 104 3 133 66 64 123 176 83 12 190 82 87 126 163 39 72 140 115 0 
route: 
0 199 137 117 35 73 161 45 151 60 200 8 57 16 105 14 144 37 185 186 84 10 93 114 156 154 110 109 46 85 153 0 
route: 
0 65 19 43 103 88 132 31 75 135 113 22 107 127 24 136 50 5 169 25 52 1 155 80 171 0 
route: 
0 67 168 34 63 100 36 172 178 13 38 86 99 0 
route: 
0 62 164 18 146 32 68 150 89 180 142 11 141 166 102 42 101 160 97 28 2 0 
route: 
0 47 116 56 131 192 33 162 139 15 195 71 48 191 92 147 124 17 170 98 174 202 148 0 
improved ub from MIP pool: 97055.1
STATS - lpIterations[1] lagIterations[3] sspIterations[3] numSeparations[1] numCuts[0] compileTime[2055] sspSolveTime[615] lpSolveTime[0] lb[10968.3] ub[97055.1] numArcs: [91193526] numFixed: [0] numHeuristicIPs: [12] numHeuristicLNS: [4] numPrimalLNSRepairs: [13] time: [3229]
STATS1 - lpIterations[1] lagIterations[3] sspIterations[3] numSeparations[1] numCuts[0] compileTime[2055] sspSolveTime[615] lpSolveTime[0] repairTime[0] cutsTime[0] alphaTime[0] decompTime[38] yellowTime[0] updateTime[70] fixTime[0] lb[10968.3] ub[97055.1] numArcs: [91193526] numFixed: [0] time: [3229]
destroy by single route index: 2
4 19 24 49 50 70 78 80 88 103 111 112 132 155 175 179 193 197 
num skipped: 0
num vars: 45304
improved iteration ub from lns primal heuristic: 97055.1
improved primal routes: 
route: 
0 41 74 61 119 143 152 118 184 167 194 95 183 91 26 90 40 27 44 29 59 9 129 125 69 196 138 7 159 187 173 130 198 121 189 20 55 96 188 182 54 0 
route: 
0 23 181 79 165 128 122 145 81 158 58 157 30 106 76 108 149 201 53 0 
route: 
0 4 179 197 193 78 70 111 49 175 112 0 
route: 
0 21 6 77 120 51 94 177 134 104 3 133 66 64 123 176 83 12 190 82 87 126 163 39 72 140 115 0 
route: 
0 199 137 117 35 73 161 45 151 60 200 8 57 16 105 14 144 37 185 186 84 10 93 114 156 154 110 109 46 85 153 0 
route: 
0 65 19 43 103 88 132 31 75 135 113 22 107 127 24 136 50 5 169 25 52 1 155 80 171 0 
route: 
0 67 168 34 63 100 36 172 178 13 38 86 99 0 
route: 
0 62 164 18 146 32 68 150 89 180 142 11 141 166 102 42 101 160 97 28 2 0 
route: 
0 47 116 56 131 192 33 162 139 15 195 71 48 191 92 147 124 17 170 98 174 202 148 0 
destroy by single route index: 2
4 17 38 46 49 70 78 111 112 114 148 150 164 168 175 179 193 197 
num skipped: 0
num vars: 16706
improved iteration ub from lns primal heuristic: 97043.8
improved primal routes: 
route: 
0 41 74 61 119 143 152 118 184 167 194 95 183 91 26 90 40 27 44 29 59 9 129 125 69 196 138 7 159 187 173 130 198 121 189 20 55 96 188 182 54 0 
route: 
0 23 164 181 150 79 165 128 122 145 81 158 58 157 30 106 76 108 149 201 53 0 
route: 
0 4 179 197 193 78 70 111 49 175 112 0 
route: 
0 21 6 77 120 51 94 177 134 104 3 133 66 64 123 176 83 12 190 82 87 126 163 39 72 140 115 0 
route: 
0 199 137 117 35 73 161 45 151 60 200 8 57 16 105 14 144 37 185 186 84 10 93 114 156 154 110 109 46 85 153 0 
route: 
0 65 19 43 103 88 132 31 75 135 113 22 107 127 24 136 50 5 169 25 52 1 155 80 171 0 
route: 
0 67 34 63 100 36 172 178 13 86 99 0 
route: 
0 62 18 168 38 146 32 68 89 180 142 11 141 166 102 42 101 160 97 28 2 0 
route: 
0 47 116 56 131 192 33 162 139 15 195 71 48 191 92 147 124 17 170 98 174 202 148 0 
added route to primal routes: 0,23,164,181,150,79,165,128,122,145,81,158,58,157,30,106,76,108,149,201,53,0,
added route to primal routes: 0,67,34,63,100,36,172,178,13,86,99,0,
added route to primal routes: 0,62,18,168,38,146,32,68,89,180,142,11,141,166,102,42,101,160,97,28,2,0,
STATS - lpIterations[1] lagIterations[3] sspIterations[3] numSeparations[1] numCuts[0] compileTime[2055] sspSolveTime[615] lpSolveTime[0] lb[10968.3] ub[97043.8] numArcs: [91193526] numFixed: [0] numHeuristicIPs: [12] numHeuristicLNS: [4] numPrimalLNSRepairs: [15] time: [3270]
STATS1 - lpIterations[1] lagIterations[3] sspIterations[3] numSeparations[1] numCuts[0] compileTime[2055] sspSolveTime[615] lpSolveTime[0] repairTime[0] cutsTime[0] alphaTime[0] decompTime[38] yellowTime[0] updateTime[70] fixTime[0] lb[10968.3] ub[97043.8] numArcs: [91193526] numFixed: [0] time: [3270]
routes added, try running MIP Pool
primal heuristic num vars: 44
add MIP warm start
primal heuristic MIP obj: 97043.8
feasible primal routes: 
route: 
0 41 74 61 119 143 152 118 184 167 194 95 183 91 26 90 40 27 44 29 59 9 129 125 69 196 138 7 159 187 173 130 198 121 189 20 55 96 188 182 54 0 
route: 
0 4 179 197 193 78 70 111 49 175 112 0 
route: 
0 21 6 77 120 51 94 177 134 104 3 133 66 64 123 176 83 12 190 82 87 126 163 39 72 140 115 0 
route: 
0 199 137 117 35 73 161 45 151 60 200 8 57 16 105 14 144 37 185 186 84 10 93 114 156 154 110 109 46 85 153 0 
route: 
0 65 19 43 103 88 132 31 75 135 113 22 107 127 24 136 50 5 169 25 52 1 155 80 171 0 
route: 
0 47 116 56 131 192 33 162 139 15 195 71 48 191 92 147 124 17 170 98 174 202 148 0 
route: 
0 23 164 181 150 79 165 128 122 145 81 158 58 157 30 106 76 108 149 201 53 0 
route: 
0 67 34 63 100 36 172 178 13 86 99 0 
route: 
0 62 18 168 38 146 32 68 89 180 142 11 141 166 102 42 101 160 97 28 2 0 
destroy by single route index: 2
4 30 49 70 78 80 81 107 108 111 112 127 128 155 175 179 193 197 
num skipped: 0
num vars: 42221
improved iteration ub from lns primal heuristic: 97024.7
improved primal routes: 
route: 
0 41 74 61 119 143 152 118 184 167 194 95 183 91 26 90 40 27 44 128 29 59 81 9 129 125 69 196 138 7 159 187 173 130 198 121 189 20 55 96 188 182 54 0 
route: 
0 23 164 181 150 79 165 122 145 158 58 157 30 106 76 108 149 201 53 0 
route: 
0 4 179 197 193 78 70 111 49 175 112 0 
route: 
0 21 6 77 120 51 94 177 134 104 3 133 66 64 123 176 83 12 190 82 87 126 163 39 72 140 115 0 
route: 
0 199 137 117 35 73 161 45 151 60 200 8 57 16 105 14 144 37 185 186 84 10 93 114 156 154 110 109 46 85 153 0 
route: 
0 65 19 43 103 88 132 31 75 135 113 22 24 136 50 5 169 25 52 1 155 80 171 0 
route: 
0 67 34 63 100 36 172 178 13 107 127 86 99 0 
route: 
0 62 18 168 38 146 32 68 89 180 142 11 141 166 102 42 101 160 97 28 2 0 
route: 
0 47 116 56 131 192 33 162 139 15 195 71 48 191 92 147 124 17 170 98 174 202 148 0 
improved with intra-route reinsertion
improved with intra-route reinsertion
added route to primal routes: 0,41,74,61,119,143,152,118,184,167,194,95,183,91,26,90,128,40,27,44,29,59,81,9,129,125,69,196,138,7,159,187,173,130,198,121,189,20,55,96,188,182,54,0,
improved with intra-route reinsertion
improved with intra-route reinsertion
improved with intra-route Or-opt2
improved with intra-route reinsertion
added route to primal routes: 0,23,164,181,150,79,165,158,122,145,58,157,30,106,76,108,149,201,53,0,
added route to primal routes: 0,65,19,43,103,88,132,31,75,135,113,22,24,136,50,5,169,25,52,1,155,80,171,0,
improved with intra-route reinsertion
added route to primal routes: 0,67,34,63,100,36,172,178,107,13,127,86,99,0,
STATS - lpIterations[1] lagIterations[3] sspIterations[3] numSeparations[1] numCuts[0] compileTime[2055] sspSolveTime[615] lpSolveTime[0] lb[10968.3] ub[97024.7] numArcs: [91193526] numFixed: [0] numHeuristicIPs: [13] numHeuristicLNS: [4] numPrimalLNSRepairs: [16] time: [3299]
STATS1 - lpIterations[1] lagIterations[3] sspIterations[3] numSeparations[1] numCuts[0] compileTime[2055] sspSolveTime[615] lpSolveTime[0] repairTime[0] cutsTime[0] alphaTime[0] decompTime[38] yellowTime[0] updateTime[70] fixTime[0] lb[10968.3] ub[97024.7] numArcs: [91193526] numFixed: [0] time: [3299]
routes added, try running MIP Pool
primal heuristic num vars: 48
add MIP warm start
primal heuristic MIP obj: 96943.1
feasible primal routes: 
route: 
0 4 179 197 193 78 70 111 49 175 112 0 
route: 
0 21 6 77 120 51 94 177 134 104 3 133 66 64 123 176 83 12 190 82 87 126 163 39 72 140 115 0 
route: 
0 199 137 117 35 73 161 45 151 60 200 8 57 16 105 14 144 37 185 186 84 10 93 114 156 154 110 109 46 85 153 0 
route: 
0 47 116 56 131 192 33 162 139 15 195 71 48 191 92 147 124 17 170 98 174 202 148 0 
route: 
0 62 18 168 38 146 32 68 89 180 142 11 141 166 102 42 101 160 97 28 2 0 
route: 
0 41 74 61 119 143 152 118 184 167 194 95 183 91 26 90 128 40 27 44 29 59 81 9 129 125 69 196 138 7 159 187 173 130 198 121 189 20 55 96 188 182 54 0 
route: 
0 23 164 181 150 79 165 158 122 145 58 157 30 106 76 108 149 201 53 0 
route: 
0 65 19 43 103 88 132 31 75 135 113 22 24 136 50 5 169 25 52 1 155 80 171 0 
route: 
0 67 34 63 100 36 172 178 107 13 127 86 99 0 
improved ub from MIP pool: 96943.1
STATS - lpIterations[1] lagIterations[3] sspIterations[3] numSeparations[1] numCuts[0] compileTime[2055] sspSolveTime[615] lpSolveTime[0] lb[10968.3] ub[96943.1] numArcs: [91193526] numFixed: [0] numHeuristicIPs: [14] numHeuristicLNS: [4] numPrimalLNSRepairs: [16] time: [3299]
STATS1 - lpIterations[1] lagIterations[3] sspIterations[3] numSeparations[1] numCuts[0] compileTime[2055] sspSolveTime[615] lpSolveTime[0] repairTime[0] cutsTime[0] alphaTime[0] decompTime[38] yellowTime[0] updateTime[70] fixTime[0] lb[10968.3] ub[96943.1] numArcs: [91193526] numFixed: [0] time: [3299]
destroy by single route index: 0
4 5 47 49 70 78 105 110 111 112 131 136 175 179 183 193 197 198 
num skipped: 0
num vars: 25071
improved iteration ub from lns primal heuristic: 96916.7
improved primal routes: 
route: 
0 4 179 197 193 78 70 111 49 175 112 0 
route: 
0 21 6 77 120 51 94 177 134 104 3 133 66 64 123 176 83 12 190 82 87 126 163 39 72 140 115 0 
route: 
0 47 116 56 131 192 33 162 139 15 195 71 48 191 92 147 124 17 170 98 174 202 148 0 
route: 
0 199 137 117 35 73 161 45 151 60 200 8 57 16 14 144 37 185 186 84 10 93 114 156 154 109 46 85 153 0 
route: 
0 62 18 168 38 146 32 68 89 180 142 11 141 166 102 42 101 160 97 28 2 0 
route: 
0 41 74 61 119 143 152 118 184 167 194 95 183 91 26 90 128 40 27 44 29 59 81 9 129 125 69 196 138 7 159 187 173 130 198 121 189 20 55 96 188 182 54 0 
route: 
0 23 164 181 150 79 165 158 122 145 58 157 105 30 110 106 76 108 149 201 53 0 
route: 
0 65 19 43 103 88 132 31 75 135 113 22 24 136 50 5 169 25 52 1 155 80 171 0 
route: 
0 67 34 63 100 36 172 178 107 13 127 86 99 0 
added route to primal routes: 0,199,137,117,35,73,161,45,151,60,200,8,57,16,14,144,37,185,186,84,10,93,114,156,154,109,46,85,153,0,
added route to primal routes: 0,23,164,181,150,79,165,158,122,145,58,157,105,30,110,106,76,108,149,201,53,0,
STATS - lpIterations[1] lagIterations[3] sspIterations[3] numSeparations[1] numCuts[0] compileTime[2055] sspSolveTime[615] lpSolveTime[0] lb[10968.3] ub[96916.7] numArcs: [91193526] numFixed: [0] numHeuristicIPs: [14] numHeuristicLNS: [4] numPrimalLNSRepairs: [17] time: [3337]
STATS1 - lpIterations[1] lagIterations[3] sspIterations[3] numSeparations[1] numCuts[0] compileTime[2055] sspSolveTime[615] lpSolveTime[0] repairTime[0] cutsTime[0] alphaTime[0] decompTime[38] yellowTime[0] updateTime[70] fixTime[0] lb[10968.3] ub[96916.7] numArcs: [91193526] numFixed: [0] time: [3337]
routes added, try running MIP Pool
primal heuristic num vars: 50
add MIP warm start
primal heuristic MIP obj: 96916.7
feasible primal routes: 
route: 
0 4 179 197 193 78 70 111 49 175 112 0 
route: 
0 21 6 77 120 51 94 177 134 104 3 133 66 64 123 176 83 12 190 82 87 126 163 39 72 140 115 0 
route: 
0 47 116 56 131 192 33 162 139 15 195 71 48 191 92 147 124 17 170 98 174 202 148 0 
route: 
0 62 18 168 38 146 32 68 89 180 142 11 141 166 102 42 101 160 97 28 2 0 
route: 
0 41 74 61 119 143 152 118 184 167 194 95 183 91 26 90 128 40 27 44 29 59 81 9 129 125 69 196 138 7 159 187 173 130 198 121 189 20 55 96 188 182 54 0 
route: 
0 65 19 43 103 88 132 31 75 135 113 22 24 136 50 5 169 25 52 1 155 80 171 0 
route: 
0 67 34 63 100 36 172 178 107 13 127 86 99 0 
route: 
0 199 137 117 35 73 161 45 151 60 200 8 57 16 14 144 37 185 186 84 10 93 114 156 154 109 46 85 153 0 
route: 
0 23 164 181 150 79 165 158 122 145 58 157 105 30 110 106 76 108 149 201 53 0 
improved ub from MIP pool: 96916.7
STATS - lpIterations[1] lagIterations[3] sspIterations[3] numSeparations[1] numCuts[0] compileTime[2055] sspSolveTime[615] lpSolveTime[0] lb[10968.3] ub[96916.7] numArcs: [91193526] numFixed: [0] numHeuristicIPs: [15] numHeuristicLNS: [4] numPrimalLNSRepairs: [17] time: [3337]
STATS1 - lpIterations[1] lagIterations[3] sspIterations[3] numSeparations[1] numCuts[0] compileTime[2055] sspSolveTime[615] lpSolveTime[0] repairTime[0] cutsTime[0] alphaTime[0] decompTime[38] yellowTime[0] updateTime[70] fixTime[0] lb[10968.3] ub[96916.7] numArcs: [91193526] numFixed: [0] time: [3337]
destroy by single route index: 0
4 11 14 22 49 70 75 78 84 111 112 170 175 179 180 192 193 197 
num skipped: 0
num vars: 41114
improved iteration ub from lns primal heuristic: 96897.6
improved primal routes: 
route: 
0 4 179 197 193 78 70 111 49 175 112 0 
route: 
0 21 6 77 120 51 94 177 134 104 3 180 133 66 11 64 123 176 83 12 190 82 87 126 163 39 72 140 115 0 
route: 
0 47 116 56 131 192 33 162 139 15 195 71 48 191 92 147 124 17 170 98 174 202 148 0 
route: 
0 62 18 168 38 146 32 68 89 14 142 141 84 166 102 42 101 160 97 28 2 0 
route: 
0 41 74 61 119 143 152 118 184 167 194 95 183 91 26 90 128 40 27 44 29 59 81 9 129 125 69 196 138 7 159 187 173 130 198 121 189 20 55 96 188 182 54 0 
route: 
0 65 19 43 103 88 132 31 75 135 113 22 24 136 50 5 169 25 52 1 155 80 171 0 
route: 
0 67 34 63 100 36 172 178 107 13 127 86 99 0 
route: 
0 199 137 117 35 73 161 45 151 60 200 8 57 16 144 37 185 186 10 93 114 156 154 109 46 85 153 0 
route: 
0 23 164 181 150 79 165 158 122 145 58 157 105 30 110 106 76 108 149 201 53 0 
added route to primal routes: 0,21,6,77,120,51,94,177,134,104,3,180,133,66,11,64,123,176,83,12,190,82,87,126,163,39,72,140,115,0,
added route to primal routes: 0,62,18,168,38,146,32,68,89,14,142,141,84,166,102,42,101,160,97,28,2,0,
improved with intra-route reinsertion
improved with intra-route reinsertion
improved with intra-route Or-opt2
improved with intra-route reinsertion
improved with intra-route reinsertion
improved with intra-route reinsertion
improved with intra-route reinsertion
added route to primal routes: 0,199,137,117,35,73,161,45,151,60,200,8,57,144,37,185,186,114,156,16,10,93,46,109,85,153,154,0,
STATS - lpIterations[1] lagIterations[3] sspIterations[3] numSeparations[1] numCuts[0] compileTime[2055] sspSolveTime[615] lpSolveTime[0] lb[10968.3] ub[96897.6] numArcs: [91193526] numFixed: [0] numHeuristicIPs: [15] numHeuristicLNS: [4] numPrimalLNSRepairs: [18] time: [3360]
STATS1 - lpIterations[1] lagIterations[3] sspIterations[3] numSeparations[1] numCuts[0] compileTime[2055] sspSolveTime[615] lpSolveTime[0] repairTime[0] cutsTime[0] alphaTime[0] decompTime[38] yellowTime[0] updateTime[70] fixTime[0] lb[10968.3] ub[96897.6] numArcs: [91193526] numFixed: [0] time: [3360]
routes added, try running MIP Pool
primal heuristic num vars: 53
add MIP warm start
primal heuristic MIP obj: 96773.1
feasible primal routes: 
route: 
0 4 179 197 193 78 70 111 49 175 112 0 
route: 
0 47 116 56 131 192 33 162 139 15 195 71 48 191 92 147 124 17 170 98 174 202 148 0 
route: 
0 41 74 61 119 143 152 118 184 167 194 95 183 91 26 90 128 40 27 44 29 59 81 9 129 125 69 196 138 7 159 187 173 130 198 121 189 20 55 96 188 182 54 0 
route: 
0 65 19 43 103 88 132 31 75 135 113 22 24 136 50 5 169 25 52 1 155 80 171 0 
route: 
0 67 34 63 100 36 172 178 107 13 127 86 99 0 
route: 
0 23 164 181 150 79 165 158 122 145 58 157 105 30 110 106 76 108 149 201 53 0 
route: 
0 21 6 77 120 51 94 177 134 104 3 180 133 66 11 64 123 176 83 12 190 82 87 126 163 39 72 140 115 0 
route: 
0 62 18 168 38 146 32 68 89 14 142 141 84 166 102 42 101 160 97 28 2 0 
route: 
0 199 137 117 35 73 161 45 151 60 200 8 57 144 37 185 186 114 156 16 10 93 46 109 85 153 154 0 
improved ub from MIP pool: 96773.1
STATS - lpIterations[1] lagIterations[3] sspIterations[3] numSeparations[1] numCuts[0] compileTime[2055] sspSolveTime[615] lpSolveTime[0] lb[10968.3] ub[96773.1] numArcs: [91193526] numFixed: [0] numHeuristicIPs: [16] numHeuristicLNS: [4] numPrimalLNSRepairs: [18] time: [3360]
STATS1 - lpIterations[1] lagIterations[3] sspIterations[3] numSeparations[1] numCuts[0] compileTime[2055] sspSolveTime[615] lpSolveTime[0] repairTime[0] cutsTime[0] alphaTime[0] decompTime[38] yellowTime[0] updateTime[70] fixTime[0] lb[10968.3] ub[96773.1] numArcs: [91193526] numFixed: [0] time: [3360]
destroy by single route index: 0
4 49 57 67 70 78 102 111 112 149 151 160 172 175 179 193 197 201 
num skipped: 0
num vars: 33794
improved iteration ub from lns primal heuristic: 96770.1
improved primal routes: 
route: 
0 4 179 197 193 78 70 111 49 175 112 0 
route: 
0 47 116 56 131 192 33 162 139 15 195 71 48 191 92 147 124 17 170 98 174 202 148 0 
route: 
0 41 74 61 119 143 152 118 184 167 194 95 183 91 26 90 128 40 27 44 29 59 81 9 129 125 69 196 138 7 159 187 173 130 198 121 189 20 55 96 188 182 54 0 
route: 
0 65 19 43 103 88 132 31 75 135 113 22 24 136 50 5 169 25 52 1 155 80 171 0 
route: 
0 67 34 63 100 36 172 178 107 13 127 86 99 0 
route: 
0 23 164 181 150 79 165 158 122 145 58 157 105 30 110 106 76 108 149 201 53 0 
route: 
0 21 6 77 120 51 94 177 134 104 3 180 133 66 11 64 123 176 83 12 190 82 87 126 163 39 72 140 115 0 
route: 
0 62 18 168 151 38 146 32 68 89 14 142 141 84 166 57 102 42 101 160 97 28 2 0 
route: 
0 199 137 117 35 73 161 45 60 200 8 144 37 185 186 114 156 16 10 93 46 109 85 153 154 0 
added route to primal routes: 0,62,18,168,151,38,146,32,68,89,14,142,141,84,166,57,102,42,101,160,97,28,2,0,
improved with intra-route reinsertion
improved with intra-route reinsertion
added route to primal routes: 0,199,137,117,35,73,161,45,8,60,200,186,144,37,185,114,156,16,10,93,46,109,85,153,154,0,
STATS - lpIterations[1] lagIterations[3] sspIterations[3] numSeparations[1] numCuts[0] compileTime[2055] sspSolveTime[615] lpSolveTime[0] lb[10968.3] ub[96770.1] numArcs: [91193526] numFixed: [0] numHeuristicIPs: [16] numHeuristicLNS: [4] numPrimalLNSRepairs: [19] time: [3382]
STATS1 - lpIterations[1] lagIterations[3] sspIterations[3] numSeparations[1] numCuts[0] compileTime[2055] sspSolveTime[615] lpSolveTime[0] repairTime[0] cutsTime[0] alphaTime[0] decompTime[38] yellowTime[0] updateTime[70] fixTime[0] lb[10968.3] ub[96770.1] numArcs: [91193526] numFixed: [0] time: [3382]
routes added, try running MIP Pool
primal heuristic num vars: 55
add MIP warm start
primal heuristic MIP obj: 96727.5
feasible primal routes: 
route: 
0 4 179 197 193 78 70 111 49 175 112 0 
route: 
0 47 116 56 131 192 33 162 139 15 195 71 48 191 92 147 124 17 170 98 174 202 148 0 
route: 
0 41 74 61 119 143 152 118 184 167 194 95 183 91 26 90 128 40 27 44 29 59 81 9 129 125 69 196 138 7 159 187 173 130 198 121 189 20 55 96 188 182 54 0 
route: 
0 65 19 43 103 88 132 31 75 135 113 22 24 136 50 5 169 25 52 1 155 80 171 0 
route: 
0 67 34 63 100 36 172 178 107 13 127 86 99 0 
route: 
0 23 164 181 150 79 165 158 122 145 58 157 105 30 110 106 76 108 149 201 53 0 
route: 
0 21 6 77 120 51 94 177 134 104 3 180 133 66 11 64 123 176 83 12 190 82 87 126 163 39 72 140 115 0 
route: 
0 62 18 168 151 38 146 32 68 89 14 142 141 84 166 57 102 42 101 160 97 28 2 0 
route: 
0 199 137 117 35 73 161 45 8 60 200 186 144 37 185 114 156 16 10 93 46 109 85 153 154 0 
improved ub from MIP pool: 96727.5
STATS - lpIterations[1] lagIterations[3] sspIterations[3] numSeparations[1] numCuts[0] compileTime[2055] sspSolveTime[615] lpSolveTime[0] lb[10968.3] ub[96727.5] numArcs: [91193526] numFixed: [0] numHeuristicIPs: [17] numHeuristicLNS: [4] numPrimalLNSRepairs: [19] time: [3382]
STATS1 - lpIterations[1] lagIterations[3] sspIterations[3] numSeparations[1] numCuts[0] compileTime[2055] sspSolveTime[615] lpSolveTime[0] repairTime[0] cutsTime[0] alphaTime[0] decompTime[38] yellowTime[0] updateTime[70] fixTime[0] lb[10968.3] ub[96727.5] numArcs: [91193526] numFixed: [0] time: [3382]
destroy by single route index: 0
4 11 13 22 49 70 75 78 86 111 112 175 179 180 188 189 193 197 
num skipped: 0
num vars: 37868
improved iteration ub from lns primal heuristic: 96727.5
improved primal routes: 
route: 
0 4 179 197 193 78 70 111 49 175 112 0 
route: 
0 47 116 56 131 192 33 162 139 15 195 71 48 191 92 147 124 17 170 98 174 202 148 0 
route: 
0 41 74 61 119 143 152 118 184 167 194 95 183 91 26 90 128 40 27 44 29 59 81 9 129 125 69 196 138 7 159 187 173 130 198 121 189 20 55 96 188 182 54 0 
route: 
0 65 19 43 103 88 132 31 75 135 113 22 24 136 50 5 169 25 52 1 155 80 171 0 
route: 
0 67 34 63 100 36 172 178 107 13 127 86 99 0 
route: 
0 23 164 181 150 79 165 158 122 145 58 157 105 30 110 106 76 108 149 201 53 0 
route: 
0 21 6 77 120 51 94 177 134 104 3 180 133 66 11 64 123 176 83 12 190 82 87 126 163 39 72 140 115 0 
route: 
0 62 18 168 151 38 146 32 68 89 14 142 141 84 166 57 102 42 101 160 97 28 2 0 
route: 
0 199 137 117 35 73 161 45 8 60 200 186 144 37 185 114 156 16 10 93 46 109 85 153 154 0 
destroy by single route index: 0
4 8 17 42 45 49 70 78 101 111 112 133 148 175 177 179 193 197 
num skipped: 0
num vars: 22612
improved iteration ub from lns primal heuristic: 96716.3
improved primal routes: 
route: 
0 4 179 197 193 78 70 111 49 175 112 0 
route: 
0 47 116 56 131 192 33 162 139 15 195 71 48 191 92 147 124 17 170 98 174 202 148 0 
route: 
0 45 8 21 6 77 120 51 94 177 134 104 3 180 133 66 11 64 123 176 83 12 190 82 87 126 163 39 72 140 115 0 
route: 
0 41 74 61 119 143 152 118 184 167 194 95 183 91 26 90 128 40 27 44 29 59 81 9 129 125 69 196 138 7 159 187 173 130 198 121 189 20 55 96 188 182 54 0 
route: 
0 65 19 43 103 88 132 31 75 135 113 22 24 136 50 5 169 25 52 1 155 80 171 0 
route: 
0 67 34 63 100 36 172 178 107 13 127 86 99 0 
route: 
0 23 164 181 150 79 165 158 122 145 58 157 105 30 110 106 76 108 149 201 53 0 
route: 
0 62 18 168 151 38 146 32 68 89 14 142 141 84 166 57 102 42 101 160 97 28 2 0 
route: 
0 199 137 117 35 73 161 60 200 186 144 37 185 114 156 16 10 93 46 109 85 153 154 0 
added route to primal routes: 0,45,8,21,6,77,120,51,94,177,134,104,3,180,133,66,11,64,123,176,83,12,190,82,87,126,163,39,72,140,115,0,
added route to primal routes: 0,199,137,117,35,73,161,60,200,186,144,37,185,114,156,16,10,93,46,109,85,153,154,0,
STATS - lpIterations[1] lagIterations[3] sspIterations[3] numSeparations[1] numCuts[0] compileTime[2055] sspSolveTime[615] lpSolveTime[0] lb[10968.3] ub[96716.3] numArcs: [91193526] numFixed: [0] numHeuristicIPs: [17] numHeuristicLNS: [4] numPrimalLNSRepairs: [21] time: [3429]
STATS1 - lpIterations[1] lagIterations[3] sspIterations[3] numSeparations[1] numCuts[0] compileTime[2055] sspSolveTime[615] lpSolveTime[0] repairTime[0] cutsTime[0] alphaTime[0] decompTime[38] yellowTime[0] updateTime[70] fixTime[0] lb[10968.3] ub[96716.3] numArcs: [91193526] numFixed: [0] time: [3429]
routes added, try running MIP Pool
primal heuristic num vars: 57
add MIP warm start
primal heuristic MIP obj: 96716.3
feasible primal routes: 
route: 
0 4 179 197 193 78 70 111 49 175 112 0 
route: 
0 47 116 56 131 192 33 162 139 15 195 71 48 191 92 147 124 17 170 98 174 202 148 0 
route: 
0 41 74 61 119 143 152 118 184 167 194 95 183 91 26 90 128 40 27 44 29 59 81 9 129 125 69 196 138 7 159 187 173 130 198 121 189 20 55 96 188 182 54 0 
route: 
0 65 19 43 103 88 132 31 75 135 113 22 24 136 50 5 169 25 52 1 155 80 171 0 
route: 
0 67 34 63 100 36 172 178 107 13 127 86 99 0 
route: 
0 23 164 181 150 79 165 158 122 145 58 157 105 30 110 106 76 108 149 201 53 0 
route: 
0 62 18 168 151 38 146 32 68 89 14 142 141 84 166 57 102 42 101 160 97 28 2 0 
route: 
0 45 8 21 6 77 120 51 94 177 134 104 3 180 133 66 11 64 123 176 83 12 190 82 87 126 163 39 72 140 115 0 
route: 
0 199 137 117 35 73 161 60 200 186 144 37 185 114 156 16 10 93 46 109 85 153 154 0 
destroy by single route index: 0
4 13 26 49 70 78 86 90 111 112 113 171 174 175 179 193 197 202 
num skipped: 0
num vars: 38027
improved iteration ub from lns primal heuristic: 96688.2
improved primal routes: 
route: 
0 4 179 197 193 78 70 111 49 175 112 0 
route: 
0 47 116 56 131 192 33 162 139 15 195 71 48 191 92 147 124 17 170 98 148 0 
route: 
0 45 8 21 6 77 120 51 94 177 134 104 3 180 133 66 11 64 123 176 83 12 190 82 87 126 163 39 72 140 115 0 
route: 
0 41 74 61 119 143 152 118 184 167 194 95 183 91 26 90 128 40 27 44 29 59 81 9 129 125 69 196 138 7 159 187 173 130 198 121 189 20 55 96 188 182 54 0 
route: 
0 65 19 43 103 88 132 31 75 135 174 202 22 24 136 50 5 169 25 52 1 155 80 0 
route: 
0 67 34 63 100 36 172 178 107 13 127 86 99 0 
route: 
0 23 164 181 150 79 165 158 122 145 58 157 105 30 110 106 76 108 149 201 113 53 171 0 
route: 
0 62 18 168 151 38 146 32 68 89 14 142 141 84 166 57 102 42 101 160 97 28 2 0 
route: 
0 199 137 117 35 73 161 60 200 186 144 37 185 114 156 16 10 93 46 109 85 153 154 0 
added route to primal routes: 0,47,116,56,131,192,33,162,139,15,195,71,48,191,92,147,124,17,170,98,148,0,
added route to primal routes: 0,65,19,43,103,88,132,31,75,135,174,202,22,24,136,50,5,169,25,52,1,155,80,0,
improved with intra-route reinsertion
added route to primal routes: 0,23,164,181,150,79,165,158,122,145,58,157,105,30,110,76,108,149,201,106,113,53,171,0,
STATS - lpIterations[1] lagIterations[3] sspIterations[3] numSeparations[1] numCuts[0] compileTime[2055] sspSolveTime[615] lpSolveTime[0] lb[10968.3] ub[96688.2] numArcs: [91193526] numFixed: [0] numHeuristicIPs: [18] numHeuristicLNS: [4] numPrimalLNSRepairs: [22] time: [3455]
STATS1 - lpIterations[1] lagIterations[3] sspIterations[3] numSeparations[1] numCuts[0] compileTime[2055] sspSolveTime[615] lpSolveTime[0] repairTime[0] cutsTime[0] alphaTime[0] decompTime[38] yellowTime[0] updateTime[70] fixTime[0] lb[10968.3] ub[96688.2] numArcs: [91193526] numFixed: [0] time: [3455]
routes added, try running MIP Pool
primal heuristic num vars: 60
add MIP warm start
primal heuristic MIP obj: 96687
feasible primal routes: 
route: 
0 4 179 197 193 78 70 111 49 175 112 0 
route: 
0 41 74 61 119 143 152 118 184 167 194 95 183 91 26 90 128 40 27 44 29 59 81 9 129 125 69 196 138 7 159 187 173 130 198 121 189 20 55 96 188 182 54 0 
route: 
0 67 34 63 100 36 172 178 107 13 127 86 99 0 
route: 
0 62 18 168 151 38 146 32 68 89 14 142 141 84 166 57 102 42 101 160 97 28 2 0 
route: 
0 45 8 21 6 77 120 51 94 177 134 104 3 180 133 66 11 64 123 176 83 12 190 82 87 126 163 39 72 140 115 0 
route: 
0 199 137 117 35 73 161 60 200 186 144 37 185 114 156 16 10 93 46 109 85 153 154 0 
route: 
0 47 116 56 131 192 33 162 139 15 195 71 48 191 92 147 124 17 170 98 148 0 
route: 
0 65 19 43 103 88 132 31 75 135 174 202 22 24 136 50 5 169 25 52 1 155 80 0 
route: 
0 23 164 181 150 79 165 158 122 145 58 157 105 30 110 76 108 149 201 106 113 53 171 0 
improved ub from MIP pool: 96687
STATS - lpIterations[1] lagIterations[3] sspIterations[3] numSeparations[1] numCuts[0] compileTime[2055] sspSolveTime[615] lpSolveTime[0] lb[10968.3] ub[96687] numArcs: [91193526] numFixed: [0] numHeuristicIPs: [19] numHeuristicLNS: [4] numPrimalLNSRepairs: [22] time: [3455]
STATS1 - lpIterations[1] lagIterations[3] sspIterations[3] numSeparations[1] numCuts[0] compileTime[2055] sspSolveTime[615] lpSolveTime[0] repairTime[0] cutsTime[0] alphaTime[0] decompTime[38] yellowTime[0] updateTime[70] fixTime[0] lb[10968.3] ub[96687] numArcs: [91193526] numFixed: [0] time: [3455]
destroy by single route index: 0
2 4 31 43 49 61 70 78 89 111 112 118 174 175 179 193 197 202 
num skipped: 0
num vars: 37816
improved iteration ub from lns primal heuristic: 96682.1
improved primal routes: 
route: 
0 4 179 197 193 78 70 111 49 175 112 0 
route: 
0 41 74 119 143 152 184 167 194 95 183 91 26 90 128 40 27 44 29 59 81 9 129 125 69 196 138 7 159 187 173 130 198 121 189 20 55 96 188 182 54 0 
route: 
0 67 34 63 100 36 172 178 107 13 127 86 99 0 
route: 
0 62 18 168 151 38 146 32 68 89 14 142 141 84 166 57 102 42 101 160 97 28 2 0 
route: 
0 45 8 21 6 61 77 118 120 51 94 177 134 104 3 180 133 66 11 64 123 176 83 12 190 82 87 126 163 39 72 140 115 0 
route: 
0 199 137 117 35 73 161 60 200 186 144 37 185 114 156 16 10 93 46 109 85 153 154 0 
route: 
0 47 116 56 131 192 33 162 139 15 195 71 48 191 92 147 124 17 170 98 148 0 
route: 
0 65 19 43 103 88 132 31 75 135 174 202 22 24 136 50 5 169 25 52 1 155 80 0 
route: 
0 23 164 181 150 79 165 158 122 145 58 157 105 30 110 76 108 149 201 106 113 53 171 0 
improved with intra-route reinsertion
added route to primal routes: 0,41,74,152,119,143,184,167,194,95,183,91,26,90,128,40,27,44,29,59,81,9,129,125,69,196,138,7,159,187,173,130,198,121,189,20,55,96,188,182,54,0,
added route to primal routes: 0,45,8,21,6,61,77,118,120,51,94,177,134,104,3,180,133,66,11,64,123,176,83,12,190,82,87,126,163,39,72,140,115,0,
STATS - lpIterations[1] lagIterations[3] sspIterations[3] numSeparations[1] numCuts[0] compileTime[2055] sspSolveTime[615] lpSolveTime[0] lb[10968.3] ub[96682.1] numArcs: [91193526] numFixed: [0] numHeuristicIPs: [19] numHeuristicLNS: [4] numPrimalLNSRepairs: [23] time: [3510]
STATS1 - lpIterations[1] lagIterations[3] sspIterations[3] numSeparations[1] numCuts[0] compileTime[2055] sspSolveTime[615] lpSolveTime[0] repairTime[0] cutsTime[0] alphaTime[0] decompTime[38] yellowTime[0] updateTime[70] fixTime[0] lb[10968.3] ub[96682.1] numArcs: [91193526] numFixed: [0] time: [3510]
routes added, try running MIP Pool
primal heuristic num vars: 62
add MIP warm start
primal heuristic MIP obj: 96674.7
feasible primal routes: 
route: 
0 4 179 197 193 78 70 111 49 175 112 0 
route: 
0 67 34 63 100 36 172 178 107 13 127 86 99 0 
route: 
0 62 18 168 151 38 146 32 68 89 14 142 141 84 166 57 102 42 101 160 97 28 2 0 
route: 
0 199 137 117 35 73 161 60 200 186 144 37 185 114 156 16 10 93 46 109 85 153 154 0 
route: 
0 47 116 56 131 192 33 162 139 15 195 71 48 191 92 147 124 17 170 98 148 0 
route: 
0 65 19 43 103 88 132 31 75 135 174 202 22 24 136 50 5 169 25 52 1 155 80 0 
route: 
0 23 164 181 150 79 165 158 122 145 58 157 105 30 110 76 108 149 201 106 113 53 171 0 
route: 
0 41 74 152 119 143 184 167 194 95 183 91 26 90 128 40 27 44 29 59 81 9 129 125 69 196 138 7 159 187 173 130 198 121 189 20 55 96 188 182 54 0 
route: 
0 45 8 21 6 61 77 118 120 51 94 177 134 104 3 180 133 66 11 64 123 176 83 12 190 82 87 126 163 39 72 140 115 0 
improved ub from MIP pool: 96674.7
STATS - lpIterations[1] lagIterations[3] sspIterations[3] numSeparations[1] numCuts[0] compileTime[2055] sspSolveTime[615] lpSolveTime[0] lb[10968.3] ub[96674.7] numArcs: [91193526] numFixed: [0] numHeuristicIPs: [20] numHeuristicLNS: [4] numPrimalLNSRepairs: [23] time: [3510]
STATS1 - lpIterations[1] lagIterations[3] sspIterations[3] numSeparations[1] numCuts[0] compileTime[2055] sspSolveTime[615] lpSolveTime[0] repairTime[0] cutsTime[0] alphaTime[0] decompTime[38] yellowTime[0] updateTime[70] fixTime[0] lb[10968.3] ub[96674.7] numArcs: [91193526] numFixed: [0] time: [3510]
destroy by single route index: 0
4 36 49 54 61 70 78 91 100 111 112 116 118 162 175 179 193 197 
num skipped: 0
num vars: 136983
improved iteration ub from lns primal heuristic: 96674.7
improved primal routes: 
route: 
0 4 179 197 193 78 70 111 49 175 112 0 
route: 
0 67 34 63 100 36 172 178 107 13 127 86 99 0 
route: 
0 62 18 168 151 38 146 32 68 89 14 142 141 84 166 57 102 42 101 160 97 28 2 0 
route: 
0 199 137 117 35 73 161 60 200 186 144 37 185 114 156 16 10 93 46 109 85 153 154 0 
route: 
0 47 116 56 131 192 33 162 139 15 195 71 48 191 92 147 124 17 170 98 148 0 
route: 
0 65 19 43 103 88 132 31 75 135 174 202 22 24 136 50 5 169 25 52 1 155 80 0 
route: 
0 23 164 181 150 79 165 158 122 145 58 157 105 30 110 76 108 149 201 106 113 53 171 0 
route: 
0 41 74 152 119 143 184 167 194 95 183 91 26 90 128 40 27 44 29 59 81 9 129 125 69 196 138 7 159 187 173 130 198 121 189 20 55 96 188 182 54 0 
route: 
0 45 8 21 6 61 77 118 120 51 94 177 134 104 3 180 133 66 11 64 123 176 83 12 190 82 87 126 163 39 72 140 115 0 
destroy by single route index: 0
4 36 49 70 78 81 82 87 100 111 112 128 159 167 175 179 193 197 
num skipped: 0
num vars: 30384
improved iteration ub from lns primal heuristic: 96621.7
improved primal routes: 
route: 
0 4 179 197 193 78 70 111 49 175 112 0 
route: 
0 67 34 63 100 36 172 178 167 107 13 159 127 86 99 0 
route: 
0 62 18 168 151 38 146 32 68 89 14 142 141 84 166 57 102 42 101 160 97 28 2 0 
route: 
0 199 137 117 35 73 161 60 200 186 144 37 185 114 156 16 10 93 46 109 85 153 154 0 
route: 
0 47 116 56 131 192 33 162 139 15 195 71 48 191 92 147 124 17 170 98 148 0 
route: 
0 65 19 43 103 88 132 31 75 135 174 202 22 24 136 50 5 169 25 52 1 155 80 0 
route: 
0 23 164 181 150 79 165 158 122 145 58 157 105 30 110 76 108 149 201 106 113 53 171 0 
route: 
0 41 74 152 119 143 184 194 95 183 91 26 90 40 27 44 128 29 59 81 9 129 125 69 196 138 7 187 173 130 198 121 189 20 55 96 188 182 54 0 
route: 
0 45 8 21 6 61 77 118 120 51 94 177 134 104 3 180 133 66 11 64 123 176 83 12 190 82 87 126 163 39 72 140 115 0 
added route to primal routes: 0,67,34,63,100,36,172,178,167,107,13,159,127,86,99,0,
improved with intra-route reinsertion
improved with intra-route reinsertion
improved with intra-route Or-opt2
added route to primal routes: 0,41,74,152,119,143,184,194,95,183,91,26,90,128,40,27,44,29,59,81,9,129,125,69,196,138,7,187,173,130,198,121,189,20,188,182,54,55,96,0,
STATS - lpIterations[1] lagIterations[3] sspIterations[3] numSeparations[1] numCuts[0] compileTime[2055] sspSolveTime[615] lpSolveTime[0] lb[10968.3] ub[96621.7] numArcs: [91193526] numFixed: [0] numHeuristicIPs: [20] numHeuristicLNS: [4] numPrimalLNSRepairs: [25] time: [3580]
STATS1 - lpIterations[1] lagIterations[3] sspIterations[3] numSeparations[1] numCuts[0] compileTime[2055] sspSolveTime[615] lpSolveTime[0] repairTime[0] cutsTime[0] alphaTime[0] decompTime[38] yellowTime[0] updateTime[70] fixTime[0] lb[10968.3] ub[96621.7] numArcs: [91193526] numFixed: [0] time: [3580]
routes added, try running MIP Pool
primal heuristic num vars: 64
add MIP warm start
primal heuristic MIP obj: 96560.3
feasible primal routes: 
route: 
0 4 179 197 193 78 70 111 49 175 112 0 
route: 
0 62 18 168 151 38 146 32 68 89 14 142 141 84 166 57 102 42 101 160 97 28 2 0 
route: 
0 199 137 117 35 73 161 60 200 186 144 37 185 114 156 16 10 93 46 109 85 153 154 0 
route: 
0 47 116 56 131 192 33 162 139 15 195 71 48 191 92 147 124 17 170 98 148 0 
route: 
0 65 19 43 103 88 132 31 75 135 174 202 22 24 136 50 5 169 25 52 1 155 80 0 
route: 
0 23 164 181 150 79 165 158 122 145 58 157 105 30 110 76 108 149 201 106 113 53 171 0 
route: 
0 45 8 21 6 61 77 118 120 51 94 177 134 104 3 180 133 66 11 64 123 176 83 12 190 82 87 126 163 39 72 140 115 0 
route: 
0 67 34 63 100 36 172 178 167 107 13 159 127 86 99 0 
route: 
0 41 74 152 119 143 184 194 95 183 91 26 90 128 40 27 44 29 59 81 9 129 125 69 196 138 7 187 173 130 198 121 189 20 188 182 54 55 96 0 
improved ub from MIP pool: 96560.3
STATS - lpIterations[1] lagIterations[3] sspIterations[3] numSeparations[1] numCuts[0] compileTime[2055] sspSolveTime[615] lpSolveTime[0] lb[10968.3] ub[96560.3] numArcs: [91193526] numFixed: [0] numHeuristicIPs: [21] numHeuristicLNS: [4] numPrimalLNSRepairs: [25] time: [3580]
STATS1 - lpIterations[1] lagIterations[3] sspIterations[3] numSeparations[1] numCuts[0] compileTime[2055] sspSolveTime[615] lpSolveTime[0] repairTime[0] cutsTime[0] alphaTime[0] decompTime[38] yellowTime[0] updateTime[70] fixTime[0] lb[10968.3] ub[96560.3] numArcs: [91193526] numFixed: [0] time: [3580]
destroy by single route index: 0
4 34 49 63 67 70 78 111 112 137 144 159 167 172 175 179 193 197 
num skipped: 0
num vars: 50046
improved iteration ub from lns primal heuristic: 96560.3
improved primal routes: 
route: 
0 4 179 197 193 78 70 111 49 175 112 0 
route: 
0 62 18 168 151 38 146 32 68 89 14 142 141 84 166 57 102 42 101 160 97 28 2 0 
route: 
0 199 137 117 35 73 161 60 200 186 144 37 185 114 156 16 10 93 46 109 85 153 154 0 
route: 
0 47 116 56 131 192 33 162 139 15 195 71 48 191 92 147 124 17 170 98 148 0 
route: 
0 65 19 43 103 88 132 31 75 135 174 202 22 24 136 50 5 169 25 52 1 155 80 0 
route: 
0 23 164 181 150 79 165 158 122 145 58 157 105 30 110 76 108 149 201 106 113 53 171 0 
route: 
0 45 8 21 6 61 77 118 120 51 94 177 134 104 3 180 133 66 11 64 123 176 83 12 190 82 87 126 163 39 72 140 115 0 
route: 
0 67 34 63 100 36 172 178 167 107 13 159 127 86 99 0 
route: 
0 41 74 152 119 143 184 194 95 183 91 26 90 128 40 27 44 29 59 81 9 129 125 69 196 138 7 187 173 130 198 121 189 20 188 182 54 55 96 0 
destroy by single route index: 0
4 5 13 49 70 78 86 98 99 111 112 124 136 175 178 179 193 197 
