num loc: 9
instance upper bound: 2125
compiling DD
time step mult: 1
time step: 1
cap step: 1
done compiling DD
batch size for lag: 1
iteration delay to start separating: 0
optimality gap to start repairing: 100
percent fixed to change to CPLEX: 97.5
num arcs to change to CPLEX: 100000
num arcs to change to LAG: 999999999
STATS - lpIterations[0] lagIterations[0] sspIterations[0] numSeparations[0] numCuts[0] compileTime[0] sspSolveTime[0] lpSolveTime[0] lb[0] ub[2125] numArcs: [686] numFixed: [0] time: [0]
STATS - lpIterations[1] lagIterations[0] sspIterations[0] numSeparations[0] numCuts[0] compileTime[0] sspSolveTime[0] lpSolveTime[0] lb[0] ub[2125] numArcs: [686] numFixed: [0] time: [0]
STATS - lpIterations[1] lagIterations[1] sspIterations[1] numSeparations[0] numCuts[0] compileTime[0] sspSolveTime[0] lpSolveTime[0] lb[1550] ub[2125] numArcs: [678] numFixed: [0] time: [0]
switching from LAG to LP solver
num vars: 128
STATS - lpIterations[2] lagIterations[1] sspIterations[1] numSeparations[0] numCuts[0] compileTime[0] sspSolveTime[0] lpSolveTime[0] lb[1550] ub[2125] numArcs: [678] numFixed: [558] time: [0]
num vars: 108
STATS - lpIterations[3] lagIterations[1] sspIterations[1] numSeparations[1] numCuts[0] compileTime[0] sspSolveTime[0] lpSolveTime[0] lb[1650] ub[2125] numArcs: [677] numFixed: [577] time: [0]
num vars: 97
STATS - lpIterations[4] lagIterations[1] sspIterations[1] numSeparations[2] numCuts[0] compileTime[0] sspSolveTime[0] lpSolveTime[0] lb[1700] ub[2125] numArcs: [673] numFixed: [584] time: [0]
num vars: 87
STATS - lpIterations[5] lagIterations[1] sspIterations[1] numSeparations[3] numCuts[0] compileTime[0] sspSolveTime[0] lpSolveTime[0] lb[1725] ub[2125] numArcs: [671] numFixed: [592] time: [0]
num vars: 80
STATS - lpIterations[6] lagIterations[1] sspIterations[1] numSeparations[4] numCuts[0] compileTime[0] sspSolveTime[0] lpSolveTime[0] lb[1775] ub[2125] numArcs: [669] numFixed: [597] time: [0]
num vars: 78
STATS - lpIterations[7] lagIterations[1] sspIterations[1] numSeparations[5] numCuts[0] compileTime[0] sspSolveTime[0] lpSolveTime[0] lb[1775] ub[2125] numArcs: [667] numFixed: [597] time: [0]
num vars: 68
STATS - lpIterations[8] lagIterations[1] sspIterations[1] numSeparations[6] numCuts[0] compileTime[0] sspSolveTime[0] lpSolveTime[0] lb[1800] ub[2125] numArcs: [665] numFixed: [605] time: [0]
num vars: 57
STATS - lpIterations[9] lagIterations[1] sspIterations[1] numSeparations[7] numCuts[0] compileTime[0] sspSolveTime[0] lpSolveTime[0] lb[1800] ub[2125] numArcs: [662] numFixed: [613] time: [0]
num vars: 51
STATS - lpIterations[10] lagIterations[1] sspIterations[1] numSeparations[8] numCuts[0] compileTime[0] sspSolveTime[0] lpSolveTime[0] lb[1825] ub[2125] numArcs: [661] numFixed: [618] time: [0]
num vars: 50
STATS - lpIterations[11] lagIterations[1] sspIterations[1] numSeparations[9] numCuts[0] compileTime[0] sspSolveTime[0] lpSolveTime[0] lb[1825] ub[2125] numArcs: [659] numFixed: [617] time: [0]
num vars: 47
STATS - lpIterations[12] lagIterations[1] sspIterations[1] numSeparations[10] numCuts[0] compileTime[0] sspSolveTime[0] lpSolveTime[0] lb[1950] ub[2125] numArcs: [657] numFixed: [618] time: [0]
num vars: 41
STATS - lpIterations[13] lagIterations[1] sspIterations[1] numSeparations[11] numCuts[0] compileTime[0] sspSolveTime[0] lpSolveTime[0] lb[2000] ub[2125] numArcs: [656] numFixed: [623] time: [0]
num vars: 36
STATS - lpIterations[14] lagIterations[1] sspIterations[1] numSeparations[12] numCuts[0] compileTime[0] sspSolveTime[0] lpSolveTime[0] lb[2050] ub[2125] numArcs: [654] numFixed: [626] time: [0]
num vars: 33
STATS - lpIterations[15] lagIterations[1] sspIterations[1] numSeparations[13] numCuts[0] compileTime[0] sspSolveTime[0] lpSolveTime[0] lb[2100] ub[2125] numArcs: [652] numFixed: [627] time: [0]
num vars: 21
STATS - lpIterations[16] lagIterations[1] sspIterations[1] numSeparations[14] numCuts[0] compileTime[0] sspSolveTime[0] lpSolveTime[0] lb[2100] ub[2125] numArcs: [649] numFixed: [636] time: [0]
num vars: 11
STATS - lpIterations[17] lagIterations[1] sspIterations[1] numSeparations[15] numCuts[0] compileTime[0] sspSolveTime[0] lpSolveTime[0] lb[2125] ub[2125] numArcs: [648] numFixed: [645] time: [0]
routes: 
flow {1}: 0 1 4 7 2 6 5 3 
no more separations possible
no more separations or cuts possible
STATS - lpIterations[17] lagIterations[1] sspIterations[1] numSeparations[15] numCuts[0] compileTime[0] sspSolveTime[0] lpSolveTime[0] lb[2125] ub[2125] numArcs: [648] numFixed: [645] time: [0]
finished solving - complete
time elapsed: 0
