num loc: 49
instance upper bound: 16666
compiling DD
time step mult: 1
time step: 1
cap step: 1
done compiling DD
batch size for lag: 1
iteration delay to start separating: 0
optimality gap to start repairing: 100
percent fixed to change to CPLEX: 97.5
num arcs to change to CPLEX: 100000
num arcs to change to LAG: 999999999
STATS - lpIterations[0] lagIterations[0] sspIterations[0] numSeparations[0] numCuts[0] compileTime[23] sspSolveTime[0] lpSolveTime[0] lb[0] ub[16666] numArcs: [3178039] numFixed: [0] time: [23]
STATS - lpIterations[1] lagIterations[0] sspIterations[0] numSeparations[0] numCuts[0] compileTime[23] sspSolveTime[0] lpSolveTime[0] lb[0] ub[16666] numArcs: [3178039] numFixed: [0] time: [23]
STATS - lpIterations[1] lagIterations[1] sspIterations[1] numSeparations[0] numCuts[0] compileTime[23] sspSolveTime[0] lpSolveTime[0] lb[8716] ub[16666] numArcs: [3177991] numFixed: [0] time: [23]
STATS - lpIterations[1] lagIterations[2] sspIterations[2] numSeparations[1] numCuts[0] compileTime[23] sspSolveTime[0] lpSolveTime[0] lb[9282.22] ub[16666] numArcs: [3177945] numFixed: [73484] time: [24]
STATS - lpIterations[1] lagIterations[3] sspIterations[3] numSeparations[2] numCuts[0] compileTime[23] sspSolveTime[0] lpSolveTime[0] lb[9795.99] ub[16666] numArcs: [3177927] numFixed: [73485] time: [25]
STATS - lpIterations[1] lagIterations[4] sspIterations[4] numSeparations[3] numCuts[0] compileTime[23] sspSolveTime[1] lpSolveTime[0] lb[10279.7] ub[16666] numArcs: [3177903] numFixed: [73761] time: [25]
STATS - lpIterations[1] lagIterations[5] sspIterations[5] numSeparations[4] numCuts[0] compileTime[23] sspSolveTime[1] lpSolveTime[0] lb[10773.2] ub[16666] numArcs: [3177889] numFixed: [73908] time: [26]
STATS - lpIterations[1] lagIterations[6] sspIterations[6] numSeparations[5] numCuts[0] compileTime[23] sspSolveTime[2] lpSolveTime[0] lb[11306.1] ub[16666] numArcs: [3177862] numFixed: [74006] time: [27]
STATS - lpIterations[1] lagIterations[7] sspIterations[7] numSeparations[6] numCuts[0] compileTime[23] sspSolveTime[2] lpSolveTime[0] lb[11317.1] ub[16666] numArcs: [3177874] numFixed: [74231] time: [27]
STATS - lpIterations[1] lagIterations[8] sspIterations[8] numSeparations[7] numCuts[0] compileTime[23] sspSolveTime[3] lpSolveTime[0] lb[11747] ub[16666] numArcs: [3177845] numFixed: [75954] time: [28]
STATS - lpIterations[1] lagIterations[9] sspIterations[9] numSeparations[8] numCuts[0] compileTime[23] sspSolveTime[3] lpSolveTime[0] lb[11761.9] ub[16666] numArcs: [3177840] numFixed: [76771] time: [29]
STATS - lpIterations[1] lagIterations[10] sspIterations[10] numSeparations[9] numCuts[0] compileTime[23] sspSolveTime[3] lpSolveTime[0] lb[12173.3] ub[16666] numArcs: [3177825] numFixed: [76987] time: [29]
STATS - lpIterations[1] lagIterations[11] sspIterations[11] numSeparations[10] numCuts[0] compileTime[23] sspSolveTime[4] lpSolveTime[0] lb[12192.1] ub[16666] numArcs: [3177836] numFixed: [79683] time: [30]
STATS - lpIterations[1] lagIterations[12] sspIterations[12] numSeparations[11] numCuts[0] compileTime[23] sspSolveTime[4] lpSolveTime[0] lb[12548.7] ub[16666] numArcs: [3177818] numFixed: [79784] time: [30]
STATS - lpIterations[1] lagIterations[13] sspIterations[13] numSeparations[12] numCuts[0] compileTime[23] sspSolveTime[4] lpSolveTime[0] lb[12596] ub[16666] numArcs: [3177815] numFixed: [85732] time: [31]
STATS - lpIterations[1] lagIterations[14] sspIterations[14] numSeparations[13] numCuts[0] compileTime[23] sspSolveTime[5] lpSolveTime[0] lb[12922.1] ub[16666] numArcs: [3177763] numFixed: [86995] time: [31]
STATS - lpIterations[1] lagIterations[15] sspIterations[15] numSeparations[14] numCuts[0] compileTime[23] sspSolveTime[5] lpSolveTime[0] lb[12957.6] ub[16666] numArcs: [3177844] numFixed: [95735] time: [32]
STATS - lpIterations[1] lagIterations[16] sspIterations[16] numSeparations[15] numCuts[0] compileTime[23] sspSolveTime[5] lpSolveTime[0] lb[13241.5] ub[16666] numArcs: [3177810] numFixed: [97703] time: [32]
STATS - lpIterations[1] lagIterations[17] sspIterations[17] numSeparations[16] numCuts[0] compileTime[23] sspSolveTime[6] lpSolveTime[0] lb[13389.7] ub[16666] numArcs: [3177805] numFixed: [109541] time: [33]
STATS - lpIterations[1] lagIterations[18] sspIterations[18] numSeparations[17] numCuts[0] compileTime[23] sspSolveTime[6] lpSolveTime[0] lb[13581.6] ub[16666] numArcs: [3177808] numFixed: [118827] time: [34]
STATS - lpIterations[1] lagIterations[19] sspIterations[19] numSeparations[18] numCuts[0] compileTime[23] sspSolveTime[7] lpSolveTime[0] lb[13684.5] ub[16666] numArcs: [3177823] numFixed: [135493] time: [35]
STATS - lpIterations[1] lagIterations[21] sspIterations[21] numSeparations[20] numCuts[0] compileTime[23] sspSolveTime[8] lpSolveTime[0] lb[13796.5] ub[16666] numArcs: [3177890] numFixed: [126243] time: [36]
STATS - lpIterations[1] lagIterations[24] sspIterations[24] numSeparations[23] numCuts[0] compileTime[23] sspSolveTime[9] lpSolveTime[0] lb[13898.3] ub[16666] numArcs: [3177911] numFixed: [174978] time: [38]
STATS - lpIterations[1] lagIterations[26] sspIterations[26] numSeparations[25] numCuts[0] compileTime[23] sspSolveTime[10] lpSolveTime[0] lb[13928.1] ub[16666] numArcs: [3178093] numFixed: [212242] time: [39]
STATS - lpIterations[1] lagIterations[27] sspIterations[27] numSeparations[26] numCuts[0] compileTime[23] sspSolveTime[10] lpSolveTime[0] lb[14022.2] ub[16666] numArcs: [3178194] numFixed: [231926] time: [40]
STATS - lpIterations[1] lagIterations[28] sspIterations[28] numSeparations[27] numCuts[0] compileTime[23] sspSolveTime[10] lpSolveTime[0] lb[14081.2] ub[16666] numArcs: [3178285] numFixed: [244690] time: [41]
STATS - lpIterations[1] lagIterations[33] sspIterations[33] numSeparations[32] numCuts[0] compileTime[23] sspSolveTime[13] lpSolveTime[0] lb[14122.4] ub[16666] numArcs: [3178514] numFixed: [270618] time: [45]
STATS - lpIterations[1] lagIterations[35] sspIterations[35] numSeparations[34] numCuts[0] compileTime[23] sspSolveTime[14] lpSolveTime[0] lb[14160.8] ub[16666] numArcs: [3178525] numFixed: [309652] time: [46]
STATS - lpIterations[1] lagIterations[38] sspIterations[38] numSeparations[37] numCuts[0] compileTime[23] sspSolveTime[15] lpSolveTime[0] lb[14224.4] ub[16666] numArcs: [3178727] numFixed: [300992] time: [48]
STATS - lpIterations[1] lagIterations[41] sspIterations[41] numSeparations[40] numCuts[0] compileTime[23] sspSolveTime[17] lpSolveTime[0] lb[14289.1] ub[16666] numArcs: [3178938] numFixed: [343023] time: [51]
STATS - lpIterations[1] lagIterations[48] sspIterations[48] numSeparations[47] numCuts[0] compileTime[23] sspSolveTime[20] lpSolveTime[0] lb[14331] ub[16666] numArcs: [3179410] numFixed: [327902] time: [56]
STATS - lpIterations[1] lagIterations[49] sspIterations[49] numSeparations[48] numCuts[0] compileTime[23] sspSolveTime[20] lpSolveTime[0] lb[14349.8] ub[16666] numArcs: [3179423] numFixed: [390378] time: [57]
STATS - lpIterations[1] lagIterations[66] sspIterations[66] numSeparations[65] numCuts[0] compileTime[23] sspSolveTime[29] lpSolveTime[0] lb[14395.8] ub[16666] numArcs: [3180080] numFixed: [406892] time: [71]
STATS - lpIterations[1] lagIterations[80] sspIterations[80] numSeparations[79] numCuts[0] compileTime[23] sspSolveTime[36] lpSolveTime[0] lb[14464.6] ub[16666] numArcs: [3180784] numFixed: [413504] time: [83]
STATS - lpIterations[1] lagIterations[103] sspIterations[103] numSeparations[102] numCuts[0] compileTime[23] sspSolveTime[48] lpSolveTime[0] lb[14491] ub[16666] numArcs: [3181981] numFixed: [463162] time: [104]
STATS - lpIterations[1] lagIterations[132] sspIterations[132] numSeparations[131] numCuts[0] compileTime[23] sspSolveTime[62] lpSolveTime[0] lb[14499.7] ub[16666] numArcs: [3183648] numFixed: [477479] time: [127]
STATS - lpIterations[1] lagIterations[136] sspIterations[136] numSeparations[135] numCuts[0] compileTime[23] sspSolveTime[64] lpSolveTime[0] lb[14505.9] ub[16666] numArcs: [3183891] numFixed: [458693] time: [130]
STATS - lpIterations[1] lagIterations[152] sspIterations[152] numSeparations[151] numCuts[0] compileTime[23] sspSolveTime[72] lpSolveTime[0] lb[14531.9] ub[16666] numArcs: [3185059] numFixed: [467802] time: [144]
STATS - lpIterations[1] lagIterations[174] sspIterations[174] numSeparations[173] numCuts[0] compileTime[23] sspSolveTime[83] lpSolveTime[0] lb[14540.4] ub[16666] numArcs: [3186466] numFixed: [491701] time: [163]
STATS - lpIterations[1] lagIterations[179] sspIterations[179] numSeparations[178] numCuts[0] compileTime[23] sspSolveTime[87] lpSolveTime[0] lb[14592.1] ub[16666] numArcs: [3186740] numFixed: [492828] time: [168]
STATS - lpIterations[1] lagIterations[250] sspIterations[250] numSeparations[249] numCuts[0] compileTime[23] sspSolveTime[127] lpSolveTime[0] lb[14593.8] ub[16666] numArcs: [3190699] numFixed: [516992] time: [236]
STATS - lpIterations[1] lagIterations[253] sspIterations[253] numSeparations[252] numCuts[0] compileTime[23] sspSolveTime[129] lpSolveTime[0] lb[14613.9] ub[16666] numArcs: [3190770] numFixed: [513487] time: [239]
STATS - lpIterations[1] lagIterations[278] sspIterations[278] numSeparations[277] numCuts[0] compileTime[23] sspSolveTime[143] lpSolveTime[0] lb[14615.4] ub[16666] numArcs: [3192207] numFixed: [511879] time: [261]
STATS - lpIterations[1] lagIterations[285] sspIterations[285] numSeparations[284] numCuts[0] compileTime[23] sspSolveTime[146] lpSolveTime[0] lb[14629.3] ub[16666] numArcs: [3192556] numFixed: [514335] time: [268]
STATS - lpIterations[1] lagIterations[376] sspIterations[376] numSeparations[375] numCuts[0] compileTime[23] sspSolveTime[202] lpSolveTime[0] lb[14634.4] ub[16666] numArcs: [3198758] numFixed: [522342] time: [362]
STATS - lpIterations[1] lagIterations[382] sspIterations[382] numSeparations[381] numCuts[0] compileTime[23] sspSolveTime[206] lpSolveTime[0] lb[14653.4] ub[16666] numArcs: [3199194] numFixed: [522955] time: [368]
STATS - lpIterations[1] lagIterations[466] sspIterations[466] numSeparations[465] numCuts[0] compileTime[23] sspSolveTime[257] lpSolveTime[0] lb[14668.3] ub[16666] numArcs: [3205445] numFixed: [558559] time: [454]
