relax time window constraint
capacity: 169
instance upper bound: 12747
compiling DD
time step mult: 1
time step: 10
cap step: 1
done compiling DD
batch size for lag: 1
iteration delay to start separating: 100
optimality gap to start repairing: 5
percent fixed to change to CPLEX: 97.5
num arcs to change to CPLEX: 100000
num arcs to change to LAG: 999999999
STATS - lpIterations[0] lagIterations[0] sspIterations[0] numSeparations[0] numCuts[0] compileTime[6] sspSolveTime[0] lpSolveTime[0] lb[0] ub[12747] numArcs: [3551396] numFixed: [0] time: [6]
STATS - lpIterations[1] lagIterations[0] sspIterations[0] numSeparations[0] numCuts[0] compileTime[6] sspSolveTime[0] lpSolveTime[0] lb[0] ub[12747] numArcs: [3551396] numFixed: [0] time: [6]
STATS - lpIterations[1] lagIterations[1] sspIterations[1] numSeparations[0] numCuts[0] compileTime[6] sspSolveTime[0] lpSolveTime[0] lb[7146.51] ub[12747] numArcs: [3551396] numFixed: [0] time: [6]
STATS - lpIterations[1] lagIterations[2] sspIterations[2] numSeparations[0] numCuts[0] compileTime[6] sspSolveTime[0] lpSolveTime[0] lb[7494.15] ub[12747] numArcs: [3551396] numFixed: [0] time: [6]
STATS - lpIterations[1] lagIterations[3] sspIterations[3] numSeparations[0] numCuts[0] compileTime[6] sspSolveTime[0] lpSolveTime[0] lb[7851.29] ub[12747] numArcs: [3551390] numFixed: [0] time: [7]
STATS - lpIterations[1] lagIterations[4] sspIterations[4] numSeparations[0] numCuts[0] compileTime[6] sspSolveTime[0] lpSolveTime[0] lb[8213.81] ub[12747] numArcs: [3551390] numFixed: [0] time: [7]
STATS - lpIterations[1] lagIterations[5] sspIterations[5] numSeparations[0] numCuts[0] compileTime[6] sspSolveTime[0] lpSolveTime[0] lb[8592.1] ub[12747] numArcs: [3551390] numFixed: [0] time: [7]
STATS - lpIterations[1] lagIterations[6] sspIterations[6] numSeparations[0] numCuts[0] compileTime[6] sspSolveTime[0] lpSolveTime[0] lb[8969.73] ub[12747] numArcs: [3551378] numFixed: [0] time: [8]
STATS - lpIterations[1] lagIterations[7] sspIterations[7] numSeparations[0] numCuts[0] compileTime[6] sspSolveTime[1] lpSolveTime[0] lb[9333.89] ub[12747] numArcs: [3551378] numFixed: [0] time: [8]
STATS - lpIterations[1] lagIterations[8] sspIterations[15] numSeparations[0] numCuts[0] compileTime[6] sspSolveTime[1] lpSolveTime[0] lb[9669.62] ub[12747] numArcs: [3551312] numFixed: [0] time: [9]
STATS - lpIterations[1] lagIterations[9] sspIterations[16] numSeparations[0] numCuts[0] compileTime[6] sspSolveTime[1] lpSolveTime[0] lb[9824.27] ub[12747] numArcs: [3551312] numFixed: [0] time: [9]
STATS - lpIterations[1] lagIterations[10] sspIterations[29] numSeparations[0] numCuts[0] compileTime[6] sspSolveTime[3] lpSolveTime[0] lb[9921.66] ub[12747] numArcs: [3551169] numFixed: [0] time: [11]
STATS - lpIterations[1] lagIterations[11] sspIterations[34] numSeparations[0] numCuts[0] compileTime[6] sspSolveTime[4] lpSolveTime[0] lb[10177.6] ub[12747] numArcs: [3551154] numFixed: [0] time: [11]
STATS - lpIterations[1] lagIterations[12] sspIterations[49] numSeparations[0] numCuts[0] compileTime[6] sspSolveTime[5] lpSolveTime[0] lb[10263.8] ub[12747] numArcs: [3551095] numFixed: [0] time: [13]
STATS - lpIterations[1] lagIterations[13] sspIterations[54] numSeparations[0] numCuts[0] compileTime[6] sspSolveTime[5] lpSolveTime[0] lb[10398.6] ub[12747] numArcs: [3551050] numFixed: [0] time: [14]
STATS - lpIterations[1] lagIterations[14] sspIterations[59] numSeparations[0] numCuts[0] compileTime[6] sspSolveTime[6] lpSolveTime[0] lb[10462.3] ub[12747] numArcs: [3551005] numFixed: [0] time: [14]
STATS - lpIterations[1] lagIterations[15] sspIterations[61] numSeparations[0] numCuts[0] compileTime[6] sspSolveTime[6] lpSolveTime[0] lb[10503.8] ub[12747] numArcs: [3550979] numFixed: [0] time: [15]
STATS - lpIterations[1] lagIterations[17] sspIterations[91] numSeparations[0] numCuts[0] compileTime[6] sspSolveTime[10] lpSolveTime[0] lb[10689.7] ub[12747] numArcs: [3550834] numFixed: [0] time: [18]
STATS - lpIterations[1] lagIterations[19] sspIterations[135] numSeparations[0] numCuts[0] compileTime[6] sspSolveTime[13] lpSolveTime[0] lb[10811.7] ub[12747] numArcs: [3550573] numFixed: [0] time: [21]
STATS - lpIterations[1] lagIterations[20] sspIterations[138] numSeparations[0] numCuts[0] compileTime[6] sspSolveTime[13] lpSolveTime[0] lb[10845.4] ub[12747] numArcs: [3550557] numFixed: [0] time: [21]
STATS - lpIterations[1] lagIterations[21] sspIterations[147] numSeparations[0] numCuts[0] compileTime[6] sspSolveTime[14] lpSolveTime[0] lb[10921.7] ub[12747] numArcs: [3550530] numFixed: [0] time: [22]
STATS - lpIterations[1] lagIterations[22] sspIterations[155] numSeparations[0] numCuts[0] compileTime[6] sspSolveTime[14] lpSolveTime[0] lb[10970.4] ub[12747] numArcs: [3550509] numFixed: [0] time: [23]
STATS - lpIterations[1] lagIterations[23] sspIterations[163] numSeparations[0] numCuts[0] compileTime[6] sspSolveTime[15] lpSolveTime[0] lb[10995] ub[12747] numArcs: [3550484] numFixed: [0] time: [24]
STATS - lpIterations[1] lagIterations[25] sspIterations[176] numSeparations[0] numCuts[0] compileTime[6] sspSolveTime[16] lpSolveTime[0] lb[11002.7] ub[12747] numArcs: [3550253] numFixed: [0] time: [25]
STATS - lpIterations[1] lagIterations[28] sspIterations[265] numSeparations[0] numCuts[0] compileTime[6] sspSolveTime[29] lpSolveTime[0] lb[11089.4] ub[12747] numArcs: [3549263] numFixed: [0] time: [38]
STATS - lpIterations[1] lagIterations[29] sspIterations[271] numSeparations[0] numCuts[0] compileTime[6] sspSolveTime[29] lpSolveTime[0] lb[11259.9] ub[12747] numArcs: [3549245] numFixed: [0] time: [38]
STATS - lpIterations[1] lagIterations[33] sspIterations[326] numSeparations[0] numCuts[0] compileTime[6] sspSolveTime[34] lpSolveTime[0] lb[11282.6] ub[12747] numArcs: [3549067] numFixed: [0] time: [43]
STATS - lpIterations[1] lagIterations[34] sspIterations[327] numSeparations[0] numCuts[0] compileTime[6] sspSolveTime[34] lpSolveTime[0] lb[11312.4] ub[12747] numArcs: [3549067] numFixed: [0] time: [43]
STATS - lpIterations[1] lagIterations[38] sspIterations[460] numSeparations[0] numCuts[0] compileTime[6] sspSolveTime[54] lpSolveTime[0] lb[11437.7] ub[12747] numArcs: [3547980] numFixed: [84] time: [63]
STATS - lpIterations[1] lagIterations[43] sspIterations[589] numSeparations[0] numCuts[0] compileTime[6] sspSolveTime[69] lpSolveTime[0] lb[11493.6] ub[12747] numArcs: [3547479] numFixed: [680] time: [79]
STATS - lpIterations[1] lagIterations[44] sspIterations[601] numSeparations[0] numCuts[0] compileTime[6] sspSolveTime[70] lpSolveTime[0] lb[11495.4] ub[12747] numArcs: [3547429] numFixed: [680] time: [80]
STATS - lpIterations[1] lagIterations[45] sspIterations[602] numSeparations[0] numCuts[0] compileTime[6] sspSolveTime[70] lpSolveTime[0] lb[11514.1] ub[12747] numArcs: [3547429] numFixed: [680] time: [80]
STATS - lpIterations[1] lagIterations[49] sspIterations[738] numSeparations[0] numCuts[0] compileTime[6] sspSolveTime[93] lpSolveTime[0] lb[11612.7] ub[12747] numArcs: [3547117] numFixed: [5553] time: [103]
STATS - lpIterations[1] lagIterations[54] sspIterations[866] numSeparations[0] numCuts[0] compileTime[6] sspSolveTime[116] lpSolveTime[0] lb[11641.3] ub[12747] numArcs: [3546630] numFixed: [16699] time: [127]
STATS - lpIterations[1] lagIterations[60] sspIterations[992] numSeparations[0] numCuts[0] compileTime[6] sspSolveTime[137] lpSolveTime[0] lb[11680.9] ub[12747] numArcs: [3546228] numFixed: [16699] time: [148]
STATS - lpIterations[1] lagIterations[61] sspIterations[996] numSeparations[0] numCuts[0] compileTime[6] sspSolveTime[137] lpSolveTime[0] lb[11697.4] ub[12747] numArcs: [3546228] numFixed: [16699] time: [149]
STATS - lpIterations[1] lagIterations[69] sspIterations[1151] numSeparations[0] numCuts[0] compileTime[6] sspSolveTime[159] lpSolveTime[0] lb[11738.5] ub[12747] numArcs: [3545958] numFixed: [16699] time: [171]
STATS - lpIterations[1] lagIterations[76] sspIterations[1329] numSeparations[0] numCuts[0] compileTime[6] sspSolveTime[186] lpSolveTime[0] lb[11824.3] ub[12747] numArcs: [3545619] numFixed: [16699] time: [198]
STATS - lpIterations[1] lagIterations[85] sspIterations[1529] numSeparations[0] numCuts[0] compileTime[6] sspSolveTime[217] lpSolveTime[0] lb[11836.3] ub[12747] numArcs: [3545215] numFixed: [164242] time: [230]
STATS - lpIterations[1] lagIterations[86] sspIterations[1539] numSeparations[0] numCuts[0] compileTime[6] sspSolveTime[218] lpSolveTime[0] lb[11836.7] ub[12747] numArcs: [3545215] numFixed: [164242] time: [231]
STATS - lpIterations[1] lagIterations[87] sspIterations[1547] numSeparations[0] numCuts[0] compileTime[6] sspSolveTime[218] lpSolveTime[0] lb[11838.2] ub[12747] numArcs: [3545213] numFixed: [164242] time: [231]
STATS - lpIterations[1] lagIterations[91] sspIterations[1592] numSeparations[0] numCuts[0] compileTime[6] sspSolveTime[224] lpSolveTime[0] lb[11888.5] ub[12747] numArcs: [3545184] numFixed: [164242] time: [237]
STATS - lpIterations[1] lagIterations[97] sspIterations[1706] numSeparations[0] numCuts[0] compileTime[6] sspSolveTime[241] lpSolveTime[0] lb[11922.8] ub[12747] numArcs: [3545083] numFixed: [164242] time: [255]
STATS - lpIterations[1] lagIterations[104] sspIterations[1838] numSeparations[56] numCuts[0] compileTime[6] sspSolveTime[259] lpSolveTime[0] lb[11948.9] ub[12747] numArcs: [3582571] numFixed: [0] time: [273]
STATS - lpIterations[1] lagIterations[109] sspIterations[1952] numSeparations[105] numCuts[0] compileTime[6] sspSolveTime[275] lpSolveTime[0] lb[12020.2] ub[12747] numArcs: [3603164] numFixed: [0] time: [290]
STATS - lpIterations[1] lagIterations[125] sspIterations[2216] numSeparations[225] numCuts[0] compileTime[6] sspSolveTime[310] lpSolveTime[0] lb[12053.9] ub[12747] numArcs: [3659836] numFixed: [0] time: [326]
STATS - lpIterations[1] lagIterations[130] sspIterations[2284] numSeparations[250] numCuts[0] compileTime[6] sspSolveTime[317] lpSolveTime[0] lb[12059.7] ub[12747] numArcs: [3667846] numFixed: [0] time: [333]
STATS - lpIterations[1] lagIterations[136] sspIterations[2362] numSeparations[279] numCuts[0] compileTime[6] sspSolveTime[324] lpSolveTime[0] lb[12075.6] ub[12747] numArcs: [3678988] numFixed: [0] time: [341]
STATS - lpIterations[1] lagIterations[140] sspIterations[2438] numSeparations[302] numCuts[0] compileTime[6] sspSolveTime[333] lpSolveTime[0] lb[12080.5] ub[12747] numArcs: [3689129] numFixed: [0] time: [350]
STATS - lpIterations[1] lagIterations[141] sspIterations[2441] numSeparations[310] numCuts[0] compileTime[6] sspSolveTime[333] lpSolveTime[0] lb[12094.5] ub[12747] numArcs: [3693648] numFixed: [0] time: [350]
STATS - lpIterations[1] lagIterations[143] sspIterations[2489] numSeparations[327] numCuts[0] compileTime[6] sspSolveTime[338] lpSolveTime[0] lb[12098.4] ub[12747] numArcs: [3700011] numFixed: [0] time: [356]
STATS - lpIterations[1] lagIterations[145] sspIterations[2513] numSeparations[338] numCuts[0] compileTime[6] sspSolveTime[342] lpSolveTime[0] lb[12103.4] ub[12747] numArcs: [3705252] numFixed: [0] time: [359]
STATS - lpIterations[1] lagIterations[148] sspIterations[2594] numSeparations[357] numCuts[0] compileTime[6] sspSolveTime[354] lpSolveTime[0] lb[12140.8] ub[12747] numArcs: [3713868] numFixed: [0] time: [372]
STATS - lpIterations[1] lagIterations[148] sspIterations[2594] numSeparations[357] numCuts[0] compileTime[6] sspSolveTime[354] lpSolveTime[0] lb[12154.4] ub[12747] numArcs: [3713868] numFixed: [0] time: [372]
STATS - lpIterations[1] lagIterations[156] sspIterations[2759] numSeparations[410] numCuts[0] compileTime[6] sspSolveTime[378] lpSolveTime[0] lb[12156.4] ub[12747] numArcs: [3738119] numFixed: [0] time: [397]
STATS - lpIterations[1] lagIterations[156] sspIterations[2759] numSeparations[410] numCuts[0] compileTime[6] sspSolveTime[378] lpSolveTime[0] lb[12161.4] ub[12747] numArcs: [3738119] numFixed: [0] time: [397]
STATS - lpIterations[1] lagIterations[162] sspIterations[2914] numSeparations[474] numCuts[0] compileTime[6] sspSolveTime[402] lpSolveTime[0] lb[12190] ub[12747] numArcs: [3758973] numFixed: [0] time: [424]
STATS - lpIterations[1] lagIterations[169] sspIterations[3038] numSeparations[511] numCuts[0] compileTime[6] sspSolveTime[418] lpSolveTime[0] lb[12196.3] ub[12747] numArcs: [3773477] numFixed: [0] time: [444]
STATS - lpIterations[1] lagIterations[186] sspIterations[3354] numSeparations[615] numCuts[0] compileTime[6] sspSolveTime[467] lpSolveTime[0] lb[12217] ub[12747] numArcs: [3809906] numFixed: [0] time: [505]
STATS - lpIterations[1] lagIterations[192] sspIterations[3457] numSeparations[657] numCuts[0] compileTime[6] sspSolveTime[485] lpSolveTime[0] lb[12222.5] ub[12747] numArcs: [3823029] numFixed: [0] time: [528]
STATS - lpIterations[1] lagIterations[226] sspIterations[4123] numSeparations[859] numCuts[0] compileTime[6] sspSolveTime[576] lpSolveTime[0] lb[12224.9] ub[12747] numArcs: [3891095] numFixed: [0] time: [636]
STATS - lpIterations[1] lagIterations[232] sspIterations[4227] numSeparations[883] numCuts[0] compileTime[6] sspSolveTime[589] lpSolveTime[0] lb[12229.3] ub[12747] numArcs: [3897734] numFixed: [0] time: [652]
STATS - lpIterations[1] lagIterations[235] sspIterations[4302] numSeparations[892] numCuts[0] compileTime[6] sspSolveTime[598] lpSolveTime[0] lb[12247.8] ub[12747] numArcs: [3900849] numFixed: [0] time: [663]
STATS - lpIterations[1] lagIterations[242] sspIterations[4448] numSeparations[934] numCuts[0] compileTime[6] sspSolveTime[617] lpSolveTime[0] lb[12250] ub[12747] numArcs: [3917203] numFixed: [0] time: [686]
STATS - lpIterations[1] lagIterations[242] sspIterations[4448] numSeparations[934] numCuts[0] compileTime[6] sspSolveTime[617] lpSolveTime[0] lb[12279] ub[12747] numArcs: [3917203] numFixed: [0] time: [687]
STATS - lpIterations[1] lagIterations[280] sspIterations[5211] numSeparations[1133] numCuts[0] compileTime[6] sspSolveTime[741] lpSolveTime[0] lb[12282.2] ub[12747] numArcs: [3979095] numFixed: [0] time: [834]
STATS - lpIterations[1] lagIterations[299] sspIterations[5563] numSeparations[1217] numCuts[0] compileTime[6] sspSolveTime[792] lpSolveTime[0] lb[12295.9] ub[12747] numArcs: [3999176] numFixed: [0] time: [898]
STATS - lpIterations[1] lagIterations[299] sspIterations[5563] numSeparations[1217] numCuts[0] compileTime[6] sspSolveTime[792] lpSolveTime[0] lb[12301.7] ub[12747] numArcs: [3999176] numFixed: [0] time: [898]
STATS - lpIterations[1] lagIterations[350] sspIterations[6544] numSeparations[1486] numCuts[0] compileTime[6] sspSolveTime[928] lpSolveTime[0] lb[12309.7] ub[12747] numArcs: [4075820] numFixed: [0] time: [1072]
STATS - lpIterations[1] lagIterations[371] sspIterations[6864] numSeparations[1562] numCuts[0] compileTime[6] sspSolveTime[963] lpSolveTime[0] lb[12312.2] ub[12747] numArcs: [4099245] numFixed: [0] time: [1126]
STATS - lpIterations[1] lagIterations[390] sspIterations[7153] numSeparations[1649] numCuts[0] compileTime[6] sspSolveTime[1001] lpSolveTime[0] lb[12318.8] ub[12747] numArcs: [4126044] numFixed: [0] time: [1184]
STATS - lpIterations[1] lagIterations[398] sspIterations[7265] numSeparations[1672] numCuts[0] compileTime[6] sspSolveTime[1013] lpSolveTime[0] lb[12326.4] ub[12747] numArcs: [4130717] numFixed: [0] time: [1203]
STATS - lpIterations[1] lagIterations[406] sspIterations[7414] numSeparations[1714] numCuts[0] compileTime[6] sspSolveTime[1034] lpSolveTime[0] lb[12340.4] ub[12747] numArcs: [4141258] numFixed: [0] time: [1231]
STATS - lpIterations[1] lagIterations[460] sspIterations[8440] numSeparations[1980] numCuts[0] compileTime[6] sspSolveTime[1196] lpSolveTime[0] lb[12343] ub[12747] numArcs: [4213231] numFixed: [0] time: [1446]
STATS - lpIterations[1] lagIterations[463] sspIterations[8532] numSeparations[1999] numCuts[0] compileTime[6] sspSolveTime[1213] lpSolveTime[0] lb[12344.3] ub[12747] numArcs: [4217570] numFixed: [0] time: [1466]
STATS - lpIterations[1] lagIterations[484] sspIterations[8898] numSeparations[2085] numCuts[0] compileTime[6] sspSolveTime[1262] lpSolveTime[0] lb[12353.3] ub[12747] numArcs: [4237633] numFixed: [0] time: [1535]
STATS - lpIterations[1] lagIterations[510] sspIterations[9360] numSeparations[2194] numCuts[0] compileTime[6] sspSolveTime[1326] lpSolveTime[0] lb[12356.5] ub[12747] numArcs: [4263732] numFixed: [0] time: [1624]
STATS - lpIterations[1] lagIterations[522] sspIterations[9600] numSeparations[2240] numCuts[0] compileTime[6] sspSolveTime[1366] lpSolveTime[0] lb[12361] ub[12747] numArcs: [4273318] numFixed: [0] time: [1675]
STATS - lpIterations[1] lagIterations[543] sspIterations[9971] numSeparations[2327] numCuts[0] compileTime[6] sspSolveTime[1417] lpSolveTime[0] lb[12367] ub[12747] numArcs: [4292268] numFixed: [0] time: [1748]
STATS - lpIterations[1] lagIterations[558] sspIterations[10325] numSeparations[2401] numCuts[0] compileTime[6] sspSolveTime[1474] lpSolveTime[0] lb[12371.7] ub[12747] numArcs: [4309757] numFixed: [0] time: [1821]
STATS - lpIterations[1] lagIterations[611] sspIterations[11316] numSeparations[2671] numCuts[0] compileTime[6] sspSolveTime[1605] lpSolveTime[0] lb[12372.7] ub[12747] numArcs: [4377073] numFixed: [0] time: [2012]
STATS - lpIterations[1] lagIterations[617] sspIterations[11449] numSeparations[2695] numCuts[0] compileTime[6] sspSolveTime[1628] lpSolveTime[0] lb[12376.6] ub[12747] numArcs: [4385831] numFixed: [0] time: [2043]
STATS - lpIterations[1] lagIterations[629] sspIterations[11686] numSeparations[2743] numCuts[0] compileTime[6] sspSolveTime[1666] lpSolveTime[0] lb[12377.3] ub[12747] numArcs: [4396834] numFixed: [0] time: [2096]
STATS - lpIterations[1] lagIterations[639] sspIterations[11887] numSeparations[2796] numCuts[0] compileTime[6] sspSolveTime[1697] lpSolveTime[0] lb[12381.3] ub[12747] numArcs: [4412098] numFixed: [0] time: [2140]
STATS - lpIterations[1] lagIterations[690] sspIterations[12761] numSeparations[2984] numCuts[0] compileTime[6] sspSolveTime[1822] lpSolveTime[0] lb[12391.2] ub[12747] numArcs: [4459786] numFixed: [0] time: [2327]
STATS - lpIterations[1] lagIterations[716] sspIterations[13268] numSeparations[3102] numCuts[0] compileTime[6] sspSolveTime[1898] lpSolveTime[0] lb[12392.8] ub[12747] numArcs: [4488404] numFixed: [0] time: [2435]
STATS - lpIterations[1] lagIterations[726] sspIterations[13468] numSeparations[3140] numCuts[0] compileTime[6] sspSolveTime[1929] lpSolveTime[0] lb[12395.8] ub[12747] numArcs: [4497535] numFixed: [0] time: [2479]
STATS - lpIterations[1] lagIterations[793] sspIterations[14647] numSeparations[3417] numCuts[0] compileTime[6] sspSolveTime[2089] lpSolveTime[0] lb[12400.2] ub[12747] numArcs: [4565354] numFixed: [0] time: [2724]
STATS - lpIterations[1] lagIterations[815] sspIterations[15101] numSeparations[3505] numCuts[0] compileTime[6] sspSolveTime[2156] lpSolveTime[0] lb[12400.5] ub[12747] numArcs: [4584918] numFixed: [0] time: [2821]
STATS - lpIterations[1] lagIterations[821] sspIterations[15231] numSeparations[3531] numCuts[0] compileTime[6] sspSolveTime[2174] lpSolveTime[0] lb[12404.6] ub[12747] numArcs: [4592143] numFixed: [0] time: [2847]
STATS - lpIterations[2] lagIterations[827] sspIterations[15313] numSeparations[3541] numCuts[0] compileTime[6] sspSolveTime[2182] lpSolveTime[0] lb[12404.6] ub[12747] numArcs: [4594780] numFixed: [647768] time: [2863]
STATS - lpIterations[2] lagIterations[828] sspIterations[15326] numSeparations[3541] numCuts[0] compileTime[6] sspSolveTime[2184] lpSolveTime[0] lb[12404.9] ub[12747] numArcs: [4594779] numFixed: [647768] time: [2865]
