relax time window constraint
capacity: 154
instance upper bound: 25742
compiling DD
time step mult: 1
time step: 10
cap step: 1
done compiling DD
batch size for lag: 1
iteration delay to start separating: 100
optimality gap to start repairing: 5
percent fixed to change to CPLEX: 97.5
num arcs to change to CPLEX: 100000
num arcs to change to LAG: 999999999
STATS - lpIterations[0] lagIterations[0] sspIterations[0] numSeparations[0] numCuts[0] compileTime[40] sspSolveTime[0] lpSolveTime[0] lb[0] ub[25742] numArcs: [12003412] numFixed: [0] time: [40]
STATS - lpIterations[1] lagIterations[0] sspIterations[0] numSeparations[0] numCuts[0] compileTime[40] sspSolveTime[0] lpSolveTime[0] lb[0] ub[25742] numArcs: [12003412] numFixed: [0] time: [40]
STATS - lpIterations[1] lagIterations[1] sspIterations[1] numSeparations[0] numCuts[0] compileTime[40] sspSolveTime[0] lpSolveTime[0] lb[20820.6] ub[25742] numArcs: [12003408] numFixed: [0] time: [41]
STATS - lpIterations[1] lagIterations[2] sspIterations[3] numSeparations[0] numCuts[0] compileTime[40] sspSolveTime[1] lpSolveTime[0] lb[21811.9] ub[25742] numArcs: [12003382] numFixed: [0] time: [42]
STATS - lpIterations[1] lagIterations[5] sspIterations[182] numSeparations[0] numCuts[0] compileTime[40] sspSolveTime[61] lpSolveTime[0] lb[22373.8] ub[25742] numArcs: [12001160] numFixed: [0] time: [103]
STATS - lpIterations[1] lagIterations[6] sspIterations[190] numSeparations[0] numCuts[0] compileTime[40] sspSolveTime[63] lpSolveTime[0] lb[22495.2] ub[25742] numArcs: [12001100] numFixed: [0] time: [105]
STATS - lpIterations[1] lagIterations[7] sspIterations[218] numSeparations[0] numCuts[0] compileTime[40] sspSolveTime[68] lpSolveTime[0] lb[22561.1] ub[25742] numArcs: [12000918] numFixed: [0] time: [110]
STATS - lpIterations[1] lagIterations[8] sspIterations[219] numSeparations[0] numCuts[0] compileTime[40] sspSolveTime[69] lpSolveTime[0] lb[22678.1] ub[25742] numArcs: [12000918] numFixed: [0] time: [111]
STATS - lpIterations[1] lagIterations[12] sspIterations[609] numSeparations[0] numCuts[0] compileTime[40] sspSolveTime[240] lpSolveTime[0] lb[23288.4] ub[25742] numArcs: [11997340] numFixed: [0] time: [283]
STATS - lpIterations[1] lagIterations[17] sspIterations[803] numSeparations[0] numCuts[0] compileTime[40] sspSolveTime[302] lpSolveTime[0] lb[23470.5] ub[25742] numArcs: [11995706] numFixed: [0] time: [347]
STATS - lpIterations[1] lagIterations[20] sspIterations[913] numSeparations[0] numCuts[0] compileTime[40] sspSolveTime[339] lpSolveTime[0] lb[23490.3] ub[25742] numArcs: [11994780] numFixed: [0] time: [384]
STATS - lpIterations[1] lagIterations[24] sspIterations[1319] numSeparations[0] numCuts[0] compileTime[40] sspSolveTime[517] lpSolveTime[0] lb[23772.3] ub[25742] numArcs: [11991511] numFixed: [0] time: [563]
STATS - lpIterations[1] lagIterations[26] sspIterations[1355] numSeparations[0] numCuts[0] compileTime[40] sspSolveTime[524] lpSolveTime[0] lb[23828.1] ub[25742] numArcs: [11991448] numFixed: [0] time: [571]
STATS - lpIterations[1] lagIterations[30] sspIterations[1665] numSeparations[0] numCuts[0] compileTime[40] sspSolveTime[616] lpSolveTime[0] lb[24017.2] ub[25742] numArcs: [11990107] numFixed: [0] time: [663]
STATS - lpIterations[1] lagIterations[34] sspIterations[2122] numSeparations[0] numCuts[0] compileTime[40] sspSolveTime[785] lpSolveTime[0] lb[24056] ub[25742] numArcs: [11987941] numFixed: [0] time: [833]
STATS - lpIterations[1] lagIterations[39] sspIterations[2404] numSeparations[0] numCuts[0] compileTime[40] sspSolveTime[864] lpSolveTime[0] lb[24128.1] ub[25742] numArcs: [11987300] numFixed: [0] time: [913]
STATS - lpIterations[1] lagIterations[41] sspIterations[2436] numSeparations[0] numCuts[0] compileTime[40] sspSolveTime[869] lpSolveTime[0] lb[24146.8] ub[25742] numArcs: [11987234] numFixed: [0] time: [918]
STATS - lpIterations[1] lagIterations[44] sspIterations[2573] numSeparations[0] numCuts[0] compileTime[40] sspSolveTime[890] lpSolveTime[0] lb[24162.9] ub[25742] numArcs: [11986926] numFixed: [0] time: [940]
STATS - lpIterations[1] lagIterations[47] sspIterations[2798] numSeparations[0] numCuts[0] compileTime[40] sspSolveTime[941] lpSolveTime[0] lb[24179] ub[25742] numArcs: [11986407] numFixed: [0] time: [991]
STATS - lpIterations[1] lagIterations[49] sspIterations[2835] numSeparations[0] numCuts[0] compileTime[40] sspSolveTime[946] lpSolveTime[0] lb[24192.2] ub[25742] numArcs: [11986366] numFixed: [0] time: [996]
STATS - lpIterations[1] lagIterations[53] sspIterations[3149] numSeparations[0] numCuts[0] compileTime[40] sspSolveTime[1029] lpSolveTime[0] lb[24385.6] ub[25742] numArcs: [11985379] numFixed: [0] time: [1081]
STATS - lpIterations[1] lagIterations[56] sspIterations[3275] numSeparations[0] numCuts[0] compileTime[40] sspSolveTime[1051] lpSolveTime[0] lb[24399.6] ub[25742] numArcs: [11985217] numFixed: [0] time: [1103]
STATS - lpIterations[1] lagIterations[60] sspIterations[3728] numSeparations[0] numCuts[0] compileTime[40] sspSolveTime[1207] lpSolveTime[0] lb[24434.6] ub[25742] numArcs: [11983864] numFixed: [0] time: [1260]
STATS - lpIterations[1] lagIterations[62] sspIterations[3763] numSeparations[0] numCuts[0] compileTime[40] sspSolveTime[1215] lpSolveTime[0] lb[24464.1] ub[25742] numArcs: [11983846] numFixed: [0] time: [1269]
STATS - lpIterations[1] lagIterations[62] sspIterations[3763] numSeparations[0] numCuts[0] compileTime[40] sspSolveTime[1215] lpSolveTime[0] lb[24466.4] ub[25742] numArcs: [11983846] numFixed: [0] time: [1270]
STATS - lpIterations[1] lagIterations[66] sspIterations[4198] numSeparations[0] numCuts[0] compileTime[40] sspSolveTime[1371] lpSolveTime[0] lb[24511] ub[25742] numArcs: [11982731] numFixed: [28480] time: [1427]
STATS - lpIterations[1] lagIterations[66] sspIterations[4198] numSeparations[0] numCuts[0] compileTime[40] sspSolveTime[1371] lpSolveTime[0] lb[24576.1] ub[25742] numArcs: [11982731] numFixed: [28480] time: [1430]
STATS - lpIterations[1] lagIterations[77] sspIterations[5100] numSeparations[0] numCuts[0] compileTime[40] sspSolveTime[1696] lpSolveTime[0] lb[24609.2] ub[25742] numArcs: [11980578] numFixed: [175034] time: [1761]
STATS - lpIterations[1] lagIterations[77] sspIterations[5100] numSeparations[0] numCuts[0] compileTime[40] sspSolveTime[1696] lpSolveTime[0] lb[24615.1] ub[25742] numArcs: [11980578] numFixed: [175034] time: [1762]
STATS - lpIterations[1] lagIterations[81] sspIterations[5547] numSeparations[0] numCuts[0] compileTime[40] sspSolveTime[1849] lpSolveTime[0] lb[24668.6] ub[25742] numArcs: [11980162] numFixed: [319182] time: [1917]
STATS - lpIterations[1] lagIterations[81] sspIterations[5547] numSeparations[0] numCuts[0] compileTime[40] sspSolveTime[1849] lpSolveTime[0] lb[24736.8] ub[25742] numArcs: [11980162] numFixed: [319182] time: [1921]
STATS - lpIterations[1] lagIterations[101] sspIterations[6637] numSeparations[62] numCuts[0] compileTime[40] sspSolveTime[2095] lpSolveTime[0] lb[24739.9] ub[25742] numArcs: [12044025] numFixed: [0] time: [2195]
STATS - lpIterations[1] lagIterations[105] sspIterations[6737] numSeparations[111] numCuts[0] compileTime[40] sspSolveTime[2108] lpSolveTime[0] lb[24803.6] ub[25742] numArcs: [12085223] numFixed: [0] time: [2222]
STATS - lpIterations[1] lagIterations[113] sspIterations[7114] numSeparations[346] numCuts[0] compileTime[40] sspSolveTime[2180] lpSolveTime[0] lb[24822.9] ub[25742] numArcs: [12311380] numFixed: [0] time: [2312]
STATS - lpIterations[1] lagIterations[117] sspIterations[7413] numSeparations[539] numCuts[0] compileTime[40] sspSolveTime[2251] lpSolveTime[0] lb[24888.3] ub[25742] numArcs: [12475618] numFixed: [0] time: [2393]
STATS - lpIterations[1] lagIterations[121] sspIterations[7724] numSeparations[693] numCuts[0] compileTime[40] sspSolveTime[2349] lpSolveTime[0] lb[24938.1] ub[25742] numArcs: [12602267] numFixed: [0] time: [2501]
STATS - lpIterations[1] lagIterations[126] sspIterations[8174] numSeparations[941] numCuts[0] compileTime[40] sspSolveTime[2515] lpSolveTime[0] lb[24979] ub[25742] numArcs: [12803367] numFixed: [0] time: [2678]
STATS - lpIterations[1] lagIterations[138] sspIterations[8987] numSeparations[1372] numCuts[0] compileTime[40] sspSolveTime[2820] lpSolveTime[0] lb[25005.8] ub[25742] numArcs: [13096889] numFixed: [0] time: [3027]
STATS - lpIterations[1] lagIterations[139] sspIterations[9020] numSeparations[1406] numCuts[0] compileTime[40] sspSolveTime[2825] lpSolveTime[0] lb[25006.4] ub[25742] numArcs: [13117909] numFixed: [0] time: [3039]
STATS - lpIterations[1] lagIterations[160] sspIterations[10269] numSeparations[1960] numCuts[0] compileTime[40] sspSolveTime[3150] lpSolveTime[0] lb[25013.8] ub[25742] numArcs: [13518100] numFixed: [0] time: [3442]
STATS - lpIterations[1] lagIterations[165] sspIterations[10533] numSeparations[2069] numCuts[0] compileTime[40] sspSolveTime[3246] lpSolveTime[0] lb[25029.6] ub[25742] numArcs: [13595649] numFixed: [0] time: [3565]
STATS - lpIterations[1] lagIterations[166] sspIterations[10566] numSeparations[2101] numCuts[0] compileTime[40] sspSolveTime[3251] lpSolveTime[0] lb[25036.4] ub[25742] numArcs: [13612963] numFixed: [0] time: [3578]
