relax time window constraint
capacity: 192
instance upper bound: 33503
compiling DD
time step mult: 1
time step: 10
cap step: 1
done compiling DD
batch size for lag: 1
iteration delay to start separating: 100
optimality gap to start repairing: 5
percent fixed to change to CPLEX: 97.5
num arcs to change to CPLEX: 100000
num arcs to change to LAG: 999999999
STATS - lpIterations[0] lagIterations[0] sspIterations[0] numSeparations[0] numCuts[0] compileTime[158] sspSolveTime[0] lpSolveTime[0] lb[0] ub[33503] numArcs: [25590299] numFixed: [0] time: [158]
STATS - lpIterations[1] lagIterations[0] sspIterations[0] numSeparations[0] numCuts[0] compileTime[158] sspSolveTime[0] lpSolveTime[0] lb[0] ub[33503] numArcs: [25590299] numFixed: [0] time: [158]
STATS - lpIterations[1] lagIterations[1] sspIterations[1] numSeparations[0] numCuts[0] compileTime[158] sspSolveTime[0] lpSolveTime[0] lb[26428] ub[33503] numArcs: [25590299] numFixed: [0] time: [159]
STATS - lpIterations[1] lagIterations[2] sspIterations[2] numSeparations[0] numCuts[0] compileTime[158] sspSolveTime[1] lpSolveTime[0] lb[27717.9] ub[33503] numArcs: [25590299] numFixed: [0] time: [161]
STATS - lpIterations[1] lagIterations[3] sspIterations[3] numSeparations[0] numCuts[0] compileTime[158] sspSolveTime[2] lpSolveTime[0] lb[29019.8] ub[33503] numArcs: [25590299] numFixed: [0] time: [163]
STATS - lpIterations[1] lagIterations[5] sspIterations[107] numSeparations[0] numCuts[0] compileTime[158] sspSolveTime[100] lpSolveTime[0] lb[29783.7] ub[33503] numArcs: [25587954] numFixed: [0] time: [263]
STATS - lpIterations[1] lagIterations[6] sspIterations[113] numSeparations[0] numCuts[0] compileTime[158] sspSolveTime[104] lpSolveTime[0] lb[30303.9] ub[33503] numArcs: [25587931] numFixed: [0] time: [267]
STATS - lpIterations[1] lagIterations[9] sspIterations[313] numSeparations[0] numCuts[0] compileTime[158] sspSolveTime[277] lpSolveTime[0] lb[30627.1] ub[33503] numArcs: [25585140] numFixed: [0] time: [442]
STATS - lpIterations[1] lagIterations[10] sspIterations[321] numSeparations[0] numCuts[0] compileTime[158] sspSolveTime[282] lpSolveTime[0] lb[30745.5] ub[33503] numArcs: [25585004] numFixed: [0] time: [447]
STATS - lpIterations[1] lagIterations[11] sspIterations[326] numSeparations[0] numCuts[0] compileTime[158] sspSolveTime[284] lpSolveTime[0] lb[30801.5] ub[33503] numArcs: [25584937] numFixed: [0] time: [449]
STATS - lpIterations[1] lagIterations[14] sspIterations[519] numSeparations[0] numCuts[0] compileTime[158] sspSolveTime[412] lpSolveTime[0] lb[31077.3] ub[33503] numArcs: [25582774] numFixed: [0] time: [578]
STATS - lpIterations[1] lagIterations[15] sspIterations[523] numSeparations[0] numCuts[0] compileTime[158] sspSolveTime[414] lpSolveTime[0] lb[31193.9] ub[33503] numArcs: [25582762] numFixed: [0] time: [581]
STATS - lpIterations[1] lagIterations[18] sspIterations[755] numSeparations[0] numCuts[0] compileTime[158] sspSolveTime[598] lpSolveTime[0] lb[31281.4] ub[33503] numArcs: [25579536] numFixed: [0] time: [767]
STATS - lpIterations[1] lagIterations[19] sspIterations[778] numSeparations[0] numCuts[0] compileTime[158] sspSolveTime[606] lpSolveTime[0] lb[31310.1] ub[33503] numArcs: [25579150] numFixed: [0] time: [775]
STATS - lpIterations[1] lagIterations[20] sspIterations[779] numSeparations[0] numCuts[0] compileTime[158] sspSolveTime[607] lpSolveTime[0] lb[31393.1] ub[33503] numArcs: [25579150] numFixed: [0] time: [776]
STATS - lpIterations[1] lagIterations[25] sspIterations[1546] numSeparations[0] numCuts[0] compileTime[158] sspSolveTime[1886] lpSolveTime[0] lb[31612.2] ub[33503] numArcs: [25571319] numFixed: [4102] time: [2058]
STATS - lpIterations[1] lagIterations[26] sspIterations[1565] numSeparations[0] numCuts[0] compileTime[158] sspSolveTime[1891] lpSolveTime[0] lb[31741] ub[33503] numArcs: [25571292] numFixed: [4102] time: [2063]
STATS - lpIterations[1] lagIterations[34] sspIterations[1989] numSeparations[0] numCuts[0] compileTime[158] sspSolveTime[2194] lpSolveTime[0] lb[31828.3] ub[33503] numArcs: [25569221] numFixed: [4102] time: [2370]
STATS - lpIterations[1] lagIterations[34] sspIterations[1989] numSeparations[0] numCuts[0] compileTime[158] sspSolveTime[2194] lpSolveTime[0] lb[31839.5] ub[33503] numArcs: [25569221] numFixed: [4102] time: [2373]
STATS - lpIterations[1] lagIterations[44] sspIterations[2787] numSeparations[0] numCuts[0] compileTime[158] sspSolveTime[3147] lpSolveTime[0] lb[31848.9] ub[33503] numArcs: [25564080] numFixed: [100253] time: [3330]
STATS - lpIterations[1] lagIterations[44] sspIterations[2787] numSeparations[0] numCuts[0] compileTime[158] sspSolveTime[3147] lpSolveTime[0] lb[32057.8] ub[33503] numArcs: [25564080] numFixed: [100253] time: [3337]
