do not relax capacity constraint
instance upper bound: 42434.8
compiling DD
time step mult: 10
time step: 900
cap step: 1
done compiling DD
batch size for lag: 1
iteration delay to start separating: 0
optimality gap to start repairing: 100
percent fixed to change to CPLEX: 97.5
num arcs to change to CPLEX: 100000
num arcs to change to LAG: 999999999
STATS - lpIterations[0] lagIterations[0] sspIterations[0] numSeparations[0] numCuts[0] compileTime[29] sspSolveTime[0] lpSolveTime[0] lb[0] ub[42434.8] numArcs: [10007223] numFixed: [0] time: [29]
STATS - lpIterations[1] lagIterations[0] sspIterations[0] numSeparations[0] numCuts[0] compileTime[29] sspSolveTime[0] lpSolveTime[0] lb[0] ub[42434.8] numArcs: [10007223] numFixed: [0] time: [29]
STATS - lpIterations[1] lagIterations[1] sspIterations[1] numSeparations[0] numCuts[0] compileTime[29] sspSolveTime[0] lpSolveTime[0] lb[35746.2] ub[42434.8] numArcs: [10007221] numFixed: [0] time: [29]
STATS - lpIterations[1] lagIterations[2] sspIterations[11] numSeparations[0] numCuts[0] compileTime[29] sspSolveTime[1] lpSolveTime[0] lb[37497.9] ub[42434.8] numArcs: [10007105] numFixed: [0] time: [31]
STATS - lpIterations[1] lagIterations[2] sspIterations[11] numSeparations[0] numCuts[0] compileTime[29] sspSolveTime[1] lpSolveTime[0] lb[37498.4] ub[42434.8] numArcs: [10007105] numFixed: [0] time: [32]
STATS - lpIterations[1] lagIterations[3] sspIterations[197] numSeparations[4] numCuts[0] compileTime[29] sspSolveTime[10] lpSolveTime[0] lb[38315.8] ub[42434.8] numArcs: [10011353] numFixed: [0] time: [57]
STATS - lpIterations[1] lagIterations[4] sspIterations[287] numSeparations[153] numCuts[0] compileTime[29] sspSolveTime[13] lpSolveTime[0] lb[38366] ub[42434.8] numArcs: [10222733] numFixed: [280361] time: [61]
STATS - lpIterations[1] lagIterations[4] sspIterations[287] numSeparations[153] numCuts[0] compileTime[29] sspSolveTime[13] lpSolveTime[0] lb[38420.7] ub[42434.8] numArcs: [10222733] numFixed: [280361] time: [73]
STATS - lpIterations[1] lagIterations[7] sspIterations[619] numSeparations[344] numCuts[0] compileTime[29] sspSolveTime[34] lpSolveTime[0] lb[38598.2] ub[42434.8] numArcs: [10410246] numFixed: [369901] time: [128]
STATS - lpIterations[1] lagIterations[8] sspIterations[695] numSeparations[437] numCuts[0] compileTime[29] sspSolveTime[38] lpSolveTime[0] lb[38609.7] ub[42434.8] numArcs: [10481917] numFixed: [386179] time: [133]
STATS - lpIterations[1] lagIterations[8] sspIterations[695] numSeparations[437] numCuts[0] compileTime[29] sspSolveTime[38] lpSolveTime[0] lb[38661.5] ub[42434.8] numArcs: [10481917] numFixed: [386179] time: [144]
STATS - lpIterations[1] lagIterations[9] sspIterations[824] numSeparations[484] numCuts[0] compileTime[29] sspSolveTime[45] lpSolveTime[0] lb[38684.5] ub[42434.8] numArcs: [10519330] numFixed: [402285] time: [165]
STATS - lpIterations[1] lagIterations[10] sspIterations[879] numSeparations[572] numCuts[0] compileTime[29] sspSolveTime[48] lpSolveTime[0] lb[38700.4] ub[42434.8] numArcs: [10581089] numFixed: [560162] time: [169]
STATS - lpIterations[1] lagIterations[10] sspIterations[879] numSeparations[572] numCuts[0] compileTime[29] sspSolveTime[48] lpSolveTime[0] lb[38705.9] ub[42434.8] numArcs: [10581089] numFixed: [560162] time: [178]
STATS - lpIterations[1] lagIterations[11] sspIterations[1031] numSeparations[601] numCuts[0] compileTime[29] sspSolveTime[58] lpSolveTime[0] lb[38969.9] ub[42434.8] numArcs: [10602881] numFixed: [561388] time: [204]
STATS - lpIterations[1] lagIterations[12] sspIterations[1115] numSeparations[708] numCuts[0] compileTime[29] sspSolveTime[63] lpSolveTime[0] lb[38980.5] ub[42434.8] numArcs: [10682836] numFixed: [571785] time: [210]
STATS - lpIterations[1] lagIterations[12] sspIterations[1115] numSeparations[708] numCuts[0] compileTime[29] sspSolveTime[63] lpSolveTime[0] lb[39009.1] ub[42434.8] numArcs: [10682836] numFixed: [571785] time: [222]
STATS - lpIterations[1] lagIterations[15] sspIterations[1439] numSeparations[858] numCuts[0] compileTime[29] sspSolveTime[84] lpSolveTime[0] lb[39150] ub[42434.8] numArcs: [10791313] numFixed: [596821] time: [284]
STATS - lpIterations[1] lagIterations[16] sspIterations[1519] numSeparations[953] numCuts[0] compileTime[29] sspSolveTime[89] lpSolveTime[0] lb[39168.7] ub[42434.8] numArcs: [10849463] numFixed: [612004] time: [302]
STATS - lpIterations[1] lagIterations[17] sspIterations[1629] numSeparations[989] numCuts[0] compileTime[29] sspSolveTime[97] lpSolveTime[0] lb[39179.6] ub[42434.8] numArcs: [10869329] numFixed: [612673] time: [325]
STATS - lpIterations[1] lagIterations[19] sspIterations[1798] numSeparations[1100] numCuts[0] compileTime[29] sspSolveTime[108] lpSolveTime[0] lb[39194.2] ub[42434.8] numArcs: [10948509] numFixed: [629289] time: [363]
STATS - lpIterations[1] lagIterations[20] sspIterations[1889] numSeparations[1144] numCuts[0] compileTime[29] sspSolveTime[114] lpSolveTime[0] lb[39260.9] ub[42434.8] numArcs: [10970500] numFixed: [631956] time: [381]
STATS - lpIterations[1] lagIterations[21] sspIterations[1977] numSeparations[1195] numCuts[0] compileTime[29] sspSolveTime[120] lpSolveTime[0] lb[39306.7] ub[42434.8] numArcs: [11005968] numFixed: [660439] time: [402]
STATS - lpIterations[1] lagIterations[22] sspIterations[2075] numSeparations[1239] numCuts[0] compileTime[29] sspSolveTime[126] lpSolveTime[0] lb[39345.1] ub[42434.8] numArcs: [11030399] numFixed: [663753] time: [423]
STATS - lpIterations[1] lagIterations[24] sspIterations[2249] numSeparations[1333] numCuts[0] compileTime[29] sspSolveTime[137] lpSolveTime[0] lb[39377.4] ub[42434.8] numArcs: [11089287] numFixed: [700316] time: [464]
STATS - lpIterations[1] lagIterations[25] sspIterations[2352] numSeparations[1376] numCuts[0] compileTime[29] sspSolveTime[144] lpSolveTime[0] lb[39437.3] ub[42434.8] numArcs: [11112115] numFixed: [700936] time: [485]
STATS - lpIterations[1] lagIterations[26] sspIterations[2428] numSeparations[1431] numCuts[0] compileTime[29] sspSolveTime[149] lpSolveTime[0] lb[39446.4] ub[42434.8] numArcs: [11146413] numFixed: [706919] time: [491]
STATS - lpIterations[1] lagIterations[26] sspIterations[2428] numSeparations[1431] numCuts[0] compileTime[29] sspSolveTime[149] lpSolveTime[0] lb[39468.5] ub[42434.8] numArcs: [11146413] numFixed: [706919] time: [504]
STATS - lpIterations[1] lagIterations[27] sspIterations[2548] numSeparations[1463] numCuts[0] compileTime[29] sspSolveTime[158] lpSolveTime[0] lb[39510.4] ub[42434.8] numArcs: [11165421] numFixed: [713363] time: [529]
STATS - lpIterations[1] lagIterations[28] sspIterations[2622] numSeparations[1527] numCuts[0] compileTime[29] sspSolveTime[162] lpSolveTime[0] lb[39546.2] ub[42434.8] numArcs: [11203045] numFixed: [719222] time: [534]
STATS - lpIterations[1] lagIterations[29] sspIterations[2761] numSeparations[1561] numCuts[0] compileTime[29] sspSolveTime[173] lpSolveTime[0] lb[39593.4] ub[42434.8] numArcs: [11219722] numFixed: [720044] time: [574]
STATS - lpIterations[1] lagIterations[30] sspIterations[2839] numSeparations[1641] numCuts[0] compileTime[29] sspSolveTime[179] lpSolveTime[0] lb[39642.4] ub[42434.8] numArcs: [11271722] numFixed: [737303] time: [581]
STATS - lpIterations[1] lagIterations[30] sspIterations[2839] numSeparations[1641] numCuts[0] compileTime[29] sspSolveTime[179] lpSolveTime[0] lb[39654] ub[42434.8] numArcs: [11271722] numFixed: [737303] time: [595]
STATS - lpIterations[1] lagIterations[31] sspIterations[2982] numSeparations[1668] numCuts[0] compileTime[29] sspSolveTime[190] lpSolveTime[0] lb[39684.4] ub[42434.8] numArcs: [11284379] numFixed: [738418] time: [623]
STATS - lpIterations[1] lagIterations[32] sspIterations[3059] numSeparations[1762] numCuts[0] compileTime[29] sspSolveTime[195] lpSolveTime[0] lb[39716.7] ub[42434.8] numArcs: [11338186] numFixed: [743625] time: [630]
STATS - lpIterations[1] lagIterations[35] sspIterations[3404] numSeparations[1909] numCuts[0] compileTime[29] sspSolveTime[221] lpSolveTime[0] lb[39767.1] ub[42434.8] numArcs: [11411911] numFixed: [764307] time: [720]
STATS - lpIterations[1] lagIterations[37] sspIterations[3612] numSeparations[2002] numCuts[0] compileTime[29] sspSolveTime[238] lpSolveTime[0] lb[39843.5] ub[42434.8] numArcs: [11459491] numFixed: [787984] time: [769]
STATS - lpIterations[1] lagIterations[39] sspIterations[3810] numSeparations[2113] numCuts[0] compileTime[29] sspSolveTime[252] lpSolveTime[0] lb[39857.1] ub[42434.8] numArcs: [11507614] numFixed: [795176] time: [816]
STATS - lpIterations[1] lagIterations[40] sspIterations[3873] numSeparations[2177] numCuts[0] compileTime[29] sspSolveTime[258] lpSolveTime[0] lb[39857.8] ub[42434.8] numArcs: [11537989] numFixed: [797966] time: [822]
STATS - lpIterations[1] lagIterations[41] sspIterations[4001] numSeparations[2201] numCuts[0] compileTime[29] sspSolveTime[268] lpSolveTime[0] lb[39990.1] ub[42434.8] numArcs: [11548306] numFixed: [797966] time: [866]
STATS - lpIterations[1] lagIterations[45] sspIterations[4410] numSeparations[2399] numCuts[0] compileTime[29] sspSolveTime[302] lpSolveTime[0] lb[40003.1] ub[42434.8] numArcs: [11649392] numFixed: [804850] time: [970]
STATS - lpIterations[1] lagIterations[47] sspIterations[4598] numSeparations[2484] numCuts[0] compileTime[29] sspSolveTime[317] lpSolveTime[0] lb[40038.2] ub[42434.8] numArcs: [11686819] numFixed: [804850] time: [1018]
STATS - lpIterations[1] lagIterations[48] sspIterations[4680] numSeparations[2551] numCuts[0] compileTime[29] sspSolveTime[323] lpSolveTime[0] lb[40055.6] ub[42434.8] numArcs: [11719613] numFixed: [807321] time: [1025]
STATS - lpIterations[1] lagIterations[50] sspIterations[4883] numSeparations[2657] numCuts[0] compileTime[29] sspSolveTime[341] lpSolveTime[0] lb[40069.5] ub[42434.8] numArcs: [11768521] numFixed: [815482] time: [1077]
STATS - lpIterations[1] lagIterations[51] sspIterations[5033] numSeparations[2682] numCuts[0] compileTime[29] sspSolveTime[353] lpSolveTime[0] lb[40161] ub[42434.8] numArcs: [11782461] numFixed: [815482] time: [1122]
STATS - lpIterations[1] lagIterations[54] sspIterations[5303] numSeparations[2847] numCuts[0] compileTime[29] sspSolveTime[376] lpSolveTime[0] lb[40174.6] ub[42434.8] numArcs: [11852479] numFixed: [824454] time: [1197]
STATS - lpIterations[1] lagIterations[55] sspIterations[5422] numSeparations[2881] numCuts[0] compileTime[29] sspSolveTime[384] lpSolveTime[0] lb[40191.7] ub[42434.8] numArcs: [11869403] numFixed: [829540] time: [1225]
STATS - lpIterations[1] lagIterations[57] sspIterations[5621] numSeparations[2956] numCuts[0] compileTime[29] sspSolveTime[402] lpSolveTime[0] lb[40277.9] ub[42434.8] numArcs: [11903429] numFixed: [845515] time: [1277]
STATS - lpIterations[1] lagIterations[58] sspIterations[5709] numSeparations[3032] numCuts[0] compileTime[29] sspSolveTime[409] lpSolveTime[0] lb[40309.7] ub[42434.8] numArcs: [11939724] numFixed: [853708] time: [1285]
STATS - lpIterations[1] lagIterations[64] sspIterations[6290] numSeparations[3315] numCuts[0] compileTime[29] sspSolveTime[460] lpSolveTime[0] lb[40333.8] ub[42434.8] numArcs: [12064158] numFixed: [869916] time: [1445]
STATS - lpIterations[1] lagIterations[65] sspIterations[6413] numSeparations[3334] numCuts[0] compileTime[29] sspSolveTime[471] lpSolveTime[0] lb[40406.5] ub[42434.8] numArcs: [12074150] numFixed: [870498] time: [1492]
STATS - lpIterations[1] lagIterations[66] sspIterations[6495] numSeparations[3400] numCuts[0] compileTime[29] sspSolveTime[478] lpSolveTime[0] lb[40407] ub[42434.8] numArcs: [12103712] numFixed: [872274] time: [1515]
STATS - lpIterations[1] lagIterations[69] sspIterations[6806] numSeparations[3506] numCuts[0] compileTime[29] sspSolveTime[505] lpSolveTime[0] lb[40438] ub[42434.8] numArcs: [12149227] numFixed: [914913] time: [1595]
STATS - lpIterations[1] lagIterations[70] sspIterations[6885] numSeparations[3573] numCuts[0] compileTime[29] sspSolveTime[511] lpSolveTime[0] lb[40455.8] ub[42434.8] numArcs: [12178853] numFixed: [928412] time: [1603]
STATS - lpIterations[1] lagIterations[71] sspIterations[7007] numSeparations[3600] numCuts[0] compileTime[29] sspSolveTime[523] lpSolveTime[0] lb[40476.5] ub[42434.8] numArcs: [12188034] numFixed: [928412] time: [1650]
STATS - lpIterations[1] lagIterations[72] sspIterations[7085] numSeparations[3663] numCuts[0] compileTime[29] sspSolveTime[529] lpSolveTime[0] lb[40495.2] ub[42434.8] numArcs: [12222178] numFixed: [931581] time: [1657]
STATS - lpIterations[1] lagIterations[74] sspIterations[7306] numSeparations[3763] numCuts[0] compileTime[29] sspSolveTime[551] lpSolveTime[0] lb[40519.6] ub[42434.8] numArcs: [12265999] numFixed: [933850] time: [1717]
STATS - lpIterations[1] lagIterations[76] sspIterations[7534] numSeparations[3874] numCuts[0] compileTime[29] sspSolveTime[573] lpSolveTime[0] lb[40532.5] ub[42434.8] numArcs: [12317853] numFixed: [952167] time: [1777]
STATS - lpIterations[1] lagIterations[76] sspIterations[7534] numSeparations[3874] numCuts[0] compileTime[29] sspSolveTime[573] lpSolveTime[0] lb[40553.7] ub[42434.8] numArcs: [12317853] numFixed: [952167] time: [1793]
STATS - lpIterations[1] lagIterations[77] sspIterations[7635] numSeparations[3905] numCuts[0] compileTime[29] sspSolveTime[582] lpSolveTime[0] lb[40553.9] ub[42434.8] numArcs: [12328888] numFixed: [952866] time: [1822]
STATS - lpIterations[1] lagIterations[78] sspIterations[7718] numSeparations[3954] numCuts[0] compileTime[29] sspSolveTime[589] lpSolveTime[0] lb[40558.5] ub[42434.8] numArcs: [12349357] numFixed: [954545] time: [1847]
STATS - lpIterations[1] lagIterations[80] sspIterations[7924] numSeparations[4040] numCuts[0] compileTime[29] sspSolveTime[608] lpSolveTime[0] lb[40588.7] ub[42434.8] numArcs: [12389620] numFixed: [957644] time: [1889]
STATS - lpIterations[1] lagIterations[82] sspIterations[8150] numSeparations[4147] numCuts[0] compileTime[29] sspSolveTime[630] lpSolveTime[0] lb[40603.6] ub[42434.8] numArcs: [12437118] numFixed: [959099] time: [1948]
STATS - lpIterations[1] lagIterations[82] sspIterations[8150] numSeparations[4147] numCuts[0] compileTime[29] sspSolveTime[630] lpSolveTime[0] lb[40605.7] ub[42434.8] numArcs: [12437118] numFixed: [959099] time: [1965]
STATS - lpIterations[1] lagIterations[83] sspIterations[8270] numSeparations[4173] numCuts[0] compileTime[29] sspSolveTime[641] lpSolveTime[0] lb[40621.9] ub[42434.8] numArcs: [12447427] numFixed: [959099] time: [1995]
STATS - lpIterations[1] lagIterations[84] sspIterations[8336] numSeparations[4228] numCuts[0] compileTime[29] sspSolveTime[646] lpSolveTime[0] lb[40675.9] ub[42434.8] numArcs: [12473469] numFixed: [959672] time: [2002]
STATS - lpIterations[1] lagIterations[85] sspIterations[8479] numSeparations[4250] numCuts[0] compileTime[29] sspSolveTime[662] lpSolveTime[0] lb[40704.1] ub[42434.8] numArcs: [12480776] numFixed: [959672] time: [2057]
STATS - lpIterations[1] lagIterations[86] sspIterations[8577] numSeparations[4323] numCuts[0] compileTime[29] sspSolveTime[670] lpSolveTime[0] lb[40712.1] ub[42434.8] numArcs: [12508533] numFixed: [959672] time: [2087]
STATS - lpIterations[1] lagIterations[89] sspIterations[8904] numSeparations[4427] numCuts[0] compileTime[29] sspSolveTime[704] lpSolveTime[0] lb[40771.2] ub[42434.8] numArcs: [12559627] numFixed: [962964] time: [2178]
STATS - lpIterations[1] lagIterations[90] sspIterations[8999] numSeparations[4511] numCuts[0] compileTime[29] sspSolveTime[712] lpSolveTime[0] lb[40772.6] ub[42434.8] numArcs: [12588640] numFixed: [968742] time: [2207]
STATS - lpIterations[1] lagIterations[93] sspIterations[9327] numSeparations[4633] numCuts[0] compileTime[29] sspSolveTime[746] lpSolveTime[0] lb[40776.5] ub[42434.8] numArcs: [12633846] numFixed: [981958] time: [2300]
STATS - lpIterations[1] lagIterations[94] sspIterations[9410] numSeparations[4691] numCuts[0] compileTime[29] sspSolveTime[754] lpSolveTime[0] lb[40777.4] ub[42434.8] numArcs: [12658325] numFixed: [988336] time: [2309]
STATS - lpIterations[1] lagIterations[96] sspIterations[9605] numSeparations[4771] numCuts[0] compileTime[29] sspSolveTime[771] lpSolveTime[0] lb[40797.5] ub[42434.8] numArcs: [12690808] numFixed: [989016] time: [2366]
STATS - lpIterations[1] lagIterations[97] sspIterations[9706] numSeparations[4796] numCuts[0] compileTime[29] sspSolveTime[781] lpSolveTime[0] lb[40798.6] ub[42434.8] numArcs: [12698268] numFixed: [989016] time: [2413]
STATS - lpIterations[1] lagIterations[101] sspIterations[10077] numSeparations[4933] numCuts[0] compileTime[29] sspSolveTime[814] lpSolveTime[0] lb[40798.6] ub[42434.8] numArcs: [12757034] numFixed: [994076] time: [2526]
STATS - lpIterations[1] lagIterations[102] sspIterations[10172] numSeparations[4960] numCuts[0] compileTime[29] sspSolveTime[822] lpSolveTime[0] lb[40817.4] ub[42434.8] numArcs: [12769890] numFixed: [994076] time: [2535]
STATS - lpIterations[1] lagIterations[102] sspIterations[10172] numSeparations[4960] numCuts[0] compileTime[29] sspSolveTime[822] lpSolveTime[0] lb[40837.2] ub[42434.8] numArcs: [12769890] numFixed: [994076] time: [2553]
STATS - lpIterations[1] lagIterations[103] sspIterations[10261] numSeparations[4993] numCuts[0] compileTime[29] sspSolveTime[830] lpSolveTime[0] lb[40847.2] ub[42434.8] numArcs: [12783295] numFixed: [996100] time: [2580]
STATS - lpIterations[1] lagIterations[104] sspIterations[10354] numSeparations[5022] numCuts[0] compileTime[29] sspSolveTime[840] lpSolveTime[0] lb[40881.8] ub[42434.8] numArcs: [12795784] numFixed: [996100] time: [2609]
STATS - lpIterations[1] lagIterations[108] sspIterations[10717] numSeparations[5151] numCuts[0] compileTime[29] sspSolveTime[873] lpSolveTime[0] lb[40902.1] ub[42434.8] numArcs: [12840680] numFixed: [1012760] time: [2704]
STATS - lpIterations[1] lagIterations[109] sspIterations[10840] numSeparations[5179] numCuts[0] compileTime[29] sspSolveTime[883] lpSolveTime[0] lb[40923.4] ub[42434.8] numArcs: [12851967] numFixed: [1012760] time: [2754]
STATS - lpIterations[1] lagIterations[111] sspIterations[11045] numSeparations[5242] numCuts[0] compileTime[29] sspSolveTime[904] lpSolveTime[0] lb[40972.6] ub[42434.8] numArcs: [12876649] numFixed: [1056405] time: [2816]
STATS - lpIterations[1] lagIterations[112] sspIterations[11132] numSeparations[5312] numCuts[0] compileTime[29] sspSolveTime[912] lpSolveTime[0] lb[40997.4] ub[42434.8] numArcs: [12898932] numFixed: [1058592] time: [2826]
STATS - lpIterations[1] lagIterations[116] sspIterations[11539] numSeparations[5477] numCuts[0] compileTime[29] sspSolveTime[952] lpSolveTime[0] lb[41016.1] ub[42434.8] numArcs: [12956454] numFixed: [1066801] time: [2950]
STATS - lpIterations[1] lagIterations[118] sspIterations[11748] numSeparations[5560] numCuts[0] compileTime[29] sspSolveTime[973] lpSolveTime[0] lb[41041.2] ub[42434.8] numArcs: [12988353] numFixed: [1068681] time: [3015]
STATS - lpIterations[1] lagIterations[124] sspIterations[12356] numSeparations[5791] numCuts[0] compileTime[29] sspSolveTime[1031] lpSolveTime[0] lb[41083.5] ub[42434.8] numArcs: [13071189] numFixed: [1074075] time: [3201]
STATS - lpIterations[1] lagIterations[126] sspIterations[12602] numSeparations[5887] numCuts[0] compileTime[29] sspSolveTime[1059] lpSolveTime[0] lb[41086.3] ub[42434.8] numArcs: [13106220] numFixed: [1076050] time: [3296]
STATS - lpIterations[1] lagIterations[129] sspIterations[12903] numSeparations[5979] numCuts[0] compileTime[29] sspSolveTime[1090] lpSolveTime[0] lb[41095] ub[42434.8] numArcs: [13135614] numFixed: [1083227] time: [3393]
STATS - lpIterations[1] lagIterations[130] sspIterations[12993] numSeparations[6026] numCuts[0] compileTime[29] sspSolveTime[1098] lpSolveTime[0] lb[41095.7] ub[42434.8] numArcs: [13152089] numFixed: [1084611] time: [3402]
STATS - lpIterations[1] lagIterations[132] sspIterations[13180] numSeparations[6090] numCuts[0] compileTime[29] sspSolveTime[1115] lpSolveTime[0] lb[41101] ub[42434.8] numArcs: [13172993] numFixed: [1167446] time: [3463]
STATS - lpIterations[1] lagIterations[134] sspIterations[13374] numSeparations[6165] numCuts[0] compileTime[29] sspSolveTime[1135] lpSolveTime[0] lb[41136.2] ub[42434.8] numArcs: [13197985] numFixed: [1169841] time: [3525]
STATS - lpIterations[1] lagIterations[135] sspIterations[13506] numSeparations[6182] numCuts[0] compileTime[29] sspSolveTime[1150] lpSolveTime[0] lb[41158.7] ub[42434.8] numArcs: [13203101] numFixed: [1170514] time: [3581]
STATS - lpIterations[1] lagIterations[136] sspIterations[13596] numSeparations[6237] numCuts[0] compileTime[29] sspSolveTime[1158] lpSolveTime[0] lb[41188.8] ub[42434.8] numArcs: [13220228] numFixed: [1171187] time: [3591]
