relax time window constraint
capacity: 285
instance upper bound: 47161
compiling DD
time step mult: 1
time step: 10
cap step: 1
done compiling DD
batch size for lag: 100
iteration delay to start separating: 100
optimality gap to start repairing: 5
percent fixed to change to CPLEX: 97.5
num arcs to change to CPLEX: 100000
num arcs to change to LAG: 999999999
STATS - lpIterations[0] lagIterations[0] sspIterations[0] numSeparations[0] numCuts[0] compileTime[489] sspSolveTime[0] lpSolveTime[0] lb[0] ub[47161] numArcs: [28191227] numFixed: [0] time: [489]
STATS - lpIterations[1] lagIterations[0] sspIterations[0] numSeparations[0] numCuts[0] compileTime[489] sspSolveTime[0] lpSolveTime[0] lb[0] ub[47161] numArcs: [28191227] numFixed: [0] time: [489]
STATS - lpIterations[1] lagIterations[1] sspIterations[1] numSeparations[0] numCuts[0] compileTime[489] sspSolveTime[1] lpSolveTime[0] lb[38561.8] ub[47161] numArcs: [28191227] numFixed: [0] time: [490]
STATS - lpIterations[1] lagIterations[2] sspIterations[2] numSeparations[0] numCuts[0] compileTime[489] sspSolveTime[2] lpSolveTime[0] lb[40461] ub[47161] numArcs: [28191227] numFixed: [0] time: [492]
STATS - lpIterations[1] lagIterations[3] sspIterations[15] numSeparations[0] numCuts[0] compileTime[489] sspSolveTime[7] lpSolveTime[0] lb[42306.2] ub[47161] numArcs: [28191115] numFixed: [0] time: [499]
STATS - lpIterations[1] lagIterations[4] sspIterations[50] numSeparations[0] numCuts[0] compileTime[489] sspSolveTime[16] lpSolveTime[0] lb[42753.5] ub[47161] numArcs: [28190902] numFixed: [0] time: [509]
STATS - lpIterations[1] lagIterations[5] sspIterations[73] numSeparations[0] numCuts[0] compileTime[489] sspSolveTime[20] lpSolveTime[0] lb[43063.5] ub[47161] numArcs: [28190748] numFixed: [0] time: [514]
STATS - lpIterations[1] lagIterations[6] sspIterations[114] numSeparations[0] numCuts[0] compileTime[489] sspSolveTime[31] lpSolveTime[0] lb[43304.4] ub[47161] numArcs: [28190431] numFixed: [0] time: [525]
STATS - lpIterations[1] lagIterations[7] sspIterations[124] numSeparations[0] numCuts[0] compileTime[489] sspSolveTime[33] lpSolveTime[0] lb[43660.4] ub[47161] numArcs: [28190431] numFixed: [0] time: [527]
STATS - lpIterations[1] lagIterations[9] sspIterations[325] numSeparations[0] numCuts[0] compileTime[489] sspSolveTime[111] lpSolveTime[0] lb[44165.3] ub[47161] numArcs: [28189405] numFixed: [0] time: [607]
STATS - lpIterations[1] lagIterations[10] sspIterations[359] numSeparations[0] numCuts[0] compileTime[489] sspSolveTime[117] lpSolveTime[0] lb[44448.5] ub[47161] numArcs: [28189242] numFixed: [0] time: [614]
STATS - lpIterations[1] lagIterations[11] sspIterations[412] numSeparations[0] numCuts[0] compileTime[489] sspSolveTime[128] lpSolveTime[0] lb[44502.7] ub[47161] numArcs: [28189077] numFixed: [0] time: [625]
STATS - lpIterations[1] lagIterations[12] sspIterations[431] numSeparations[0] numCuts[0] compileTime[489] sspSolveTime[133] lpSolveTime[0] lb[44535.9] ub[47161] numArcs: [28189056] numFixed: [0] time: [630]
STATS - lpIterations[1] lagIterations[14] sspIterations[601] numSeparations[0] numCuts[0] compileTime[489] sspSolveTime[168] lpSolveTime[0] lb[44843.8] ub[47161] numArcs: [28188442] numFixed: [0] time: [666]
STATS - lpIterations[1] lagIterations[14] sspIterations[601] numSeparations[0] numCuts[0] compileTime[489] sspSolveTime[168] lpSolveTime[0] lb[44939.1] ub[47161] numArcs: [28188442] numFixed: [0] time: [677]
STATS - lpIterations[1] lagIterations[19] sspIterations[1104] numSeparations[0] numCuts[0] compileTime[489] sspSolveTime[276] lpSolveTime[0] lb[45248.1] ub[47161] numArcs: [28187193] numFixed: [0] time: [793]
STATS - lpIterations[1] lagIterations[19] sspIterations[1104] numSeparations[0] numCuts[0] compileTime[489] sspSolveTime[276] lpSolveTime[0] lb[45300.3] ub[47161] numArcs: [28187193] numFixed: [0] time: [803]
STATS - lpIterations[1] lagIterations[28] sspIterations[1995] numSeparations[0] numCuts[0] compileTime[489] sspSolveTime[461] lpSolveTime[0] lb[45374.7] ub[47161] numArcs: [28185742] numFixed: [1774] time: [1057]
STATS - lpIterations[1] lagIterations[34] sspIterations[2596] numSeparations[0] numCuts[0] compileTime[489] sspSolveTime[592] lpSolveTime[0] lb[45378.7] ub[47161] numArcs: [28185018] numFixed: [4149] time: [1207]
STATS - lpIterations[1] lagIterations[34] sspIterations[2596] numSeparations[0] numCuts[0] compileTime[489] sspSolveTime[592] lpSolveTime[0] lb[45460.6] ub[47161] numArcs: [28185018] numFixed: [4149] time: [1218]
STATS - lpIterations[1] lagIterations[38] sspIterations[3019] numSeparations[0] numCuts[0] compileTime[489] sspSolveTime[676] lpSolveTime[0] lb[45521.3] ub[47161] numArcs: [28184777] numFixed: [9286] time: [1351]
STATS - lpIterations[1] lagIterations[46] sspIterations[3939] numSeparations[0] numCuts[0] compileTime[489] sspSolveTime[878] lpSolveTime[0] lb[45576.2] ub[47161] numArcs: [28184156] numFixed: [15338] time: [1630]
STATS - lpIterations[1] lagIterations[56] sspIterations[5006] numSeparations[0] numCuts[0] compileTime[489] sspSolveTime[1099] lpSolveTime[0] lb[45600.3] ub[47161] numArcs: [28183687] numFixed: [23038] time: [1937]
STATS - lpIterations[1] lagIterations[65] sspIterations[5915] numSeparations[0] numCuts[0] compileTime[489] sspSolveTime[1275] lpSolveTime[0] lb[45607.7] ub[47161] numArcs: [28183430] numFixed: [27469] time: [2177]
STATS - lpIterations[1] lagIterations[89] sspIterations[7895] numSeparations[0] numCuts[0] compileTime[489] sspSolveTime[1633] lpSolveTime[0] lb[45626.4] ub[47161] numArcs: [28182902] numFixed: [29152] time: [2821]
STATS - lpIterations[1] lagIterations[105] sspIterations[9211] numSeparations[297] numCuts[0] compileTime[489] sspSolveTime[1859] lpSolveTime[0] lb[45736.1] ub[47161] numArcs: [28381979] numFixed: [0] time: [3204]
STATS - lpIterations[1] lagIterations[109] sspIterations[9583] numSeparations[435] numCuts[0] compileTime[489] sspSolveTime[1917] lpSolveTime[0] lb[45755.7] ub[47161] numArcs: [28469620] numFixed: [0] time: [3309]
STATS - lpIterations[1] lagIterations[117] sspIterations[10261] numSeparations[555] numCuts[0] compileTime[489] sspSolveTime[2044] lpSolveTime[0] lb[45860.7] ub[47161] numArcs: [28541183] numFixed: [31613] time: [3539]
