num loc: 34
hgs upper bound: 732.69
compiling dd
time step mult: 10000
time step: 1000000
cap step: 1
start compiling DD
add terminal node arcs
done compiling dd
STATS - lpIterations[1] lagIterations[0] sspIterations[0] numSeparations[0] numCuts[0] compileTime[5] sspSolveTime[0] lpSolveTime[0] lb[0] ub[732.69] size: [86112] time: [5]
STATS - lpIterations[1] lagIterations[1] sspIterations[1] numSeparations[0] numCuts[0] compileTime[5] sspSolveTime[0] lpSolveTime[0] lb[39.7995] ub[732.69] size: [86112] time: [5]
STATS - lpIterations[1] lagIterations[2] sspIterations[2] numSeparations[0] numCuts[0] compileTime[5] sspSolveTime[0] lpSolveTime[0] lb[41.7698] ub[732.69] size: [86112] time: [6]
STATS - lpIterations[1] lagIterations[3] sspIterations[3] numSeparations[0] numCuts[0] compileTime[5] sspSolveTime[0] lpSolveTime[0] lb[43.8173] ub[732.69] size: [86112] time: [6]
STATS - lpIterations[1] lagIterations[4] sspIterations[4] numSeparations[0] numCuts[0] compileTime[5] sspSolveTime[0] lpSolveTime[0] lb[45.9444] ub[732.69] size: [86112] time: [6]
STATS - lpIterations[1] lagIterations[5] sspIterations[5] numSeparations[0] numCuts[0] compileTime[5] sspSolveTime[0] lpSolveTime[0] lb[48.1532] ub[732.69] size: [86112] time: [7]
STATS - lpIterations[1] lagIterations[6] sspIterations[6] numSeparations[0] numCuts[0] compileTime[5] sspSolveTime[1] lpSolveTime[0] lb[50.4462] ub[732.69] size: [86112] time: [7]
STATS - lpIterations[1] lagIterations[7] sspIterations[7] numSeparations[0] numCuts[0] compileTime[5] sspSolveTime[1] lpSolveTime[0] lb[52.8258] ub[732.69] size: [86112] time: [7]
STATS - lpIterations[1] lagIterations[8] sspIterations[8] numSeparations[0] numCuts[0] compileTime[5] sspSolveTime[1] lpSolveTime[0] lb[55.2943] ub[732.69] size: [86112] time: [8]
STATS - lpIterations[1] lagIterations[9] sspIterations[9] numSeparations[0] numCuts[0] compileTime[5] sspSolveTime[1] lpSolveTime[0] lb[57.8542] ub[732.69] size: [86112] time: [8]
STATS - lpIterations[1] lagIterations[10] sspIterations[10] numSeparations[0] numCuts[0] compileTime[5] sspSolveTime[1] lpSolveTime[0] lb[60.508] ub[732.69] size: [86112] time: [8]
STATS - lpIterations[1] lagIterations[11] sspIterations[11] numSeparations[0] numCuts[0] compileTime[5] sspSolveTime[2] lpSolveTime[0] lb[63.2584] ub[732.69] size: [86112] time: [9]
STATS - lpIterations[1] lagIterations[12] sspIterations[12] numSeparations[0] numCuts[0] compileTime[5] sspSolveTime[2] lpSolveTime[0] lb[66.1079] ub[732.69] size: [86112] time: [9]
STATS - lpIterations[1] lagIterations[13] sspIterations[13] numSeparations[0] numCuts[0] compileTime[5] sspSolveTime[2] lpSolveTime[0] lb[69.0591] ub[732.69] size: [86112] time: [9]
STATS - lpIterations[1] lagIterations[14] sspIterations[14] numSeparations[0] numCuts[0] compileTime[5] sspSolveTime[2] lpSolveTime[0] lb[72.1148] ub[732.69] size: [86112] time: [10]
STATS - lpIterations[1] lagIterations[15] sspIterations[15] numSeparations[0] numCuts[0] compileTime[5] sspSolveTime[2] lpSolveTime[0] lb[75.2778] ub[732.69] size: [86112] time: [10]
STATS - lpIterations[1] lagIterations[16] sspIterations[16] numSeparations[0] numCuts[0] compileTime[5] sspSolveTime[3] lpSolveTime[0] lb[78.5507] ub[732.69] size: [86112] time: [10]
STATS - lpIterations[1] lagIterations[17] sspIterations[17] numSeparations[0] numCuts[0] compileTime[5] sspSolveTime[3] lpSolveTime[0] lb[81.9365] ub[732.69] size: [86112] time: [11]
STATS - lpIterations[1] lagIterations[18] sspIterations[18] numSeparations[0] numCuts[0] compileTime[5] sspSolveTime[3] lpSolveTime[0] lb[85.4381] ub[732.69] size: [86112] time: [11]
STATS - lpIterations[1] lagIterations[19] sspIterations[19] numSeparations[0] numCuts[0] compileTime[5] sspSolveTime[3] lpSolveTime[0] lb[89.0584] ub[732.69] size: [86112] time: [11]
STATS - lpIterations[1] lagIterations[20] sspIterations[20] numSeparations[0] numCuts[0] compileTime[5] sspSolveTime[3] lpSolveTime[0] lb[92.8003] ub[732.69] size: [86112] time: [12]
STATS - lpIterations[1] lagIterations[21] sspIterations[21] numSeparations[0] numCuts[0] compileTime[5] sspSolveTime[4] lpSolveTime[0] lb[96.667] ub[732.69] size: [86112] time: [12]
STATS - lpIterations[1] lagIterations[22] sspIterations[22] numSeparations[0] numCuts[0] compileTime[5] sspSolveTime[4] lpSolveTime[0] lb[100.661] ub[732.69] size: [86112] time: [12]
STATS - lpIterations[1] lagIterations[23] sspIterations[23] numSeparations[0] numCuts[0] compileTime[5] sspSolveTime[4] lpSolveTime[0] lb[104.787] ub[732.69] size: [86112] time: [13]
STATS - lpIterations[1] lagIterations[24] sspIterations[24] numSeparations[0] numCuts[0] compileTime[5] sspSolveTime[4] lpSolveTime[0] lb[109.047] ub[732.69] size: [86112] time: [13]
STATS - lpIterations[1] lagIterations[25] sspIterations[25] numSeparations[0] numCuts[0] compileTime[5] sspSolveTime[4] lpSolveTime[0] lb[113.444] ub[732.69] size: [86112] time: [13]
STATS - lpIterations[1] lagIterations[26] sspIterations[26] numSeparations[0] numCuts[0] compileTime[5] sspSolveTime[5] lpSolveTime[0] lb[117.981] ub[732.69] size: [86112] time: [14]
STATS - lpIterations[1] lagIterations[27] sspIterations[27] numSeparations[0] numCuts[0] compileTime[5] sspSolveTime[5] lpSolveTime[0] lb[122.663] ub[732.69] size: [86112] time: [14]
STATS - lpIterations[1] lagIterations[28] sspIterations[28] numSeparations[0] numCuts[0] compileTime[5] sspSolveTime[5] lpSolveTime[0] lb[127.492] ub[732.69] size: [86112] time: [14]
STATS - lpIterations[1] lagIterations[29] sspIterations[29] numSeparations[0] numCuts[0] compileTime[5] sspSolveTime[5] lpSolveTime[0] lb[132.473] ub[732.69] size: [86112] time: [14]
STATS - lpIterations[1] lagIterations[30] sspIterations[30] numSeparations[0] numCuts[0] compileTime[5] sspSolveTime[6] lpSolveTime[0] lb[137.607] ub[732.69] size: [86112] time: [15]
STATS - lpIterations[1] lagIterations[31] sspIterations[31] numSeparations[0] numCuts[0] compileTime[5] sspSolveTime[6] lpSolveTime[0] lb[142.9] ub[732.69] size: [86112] time: [15]
STATS - lpIterations[1] lagIterations[32] sspIterations[32] numSeparations[0] numCuts[0] compileTime[5] sspSolveTime[6] lpSolveTime[0] lb[148.354] ub[732.69] size: [86112] time: [15]
STATS - lpIterations[1] lagIterations[33] sspIterations[33] numSeparations[0] numCuts[0] compileTime[5] sspSolveTime[6] lpSolveTime[0] lb[153.973] ub[732.69] size: [86112] time: [16]
STATS - lpIterations[1] lagIterations[34] sspIterations[34] numSeparations[0] numCuts[0] compileTime[5] sspSolveTime[6] lpSolveTime[0] lb[159.762] ub[732.69] size: [86112] time: [16]
STATS - lpIterations[1] lagIterations[35] sspIterations[35] numSeparations[0] numCuts[0] compileTime[5] sspSolveTime[7] lpSolveTime[0] lb[165.723] ub[732.69] size: [86112] time: [16]
STATS - lpIterations[1] lagIterations[36] sspIterations[36] numSeparations[0] numCuts[0] compileTime[5] sspSolveTime[7] lpSolveTime[0] lb[171.861] ub[732.69] size: [86112] time: [17]
STATS - lpIterations[1] lagIterations[37] sspIterations[37] numSeparations[0] numCuts[0] compileTime[5] sspSolveTime[7] lpSolveTime[0] lb[178.18] ub[732.69] size: [86112] time: [17]
STATS - lpIterations[1] lagIterations[38] sspIterations[38] numSeparations[0] numCuts[0] compileTime[5] sspSolveTime[7] lpSolveTime[0] lb[184.682] ub[732.69] size: [86112] time: [17]
STATS - lpIterations[1] lagIterations[39] sspIterations[39] numSeparations[0] numCuts[0] compileTime[5] sspSolveTime[7] lpSolveTime[0] lb[191.374] ub[732.69] size: [86112] time: [18]
STATS - lpIterations[1] lagIterations[40] sspIterations[40] numSeparations[0] numCuts[0] compileTime[5] sspSolveTime[8] lpSolveTime[0] lb[198.258] ub[732.69] size: [86112] time: [18]
STATS - lpIterations[1] lagIterations[41] sspIterations[41] numSeparations[0] numCuts[0] compileTime[5] sspSolveTime[8] lpSolveTime[0] lb[205.338] ub[732.69] size: [86112] time: [18]
STATS - lpIterations[1] lagIterations[42] sspIterations[42] numSeparations[0] numCuts[0] compileTime[5] sspSolveTime[8] lpSolveTime[0] lb[212.62] ub[732.69] size: [86112] time: [19]
STATS - lpIterations[1] lagIterations[43] sspIterations[43] numSeparations[0] numCuts[0] compileTime[5] sspSolveTime[8] lpSolveTime[0] lb[220.107] ub[732.69] size: [86112] time: [19]
STATS - lpIterations[1] lagIterations[44] sspIterations[44] numSeparations[0] numCuts[0] compileTime[5] sspSolveTime[8] lpSolveTime[0] lb[227.803] ub[732.69] size: [86112] time: [19]
STATS - lpIterations[1] lagIterations[45] sspIterations[45] numSeparations[0] numCuts[0] compileTime[5] sspSolveTime[9] lpSolveTime[0] lb[235.712] ub[732.69] size: [86112] time: [20]
STATS - lpIterations[1] lagIterations[46] sspIterations[46] numSeparations[0] numCuts[0] compileTime[5] sspSolveTime[9] lpSolveTime[0] lb[243.84] ub[732.69] size: [86112] time: [20]
STATS - lpIterations[1] lagIterations[47] sspIterations[47] numSeparations[0] numCuts[0] compileTime[5] sspSolveTime[9] lpSolveTime[0] lb[252.191] ub[732.69] size: [86112] time: [20]
STATS - lpIterations[1] lagIterations[48] sspIterations[48] numSeparations[0] numCuts[0] compileTime[5] sspSolveTime[9] lpSolveTime[0] lb[260.769] ub[732.69] size: [86112] time: [21]
STATS - lpIterations[1] lagIterations[49] sspIterations[49] numSeparations[0] numCuts[0] compileTime[5] sspSolveTime[9] lpSolveTime[0] lb[269.579] ub[732.69] size: [86112] time: [21]
STATS - lpIterations[1] lagIterations[50] sspIterations[50] numSeparations[0] numCuts[0] compileTime[5] sspSolveTime[9] lpSolveTime[0] lb[278.625] ub[732.69] size: [86112] time: [21]
STATS - lpIterations[1] lagIterations[51] sspIterations[51] numSeparations[0] numCuts[0] compileTime[5] sspSolveTime[10] lpSolveTime[0] lb[287.913] ub[732.69] size: [86112] time: [22]
STATS - lpIterations[1] lagIterations[52] sspIterations[52] numSeparations[0] numCuts[0] compileTime[5] sspSolveTime[10] lpSolveTime[0] lb[297.446] ub[732.69] size: [86112] time: [22]
STATS - lpIterations[1] lagIterations[53] sspIterations[53] numSeparations[0] numCuts[0] compileTime[5] sspSolveTime[10] lpSolveTime[0] lb[307.23] ub[732.69] size: [86112] time: [22]
STATS - lpIterations[1] lagIterations[54] sspIterations[54] numSeparations[0] numCuts[0] compileTime[5] sspSolveTime[10] lpSolveTime[0] lb[317.271] ub[732.69] size: [86112] time: [23]
STATS - lpIterations[1] lagIterations[55] sspIterations[55] numSeparations[0] numCuts[0] compileTime[5] sspSolveTime[10] lpSolveTime[0] lb[327.572] ub[732.69] size: [86112] time: [23]
STATS - lpIterations[1] lagIterations[56] sspIterations[56] numSeparations[0] numCuts[0] compileTime[5] sspSolveTime[10] lpSolveTime[0] lb[338.138] ub[732.69] size: [86112] time: [23]
STATS - lpIterations[1] lagIterations[57] sspIterations[57] numSeparations[0] numCuts[0] compileTime[5] sspSolveTime[11] lpSolveTime[0] lb[348.976] ub[732.69] size: [86112] time: [23]
STATS - lpIterations[1] lagIterations[58] sspIterations[58] numSeparations[0] numCuts[0] compileTime[5] sspSolveTime[11] lpSolveTime[0] lb[360.09] ub[732.69] size: [86112] time: [24]
STATS - lpIterations[1] lagIterations[59] sspIterations[59] numSeparations[0] numCuts[0] compileTime[5] sspSolveTime[11] lpSolveTime[0] lb[371.485] ub[732.69] size: [86112] time: [24]
STATS - lpIterations[1] lagIterations[60] sspIterations[60] numSeparations[0] numCuts[0] compileTime[5] sspSolveTime[11] lpSolveTime[0] lb[383.167] ub[732.69] size: [86112] time: [24]
STATS - lpIterations[1] lagIterations[61] sspIterations[61] numSeparations[0] numCuts[0] compileTime[5] sspSolveTime[11] lpSolveTime[0] lb[395.141] ub[732.69] size: [86112] time: [25]
STATS - lpIterations[1] lagIterations[62] sspIterations[62] numSeparations[0] numCuts[0] compileTime[5] sspSolveTime[12] lpSolveTime[0] lb[407.413] ub[732.69] size: [86112] time: [25]
STATS - lpIterations[1] lagIterations[63] sspIterations[63] numSeparations[0] numCuts[0] compileTime[5] sspSolveTime[12] lpSolveTime[0] lb[419.807] ub[732.69] size: [86112] time: [25]
STATS - lpIterations[1] lagIterations[64] sspIterations[64] numSeparations[0] numCuts[0] compileTime[5] sspSolveTime[12] lpSolveTime[0] lb[432.462] ub[732.69] size: [86112] time: [26]
STATS - lpIterations[1] lagIterations[65] sspIterations[65] numSeparations[0] numCuts[0] compileTime[5] sspSolveTime[12] lpSolveTime[0] lb[445.457] ub[732.69] size: [86112] time: [26]
STATS - lpIterations[1] lagIterations[66] sspIterations[66] numSeparations[0] numCuts[0] compileTime[5] sspSolveTime[12] lpSolveTime[0] lb[458.724] ub[732.69] size: [86112] time: [26]
STATS - lpIterations[1] lagIterations[67] sspIterations[67] numSeparations[0] numCuts[0] compileTime[5] sspSolveTime[12] lpSolveTime[0] lb[472.341] ub[732.69] size: [86112] time: [27]
STATS - lpIterations[1] lagIterations[68] sspIterations[68] numSeparations[0] numCuts[0] compileTime[5] sspSolveTime[13] lpSolveTime[0] lb[486.241] ub[732.69] size: [86112] time: [27]
STATS - lpIterations[1] lagIterations[69] sspIterations[69] numSeparations[0] numCuts[0] compileTime[5] sspSolveTime[13] lpSolveTime[0] lb[500.502] ub[732.69] size: [86112] time: [27]
STATS - lpIterations[1] lagIterations[70] sspIterations[70] numSeparations[0] numCuts[0] compileTime[5] sspSolveTime[13] lpSolveTime[0] lb[515.057] ub[732.69] size: [86112] time: [27]
STATS - lpIterations[1] lagIterations[71] sspIterations[71] numSeparations[0] numCuts[0] compileTime[5] sspSolveTime[13] lpSolveTime[0] lb[529.985] ub[732.69] size: [86112] time: [28]
STATS - lpIterations[1] lagIterations[72] sspIterations[72] numSeparations[0] numCuts[0] compileTime[5] sspSolveTime[13] lpSolveTime[0] lb[545.219] ub[732.69] size: [86112] time: [28]
STATS - lpIterations[1] lagIterations[73] sspIterations[73] numSeparations[0] numCuts[0] compileTime[5] sspSolveTime[14] lpSolveTime[0] lb[560.836] ub[732.69] size: [86112] time: [28]
STATS - lpIterations[1] lagIterations[74] sspIterations[74] numSeparations[0] numCuts[0] compileTime[5] sspSolveTime[14] lpSolveTime[0] lb[573.934] ub[732.69] size: [86112] time: [29]
STATS - lpIterations[1] lagIterations[75] sspIterations[75] numSeparations[1] numCuts[0] compileTime[5] sspSolveTime[14] lpSolveTime[0] lb[586.809] ub[732.69] size: [86118] time: [29]
STATS - lpIterations[1] lagIterations[76] sspIterations[76] numSeparations[1] numCuts[0] compileTime[5] sspSolveTime[14] lpSolveTime[0] lb[596.823] ub[732.69] size: [86118] time: [29]
STATS - lpIterations[1] lagIterations[77] sspIterations[77] numSeparations[2] numCuts[0] compileTime[5] sspSolveTime[14] lpSolveTime[0] lb[597.196] ub[732.69] size: [86120] time: [30]
STATS - lpIterations[1] lagIterations[78] sspIterations[78] numSeparations[3] numCuts[0] compileTime[5] sspSolveTime[14] lpSolveTime[0] lb[609.436] ub[732.69] size: [86124] time: [30]
STATS - lpIterations[1] lagIterations[79] sspIterations[79] numSeparations[4] numCuts[0] compileTime[5] sspSolveTime[15] lpSolveTime[0] lb[611.134] ub[732.69] size: [86126] time: [30]
STATS - lpIterations[1] lagIterations[80] sspIterations[80] numSeparations[5] numCuts[0] compileTime[5] sspSolveTime[15] lpSolveTime[0] lb[620.949] ub[732.69] size: [86133] time: [31]
STATS - lpIterations[1] lagIterations[81] sspIterations[81] numSeparations[6] numCuts[0] compileTime[5] sspSolveTime[15] lpSolveTime[0] lb[628.468] ub[732.69] size: [86135] time: [31]
STATS - lpIterations[1] lagIterations[82] sspIterations[82] numSeparations[7] numCuts[0] compileTime[5] sspSolveTime[15] lpSolveTime[0] lb[629.551] ub[732.69] size: [86147] time: [32]
STATS - lpIterations[1] lagIterations[83] sspIterations[83] numSeparations[8] numCuts[0] compileTime[5] sspSolveTime[15] lpSolveTime[0] lb[637.187] ub[732.69] size: [86148] time: [32]
STATS - lpIterations[1] lagIterations[84] sspIterations[84] numSeparations[9] numCuts[0] compileTime[5] sspSolveTime[16] lpSolveTime[0] lb[639.405] ub[732.69] size: [86153] time: [32]
STATS - lpIterations[1] lagIterations[85] sspIterations[85] numSeparations[10] numCuts[0] compileTime[5] sspSolveTime[16] lpSolveTime[0] lb[642.91] ub[732.69] size: [86161] time: [33]
STATS - lpIterations[1] lagIterations[86] sspIterations[86] numSeparations[11] numCuts[0] compileTime[5] sspSolveTime[16] lpSolveTime[0] lb[643.092] ub[732.69] size: [86168] time: [33]
STATS - lpIterations[1] lagIterations[87] sspIterations[87] numSeparations[12] numCuts[0] compileTime[5] sspSolveTime[16] lpSolveTime[0] lb[648.455] ub[732.69] size: [86175] time: [34]
STATS - lpIterations[1] lagIterations[88] sspIterations[88] numSeparations[13] numCuts[0] compileTime[5] sspSolveTime[16] lpSolveTime[0] lb[649.837] ub[732.69] size: [86176] time: [34]
STATS - lpIterations[1] lagIterations[90] sspIterations[90] numSeparations[15] numCuts[0] compileTime[5] sspSolveTime[17] lpSolveTime[0] lb[656.565] ub[732.69] size: [86191] time: [35]
STATS - lpIterations[1] lagIterations[92] sspIterations[92] numSeparations[17] numCuts[0] compileTime[5] sspSolveTime[17] lpSolveTime[0] lb[658.214] ub[732.69] size: [86194] time: [37]
STATS - lpIterations[1] lagIterations[93] sspIterations[93] numSeparations[18] numCuts[0] compileTime[5] sspSolveTime[17] lpSolveTime[0] lb[661.248] ub[732.69] size: [86199] time: [38]
STATS - lpIterations[1] lagIterations[94] sspIterations[94] numSeparations[19] numCuts[0] compileTime[5] sspSolveTime[18] lpSolveTime[0] lb[661.826] ub[732.69] size: [86201] time: [38]
STATS - lpIterations[1] lagIterations[95] sspIterations[95] numSeparations[20] numCuts[0] compileTime[5] sspSolveTime[18] lpSolveTime[0] lb[669.358] ub[732.69] size: [86212] time: [39]
STATS - lpIterations[1] lagIterations[98] sspIterations[98] numSeparations[23] numCuts[0] compileTime[5] sspSolveTime[19] lpSolveTime[0] lb[672.449] ub[732.69] size: [86227] time: [42]
STATS - lpIterations[1] lagIterations[100] sspIterations[100] numSeparations[25] numCuts[0] compileTime[5] sspSolveTime[19] lpSolveTime[0] lb[672.79] ub[732.69] size: [86236] time: [44]
STATS - lpIterations[1] lagIterations[101] sspIterations[101] numSeparations[26] numCuts[0] compileTime[5] sspSolveTime[19] lpSolveTime[0] lb[679.996] ub[732.69] size: [86238] time: [45]
STATS - lpIterations[1] lagIterations[104] sspIterations[104] numSeparations[29] numCuts[0] compileTime[5] sspSolveTime[20] lpSolveTime[0] lb[682.823] ub[732.69] size: [86250] time: [49]
STATS - lpIterations[1] lagIterations[105] sspIterations[105] numSeparations[30] numCuts[0] compileTime[5] sspSolveTime[20] lpSolveTime[0] lb[684.411] ub[732.69] size: [86254] time: [50]
STATS - lpIterations[1] lagIterations[107] sspIterations[107] numSeparations[32] numCuts[0] compileTime[5] sspSolveTime[20] lpSolveTime[0] lb[685.711] ub[732.69] size: [86267] time: [52]
STATS - lpIterations[1] lagIterations[111] sspIterations[111] numSeparations[36] numCuts[0] compileTime[5] sspSolveTime[21] lpSolveTime[0] lb[687.301] ub[732.69] size: [86289] time: [57]
STATS - lpIterations[1] lagIterations[113] sspIterations[113] numSeparations[38] numCuts[0] compileTime[5] sspSolveTime[22] lpSolveTime[0] lb[687.957] ub[732.69] size: [86293] time: [60]
STATS - lpIterations[1] lagIterations[117] sspIterations[117] numSeparations[42] numCuts[0] compileTime[5] sspSolveTime[22] lpSolveTime[0] lb[691.086] ub[732.69] size: [86304] time: [64]
STATS - lpIterations[1] lagIterations[124] sspIterations[124] numSeparations[49] numCuts[0] compileTime[5] sspSolveTime[24] lpSolveTime[0] lb[693.632] ub[732.69] size: [86325] time: [73]
STATS - lpIterations[1] lagIterations[132] sspIterations[132] numSeparations[57] numCuts[0] compileTime[5] sspSolveTime[26] lpSolveTime[0] lb[693.864] ub[732.69] size: [86350] time: [83]
STATS - lpIterations[1] lagIterations[135] sspIterations[135] numSeparations[60] numCuts[0] compileTime[5] sspSolveTime[26] lpSolveTime[0] lb[694.034] ub[732.69] size: [86362] time: [86]
STATS - lpIterations[1] lagIterations[137] sspIterations[137] numSeparations[62] numCuts[0] compileTime[5] sspSolveTime[27] lpSolveTime[0] lb[694.552] ub[732.69] size: [86372] time: [89]
STATS - lpIterations[1] lagIterations[145] sspIterations[145] numSeparations[70] numCuts[0] compileTime[5] sspSolveTime[28] lpSolveTime[0] lb[696.951] ub[732.69] size: [86392] time: [98]
STATS - lpIterations[1] lagIterations[178] sspIterations[178] numSeparations[103] numCuts[0] compileTime[5] sspSolveTime[36] lpSolveTime[0] lb[697.097] ub[732.69] size: [86489] time: [138]
STATS - lpIterations[1] lagIterations[185] sspIterations[185] numSeparations[110] numCuts[0] compileTime[5] sspSolveTime[37] lpSolveTime[0] lb[697.122] ub[732.69] size: [86507] time: [146]
STATS - lpIterations[1] lagIterations[192] sspIterations[192] numSeparations[117] numCuts[0] compileTime[5] sspSolveTime[39] lpSolveTime[0] lb[698.656] ub[732.69] size: [86526] time: [154]
STATS - lpIterations[1] lagIterations[221] sspIterations[221] numSeparations[146] numCuts[0] compileTime[5] sspSolveTime[45] lpSolveTime[0] lb[699.273] ub[732.69] size: [86587] time: [188]
STATS - lpIterations[1] lagIterations[243] sspIterations[243] numSeparations[168] numCuts[0] compileTime[5] sspSolveTime[50] lpSolveTime[0] lb[699.374] ub[732.69] size: [86638] time: [213]
STATS - lpIterations[1] lagIterations[247] sspIterations[247] numSeparations[172] numCuts[0] compileTime[5] sspSolveTime[51] lpSolveTime[0] lb[699.438] ub[732.69] size: [86651] time: [218]
STATS - lpIterations[1] lagIterations[249] sspIterations[249] numSeparations[174] numCuts[0] compileTime[5] sspSolveTime[52] lpSolveTime[0] lb[699.73] ub[732.69] size: [86657] time: [220]
STATS - lpIterations[1] lagIterations[266] sspIterations[266] numSeparations[191] numCuts[0] compileTime[5] sspSolveTime[55] lpSolveTime[0] lb[699.905] ub[732.69] size: [86708] time: [239]
STATS - lpIterations[1] lagIterations[290] sspIterations[290] numSeparations[215] numCuts[0] compileTime[5] sspSolveTime[61] lpSolveTime[0] lb[700.414] ub[732.69] size: [86759] time: [267]
STATS - lpIterations[1] lagIterations[311] sspIterations[311] numSeparations[236] numCuts[0] compileTime[5] sspSolveTime[66] lpSolveTime[0] lb[700.528] ub[732.69] size: [86800] time: [292]
STATS - lpIterations[1] lagIterations[322] sspIterations[322] numSeparations[247] numCuts[0] compileTime[5] sspSolveTime[68] lpSolveTime[0] lb[700.858] ub[732.69] size: [86824] time: [304]
STATS - lpIterations[1] lagIterations[336] sspIterations[336] numSeparations[261] numCuts[0] compileTime[5] sspSolveTime[72] lpSolveTime[0] lb[701.03] ub[732.69] size: [86853] time: [321]
STATS - lpIterations[1] lagIterations[338] sspIterations[338] numSeparations[263] numCuts[0] compileTime[5] sspSolveTime[72] lpSolveTime[0] lb[701.104] ub[732.69] size: [86856] time: [323]
STATS - lpIterations[1] lagIterations[355] sspIterations[355] numSeparations[280] numCuts[0] compileTime[5] sspSolveTime[76] lpSolveTime[0] lb[701.614] ub[732.69] size: [86894] time: [342]
STATS - lpIterations[1] lagIterations[387] sspIterations[387] numSeparations[312] numCuts[0] compileTime[5] sspSolveTime[83] lpSolveTime[0] lb[701.677] ub[732.69] size: [86969] time: [379]
STATS - lpIterations[1] lagIterations[410] sspIterations[410] numSeparations[335] numCuts[0] compileTime[5] sspSolveTime[89] lpSolveTime[0] lb[701.884] ub[732.69] size: [87023] time: [405]
STATS - lpIterations[1] lagIterations[423] sspIterations[423] numSeparations[348] numCuts[0] compileTime[5] sspSolveTime[92] lpSolveTime[0] lb[701.905] ub[732.69] size: [87052] time: [420]
STATS - lpIterations[2] lagIterations[456] sspIterations[456] numSeparations[381] numCuts[0] compileTime[5] sspSolveTime[99] lpSolveTime[0] lb[701.905] ub[732.69] size: [87127] time: [458]
STATS - lpIterations[2] lagIterations[457] sspIterations[457] numSeparations[381] numCuts[0] compileTime[5] sspSolveTime[99] lpSolveTime[0] lb[701.932] ub[732.69] size: [87127] time: [458]
STATS - lpIterations[3] lagIterations[558] sspIterations[558] numSeparations[482] numCuts[0] compileTime[5] sspSolveTime[122] lpSolveTime[0] lb[701.932] ub[732.69] size: [87363] time: [572]
STATS - lpIterations[3] lagIterations[559] sspIterations[559] numSeparations[482] numCuts[0] compileTime[5] sspSolveTime[122] lpSolveTime[0] lb[702.013] ub[732.69] size: [87363] time: [572]
STATS - lpIterations[4] lagIterations[660] sspIterations[660] numSeparations[583] numCuts[0] compileTime[5] sspSolveTime[144] lpSolveTime[0] lb[702.013] ub[732.69] size: [87574] time: [685]
STATS - lpIterations[4] lagIterations[661] sspIterations[661] numSeparations[583] numCuts[0] compileTime[5] sspSolveTime[144] lpSolveTime[0] lb[702.057] ub[732.69] size: [87574] time: [685]
STATS - lpIterations[5] lagIterations[762] sspIterations[762] numSeparations[684] numCuts[0] compileTime[5] sspSolveTime[166] lpSolveTime[0] lb[702.057] ub[732.69] size: [87815] time: [795]
STATS - lpIterations[5] lagIterations[763] sspIterations[763] numSeparations[684] numCuts[0] compileTime[5] sspSolveTime[166] lpSolveTime[0] lb[702.058] ub[732.69] size: [87815] time: [795]
STATS - lpIterations[6] lagIterations[864] sspIterations[864] numSeparations[785] numCuts[0] compileTime[5] sspSolveTime[187] lpSolveTime[0] lb[702.058] ub[732.69] size: [88021] time: [905]
STATS - lpIterations[6] lagIterations[865] sspIterations[865] numSeparations[785] numCuts[0] compileTime[5] sspSolveTime[187] lpSolveTime[0] lb[702.197] ub[732.69] size: [88021] time: [905]
STATS - lpIterations[7] lagIterations[966] sspIterations[966] numSeparations[885] numCuts[0] compileTime[5] sspSolveTime[208] lpSolveTime[0] lb[702.197] ub[732.69] size: [88204] time: [1015]
STATS - lpIterations[7] lagIterations[967] sspIterations[967] numSeparations[885] numCuts[0] compileTime[5] sspSolveTime[208] lpSolveTime[0] lb[702.407] ub[732.69] size: [88204] time: [1015]
STATS - lpIterations[8] lagIterations[1068] sspIterations[1068] numSeparations[986] numCuts[0] compileTime[5] sspSolveTime[230] lpSolveTime[0] lb[702.407] ub[732.69] size: [88382] time: [1124]
STATS - lpIterations[9] lagIterations[1170] sspIterations[1170] numSeparations[1087] numCuts[0] compileTime[5] sspSolveTime[251] lpSolveTime[0] lb[702.407] ub[732.69] size: [88588] time: [1234]
STATS - lpIterations[9] lagIterations[1171] sspIterations[1171] numSeparations[1087] numCuts[0] compileTime[5] sspSolveTime[251] lpSolveTime[0] lb[702.446] ub[732.69] size: [88588] time: [1234]
STATS - lpIterations[10] lagIterations[1272] sspIterations[1272] numSeparations[1188] numCuts[0] compileTime[5] sspSolveTime[272] lpSolveTime[0] lb[702.446] ub[732.69] size: [88771] time: [1344]
STATS - lpIterations[10] lagIterations[1273] sspIterations[1273] numSeparations[1188] numCuts[0] compileTime[5] sspSolveTime[273] lpSolveTime[0] lb[702.521] ub[732.69] size: [88771] time: [1344]
STATS - lpIterations[11] lagIterations[1374] sspIterations[1374] numSeparations[1289] numCuts[0] compileTime[5] sspSolveTime[294] lpSolveTime[0] lb[702.521] ub[732.69] size: [88947] time: [1454]
STATS - lpIterations[11] lagIterations[1375] sspIterations[1375] numSeparations[1289] numCuts[0] compileTime[5] sspSolveTime[294] lpSolveTime[0] lb[702.564] ub[732.69] size: [88947] time: [1454]
STATS - lpIterations[12] lagIterations[1476] sspIterations[1476] numSeparations[1390] numCuts[0] compileTime[5] sspSolveTime[315] lpSolveTime[0] lb[702.564] ub[732.69] size: [89124] time: [1563]
STATS - lpIterations[12] lagIterations[1477] sspIterations[1477] numSeparations[1390] numCuts[0] compileTime[5] sspSolveTime[315] lpSolveTime[0] lb[702.57] ub[732.69] size: [89124] time: [1563]
STATS - lpIterations[13] lagIterations[1578] sspIterations[1578] numSeparations[1491] numCuts[0] compileTime[5] sspSolveTime[336] lpSolveTime[0] lb[702.57] ub[732.69] size: [89310] time: [1673]
STATS - lpIterations[13] lagIterations[1579] sspIterations[1579] numSeparations[1491] numCuts[0] compileTime[5] sspSolveTime[336] lpSolveTime[0] lb[702.606] ub[732.69] size: [89310] time: [1673]
STATS - lpIterations[14] lagIterations[1680] sspIterations[1680] numSeparations[1592] numCuts[0] compileTime[5] sspSolveTime[358] lpSolveTime[0] lb[702.606] ub[732.69] size: [89515] time: [1785]
STATS - lpIterations[14] lagIterations[1681] sspIterations[1681] numSeparations[1592] numCuts[0] compileTime[5] sspSolveTime[358] lpSolveTime[0] lb[702.71] ub[732.69] size: [89515] time: [1785]
STATS - lpIterations[15] lagIterations[1782] sspIterations[1782] numSeparations[1693] numCuts[0] compileTime[5] sspSolveTime[380] lpSolveTime[0] lb[702.71] ub[732.69] size: [89697] time: [1897]
STATS - lpIterations[15] lagIterations[1783] sspIterations[1783] numSeparations[1693] numCuts[0] compileTime[5] sspSolveTime[380] lpSolveTime[0] lb[702.953] ub[732.69] size: [89697] time: [1897]
STATS - lpIterations[16] lagIterations[1884] sspIterations[1884] numSeparations[1794] numCuts[0] compileTime[5] sspSolveTime[402] lpSolveTime[0] lb[702.953] ub[732.69] size: [89881] time: [2008]
STATS - lpIterations[17] lagIterations[1986] sspIterations[1986] numSeparations[1895] numCuts[0] compileTime[5] sspSolveTime[424] lpSolveTime[0] lb[702.953] ub[732.69] size: [90071] time: [2120]
STATS - lpIterations[17] lagIterations[1987] sspIterations[1987] numSeparations[1895] numCuts[0] compileTime[5] sspSolveTime[424] lpSolveTime[0] lb[702.971] ub[732.69] size: [90071] time: [2120]
STATS - lpIterations[18] lagIterations[2088] sspIterations[2088] numSeparations[1996] numCuts[0] compileTime[5] sspSolveTime[446] lpSolveTime[0] lb[702.971] ub[732.69] size: [90274] time: [2231]
STATS - lpIterations[18] lagIterations[2089] sspIterations[2089] numSeparations[1996] numCuts[0] compileTime[5] sspSolveTime[446] lpSolveTime[0] lb[702.995] ub[732.69] size: [90274] time: [2232]
STATS - lpIterations[19] lagIterations[2190] sspIterations[2190] numSeparations[2097] numCuts[0] compileTime[5] sspSolveTime[469] lpSolveTime[0] lb[702.995] ub[732.69] size: [90446] time: [2344]
STATS - lpIterations[19] lagIterations[2191] sspIterations[2191] numSeparations[2097] numCuts[0] compileTime[5] sspSolveTime[469] lpSolveTime[0] lb[703.051] ub[732.69] size: [90446] time: [2344]
STATS - lpIterations[20] lagIterations[2292] sspIterations[2292] numSeparations[2198] numCuts[0] compileTime[5] sspSolveTime[491] lpSolveTime[0] lb[703.051] ub[732.69] size: [90611] time: [2458]
STATS - lpIterations[20] lagIterations[2293] sspIterations[2293] numSeparations[2198] numCuts[0] compileTime[5] sspSolveTime[491] lpSolveTime[0] lb[703.077] ub[732.69] size: [90611] time: [2458]
STATS - lpIterations[21] lagIterations[2394] sspIterations[2394] numSeparations[2299] numCuts[0] compileTime[5] sspSolveTime[514] lpSolveTime[0] lb[703.077] ub[732.69] size: [90779] time: [2570]
STATS - lpIterations[22] lagIterations[2496] sspIterations[2496] numSeparations[2400] numCuts[0] compileTime[5] sspSolveTime[536] lpSolveTime[0] lb[703.077] ub[732.69] size: [90935] time: [2684]
STATS - lpIterations[22] lagIterations[2497] sspIterations[2497] numSeparations[2400] numCuts[0] compileTime[5] sspSolveTime[536] lpSolveTime[0] lb[703.143] ub[732.69] size: [90935] time: [2684]
STATS - lpIterations[23] lagIterations[2598] sspIterations[2598] numSeparations[2501] numCuts[0] compileTime[5] sspSolveTime[559] lpSolveTime[0] lb[703.143] ub[732.69] size: [91095] time: [2799]
STATS - lpIterations[23] lagIterations[2599] sspIterations[2599] numSeparations[2501] numCuts[0] compileTime[5] sspSolveTime[559] lpSolveTime[0] lb[703.202] ub[732.69] size: [91095] time: [2799]
STATS - lpIterations[24] lagIterations[2700] sspIterations[2700] numSeparations[2602] numCuts[0] compileTime[5] sspSolveTime[582] lpSolveTime[0] lb[703.202] ub[732.69] size: [91269] time: [2913]
STATS - lpIterations[24] lagIterations[2701] sspIterations[2701] numSeparations[2602] numCuts[0] compileTime[5] sspSolveTime[582] lpSolveTime[0] lb[703.241] ub[732.69] size: [91269] time: [2913]
STATS - lpIterations[25] lagIterations[2802] sspIterations[2802] numSeparations[2703] numCuts[0] compileTime[5] sspSolveTime[605] lpSolveTime[0] lb[703.241] ub[732.69] size: [91445] time: [3028]
STATS - lpIterations[25] lagIterations[2803] sspIterations[2803] numSeparations[2703] numCuts[0] compileTime[5] sspSolveTime[605] lpSolveTime[0] lb[703.267] ub[732.69] size: [91445] time: [3028]
STATS - lpIterations[26] lagIterations[2904] sspIterations[2904] numSeparations[2804] numCuts[0] compileTime[5] sspSolveTime[628] lpSolveTime[0] lb[703.267] ub[732.69] size: [91626] time: [3143]
STATS - lpIterations[26] lagIterations[2905] sspIterations[2905] numSeparations[2804] numCuts[0] compileTime[5] sspSolveTime[628] lpSolveTime[0] lb[703.36] ub[732.69] size: [91626] time: [3143]
STATS - lpIterations[27] lagIterations[3006] sspIterations[3006] numSeparations[2905] numCuts[0] compileTime[5] sspSolveTime[651] lpSolveTime[0] lb[703.36] ub[732.69] size: [91821] time: [3258]
STATS - lpIterations[27] lagIterations[3007] sspIterations[3007] numSeparations[2905] numCuts[0] compileTime[5] sspSolveTime[651] lpSolveTime[0] lb[703.366] ub[732.69] size: [91821] time: [3259]
STATS - lpIterations[28] lagIterations[3108] sspIterations[3108] numSeparations[3006] numCuts[0] compileTime[5] sspSolveTime[674] lpSolveTime[0] lb[703.366] ub[732.69] size: [91992] time: [3375]
STATS - lpIterations[28] lagIterations[3109] sspIterations[3109] numSeparations[3006] numCuts[0] compileTime[5] sspSolveTime[674] lpSolveTime[0] lb[703.484] ub[732.69] size: [91992] time: [3375]
STATS - lpIterations[29] lagIterations[3210] sspIterations[3210] numSeparations[3107] numCuts[0] compileTime[5] sspSolveTime[697] lpSolveTime[0] lb[703.484] ub[732.69] size: [92147] time: [3491]
STATS - lpIterations[29] lagIterations[3211] sspIterations[3211] numSeparations[3107] numCuts[0] compileTime[5] sspSolveTime[697] lpSolveTime[0] lb[703.503] ub[732.69] size: [92147] time: [3491]
