relax time window constraint
capacity: 220
instance upper bound: 682
route length upper bound: 76
compiling DD
time step mult: 1
time step: 10
cap step: 1
done compiling DD
batch size for lag: 1
iteration delay to start separating: 0
optimality gap to start repairing: 100
percent fixed to change to CPLEX: 97.5
num arcs to change to CPLEX: 100000
num arcs to change to LAG: 999999999
num lag iters to cut: 0
num cuts lag: 0
cut phase: 0
deactivate cut value threshold: 0
deactivate cut iter threshold: 0
momentum beta: 0
stall alpha factor: 0
STATS - lpIterations[0] lagIterations[0] sspIterations[0] numSeparations[0] numCuts[0] compileTime[3] sspSolveTime[0] lpSolveTime[0] lb[0] ub[682] numArcs: [1960603] numFixed: [0] time: [3]
num vars: 1960603
STATS - lpIterations[1] lagIterations[0] sspIterations[0] numSeparations[0] numCuts[0] compileTime[3] sspSolveTime[0] lpSolveTime[2795] lb[658.01] ub[682] numArcs: [1960603] numFixed: [0] time: [2799]
checking cuts, max violation: 0.75909, num cuts: 71
new capacity cutset: 1 2 3 4 5 6 7 8 9 10 11 12 13 14 15 16 17 18 19 20 21 22 23 24 25 26 27 28 29 30 31 32 33 34 35 36 37 38 39 40 41 42 43 44 45 46 47 48 49 50 51 52 53 54 55 56 57 58 59 60 61 62 63 64 65 66 67 68 69 70 71 72 73 74 75 <= 68
new capacity cutset: 3 7 9 10 11 12 14 17 18 24 25 26 31 32 35 38 39 40 44 49 50 53 55 58 59 65 66 72 <= 25
nested set, do not add
new capacity cutset: 1 3 4 5 6 7 8 9 10 11 12 13 14 15 16 17 18 19 20 21 22 23 24 25 26 27 28 29 30 31 32 33 34 35 36 37 38 39 40 41 42 43 44 45 46 47 48 49 50 51 52 53 54 55 56 57 58 59 60 61 62 63 64 65 66 67 69 70 71 72 73 74 75 <= 66
nested set, do not add
new capacity cutset: 1 2 3 5 6 7 8 9 10 11 12 13 14 15 16 17 18 19 20 21 22 23 24 25 26 27 28 29 30 31 32 33 34 35 36 37 38 39 40 41 42 43 44 45 46 47 48 49 50 51 52 53 54 55 56 57 58 59 60 61 62 63 64 65 66 67 68 69 70 71 72 73 74 75 <= 67
nested set, do not add
new capacity cutset: 7 10 11 14 35 38 53 59 65 66 <= 8
nested set, do not add
new capacity cutset: 1 2 4 5 6 8 10 11 13 14 15 16 18 19 20 21 22 23 24 25 27 28 29 30 31 33 34 35 36 37 38 41 42 43 45 46 47 48 49 50 52 53 54 55 56 57 58 59 60 61 62 63 64 65 66 67 68 69 70 71 73 74 75 <= 57
nested set, do not add
new capacity cutset: 7 11 14 35 38 53 58 59 65 66 <= 8
nested set, do not add
new capacity cutset: 4 5 15 20 21 29 36 37 45 47 48 57 60 69 70 71 <= 14
nested set, do not add
new capacity cutset: 1 2 4 5 6 8 13 15 16 18 19 20 21 22 23 24 25 27 28 29 30 33 34 36 37 41 42 43 45 46 47 48 49 50 52 54 55 56 57 60 61 62 63 64 67 68 69 70 71 73 74 75 <= 47
nested set, do not add
new capacity cutset: 1 2 3 4 5 6 7 9 10 11 12 14 17 18 20 21 22 23 24 25 26 28 29 30 31 32 33 35 36 37 38 39 40 41 42 43 44 45 47 48 49 50 53 55 56 58 59 60 61 62 63 64 65 66 68 69 70 71 72 73 74 75 <= 56
nested set, do not add
new capacity cutset: 1 2 3 6 7 9 10 11 12 14 16 17 18 22 23 24 25 26 28 31 32 33 35 38 39 40 41 42 43 44 49 50 51 53 55 56 58 59 61 62 63 64 65 66 68 72 73 <= 42
nested set, do not add
new capacity cutset: 7 10 11 14 31 35 38 53 58 59 65 66 <= 10
nested set, do not add
new capacity cutset: 3 7 9 10 11 14 17 18 24 25 31 32 35 38 39 40 44 49 50 53 55 58 59 65 66 72 <= 23
nested set, do not add
new capacity cutset: 1 2 4 5 8 13 15 19 20 21 22 27 28 29 30 34 36 37 42 43 45 46 47 48 52 54 57 60 61 62 64 67 68 69 70 71 73 74 75 <= 35
nested set, do not add
new capacity cutset: 4 5 20 21 29 36 37 45 47 48 60 69 70 71 <= 12
nested set, do not add
new capacity cutset: 1 2 3 4 5 6 8 9 10 11 12 13 14 15 16 17 18 19 20 21 22 23 24 25 26 27 28 29 30 31 32 33 34 36 37 38 39 40 41 42 43 44 45 46 47 48 49 50 52 53 54 55 56 57 58 59 60 61 62 63 64 65 66 67 68 69 70 71 72 73 74 75 <= 65
nested set, do not add
new capacity cutset: 1 2 3 4 5 6 8 9 10 11 12 13 14 15 16 17 18 19 20 21 22 23 24 25 26 27 28 29 30 31 32 33 34 35 36 37 38 39 40 41 42 43 44 45 46 47 48 49 50 51 52 54 55 56 57 58 59 60 61 62 63 64 65 66 67 68 69 70 71 72 73 74 75 <= 66
nested set, do not add
new capacity cutset: 1 2 3 4 5 6 7 8 9 10 11 12 13 14 15 16 17 18 19 20 21 22 23 24 25 27 28 29 30 31 32 33 34 35 36 37 38 39 40 41 42 43 44 45 46 47 48 49 50 51 52 53 54 55 56 57 59 60 61 62 63 64 65 66 67 68 69 70 71 72 73 74 75 <= 66
nested set, do not add
new capacity cutset: 1 2 3 4 5 6 7 8 9 10 11 13 14 15 16 17 18 19 20 21 22 23 24 25 27 28 29 30 31 32 33 34 35 36 37 38 39 40 41 42 43 44 45 46 47 48 49 50 51 52 53 54 55 56 57 58 59 60 61 62 63 64 65 66 67 68 69 70 71 73 74 75 <= 65
nested set, do not add
new capacity cutset: 18 25 50 55 <= 3
nested set, do not add
new capacity cutset: 3 9 10 11 12 14 17 18 24 25 26 31 32 35 38 39 40 44 49 50 53 55 58 59 65 66 72 <= 24
nested set, do not add
new capacity cutset: 4 5 8 13 15 19 20 21 27 29 30 34 36 37 45 46 47 48 52 54 57 60 67 69 70 71 <= 23
nested set, do not add
new capacity cutset: 1 2 4 5 7 8 10 11 13 14 15 16 18 19 20 21 22 23 24 25 27 28 29 30 31 33 34 35 36 37 38 41 42 43 45 46 47 48 49 50 52 53 54 55 56 57 58 59 60 61 62 63 64 65 66 67 68 69 70 71 73 74 75 <= 57
nested set, do not add
new capacity cutset: 1 2 4 5 8 13 15 19 20 21 22 23 27 28 29 30 34 36 37 41 42 43 45 46 47 48 52 54 56 57 60 61 62 64 67 68 69 70 71 73 74 75 <= 38
nested set, do not add
new capacity cutset: 1 2 3 6 7 9 10 11 12 14 16 17 18 22 23 24 25 26 28 31 32 33 35 38 39 40 41 42 43 44 49 50 51 53 55 56 58 59 61 62 63 64 65 66 68 72 73 74 <= 43
nested set, do not add
new capacity cutset: 1 2 3 5 6 7 9 10 11 12 14 15 16 17 18 20 21 22 23 24 25 26 28 30 31 32 33 35 36 37 38 39 40 41 42 43 44 47 48 49 50 51 53 55 56 57 58 59 60 61 62 63 64 65 66 68 69 70 71 72 73 74 75 <= 57
nested set, do not add
new capacity cutset: 3 7 9 10 11 12 14 17 18 24 25 31 32 35 38 39 40 44 49 50 53 55 58 59 65 66 72 <= 24
nested set, do not add
new capacity cutset: 10 11 14 31 35 38 53 58 59 65 66 <= 9
nested set, do not add
new capacity cutset: 1 2 4 5 8 13 15 19 20 21 22 27 28 29 30 34 36 37 41 42 43 45 46 47 48 52 54 57 60 61 62 64 67 68 69 70 71 73 74 75 <= 36
nested set, do not add
new capacity cutset: 5 15 20 21 29 36 37 45 47 48 57 60 69 70 71 <= 13
nested set, do not add
new capacity cutset: 1 2 3 5 6 7 8 9 10 11 12 13 14 15 16 17 18 19 20 21 22 23 24 25 26 27 28 29 30 31 32 33 34 35 36 37 38 39 40 41 42 43 44 45 46 47 48 49 50 51 52 53 54 55 56 57 58 59 60 61 62 63 64 65 66 67 69 70 71 72 73 74 75 <= 66
nested set, do not add
new capacity cutset: 1 2 4 5 6 7 8 11 13 14 15 16 18 19 20 21 22 23 24 25 27 28 29 30 33 34 35 36 37 38 41 42 43 45 46 47 48 49 50 51 52 53 54 55 56 57 59 60 61 62 63 64 65 66 67 68 69 70 71 73 74 75 <= 56
nested set, do not add
new capacity cutset: 1 2 4 5 6 7 8 10 11 13 14 15 16 18 19 20 21 22 23 24 25 27 28 29 30 31 33 34 35 36 37 38 41 42 43 45 46 47 48 49 50 51 52 53 54 55 56 57 59 60 61 62 63 64 65 66 67 68 69 70 71 73 74 75 <= 58
nested set, do not add
new capacity cutset: 1 2 4 5 6 7 8 10 11 13 14 15 16 18 19 20 21 22 23 24 25 27 28 29 30 31 33 34 35 36 37 38 41 42 43 45 46 47 48 49 50 51 52 53 54 55 56 57 58 59 60 61 62 63 64 65 66 67 68 69 70 71 73 74 75 <= 59
nested set, do not add
new capacity cutset: 1 2 3 4 5 6 7 8 9 10 11 12 13 14 15 16 18 19 20 21 22 23 24 25 26 27 28 29 30 31 32 33 34 35 36 37 38 39 40 41 42 43 44 45 46 47 48 49 50 51 52 53 54 55 56 57 58 59 60 61 62 63 64 65 66 67 68 69 70 71 72 73 74 75 <= 67
nested set, do not add
new capacity cutset: 1 2 3 4 5 6 8 9 10 11 12 13 14 15 16 17 18 19 20 21 22 23 24 25 27 28 29 30 31 32 33 34 35 36 37 38 39 40 41 42 43 44 45 46 47 48 49 50 51 52 53 54 55 56 57 58 59 60 61 62 63 64 65 66 67 68 69 70 71 72 73 74 75 <= 66
nested set, do not add
new capacity cutset: 1 2 3 4 5 6 7 8 9 10 11 12 13 14 15 16 17 18 19 20 21 22 23 24 25 27 28 29 30 31 32 33 34 35 36 37 38 39 40 41 42 43 44 45 46 47 48 49 50 51 52 53 54 55 56 57 58 59 60 61 62 63 64 65 66 67 68 69 70 71 72 73 74 75 <= 67
nested set, do not add
new capacity cutset: 3 9 10 11 12 17 18 24 25 26 31 32 38 39 40 44 49 50 55 58 65 66 72 <= 20
nested set, do not add
new capacity cutset: 3 9 10 11 12 14 17 18 24 25 26 31 32 38 39 40 44 49 50 55 58 59 65 66 72 <= 22
nested set, do not add
new capacity cutset: 3 9 10 11 12 14 17 18 24 25 26 31 32 38 39 40 44 49 50 53 55 58 59 65 66 72 <= 23
nested set, do not add
new capacity cutset: 1 2 3 4 5 6 7 8 9 10 11 12 13 14 15 16 17 18 19 20 21 22 23 24 25 26 27 28 29 30 31 32 33 34 35 36 37 38 39 40 41 42 43 44 45 46 47 48 49 50 51 53 54 55 56 57 58 59 60 61 62 63 64 65 66 67 68 69 70 71 72 73 74 75 <= 67
nested set, do not add
new capacity cutset: 1 2 3 4 5 6 8 9 10 11 12 13 14 15 16 17 18 19 20 21 22 23 24 25 26 27 28 29 30 31 32 33 34 36 37 38 39 40 41 42 43 44 45 46 47 48 49 50 51 52 53 54 55 56 57 58 59 60 61 62 63 64 65 66 67 68 69 70 71 72 73 74 75 <= 66
nested set, do not add
new capacity cutset: 1 2 3 4 5 6 8 9 10 11 12 13 14 15 16 17 18 19 20 21 22 23 24 25 26 27 28 29 30 31 32 33 34 35 36 37 38 39 40 41 42 43 44 45 46 47 48 49 50 51 52 53 54 55 56 57 58 59 60 61 62 63 64 65 66 67 68 69 70 71 72 73 74 75 <= 67
nested set, do not add
new capacity cutset: 1 2 3 4 5 6 7 8 9 10 11 12 13 14 15 16 17 18 19 20 21 22 23 24 25 26 27 28 29 30 31 32 33 34 35 36 37 38 39 40 41 42 43 44 45 46 47 48 49 50 51 52 53 54 55 56 57 58 59 60 61 62 63 64 65 66 67 69 70 71 72 73 74 <= 66
nested set, do not add
new capacity cutset: 1 2 3 4 5 6 7 8 9 10 11 12 13 14 15 16 17 18 19 20 21 22 23 24 25 26 27 28 29 30 31 32 33 34 35 36 37 38 39 40 41 42 43 44 45 46 47 48 49 50 51 52 53 54 55 56 57 58 59 60 61 62 63 64 65 66 67 68 69 70 71 72 73 74 <= 67
nested set, do not add
new capacity cutset: 1 2 3 4 5 6 7 8 9 10 11 12 13 14 15 16 17 18 19 20 21 22 23 24 25 26 27 28 29 30 31 32 33 34 35 36 37 38 39 40 41 42 43 44 45 46 47 48 49 50 51 52 53 54 55 56 57 58 59 60 61 62 63 64 65 66 68 69 70 71 72 73 74 75 <= 67
nested set, do not add
new capacity cutset: 1 2 3 4 5 6 9 10 11 12 14 15 16 17 18 20 21 22 23 24 25 26 28 29 30 31 32 33 36 37 38 39 40 41 42 43 44 45 47 48 49 50 51 55 56 57 58 59 60 61 62 63 64 65 66 68 69 70 71 72 73 74 75 <= 57
nested set, do not add
new capacity cutset: 1 2 3 4 5 6 9 10 11 12 14 15 16 17 18 20 21 22 23 24 25 26 28 29 30 31 32 33 36 37 38 39 40 41 42 43 44 45 47 48 49 50 51 53 55 56 57 58 59 60 61 62 63 64 65 66 68 69 70 71 72 73 74 75 <= 58
nested set, do not add
new capacity cutset: 1 2 3 4 5 6 9 10 11 12 14 15 16 17 18 20 21 22 23 24 25 26 28 29 30 31 32 33 35 36 37 38 39 40 41 42 43 44 45 47 48 49 50 51 53 55 56 57 58 59 60 61 62 63 64 65 66 68 69 70 71 72 73 74 75 <= 59
nested set, do not add
new capacity cutset: 1 2 3 4 5 6 7 9 10 11 12 14 15 16 17 18 20 21 22 23 24 25 26 28 29 30 31 32 33 35 36 37 38 39 40 41 42 43 44 45 47 48 49 50 51 53 55 56 57 58 59 60 61 62 63 64 65 66 68 69 70 71 72 73 74 75 <= 60
nested set, do not add
new capacity cutset: 1 2 3 4 5 6 8 9 10 11 13 14 15 16 17 18 19 20 21 22 23 24 25 26 27 28 29 30 31 32 33 34 36 37 38 39 40 41 42 43 44 45 46 47 48 49 50 51 52 53 54 55 56 57 58 59 60 61 62 63 64 65 66 67 68 69 70 71 72 73 74 75 <= 65
nested set, do not add
new capacity cutset: 1 2 3 4 5 6 8 9 10 11 13 14 15 16 17 18 19 20 21 22 23 24 25 26 27 28 29 30 31 32 33 34 35 36 37 38 39 40 41 42 43 44 45 46 47 48 49 50 51 52 53 54 55 56 57 58 59 60 61 62 63 64 65 66 67 68 69 70 71 72 73 74 75 <= 66
nested set, do not add
new capacity cutset: 1 2 3 4 5 6 7 8 9 10 11 13 14 15 16 17 18 19 20 21 22 23 24 25 26 27 28 29 30 31 32 33 34 35 36 37 38 39 40 41 42 43 44 45 46 47 48 49 50 51 52 53 54 55 56 57 58 59 60 61 62 63 64 65 66 67 68 69 70 71 72 73 74 75 <= 67
nested set, do not add
new capacity cutset: 1 2 3 4 5 6 8 9 10 11 12 13 14 15 16 17 18 19 20 21 22 23 24 25 27 28 29 30 31 32 33 34 36 37 38 39 40 41 42 43 44 45 46 47 48 49 50 51 52 53 54 55 56 57 58 59 60 61 62 63 64 65 66 67 68 69 70 71 72 73 74 75 <= 65
nested set, do not add
new capacity cutset: 1 2 3 4 5 6 7 8 9 10 11 12 13 14 15 16 17 18 19 20 21 22 23 24 25 27 28 29 30 31 32 33 34 36 37 38 39 40 41 42 43 44 45 46 47 48 49 50 51 52 53 54 55 56 57 58 59 60 61 62 63 64 65 66 67 68 69 70 71 72 73 74 75 <= 66
nested set, do not add
new capacity cutset: 1 2 3 4 5 6 7 8 9 10 11 12 13 14 15 16 17 18 19 20 21 22 23 24 25 26 27 28 29 30 31 32 33 34 36 37 38 39 40 41 42 43 44 45 46 47 48 49 50 51 52 53 54 55 56 57 58 59 60 61 62 63 64 65 66 67 68 69 70 71 72 73 74 75 <= 67
nested set, do not add
new capacity cutset: 3 9 10 11 12 14 18 24 25 26 31 32 38 39 40 44 49 50 55 58 59 65 66 72 <= 21
nested set, do not add
new capacity cutset: 3 9 10 11 12 14 18 24 25 26 31 32 38 39 40 44 49 50 53 55 58 59 65 66 72 <= 22
nested set, do not add
new capacity cutset: 3 9 10 11 12 14 18 24 25 26 31 32 35 38 39 40 44 49 50 53 55 58 59 65 66 72 <= 23
nested set, do not add
new capacity cutset: 3 7 9 10 11 12 14 18 24 25 26 31 32 35 38 39 40 44 49 50 53 55 58 59 65 66 72 <= 24
nested set, do not add
new capacity cutset: 1 2 3 4 5 6 7 8 9 10 11 12 13 14 15 16 17 18 19 20 21 22 23 24 25 26 28 29 30 31 32 33 34 35 36 37 38 39 40 41 42 43 44 45 46 47 48 49 50 51 53 54 55 56 57 58 59 60 61 62 63 64 65 66 67 68 69 70 71 72 73 74 75 <= 66
nested set, do not add
new capacity cutset: 1 2 3 4 5 6 7 8 9 10 11 12 13 14 15 16 18 19 20 21 22 23 24 25 26 27 28 29 30 31 32 33 34 35 36 37 38 39 40 41 42 43 44 45 46 47 48 49 50 51 52 53 54 55 56 57 58 59 60 61 62 63 64 65 66 67 68 69 70 71 72 73 74 <= 66
nested set, do not add
new capacity cutset: 1 2 3 4 5 6 9 10 11 12 14 15 16 17 18 20 21 22 23 24 25 26 28 29 30 31 32 33 36 37 38 39 40 41 42 43 44 45 47 48 49 50 51 55 56 57 58 59 60 61 62 63 64 65 66 68 69 70 71 72 73 74 <= 56
nested set, do not add
new capacity cutset: 1 2 3 4 5 6 9 10 11 12 14 15 16 17 18 20 21 22 23 24 25 26 28 29 30 31 32 33 36 37 38 39 40 41 42 43 44 45 47 48 49 50 51 53 55 56 57 58 59 60 61 62 63 64 65 66 68 69 70 71 72 73 74 <= 57
nested set, do not add
new capacity cutset: 1 2 3 4 5 6 9 10 11 12 14 15 16 17 18 20 21 22 23 24 25 26 28 29 30 31 32 33 35 36 37 38 39 40 41 42 43 44 45 47 48 49 50 51 53 55 56 57 58 59 60 61 62 63 64 65 66 68 69 70 71 72 73 74 <= 58
nested set, do not add
new capacity cutset: 1 2 3 4 5 6 7 9 10 11 12 14 15 16 17 18 20 21 22 23 24 25 26 28 29 30 31 32 33 35 36 37 38 39 40 41 42 43 44 45 47 48 49 50 51 53 55 56 57 58 59 60 61 62 63 64 65 66 68 69 70 71 72 73 74 <= 59
nested set, do not add
new capacity cutset: 1 2 3 4 5 6 7 8 9 10 11 13 14 15 16 18 19 20 21 22 23 24 25 26 27 28 29 30 31 32 33 34 35 36 37 38 39 40 41 42 43 44 45 46 47 48 49 50 51 52 53 54 55 56 57 58 59 60 61 62 63 64 65 66 67 68 69 70 71 72 73 74 75 <= 66
nested set, do not add
new capacity cutset: 1 2 4 5 7 8 11 13 14 15 19 20 21 22 23 27 28 29 30 34 35 36 37 38 41 42 43 45 46 47 48 52 53 54 56 57 59 60 61 62 64 65 66 67 68 69 70 71 73 74 75 <= 46
nested set, do not add
new capacity cutset: 1 2 4 5 6 7 8 10 11 13 14 15 18 19 20 21 22 23 25 27 28 29 30 31 33 34 35 36 37 38 41 42 43 45 46 47 48 50 52 53 54 55 56 57 58 59 60 61 62 63 64 65 66 67 68 69 70 71 73 74 75 <= 55
nested set, do not add
new capacity cutset: 1 2 4 5 6 7 8 10 11 13 14 15 18 19 20 21 22 23 24 25 27 28 29 30 31 33 34 35 36 37 38 41 42 43 45 46 47 48 49 50 52 53 54 55 56 57 58 59 60 61 62 63 64 65 66 67 68 69 70 71 73 74 75 <= 57
nested set, do not add
new capacity cutset: 1 2 4 5 6 7 8 10 11 13 14 15 16 18 19 20 21 22 23 24 25 27 28 29 30 31 33 34 35 36 37 38 41 42 43 45 46 47 48 49 50 52 53 54 55 56 57 58 59 60 61 62 63 64 65 66 67 68 69 70 71 73 74 75 <= 58
nested set, do not add
num vars: 1970884
