do not relax capacity constraint
hgs upper bound: 42420.4
compiling dd
time step mult: 10
time step: 900
cap step: 10
start compiling DD
add terminal node arcs
done compiling dd
STATS - lpIterations[1] lagIterations[0] sspIterations[0] numSeparations[0] numCuts[0] compileTime[68] sspSolveTime[0] lpSolveTime[0] lb[0] ub[42420.4] size: [70326] time: [68]
STATS - lpIterations[1] lagIterations[1] sspIterations[1] numSeparations[0] numCuts[0] compileTime[68] sspSolveTime[0] lpSolveTime[0] lb[35746.2] ub[42420.4] size: [70326] time: [69]
STATS - lpIterations[1] lagIterations[2] sspIterations[41] numSeparations[0] numCuts[0] compileTime[68] sspSolveTime[4] lpSolveTime[0] lb[37436.9] ub[42420.4] size: [70326] time: [73]
STATS - lpIterations[1] lagIterations[2] sspIterations[41] numSeparations[0] numCuts[0] compileTime[68] sspSolveTime[4] lpSolveTime[0] lb[37471.6] ub[42420.4] size: [70326] time: [79]
STATS - lpIterations[1] lagIterations[3] sspIterations[198] numSeparations[37] numCuts[0] compileTime[68] sspSolveTime[14] lpSolveTime[0] lb[37734.1] ub[42420.4] size: [70495] time: [109]
STATS - lpIterations[1] lagIterations[4] sspIterations[245] numSeparations[184] numCuts[0] compileTime[68] sspSolveTime[17] lpSolveTime[0] lb[37766.8] ub[42420.4] size: [71042] time: [123]
STATS - lpIterations[1] lagIterations[5] sspIterations[423] numSeparations[228] numCuts[0] compileTime[68] sspSolveTime[30] lpSolveTime[0] lb[38000.4] ub[42420.4] size: [71177] time: [160]
STATS - lpIterations[1] lagIterations[6] sspIterations[498] numSeparations[388] numCuts[0] compileTime[68] sspSolveTime[36] lpSolveTime[0] lb[38037.9] ub[42420.4] size: [71637] time: [183]
STATS - lpIterations[1] lagIterations[8] sspIterations[730] numSeparations[591] numCuts[0] compileTime[68] sspSolveTime[53] lpSolveTime[0] lb[38051.7] ub[42420.4] size: [72189] time: [236]
STATS - lpIterations[1] lagIterations[9] sspIterations[881] numSeparations[649] numCuts[0] compileTime[68] sspSolveTime[68] lpSolveTime[0] lb[38195.8] ub[42420.4] size: [72325] time: [271]
STATS - lpIterations[1] lagIterations[10] sspIterations[943] numSeparations[781] numCuts[0] compileTime[68] sspSolveTime[72] lpSolveTime[0] lb[38219.9] ub[42420.4] size: [72628] time: [277]
STATS - lpIterations[1] lagIterations[10] sspIterations[943] numSeparations[781] numCuts[0] compileTime[68] sspSolveTime[72] lpSolveTime[0] lb[38237.5] ub[42420.4] size: [72628] time: [291]
STATS - lpIterations[1] lagIterations[11] sspIterations[1144] numSeparations[827] numCuts[0] compileTime[68] sspSolveTime[93] lpSolveTime[0] lb[38308.2] ub[42420.4] size: [72730] time: [336]
STATS - lpIterations[1] lagIterations[12] sspIterations[1235] numSeparations[1004] numCuts[0] compileTime[68] sspSolveTime[100] lpSolveTime[0] lb[38380.9] ub[42420.4] size: [73132] time: [364]
STATS - lpIterations[1] lagIterations[15] sspIterations[1592] numSeparations[1215] numCuts[0] compileTime[68] sspSolveTime[137] lpSolveTime[0] lb[38476] ub[42420.4] size: [73579] time: [461]
STATS - lpIterations[1] lagIterations[16] sspIterations[1681] numSeparations[1369] numCuts[0] compileTime[68] sspSolveTime[145] lpSolveTime[0] lb[38527.5] ub[42420.4] size: [73886] time: [490]
STATS - lpIterations[1] lagIterations[19] sspIterations[2024] numSeparations[1599] numCuts[0] compileTime[68] sspSolveTime[176] lpSolveTime[0] lb[38572] ub[42420.4] size: [74398] time: [583]
STATS - lpIterations[1] lagIterations[21] sspIterations[2230] numSeparations[1763] numCuts[0] compileTime[68] sspSolveTime[196] lpSolveTime[0] lb[38648.4] ub[42420.4] size: [74723] time: [645]
STATS - lpIterations[1] lagIterations[23] sspIterations[2430] numSeparations[1931] numCuts[0] compileTime[68] sspSolveTime[213] lpSolveTime[0] lb[38668.9] ub[42420.4] size: [75038] time: [704]
STATS - lpIterations[1] lagIterations[25] sspIterations[2685] numSeparations[2063] numCuts[0] compileTime[68] sspSolveTime[240] lpSolveTime[0] lb[38775.1] ub[42420.4] size: [75291] time: [773]
STATS - lpIterations[1] lagIterations[26] sspIterations[2782] numSeparations[2227] numCuts[0] compileTime[68] sspSolveTime[250] lpSolveTime[0] lb[38810.7] ub[42420.4] size: [75648] time: [804]
STATS - lpIterations[1] lagIterations[29] sspIterations[3105] numSeparations[2434] numCuts[0] compileTime[68] sspSolveTime[282] lpSolveTime[0] lb[38839.7] ub[42420.4] size: [76055] time: [899]
STATS - lpIterations[1] lagIterations[31] sspIterations[3330] numSeparations[2594] numCuts[0] compileTime[68] sspSolveTime[306] lpSolveTime[0] lb[38898.1] ub[42420.4] size: [76344] time: [969]
STATS - lpIterations[1] lagIterations[35] sspIterations[3759] numSeparations[2917] numCuts[0] compileTime[68] sspSolveTime[350] lpSolveTime[0] lb[38919.3] ub[42420.4] size: [76894] time: [1093]
STATS - lpIterations[1] lagIterations[36] sspIterations[3828] numSeparations[3030] numCuts[0] compileTime[68] sspSolveTime[355] lpSolveTime[0] lb[38956.8] ub[42420.4] size: [77069] time: [1115]
STATS - lpIterations[1] lagIterations[37] sspIterations[3974] numSeparations[3069] numCuts[0] compileTime[68] sspSolveTime[372] lpSolveTime[0] lb[39002.7] ub[42420.4] size: [77140] time: [1158]
STATS - lpIterations[1] lagIterations[38] sspIterations[4051] numSeparations[3183] numCuts[0] compileTime[68] sspSolveTime[379] lpSolveTime[0] lb[39016.2] ub[42420.4] size: [77324] time: [1185]
STATS - lpIterations[1] lagIterations[39] sspIterations[4188] numSeparations[3240] numCuts[0] compileTime[68] sspSolveTime[396] lpSolveTime[0] lb[39025.4] ub[42420.4] size: [77427] time: [1225]
STATS - lpIterations[1] lagIterations[41] sspIterations[4380] numSeparations[3396] numCuts[0] compileTime[68] sspSolveTime[414] lpSolveTime[0] lb[39060.1] ub[42420.4] size: [77700] time: [1286]
STATS - lpIterations[1] lagIterations[45] sspIterations[4793] numSeparations[3664] numCuts[0] compileTime[68] sspSolveTime[460] lpSolveTime[0] lb[39149.3] ub[42420.4] size: [78151] time: [1426]
STATS - lpIterations[1] lagIterations[49] sspIterations[5257] numSeparations[3949] numCuts[0] compileTime[68] sspSolveTime[514] lpSolveTime[0] lb[39216.6] ub[42420.4] size: [78639] time: [1579]
STATS - lpIterations[1] lagIterations[50] sspIterations[5352] numSeparations[4097] numCuts[0] compileTime[68] sspSolveTime[525] lpSolveTime[0] lb[39269.7] ub[42420.4] size: [78900] time: [1616]
STATS - lpIterations[1] lagIterations[58] sspIterations[6173] numSeparations[4665] numCuts[0] compileTime[68] sspSolveTime[617] lpSolveTime[0] lb[39284.6] ub[42420.4] size: [79813] time: [1900]
STATS - lpIterations[1] lagIterations[59] sspIterations[6295] numSeparations[4713] numCuts[0] compileTime[68] sspSolveTime[629] lpSolveTime[0] lb[39324.4] ub[42420.4] size: [79897] time: [1938]
STATS - lpIterations[1] lagIterations[61] sspIterations[6505] numSeparations[4841] numCuts[0] compileTime[68] sspSolveTime[652] lpSolveTime[0] lb[39350.1] ub[42420.4] size: [80120] time: [2006]
STATS - lpIterations[1] lagIterations[63] sspIterations[6748] numSeparations[4973] numCuts[0] compileTime[68] sspSolveTime[686] lpSolveTime[0] lb[39461.1] ub[42420.4] size: [80312] time: [2094]
STATS - lpIterations[1] lagIterations[64] sspIterations[6868] numSeparations[5120] numCuts[0] compileTime[68] sspSolveTime[699] lpSolveTime[0] lb[39491.7] ub[42420.4] size: [80569] time: [2137]
STATS - lpIterations[1] lagIterations[75] sspIterations[8001] numSeparations[5888] numCuts[0] compileTime[68] sspSolveTime[824] lpSolveTime[0] lb[39499.6] ub[42420.4] size: [81761] time: [2535]
STATS - lpIterations[1] lagIterations[76] sspIterations[8134] numSeparations[5932] numCuts[0] compileTime[68] sspSolveTime[837] lpSolveTime[0] lb[39501] ub[42420.4] size: [81832] time: [2576]
STATS - lpIterations[1] lagIterations[77] sspIterations[8209] numSeparations[6020] numCuts[0] compileTime[68] sspSolveTime[845] lpSolveTime[0] lb[39501.6] ub[42420.4] size: [81962] time: [2607]
STATS - lpIterations[1] lagIterations[79] sspIterations[8412] numSeparations[6150] numCuts[0] compileTime[68] sspSolveTime[867] lpSolveTime[0] lb[39506] ub[42420.4] size: [82158] time: [2678]
STATS - lpIterations[1] lagIterations[80] sspIterations[8524] numSeparations[6191] numCuts[0] compileTime[68] sspSolveTime[880] lpSolveTime[0] lb[39568.8] ub[42420.4] size: [82223] time: [2720]
STATS - lpIterations[1] lagIterations[82] sspIterations[8726] numSeparations[6291] numCuts[0] compileTime[68] sspSolveTime[901] lpSolveTime[0] lb[39610.6] ub[42420.4] size: [82381] time: [2796]
STATS - lpIterations[1] lagIterations[87] sspIterations[9280] numSeparations[6658] numCuts[0] compileTime[68] sspSolveTime[969] lpSolveTime[0] lb[39625.9] ub[42420.4] size: [82942] time: [3004]
STATS - lpIterations[1] lagIterations[89] sspIterations[9466] numSeparations[6778] numCuts[0] compileTime[68] sspSolveTime[989] lpSolveTime[0] lb[39636.9] ub[42420.4] size: [83125] time: [3076]
STATS - lpIterations[1] lagIterations[92] sspIterations[9797] numSeparations[6919] numCuts[0] compileTime[68] sspSolveTime[1033] lpSolveTime[0] lb[39709.9] ub[42420.4] size: [83313] time: [3199]
STATS - lpIterations[1] lagIterations[96] sspIterations[10237] numSeparations[7186] numCuts[0] compileTime[68] sspSolveTime[1089] lpSolveTime[0] lb[39747.7] ub[42420.4] size: [83729] time: [3367]
STATS - lpIterations[1] lagIterations[97] sspIterations[10335] numSeparations[7306] numCuts[0] compileTime[68] sspSolveTime[1100] lpSolveTime[0] lb[39761.2] ub[42420.4] size: [83904] time: [3406]
