do not relax capacity constraint
hgs upper bound: 41337.8
compiling dd
time step mult: 10
time step: 900
cap step: 10
start compiling DD
add terminal node arcs
done compiling dd
STATS - lpIterations[1] lagIterations[0] sspIterations[0] numSeparations[0] numCuts[0] compileTime[225] sspSolveTime[0] lpSolveTime[0] lb[0] ub[41337.8] size: [113502] time: [225]
STATS - lpIterations[1] lagIterations[1] sspIterations[1] numSeparations[0] numCuts[0] compileTime[225] sspSolveTime[1] lpSolveTime[0] lb[35746.2] ub[41337.8] size: [113502] time: [227]
STATS - lpIterations[1] lagIterations[2] sspIterations[63] numSeparations[0] numCuts[0] compileTime[225] sspSolveTime[12] lpSolveTime[0] lb[37380.4] ub[41337.8] size: [113502] time: [240]
STATS - lpIterations[1] lagIterations[2] sspIterations[63] numSeparations[0] numCuts[0] compileTime[225] sspSolveTime[12] lpSolveTime[0] lb[37466.3] ub[41337.8] size: [113502] time: [252]
STATS - lpIterations[1] lagIterations[3] sspIterations[91] numSeparations[59] numCuts[0] compileTime[225] sspSolveTime[17] lpSolveTime[0] lb[37566.3] ub[41337.8] size: [113789] time: [258]
STATS - lpIterations[1] lagIterations[3] sspIterations[91] numSeparations[59] numCuts[0] compileTime[225] sspSolveTime[17] lpSolveTime[0] lb[37575.3] ub[41337.8] size: [113789] time: [270]
STATS - lpIterations[1] lagIterations[4] sspIterations[412] numSeparations[84] numCuts[0] compileTime[225] sspSolveTime[67] lpSolveTime[0] lb[38008.8] ub[41337.8] size: [113920] time: [367]
STATS - lpIterations[1] lagIterations[5] sspIterations[559] numSeparations[376] numCuts[0] compileTime[225] sspSolveTime[87] lpSolveTime[0] lb[38070.8] ub[41337.8] size: [115188] time: [425]
STATS - lpIterations[1] lagIterations[7] sspIterations[839] numSeparations[521] numCuts[0] compileTime[225] sspSolveTime[128] lpSolveTime[0] lb[38186.1] ub[41337.8] size: [115732] time: [537]
STATS - lpIterations[1] lagIterations[8] sspIterations[897] numSeparations[703] numCuts[0] compileTime[225] sspSolveTime[137] lpSolveTime[0] lb[38217.8] ub[41337.8] size: [116401] time: [548]
STATS - lpIterations[1] lagIterations[8] sspIterations[897] numSeparations[703] numCuts[0] compileTime[225] sspSolveTime[137] lpSolveTime[0] lb[38227.1] ub[41337.8] size: [116401] time: [578]
STATS - lpIterations[1] lagIterations[9] sspIterations[1288] numSeparations[726] numCuts[0] compileTime[225] sspSolveTime[209] lpSolveTime[0] lb[38319.1] ub[41337.8] size: [116472] time: [704]
STATS - lpIterations[1] lagIterations[10] sspIterations[1493] numSeparations[1071] numCuts[0] compileTime[225] sspSolveTime[245] lpSolveTime[0] lb[38390.8] ub[41337.8] size: [117653] time: [791]
STATS - lpIterations[1] lagIterations[11] sspIterations[1557] numSeparations[1216] numCuts[0] compileTime[225] sspSolveTime[255] lpSolveTime[0] lb[38443.7] ub[41337.8] size: [118113] time: [804]
STATS - lpIterations[1] lagIterations[11] sspIterations[1557] numSeparations[1216] numCuts[0] compileTime[225] sspSolveTime[255] lpSolveTime[0] lb[38444.6] ub[41337.8] size: [118113] time: [837]
STATS - lpIterations[1] lagIterations[12] sspIterations[1893] numSeparations[1247] numCuts[0] compileTime[225] sspSolveTime[318] lpSolveTime[0] lb[38586.3] ub[41337.8] size: [118204] time: [958]
STATS - lpIterations[1] lagIterations[13] sspIterations[2028] numSeparations[1506] numCuts[0] compileTime[225] sspSolveTime[341] lpSolveTime[0] lb[38634.6] ub[41337.8] size: [118988] time: [1032]
STATS - lpIterations[1] lagIterations[17] sspIterations[2663] numSeparations[1725] numCuts[0] compileTime[225] sspSolveTime[481] lpSolveTime[0] lb[38709.6] ub[41337.8] size: [119614] time: [1369]
STATS - lpIterations[1] lagIterations[18] sspIterations[2873] numSeparations[2004] numCuts[0] compileTime[225] sspSolveTime[526] lpSolveTime[0] lb[38747.6] ub[41337.8] size: [120365] time: [1473]
STATS - lpIterations[1] lagIterations[19] sspIterations[2965] numSeparations[2142] numCuts[0] compileTime[225] sspSolveTime[547] lpSolveTime[0] lb[38791.5] ub[41337.8] size: [120712] time: [1546]
STATS - lpIterations[1] lagIterations[22] sspIterations[3463] numSeparations[2266] numCuts[0] compileTime[225] sspSolveTime[651] lpSolveTime[0] lb[38856.8] ub[41337.8] size: [121037] time: [1805]
STATS - lpIterations[1] lagIterations[23] sspIterations[3616] numSeparations[2493] numCuts[0] compileTime[225] sspSolveTime[683] lpSolveTime[0] lb[38912.4] ub[41337.8] size: [121656] time: [1899]
STATS - lpIterations[1] lagIterations[29] sspIterations[4437] numSeparations[2891] numCuts[0] compileTime[225] sspSolveTime[869] lpSolveTime[0] lb[38927.8] ub[41337.8] size: [122600] time: [2409]
STATS - lpIterations[1] lagIterations[30] sspIterations[4568] numSeparations[3034] numCuts[0] compileTime[225] sspSolveTime[897] lpSolveTime[0] lb[38967.3] ub[41337.8] size: [122958] time: [2487]
STATS - lpIterations[1] lagIterations[31] sspIterations[4633] numSeparations[3100] numCuts[0] compileTime[225] sspSolveTime[913] lpSolveTime[0] lb[38984.5] ub[41337.8] size: [123118] time: [2506]
STATS - lpIterations[1] lagIterations[32] sspIterations[4883] numSeparations[3118] numCuts[0] compileTime[225] sspSolveTime[974] lpSolveTime[0] lb[39106.7] ub[41337.8] size: [123156] time: [2681]
STATS - lpIterations[1] lagIterations[33] sspIterations[5023] numSeparations[3311] numCuts[0] compileTime[225] sspSolveTime[1006] lpSolveTime[0] lb[39140.9] ub[41337.8] size: [123607] time: [2778]
STATS - lpIterations[1] lagIterations[36] sspIterations[5465] numSeparations[3567] numCuts[0] compileTime[225] sspSolveTime[1120] lpSolveTime[0] lb[39150.2] ub[41337.8] size: [124242] time: [3073]
STATS - lpIterations[1] lagIterations[41] sspIterations[6197] numSeparations[3973] numCuts[0] compileTime[225] sspSolveTime[1323] lpSolveTime[0] lb[39197.1] ub[41337.8] size: [125245] time: [3569]
