do not relax capacity constraint
hgs upper bound: 7138.8
compiling dd
time step mult: 10
time step: 900
cap step: 10
start compiling DD
add terminal node arcs
done compiling dd
STATS - lpIterations[1] lagIterations[0] sspIterations[0] numSeparations[0] numCuts[0] compileTime[1] sspSolveTime[0] lpSolveTime[0] lb[0] ub[7138.8] size: [12706] time: [1]
STATS - lpIterations[1] lagIterations[1] sspIterations[1] numSeparations[0] numCuts[0] compileTime[1] sspSolveTime[0] lpSolveTime[0] lb[5661.7] ub[7138.8] size: [12706] time: [1]
STATS - lpIterations[1] lagIterations[2] sspIterations[2] numSeparations[0] numCuts[0] compileTime[1] sspSolveTime[0] lpSolveTime[0] lb[5940.43] ub[7138.8] size: [12706] time: [1]
STATS - lpIterations[1] lagIterations[3] sspIterations[3] numSeparations[0] numCuts[0] compileTime[1] sspSolveTime[0] lpSolveTime[0] lb[6224.91] ub[7138.8] size: [12706] time: [1]
STATS - lpIterations[1] lagIterations[4] sspIterations[19] numSeparations[0] numCuts[0] compileTime[1] sspSolveTime[0] lpSolveTime[0] lb[6487.88] ub[7138.8] size: [12706] time: [1]
STATS - lpIterations[1] lagIterations[5] sspIterations[48] numSeparations[7] numCuts[0] compileTime[1] sspSolveTime[0] lpSolveTime[0] lb[6618.41] ub[7138.8] size: [12725] time: [2]
STATS - lpIterations[1] lagIterations[5] sspIterations[48] numSeparations[7] numCuts[0] compileTime[1] sspSolveTime[0] lpSolveTime[0] lb[6638.64] ub[7138.8] size: [12725] time: [3]
STATS - lpIterations[1] lagIterations[6] sspIterations[77] numSeparations[15] numCuts[0] compileTime[1] sspSolveTime[0] lpSolveTime[0] lb[6703.58] ub[7138.8] size: [12745] time: [3]
STATS - lpIterations[1] lagIterations[6] sspIterations[77] numSeparations[15] numCuts[0] compileTime[1] sspSolveTime[0] lpSolveTime[0] lb[6711.89] ub[7138.8] size: [12745] time: [4]
STATS - lpIterations[1] lagIterations[7] sspIterations[116] numSeparations[26] numCuts[0] compileTime[1] sspSolveTime[1] lpSolveTime[0] lb[6728.56] ub[7138.8] size: [12773] time: [4]
STATS - lpIterations[1] lagIterations[7] sspIterations[116] numSeparations[26] numCuts[0] compileTime[1] sspSolveTime[1] lpSolveTime[0] lb[6755.54] ub[7138.8] size: [12773] time: [5]
STATS - lpIterations[1] lagIterations[8] sspIterations[144] numSeparations[43] numCuts[0] compileTime[1] sspSolveTime[1] lpSolveTime[0] lb[6785.39] ub[7138.8] size: [12833] time: [5]
STATS - lpIterations[1] lagIterations[9] sspIterations[193] numSeparations[49] numCuts[0] compileTime[1] sspSolveTime[2] lpSolveTime[0] lb[6855.46] ub[7138.8] size: [12864] time: [8]
STATS - lpIterations[1] lagIterations[10] sspIterations[226] numSeparations[72] numCuts[0] compileTime[1] sspSolveTime[2] lpSolveTime[0] lb[6882.44] ub[7138.8] size: [12946] time: [8]
STATS - lpIterations[1] lagIterations[12] sspIterations[310] numSeparations[104] numCuts[0] compileTime[1] sspSolveTime[3] lpSolveTime[0] lb[6899.86] ub[7138.8] size: [13060] time: [11]
STATS - lpIterations[1] lagIterations[12] sspIterations[310] numSeparations[104] numCuts[0] compileTime[1] sspSolveTime[3] lpSolveTime[0] lb[6907.77] ub[7138.8] size: [13060] time: [12]
STATS - lpIterations[1] lagIterations[13] sspIterations[352] numSeparations[113] numCuts[0] compileTime[1] sspSolveTime[4] lpSolveTime[0] lb[6933.83] ub[7138.8] size: [13087] time: [14]
STATS - lpIterations[1] lagIterations[14] sspIterations[387] numSeparations[129] numCuts[0] compileTime[1] sspSolveTime[4] lpSolveTime[0] lb[6959.24] ub[7138.8] size: [13130] time: [14]
STATS - lpIterations[1] lagIterations[18] sspIterations[551] numSeparations[174] numCuts[0] compileTime[1] sspSolveTime[7] lpSolveTime[0] lb[6965.5] ub[7138.8] size: [13235] time: [22]
STATS - lpIterations[1] lagIterations[18] sspIterations[551] numSeparations[174] numCuts[0] compileTime[1] sspSolveTime[7] lpSolveTime[0] lb[6970.35] ub[7138.8] size: [13235] time: [23]
STATS - lpIterations[1] lagIterations[19] sspIterations[591] numSeparations[180] numCuts[0] compileTime[1] sspSolveTime[8] lpSolveTime[0] lb[6999.97] ub[7138.8] size: [13243] time: [25]
STATS - lpIterations[1] lagIterations[20] sspIterations[626] numSeparations[189] numCuts[0] compileTime[1] sspSolveTime[8] lpSolveTime[0] lb[7012.95] ub[7138.8] size: [13262] time: [26]
STATS - lpIterations[1] lagIterations[20] sspIterations[626] numSeparations[189] numCuts[0] compileTime[1] sspSolveTime[8] lpSolveTime[0] lb[7018.93] ub[7138.8] size: [13262] time: [27]
STATS - lpIterations[1] lagIterations[23] sspIterations[741] numSeparations[209] numCuts[0] compileTime[1] sspSolveTime[10] lpSolveTime[0] lb[7033.47] ub[7138.8] size: [13319] time: [33]
STATS - lpIterations[1] lagIterations[23] sspIterations[741] numSeparations[209] numCuts[0] compileTime[1] sspSolveTime[10] lpSolveTime[0] lb[7044.22] ub[7138.8] size: [13319] time: [34]
STATS - lpIterations[1] lagIterations[28] sspIterations[941] numSeparations[239] numCuts[0] compileTime[1] sspSolveTime[14] lpSolveTime[0] lb[7045.51] ub[7138.8] size: [13396] time: [46]
STATS - lpIterations[1] lagIterations[31] sspIterations[1060] numSeparations[247] numCuts[0] compileTime[1] sspSolveTime[16] lpSolveTime[0] lb[7046.44] ub[7138.8] size: [13410] time: [52]
STATS - lpIterations[1] lagIterations[32] sspIterations[1098] numSeparations[254] numCuts[0] compileTime[1] sspSolveTime[17] lpSolveTime[0] lb[7051.69] ub[7138.8] size: [13429] time: [54]
STATS - lpIterations[1] lagIterations[32] sspIterations[1098] numSeparations[254] numCuts[0] compileTime[1] sspSolveTime[17] lpSolveTime[0] lb[7058.39] ub[7138.8] size: [13429] time: [55]
STATS - lpIterations[1] lagIterations[34] sspIterations[1172] numSeparations[260] numCuts[0] compileTime[1] sspSolveTime[18] lpSolveTime[0] lb[7067.41] ub[7138.8] size: [13442] time: [58]
STATS - lpIterations[1] lagIterations[34] sspIterations[1172] numSeparations[260] numCuts[0] compileTime[1] sspSolveTime[18] lpSolveTime[0] lb[7071.14] ub[7138.8] size: [13442] time: [59]
STATS - lpIterations[1] lagIterations[39] sspIterations[1371] numSeparations[284] numCuts[0] compileTime[1] sspSolveTime[22] lpSolveTime[0] lb[7081.77] ub[7138.8] size: [13497] time: [70]
STATS - lpIterations[1] lagIterations[46] sspIterations[1654] numSeparations[316] numCuts[0] compileTime[1] sspSolveTime[27] lpSolveTime[0] lb[7084.33] ub[7138.8] size: [13577] time: [87]
STATS - lpIterations[1] lagIterations[48] sspIterations[1729] numSeparations[323] numCuts[0] compileTime[1] sspSolveTime[28] lpSolveTime[0] lb[7085.04] ub[7138.8] size: [13588] time: [92]
switching from LAG to LP solver
num vars: 91534
STATS - lpIterations[2] lagIterations[50] sspIterations[1812] numSeparations[332] numCuts[0] compileTime[1] sspSolveTime[30] lpSolveTime[21] lb[7138.77] ub[7138.8] size: [13605] time: [120]
max violation: 0.333333
new capacity cutset: 34 41 78 125 188 224 225 231 278 323 387 <= 9
new capacity cutset: 34 41 78 125 188 224 225 230 231 278 323 387 <= 10
routes: 
flow {1}: 0 324 156 133 210 382 338 256 205 
flow {1}: 0 5 160 337 330 143 215 46 147 153 89 166 258 
flow {1}: 0 17 326 214 355 117 247 162 320 168 283 289 158 104 227 
flow {1}: 0 23 371 38 333 111 194 363 251 316 276 142 
flow {1}: 0 33 255 29 157 212 169 237 28 
flow {1}: 0 49 298 87 70 302 201 25 96 353 
flow {1}: 0 51 181 389 1 116 127 245 242 259 
flow {1}: 0 56 141 252 370 274 138 170 4 190 275 
flow {1}: 0 63 213 121 233 173 161 50 383 261 131 
flow {1}: 0 73 265 380 85 328 177 95 30 
flow {1}: 0 80 315 221 284 351 58 356 134 107 
flow {1}: 0 92 266 165 308 146 268 79 
flow {1}: 0 94 54 180 179 386 379 312 246 81 197 84 
flow {1}: 0 97 375 149 101 7 257 300 13 15 
flow {1}: 0 102 69 222 159 304 71 113 211 59 253 
flow {1}: 0 105 155 395 361 272 306 377 124 2 347 376 
flow {1}: 0 114 44 348 235 388 281 129 263 176 137 384 
flow {1}: 0 126 115 331 398 66 277 325 368 37 20 
flow {1}: 0 186 154 381 202 342 309 118 21 346 45 
flow {1}: 0 189 174 390 271 244 57 48 345 98 250 234 
flow {1}: 0 267 364 340 373 167 148 378 164 367 391 
flow {1}: 0 286 88 217 209 185 10 152 336 
flow {1}: 0 287 31 362 108 248 171 243 239 192 128 27 
flow {1}: 0 290 182 236 61 218 11 369 110 35 223 240 
flow {1}: 0 291 52 16 314 136 317 22 399 132 
flow {1}: 0 292 226 109 172 26 350 282 352 40 183 123 75 228 
flow {1}: 0 301 139 280 392 36 191 349 344 91 130 372 
flow {1}: 0 303 144 24 93 229 204 295 103 220 122 
flow {1}: 0 322 151 270 193 19 55 120 294 
flow {0.333333}: 0 332 310 339 262 400 8 319 260 43 
flow {0.333333}: 0 332 310 339 262 400 8 319 260 43 34 224 41 
flow {0.333333}: 0 332 310 339 262 400 8 319 260 43 230 224 41 
flow {1}: 0 334 216 358 195 285 18 238 297 329 
flow {1}: 0 335 385 199 82 296 359 254 293 60 53 313 86 
flow {1}: 0 343 269 64 208 100 145 318 106 163 
flow {1}: 0 357 77 74 394 68 14 288 6 178 327 
flow {1}: 0 360 198 12 9 47 299 305 219 249 
flow {1}: 0 366 150 83 354 206 99 184 175 3 
flow {1}: 0 374 32 62 39 67 65 396 307 264 
flow {0.333333}: 0 387 278 78 231 188 125 225 323 224 41 
flow {0.666667}: 0 387 278 78 231 188 125 225 323 34 230 
flow {1}: 0 393 112 135 140 279 90 196 321 76 311 241 
flow {1}: 0 397 72 203 365 273 341 207 187 200 119 232 42 
no more separations possible
num vars: 91534
STATS - lpIterations[3] lagIterations[50] sspIterations[1812] numSeparations[332] numCuts[2] compileTime[1] sspSolveTime[30] lpSolveTime[43] lb[7138.8] ub[7138.8] size: [13605] time: [143]
integral solution
routes: 
flow {1}: 0 324 156 133 210 382 338 256 205 
flow {1}: 0 5 160 337 330 143 215 46 147 153 89 166 258 
flow {1}: 0 17 326 214 355 117 247 162 320 168 283 289 158 104 227 
flow {1}: 0 23 371 38 333 111 194 363 251 316 276 142 
flow {1}: 0 33 255 29 157 212 169 237 28 
flow {1}: 0 49 298 87 70 302 201 25 96 353 
flow {1}: 0 51 181 389 1 116 127 245 242 259 
flow {1}: 0 56 141 252 370 274 138 170 4 190 275 
flow {1}: 0 63 213 121 233 173 161 50 383 261 131 
flow {1}: 0 73 265 380 85 328 177 95 30 
flow {1}: 0 80 315 221 284 351 58 356 134 107 
flow {1}: 0 92 266 165 308 146 268 79 
flow {1}: 0 94 54 180 179 386 379 312 246 81 197 84 
flow {1}: 0 97 375 149 101 7 257 300 13 15 
flow {1}: 0 102 69 222 159 304 71 113 211 59 253 
flow {1}: 0 105 155 395 361 272 306 377 124 2 347 376 
flow {1}: 0 114 44 348 235 388 281 129 263 176 137 384 
flow {1}: 0 126 115 331 398 66 277 325 368 37 20 
flow {1}: 0 186 154 381 202 342 309 118 21 346 45 
flow {1}: 0 189 174 390 271 244 57 48 345 98 250 234 
flow {1}: 0 267 364 340 373 167 148 378 164 367 391 
flow {1}: 0 286 88 217 209 185 10 152 336 
flow {1}: 0 287 31 362 108 248 171 243 239 192 128 27 
flow {1}: 0 290 182 236 61 218 11 369 110 35 223 240 
flow {1}: 0 291 52 16 314 136 317 22 399 132 
flow {1}: 0 292 226 109 172 26 350 282 352 40 183 123 75 228 
flow {1}: 0 301 139 280 392 36 191 349 344 91 130 372 
flow {1}: 0 303 144 24 93 229 204 295 103 220 122 
flow {1}: 0 322 151 270 193 19 55 120 294 
flow {1}: 0 332 310 339 262 400 8 319 260 43 230 41 
flow {1}: 0 334 216 358 195 285 18 238 297 329 
flow {1}: 0 335 385 199 82 296 359 254 293 60 53 313 86 
flow {1}: 0 343 269 64 208 100 145 318 106 163 
flow {1}: 0 357 77 74 394 68 14 288 6 178 327 
flow {1}: 0 360 198 12 9 47 299 305 219 249 
flow {1}: 0 366 150 83 354 206 99 184 175 3 
flow {1}: 0 374 32 62 39 67 65 396 307 264 
flow {1}: 0 387 278 78 231 188 125 225 323 34 224 
flow {1}: 0 393 112 135 140 279 90 196 321 76 311 241 
flow {1}: 0 397 72 203 365 273 341 207 187 200 119 232 42 
no more separations possible
no more separations or cuts possible
LP solved - switching to IP
solving IP
num vars: 996
STATS - lpIterations[4] lagIterations[50] sspIterations[1812] numSeparations[332] numCuts[2] compileTime[1] sspSolveTime[30] lpSolveTime[46] lb[7138.8] ub[7138.8] size: [13605] time: [146]
routes: 
flow {1}: 0 324 156 133 210 382 338 256 205 
flow {1}: 0 5 160 337 330 143 215 46 147 153 89 166 258 
flow {1}: 0 17 326 214 355 117 247 162 320 168 283 289 158 104 227 
flow {1}: 0 23 371 38 333 111 194 363 251 316 276 142 
flow {1}: 0 33 255 29 157 212 169 237 28 
flow {1}: 0 49 298 87 70 302 201 25 96 353 
flow {1}: 0 51 181 389 1 116 127 245 242 259 
flow {1}: 0 56 141 252 370 274 138 170 4 190 275 
flow {1}: 0 63 213 121 233 173 161 50 383 261 131 
flow {1}: 0 73 265 380 85 328 177 95 30 
flow {1}: 0 80 315 221 284 351 58 356 134 107 
flow {1}: 0 92 266 165 308 146 268 79 
flow {1}: 0 94 54 180 179 386 379 312 246 81 197 84 
flow {1}: 0 97 375 149 101 7 257 300 13 15 
flow {1}: 0 102 69 222 159 304 71 113 211 59 253 
flow {1}: 0 105 155 395 361 272 306 377 124 2 347 376 
flow {1}: 0 114 44 348 235 388 281 129 263 176 137 384 
flow {1}: 0 126 115 331 398 66 277 325 368 37 20 
flow {1}: 0 186 154 381 202 342 309 118 21 346 45 
flow {1}: 0 189 174 390 271 244 57 48 345 98 250 234 
flow {1}: 0 267 364 340 373 167 148 378 164 367 391 
flow {1}: 0 286 88 217 209 185 10 152 336 
flow {1}: 0 287 31 362 108 248 171 243 239 192 128 27 
flow {1}: 0 290 182 236 61 218 11 369 110 35 223 240 
flow {1}: 0 291 52 16 314 136 317 22 399 132 
flow {1}: 0 292 226 109 172 26 350 282 352 40 183 123 75 228 
flow {1}: 0 301 139 280 392 36 191 349 344 91 130 372 
flow {1}: 0 303 144 24 93 229 204 295 103 220 122 
flow {1}: 0 322 151 270 193 19 55 120 294 
flow {1}: 0 332 310 339 262 400 8 319 260 43 230 41 
flow {1}: 0 334 216 358 195 285 18 238 297 329 
flow {1}: 0 335 385 199 82 296 359 254 293 60 53 313 86 
flow {1}: 0 343 269 64 208 100 145 318 106 163 
flow {1}: 0 357 77 74 394 68 14 288 6 178 327 
flow {1}: 0 360 198 12 9 47 299 305 219 249 
flow {1}: 0 366 150 83 354 206 99 184 175 3 
flow {1}: 0 374 32 62 39 67 65 396 307 264 
flow {1}: 0 387 278 78 231 188 125 225 323 34 224 
flow {1}: 0 393 112 135 140 279 90 196 321 76 311 241 
flow {1}: 0 397 72 203 365 273 341 207 187 200 119 232 42 
no more separations possible
no more separations or cuts possible
STATS - lpIterations[4] lagIterations[50] sspIterations[1812] numSeparations[332] numCuts[2] compileTime[1] sspSolveTime[30] lpSolveTime[46] lb[7138.8] ub[7138.8] size: [13605] time: [146]
finished solving - complete
time elapsed: 146
