relax capacity constraint
hgs upper bound: 1813.7
compiling dd
time step mult: 10
time step: 900
cap step: 10
start compiling DD
add terminal node arcs
done compiling dd
STATS - lpIterations[1] lagIterations[0] sspIterations[0] numSeparations[0] numCuts[0] compileTime[3] sspSolveTime[0] lpSolveTime[0] lb[0] ub[1813.7] size: [47168] time: [3]
STATS - lpIterations[1] lagIterations[1] sspIterations[1] numSeparations[0] numCuts[0] compileTime[3] sspSolveTime[0] lpSolveTime[0] lb[538.443] ub[1813.7] size: [47168] time: [4]
STATS - lpIterations[1] lagIterations[2] sspIterations[2] numSeparations[0] numCuts[0] compileTime[3] sspSolveTime[0] lpSolveTime[0] lb[565.098] ub[1813.7] size: [47168] time: [4]
STATS - lpIterations[1] lagIterations[3] sspIterations[3] numSeparations[0] numCuts[0] compileTime[3] sspSolveTime[0] lpSolveTime[0] lb[592.799] ub[1813.7] size: [47168] time: [4]
STATS - lpIterations[1] lagIterations[4] sspIterations[4] numSeparations[0] numCuts[0] compileTime[3] sspSolveTime[0] lpSolveTime[0] lb[621.576] ub[1813.7] size: [47168] time: [5]
STATS - lpIterations[1] lagIterations[5] sspIterations[5] numSeparations[0] numCuts[0] compileTime[3] sspSolveTime[0] lpSolveTime[0] lb[651.459] ub[1813.7] size: [47168] time: [5]
STATS - lpIterations[1] lagIterations[6] sspIterations[6] numSeparations[0] numCuts[0] compileTime[3] sspSolveTime[0] lpSolveTime[0] lb[682.481] ub[1813.7] size: [47168] time: [5]
STATS - lpIterations[1] lagIterations[7] sspIterations[7] numSeparations[0] numCuts[0] compileTime[3] sspSolveTime[1] lpSolveTime[0] lb[714.674] ub[1813.7] size: [47168] time: [6]
STATS - lpIterations[1] lagIterations[8] sspIterations[8] numSeparations[0] numCuts[0] compileTime[3] sspSolveTime[1] lpSolveTime[0] lb[748.07] ub[1813.7] size: [47168] time: [6]
STATS - lpIterations[1] lagIterations[9] sspIterations[9] numSeparations[0] numCuts[0] compileTime[3] sspSolveTime[1] lpSolveTime[0] lb[782.703] ub[1813.7] size: [47168] time: [7]
STATS - lpIterations[1] lagIterations[10] sspIterations[10] numSeparations[0] numCuts[0] compileTime[3] sspSolveTime[1] lpSolveTime[0] lb[818.607] ub[1813.7] size: [47168] time: [7]
STATS - lpIterations[1] lagIterations[11] sspIterations[11] numSeparations[0] numCuts[0] compileTime[3] sspSolveTime[1] lpSolveTime[0] lb[855.816] ub[1813.7] size: [47168] time: [7]
STATS - lpIterations[1] lagIterations[12] sspIterations[12] numSeparations[0] numCuts[0] compileTime[3] sspSolveTime[1] lpSolveTime[0] lb[894.366] ub[1813.7] size: [47168] time: [8]
STATS - lpIterations[1] lagIterations[13] sspIterations[13] numSeparations[0] numCuts[0] compileTime[3] sspSolveTime[2] lpSolveTime[0] lb[934.293] ub[1813.7] size: [47168] time: [8]
STATS - lpIterations[1] lagIterations[14] sspIterations[14] numSeparations[0] numCuts[0] compileTime[3] sspSolveTime[2] lpSolveTime[0] lb[975.468] ub[1813.7] size: [47168] time: [9]
STATS - lpIterations[1] lagIterations[15] sspIterations[15] numSeparations[0] numCuts[0] compileTime[3] sspSolveTime[2] lpSolveTime[0] lb[1011.7] ub[1813.7] size: [47168] time: [9]
STATS - lpIterations[1] lagIterations[16] sspIterations[16] numSeparations[1] numCuts[0] compileTime[3] sspSolveTime[2] lpSolveTime[0] lb[1054.78] ub[1813.7] size: [47179] time: [10]
STATS - lpIterations[1] lagIterations[17] sspIterations[17] numSeparations[1] numCuts[0] compileTime[3] sspSolveTime[3] lpSolveTime[0] lb[1092.8] ub[1813.7] size: [47179] time: [10]
STATS - lpIterations[1] lagIterations[18] sspIterations[18] numSeparations[2] numCuts[0] compileTime[3] sspSolveTime[3] lpSolveTime[0] lb[1137.08] ub[1813.7] size: [47188] time: [11]
STATS - lpIterations[1] lagIterations[19] sspIterations[19] numSeparations[3] numCuts[0] compileTime[3] sspSolveTime[3] lpSolveTime[0] lb[1176.87] ub[1813.7] size: [47192] time: [11]
STATS - lpIterations[1] lagIterations[20] sspIterations[20] numSeparations[4] numCuts[0] compileTime[3] sspSolveTime[3] lpSolveTime[0] lb[1215.58] ub[1813.7] size: [47200] time: [12]
STATS - lpIterations[1] lagIterations[20] sspIterations[20] numSeparations[4] numCuts[0] compileTime[3] sspSolveTime[3] lpSolveTime[0] lb[1216.4] ub[1813.7] size: [47200] time: [12]
STATS - lpIterations[1] lagIterations[21] sspIterations[22] numSeparations[5] numCuts[0] compileTime[3] sspSolveTime[4] lpSolveTime[0] lb[1259.78] ub[1813.7] size: [47206] time: [13]
STATS - lpIterations[1] lagIterations[21] sspIterations[22] numSeparations[5] numCuts[0] compileTime[3] sspSolveTime[4] lpSolveTime[0] lb[1259.95] ub[1813.7] size: [47206] time: [13]
STATS - lpIterations[1] lagIterations[22] sspIterations[23] numSeparations[7] numCuts[0] compileTime[3] sspSolveTime[4] lpSolveTime[0] lb[1283.24] ub[1813.7] size: [47213] time: [13]
STATS - lpIterations[1] lagIterations[23] sspIterations[26] numSeparations[8] numCuts[0] compileTime[3] sspSolveTime[5] lpSolveTime[0] lb[1317.23] ub[1813.7] size: [47228] time: [14]
STATS - lpIterations[1] lagIterations[23] sspIterations[26] numSeparations[8] numCuts[0] compileTime[3] sspSolveTime[5] lpSolveTime[0] lb[1321.77] ub[1813.7] size: [47228] time: [14]
STATS - lpIterations[1] lagIterations[24] sspIterations[30] numSeparations[11] numCuts[0] compileTime[3] sspSolveTime[6] lpSolveTime[0] lb[1334.94] ub[1813.7] size: [47241] time: [15]
STATS - lpIterations[1] lagIterations[24] sspIterations[30] numSeparations[11] numCuts[0] compileTime[3] sspSolveTime[6] lpSolveTime[0] lb[1338.53] ub[1813.7] size: [47241] time: [16]
STATS - lpIterations[1] lagIterations[25] sspIterations[34] numSeparations[15] numCuts[0] compileTime[3] sspSolveTime[6] lpSolveTime[0] lb[1343.63] ub[1813.7] size: [47260] time: [16]
STATS - lpIterations[1] lagIterations[25] sspIterations[34] numSeparations[15] numCuts[0] compileTime[3] sspSolveTime[6] lpSolveTime[0] lb[1346.82] ub[1813.7] size: [47260] time: [17]
STATS - lpIterations[1] lagIterations[26] sspIterations[35] numSeparations[19] numCuts[0] compileTime[3] sspSolveTime[6] lpSolveTime[0] lb[1352.78] ub[1813.7] size: [47281] time: [17]
STATS - lpIterations[1] lagIterations[26] sspIterations[35] numSeparations[19] numCuts[0] compileTime[3] sspSolveTime[6] lpSolveTime[0] lb[1354.01] ub[1813.7] size: [47281] time: [17]
STATS - lpIterations[1] lagIterations[27] sspIterations[45] numSeparations[20] numCuts[0] compileTime[3] sspSolveTime[9] lpSolveTime[0] lb[1373.27] ub[1813.7] size: [47286] time: [19]
STATS - lpIterations[1] lagIterations[27] sspIterations[45] numSeparations[20] numCuts[0] compileTime[3] sspSolveTime[9] lpSolveTime[0] lb[1389.83] ub[1813.7] size: [47286] time: [20]
STATS - lpIterations[1] lagIterations[28] sspIterations[48] numSeparations[30] numCuts[0] compileTime[3] sspSolveTime[9] lpSolveTime[0] lb[1391.63] ub[1813.7] size: [47349] time: [21]
STATS - lpIterations[1] lagIterations[28] sspIterations[48] numSeparations[30] numCuts[0] compileTime[3] sspSolveTime[9] lpSolveTime[0] lb[1392.94] ub[1813.7] size: [47349] time: [21]
STATS - lpIterations[1] lagIterations[29] sspIterations[58] numSeparations[33] numCuts[0] compileTime[3] sspSolveTime[12] lpSolveTime[0] lb[1405.26] ub[1813.7] size: [47354] time: [24]
STATS - lpIterations[1] lagIterations[30] sspIterations[60] numSeparations[43] numCuts[0] compileTime[3] sspSolveTime[12] lpSolveTime[0] lb[1405.38] ub[1813.7] size: [47403] time: [25]
STATS - lpIterations[1] lagIterations[30] sspIterations[60] numSeparations[43] numCuts[0] compileTime[3] sspSolveTime[12] lpSolveTime[0] lb[1406.94] ub[1813.7] size: [47403] time: [25]
STATS - lpIterations[1] lagIterations[31] sspIterations[75] numSeparations[45] numCuts[0] compileTime[3] sspSolveTime[17] lpSolveTime[0] lb[1422.08] ub[1813.7] size: [47410] time: [30]
STATS - lpIterations[1] lagIterations[32] sspIterations[81] numSeparations[60] numCuts[0] compileTime[3] sspSolveTime[18] lpSolveTime[0] lb[1427.18] ub[1813.7] size: [47473] time: [32]
STATS - lpIterations[1] lagIterations[33] sspIterations[86] numSeparations[66] numCuts[0] compileTime[3] sspSolveTime[19] lpSolveTime[0] lb[1430.27] ub[1813.7] size: [47488] time: [34]
STATS - lpIterations[1] lagIterations[34] sspIterations[87] numSeparations[71] numCuts[0] compileTime[3] sspSolveTime[20] lpSolveTime[0] lb[1435.48] ub[1813.7] size: [47507] time: [34]
STATS - lpIterations[1] lagIterations[34] sspIterations[87] numSeparations[71] numCuts[0] compileTime[3] sspSolveTime[20] lpSolveTime[0] lb[1435.5] ub[1813.7] size: [47507] time: [35]
STATS - lpIterations[1] lagIterations[35] sspIterations[100] numSeparations[72] numCuts[0] compileTime[3] sspSolveTime[22] lpSolveTime[0] lb[1455.88] ub[1813.7] size: [47508] time: [38]
STATS - lpIterations[1] lagIterations[36] sspIterations[107] numSeparations[85] numCuts[0] compileTime[3] sspSolveTime[23] lpSolveTime[0] lb[1458.91] ub[1813.7] size: [47546] time: [39]
STATS - lpIterations[1] lagIterations[36] sspIterations[107] numSeparations[85] numCuts[0] compileTime[3] sspSolveTime[23] lpSolveTime[0] lb[1462] ub[1813.7] size: [47546] time: [40]
STATS - lpIterations[1] lagIterations[38] sspIterations[116] numSeparations[94] numCuts[0] compileTime[3] sspSolveTime[25] lpSolveTime[0] lb[1473.65] ub[1813.7] size: [47593] time: [43]
STATS - lpIterations[1] lagIterations[39] sspIterations[119] numSeparations[101] numCuts[0] compileTime[3] sspSolveTime[26] lpSolveTime[0] lb[1477.81] ub[1813.7] size: [47609] time: [44]
STATS - lpIterations[1] lagIterations[39] sspIterations[119] numSeparations[101] numCuts[0] compileTime[3] sspSolveTime[26] lpSolveTime[0] lb[1478.33] ub[1813.7] size: [47609] time: [44]
STATS - lpIterations[1] lagIterations[40] sspIterations[130] numSeparations[104] numCuts[0] compileTime[3] sspSolveTime[29] lpSolveTime[0] lb[1492.73] ub[1813.7] size: [47626] time: [48]
STATS - lpIterations[1] lagIterations[41] sspIterations[135] numSeparations[115] numCuts[0] compileTime[3] sspSolveTime[31] lpSolveTime[0] lb[1494.78] ub[1813.7] size: [47667] time: [50]
STATS - lpIterations[1] lagIterations[41] sspIterations[135] numSeparations[115] numCuts[0] compileTime[3] sspSolveTime[31] lpSolveTime[0] lb[1498.31] ub[1813.7] size: [47667] time: [50]
STATS - lpIterations[1] lagIterations[42] sspIterations[140] numSeparations[120] numCuts[0] compileTime[3] sspSolveTime[32] lpSolveTime[0] lb[1499.45] ub[1813.7] size: [47676] time: [51]
STATS - lpIterations[1] lagIterations[42] sspIterations[140] numSeparations[120] numCuts[0] compileTime[3] sspSolveTime[32] lpSolveTime[0] lb[1502.42] ub[1813.7] size: [47676] time: [52]
STATS - lpIterations[1] lagIterations[43] sspIterations[143] numSeparations[125] numCuts[0] compileTime[3] sspSolveTime[33] lpSolveTime[0] lb[1505.65] ub[1813.7] size: [47690] time: [53]
STATS - lpIterations[1] lagIterations[44] sspIterations[150] numSeparations[128] numCuts[0] compileTime[3] sspSolveTime[35] lpSolveTime[0] lb[1513.59] ub[1813.7] size: [47701] time: [56]
STATS - lpIterations[1] lagIterations[45] sspIterations[153] numSeparations[135] numCuts[0] compileTime[3] sspSolveTime[36] lpSolveTime[0] lb[1514.54] ub[1813.7] size: [47722] time: [57]
STATS - lpIterations[1] lagIterations[45] sspIterations[153] numSeparations[135] numCuts[0] compileTime[3] sspSolveTime[36] lpSolveTime[0] lb[1517.14] ub[1813.7] size: [47722] time: [57]
STATS - lpIterations[1] lagIterations[46] sspIterations[163] numSeparations[138] numCuts[0] compileTime[3] sspSolveTime[39] lpSolveTime[0] lb[1527.18] ub[1813.7] size: [47733] time: [61]
STATS - lpIterations[1] lagIterations[47] sspIterations[167] numSeparations[148] numCuts[0] compileTime[3] sspSolveTime[40] lpSolveTime[0] lb[1527.88] ub[1813.7] size: [47790] time: [63]
STATS - lpIterations[1] lagIterations[47] sspIterations[167] numSeparations[148] numCuts[0] compileTime[3] sspSolveTime[40] lpSolveTime[0] lb[1530.36] ub[1813.7] size: [47790] time: [63]
STATS - lpIterations[1] lagIterations[48] sspIterations[177] numSeparations[152] numCuts[0] compileTime[3] sspSolveTime[43] lpSolveTime[0] lb[1532.52] ub[1813.7] size: [47799] time: [67]
STATS - lpIterations[1] lagIterations[49] sspIterations[180] numSeparations[162] numCuts[0] compileTime[3] sspSolveTime[44] lpSolveTime[0] lb[1534.63] ub[1813.7] size: [47839] time: [68]
STATS - lpIterations[1] lagIterations[49] sspIterations[180] numSeparations[162] numCuts[0] compileTime[3] sspSolveTime[44] lpSolveTime[0] lb[1535.07] ub[1813.7] size: [47839] time: [68]
STATS - lpIterations[1] lagIterations[50] sspIterations[197] numSeparations[165] numCuts[0] compileTime[3] sspSolveTime[49] lpSolveTime[0] lb[1543.04] ub[1813.7] size: [47850] time: [74]
STATS - lpIterations[1] lagIterations[51] sspIterations[204] numSeparations[182] numCuts[0] compileTime[3] sspSolveTime[51] lpSolveTime[0] lb[1545.75] ub[1813.7] size: [47915] time: [77]
STATS - lpIterations[1] lagIterations[53] sspIterations[224] numSeparations[191] numCuts[0] compileTime[3] sspSolveTime[57] lpSolveTime[0] lb[1564.38] ub[1813.7] size: [47969] time: [84]
STATS - lpIterations[1] lagIterations[54] sspIterations[234] numSeparations[209] numCuts[0] compileTime[3] sspSolveTime[60] lpSolveTime[0] lb[1568.18] ub[1813.7] size: [48006] time: [87]
STATS - lpIterations[1] lagIterations[58] sspIterations[259] numSeparations[236] numCuts[0] compileTime[3] sspSolveTime[69] lpSolveTime[0] lb[1568.74] ub[1813.7] size: [48096] time: [98]
STATS - lpIterations[1] lagIterations[58] sspIterations[259] numSeparations[236] numCuts[0] compileTime[3] sspSolveTime[69] lpSolveTime[0] lb[1575.22] ub[1813.7] size: [48096] time: [99]
STATS - lpIterations[1] lagIterations[60] sspIterations[281] numSeparations[246] numCuts[0] compileTime[3] sspSolveTime[77] lpSolveTime[0] lb[1591.83] ub[1813.7] size: [48128] time: [108]
STATS - lpIterations[1] lagIterations[61] sspIterations[290] numSeparations[266] numCuts[0] compileTime[3] sspSolveTime[79] lpSolveTime[0] lb[1592.25] ub[1813.7] size: [48189] time: [112]
STATS - lpIterations[1] lagIterations[63] sspIterations[314] numSeparations[277] numCuts[0] compileTime[3] sspSolveTime[90] lpSolveTime[0] lb[1599.81] ub[1813.7] size: [48243] time: [123]
STATS - lpIterations[1] lagIterations[64] sspIterations[323] numSeparations[299] numCuts[0] compileTime[3] sspSolveTime[93] lpSolveTime[0] lb[1601.17] ub[1813.7] size: [48329] time: [128]
STATS - lpIterations[1] lagIterations[67] sspIterations[347] numSeparations[326] numCuts[0] compileTime[3] sspSolveTime[100] lpSolveTime[0] lb[1602.84] ub[1813.7] size: [48388] time: [136]
STATS - lpIterations[1] lagIterations[70] sspIterations[365] numSeparations[342] numCuts[0] compileTime[3] sspSolveTime[106] lpSolveTime[0] lb[1606.67] ub[1813.7] size: [48431] time: [144]
STATS - lpIterations[1] lagIterations[72] sspIterations[373] numSeparations[355] numCuts[0] compileTime[3] sspSolveTime[108] lpSolveTime[0] lb[1610.24] ub[1813.7] size: [48496] time: [148]
STATS - lpIterations[1] lagIterations[72] sspIterations[373] numSeparations[355] numCuts[0] compileTime[3] sspSolveTime[108] lpSolveTime[0] lb[1611.78] ub[1813.7] size: [48496] time: [148]
STATS - lpIterations[1] lagIterations[73] sspIterations[390] numSeparations[358] numCuts[0] compileTime[3] sspSolveTime[113] lpSolveTime[0] lb[1613.87] ub[1813.7] size: [48515] time: [154]
STATS - lpIterations[1] lagIterations[74] sspIterations[398] numSeparations[375] numCuts[0] compileTime[3] sspSolveTime[115] lpSolveTime[0] lb[1617.18] ub[1813.7] size: [48579] time: [157]
STATS - lpIterations[1] lagIterations[76] sspIterations[412] numSeparations[386] numCuts[0] compileTime[3] sspSolveTime[120] lpSolveTime[0] lb[1624.39] ub[1813.7] size: [48626] time: [163]
STATS - lpIterations[1] lagIterations[78] sspIterations[436] numSeparations[400] numCuts[0] compileTime[3] sspSolveTime[126] lpSolveTime[0] lb[1628.95] ub[1813.7] size: [48705] time: [171]
STATS - lpIterations[1] lagIterations[79] sspIterations[449] numSeparations[421] numCuts[0] compileTime[3] sspSolveTime[129] lpSolveTime[0] lb[1630.75] ub[1813.7] size: [48769] time: [175]
STATS - lpIterations[1] lagIterations[80] sspIterations[456] numSeparations[434] numCuts[0] compileTime[3] sspSolveTime[132] lpSolveTime[0] lb[1632.95] ub[1813.7] size: [48800] time: [178]
STATS - lpIterations[1] lagIterations[87] sspIterations[511] numSeparations[478] numCuts[0] compileTime[3] sspSolveTime[152] lpSolveTime[0] lb[1644.25] ub[1813.7] size: [48906] time: [204]
STATS - lpIterations[1] lagIterations[88] sspIterations[521] numSeparations[496] numCuts[0] compileTime[3] sspSolveTime[155] lpSolveTime[0] lb[1645.39] ub[1813.7] size: [48957] time: [209]
STATS - lpIterations[1] lagIterations[94] sspIterations[564] numSeparations[540] numCuts[0] compileTime[3] sspSolveTime[171] lpSolveTime[0] lb[1645.75] ub[1813.7] size: [49069] time: [230]
STATS - lpIterations[1] lagIterations[96] sspIterations[579] numSeparations[552] numCuts[0] compileTime[3] sspSolveTime[175] lpSolveTime[0] lb[1648.31] ub[1813.7] size: [49099] time: [236]
STATS - lpIterations[1] lagIterations[97] sspIterations[583] numSeparations[564] numCuts[0] compileTime[3] sspSolveTime[176] lpSolveTime[0] lb[1649.74] ub[1813.7] size: [49139] time: [237]
STATS - lpIterations[1] lagIterations[98] sspIterations[596] numSeparations[568] numCuts[0] compileTime[3] sspSolveTime[180] lpSolveTime[0] lb[1651.56] ub[1813.7] size: [49149] time: [242]
STATS - lpIterations[1] lagIterations[99] sspIterations[604] numSeparations[581] numCuts[0] compileTime[3] sspSolveTime[183] lpSolveTime[0] lb[1651.72] ub[1813.7] size: [49220] time: [246]
STATS - lpIterations[1] lagIterations[100] sspIterations[610] numSeparations[589] numCuts[0] compileTime[3] sspSolveTime[185] lpSolveTime[0] lb[1652.85] ub[1813.7] size: [49245] time: [249]
STATS - lpIterations[1] lagIterations[104] sspIterations[631] numSeparations[611] numCuts[0] compileTime[3] sspSolveTime[192] lpSolveTime[0] lb[1653.2] ub[1813.7] size: [49316] time: [260]
STATS - lpIterations[1] lagIterations[105] sspIterations[637] numSeparations[616] numCuts[0] compileTime[3] sspSolveTime[194] lpSolveTime[0] lb[1654.76] ub[1813.7] size: [49329] time: [263]
STATS - lpIterations[1] lagIterations[106] sspIterations[640] numSeparations[622] numCuts[0] compileTime[3] sspSolveTime[195] lpSolveTime[0] lb[1654.8] ub[1813.7] size: [49343] time: [265]
STATS - lpIterations[1] lagIterations[107] sspIterations[657] numSeparations[625] numCuts[0] compileTime[3] sspSolveTime[201] lpSolveTime[0] lb[1660.11] ub[1813.7] size: [49351] time: [272]
STATS - lpIterations[1] lagIterations[108] sspIterations[665] numSeparations[642] numCuts[0] compileTime[3] sspSolveTime[205] lpSolveTime[0] lb[1662.27] ub[1813.7] size: [49402] time: [277]
STATS - lpIterations[1] lagIterations[111] sspIterations[694] numSeparations[660] numCuts[0] compileTime[3] sspSolveTime[216] lpSolveTime[0] lb[1664.68] ub[1813.7] size: [49462] time: [291]
STATS - lpIterations[1] lagIterations[112] sspIterations[705] numSeparations[679] numCuts[0] compileTime[3] sspSolveTime[220] lpSolveTime[0] lb[1666.49] ub[1813.7] size: [49525] time: [296]
STATS - lpIterations[1] lagIterations[121] sspIterations[761] numSeparations[739] numCuts[0] compileTime[3] sspSolveTime[240] lpSolveTime[0] lb[1668.59] ub[1813.7] size: [49776] time: [325]
STATS - lpIterations[1] lagIterations[124] sspIterations[780] numSeparations[760] numCuts[0] compileTime[3] sspSolveTime[247] lpSolveTime[0] lb[1669.07] ub[1813.7] size: [49839] time: [336]
STATS - lpIterations[1] lagIterations[125] sspIterations[785] numSeparations[765] numCuts[0] compileTime[3] sspSolveTime[249] lpSolveTime[0] lb[1670.77] ub[1813.7] size: [49849] time: [338]
STATS - lpIterations[1] lagIterations[125] sspIterations[785] numSeparations[765] numCuts[0] compileTime[3] sspSolveTime[249] lpSolveTime[0] lb[1673.03] ub[1813.7] size: [49849] time: [338]
STATS - lpIterations[1] lagIterations[130] sspIterations[826] numSeparations[794] numCuts[0] compileTime[3] sspSolveTime[265] lpSolveTime[0] lb[1679.44] ub[1813.7] size: [49968] time: [361]
STATS - lpIterations[1] lagIterations[131] sspIterations[832] numSeparations[811] numCuts[0] compileTime[3] sspSolveTime[267] lpSolveTime[0] lb[1681.33] ub[1813.7] size: [50055] time: [364]
STATS - lpIterations[1] lagIterations[150] sspIterations[988] numSeparations[965] numCuts[0] compileTime[3] sspSolveTime[323] lpSolveTime[0] lb[1683.12] ub[1813.7] size: [50606] time: [442]
STATS - lpIterations[1] lagIterations[152] sspIterations[999] numSeparations[978] numCuts[0] compileTime[3] sspSolveTime[326] lpSolveTime[0] lb[1685.04] ub[1813.7] size: [50651] time: [447]
STATS - lpIterations[1] lagIterations[154] sspIterations[1019] numSeparations[987] numCuts[0] compileTime[3] sspSolveTime[332] lpSolveTime[0] lb[1685.19] ub[1813.7] size: [50693] time: [457]
STATS - lpIterations[1] lagIterations[155] sspIterations[1028] numSeparations[1004] numCuts[0] compileTime[3] sspSolveTime[336] lpSolveTime[0] lb[1686.68] ub[1813.7] size: [50749] time: [461]
STATS - lpIterations[1] lagIterations[161] sspIterations[1072] numSeparations[1043] numCuts[0] compileTime[3] sspSolveTime[353] lpSolveTime[0] lb[1688.07] ub[1813.7] size: [50879] time: [487]
STATS - lpIterations[1] lagIterations[162] sspIterations[1079] numSeparations[1057] numCuts[0] compileTime[3] sspSolveTime[355] lpSolveTime[0] lb[1688.5] ub[1813.7] size: [50915] time: [491]
STATS - lpIterations[1] lagIterations[163] sspIterations[1086] numSeparations[1064] numCuts[0] compileTime[3] sspSolveTime[358] lpSolveTime[0] lb[1688.79] ub[1813.7] size: [50943] time: [495]
STATS - lpIterations[1] lagIterations[166] sspIterations[1110] numSeparations[1081] numCuts[0] compileTime[3] sspSolveTime[367] lpSolveTime[0] lb[1689.14] ub[1813.7] size: [50998] time: [508]
STATS - lpIterations[1] lagIterations[167] sspIterations[1115] numSeparations[1095] numCuts[0] compileTime[3] sspSolveTime[370] lpSolveTime[0] lb[1690] ub[1813.7] size: [51038] time: [512]
STATS - lpIterations[1] lagIterations[174] sspIterations[1163] numSeparations[1144] numCuts[0] compileTime[3] sspSolveTime[386] lpSolveTime[0] lb[1690.19] ub[1813.7] size: [51182] time: [538]
STATS - lpIterations[1] lagIterations[178] sspIterations[1197] numSeparations[1174] numCuts[0] compileTime[3] sspSolveTime[399] lpSolveTime[0] lb[1691.25] ub[1813.7] size: [51268] time: [557]
STATS - lpIterations[1] lagIterations[180] sspIterations[1214] numSeparations[1184] numCuts[0] compileTime[3] sspSolveTime[406] lpSolveTime[0] lb[1693.72] ub[1813.7] size: [51294] time: [566]
STATS - lpIterations[1] lagIterations[181] sspIterations[1221] numSeparations[1199] numCuts[0] compileTime[3] sspSolveTime[408] lpSolveTime[0] lb[1696.8] ub[1813.7] size: [51333] time: [570]
STATS - lpIterations[1] lagIterations[193] sspIterations[1310] numSeparations[1284] numCuts[0] compileTime[3] sspSolveTime[444] lpSolveTime[0] lb[1697.58] ub[1813.7] size: [51594] time: [623]
STATS - lpIterations[1] lagIterations[194] sspIterations[1315] numSeparations[1295] numCuts[0] compileTime[3] sspSolveTime[446] lpSolveTime[0] lb[1697.69] ub[1813.7] size: [51637] time: [626]
STATS - lpIterations[1] lagIterations[201] sspIterations[1357] numSeparations[1338] numCuts[0] compileTime[3] sspSolveTime[466] lpSolveTime[0] lb[1697.8] ub[1813.7] size: [51779] time: [656]
STATS - lpIterations[1] lagIterations[201] sspIterations[1357] numSeparations[1338] numCuts[0] compileTime[3] sspSolveTime[466] lpSolveTime[0] lb[1698.05] ub[1813.7] size: [51779] time: [657]
STATS - lpIterations[1] lagIterations[204] sspIterations[1388] numSeparations[1356] numCuts[0] compileTime[3] sspSolveTime[476] lpSolveTime[0] lb[1699.6] ub[1813.7] size: [51828] time: [672]
STATS - lpIterations[1] lagIterations[205] sspIterations[1400] numSeparations[1373] numCuts[0] compileTime[3] sspSolveTime[482] lpSolveTime[0] lb[1700.02] ub[1813.7] size: [51891] time: [680]
STATS - lpIterations[1] lagIterations[206] sspIterations[1404] numSeparations[1385] numCuts[0] compileTime[3] sspSolveTime[483] lpSolveTime[0] lb[1700.08] ub[1813.7] size: [51951] time: [683]
STATS - lpIterations[1] lagIterations[207] sspIterations[1419] numSeparations[1389] numCuts[0] compileTime[3] sspSolveTime[488] lpSolveTime[0] lb[1700.58] ub[1813.7] size: [51963] time: [690]
STATS - lpIterations[1] lagIterations[208] sspIterations[1430] numSeparations[1404] numCuts[0] compileTime[3] sspSolveTime[492] lpSolveTime[0] lb[1701.15] ub[1813.7] size: [51996] time: [696]
STATS - lpIterations[1] lagIterations[215] sspIterations[1479] numSeparations[1450] numCuts[0] compileTime[3] sspSolveTime[509] lpSolveTime[0] lb[1702.43] ub[1813.7] size: [52098] time: [724]
STATS - lpIterations[1] lagIterations[216] sspIterations[1484] numSeparations[1463] numCuts[0] compileTime[3] sspSolveTime[512] lpSolveTime[0] lb[1702.65] ub[1813.7] size: [52150] time: [728]
STATS - lpIterations[1] lagIterations[216] sspIterations[1484] numSeparations[1463] numCuts[0] compileTime[3] sspSolveTime[512] lpSolveTime[0] lb[1703.95] ub[1813.7] size: [52150] time: [728]
STATS - lpIterations[1] lagIterations[232] sspIterations[1598] numSeparations[1568] numCuts[0] compileTime[3] sspSolveTime[558] lpSolveTime[0] lb[1705.08] ub[1813.7] size: [52449] time: [800]
STATS - lpIterations[1] lagIterations[233] sspIterations[1608] numSeparations[1581] numCuts[0] compileTime[3] sspSolveTime[562] lpSolveTime[0] lb[1705.38] ub[1813.7] size: [52479] time: [807]
STATS - lpIterations[1] lagIterations[238] sspIterations[1647] numSeparations[1619] numCuts[0] compileTime[3] sspSolveTime[577] lpSolveTime[0] lb[1705.57] ub[1813.7] size: [52587] time: [829]
STATS - lpIterations[1] lagIterations[240] sspIterations[1661] numSeparations[1633] numCuts[0] compileTime[3] sspSolveTime[581] lpSolveTime[0] lb[1706.29] ub[1813.7] size: [52634] time: [837]
STATS - lpIterations[1] lagIterations[247] sspIterations[1717] numSeparations[1683] numCuts[0] compileTime[3] sspSolveTime[606] lpSolveTime[0] lb[1707.53] ub[1813.7] size: [52753] time: [875]
STATS - lpIterations[1] lagIterations[248] sspIterations[1726] numSeparations[1700] numCuts[0] compileTime[3] sspSolveTime[609] lpSolveTime[0] lb[1709.28] ub[1813.7] size: [52797] time: [880]
STATS - lpIterations[1] lagIterations[263] sspIterations[1837] numSeparations[1803] numCuts[0] compileTime[3] sspSolveTime[657] lpSolveTime[0] lb[1710.2] ub[1813.7] size: [53137] time: [955]
STATS - lpIterations[1] lagIterations[264] sspIterations[1844] numSeparations[1819] numCuts[0] compileTime[3] sspSolveTime[659] lpSolveTime[0] lb[1711.23] ub[1813.7] size: [53177] time: [959]
STATS - lpIterations[1] lagIterations[274] sspIterations[1925] numSeparations[1897] numCuts[0] compileTime[3] sspSolveTime[698] lpSolveTime[0] lb[1711.42] ub[1813.7] size: [53407] time: [1018]
STATS - lpIterations[1] lagIterations[282] sspIterations[1981] numSeparations[1953] numCuts[0] compileTime[3] sspSolveTime[721] lpSolveTime[0] lb[1711.91] ub[1813.7] size: [53564] time: [1057]
STATS - lpIterations[1] lagIterations[290] sspIterations[2038] numSeparations[2005] numCuts[0] compileTime[3] sspSolveTime[746] lpSolveTime[0] lb[1713.34] ub[1813.7] size: [53709] time: [1097]
STATS - lpIterations[1] lagIterations[291] sspIterations[2047] numSeparations[2019] numCuts[0] compileTime[3] sspSolveTime[751] lpSolveTime[0] lb[1713.97] ub[1813.7] size: [53758] time: [1105]
STATS - lpIterations[1] lagIterations[319] sspIterations[2242] numSeparations[2219] numCuts[0] compileTime[3] sspSolveTime[842] lpSolveTime[0] lb[1714.05] ub[1813.7] size: [54360] time: [1251]
STATS - lpIterations[1] lagIterations[320] sspIterations[2250] numSeparations[2223] numCuts[0] compileTime[3] sspSolveTime[846] lpSolveTime[0] lb[1714.48] ub[1813.7] size: [54370] time: [1258]
STATS - lpIterations[1] lagIterations[326] sspIterations[2294] numSeparations[2261] numCuts[0] compileTime[3] sspSolveTime[868] lpSolveTime[0] lb[1716.43] ub[1813.7] size: [54510] time: [1292]
STATS - lpIterations[1] lagIterations[327] sspIterations[2304] numSeparations[2275] numCuts[0] compileTime[3] sspSolveTime[873] lpSolveTime[0] lb[1717.05] ub[1813.7] size: [54536] time: [1300]
STATS - lpIterations[1] lagIterations[335] sspIterations[2367] numSeparations[2338] numCuts[0] compileTime[3] sspSolveTime[905] lpSolveTime[0] lb[1717.37] ub[1813.7] size: [54706] time: [1349]
STATS - lpIterations[1] lagIterations[379] sspIterations[2654] numSeparations[2626] numCuts[0] compileTime[3] sspSolveTime[1050] lpSolveTime[0] lb[1718.38] ub[1813.7] size: [55461] time: [1591]
STATS - lpIterations[1] lagIterations[380] sspIterations[2661] numSeparations[2635] numCuts[0] compileTime[3] sspSolveTime[1053] lpSolveTime[0] lb[1718.66] ub[1813.7] size: [55487] time: [1596]
STATS - lpIterations[1] lagIterations[384] sspIterations[2688] numSeparations[2662] numCuts[0] compileTime[3] sspSolveTime[1067] lpSolveTime[0] lb[1718.81] ub[1813.7] size: [55548] time: [1620]
STATS - lpIterations[1] lagIterations[393] sspIterations[2747] numSeparations[2712] numCuts[0] compileTime[3] sspSolveTime[1093] lpSolveTime[0] lb[1719.7] ub[1813.7] size: [55705] time: [1667]
STATS - lpIterations[1] lagIterations[394] sspIterations[2757] numSeparations[2728] numCuts[0] compileTime[3] sspSolveTime[1096] lpSolveTime[0] lb[1720.02] ub[1813.7] size: [55741] time: [1673]
STATS - lpIterations[1] lagIterations[396] sspIterations[2774] numSeparations[2740] numCuts[0] compileTime[3] sspSolveTime[1108] lpSolveTime[0] lb[1720.67] ub[1813.7] size: [55772] time: [1689]
STATS - lpIterations[1] lagIterations[397] sspIterations[2783] numSeparations[2755] numCuts[0] compileTime[3] sspSolveTime[1111] lpSolveTime[0] lb[1720.84] ub[1813.7] size: [55824] time: [1695]
STATS - lpIterations[1] lagIterations[398] sspIterations[2789] numSeparations[2764] numCuts[0] compileTime[3] sspSolveTime[1113] lpSolveTime[0] lb[1721] ub[1813.7] size: [55845] time: [1700]
STATS - lpIterations[1] lagIterations[424] sspIterations[2955] numSeparations[2931] numCuts[0] compileTime[3] sspSolveTime[1196] lpSolveTime[0] lb[1721.11] ub[1813.7] size: [56333] time: [1845]
STATS - lpIterations[1] lagIterations[427] sspIterations[2983] numSeparations[2952] numCuts[0] compileTime[3] sspSolveTime[1210] lpSolveTime[0] lb[1721.63] ub[1813.7] size: [56379] time: [1869]
STATS - lpIterations[1] lagIterations[428] sspIterations[2986] numSeparations[2964] numCuts[0] compileTime[3] sspSolveTime[1212] lpSolveTime[0] lb[1721.82] ub[1813.7] size: [56405] time: [1873]
STATS - lpIterations[1] lagIterations[429] sspIterations[2998] numSeparations[2967] numCuts[0] compileTime[3] sspSolveTime[1221] lpSolveTime[0] lb[1722.64] ub[1813.7] size: [56412] time: [1885]
STATS - lpIterations[1] lagIterations[439] sspIterations[3077] numSeparations[3050] numCuts[0] compileTime[3] sspSolveTime[1263] lpSolveTime[0] lb[1723.01] ub[1813.7] size: [56659] time: [1952]
STATS - lpIterations[1] lagIterations[444] sspIterations[3114] numSeparations[3087] numCuts[0] compileTime[3] sspSolveTime[1281] lpSolveTime[0] lb[1723.03] ub[1813.7] size: [56762] time: [1983]
STATS - lpIterations[1] lagIterations[460] sspIterations[3222] numSeparations[3188] numCuts[0] compileTime[3] sspSolveTime[1339] lpSolveTime[0] lb[1723.19] ub[1813.7] size: [57095] time: [2082]
STATS - lpIterations[1] lagIterations[461] sspIterations[3229] numSeparations[3203] numCuts[0] compileTime[3] sspSolveTime[1344] lpSolveTime[0] lb[1724.18] ub[1813.7] size: [57133] time: [2089]
STATS - lpIterations[1] lagIterations[494] sspIterations[3454] numSeparations[3430] numCuts[0] compileTime[3] sspSolveTime[1455] lpSolveTime[0] lb[1724.2] ub[1813.7] size: [57738] time: [2287]
STATS - lpIterations[1] lagIterations[499] sspIterations[3495] numSeparations[3471] numCuts[0] compileTime[3] sspSolveTime[1478] lpSolveTime[0] lb[1724.38] ub[1813.7] size: [57859] time: [2323]
STATS - lpIterations[1] lagIterations[505] sspIterations[3536] numSeparations[3506] numCuts[0] compileTime[3] sspSolveTime[1498] lpSolveTime[0] lb[1725.06] ub[1813.7] size: [57988] time: [2359]
STATS - lpIterations[1] lagIterations[509] sspIterations[3571] numSeparations[3535] numCuts[0] compileTime[3] sspSolveTime[1520] lpSolveTime[0] lb[1725.75] ub[1813.7] size: [58059] time: [2392]
STATS - lpIterations[1] lagIterations[510] sspIterations[3580] numSeparations[3551] numCuts[0] compileTime[3] sspSolveTime[1526] lpSolveTime[0] lb[1726.35] ub[1813.7] size: [58094] time: [2402]
STATS - lpIterations[1] lagIterations[530] sspIterations[3730] numSeparations[3701] numCuts[0] compileTime[3] sspSolveTime[1602] lpSolveTime[0] lb[1726.62] ub[1813.7] size: [58515] time: [2531]
STATS - lpIterations[1] lagIterations[554] sspIterations[3904] numSeparations[3865] numCuts[0] compileTime[3] sspSolveTime[1695] lpSolveTime[0] lb[1727.43] ub[1813.7] size: [58937] time: [2689]
STATS - lpIterations[1] lagIterations[555] sspIterations[3913] numSeparations[3879] numCuts[0] compileTime[3] sspSolveTime[1700] lpSolveTime[0] lb[1727.73] ub[1813.7] size: [58969] time: [2697]
STATS - lpIterations[1] lagIterations[567] sspIterations[4001] numSeparations[3959] numCuts[0] compileTime[3] sspSolveTime[1750] lpSolveTime[0] lb[1728.13] ub[1813.7] size: [59208] time: [2781]
STATS - lpIterations[1] lagIterations[568] sspIterations[4010] numSeparations[3975] numCuts[0] compileTime[3] sspSolveTime[1755] lpSolveTime[0] lb[1728.28] ub[1813.7] size: [59235] time: [2789]
STATS - lpIterations[1] lagIterations[591] sspIterations[4178] numSeparations[4138] numCuts[0] compileTime[3] sspSolveTime[1849] lpSolveTime[0] lb[1728.35] ub[1813.7] size: [59690] time: [2950]
STATS - lpIterations[1] lagIterations[595] sspIterations[4207] numSeparations[4165] numCuts[0] compileTime[3] sspSolveTime[1866] lpSolveTime[0] lb[1728.84] ub[1813.7] size: [59763] time: [2979]
STATS - lpIterations[1] lagIterations[630] sspIterations[4461] numSeparations[4412] numCuts[0] compileTime[3] sspSolveTime[2009] lpSolveTime[0] lb[1729.24] ub[1813.7] size: [60432] time: [3231]
STATS - lpIterations[1] lagIterations[631] sspIterations[4474] numSeparations[4427] numCuts[0] compileTime[3] sspSolveTime[2017] lpSolveTime[0] lb[1729.64] ub[1813.7] size: [60477] time: [3243]
STATS - lpIterations[1] lagIterations[632] sspIterations[4480] numSeparations[4440] numCuts[0] compileTime[3] sspSolveTime[2020] lpSolveTime[0] lb[1730.03] ub[1813.7] size: [60502] time: [3249]
STATS - lpIterations[1] lagIterations[665] sspIterations[4724] numSeparations[4667] numCuts[0] compileTime[3] sspSolveTime[2166] lpSolveTime[0] lb[1730.72] ub[1813.7] size: [61167] time: [3500]
STATS - lpIterations[1] lagIterations[666] sspIterations[4736] numSeparations[4685] numCuts[0] compileTime[3] sspSolveTime[2173] lpSolveTime[0] lb[1731.03] ub[1813.7] size: [61204] time: [3510]
STATS - lpIterations[1] lagIterations[667] sspIterations[4742] numSeparations[4697] numCuts[0] compileTime[3] sspSolveTime[2176] lpSolveTime[0] lb[1731.09] ub[1813.7] size: [61247] time: [3517]
