relax capacity constraint
hgs upper bound: 3870.9
compiling dd
time step mult: 10
time step: 900
cap step: 10
start compiling DD
add terminal node arcs
done compiling dd
STATS - lpIterations[1] lagIterations[0] sspIterations[0] numSeparations[0] numCuts[0] compileTime[21] sspSolveTime[0] lpSolveTime[0] lb[0] ub[3870.9] size: [91719] time: [21]
STATS - lpIterations[1] lagIterations[1] sspIterations[1] numSeparations[0] numCuts[0] compileTime[21] sspSolveTime[0] lpSolveTime[0] lb[1452.13] ub[3870.9] size: [91719] time: [22]
STATS - lpIterations[1] lagIterations[2] sspIterations[2] numSeparations[0] numCuts[0] compileTime[21] sspSolveTime[1] lpSolveTime[0] lb[1524.02] ub[3870.9] size: [91719] time: [23]
STATS - lpIterations[1] lagIterations[3] sspIterations[3] numSeparations[0] numCuts[0] compileTime[21] sspSolveTime[1] lpSolveTime[0] lb[1598.73] ub[3870.9] size: [91719] time: [25]
STATS - lpIterations[1] lagIterations[4] sspIterations[4] numSeparations[0] numCuts[0] compileTime[21] sspSolveTime[2] lpSolveTime[0] lb[1676.34] ub[3870.9] size: [91719] time: [26]
STATS - lpIterations[1] lagIterations[5] sspIterations[5] numSeparations[0] numCuts[0] compileTime[21] sspSolveTime[2] lpSolveTime[0] lb[1756.93] ub[3870.9] size: [91719] time: [27]
STATS - lpIterations[1] lagIterations[6] sspIterations[6] numSeparations[0] numCuts[0] compileTime[21] sspSolveTime[3] lpSolveTime[0] lb[1840.59] ub[3870.9] size: [91719] time: [29]
STATS - lpIterations[1] lagIterations[7] sspIterations[7] numSeparations[0] numCuts[0] compileTime[21] sspSolveTime[3] lpSolveTime[0] lb[1927.41] ub[3870.9] size: [91719] time: [30]
STATS - lpIterations[1] lagIterations[8] sspIterations[8] numSeparations[0] numCuts[0] compileTime[21] sspSolveTime[4] lpSolveTime[0] lb[2017.48] ub[3870.9] size: [91719] time: [31]
STATS - lpIterations[1] lagIterations[9] sspIterations[9] numSeparations[0] numCuts[0] compileTime[21] sspSolveTime[4] lpSolveTime[0] lb[2110.88] ub[3870.9] size: [91719] time: [33]
STATS - lpIterations[1] lagIterations[10] sspIterations[10] numSeparations[0] numCuts[0] compileTime[21] sspSolveTime[5] lpSolveTime[0] lb[2207.71] ub[3870.9] size: [91719] time: [34]
STATS - lpIterations[1] lagIterations[11] sspIterations[11] numSeparations[0] numCuts[0] compileTime[21] sspSolveTime[5] lpSolveTime[0] lb[2308.06] ub[3870.9] size: [91719] time: [35]
STATS - lpIterations[1] lagIterations[12] sspIterations[12] numSeparations[0] numCuts[0] compileTime[21] sspSolveTime[6] lpSolveTime[0] lb[2403.08] ub[3870.9] size: [91719] time: [37]
STATS - lpIterations[1] lagIterations[13] sspIterations[13] numSeparations[1] numCuts[0] compileTime[21] sspSolveTime[7] lpSolveTime[0] lb[2494] ub[3870.9] size: [91726] time: [38]
STATS - lpIterations[1] lagIterations[14] sspIterations[18] numSeparations[2] numCuts[0] compileTime[21] sspSolveTime[9] lpSolveTime[0] lb[2575.16] ub[3870.9] size: [91736] time: [42]
STATS - lpIterations[1] lagIterations[14] sspIterations[18] numSeparations[2] numCuts[0] compileTime[21] sspSolveTime[9] lpSolveTime[0] lb[2588.16] ub[3870.9] size: [91736] time: [43]
STATS - lpIterations[1] lagIterations[15] sspIterations[19] numSeparations[7] numCuts[0] compileTime[21] sspSolveTime[10] lpSolveTime[0] lb[2609.89] ub[3870.9] size: [91788] time: [44]
STATS - lpIterations[1] lagIterations[16] sspIterations[23] numSeparations[8] numCuts[0] compileTime[21] sspSolveTime[12] lpSolveTime[0] lb[2704.57] ub[3870.9] size: [91796] time: [47]
STATS - lpIterations[1] lagIterations[16] sspIterations[23] numSeparations[8] numCuts[0] compileTime[21] sspSolveTime[12] lpSolveTime[0] lb[2709.16] ub[3870.9] size: [91796] time: [48]
STATS - lpIterations[1] lagIterations[17] sspIterations[29] numSeparations[12] numCuts[0] compileTime[21] sspSolveTime[16] lpSolveTime[0] lb[2749.45] ub[3870.9] size: [91818] time: [53]
STATS - lpIterations[1] lagIterations[17] sspIterations[29] numSeparations[12] numCuts[0] compileTime[21] sspSolveTime[16] lpSolveTime[0] lb[2768.43] ub[3870.9] size: [91818] time: [54]
STATS - lpIterations[1] lagIterations[18] sspIterations[30] numSeparations[18] numCuts[0] compileTime[21] sspSolveTime[17] lpSolveTime[0] lb[2787.51] ub[3870.9] size: [91854] time: [55]
STATS - lpIterations[1] lagIterations[19] sspIterations[47] numSeparations[19] numCuts[0] compileTime[21] sspSolveTime[24] lpSolveTime[0] lb[2833.54] ub[3870.9] size: [91861] time: [64]
STATS - lpIterations[1] lagIterations[19] sspIterations[47] numSeparations[19] numCuts[0] compileTime[21] sspSolveTime[24] lpSolveTime[0] lb[2875.94] ub[3870.9] size: [91861] time: [66]
STATS - lpIterations[1] lagIterations[20] sspIterations[52] numSeparations[36] numCuts[0] compileTime[21] sspSolveTime[27] lpSolveTime[0] lb[2884.29] ub[3870.9] size: [91949] time: [69]
STATS - lpIterations[1] lagIterations[20] sspIterations[52] numSeparations[36] numCuts[0] compileTime[21] sspSolveTime[27] lpSolveTime[0] lb[2887.12] ub[3870.9] size: [91949] time: [71]
STATS - lpIterations[1] lagIterations[21] sspIterations[65] numSeparations[41] numCuts[0] compileTime[21] sspSolveTime[33] lpSolveTime[0] lb[2897.8] ub[3870.9] size: [91974] time: [78]
STATS - lpIterations[1] lagIterations[21] sspIterations[65] numSeparations[41] numCuts[0] compileTime[21] sspSolveTime[33] lpSolveTime[0] lb[2926.38] ub[3870.9] size: [91974] time: [80]
STATS - lpIterations[1] lagIterations[22] sspIterations[67] numSeparations[54] numCuts[0] compileTime[21] sspSolveTime[34] lpSolveTime[0] lb[2938.31] ub[3870.9] size: [92027] time: [81]
STATS - lpIterations[1] lagIterations[22] sspIterations[67] numSeparations[54] numCuts[0] compileTime[21] sspSolveTime[34] lpSolveTime[0] lb[2940.44] ub[3870.9] size: [92027] time: [82]
STATS - lpIterations[1] lagIterations[23] sspIterations[87] numSeparations[56] numCuts[0] compileTime[21] sspSolveTime[44] lpSolveTime[0] lb[2954.11] ub[3870.9] size: [92034] time: [92]
STATS - lpIterations[1] lagIterations[23] sspIterations[87] numSeparations[56] numCuts[0] compileTime[21] sspSolveTime[44] lpSolveTime[0] lb[2995.94] ub[3870.9] size: [92034] time: [95]
STATS - lpIterations[1] lagIterations[24] sspIterations[96] numSeparations[76] numCuts[0] compileTime[21] sspSolveTime[49] lpSolveTime[0] lb[3000.41] ub[3870.9] size: [92108] time: [101]
STATS - lpIterations[1] lagIterations[24] sspIterations[96] numSeparations[76] numCuts[0] compileTime[21] sspSolveTime[49] lpSolveTime[0] lb[3005.17] ub[3870.9] size: [92108] time: [103]
STATS - lpIterations[1] lagIterations[25] sspIterations[104] numSeparations[85] numCuts[0] compileTime[21] sspSolveTime[52] lpSolveTime[0] lb[3017.32] ub[3870.9] size: [92154] time: [108]
STATS - lpIterations[1] lagIterations[26] sspIterations[107] numSeparations[93] numCuts[0] compileTime[21] sspSolveTime[54] lpSolveTime[0] lb[3033.44] ub[3870.9] size: [92176] time: [110]
STATS - lpIterations[1] lagIterations[26] sspIterations[107] numSeparations[93] numCuts[0] compileTime[21] sspSolveTime[54] lpSolveTime[0] lb[3033.92] ub[3870.9] size: [92176] time: [111]
STATS - lpIterations[1] lagIterations[27] sspIterations[132] numSeparations[96] numCuts[0] compileTime[21] sspSolveTime[64] lpSolveTime[0] lb[3102.03] ub[3870.9] size: [92182] time: [125]
STATS - lpIterations[1] lagIterations[28] sspIterations[146] numSeparations[121] numCuts[0] compileTime[21] sspSolveTime[70] lpSolveTime[0] lb[3108.46] ub[3870.9] size: [92266] time: [134]
STATS - lpIterations[1] lagIterations[29] sspIterations[150] numSeparations[135] numCuts[0] compileTime[21] sspSolveTime[72] lpSolveTime[0] lb[3110.42] ub[3870.9] size: [92323] time: [137]
STATS - lpIterations[1] lagIterations[29] sspIterations[150] numSeparations[135] numCuts[0] compileTime[21] sspSolveTime[72] lpSolveTime[0] lb[3113.12] ub[3870.9] size: [92323] time: [138]
STATS - lpIterations[1] lagIterations[30] sspIterations[168] numSeparations[139] numCuts[0] compileTime[21] sspSolveTime[80] lpSolveTime[0] lb[3136.66] ub[3870.9] size: [92339] time: [150]
STATS - lpIterations[1] lagIterations[32] sspIterations[194] numSeparations[164] numCuts[0] compileTime[21] sspSolveTime[93] lpSolveTime[0] lb[3168.3] ub[3870.9] size: [92419] time: [169]
STATS - lpIterations[1] lagIterations[33] sspIterations[201] numSeparations[183] numCuts[0] compileTime[21] sspSolveTime[96] lpSolveTime[0] lb[3169.28] ub[3870.9] size: [92486] time: [173]
STATS - lpIterations[1] lagIterations[33] sspIterations[201] numSeparations[183] numCuts[0] compileTime[21] sspSolveTime[96] lpSolveTime[0] lb[3173.95] ub[3870.9] size: [92486] time: [175]
STATS - lpIterations[1] lagIterations[34] sspIterations[217] numSeparations[190] numCuts[0] compileTime[21] sspSolveTime[102] lpSolveTime[0] lb[3191.15] ub[3870.9] size: [92512] time: [184]
STATS - lpIterations[1] lagIterations[35] sspIterations[224] numSeparations[206] numCuts[0] compileTime[21] sspSolveTime[106] lpSolveTime[0] lb[3196.21] ub[3870.9] size: [92570] time: [188]
STATS - lpIterations[1] lagIterations[35] sspIterations[224] numSeparations[206] numCuts[0] compileTime[21] sspSolveTime[106] lpSolveTime[0] lb[3198.64] ub[3870.9] size: [92570] time: [190]
STATS - lpIterations[1] lagIterations[36] sspIterations[243] numSeparations[213] numCuts[0] compileTime[21] sspSolveTime[116] lpSolveTime[0] lb[3227] ub[3870.9] size: [92595] time: [204]
STATS - lpIterations[1] lagIterations[37] sspIterations[250] numSeparations[232] numCuts[0] compileTime[21] sspSolveTime[119] lpSolveTime[0] lb[3231.16] ub[3870.9] size: [92644] time: [209]
STATS - lpIterations[1] lagIterations[38] sspIterations[271] numSeparations[239] numCuts[0] compileTime[21] sspSolveTime[130] lpSolveTime[0] lb[3246.34] ub[3870.9] size: [92665] time: [224]
STATS - lpIterations[1] lagIterations[39] sspIterations[275] numSeparations[260] numCuts[0] compileTime[21] sspSolveTime[132] lpSolveTime[0] lb[3252.28] ub[3870.9] size: [92730] time: [227]
STATS - lpIterations[1] lagIterations[39] sspIterations[275] numSeparations[260] numCuts[0] compileTime[21] sspSolveTime[132] lpSolveTime[0] lb[3253.14] ub[3870.9] size: [92730] time: [229]
STATS - lpIterations[1] lagIterations[40] sspIterations[314] numSeparations[264] numCuts[0] compileTime[21] sspSolveTime[163] lpSolveTime[0] lb[3290.74] ub[3870.9] size: [92741] time: [264]
STATS - lpIterations[1] lagIterations[41] sspIterations[334] numSeparations[303] numCuts[0] compileTime[21] sspSolveTime[179] lpSolveTime[0] lb[3297.93] ub[3870.9] size: [92885] time: [284]
STATS - lpIterations[1] lagIterations[42] sspIterations[342] numSeparations[323] numCuts[0] compileTime[21] sspSolveTime[182] lpSolveTime[0] lb[3298.76] ub[3870.9] size: [92947] time: [290]
STATS - lpIterations[1] lagIterations[43] sspIterations[357] numSeparations[331] numCuts[0] compileTime[21] sspSolveTime[192] lpSolveTime[0] lb[3301.81] ub[3870.9] size: [92983] time: [304]
STATS - lpIterations[1] lagIterations[45] sspIterations[379] numSeparations[353] numCuts[0] compileTime[21] sspSolveTime[203] lpSolveTime[0] lb[3311.17] ub[3870.9] size: [93068] time: [319]
STATS - lpIterations[1] lagIterations[46] sspIterations[382] numSeparations[368] numCuts[0] compileTime[21] sspSolveTime[206] lpSolveTime[0] lb[3315.54] ub[3870.9] size: [93112] time: [322]
STATS - lpIterations[1] lagIterations[47] sspIterations[416] numSeparations[371] numCuts[0] compileTime[21] sspSolveTime[221] lpSolveTime[0] lb[3349.36] ub[3870.9] size: [93135] time: [344]
STATS - lpIterations[1] lagIterations[48] sspIterations[430] numSeparations[405] numCuts[0] compileTime[21] sspSolveTime[229] lpSolveTime[0] lb[3356.82] ub[3870.9] size: [93269] time: [356]
STATS - lpIterations[1] lagIterations[51] sspIterations[467] numSeparations[441] numCuts[0] compileTime[21] sspSolveTime[251] lpSolveTime[0] lb[3366.12] ub[3870.9] size: [93376] time: [387]
STATS - lpIterations[1] lagIterations[53] sspIterations[492] numSeparations[465] numCuts[0] compileTime[21] sspSolveTime[261] lpSolveTime[0] lb[3372.14] ub[3870.9] size: [93464] time: [404]
STATS - lpIterations[1] lagIterations[56] sspIterations[520] numSeparations[502] numCuts[0] compileTime[21] sspSolveTime[278] lpSolveTime[0] lb[3376.6] ub[3870.9] size: [93588] time: [428]
STATS - lpIterations[1] lagIterations[56] sspIterations[520] numSeparations[502] numCuts[0] compileTime[21] sspSolveTime[278] lpSolveTime[0] lb[3379.76] ub[3870.9] size: [93588] time: [430]
STATS - lpIterations[1] lagIterations[57] sspIterations[533] numSeparations[509] numCuts[0] compileTime[21] sspSolveTime[287] lpSolveTime[0] lb[3389.26] ub[3870.9] size: [93607] time: [442]
STATS - lpIterations[1] lagIterations[58] sspIterations[545] numSeparations[522] numCuts[0] compileTime[21] sspSolveTime[295] lpSolveTime[0] lb[3391.74] ub[3870.9] size: [93649] time: [453]
STATS - lpIterations[1] lagIterations[59] sspIterations[548] numSeparations[534] numCuts[0] compileTime[21] sspSolveTime[297] lpSolveTime[0] lb[3395.38] ub[3870.9] size: [93684] time: [455]
STATS - lpIterations[1] lagIterations[59] sspIterations[548] numSeparations[534] numCuts[0] compileTime[21] sspSolveTime[297] lpSolveTime[0] lb[3395.76] ub[3870.9] size: [93684] time: [456]
STATS - lpIterations[1] lagIterations[60] sspIterations[584] numSeparations[537] numCuts[0] compileTime[21] sspSolveTime[317] lpSolveTime[0] lb[3428.71] ub[3870.9] size: [93698] time: [481]
STATS - lpIterations[1] lagIterations[61] sspIterations[599] numSeparations[573] numCuts[0] compileTime[21] sspSolveTime[326] lpSolveTime[0] lb[3434.74] ub[3870.9] size: [93800] time: [495]
STATS - lpIterations[1] lagIterations[66] sspIterations[657] numSeparations[643] numCuts[0] compileTime[21] sspSolveTime[359] lpSolveTime[0] lb[3436.2] ub[3870.9] size: [94020] time: [542]
STATS - lpIterations[1] lagIterations[66] sspIterations[657] numSeparations[643] numCuts[0] compileTime[21] sspSolveTime[359] lpSolveTime[0] lb[3436.26] ub[3870.9] size: [94020] time: [543]
STATS - lpIterations[1] lagIterations[67] sspIterations[693] numSeparations[646] numCuts[0] compileTime[21] sspSolveTime[383] lpSolveTime[0] lb[3462.27] ub[3870.9] size: [94031] time: [574]
STATS - lpIterations[1] lagIterations[68] sspIterations[716] numSeparations[682] numCuts[0] compileTime[21] sspSolveTime[399] lpSolveTime[0] lb[3465.25] ub[3870.9] size: [94169] time: [595]
STATS - lpIterations[1] lagIterations[73] sspIterations[783] numSeparations[746] numCuts[0] compileTime[21] sspSolveTime[444] lpSolveTime[0] lb[3472.78] ub[3870.9] size: [94372] time: [657]
STATS - lpIterations[1] lagIterations[74] sspIterations[794] numSeparations[772] numCuts[0] compileTime[21] sspSolveTime[453] lpSolveTime[0] lb[3479.64] ub[3870.9] size: [94470] time: [669]
STATS - lpIterations[1] lagIterations[75] sspIterations[806] numSeparations[783] numCuts[0] compileTime[21] sspSolveTime[460] lpSolveTime[0] lb[3481.12] ub[3870.9] size: [94500] time: [679]
STATS - lpIterations[1] lagIterations[76] sspIterations[819] numSeparations[795] numCuts[0] compileTime[21] sspSolveTime[468] lpSolveTime[0] lb[3481.87] ub[3870.9] size: [94565] time: [691]
STATS - lpIterations[1] lagIterations[78] sspIterations[852] numSeparations[815] numCuts[0] compileTime[21] sspSolveTime[487] lpSolveTime[0] lb[3494.66] ub[3870.9] size: [94625] time: [717]
STATS - lpIterations[1] lagIterations[79] sspIterations[862] numSeparations[841] numCuts[0] compileTime[21] sspSolveTime[494] lpSolveTime[0] lb[3496.09] ub[3870.9] size: [94731] time: [725]
STATS - lpIterations[1] lagIterations[79] sspIterations[862] numSeparations[841] numCuts[0] compileTime[21] sspSolveTime[494] lpSolveTime[0] lb[3498.87] ub[3870.9] size: [94731] time: [728]
STATS - lpIterations[1] lagIterations[81] sspIterations[887] numSeparations[869] numCuts[0] compileTime[21] sspSolveTime[511] lpSolveTime[0] lb[3500.67] ub[3870.9] size: [94838] time: [753]
STATS - lpIterations[1] lagIterations[82] sspIterations[904] numSeparations[876] numCuts[0] compileTime[21] sspSolveTime[519] lpSolveTime[0] lb[3505.49] ub[3870.9] size: [94855] time: [765]
STATS - lpIterations[1] lagIterations[84] sspIterations[924] numSeparations[901] numCuts[0] compileTime[21] sspSolveTime[531] lpSolveTime[0] lb[3509.69] ub[3870.9] size: [94952] time: [784]
STATS - lpIterations[1] lagIterations[87] sspIterations[952] numSeparations[935] numCuts[0] compileTime[21] sspSolveTime[549] lpSolveTime[0] lb[3512.27] ub[3870.9] size: [95045] time: [809]
STATS - lpIterations[1] lagIterations[87] sspIterations[952] numSeparations[935] numCuts[0] compileTime[21] sspSolveTime[549] lpSolveTime[0] lb[3512.38] ub[3870.9] size: [95045] time: [811]
STATS - lpIterations[1] lagIterations[88] sspIterations[985] numSeparations[941] numCuts[0] compileTime[21] sspSolveTime[573] lpSolveTime[0] lb[3527.98] ub[3870.9] size: [95066] time: [841]
STATS - lpIterations[1] lagIterations[89] sspIterations[999] numSeparations[974] numCuts[0] compileTime[21] sspSolveTime[581] lpSolveTime[0] lb[3531.25] ub[3870.9] size: [95173] time: [853]
STATS - lpIterations[1] lagIterations[93] sspIterations[1042] numSeparations[1022] numCuts[0] compileTime[21] sspSolveTime[608] lpSolveTime[0] lb[3531.95] ub[3870.9] size: [95324] time: [895]
STATS - lpIterations[1] lagIterations[94] sspIterations[1061] numSeparations[1031] numCuts[0] compileTime[21] sspSolveTime[622] lpSolveTime[0] lb[3535.74] ub[3870.9] size: [95345] time: [912]
STATS - lpIterations[1] lagIterations[95] sspIterations[1068] numSeparations[1050] numCuts[0] compileTime[21] sspSolveTime[628] lpSolveTime[0] lb[3537.73] ub[3870.9] size: [95404] time: [922]
STATS - lpIterations[1] lagIterations[96] sspIterations[1087] numSeparations[1057] numCuts[0] compileTime[21] sspSolveTime[638] lpSolveTime[0] lb[3549.79] ub[3870.9] size: [95414] time: [937]
STATS - lpIterations[1] lagIterations[100] sspIterations[1145] numSeparations[1113] numCuts[0] compileTime[21] sspSolveTime[679] lpSolveTime[0] lb[3560.45] ub[3870.9] size: [95582] time: [994]
STATS - lpIterations[1] lagIterations[101] sspIterations[1153] numSeparations[1134] numCuts[0] compileTime[21] sspSolveTime[684] lpSolveTime[0] lb[3561.49] ub[3870.9] size: [95656] time: [1002]
STATS - lpIterations[1] lagIterations[106] sspIterations[1246] numSeparations[1205] numCuts[0] compileTime[21] sspSolveTime[737] lpSolveTime[0] lb[3567.77] ub[3870.9] size: [95893] time: [1076]
STATS - lpIterations[1] lagIterations[107] sspIterations[1256] numSeparations[1235] numCuts[0] compileTime[21] sspSolveTime[742] lpSolveTime[0] lb[3568.91] ub[3870.9] size: [95990] time: [1082]
STATS - lpIterations[1] lagIterations[107] sspIterations[1256] numSeparations[1235] numCuts[0] compileTime[21] sspSolveTime[742] lpSolveTime[0] lb[3570.48] ub[3870.9] size: [95990] time: [1086]
STATS - lpIterations[1] lagIterations[112] sspIterations[1354] numSeparations[1303] numCuts[0] compileTime[21] sspSolveTime[803] lpSolveTime[0] lb[3586.81] ub[3870.9] size: [96206] time: [1167]
STATS - lpIterations[1] lagIterations[113] sspIterations[1375] numSeparations[1343] numCuts[0] compileTime[21] sspSolveTime[817] lpSolveTime[0] lb[3591.34] ub[3870.9] size: [96305] time: [1186]
STATS - lpIterations[1] lagIterations[123] sspIterations[1523] numSeparations[1482] numCuts[0] compileTime[21] sspSolveTime[925] lpSolveTime[0] lb[3593.05] ub[3870.9] size: [96672] time: [1335]
STATS - lpIterations[1] lagIterations[124] sspIterations[1533] numSeparations[1512] numCuts[0] compileTime[21] sspSolveTime[934] lpSolveTime[0] lb[3593.71] ub[3870.9] size: [96754] time: [1344]
STATS - lpIterations[1] lagIterations[124] sspIterations[1533] numSeparations[1512] numCuts[0] compileTime[21] sspSolveTime[934] lpSolveTime[0] lb[3595.36] ub[3870.9] size: [96754] time: [1348]
STATS - lpIterations[1] lagIterations[127] sspIterations[1581] numSeparations[1551] numCuts[0] compileTime[21] sspSolveTime[976] lpSolveTime[0] lb[3595.62] ub[3870.9] size: [96865] time: [1402]
STATS - lpIterations[1] lagIterations[128] sspIterations[1590] numSeparations[1570] numCuts[0] compileTime[21] sspSolveTime[983] lpSolveTime[0] lb[3598.42] ub[3870.9] size: [96918] time: [1413]
STATS - lpIterations[1] lagIterations[129] sspIterations[1608] numSeparations[1579] numCuts[0] compileTime[21] sspSolveTime[1001] lpSolveTime[0] lb[3604.26] ub[3870.9] size: [96939] time: [1437]
STATS - lpIterations[1] lagIterations[133] sspIterations[1670] numSeparations[1636] numCuts[0] compileTime[21] sspSolveTime[1045] lpSolveTime[0] lb[3605.69] ub[3870.9] size: [97107] time: [1498]
STATS - lpIterations[1] lagIterations[134] sspIterations[1682] numSeparations[1659] numCuts[0] compileTime[21] sspSolveTime[1053] lpSolveTime[0] lb[3608.36] ub[3870.9] size: [97163] time: [1511]
STATS - lpIterations[1] lagIterations[137] sspIterations[1723] numSeparations[1693] numCuts[0] compileTime[21] sspSolveTime[1077] lpSolveTime[0] lb[3609.46] ub[3870.9] size: [97269] time: [1548]
STATS - lpIterations[1] lagIterations[138] sspIterations[1732] numSeparations[1712] numCuts[0] compileTime[21] sspSolveTime[1082] lpSolveTime[0] lb[3610.84] ub[3870.9] size: [97325] time: [1557]
STATS - lpIterations[1] lagIterations[139] sspIterations[1747] numSeparations[1721] numCuts[0] compileTime[21] sspSolveTime[1093] lpSolveTime[0] lb[3612.63] ub[3870.9] size: [97356] time: [1572]
STATS - lpIterations[1] lagIterations[144] sspIterations[1812] numSeparations[1775] numCuts[0] compileTime[21] sspSolveTime[1136] lpSolveTime[0] lb[3620.7] ub[3870.9] size: [97479] time: [1636]
STATS - lpIterations[1] lagIterations[145] sspIterations[1824] numSeparations[1801] numCuts[0] compileTime[21] sspSolveTime[1143] lpSolveTime[0] lb[3621.87] ub[3870.9] size: [97558] time: [1646]
STATS - lpIterations[1] lagIterations[150] sspIterations[1907] numSeparations[1859] numCuts[0] compileTime[21] sspSolveTime[1203] lpSolveTime[0] lb[3630.36] ub[3870.9] size: [97693] time: [1729]
STATS - lpIterations[1] lagIterations[151] sspIterations[1929] numSeparations[1896] numCuts[0] compileTime[21] sspSolveTime[1215] lpSolveTime[0] lb[3631.53] ub[3870.9] size: [97798] time: [1747]
STATS - lpIterations[1] lagIterations[157] sspIterations[2041] numSeparations[1994] numCuts[0] compileTime[21] sspSolveTime[1303] lpSolveTime[0] lb[3638.79] ub[3870.9] size: [98060] time: [1865]
STATS - lpIterations[1] lagIterations[158] sspIterations[2059] numSeparations[2030] numCuts[0] compileTime[21] sspSolveTime[1315] lpSolveTime[0] lb[3640.1] ub[3870.9] size: [98134] time: [1884]
STATS - lpIterations[1] lagIterations[172] sspIterations[2273] numSeparations[2226] numCuts[0] compileTime[21] sspSolveTime[1484] lpSolveTime[0] lb[3653.4] ub[3870.9] size: [98656] time: [2126]
STATS - lpIterations[1] lagIterations[173] sspIterations[2294] numSeparations[2262] numCuts[0] compileTime[21] sspSolveTime[1501] lpSolveTime[0] lb[3654.28] ub[3870.9] size: [98757] time: [2149]
STATS - lpIterations[1] lagIterations[181] sspIterations[2433] numSeparations[2410] numCuts[0] compileTime[21] sspSolveTime[1624] lpSolveTime[0] lb[3655.3] ub[3870.9] size: [99146] time: [2321]
STATS - lpIterations[1] lagIterations[197] sspIterations[2654] numSeparations[2614] numCuts[0] compileTime[21] sspSolveTime[1786] lpSolveTime[0] lb[3662.66] ub[3870.9] size: [99654] time: [2568]
STATS - lpIterations[1] lagIterations[198] sspIterations[2668] numSeparations[2643] numCuts[0] compileTime[21] sspSolveTime[1796] lpSolveTime[0] lb[3664.06] ub[3870.9] size: [99733] time: [2586]
STATS - lpIterations[1] lagIterations[207] sspIterations[2802] numSeparations[2767] numCuts[0] compileTime[21] sspSolveTime[1900] lpSolveTime[0] lb[3667.94] ub[3870.9] size: [100031] time: [2743]
STATS - lpIterations[1] lagIterations[217] sspIterations[2949] numSeparations[2910] numCuts[0] compileTime[21] sspSolveTime[2000] lpSolveTime[0] lb[3673.88] ub[3870.9] size: [100401] time: [2905]
STATS - lpIterations[1] lagIterations[218] sspIterations[2963] numSeparations[2938] numCuts[0] compileTime[21] sspSolveTime[2010] lpSolveTime[0] lb[3674.26] ub[3870.9] size: [100475] time: [2916]
STATS - lpIterations[1] lagIterations[218] sspIterations[2963] numSeparations[2938] numCuts[0] compileTime[21] sspSolveTime[2010] lpSolveTime[0] lb[3675.57] ub[3870.9] size: [100475] time: [2921]
STATS - lpIterations[1] lagIterations[229] sspIterations[3134] numSeparations[3104] numCuts[0] compileTime[21] sspSolveTime[2156] lpSolveTime[0] lb[3675.59] ub[3870.9] size: [100884] time: [3137]
STATS - lpIterations[1] lagIterations[233] sspIterations[3191] numSeparations[3158] numCuts[0] compileTime[21] sspSolveTime[2204] lpSolveTime[0] lb[3676.83] ub[3870.9] size: [101008] time: [3211]
STATS - lpIterations[1] lagIterations[235] sspIterations[3225] numSeparations[3187] numCuts[0] compileTime[21] sspSolveTime[2234] lpSolveTime[0] lb[3677.91] ub[3870.9] size: [101072] time: [3254]
STATS - lpIterations[1] lagIterations[236] sspIterations[3238] numSeparations[3214] numCuts[0] compileTime[21] sspSolveTime[2243] lpSolveTime[0] lb[3680.15] ub[3870.9] size: [101151] time: [3265]
STATS - lpIterations[1] lagIterations[247] sspIterations[3404] numSeparations[3367] numCuts[0] compileTime[21] sspSolveTime[2368] lpSolveTime[0] lb[3682.04] ub[3870.9] size: [101520] time: [3466]
