do not relax capacity constraint
hgs upper bound: 2694.9
compiling dd
time step mult: 10
time step: 900
cap step: 10
start compiling DD
add terminal node arcs
done compiling dd
STATS - lpIterations[1] lagIterations[0] sspIterations[0] numSeparations[0] numCuts[0] compileTime[3] sspSolveTime[0] lpSolveTime[0] lb[0] ub[2694.9] size: [40913] time: [3]
STATS - lpIterations[1] lagIterations[1] sspIterations[1] numSeparations[0] numCuts[0] compileTime[3] sspSolveTime[0] lpSolveTime[0] lb[2006.96] ub[2694.9] size: [40913] time: [3]
STATS - lpIterations[1] lagIterations[2] sspIterations[2] numSeparations[0] numCuts[0] compileTime[3] sspSolveTime[0] lpSolveTime[0] lb[2103.68] ub[2694.9] size: [40913] time: [4]
STATS - lpIterations[1] lagIterations[3] sspIterations[3] numSeparations[0] numCuts[0] compileTime[3] sspSolveTime[0] lpSolveTime[0] lb[2202.66] ub[2694.9] size: [40913] time: [4]
STATS - lpIterations[1] lagIterations[4] sspIterations[4] numSeparations[1] numCuts[0] compileTime[3] sspSolveTime[0] lpSolveTime[0] lb[2304.13] ub[2694.9] size: [40915] time: [4]
STATS - lpIterations[1] lagIterations[5] sspIterations[14] numSeparations[1] numCuts[0] compileTime[3] sspSolveTime[0] lpSolveTime[0] lb[2396.54] ub[2694.9] size: [40915] time: [5]
STATS - lpIterations[1] lagIterations[5] sspIterations[14] numSeparations[1] numCuts[0] compileTime[3] sspSolveTime[0] lpSolveTime[0] lb[2402.6] ub[2694.9] size: [40915] time: [5]
STATS - lpIterations[1] lagIterations[6] sspIterations[22] numSeparations[9] numCuts[0] compileTime[3] sspSolveTime[1] lpSolveTime[0] lb[2439.23] ub[2694.9] size: [40956] time: [5]
STATS - lpIterations[1] lagIterations[6] sspIterations[22] numSeparations[9] numCuts[0] compileTime[3] sspSolveTime[1] lpSolveTime[0] lb[2441.55] ub[2694.9] size: [40956] time: [6]
STATS - lpIterations[1] lagIterations[7] sspIterations[48] numSeparations[14] numCuts[0] compileTime[3] sspSolveTime[2] lpSolveTime[0] lb[2456.64] ub[2694.9] size: [40983] time: [7]
STATS - lpIterations[1] lagIterations[7] sspIterations[48] numSeparations[14] numCuts[0] compileTime[3] sspSolveTime[2] lpSolveTime[0] lb[2486.37] ub[2694.9] size: [40983] time: [8]
STATS - lpIterations[1] lagIterations[8] sspIterations[59] numSeparations[31] numCuts[0] compileTime[3] sspSolveTime[2] lpSolveTime[0] lb[2501.53] ub[2694.9] size: [41025] time: [8]
STATS - lpIterations[1] lagIterations[8] sspIterations[59] numSeparations[31] numCuts[0] compileTime[3] sspSolveTime[2] lpSolveTime[0] lb[2501.68] ub[2694.9] size: [41025] time: [9]
STATS - lpIterations[1] lagIterations[9] sspIterations[94] numSeparations[35] numCuts[0] compileTime[3] sspSolveTime[4] lpSolveTime[0] lb[2516.67] ub[2694.9] size: [41041] time: [12]
STATS - lpIterations[1] lagIterations[10] sspIterations[109] numSeparations[59] numCuts[0] compileTime[3] sspSolveTime[4] lpSolveTime[0] lb[2521.78] ub[2694.9] size: [41092] time: [12]
STATS - lpIterations[1] lagIterations[10] sspIterations[109] numSeparations[59] numCuts[0] compileTime[3] sspSolveTime[4] lpSolveTime[0] lb[2521.81] ub[2694.9] size: [41092] time: [13]
STATS - lpIterations[1] lagIterations[11] sspIterations[138] numSeparations[65] numCuts[0] compileTime[3] sspSolveTime[6] lpSolveTime[0] lb[2523.68] ub[2694.9] size: [41100] time: [15]
STATS - lpIterations[1] lagIterations[12] sspIterations[150] numSeparations[83] numCuts[0] compileTime[3] sspSolveTime[6] lpSolveTime[0] lb[2536.78] ub[2694.9] size: [41136] time: [16]
STATS - lpIterations[1] lagIterations[13] sspIterations[183] numSeparations[85] numCuts[0] compileTime[3] sspSolveTime[8] lpSolveTime[0] lb[2548.83] ub[2694.9] size: [41138] time: [20]
STATS - lpIterations[1] lagIterations[14] sspIterations[198] numSeparations[107] numCuts[0] compileTime[3] sspSolveTime[9] lpSolveTime[0] lb[2556.22] ub[2694.9] size: [41203] time: [21]
STATS - lpIterations[1] lagIterations[14] sspIterations[198] numSeparations[107] numCuts[0] compileTime[3] sspSolveTime[9] lpSolveTime[0] lb[2558.4] ub[2694.9] size: [41203] time: [21]
STATS - lpIterations[1] lagIterations[16] sspIterations[245] numSeparations[128] numCuts[0] compileTime[3] sspSolveTime[11] lpSolveTime[0] lb[2562.15] ub[2694.9] size: [41259] time: [25]
STATS - lpIterations[1] lagIterations[17] sspIterations[279] numSeparations[132] numCuts[0] compileTime[3] sspSolveTime[13] lpSolveTime[0] lb[2576.51] ub[2694.9] size: [41277] time: [29]
STATS - lpIterations[1] lagIterations[18] sspIterations[299] numSeparations[151] numCuts[0] compileTime[3] sspSolveTime[14] lpSolveTime[0] lb[2578.64] ub[2694.9] size: [41329] time: [31]
STATS - lpIterations[1] lagIterations[18] sspIterations[299] numSeparations[151] numCuts[0] compileTime[3] sspSolveTime[14] lpSolveTime[0] lb[2579.92] ub[2694.9] size: [41329] time: [32]
STATS - lpIterations[1] lagIterations[22] sspIterations[380] numSeparations[185] numCuts[0] compileTime[3] sspSolveTime[18] lpSolveTime[0] lb[2581.58] ub[2694.9] size: [41392] time: [41]
STATS - lpIterations[1] lagIterations[23] sspIterations[392] numSeparations[200] numCuts[0] compileTime[3] sspSolveTime[19] lpSolveTime[0] lb[2591.17] ub[2694.9] size: [41436] time: [42]
STATS - lpIterations[1] lagIterations[24] sspIterations[429] numSeparations[202] numCuts[0] compileTime[3] sspSolveTime[21] lpSolveTime[0] lb[2612.1] ub[2694.9] size: [41439] time: [47]
STATS - lpIterations[1] lagIterations[25] sspIterations[451] numSeparations[226] numCuts[0] compileTime[3] sspSolveTime[22] lpSolveTime[0] lb[2612.26] ub[2694.9] size: [41493] time: [50]
STATS - lpIterations[1] lagIterations[35] sspIterations[645] numSeparations[297] numCuts[0] compileTime[3] sspSolveTime[32] lpSolveTime[0] lb[2616.42] ub[2694.9] size: [41629] time: [76]
STATS - lpIterations[1] lagIterations[36] sspIterations[659] numSeparations[309] numCuts[0] compileTime[3] sspSolveTime[33] lpSolveTime[0] lb[2616.49] ub[2694.9] size: [41657] time: [78]
STATS - lpIterations[1] lagIterations[37] sspIterations[691] numSeparations[313] numCuts[0] compileTime[3] sspSolveTime[35] lpSolveTime[0] lb[2624.37] ub[2694.9] size: [41663] time: [83]
STATS - lpIterations[1] lagIterations[38] sspIterations[707] numSeparations[332] numCuts[0] compileTime[3] sspSolveTime[36] lpSolveTime[0] lb[2628.13] ub[2694.9] size: [41703] time: [84]
STATS - lpIterations[1] lagIterations[44] sspIterations[839] numSeparations[378] numCuts[0] compileTime[3] sspSolveTime[44] lpSolveTime[0] lb[2630.08] ub[2694.9] size: [41788] time: [104]
STATS - lpIterations[1] lagIterations[45] sspIterations[856] numSeparations[396] numCuts[0] compileTime[3] sspSolveTime[44] lpSolveTime[0] lb[2639.07] ub[2694.9] size: [41810] time: [106]
STATS - lpIterations[1] lagIterations[53] sspIterations[1020] numSeparations[449] numCuts[0] compileTime[3] sspSolveTime[53] lpSolveTime[0] lb[2640.97] ub[2694.9] size: [41902] time: [130]
STATS - lpIterations[1] lagIterations[55] sspIterations[1067] numSeparations[464] numCuts[0] compileTime[3] sspSolveTime[55] lpSolveTime[0] lb[2641.82] ub[2694.9] size: [41934] time: [136]
STATS - lpIterations[1] lagIterations[55] sspIterations[1067] numSeparations[464] numCuts[0] compileTime[3] sspSolveTime[55] lpSolveTime[0] lb[2644.29] ub[2694.9] size: [41934] time: [137]
STATS - lpIterations[1] lagIterations[58] sspIterations[1132] numSeparations[476] numCuts[0] compileTime[3] sspSolveTime[58] lpSolveTime[0] lb[2645.98] ub[2694.9] size: [41953] time: [145]
STATS - lpIterations[1] lagIterations[59] sspIterations[1151] numSeparations[492] numCuts[0] compileTime[3] sspSolveTime[59] lpSolveTime[0] lb[2650.1] ub[2694.9] size: [41983] time: [146]
STATS - lpIterations[1] lagIterations[64] sspIterations[1263] numSeparations[515] numCuts[0] compileTime[3] sspSolveTime[65] lpSolveTime[0] lb[2652.43] ub[2694.9] size: [42029] time: [163]
STATS - lpIterations[1] lagIterations[65] sspIterations[1283] numSeparations[533] numCuts[0] compileTime[3] sspSolveTime[66] lpSolveTime[0] lb[2654.42] ub[2694.9] size: [42067] time: [166]
STATS - lpIterations[1] lagIterations[68] sspIterations[1353] numSeparations[548] numCuts[0] compileTime[3] sspSolveTime[70] lpSolveTime[0] lb[2659.43] ub[2694.9] size: [42098] time: [177]
STATS - lpIterations[1] lagIterations[69] sspIterations[1373] numSeparations[562] numCuts[0] compileTime[3] sspSolveTime[71] lpSolveTime[0] lb[2663.17] ub[2694.9] size: [42132] time: [179]
STATS - lpIterations[1] lagIterations[72] sspIterations[1448] numSeparations[578] numCuts[0] compileTime[3] sspSolveTime[75] lpSolveTime[0] lb[2663.47] ub[2694.9] size: [42171] time: [190]
STATS - lpIterations[1] lagIterations[73] sspIterations[1471] numSeparations[590] numCuts[0] compileTime[3] sspSolveTime[76] lpSolveTime[0] lb[2666.56] ub[2694.9] size: [42198] time: [191]
STATS - lpIterations[1] lagIterations[73] sspIterations[1471] numSeparations[590] numCuts[0] compileTime[3] sspSolveTime[76] lpSolveTime[0] lb[2667.05] ub[2694.9] size: [42198] time: [193]
switching from LAG to LP solver
num vars: 93117
STATS - lpIterations[2] lagIterations[73] sspIterations[1471] numSeparations[590] numCuts[0] compileTime[3] sspSolveTime[76] lpSolveTime[76] lb[2694.67] ub[2694.9] size: [42198] time: [270]
no rcc cuts found
num vars: 93122
STATS - lpIterations[3] lagIterations[73] sspIterations[1471] numSeparations[591] numCuts[0] compileTime[3] sspSolveTime[76] lpSolveTime[145] lb[2694.9] ub[2694.9] size: [42199] time: [341]
integral solution
routes: 
flow {1}: 0 20 41 85 80 31 25 172 77 110 162 
flow {1}: 0 21 23 182 75 163 194 145 195 52 92 
flow {1}: 0 30 120 19 192 196 97 14 96 130 28 74 149 
flow {1}: 0 32 171 65 86 115 94 51 174 136 189 
flow {1}: 0 45 178 27 173 154 24 61 100 64 179 109 
flow {1}: 0 57 118 83 143 176 36 33 121 17 
flow {1}: 0 60 82 180 84 191 125 4 72 165 188 108 
flow {1}: 0 62 131 44 102 146 68 76 
flow {1}: 0 73 116 12 129 11 6 122 139 
flow {1}: 0 93 55 135 58 184 199 37 81 137 
flow {1}: 0 101 144 119 166 35 126 71 9 1 99 53 
flow {1}: 0 113 155 78 175 13 43 2 90 67 39 107 
flow {1}: 0 114 159 38 150 22 151 16 140 187 142 111 63 56 
flow {1}: 0 133 48 26 152 40 153 169 89 105 15 59 198 
flow {1}: 0 148 103 197 124 141 69 200 
flow {1}: 0 161 104 18 54 185 132 7 181 117 49 183 
flow {1}: 0 164 66 147 160 47 91 70 
flow {1}: 0 170 134 50 156 112 168 79 29 87 42 123 
flow {1}: 0 177 3 88 8 186 127 98 157 138 
flow {1}: 0 190 5 10 193 46 128 106 167 34 95 158 
no more separations possible
no more separations or cuts possible
STATS - lpIterations[3] lagIterations[73] sspIterations[1471] numSeparations[591] numCuts[0] compileTime[3] sspSolveTime[76] lpSolveTime[145] lb[2694.9] ub[2694.9] size: [42199] time: [341]
finished solving - complete
time elapsed: 341
