do not relax capacity constraint
hgs upper bound: 7083
compiling dd
time step mult: 10
time step: 900
cap step: 10
start compiling DD
add terminal node arcs
done compiling dd
STATS - lpIterations[1] lagIterations[0] sspIterations[0] numSeparations[0] numCuts[0] compileTime[86] sspSolveTime[0] lpSolveTime[0] lb[0] ub[7083] size: [142984] time: [86]
STATS - lpIterations[1] lagIterations[1] sspIterations[1] numSeparations[0] numCuts[0] compileTime[86] sspSolveTime[0] lpSolveTime[0] lb[5661.7] ub[7083] size: [142984] time: [87]
STATS - lpIterations[1] lagIterations[2] sspIterations[2] numSeparations[0] numCuts[0] compileTime[86] sspSolveTime[1] lpSolveTime[0] lb[5940.43] ub[7083] size: [142984] time: [89]
STATS - lpIterations[1] lagIterations[3] sspIterations[3] numSeparations[0] numCuts[0] compileTime[86] sspSolveTime[2] lpSolveTime[0] lb[6224.21] ub[7083] size: [142984] time: [90]
STATS - lpIterations[1] lagIterations[4] sspIterations[39] numSeparations[0] numCuts[0] compileTime[86] sspSolveTime[8] lpSolveTime[0] lb[6424.45] ub[7083] size: [142984] time: [97]
STATS - lpIterations[1] lagIterations[4] sspIterations[39] numSeparations[0] numCuts[0] compileTime[86] sspSolveTime[8] lpSolveTime[0] lb[6476.6] ub[7083] size: [142984] time: [102]
STATS - lpIterations[1] lagIterations[5] sspIterations[58] numSeparations[23] numCuts[0] compileTime[86] sspSolveTime[10] lpSolveTime[0] lb[6499.88] ub[7083] size: [143084] time: [105]
STATS - lpIterations[1] lagIterations[5] sspIterations[58] numSeparations[23] numCuts[0] compileTime[86] sspSolveTime[10] lpSolveTime[0] lb[6501.27] ub[7083] size: [143084] time: [110]
STATS - lpIterations[1] lagIterations[6] sspIterations[137] numSeparations[34] numCuts[0] compileTime[86] sspSolveTime[25] lpSolveTime[0] lb[6566.57] ub[7083] size: [143124] time: [135]
STATS - lpIterations[1] lagIterations[7] sspIterations[170] numSeparations[92] numCuts[0] compileTime[86] sspSolveTime[30] lpSolveTime[0] lb[6582.18] ub[7083] size: [143374] time: [147]
STATS - lpIterations[1] lagIterations[8] sspIterations[229] numSeparations[111] numCuts[0] compileTime[86] sspSolveTime[40] lpSolveTime[0] lb[6586.97] ub[7083] size: [143419] time: [165]
STATS - lpIterations[1] lagIterations[9] sspIterations[251] numSeparations[148] numCuts[0] compileTime[86] sspSolveTime[43] lpSolveTime[0] lb[6588.96] ub[7083] size: [143552] time: [169]
STATS - lpIterations[1] lagIterations[10] sspIterations[342] numSeparations[158] numCuts[0] compileTime[86] sspSolveTime[59] lpSolveTime[0] lb[6624.66] ub[7083] size: [143581] time: [201]
STATS - lpIterations[1] lagIterations[11] sspIterations[389] numSeparations[218] numCuts[0] compileTime[86] sspSolveTime[67] lpSolveTime[0] lb[6639.15] ub[7083] size: [143752] time: [219]
STATS - lpIterations[1] lagIterations[15] sspIterations[556] numSeparations[301] numCuts[0] compileTime[86] sspSolveTime[96] lpSolveTime[0] lb[6646.59] ub[7083] size: [144004] time: [281]
STATS - lpIterations[1] lagIterations[16] sspIterations[582] numSeparations[347] numCuts[0] compileTime[86] sspSolveTime[100] lpSolveTime[0] lb[6656.21] ub[7083] size: [144157] time: [286]
STATS - lpIterations[1] lagIterations[16] sspIterations[582] numSeparations[347] numCuts[0] compileTime[86] sspSolveTime[100] lpSolveTime[0] lb[6658.46] ub[7083] size: [144157] time: [292]
STATS - lpIterations[1] lagIterations[17] sspIterations[654] numSeparations[358] numCuts[0] compileTime[86] sspSolveTime[114] lpSolveTime[0] lb[6672.21] ub[7083] size: [144199] time: [318]
STATS - lpIterations[1] lagIterations[18] sspIterations[683] numSeparations[410] numCuts[0] compileTime[86] sspSolveTime[121] lpSolveTime[0] lb[6682.27] ub[7083] size: [144351] time: [326]
STATS - lpIterations[1] lagIterations[18] sspIterations[683] numSeparations[410] numCuts[0] compileTime[86] sspSolveTime[121] lpSolveTime[0] lb[6689.51] ub[7083] size: [144351] time: [334]
STATS - lpIterations[1] lagIterations[20] sspIterations[793] numSeparations[484] numCuts[0] compileTime[86] sspSolveTime[142] lpSolveTime[0] lb[6690.74] ub[7083] size: [144554] time: [375]
STATS - lpIterations[1] lagIterations[26] sspIterations[1069] numSeparations[639] numCuts[0] compileTime[86] sspSolveTime[192] lpSolveTime[0] lb[6691.18] ub[7083] size: [144946] time: [485]
STATS - lpIterations[1] lagIterations[27] sspIterations[1135] numSeparations[648] numCuts[0] compileTime[86] sspSolveTime[205] lpSolveTime[0] lb[6701.66] ub[7083] size: [144968] time: [509]
STATS - lpIterations[1] lagIterations[28] sspIterations[1172] numSeparations[691] numCuts[0] compileTime[86] sspSolveTime[212] lpSolveTime[0] lb[6705.81] ub[7083] size: [145068] time: [525]
STATS - lpIterations[1] lagIterations[30] sspIterations[1240] numSeparations[735] numCuts[0] compileTime[86] sspSolveTime[224] lpSolveTime[0] lb[6709.97] ub[7083] size: [145172] time: [554]
STATS - lpIterations[1] lagIterations[31] sspIterations[1296] numSeparations[748] numCuts[0] compileTime[86] sspSolveTime[235] lpSolveTime[0] lb[6731.28] ub[7083] size: [145203] time: [576]
STATS - lpIterations[1] lagIterations[32] sspIterations[1337] numSeparations[778] numCuts[0] compileTime[86] sspSolveTime[244] lpSolveTime[0] lb[6734.63] ub[7083] size: [145270] time: [596]
STATS - lpIterations[1] lagIterations[38] sspIterations[1578] numSeparations[883] numCuts[0] compileTime[86] sspSolveTime[289] lpSolveTime[0] lb[6749.53] ub[7083] size: [145508] time: [697]
STATS - lpIterations[1] lagIterations[39] sspIterations[1605] numSeparations[917] numCuts[0] compileTime[86] sspSolveTime[294] lpSolveTime[0] lb[6752.84] ub[7083] size: [145598] time: [703]
STATS - lpIterations[1] lagIterations[39] sspIterations[1605] numSeparations[917] numCuts[0] compileTime[86] sspSolveTime[294] lpSolveTime[0] lb[6754.79] ub[7083] size: [145598] time: [710]
STATS - lpIterations[1] lagIterations[45] sspIterations[1910] numSeparations[1037] numCuts[0] compileTime[86] sspSolveTime[359] lpSolveTime[0] lb[6757.1] ub[7083] size: [145866] time: [839]
STATS - lpIterations[1] lagIterations[46] sspIterations[1958] numSeparations[1094] numCuts[0] compileTime[86] sspSolveTime[370] lpSolveTime[0] lb[6766.11] ub[7083] size: [146012] time: [862]
STATS - lpIterations[1] lagIterations[53] sspIterations[2244] numSeparations[1219] numCuts[0] compileTime[86] sspSolveTime[427] lpSolveTime[0] lb[6789.78] ub[7083] size: [146256] time: [986]
STATS - lpIterations[1] lagIterations[54] sspIterations[2291] numSeparations[1271] numCuts[0] compileTime[86] sspSolveTime[438] lpSolveTime[0] lb[6791.24] ub[7083] size: [146369] time: [1008]
STATS - lpIterations[1] lagIterations[68] sspIterations[2854] numSeparations[1509] numCuts[0] compileTime[86] sspSolveTime[549] lpSolveTime[0] lb[6803.5] ub[7083] size: [146878] time: [1262]
STATS - lpIterations[1] lagIterations[69] sspIterations[2884] numSeparations[1542] numCuts[0] compileTime[86] sspSolveTime[555] lpSolveTime[0] lb[6805.96] ub[7083] size: [146947] time: [1278]
STATS - lpIterations[1] lagIterations[76] sspIterations[3191] numSeparations[1681] numCuts[0] compileTime[86] sspSolveTime[621] lpSolveTime[0] lb[6806.23] ub[7083] size: [147205] time: [1426]
STATS - lpIterations[1] lagIterations[84] sspIterations[3504] numSeparations[1804] numCuts[0] compileTime[86] sspSolveTime[680] lpSolveTime[0] lb[6811.2] ub[7083] size: [147435] time: [1573]
STATS - lpIterations[1] lagIterations[85] sspIterations[3531] numSeparations[1827] numCuts[0] compileTime[86] sspSolveTime[685] lpSolveTime[0] lb[6814.33] ub[7083] size: [147476] time: [1579]
STATS - lpIterations[1] lagIterations[86] sspIterations[3613] numSeparations[1831] numCuts[0] compileTime[86] sspSolveTime[712] lpSolveTime[0] lb[6817.51] ub[7083] size: [147480] time: [1631]
STATS - lpIterations[1] lagIterations[87] sspIterations[3658] numSeparations[1888] numCuts[0] compileTime[86] sspSolveTime[722] lpSolveTime[0] lb[6823.16] ub[7083] size: [147597] time: [1656]
STATS - lpIterations[1] lagIterations[102] sspIterations[4247] numSeparations[2137] numCuts[0] compileTime[86] sspSolveTime[842] lpSolveTime[0] lb[6828.81] ub[7083] size: [148049] time: [1941]
STATS - lpIterations[1] lagIterations[109] sspIterations[4506] numSeparations[2232] numCuts[0] compileTime[86] sspSolveTime[894] lpSolveTime[0] lb[6829.56] ub[7083] size: [148225] time: [2071]
STATS - lpIterations[1] lagIterations[110] sspIterations[4553] numSeparations[2245] numCuts[0] compileTime[86] sspSolveTime[904] lpSolveTime[0] lb[6830] ub[7083] size: [148250] time: [2093]
STATS - lpIterations[1] lagIterations[112] sspIterations[4632] numSeparations[2280] numCuts[0] compileTime[86] sspSolveTime[920] lpSolveTime[0] lb[6831.55] ub[7083] size: [148314] time: [2133]
STATS - lpIterations[1] lagIterations[113] sspIterations[4664] numSeparations[2297] numCuts[0] compileTime[86] sspSolveTime[926] lpSolveTime[0] lb[6838.62] ub[7083] size: [148341] time: [2141]
STATS - lpIterations[1] lagIterations[120] sspIterations[4967] numSeparations[2417] numCuts[0] compileTime[86] sspSolveTime[995] lpSolveTime[0] lb[6842.07] ub[7083] size: [148543] time: [2306]
STATS - lpIterations[1] lagIterations[121] sspIterations[5000] numSeparations[2438] numCuts[0] compileTime[86] sspSolveTime[1002] lpSolveTime[0] lb[6842.92] ub[7083] size: [148583] time: [2315]
STATS - lpIterations[1] lagIterations[127] sspIterations[5248] numSeparations[2515] numCuts[0] compileTime[86] sspSolveTime[1054] lpSolveTime[0] lb[6851.4] ub[7083] size: [148709] time: [2448]
STATS - lpIterations[1] lagIterations[128] sspIterations[5288] numSeparations[2553] numCuts[0] compileTime[86] sspSolveTime[1062] lpSolveTime[0] lb[6855.8] ub[7083] size: [148773] time: [2472]
STATS - lpIterations[1] lagIterations[141] sspIterations[5861] numSeparations[2804] numCuts[0] compileTime[86] sspSolveTime[1192] lpSolveTime[0] lb[6856.53] ub[7083] size: [149293] time: [2770]
STATS - lpIterations[1] lagIterations[149] sspIterations[6206] numSeparations[2926] numCuts[0] compileTime[86] sspSolveTime[1269] lpSolveTime[0] lb[6863.73] ub[7083] size: [149524] time: [2958]
STATS - lpIterations[1] lagIterations[150] sspIterations[6239] numSeparations[2958] numCuts[0] compileTime[86] sspSolveTime[1274] lpSolveTime[0] lb[6864.49] ub[7083] size: [149588] time: [2967]
STATS - lpIterations[1] lagIterations[153] sspIterations[6392] numSeparations[3005] numCuts[0] compileTime[86] sspSolveTime[1313] lpSolveTime[0] lb[6867.73] ub[7083] size: [149665] time: [3056]
STATS - lpIterations[1] lagIterations[154] sspIterations[6427] numSeparations[3041] numCuts[0] compileTime[86] sspSolveTime[1319] lpSolveTime[0] lb[6868.29] ub[7083] size: [149732] time: [3065]
STATS - lpIterations[1] lagIterations[154] sspIterations[6427] numSeparations[3041] numCuts[0] compileTime[86] sspSolveTime[1319] lpSolveTime[0] lb[6868.94] ub[7083] size: [149732] time: [3076]
STATS - lpIterations[1] lagIterations[159] sspIterations[6659] numSeparations[3112] numCuts[0] compileTime[86] sspSolveTime[1374] lpSolveTime[0] lb[6869.42] ub[7083] size: [149851] time: [3202]
STATS - lpIterations[1] lagIterations[160] sspIterations[6701] numSeparations[3147] numCuts[0] compileTime[86] sspSolveTime[1382] lpSolveTime[0] lb[6872.29] ub[7083] size: [149901] time: [3226]
STATS - lpIterations[1] lagIterations[175] sspIterations[7338] numSeparations[3383] numCuts[0] compileTime[86] sspSolveTime[1527] lpSolveTime[0] lb[6873.56] ub[7083] size: [150328] time: [3576]
