do not relax capacity constraint
hgs upper bound: 13664.5
compiling dd
time step mult: 10
time step: 900
cap step: 10
start compiling DD
add terminal node arcs
done compiling dd
STATS - lpIterations[1] lagIterations[0] sspIterations[0] numSeparations[0] numCuts[0] compileTime[1172] sspSolveTime[0] lpSolveTime[0] lb[0] ub[13664.5] size: [383306] time: [1172]
STATS - lpIterations[1] lagIterations[1] sspIterations[1] numSeparations[0] numCuts[0] compileTime[1172] sspSolveTime[3] lpSolveTime[0] lb[11677.1] ub[13664.5] size: [383306] time: [1176]
STATS - lpIterations[1] lagIterations[2] sspIterations[2] numSeparations[1] numCuts[0] compileTime[1172] sspSolveTime[6] lpSolveTime[0] lb[12241.6] ub[13664.5] size: [383309] time: [1183]
STATS - lpIterations[1] lagIterations[3] sspIterations[35] numSeparations[1] numCuts[0] compileTime[1172] sspSolveTime[24] lpSolveTime[0] lb[12766.8] ub[13664.5] size: [383309] time: [1205]
STATS - lpIterations[1] lagIterations[3] sspIterations[35] numSeparations[1] numCuts[0] compileTime[1172] sspSolveTime[24] lpSolveTime[0] lb[12800.4] ub[13664.5] size: [383309] time: [1225]
STATS - lpIterations[1] lagIterations[4] sspIterations[84] numSeparations[24] numCuts[0] compileTime[1172] sspSolveTime[39] lpSolveTime[0] lb[12876] ub[13664.5] size: [383426] time: [1243]
STATS - lpIterations[1] lagIterations[4] sspIterations[84] numSeparations[24] numCuts[0] compileTime[1172] sspSolveTime[39] lpSolveTime[0] lb[12901.9] ub[13664.5] size: [383426] time: [1279]
STATS - lpIterations[1] lagIterations[5] sspIterations[153] numSeparations[55] numCuts[0] compileTime[1172] sspSolveTime[68] lpSolveTime[0] lb[12922.4] ub[13664.5] size: [383590] time: [1342]
STATS - lpIterations[1] lagIterations[6] sspIterations[194] numSeparations[99] numCuts[0] compileTime[1172] sspSolveTime[86] lpSolveTime[0] lb[12932.6] ub[13664.5] size: [383769] time: [1395]
STATS - lpIterations[1] lagIterations[7] sspIterations[262] numSeparations[128] numCuts[0] compileTime[1172] sspSolveTime[112] lpSolveTime[0] lb[12983.1] ub[13664.5] size: [383904] time: [1463]
STATS - lpIterations[1] lagIterations[8] sspIterations[292] numSeparations[169] numCuts[0] compileTime[1172] sspSolveTime[128] lpSolveTime[0] lb[12994.4] ub[13664.5] size: [384060] time: [1483]
STATS - lpIterations[1] lagIterations[8] sspIterations[292] numSeparations[169] numCuts[0] compileTime[1172] sspSolveTime[128] lpSolveTime[0] lb[13004.3] ub[13664.5] size: [384060] time: [1511]
STATS - lpIterations[1] lagIterations[9] sspIterations[463] numSeparations[188] numCuts[0] compileTime[1172] sspSolveTime[206] lpSolveTime[0] lb[13065.6] ub[13664.5] size: [384144] time: [1649]
STATS - lpIterations[1] lagIterations[10] sspIterations[519] numSeparations[315] numCuts[0] compileTime[1172] sspSolveTime[229] lpSolveTime[0] lb[13079.9] ub[13664.5] size: [384594] time: [1675]
STATS - lpIterations[1] lagIterations[10] sspIterations[519] numSeparations[315] numCuts[0] compileTime[1172] sspSolveTime[229] lpSolveTime[0] lb[13090.8] ub[13664.5] size: [384594] time: [1724]
STATS - lpIterations[1] lagIterations[13] sspIterations[885] numSeparations[416] numCuts[0] compileTime[1172] sspSolveTime[430] lpSolveTime[0] lb[13155.2] ub[13664.5] size: [384903] time: [2075]
STATS - lpIterations[1] lagIterations[14] sspIterations[990] numSeparations[583] numCuts[0] compileTime[1172] sspSolveTime[483] lpSolveTime[0] lb[13167.9] ub[13664.5] size: [385479] time: [2183]
STATS - lpIterations[1] lagIterations[20] sspIterations[1550] numSeparations[840] numCuts[0] compileTime[1172] sspSolveTime[785] lpSolveTime[0] lb[13195.5] ub[13664.5] size: [386220] time: [2787]
STATS - lpIterations[1] lagIterations[21] sspIterations[1659] numSeparations[977] numCuts[0] compileTime[1172] sspSolveTime[838] lpSolveTime[0] lb[13204.4] ub[13664.5] size: [386608] time: [2909]
STATS - lpIterations[1] lagIterations[23] sspIterations[1895] numSeparations[1046] numCuts[0] compileTime[1172] sspSolveTime[978] lpSolveTime[0] lb[13237.5] ub[13664.5] size: [386768] time: [3169]
STATS - lpIterations[1] lagIterations[24] sspIterations[2002] numSeparations[1176] numCuts[0] compileTime[1172] sspSolveTime[1035] lpSolveTime[0] lb[13250] ub[13664.5] size: [387093] time: [3294]
