do not relax capacity constraint
hgs upper bound: 25156.9
compiling dd
time step mult: 10
time step: 900
cap step: 10
start compiling DD
add terminal node arcs
done compiling dd
STATS - lpIterations[1] lagIterations[0] sspIterations[0] numSeparations[0] numCuts[0] compileTime[33] sspSolveTime[0] lpSolveTime[0] lb[0] ub[25156.9] size: [89307] time: [33]
STATS - lpIterations[1] lagIterations[1] sspIterations[1] numSeparations[0] numCuts[0] compileTime[33] sspSolveTime[0] lpSolveTime[0] lb[21099.7] ub[25156.9] size: [89307] time: [34]
STATS - lpIterations[1] lagIterations[2] sspIterations[2] numSeparations[0] numCuts[0] compileTime[33] sspSolveTime[1] lpSolveTime[0] lb[22131.5] ub[25156.9] size: [89307] time: [35]
STATS - lpIterations[1] lagIterations[3] sspIterations[42] numSeparations[0] numCuts[0] compileTime[33] sspSolveTime[4] lpSolveTime[0] lb[23026.7] ub[25156.9] size: [89307] time: [38]
STATS - lpIterations[1] lagIterations[3] sspIterations[42] numSeparations[0] numCuts[0] compileTime[33] sspSolveTime[4] lpSolveTime[0] lb[23055.2] ub[25156.9] size: [89307] time: [45]
STATS - lpIterations[1] lagIterations[4] sspIterations[127] numSeparations[16] numCuts[0] compileTime[33] sspSolveTime[10] lpSolveTime[0] lb[23153] ub[25156.9] size: [89356] time: [51]
STATS - lpIterations[1] lagIterations[4] sspIterations[127] numSeparations[16] numCuts[0] compileTime[33] sspSolveTime[10] lpSolveTime[0] lb[23374.4] ub[25156.9] size: [89356] time: [63]
STATS - lpIterations[1] lagIterations[5] sspIterations[174] numSeparations[64] numCuts[0] compileTime[33] sspSolveTime[13] lpSolveTime[0] lb[23518.4] ub[25156.9] size: [89518] time: [66]
STATS - lpIterations[1] lagIterations[6] sspIterations[278] numSeparations[74] numCuts[0] compileTime[33] sspSolveTime[20] lpSolveTime[0] lb[23745.9] ub[25156.9] size: [89556] time: [97]
STATS - lpIterations[1] lagIterations[7] sspIterations[337] numSeparations[123] numCuts[0] compileTime[33] sspSolveTime[24] lpSolveTime[0] lb[23855.1] ub[25156.9] size: [89732] time: [103]
STATS - lpIterations[1] lagIterations[8] sspIterations[446] numSeparations[135] numCuts[0] compileTime[33] sspSolveTime[33] lpSolveTime[0] lb[23875.2] ub[25156.9] size: [89784] time: [140]
STATS - lpIterations[1] lagIterations[9] sspIterations[517] numSeparations[190] numCuts[0] compileTime[33] sspSolveTime[38] lpSolveTime[0] lb[23942.4] ub[25156.9] size: [89966] time: [147]
STATS - lpIterations[1] lagIterations[9] sspIterations[517] numSeparations[190] numCuts[0] compileTime[33] sspSolveTime[38] lpSolveTime[0] lb[23956.7] ub[25156.9] size: [89966] time: [160]
STATS - lpIterations[1] lagIterations[11] sspIterations[658] numSeparations[245] numCuts[0] compileTime[33] sspSolveTime[49] lpSolveTime[0] lb[24029.2] ub[25156.9] size: [90162] time: [187]
STATS - lpIterations[1] lagIterations[11] sspIterations[658] numSeparations[245] numCuts[0] compileTime[33] sspSolveTime[49] lpSolveTime[0] lb[24037.7] ub[25156.9] size: [90162] time: [198]
STATS - lpIterations[1] lagIterations[12] sspIterations[753] numSeparations[258] numCuts[0] compileTime[33] sspSolveTime[57] lpSolveTime[0] lb[24132.7] ub[25156.9] size: [90217] time: [223]
STATS - lpIterations[1] lagIterations[13] sspIterations[830] numSeparations[286] numCuts[0] compileTime[33] sspSolveTime[62] lpSolveTime[0] lb[24147.5] ub[25156.9] size: [90294] time: [231]
STATS - lpIterations[1] lagIterations[13] sspIterations[830] numSeparations[286] numCuts[0] compileTime[33] sspSolveTime[62] lpSolveTime[0] lb[24183.7] ub[25156.9] size: [90294] time: [244]
STATS - lpIterations[1] lagIterations[16] sspIterations[1050] numSeparations[333] numCuts[0] compileTime[33] sspSolveTime[82] lpSolveTime[0] lb[24238.1] ub[25156.9] size: [90445] time: [309]
STATS - lpIterations[1] lagIterations[17] sspIterations[1116] numSeparations[355] numCuts[0] compileTime[33] sspSolveTime[87] lpSolveTime[0] lb[24287.8] ub[25156.9] size: [90491] time: [316]
STATS - lpIterations[1] lagIterations[19] sspIterations[1289] numSeparations[410] numCuts[0] compileTime[33] sspSolveTime[103] lpSolveTime[0] lb[24385.5] ub[25156.9] size: [90638] time: [366]
STATS - lpIterations[1] lagIterations[23] sspIterations[1612] numSeparations[497] numCuts[0] compileTime[33] sspSolveTime[134] lpSolveTime[0] lb[24436] ub[25156.9] size: [90868] time: [461]
STATS - lpIterations[1] lagIterations[25] sspIterations[1776] numSeparations[534] numCuts[0] compileTime[33] sspSolveTime[149] lpSolveTime[0] lb[24477.6] ub[25156.9] size: [90984] time: [525]
STATS - lpIterations[1] lagIterations[26] sspIterations[1851] numSeparations[547] numCuts[0] compileTime[33] sspSolveTime[156] lpSolveTime[0] lb[24498.2] ub[25156.9] size: [91020] time: [550]
STATS - lpIterations[1] lagIterations[28] sspIterations[2010] numSeparations[581] numCuts[0] compileTime[33] sspSolveTime[169] lpSolveTime[0] lb[24518.3] ub[25156.9] size: [91120] time: [581]
STATS - lpIterations[1] lagIterations[28] sspIterations[2010] numSeparations[581] numCuts[0] compileTime[33] sspSolveTime[169] lpSolveTime[0] lb[24520] ub[25156.9] size: [91120] time: [596]
STATS - lpIterations[1] lagIterations[32] sspIterations[2328] numSeparations[652] numCuts[0] compileTime[33] sspSolveTime[198] lpSolveTime[0] lb[24560.8] ub[25156.9] size: [91309] time: [694]
STATS - lpIterations[1] lagIterations[35] sspIterations[2558] numSeparations[682] numCuts[0] compileTime[33] sspSolveTime[219] lpSolveTime[0] lb[24563.6] ub[25156.9] size: [91376] time: [764]
STATS - lpIterations[1] lagIterations[36] sspIterations[2632] numSeparations[690] numCuts[0] compileTime[33] sspSolveTime[226] lpSolveTime[0] lb[24598] ub[25156.9] size: [91394] time: [787]
STATS - lpIterations[1] lagIterations[37] sspIterations[2712] numSeparations[698] numCuts[0] compileTime[33] sspSolveTime[233] lpSolveTime[0] lb[24605] ub[25156.9] size: [91414] time: [811]
STATS - lpIterations[1] lagIterations[38] sspIterations[2785] numSeparations[708] numCuts[0] compileTime[33] sspSolveTime[240] lpSolveTime[0] lb[24623.5] ub[25156.9] size: [91427] time: [820]
STATS - lpIterations[1] lagIterations[38] sspIterations[2785] numSeparations[708] numCuts[0] compileTime[33] sspSolveTime[240] lpSolveTime[0] lb[24624.2] ub[25156.9] size: [91427] time: [834]
STATS - lpIterations[1] lagIterations[39] sspIterations[2864] numSeparations[717] numCuts[0] compileTime[33] sspSolveTime[247] lpSolveTime[0] lb[24630.3] ub[25156.9] size: [91458] time: [858]
STATS - lpIterations[1] lagIterations[40] sspIterations[2943] numSeparations[733] numCuts[0] compileTime[33] sspSolveTime[254] lpSolveTime[0] lb[24657.4] ub[25156.9] size: [91507] time: [867]
STATS - lpIterations[1] lagIterations[40] sspIterations[2943] numSeparations[733] numCuts[0] compileTime[33] sspSolveTime[254] lpSolveTime[0] lb[24690.1] ub[25156.9] size: [91507] time: [882]
STATS - lpIterations[1] lagIterations[47] sspIterations[3483] numSeparations[810] numCuts[0] compileTime[33] sspSolveTime[304] lpSolveTime[0] lb[24738.2] ub[25156.9] size: [91663] time: [1040]
STATS - lpIterations[1] lagIterations[51] sspIterations[3808] numSeparations[863] numCuts[0] compileTime[33] sspSolveTime[336] lpSolveTime[0] lb[24739.8] ub[25156.9] size: [91775] time: [1159]
STATS - lpIterations[1] lagIterations[52] sspIterations[3890] numSeparations[870] numCuts[0] compileTime[33] sspSolveTime[345] lpSolveTime[0] lb[24755.2] ub[25156.9] size: [91790] time: [1171]
STATS - lpIterations[1] lagIterations[52] sspIterations[3890] numSeparations[870] numCuts[0] compileTime[33] sspSolveTime[345] lpSolveTime[0] lb[24759.1] ub[25156.9] size: [91790] time: [1187]
STATS - lpIterations[1] lagIterations[57] sspIterations[4279] numSeparations[908] numCuts[0] compileTime[33] sspSolveTime[383] lpSolveTime[0] lb[24780.7] ub[25156.9] size: [91872] time: [1320]
STATS - lpIterations[1] lagIterations[58] sspIterations[4355] numSeparations[914] numCuts[0] compileTime[33] sspSolveTime[390] lpSolveTime[0] lb[24831.3] ub[25156.9] size: [91882] time: [1331]
STATS - lpIterations[1] lagIterations[62] sspIterations[4665] numSeparations[955] numCuts[0] compileTime[33] sspSolveTime[422] lpSolveTime[0] lb[24836.6] ub[25156.9] size: [91952] time: [1446]
STATS - lpIterations[1] lagIterations[62] sspIterations[4665] numSeparations[955] numCuts[0] compileTime[33] sspSolveTime[422] lpSolveTime[0] lb[24844.3] ub[25156.9] size: [91952] time: [1462]
STATS - lpIterations[1] lagIterations[63] sspIterations[4745] numSeparations[963] numCuts[0] compileTime[33] sspSolveTime[430] lpSolveTime[0] lb[24869] ub[25156.9] size: [91966] time: [1493]
STATS - lpIterations[1] lagIterations[70] sspIterations[5302] numSeparations[1012] numCuts[0] compileTime[33] sspSolveTime[488] lpSolveTime[0] lb[24869.3] ub[25156.9] size: [92068] time: [1689]
STATS - lpIterations[1] lagIterations[70] sspIterations[5302] numSeparations[1012] numCuts[0] compileTime[33] sspSolveTime[488] lpSolveTime[0] lb[24876.1] ub[25156.9] size: [92068] time: [1706]
STATS - lpIterations[1] lagIterations[72] sspIterations[5454] numSeparations[1027] numCuts[0] compileTime[33] sspSolveTime[503] lpSolveTime[0] lb[24893.3] ub[25156.9] size: [92093] time: [1767]
STATS - lpIterations[1] lagIterations[73] sspIterations[5535] numSeparations[1035] numCuts[0] compileTime[33] sspSolveTime[512] lpSolveTime[0] lb[24903.2] ub[25156.9] size: [92114] time: [1782]
STATS - lpIterations[1] lagIterations[73] sspIterations[5535] numSeparations[1035] numCuts[0] compileTime[33] sspSolveTime[512] lpSolveTime[0] lb[24926.6] ub[25156.9] size: [92114] time: [1800]
STATS - lpIterations[1] lagIterations[81] sspIterations[6165] numSeparations[1084] numCuts[0] compileTime[33] sspSolveTime[579] lpSolveTime[0] lb[24977.9] ub[25156.9] size: [92220] time: [2043]
STATS - lpIterations[1] lagIterations[94] sspIterations[7186] numSeparations[1162] numCuts[0] compileTime[33] sspSolveTime[689] lpSolveTime[0] lb[24982] ub[25156.9] size: [92344] time: [2476]
STATS - lpIterations[1] lagIterations[100] sspIterations[7665] numSeparations[1188] numCuts[0] compileTime[33] sspSolveTime[740] lpSolveTime[0] lb[24995.3] ub[25156.9] size: [92387] time: [2678]
STATS - lpIterations[1] lagIterations[105] sspIterations[8062] numSeparations[1214] numCuts[0] compileTime[33] sspSolveTime[785] lpSolveTime[0] lb[25011.3] ub[25156.9] size: [92445] time: [2871]
STATS - lpIterations[1] lagIterations[106] sspIterations[8139] numSeparations[1222] numCuts[0] compileTime[33] sspSolveTime[794] lpSolveTime[0] lb[25031.4] ub[25156.9] size: [92456] time: [2888]
STATS - lpIterations[1] lagIterations[114] sspIterations[8778] numSeparations[1254] numCuts[0] compileTime[33] sspSolveTime[865] lpSolveTime[0] lb[25045.2] ub[25156.9] size: [92509] time: [3170]
