relax capacity constraint
hgs upper bound: 3842.1
compiling dd
time step mult: 10
time step: 900
cap step: 10
start compiling DD
add terminal node arcs
done compiling dd
STATS - lpIterations[1] lagIterations[0] sspIterations[0] numSeparations[0] numCuts[0] compileTime[661] sspSolveTime[0] lpSolveTime[0] lb[0] ub[3842.1] size: [580617] time: [661]
STATS - lpIterations[1] lagIterations[1] sspIterations[1] numSeparations[0] numCuts[0] compileTime[661] sspSolveTime[3] lpSolveTime[0] lb[1452.13] ub[3842.1] size: [580617] time: [664]
STATS - lpIterations[1] lagIterations[2] sspIterations[2] numSeparations[0] numCuts[0] compileTime[661] sspSolveTime[6] lpSolveTime[0] lb[1524.02] ub[3842.1] size: [580617] time: [673]
STATS - lpIterations[1] lagIterations[3] sspIterations[3] numSeparations[0] numCuts[0] compileTime[661] sspSolveTime[9] lpSolveTime[0] lb[1598.73] ub[3842.1] size: [580617] time: [681]
STATS - lpIterations[1] lagIterations[4] sspIterations[4] numSeparations[0] numCuts[0] compileTime[661] sspSolveTime[13] lpSolveTime[0] lb[1676.34] ub[3842.1] size: [580617] time: [690]
STATS - lpIterations[1] lagIterations[5] sspIterations[5] numSeparations[0] numCuts[0] compileTime[661] sspSolveTime[16] lpSolveTime[0] lb[1756.93] ub[3842.1] size: [580617] time: [698]
STATS - lpIterations[1] lagIterations[6] sspIterations[6] numSeparations[0] numCuts[0] compileTime[661] sspSolveTime[19] lpSolveTime[0] lb[1840.59] ub[3842.1] size: [580617] time: [707]
STATS - lpIterations[1] lagIterations[7] sspIterations[7] numSeparations[0] numCuts[0] compileTime[661] sspSolveTime[22] lpSolveTime[0] lb[1927.41] ub[3842.1] size: [580617] time: [715]
STATS - lpIterations[1] lagIterations[8] sspIterations[8] numSeparations[0] numCuts[0] compileTime[661] sspSolveTime[26] lpSolveTime[0] lb[2017.48] ub[3842.1] size: [580617] time: [724]
STATS - lpIterations[1] lagIterations[9] sspIterations[9] numSeparations[0] numCuts[0] compileTime[661] sspSolveTime[29] lpSolveTime[0] lb[2110.88] ub[3842.1] size: [580617] time: [732]
STATS - lpIterations[1] lagIterations[10] sspIterations[10] numSeparations[0] numCuts[0] compileTime[661] sspSolveTime[32] lpSolveTime[0] lb[2207.71] ub[3842.1] size: [580617] time: [740]
STATS - lpIterations[1] lagIterations[11] sspIterations[11] numSeparations[0] numCuts[0] compileTime[661] sspSolveTime[35] lpSolveTime[0] lb[2308.06] ub[3842.1] size: [580617] time: [749]
STATS - lpIterations[1] lagIterations[12] sspIterations[12] numSeparations[0] numCuts[0] compileTime[661] sspSolveTime[41] lpSolveTime[0] lb[2408.35] ub[3842.1] size: [580617] time: [760]
STATS - lpIterations[1] lagIterations[13] sspIterations[13] numSeparations[1] numCuts[0] compileTime[661] sspSolveTime[46] lpSolveTime[0] lb[2515.23] ub[3842.1] size: [580627] time: [770]
STATS - lpIterations[1] lagIterations[14] sspIterations[14] numSeparations[2] numCuts[0] compileTime[661] sspSolveTime[54] lpSolveTime[0] lb[2623.41] ub[3842.1] size: [580632] time: [783]
STATS - lpIterations[1] lagIterations[15] sspIterations[15] numSeparations[3] numCuts[0] compileTime[661] sspSolveTime[59] lpSolveTime[0] lb[2726.26] ub[3842.1] size: [580638] time: [794]
STATS - lpIterations[1] lagIterations[16] sspIterations[17] numSeparations[4] numCuts[0] compileTime[661] sspSolveTime[66] lpSolveTime[0] lb[2831.64] ub[3842.1] size: [580644] time: [806]
STATS - lpIterations[1] lagIterations[16] sspIterations[17] numSeparations[4] numCuts[0] compileTime[661] sspSolveTime[66] lpSolveTime[0] lb[2833.8] ub[3842.1] size: [580644] time: [813]
STATS - lpIterations[1] lagIterations[17] sspIterations[33] numSeparations[6] numCuts[0] compileTime[661] sspSolveTime[117] lpSolveTime[0] lb[2860.64] ub[3842.1] size: [580659] time: [868]
STATS - lpIterations[1] lagIterations[17] sspIterations[33] numSeparations[6] numCuts[0] compileTime[661] sspSolveTime[117] lpSolveTime[0] lb[2912.19] ub[3842.1] size: [580659] time: [877]
STATS - lpIterations[1] lagIterations[18] sspIterations[35] numSeparations[22] numCuts[0] compileTime[661] sspSolveTime[120] lpSolveTime[0] lb[2922.01] ub[3842.1] size: [580829] time: [884]
STATS - lpIterations[1] lagIterations[18] sspIterations[35] numSeparations[22] numCuts[0] compileTime[661] sspSolveTime[120] lpSolveTime[0] lb[2922.84] ub[3842.1] size: [580829] time: [890]
STATS - lpIterations[1] lagIterations[19] sspIterations[56] numSeparations[24] numCuts[0] compileTime[661] sspSolveTime[190] lpSolveTime[0] lb[2990.4] ub[3842.1] size: [580838] time: [976]
STATS - lpIterations[1] lagIterations[20] sspIterations[64] numSeparations[45] numCuts[0] compileTime[661] sspSolveTime[217] lpSolveTime[0] lb[2990.99] ub[3842.1] size: [580999] time: [1006]
STATS - lpIterations[1] lagIterations[20] sspIterations[64] numSeparations[45] numCuts[0] compileTime[661] sspSolveTime[217] lpSolveTime[0] lb[2998.62] ub[3842.1] size: [580999] time: [1019]
STATS - lpIterations[1] lagIterations[21] sspIterations[67] numSeparations[53] numCuts[0] compileTime[661] sspSolveTime[230] lpSolveTime[0] lb[3027.52] ub[3842.1] size: [581045] time: [1036]
STATS - lpIterations[1] lagIterations[21] sspIterations[67] numSeparations[53] numCuts[0] compileTime[661] sspSolveTime[230] lpSolveTime[0] lb[3030.73] ub[3842.1] size: [581045] time: [1042]
STATS - lpIterations[1] lagIterations[22] sspIterations[79] numSeparations[56] numCuts[0] compileTime[661] sspSolveTime[263] lpSolveTime[0] lb[3087.45] ub[3842.1] size: [581057] time: [1078]
STATS - lpIterations[1] lagIterations[22] sspIterations[79] numSeparations[56] numCuts[0] compileTime[661] sspSolveTime[263] lpSolveTime[0] lb[3105.78] ub[3842.1] size: [581057] time: [1091]
STATS - lpIterations[1] lagIterations[23] sspIterations[80] numSeparations[68] numCuts[0] compileTime[661] sspSolveTime[269] lpSolveTime[0] lb[3115.29] ub[3842.1] size: [581180] time: [1100]
STATS - lpIterations[1] lagIterations[23] sspIterations[80] numSeparations[68] numCuts[0] compileTime[661] sspSolveTime[269] lpSolveTime[0] lb[3115.29] ub[3842.1] size: [581180] time: [1104]
STATS - lpIterations[1] lagIterations[24] sspIterations[115] numSeparations[69] numCuts[0] compileTime[661] sspSolveTime[376] lpSolveTime[0] lb[3174.17] ub[3842.1] size: [581183] time: [1240]
STATS - lpIterations[1] lagIterations[25] sspIterations[134] numSeparations[104] numCuts[0] compileTime[661] sspSolveTime[431] lpSolveTime[0] lb[3179.42] ub[3842.1] size: [581438] time: [1317]
STATS - lpIterations[1] lagIterations[27] sspIterations[157] numSeparations[131] numCuts[0] compileTime[661] sspSolveTime[501] lpSolveTime[0] lb[3186.42] ub[3842.1] size: [581573] time: [1421]
STATS - lpIterations[1] lagIterations[28] sspIterations[159] numSeparations[146] numCuts[0] compileTime[661] sspSolveTime[507] lpSolveTime[0] lb[3186.59] ub[3842.1] size: [581650] time: [1436]
STATS - lpIterations[1] lagIterations[29] sspIterations[191] numSeparations[148] numCuts[0] compileTime[661] sspSolveTime[654] lpSolveTime[0] lb[3251.72] ub[3842.1] size: [581656] time: [1608]
STATS - lpIterations[1] lagIterations[30] sspIterations[206] numSeparations[180] numCuts[0] compileTime[661] sspSolveTime[707] lpSolveTime[0] lb[3256.86] ub[3842.1] size: [581895] time: [1683]
STATS - lpIterations[1] lagIterations[31] sspIterations[217] numSeparations[195] numCuts[0] compileTime[661] sspSolveTime[747] lpSolveTime[0] lb[3258.58] ub[3842.1] size: [581984] time: [1738]
STATS - lpIterations[1] lagIterations[33] sspIterations[235] numSeparations[218] numCuts[0] compileTime[661] sspSolveTime[812] lpSolveTime[0] lb[3258.62] ub[3842.1] size: [582146] time: [1825]
STATS - lpIterations[1] lagIterations[33] sspIterations[235] numSeparations[218] numCuts[0] compileTime[661] sspSolveTime[812] lpSolveTime[0] lb[3260.68] ub[3842.1] size: [582146] time: [1832]
STATS - lpIterations[1] lagIterations[34] sspIterations[246] numSeparations[224] numCuts[0] compileTime[661] sspSolveTime[853] lpSolveTime[0] lb[3272.78] ub[3842.1] size: [582169] time: [1878]
STATS - lpIterations[1] lagIterations[34] sspIterations[246] numSeparations[224] numCuts[0] compileTime[661] sspSolveTime[853] lpSolveTime[0] lb[3282.54] ub[3842.1] size: [582169] time: [1888]
STATS - lpIterations[1] lagIterations[36] sspIterations[266] numSeparations[245] numCuts[0] compileTime[661] sspSolveTime[946] lpSolveTime[0] lb[3292.39] ub[3842.1] size: [582280] time: [2009]
STATS - lpIterations[1] lagIterations[37] sspIterations[269] numSeparations[255] numCuts[0] compileTime[661] sspSolveTime[958] lpSolveTime[0] lb[3302.35] ub[3842.1] size: [582324] time: [2024]
STATS - lpIterations[1] lagIterations[37] sspIterations[269] numSeparations[255] numCuts[0] compileTime[661] sspSolveTime[958] lpSolveTime[0] lb[3303.02] ub[3842.1] size: [582324] time: [2030]
STATS - lpIterations[1] lagIterations[38] sspIterations[296] numSeparations[258] numCuts[0] compileTime[661] sspSolveTime[1072] lpSolveTime[0] lb[3347.75] ub[3842.1] size: [582337] time: [2167]
STATS - lpIterations[1] lagIterations[39] sspIterations[308] numSeparations[285] numCuts[0] compileTime[661] sspSolveTime[1106] lpSolveTime[0] lb[3351.23] ub[3842.1] size: [582469] time: [2227]
STATS - lpIterations[1] lagIterations[42] sspIterations[382] numSeparations[322] numCuts[0] compileTime[661] sspSolveTime[1394] lpSolveTime[0] lb[3388.68] ub[3842.1] size: [582698] time: [2573]
STATS - lpIterations[1] lagIterations[43] sspIterations[409] numSeparations[371] numCuts[0] compileTime[661] sspSolveTime[1548] lpSolveTime[0] lb[3392.72] ub[3842.1] size: [583011] time: [2758]
STATS - lpIterations[1] lagIterations[44] sspIterations[423] numSeparations[398] numCuts[0] compileTime[661] sspSolveTime[1599] lpSolveTime[0] lb[3394.9] ub[3842.1] size: [583135] time: [2832]
STATS - lpIterations[1] lagIterations[48] sspIterations[461] numSeparations[448] numCuts[0] compileTime[661] sspSolveTime[1749] lpSolveTime[0] lb[3395.03] ub[3842.1] size: [583440] time: [3051]
STATS - lpIterations[1] lagIterations[49] sspIterations[504] numSeparations[450] numCuts[0] compileTime[661] sspSolveTime[1994] lpSolveTime[0] lb[3428.15] ub[3842.1] size: [583451] time: [3328]
STATS - lpIterations[1] lagIterations[50] sspIterations[524] numSeparations[493] numCuts[0] compileTime[661] sspSolveTime[2089] lpSolveTime[0] lb[3429.5] ub[3842.1] size: [583679] time: [3448]
