relax capacity constraint
hgs upper bound: 3061.1
compiling dd
time step mult: 10
time step: 100
cap step: 1
start compiling DD
add terminal node arcs
done compiling dd
STATS - lpIterations[0] lagIterations[0] sspIterations[0] numSeparations[0] numCuts[0] compileTime[65] sspSolveTime[0] lpSolveTime[0] lb[0] ub[3061.1] size: [59886025] time: [65]
STATS - lpIterations[1] lagIterations[0] sspIterations[0] numSeparations[0] numCuts[0] compileTime[65] sspSolveTime[0] lpSolveTime[0] lb[0] ub[3061.1] size: [59886025] time: [65]
STATS - lpIterations[1] lagIterations[1] sspIterations[1] numSeparations[0] numCuts[0] compileTime[65] sspSolveTime[2] lpSolveTime[0] lb[374.254] ub[3061.1] size: [59886025] time: [67]
STATS - lpIterations[1] lagIterations[2] sspIterations[2] numSeparations[0] numCuts[0] compileTime[65] sspSolveTime[5] lpSolveTime[0] lb[392.781] ub[3061.1] size: [59886025] time: [74]
STATS - lpIterations[1] lagIterations[3] sspIterations[3] numSeparations[0] numCuts[0] compileTime[65] sspSolveTime[8] lpSolveTime[0] lb[412.035] ub[3061.1] size: [59886025] time: [82]
STATS - lpIterations[1] lagIterations[4] sspIterations[4] numSeparations[0] numCuts[0] compileTime[65] sspSolveTime[11] lpSolveTime[0] lb[432.037] ub[3061.1] size: [59886025] time: [89]
STATS - lpIterations[1] lagIterations[5] sspIterations[5] numSeparations[0] numCuts[0] compileTime[65] sspSolveTime[15] lpSolveTime[0] lb[452.808] ub[3061.1] size: [59886025] time: [96]
STATS - lpIterations[1] lagIterations[6] sspIterations[6] numSeparations[0] numCuts[0] compileTime[65] sspSolveTime[18] lpSolveTime[0] lb[474.37] ub[3061.1] size: [59886025] time: [103]
STATS - lpIterations[1] lagIterations[7] sspIterations[7] numSeparations[0] numCuts[0] compileTime[65] sspSolveTime[21] lpSolveTime[0] lb[496.746] ub[3061.1] size: [59886025] time: [111]
STATS - lpIterations[1] lagIterations[8] sspIterations[8] numSeparations[0] numCuts[0] compileTime[65] sspSolveTime[24] lpSolveTime[0] lb[519.959] ub[3061.1] size: [59886025] time: [118]
STATS - lpIterations[1] lagIterations[9] sspIterations[9] numSeparations[0] numCuts[0] compileTime[65] sspSolveTime[27] lpSolveTime[0] lb[544.031] ub[3061.1] size: [59886025] time: [125]
STATS - lpIterations[1] lagIterations[10] sspIterations[10] numSeparations[0] numCuts[0] compileTime[65] sspSolveTime[29] lpSolveTime[0] lb[568.987] ub[3061.1] size: [59886025] time: [132]
STATS - lpIterations[1] lagIterations[11] sspIterations[11] numSeparations[0] numCuts[0] compileTime[65] sspSolveTime[32] lpSolveTime[0] lb[594.85] ub[3061.1] size: [59886025] time: [138]
STATS - lpIterations[1] lagIterations[12] sspIterations[12] numSeparations[0] numCuts[0] compileTime[65] sspSolveTime[34] lpSolveTime[0] lb[621.645] ub[3061.1] size: [59886025] time: [144]
STATS - lpIterations[1] lagIterations[13] sspIterations[13] numSeparations[0] numCuts[0] compileTime[65] sspSolveTime[37] lpSolveTime[0] lb[649.397] ub[3061.1] size: [59886025] time: [152]
STATS - lpIterations[1] lagIterations[14] sspIterations[14] numSeparations[0] numCuts[0] compileTime[65] sspSolveTime[40] lpSolveTime[0] lb[678.131] ub[3061.1] size: [59886025] time: [159]
STATS - lpIterations[1] lagIterations[15] sspIterations[15] numSeparations[0] numCuts[0] compileTime[65] sspSolveTime[43] lpSolveTime[0] lb[707.874] ub[3061.1] size: [59886025] time: [166]
STATS - lpIterations[1] lagIterations[16] sspIterations[16] numSeparations[0] numCuts[0] compileTime[65] sspSolveTime[46] lpSolveTime[0] lb[738.651] ub[3061.1] size: [59886025] time: [174]
STATS - lpIterations[1] lagIterations[17] sspIterations[17] numSeparations[0] numCuts[0] compileTime[65] sspSolveTime[50] lpSolveTime[0] lb[770.489] ub[3061.1] size: [59886025] time: [181]
STATS - lpIterations[1] lagIterations[18] sspIterations[18] numSeparations[0] numCuts[0] compileTime[65] sspSolveTime[53] lpSolveTime[0] lb[803.416] ub[3061.1] size: [59886025] time: [188]
STATS - lpIterations[1] lagIterations[19] sspIterations[19] numSeparations[0] numCuts[0] compileTime[65] sspSolveTime[56] lpSolveTime[0] lb[837.459] ub[3061.1] size: [59886025] time: [196]
STATS - lpIterations[1] lagIterations[20] sspIterations[20] numSeparations[0] numCuts[0] compileTime[65] sspSolveTime[60] lpSolveTime[0] lb[872.646] ub[3061.1] size: [59886025] time: [203]
STATS - lpIterations[1] lagIterations[21] sspIterations[21] numSeparations[0] numCuts[0] compileTime[65] sspSolveTime[63] lpSolveTime[0] lb[909.007] ub[3061.1] size: [59886025] time: [211]
STATS - lpIterations[1] lagIterations[22] sspIterations[22] numSeparations[0] numCuts[0] compileTime[65] sspSolveTime[66] lpSolveTime[0] lb[946.569] ub[3061.1] size: [59886025] time: [218]
STATS - lpIterations[1] lagIterations[23] sspIterations[23] numSeparations[0] numCuts[0] compileTime[65] sspSolveTime[69] lpSolveTime[0] lb[985.363] ub[3061.1] size: [59886025] time: [225]
STATS - lpIterations[1] lagIterations[24] sspIterations[24] numSeparations[0] numCuts[0] compileTime[65] sspSolveTime[71] lpSolveTime[0] lb[1025.42] ub[3061.1] size: [59886025] time: [233]
STATS - lpIterations[1] lagIterations[25] sspIterations[25] numSeparations[0] numCuts[0] compileTime[65] sspSolveTime[74] lpSolveTime[0] lb[1066.77] ub[3061.1] size: [59886025] time: [241]
STATS - lpIterations[1] lagIterations[26] sspIterations[26] numSeparations[0] numCuts[0] compileTime[65] sspSolveTime[77] lpSolveTime[0] lb[1109.44] ub[3061.1] size: [59886025] time: [248]
STATS - lpIterations[1] lagIterations[27] sspIterations[27] numSeparations[0] numCuts[0] compileTime[65] sspSolveTime[80] lpSolveTime[0] lb[1153.46] ub[3061.1] size: [59886025] time: [256]
STATS - lpIterations[1] lagIterations[28] sspIterations[28] numSeparations[0] numCuts[0] compileTime[65] sspSolveTime[83] lpSolveTime[0] lb[1198.87] ub[3061.1] size: [59886025] time: [263]
STATS - lpIterations[1] lagIterations[29] sspIterations[29] numSeparations[0] numCuts[0] compileTime[65] sspSolveTime[85] lpSolveTime[0] lb[1245.7] ub[3061.1] size: [59886025] time: [270]
STATS - lpIterations[1] lagIterations[30] sspIterations[30] numSeparations[0] numCuts[0] compileTime[65] sspSolveTime[89] lpSolveTime[0] lb[1293.99] ub[3061.1] size: [59886025] time: [278]
STATS - lpIterations[1] lagIterations[31] sspIterations[31] numSeparations[0] numCuts[0] compileTime[65] sspSolveTime[92] lpSolveTime[0] lb[1343.76] ub[3061.1] size: [59886025] time: [285]
STATS - lpIterations[1] lagIterations[32] sspIterations[32] numSeparations[0] numCuts[0] compileTime[65] sspSolveTime[95] lpSolveTime[0] lb[1395.04] ub[3061.1] size: [59886025] time: [292]
STATS - lpIterations[1] lagIterations[33] sspIterations[33] numSeparations[0] numCuts[0] compileTime[65] sspSolveTime[99] lpSolveTime[0] lb[1447.89] ub[3061.1] size: [59886025] time: [300]
STATS - lpIterations[1] lagIterations[34] sspIterations[34] numSeparations[0] numCuts[0] compileTime[65] sspSolveTime[102] lpSolveTime[0] lb[1502.32] ub[3061.1] size: [59886025] time: [308]
STATS - lpIterations[1] lagIterations[35] sspIterations[35] numSeparations[0] numCuts[0] compileTime[65] sspSolveTime[105] lpSolveTime[0] lb[1558.38] ub[3061.1] size: [59886025] time: [316]
STATS - lpIterations[1] lagIterations[36] sspIterations[36] numSeparations[0] numCuts[0] compileTime[65] sspSolveTime[108] lpSolveTime[0] lb[1616.09] ub[3061.1] size: [59886025] time: [323]
STATS - lpIterations[1] lagIterations[37] sspIterations[37] numSeparations[0] numCuts[0] compileTime[65] sspSolveTime[111] lpSolveTime[0] lb[1675.51] ub[3061.1] size: [59886025] time: [329]
STATS - lpIterations[1] lagIterations[38] sspIterations[38] numSeparations[0] numCuts[0] compileTime[65] sspSolveTime[113] lpSolveTime[0] lb[1736.66] ub[3061.1] size: [59886025] time: [335]
STATS - lpIterations[1] lagIterations[39] sspIterations[44] numSeparations[0] numCuts[0] compileTime[65] sspSolveTime[246] lpSolveTime[0] lb[1761.96] ub[3061.1] size: [59886292] time: [472]
STATS - lpIterations[1] lagIterations[39] sspIterations[44] numSeparations[0] numCuts[0] compileTime[65] sspSolveTime[246] lpSolveTime[0] lb[1791.67] ub[3061.1] size: [59886292] time: [475]
STATS - lpIterations[1] lagIterations[40] sspIterations[45] numSeparations[6] numCuts[0] compileTime[65] sspSolveTime[249] lpSolveTime[0] lb[1798.36] ub[3061.1] size: [59899550] time: [480]
STATS - lpIterations[1] lagIterations[41] sspIterations[51] numSeparations[6] numCuts[0] compileTime[65] sspSolveTime[449] lpSolveTime[0] lb[1813.13] ub[3061.1] size: [59897446] time: [684]
STATS - lpIterations[1] lagIterations[41] sspIterations[51] numSeparations[6] numCuts[0] compileTime[65] sspSolveTime[449] lpSolveTime[0] lb[1853.51] ub[3061.1] size: [59897446] time: [688]
STATS - lpIterations[1] lagIterations[42] sspIterations[52] numSeparations[12] numCuts[0] compileTime[65] sspSolveTime[456] lpSolveTime[0] lb[1859.19] ub[3061.1] size: [59902302] time: [697]
STATS - lpIterations[1] lagIterations[43] sspIterations[58] numSeparations[13] numCuts[0] compileTime[65] sspSolveTime[708] lpSolveTime[0] lb[1865.53] ub[3061.1] size: [59903465] time: [957]
STATS - lpIterations[1] lagIterations[43] sspIterations[58] numSeparations[13] numCuts[0] compileTime[65] sspSolveTime[708] lpSolveTime[0] lb[1916.42] ub[3061.1] size: [59903465] time: [962]
STATS - lpIterations[1] lagIterations[44] sspIterations[61] numSeparations[19] numCuts[0] compileTime[65] sspSolveTime[815] lpSolveTime[0] lb[1918.38] ub[3061.1] size: [59908175] time: [1071]
STATS - lpIterations[1] lagIterations[44] sspIterations[61] numSeparations[19] numCuts[0] compileTime[65] sspSolveTime[815] lpSolveTime[0] lb[1921.74] ub[3061.1] size: [59908175] time: [1074]
STATS - lpIterations[1] lagIterations[45] sspIterations[62] numSeparations[22] numCuts[0] compileTime[65] sspSolveTime[821] lpSolveTime[0] lb[1927.53] ub[3061.1] size: [59908775] time: [1083]
STATS - lpIterations[1] lagIterations[45] sspIterations[62] numSeparations[22] numCuts[0] compileTime[65] sspSolveTime[821] lpSolveTime[0] lb[1927.95] ub[3061.1] size: [59908775] time: [1086]
STATS - lpIterations[1] lagIterations[46] sspIterations[63] numSeparations[23] numCuts[0] compileTime[65] sspSolveTime[824] lpSolveTime[0] lb[1987.67] ub[3061.1] size: [59909433] time: [1092]
STATS - lpIterations[1] lagIterations[47] sspIterations[70] numSeparations[23] numCuts[0] compileTime[65] sspSolveTime[1206] lpSolveTime[0] lb[1994.68] ub[3061.1] size: [59906726] time: [1479]
STATS - lpIterations[1] lagIterations[47] sspIterations[70] numSeparations[23] numCuts[0] compileTime[65] sspSolveTime[1206] lpSolveTime[0] lb[2043.27] ub[3061.1] size: [59906726] time: [1487]
STATS - lpIterations[1] lagIterations[48] sspIterations[74] numSeparations[30] numCuts[0] compileTime[65] sspSolveTime[1347] lpSolveTime[0] lb[2046.71] ub[3061.1] size: [59919230] time: [1636]
STATS - lpIterations[1] lagIterations[49] sspIterations[75] numSeparations[34] numCuts[0] compileTime[65] sspSolveTime[1350] lpSolveTime[0] lb[2058.62] ub[3061.1] size: [59925052] time: [1643]
STATS - lpIterations[1] lagIterations[50] sspIterations[82] numSeparations[34] numCuts[0] compileTime[65] sspSolveTime[1692] lpSolveTime[0] lb[2068.5] ub[3061.1] size: [59920016] time: [1989]
STATS - lpIterations[1] lagIterations[50] sspIterations[82] numSeparations[34] numCuts[0] compileTime[65] sspSolveTime[1692] lpSolveTime[0] lb[2113.69] ub[3061.1] size: [59920016] time: [1995]
STATS - lpIterations[1] lagIterations[51] sspIterations[87] numSeparations[41] numCuts[0] compileTime[65] sspSolveTime[1862] lpSolveTime[0] lb[2116.37] ub[3061.1] size: [59929023] time: [2173]
STATS - lpIterations[1] lagIterations[52] sspIterations[89] numSeparations[46] numCuts[0] compileTime[65] sspSolveTime[1919] lpSolveTime[0] lb[2122.93] ub[3061.1] size: [59939624] time: [2233]
STATS - lpIterations[1] lagIterations[52] sspIterations[89] numSeparations[46] numCuts[0] compileTime[65] sspSolveTime[1919] lpSolveTime[0] lb[2123.39] ub[3061.1] size: [59939624] time: [2238]
STATS - lpIterations[1] lagIterations[53] sspIterations[92] numSeparations[47] numCuts[0] compileTime[65] sspSolveTime[2062] lpSolveTime[0] lb[2170.65] ub[3061.1] size: [59941020] time: [2383]
STATS - lpIterations[1] lagIterations[53] sspIterations[92] numSeparations[47] numCuts[0] compileTime[65] sspSolveTime[2062] lpSolveTime[0] lb[2173.12] ub[3061.1] size: [59941020] time: [2387]
STATS - lpIterations[1] lagIterations[54] sspIterations[93] numSeparations[50] numCuts[0] compileTime[65] sspSolveTime[2109] lpSolveTime[0] lb[2193.62] ub[3061.1] size: [59941904] time: [2438]
STATS - lpIterations[1] lagIterations[55] sspIterations[98] numSeparations[51] numCuts[0] compileTime[65] sspSolveTime[2321] lpSolveTime[0] lb[2224.7] ub[3061.1] size: [59942447] time: [2653]
STATS - lpIterations[1] lagIterations[55] sspIterations[98] numSeparations[51] numCuts[0] compileTime[65] sspSolveTime[2321] lpSolveTime[0] lb[2249.09] ub[3061.1] size: [59942447] time: [2659]
STATS - lpIterations[1] lagIterations[56] sspIterations[101] numSeparations[56] numCuts[0] compileTime[65] sspSolveTime[2439] lpSolveTime[0] lb[2251.86] ub[3061.1] size: [59948513] time: [2779]
STATS - lpIterations[1] lagIterations[56] sspIterations[101] numSeparations[56] numCuts[0] compileTime[65] sspSolveTime[2439] lpSolveTime[0] lb[2253.56] ub[3061.1] size: [59948513] time: [2783]
STATS - lpIterations[1] lagIterations[57] sspIterations[104] numSeparations[59] numCuts[0] compileTime[65] sspSolveTime[2532] lpSolveTime[0] lb[2261.52] ub[3061.1] size: [59951844] time: [2879]
STATS - lpIterations[1] lagIterations[57] sspIterations[104] numSeparations[59] numCuts[0] compileTime[65] sspSolveTime[2532] lpSolveTime[0] lb[2263.75] ub[3061.1] size: [59951844] time: [2883]
STATS - lpIterations[1] lagIterations[58] sspIterations[108] numSeparations[62] numCuts[0] compileTime[65] sspSolveTime[2623] lpSolveTime[0] lb[2281.38] ub[3061.1] size: [59953645] time: [2976]
STATS - lpIterations[1] lagIterations[58] sspIterations[108] numSeparations[62] numCuts[0] compileTime[65] sspSolveTime[2623] lpSolveTime[0] lb[2287.01] ub[3061.1] size: [59953645] time: [2980]
STATS - lpIterations[1] lagIterations[59] sspIterations[109] numSeparations[66] numCuts[0] compileTime[65] sspSolveTime[2659] lpSolveTime[0] lb[2291.06] ub[3061.1] size: [59955737] time: [3019]
STATS - lpIterations[1] lagIterations[60] sspIterations[121] numSeparations[67] numCuts[0] compileTime[65] sspSolveTime[3017] lpSolveTime[0] lb[2339.08] ub[3061.1] size: [59957821] time: [3391]
