do not relax capacity constraint
instance upper bound: 2694.9
compiling DD
time step mult: 10
time step: 900
cap step: 1
done compiling DD
batch size for lag: 100
iteration delay to start separating: 0
optimality gap to start repairing: 5
percent fixed to change to CPLEX: 97.5
num arcs to change to CPLEX: 100000
num arcs to change to LAG: 999999999
STATS - lpIterations[0] lagIterations[0] sspIterations[0] numSeparations[0] numCuts[0] compileTime[0] sspSolveTime[0] lpSolveTime[0] lb[0] ub[2694.9] numArcs: [685261] numFixed: [0] time: [0]
STATS - lpIterations[1] lagIterations[0] sspIterations[0] numSeparations[0] numCuts[0] compileTime[0] sspSolveTime[0] lpSolveTime[0] lb[0] ub[2694.9] numArcs: [685261] numFixed: [0] time: [0]
STATS - lpIterations[1] lagIterations[1] sspIterations[1] numSeparations[0] numCuts[0] compileTime[0] sspSolveTime[0] lpSolveTime[0] lb[2004.23] ub[2694.9] numArcs: [685250] numFixed: [0] time: [0]
STATS - lpIterations[1] lagIterations[2] sspIterations[2] numSeparations[0] numCuts[0] compileTime[0] sspSolveTime[0] lpSolveTime[0] lb[2100.36] ub[2694.9] numArcs: [685242] numFixed: [0] time: [0]
STATS - lpIterations[1] lagIterations[3] sspIterations[3] numSeparations[0] numCuts[0] compileTime[0] sspSolveTime[0] lpSolveTime[0] lb[2199.22] ub[2694.9] numArcs: [685242] numFixed: [0] time: [0]
STATS - lpIterations[1] lagIterations[4] sspIterations[4] numSeparations[0] numCuts[0] compileTime[0] sspSolveTime[0] lpSolveTime[0] lb[2299.95] ub[2694.9] numArcs: [685242] numFixed: [0] time: [0]
STATS - lpIterations[1] lagIterations[5] sspIterations[16] numSeparations[0] numCuts[0] compileTime[0] sspSolveTime[0] lpSolveTime[0] lb[2381.92] ub[2694.9] numArcs: [685103] numFixed: [0] time: [0]
STATS - lpIterations[1] lagIterations[6] sspIterations[25] numSeparations[0] numCuts[0] compileTime[0] sspSolveTime[0] lpSolveTime[0] lb[2417.56] ub[2694.9] numArcs: [685025] numFixed: [0] time: [0]
STATS - lpIterations[1] lagIterations[7] sspIterations[45] numSeparations[0] numCuts[0] compileTime[0] sspSolveTime[0] lpSolveTime[0] lb[2440.19] ub[2694.9] numArcs: [684859] numFixed: [0] time: [1]
STATS - lpIterations[1] lagIterations[8] sspIterations[61] numSeparations[0] numCuts[0] compileTime[0] sspSolveTime[0] lpSolveTime[0] lb[2476.7] ub[2694.9] numArcs: [684779] numFixed: [0] time: [1]
STATS - lpIterations[1] lagIterations[10] sspIterations[92] numSeparations[0] numCuts[0] compileTime[0] sspSolveTime[0] lpSolveTime[0] lb[2496.47] ub[2694.9] numArcs: [684684] numFixed: [0] time: [1]
STATS - lpIterations[1] lagIterations[12] sspIterations[140] numSeparations[0] numCuts[0] compileTime[0] sspSolveTime[1] lpSolveTime[0] lb[2516.31] ub[2694.9] numArcs: [684554] numFixed: [0] time: [2]
STATS - lpIterations[1] lagIterations[15] sspIterations[190] numSeparations[38] numCuts[0] compileTime[0] sspSolveTime[1] lpSolveTime[0] lb[2527.08] ub[2694.9] numArcs: [705158] numFixed: [0] time: [2]
STATS - lpIterations[1] lagIterations[16] sspIterations[207] numSeparations[38] numCuts[0] compileTime[0] sspSolveTime[2] lpSolveTime[0] lb[2531.84] ub[2694.9] numArcs: [705119] numFixed: [0] time: [2]
STATS - lpIterations[1] lagIterations[17] sspIterations[227] numSeparations[38] numCuts[0] compileTime[0] sspSolveTime[2] lpSolveTime[0] lb[2537.88] ub[2694.9] numArcs: [705098] numFixed: [0] time: [3]
STATS - lpIterations[1] lagIterations[18] sspIterations[244] numSeparations[38] numCuts[0] compileTime[0] sspSolveTime[2] lpSolveTime[0] lb[2550.45] ub[2694.9] numArcs: [705086] numFixed: [0] time: [3]
STATS - lpIterations[1] lagIterations[22] sspIterations[325] numSeparations[88] numCuts[0] compileTime[0] sspSolveTime[3] lpSolveTime[0] lb[2561.9] ub[2694.9] numArcs: [723171] numFixed: [0] time: [4]
STATS - lpIterations[1] lagIterations[26] sspIterations[405] numSeparations[88] numCuts[0] compileTime[0] sspSolveTime[4] lpSolveTime[0] lb[2573] ub[2694.9] numArcs: [722969] numFixed: [0] time: [5]
STATS - lpIterations[1] lagIterations[28] sspIterations[446] numSeparations[88] numCuts[0] compileTime[0] sspSolveTime[5] lpSolveTime[0] lb[2576.24] ub[2694.9] numArcs: [722933] numFixed: [0] time: [5]
STATS - lpIterations[1] lagIterations[31] sspIterations[503] numSeparations[88] numCuts[0] compileTime[0] sspSolveTime[5] lpSolveTime[0] lb[2581.53] ub[2694.9] numArcs: [722890] numFixed: [0] time: [6]
STATS - lpIterations[1] lagIterations[33] sspIterations[549] numSeparations[143] numCuts[0] compileTime[0] sspSolveTime[6] lpSolveTime[0] lb[2592.21] ub[2694.9] numArcs: [735132] numFixed: [0] time: [7]
STATS - lpIterations[1] lagIterations[35] sspIterations[585] numSeparations[143] numCuts[0] compileTime[0] sspSolveTime[6] lpSolveTime[0] lb[2599.58] ub[2694.9] numArcs: [735092] numFixed: [0] time: [7]
STATS - lpIterations[1] lagIterations[42] sspIterations[722] numSeparations[202] numCuts[0] compileTime[0] sspSolveTime[8] lpSolveTime[0] lb[2601.51] ub[2694.9] numArcs: [747187] numFixed: [0] time: [9]
STATS - lpIterations[1] lagIterations[44] sspIterations[775] numSeparations[202] numCuts[0] compileTime[0] sspSolveTime[9] lpSolveTime[0] lb[2626.73] ub[2694.9] numArcs: [747069] numFixed: [0] time: [10]
STATS - lpIterations[1] lagIterations[55] sspIterations[1006] numSeparations[270] numCuts[0] compileTime[0] sspSolveTime[12] lpSolveTime[0] lb[2634.25] ub[2694.9] numArcs: [759006] numFixed: [0] time: [13]
STATS - lpIterations[1] lagIterations[61] sspIterations[1127] numSeparations[270] numCuts[0] compileTime[0] sspSolveTime[13] lpSolveTime[0] lb[2635.84] ub[2694.9] numArcs: [758909] numFixed: [0] time: [15]
STATS - lpIterations[1] lagIterations[67] sspIterations[1253] numSeparations[270] numCuts[0] compileTime[0] sspSolveTime[15] lpSolveTime[0] lb[2643.34] ub[2694.9] numArcs: [758826] numFixed: [0] time: [16]
STATS - lpIterations[1] lagIterations[69] sspIterations[1296] numSeparations[324] numCuts[0] compileTime[0] sspSolveTime[15] lpSolveTime[0] lb[2649.31] ub[2694.9] numArcs: [767891] numFixed: [0] time: [17]
STATS - lpIterations[1] lagIterations[75] sspIterations[1429] numSeparations[324] numCuts[0] compileTime[0] sspSolveTime[17] lpSolveTime[0] lb[2653.82] ub[2694.9] numArcs: [767757] numFixed: [0] time: [19]
STATS - lpIterations[1] lagIterations[83] sspIterations[1611] numSeparations[397] numCuts[0] compileTime[0] sspSolveTime[20] lpSolveTime[0] lb[2664.97] ub[2694.9] numArcs: [780941] numFixed: [0] time: [21]
STATS - lpIterations[1] lagIterations[92] sspIterations[1806] numSeparations[397] numCuts[0] compileTime[0] sspSolveTime[22] lpSolveTime[0] lb[2671.58] ub[2694.9] numArcs: [780768] numFixed: [0] time: [24]
STATS - lpIterations[1] lagIterations[112] sspIterations[2268] numSeparations[461] numCuts[0] compileTime[0] sspSolveTime[29] lpSolveTime[0] lb[2678.67] ub[2694.9] numArcs: [789157] numFixed: [0] time: [31]
STATS - lpIterations[1] lagIterations[121] sspIterations[2469] numSeparations[531] numCuts[0] compileTime[0] sspSolveTime[32] lpSolveTime[0] lb[2683.52] ub[2694.9] numArcs: [797478] numFixed: [0] time: [34]
STATS - lpIterations[1] lagIterations[135] sspIterations[2784] numSeparations[587] numCuts[0] compileTime[0] sspSolveTime[37] lpSolveTime[0] lb[2686.55] ub[2694.9] numArcs: [807140] numFixed: [0] time: [39]
STATS - lpIterations[1] lagIterations[146] sspIterations[3024] numSeparations[587] numCuts[0] compileTime[0] sspSolveTime[40] lpSolveTime[0] lb[2687.82] ub[2694.9] numArcs: [807054] numFixed: [0] time: [43]
STATS - lpIterations[1] lagIterations[166] sspIterations[3454] numSeparations[651] numCuts[0] compileTime[0] sspSolveTime[46] lpSolveTime[0] lb[2692.85] ub[2694.9] numArcs: [816517] numFixed: [0] time: [49]
STATS - lpIterations[1] lagIterations[195] sspIterations[4079] numSeparations[702] numCuts[0] compileTime[0] sspSolveTime[55] lpSolveTime[0] lb[2693.93] ub[2694.9] numArcs: [823114] numFixed: [0] time: [59]
STATS - lpIterations[1] lagIterations[210] sspIterations[4410] numSeparations[764] numCuts[0] compileTime[0] sspSolveTime[60] lpSolveTime[0] lb[2693.97] ub[2694.9] numArcs: [831689] numFixed: [0] time: [64]
STATS - lpIterations[2] lagIterations[267] sspIterations[5644] numSeparations[825] numCuts[0] compileTime[0] sspSolveTime[78] lpSolveTime[0] lb[2693.97] ub[2694.9] numArcs: [840303] numFixed: [0] time: [83]
STATS - lpIterations[3] lagIterations[369] sspIterations[7992] numSeparations[1044] numCuts[0] compileTime[0] sspSolveTime[121] lpSolveTime[0] lb[2693.97] ub[2694.9] numArcs: [878368] numFixed: [0] time: [127]
STATS - lpIterations[4] lagIterations[471] sspIterations[10269] numSeparations[1201] numCuts[0] compileTime[0] sspSolveTime[166] lpSolveTime[0] lb[2693.97] ub[2694.9] numArcs: [896845] numFixed: [0] time: [173]
STATS - lpIterations[5] lagIterations[573] sspIterations[12518] numSeparations[1369] numCuts[0] compileTime[0] sspSolveTime[207] lpSolveTime[0] lb[2693.97] ub[2694.9] numArcs: [924228] numFixed: [0] time: [217]
STATS - lpIterations[6] lagIterations[675] sspIterations[14768] numSeparations[1462] numCuts[0] compileTime[0] sspSolveTime[248] lpSolveTime[0] lb[2693.97] ub[2694.9] numArcs: [937725] numFixed: [0] time: [259]
STATS - lpIterations[7] lagIterations[777] sspIterations[17044] numSeparations[1641] numCuts[0] compileTime[0] sspSolveTime[291] lpSolveTime[0] lb[2693.97] ub[2694.9] numArcs: [960705] numFixed: [0] time: [303]
STATS - lpIterations[8] lagIterations[879] sspIterations[19276] numSeparations[1718] numCuts[0] compileTime[0] sspSolveTime[331] lpSolveTime[0] lb[2693.97] ub[2694.9] numArcs: [971802] numFixed: [0] time: [345]
STATS - lpIterations[9] lagIterations[981] sspIterations[21518] numSeparations[1792] numCuts[0] compileTime[0] sspSolveTime[371] lpSolveTime[0] lb[2693.97] ub[2694.9] numArcs: [980143] numFixed: [0] time: [387]
