do not relax capacity constraint
instance upper bound: 6825.4
compiling DD
time step mult: 10
time step: 900
cap step: 1
done compiling DD
batch size for lag: 100
iteration delay to start separating: 100
optimality gap to start repairing: 5
percent fixed to change to CPLEX: 97.5
num arcs to change to CPLEX: 100000
num arcs to change to LAG: 999999999
STATS - lpIterations[0] lagIterations[0] sspIterations[0] numSeparations[0] numCuts[0] compileTime[43] sspSolveTime[0] lpSolveTime[0] lb[0] ub[6825.4] numArcs: [11946047] numFixed: [0] time: [43]
STATS - lpIterations[1] lagIterations[0] sspIterations[0] numSeparations[0] numCuts[0] compileTime[43] sspSolveTime[0] lpSolveTime[0] lb[0] ub[6825.4] numArcs: [11946047] numFixed: [0] time: [43]
STATS - lpIterations[1] lagIterations[1] sspIterations[1] numSeparations[0] numCuts[0] compileTime[43] sspSolveTime[0] lpSolveTime[0] lb[5659.6] ub[6825.4] numArcs: [11946047] numFixed: [0] time: [44]
STATS - lpIterations[1] lagIterations[2] sspIterations[2] numSeparations[0] numCuts[0] compileTime[43] sspSolveTime[1] lpSolveTime[0] lb[5931.04] ub[6825.4] numArcs: [11946047] numFixed: [0] time: [45]
STATS - lpIterations[1] lagIterations[3] sspIterations[17] numSeparations[0] numCuts[0] compileTime[43] sspSolveTime[2] lpSolveTime[0] lb[6202.57] ub[6825.4] numArcs: [11945922] numFixed: [0] time: [46]
STATS - lpIterations[1] lagIterations[5] sspIterations[100] numSeparations[0] numCuts[0] compileTime[43] sspSolveTime[10] lpSolveTime[0] lb[6306.29] ub[6825.4] numArcs: [11945000] numFixed: [0] time: [55]
STATS - lpIterations[1] lagIterations[7] sspIterations[303] numSeparations[0] numCuts[0] compileTime[43] sspSolveTime[31] lpSolveTime[0] lb[6329.96] ub[6825.4] numArcs: [11943249] numFixed: [0] time: [76]
STATS - lpIterations[1] lagIterations[8] sspIterations[329] numSeparations[0] numCuts[0] compileTime[43] sspSolveTime[34] lpSolveTime[0] lb[6372.18] ub[6825.4] numArcs: [11943165] numFixed: [0] time: [80]
STATS - lpIterations[1] lagIterations[10] sspIterations[405] numSeparations[0] numCuts[0] compileTime[43] sspSolveTime[42] lpSolveTime[0] lb[6394.7] ub[6825.4] numArcs: [11942816] numFixed: [0] time: [87]
STATS - lpIterations[1] lagIterations[12] sspIterations[528] numSeparations[0] numCuts[0] compileTime[43] sspSolveTime[55] lpSolveTime[0] lb[6429.61] ub[6825.4] numArcs: [11942173] numFixed: [0] time: [102]
STATS - lpIterations[1] lagIterations[17] sspIterations[853] numSeparations[0] numCuts[0] compileTime[43] sspSolveTime[97] lpSolveTime[0] lb[6458.93] ub[6825.4] numArcs: [11940740] numFixed: [0] time: [144]
STATS - lpIterations[1] lagIterations[28] sspIterations[1520] numSeparations[0] numCuts[0] compileTime[43] sspSolveTime[181] lpSolveTime[0] lb[6490.1] ub[6825.4] numArcs: [11938921] numFixed: [0] time: [231]
STATS - lpIterations[1] lagIterations[69] sspIterations[3647] numSeparations[0] numCuts[0] compileTime[43] sspSolveTime[448] lpSolveTime[0] lb[6491.14] ub[6825.4] numArcs: [11936629] numFixed: [0] time: [508]
STATS - lpIterations[1] lagIterations[87] sspIterations[4499] numSeparations[0] numCuts[0] compileTime[43] sspSolveTime[557] lpSolveTime[0] lb[6496.38] ub[6825.4] numArcs: [11936289] numFixed: [0] time: [621]
STATS - lpIterations[1] lagIterations[95] sspIterations[4867] numSeparations[0] numCuts[0] compileTime[43] sspSolveTime[604] lpSolveTime[0] lb[6500.65] ub[6825.4] numArcs: [11936192] numFixed: [0] time: [669]
STATS - lpIterations[1] lagIterations[107] sspIterations[5400] numSeparations[159] numCuts[0] compileTime[43] sspSolveTime[673] lpSolveTime[0] lb[6510.56] ub[6825.4] numArcs: [12132316] numFixed: [0] time: [742]
STATS - lpIterations[1] lagIterations[111] sspIterations[5634] numSeparations[384] numCuts[0] compileTime[43] sspSolveTime[700] lpSolveTime[0] lb[6511.58] ub[6825.4] numArcs: [12317008] numFixed: [0] time: [769]
STATS - lpIterations[1] lagIterations[117] sspIterations[5850] numSeparations[488] numCuts[0] compileTime[43] sspSolveTime[725] lpSolveTime[0] lb[6513.69] ub[6825.4] numArcs: [12384806] numFixed: [0] time: [796]
STATS - lpIterations[1] lagIterations[119] sspIterations[5960] numSeparations[619] numCuts[0] compileTime[43] sspSolveTime[737] lpSolveTime[0] lb[6527.92] ub[6825.4] numArcs: [12464023] numFixed: [0] time: [809]
STATS - lpIterations[1] lagIterations[129] sspIterations[6432] numSeparations[948] numCuts[0] compileTime[43] sspSolveTime[802] lpSolveTime[0] lb[6536.69] ub[6825.4] numArcs: [12666506] numFixed: [0] time: [876]
STATS - lpIterations[1] lagIterations[131] sspIterations[6542] numSeparations[948] numCuts[0] compileTime[43] sspSolveTime[815] lpSolveTime[0] lb[6537.25] ub[6825.4] numArcs: [12666305] numFixed: [0] time: [890]
STATS - lpIterations[1] lagIterations[135] sspIterations[6725] numSeparations[1072] numCuts[0] compileTime[43] sspSolveTime[839] lpSolveTime[0] lb[6538.57] ub[6825.4] numArcs: [12736411] numFixed: [0] time: [915]
STATS - lpIterations[1] lagIterations[141] sspIterations[6981] numSeparations[1305] numCuts[0] compileTime[43] sspSolveTime[873] lpSolveTime[0] lb[6540.32] ub[6825.4] numArcs: [12864255] numFixed: [0] time: [950]
STATS - lpIterations[1] lagIterations[143] sspIterations[7105] numSeparations[1305] numCuts[0] compileTime[43] sspSolveTime[889] lpSolveTime[0] lb[6542.03] ub[6825.4] numArcs: [12863975] numFixed: [0] time: [967]
STATS - lpIterations[1] lagIterations[145] sspIterations[7177] numSeparations[1402] numCuts[0] compileTime[43] sspSolveTime[899] lpSolveTime[0] lb[6543.79] ub[6825.4] numArcs: [12917891] numFixed: [0] time: [977]
STATS - lpIterations[1] lagIterations[147] sspIterations[7293] numSeparations[1496] numCuts[0] compileTime[43] sspSolveTime[915] lpSolveTime[0] lb[6551.92] ub[6825.4] numArcs: [12965849] numFixed: [0] time: [994]
STATS - lpIterations[1] lagIterations[157] sspIterations[7749] numSeparations[1724] numCuts[0] compileTime[43] sspSolveTime[982] lpSolveTime[0] lb[6558.26] ub[6825.4] numArcs: [13075700] numFixed: [0] time: [1063]
STATS - lpIterations[1] lagIterations[171] sspIterations[8346] numSeparations[2154] numCuts[0] compileTime[43] sspSolveTime[1064] lpSolveTime[0] lb[6562.45] ub[6825.4] numArcs: [13283716] numFixed: [0] time: [1150]
STATS - lpIterations[1] lagIterations[179] sspIterations[8702] numSeparations[2366] numCuts[0] compileTime[43] sspSolveTime[1117] lpSolveTime[0] lb[6566.36] ub[6825.4] numArcs: [13385479] numFixed: [0] time: [1205]
STATS - lpIterations[1] lagIterations[185] sspIterations[8995] numSeparations[2480] numCuts[0] compileTime[43] sspSolveTime[1157] lpSolveTime[0] lb[6566.86] ub[6825.4] numArcs: [13435429] numFixed: [0] time: [1247]
STATS - lpIterations[1] lagIterations[189] sspIterations[9168] numSeparations[2582] numCuts[0] compileTime[43] sspSolveTime[1182] lpSolveTime[0] lb[6568.31] ub[6825.4] numArcs: [13483542] numFixed: [0] time: [1273]
STATS - lpIterations[1] lagIterations[195] sspIterations[9465] numSeparations[2809] numCuts[0] compileTime[43] sspSolveTime[1227] lpSolveTime[0] lb[6579.48] ub[6825.4] numArcs: [13593987] numFixed: [0] time: [1320]
STATS - lpIterations[1] lagIterations[231] sspIterations[11078] numSeparations[3741] numCuts[0] compileTime[43] sspSolveTime[1460] lpSolveTime[0] lb[6584.38] ub[6825.4] numArcs: [14020575] numFixed: [0] time: [1563]
STATS - lpIterations[1] lagIterations[241] sspIterations[11552] numSeparations[3950] numCuts[0] compileTime[43] sspSolveTime[1529] lpSolveTime[0] lb[6586.17] ub[6825.4] numArcs: [14102342] numFixed: [0] time: [1634]
STATS - lpIterations[1] lagIterations[254] sspIterations[12131] numSeparations[4313] numCuts[0] compileTime[43] sspSolveTime[1613] lpSolveTime[0] lb[6587.08] ub[6825.4] numArcs: [14265771] numFixed: [0] time: [1721]
STATS - lpIterations[1] lagIterations[256] sspIterations[12212] numSeparations[4313] numCuts[0] compileTime[43] sspSolveTime[1623] lpSolveTime[0] lb[6595.71] ub[6825.4] numArcs: [14265700] numFixed: [0] time: [1732]
STATS - lpIterations[1] lagIterations[292] sspIterations[13767] numSeparations[5170] numCuts[0] compileTime[43] sspSolveTime[1851] lpSolveTime[0] lb[6597.52] ub[6825.4] numArcs: [14613497] numFixed: [0] time: [1969]
STATS - lpIterations[1] lagIterations[304] sspIterations[14222] numSeparations[5395] numCuts[0] compileTime[43] sspSolveTime[1915] lpSolveTime[0] lb[6598.7] ub[6825.4] numArcs: [14695890] numFixed: [0] time: [2037]
STATS - lpIterations[1] lagIterations[306] sspIterations[14321] numSeparations[5395] numCuts[0] compileTime[43] sspSolveTime[1927] lpSolveTime[0] lb[6603.95] ub[6825.4] numArcs: [14695772] numFixed: [0] time: [2050]
STATS - lpIterations[1] lagIterations[315] sspIterations[14723] numSeparations[5611] numCuts[0] compileTime[43] sspSolveTime[1988] lpSolveTime[0] lb[6608.36] ub[6825.4] numArcs: [14778298] numFixed: [0] time: [2112]
STATS - lpIterations[1] lagIterations[337] sspIterations[15695] numSeparations[6136] numCuts[0] compileTime[43] sspSolveTime[2135] lpSolveTime[0] lb[6610.49] ub[6825.4] numArcs: [14986266] numFixed: [0] time: [2265]
STATS - lpIterations[1] lagIterations[357] sspIterations[16601] numSeparations[6538] numCuts[0] compileTime[43] sspSolveTime[2285] lpSolveTime[0] lb[6616.47] ub[6825.4] numArcs: [15139507] numFixed: [0] time: [2422]
STATS - lpIterations[1] lagIterations[395] sspIterations[18220] numSeparations[7388] numCuts[0] compileTime[43] sspSolveTime[2564] lpSolveTime[0] lb[6616.67] ub[6825.4] numArcs: [15454892] numFixed: [0] time: [2712]
STATS - lpIterations[1] lagIterations[397] sspIterations[18314] numSeparations[7388] numCuts[0] compileTime[43] sspSolveTime[2580] lpSolveTime[0] lb[6620.04] ub[6825.4] numArcs: [15454792] numFixed: [0] time: [2728]
STATS - lpIterations[1] lagIterations[417] sspIterations[19172] numSeparations[7788] numCuts[0] compileTime[43] sspSolveTime[2723] lpSolveTime[0] lb[6621.97] ub[6825.4] numArcs: [15597859] numFixed: [0] time: [2878]
STATS - lpIterations[1] lagIterations[439] sspIterations[20129] numSeparations[8224] numCuts[0] compileTime[43] sspSolveTime[2881] lpSolveTime[0] lb[6624.02] ub[6825.4] numArcs: [15757569] numFixed: [0] time: [3042]
STATS - lpIterations[1] lagIterations[455] sspIterations[20779] numSeparations[8528] numCuts[0] compileTime[43] sspSolveTime[2985] lpSolveTime[0] lb[6624.1] ub[6825.4] numArcs: [15871328] numFixed: [0] time: [3151]
STATS - lpIterations[1] lagIterations[457] sspIterations[20920] numSeparations[8639] numCuts[0] compileTime[43] sspSolveTime[3011] lpSolveTime[0] lb[6626.19] ub[6825.4] numArcs: [15912801] numFixed: [0] time: [3177]
STATS - lpIterations[1] lagIterations[464] sspIterations[21209] numSeparations[8738] numCuts[0] compileTime[43] sspSolveTime[3060] lpSolveTime[0] lb[6628.87] ub[6825.4] numArcs: [15945581] numFixed: [0] time: [3229]
STATS - lpIterations[1] lagIterations[466] sspIterations[21311] numSeparations[8738] numCuts[0] compileTime[43] sspSolveTime[3077] lpSolveTime[0] lb[6629.96] ub[6825.4] numArcs: [15945463] numFixed: [0] time: [3246]
STATS - lpIterations[1] lagIterations[498] sspIterations[22676] numSeparations[9374] numCuts[0] compileTime[43] sspSolveTime[3305] lpSolveTime[0] lb[6632.35] ub[6825.4] numArcs: [16170517] numFixed: [0] time: [3483]
STATS - lpIterations[1] lagIterations[508] sspIterations[23111] numSeparations[9601] numCuts[0] compileTime[43] sspSolveTime[3379] lpSolveTime[0] lb[6633.34] ub[6825.4] numArcs: [16256975] numFixed: [0] time: [3561]
