do not relax capacity constraint
instance upper bound: 7138.8
compiling DD
time step mult: 10
time step: 900
cap step: 1
done compiling DD
batch size for lag: 100
iteration delay to start separating: 100
optimality gap to start repairing: 5
percent fixed to change to CPLEX: 97.5
num arcs to change to CPLEX: 100000
num arcs to change to LAG: 999999999
STATS - lpIterations[0] lagIterations[0] sspIterations[0] numSeparations[0] numCuts[0] compileTime[1] sspSolveTime[0] lpSolveTime[0] lb[0] ub[7138.8] numArcs: [1319107] numFixed: [0] time: [1]
STATS - lpIterations[1] lagIterations[0] sspIterations[0] numSeparations[0] numCuts[0] compileTime[1] sspSolveTime[0] lpSolveTime[0] lb[0] ub[7138.8] numArcs: [1319107] numFixed: [0] time: [1]
STATS - lpIterations[1] lagIterations[1] sspIterations[1] numSeparations[0] numCuts[0] compileTime[1] sspSolveTime[0] lpSolveTime[0] lb[5661.7] ub[7138.8] numArcs: [1319095] numFixed: [0] time: [1]
STATS - lpIterations[1] lagIterations[2] sspIterations[2] numSeparations[0] numCuts[0] compileTime[1] sspSolveTime[0] lpSolveTime[0] lb[5940.43] ub[7138.8] numArcs: [1319095] numFixed: [0] time: [1]
STATS - lpIterations[1] lagIterations[3] sspIterations[3] numSeparations[0] numCuts[0] compileTime[1] sspSolveTime[0] lpSolveTime[0] lb[6224.91] ub[7138.8] numArcs: [1319095] numFixed: [0] time: [1]
STATS - lpIterations[1] lagIterations[4] sspIterations[19] numSeparations[0] numCuts[0] compileTime[1] sspSolveTime[0] lpSolveTime[0] lb[6487.88] ub[7138.8] numArcs: [1318975] numFixed: [0] time: [1]
STATS - lpIterations[1] lagIterations[5] sspIterations[50] numSeparations[0] numCuts[0] compileTime[1] sspSolveTime[0] lpSolveTime[0] lb[6612.06] ub[7138.8] numArcs: [1318743] numFixed: [0] time: [2]
STATS - lpIterations[1] lagIterations[6] sspIterations[80] numSeparations[0] numCuts[0] compileTime[1] sspSolveTime[1] lpSolveTime[0] lb[6682.71] ub[7138.8] numArcs: [1318572] numFixed: [0] time: [2]
STATS - lpIterations[1] lagIterations[7] sspIterations[122] numSeparations[0] numCuts[0] compileTime[1] sspSolveTime[1] lpSolveTime[0] lb[6695.25] ub[7138.8] numArcs: [1318289] numFixed: [0] time: [3]
STATS - lpIterations[1] lagIterations[8] sspIterations[156] numSeparations[0] numCuts[0] compileTime[1] sspSolveTime[1] lpSolveTime[0] lb[6737.42] ub[7138.8] numArcs: [1318243] numFixed: [0] time: [3]
STATS - lpIterations[1] lagIterations[10] sspIterations[225] numSeparations[0] numCuts[0] compileTime[1] sspSolveTime[3] lpSolveTime[0] lb[6778.64] ub[7138.8] numArcs: [1318054] numFixed: [0] time: [4]
STATS - lpIterations[1] lagIterations[11] sspIterations[261] numSeparations[0] numCuts[0] compileTime[1] sspSolveTime[3] lpSolveTime[0] lb[6793.57] ub[7138.8] numArcs: [1317985] numFixed: [0] time: [5]
STATS - lpIterations[1] lagIterations[14] sspIterations[371] numSeparations[0] numCuts[0] compileTime[1] sspSolveTime[5] lpSolveTime[0] lb[6815.67] ub[7138.8] numArcs: [1317789] numFixed: [0] time: [6]
STATS - lpIterations[1] lagIterations[16] sspIterations[448] numSeparations[0] numCuts[0] compileTime[1] sspSolveTime[6] lpSolveTime[0] lb[6840.68] ub[7138.8] numArcs: [1317730] numFixed: [0] time: [7]
STATS - lpIterations[1] lagIterations[19] sspIterations[563] numSeparations[0] numCuts[0] compileTime[1] sspSolveTime[7] lpSolveTime[0] lb[6851.56] ub[7138.8] numArcs: [1317645] numFixed: [0] time: [9]
STATS - lpIterations[1] lagIterations[22] sspIterations[680] numSeparations[0] numCuts[0] compileTime[1] sspSolveTime[9] lpSolveTime[0] lb[6876.84] ub[7138.8] numArcs: [1317547] numFixed: [0] time: [11]
STATS - lpIterations[1] lagIterations[24] sspIterations[752] numSeparations[0] numCuts[0] compileTime[1] sspSolveTime[10] lpSolveTime[0] lb[6887.07] ub[7138.8] numArcs: [1317452] numFixed: [0] time: [12]
STATS - lpIterations[1] lagIterations[27] sspIterations[871] numSeparations[0] numCuts[0] compileTime[1] sspSolveTime[12] lpSolveTime[0] lb[6897.52] ub[7138.8] numArcs: [1317396] numFixed: [0] time: [14]
STATS - lpIterations[1] lagIterations[30] sspIterations[984] numSeparations[0] numCuts[0] compileTime[1] sspSolveTime[14] lpSolveTime[0] lb[6897.79] ub[7138.8] numArcs: [1317342] numFixed: [0] time: [16]
STATS - lpIterations[1] lagIterations[33] sspIterations[1094] numSeparations[0] numCuts[0] compileTime[1] sspSolveTime[16] lpSolveTime[0] lb[6930.8] ub[7138.8] numArcs: [1317294] numFixed: [0] time: [18]
STATS - lpIterations[1] lagIterations[41] sspIterations[1405] numSeparations[0] numCuts[0] compileTime[1] sspSolveTime[21] lpSolveTime[0] lb[6935.01] ub[7138.8] numArcs: [1317203] numFixed: [0] time: [23]
STATS - lpIterations[1] lagIterations[47] sspIterations[1638] numSeparations[0] numCuts[0] compileTime[1] sspSolveTime[25] lpSolveTime[0] lb[6945.34] ub[7138.8] numArcs: [1317152] numFixed: [0] time: [27]
STATS - lpIterations[1] lagIterations[49] sspIterations[1711] numSeparations[0] numCuts[0] compileTime[1] sspSolveTime[26] lpSolveTime[0] lb[6962.03] ub[7138.8] numArcs: [1317129] numFixed: [0] time: [29]
STATS - lpIterations[1] lagIterations[53] sspIterations[1874] numSeparations[0] numCuts[0] compileTime[1] sspSolveTime[29] lpSolveTime[0] lb[6969.59] ub[7138.8] numArcs: [1317053] numFixed: [0] time: [32]
STATS - lpIterations[1] lagIterations[57] sspIterations[2039] numSeparations[0] numCuts[0] compileTime[1] sspSolveTime[32] lpSolveTime[0] lb[6976.68] ub[7138.8] numArcs: [1317020] numFixed: [0] time: [35]
STATS - lpIterations[1] lagIterations[59] sspIterations[2126] numSeparations[0] numCuts[0] compileTime[1] sspSolveTime[34] lpSolveTime[0] lb[6977.7] ub[7138.8] numArcs: [1316972] numFixed: [0] time: [37]
STATS - lpIterations[1] lagIterations[65] sspIterations[2367] numSeparations[0] numCuts[0] compileTime[1] sspSolveTime[38] lpSolveTime[0] lb[6980.78] ub[7138.8] numArcs: [1316933] numFixed: [0] time: [41]
STATS - lpIterations[1] lagIterations[71] sspIterations[2619] numSeparations[0] numCuts[0] compileTime[1] sspSolveTime[42] lpSolveTime[0] lb[6989.91] ub[7138.8] numArcs: [1316893] numFixed: [0] time: [46]
STATS - lpIterations[1] lagIterations[77] sspIterations[2870] numSeparations[0] numCuts[0] compileTime[1] sspSolveTime[47] lpSolveTime[0] lb[6992.74] ub[7138.8] numArcs: [1316867] numFixed: [0] time: [50]
STATS - lpIterations[1] lagIterations[83] sspIterations[3113] numSeparations[0] numCuts[0] compileTime[1] sspSolveTime[51] lpSolveTime[0] lb[6994.52] ub[7138.8] numArcs: [1316815] numFixed: [0] time: [55]
STATS - lpIterations[1] lagIterations[90] sspIterations[3391] numSeparations[0] numCuts[0] compileTime[1] sspSolveTime[56] lpSolveTime[0] lb[7008.72] ub[7138.8] numArcs: [1316773] numFixed: [0] time: [60]
STATS - lpIterations[1] lagIterations[103] sspIterations[3907] numSeparations[32] numCuts[0] compileTime[1] sspSolveTime[65] lpSolveTime[0] lb[7014.75] ub[7138.8] numArcs: [1337735] numFixed: [0] time: [69]
STATS - lpIterations[1] lagIterations[104] sspIterations[3947] numSeparations[32] numCuts[0] compileTime[1] sspSolveTime[66] lpSolveTime[0] lb[7038.54] ub[7138.8] numArcs: [1337699] numFixed: [0] time: [70]
STATS - lpIterations[1] lagIterations[106] sspIterations[4024] numSeparations[32] numCuts[0] compileTime[1] sspSolveTime[67] lpSolveTime[0] lb[7042.92] ub[7138.8] numArcs: [1337677] numFixed: [0] time: [71]
STATS - lpIterations[1] lagIterations[109] sspIterations[4143] numSeparations[32] numCuts[0] compileTime[1] sspSolveTime[69] lpSolveTime[0] lb[7050.15] ub[7138.8] numArcs: [1337644] numFixed: [0] time: [73]
STATS - lpIterations[1] lagIterations[110] sspIterations[4183] numSeparations[32] numCuts[0] compileTime[1] sspSolveTime[70] lpSolveTime[0] lb[7055.73] ub[7138.8] numArcs: [1337635] numFixed: [0] time: [74]
STATS - lpIterations[1] lagIterations[113] sspIterations[4297] numSeparations[71] numCuts[0] compileTime[1] sspSolveTime[72] lpSolveTime[0] lb[7061.61] ub[7138.8] numArcs: [1357845] numFixed: [0] time: [76]
STATS - lpIterations[1] lagIterations[114] sspIterations[4337] numSeparations[71] numCuts[0] compileTime[1] sspSolveTime[72] lpSolveTime[0] lb[7076.2] ub[7138.8] numArcs: [1357806] numFixed: [0] time: [77]
STATS - lpIterations[1] lagIterations[120] sspIterations[4573] numSeparations[71] numCuts[0] compileTime[1] sspSolveTime[76] lpSolveTime[0] lb[7082.9] ub[7138.8] numArcs: [1357704] numFixed: [0] time: [80]
STATS - lpIterations[1] lagIterations[122] sspIterations[4656] numSeparations[71] numCuts[0] compileTime[1] sspSolveTime[77] lpSolveTime[0] lb[7089.03] ub[7138.8] numArcs: [1357666] numFixed: [0] time: [82]
STATS - lpIterations[1] lagIterations[132] sspIterations[5066] numSeparations[121] numCuts[0] compileTime[1] sspSolveTime[85] lpSolveTime[0] lb[7090.56] ub[7138.8] numArcs: [1383163] numFixed: [0] time: [90]
STATS - lpIterations[1] lagIterations[144] sspIterations[5548] numSeparations[121] numCuts[0] compileTime[1] sspSolveTime[94] lpSolveTime[0] lb[7093.07] ub[7138.8] numArcs: [1383030] numFixed: [0] time: [99]
STATS - lpIterations[1] lagIterations[145] sspIterations[5586] numSeparations[172] numCuts[0] compileTime[1] sspSolveTime[94] lpSolveTime[0] lb[7100.28] ub[7138.8] numArcs: [1401655] numFixed: [0] time: [100]
STATS - lpIterations[1] lagIterations[155] sspIterations[5992] numSeparations[172] numCuts[0] compileTime[1] sspSolveTime[102] lpSolveTime[0] lb[7101.04] ub[7138.8] numArcs: [1401538] numFixed: [0] time: [107]
STATS - lpIterations[1] lagIterations[161] sspIterations[6232] numSeparations[172] numCuts[0] compileTime[1] sspSolveTime[106] lpSolveTime[0] lb[7112.69] ub[7138.8] numArcs: [1401490] numFixed: [0] time: [112]
STATS - lpIterations[1] lagIterations[170] sspIterations[6591] numSeparations[218] numCuts[0] compileTime[1] sspSolveTime[113] lpSolveTime[0] lb[7116.84] ub[7138.8] numArcs: [1416954] numFixed: [0] time: [119]
STATS - lpIterations[1] lagIterations[196] sspIterations[7641] numSeparations[218] numCuts[0] compileTime[1] sspSolveTime[133] lpSolveTime[0] lb[7125.77] ub[7138.8] numArcs: [1416735] numFixed: [0] time: [140]
STATS - lpIterations[1] lagIterations[206] sspIterations[8045] numSeparations[269] numCuts[0] compileTime[1] sspSolveTime[140] lpSolveTime[0] lb[7130.97] ub[7138.8] numArcs: [1433292] numFixed: [0] time: [147]
STATS - lpIterations[1] lagIterations[213] sspIterations[8328] numSeparations[269] numCuts[0] compileTime[1] sspSolveTime[146] lpSolveTime[0] lb[7132.8] ub[7138.8] numArcs: [1433234] numFixed: [0] time: [153]
STATS - lpIterations[1] lagIterations[295] sspIterations[11615] numSeparations[324] numCuts[0] compileTime[1] sspSolveTime[215] lpSolveTime[0] lb[7133.46] ub[7138.8] numArcs: [1448540] numFixed: [0] time: [225]
STATS - lpIterations[1] lagIterations[394] sspIterations[15579] numSeparations[384] numCuts[0] compileTime[1] sspSolveTime[308] lpSolveTime[0] lb[7133.79] ub[7138.8] numArcs: [1462690] numFixed: [0] time: [321]
STATS - lpIterations[2] lagIterations[396] sspIterations[15659] numSeparations[384] numCuts[0] compileTime[1] sspSolveTime[310] lpSolveTime[0] lb[7133.79] ub[7138.8] numArcs: [1462689] numFixed: [0] time: [323]
STATS - lpIterations[3] lagIterations[498] sspIterations[19831] numSeparations[515] numCuts[0] compileTime[1] sspSolveTime[423] lpSolveTime[0] lb[7133.79] ub[7138.8] numArcs: [1506649] numFixed: [0] time: [439]
STATS - lpIterations[4] lagIterations[600] sspIterations[23988] numSeparations[600] numCuts[0] compileTime[1] sspSolveTime[534] lpSolveTime[0] lb[7133.79] ub[7138.8] numArcs: [1529177] numFixed: [0] time: [552]
STATS - lpIterations[5] lagIterations[702] sspIterations[28128] numSeparations[680] numCuts[0] compileTime[1] sspSolveTime[640] lpSolveTime[0] lb[7133.79] ub[7138.8] numArcs: [1546774] numFixed: [0] time: [662]
STATS - lpIterations[6] lagIterations[804] sspIterations[32269] numSeparations[766] numCuts[0] compileTime[1] sspSolveTime[748] lpSolveTime[0] lb[7133.79] ub[7138.8] numArcs: [1566808] numFixed: [0] time: [773]
STATS - lpIterations[7] lagIterations[906] sspIterations[36422] numSeparations[766] numCuts[0] compileTime[1] sspSolveTime[861] lpSolveTime[0] lb[7133.79] ub[7138.8] numArcs: [1566574] numFixed: [0] time: [889]
STATS - lpIterations[8] lagIterations[1008] sspIterations[40581] numSeparations[766] numCuts[0] compileTime[1] sspSolveTime[975] lpSolveTime[0] lb[7133.79] ub[7138.8] numArcs: [1566434] numFixed: [0] time: [1006]
STATS - lpIterations[9] lagIterations[1110] sspIterations[44732] numSeparations[766] numCuts[0] compileTime[1] sspSolveTime[1087] lpSolveTime[0] lb[7133.79] ub[7138.8] numArcs: [1566299] numFixed: [0] time: [1121]
STATS - lpIterations[10] lagIterations[1212] sspIterations[48910] numSeparations[848] numCuts[0] compileTime[1] sspSolveTime[1202] lpSolveTime[0] lb[7133.79] ub[7138.8] numArcs: [1590453] numFixed: [0] time: [1240]
STATS - lpIterations[11] lagIterations[1314] sspIterations[53068] numSeparations[848] numCuts[0] compileTime[1] sspSolveTime[1314] lpSolveTime[0] lb[7133.79] ub[7138.8] numArcs: [1590340] numFixed: [0] time: [1355]
STATS - lpIterations[12] lagIterations[1416] sspIterations[57223] numSeparations[848] numCuts[0] compileTime[1] sspSolveTime[1427] lpSolveTime[0] lb[7133.79] ub[7138.8] numArcs: [1590235] numFixed: [0] time: [1471]
STATS - lpIterations[13] lagIterations[1518] sspIterations[61366] numSeparations[848] numCuts[0] compileTime[1] sspSolveTime[1537] lpSolveTime[0] lb[7133.79] ub[7138.8] numArcs: [1590192] numFixed: [0] time: [1585]
STATS - lpIterations[14] lagIterations[1620] sspIterations[65526] numSeparations[848] numCuts[0] compileTime[1] sspSolveTime[1651] lpSolveTime[0] lb[7133.79] ub[7138.8] numArcs: [1590017] numFixed: [0] time: [1702]
STATS - lpIterations[15] lagIterations[1722] sspIterations[69679] numSeparations[848] numCuts[0] compileTime[1] sspSolveTime[1766] lpSolveTime[0] lb[7133.79] ub[7138.8] numArcs: [1589967] numFixed: [0] time: [1820]
STATS - lpIterations[16] lagIterations[1824] sspIterations[73840] numSeparations[848] numCuts[0] compileTime[1] sspSolveTime[1883] lpSolveTime[0] lb[7133.79] ub[7138.8] numArcs: [1589916] numFixed: [0] time: [1940]
STATS - lpIterations[17] lagIterations[1926] sspIterations[78019] numSeparations[848] numCuts[0] compileTime[1] sspSolveTime[2000] lpSolveTime[0] lb[7133.79] ub[7138.8] numArcs: [1589799] numFixed: [0] time: [2060]
STATS - lpIterations[18] lagIterations[2028] sspIterations[82178] numSeparations[848] numCuts[0] compileTime[1] sspSolveTime[2116] lpSolveTime[0] lb[7133.79] ub[7138.8] numArcs: [1589753] numFixed: [0] time: [2180]
STATS - lpIterations[19] lagIterations[2130] sspIterations[86327] numSeparations[848] numCuts[0] compileTime[1] sspSolveTime[2228] lpSolveTime[0] lb[7133.79] ub[7138.8] numArcs: [1589733] numFixed: [0] time: [2295]
STATS - lpIterations[20] lagIterations[2232] sspIterations[90493] numSeparations[848] numCuts[0] compileTime[1] sspSolveTime[2340] lpSolveTime[0] lb[7133.79] ub[7138.8] numArcs: [1589695] numFixed: [0] time: [2410]
STATS - lpIterations[21] lagIterations[2334] sspIterations[94656] numSeparations[848] numCuts[0] compileTime[1] sspSolveTime[2458] lpSolveTime[0] lb[7133.79] ub[7138.8] numArcs: [1589665] numFixed: [0] time: [2531]
STATS - lpIterations[22] lagIterations[2436] sspIterations[98836] numSeparations[848] numCuts[0] compileTime[1] sspSolveTime[2574] lpSolveTime[0] lb[7133.79] ub[7138.8] numArcs: [1589577] numFixed: [0] time: [2651]
STATS - lpIterations[23] lagIterations[2538] sspIterations[103001] numSeparations[848] numCuts[0] compileTime[1] sspSolveTime[2690] lpSolveTime[0] lb[7133.79] ub[7138.8] numArcs: [1589559] numFixed: [0] time: [2770]
STATS - lpIterations[24] lagIterations[2640] sspIterations[107184] numSeparations[848] numCuts[0] compileTime[1] sspSolveTime[2807] lpSolveTime[0] lb[7133.79] ub[7138.8] numArcs: [1589467] numFixed: [0] time: [2890]
STATS - lpIterations[25] lagIterations[2742] sspIterations[111352] numSeparations[848] numCuts[0] compileTime[1] sspSolveTime[2922] lpSolveTime[0] lb[7133.79] ub[7138.8] numArcs: [1589446] numFixed: [0] time: [3008]
STATS - lpIterations[26] lagIterations[2844] sspIterations[115520] numSeparations[848] numCuts[0] compileTime[1] sspSolveTime[3036] lpSolveTime[0] lb[7133.79] ub[7138.8] numArcs: [1589424] numFixed: [0] time: [3126]
STATS - lpIterations[27] lagIterations[2946] sspIterations[119752] numSeparations[937] numCuts[0] compileTime[1] sspSolveTime[3156] lpSolveTime[0] lb[7133.79] ub[7138.8] numArcs: [1613049] numFixed: [0] time: [3250]
STATS - lpIterations[28] lagIterations[3048] sspIterations[123947] numSeparations[937] numCuts[0] compileTime[1] sspSolveTime[3277] lpSolveTime[0] lb[7133.79] ub[7138.8] numArcs: [1612923] numFixed: [0] time: [3374]
STATS - lpIterations[29] lagIterations[3150] sspIterations[128114] numSeparations[937] numCuts[0] compileTime[1] sspSolveTime[3397] lpSolveTime[0] lb[7133.79] ub[7138.8] numArcs: [1612837] numFixed: [0] time: [3496]
