do not relax capacity constraint
instance upper bound: 4100.3
compiling DD
time step mult: 10
time step: 900
cap step: 1
done compiling DD
batch size for lag: 100
iteration delay to start separating: 0
optimality gap to start repairing: 5
percent fixed to change to CPLEX: 97.5
num arcs to change to CPLEX: 100000
num arcs to change to LAG: 999999999
STATS - lpIterations[0] lagIterations[0] sspIterations[0] numSeparations[0] numCuts[0] compileTime[9] sspSolveTime[0] lpSolveTime[0] lb[0] ub[4100.3] numArcs: [10462222] numFixed: [0] time: [9]
STATS - lpIterations[1] lagIterations[0] sspIterations[0] numSeparations[0] numCuts[0] compileTime[9] sspSolveTime[0] lpSolveTime[0] lb[0] ub[4100.3] numArcs: [10462222] numFixed: [0] time: [9]
STATS - lpIterations[1] lagIterations[1] sspIterations[1] numSeparations[0] numCuts[0] compileTime[9] sspSolveTime[0] lpSolveTime[0] lb[1452.13] ub[4100.3] numArcs: [10462222] numFixed: [0] time: [9]
STATS - lpIterations[1] lagIterations[2] sspIterations[2] numSeparations[0] numCuts[0] compileTime[9] sspSolveTime[0] lpSolveTime[0] lb[1524.02] ub[4100.3] numArcs: [10462222] numFixed: [0] time: [9]
STATS - lpIterations[1] lagIterations[3] sspIterations[3] numSeparations[0] numCuts[0] compileTime[9] sspSolveTime[1] lpSolveTime[0] lb[1598.73] ub[4100.3] numArcs: [10462222] numFixed: [0] time: [10]
STATS - lpIterations[1] lagIterations[4] sspIterations[4] numSeparations[0] numCuts[0] compileTime[9] sspSolveTime[1] lpSolveTime[0] lb[1676.34] ub[4100.3] numArcs: [10462222] numFixed: [0] time: [11]
STATS - lpIterations[1] lagIterations[5] sspIterations[5] numSeparations[0] numCuts[0] compileTime[9] sspSolveTime[1] lpSolveTime[0] lb[1756.93] ub[4100.3] numArcs: [10462222] numFixed: [0] time: [11]
STATS - lpIterations[1] lagIterations[6] sspIterations[6] numSeparations[0] numCuts[0] compileTime[9] sspSolveTime[2] lpSolveTime[0] lb[1840.59] ub[4100.3] numArcs: [10462222] numFixed: [0] time: [12]
STATS - lpIterations[1] lagIterations[7] sspIterations[7] numSeparations[0] numCuts[0] compileTime[9] sspSolveTime[2] lpSolveTime[0] lb[1927.41] ub[4100.3] numArcs: [10462222] numFixed: [0] time: [12]
STATS - lpIterations[1] lagIterations[8] sspIterations[8] numSeparations[0] numCuts[0] compileTime[9] sspSolveTime[3] lpSolveTime[0] lb[2017.48] ub[4100.3] numArcs: [10462222] numFixed: [0] time: [13]
STATS - lpIterations[1] lagIterations[9] sspIterations[9] numSeparations[0] numCuts[0] compileTime[9] sspSolveTime[3] lpSolveTime[0] lb[2110.88] ub[4100.3] numArcs: [10462222] numFixed: [0] time: [13]
STATS - lpIterations[1] lagIterations[10] sspIterations[10] numSeparations[0] numCuts[0] compileTime[9] sspSolveTime[3] lpSolveTime[0] lb[2207.71] ub[4100.3] numArcs: [10462222] numFixed: [0] time: [14]
STATS - lpIterations[1] lagIterations[11] sspIterations[11] numSeparations[0] numCuts[0] compileTime[9] sspSolveTime[4] lpSolveTime[0] lb[2308.06] ub[4100.3] numArcs: [10462222] numFixed: [0] time: [15]
STATS - lpIterations[1] lagIterations[12] sspIterations[12] numSeparations[0] numCuts[0] compileTime[9] sspSolveTime[4] lpSolveTime[0] lb[2412.03] ub[4100.3] numArcs: [10462222] numFixed: [0] time: [15]
STATS - lpIterations[1] lagIterations[13] sspIterations[13] numSeparations[0] numCuts[0] compileTime[9] sspSolveTime[5] lpSolveTime[0] lb[2519.71] ub[4100.3] numArcs: [10462222] numFixed: [0] time: [16]
STATS - lpIterations[1] lagIterations[14] sspIterations[14] numSeparations[0] numCuts[0] compileTime[9] sspSolveTime[5] lpSolveTime[0] lb[2631.2] ub[4100.3] numArcs: [10462222] numFixed: [0] time: [16]
STATS - lpIterations[1] lagIterations[15] sspIterations[15] numSeparations[0] numCuts[0] compileTime[9] sspSolveTime[5] lpSolveTime[0] lb[2746.6] ub[4100.3] numArcs: [10462222] numFixed: [0] time: [17]
STATS - lpIterations[1] lagIterations[16] sspIterations[16] numSeparations[0] numCuts[0] compileTime[9] sspSolveTime[6] lpSolveTime[0] lb[2862.61] ub[4100.3] numArcs: [10462184] numFixed: [0] time: [18]
STATS - lpIterations[1] lagIterations[17] sspIterations[17] numSeparations[0] numCuts[0] compileTime[9] sspSolveTime[6] lpSolveTime[0] lb[2980.14] ub[4100.3] numArcs: [10462184] numFixed: [0] time: [18]
STATS - lpIterations[1] lagIterations[18] sspIterations[18] numSeparations[0] numCuts[0] compileTime[9] sspSolveTime[7] lpSolveTime[0] lb[3096.65] ub[4100.3] numArcs: [10462146] numFixed: [0] time: [19]
STATS - lpIterations[1] lagIterations[19] sspIterations[25] numSeparations[0] numCuts[0] compileTime[9] sspSolveTime[11] lpSolveTime[0] lb[3201.89] ub[4100.3] numArcs: [10461920] numFixed: [0] time: [23]
STATS - lpIterations[1] lagIterations[20] sspIterations[27] numSeparations[0] numCuts[0] compileTime[9] sspSolveTime[12] lpSolveTime[0] lb[3240.56] ub[4100.3] numArcs: [10461852] numFixed: [0] time: [25]
STATS - lpIterations[1] lagIterations[21] sspIterations[43] numSeparations[0] numCuts[0] compileTime[9] sspSolveTime[22] lpSolveTime[0] lb[3246.29] ub[4100.3] numArcs: [10461335] numFixed: [0] time: [34]
STATS - lpIterations[1] lagIterations[22] sspIterations[56] numSeparations[0] numCuts[0] compileTime[9] sspSolveTime[29] lpSolveTime[0] lb[3281.73] ub[4100.3] numArcs: [10461109] numFixed: [0] time: [42]
STATS - lpIterations[1] lagIterations[23] sspIterations[59] numSeparations[0] numCuts[0] compileTime[9] sspSolveTime[31] lpSolveTime[0] lb[3336.76] ub[4100.3] numArcs: [10461090] numFixed: [0] time: [43]
STATS - lpIterations[1] lagIterations[25] sspIterations[105] numSeparations[0] numCuts[0] compileTime[9] sspSolveTime[50] lpSolveTime[0] lb[3381.26] ub[4100.3] numArcs: [10460275] numFixed: [0] time: [63]
STATS - lpIterations[1] lagIterations[26] sspIterations[114] numSeparations[0] numCuts[0] compileTime[9] sspSolveTime[54] lpSolveTime[0] lb[3395.9] ub[4100.3] numArcs: [10460097] numFixed: [0] time: [67]
STATS - lpIterations[1] lagIterations[27] sspIterations[123] numSeparations[0] numCuts[0] compileTime[9] sspSolveTime[57] lpSolveTime[0] lb[3430.27] ub[4100.3] numArcs: [10460047] numFixed: [0] time: [71]
STATS - lpIterations[1] lagIterations[29] sspIterations[142] numSeparations[32] numCuts[0] compileTime[9] sspSolveTime[66] lpSolveTime[0] lb[3446.08] ub[4100.3] numArcs: [10512416] numFixed: [0] time: [80]
STATS - lpIterations[1] lagIterations[30] sspIterations[151] numSeparations[32] numCuts[0] compileTime[9] sspSolveTime[69] lpSolveTime[0] lb[3479.11] ub[4100.3] numArcs: [10512262] numFixed: [0] time: [83]
STATS - lpIterations[1] lagIterations[31] sspIterations[159] numSeparations[32] numCuts[0] compileTime[9] sspSolveTime[73] lpSolveTime[0] lb[3495.12] ub[4100.3] numArcs: [10512126] numFixed: [0] time: [87]
STATS - lpIterations[1] lagIterations[32] sspIterations[172] numSeparations[32] numCuts[0] compileTime[9] sspSolveTime[79] lpSolveTime[0] lb[3512.44] ub[4100.3] numArcs: [10511972] numFixed: [0] time: [94]
STATS - lpIterations[1] lagIterations[33] sspIterations[184] numSeparations[32] numCuts[0] compileTime[9] sspSolveTime[84] lpSolveTime[0] lb[3522.04] ub[4100.3] numArcs: [10511883] numFixed: [0] time: [98]
STATS - lpIterations[1] lagIterations[34] sspIterations[191] numSeparations[32] numCuts[0] compileTime[9] sspSolveTime[86] lpSolveTime[0] lb[3541.45] ub[4100.3] numArcs: [10511841] numFixed: [0] time: [101]
STATS - lpIterations[1] lagIterations[36] sspIterations[220] numSeparations[32] numCuts[0] compileTime[9] sspSolveTime[102] lpSolveTime[0] lb[3568.03] ub[4100.3] numArcs: [10511515] numFixed: [0] time: [118]
STATS - lpIterations[1] lagIterations[38] sspIterations[242] numSeparations[80] numCuts[0] compileTime[9] sspSolveTime[111] lpSolveTime[0] lb[3592.36] ub[4100.3] numArcs: [10564309] numFixed: [0] time: [127]
STATS - lpIterations[1] lagIterations[40] sspIterations[287] numSeparations[80] numCuts[0] compileTime[9] sspSolveTime[135] lpSolveTime[0] lb[3634.08] ub[4100.3] numArcs: [10563788] numFixed: [0] time: [150]
STATS - lpIterations[1] lagIterations[43] sspIterations[322] numSeparations[80] numCuts[0] compileTime[9] sspSolveTime[150] lpSolveTime[0] lb[3648.25] ub[4100.3] numArcs: [10563451] numFixed: [0] time: [167]
STATS - lpIterations[1] lagIterations[45] sspIterations[356] numSeparations[137] numCuts[0] compileTime[9] sspSolveTime[173] lpSolveTime[0] lb[3674.88] ub[4100.3] numArcs: [10619749] numFixed: [0] time: [190]
STATS - lpIterations[1] lagIterations[47] sspIterations[378] numSeparations[137] numCuts[0] compileTime[9] sspSolveTime[185] lpSolveTime[0] lb[3688.36] ub[4100.3] numArcs: [10619536] numFixed: [0] time: [203]
STATS - lpIterations[1] lagIterations[49] sspIterations[420] numSeparations[137] numCuts[0] compileTime[9] sspSolveTime[207] lpSolveTime[0] lb[3700.18] ub[4100.3] numArcs: [10619145] numFixed: [0] time: [225]
STATS - lpIterations[1] lagIterations[51] sspIterations[445] numSeparations[137] numCuts[0] compileTime[9] sspSolveTime[221] lpSolveTime[0] lb[3708.99] ub[4100.3] numArcs: [10619028] numFixed: [0] time: [239]
STATS - lpIterations[1] lagIterations[54] sspIterations[478] numSeparations[193] numCuts[0] compileTime[9] sspSolveTime[237] lpSolveTime[0] lb[3723.71] ub[4100.3] numArcs: [10676718] numFixed: [0] time: [255]
STATS - lpIterations[1] lagIterations[55] sspIterations[488] numSeparations[193] numCuts[0] compileTime[9] sspSolveTime[241] lpSolveTime[0] lb[3725.25] ub[4100.3] numArcs: [10676644] numFixed: [0] time: [260]
STATS - lpIterations[1] lagIterations[56] sspIterations[496] numSeparations[193] numCuts[0] compileTime[9] sspSolveTime[245] lpSolveTime[0] lb[3743.87] ub[4100.3] numArcs: [10676627] numFixed: [0] time: [264]
STATS - lpIterations[1] lagIterations[58] sspIterations[539] numSeparations[193] numCuts[0] compileTime[9] sspSolveTime[267] lpSolveTime[0] lb[3749.97] ub[4100.3] numArcs: [10676332] numFixed: [0] time: [287]
STATS - lpIterations[1] lagIterations[59] sspIterations[552] numSeparations[193] numCuts[0] compileTime[9] sspSolveTime[274] lpSolveTime[0] lb[3753.81] ub[4100.3] numArcs: [10676305] numFixed: [0] time: [294]
STATS - lpIterations[1] lagIterations[60] sspIterations[559] numSeparations[256] numCuts[0] compileTime[9] sspSolveTime[277] lpSolveTime[0] lb[3764.15] ub[4100.3] numArcs: [10746667] numFixed: [0] time: [297]
STATS - lpIterations[1] lagIterations[62] sspIterations[598] numSeparations[256] numCuts[0] compileTime[9] sspSolveTime[294] lpSolveTime[0] lb[3766.27] ub[4100.3] numArcs: [10746207] numFixed: [0] time: [314]
STATS - lpIterations[1] lagIterations[63] sspIterations[609] numSeparations[256] numCuts[0] compileTime[9] sspSolveTime[300] lpSolveTime[0] lb[3773.73] ub[4100.3] numArcs: [10746158] numFixed: [0] time: [320]
STATS - lpIterations[1] lagIterations[64] sspIterations[622] numSeparations[256] numCuts[0] compileTime[9] sspSolveTime[306] lpSolveTime[0] lb[3774.13] ub[4100.3] numArcs: [10746056] numFixed: [0] time: [326]
STATS - lpIterations[1] lagIterations[65] sspIterations[633] numSeparations[256] numCuts[0] compileTime[9] sspSolveTime[312] lpSolveTime[0] lb[3780.23] ub[4100.3] numArcs: [10745988] numFixed: [0] time: [332]
STATS - lpIterations[1] lagIterations[69] sspIterations[679] numSeparations[317] numCuts[0] compileTime[9] sspSolveTime[332] lpSolveTime[0] lb[3795.15] ub[4100.3] numArcs: [10801620] numFixed: [0] time: [353]
STATS - lpIterations[1] lagIterations[70] sspIterations[690] numSeparations[317] numCuts[0] compileTime[9] sspSolveTime[336] lpSolveTime[0] lb[3802.81] ub[4100.3] numArcs: [10801511] numFixed: [0] time: [358]
STATS - lpIterations[1] lagIterations[71] sspIterations[701] numSeparations[317] numCuts[0] compileTime[9] sspSolveTime[340] lpSolveTime[0] lb[3812.61] ub[4100.3] numArcs: [10801470] numFixed: [0] time: [362]
STATS - lpIterations[1] lagIterations[73] sspIterations[728] numSeparations[317] numCuts[0] compileTime[9] sspSolveTime[353] lpSolveTime[0] lb[3813.91] ub[4100.3] numArcs: [10801321] numFixed: [0] time: [375]
STATS - lpIterations[1] lagIterations[75] sspIterations[753] numSeparations[317] numCuts[0] compileTime[9] sspSolveTime[363] lpSolveTime[0] lb[3817.76] ub[4100.3] numArcs: [10801218] numFixed: [0] time: [386]
STATS - lpIterations[1] lagIterations[77] sspIterations[781] numSeparations[383] numCuts[0] compileTime[9] sspSolveTime[378] lpSolveTime[0] lb[3825.33] ub[4100.3] numArcs: [10862013] numFixed: [0] time: [401]
STATS - lpIterations[1] lagIterations[79] sspIterations[807] numSeparations[383] numCuts[0] compileTime[9] sspSolveTime[389] lpSolveTime[0] lb[3834.98] ub[4100.3] numArcs: [10861762] numFixed: [0] time: [412]
STATS - lpIterations[1] lagIterations[81] sspIterations[834] numSeparations[383] numCuts[0] compileTime[9] sspSolveTime[402] lpSolveTime[0] lb[3837.76] ub[4100.3] numArcs: [10861577] numFixed: [0] time: [426]
STATS - lpIterations[1] lagIterations[83] sspIterations[870] numSeparations[456] numCuts[0] compileTime[9] sspSolveTime[420] lpSolveTime[0] lb[3844.53] ub[4100.3] numArcs: [10917809] numFixed: [0] time: [444]
STATS - lpIterations[1] lagIterations[87] sspIterations[915] numSeparations[456] numCuts[0] compileTime[9] sspSolveTime[440] lpSolveTime[0] lb[3850.35] ub[4100.3] numArcs: [10917521] numFixed: [0] time: [465]
STATS - lpIterations[1] lagIterations[89] sspIterations[943] numSeparations[456] numCuts[0] compileTime[9] sspSolveTime[454] lpSolveTime[0] lb[3865.85] ub[4100.3] numArcs: [10917445] numFixed: [0] time: [479]
STATS - lpIterations[1] lagIterations[93] sspIterations[1001] numSeparations[532] numCuts[0] compileTime[9] sspSolveTime[491] lpSolveTime[0] lb[3867.91] ub[4100.3] numArcs: [10989208] numFixed: [0] time: [517]
STATS - lpIterations[1] lagIterations[95] sspIterations[1040] numSeparations[532] numCuts[0] compileTime[9] sspSolveTime[511] lpSolveTime[0] lb[3876.54] ub[4100.3] numArcs: [10988984] numFixed: [0] time: [537]
STATS - lpIterations[1] lagIterations[99] sspIterations[1084] numSeparations[607] numCuts[0] compileTime[9] sspSolveTime[529] lpSolveTime[0] lb[3879.64] ub[4100.3] numArcs: [11049603] numFixed: [0] time: [557]
STATS - lpIterations[1] lagIterations[101] sspIterations[1125] numSeparations[607] numCuts[0] compileTime[9] sspSolveTime[554] lpSolveTime[0] lb[3880.56] ub[4100.3] numArcs: [11049330] numFixed: [0] time: [581]
STATS - lpIterations[1] lagIterations[102] sspIterations[1133] numSeparations[607] numCuts[0] compileTime[9] sspSolveTime[557] lpSolveTime[0] lb[3890.99] ub[4100.3] numArcs: [11049314] numFixed: [0] time: [584]
STATS - lpIterations[1] lagIterations[104] sspIterations[1171] numSeparations[607] numCuts[0] compileTime[9] sspSolveTime[582] lpSolveTime[0] lb[3891.43] ub[4100.3] numArcs: [11049068] numFixed: [0] time: [610]
STATS - lpIterations[1] lagIterations[106] sspIterations[1195] numSeparations[688] numCuts[0] compileTime[9] sspSolveTime[593] lpSolveTime[0] lb[3894.31] ub[4100.3] numArcs: [11114829] numFixed: [0] time: [622]
STATS - lpIterations[1] lagIterations[107] sspIterations[1206] numSeparations[688] numCuts[0] compileTime[9] sspSolveTime[599] lpSolveTime[0] lb[3900.92] ub[4100.3] numArcs: [11114796] numFixed: [0] time: [628]
STATS - lpIterations[1] lagIterations[111] sspIterations[1258] numSeparations[688] numCuts[0] compileTime[9] sspSolveTime[623] lpSolveTime[0] lb[3907.18] ub[4100.3] numArcs: [11114509] numFixed: [0] time: [652]
STATS - lpIterations[1] lagIterations[113] sspIterations[1285] numSeparations[688] numCuts[0] compileTime[9] sspSolveTime[639] lpSolveTime[0] lb[3908.42] ub[4100.3] numArcs: [11114381] numFixed: [0] time: [669]
STATS - lpIterations[1] lagIterations[116] sspIterations[1324] numSeparations[763] numCuts[0] compileTime[9] sspSolveTime[661] lpSolveTime[0] lb[3914.56] ub[4100.3] numArcs: [11180688] numFixed: [0] time: [692]
STATS - lpIterations[1] lagIterations[118] sspIterations[1349] numSeparations[763] numCuts[0] compileTime[9] sspSolveTime[672] lpSolveTime[0] lb[3915.82] ub[4100.3] numArcs: [11180578] numFixed: [0] time: [703]
STATS - lpIterations[1] lagIterations[120] sspIterations[1372] numSeparations[763] numCuts[0] compileTime[9] sspSolveTime[685] lpSolveTime[0] lb[3919.23] ub[4100.3] numArcs: [11180512] numFixed: [0] time: [716]
STATS - lpIterations[1] lagIterations[124] sspIterations[1418] numSeparations[837] numCuts[0] compileTime[9] sspSolveTime[705] lpSolveTime[0] lb[3928.19] ub[4100.3] numArcs: [11236686] numFixed: [0] time: [737]
STATS - lpIterations[1] lagIterations[126] sspIterations[1465] numSeparations[837] numCuts[0] compileTime[9] sspSolveTime[728] lpSolveTime[0] lb[3928.59] ub[4100.3] numArcs: [11236459] numFixed: [0] time: [761]
STATS - lpIterations[1] lagIterations[127] sspIterations[1477] numSeparations[837] numCuts[0] compileTime[9] sspSolveTime[732] lpSolveTime[0] lb[3939.61] ub[4100.3] numArcs: [11236435] numFixed: [0] time: [765]
STATS - lpIterations[1] lagIterations[133] sspIterations[1582] numSeparations[919] numCuts[0] compileTime[9] sspSolveTime[794] lpSolveTime[0] lb[3949.74] ub[4100.3] numArcs: [11291489] numFixed: [0] time: [828]
STATS - lpIterations[1] lagIterations[145] sspIterations[1736] numSeparations[990] numCuts[0] compileTime[9] sspSolveTime[873] lpSolveTime[0] lb[3956.83] ub[4100.3] numArcs: [11338850] numFixed: [0] time: [910]
STATS - lpIterations[1] lagIterations[153] sspIterations[1848] numSeparations[1066] numCuts[0] compileTime[9] sspSolveTime[942] lpSolveTime[0] lb[3957.55] ub[4100.3] numArcs: [11390656] numFixed: [0] time: [980]
STATS - lpIterations[1] lagIterations[154] sspIterations[1859] numSeparations[1066] numCuts[0] compileTime[9] sspSolveTime[948] lpSolveTime[0] lb[3960.64] ub[4100.3] numArcs: [11390578] numFixed: [0] time: [986]
STATS - lpIterations[1] lagIterations[157] sspIterations[1894] numSeparations[1066] numCuts[0] compileTime[9] sspSolveTime[968] lpSolveTime[0] lb[3966.53] ub[4100.3] numArcs: [11390489] numFixed: [0] time: [1007]
STATS - lpIterations[1] lagIterations[165] sspIterations[1996] numSeparations[1140] numCuts[0] compileTime[9] sspSolveTime[1015] lpSolveTime[0] lb[3968.31] ub[4100.3] numArcs: [11441847] numFixed: [0] time: [1055]
STATS - lpIterations[1] lagIterations[167] sspIterations[2019] numSeparations[1140] numCuts[0] compileTime[9] sspSolveTime[1023] lpSolveTime[0] lb[3971] ub[4100.3] numArcs: [11441794] numFixed: [0] time: [1064]
STATS - lpIterations[1] lagIterations[169] sspIterations[2048] numSeparations[1140] numCuts[0] compileTime[9] sspSolveTime[1037] lpSolveTime[0] lb[3971.26] ub[4100.3] numArcs: [11441736] numFixed: [0] time: [1079]
STATS - lpIterations[1] lagIterations[170] sspIterations[2057] numSeparations[1212] numCuts[0] compileTime[9] sspSolveTime[1041] lpSolveTime[0] lb[3974.25] ub[4100.3] numArcs: [11489620] numFixed: [0] time: [1083]
STATS - lpIterations[1] lagIterations[172] sspIterations[2090] numSeparations[1212] numCuts[0] compileTime[9] sspSolveTime[1060] lpSolveTime[0] lb[3975.25] ub[4100.3] numArcs: [11489478] numFixed: [0] time: [1102]
STATS - lpIterations[1] lagIterations[173] sspIterations[2097] numSeparations[1212] numCuts[0] compileTime[9] sspSolveTime[1062] lpSolveTime[0] lb[3977.77] ub[4100.3] numArcs: [11489456] numFixed: [0] time: [1104]
STATS - lpIterations[1] lagIterations[175] sspIterations[2139] numSeparations[1212] numCuts[0] compileTime[9] sspSolveTime[1094] lpSolveTime[0] lb[3981.24] ub[4100.3] numArcs: [11489236] numFixed: [0] time: [1136]
STATS - lpIterations[1] lagIterations[180] sspIterations[2200] numSeparations[1290] numCuts[0] compileTime[9] sspSolveTime[1122] lpSolveTime[0] lb[3981.45] ub[4100.3] numArcs: [11536118] numFixed: [0] time: [1165]
STATS - lpIterations[1] lagIterations[182] sspIterations[2230] numSeparations[1290] numCuts[0] compileTime[9] sspSolveTime[1136] lpSolveTime[0] lb[3987.54] ub[4100.3] numArcs: [11535985] numFixed: [0] time: [1180]
STATS - lpIterations[1] lagIterations[191] sspIterations[2350] numSeparations[1368] numCuts[0] compileTime[9] sspSolveTime[1202] lpSolveTime[0] lb[3991.8] ub[4100.3] numArcs: [11590833] numFixed: [0] time: [1248]
STATS - lpIterations[1] lagIterations[201] sspIterations[2484] numSeparations[1448] numCuts[0] compileTime[9] sspSolveTime[1270] lpSolveTime[0] lb[3995.53] ub[4100.3] numArcs: [11636747] numFixed: [0] time: [1318]
STATS - lpIterations[1] lagIterations[204] sspIterations[2521] numSeparations[1448] numCuts[0] compileTime[9] sspSolveTime[1290] lpSolveTime[0] lb[3996.87] ub[4100.3] numArcs: [11636633] numFixed: [0] time: [1338]
STATS - lpIterations[1] lagIterations[212] sspIterations[2644] numSeparations[1525] numCuts[0] compileTime[9] sspSolveTime[1350] lpSolveTime[0] lb[4000.56] ub[4100.3] numArcs: [11685859] numFixed: [0] time: [1401]
STATS - lpIterations[1] lagIterations[214] sspIterations[2674] numSeparations[1525] numCuts[0] compileTime[9] sspSolveTime[1367] lpSolveTime[0] lb[4002.31] ub[4100.3] numArcs: [11685731] numFixed: [0] time: [1418]
STATS - lpIterations[1] lagIterations[223] sspIterations[2797] numSeparations[1608] numCuts[0] compileTime[9] sspSolveTime[1427] lpSolveTime[0] lb[4006.72] ub[4100.3] numArcs: [11743680] numFixed: [0] time: [1479]
STATS - lpIterations[1] lagIterations[237] sspIterations[2987] numSeparations[1681] numCuts[0] compileTime[9] sspSolveTime[1527] lpSolveTime[0] lb[4009.18] ub[4100.3] numArcs: [11779081] numFixed: [0] time: [1583]
STATS - lpIterations[1] lagIterations[242] sspIterations[3051] numSeparations[1756] numCuts[0] compileTime[9] sspSolveTime[1558] lpSolveTime[0] lb[4009.75] ub[4100.3] numArcs: [11817277] numFixed: [0] time: [1615]
STATS - lpIterations[1] lagIterations[245] sspIterations[3103] numSeparations[1756] numCuts[0] compileTime[9] sspSolveTime[1589] lpSolveTime[0] lb[4011.88] ub[4100.3] numArcs: [11817105] numFixed: [0] time: [1647]
STATS - lpIterations[1] lagIterations[256] sspIterations[3250] numSeparations[1835] numCuts[0] compileTime[9] sspSolveTime[1667] lpSolveTime[0] lb[4012.11] ub[4100.3] numArcs: [11864031] numFixed: [0] time: [1727]
STATS - lpIterations[1] lagIterations[258] sspIterations[3278] numSeparations[1835] numCuts[0] compileTime[9] sspSolveTime[1689] lpSolveTime[0] lb[4014.5] ub[4100.3] numArcs: [11863944] numFixed: [0] time: [1749]
STATS - lpIterations[1] lagIterations[262] sspIterations[3334] numSeparations[1916] numCuts[0] compileTime[9] sspSolveTime[1725] lpSolveTime[0] lb[4016.04] ub[4100.3] numArcs: [11906934] numFixed: [0] time: [1786]
STATS - lpIterations[1] lagIterations[276] sspIterations[3523] numSeparations[1995] numCuts[0] compileTime[9] sspSolveTime[1837] lpSolveTime[0] lb[4017.94] ub[4100.3] numArcs: [11942573] numFixed: [0] time: [1901]
STATS - lpIterations[1] lagIterations[283] sspIterations[3621] numSeparations[1995] numCuts[0] compileTime[9] sspSolveTime[1892] lpSolveTime[0] lb[4020.78] ub[4100.3] numArcs: [11942438] numFixed: [0] time: [1957]
STATS - lpIterations[1] lagIterations[292] sspIterations[3742] numSeparations[2075] numCuts[0] compileTime[9] sspSolveTime[1970] lpSolveTime[0] lb[4021.26] ub[4100.3] numArcs: [11984169] numFixed: [0] time: [2038]
STATS - lpIterations[1] lagIterations[302] sspIterations[3878] numSeparations[2149] numCuts[0] compileTime[9] sspSolveTime[2054] lpSolveTime[0] lb[4023.35] ub[4100.3] numArcs: [12028940] numFixed: [0] time: [2123]
STATS - lpIterations[1] lagIterations[310] sspIterations[3981] numSeparations[2149] numCuts[0] compileTime[9] sspSolveTime[2113] lpSolveTime[0] lb[4026.29] ub[4100.3] numArcs: [12028796] numFixed: [0] time: [2184]
STATS - lpIterations[1] lagIterations[315] sspIterations[4047] numSeparations[2228] numCuts[0] compileTime[9] sspSolveTime[2149] lpSolveTime[0] lb[4027.6] ub[4100.3] numArcs: [12076028] numFixed: [0] time: [2222]
STATS - lpIterations[1] lagIterations[322] sspIterations[4147] numSeparations[2228] numCuts[0] compileTime[9] sspSolveTime[2198] lpSolveTime[0] lb[4030.53] ub[4100.3] numArcs: [12075877] numFixed: [0] time: [2271]
STATS - lpIterations[1] lagIterations[342] sspIterations[4410] numSeparations[2381] numCuts[0] compileTime[9] sspSolveTime[2344] lpSolveTime[0] lb[4033.11] ub[4100.3] numArcs: [12157519] numFixed: [0] time: [2422]
STATS - lpIterations[1] lagIterations[358] sspIterations[4616] numSeparations[2460] numCuts[0] compileTime[9] sspSolveTime[2456] lpSolveTime[0] lb[4033.47] ub[4100.3] numArcs: [12199937] numFixed: [0] time: [2538]
STATS - lpIterations[1] lagIterations[360] sspIterations[4642] numSeparations[2460] numCuts[0] compileTime[9] sspSolveTime[2471] lpSolveTime[0] lb[4033.55] ub[4100.3] numArcs: [12199896] numFixed: [0] time: [2553]
STATS - lpIterations[1] lagIterations[366] sspIterations[4727] numSeparations[2538] numCuts[0] compileTime[9] sspSolveTime[2514] lpSolveTime[0] lb[4040.5] ub[4100.3] numArcs: [12240459] numFixed: [0] time: [2597]
STATS - lpIterations[1] lagIterations[400] sspIterations[5201] numSeparations[2779] numCuts[0] compileTime[9] sspSolveTime[2807] lpSolveTime[0] lb[4040.7] ub[4100.3] numArcs: [12376788] numFixed: [0] time: [2898]
STATS - lpIterations[1] lagIterations[401] sspIterations[5213] numSeparations[2779] numCuts[0] compileTime[9] sspSolveTime[2813] lpSolveTime[0] lb[4040.77] ub[4100.3] numArcs: [12376771] numFixed: [0] time: [2904]
STATS - lpIterations[1] lagIterations[422] sspIterations[5492] numSeparations[2862] numCuts[0] compileTime[9] sspSolveTime[2965] lpSolveTime[0] lb[4045.04] ub[4100.3] numArcs: [12433096] numFixed: [0] time: [3060]
STATS - lpIterations[1] lagIterations[456] sspIterations[5942] numSeparations[3013] numCuts[0] compileTime[9] sspSolveTime[3221] lpSolveTime[0] lb[4046.75] ub[4100.3] numArcs: [12520251] numFixed: [0] time: [3324]
STATS - lpIterations[1] lagIterations[479] sspIterations[6244] numSeparations[3168] numCuts[0] compileTime[9] sspSolveTime[3394] lpSolveTime[0] lb[4047.1] ub[4100.3] numArcs: [12604927] numFixed: [0] time: [3501]
