fixed number of vehicles
capacity: 100
num locations: 52
instance upper bound: 748
route length upper bound: 21
1581529486
compiling DD
time step mult: 1
time step: 10
cap step: 1
added route to primal routes: 0,1,2,3,4,5,6,7,8,0,
random seed: 3716718763
added maximal sequence to primal routes: 0,38,11,1,2,3,4,5,6,7,8,0,
added route to primal routes: 0,9,10,11,12,13,14,15,16,17,18,0,
random seed: 3758017085
added maximal sequence to primal routes: 0,46,3,38,9,10,11,12,13,14,15,16,17,18,0,
added route to primal routes: 0,19,20,21,22,23,24,0,
random seed: 3858336901
added maximal sequence to primal routes: 0,34,33,17,19,20,21,22,23,24,0,
added route to primal routes: 0,25,26,27,28,29,0,
random seed: 3906346900
added maximal sequence to primal routes: 0,34,45,25,26,27,28,29,0,
added route to primal routes: 0,30,31,32,33,34,35,36,37,38,39,0,
random seed: 3937132981
added route to primal routes: 0,40,41,42,43,44,45,46,0,
random seed: 3974639284
added maximal sequence to primal routes: 0,38,34,7,31,10,40,41,42,43,44,45,46,0,
added route to primal routes: 0,47,48,49,50,51,0,
random seed: 4054747064
added maximal sequence to primal routes: 0,34,44,18,7,31,47,48,49,50,51,0,
done compiling DD
batch size for lag: 1
deactivate cut value threshold: 0.01
deactivate cut iter threshold: 1000000000
percent arcs fixed to change to CPLEX: 97.5
number arcs fixed to change to CPLEX: 100000
kappa iterations: 20
num lag cuts: 20
mu percent improved: 0.001
percent to start cuts: 0.95
step size iteration cutoff: 5
target bound increase: 1.01
min step size multiplier: 0.0001
ngSetSize: 2
change to LP: 1
var fixing: 1
useSeparations: 1
muSSP: 1
repairDuals: 1
robustCuts: 1
nonRobustCuts: 0
volume algo: 0
use scaling: 0
use sparse RCCs: 0
use restarts: 0
switch separations to cuts: 0
primal heuristic: 2
primal heuristic lns: 0
STATS - lpIterations[0] lagIterations[0] sspIterations[0] numSeparations[0] numCuts[0] compileTime[6] sspSolveTime[0] lpSolveTime[0] lb[0] ub[1e+09] numArcs: [371636] numFixed: [0] time: [6]
STATS1 - lpIterations[0] lagIterations[0] sspIterations[0] numSeparations[0] numCuts[0] compileTime[6] sspSolveTime[0] lpSolveTime[0] repairTime[0] cutsTime[0] alphaTime[0] decompTime[0] yellowTime[0] updateTime[0] fixTime[0] lb[0] ub[1e+09] numArcs: [371636] numFixed: [0] time: [6]
STATS - lpIterations[1] lagIterations[0] sspIterations[0] numSeparations[0] numCuts[0] compileTime[6] sspSolveTime[0] lpSolveTime[0] lb[0] ub[1e+09] numArcs: [371636] numFixed: [0] time: [6]
STATS1 - lpIterations[1] lagIterations[0] sspIterations[0] numSeparations[0] numCuts[0] compileTime[6] sspSolveTime[0] lpSolveTime[0] repairTime[0] cutsTime[0] alphaTime[0] decompTime[0] yellowTime[0] updateTime[0] fixTime[0] lb[0] ub[1e+09] numArcs: [371636] numFixed: [0] time: [6]
STATS - lpIterations[1] lagIterations[0] sspIterations[0] numSeparations[0] numCuts[0] compileTime[6] sspSolveTime[0] lpSolveTime[0] lb[0] ub[1e+09] numArcs: [371636] numFixed: [0] time: [6]
STATS1 - lpIterations[1] lagIterations[0] sspIterations[0] numSeparations[0] numCuts[0] compileTime[6] sspSolveTime[0] lpSolveTime[0] repairTime[0] cutsTime[0] alphaTime[0] decompTime[0] yellowTime[0] updateTime[0] fixTime[0] lb[0] ub[1e+09] numArcs: [371636] numFixed: [0] time: [6]
fixed path dual: 7.26
lag: 555.9
STATS - lpIterations[1] lagIterations[1] sspIterations[7] numSeparations[0] numCuts[0] compileTime[6] sspSolveTime[0] lpSolveTime[0] lb[555.9] ub[1e+09] numArcs: [371592] numFixed: [0] time: [7]
STATS1 - lpIterations[1] lagIterations[1] sspIterations[7] numSeparations[0] numCuts[0] compileTime[6] sspSolveTime[0] lpSolveTime[0] repairTime[0] cutsTime[0] alphaTime[0] decompTime[0] yellowTime[0] updateTime[0] fixTime[0] lb[555.9] ub[1e+09] numArcs: [371592] numFixed: [0] time: [7]
lambda: 0,11,8.64,3.72,7.08,5.2,5.04,4.64,6.5,15.6,1.2,12.6,8.28,30.36,10.72,5.6,15.6,8.04,2.8,14,10.56,16.38,16.9,24.48,18.76,3.08,33.8,10.58,5.04,10,5.04,10.4,21.44,1.38,1.34,7.82,2.34,4.8,2.36,26.22,1.26,0.84,8.8,14.08,3.6,8.82,5.28,7.36,14.3,13.6,11.36,6.44,
mu: 
combDuals: 
srcDuals: 
new best dual, value: 555.9
10 9 27 226 8 50611 27 112508 29 226663 10 342525 44 353481 0 371445 
27 26 8 38162 27 97851 29 211516 37 331589 0 371023 
29 28 27 46314 8 155809 27 222998 51 331787 0 371035 
37 36 29 13552 27 115875 8 231544 27 298564 0 370365 
44 43 10 4860 27 10767 8 96594 27 162410 29 277153 0 369944 
47 46 29 38233 27 155679 29 271956 0 369842 
51 50 27 11066 8 101250 27 167459 29 282202 0 370046 
added route to primal routes: 0,10,27,8,0,
random seed: 589961323
added maximal sequence to primal routes: 0,38,36,49,47,28,22,10,27,8,0,
added route to primal routes: 0,27,8,0,
random seed: 629962106
added maximal sequence to primal routes: 0,34,46,30,5,4,20,31,15,27,8,0,
added route to primal routes: 0,29,27,8,0,
random seed: 703331052
added maximal sequence to primal routes: 0,34,33,26,30,29,27,8,0,
added route to primal routes: 0,37,29,27,8,0,
random seed: 730012844
added maximal sequence to primal routes: 0,35,45,37,29,27,8,0,
added route to primal routes: 0,44,10,27,8,0,
random seed: 742078004
added maximal sequence to primal routes: 0,34,49,11,25,41,5,44,10,27,8,0,
added route to primal routes: 0,47,29,27,0,
random seed: 787691728
added maximal sequence to primal routes: 0,4,34,51,14,47,29,27,0,
added route to primal routes: 0,51,27,8,0,
random seed: 806778084
added maximal sequence to primal routes: 0,33,34,14,38,32,11,49,51,27,8,0,
running primal heuristic MIP
primal heuristic num vars: 27
primal heuristic MIP obj: 2962
feasible primal routes: 
route: 
0 1 2 3 4 5 6 7 8 0 
route: 
0 9 10 11 12 13 14 15 16 17 18 0 
route: 
0 19 20 21 22 23 24 0 
route: 
0 25 26 27 28 29 0 
route: 
0 30 31 32 33 34 35 36 37 38 39 0 
route: 
0 40 41 42 43 44 45 46 0 
route: 
0 47 48 49 50 51 0 
improved ub from MIP primal heuristic: 2962
improved ub from lns primal heuristic: 0
updated location limit: 1
updated location limit: 2
updated location limit: 3
updated location limit: 4
updated location limit: 5
updated location limit: 6
updated location limit: 7
updated location limit: 8
updated location limit: 9
updated location limit: 10
updated location limit: 11
updated location limit: 12
updated location limit: 13
updated location limit: 14
updated location limit: 15
updated location limit: 16
updated location limit: 17
updated location limit: 18
updated location limit: 19
updated location limit: 20
updated location limit: 21
updated location limit: 22
updated location limit: 23
updated location limit: 24
updated location limit: 25
updated location limit: 26
updated location limit: 27
updated location limit: 28
updated location limit: 29
updated location limit: 30
updated location limit: 31
updated location limit: 32
updated location limit: 33
updated location limit: 34
updated location limit: 35
updated location limit: 36
updated location limit: 37
updated location limit: 38
updated location limit: 39
updated location limit: 40
updated location limit: 41
updated location limit: 42
updated location limit: 43
updated location limit: 44
updated location limit: 45
updated location limit: 46
updated location limit: 47
updated location limit: 48
updated location limit: 49
updated location limit: 50
updated location limit: 51
updated location limit: 52
updated location limit: 53
best alpha: 1
gamma: 1 val: 1
gamma: 2 val: 1
gamma: 3 val: 1
gamma: 4 val: 1
gamma: 5 val: 1
gamma: 6 val: 1
gamma: 7 val: 1
gamma: 8 val: -5
gamma: 9 val: 1
gamma: 10 val: -2
gamma: 11 val: 1
gamma: 12 val: 1
gamma: 13 val: 1
gamma: 14 val: 1
gamma: 15 val: 1
gamma: 16 val: 1
gamma: 17 val: 1
gamma: 18 val: 1
gamma: 19 val: 1
gamma: 20 val: 1
gamma: 21 val: 1
gamma: 22 val: 1
gamma: 23 val: 1
gamma: 24 val: 1
gamma: 25 val: 1
gamma: 26 val: 1
gamma: 27 val: -12
gamma: 28 val: 1
gamma: 29 val: -7
gamma: 30 val: 1
gamma: 31 val: 1
gamma: 32 val: 1
gamma: 33 val: 1
gamma: 34 val: 1
gamma: 35 val: 1
gamma: 36 val: 1
gamma: 37 val: -1
gamma: 38 val: 1
gamma: 39 val: 1
gamma: 40 val: 1
gamma: 41 val: 1
gamma: 42 val: 1
gamma: 43 val: 1
gamma: 44 val: -1
gamma: 45 val: 1
gamma: 46 val: 1
gamma: 47 val: 0
gamma: 48 val: 1
gamma: 49 val: 1
gamma: 50 val: 1
gamma: 51 val: -1
alpha: -2.07425
psiStar: 0
lagLB: 555.9
||gamma||^2: 268
lambda: 0,11,8.64,3.72,7.08,5.2,5.04,4.64,6.5,15.6,1.2,12.6,8.28,30.36,10.72,5.6,15.6,8.04,2.8,14,10.56,16.38,16.9,24.48,18.76,3.08,33.8,10.58,5.04,10,5.04,10.4,21.44,1.38,1.34,7.82,2.34,4.8,2.36,26.22,1.26,0.84,8.8,14.08,3.6,8.82,5.28,7.36,14.3,13.6,11.36,6.44,
mu: 
combDuals: 
srcDuals: 
lambda: 0,11,8.64,3.72,7.08,5.2,5.04,4.64,6.5,15.6,1.2,12.6,8.28,30.36,10.72,5.6,15.6,8.04,2.8,14,10.56,16.38,16.9,24.48,18.76,3.08,33.8,10.58,5.04,10,5.04,10.4,21.44,1.38,1.34,7.82,2.34,4.8,2.36,26.22,1.26,0.84,8.8,14.08,3.6,8.82,5.28,7.36,14.3,13.6,11.36,6.44,
mu: 
combDuals: 
srcDuals: 
checking cuts, max violation: 24, num cuts: 1
new capacity cutset: 8 10 27 29 37 44 47 51 <= 6
adding RCC type 1 with rhs: 6
running primal heuristic MIP
primal heuristic num vars: 27
primal heuristic MIP obj: 2962
feasible primal routes: 
route: 
0 1 2 3 4 5 6 7 8 0 
route: 
0 9 10 11 12 13 14 15 16 17 18 0 
route: 
0 19 20 21 22 23 24 0 
route: 
0 25 26 27 28 29 0 
route: 
0 30 31 32 33 34 35 36 37 38 39 0 
route: 
0 40 41 42 43 44 45 46 0 
route: 
0 47 48 49 50 51 0 
STATS - lpIterations[1] lagIterations[1] sspIterations[7] numSeparations[0] numCuts[1] compileTime[6] sspSolveTime[0] lpSolveTime[0] lb[555.9] ub[0] numArcs: [371592] numFixed: [0] time: [8]
STATS1 - lpIterations[1] lagIterations[1] sspIterations[7] numSeparations[0] numCuts[1] compileTime[6] sspSolveTime[0] lpSolveTime[0] repairTime[0] cutsTime[0] alphaTime[0] decompTime[0] yellowTime[0] updateTime[0] fixTime[0] lb[555.9] ub[0] numArcs: [371592] numFixed: [0] time: [8]
finished solving - complete
time elapsed: 8
