fixed number of vehicles
capacity: 160
num locations: 21
instance upper bound: 212
route length upper bound: 16
3287771345
compiling DD
time step mult: 1
time step: 10
cap step: 1
added route to primal routes: 0,1,2,3,4,5,6,7,8,9,0,
random seed: 530964978
added route to primal routes: 0,10,11,12,13,14,15,16,17,18,19,20,0,
random seed: 540784315
added maximal sequence to primal routes: 0,3,10,11,12,13,14,15,16,17,18,19,20,0,
done compiling DD
batch size for lag: 1
deactivate cut value threshold: 0.01
deactivate cut iter threshold: 1000000000
percent arcs fixed to change to CPLEX: 97.5
number arcs fixed to change to CPLEX: 100000
kappa iterations: 20
num lag cuts: 20
mu percent improved: 0.001
percent to start cuts: 0.95
step size iteration cutoff: 5
target bound increase: 1.01
min step size multiplier: 0.0001
ngSetSize: 2
change to LP: 1
var fixing: 1
useSeparations: 1
muSSP: 1
repairDuals: 1
robustCuts: 1
nonRobustCuts: 0
volume algo: 0
use scaling: 0
use sparse RCCs: 0
use restarts: 0
switch separations to cuts: 0
primal heuristic: 2
primal heuristic lns: 0
STATS - lpIterations[0] lagIterations[0] sspIterations[0] numSeparations[0] numCuts[0] compileTime[1] sspSolveTime[0] lpSolveTime[0] lb[0] ub[1e+09] numArcs: [92460] numFixed: [0] time: [1]
STATS1 - lpIterations[0] lagIterations[0] sspIterations[0] numSeparations[0] numCuts[0] compileTime[1] sspSolveTime[0] lpSolveTime[0] repairTime[0] cutsTime[0] alphaTime[0] decompTime[0] yellowTime[0] updateTime[0] fixTime[0] lb[0] ub[1e+09] numArcs: [92460] numFixed: [0] time: [1]
STATS - lpIterations[1] lagIterations[0] sspIterations[0] numSeparations[0] numCuts[0] compileTime[1] sspSolveTime[0] lpSolveTime[0] lb[0] ub[1e+09] numArcs: [92460] numFixed: [0] time: [1]
STATS1 - lpIterations[1] lagIterations[0] sspIterations[0] numSeparations[0] numCuts[0] compileTime[1] sspSolveTime[0] lpSolveTime[0] repairTime[0] cutsTime[0] alphaTime[0] decompTime[0] yellowTime[0] updateTime[0] fixTime[0] lb[0] ub[1e+09] numArcs: [92460] numFixed: [0] time: [1]
STATS - lpIterations[1] lagIterations[0] sspIterations[0] numSeparations[0] numCuts[0] compileTime[1] sspSolveTime[0] lpSolveTime[0] lb[0] ub[1e+09] numArcs: [92460] numFixed: [0] time: [1]
STATS1 - lpIterations[1] lagIterations[0] sspIterations[0] numSeparations[0] numCuts[0] compileTime[1] sspSolveTime[0] lpSolveTime[0] repairTime[0] cutsTime[0] alphaTime[0] decompTime[0] yellowTime[0] updateTime[0] fixTime[0] lb[0] ub[1e+09] numArcs: [92460] numFixed: [0] time: [1]
fixed path dual: 19.825
lag: 136.163
STATS - lpIterations[1] lagIterations[1] sspIterations[2] numSeparations[0] numCuts[0] compileTime[1] sspSolveTime[0] lpSolveTime[0] lb[136.163] ub[1e+09] numArcs: [92456] numFixed: [0] time: [1]
STATS1 - lpIterations[1] lagIterations[1] sspIterations[2] numSeparations[0] numCuts[0] compileTime[1] sspSolveTime[0] lpSolveTime[0] repairTime[0] cutsTime[0] alphaTime[0] decompTime[0] yellowTime[0] updateTime[0] fixTime[0] lb[136.163] ub[1e+09] numArcs: [92456] numFixed: [0] time: [1]
lambda: 0,1.225,7.875,6.6,6.325,3.1625,2.85,4.125,11.2,3.2,2.1,2.45,5.25,2.175,7.3625,4.125,1.5,10.4,8.2875,3.3,3,
mu: 
combDuals: 
srcDuals: 
new best dual, value: 136.163
6 5 0 87164 
16 15 0 87174 
added route to primal routes: 0,6,0,
random seed: 666538206
added maximal sequence to primal routes: 0,15,3,20,16,8,9,5,14,11,13,19,6,0,
added route to primal routes: 0,16,0,
random seed: 708645831
added maximal sequence to primal routes: 0,7,6,15,4,2,18,13,17,16,0,
running primal heuristic MIP
primal heuristic num vars: 7
primal heuristic MIP obj: 475
feasible primal routes: 
route: 
0 1 2 3 4 5 6 7 8 9 0 
route: 
0 10 11 12 13 14 15 16 17 18 19 20 0 
improved ub from MIP primal heuristic: 475
best alpha: 1
gamma: 1 val: 1
gamma: 2 val: 1
gamma: 3 val: 1
gamma: 4 val: 1
gamma: 5 val: 1
gamma: 6 val: 0
gamma: 7 val: 1
gamma: 8 val: 1
gamma: 9 val: 1
gamma: 10 val: 1
gamma: 11 val: 1
gamma: 12 val: 1
gamma: 13 val: 1
gamma: 14 val: 1
gamma: 15 val: 1
gamma: 16 val: 0
gamma: 17 val: 1
gamma: 18 val: 1
gamma: 19 val: 1
gamma: 20 val: 1
alpha: 0.374484
psiStar: 142.903
lagLB: 136.163
||gamma||^2: 18
lambda: 0,1.225,7.875,6.6,6.325,3.1625,2.85,4.125,11.2,3.2,2.1,2.45,5.25,2.175,7.3625,4.125,1.5,10.4,8.2875,3.3,3,
mu: 
combDuals: 
srcDuals: 
lambda: 0,1.225,7.875,6.6,6.325,3.1625,2.85,4.125,11.2,3.2,2.1,2.45,5.25,2.175,7.3625,4.125,1.5,10.4,8.2875,3.3,3,
mu: 
combDuals: 
srcDuals: 
6 5 0 87164 
16 15 0 87174 
switching from LAG to LP solver
fix with best duals from LAG. Using: 0 duals
num vars: 92460
DUALS: -0,3.12963,11.7778,8.17284,10.5,2.84568,4.82099,9.88889,11.1358,9.8642,8.5,11.4444,8.31481,7.02469,14.9321,8.37037,2.88889,9.84568,10.4506,14.6975,5.88889,
fixed path dual: 17.1111
lp dual value: 208.716
obj val: 208.716
STATS - lpIterations[2] lagIterations[1] sspIterations[2] numSeparations[0] numCuts[0] compileTime[1] sspSolveTime[0] lpSolveTime[11] lb[208.716] ub[475] numArcs: [92456] numFixed: [0] time: [12]
STATS1 - lpIterations[2] lagIterations[1] sspIterations[2] numSeparations[0] numCuts[0] compileTime[1] sspSolveTime[0] lpSolveTime[11] repairTime[0] cutsTime[0] alphaTime[0] decompTime[0] yellowTime[0] updateTime[0] fixTime[0] lb[208.716] ub[475] numArcs: [92456] numFixed: [0] time: [12]
running primal heuristic MIP
primal heuristic num vars: 7
primal heuristic MIP obj: 475
feasible primal routes: 
route: 
0 1 2 3 4 5 6 7 8 9 0 
route: 
0 10 11 12 13 14 15 16 17 18 19 20 0 
checking cuts, max violation: 0.444444, num cuts: 11
new capacity cutset: 4 11 15 <= 2
adding RCC type 1 with rhs: 2
new capacity cutset: 1 3 4 5 8 9 10 11 12 13 14 15 17 18 19 <= 13
adding RCC type 1 with rhs: 13
new capacity cutset: 3 8 18 19 <= 3
adding RCC type 1 with rhs: 3
new capacity cutset: 2 5 6 7 9 13 14 16 17 20 <= 8
adding RCC type 1 with rhs: 8
new capacity cutset: 2 3 5 7 8 9 13 14 17 18 19 20 <= 10
adding RCC type 1 with rhs: 10
new capacity cutset: 2 3 5 6 7 8 9 13 14 17 18 19 20 <= 11
adding RCC type 1 with rhs: 11
new capacity cutset: 2 3 5 8 9 13 14 17 18 19 <= 8
adding RCC type 1 with rhs: 8
new capacity cutset: 2 3 5 7 8 9 13 14 17 18 19 <= 9
adding RCC type 1 with rhs: 9
new capacity cutset: 1 2 3 4 8 10 11 12 15 18 19 <= 9
adding RCC type 1 with rhs: 9
new capacity cutset: 1 2 3 4 8 10 11 12 13 15 18 19 <= 10
adding RCC type 1 with rhs: 10
new capacity cutset: 1 3 5 8 9 10 12 13 14 17 18 19 <= 10
adding RCC type 1 with rhs: 10
max violation: 1.75309
new comb with 3 teeth
handle: 8,2,13, tooth: 8,18,19,3, tooth: 9,13,0,17,14,5,20,6,7, tooth: 2,16,0, >= 14
new comb with 3 teeth
handle: 19,3,10,12, tooth: 1,10,0,16, tooth: 19,3,18,8,13,2,9,17,14,5,7,20, tooth: 12,15,11,4, >= 14
1 0 10 66 8 537 18 11619 19 23719 3 28626 19 40036 18 44902 8 57028 10 77484 1 82842 16 85927 0 92395 
1 0 10 66 12 540 3 3973 19 13178 18 17666 8 29648 2 50177 7 72325 6 82656 0 92205 
1 0 10 66 12 540 15 3984 4 10047 11 25820 15 31522 4 39486 11 56160 15 61862 11 69833 4 75154 0 91814 
4 3 11 1840 15 4620 12 10632 3 20171 19 31896 18 36762 8 48888 3 69418 10 80870 1 85228 0 92340 
4 3 11 1840 15 4620 12 10632 3 20171 19 31896 18 36762 8 48888 13 69427 2 74467 0 91772 
4 3 11 1840 15 4620 12 10632 3 20171 19 31896 18 36762 8 48888 13 69427 7 74472 20 83745 0 92275 
20 19 5 497 14 2952 17 13102 9 31721 13 38069 2 42703 7 64204 6 75581 0 91820 
20 19 5 497 14 2952 17 13102 9 31721 17 38073 14 56867 5 71030 20 79149 0 92028 
6 5 7 896 9 6404 13 11355 8 15599 18 35373 19 48139 3 53046 12 64449 10 74919 1 80468 16 84429 0 92315 
16 15 2 173 7 10903 2 21557 7 43465 2 54857 16 76736 0 91908 
16 15 2 173 13 10909 9 15544 17 21090 14 39847 5 54010 7 62409 6 73398 0 91700 
16 15 2 173 13 10909 9 15544 17 21090 14 39847 5 54010 20 62422 6 73416 0 91700 
16 15 0 87174 
added route to primal routes: 0,1,10,8,18,19,3,0,
random seed: 4148103817
added maximal sequence to primal routes: 0,5,11,15,12,20,13,16,1,10,8,18,19,3,0,
added route to primal routes: 0,1,10,12,3,19,18,8,2,7,6,0,
random seed: 4182683540
added route to primal routes: 0,1,10,12,15,4,11,0,
random seed: 4195728300
added maximal sequence to primal routes: 0,19,6,9,8,17,1,10,12,15,4,11,0,
added route to primal routes: 0,4,11,15,12,3,19,18,8,0,
random seed: 4215234276
added maximal sequence to primal routes: 0,7,6,4,11,15,12,3,19,18,8,0,
added route to primal routes: 0,4,11,15,12,3,19,18,8,13,2,0,
random seed: 4230857323
added route to primal routes: 0,4,11,15,12,3,19,18,8,13,7,20,0,
random seed: 4244263042
added route to primal routes: 0,20,5,14,17,9,13,2,7,6,0,
random seed: 4259911857
added maximal sequence to primal routes: 0,11,20,5,14,17,9,13,2,7,6,0,
added route to primal routes: 0,20,5,14,17,9,0,
random seed: 4273156821
added maximal sequence to primal routes: 0,13,16,12,6,2,20,5,14,17,9,0,
added route to primal routes: 0,6,7,9,13,8,18,19,3,12,10,1,16,0,
random seed: 4291789997
added route to primal routes: 0,16,2,7,0,
random seed: 15491118
added maximal sequence to primal routes: 0,13,15,4,18,10,14,6,16,2,7,0,
added route to primal routes: 0,16,2,13,9,17,14,5,7,6,0,
random seed: 35538454
added maximal sequence to primal routes: 0,19,10,16,2,13,9,17,14,5,7,6,0,
added route to primal routes: 0,16,2,13,9,17,14,5,20,6,0,
random seed: 60907423
added maximal sequence to primal routes: 0,15,16,2,13,9,17,14,5,20,6,0,
1 0 10 66 12 540 3 3973 19 13178 18 17666 8 29648 2 50177 7 72325 6 82656 0 92205 
1 0 10 66 12 540 15 3984 4 10047 11 25820 15 31522 4 39486 11 56160 15 61862 11 69833 4 75154 0 91814 
4 3 11 1840 15 4620 12 10632 3 20171 19 31896 18 36762 8 48888 3 69418 10 80870 1 85228 0 92340 
4 3 11 1840 15 4620 12 10632 3 20171 19 31896 18 36762 8 48888 13 69427 2 74467 0 91772 
4 3 11 1840 15 4620 12 10632 3 20171 19 31896 18 36762 8 48888 13 69427 7 74472 20 83745 0 92275 
20 19 5 497 14 2952 17 13102 9 31721 13 38069 2 42703 7 64204 6 75581 0 91820 
20 19 5 497 14 2952 17 13102 9 31721 17 38073 14 56867 5 71030 20 79149 0 92028 
6 5 7 896 9 6404 13 11355 8 15599 18 35373 19 48139 3 53046 12 64449 10 74919 1 80468 16 84429 0 92315 
16 15 2 173 7 10903 2 21557 7 43465 2 54857 16 76736 0 91908 
16 15 2 173 13 10909 9 15544 17 21090 14 39847 5 54010 7 62409 6 73398 0 91700 
16 15 2 173 13 10909 9 15544 17 21090 14 39847 5 54010 20 62422 6 73416 0 91700 
16 15 0 87174 
1 0 10 66 12 540 3 3973 19 13178 18 17666 8 29648 2 50177 7 72325 6 82656 0 92205 
4 3 11 1840 15 4620 12 10632 3 20171 19 31896 18 36762 8 48888 3 69418 10 80870 1 85228 0 92340 
4 3 11 1840 15 4620 12 10632 3 20171 19 31896 18 36762 8 48888 13 69427 2 74467 0 91772 
4 3 11 1840 15 4620 12 10632 3 20171 19 31896 18 36762 8 48888 13 69427 7 74472 20 83745 0 92275 
20 19 5 497 14 2952 17 13102 9 31721 13 38069 2 42703 7 64204 6 75581 0 91820 
20 19 5 497 14 2952 17 13102 9 31721 17 38073 14 56867 5 71030 20 79149 0 92028 
6 5 7 896 9 6404 13 11355 8 15599 18 35373 19 48139 3 53046 12 64449 10 74919 1 80468 16 84429 0 92315 
16 15 2 173 7 10903 2 21557 7 43465 2 54857 16 76736 0 91908 
16 15 2 173 13 10909 9 15544 17 21090 14 39847 5 54010 7 62409 6 73398 0 91700 
16 15 2 173 13 10909 9 15544 17 21090 14 39847 5 54010 20 62422 6 73416 0 91700 
16 15 0 87174 
4 3 11 1840 15 4620 12 10632 3 20171 19 31896 18 36762 8 48888 13 69427 2 74467 0 91772 
4 3 11 1840 15 4620 12 10632 3 20171 19 31896 18 36762 8 48888 13 69427 7 74472 20 83745 0 92275 
20 19 5 497 14 2952 17 13102 9 31721 13 38069 2 42703 7 64204 6 75581 0 91820 
20 19 5 497 14 2952 17 13102 9 31721 17 38073 14 56867 5 71030 20 79149 0 92028 
6 5 7 896 9 6404 13 11355 8 15599 18 35373 19 48139 3 53046 12 64449 10 74919 1 80468 16 84429 0 92315 
16 15 2 173 7 10903 2 21557 7 43465 2 54857 16 76736 0 91908 
16 15 2 173 13 10909 9 15544 17 21090 14 39847 5 54010 7 62409 6 73398 0 91700 
16 15 2 173 13 10909 9 15544 17 21090 14 39847 5 54010 20 62422 6 73416 0 91700 
16 15 0 87174 
4 3 11 1840 15 4620 12 10632 3 20171 19 31896 18 36762 8 48888 13 69427 2 74467 0 91772 
4 3 11 1840 15 4620 12 10632 3 20171 19 31896 18 36762 8 48888 13 69427 7 74472 20 83745 0 92275 
20 19 5 497 14 2952 17 13102 9 31721 13 38069 2 42703 7 64204 6 75581 0 91820 
6 5 7 896 9 6404 13 11355 8 15599 18 35373 19 48139 3 53046 12 64449 10 74919 1 80468 16 84429 0 92315 
16 15 2 173 7 10903 2 21557 7 43465 2 54857 16 76736 0 91908 
16 15 2 173 13 10909 9 15544 17 21090 14 39847 5 54010 7 62409 6 73398 0 91700 
16 15 2 173 13 10909 9 15544 17 21090 14 39847 5 54010 20 62422 6 73416 0 91700 
16 15 0 87174 
6 5 7 896 9 6404 13 11355 8 15599 18 35373 19 48139 3 53046 12 64449 10 74919 1 80468 16 84429 0 92315 
16 15 2 173 13 10909 9 15544 17 21090 14 39847 5 54010 7 62409 6 73398 0 91700 
16 15 2 173 13 10909 9 15544 17 21090 14 39847 5 54010 20 62422 6 73416 0 91700 
16 15 0 87174 
16 15 2 173 13 10909 9 15544 17 21090 14 39847 5 54010 7 62409 6 73398 0 91700 
16 15 2 173 13 10909 9 15544 17 21090 14 39847 5 54010 20 62422 6 73416 0 91700 
16 15 0 87174 
separating route arcs: 0 66 537 11619 23719 28626 40036 
separating route locations: 1 10 8 18 19 3 19 
separating route arcs: 0 66 540 3984 10047 25820 31522 
separating route locations: 1 10 12 15 4 11 15 
separating route arcs: 3 1840 4620 10632 20171 31896 36762 48888 69418 
separating route locations: 4 11 15 12 3 19 18 8 3 
separating route arcs: 19 497 2952 13102 31721 38073 
separating route locations: 20 5 14 17 9 17 
separating route arcs: 15 173 10903 21557 
separating route locations: 16 2 7 2 
fixing. lower bound used: 208.716
update best LP dual for fixing. Percent: 97.1049
fix with best duals from LAG. Using: 0 duals
num vars: 2682
DUALS: -0,32.25,11,21.625,57.5,10,5,10,17,10.25,19.5,93.125,27.75,7.5,9.25,25.875,3,11.25,32.5,32.875,6.5,
fixed path dual: -8.25
cap dual [0]: -33.625
cap dual [3]: -1.5
cap dual [8]: -28.25
comb dual [0]: -0
comb dual [1]: 8.375
lp dual value: 211
obj val: 211
STATS - lpIterations[3] lagIterations[1] sspIterations[2] numSeparations[5] numCuts[13] compileTime[1] sspSolveTime[0] lpSolveTime[11] lb[211] ub[475] numArcs: [92769] numFixed: [90091] time: [20]
STATS1 - lpIterations[3] lagIterations[1] sspIterations[2] numSeparations[5] numCuts[13] compileTime[1] sspSolveTime[0] lpSolveTime[11] repairTime[0] cutsTime[5] alphaTime[0] decompTime[0] yellowTime[0] updateTime[0] fixTime[0] lb[211] ub[475] numArcs: [92769] numFixed: [90091] time: [20]
running primal heuristic MIP
primal heuristic num vars: 27
primal heuristic MIP obj: 475
feasible primal routes: 
route: 
0 1 2 3 4 5 6 7 8 9 0 
route: 
0 10 11 12 13 14 15 16 17 18 19 20 0 
integral solution - no cut added
no comb cuts found
20 19 5 497 14 2952 17 92703 9 92714 13 92734 2 42703 7 64204 6 75581 0 91820 
16 15 1 172 10 1050 8 3377 18 19887 19 32599 3 37506 12 48909 15 59383 11 67650 4 72934 0 91694 
added route to primal routes: 0,16,1,10,8,18,19,3,12,15,11,4,0,
random seed: 2075774836
added maximal sequence to primal routes: 0,5,16,1,10,8,18,19,3,12,15,11,4,0,
20 19 5 497 14 2952 17 92703 9 92714 13 92734 2 42703 7 64204 6 75581 0 91820 
16 15 1 172 10 1050 8 3377 18 19887 19 32599 3 37506 12 48909 15 59383 11 67650 4 72934 0 91694 
routes: 
flow {1}: 0 20 5 14 17 9 13 2 7 6 
flow {1}: 0 16 1 10 8 18 19 3 12 15 11 4 
no more separations possible
no more separations or cuts possible
LP solved - switching to IP
fixing. lower bound used: 208.716
fixing. lower bound used: 211
update best LP dual for fixing. Percent: 99.5936
fix with best duals from LAG. Using: 0 duals
solving IP
num vars: 373
STATS - lpIterations[4] lagIterations[1] sspIterations[2] numSeparations[5] numCuts[13] compileTime[1] sspSolveTime[0] lpSolveTime[12] lb[211] ub[475] numArcs: [92769] numFixed: [92400] time: [20]
STATS1 - lpIterations[4] lagIterations[1] sspIterations[2] numSeparations[5] numCuts[13] compileTime[1] sspSolveTime[0] lpSolveTime[12] repairTime[0] cutsTime[5] alphaTime[0] decompTime[0] yellowTime[0] updateTime[0] fixTime[0] lb[211] ub[475] numArcs: [92769] numFixed: [92400] time: [20]
running primal heuristic MIP
primal heuristic num vars: 29
primal heuristic MIP obj: 211
feasible primal routes: 
route: 
0 20 5 14 17 9 13 2 7 6 0 
route: 
0 16 1 10 8 18 19 3 12 15 11 4 0 
improved ub from MIP primal heuristic: 211
4 3 11 1840 15 4620 12 92605 3 92616 19 92644 18 92659 8 92667 10 92682 1 75817 16 80526 0 92103 
20 19 5 497 14 2952 17 92703 9 92714 13 92734 2 42703 7 64204 6 75581 0 91820 
added route to primal routes: 0,4,11,15,12,3,19,18,8,10,1,16,0,
random seed: 2788253747
added maximal sequence to primal routes: 0,13,4,11,15,12,3,19,18,8,10,1,16,0,
4 3 11 1840 15 4620 12 92605 3 92616 19 92644 18 92659 8 92667 10 92682 1 75817 16 80526 0 92103 
20 19 5 497 14 2952 17 92703 9 92714 13 92734 2 42703 7 64204 6 75581 0 91820 
routes: 
flow {1}: 0 4 11 15 12 3 19 18 8 10 1 16 
flow {1}: 0 20 5 14 17 9 13 2 7 6 
no more separations possible
no more separations or cuts possible
STATS - lpIterations[4] lagIterations[1] sspIterations[2] numSeparations[5] numCuts[13] compileTime[1] sspSolveTime[0] lpSolveTime[12] lb[211] ub[211] numArcs: [92769] numFixed: [92400] time: [20]
STATS1 - lpIterations[4] lagIterations[1] sspIterations[2] numSeparations[5] numCuts[13] compileTime[1] sspSolveTime[0] lpSolveTime[12] repairTime[0] cutsTime[5] alphaTime[0] decompTime[0] yellowTime[0] updateTime[0] fixTime[0] lb[211] ub[211] numArcs: [92769] numFixed: [92400] time: [20]
finished solving - complete
time elapsed: 21
