do not relax capacity constraint
instance upper bound: 2625.6
compiling DD
time step mult: 10
time step: 900
cap step: 1
done compiling DD
batch size for lag: 100
iteration delay to start separating: 0
optimality gap to start repairing: 100
percent fixed to change to CPLEX: 97.5
num arcs to change to CPLEX: 100000
num arcs to change to LAG: 999999999
STATS - lpIterations[0] lagIterations[0] sspIterations[0] numSeparations[0] numCuts[0] compileTime[15] sspSolveTime[0] lpSolveTime[0] lb[0] ub[2625.6] numArcs: [6636079] numFixed: [0] time: [15]
STATS - lpIterations[1] lagIterations[0] sspIterations[0] numSeparations[0] numCuts[0] compileTime[15] sspSolveTime[0] lpSolveTime[0] lb[0] ub[2625.6] numArcs: [6636079] numFixed: [0] time: [15]
STATS - lpIterations[1] lagIterations[1] sspIterations[1] numSeparations[0] numCuts[0] compileTime[15] sspSolveTime[0] lpSolveTime[0] lb[2000.73] ub[2625.6] numArcs: [6636071] numFixed: [0] time: [15]
STATS - lpIterations[1] lagIterations[2] sspIterations[2] numSeparations[0] numCuts[0] compileTime[15] sspSolveTime[0] lpSolveTime[0] lb[2093.28] ub[2625.6] numArcs: [6636071] numFixed: [0] time: [16]
STATS - lpIterations[1] lagIterations[3] sspIterations[3] numSeparations[0] numCuts[0] compileTime[15] sspSolveTime[0] lpSolveTime[0] lb[2193.48] ub[2625.6] numArcs: [6636060] numFixed: [0] time: [17]
STATS - lpIterations[1] lagIterations[4] sspIterations[14] numSeparations[0] numCuts[0] compileTime[15] sspSolveTime[1] lpSolveTime[0] lb[2284.35] ub[2625.6] numArcs: [6635948] numFixed: [762] time: [18]
STATS - lpIterations[1] lagIterations[4] sspIterations[14] numSeparations[0] numCuts[0] compileTime[15] sspSolveTime[1] lpSolveTime[0] lb[2289.23] ub[2625.6] numArcs: [6635948] numFixed: [762] time: [19]
STATS - lpIterations[1] lagIterations[5] sspIterations[31] numSeparations[0] numCuts[0] compileTime[15] sspSolveTime[2] lpSolveTime[0] lb[2289.54] ub[2625.6] numArcs: [6635791] numFixed: [18460] time: [20]
STATS - lpIterations[1] lagIterations[5] sspIterations[31] numSeparations[0] numCuts[0] compileTime[15] sspSolveTime[2] lpSolveTime[0] lb[2303.3] ub[2625.6] numArcs: [6635791] numFixed: [18460] time: [22]
STATS - lpIterations[1] lagIterations[6] sspIterations[36] numSeparations[0] numCuts[0] compileTime[15] sspSolveTime[3] lpSolveTime[0] lb[2311.83] ub[2625.6] numArcs: [6635751] numFixed: [26648] time: [22]
STATS - lpIterations[1] lagIterations[6] sspIterations[36] numSeparations[0] numCuts[0] compileTime[15] sspSolveTime[3] lpSolveTime[0] lb[2312.22] ub[2625.6] numArcs: [6635751] numFixed: [26648] time: [23]
STATS - lpIterations[1] lagIterations[7] sspIterations[102] numSeparations[0] numCuts[0] compileTime[15] sspSolveTime[8] lpSolveTime[0] lb[2356.51] ub[2625.6] numArcs: [6634974] numFixed: [33131] time: [30]
STATS - lpIterations[1] lagIterations[8] sspIterations[129] numSeparations[76] numCuts[0] compileTime[15] sspSolveTime[10] lpSolveTime[0] lb[2362.08] ub[2625.6] numArcs: [6703410] numFixed: [0] time: [34]
STATS - lpIterations[1] lagIterations[10] sspIterations[163] numSeparations[76] numCuts[0] compileTime[15] sspSolveTime[12] lpSolveTime[0] lb[2367.75] ub[2625.6] numArcs: [6703193] numFixed: [114267] time: [40]
STATS - lpIterations[1] lagIterations[12] sspIterations[232] numSeparations[76] numCuts[0] compileTime[15] sspSolveTime[17] lpSolveTime[0] lb[2374.9] ub[2625.6] numArcs: [6702718] numFixed: [126349] time: [48]
STATS - lpIterations[1] lagIterations[13] sspIterations[243] numSeparations[167] numCuts[0] compileTime[15] sspSolveTime[17] lpSolveTime[0] lb[2378.45] ub[2625.6] numArcs: [6756664] numFixed: [0] time: [49]
STATS - lpIterations[1] lagIterations[13] sspIterations[243] numSeparations[167] numCuts[0] compileTime[15] sspSolveTime[17] lpSolveTime[0] lb[2380.62] ub[2625.6] numArcs: [6756664] numFixed: [0] time: [50]
STATS - lpIterations[1] lagIterations[14] sspIterations[329] numSeparations[167] numCuts[0] compileTime[15] sspSolveTime[25] lpSolveTime[0] lb[2394.28] ub[2625.6] numArcs: [6755841] numFixed: [164315] time: [60]
STATS - lpIterations[1] lagIterations[15] sspIterations[366] numSeparations[167] numCuts[0] compileTime[15] sspSolveTime[27] lpSolveTime[0] lb[2396.31] ub[2625.6] numArcs: [6755778] numFixed: [203296] time: [64]
STATS - lpIterations[1] lagIterations[17] sspIterations[463] numSeparations[268] numCuts[0] compileTime[15] sspSolveTime[36] lpSolveTime[0] lb[2417.13] ub[2625.6] numArcs: [6815200] numFixed: [204868] time: [78]
STATS - lpIterations[1] lagIterations[18] sspIterations[502] numSeparations[268] numCuts[0] compileTime[15] sspSolveTime[38] lpSolveTime[0] lb[2418.03] ub[2625.6] numArcs: [6815142] numFixed: [300547] time: [84]
STATS - lpIterations[1] lagIterations[25] sspIterations[705] numSeparations[442] numCuts[0] compileTime[15] sspSolveTime[57] lpSolveTime[0] lb[2418.05] ub[2625.6] numArcs: [6910527] numFixed: [301927] time: [117]
STATS - lpIterations[1] lagIterations[31] sspIterations[863] numSeparations[533] numCuts[0] compileTime[15] sspSolveTime[71] lpSolveTime[0] lb[2418.85] ub[2625.6] numArcs: [6959228] numFixed: [307486] time: [144]
STATS - lpIterations[1] lagIterations[32] sspIterations[934] numSeparations[533] numCuts[0] compileTime[15] sspSolveTime[79] lpSolveTime[0] lb[2435.07] ub[2625.6] numArcs: [6958926] numFixed: [316443] time: [154]
STATS - lpIterations[1] lagIterations[33] sspIterations[971] numSeparations[631] numCuts[0] compileTime[15] sspSolveTime[82] lpSolveTime[0] lb[2438.57] ub[2625.6] numArcs: [7011394] numFixed: [0] time: [160]
STATS - lpIterations[1] lagIterations[34] sspIterations[987] numSeparations[631] numCuts[0] compileTime[15] sspSolveTime[83] lpSolveTime[0] lb[2439.09] ub[2625.6] numArcs: [7011373] numFixed: [463133] time: [161]
STATS - lpIterations[1] lagIterations[34] sspIterations[987] numSeparations[631] numCuts[0] compileTime[15] sspSolveTime[83] lpSolveTime[0] lb[2440.1] ub[2625.6] numArcs: [7011373] numFixed: [463133] time: [163]
STATS - lpIterations[1] lagIterations[40] sspIterations[1219] numSeparations[722] numCuts[0] compileTime[15] sspSolveTime[106] lpSolveTime[0] lb[2441.52] ub[2625.6] numArcs: [7051793] numFixed: [444622] time: [200]
STATS - lpIterations[1] lagIterations[41] sspIterations[1267] numSeparations[840] numCuts[0] compileTime[15] sspSolveTime[110] lpSolveTime[0] lb[2443.77] ub[2625.6] numArcs: [7103157] numFixed: [0] time: [207]
STATS - lpIterations[1] lagIterations[42] sspIterations[1282] numSeparations[840] numCuts[0] compileTime[15] sspSolveTime[112] lpSolveTime[0] lb[2443.99] ub[2625.6] numArcs: [7103143] numFixed: [519121] time: [211]
STATS - lpIterations[1] lagIterations[47] sspIterations[1503] numSeparations[948] numCuts[0] compileTime[15] sspSolveTime[136] lpSolveTime[0] lb[2446.37] ub[2625.6] numArcs: [7153119] numFixed: [520924] time: [247]
STATS - lpIterations[1] lagIterations[50] sspIterations[1598] numSeparations[1037] numCuts[0] compileTime[15] sspSolveTime[145] lpSolveTime[0] lb[2446.88] ub[2625.6] numArcs: [7192690] numFixed: [551871] time: [265]
STATS - lpIterations[1] lagIterations[56] sspIterations[1790] numSeparations[1131] numCuts[0] compileTime[15] sspSolveTime[167] lpSolveTime[0] lb[2449.09] ub[2625.6] numArcs: [7229806] numFixed: [523975] time: [301]
STATS - lpIterations[1] lagIterations[57] sspIterations[1828] numSeparations[1229] numCuts[0] compileTime[15] sspSolveTime[171] lpSolveTime[0] lb[2450.61] ub[2625.6] numArcs: [7273543] numFixed: [0] time: [308]
STATS - lpIterations[1] lagIterations[58] sspIterations[1841] numSeparations[1229] numCuts[0] compileTime[15] sspSolveTime[173] lpSolveTime[0] lb[2451.11] ub[2625.6] numArcs: [7273532] numFixed: [614442] time: [310]
STATS - lpIterations[1] lagIterations[58] sspIterations[1841] numSeparations[1229] numCuts[0] compileTime[15] sspSolveTime[173] lpSolveTime[0] lb[2451.65] ub[2625.6] numArcs: [7273532] numFixed: [614442] time: [312]
STATS - lpIterations[1] lagIterations[59] sspIterations[1899] numSeparations[1229] numCuts[0] compileTime[15] sspSolveTime[180] lpSolveTime[0] lb[2452.47] ub[2625.6] numArcs: [7273425] numFixed: [627444] time: [322]
STATS - lpIterations[1] lagIterations[63] sspIterations[2036] numSeparations[1319] numCuts[0] compileTime[15] sspSolveTime[197] lpSolveTime[0] lb[2459.32] ub[2625.6] numArcs: [7316358] numFixed: [508810] time: [351]
STATS - lpIterations[1] lagIterations[64] sspIterations[2074] numSeparations[1319] numCuts[0] compileTime[15] sspSolveTime[200] lpSolveTime[0] lb[2460.05] ub[2625.6] numArcs: [7316330] numFixed: [741061] time: [358]
STATS - lpIterations[1] lagIterations[76] sspIterations[2410] numSeparations[1484] numCuts[0] compileTime[15] sspSolveTime[242] lpSolveTime[0] lb[2461.39] ub[2625.6] numArcs: [7377814] numFixed: [730293] time: [433]
STATS - lpIterations[1] lagIterations[77] sspIterations[2448] numSeparations[1594] numCuts[0] compileTime[15] sspSolveTime[247] lpSolveTime[0] lb[2462.6] ub[2625.6] numArcs: [7422897] numFixed: [0] time: [441]
STATS - lpIterations[1] lagIterations[78] sspIterations[2462] numSeparations[1594] numCuts[0] compileTime[15] sspSolveTime[249] lpSolveTime[0] lb[2465.98] ub[2625.6] numArcs: [7422876] numFixed: [808249] time: [443]
STATS - lpIterations[1] lagIterations[84] sspIterations[2722] numSeparations[1779] numCuts[0] compileTime[15] sspSolveTime[286] lpSolveTime[0] lb[2466.66] ub[2625.6] numArcs: [7492567] numFixed: [0] time: [501]
STATS - lpIterations[1] lagIterations[99] sspIterations[3219] numSeparations[2050] numCuts[0] compileTime[15] sspSolveTime[349] lpSolveTime[0] lb[2472.02] ub[2625.6] numArcs: [7597540] numFixed: [788445] time: [608]
STATS - lpIterations[1] lagIterations[100] sspIterations[3248] numSeparations[2050] numCuts[0] compileTime[15] sspSolveTime[352] lpSolveTime[0] lb[2474.49] ub[2625.6] numArcs: [7597537] numFixed: [1012679] time: [614]
STATS - lpIterations[1] lagIterations[108] sspIterations[3556] numSeparations[2257] numCuts[0] compileTime[15] sspSolveTime[389] lpSolveTime[0] lb[2479.33] ub[2625.6] numArcs: [7672024] numFixed: [1010687] time: [679]
STATS - lpIterations[1] lagIterations[109] sspIterations[3593] numSeparations[2257] numCuts[0] compileTime[15] sspSolveTime[392] lpSolveTime[0] lb[2479.55] ub[2625.6] numArcs: [7672001] numFixed: [1202299] time: [687]
STATS - lpIterations[1] lagIterations[124] sspIterations[3953] numSeparations[2441] numCuts[0] compileTime[15] sspSolveTime[440] lpSolveTime[0] lb[2481.56] ub[2625.6] numArcs: [7738324] numFixed: [983445] time: [780]
STATS - lpIterations[1] lagIterations[128] sspIterations[4113] numSeparations[2540] numCuts[0] compileTime[15] sspSolveTime[460] lpSolveTime[0] lb[2481.83] ub[2625.6] numArcs: [7776394] numFixed: [1262632] time: [816]
STATS - lpIterations[1] lagIterations[129] sspIterations[4130] numSeparations[2540] numCuts[0] compileTime[15] sspSolveTime[462] lpSolveTime[0] lb[2482.96] ub[2625.6] numArcs: [7776378] numFixed: [1286849] time: [819]
STATS - lpIterations[1] lagIterations[143] sspIterations[4533] numSeparations[2724] numCuts[0] compileTime[15] sspSolveTime[522] lpSolveTime[0] lb[2483.6] ub[2625.6] numArcs: [7839237] numFixed: [1260417] time: [926]
STATS - lpIterations[1] lagIterations[144] sspIterations[4574] numSeparations[2855] numCuts[0] compileTime[15] sspSolveTime[528] lpSolveTime[0] lb[2484.42] ub[2625.6] numArcs: [7884422] numFixed: [0] time: [936]
STATS - lpIterations[1] lagIterations[145] sspIterations[4592] numSeparations[2855] numCuts[0] compileTime[15] sspSolveTime[530] lpSolveTime[0] lb[2486.1] ub[2625.6] numArcs: [7884411] numFixed: [1379688] time: [939]
STATS - lpIterations[1] lagIterations[152] sspIterations[4814] numSeparations[2995] numCuts[0] compileTime[15] sspSolveTime[561] lpSolveTime[0] lb[2486.37] ub[2625.6] numArcs: [7933420] numFixed: [1367907] time: [995]
STATS - lpIterations[1] lagIterations[161] sspIterations[5074] numSeparations[3103] numCuts[0] compileTime[15] sspSolveTime[594] lpSolveTime[0] lb[2486.96] ub[2625.6] numArcs: [7971424] numFixed: [1451314] time: [1059]
STATS - lpIterations[1] lagIterations[172] sspIterations[5456] numSeparations[3292] numCuts[0] compileTime[15] sspSolveTime[649] lpSolveTime[0] lb[2487.77] ub[2625.6] numArcs: [8034234] numFixed: [1439411] time: [1161]
STATS - lpIterations[1] lagIterations[173] sspIterations[5475] numSeparations[3383] numCuts[0] compileTime[15] sspSolveTime[652] lpSolveTime[0] lb[2487.84] ub[2625.6] numArcs: [8060926] numFixed: [0] time: [1167]
STATS - lpIterations[1] lagIterations[176] sspIterations[5566] numSeparations[3383] numCuts[0] compileTime[15] sspSolveTime[664] lpSolveTime[0] lb[2490] ub[2625.6] numArcs: [8060784] numFixed: [1520428] time: [1189]
STATS - lpIterations[1] lagIterations[188] sspIterations[5857] numSeparations[3496] numCuts[0] compileTime[15] sspSolveTime[702] lpSolveTime[0] lb[2491.71] ub[2625.6] numArcs: [8098976] numFixed: [1581850] time: [1266]
STATS - lpIterations[1] lagIterations[196] sspIterations[6137] numSeparations[3629] numCuts[0] compileTime[15] sspSolveTime[743] lpSolveTime[0] lb[2493.26] ub[2625.6] numArcs: [8142322] numFixed: [1555797] time: [1340]
STATS - lpIterations[1] lagIterations[197] sspIterations[6168] numSeparations[3729] numCuts[0] compileTime[15] sspSolveTime[747] lpSolveTime[0] lb[2493.97] ub[2625.6] numArcs: [8173647] numFixed: [0] time: [1349]
STATS - lpIterations[1] lagIterations[198] sspIterations[6185] numSeparations[3729] numCuts[0] compileTime[15] sspSolveTime[750] lpSolveTime[0] lb[2495.38] ub[2625.6] numArcs: [8173636] numFixed: [1773871] time: [1352]
STATS - lpIterations[1] lagIterations[218] sspIterations[6751] numSeparations[3933] numCuts[0] compileTime[15] sspSolveTime[826] lpSolveTime[0] lb[2495.66] ub[2625.6] numArcs: [8238220] numFixed: [1789460] time: [1507]
STATS - lpIterations[1] lagIterations[220] sspIterations[6797] numSeparations[4026] numCuts[0] compileTime[15] sspSolveTime[832] lpSolveTime[0] lb[2496.13] ub[2625.6] numArcs: [8266750] numFixed: [1840908] time: [1519]
STATS - lpIterations[1] lagIterations[232] sspIterations[7079] numSeparations[4107] numCuts[0] compileTime[15] sspSolveTime[868] lpSolveTime[0] lb[2496.26] ub[2625.6] numArcs: [8295845] numFixed: [1774982] time: [1601]
STATS - lpIterations[1] lagIterations[234] sspIterations[7130] numSeparations[4107] numCuts[0] compileTime[15] sspSolveTime[875] lpSolveTime[0] lb[2500.32] ub[2625.6] numArcs: [8295816] numFixed: [1887353] time: [1612]
STATS - lpIterations[1] lagIterations[270] sspIterations[8121] numSeparations[4599] numCuts[0] compileTime[15] sspSolveTime[1025] lpSolveTime[0] lb[2500.49] ub[2625.6] numArcs: [8452089] numFixed: [1901706] time: [1914]
STATS - lpIterations[1] lagIterations[272] sspIterations[8167] numSeparations[4599] numCuts[0] compileTime[15] sspSolveTime[1031] lpSolveTime[0] lb[2502.62] ub[2625.6] numArcs: [8452073] numFixed: [2107570] time: [1925]
STATS - lpIterations[1] lagIterations[282] sspIterations[8454] numSeparations[4679] numCuts[0] compileTime[15] sspSolveTime[1072] lpSolveTime[0] lb[2503.71] ub[2625.6] numArcs: [8476829] numFixed: [2135212] time: [2010]
STATS - lpIterations[1] lagIterations[305] sspIterations[9020] numSeparations[4962] numCuts[0] compileTime[15] sspSolveTime[1152] lpSolveTime[0] lb[2504.7] ub[2625.6] numArcs: [8567968] numFixed: [2106277] time: [2184]
STATS - lpIterations[1] lagIterations[308] sspIterations[9120] numSeparations[4962] numCuts[0] compileTime[15] sspSolveTime[1165] lpSolveTime[0] lb[2507.15] ub[2625.6] numArcs: [8567873] numFixed: [2230073] time: [2211]
STATS - lpIterations[1] lagIterations[341] sspIterations[9971] numSeparations[5347] numCuts[0] compileTime[15] sspSolveTime[1282] lpSolveTime[0] lb[2509.31] ub[2625.6] numArcs: [8683449] numFixed: [0] time: [2464]
STATS - lpIterations[1] lagIterations[355] sspIterations[10356] numSeparations[5432] numCuts[0] compileTime[15] sspSolveTime[1335] lpSolveTime[0] lb[2509.77] ub[2625.6] numArcs: [8711614] numFixed: [2359670] time: [2578]
STATS - lpIterations[1] lagIterations[366] sspIterations[10642] numSeparations[5608] numCuts[0] compileTime[15] sspSolveTime[1374] lpSolveTime[0] lb[2510.29] ub[2625.6] numArcs: [8765762] numFixed: [0] time: [2664]
STATS - lpIterations[1] lagIterations[377] sspIterations[10915] numSeparations[5706] numCuts[0] compileTime[15] sspSolveTime[1415] lpSolveTime[0] lb[2510.94] ub[2625.6] numArcs: [8793423] numFixed: [2468781] time: [2752]
STATS - lpIterations[1] lagIterations[385] sspIterations[11120] numSeparations[5706] numCuts[0] compileTime[15] sspSolveTime[1443] lpSolveTime[0] lb[2511.09] ub[2625.6] numArcs: [8793249] numFixed: [2540590] time: [2815]
STATS - lpIterations[1] lagIterations[386] sspIterations[11135] numSeparations[5706] numCuts[0] compileTime[15] sspSolveTime[1445] lpSolveTime[0] lb[2511.58] ub[2625.6] numArcs: [8793240] numFixed: [2548444] time: [2822]
STATS - lpIterations[1] lagIterations[389] sspIterations[11230] numSeparations[5801] numCuts[0] compileTime[15] sspSolveTime[1457] lpSolveTime[0] lb[2511.67] ub[2625.6] numArcs: [8823143] numFixed: [2443703] time: [2848]
STATS - lpIterations[1] lagIterations[392] sspIterations[11334] numSeparations[5801] numCuts[0] compileTime[15] sspSolveTime[1471] lpSolveTime[0] lb[2512.82] ub[2625.6] numArcs: [8823082] numFixed: [2531477] time: [2875]
STATS - lpIterations[1] lagIterations[413] sspIterations[11877] numSeparations[5987] numCuts[0] compileTime[15] sspSolveTime[1546] lpSolveTime[0] lb[2515.28] ub[2625.6] numArcs: [8878005] numFixed: [2622361] time: [3041]
STATS - lpIterations[1] lagIterations[449] sspIterations[12849] numSeparations[6370] numCuts[0] compileTime[15] sspSolveTime[1686] lpSolveTime[0] lb[2515.7] ub[2625.6] numArcs: [8991392] numFixed: [2730070] time: [3343]
STATS - lpIterations[1] lagIterations[455] sspIterations[13017] numSeparations[6468] numCuts[0] compileTime[15] sspSolveTime[1709] lpSolveTime[0] lb[2516.78] ub[2625.6] numArcs: [9020491] numFixed: [2814342] time: [3395]
STATS - lpIterations[1] lagIterations[472] sspIterations[13482] numSeparations[6646] numCuts[0] compileTime[15] sspSolveTime[1774] lpSolveTime[0] lb[2517.57] ub[2625.6] numArcs: [9068418] numFixed: [2783668] time: [3538]
