do not relax capacity constraint
instance upper bound: 7136.2
compiling DD
time step mult: 10
time step: 900
cap step: 1
done compiling DD
batch size for lag: 100
iteration delay to start separating: 100
optimality gap to start repairing: 100
percent fixed to change to CPLEX: 97.5
num arcs to change to CPLEX: 100000
num arcs to change to LAG: 999999999
STATS - lpIterations[0] lagIterations[0] sspIterations[0] numSeparations[0] numCuts[0] compileTime[4] sspSolveTime[0] lpSolveTime[0] lb[0] ub[7136.2] numArcs: [3113450] numFixed: [0] time: [4]
STATS - lpIterations[1] lagIterations[0] sspIterations[0] numSeparations[0] numCuts[0] compileTime[4] sspSolveTime[0] lpSolveTime[0] lb[0] ub[7136.2] numArcs: [3113450] numFixed: [0] time: [4]
STATS - lpIterations[1] lagIterations[1] sspIterations[1] numSeparations[0] numCuts[0] compileTime[4] sspSolveTime[0] lpSolveTime[0] lb[5660.1] ub[7136.2] numArcs: [3113438] numFixed: [0] time: [5]
STATS - lpIterations[1] lagIterations[2] sspIterations[2] numSeparations[0] numCuts[0] compileTime[4] sspSolveTime[0] lpSolveTime[0] lb[5933.61] ub[7136.2] numArcs: [3113427] numFixed: [0] time: [5]
STATS - lpIterations[1] lagIterations[3] sspIterations[5] numSeparations[0] numCuts[0] compileTime[4] sspSolveTime[0] lpSolveTime[0] lb[6216.51] ub[7136.2] numArcs: [3113390] numFixed: [0] time: [5]
STATS - lpIterations[1] lagIterations[3] sspIterations[5] numSeparations[0] numCuts[0] compileTime[4] sspSolveTime[0] lpSolveTime[0] lb[6216.63] ub[7136.2] numArcs: [3113390] numFixed: [0] time: [6]
STATS - lpIterations[1] lagIterations[4] sspIterations[65] numSeparations[0] numCuts[0] compileTime[4] sspSolveTime[2] lpSolveTime[0] lb[6291.74] ub[7136.2] numArcs: [3112676] numFixed: [0] time: [7]
STATS - lpIterations[1] lagIterations[4] sspIterations[65] numSeparations[0] numCuts[0] compileTime[4] sspSolveTime[2] lpSolveTime[0] lb[6411.27] ub[7136.2] numArcs: [3112676] numFixed: [0] time: [9]
STATS - lpIterations[1] lagIterations[5] sspIterations[86] numSeparations[0] numCuts[0] compileTime[4] sspSolveTime[2] lpSolveTime[0] lb[6437.71] ub[7136.2] numArcs: [3112626] numFixed: [0] time: [10]
STATS - lpIterations[1] lagIterations[5] sspIterations[86] numSeparations[0] numCuts[0] compileTime[4] sspSolveTime[2] lpSolveTime[0] lb[6441.14] ub[7136.2] numArcs: [3112626] numFixed: [0] time: [11]
STATS - lpIterations[1] lagIterations[6] sspIterations[162] numSeparations[0] numCuts[0] compileTime[4] sspSolveTime[5] lpSolveTime[0] lb[6477.68] ub[7136.2] numArcs: [3111970] numFixed: [0] time: [16]
STATS - lpIterations[1] lagIterations[7] sspIterations[199] numSeparations[0] numCuts[0] compileTime[4] sspSolveTime[6] lpSolveTime[0] lb[6492.83] ub[7136.2] numArcs: [3111833] numFixed: [0] time: [19]
STATS - lpIterations[1] lagIterations[8] sspIterations[238] numSeparations[0] numCuts[0] compileTime[4] sspSolveTime[7] lpSolveTime[0] lb[6498.19] ub[7136.2] numArcs: [3111690] numFixed: [0] time: [22]
STATS - lpIterations[1] lagIterations[9] sspIterations[260] numSeparations[0] numCuts[0] compileTime[4] sspSolveTime[7] lpSolveTime[0] lb[6521.94] ub[7136.2] numArcs: [3111597] numFixed: [0] time: [23]
STATS - lpIterations[1] lagIterations[10] sspIterations[304] numSeparations[0] numCuts[0] compileTime[4] sspSolveTime[8] lpSolveTime[0] lb[6539.31] ub[7136.2] numArcs: [3111427] numFixed: [0] time: [26]
STATS - lpIterations[1] lagIterations[12] sspIterations[381] numSeparations[0] numCuts[0] compileTime[4] sspSolveTime[11] lpSolveTime[0] lb[6557.86] ub[7136.2] numArcs: [3111248] numFixed: [0] time: [32]
STATS - lpIterations[1] lagIterations[14] sspIterations[474] numSeparations[0] numCuts[0] compileTime[4] sspSolveTime[13] lpSolveTime[0] lb[6591.08] ub[7136.2] numArcs: [3110911] numFixed: [0] time: [38]
STATS - lpIterations[1] lagIterations[25] sspIterations[889] numSeparations[0] numCuts[0] compileTime[4] sspSolveTime[28] lpSolveTime[0] lb[6593.53] ub[7136.2] numArcs: [3110211] numFixed: [0] time: [72]
STATS - lpIterations[1] lagIterations[25] sspIterations[889] numSeparations[0] numCuts[0] compileTime[4] sspSolveTime[28] lpSolveTime[0] lb[6599.21] ub[7136.2] numArcs: [3110211] numFixed: [0] time: [73]
STATS - lpIterations[1] lagIterations[26] sspIterations[948] numSeparations[0] numCuts[0] compileTime[4] sspSolveTime[29] lpSolveTime[0] lb[6613.59] ub[7136.2] numArcs: [3110122] numFixed: [0] time: [77]
STATS - lpIterations[1] lagIterations[28] sspIterations[1044] numSeparations[0] numCuts[0] compileTime[4] sspSolveTime[33] lpSolveTime[0] lb[6614.43] ub[7136.2] numArcs: [3109997] numFixed: [2] time: [84]
STATS - lpIterations[1] lagIterations[29] sspIterations[1083] numSeparations[0] numCuts[0] compileTime[4] sspSolveTime[34] lpSolveTime[0] lb[6616.75] ub[7136.2] numArcs: [3109966] numFixed: [3] time: [88]
STATS - lpIterations[1] lagIterations[34] sspIterations[1305] numSeparations[0] numCuts[0] compileTime[4] sspSolveTime[42] lpSolveTime[0] lb[6632.85] ub[7136.2] numArcs: [3109771] numFixed: [4] time: [106]
STATS - lpIterations[1] lagIterations[35] sspIterations[1352] numSeparations[0] numCuts[0] compileTime[4] sspSolveTime[44] lpSolveTime[0] lb[6638.07] ub[7136.2] numArcs: [3109734] numFixed: [16] time: [111]
STATS - lpIterations[1] lagIterations[62] sspIterations[2451] numSeparations[0] numCuts[0] compileTime[4] sspSolveTime[80] lpSolveTime[0] lb[6638.3] ub[7136.2] numArcs: [3109238] numFixed: [26] time: [202]
STATS - lpIterations[1] lagIterations[63] sspIterations[2493] numSeparations[0] numCuts[0] compileTime[4] sspSolveTime[82] lpSolveTime[0] lb[6640.09] ub[7136.2] numArcs: [3109229] numFixed: [26] time: [206]
STATS - lpIterations[1] lagIterations[65] sspIterations[2563] numSeparations[0] numCuts[0] compileTime[4] sspSolveTime[84] lpSolveTime[0] lb[6646.98] ub[7136.2] numArcs: [3109213] numFixed: [28] time: [212]
STATS - lpIterations[1] lagIterations[72] sspIterations[2837] numSeparations[0] numCuts[0] compileTime[4] sspSolveTime[93] lpSolveTime[0] lb[6647.8] ub[7136.2] numArcs: [3109152] numFixed: [45] time: [237]
STATS - lpIterations[1] lagIterations[75] sspIterations[2947] numSeparations[0] numCuts[0] compileTime[4] sspSolveTime[97] lpSolveTime[0] lb[6650.22] ub[7136.2] numArcs: [3109146] numFixed: [47] time: [246]
STATS - lpIterations[1] lagIterations[76] sspIterations[2993] numSeparations[0] numCuts[0] compileTime[4] sspSolveTime[98] lpSolveTime[0] lb[6660.11] ub[7136.2] numArcs: [3109143] numFixed: [57] time: [250]
STATS - lpIterations[1] lagIterations[88] sspIterations[3486] numSeparations[0] numCuts[0] compileTime[4] sspSolveTime[114] lpSolveTime[0] lb[6666.45] ub[7136.2] numArcs: [3109015] numFixed: [106] time: [290]
STATS - lpIterations[1] lagIterations[101] sspIterations[3971] numSeparations[68] numCuts[0] compileTime[4] sspSolveTime[130] lpSolveTime[0] lb[6668.68] ub[7136.2] numArcs: [3170687] numFixed: [0] time: [331]
STATS - lpIterations[1] lagIterations[103] sspIterations[4046] numSeparations[68] numCuts[0] compileTime[4] sspSolveTime[132] lpSolveTime[0] lb[6671.12] ub[7136.2] numArcs: [3170553] numFixed: [102913] time: [339]
STATS - lpIterations[1] lagIterations[104] sspIterations[4094] numSeparations[68] numCuts[0] compileTime[4] sspSolveTime[134] lpSolveTime[0] lb[6678.87] ub[7136.2] numArcs: [3170511] numFixed: [102945] time: [343]
STATS - lpIterations[1] lagIterations[105] sspIterations[4124] numSeparations[156] numCuts[0] compileTime[4] sspSolveTime[134] lpSolveTime[0] lb[6679.44] ub[7136.2] numArcs: [3219971] numFixed: [0] time: [344]
STATS - lpIterations[1] lagIterations[105] sspIterations[4124] numSeparations[156] numCuts[0] compileTime[4] sspSolveTime[134] lpSolveTime[0] lb[6683.73] ub[7136.2] numArcs: [3219971] numFixed: [0] time: [346]
STATS - lpIterations[1] lagIterations[106] sspIterations[4158] numSeparations[156] numCuts[0] compileTime[4] sspSolveTime[136] lpSolveTime[0] lb[6685.47] ub[7136.2] numArcs: [3219916] numFixed: [109908] time: [347]
STATS - lpIterations[1] lagIterations[106] sspIterations[4158] numSeparations[156] numCuts[0] compileTime[4] sspSolveTime[136] lpSolveTime[0] lb[6697.76] ub[7136.2] numArcs: [3219916] numFixed: [109908] time: [349]
STATS - lpIterations[1] lagIterations[109] sspIterations[4282] numSeparations[243] numCuts[0] compileTime[4] sspSolveTime[140] lpSolveTime[0] lb[6716.94] ub[7136.2] numArcs: [3258132] numFixed: [0] time: [360]
STATS - lpIterations[1] lagIterations[110] sspIterations[4318] numSeparations[243] numCuts[0] compileTime[4] sspSolveTime[141] lpSolveTime[0] lb[6721.53] ub[7136.2] numArcs: [3258095] numFixed: [113575] time: [362]
STATS - lpIterations[1] lagIterations[110] sspIterations[4318] numSeparations[243] numCuts[0] compileTime[4] sspSolveTime[141] lpSolveTime[0] lb[6725.16] ub[7136.2] numArcs: [3258095] numFixed: [113575] time: [364]
STATS - lpIterations[1] lagIterations[113] sspIterations[4445] numSeparations[338] numCuts[0] compileTime[4] sspSolveTime[146] lpSolveTime[0] lb[6749.74] ub[7136.2] numArcs: [3292215] numFixed: [117132] time: [375]
STATS - lpIterations[1] lagIterations[114] sspIterations[4486] numSeparations[338] numCuts[0] compileTime[4] sspSolveTime[147] lpSolveTime[0] lb[6754.68] ub[7136.2] numArcs: [3292162] numFixed: [117960] time: [379]
STATS - lpIterations[1] lagIterations[117] sspIterations[4612] numSeparations[444] numCuts[0] compileTime[4] sspSolveTime[152] lpSolveTime[0] lb[6756.74] ub[7136.2] numArcs: [3332794] numFixed: [124596] time: [391]
STATS - lpIterations[1] lagIterations[118] sspIterations[4645] numSeparations[444] numCuts[0] compileTime[4] sspSolveTime[153] lpSolveTime[0] lb[6760.36] ub[7136.2] numArcs: [3332774] numFixed: [125516] time: [392]
STATS - lpIterations[1] lagIterations[118] sspIterations[4645] numSeparations[444] numCuts[0] compileTime[4] sspSolveTime[153] lpSolveTime[0] lb[6763.18] ub[7136.2] numArcs: [3332774] numFixed: [125516] time: [394]
STATS - lpIterations[1] lagIterations[121] sspIterations[4768] numSeparations[543] numCuts[0] compileTime[4] sspSolveTime[158] lpSolveTime[0] lb[6777.87] ub[7136.2] numArcs: [3365535] numFixed: [128173] time: [405]
STATS - lpIterations[1] lagIterations[122] sspIterations[4803] numSeparations[543] numCuts[0] compileTime[4] sspSolveTime[159] lpSolveTime[0] lb[6778.21] ub[7136.2] numArcs: [3365498] numFixed: [129817] time: [407]
STATS - lpIterations[1] lagIterations[122] sspIterations[4803] numSeparations[543] numCuts[0] compileTime[4] sspSolveTime[159] lpSolveTime[0] lb[6782.83] ub[7136.2] numArcs: [3365498] numFixed: [129817] time: [409]
STATS - lpIterations[1] lagIterations[125] sspIterations[4921] numSeparations[637] numCuts[0] compileTime[4] sspSolveTime[163] lpSolveTime[0] lb[6783.3] ub[7136.2] numArcs: [3395458] numFixed: [130009] time: [420]
STATS - lpIterations[1] lagIterations[126] sspIterations[4950] numSeparations[637] numCuts[0] compileTime[4] sspSolveTime[164] lpSolveTime[0] lb[6786.02] ub[7136.2] numArcs: [3395437] numFixed: [131394] time: [423]
STATS - lpIterations[1] lagIterations[127] sspIterations[4996] numSeparations[637] numCuts[0] compileTime[4] sspSolveTime[166] lpSolveTime[0] lb[6794.21] ub[7136.2] numArcs: [3395366] numFixed: [131953] time: [427]
STATS - lpIterations[1] lagIterations[128] sspIterations[5027] numSeparations[637] numCuts[0] compileTime[4] sspSolveTime[167] lpSolveTime[0] lb[6796.67] ub[7136.2] numArcs: [3395336] numFixed: [133658] time: [429]
STATS - lpIterations[1] lagIterations[128] sspIterations[5027] numSeparations[637] numCuts[0] compileTime[4] sspSolveTime[167] lpSolveTime[0] lb[6798.9] ub[7136.2] numArcs: [3395336] numFixed: [133658] time: [431]
STATS - lpIterations[1] lagIterations[129] sspIterations[5072] numSeparations[729] numCuts[0] compileTime[4] sspSolveTime[169] lpSolveTime[0] lb[6802.42] ub[7136.2] numArcs: [3424724] numFixed: [0] time: [435]
STATS - lpIterations[1] lagIterations[131] sspIterations[5140] numSeparations[729] numCuts[0] compileTime[4] sspSolveTime[171] lpSolveTime[0] lb[6804.95] ub[7136.2] numArcs: [3424643] numFixed: [136642] time: [441]
STATS - lpIterations[1] lagIterations[133] sspIterations[5211] numSeparations[729] numCuts[0] compileTime[4] sspSolveTime[173] lpSolveTime[0] lb[6806.13] ub[7136.2] numArcs: [3424557] numFixed: [137443] time: [448]
STATS - lpIterations[1] lagIterations[134] sspIterations[5254] numSeparations[823] numCuts[0] compileTime[4] sspSolveTime[175] lpSolveTime[0] lb[6817.3] ub[7136.2] numArcs: [3454059] numFixed: [0] time: [452]
STATS - lpIterations[1] lagIterations[136] sspIterations[5326] numSeparations[823] numCuts[0] compileTime[4] sspSolveTime[177] lpSolveTime[0] lb[6819.71] ub[7136.2] numArcs: [3453975] numFixed: [143611] time: [459]
STATS - lpIterations[1] lagIterations[139] sspIterations[5427] numSeparations[910] numCuts[0] compileTime[4] sspSolveTime[181] lpSolveTime[0] lb[6824.89] ub[7136.2] numArcs: [3480502] numFixed: [0] time: [467]
STATS - lpIterations[1] lagIterations[139] sspIterations[5427] numSeparations[910] numCuts[0] compileTime[4] sspSolveTime[181] lpSolveTime[0] lb[6826.08] ub[7136.2] numArcs: [3480502] numFixed: [0] time: [469]
STATS - lpIterations[1] lagIterations[140] sspIterations[5474] numSeparations[910] numCuts[0] compileTime[4] sspSolveTime[183] lpSolveTime[0] lb[6839.32] ub[7136.2] numArcs: [3480423] numFixed: [152421] time: [474]
STATS - lpIterations[1] lagIterations[144] sspIterations[5622] numSeparations[998] numCuts[0] compileTime[4] sspSolveTime[188] lpSolveTime[0] lb[6847.01] ub[7136.2] numArcs: [3508992] numFixed: [0] time: [488]
STATS - lpIterations[1] lagIterations[148] sspIterations[5761] numSeparations[998] numCuts[0] compileTime[4] sspSolveTime[193] lpSolveTime[0] lb[6850.62] ub[7136.2] numArcs: [3508846] numFixed: [180378] time: [500]
STATS - lpIterations[1] lagIterations[148] sspIterations[5761] numSeparations[998] numCuts[0] compileTime[4] sspSolveTime[193] lpSolveTime[0] lb[6851.22] ub[7136.2] numArcs: [3508846] numFixed: [180378] time: [503]
STATS - lpIterations[1] lagIterations[150] sspIterations[5844] numSeparations[1116] numCuts[0] compileTime[4] sspSolveTime[196] lpSolveTime[0] lb[6857.03] ub[7136.2] numArcs: [3544761] numFixed: [0] time: [508]
STATS - lpIterations[1] lagIterations[151] sspIterations[5895] numSeparations[1116] numCuts[0] compileTime[4] sspSolveTime[198] lpSolveTime[0] lb[6859.55] ub[7136.2] numArcs: [3544670] numFixed: [200386] time: [515]
STATS - lpIterations[1] lagIterations[152] sspIterations[5930] numSeparations[1116] numCuts[0] compileTime[4] sspSolveTime[199] lpSolveTime[0] lb[6866.67] ub[7136.2] numArcs: [3544659] numFixed: [207760] time: [517]
STATS - lpIterations[1] lagIterations[155] sspIterations[6054] numSeparations[1212] numCuts[0] compileTime[4] sspSolveTime[204] lpSolveTime[0] lb[6869.59] ub[7136.2] numArcs: [3580153] numFixed: [0] time: [532]
STATS - lpIterations[1] lagIterations[159] sspIterations[6198] numSeparations[1212] numCuts[0] compileTime[4] sspSolveTime[209] lpSolveTime[0] lb[6871.69] ub[7136.2] numArcs: [3580031] numFixed: [236951] time: [547]
STATS - lpIterations[1] lagIterations[162] sspIterations[6316] numSeparations[1307] numCuts[0] compileTime[4] sspSolveTime[213] lpSolveTime[0] lb[6879.05] ub[7136.2] numArcs: [3605886] numFixed: [224892] time: [559]
STATS - lpIterations[1] lagIterations[163] sspIterations[6348] numSeparations[1307] numCuts[0] compileTime[4] sspSolveTime[214] lpSolveTime[0] lb[6883.19] ub[7136.2] numArcs: [3605841] numFixed: [272269] time: [561]
STATS - lpIterations[1] lagIterations[164] sspIterations[6393] numSeparations[1307] numCuts[0] compileTime[4] sspSolveTime[216] lpSolveTime[0] lb[6887.12] ub[7136.2] numArcs: [3605794] numFixed: [286984] time: [567]
STATS - lpIterations[1] lagIterations[165] sspIterations[6429] numSeparations[1307] numCuts[0] compileTime[4] sspSolveTime[217] lpSolveTime[0] lb[6887.74] ub[7136.2] numArcs: [3605768] numFixed: [308846] time: [568]
STATS - lpIterations[1] lagIterations[169] sspIterations[6575] numSeparations[1400] numCuts[0] compileTime[4] sspSolveTime[222] lpSolveTime[0] lb[6888.66] ub[7136.2] numArcs: [3633114] numFixed: [304547] time: [584]
STATS - lpIterations[1] lagIterations[170] sspIterations[6619] numSeparations[1400] numCuts[0] compileTime[4] sspSolveTime[224] lpSolveTime[0] lb[6889.54] ub[7136.2] numArcs: [3633065] numFixed: [304921] time: [591]
STATS - lpIterations[1] lagIterations[171] sspIterations[6654] numSeparations[1400] numCuts[0] compileTime[4] sspSolveTime[225] lpSolveTime[0] lb[6891.58] ub[7136.2] numArcs: [3633043] numFixed: [323320] time: [592]
STATS - lpIterations[1] lagIterations[173] sspIterations[6728] numSeparations[1495] numCuts[0] compileTime[4] sspSolveTime[228] lpSolveTime[0] lb[6896.28] ub[7136.2] numArcs: [3659824] numFixed: [319301] time: [601]
STATS - lpIterations[1] lagIterations[174] sspIterations[6793] numSeparations[1495] numCuts[0] compileTime[4] sspSolveTime[231] lpSolveTime[0] lb[6904.77] ub[7136.2] numArcs: [3659695] numFixed: [324443] time: [609]
STATS - lpIterations[1] lagIterations[178] sspIterations[6966] numSeparations[1591] numCuts[0] compileTime[4] sspSolveTime[237] lpSolveTime[0] lb[6908.64] ub[7136.2] numArcs: [3683209] numFixed: [362691] time: [627]
STATS - lpIterations[1] lagIterations[179] sspIterations[7000] numSeparations[1591] numCuts[0] compileTime[4] sspSolveTime[238] lpSolveTime[0] lb[6913.36] ub[7136.2] numArcs: [3683194] numFixed: [455584] time: [629]
STATS - lpIterations[1] lagIterations[183] sspIterations[7166] numSeparations[1685] numCuts[0] compileTime[4] sspSolveTime[245] lpSolveTime[0] lb[6913.69] ub[7136.2] numArcs: [3711059] numFixed: [457915] time: [646]
STATS - lpIterations[1] lagIterations[184] sspIterations[7223] numSeparations[1685] numCuts[0] compileTime[4] sspSolveTime[247] lpSolveTime[0] lb[6922.19] ub[7136.2] numArcs: [3710981] numFixed: [474686] time: [654]
STATS - lpIterations[1] lagIterations[185] sspIterations[7261] numSeparations[1685] numCuts[0] compileTime[4] sspSolveTime[248] lpSolveTime[0] lb[6923.66] ub[7136.2] numArcs: [3710967] numFixed: [583809] time: [656]
STATS - lpIterations[1] lagIterations[191] sspIterations[7496] numSeparations[1785] numCuts[0] compileTime[4] sspSolveTime[257] lpSolveTime[0] lb[6928.85] ub[7136.2] numArcs: [3734871] numFixed: [596842] time: [682]
STATS - lpIterations[1] lagIterations[197] sspIterations[7742] numSeparations[1884] numCuts[0] compileTime[4] sspSolveTime[266] lpSolveTime[0] lb[6934.21] ub[7136.2] numArcs: [3757716] numFixed: [650061] time: [708]
STATS - lpIterations[1] lagIterations[199] sspIterations[7818] numSeparations[1982] numCuts[0] compileTime[4] sspSolveTime[269] lpSolveTime[0] lb[6937.85] ub[7136.2] numArcs: [3782932] numFixed: [0] time: [716]
STATS - lpIterations[1] lagIterations[200] sspIterations[7879] numSeparations[1982] numCuts[0] compileTime[4] sspSolveTime[272] lpSolveTime[0] lb[6942.5] ub[7136.2] numArcs: [3782801] numFixed: [709656] time: [726]
STATS - lpIterations[1] lagIterations[201] sspIterations[7924] numSeparations[1982] numCuts[0] compileTime[4] sspSolveTime[274] lpSolveTime[0] lb[6942.52] ub[7136.2] numArcs: [3782776] numFixed: [857098] time: [728]
STATS - lpIterations[1] lagIterations[201] sspIterations[7924] numSeparations[1982] numCuts[0] compileTime[4] sspSolveTime[274] lpSolveTime[0] lb[6944.98] ub[7136.2] numArcs: [3782776] numFixed: [857098] time: [731]
STATS - lpIterations[1] lagIterations[205] sspIterations[8086] numSeparations[2074] numCuts[0] compileTime[4] sspSolveTime[280] lpSolveTime[0] lb[6945.24] ub[7136.2] numArcs: [3803369] numFixed: [674018] time: [749]
STATS - lpIterations[1] lagIterations[206] sspIterations[8123] numSeparations[2074] numCuts[0] compileTime[4] sspSolveTime[281] lpSolveTime[0] lb[6945.68] ub[7136.2] numArcs: [3803354] numFixed: [908148] time: [753]
STATS - lpIterations[1] lagIterations[211] sspIterations[8333] numSeparations[2168] numCuts[0] compileTime[4] sspSolveTime[289] lpSolveTime[0] lb[6946.54] ub[7136.2] numArcs: [3826168] numFixed: [878234] time: [778]
STATS - lpIterations[1] lagIterations[212] sspIterations[8365] numSeparations[2168] numCuts[0] compileTime[4] sspSolveTime[290] lpSolveTime[0] lb[6953.58] ub[7136.2] numArcs: [3826152] numFixed: [937389] time: [779]
STATS - lpIterations[1] lagIterations[216] sspIterations[8549] numSeparations[2277] numCuts[0] compileTime[4] sspSolveTime[298] lpSolveTime[0] lb[6957.59] ub[7136.2] numArcs: [3851861] numFixed: [0] time: [800]
STATS - lpIterations[1] lagIterations[218] sspIterations[8622] numSeparations[2277] numCuts[0] compileTime[4] sspSolveTime[301] lpSolveTime[0] lb[6961.14] ub[7136.2] numArcs: [3851799] numFixed: [1105587] time: [809]
STATS - lpIterations[1] lagIterations[226] sspIterations[8943] numSeparations[2377] numCuts[0] compileTime[4] sspSolveTime[313] lpSolveTime[0] lb[6961.77] ub[7136.2] numArcs: [3876609] numFixed: [1060496] time: [847]
STATS - lpIterations[1] lagIterations[231] sspIterations[9133] numSeparations[2476] numCuts[0] compileTime[4] sspSolveTime[321] lpSolveTime[0] lb[6968.55] ub[7136.2] numArcs: [3902494] numFixed: [0] time: [871]
STATS - lpIterations[1] lagIterations[232] sspIterations[9187] numSeparations[2476] numCuts[0] compileTime[4] sspSolveTime[324] lpSolveTime[0] lb[6970.12] ub[7136.2] numArcs: [3902443] numFixed: [1247152] time: [880]
STATS - lpIterations[1] lagIterations[233] sspIterations[9220] numSeparations[2476] numCuts[0] compileTime[4] sspSolveTime[325] lpSolveTime[0] lb[6971.37] ub[7136.2] numArcs: [3902426] numFixed: [1377017] time: [882]
STATS - lpIterations[1] lagIterations[236] sspIterations[9364] numSeparations[2476] numCuts[0] compileTime[4] sspSolveTime[331] lpSolveTime[0] lb[6977.29] ub[7136.2] numArcs: [3902291] numFixed: [1384176] time: [901]
STATS - lpIterations[1] lagIterations[237] sspIterations[9402] numSeparations[2570] numCuts[0] compileTime[4] sspSolveTime[333] lpSolveTime[0] lb[6981.39] ub[7136.2] numArcs: [3928926] numFixed: [0] time: [903]
STATS - lpIterations[1] lagIterations[245] sspIterations[9734] numSeparations[2667] numCuts[0] compileTime[4] sspSolveTime[346] lpSolveTime[0] lb[6984.46] ub[7136.2] numArcs: [3950087] numFixed: [1454126] time: [944]
STATS - lpIterations[1] lagIterations[251] sspIterations[9997] numSeparations[2787] numCuts[0] compileTime[4] sspSolveTime[357] lpSolveTime[0] lb[6985.6] ub[7136.2] numArcs: [3979475] numFixed: [0] time: [975]
STATS - lpIterations[1] lagIterations[255] sspIterations[10156] numSeparations[2787] numCuts[0] compileTime[4] sspSolveTime[363] lpSolveTime[0] lb[6990.73] ub[7136.2] numArcs: [3979332] numFixed: [1695778] time: [995]
STATS - lpIterations[1] lagIterations[258] sspIterations[10282] numSeparations[2881] numCuts[0] compileTime[4] sspSolveTime[368] lpSolveTime[0] lb[6994.38] ub[7136.2] numArcs: [3999257] numFixed: [1786370] time: [1012]
STATS - lpIterations[1] lagIterations[268] sspIterations[10678] numSeparations[2970] numCuts[0] compileTime[4] sspSolveTime[383] lpSolveTime[0] lb[6998.18] ub[7136.2] numArcs: [4019008] numFixed: [1886138] time: [1061]
STATS - lpIterations[1] lagIterations[270] sspIterations[10782] numSeparations[2970] numCuts[0] compileTime[4] sspSolveTime[388] lpSolveTime[0] lb[7000.02] ub[7136.2] numArcs: [4018922] numFixed: [1979395] time: [1076]
STATS - lpIterations[1] lagIterations[277] sspIterations[11049] numSeparations[3065] numCuts[0] compileTime[4] sspSolveTime[398] lpSolveTime[0] lb[7003.77] ub[7136.2] numArcs: [4041963] numFixed: [1978500] time: [1108]
STATS - lpIterations[1] lagIterations[279] sspIterations[11154] numSeparations[3178] numCuts[0] compileTime[4] sspSolveTime[403] lpSolveTime[0] lb[7006.72] ub[7136.2] numArcs: [4067144] numFixed: [0] time: [1121]
STATS - lpIterations[1] lagIterations[281] sspIterations[11229] numSeparations[3178] numCuts[0] compileTime[4] sspSolveTime[406] lpSolveTime[0] lb[7007.62] ub[7136.2] numArcs: [4067094] numFixed: [2227772] time: [1132]
STATS - lpIterations[1] lagIterations[289] sspIterations[11555] numSeparations[3281] numCuts[0] compileTime[4] sspSolveTime[419] lpSolveTime[0] lb[7007.81] ub[7136.2] numArcs: [4088367] numFixed: [2129797] time: [1174]
STATS - lpIterations[1] lagIterations[290] sspIterations[11603] numSeparations[3281] numCuts[0] compileTime[4] sspSolveTime[421] lpSolveTime[0] lb[7008.28] ub[7136.2] numArcs: [4088321] numFixed: [2176256] time: [1183]
STATS - lpIterations[1] lagIterations[291] sspIterations[11638] numSeparations[3281] numCuts[0] compileTime[4] sspSolveTime[423] lpSolveTime[0] lb[7012.62] ub[7136.2] numArcs: [4088312] numFixed: [2290432] time: [1185]
STATS - lpIterations[1] lagIterations[295] sspIterations[11818] numSeparations[3374] numCuts[0] compileTime[4] sspSolveTime[430] lpSolveTime[0] lb[7013.65] ub[7136.2] numArcs: [4110965] numFixed: [2275554] time: [1207]
STATS - lpIterations[1] lagIterations[297] sspIterations[11888] numSeparations[3374] numCuts[0] compileTime[4] sspSolveTime[433] lpSolveTime[0] lb[7013.68] ub[7136.2] numArcs: [4110923] numFixed: [2307362] time: [1217]
STATS - lpIterations[1] lagIterations[299] sspIterations[11966] numSeparations[3374] numCuts[0] compileTime[4] sspSolveTime[435] lpSolveTime[0] lb[7015.34] ub[7136.2] numArcs: [4110883] numFixed: [2355057] time: [1227]
STATS - lpIterations[1] lagIterations[301] sspIterations[12059] numSeparations[3467] numCuts[0] compileTime[4] sspSolveTime[440] lpSolveTime[0] lb[7019.86] ub[7136.2] numArcs: [4132437] numFixed: [2389337] time: [1240]
STATS - lpIterations[1] lagIterations[309] sspIterations[12396] numSeparations[3560] numCuts[0] compileTime[4] sspSolveTime[453] lpSolveTime[0] lb[7020.35] ub[7136.2] numArcs: [4155224] numFixed: [2521974] time: [1283]
STATS - lpIterations[1] lagIterations[311] sspIterations[12482] numSeparations[3560] numCuts[0] compileTime[4] sspSolveTime[456] lpSolveTime[0] lb[7023.64] ub[7136.2] numArcs: [4155167] numFixed: [2525409] time: [1293]
STATS - lpIterations[1] lagIterations[322] sspIterations[12918] numSeparations[3756] numCuts[0] compileTime[4] sspSolveTime[472] lpSolveTime[0] lb[7027.84] ub[7136.2] numArcs: [4199702] numFixed: [0] time: [1348]
STATS - lpIterations[1] lagIterations[335] sspIterations[13457] numSeparations[3851] numCuts[0] compileTime[4] sspSolveTime[492] lpSolveTime[0] lb[7034.37] ub[7136.2] numArcs: [4219311] numFixed: [2764187] time: [1415]
STATS - lpIterations[1] lagIterations[351] sspIterations[14097] numSeparations[4044] numCuts[0] compileTime[4] sspSolveTime[516] lpSolveTime[0] lb[7035.14] ub[7136.2] numArcs: [4260356] numFixed: [2831372] time: [1499]
STATS - lpIterations[1] lagIterations[355] sspIterations[14272] numSeparations[4044] numCuts[0] compileTime[4] sspSolveTime[523] lpSolveTime[0] lb[7035.49] ub[7136.2] numArcs: [4260263] numFixed: [2934915] time: [1520]
STATS - lpIterations[1] lagIterations[359] sspIterations[14441] numSeparations[4131] numCuts[0] compileTime[4] sspSolveTime[530] lpSolveTime[0] lb[7035.98] ub[7136.2] numArcs: [4277725] numFixed: [2909677] time: [1544]
STATS - lpIterations[1] lagIterations[363] sspIterations[14604] numSeparations[4131] numCuts[0] compileTime[4] sspSolveTime[536] lpSolveTime[0] lb[7040.81] ub[7136.2] numArcs: [4277658] numFixed: [2914930] time: [1563]
STATS - lpIterations[1] lagIterations[369] sspIterations[14858] numSeparations[4225] numCuts[0] compileTime[4] sspSolveTime[546] lpSolveTime[0] lb[7040.92] ub[7136.2] numArcs: [4296040] numFixed: [2902766] time: [1601]
STATS - lpIterations[1] lagIterations[376] sspIterations[15157] numSeparations[4328] numCuts[0] compileTime[4] sspSolveTime[557] lpSolveTime[0] lb[7041.04] ub[7136.2] numArcs: [4315576] numFixed: [0] time: [1634]
STATS - lpIterations[1] lagIterations[380] sspIterations[15319] numSeparations[4328] numCuts[0] compileTime[4] sspSolveTime[563] lpSolveTime[0] lb[7043.52] ub[7136.2] numArcs: [4315502] numFixed: [3106316] time: [1658]
STATS - lpIterations[1] lagIterations[390] sspIterations[15764] numSeparations[4416] numCuts[0] compileTime[4] sspSolveTime[581] lpSolveTime[0] lb[7044.47] ub[7136.2] numArcs: [4334830] numFixed: [3168073] time: [1715]
STATS - lpIterations[1] lagIterations[392] sspIterations[15843] numSeparations[4416] numCuts[0] compileTime[4] sspSolveTime[584] lpSolveTime[0] lb[7048.61] ub[7136.2] numArcs: [4334812] numFixed: [3169147] time: [1725]
STATS - lpIterations[1] lagIterations[394] sspIterations[15938] numSeparations[4523] numCuts[0] compileTime[4] sspSolveTime[588] lpSolveTime[0] lb[7049.35] ub[7136.2] numArcs: [4357178] numFixed: [0] time: [1737]
STATS - lpIterations[1] lagIterations[415] sspIterations[16823] numSeparations[4720] numCuts[0] compileTime[4] sspSolveTime[620] lpSolveTime[0] lb[7052.39] ub[7136.2] numArcs: [4400140] numFixed: [0] time: [1848]
STATS - lpIterations[1] lagIterations[418] sspIterations[16957] numSeparations[4720] numCuts[0] compileTime[4] sspSolveTime[625] lpSolveTime[0] lb[7054.63] ub[7136.2] numArcs: [4400034] numFixed: [3379720] time: [1868]
STATS - lpIterations[1] lagIterations[420] sspIterations[17049] numSeparations[4720] numCuts[0] compileTime[4] sspSolveTime[628] lpSolveTime[0] lb[7055.76] ub[7136.2] numArcs: [4400007] numFixed: [3492545] time: [1876]
STATS - lpIterations[1] lagIterations[439] sspIterations[17833] numSeparations[4898] numCuts[0] compileTime[4] sspSolveTime[657] lpSolveTime[0] lb[7055.82] ub[7136.2] numArcs: [4439250] numFixed: [3499324] time: [1979]
STATS - lpIterations[1] lagIterations[443] sspIterations[17991] numSeparations[4898] numCuts[0] compileTime[4] sspSolveTime[663] lpSolveTime[0] lb[7060.03] ub[7136.2] numArcs: [4439196] numFixed: [3518448] time: [1998]
STATS - lpIterations[1] lagIterations[477] sspIterations[19410] numSeparations[5174] numCuts[0] compileTime[4] sspSolveTime[715] lpSolveTime[0] lb[7063.08] ub[7136.2] numArcs: [4495799] numFixed: [3579663] time: [2178]
STATS - lpIterations[1] lagIterations[493] sspIterations[20087] numSeparations[5268] numCuts[0] compileTime[4] sspSolveTime[740] lpSolveTime[0] lb[7063.73] ub[7136.2] numArcs: [4514580] numFixed: [3673426] time: [2261]
STATS - lpIterations[1] lagIterations[512] sspIterations[20884] numSeparations[5440] numCuts[0] compileTime[4] sspSolveTime[768] lpSolveTime[0] lb[7066.56] ub[7136.2] numArcs: [4549595] numFixed: [3762152] time: [2362]
STATS - lpIterations[1] lagIterations[543] sspIterations[22142] numSeparations[5628] numCuts[0] compileTime[4] sspSolveTime[808] lpSolveTime[0] lb[7067.98] ub[7136.2] numArcs: [4583786] numFixed: [3720692] time: [2514]
STATS - lpIterations[1] lagIterations[545] sspIterations[22230] numSeparations[5628] numCuts[0] compileTime[4] sspSolveTime[811] lpSolveTime[0] lb[7071.25] ub[7136.2] numArcs: [4583763] numFixed: [3771604] time: [2523]
STATS - lpIterations[1] lagIterations[583] sspIterations[23803] numSeparations[5892] numCuts[0] compileTime[4] sspSolveTime[865] lpSolveTime[0] lb[7072.18] ub[7136.2] numArcs: [4632345] numFixed: [3784797] time: [2723]
STATS - lpIterations[1] lagIterations[644] sspIterations[26340] numSeparations[6164] numCuts[0] compileTime[4] sspSolveTime[952] lpSolveTime[0] lb[7074.03] ub[7136.2] numArcs: [4679001] numFixed: [3948811] time: [3042]
STATS - lpIterations[2] lagIterations[644] sspIterations[26340] numSeparations[6164] numCuts[0] compileTime[4] sspSolveTime[952] lpSolveTime[0] lb[7074.03] ub[7136.2] numArcs: [4679001] numFixed: [3961460] time: [3045]
STATS - lpIterations[2] lagIterations[645] sspIterations[26381] numSeparations[6164] numCuts[0] compileTime[4] sspSolveTime[954] lpSolveTime[0] lb[7074.03] ub[7136.2] numArcs: [4679001] numFixed: [3961460] time: [3047]
