do not relax capacity constraint
instance upper bound: 1695
compiling DD
time step mult: 10
time step: 900
cap step: 1
done compiling DD
batch size for lag: 100
iteration delay to start separating: 0
optimality gap to start repairing: 100
percent fixed to change to CPLEX: 97.5
num arcs to change to CPLEX: 100000
num arcs to change to LAG: 999999999
STATS - lpIterations[0] lagIterations[0] sspIterations[0] numSeparations[0] numCuts[0] compileTime[284] sspSolveTime[0] lpSolveTime[0] lb[0] ub[1695] numArcs: [89998154] numFixed: [0] time: [284]
STATS - lpIterations[1] lagIterations[0] sspIterations[0] numSeparations[0] numCuts[0] compileTime[284] sspSolveTime[0] lpSolveTime[0] lb[0] ub[1695] numArcs: [89998154] numFixed: [0] time: [284]
STATS - lpIterations[1] lagIterations[1] sspIterations[1] numSeparations[0] numCuts[0] compileTime[284] sspSolveTime[13] lpSolveTime[0] lb[538.443] ub[1695] numArcs: [89998154] numFixed: [0] time: [297]
STATS - lpIterations[1] lagIterations[2] sspIterations[2] numSeparations[0] numCuts[0] compileTime[284] sspSolveTime[16] lpSolveTime[0] lb[565.098] ub[1695] numArcs: [89998154] numFixed: [0] time: [306]
STATS - lpIterations[1] lagIterations[3] sspIterations[3] numSeparations[0] numCuts[0] compileTime[284] sspSolveTime[19] lpSolveTime[0] lb[592.799] ub[1695] numArcs: [89998154] numFixed: [0] time: [314]
STATS - lpIterations[1] lagIterations[4] sspIterations[4] numSeparations[0] numCuts[0] compileTime[284] sspSolveTime[23] lpSolveTime[0] lb[621.576] ub[1695] numArcs: [89998154] numFixed: [0] time: [323]
STATS - lpIterations[1] lagIterations[5] sspIterations[5] numSeparations[0] numCuts[0] compileTime[284] sspSolveTime[26] lpSolveTime[0] lb[651.459] ub[1695] numArcs: [89998154] numFixed: [0] time: [331]
STATS - lpIterations[1] lagIterations[6] sspIterations[6] numSeparations[0] numCuts[0] compileTime[284] sspSolveTime[29] lpSolveTime[0] lb[682.481] ub[1695] numArcs: [89998154] numFixed: [0] time: [339]
STATS - lpIterations[1] lagIterations[7] sspIterations[7] numSeparations[0] numCuts[0] compileTime[284] sspSolveTime[32] lpSolveTime[0] lb[714.674] ub[1695] numArcs: [89998154] numFixed: [0] time: [348]
STATS - lpIterations[1] lagIterations[8] sspIterations[8] numSeparations[0] numCuts[0] compileTime[284] sspSolveTime[36] lpSolveTime[0] lb[748.07] ub[1695] numArcs: [89998154] numFixed: [0] time: [356]
STATS - lpIterations[1] lagIterations[9] sspIterations[9] numSeparations[0] numCuts[0] compileTime[284] sspSolveTime[39] lpSolveTime[0] lb[782.703] ub[1695] numArcs: [89998154] numFixed: [0] time: [365]
STATS - lpIterations[1] lagIterations[10] sspIterations[10] numSeparations[0] numCuts[0] compileTime[284] sspSolveTime[42] lpSolveTime[0] lb[818.034] ub[1695] numArcs: [89998154] numFixed: [0] time: [373]
STATS - lpIterations[1] lagIterations[11] sspIterations[11] numSeparations[0] numCuts[0] compileTime[284] sspSolveTime[45] lpSolveTime[0] lb[833.284] ub[1695] numArcs: [89998154] numFixed: [0] time: [382]
STATS - lpIterations[1] lagIterations[12] sspIterations[12] numSeparations[0] numCuts[0] compileTime[284] sspSolveTime[49] lpSolveTime[0] lb[870.819] ub[1695] numArcs: [89998154] numFixed: [0] time: [390]
STATS - lpIterations[1] lagIterations[13] sspIterations[13] numSeparations[0] numCuts[0] compileTime[284] sspSolveTime[52] lpSolveTime[0] lb[909.695] ub[1695] numArcs: [89998154] numFixed: [0] time: [398]
STATS - lpIterations[1] lagIterations[14] sspIterations[14] numSeparations[0] numCuts[0] compileTime[284] sspSolveTime[62] lpSolveTime[0] lb[945.854] ub[1695] numArcs: [89998114] numFixed: [0] time: [413]
STATS - lpIterations[1] lagIterations[15] sspIterations[15] numSeparations[0] numCuts[0] compileTime[284] sspSolveTime[71] lpSolveTime[0] lb[960.341] ub[1695] numArcs: [89998084] numFixed: [0] time: [427]
STATS - lpIterations[1] lagIterations[16] sspIterations[16] numSeparations[0] numCuts[0] compileTime[284] sspSolveTime[77] lpSolveTime[0] lb[982.318] ub[1695] numArcs: [89998049] numFixed: [0] time: [439]
STATS - lpIterations[1] lagIterations[17] sspIterations[17] numSeparations[0] numCuts[0] compileTime[284] sspSolveTime[82] lpSolveTime[0] lb[1006.5] ub[1695] numArcs: [89998013] numFixed: [0] time: [449]
STATS - lpIterations[1] lagIterations[18] sspIterations[18] numSeparations[0] numCuts[0] compileTime[284] sspSolveTime[91] lpSolveTime[0] lb[1025.08] ub[1695] numArcs: [89997978] numFixed: [0] time: [464]
STATS - lpIterations[1] lagIterations[19] sspIterations[19] numSeparations[0] numCuts[0] compileTime[284] sspSolveTime[98] lpSolveTime[0] lb[1041.09] ub[1695] numArcs: [89997938] numFixed: [0] time: [475]
STATS - lpIterations[1] lagIterations[20] sspIterations[20] numSeparations[0] numCuts[0] compileTime[284] sspSolveTime[101] lpSolveTime[0] lb[1054.76] ub[1695] numArcs: [89997938] numFixed: [0] time: [483]
STATS - lpIterations[1] lagIterations[20] sspIterations[20] numSeparations[0] numCuts[0] compileTime[284] sspSolveTime[101] lpSolveTime[0] lb[1054.89] ub[1695] numArcs: [89997938] numFixed: [0] time: [488]
STATS - lpIterations[1] lagIterations[21] sspIterations[21] numSeparations[0] numCuts[0] compileTime[284] sspSolveTime[111] lpSolveTime[0] lb[1080.5] ub[1695] numArcs: [89997916] numFixed: [0] time: [502]
STATS - lpIterations[1] lagIterations[22] sspIterations[22] numSeparations[0] numCuts[0] compileTime[284] sspSolveTime[115] lpSolveTime[0] lb[1104.51] ub[1695] numArcs: [89997880] numFixed: [2] time: [511]
STATS - lpIterations[1] lagIterations[23] sspIterations[29] numSeparations[0] numCuts[0] compileTime[284] sspSolveTime[168] lpSolveTime[0] lb[1111.66] ub[1695] numArcs: [89997630] numFixed: [28] time: [569]
STATS - lpIterations[1] lagIterations[23] sspIterations[29] numSeparations[0] numCuts[0] compileTime[284] sspSolveTime[168] lpSolveTime[0] lb[1120.85] ub[1695] numArcs: [89997630] numFixed: [28] time: [577]
STATS - lpIterations[1] lagIterations[24] sspIterations[30] numSeparations[0] numCuts[0] compileTime[284] sspSolveTime[177] lpSolveTime[0] lb[1123.38] ub[1695] numArcs: [89997605] numFixed: [54] time: [589]
STATS - lpIterations[1] lagIterations[25] sspIterations[46] numSeparations[0] numCuts[0] compileTime[284] sspSolveTime[273] lpSolveTime[0] lb[1144.93] ub[1695] numArcs: [89997133] numFixed: [57] time: [700]
STATS - lpIterations[1] lagIterations[26] sspIterations[54] numSeparations[0] numCuts[0] compileTime[284] sspSolveTime[330] lpSolveTime[0] lb[1145.77] ub[1695] numArcs: [89997026] numFixed: [129] time: [769]
STATS - lpIterations[1] lagIterations[27] sspIterations[55] numSeparations[0] numCuts[0] compileTime[284] sspSolveTime[333] lpSolveTime[0] lb[1148.64] ub[1695] numArcs: [89997026] numFixed: [133] time: [776]
STATS - lpIterations[1] lagIterations[28] sspIterations[59] numSeparations[0] numCuts[0] compileTime[284] sspSolveTime[349] lpSolveTime[0] lb[1160.21] ub[1695] numArcs: [89997000] numFixed: [152] time: [797]
STATS - lpIterations[1] lagIterations[28] sspIterations[59] numSeparations[0] numCuts[0] compileTime[284] sspSolveTime[349] lpSolveTime[0] lb[1163.16] ub[1695] numArcs: [89997000] numFixed: [152] time: [803]
STATS - lpIterations[1] lagIterations[29] sspIterations[60] numSeparations[0] numCuts[0] compileTime[284] sspSolveTime[359] lpSolveTime[0] lb[1166.4] ub[1695] numArcs: [89997000] numFixed: [213] time: [816]
STATS - lpIterations[1] lagIterations[29] sspIterations[60] numSeparations[0] numCuts[0] compileTime[284] sspSolveTime[359] lpSolveTime[0] lb[1166.89] ub[1695] numArcs: [89997000] numFixed: [213] time: [821]
STATS - lpIterations[1] lagIterations[30] sspIterations[79] numSeparations[0] numCuts[0] compileTime[284] sspSolveTime[514] lpSolveTime[0] lb[1194.1] ub[1695] numArcs: [89996538] numFixed: [239] time: [993]
STATS - lpIterations[1] lagIterations[31] sspIterations[90] numSeparations[0] numCuts[0] compileTime[284] sspSolveTime[582] lpSolveTime[0] lb[1195.2] ub[1695] numArcs: [89996365] numFixed: [516] time: [1073]
STATS - lpIterations[1] lagIterations[32] sspIterations[91] numSeparations[0] numCuts[0] compileTime[284] sspSolveTime[588] lpSolveTime[0] lb[1196.58] ub[1695] numArcs: [89996349] numFixed: [533] time: [1083]
STATS - lpIterations[1] lagIterations[32] sspIterations[91] numSeparations[0] numCuts[0] compileTime[284] sspSolveTime[588] lpSolveTime[0] lb[1196.78] ub[1695] numArcs: [89996349] numFixed: [533] time: [1087]
STATS - lpIterations[1] lagIterations[33] sspIterations[106] numSeparations[0] numCuts[0] compileTime[284] sspSolveTime[701] lpSolveTime[0] lb[1212.9] ub[1695] numArcs: [89996161] numFixed: [556] time: [1215]
STATS - lpIterations[1] lagIterations[34] sspIterations[114] numSeparations[0] numCuts[0] compileTime[284] sspSolveTime[753] lpSolveTime[0] lb[1213.64] ub[1695] numArcs: [89996081] numFixed: [1013] time: [1278]
STATS - lpIterations[1] lagIterations[35] sspIterations[117] numSeparations[26] numCuts[0] compileTime[284] sspSolveTime[768] lpSolveTime[0] lb[1214.08] ub[1695] numArcs: [90034576] numFixed: [0] time: [1297]
STATS - lpIterations[1] lagIterations[35] sspIterations[117] numSeparations[26] numCuts[0] compileTime[284] sspSolveTime[768] lpSolveTime[0] lb[1214.31] ub[1695] numArcs: [90034576] numFixed: [0] time: [1302]
STATS - lpIterations[1] lagIterations[36] sspIterations[118] numSeparations[26] numCuts[0] compileTime[284] sspSolveTime[779] lpSolveTime[0] lb[1222.96] ub[1695] numArcs: [90034547] numFixed: [7695] time: [1316]
STATS - lpIterations[1] lagIterations[36] sspIterations[118] numSeparations[26] numCuts[0] compileTime[284] sspSolveTime[779] lpSolveTime[0] lb[1223.54] ub[1695] numArcs: [90034547] numFixed: [7695] time: [1321]
STATS - lpIterations[1] lagIterations[37] sspIterations[159] numSeparations[26] numCuts[0] compileTime[284] sspSolveTime[1084] lpSolveTime[0] lb[1245.16] ub[1695] numArcs: [90033370] numFixed: [8131] time: [1641]
STATS - lpIterations[1] lagIterations[38] sspIterations[180] numSeparations[26] numCuts[0] compileTime[284] sspSolveTime[1206] lpSolveTime[0] lb[1247] ub[1695] numArcs: [90033253] numFixed: [9931] time: [1776]
STATS - lpIterations[1] lagIterations[39] sspIterations[185] numSeparations[26] numCuts[0] compileTime[284] sspSolveTime[1245] lpSolveTime[0] lb[1249.62] ub[1695] numArcs: [90033230] numFixed: [10147] time: [1826]
STATS - lpIterations[1] lagIterations[40] sspIterations[190] numSeparations[26] numCuts[0] compileTime[284] sspSolveTime[1260] lpSolveTime[0] lb[1250.52] ub[1695] numArcs: [90033218] numFixed: [10430] time: [1849]
STATS - lpIterations[1] lagIterations[41] sspIterations[192] numSeparations[26] numCuts[0] compileTime[284] sspSolveTime[1273] lpSolveTime[0] lb[1251.83] ub[1695] numArcs: [90033191] numFixed: [10639] time: [1865]
STATS - lpIterations[1] lagIterations[41] sspIterations[192] numSeparations[26] numCuts[0] compileTime[284] sspSolveTime[1273] lpSolveTime[0] lb[1252.76] ub[1695] numArcs: [90033191] numFixed: [10639] time: [1871]
STATS - lpIterations[1] lagIterations[42] sspIterations[197] numSeparations[26] numCuts[0] compileTime[284] sspSolveTime[1300] lpSolveTime[0] lb[1257.51] ub[1695] numArcs: [90033175] numFixed: [10867] time: [1902]
STATS - lpIterations[1] lagIterations[42] sspIterations[197] numSeparations[26] numCuts[0] compileTime[284] sspSolveTime[1300] lpSolveTime[0] lb[1259.71] ub[1695] numArcs: [90033175] numFixed: [10867] time: [1907]
STATS - lpIterations[1] lagIterations[43] sspIterations[199] numSeparations[26] numCuts[0] compileTime[284] sspSolveTime[1323] lpSolveTime[0] lb[1260.46] ub[1695] numArcs: [90033129] numFixed: [12075] time: [1934]
STATS - lpIterations[1] lagIterations[43] sspIterations[199] numSeparations[26] numCuts[0] compileTime[284] sspSolveTime[1323] lpSolveTime[0] lb[1260.9] ub[1695] numArcs: [90033129] numFixed: [12075] time: [1940]
STATS - lpIterations[1] lagIterations[44] sspIterations[203] numSeparations[26] numCuts[0] compileTime[284] sspSolveTime[1343] lpSolveTime[0] lb[1269.64] ub[1695] numArcs: [90033057] numFixed: [12341] time: [1964]
STATS - lpIterations[1] lagIterations[44] sspIterations[203] numSeparations[26] numCuts[0] compileTime[284] sspSolveTime[1343] lpSolveTime[0] lb[1271.18] ub[1695] numArcs: [90033057] numFixed: [12341] time: [1971]
STATS - lpIterations[1] lagIterations[45] sspIterations[207] numSeparations[26] numCuts[0] compileTime[284] sspSolveTime[1373] lpSolveTime[0] lb[1272.33] ub[1695] numArcs: [90033034] numFixed: [14526] time: [2005]
STATS - lpIterations[1] lagIterations[45] sspIterations[207] numSeparations[26] numCuts[0] compileTime[284] sspSolveTime[1373] lpSolveTime[0] lb[1277.57] ub[1695] numArcs: [90033034] numFixed: [14526] time: [2011]
STATS - lpIterations[1] lagIterations[46] sspIterations[212] numSeparations[26] numCuts[0] compileTime[284] sspSolveTime[1390] lpSolveTime[0] lb[1279.87] ub[1695] numArcs: [90033006] numFixed: [16175] time: [2032]
STATS - lpIterations[1] lagIterations[46] sspIterations[212] numSeparations[26] numCuts[0] compileTime[284] sspSolveTime[1390] lpSolveTime[0] lb[1282.08] ub[1695] numArcs: [90033006] numFixed: [16175] time: [2041]
STATS - lpIterations[1] lagIterations[47] sspIterations[215] numSeparations[26] numCuts[0] compileTime[284] sspSolveTime[1408] lpSolveTime[0] lb[1282.99] ub[1695] numArcs: [90033003] numFixed: [17432] time: [2068]
STATS - lpIterations[1] lagIterations[48] sspIterations[216] numSeparations[79] numCuts[0] compileTime[284] sspSolveTime[1414] lpSolveTime[0] lb[1286.58] ub[1695] numArcs: [90118621] numFixed: [0] time: [2078]
STATS - lpIterations[1] lagIterations[48] sspIterations[216] numSeparations[79] numCuts[0] compileTime[284] sspSolveTime[1414] lpSolveTime[0] lb[1286.68] ub[1695] numArcs: [90118621] numFixed: [0] time: [2082]
STATS - lpIterations[1] lagIterations[49] sspIterations[233] numSeparations[79] numCuts[0] compileTime[284] sspSolveTime[1541] lpSolveTime[0] lb[1289.88] ub[1695] numArcs: [90118258] numFixed: [24526] time: [2212]
STATS - lpIterations[1] lagIterations[49] sspIterations[233] numSeparations[79] numCuts[0] compileTime[284] sspSolveTime[1541] lpSolveTime[0] lb[1319.23] ub[1695] numArcs: [90118258] numFixed: [24526] time: [2224]
STATS - lpIterations[1] lagIterations[50] sspIterations[241] numSeparations[79] numCuts[0] compileTime[284] sspSolveTime[1568] lpSolveTime[0] lb[1321.19] ub[1695] numArcs: [90118247] numFixed: [41533] time: [2265]
STATS - lpIterations[1] lagIterations[53] sspIterations[266] numSeparations[79] numCuts[0] compileTime[284] sspSolveTime[1716] lpSolveTime[0] lb[1338.83] ub[1695] numArcs: [90117774] numFixed: [43442] time: [2446]
STATS - lpIterations[1] lagIterations[54] sspIterations[271] numSeparations[79] numCuts[0] compileTime[284] sspSolveTime[1754] lpSolveTime[0] lb[1340.03] ub[1695] numArcs: [90117742] numFixed: [61985] time: [2495]
STATS - lpIterations[1] lagIterations[55] sspIterations[280] numSeparations[79] numCuts[0] compileTime[284] sspSolveTime[1795] lpSolveTime[0] lb[1342.95] ub[1695] numArcs: [90117670] numFixed: [63626] time: [2550]
STATS - lpIterations[1] lagIterations[57] sspIterations[311] numSeparations[79] numCuts[0] compileTime[284] sspSolveTime[2046] lpSolveTime[0] lb[1364.48] ub[1695] numArcs: [90117110] numFixed: [69000] time: [2827]
STATS - lpIterations[1] lagIterations[58] sspIterations[330] numSeparations[79] numCuts[0] compileTime[284] sspSolveTime[2185] lpSolveTime[0] lb[1366.26] ub[1695] numArcs: [90116924] numFixed: [106776] time: [2983]
STATS - lpIterations[1] lagIterations[59] sspIterations[334] numSeparations[137] numCuts[0] compileTime[284] sspSolveTime[2207] lpSolveTime[0] lb[1366.51] ub[1695] numArcs: [90181138] numFixed: [0] time: [3016]
STATS - lpIterations[1] lagIterations[60] sspIterations[355] numSeparations[137] numCuts[0] compileTime[284] sspSolveTime[2398] lpSolveTime[0] lb[1372.58] ub[1695] numArcs: [90180657] numFixed: [112888] time: [3222]
STATS - lpIterations[1] lagIterations[61] sspIterations[365] numSeparations[137] numCuts[0] compileTime[284] sspSolveTime[2447] lpSolveTime[0] lb[1374.08] ub[1695] numArcs: [90180587] numFixed: [129062] time: [3286]
STATS - lpIterations[1] lagIterations[62] sspIterations[370] numSeparations[137] numCuts[0] compileTime[284] sspSolveTime[2477] lpSolveTime[0] lb[1374.17] ub[1695] numArcs: [90180521] numFixed: [133200] time: [3327]
STATS - lpIterations[1] lagIterations[63] sspIterations[373] numSeparations[137] numCuts[0] compileTime[284] sspSolveTime[2502] lpSolveTime[0] lb[1374.71] ub[1695] numArcs: [90180486] numFixed: [134411] time: [3356]
STATS - lpIterations[1] lagIterations[63] sspIterations[373] numSeparations[137] numCuts[0] compileTime[284] sspSolveTime[2502] lpSolveTime[0] lb[1375.35] ub[1695] numArcs: [90180486] numFixed: [134411] time: [3361]
STATS - lpIterations[1] lagIterations[64] sspIterations[379] numSeparations[137] numCuts[0] compileTime[284] sspSolveTime[2534] lpSolveTime[0] lb[1381.26] ub[1695] numArcs: [90180449] numFixed: [138194] time: [3398]
STATS - lpIterations[1] lagIterations[64] sspIterations[379] numSeparations[137] numCuts[0] compileTime[284] sspSolveTime[2534] lpSolveTime[0] lb[1381.87] ub[1695] numArcs: [90180449] numFixed: [138194] time: [3408]
