do not relax capacity constraint
instance upper bound: 4100.3
compiling DD
time step mult: 10
time step: 900
cap step: 1
done compiling DD
batch size for lag: 100
iteration delay to start separating: 0
optimality gap to start repairing: 100
percent fixed to change to CPLEX: 97.5
num arcs to change to CPLEX: 100000
num arcs to change to LAG: 999999999
STATS - lpIterations[0] lagIterations[0] sspIterations[0] numSeparations[0] numCuts[0] compileTime[8] sspSolveTime[0] lpSolveTime[0] lb[0] ub[4100.3] numArcs: [10462222] numFixed: [0] time: [8]
STATS - lpIterations[1] lagIterations[0] sspIterations[0] numSeparations[0] numCuts[0] compileTime[8] sspSolveTime[0] lpSolveTime[0] lb[0] ub[4100.3] numArcs: [10462222] numFixed: [0] time: [8]
STATS - lpIterations[1] lagIterations[1] sspIterations[1] numSeparations[0] numCuts[0] compileTime[8] sspSolveTime[0] lpSolveTime[0] lb[1452.13] ub[4100.3] numArcs: [10462222] numFixed: [0] time: [8]
STATS - lpIterations[1] lagIterations[2] sspIterations[2] numSeparations[0] numCuts[0] compileTime[8] sspSolveTime[0] lpSolveTime[0] lb[1524.02] ub[4100.3] numArcs: [10462222] numFixed: [0] time: [9]
STATS - lpIterations[1] lagIterations[3] sspIterations[3] numSeparations[0] numCuts[0] compileTime[8] sspSolveTime[1] lpSolveTime[0] lb[1598.73] ub[4100.3] numArcs: [10462222] numFixed: [0] time: [10]
STATS - lpIterations[1] lagIterations[4] sspIterations[4] numSeparations[0] numCuts[0] compileTime[8] sspSolveTime[1] lpSolveTime[0] lb[1676.34] ub[4100.3] numArcs: [10462222] numFixed: [0] time: [11]
STATS - lpIterations[1] lagIterations[5] sspIterations[5] numSeparations[0] numCuts[0] compileTime[8] sspSolveTime[1] lpSolveTime[0] lb[1756.93] ub[4100.3] numArcs: [10462222] numFixed: [0] time: [12]
STATS - lpIterations[1] lagIterations[6] sspIterations[6] numSeparations[0] numCuts[0] compileTime[8] sspSolveTime[2] lpSolveTime[0] lb[1840.59] ub[4100.3] numArcs: [10462222] numFixed: [0] time: [13]
STATS - lpIterations[1] lagIterations[7] sspIterations[7] numSeparations[0] numCuts[0] compileTime[8] sspSolveTime[2] lpSolveTime[0] lb[1927.41] ub[4100.3] numArcs: [10462222] numFixed: [0] time: [14]
STATS - lpIterations[1] lagIterations[8] sspIterations[8] numSeparations[0] numCuts[0] compileTime[8] sspSolveTime[2] lpSolveTime[0] lb[2017.48] ub[4100.3] numArcs: [10462222] numFixed: [0] time: [15]
STATS - lpIterations[1] lagIterations[9] sspIterations[9] numSeparations[0] numCuts[0] compileTime[8] sspSolveTime[3] lpSolveTime[0] lb[2110.88] ub[4100.3] numArcs: [10462222] numFixed: [0] time: [16]
STATS - lpIterations[1] lagIterations[10] sspIterations[10] numSeparations[0] numCuts[0] compileTime[8] sspSolveTime[3] lpSolveTime[0] lb[2207.71] ub[4100.3] numArcs: [10462222] numFixed: [0] time: [17]
STATS - lpIterations[1] lagIterations[11] sspIterations[11] numSeparations[0] numCuts[0] compileTime[8] sspSolveTime[3] lpSolveTime[0] lb[2308.06] ub[4100.3] numArcs: [10462222] numFixed: [0] time: [17]
STATS - lpIterations[1] lagIterations[12] sspIterations[12] numSeparations[0] numCuts[0] compileTime[8] sspSolveTime[4] lpSolveTime[0] lb[2412.03] ub[4100.3] numArcs: [10462222] numFixed: [0] time: [18]
STATS - lpIterations[1] lagIterations[13] sspIterations[13] numSeparations[0] numCuts[0] compileTime[8] sspSolveTime[4] lpSolveTime[0] lb[2519.71] ub[4100.3] numArcs: [10462222] numFixed: [0] time: [19]
STATS - lpIterations[1] lagIterations[14] sspIterations[14] numSeparations[0] numCuts[0] compileTime[8] sspSolveTime[4] lpSolveTime[0] lb[2631.2] ub[4100.3] numArcs: [10462222] numFixed: [0] time: [20]
STATS - lpIterations[1] lagIterations[15] sspIterations[15] numSeparations[0] numCuts[0] compileTime[8] sspSolveTime[5] lpSolveTime[0] lb[2746.6] ub[4100.3] numArcs: [10462222] numFixed: [0] time: [21]
STATS - lpIterations[1] lagIterations[16] sspIterations[16] numSeparations[0] numCuts[0] compileTime[8] sspSolveTime[6] lpSolveTime[0] lb[2862.61] ub[4100.3] numArcs: [10462184] numFixed: [0] time: [22]
STATS - lpIterations[1] lagIterations[17] sspIterations[17] numSeparations[0] numCuts[0] compileTime[8] sspSolveTime[6] lpSolveTime[0] lb[2980.14] ub[4100.3] numArcs: [10462184] numFixed: [0] time: [23]
STATS - lpIterations[1] lagIterations[18] sspIterations[18] numSeparations[0] numCuts[0] compileTime[8] sspSolveTime[6] lpSolveTime[0] lb[3096.65] ub[4100.3] numArcs: [10462146] numFixed: [0] time: [24]
STATS - lpIterations[1] lagIterations[19] sspIterations[25] numSeparations[0] numCuts[0] compileTime[8] sspSolveTime[10] lpSolveTime[0] lb[3201.89] ub[4100.3] numArcs: [10461920] numFixed: [0] time: [29]
STATS - lpIterations[1] lagIterations[19] sspIterations[25] numSeparations[0] numCuts[0] compileTime[8] sspSolveTime[10] lpSolveTime[0] lb[3209.55] ub[4100.3] numArcs: [10461920] numFixed: [0] time: [29]
STATS - lpIterations[1] lagIterations[20] sspIterations[27] numSeparations[0] numCuts[0] compileTime[8] sspSolveTime[11] lpSolveTime[0] lb[3240.56] ub[4100.3] numArcs: [10461852] numFixed: [0] time: [31]
STATS - lpIterations[1] lagIterations[20] sspIterations[27] numSeparations[0] numCuts[0] compileTime[8] sspSolveTime[11] lpSolveTime[0] lb[3241.13] ub[4100.3] numArcs: [10461852] numFixed: [0] time: [31]
STATS - lpIterations[1] lagIterations[21] sspIterations[43] numSeparations[0] numCuts[0] compileTime[8] sspSolveTime[20] lpSolveTime[0] lb[3246.29] ub[4100.3] numArcs: [10461335] numFixed: [0] time: [40]
STATS - lpIterations[1] lagIterations[21] sspIterations[43] numSeparations[0] numCuts[0] compileTime[8] sspSolveTime[20] lpSolveTime[0] lb[3310.89] ub[4100.3] numArcs: [10461335] numFixed: [0] time: [42]
STATS - lpIterations[1] lagIterations[22] sspIterations[56] numSeparations[0] numCuts[0] compileTime[8] sspSolveTime[26] lpSolveTime[0] lb[3318.48] ub[4100.3] numArcs: [10461109] numFixed: [0] time: [50]
STATS - lpIterations[1] lagIterations[23] sspIterations[59] numSeparations[0] numCuts[0] compileTime[8] sspSolveTime[28] lpSolveTime[0] lb[3337.44] ub[4100.3] numArcs: [10461065] numFixed: [0] time: [52]
STATS - lpIterations[1] lagIterations[23] sspIterations[59] numSeparations[0] numCuts[0] compileTime[8] sspSolveTime[28] lpSolveTime[0] lb[3337.46] ub[4100.3] numArcs: [10461065] numFixed: [0] time: [53]
STATS - lpIterations[1] lagIterations[24] sspIterations[83] numSeparations[0] numCuts[0] compileTime[8] sspSolveTime[37] lpSolveTime[0] lb[3397.7] ub[4100.3] numArcs: [10460504] numFixed: [0] time: [65]
STATS - lpIterations[1] lagIterations[25] sspIterations[98] numSeparations[0] numCuts[0] compileTime[8] sspSolveTime[44] lpSolveTime[0] lb[3403.44] ub[4100.3] numArcs: [10460364] numFixed: [18] time: [74]
STATS - lpIterations[1] lagIterations[26] sspIterations[101] numSeparations[0] numCuts[0] compileTime[8] sspSolveTime[45] lpSolveTime[0] lb[3405.46] ub[4100.3] numArcs: [10460309] numFixed: [25] time: [75]
STATS - lpIterations[1] lagIterations[26] sspIterations[101] numSeparations[0] numCuts[0] compileTime[8] sspSolveTime[45] lpSolveTime[0] lb[3412.69] ub[4100.3] numArcs: [10460309] numFixed: [25] time: [76]
STATS - lpIterations[1] lagIterations[27] sspIterations[118] numSeparations[0] numCuts[0] compileTime[8] sspSolveTime[51] lpSolveTime[0] lb[3447.22] ub[4100.3] numArcs: [10460144] numFixed: [32] time: [85]
STATS - lpIterations[1] lagIterations[28] sspIterations[125] numSeparations[28] numCuts[0] compileTime[8] sspSolveTime[54] lpSolveTime[0] lb[3450.87] ub[4100.3] numArcs: [10504772] numFixed: [0] time: [88]
STATS - lpIterations[1] lagIterations[28] sspIterations[125] numSeparations[28] numCuts[0] compileTime[8] sspSolveTime[54] lpSolveTime[0] lb[3455.18] ub[4100.3] numArcs: [10504772] numFixed: [0] time: [90]
STATS - lpIterations[1] lagIterations[29] sspIterations[144] numSeparations[28] numCuts[0] compileTime[8] sspSolveTime[61] lpSolveTime[0] lb[3496.75] ub[4100.3] numArcs: [10504443] numFixed: [17357] time: [99]
STATS - lpIterations[1] lagIterations[30] sspIterations[152] numSeparations[28] numCuts[0] compileTime[8] sspSolveTime[64] lpSolveTime[0] lb[3501.62] ub[4100.3] numArcs: [10504376] numFixed: [18070] time: [102]
STATS - lpIterations[1] lagIterations[30] sspIterations[152] numSeparations[28] numCuts[0] compileTime[8] sspSolveTime[64] lpSolveTime[0] lb[3506.66] ub[4100.3] numArcs: [10504376] numFixed: [18070] time: [103]
STATS - lpIterations[1] lagIterations[31] sspIterations[165] numSeparations[28] numCuts[0] compileTime[8] sspSolveTime[68] lpSolveTime[0] lb[3514.51] ub[4100.3] numArcs: [10504275] numFixed: [18324] time: [109]
STATS - lpIterations[1] lagIterations[32] sspIterations[171] numSeparations[28] numCuts[0] compileTime[8] sspSolveTime[71] lpSolveTime[0] lb[3519.12] ub[4100.3] numArcs: [10504252] numFixed: [18506] time: [112]
STATS - lpIterations[1] lagIterations[32] sspIterations[171] numSeparations[28] numCuts[0] compileTime[8] sspSolveTime[71] lpSolveTime[0] lb[3524.14] ub[4100.3] numArcs: [10504252] numFixed: [18506] time: [113]
STATS - lpIterations[1] lagIterations[33] sspIterations[184] numSeparations[28] numCuts[0] compileTime[8] sspSolveTime[75] lpSolveTime[0] lb[3528.84] ub[4100.3] numArcs: [10504072] numFixed: [18875] time: [118]
STATS - lpIterations[1] lagIterations[33] sspIterations[184] numSeparations[28] numCuts[0] compileTime[8] sspSolveTime[75] lpSolveTime[0] lb[3558.12] ub[4100.3] numArcs: [10504072] numFixed: [18875] time: [120]
STATS - lpIterations[1] lagIterations[34] sspIterations[198] numSeparations[28] numCuts[0] compileTime[8] sspSolveTime[81] lpSolveTime[0] lb[3568.12] ub[4100.3] numArcs: [10503910] numFixed: [20699] time: [127]
STATS - lpIterations[1] lagIterations[35] sspIterations[205] numSeparations[28] numCuts[0] compileTime[8] sspSolveTime[83] lpSolveTime[0] lb[3570.69] ub[4100.3] numArcs: [10503891] numFixed: [21654] time: [131]
STATS - lpIterations[1] lagIterations[36] sspIterations[223] numSeparations[28] numCuts[0] compileTime[8] sspSolveTime[90] lpSolveTime[0] lb[3589.6] ub[4100.3] numArcs: [10503749] numFixed: [21859] time: [141]
STATS - lpIterations[1] lagIterations[37] sspIterations[230] numSeparations[69] numCuts[0] compileTime[8] sspSolveTime[93] lpSolveTime[0] lb[3592.5] ub[4100.3] numArcs: [10548092] numFixed: [0] time: [146]
STATS - lpIterations[1] lagIterations[38] sspIterations[250] numSeparations[69] numCuts[0] compileTime[8] sspSolveTime[102] lpSolveTime[0] lb[3629.91] ub[4100.3] numArcs: [10547748] numFixed: [29623] time: [157]
STATS - lpIterations[1] lagIterations[39] sspIterations[261] numSeparations[69] numCuts[0] compileTime[8] sspSolveTime[107] lpSolveTime[0] lb[3633.99] ub[4100.3] numArcs: [10547619] numFixed: [40845] time: [165]
STATS - lpIterations[1] lagIterations[40] sspIterations[276] numSeparations[69] numCuts[0] compileTime[8] sspSolveTime[115] lpSolveTime[0] lb[3637.52] ub[4100.3] numArcs: [10547532] numFixed: [42251] time: [175]
STATS - lpIterations[1] lagIterations[42] sspIterations[298] numSeparations[69] numCuts[0] compileTime[8] sspSolveTime[124] lpSolveTime[0] lb[3645.23] ub[4100.3] numArcs: [10547369] numFixed: [43687] time: [189]
STATS - lpIterations[1] lagIterations[43] sspIterations[307] numSeparations[69] numCuts[0] compileTime[8] sspSolveTime[127] lpSolveTime[0] lb[3651.81] ub[4100.3] numArcs: [10547294] numFixed: [47282] time: [192]
STATS - lpIterations[1] lagIterations[43] sspIterations[307] numSeparations[69] numCuts[0] compileTime[8] sspSolveTime[127] lpSolveTime[0] lb[3655.69] ub[4100.3] numArcs: [10547294] numFixed: [47282] time: [193]
STATS - lpIterations[1] lagIterations[44] sspIterations[323] numSeparations[69] numCuts[0] compileTime[8] sspSolveTime[138] lpSolveTime[0] lb[3671.79] ub[4100.3] numArcs: [10547116] numFixed: [51599] time: [206]
STATS - lpIterations[1] lagIterations[45] sspIterations[325] numSeparations[120] numCuts[0] compileTime[8] sspSolveTime[139] lpSolveTime[0] lb[3680.14] ub[4100.3] numArcs: [10602586] numFixed: [0] time: [208]
STATS - lpIterations[1] lagIterations[45] sspIterations[325] numSeparations[120] numCuts[0] compileTime[8] sspSolveTime[139] lpSolveTime[0] lb[3680.19] ub[4100.3] numArcs: [10602586] numFixed: [0] time: [209]
STATS - lpIterations[1] lagIterations[46] sspIterations[357] numSeparations[120] numCuts[0] compileTime[8] sspSolveTime[153] lpSolveTime[0] lb[3725.1] ub[4100.3] numArcs: [10602050] numFixed: [66546] time: [226]
STATS - lpIterations[1] lagIterations[47] sspIterations[379] numSeparations[120] numCuts[0] compileTime[8] sspSolveTime[166] lpSolveTime[0] lb[3730.2] ub[4100.3] numArcs: [10601850] numFixed: [109817] time: [243]
STATS - lpIterations[1] lagIterations[52] sspIterations[449] numSeparations[177] numCuts[0] compileTime[8] sspSolveTime[195] lpSolveTime[0] lb[3733.04] ub[4100.3] numArcs: [10660423] numFixed: [106491] time: [284]
STATS - lpIterations[1] lagIterations[54] sspIterations[472] numSeparations[177] numCuts[0] compileTime[8] sspSolveTime[204] lpSolveTime[0] lb[3740.78] ub[4100.3] numArcs: [10660228] numFixed: [124790] time: [296]
STATS - lpIterations[1] lagIterations[56] sspIterations[491] numSeparations[177] numCuts[0] compileTime[8] sspSolveTime[212] lpSolveTime[0] lb[3742.66] ub[4100.3] numArcs: [10660113] numFixed: [135873] time: [307]
STATS - lpIterations[1] lagIterations[57] sspIterations[505] numSeparations[177] numCuts[0] compileTime[8] sspSolveTime[219] lpSolveTime[0] lb[3746.13] ub[4100.3] numArcs: [10660052] numFixed: [137791] time: [314]
STATS - lpIterations[1] lagIterations[57] sspIterations[505] numSeparations[177] numCuts[0] compileTime[8] sspSolveTime[219] lpSolveTime[0] lb[3759.58] ub[4100.3] numArcs: [10660052] numFixed: [137791] time: [316]
STATS - lpIterations[1] lagIterations[59] sspIterations[529] numSeparations[177] numCuts[0] compileTime[8] sspSolveTime[230] lpSolveTime[0] lb[3759.77] ub[4100.3] numArcs: [10659910] numFixed: [169804] time: [331]
STATS - lpIterations[1] lagIterations[60] sspIterations[543] numSeparations[235] numCuts[0] compileTime[8] sspSolveTime[240] lpSolveTime[0] lb[3760.97] ub[4100.3] numArcs: [10717733] numFixed: [0] time: [341]
STATS - lpIterations[1] lagIterations[60] sspIterations[543] numSeparations[235] numCuts[0] compileTime[8] sspSolveTime[240] lpSolveTime[0] lb[3775.29] ub[4100.3] numArcs: [10717733] numFixed: [0] time: [343]
STATS - lpIterations[1] lagIterations[62] sspIterations[577] numSeparations[235] numCuts[0] compileTime[8] sspSolveTime[260] lpSolveTime[0] lb[3777.33] ub[4100.3] numArcs: [10717415] numFixed: [211242] time: [367]
STATS - lpIterations[1] lagIterations[63] sspIterations[583] numSeparations[235] numCuts[0] compileTime[8] sspSolveTime[262] lpSolveTime[0] lb[3779.66] ub[4100.3] numArcs: [10717378] numFixed: [218905] time: [372]
STATS - lpIterations[1] lagIterations[64] sspIterations[612] numSeparations[235] numCuts[0] compileTime[8] sspSolveTime[277] lpSolveTime[0] lb[3808.04] ub[4100.3] numArcs: [10717164] numFixed: [226010] time: [390]
STATS - lpIterations[1] lagIterations[65] sspIterations[627] numSeparations[235] numCuts[0] compileTime[8] sspSolveTime[284] lpSolveTime[0] lb[3811.54] ub[4100.3] numArcs: [10717070] numFixed: [346697] time: [400]
STATS - lpIterations[1] lagIterations[70] sspIterations[695] numSeparations[305] numCuts[0] compileTime[8] sspSolveTime[320] lpSolveTime[0] lb[3812.12] ub[4100.3] numArcs: [10781949] numFixed: [374086] time: [446]
STATS - lpIterations[1] lagIterations[70] sspIterations[695] numSeparations[305] numCuts[0] compileTime[8] sspSolveTime[320] lpSolveTime[0] lb[3814.27] ub[4100.3] numArcs: [10781949] numFixed: [374086] time: [447]
STATS - lpIterations[1] lagIterations[73] sspIterations[739] numSeparations[305] numCuts[0] compileTime[8] sspSolveTime[345] lpSolveTime[0] lb[3817.43] ub[4100.3] numArcs: [10781692] numFixed: [393696] time: [479]
STATS - lpIterations[1] lagIterations[74] sspIterations[746] numSeparations[305] numCuts[0] compileTime[8] sspSolveTime[348] lpSolveTime[0] lb[3819.24] ub[4100.3] numArcs: [10781680] numFixed: [414358] time: [482]
STATS - lpIterations[1] lagIterations[74] sspIterations[746] numSeparations[305] numCuts[0] compileTime[8] sspSolveTime[348] lpSolveTime[0] lb[3819.86] ub[4100.3] numArcs: [10781680] numFixed: [414358] time: [484]
STATS - lpIterations[1] lagIterations[75] sspIterations[772] numSeparations[376] numCuts[0] compileTime[8] sspSolveTime[364] lpSolveTime[0] lb[3836.98] ub[4100.3] numArcs: [10859902] numFixed: [0] time: [503]
STATS - lpIterations[1] lagIterations[76] sspIterations[790] numSeparations[376] numCuts[0] compileTime[8] sspSolveTime[374] lpSolveTime[0] lb[3842.01] ub[4100.3] numArcs: [10859704] numFixed: [581622] time: [515]
STATS - lpIterations[1] lagIterations[77] sspIterations[802] numSeparations[376] numCuts[0] compileTime[8] sspSolveTime[379] lpSolveTime[0] lb[3844.1] ub[4100.3] numArcs: [10859614] numFixed: [637529] time: [523]
STATS - lpIterations[1] lagIterations[80] sspIterations[846] numSeparations[376] numCuts[0] compileTime[8] sspSolveTime[400] lpSolveTime[0] lb[3846.81] ub[4100.3] numArcs: [10859363] numFixed: [661244] time: [551]
STATS - lpIterations[1] lagIterations[81] sspIterations[857] numSeparations[376] numCuts[0] compileTime[8] sspSolveTime[404] lpSolveTime[0] lb[3849.53] ub[4100.3] numArcs: [10859241] numFixed: [696561] time: [557]
STATS - lpIterations[1] lagIterations[84] sspIterations[902] numSeparations[449] numCuts[0] compileTime[8] sspSolveTime[426] lpSolveTime[0] lb[3873.42] ub[4100.3] numArcs: [10913840] numFixed: [719476] time: [587]
STATS - lpIterations[1] lagIterations[92] sspIterations[1016] numSeparations[521] numCuts[0] compileTime[8] sspSolveTime[476] lpSolveTime[0] lb[3879.03] ub[4100.3] numArcs: [10975645] numFixed: [1049076] time: [659]
STATS - lpIterations[1] lagIterations[94] sspIterations[1040] numSeparations[521] numCuts[0] compileTime[8] sspSolveTime[487] lpSolveTime[0] lb[3886.73] ub[4100.3] numArcs: [10975529] numFixed: [1277986] time: [675]
STATS - lpIterations[1] lagIterations[95] sspIterations[1051] numSeparations[521] numCuts[0] compileTime[8] sspSolveTime[491] lpSolveTime[0] lb[3887.28] ub[4100.3] numArcs: [10975424] numFixed: [1471688] time: [679]
STATS - lpIterations[1] lagIterations[95] sspIterations[1051] numSeparations[521] numCuts[0] compileTime[8] sspSolveTime[491] lpSolveTime[0] lb[3890.38] ub[4100.3] numArcs: [10975424] numFixed: [1471688] time: [681]
STATS - lpIterations[1] lagIterations[98] sspIterations[1091] numSeparations[596] numCuts[0] compileTime[8] sspSolveTime[506] lpSolveTime[0] lb[3891.25] ub[4100.3] numArcs: [11030860] numFixed: [1483756] time: [706]
STATS - lpIterations[1] lagIterations[99] sspIterations[1103] numSeparations[596] numCuts[0] compileTime[8] sspSolveTime[511] lpSolveTime[0] lb[3893.04] ub[4100.3] numArcs: [11030831] numFixed: [1622513] time: [713]
STATS - lpIterations[1] lagIterations[101] sspIterations[1125] numSeparations[596] numCuts[0] compileTime[8] sspSolveTime[518] lpSolveTime[0] lb[3893.46] ub[4100.3] numArcs: [11030728] numFixed: [1682550] time: [725]
STATS - lpIterations[1] lagIterations[102] sspIterations[1148] numSeparations[596] numCuts[0] compileTime[8] sspSolveTime[528] lpSolveTime[0] lb[3908.82] ub[4100.3] numArcs: [11030609] numFixed: [1694568] time: [738]
STATS - lpIterations[1] lagIterations[103] sspIterations[1165] numSeparations[596] numCuts[0] compileTime[8] sspSolveTime[536] lpSolveTime[0] lb[3911.59] ub[4100.3] numArcs: [11030543] numFixed: [2198956] time: [750]
STATS - lpIterations[1] lagIterations[111] sspIterations[1277] numSeparations[665] numCuts[0] compileTime[8] sspSolveTime[582] lpSolveTime[0] lb[3915.66] ub[4100.3] numArcs: [11100696] numFixed: [2319638] time: [820]
STATS - lpIterations[1] lagIterations[112] sspIterations[1292] numSeparations[665] numCuts[0] compileTime[8] sspSolveTime[587] lpSolveTime[0] lb[3917.3] ub[4100.3] numArcs: [11100658] numFixed: [2462533] time: [828]
STATS - lpIterations[1] lagIterations[114] sspIterations[1324] numSeparations[665] numCuts[0] compileTime[8] sspSolveTime[603] lpSolveTime[0] lb[3923.35] ub[4100.3] numArcs: [11100427] numFixed: [2528031] time: [851]
STATS - lpIterations[1] lagIterations[115] sspIterations[1337] numSeparations[750] numCuts[0] compileTime[8] sspSolveTime[608] lpSolveTime[0] lb[3929.19] ub[4100.3] numArcs: [11172704] numFixed: [0] time: [861]
STATS - lpIterations[1] lagIterations[117] sspIterations[1368] numSeparations[750] numCuts[0] compileTime[8] sspSolveTime[621] lpSolveTime[0] lb[3930.26] ub[4100.3] numArcs: [11172555] numFixed: [3083318] time: [880]
STATS - lpIterations[1] lagIterations[121] sspIterations[1430] numSeparations[750] numCuts[0] compileTime[8] sspSolveTime[651] lpSolveTime[0] lb[3948.01] ub[4100.3] numArcs: [11172099] numFixed: [3124960] time: [924]
STATS - lpIterations[1] lagIterations[122] sspIterations[1452] numSeparations[750] numCuts[0] compileTime[8] sspSolveTime[659] lpSolveTime[0] lb[3951.53] ub[4100.3] numArcs: [11172041] numFixed: [4064097] time: [936]
STATS - lpIterations[1] lagIterations[134] sspIterations[1623] numSeparations[924] numCuts[0] compileTime[8] sspSolveTime[724] lpSolveTime[0] lb[3959.49] ub[4100.3] numArcs: [11302942] numFixed: [4057392] time: [1043]
STATS - lpIterations[1] lagIterations[135] sspIterations[1639] numSeparations[924] numCuts[0] compileTime[8] sspSolveTime[729] lpSolveTime[0] lb[3961.47] ub[4100.3] numArcs: [11302897] numFixed: [4840860] time: [1053]
STATS - lpIterations[1] lagIterations[143] sspIterations[1761] numSeparations[1008] numCuts[0] compileTime[8] sspSolveTime[778] lpSolveTime[0] lb[3962.26] ub[4100.3] numArcs: [11361458] numFixed: [4938968] time: [1130]
STATS - lpIterations[1] lagIterations[144] sspIterations[1773] numSeparations[1008] numCuts[0] compileTime[8] sspSolveTime[782] lpSolveTime[0] lb[3965.16] ub[4100.3] numArcs: [11361415] numFixed: [5054803] time: [1138]
STATS - lpIterations[1] lagIterations[148] sspIterations[1835] numSeparations[1008] numCuts[0] compileTime[8] sspSolveTime[806] lpSolveTime[0] lb[3969.54] ub[4100.3] numArcs: [11361182] numFixed: [5273225] time: [1175]
STATS - lpIterations[1] lagIterations[149] sspIterations[1853] numSeparations[1089] numCuts[0] compileTime[8] sspSolveTime[815] lpSolveTime[0] lb[3971.4] ub[4100.3] numArcs: [11416330] numFixed: [0] time: [1189]
STATS - lpIterations[1] lagIterations[155] sspIterations[1934] numSeparations[1089] numCuts[0] compileTime[8] sspSolveTime[840] lpSolveTime[0] lb[3975.3] ub[4100.3] numArcs: [11415997] numFixed: [5734760] time: [1235]
STATS - lpIterations[1] lagIterations[156] sspIterations[1949] numSeparations[1089] numCuts[0] compileTime[8] sspSolveTime[845] lpSolveTime[0] lb[3976.87] ub[4100.3] numArcs: [11415955] numFixed: [5987882] time: [1244]
STATS - lpIterations[1] lagIterations[163] sspIterations[2033] numSeparations[1165] numCuts[0] compileTime[8] sspSolveTime[874] lpSolveTime[0] lb[3976.97] ub[4100.3] numArcs: [11463863] numFixed: [5831435] time: [1300]
STATS - lpIterations[1] lagIterations[164] sspIterations[2051] numSeparations[1165] numCuts[0] compileTime[8] sspSolveTime[879] lpSolveTime[0] lb[3979.03] ub[4100.3] numArcs: [11463824] numFixed: [6133020] time: [1309]
STATS - lpIterations[1] lagIterations[165] sspIterations[2061] numSeparations[1165] numCuts[0] compileTime[8] sspSolveTime[882] lpSolveTime[0] lb[3979.78] ub[4100.3] numArcs: [11463819] numFixed: [6276098] time: [1313]
STATS - lpIterations[1] lagIterations[165] sspIterations[2061] numSeparations[1165] numCuts[0] compileTime[8] sspSolveTime[882] lpSolveTime[0] lb[3981.41] ub[4100.3] numArcs: [11463819] numFixed: [6276098] time: [1315]
STATS - lpIterations[1] lagIterations[166] sspIterations[2082] numSeparations[1165] numCuts[0] compileTime[8] sspSolveTime[888] lpSolveTime[0] lb[3981.47] ub[4100.3] numArcs: [11463748] numFixed: [6431950] time: [1325]
STATS - lpIterations[1] lagIterations[167] sspIterations[2095] numSeparations[1165] numCuts[0] compileTime[8] sspSolveTime[892] lpSolveTime[0] lb[3982.06] ub[4100.3] numArcs: [11463719] numFixed: [6470668] time: [1333]
STATS - lpIterations[1] lagIterations[172] sspIterations[2163] numSeparations[1240] numCuts[0] compileTime[8] sspSolveTime[918] lpSolveTime[0] lb[3997.86] ub[4100.3] numArcs: [11521876] numFixed: [6204728] time: [1380]
STATS - lpIterations[1] lagIterations[203] sspIterations[2596] numSeparations[1476] numCuts[0] compileTime[8] sspSolveTime[1059] lpSolveTime[0] lb[4003.88] ub[4100.3] numArcs: [11671257] numFixed: [7630718] time: [1645]
STATS - lpIterations[1] lagIterations[204] sspIterations[2613] numSeparations[1476] numCuts[0] compileTime[8] sspSolveTime[1067] lpSolveTime[0] lb[4005.58] ub[4100.3] numArcs: [11671201] numFixed: [8070250] time: [1657]
STATS - lpIterations[1] lagIterations[205] sspIterations[2622] numSeparations[1476] numCuts[0] compileTime[8] sspSolveTime[1069] lpSolveTime[0] lb[4005.74] ub[4100.3] numArcs: [11671200] numFixed: [8179007] time: [1663]
STATS - lpIterations[1] lagIterations[215] sspIterations[2772] numSeparations[1553] numCuts[0] compileTime[8] sspSolveTime[1117] lpSolveTime[0] lb[4005.97] ub[4100.3] numArcs: [11717204] numFixed: [8130568] time: [1752]
STATS - lpIterations[1] lagIterations[222] sspIterations[2870] numSeparations[1636] numCuts[0] compileTime[8] sspSolveTime[1145] lpSolveTime[0] lb[4006.55] ub[4100.3] numArcs: [11759082] numFixed: [8019571] time: [1808]
STATS - lpIterations[1] lagIterations[226] sspIterations[2922] numSeparations[1636] numCuts[0] compileTime[8] sspSolveTime[1159] lpSolveTime[0] lb[4007.18] ub[4100.3] numArcs: [11758999] numFixed: [8324822] time: [1836]
STATS - lpIterations[1] lagIterations[227] sspIterations[2934] numSeparations[1636] numCuts[0] compileTime[8] sspSolveTime[1162] lpSolveTime[0] lb[4009.05] ub[4100.3] numArcs: [11758992] numFixed: [8376313] time: [1843]
STATS - lpIterations[1] lagIterations[230] sspIterations[2974] numSeparations[1710] numCuts[0] compileTime[8] sspSolveTime[1176] lpSolveTime[0] lb[4010.09] ub[4100.3] numArcs: [11791172] numFixed: [0] time: [1869]
STATS - lpIterations[1] lagIterations[234] sspIterations[3029] numSeparations[1710] numCuts[0] compileTime[8] sspSolveTime[1191] lpSolveTime[0] lb[4010.58] ub[4100.3] numArcs: [11791068] numFixed: [8580098] time: [1901]
STATS - lpIterations[1] lagIterations[235] sspIterations[3042] numSeparations[1710] numCuts[0] compileTime[8] sspSolveTime[1194] lpSolveTime[0] lb[4011.19] ub[4100.3] numArcs: [11791040] numFixed: [8627681] time: [1908]
STATS - lpIterations[1] lagIterations[244] sspIterations[3169] numSeparations[1786] numCuts[0] compileTime[8] sspSolveTime[1232] lpSolveTime[0] lb[4019.95] ub[4100.3] numArcs: [11837851] numFixed: [8693631] time: [1983]
STATS - lpIterations[1] lagIterations[252] sspIterations[3283] numSeparations[1860] numCuts[0] compileTime[8] sspSolveTime[1269] lpSolveTime[0] lb[4021.92] ub[4100.3] numArcs: [11885978] numFixed: [9184716] time: [2051]
STATS - lpIterations[1] lagIterations[279] sspIterations[3632] numSeparations[2021] numCuts[0] compileTime[8] sspSolveTime[1364] lpSolveTime[0] lb[4025.22] ub[4100.3] numArcs: [11963987] numFixed: [9430428] time: [2249]
STATS - lpIterations[1] lagIterations[280] sspIterations[3647] numSeparations[2021] numCuts[0] compileTime[8] sspSolveTime[1368] lpSolveTime[0] lb[4025.48] ub[4100.3] numArcs: [11963983] numFixed: [9607247] time: [2256]
STATS - lpIterations[1] lagIterations[281] sspIterations[3658] numSeparations[2021] numCuts[0] compileTime[8] sspSolveTime[1370] lpSolveTime[0] lb[4026.04] ub[4100.3] numArcs: [11963974] numFixed: [9629158] time: [2259]
STATS - lpIterations[1] lagIterations[281] sspIterations[3658] numSeparations[2021] numCuts[0] compileTime[8] sspSolveTime[1370] lpSolveTime[0] lb[4027.17] ub[4100.3] numArcs: [11963974] numFixed: [9629158] time: [2261]
STATS - lpIterations[1] lagIterations[290] sspIterations[3782] numSeparations[2095] numCuts[0] compileTime[8] sspSolveTime[1406] lpSolveTime[0] lb[4027.41] ub[4100.3] numArcs: [12004876] numFixed: [9578710] time: [2333]
STATS - lpIterations[1] lagIterations[298] sspIterations[3890] numSeparations[2178] numCuts[0] compileTime[8] sspSolveTime[1436] lpSolveTime[0] lb[4036.59] ub[4100.3] numArcs: [12055724] numFixed: [9739181] time: [2396]
STATS - lpIterations[1] lagIterations[299] sspIterations[3908] numSeparations[2178] numCuts[0] compileTime[8] sspSolveTime[1440] lpSolveTime[0] lb[4037.62] ub[4100.3] numArcs: [12055687] numFixed: [10282882] time: [2405]
STATS - lpIterations[1] lagIterations[356] sspIterations[4676] numSeparations[2504] numCuts[0] compileTime[8] sspSolveTime[1627] lpSolveTime[0] lb[4039.19] ub[4100.3] numArcs: [12241326] numFixed: [10458189] time: [2804]
STATS - lpIterations[1] lagIterations[370] sspIterations[4859] numSeparations[2592] numCuts[0] compileTime[8] sspSolveTime[1671] lpSolveTime[0] lb[4039.62] ub[4100.3] numArcs: [12295322] numFixed: [10560364] time: [2900]
STATS - lpIterations[1] lagIterations[382] sspIterations[5015] numSeparations[2668] numCuts[0] compileTime[8] sspSolveTime[1711] lpSolveTime[0] lb[4039.91] ub[4100.3] numArcs: [12334953] numFixed: [10645743] time: [2986]
STATS - lpIterations[1] lagIterations[382] sspIterations[5015] numSeparations[2668] numCuts[0] compileTime[8] sspSolveTime[1711] lpSolveTime[0] lb[4041.74] ub[4100.3] numArcs: [12334953] numFixed: [10645743] time: [2988]
STATS - lpIterations[1] lagIterations[387] sspIterations[5084] numSeparations[2668] numCuts[0] compileTime[8] sspSolveTime[1725] lpSolveTime[0] lb[4042.13] ub[4100.3] numArcs: [12334859] numFixed: [10767046] time: [3019]
STATS - lpIterations[1] lagIterations[388] sspIterations[5096] numSeparations[2668] numCuts[0] compileTime[8] sspSolveTime[1728] lpSolveTime[0] lb[4042.31] ub[4100.3] numArcs: [12334851] numFixed: [10792150] time: [3026]
STATS - lpIterations[1] lagIterations[403] sspIterations[5291] numSeparations[2750] numCuts[0] compileTime[8] sspSolveTime[1774] lpSolveTime[0] lb[4044.2] ub[4100.3] numArcs: [12382804] numFixed: [10811263] time: [3128]
STATS - lpIterations[1] lagIterations[410] sspIterations[5391] numSeparations[2825] numCuts[0] compileTime[8] sspSolveTime[1799] lpSolveTime[0] lb[4045.7] ub[4100.3] numArcs: [12427961] numFixed: [10935442] time: [3183]
STATS - lpIterations[1] lagIterations[411] sspIterations[5404] numSeparations[2825] numCuts[0] compileTime[8] sspSolveTime[1802] lpSolveTime[0] lb[4045.88] ub[4100.3] numArcs: [12427955] numFixed: [11021672] time: [3189]
STATS - lpIterations[1] lagIterations[430] sspIterations[5658] numSeparations[2896] numCuts[0] compileTime[8] sspSolveTime[1862] lpSolveTime[0] lb[4047.12] ub[4100.3] numArcs: [12466977] numFixed: [11037967] time: [3319]
STATS - lpIterations[1] lagIterations[443] sspIterations[5831] numSeparations[2973] numCuts[0] compileTime[8] sspSolveTime[1904] lpSolveTime[0] lb[4050.57] ub[4100.3] numArcs: [12508424] numFixed: [11140732] time: [3409]
STATS - lpIterations[1] lagIterations[444] sspIterations[5848] numSeparations[2973] numCuts[0] compileTime[8] sspSolveTime[1907] lpSolveTime[0] lb[4051.28] ub[4100.3] numArcs: [12508412] numFixed: [11308735] time: [3416]
