relax time window constraint
capacity: 100
instance upper bound: 799
route length upper bound: 36
compiling DD
time step mult: 1
time step: 10
cap step: 1
done compiling DD
batch size for lag: 1
iteration delay to start separating: 0
optimality gap to start repairing: 100
percent fixed to change to CPLEX: 97.5
num arcs to change to CPLEX: 100000
num arcs to change to LAG: 999999999
num lag iters to cut: 0
num cuts lag: 0
cut phase: 0
deactivate cut value threshold: 0
deactivate cut iter threshold: 0
momentum beta: 0
stall alpha factor: 0
STATS - lpIterations[0] lagIterations[0] sspIterations[0] numSeparations[0] numCuts[0] compileTime[0] sspSolveTime[0] lpSolveTime[0] lb[0] ub[799] numArcs: [167818] numFixed: [0] time: [0]
STATS - lpIterations[1] lagIterations[0] sspIterations[0] numSeparations[0] numCuts[0] compileTime[0] sspSolveTime[0] lpSolveTime[0] lb[0] ub[799] numArcs: [167818] numFixed: [0] time: [0]
STATS - lpIterations[1] lagIterations[1] sspIterations[1] numSeparations[0] numCuts[0] compileTime[0] sspSolveTime[0] lpSolveTime[0] lb[468.4] ub[799] numArcs: [167818] numFixed: [0] time: [0]
lambda: 0,0.66,20.16,21.3,23.32,7.92,2.8,7.48,11.06,17.64,4.6,6.72,25.62,3.08,15.4,10.26,2.6,5.76,23.56,3.56,10.4,16.8,13.2,8.4,11.96,12.16,3.64,7.52,16.2,27.72,15.84,33.18,15.36,2.8,27.6,16.72,
mu: 
alpha: 0.682003
STATS - lpIterations[1] lagIterations[2] sspIterations[2] numSeparations[0] numCuts[0] compileTime[0] sspSolveTime[0] lpSolveTime[0] lb[491.588] ub[799] numArcs: [167818] numFixed: [0] time: [0]
lambda: 0,1.342,20.842,21.982,24.002,8.602,3.482,8.162,11.742,18.322,4.6,7.402,26.302,3.762,16.082,10.942,3.282,6.442,24.242,4.242,11.082,17.482,13.882,9.082,12.642,12.842,4.322,8.202,16.882,28.402,16.522,33.862,16.042,3.482,28.282,17.402,
mu: 
alpha: 0.708749
STATS - lpIterations[1] lagIterations[3] sspIterations[3] numSeparations[0] numCuts[0] compileTime[0] sspSolveTime[0] lpSolveTime[0] lb[514.91] ub[799] numArcs: [167818] numFixed: [0] time: [0]
lambda: 0,2.05075,21.5508,22.6908,24.7108,9.31075,4.19075,8.87075,12.4508,19.0308,4.6,8.11075,27.0108,4.47075,16.7908,11.6508,3.99075,7.15075,24.9508,4.95075,11.7908,18.1908,14.5908,9.79075,13.3508,13.5508,5.03075,8.91075,17.5908,29.1108,17.2308,34.5708,16.7508,4.19075,28.9908,18.1108,
mu: 
alpha: 0.781114
updating best lambda
STATS - lpIterations[1] lagIterations[4] sspIterations[4] numSeparations[1] numCuts[0] compileTime[0] sspSolveTime[0] lpSolveTime[0] lb[536.776] ub[799] numArcs: [167948] numFixed: [4] time: [0]
lambda: 0,2.83187,22.3319,23.4719,25.4919,10.0919,4.97187,9.65187,13.2319,19.8119,5.38111,8.89187,27.7919,5.25187,17.5719,12.4319,4.77187,7.93187,24.9508,5.73187,12.5719,17.4096,14.5908,10.5719,12.5696,14.3319,5.81187,9.69187,18.3719,29.8919,18.0119,35.3519,16.7508,4.97187,29.7719,18.8919,
mu: 
alpha: 0.759015
updating best lambda
STATS - lpIterations[1] lagIterations[5] sspIterations[5] numSeparations[1] numCuts[0] compileTime[0] sspSolveTime[0] lpSolveTime[0] lb[559.896] ub[799] numArcs: [167948] numFixed: [22] time: [0]
lambda: 0,3.59088,23.0909,24.2309,26.2509,10.8509,5.73088,10.4109,13.9909,20.5709,5.38111,9.65088,28.5509,6.01088,18.3309,13.1909,5.53088,8.69088,25.7098,6.49088,13.3309,18.1687,15.3498,11.3309,13.3287,15.0909,6.57088,10.4509,19.1309,30.6509,18.7709,36.1109,17.5098,5.73088,30.5309,19.6509,
mu: 
alpha: 0.833179
updating best lambda
STATS - lpIterations[1] lagIterations[6] sspIterations[6] numSeparations[2] numCuts[0] compileTime[0] sspSolveTime[0] lpSolveTime[0] lb[582.782] ub[799] numArcs: [168072] numFixed: [99] time: [0]
lambda: 0,4.42406,23.9241,25.0641,27.0841,11.6841,6.56406,11.2441,14.8241,21.4041,6.21429,10.4841,29.3841,6.84406,19.1641,14.0241,6.36406,9.52406,24.8766,7.32406,14.1641,17.3355,15.3498,12.1641,14.1618,15.9241,7.40406,10.4509,19.9641,31.4841,19.6041,36.9441,17.5098,6.56406,31.3641,20.4841,
mu: 
alpha: 0.808521
updating best lambda
STATS - lpIterations[1] lagIterations[7] sspIterations[7] numSeparations[3] numCuts[0] compileTime[0] sspSolveTime[0] lpSolveTime[0] lb[599.971] ub[799] numArcs: [168108] numFixed: [360] time: [0]
lambda: 0,5.23258,24.7326,25.8726,27.8926,12.4926,7.37258,10.4355,15.6326,22.2126,6.21429,11.2926,30.1926,7.65258,19.9726,14.8326,7.17258,10.3326,25.6851,8.13258,14.9726,18.144,16.1583,12.9726,14.9704,16.7326,6.59554,11.2594,20.7726,32.2926,20.4126,37.7526,18.3183,7.37258,32.1726,21.2926,
mu: 
alpha: 0.96676
updating best lambda
STATS - lpIterations[1] lagIterations[8] sspIterations[8] numSeparations[4] numCuts[0] compileTime[0] sspSolveTime[0] lpSolveTime[0] lb[623.417] ub[799] numArcs: [168234] numFixed: [797] time: [0]
lambda: 0,6.19934,25.6993,26.8393,28.8593,13.4593,8.33934,11.4023,16.5993,23.1793,7.18105,12.2593,31.1593,8.61934,20.9393,15.7993,8.13934,9.36582,25.6851,9.09934,15.9393,19.1108,16.1583,13.9393,15.9371,17.6993,7.5623,11.2594,21.7393,32.2926,19.4458,38.7193,18.3183,7.37258,33.1393,22.2593,
mu: 
alpha: 0.84888
updating best lambda
STATS - lpIterations[1] lagIterations[9] sspIterations[9] numSeparations[5] numCuts[0] compileTime[0] sspSolveTime[0] lpSolveTime[0] lb[643.659] ub[799] numArcs: [168320] numFixed: [2232] time: [0]
lambda: 0,7.04822,26.5482,27.6882,29.7082,14.3082,9.18822,12.2512,17.4482,24.0282,8.02993,11.4105,32.0082,9.46822,21.7882,16.6482,8.98822,10.2147,25.6851,9.94822,16.7882,18.2619,17.0072,14.7882,15.0882,18.5482,8.41118,12.1083,22.5882,33.1415,20.2947,39.5682,19.1672,8.22146,33.9882,23.1082,
mu: 
alpha: 0.894716
updating best lambda
STATS - lpIterations[1] lagIterations[10] sspIterations[14] numSeparations[6] numCuts[0] compileTime[0] sspSolveTime[0] lpSolveTime[0] lb[649.613] ub[799] numArcs: [168497] numFixed: [4564] time: [0]
lambda: 0,6.1535,27.4429,28.5829,30.6029,15.2029,10.0829,13.1459,18.3429,24.9229,8.92465,12.3052,32.9029,10.3629,22.6829,17.5429,9.88294,9.31998,26.5798,10.8429,17.6829,19.1566,16.1125,15.6829,15.9829,19.4429,9.3059,13.003,23.4829,33.1415,19.4,40.4629,18.2725,8.22146,34.8829,24.0029,
mu: 
alpha: 0.196852
STATS - lpIterations[1] lagIterations[10] sspIterations[14] numSeparations[6] numCuts[0] compileTime[0] sspSolveTime[0] lpSolveTime[0] lb[660.306] ub[799] numArcs: [168497] numFixed: [4564] time: [0]
lambda: 0,6.35036,27.6398,28.5829,30.7998,15.0061,10.0829,13.3427,18.5398,23.545,9.1215,12.502,32.9029,10.5598,21.6987,17.7398,10.0798,9.51684,26.7767,11.0398,17.6829,19.3534,16.3093,15.6829,16.1798,19.6398,9.50275,13.1999,22.105,33.3383,19.5968,40.6598,18.4693,8.41831,34.6861,24.1998,
mu: 
updating best lambda
STATS - lpIterations[1] lagIterations[11] sspIterations[15] numSeparations[10] numCuts[0] compileTime[0] sspSolveTime[0] lpSolveTime[0] lb[665.039] ub[799] numArcs: [168765] numFixed: [8567] time: [0]
lambda: 0,6.35036,27.6398,28.5829,30.7998,15.0061,10.0829,13.3427,18.5398,23.545,9.1215,12.502,32.9029,10.5598,21.6987,17.7398,10.0798,9.51684,26.7767,11.0398,17.6829,19.3534,16.3093,15.6829,16.1798,19.6398,9.50275,13.1999,22.105,33.3383,19.5968,40.6598,18.4693,8.41831,34.6861,24.1998,
mu: 
alpha: 0.88108
updating best lambda
alpha: 0.0815844
STATS - lpIterations[1] lagIterations[12] sspIterations[30] numSeparations[11] numCuts[0] compileTime[0] sspSolveTime[0] lpSolveTime[0] lb[676.705] ub[799] numArcs: [168667] numFixed: [10199] time: [0]
lambda: 0,7.06827,28.6025,28.9745,31.7625,15.9687,10.4745,12.5433,19.5025,24.2629,9.20309,13.3015,33.3761,11.5225,22.2534,18.7025,11.0425,9.33732,27.1683,12.0025,18.6456,19.8266,16.4561,16.1561,16.8977,20.5209,8.70325,13.673,22.8229,33.7299,19.7437,41.6225,18.5345,9.13622,35.1592,25.1625,
mu: 
updating best lambda
alpha: 0.219439
STATS - lpIterations[1] lagIterations[13] sspIterations[38] numSeparations[21] numCuts[0] compileTime[0] sspSolveTime[0] lpSolveTime[0] lb[678.652] ub[799] numArcs: [169787] numFixed: [15504] time: [0]
lambda: 0,7.28771,28.8219,28.3162,31.9819,16.1882,9.81619,12.7627,19.7219,23.824,9.42252,12.8626,32.7178,11.7419,21.8145,18.9219,11.2619,9.55676,26.5099,12.2219,18.865,18.2905,15.7978,15.4978,16.4588,20.5209,8.92269,12.7953,22.6034,33.9493,19.9631,41.8419,18.3151,9.35566,34.5009,25.3819,
mu: 
updating best lambda
STATS - lpIterations[1] lagIterations[14] sspIterations[39] numSeparations[25] numCuts[0] compileTime[0] sspSolveTime[0] lpSolveTime[0] lb[680.05] ub[799] numArcs: [170110] numFixed: [16670] time: [0]
lambda: 0,7.28771,28.8219,28.3162,31.9819,16.1882,9.81619,12.7627,19.7219,23.824,9.42252,12.8626,32.7178,11.7419,21.8145,18.9219,11.2619,9.55676,26.5099,12.2219,18.865,18.2905,15.7978,15.4978,16.4588,20.5209,8.92269,12.7953,22.6034,33.9493,19.9631,41.8419,18.3151,9.35566,34.5009,25.3819,
mu: 
alpha: 1.02851
updating best lambda
alpha: 0.135053
STATS - lpIterations[1] lagIterations[15] sspIterations[47] numSeparations[26] numCuts[0] compileTime[0] sspSolveTime[0] lpSolveTime[0] lb[697.211] ub[799] numArcs: [170151] numFixed: [17736] time: [0]
lambda: 0,8.45127,29.9855,28.5344,33.1455,17.2167,10.0344,13.9263,20.8855,24.5824,10.316,14.0262,32.936,12.9055,22.1678,20.0855,12.4255,8.6633,26.645,13.3855,19.8935,19.4541,15.9329,15.716,17.6224,21.5494,9.81615,12.9303,23.3618,34.0844,19.0696,43.0055,18.4502,9.49072,34.7191,26.5455,
mu: 
updating best lambda
STATS - lpIterations[1] lagIterations[16] sspIterations[54] numSeparations[27] numCuts[0] compileTime[0] sspSolveTime[0] lpSolveTime[0] lb[697.555] ub[799] numArcs: [170168] numFixed: [29791] time: [0]
lambda: 0,8.45127,29.9855,28.5344,33.1455,17.2167,10.0344,13.9263,20.8855,24.5824,10.316,14.0262,32.936,12.9055,22.1678,20.0855,12.4255,8.6633,26.645,13.3855,19.8935,19.4541,15.9329,15.716,17.6224,21.5494,9.81615,12.9303,23.3618,34.0844,19.0696,43.0055,18.4502,9.49072,34.7191,26.5455,
mu: 
alpha: 0.455561
STATS - lpIterations[1] lagIterations[16] sspIterations[54] numSeparations[27] numCuts[0] compileTime[0] sspSolveTime[0] lpSolveTime[0] lb[700.059] ub[799] numArcs: [170168] numFixed: [29791] time: [0]
lambda: 0,8.90683,30.441,27.6233,33.601,16.7611,9.12326,13.4707,21.341,23.6713,9.86042,13.5706,32.0248,13.361,21.7122,20.541,12.881,9.11886,26.1894,13.841,19.438,18.0874,15.4773,15.2604,16.2557,22.0049,9.36059,13.3859,22.4507,34.5399,19.5252,43.461,18.9057,9.94628,34.2636,27.001,
mu: 
updating best lambda
alpha: 0.801297
updating best lambda
STATS - lpIterations[1] lagIterations[18] sspIterations[66] numSeparations[31] numCuts[0] compileTime[0] sspSolveTime[0] lpSolveTime[0] lb[703.409] ub[799] numArcs: [170425] numFixed: [29752] time: [0]
lambda: 0,9.70813,31.2423,28.4246,34.4023,17.5624,9.92456,14.272,22.1423,24.4726,10.6617,14.3719,32.8261,14.1623,22.5135,21.3423,13.6823,9.92016,26.9907,14.6423,20.2393,18.8887,16.2786,16.0617,17.057,22.8062,10.1619,12.5846,23.252,32.9373,18.7239,44.2623,19.707,8.34368,35.0649,27.8023,
mu: 
alpha: 0.15605
STATS - lpIterations[1] lagIterations[18] sspIterations[66] numSeparations[31] numCuts[0] compileTime[0] sspSolveTime[0] lpSolveTime[0] lb[712.213] ub[799] numArcs: [170425] numFixed: [29752] time: [0]
lambda: 0,9.39603,31.3984,28.1125,34.5584,17.4064,9.61246,13.4917,22.2984,24.1605,10.1936,14.2159,32.514,14.3184,22.3575,21.4984,13.8384,9.13991,26.5226,14.7984,20.0832,18.8887,15.8104,15.7496,16.901,22.9623,9.38163,12.4285,23.252,32.6252,18.4118,44.4184,18.7707,8.49973,34.7528,27.9584,
mu: 
updating best lambda
alpha: 1.03227
updating best lambda
alpha: 0.115811
STATS - lpIterations[1] lagIterations[20] sspIterations[85] numSeparations[37] numCuts[0] compileTime[0] sspSolveTime[0] lpSolveTime[0] lb[723.629] ub[799] numArcs: [170679] numFixed: [44426] time: [1]
lambda: 0,9.96505,32.4306,28.6815,35.7064,17.2906,10.1815,13.6076,23.3306,24.6137,10.3094,14.7849,33.0831,15.4664,22.6949,22.5306,14.7548,9.47732,26.86,15.9464,20.0832,18.6471,16.032,16.3186,17.1226,23.6471,9.49745,12.8817,23.3578,33.1943,18.9808,45.5664,18.7607,9.30038,35.3218,28.9906,
mu: 
updating best lambda
alpha: 0.210457
STATS - lpIterations[1] lagIterations[21] sspIterations[92] numSeparations[48] numCuts[0] compileTime[0] sspSolveTime[0] lpSolveTime[0] lb[725.252] ub[799] numArcs: [171470] numFixed: [58362] time: [1]
lambda: 0,10.1755,32.6411,27.6292,35.9169,17.501,9.1292,13.818,23.5411,24.1928,10.5198,14.5745,32.0308,15.6769,21.853,22.7411,14.9653,9.68777,27.0704,16.1569,20.2937,18.6471,16.2425,15.2663,16.9121,23.2262,9.7079,12.6713,23.1473,33.4047,19.1913,45.7769,18.9711,9.51084,34.2695,29.2011,
mu: 
updating best lambda
alpha: 0.609633
updating best lambda
alpha: 0.360284
alpha: 1.03839
alpha: 0.042743
STATS - lpIterations[1] lagIterations[25] sspIterations[124] numSeparations[53] numCuts[0] compileTime[0] sspSolveTime[1] lpSolveTime[0] lb[736.429] ub[799] numArcs: [171687] numFixed: [58778] time: [1]
lambda: 0,9.48883,33.4403,28.8315,37.968,18.2473,10.3315,14.4361,24.3403,24.3142,11.1807,13.8536,33.233,17.728,21.8462,23.5403,15.6688,9.26878,27.2071,18.208,20.9545,19.0073,15.4276,15.6625,16.234,23.2262,10.2832,11.8649,23.2687,33.5954,19.4674,47.828,18.7231,10.4821,34.2199,30.0003,
mu: 
updating best lambda
switching from LAG to LP solver
no rcc cuts found
num vars: 92956
STATS - lpIterations[2] lagIterations[25] sspIterations[124] numSeparations[53] numCuts[0] compileTime[0] sspSolveTime[1] lpSolveTime[11] lb[769.868] ub[799] numArcs: [171687] numFixed: [79131] time: [12]
checking cuts, max violation: 0.509541, num cuts: 3
new capacity cutset: 1 11 13 16 17 18 21 22 24 25 27 29 30 32 33 <= 13
new capacity cutset: 1 5 7 10 11 13 16 17 18 20 21 22 24 25 26 27 29 30 32 33 <= 17
nested set, do not add
new capacity cutset: 1 2 3 4 6 8 9 11 12 13 14 15 16 17 18 19 21 22 23 24 25 27 28 29 30 31 32 33 34 35 <= 26
nested set, do not add
num vars: 93844
STATS - lpIterations[3] lagIterations[25] sspIterations[124] numSeparations[68] numCuts[1] compileTime[0] sspSolveTime[1] lpSolveTime[25] lb[771.334] ub[799] numArcs: [173318] numFixed: [79866] time: [27]
checking cuts, max violation: 0.516624, num cuts: 1
new capacity cutset: 1 2 3 4 6 8 9 11 12 13 14 15 16 17 18 19 21 22 23 24 25 27 28 29 30 31 32 33 34 35 <= 26
num vars: 38443
STATS - lpIterations[4] lagIterations[25] sspIterations[124] numSeparations[82] numCuts[2] compileTime[0] sspSolveTime[1] lpSolveTime[32] lb[775.445] ub[799] numArcs: [174292] numFixed: [136239] time: [34]
checking cuts, max violation: 0.551402, num cuts: 31
new capacity cutset: 1 2 3 4 5 6 7 8 9 10 11 12 13 14 15 17 18 19 20 21 22 23 24 25 26 27 28 29 30 31 32 33 34 35 <= 29
new capacity cutset: 2 3 4 6 8 9 12 14 15 19 20 23 28 31 34 35 <= 13
nested set, do not add
new capacity cutset: 2 3 4 5 6 7 8 9 10 11 12 13 14 15 17 18 19 20 21 22 23 24 25 26 27 28 29 30 31 32 33 34 35 <= 28
nested set, do not add
new capacity cutset: 1 11 13 17 18 21 22 24 25 27 29 30 32 33 <= 12
nested set, do not add
new capacity cutset: 1 2 3 4 5 6 7 8 9 10 12 13 14 15 17 18 19 20 21 22 23 24 25 26 27 28 29 30 31 32 33 34 35 <= 28
nested set, do not add
new capacity cutset: 1 2 3 4 5 6 7 8 9 10 11 12 13 14 15 16 17 18 19 20 21 22 23 24 25 26 27 28 29 30 31 32 33 34 35 <= 30
nested set, do not add
new capacity cutset: 2 3 4 5 6 7 8 9 10 12 14 15 19 20 23 25 26 28 31 34 35 <= 17
nested set, do not add
new capacity cutset: 11 13 17 18 21 22 24 25 27 29 30 32 33 <= 11
nested set, do not add
new capacity cutset: 1 13 17 18 21 22 27 29 30 32 33 <= 9
nested set, do not add
new capacity cutset: 1 13 17 18 21 22 24 29 30 32 33 <= 9
nested set, do not add
new capacity cutset: 13 17 18 21 22 27 29 30 32 33 <= 8
nested set, do not add
new capacity cutset: 13 17 18 21 22 24 29 30 32 33 <= 8
nested set, do not add
new capacity cutset: 13 17 18 21 22 24 27 29 30 32 33 <= 9
nested set, do not add
new capacity cutset: 1 13 17 18 21 22 24 27 29 30 32 33 <= 10
nested set, do not add
new capacity cutset: 1 13 17 18 21 22 24 25 27 29 30 32 33 <= 11
nested set, do not add
new capacity cutset: 1 2 3 4 5 6 7 8 10 11 12 13 14 15 16 17 18 19 20 21 22 23 24 25 26 27 29 30 31 32 33 34 35 <= 28
new capacity cutset: 1 2 3 4 5 6 7 8 10 11 12 13 14 15 16 17 18 19 20 21 22 23 24 25 26 27 28 29 30 31 32 33 34 35 <= 29
nested set, do not add
new capacity cutset: 13 17 18 21 22 24 25 27 29 30 32 33 <= 10
nested set, do not add
new capacity cutset: 1 5 7 11 13 17 18 20 21 22 24 25 26 27 29 30 32 33 <= 15
nested set, do not add
new capacity cutset: 1 5 7 10 11 13 17 18 20 21 22 24 25 26 27 29 30 32 33 <= 16
nested set, do not add
new capacity cutset: 1 2 3 4 5 6 7 8 10 11 12 13 14 15 17 18 19 20 21 22 23 24 25 26 27 28 29 30 31 32 33 34 35 <= 28
nested set, do not add
new capacity cutset: 13 17 18 21 24 27 29 30 32 33 <= 8
nested set, do not add
new capacity cutset: 11 13 17 18 21 22 24 27 29 30 32 33 <= 10
nested set, do not add
new capacity cutset: 1 11 13 17 18 21 22 24 27 29 30 32 33 <= 11
nested set, do not add
new capacity cutset: 2 3 4 5 6 7 8 9 10 12 13 14 15 17 18 19 20 21 23 24 25 26 27 28 29 30 31 32 33 34 35 <= 26
nested set, do not add
new capacity cutset: 2 3 4 5 6 7 8 9 10 12 13 14 15 17 18 19 20 21 22 23 24 25 26 27 28 29 30 31 32 33 34 35 <= 27
nested set, do not add
new capacity cutset: 2 3 4 5 6 7 8 9 10 11 12 13 14 15 17 18 19 20 21 23 24 25 26 27 28 29 30 31 32 33 34 35 <= 27
nested set, do not add
new capacity cutset: 2 3 4 5 6 7 8 9 11 12 13 14 15 17 18 19 20 21 22 23 24 25 26 27 28 29 30 31 32 33 34 35 <= 27
nested set, do not add
new capacity cutset: 1 2 3 4 5 6 7 8 9 11 12 13 14 15 17 18 19 20 21 22 23 24 25 26 27 28 29 30 31 32 33 34 35 <= 28
nested set, do not add
new capacity cutset: 1 2 3 4 5 6 7 8 9 11 12 13 14 15 16 17 18 19 20 21 22 23 24 25 26 27 28 29 30 31 32 33 34 35 <= 29
new capacity cutset: 1 2 3 4 6 8 9 11 12 13 14 15 17 18 19 21 22 23 24 25 27 28 29 30 31 32 33 34 35 <= 25
nested set, do not add
num vars: 31287
STATS - lpIterations[5] lagIterations[25] sspIterations[124] numSeparations[96] numCuts[5] compileTime[0] sspSolveTime[1] lpSolveTime[41] lb[783.239] ub[799] numArcs: [175307] numFixed: [144406] time: [42]
checking cuts, max violation: 0.701342, num cuts: 17
new capacity cutset: 1 13 17 18 21 22 24 27 29 30 32 33 <= 10
new capacity cutset: 2 3 4 5 6 8 9 12 14 15 19 23 28 31 34 35 <= 13
new capacity cutset: 13 17 18 21 22 24 27 29 30 32 33 <= 9
nested set, do not add
new capacity cutset: 1 5 11 13 16 17 18 20 21 22 24 25 26 27 29 30 32 33 <= 15
nested set, do not add
new capacity cutset: 2 3 4 6 8 9 12 14 15 19 20 23 28 31 34 35 <= 13
new capacity cutset: 2 3 4 5 6 8 9 12 14 15 19 20 23 28 31 34 35 <= 14
nested set, do not add
new capacity cutset: 1 3 4 6 12 13 17 18 19 21 22 24 27 28 29 30 31 32 33 <= 16
nested set, do not add
new capacity cutset: 1 3 4 6 12 13 17 18 19 21 22 23 24 27 28 29 30 31 32 33 <= 17
nested set, do not add
new capacity cutset: 1 2 3 4 6 8 9 12 13 14 15 17 18 19 21 22 23 24 27 28 29 30 31 32 33 34 35 <= 23
nested set, do not add
new capacity cutset: 3 4 6 9 12 19 28 31 <= 6
nested set, do not add
new capacity cutset: 3 4 6 9 12 19 23 28 31 <= 7
nested set, do not add
new capacity cutset: 3 4 6 12 13 17 18 19 21 22 24 27 28 29 30 31 32 33 <= 15
new capacity cutset: 3 4 6 12 13 17 18 19 21 22 23 24 27 28 29 30 31 32 33 <= 16
nested set, do not add
new capacity cutset: 2 3 4 6 8 9 12 13 14 15 17 18 19 21 22 23 24 27 28 29 30 31 32 33 34 35 <= 22
nested set, do not add
new capacity cutset: 1 13 17 18 21 22 24 29 30 32 33 <= 9
nested set, do not add
new capacity cutset: 13 17 18 21 22 24 29 30 32 33 <= 8
nested set, do not add
new capacity cutset: 1 3 4 6 12 13 17 18 19 21 22 23 24 28 29 30 31 32 33 <= 16
num vars: 21227
STATS - lpIterations[6] lagIterations[25] sspIterations[124] numSeparations[110] numCuts[10] compileTime[0] sspSolveTime[1] lpSolveTime[49] lb[788.08] ub[799] numArcs: [176596] numFixed: [155751] time: [51]
checking cuts, max violation: 0.745046, num cuts: 24
new capacity cutset: 1 2 3 4 6 8 9 12 13 14 15 17 18 19 21 22 23 24 27 28 29 30 31 32 33 34 35 <= 23
new capacity cutset: 2 3 4 6 8 9 12 14 15 19 23 28 29 30 31 33 34 35 <= 15
nested set, do not add
new capacity cutset: 3 4 6 12 19 29 30 31 33 <= 7
nested set, do not add
new capacity cutset: 2 3 4 6 8 9 12 13 14 15 17 18 19 21 22 23 24 27 28 29 30 31 32 33 34 35 <= 22
nested set, do not add
new capacity cutset: 1 2 3 4 6 8 9 12 13 14 15 16 17 18 19 21 22 23 24 27 28 29 30 31 32 33 34 35 <= 24
nested set, do not add
new capacity cutset: 2 3 4 6 8 9 12 14 15 17 19 23 28 29 30 31 33 34 35 <= 16
nested set, do not add
new capacity cutset: 2 3 4 6 8 9 12 14 15 17 18 19 21 22 23 24 27 28 29 30 31 32 33 34 35 <= 21
nested set, do not add
new capacity cutset: 2 8 9 14 15 23 28 34 35 <= 7
nested set, do not add
new capacity cutset: 2 3 4 6 8 9 12 13 14 15 17 19 23 28 29 30 31 33 34 35 <= 17
nested set, do not add
new capacity cutset: 17 29 30 33 <= 3
nested set, do not add
new capacity cutset: 1 13 17 18 21 22 24 29 30 32 33 <= 9
nested set, do not add
new capacity cutset: 13 17 18 21 22 24 29 30 32 33 <= 8
nested set, do not add
new capacity cutset: 1 2 3 4 6 8 9 12 13 14 15 16 17 18 19 21 22 23 27 28 29 30 31 32 33 34 35 <= 23
new capacity cutset: 1 13 16 17 18 21 22 24 29 30 32 33 <= 10
new capacity cutset: 2 3 4 6 8 12 14 15 19 23 28 29 30 31 33 34 35 <= 14
nested set, do not add
new capacity cutset: 2 3 4 6 8 12 14 15 17 19 23 28 29 30 31 33 34 35 <= 15
nested set, do not add
new capacity cutset: 2 3 4 6 8 12 13 14 15 17 19 23 28 29 30 31 33 34 35 <= 16
nested set, do not add
new capacity cutset: 1 3 4 6 9 12 13 17 18 19 21 22 24 27 29 30 31 32 33 <= 16
nested set, do not add
new capacity cutset: 2 3 4 6 8 9 12 14 15 17 19 23 29 30 31 33 34 35 <= 15
nested set, do not add
new capacity cutset: 2 3 4 6 8 9 12 13 14 15 17 19 23 29 30 31 33 34 35 <= 16
nested set, do not add
new capacity cutset: 3 4 6 9 12 13 17 18 19 21 22 24 27 29 30 31 32 33 <= 15
nested set, do not add
new capacity cutset: 13 17 29 30 33 <= 4
nested set, do not add
new capacity cutset: 3 4 6 12 17 19 29 30 31 33 <= 8
nested set, do not add
new capacity cutset: 3 4 6 12 13 17 19 29 30 31 33 <= 9
nested set, do not add
num vars: 13926
STATS - lpIterations[7] lagIterations[25] sspIterations[124] numSeparations[123] numCuts[13] compileTime[0] sspSolveTime[1] lpSolveTime[55] lb[789.143] ub[799] numArcs: [177389] numFixed: [163843] time: [57]
checking cuts, max violation: 0.714286, num cuts: 7
new capacity cutset: 1 5 11 13 16 17 18 20 21 22 24 25 26 27 29 30 32 33 <= 15
new capacity cutset: 13 17 18 21 22 24 27 29 30 32 33 <= 9
nested set, do not add
new capacity cutset: 13 17 18 21 22 27 29 30 32 33 <= 8
nested set, do not add
new capacity cutset: 13 17 18 21 22 24 29 30 32 33 <= 8
nested set, do not add
new capacity cutset: 1 2 5 8 11 13 14 15 16 17 18 20 21 22 23 24 25 26 27 28 29 30 32 33 34 35 <= 22
nested set, do not add
new capacity cutset: 2 3 4 6 8 9 12 13 14 15 17 18 19 21 22 23 24 27 28 29 30 31 32 33 34 35 <= 22
new capacity cutset: 3 4 6 9 12 13 17 18 19 21 22 24 27 29 30 31 32 33 <= 15
nested set, do not add
num vars: 14910
STATS - lpIterations[8] lagIterations[25] sspIterations[124] numSeparations[125] numCuts[15] compileTime[0] sspSolveTime[1] lpSolveTime[63] lb[793.909] ub[799] numArcs: [177451] numFixed: [162921] time: [65]
checking cuts, max violation: 0.272727, num cuts: 22
new capacity cutset: 1 3 4 6 11 13 16 17 18 19 21 22 24 25 27 29 30 31 32 33 <= 17
new capacity cutset: 1 2 3 4 6 8 9 11 12 13 14 15 17 18 19 21 22 23 24 25 27 28 29 30 31 32 33 34 35 <= 25
new capacity cutset: 1 11 13 17 18 21 22 24 25 27 29 30 32 33 <= 12
nested set, do not add
new capacity cutset: 1 3 4 6 11 12 13 17 18 19 21 22 24 25 27 29 30 31 32 33 <= 17
nested set, do not add
new capacity cutset: 1 13 17 18 21 22 24 25 27 29 30 32 33 <= 11
nested set, do not add
new capacity cutset: 11 18 21 22 24 25 27 32 <= 6
nested set, do not add
new capacity cutset: 1 2 3 4 6 8 11 12 13 14 15 17 18 19 21 22 23 24 25 27 28 29 30 31 32 33 34 35 <= 24
nested set, do not add
new capacity cutset: 3 4 6 11 12 13 17 18 19 21 22 24 25 27 29 30 31 32 33 <= 16
nested set, do not add
new capacity cutset: 11 13 17 18 21 22 24 25 27 29 30 32 33 <= 11
nested set, do not add
new capacity cutset: 13 17 18 21 22 24 25 27 29 30 32 33 <= 10
nested set, do not add
new capacity cutset: 3 4 6 9 12 19 28 31 <= 6
nested set, do not add
new capacity cutset: 2 3 4 5 6 8 9 12 14 15 19 20 23 26 28 31 34 35 <= 15
new capacity cutset: 13 17 18 21 22 24 29 30 32 33 <= 8
nested set, do not add
new capacity cutset: 1 13 17 18 21 22 24 29 30 32 33 <= 9
nested set, do not add
new capacity cutset: 2 8 14 15 20 23 26 34 35 <= 7
nested set, do not add
new capacity cutset: 1 3 4 6 12 13 17 18 19 21 22 24 25 27 29 30 31 32 33 <= 16
nested set, do not add
new capacity cutset: 3 4 6 12 13 17 18 19 21 22 24 25 27 29 30 31 32 33 <= 15
nested set, do not add
new capacity cutset: 2 3 4 6 8 12 14 15 19 20 23 26 28 31 34 35 <= 13
nested set, do not add
new capacity cutset: 2 3 4 6 8 9 12 14 15 19 20 23 26 28 31 34 35 <= 14
nested set, do not add
new capacity cutset: 1 13 16 17 18 21 22 29 30 32 33 <= 9
nested set, do not add
new capacity cutset: 1 2 3 4 6 8 9 12 13 14 15 17 18 19 21 22 23 24 25 27 28 29 30 31 32 33 34 35 <= 24
nested set, do not add
new capacity cutset: 2 3 4 6 8 9 12 13 14 15 17 18 19 21 22 23 24 25 27 28 29 30 31 32 33 34 35 <= 23
nested set, do not add
num vars: 5248
STATS - lpIterations[9] lagIterations[25] sspIterations[124] numSeparations[135] numCuts[18] compileTime[0] sspSolveTime[1] lpSolveTime[66] lb[795.272] ub[799] numArcs: [178372] numFixed: [173500] time: [68]
checking cuts, max violation: 0.288462, num cuts: 8
new capacity cutset: 1 13 16 17 18 21 22 29 30 32 33 <= 9
new capacity cutset: 1 2 3 4 6 8 9 11 12 13 14 15 16 17 18 19 21 22 23 24 28 29 30 31 32 33 34 35 <= 24
nested set, do not add
new capacity cutset: 13 17 18 21 22 24 29 30 32 33 <= 8
new capacity cutset: 1 2 3 4 6 8 9 11 12 13 14 15 17 18 19 21 22 23 24 28 29 30 31 32 33 34 35 <= 23
nested set, do not add
new capacity cutset: 1 3 4 6 11 12 13 16 17 18 19 21 22 24 29 30 31 32 33 <= 16
nested set, do not add
new capacity cutset: 1 13 17 18 21 22 24 29 30 32 33 <= 9
nested set, do not add
new capacity cutset: 3 4 6 9 12 19 28 31 <= 6
new capacity cutset: 1 2 3 4 6 8 9 11 12 13 14 15 16 17 18 19 21 22 23 28 29 30 31 32 33 34 35 <= 23
nested set, do not add
num vars: 61460
STATS - lpIterations[10] lagIterations[25] sspIterations[124] numSeparations[145] numCuts[21] compileTime[0] sspSolveTime[1] lpSolveTime[104] lb[796.748] ub[799] numArcs: [179126] numFixed: [118042] time: [107]
checking cuts, max violation: 0.227642, num cuts: 9
new capacity cutset: 2 3 4 5 6 8 9 12 14 15 19 20 23 28 31 34 35 <= 14
new capacity cutset: 1 2 3 4 6 8 11 12 13 14 15 16 17 18 19 21 22 23 24 25 27 28 29 30 31 32 33 34 35 <= 25
new capacity cutset: 1 13 17 18 21 22 27 29 30 32 33 <= 9
nested set, do not add
new capacity cutset: 13 17 18 21 22 27 29 30 32 33 <= 8
nested set, do not add
new capacity cutset: 2 3 4 6 8 12 14 15 17 19 23 28 29 30 31 33 34 35 <= 15
nested set, do not add
new capacity cutset: 2 3 4 6 8 12 13 14 15 17 19 23 28 29 30 31 33 34 35 <= 16
nested set, do not add
new capacity cutset: 1 2 3 4 6 8 12 13 14 15 17 18 19 21 22 23 24 25 27 28 29 30 31 32 33 34 35 <= 23
nested set, do not add
new capacity cutset: 1 2 3 4 6 8 11 12 13 14 15 17 18 19 21 22 23 24 25 27 28 29 30 31 32 33 34 35 <= 24
nested set, do not add
new capacity cutset: 2 3 4 6 8 12 13 14 15 17 18 19 21 22 23 24 25 27 28 29 30 31 32 33 34 35 <= 22
nested set, do not add
num vars: 2006
STATS - lpIterations[11] lagIterations[25] sspIterations[124] numSeparations[157] numCuts[23] compileTime[0] sspSolveTime[1] lpSolveTime[106] lb[797.423] ub[799] numArcs: [179956] numFixed: [178326] time: [108]
checking cuts, max violation: 0.150972, num cuts: 5
new capacity cutset: 3 4 6 12 17 19 29 30 31 33 <= 8
new capacity cutset: 13 17 18 21 22 27 29 30 32 33 <= 8
new capacity cutset: 2 3 4 6 8 12 14 15 17 19 23 28 29 30 31 33 34 35 <= 15
nested set, do not add
new capacity cutset: 2 3 4 6 8 12 13 14 15 17 19 23 28 29 30 31 33 34 35 <= 16
nested set, do not add
new capacity cutset: 3 4 6 12 13 17 19 29 30 31 33 <= 9
nested set, do not add
num vars: 95277
STATS - lpIterations[12] lagIterations[25] sspIterations[124] numSeparations[165] numCuts[25] compileTime[0] sspSolveTime[1] lpSolveTime[187] lb[797.77] ub[799] numArcs: [180399] numFixed: [85498] time: [189]
no rcc cuts found
num vars: 1456
STATS - lpIterations[13] lagIterations[25] sspIterations[124] numSeparations[174] numCuts[25] compileTime[0] sspSolveTime[1] lpSolveTime[188] lb[797.977] ub[799] numArcs: [180896] numFixed: [179816] time: [190]
no rcc cuts found
num vars: 94225
STATS - lpIterations[14] lagIterations[25] sspIterations[124] numSeparations[182] numCuts[25] compileTime[0] sspSolveTime[1] lpSolveTime[255] lb[798] ub[799] numArcs: [181334] numFixed: [87485] time: [258]
no rcc cuts found
num vars: 1347
STATS - lpIterations[15] lagIterations[25] sspIterations[124] numSeparations[189] numCuts[25] compileTime[0] sspSolveTime[1] lpSolveTime[256] lb[798.007] ub[799] numArcs: [181700] numFixed: [180727] time: [259]
checking cuts, max violation: 0.130319, num cuts: 1
new capacity cutset: 2 8 14 15 20 23 34 35 <= 6
num vars: 73968
STATS - lpIterations[16] lagIterations[25] sspIterations[124] numSeparations[199] numCuts[26] compileTime[0] sspSolveTime[1] lpSolveTime[317] lb[798.043] ub[799] numArcs: [182184] numFixed: [108588] time: [320]
no rcc cuts found
num vars: 1186
STATS - lpIterations[17] lagIterations[25] sspIterations[124] numSeparations[207] numCuts[26] compileTime[0] sspSolveTime[1] lpSolveTime[318] lb[798.13] ub[799] numArcs: [182795] numFixed: [181981] time: [321]
no rcc cuts found
num vars: 97535
STATS - lpIterations[18] lagIterations[25] sspIterations[124] numSeparations[217] numCuts[26] compileTime[0] sspSolveTime[1] lpSolveTime[402] lb[798.154] ub[799] numArcs: [183265] numFixed: [86102] time: [405]
no rcc cuts found
num vars: 1233
STATS - lpIterations[19] lagIterations[25] sspIterations[124] numSeparations[219] numCuts[26] compileTime[0] sspSolveTime[1] lpSolveTime[403] lb[798.155] ub[799] numArcs: [183362] numFixed: [182501] time: [406]
no rcc cuts found
num vars: 96693
STATS - lpIterations[20] lagIterations[25] sspIterations[124] numSeparations[232] numCuts[26] compileTime[0] sspSolveTime[1] lpSolveTime[488] lb[798.162] ub[799] numArcs: [184188] numFixed: [87865] time: [491]
no rcc cuts found
num vars: 1198
STATS - lpIterations[21] lagIterations[25] sspIterations[124] numSeparations[239] numCuts[26] compileTime[0] sspSolveTime[1] lpSolveTime[489] lb[798.264] ub[799] numArcs: [184536] numFixed: [183708] time: [492]
no rcc cuts found
num vars: 97374
STATS - lpIterations[22] lagIterations[25] sspIterations[124] numSeparations[248] numCuts[26] compileTime[0] sspSolveTime[1] lpSolveTime[568] lb[798.293] ub[799] numArcs: [184889] numFixed: [87885] time: [572]
no rcc cuts found
num vars: 1223
STATS - lpIterations[23] lagIterations[25] sspIterations[124] numSeparations[252] numCuts[26] compileTime[0] sspSolveTime[1] lpSolveTime[569] lb[798.324] ub[799] numArcs: [185160] numFixed: [184307] time: [573]
no rcc cuts found
num vars: 94150
STATS - lpIterations[24] lagIterations[25] sspIterations[124] numSeparations[260] numCuts[26] compileTime[0] sspSolveTime[1] lpSolveTime[659] lb[798.352] ub[799] numArcs: [185321] numFixed: [91539] time: [663]
no rcc cuts found
num vars: 951
STATS - lpIterations[25] lagIterations[25] sspIterations[124] numSeparations[267] numCuts[26] compileTime[0] sspSolveTime[1] lpSolveTime[660] lb[798.391] ub[799] numArcs: [185771] numFixed: [185186] time: [664]
no rcc cuts found
num vars: 99091
STATS - lpIterations[26] lagIterations[25] sspIterations[124] numSeparations[271] numCuts[26] compileTime[0] sspSolveTime[1] lpSolveTime[752] lb[798.394] ub[799] numArcs: [185955] numFixed: [87230] time: [755]
no rcc cuts found
num vars: 976
STATS - lpIterations[27] lagIterations[25] sspIterations[124] numSeparations[273] numCuts[26] compileTime[0] sspSolveTime[1] lpSolveTime[753] lb[798.411] ub[799] numArcs: [186046] numFixed: [185436] time: [756]
no rcc cuts found
num vars: 100457
STATS - lpIterations[28] lagIterations[25] sspIterations[124] numSeparations[279] numCuts[26] compileTime[0] sspSolveTime[1] lpSolveTime[840] lb[798.42] ub[799] numArcs: [186327] numFixed: [86236] time: [844]
no rcc cuts found
num vars: 870
STATS - lpIterations[29] lagIterations[25] sspIterations[124] numSeparations[284] numCuts[26] compileTime[0] sspSolveTime[1] lpSolveTime[841] lb[798.426] ub[799] numArcs: [186485] numFixed: [185981] time: [845]
no rcc cuts found
num vars: 100722
STATS - lpIterations[30] lagIterations[25] sspIterations[124] numSeparations[287] numCuts[26] compileTime[0] sspSolveTime[1] lpSolveTime[929] lb[798.477] ub[799] numArcs: [186640] numFixed: [86284] time: [933]
no rcc cuts found
num vars: 1055
STATS - lpIterations[31] lagIterations[25] sspIterations[124] numSeparations[291] numCuts[26] compileTime[0] sspSolveTime[1] lpSolveTime[930] lb[798.482] ub[799] numArcs: [186760] numFixed: [186071] time: [934]
no rcc cuts found
num vars: 100236
STATS - lpIterations[32] lagIterations[25] sspIterations[124] numSeparations[295] numCuts[26] compileTime[0] sspSolveTime[1] lpSolveTime[1023] lb[798.5] ub[799] numArcs: [187012] numFixed: [87142] time: [1027]
no rcc cuts found
num vars: 1017
STATS - lpIterations[33] lagIterations[25] sspIterations[124] numSeparations[296] numCuts[26] compileTime[0] sspSolveTime[1] lpSolveTime[1024] lb[798.5] ub[799] numArcs: [187041] numFixed: [186390] time: [1028]
no rcc cuts found
num vars: 100527
STATS - lpIterations[34] lagIterations[25] sspIterations[124] numSeparations[297] numCuts[26] compileTime[0] sspSolveTime[1] lpSolveTime[1113] lb[798.5] ub[799] numArcs: [187098] numFixed: [86937] time: [1117]
no rcc cuts found
num vars: 1095
STATS - lpIterations[35] lagIterations[25] sspIterations[124] numSeparations[298] numCuts[26] compileTime[0] sspSolveTime[1] lpSolveTime[1114] lb[798.508] ub[799] numArcs: [187155] numFixed: [186426] time: [1118]
no rcc cuts found
num vars: 100193
STATS - lpIterations[36] lagIterations[25] sspIterations[124] numSeparations[300] numCuts[26] compileTime[0] sspSolveTime[1] lpSolveTime[1197] lb[798.509] ub[799] numArcs: [187237] numFixed: [87410] time: [1201]
no rcc cuts found
num vars: 1019
STATS - lpIterations[37] lagIterations[25] sspIterations[124] numSeparations[304] numCuts[26] compileTime[0] sspSolveTime[1] lpSolveTime[1198] lb[798.511] ub[799] numArcs: [187518] numFixed: [186865] time: [1202]
no rcc cuts found
num vars: 99300
STATS - lpIterations[38] lagIterations[25] sspIterations[124] numSeparations[308] numCuts[26] compileTime[0] sspSolveTime[1] lpSolveTime[1285] lb[798.52] ub[799] numArcs: [187672] numFixed: [88738] time: [1289]
no rcc cuts found
num vars: 1038
STATS - lpIterations[39] lagIterations[25] sspIterations[124] numSeparations[313] numCuts[26] compileTime[0] sspSolveTime[1] lpSolveTime[1286] lb[798.535] ub[799] numArcs: [187897] numFixed: [187225] time: [1290]
no rcc cuts found
num vars: 98317
STATS - lpIterations[40] lagIterations[25] sspIterations[124] numSeparations[315] numCuts[26] compileTime[0] sspSolveTime[1] lpSolveTime[1373] lb[798.538] ub[799] numArcs: [188131] numFixed: [90180] time: [1377]
no rcc cuts found
num vars: 960
STATS - lpIterations[41] lagIterations[25] sspIterations[124] numSeparations[318] numCuts[26] compileTime[0] sspSolveTime[1] lpSolveTime[1374] lb[798.538] ub[799] numArcs: [188315] numFixed: [187721] time: [1378]
no rcc cuts found
num vars: 90875
STATS - lpIterations[42] lagIterations[25] sspIterations[124] numSeparations[321] numCuts[26] compileTime[0] sspSolveTime[1] lpSolveTime[1452] lb[798.543] ub[799] numArcs: [188407] numFixed: [97898] time: [1457]
checking cuts, max violation: 0.102362, num cuts: 3
new capacity cutset: 1 2 3 4 6 8 11 12 13 14 15 17 18 19 21 22 23 24 25 27 29 30 31 32 33 34 35 <= 23
new capacity cutset: 1 2 3 4 6 8 11 12 13 14 15 16 17 18 19 21 22 23 24 25 27 29 30 31 32 33 34 35 <= 24
nested set, do not add
new capacity cutset: 2 3 4 6 8 11 12 13 14 15 17 18 19 21 22 23 24 25 27 29 30 31 32 33 34 35 <= 22
nested set, do not add
num vars: 984
STATS - lpIterations[43] lagIterations[25] sspIterations[124] numSeparations[324] numCuts[27] compileTime[0] sspSolveTime[1] lpSolveTime[1453] lb[798.551] ub[799] numArcs: [188526] numFixed: [187908] time: [1458]
no rcc cuts found
num vars: 100060
STATS - lpIterations[44] lagIterations[25] sspIterations[124] numSeparations[326] numCuts[27] compileTime[0] sspSolveTime[1] lpSolveTime[1545] lb[798.551] ub[799] numArcs: [188750] numFixed: [89056] time: [1550]
no rcc cuts found
num vars: 983
STATS - lpIterations[45] lagIterations[25] sspIterations[124] numSeparations[328] numCuts[27] compileTime[0] sspSolveTime[1] lpSolveTime[1546] lb[798.565] ub[799] numArcs: [188896] numFixed: [188279] time: [1551]
no rcc cuts found
num vars: 101974
STATS - lpIterations[46] lagIterations[25] sspIterations[124] numSeparations[331] numCuts[27] compileTime[0] sspSolveTime[1] lpSolveTime[1642] lb[798.566] ub[799] numArcs: [189008] numFixed: [87400] time: [1646]
no rcc cuts found
num vars: 968
STATS - lpIterations[47] lagIterations[25] sspIterations[124] numSeparations[332] numCuts[27] compileTime[0] sspSolveTime[1] lpSolveTime[1643] lb[798.571] ub[799] numArcs: [189008] numFixed: [188406] time: [1647]
no rcc cuts found
num vars: 100143
STATS - lpIterations[48] lagIterations[25] sspIterations[124] numSeparations[333] numCuts[27] compileTime[0] sspSolveTime[1] lpSolveTime[1733] lb[798.571] ub[799] numArcs: [189037] numFixed: [89260] time: [1738]
no rcc cuts found
num vars: 969
STATS - lpIterations[49] lagIterations[25] sspIterations[124] numSeparations[335] numCuts[27] compileTime[0] sspSolveTime[1] lpSolveTime[1734] lb[798.571] ub[799] numArcs: [189240] numFixed: [188637] time: [1739]
no rcc cuts found
num vars: 101190
STATS - lpIterations[50] lagIterations[25] sspIterations[124] numSeparations[336] numCuts[27] compileTime[0] sspSolveTime[1] lpSolveTime[1833] lb[798.571] ub[799] numArcs: [189400] numFixed: [88576] time: [1838]
no rcc cuts found
num vars: 989
STATS - lpIterations[51] lagIterations[25] sspIterations[124] numSeparations[337] numCuts[27] compileTime[0] sspSolveTime[1] lpSolveTime[1834] lb[798.571] ub[799] numArcs: [189421] numFixed: [188798] time: [1839]
no rcc cuts found
num vars: 100921
STATS - lpIterations[52] lagIterations[25] sspIterations[124] numSeparations[338] numCuts[27] compileTime[0] sspSolveTime[1] lpSolveTime[1930] lb[798.571] ub[799] numArcs: [189482] numFixed: [88927] time: [1936]
no rcc cuts found
num vars: 949
STATS - lpIterations[53] lagIterations[25] sspIterations[124] numSeparations[339] numCuts[27] compileTime[0] sspSolveTime[1] lpSolveTime[1931] lb[798.571] ub[799] numArcs: [189541] numFixed: [188958] time: [1937]
no rcc cuts found
num vars: 99851
STATS - lpIterations[54] lagIterations[25] sspIterations[124] numSeparations[340] numCuts[27] compileTime[0] sspSolveTime[1] lpSolveTime[2022] lb[798.571] ub[799] numArcs: [189631] numFixed: [90146] time: [2027]
no rcc cuts found
num vars: 978
STATS - lpIterations[55] lagIterations[25] sspIterations[124] numSeparations[341] numCuts[27] compileTime[0] sspSolveTime[1] lpSolveTime[2023] lb[798.572] ub[799] numArcs: [189690] numFixed: [189078] time: [2028]
no rcc cuts found
num vars: 101550
STATS - lpIterations[56] lagIterations[25] sspIterations[124] numSeparations[344] numCuts[27] compileTime[0] sspSolveTime[1] lpSolveTime[2111] lb[798.572] ub[799] numArcs: [189902] numFixed: [88718] time: [2117]
no rcc cuts found
num vars: 924
STATS - lpIterations[57] lagIterations[25] sspIterations[124] numSeparations[348] numCuts[27] compileTime[0] sspSolveTime[1] lpSolveTime[2112] lb[798.583] ub[799] numArcs: [190129] numFixed: [189571] time: [2118]
no rcc cuts found
num vars: 100044
STATS - lpIterations[58] lagIterations[25] sspIterations[124] numSeparations[352] numCuts[27] compileTime[0] sspSolveTime[1] lpSolveTime[2214] lb[798.583] ub[799] numArcs: [190354] numFixed: [90676] time: [2219]
no rcc cuts found
num vars: 879
STATS - lpIterations[59] lagIterations[25] sspIterations[124] numSeparations[354] numCuts[27] compileTime[0] sspSolveTime[1] lpSolveTime[2215] lb[798.583] ub[799] numArcs: [190478] numFixed: [189965] time: [2220]
no rcc cuts found
num vars: 102723
STATS - lpIterations[60] lagIterations[25] sspIterations[124] numSeparations[356] numCuts[27] compileTime[0] sspSolveTime[1] lpSolveTime[2311] lb[798.583] ub[799] numArcs: [190589] numFixed: [88232] time: [2317]
no rcc cuts found
num vars: 832
STATS - lpIterations[61] lagIterations[25] sspIterations[124] numSeparations[357] numCuts[27] compileTime[0] sspSolveTime[1] lpSolveTime[2312] lb[798.592] ub[799] numArcs: [190621] numFixed: [190155] time: [2318]
no rcc cuts found
num vars: 101292
STATS - lpIterations[62] lagIterations[25] sspIterations[124] numSeparations[361] numCuts[27] compileTime[0] sspSolveTime[1] lpSolveTime[2401] lb[798.592] ub[799] numArcs: [190938] numFixed: [90012] time: [2407]
no rcc cuts found
num vars: 889
STATS - lpIterations[63] lagIterations[25] sspIterations[124] numSeparations[363] numCuts[27] compileTime[0] sspSolveTime[1] lpSolveTime[2402] lb[798.596] ub[799] numArcs: [191029] numFixed: [190506] time: [2408]
no rcc cuts found
num vars: 101728
STATS - lpIterations[64] lagIterations[25] sspIterations[124] numSeparations[365] numCuts[27] compileTime[0] sspSolveTime[1] lpSolveTime[2501] lb[798.604] ub[799] numArcs: [191093] numFixed: [89731] time: [2507]
no rcc cuts found
num vars: 916
STATS - lpIterations[65] lagIterations[25] sspIterations[124] numSeparations[366] numCuts[27] compileTime[0] sspSolveTime[1] lpSolveTime[2502] lb[798.604] ub[799] numArcs: [191125] numFixed: [190575] time: [2508]
no rcc cuts found
num vars: 101319
STATS - lpIterations[66] lagIterations[25] sspIterations[124] numSeparations[367] numCuts[27] compileTime[0] sspSolveTime[1] lpSolveTime[2598] lb[798.605] ub[799] numArcs: [191156] numFixed: [90203] time: [2604]
no rcc cuts found
routes: 
flow {0.289474}: 0 12 31 19 4 3 6 9 
flow {0.0789474}: 0 1 13 17 30 29 33 18 21 24 11 
flow {0.368421}: 0 1 22 32 13 17 30 29 33 18 21 
flow {0.0789474}: 0 1 22 32 13 17 30 29 33 18 27 11 
flow {0.0789474}: 0 5 9 28 12 25 
flow {0.0263158}: 0 5 9 28 23 2 35 8 15 
flow {0.289474}: 0 5 9 28 14 20 26 
flow {0.605263}: 0 7 10 
flow {0.0263158}: 0 9 28 23 2 35 8 15 20 
flow {0.0263158}: 0 9 28 12 3 6 23 34 
flow {0.263158}: 0 9 14 34 2 35 8 15 
flow {0.0789474}: 0 10 7 26 20 5 
flow {0.157895}: 0 11 21 22 32 18 27 25 
flow {0.315789}: 0 14 34 23 2 35 8 15 26 
flow {0.0526316}: 0 14 34 23 4 19 31 12 
flow {0.526316}: 0 16 11 24 27 25 5 20 
flow {0.394737}: 0 16 1 13 17 30 29 33 31 19 4 3 6 
flow {0.0789474}: 0 16 1 22 32 18 21 24 11 
flow {0.0789474}: 0 20 14 34 2 35 8 15 
flow {0.0789474}: 0 24 21 22 32 13 17 30 29 33 11 
flow {0.236842}: 0 24 21 22 32 18 27 25 
flow {0.315789}: 0 26 7 10 
flow {0.263158}: 0 28 12 31 19 4 23 34 
flow {0.289474}: 0 28 12 3 6 23 2 35 8 15 
no more separations possible
no more separations or cuts possible
LP solved - switching to IP
solving IP
num vars: 924
STATS - lpIterations[67] lagIterations[25] sspIterations[124] numSeparations[367] numCuts[27] compileTime[0] sspSolveTime[1] lpSolveTime[2598] lb[799] ub[799] numArcs: [191156] numFixed: [190598] time: [2605]
routes: 
flow {1}: 0 1 22 32 13 17 30 29 33 18 21 
flow {1}: 0 9 6 3 4 19 31 12 
flow {1}: 0 10 7 26 
flow {1}: 0 15 8 35 2 23 34 14 28 
flow {1}: 0 20 5 25 27 24 11 16 
no more separations possible
no more separations or cuts possible
STATS - lpIterations[67] lagIterations[25] sspIterations[124] numSeparations[367] numCuts[27] compileTime[0] sspSolveTime[1] lpSolveTime[2598] lb[799] ub[799] numArcs: [191156] numFixed: [190598] time: [2605]
finished solving - complete
time elapsed: 2605
