do not relax capacity constraint
instance upper bound: 25127.3
compiling DD
time step mult: 10
time step: 900
cap step: 1
done compiling DD
batch size for lag: 100
iteration delay to start separating: 0
optimality gap to start repairing: 100
percent fixed to change to CPLEX: 97.5
num arcs to change to CPLEX: 100000
num arcs to change to LAG: 999999999
STATS - lpIterations[0] lagIterations[0] sspIterations[0] numSeparations[0] numCuts[0] compileTime[35] sspSolveTime[0] lpSolveTime[0] lb[0] ub[25127.3] numArcs: [11274003] numFixed: [0] time: [35]
STATS - lpIterations[1] lagIterations[0] sspIterations[0] numSeparations[0] numCuts[0] compileTime[35] sspSolveTime[0] lpSolveTime[0] lb[0] ub[25127.3] numArcs: [11274003] numFixed: [0] time: [35]
STATS - lpIterations[1] lagIterations[1] sspIterations[1] numSeparations[0] numCuts[0] compileTime[35] sspSolveTime[0] lpSolveTime[0] lb[21094.6] ub[25127.3] numArcs: [11274003] numFixed: [0] time: [36]
STATS - lpIterations[1] lagIterations[2] sspIterations[2] numSeparations[0] numCuts[0] compileTime[35] sspSolveTime[0] lpSolveTime[0] lb[22124.3] ub[25127.3] numArcs: [11273991] numFixed: [0] time: [37]
STATS - lpIterations[1] lagIterations[2] sspIterations[2] numSeparations[0] numCuts[0] compileTime[35] sspSolveTime[0] lpSolveTime[0] lb[22124.4] ub[25127.3] numArcs: [11273991] numFixed: [0] time: [37]
STATS - lpIterations[1] lagIterations[3] sspIterations[172] numSeparations[0] numCuts[0] compileTime[35] sspSolveTime[11] lpSolveTime[0] lb[22185.7] ub[25127.3] numArcs: [11271820] numFixed: [0] time: [48]
STATS - lpIterations[1] lagIterations[3] sspIterations[172] numSeparations[0] numCuts[0] compileTime[35] sspSolveTime[11] lpSolveTime[0] lb[22802.5] ub[25127.3] numArcs: [11271820] numFixed: [0] time: [62]
STATS - lpIterations[1] lagIterations[4] sspIterations[240] numSeparations[168] numCuts[0] compileTime[35] sspSolveTime[15] lpSolveTime[0] lb[22843.6] ub[25127.3] numArcs: [11517691] numFixed: [0] time: [67]
STATS - lpIterations[1] lagIterations[4] sspIterations[240] numSeparations[168] numCuts[0] compileTime[35] sspSolveTime[15] lpSolveTime[0] lb[22883.2] ub[25127.3] numArcs: [11517691] numFixed: [0] time: [78]
STATS - lpIterations[1] lagIterations[7] sspIterations[507] numSeparations[329] numCuts[0] compileTime[35] sspSolveTime[33] lpSolveTime[0] lb[22943.5] ub[25127.3] numArcs: [11678717] numFixed: [221780] time: [129]
STATS - lpIterations[1] lagIterations[8] sspIterations[554] numSeparations[462] numCuts[0] compileTime[35] sspSolveTime[37] lpSolveTime[0] lb[22945.6] ub[25127.3] numArcs: [11775203] numFixed: [233825] time: [133]
STATS - lpIterations[1] lagIterations[8] sspIterations[554] numSeparations[462] numCuts[0] compileTime[35] sspSolveTime[37] lpSolveTime[0] lb[22970.5] ub[25127.3] numArcs: [11775203] numFixed: [233825] time: [140]
STATS - lpIterations[1] lagIterations[9] sspIterations[681] numSeparations[462] numCuts[0] compileTime[35] sspSolveTime[46] lpSolveTime[0] lb[23066.1] ub[25127.3] numArcs: [11774439] numFixed: [233825] time: [163]
STATS - lpIterations[1] lagIterations[10] sspIterations[729] numSeparations[608] numCuts[0] compileTime[35] sspSolveTime[50] lpSolveTime[0] lb[23073.2] ub[25127.3] numArcs: [11882529] numFixed: [252876] time: [168]
STATS - lpIterations[1] lagIterations[10] sspIterations[729] numSeparations[608] numCuts[0] compileTime[35] sspSolveTime[50] lpSolveTime[0] lb[23092.5] ub[25127.3] numArcs: [11882529] numFixed: [252876] time: [176]
STATS - lpIterations[1] lagIterations[11] sspIterations[863] numSeparations[608] numCuts[0] compileTime[35] sspSolveTime[60] lpSolveTime[0] lb[23195.7] ub[25127.3] numArcs: [11881715] numFixed: [252876] time: [202]
STATS - lpIterations[1] lagIterations[12] sspIterations[928] numSeparations[759] numCuts[0] compileTime[35] sspSolveTime[66] lpSolveTime[0] lb[23216] ub[25127.3] numArcs: [11987846] numFixed: [277406] time: [218]
STATS - lpIterations[1] lagIterations[13] sspIterations[1028] numSeparations[759] numCuts[0] compileTime[35] sspSolveTime[74] lpSolveTime[0] lb[23219.1] ub[25127.3] numArcs: [11987472] numFixed: [277406] time: [239]
STATS - lpIterations[1] lagIterations[15] sspIterations[1178] numSeparations[892] numCuts[0] compileTime[35] sspSolveTime[85] lpSolveTime[0] lb[23236] ub[25127.3] numArcs: [12075364] numFixed: [286702] time: [271]
STATS - lpIterations[1] lagIterations[16] sspIterations[1228] numSeparations[1012] numCuts[0] compileTime[35] sspSolveTime[90] lpSolveTime[0] lb[23267.8] ub[25127.3] numArcs: [12165400] numFixed: [298398] time: [286]
STATS - lpIterations[1] lagIterations[17] sspIterations[1352] numSeparations[1012] numCuts[0] compileTime[35] sspSolveTime[100] lpSolveTime[0] lb[23303.8] ub[25127.3] numArcs: [12164816] numFixed: [298398] time: [311]
STATS - lpIterations[1] lagIterations[19] sspIterations[1536] numSeparations[1152] numCuts[0] compileTime[35] sspSolveTime[115] lpSolveTime[0] lb[23350] ub[25127.3] numArcs: [12249776] numFixed: [305555] time: [351]
STATS - lpIterations[1] lagIterations[20] sspIterations[1601] numSeparations[1291] numCuts[0] compileTime[35] sspSolveTime[120] lpSolveTime[0] lb[23377.6] ub[25127.3] numArcs: [12337857] numFixed: [315738] time: [368]
STATS - lpIterations[1] lagIterations[21] sspIterations[1714] numSeparations[1291] numCuts[0] compileTime[35] sspSolveTime[131] lpSolveTime[0] lb[23383.1] ub[25127.3] numArcs: [12337505] numFixed: [315738] time: [392]
STATS - lpIterations[1] lagIterations[22] sspIterations[1759] numSeparations[1429] numCuts[0] compileTime[35] sspSolveTime[135] lpSolveTime[0] lb[23385.6] ub[25127.3] numArcs: [12416578] numFixed: [320743] time: [407]
STATS - lpIterations[1] lagIterations[23] sspIterations[1897] numSeparations[1429] numCuts[0] compileTime[35] sspSolveTime[147] lpSolveTime[0] lb[23465.4] ub[25127.3] numArcs: [12416066] numFixed: [320743] time: [436]
STATS - lpIterations[1] lagIterations[27] sspIterations[2259] numSeparations[1706] numCuts[0] compileTime[35] sspSolveTime[181] lpSolveTime[0] lb[23523.5] ub[25127.3] numArcs: [12558878] numFixed: [372042] time: [523]
STATS - lpIterations[1] lagIterations[28] sspIterations[2318] numSeparations[1850] numCuts[0] compileTime[35] sspSolveTime[187] lpSolveTime[0] lb[23543.4] ub[25127.3] numArcs: [12639830] numFixed: [373868] time: [541]
STATS - lpIterations[1] lagIterations[31] sspIterations[2613] numSeparations[1974] numCuts[0] compileTime[35] sspSolveTime[216] lpSolveTime[0] lb[23549.7] ub[25127.3] numArcs: [12698267] numFixed: [377547] time: [614]
STATS - lpIterations[1] lagIterations[32] sspIterations[2686] numSeparations[2107] numCuts[0] compileTime[35] sspSolveTime[223] lpSolveTime[0] lb[23563.6] ub[25127.3] numArcs: [12762047] numFixed: [380466] time: [634]
STATS - lpIterations[1] lagIterations[35] sspIterations[2949] numSeparations[2214] numCuts[0] compileTime[35] sspSolveTime[248] lpSolveTime[0] lb[23622.4] ub[25127.3] numArcs: [12812901] numFixed: [381059] time: [702]
STATS - lpIterations[1] lagIterations[36] sspIterations[3006] numSeparations[2332] numCuts[0] compileTime[35] sspSolveTime[255] lpSolveTime[0] lb[23632.5] ub[25127.3] numArcs: [12870037] numFixed: [383993] time: [723]
STATS - lpIterations[1] lagIterations[37] sspIterations[3139] numSeparations[2332] numCuts[0] compileTime[35] sspSolveTime[270] lpSolveTime[0] lb[23633.9] ub[25127.3] numArcs: [12869608] numFixed: [383993] time: [757]
STATS - lpIterations[1] lagIterations[38] sspIterations[3199] numSeparations[2470] numCuts[0] compileTime[35] sspSolveTime[276] lpSolveTime[0] lb[23640.6] ub[25127.3] numArcs: [12928180] numFixed: [388062] time: [777]
STATS - lpIterations[1] lagIterations[39] sspIterations[3318] numSeparations[2470] numCuts[0] compileTime[35] sspSolveTime[287] lpSolveTime[0] lb[23669.6] ub[25127.3] numArcs: [12927855] numFixed: [388062] time: [805]
STATS - lpIterations[1] lagIterations[40] sspIterations[3388] numSeparations[2596] numCuts[0] compileTime[35] sspSolveTime[294] lpSolveTime[0] lb[23679.1] ub[25127.3] numArcs: [12989972] numFixed: [396112] time: [827]
STATS - lpIterations[1] lagIterations[43] sspIterations[3663] numSeparations[2709] numCuts[0] compileTime[35] sspSolveTime[324] lpSolveTime[0] lb[23737.1] ub[25127.3] numArcs: [13044503] numFixed: [397474] time: [904]
STATS - lpIterations[1] lagIterations[44] sspIterations[3739] numSeparations[2838] numCuts[0] compileTime[35] sspSolveTime[332] lpSolveTime[0] lb[23749] ub[25127.3] numArcs: [13113150] numFixed: [398761] time: [929]
STATS - lpIterations[1] lagIterations[47] sspIterations[3979] numSeparations[2945] numCuts[0] compileTime[35] sspSolveTime[355] lpSolveTime[0] lb[23756] ub[25127.3] numArcs: [13162635] numFixed: [398761] time: [999]
STATS - lpIterations[1] lagIterations[49] sspIterations[4168] numSeparations[3063] numCuts[0] compileTime[35] sspSolveTime[378] lpSolveTime[0] lb[23784.1] ub[25127.3] numArcs: [13219439] numFixed: [403053] time: [1055]
STATS - lpIterations[1] lagIterations[55] sspIterations[4661] numSeparations[3342] numCuts[0] compileTime[35] sspSolveTime[428] lpSolveTime[0] lb[23815.5] ub[25127.3] numArcs: [13347764] numFixed: [412382] time: [1202]
STATS - lpIterations[1] lagIterations[56] sspIterations[4718] numSeparations[3448] numCuts[0] compileTime[35] sspSolveTime[433] lpSolveTime[0] lb[23816] ub[25127.3] numArcs: [13395115] numFixed: [414141] time: [1220]
STATS - lpIterations[1] lagIterations[57] sspIterations[4853] numSeparations[3448] numCuts[0] compileTime[35] sspSolveTime[449] lpSolveTime[0] lb[23843.6] ub[25127.3] numArcs: [13394812] numFixed: [414141] time: [1257]
STATS - lpIterations[1] lagIterations[58] sspIterations[4917] numSeparations[3568] numCuts[0] compileTime[35] sspSolveTime[455] lpSolveTime[0] lb[23861.5] ub[25127.3] numArcs: [13446857] numFixed: [420610] time: [1278]
STATS - lpIterations[1] lagIterations[61] sspIterations[5180] numSeparations[3668] numCuts[0] compileTime[35] sspSolveTime[486] lpSolveTime[0] lb[23880.6] ub[25127.3] numArcs: [13494241] numFixed: [421262] time: [1358]
STATS - lpIterations[1] lagIterations[65] sspIterations[5538] numSeparations[3799] numCuts[0] compileTime[35] sspSolveTime[530] lpSolveTime[0] lb[23894.3] ub[25127.3] numArcs: [13547601] numFixed: [422488] time: [1471]
STATS - lpIterations[1] lagIterations[66] sspIterations[5617] numSeparations[3989] numCuts[0] compileTime[35] sspSolveTime[537] lpSolveTime[0] lb[23928] ub[25127.3] numArcs: [13628456] numFixed: [422919] time: [1499]
STATS - lpIterations[1] lagIterations[69] sspIterations[5865] numSeparations[4096] numCuts[0] compileTime[35] sspSolveTime[563] lpSolveTime[0] lb[23928.4] ub[25127.3] numArcs: [13676891] numFixed: [425831] time: [1574]
STATS - lpIterations[1] lagIterations[75] sspIterations[6311] numSeparations[4341] numCuts[0] compileTime[35] sspSolveTime[608] lpSolveTime[0] lb[23941.6] ub[25127.3] numArcs: [13773080] numFixed: [429053] time: [1720]
STATS - lpIterations[1] lagIterations[78] sspIterations[6546] numSeparations[4451] numCuts[0] compileTime[35] sspSolveTime[632] lpSolveTime[0] lb[23957.2] ub[25127.3] numArcs: [13816417] numFixed: [429697] time: [1796]
STATS - lpIterations[1] lagIterations[80] sspIterations[6723] numSeparations[4562] numCuts[0] compileTime[35] sspSolveTime[651] lpSolveTime[0] lb[23992] ub[25127.3] numArcs: [13866225] numFixed: [430295] time: [1850]
STATS - lpIterations[1] lagIterations[81] sspIterations[6792] numSeparations[4562] numCuts[0] compileTime[35] sspSolveTime[658] lpSolveTime[0] lb[24000.5] ub[25127.3] numArcs: [13866164] numFixed: [430295] time: [1876]
STATS - lpIterations[1] lagIterations[86] sspIterations[7204] numSeparations[4804] numCuts[0] compileTime[35] sspSolveTime[704] lpSolveTime[0] lb[24016.9] ub[25127.3] numArcs: [13961145] numFixed: [435218] time: [2010]
STATS - lpIterations[1] lagIterations[88] sspIterations[7388] numSeparations[4909] numCuts[0] compileTime[35] sspSolveTime[728] lpSolveTime[0] lb[24017.5] ub[25127.3] numArcs: [14001925] numFixed: [435789] time: [2072]
STATS - lpIterations[1] lagIterations[89] sspIterations[7464] numSeparations[4909] numCuts[0] compileTime[35] sspSolveTime[736] lpSolveTime[0] lb[24022] ub[25127.3] numArcs: [14001847] numFixed: [435789] time: [2096]
STATS - lpIterations[1] lagIterations[92] sspIterations[7712] numSeparations[5035] numCuts[0] compileTime[35] sspSolveTime[762] lpSolveTime[0] lb[24053.3] ub[25127.3] numArcs: [14056888] numFixed: [436228] time: [2175]
STATS - lpIterations[1] lagIterations[96] sspIterations[8064] numSeparations[5278] numCuts[0] compileTime[35] sspSolveTime[803] lpSolveTime[0] lb[24070.5] ub[25127.3] numArcs: [14151722] numFixed: [438961] time: [2291]
STATS - lpIterations[1] lagIterations[97] sspIterations[8124] numSeparations[5278] numCuts[0] compileTime[35] sspSolveTime[810] lpSolveTime[0] lb[24073.2] ub[25127.3] numArcs: [14151659] numFixed: [438961] time: [2298]
STATS - lpIterations[1] lagIterations[97] sspIterations[8124] numSeparations[5278] numCuts[0] compileTime[35] sspSolveTime[810] lpSolveTime[0] lb[24077.6] ub[25127.3] numArcs: [14151659] numFixed: [438961] time: [2313]
STATS - lpIterations[1] lagIterations[98] sspIterations[8244] numSeparations[5379] numCuts[0] compileTime[35] sspSolveTime[826] lpSolveTime[0] lb[24079.1] ub[25127.3] numArcs: [14190866] numFixed: [439647] time: [2350]
STATS - lpIterations[1] lagIterations[102] sspIterations[8580] numSeparations[5477] numCuts[0] compileTime[35] sspSolveTime[863] lpSolveTime[0] lb[24094] ub[25127.3] numArcs: [14237002] numFixed: [447373] time: [2460]
STATS - lpIterations[1] lagIterations[104] sspIterations[8763] numSeparations[5624] numCuts[0] compileTime[35] sspSolveTime[888] lpSolveTime[0] lb[24121.7] ub[25127.3] numArcs: [14289725] numFixed: [448388] time: [2529]
STATS - lpIterations[1] lagIterations[111] sspIterations[9351] numSeparations[5933] numCuts[0] compileTime[35] sspSolveTime[957] lpSolveTime[0] lb[24123.7] ub[25127.3] numArcs: [14409246] numFixed: [454046] time: [2730]
STATS - lpIterations[1] lagIterations[112] sspIterations[9457] numSeparations[5933] numCuts[0] compileTime[35] sspSolveTime[971] lpSolveTime[0] lb[24152.9] ub[25127.3] numArcs: [14409095] numFixed: [454046] time: [2765]
STATS - lpIterations[1] lagIterations[116] sspIterations[9805] numSeparations[6191] numCuts[0] compileTime[35] sspSolveTime[1012] lpSolveTime[0] lb[24156.1] ub[25127.3] numArcs: [14502187] numFixed: [456869] time: [2887]
STATS - lpIterations[1] lagIterations[117] sspIterations[9868] numSeparations[6191] numCuts[0] compileTime[35] sspSolveTime[1019] lpSolveTime[0] lb[24161.5] ub[25127.3] numArcs: [14502138] numFixed: [456869] time: [2910]
STATS - lpIterations[1] lagIterations[118] sspIterations[9988] numSeparations[6191] numCuts[0] compileTime[35] sspSolveTime[1034] lpSolveTime[0] lb[24163.1] ub[25127.3] numArcs: [14501955] numFixed: [456869] time: [2946]
STATS - lpIterations[1] lagIterations[121] sspIterations[10237] numSeparations[6458] numCuts[0] compileTime[35] sspSolveTime[1065] lpSolveTime[0] lb[24174.3] ub[25127.3] numArcs: [14602674] numFixed: [459768] time: [3034]
STATS - lpIterations[1] lagIterations[122] sspIterations[10348] numSeparations[6458] numCuts[0] compileTime[35] sspSolveTime[1079] lpSolveTime[0] lb[24176.9] ub[25127.3] numArcs: [14602510] numFixed: [459769] time: [3070]
STATS - lpIterations[1] lagIterations[124] sspIterations[10525] numSeparations[6566] numCuts[0] compileTime[35] sspSolveTime[1102] lpSolveTime[0] lb[24196.9] ub[25127.3] numArcs: [14638909] numFixed: [459768] time: [3133]
STATS - lpIterations[1] lagIterations[125] sspIterations[10596] numSeparations[6566] numCuts[0] compileTime[35] sspSolveTime[1110] lpSolveTime[0] lb[24203] ub[25127.3] numArcs: [14638849] numFixed: [459771] time: [3161]
STATS - lpIterations[1] lagIterations[129] sspIterations[10948] numSeparations[6816] numCuts[0] compileTime[35] sspSolveTime[1155] lpSolveTime[0] lb[24216.3] ub[25127.3] numArcs: [14728874] numFixed: [461800] time: [3288]
STATS - lpIterations[1] lagIterations[137] sspIterations[11569] numSeparations[7111] numCuts[0] compileTime[35] sspSolveTime[1226] lpSolveTime[0] lb[24218.1] ub[25127.3] numArcs: [14840997] numFixed: [468853] time: [3491]
STATS - lpIterations[1] lagIterations[137] sspIterations[11569] numSeparations[7111] numCuts[0] compileTime[35] sspSolveTime[1226] lpSolveTime[0] lb[24221.8] ub[25127.3] numArcs: [14840997] numFixed: [468853] time: [3505]
STATS - lpIterations[1] lagIterations[138] sspIterations[11689] numSeparations[7111] numCuts[0] compileTime[35] sspSolveTime[1242] lpSolveTime[0] lb[24237.6] ub[25127.3] numArcs: [14840861] numFixed: [468857] time: [3547]
