do not relax capacity constraint
instance upper bound: 25138.6
compiling DD
time step mult: 10
time step: 900
cap step: 1
done compiling DD
batch size for lag: 100
iteration delay to start separating: 0
optimality gap to start repairing: 100
percent fixed to change to CPLEX: 97.5
num arcs to change to CPLEX: 100000
num arcs to change to LAG: 999999999
STATS - lpIterations[0] lagIterations[0] sspIterations[0] numSeparations[0] numCuts[0] compileTime[17] sspSolveTime[0] lpSolveTime[0] lb[0] ub[25138.6] numArcs: [7411288] numFixed: [0] time: [17]
STATS - lpIterations[1] lagIterations[0] sspIterations[0] numSeparations[0] numCuts[0] compileTime[17] sspSolveTime[0] lpSolveTime[0] lb[0] ub[25138.6] numArcs: [7411288] numFixed: [0] time: [17]
STATS - lpIterations[1] lagIterations[1] sspIterations[1] numSeparations[0] numCuts[0] compileTime[17] sspSolveTime[0] lpSolveTime[0] lb[21094.6] ub[25138.6] numArcs: [7411278] numFixed: [0] time: [18]
STATS - lpIterations[1] lagIterations[2] sspIterations[2] numSeparations[0] numCuts[0] compileTime[17] sspSolveTime[0] lpSolveTime[0] lb[22126.9] ub[25138.6] numArcs: [7411278] numFixed: [0] time: [18]
STATS - lpIterations[1] lagIterations[3] sspIterations[94] numSeparations[0] numCuts[0] compileTime[17] sspSolveTime[4] lpSolveTime[0] lb[22743.5] ub[25138.6] numArcs: [7410167] numFixed: [0] time: [22]
STATS - lpIterations[1] lagIterations[3] sspIterations[94] numSeparations[0] numCuts[0] compileTime[17] sspSolveTime[4] lpSolveTime[0] lb[22956.4] ub[25138.6] numArcs: [7410167] numFixed: [0] time: [29]
STATS - lpIterations[1] lagIterations[4] sspIterations[138] numSeparations[0] numCuts[0] compileTime[17] sspSolveTime[6] lpSolveTime[0] lb[22991.7] ub[25138.6] numArcs: [7409863] numFixed: [0] time: [31]
STATS - lpIterations[1] lagIterations[4] sspIterations[138] numSeparations[0] numCuts[0] compileTime[17] sspSolveTime[6] lpSolveTime[0] lb[23002.8] ub[25138.6] numArcs: [7409863] numFixed: [0] time: [37]
STATS - lpIterations[1] lagIterations[5] sspIterations[250] numSeparations[87] numCuts[0] compileTime[17] sspSolveTime[11] lpSolveTime[0] lb[23142.1] ub[25138.6] numArcs: [7520603] numFixed: [0] time: [51]
STATS - lpIterations[1] lagIterations[6] sspIterations[307] numSeparations[87] numCuts[0] compileTime[17] sspSolveTime[13] lpSolveTime[0] lb[23167.8] ub[25138.6] numArcs: [7520421] numFixed: [111840] time: [54]
STATS - lpIterations[1] lagIterations[6] sspIterations[307] numSeparations[87] numCuts[0] compileTime[17] sspSolveTime[13] lpSolveTime[0] lb[23191.7] ub[25138.6] numArcs: [7520421] numFixed: [111840] time: [61]
STATS - lpIterations[1] lagIterations[7] sspIterations[412] numSeparations[191] numCuts[0] compileTime[17] sspSolveTime[19] lpSolveTime[0] lb[23278.8] ub[25138.6] numArcs: [7630715] numFixed: [172150] time: [75]
STATS - lpIterations[1] lagIterations[8] sspIterations[465] numSeparations[191] numCuts[0] compileTime[17] sspSolveTime[21] lpSolveTime[0] lb[23323.3] ub[25138.6] numArcs: [7630562] numFixed: [172150] time: [78]
STATS - lpIterations[1] lagIterations[8] sspIterations[465] numSeparations[191] numCuts[0] compileTime[17] sspSolveTime[21] lpSolveTime[0] lb[23333.1] ub[25138.6] numArcs: [7630562] numFixed: [172150] time: [86]
STATS - lpIterations[1] lagIterations[9] sspIterations[588] numSeparations[291] numCuts[0] compileTime[17] sspSolveTime[28] lpSolveTime[0] lb[23427] ub[25138.6] numArcs: [7711721] numFixed: [226703] time: [103]
STATS - lpIterations[1] lagIterations[10] sspIterations[649] numSeparations[291] numCuts[0] compileTime[17] sspSolveTime[32] lpSolveTime[0] lb[23441.4] ub[25138.6] numArcs: [7711593] numFixed: [226703] time: [107]
STATS - lpIterations[1] lagIterations[10] sspIterations[649] numSeparations[291] numCuts[0] compileTime[17] sspSolveTime[32] lpSolveTime[0] lb[23473.9] ub[25138.6] numArcs: [7711593] numFixed: [226703] time: [114]
STATS - lpIterations[1] lagIterations[11] sspIterations[766] numSeparations[398] numCuts[0] compileTime[17] sspSolveTime[40] lpSolveTime[0] lb[23515.2] ub[25138.6] numArcs: [7806935] numFixed: [263046] time: [134]
STATS - lpIterations[1] lagIterations[12] sspIterations[834] numSeparations[398] numCuts[0] compileTime[17] sspSolveTime[44] lpSolveTime[0] lb[23519.9] ub[25138.6] numArcs: [7806784] numFixed: [263046] time: [139]
STATS - lpIterations[1] lagIterations[12] sspIterations[834] numSeparations[398] numCuts[0] compileTime[17] sspSolveTime[44] lpSolveTime[0] lb[23547] ub[25138.6] numArcs: [7806784] numFixed: [263046] time: [147]
STATS - lpIterations[1] lagIterations[13] sspIterations[907] numSeparations[509] numCuts[0] compileTime[17] sspSolveTime[48] lpSolveTime[0] lb[23557.6] ub[25138.6] numArcs: [7880219] numFixed: [274942] time: [159]
STATS - lpIterations[1] lagIterations[14] sspIterations[983] numSeparations[509] numCuts[0] compileTime[17] sspSolveTime[53] lpSolveTime[0] lb[23572.2] ub[25138.6] numArcs: [7879933] numFixed: [274942] time: [173]
STATS - lpIterations[1] lagIterations[15] sspIterations[1039] numSeparations[509] numCuts[0] compileTime[17] sspSolveTime[56] lpSolveTime[0] lb[23573.2] ub[25138.6] numArcs: [7879800] numFixed: [274942] time: [177]
STATS - lpIterations[1] lagIterations[15] sspIterations[1039] numSeparations[509] numCuts[0] compileTime[17] sspSolveTime[56] lpSolveTime[0] lb[23609.4] ub[25138.6] numArcs: [7879800] numFixed: [274942] time: [183]
STATS - lpIterations[1] lagIterations[16] sspIterations[1130] numSeparations[618] numCuts[0] compileTime[17] sspSolveTime[62] lpSolveTime[0] lb[23706.6] ub[25138.6] numArcs: [7947918] numFixed: [299017] time: [200]
STATS - lpIterations[1] lagIterations[17] sspIterations[1190] numSeparations[618] numCuts[0] compileTime[17] sspSolveTime[66] lpSolveTime[0] lb[23718.6] ub[25138.6] numArcs: [7947803] numFixed: [299017] time: [212]
STATS - lpIterations[1] lagIterations[18] sspIterations[1285] numSeparations[618] numCuts[0] compileTime[17] sspSolveTime[72] lpSolveTime[0] lb[23737.4] ub[25138.6] numArcs: [7947563] numFixed: [299017] time: [229]
STATS - lpIterations[1] lagIterations[19] sspIterations[1350] numSeparations[751] numCuts[0] compileTime[17] sspSolveTime[76] lpSolveTime[0] lb[23743.9] ub[25138.6] numArcs: [8039172] numFixed: [315452] time: [233]
STATS - lpIterations[1] lagIterations[19] sspIterations[1350] numSeparations[751] numCuts[0] compileTime[17] sspSolveTime[76] lpSolveTime[0] lb[23756.1] ub[25138.6] numArcs: [8039172] numFixed: [315452] time: [241]
STATS - lpIterations[1] lagIterations[20] sspIterations[1444] numSeparations[751] numCuts[0] compileTime[17] sspSolveTime[83] lpSolveTime[0] lb[23788] ub[25138.6] numArcs: [8038867] numFixed: [315452] time: [256]
STATS - lpIterations[1] lagIterations[21] sspIterations[1500] numSeparations[751] numCuts[0] compileTime[17] sspSolveTime[86] lpSolveTime[0] lb[23799.6] ub[25138.6] numArcs: [8038786] numFixed: [315452] time: [261]
STATS - lpIterations[1] lagIterations[21] sspIterations[1500] numSeparations[751] numCuts[0] compileTime[17] sspSolveTime[86] lpSolveTime[0] lb[23833.3] ub[25138.6] numArcs: [8038786] numFixed: [315452] time: [269]
STATS - lpIterations[1] lagIterations[22] sspIterations[1596] numSeparations[851] numCuts[0] compileTime[17] sspSolveTime[92] lpSolveTime[0] lb[23869.1] ub[25138.6] numArcs: [8100303] numFixed: [365558] time: [286]
STATS - lpIterations[1] lagIterations[25] sspIterations[1810] numSeparations[967] numCuts[0] compileTime[17] sspSolveTime[105] lpSolveTime[0] lb[23874.6] ub[25138.6] numArcs: [8174915] numFixed: [378079] time: [328]
STATS - lpIterations[1] lagIterations[26] sspIterations[1906] numSeparations[967] numCuts[0] compileTime[17] sspSolveTime[112] lpSolveTime[0] lb[23893] ub[25138.6] numArcs: [8174652] numFixed: [378079] time: [346]
STATS - lpIterations[1] lagIterations[27] sspIterations[1961] numSeparations[967] numCuts[0] compileTime[17] sspSolveTime[115] lpSolveTime[0] lb[23916.8] ub[25138.6] numArcs: [8174593] numFixed: [378079] time: [350]
STATS - lpIterations[1] lagIterations[28] sspIterations[2081] numSeparations[967] numCuts[0] compileTime[17] sspSolveTime[124] lpSolveTime[0] lb[23971.3] ub[25138.6] numArcs: [8174307] numFixed: [378079] time: [381]
STATS - lpIterations[1] lagIterations[29] sspIterations[2149] numSeparations[1116] numCuts[0] compileTime[17] sspSolveTime[129] lpSolveTime[0] lb[24007.7] ub[25138.6] numArcs: [8264427] numFixed: [394993] time: [395]
STATS - lpIterations[1] lagIterations[32] sspIterations[2390] numSeparations[1215] numCuts[0] compileTime[17] sspSolveTime[145] lpSolveTime[0] lb[24027.6] ub[25138.6] numArcs: [8314210] numFixed: [399892] time: [446]
STATS - lpIterations[1] lagIterations[33] sspIterations[2450] numSeparations[1215] numCuts[0] compileTime[17] sspSolveTime[149] lpSolveTime[0] lb[24052.6] ub[25138.6] numArcs: [8314127] numFixed: [399893] time: [451]
STATS - lpIterations[1] lagIterations[34] sspIterations[2559] numSeparations[1215] numCuts[0] compileTime[17] sspSolveTime[158] lpSolveTime[0] lb[24077.6] ub[25138.6] numArcs: [8313929] numFixed: [399894] time: [482]
STATS - lpIterations[1] lagIterations[35] sspIterations[2629] numSeparations[1334] numCuts[0] compileTime[17] sspSolveTime[163] lpSolveTime[0] lb[24112.8] ub[25138.6] numArcs: [8376263] numFixed: [408505] time: [488]
STATS - lpIterations[1] lagIterations[38] sspIterations[2877] numSeparations[1431] numCuts[0] compileTime[17] sspSolveTime[181] lpSolveTime[0] lb[24119.3] ub[25138.6] numArcs: [8423018] numFixed: [418698] time: [552]
STATS - lpIterations[1] lagIterations[40] sspIterations[3038] numSeparations[1431] numCuts[0] compileTime[17] sspSolveTime[193] lpSolveTime[0] lb[24161.4] ub[25138.6] numArcs: [8422759] numFixed: [418699] time: [586]
STATS - lpIterations[1] lagIterations[41] sspIterations[3103] numSeparations[1530] numCuts[0] compileTime[17] sspSolveTime[198] lpSolveTime[0] lb[24182.9] ub[25138.6] numArcs: [8474242] numFixed: [423831] time: [592]
STATS - lpIterations[1] lagIterations[41] sspIterations[3103] numSeparations[1530] numCuts[0] compileTime[17] sspSolveTime[198] lpSolveTime[0] lb[24185.9] ub[25138.6] numArcs: [8474242] numFixed: [423831] time: [603]
STATS - lpIterations[1] lagIterations[43] sspIterations[3278] numSeparations[1530] numCuts[0] compileTime[17] sspSolveTime[211] lpSolveTime[0] lb[24186.2] ub[25138.6] numArcs: [8473982] numFixed: [423841] time: [640]
STATS - lpIterations[1] lagIterations[46] sspIterations[3522] numSeparations[1657] numCuts[0] compileTime[17] sspSolveTime[228] lpSolveTime[0] lb[24211.7] ub[25138.6] numArcs: [8534391] numFixed: [432724] time: [694]
STATS - lpIterations[1] lagIterations[47] sspIterations[3583] numSeparations[1657] numCuts[0] compileTime[17] sspSolveTime[233] lpSolveTime[0] lb[24256.7] ub[25138.6] numArcs: [8534344] numFixed: [432731] time: [700]
STATS - lpIterations[1] lagIterations[48] sspIterations[3698] numSeparations[1657] numCuts[0] compileTime[17] sspSolveTime[241] lpSolveTime[0] lb[24261.4] ub[25138.6] numArcs: [8534175] numFixed: [432742] time: [732]
STATS - lpIterations[1] lagIterations[49] sspIterations[3765] numSeparations[1782] numCuts[0] compileTime[17] sspSolveTime[246] lpSolveTime[0] lb[24264.8] ub[25138.6] numArcs: [8607459] numFixed: [436214] time: [739]
STATS - lpIterations[1] lagIterations[49] sspIterations[3765] numSeparations[1782] numCuts[0] compileTime[17] sspSolveTime[246] lpSolveTime[0] lb[24265.6] ub[25138.6] numArcs: [8607459] numFixed: [436214] time: [751]
STATS - lpIterations[1] lagIterations[50] sspIterations[3866] numSeparations[1782] numCuts[0] compileTime[17] sspSolveTime[254] lpSolveTime[0] lb[24274.6] ub[25138.6] numArcs: [8607289] numFixed: [436220] time: [773]
STATS - lpIterations[1] lagIterations[51] sspIterations[3928] numSeparations[1782] numCuts[0] compileTime[17] sspSolveTime[258] lpSolveTime[0] lb[24305.5] ub[25138.6] numArcs: [8607246] numFixed: [436234] time: [777]
STATS - lpIterations[1] lagIterations[53] sspIterations[4105] numSeparations[1923] numCuts[0] compileTime[17] sspSolveTime[271] lpSolveTime[0] lb[24311.6] ub[25138.6] numArcs: [8671207] numFixed: [459621] time: [816]
STATS - lpIterations[1] lagIterations[58] sspIterations[4504] numSeparations[2038] numCuts[0] compileTime[17] sspSolveTime[301] lpSolveTime[0] lb[24356.3] ub[25138.6] numArcs: [8723078] numFixed: [465417] time: [922]
STATS - lpIterations[1] lagIterations[61] sspIterations[4727] numSeparations[2133] numCuts[0] compileTime[17] sspSolveTime[317] lpSolveTime[0] lb[24397.1] ub[25138.6] numArcs: [8771377] numFixed: [472974] time: [963]
STATS - lpIterations[1] lagIterations[68] sspIterations[5270] numSeparations[2228] numCuts[0] compileTime[17] sspSolveTime[357] lpSolveTime[0] lb[24431.4] ub[25138.6] numArcs: [8816597] numFixed: [481287] time: [1095]
STATS - lpIterations[1] lagIterations[70] sspIterations[5443] numSeparations[2351] numCuts[0] compileTime[17] sspSolveTime[371] lpSolveTime[0] lb[24451] ub[25138.6] numArcs: [8870998] numFixed: [501460] time: [1135]
STATS - lpIterations[1] lagIterations[76] sspIterations[5940] numSeparations[2453] numCuts[0] compileTime[17] sspSolveTime[411] lpSolveTime[0] lb[24477.8] ub[25138.6] numArcs: [8917039] numFixed: [517406] time: [1257]
STATS - lpIterations[1] lagIterations[78] sspIterations[6107] numSeparations[2556] numCuts[0] compileTime[17] sspSolveTime[423] lpSolveTime[0] lb[24490.1] ub[25138.6] numArcs: [8962226] numFixed: [556241] time: [1297]
STATS - lpIterations[1] lagIterations[80] sspIterations[6303] numSeparations[2556] numCuts[0] compileTime[17] sspSolveTime[440] lpSolveTime[0] lb[24506.3] ub[25138.6] numArcs: [8961929] numFixed: [564167] time: [1341]
STATS - lpIterations[1] lagIterations[80] sspIterations[6303] numSeparations[2556] numCuts[0] compileTime[17] sspSolveTime[440] lpSolveTime[0] lb[24520] ub[25138.6] numArcs: [8961929] numFixed: [564167] time: [1356]
STATS - lpIterations[1] lagIterations[85] sspIterations[6724] numSeparations[2659] numCuts[0] compileTime[17] sspSolveTime[475] lpSolveTime[0] lb[24524.6] ub[25138.6] numArcs: [9003046] numFixed: [601532] time: [1460]
STATS - lpIterations[1] lagIterations[87] sspIterations[6882] numSeparations[2775] numCuts[0] compileTime[17] sspSolveTime[489] lpSolveTime[0] lb[24525.5] ub[25138.6] numArcs: [9054258] numFixed: [608519] time: [1489]
STATS - lpIterations[1] lagIterations[89] sspIterations[7054] numSeparations[2775] numCuts[0] compileTime[17] sspSolveTime[504] lpSolveTime[0] lb[24532] ub[25138.6] numArcs: [9054117] numFixed: [608519] time: [1533]
STATS - lpIterations[1] lagIterations[91] sspIterations[7207] numSeparations[2869] numCuts[0] compileTime[17] sspSolveTime[518] lpSolveTime[0] lb[24538.6] ub[25138.6] numArcs: [9092953] numFixed: [616750] time: [1576]
STATS - lpIterations[1] lagIterations[92] sspIterations[7284] numSeparations[2869] numCuts[0] compileTime[17] sspSolveTime[524] lpSolveTime[0] lb[24557.5] ub[25138.6] numArcs: [9092924] numFixed: [616750] time: [1595]
STATS - lpIterations[1] lagIterations[96] sspIterations[7606] numSeparations[2869] numCuts[0] compileTime[17] sspSolveTime[549] lpSolveTime[0] lb[24566.7] ub[25138.6] numArcs: [9092698] numFixed: [658322] time: [1681]
STATS - lpIterations[1] lagIterations[101] sspIterations[7990] numSeparations[2978] numCuts[0] compileTime[17] sspSolveTime[581] lpSolveTime[0] lb[24594.3] ub[25138.6] numArcs: [9138325] numFixed: [677216] time: [1787]
STATS - lpIterations[1] lagIterations[106] sspIterations[8421] numSeparations[3076] numCuts[0] compileTime[17] sspSolveTime[616] lpSolveTime[0] lb[24614.4] ub[25138.6] numArcs: [9183604] numFixed: [748161] time: [1895]
STATS - lpIterations[1] lagIterations[110] sspIterations[8731] numSeparations[3172] numCuts[0] compileTime[17] sspSolveTime[644] lpSolveTime[0] lb[24628.3] ub[25138.6] numArcs: [9227684] numFixed: [833339] time: [1984]
STATS - lpIterations[1] lagIterations[116] sspIterations[9212] numSeparations[3266] numCuts[0] compileTime[17] sspSolveTime[689] lpSolveTime[0] lb[24651.6] ub[25138.6] numArcs: [9266704] numFixed: [879451] time: [2127]
STATS - lpIterations[1] lagIterations[121] sspIterations[9600] numSeparations[3378] numCuts[0] compileTime[17] sspSolveTime[725] lpSolveTime[0] lb[24664.6] ub[25138.6] numArcs: [9309541] numFixed: [1015840] time: [2245]
STATS - lpIterations[1] lagIterations[123] sspIterations[9778] numSeparations[3378] numCuts[0] compileTime[17] sspSolveTime[743] lpSolveTime[0] lb[24665.2] ub[25138.6] numArcs: [9309406] numFixed: [1085125] time: [2311]
STATS - lpIterations[1] lagIterations[125] sspIterations[9932] numSeparations[3378] numCuts[0] compileTime[17] sspSolveTime[757] lpSolveTime[0] lb[24666.9] ub[25138.6] numArcs: [9309345] numFixed: [1246115] time: [2343]
STATS - lpIterations[1] lagIterations[127] sspIterations[10085] numSeparations[3475] numCuts[0] compileTime[17] sspSolveTime[771] lpSolveTime[0] lb[24676.3] ub[25138.6] numArcs: [9352872] numFixed: [1125383] time: [2403]
STATS - lpIterations[1] lagIterations[130] sspIterations[10319] numSeparations[3475] numCuts[0] compileTime[17] sspSolveTime[791] lpSolveTime[0] lb[24712.6] ub[25138.6] numArcs: [9352791] numFixed: [1352570] time: [2457]
STATS - lpIterations[1] lagIterations[140] sspIterations[11154] numSeparations[3704] numCuts[0] compileTime[17] sspSolveTime[866] lpSolveTime[0] lb[24727.4] ub[25138.6] numArcs: [9439243] numFixed: [1552397] time: [2694]
STATS - lpIterations[1] lagIterations[152] sspIterations[12099] numSeparations[3805] numCuts[0] compileTime[17] sspSolveTime[950] lpSolveTime[0] lb[24737] ub[25138.6] numArcs: [9471610] numFixed: [1997270] time: [2975]
STATS - lpIterations[1] lagIterations[154] sspIterations[12265] numSeparations[3805] numCuts[0] compileTime[17] sspSolveTime[965] lpSolveTime[0] lb[24748.6] ub[25138.6] numArcs: [9471527] numFixed: [1997273] time: [3022]
STATS - lpIterations[1] lagIterations[156] sspIterations[12421] numSeparations[3898] numCuts[0] compileTime[17] sspSolveTime[979] lpSolveTime[0] lb[24758.1] ub[25138.6] numArcs: [9509811] numFixed: [2249554] time: [3070]
STATS - lpIterations[1] lagIterations[162] sspIterations[12905] numSeparations[3998] numCuts[0] compileTime[17] sspSolveTime[1023] lpSolveTime[0] lb[24797.6] ub[25138.6] numArcs: [9544788] numFixed: [2417672] time: [3213]
STATS - lpIterations[1] lagIterations[173] sspIterations[13804] numSeparations[4104] numCuts[0] compileTime[17] sspSolveTime[1097] lpSolveTime[0] lb[24812.8] ub[25138.6] numArcs: [9581461] numFixed: [2701099] time: [3447]
STATS - lpIterations[1] lagIterations[177] sspIterations[14106] numSeparations[4206] numCuts[0] compileTime[17] sspSolveTime[1123] lpSolveTime[0] lb[24815.1] ub[25138.6] numArcs: [9616656] numFixed: [3018353] time: [3530]
STATS - lpIterations[1] lagIterations[179] sspIterations[14276] numSeparations[4206] numCuts[0] compileTime[17] sspSolveTime[1138] lpSolveTime[0] lb[24843.5] ub[25138.6] numArcs: [9616596] numFixed: [3674819] time: [3575]
