do not relax capacity constraint
instance upper bound: 53046.5
compiling DD
time step mult: 10
time step: 100
cap step: 1
done compiling DD
batch size for lag: 100
iteration delay to start separating: 0
optimality gap to start repairing: 100
percent fixed to change to CPLEX: 97.5
num arcs to change to CPLEX: 100000
num arcs to change to LAG: 999999999
STATS - lpIterations[0] lagIterations[0] sspIterations[0] numSeparations[0] numCuts[0] compileTime[135] sspSolveTime[0] lpSolveTime[0] lb[0] ub[53046.5] numArcs: [68461316] numFixed: [0] time: [135]
STATS - lpIterations[1] lagIterations[0] sspIterations[0] numSeparations[0] numCuts[0] compileTime[135] sspSolveTime[0] lpSolveTime[0] lb[0] ub[53046.5] numArcs: [68461316] numFixed: [0] time: [135]
STATS - lpIterations[1] lagIterations[1] sspIterations[1] numSeparations[0] numCuts[0] compileTime[135] sspSolveTime[2] lpSolveTime[0] lb[34593.5] ub[53046.5] numArcs: [68461316] numFixed: [0] time: [138]
STATS - lpIterations[1] lagIterations[2] sspIterations[2] numSeparations[0] numCuts[0] compileTime[135] sspSolveTime[4] lpSolveTime[0] lb[36306.1] ub[53046.5] numArcs: [68461316] numFixed: [0] time: [145]
STATS - lpIterations[1] lagIterations[3] sspIterations[3] numSeparations[0] numCuts[0] compileTime[135] sspSolveTime[7] lpSolveTime[0] lb[38084.5] ub[53046.5] numArcs: [68461316] numFixed: [0] time: [152]
STATS - lpIterations[1] lagIterations[4] sspIterations[4] numSeparations[0] numCuts[0] compileTime[135] sspSolveTime[9] lpSolveTime[0] lb[39932.7] ub[53046.5] numArcs: [68461316] numFixed: [0] time: [159]
STATS - lpIterations[1] lagIterations[5] sspIterations[5] numSeparations[0] numCuts[0] compileTime[135] sspSolveTime[14] lpSolveTime[0] lb[41833.3] ub[53046.5] numArcs: [68461303] numFixed: [0] time: [167]
STATS - lpIterations[1] lagIterations[6] sspIterations[31] numSeparations[0] numCuts[0] compileTime[135] sspSolveTime[39] lpSolveTime[0] lb[43688.9] ub[53046.5] numArcs: [68461018] numFixed: [0] time: [200]
STATS - lpIterations[1] lagIterations[6] sspIterations[31] numSeparations[0] numCuts[0] compileTime[135] sspSolveTime[39] lpSolveTime[0] lb[43731.4] ub[53046.5] numArcs: [68461018] numFixed: [0] time: [220]
STATS - lpIterations[1] lagIterations[7] sspIterations[96] numSeparations[0] numCuts[0] compileTime[135] sspSolveTime[79] lpSolveTime[0] lb[44802.9] ub[53046.5] numArcs: [68460296] numFixed: [0] time: [264]
STATS - lpIterations[1] lagIterations[7] sspIterations[96] numSeparations[0] numCuts[0] compileTime[135] sspSolveTime[79] lpSolveTime[0] lb[45029.5] ub[53046.5] numArcs: [68460296] numFixed: [0] time: [306]
STATS - lpIterations[1] lagIterations[8] sspIterations[134] numSeparations[0] numCuts[0] compileTime[135] sspSolveTime[104] lpSolveTime[0] lb[45340.4] ub[53046.5] numArcs: [68459972] numFixed: [0] time: [334]
STATS - lpIterations[1] lagIterations[8] sspIterations[134] numSeparations[0] numCuts[0] compileTime[135] sspSolveTime[104] lpSolveTime[0] lb[45363.4] ub[53046.5] numArcs: [68459972] numFixed: [0] time: [373]
STATS - lpIterations[1] lagIterations[9] sspIterations[242] numSeparations[0] numCuts[0] compileTime[135] sspSolveTime[175] lpSolveTime[0] lb[45774] ub[53046.5] numArcs: [68458953] numFixed: [0] time: [447]
STATS - lpIterations[1] lagIterations[9] sspIterations[242] numSeparations[0] numCuts[0] compileTime[135] sspSolveTime[175] lpSolveTime[0] lb[46193.1] ub[53046.5] numArcs: [68458953] numFixed: [0] time: [519]
STATS - lpIterations[1] lagIterations[10] sspIterations[283] numSeparations[69] numCuts[0] compileTime[135] sspSolveTime[198] lpSolveTime[0] lb[46373.2] ub[53046.5] numArcs: [68542868] numFixed: [0] time: [564]
STATS - lpIterations[1] lagIterations[10] sspIterations[283] numSeparations[69] numCuts[0] compileTime[135] sspSolveTime[198] lpSolveTime[0] lb[46421.1] ub[53046.5] numArcs: [68542868] numFixed: [0] time: [599]
STATS - lpIterations[1] lagIterations[11] sspIterations[379] numSeparations[69] numCuts[0] compileTime[135] sspSolveTime[254] lpSolveTime[0] lb[46790.5] ub[53046.5] numArcs: [68542093] numFixed: [6404551] time: [667]
STATS - lpIterations[1] lagIterations[11] sspIterations[379] numSeparations[69] numCuts[0] compileTime[135] sspSolveTime[254] lpSolveTime[0] lb[47025.9] ub[53046.5] numArcs: [68542093] numFixed: [6404551] time: [735]
STATS - lpIterations[1] lagIterations[12] sspIterations[439] numSeparations[69] numCuts[0] compileTime[135] sspSolveTime[295] lpSolveTime[0] lb[47069] ub[53046.5] numArcs: [68541673] numFixed: [6404551] time: [785]
STATS - lpIterations[1] lagIterations[12] sspIterations[439] numSeparations[69] numCuts[0] compileTime[135] sspSolveTime[295] lpSolveTime[0] lb[47150.1] ub[53046.5] numArcs: [68541673] numFixed: [6404551] time: [828]
STATS - lpIterations[1] lagIterations[13] sspIterations[534] numSeparations[69] numCuts[0] compileTime[135] sspSolveTime[360] lpSolveTime[0] lb[47289] ub[53046.5] numArcs: [68541056] numFixed: [6404551] time: [901]
STATS - lpIterations[1] lagIterations[13] sspIterations[534] numSeparations[69] numCuts[0] compileTime[135] sspSolveTime[360] lpSolveTime[0] lb[47534.8] ub[53046.5] numArcs: [68541056] numFixed: [6404551] time: [971]
STATS - lpIterations[1] lagIterations[14] sspIterations[593] numSeparations[69] numCuts[0] compileTime[135] sspSolveTime[393] lpSolveTime[0] lb[47630.3] ub[53046.5] numArcs: [68540817] numFixed: [6404551] time: [1014]
STATS - lpIterations[1] lagIterations[14] sspIterations[593] numSeparations[69] numCuts[0] compileTime[135] sspSolveTime[393] lpSolveTime[0] lb[47664.1] ub[53046.5] numArcs: [68540817] numFixed: [6404551] time: [1065]
STATS - lpIterations[1] lagIterations[15] sspIterations[731] numSeparations[150] numCuts[0] compileTime[135] sspSolveTime[489] lpSolveTime[0] lb[48123.7] ub[53046.5] numArcs: [68651878] numFixed: [8146505] time: [1273]
STATS - lpIterations[1] lagIterations[16] sspIterations[798] numSeparations[150] numCuts[0] compileTime[135] sspSolveTime[529] lpSolveTime[0] lb[48163.4] ub[53046.5] numArcs: [68651610] numFixed: [8146505] time: [1323]
STATS - lpIterations[1] lagIterations[16] sspIterations[798] numSeparations[150] numCuts[0] compileTime[135] sspSolveTime[529] lpSolveTime[0] lb[48206.1] ub[53046.5] numArcs: [68651610] numFixed: [8146505] time: [1383]
STATS - lpIterations[1] lagIterations[17] sspIterations[930] numSeparations[150] numCuts[0] compileTime[135] sspSolveTime[627] lpSolveTime[0] lb[48464.2] ub[53046.5] numArcs: [68650980] numFixed: [8146505] time: [1586]
STATS - lpIterations[1] lagIterations[18] sspIterations[1000] numSeparations[150] numCuts[0] compileTime[135] sspSolveTime[665] lpSolveTime[0] lb[48501.6] ub[53046.5] numArcs: [68650712] numFixed: [8146505] time: [1700]
STATS - lpIterations[1] lagIterations[19] sspIterations[1116] numSeparations[234] numCuts[0] compileTime[135] sspSolveTime[744] lpSolveTime[0] lb[48528.3] ub[53046.5] numArcs: [68800197] numFixed: [8522136] time: [1815]
STATS - lpIterations[1] lagIterations[19] sspIterations[1116] numSeparations[234] numCuts[0] compileTime[135] sspSolveTime[744] lpSolveTime[0] lb[48786] ub[53046.5] numArcs: [68800197] numFixed: [8522136] time: [1900]
STATS - lpIterations[1] lagIterations[21] sspIterations[1320] numSeparations[234] numCuts[0] compileTime[135] sspSolveTime[887] lpSolveTime[0] lb[49060.3] ub[53046.5] numArcs: [68799103] numFixed: [8522136] time: [2222]
STATS - lpIterations[1] lagIterations[22] sspIterations[1388] numSeparations[234] numCuts[0] compileTime[135] sspSolveTime[935] lpSolveTime[0] lb[49085.7] ub[53046.5] numArcs: [68798861] numFixed: [8522136] time: [2334]
STATS - lpIterations[1] lagIterations[23] sspIterations[1528] numSeparations[234] numCuts[0] compileTime[135] sspSolveTime[1032] lpSolveTime[0] lb[49256.1] ub[53046.5] numArcs: [68798208] numFixed: [8522136] time: [2540]
STATS - lpIterations[1] lagIterations[24] sspIterations[1608] numSeparations[337] numCuts[0] compileTime[135] sspSolveTime[1093] lpSolveTime[0] lb[49288.2] ub[53046.5] numArcs: [68978276] numFixed: [8850466] time: [2710]
STATS - lpIterations[1] lagIterations[25] sspIterations[1738] numSeparations[337] numCuts[0] compileTime[135] sspSolveTime[1195] lpSolveTime[0] lb[49399.8] ub[53046.5] numArcs: [68977694] numFixed: [8850466] time: [2913]
STATS - lpIterations[1] lagIterations[26] sspIterations[1794] numSeparations[337] numCuts[0] compileTime[135] sspSolveTime[1230] lpSolveTime[0] lb[49404.9] ub[53046.5] numArcs: [68977533] numFixed: [8850466] time: [2960]
STATS - lpIterations[1] lagIterations[26] sspIterations[1794] numSeparations[337] numCuts[0] compileTime[135] sspSolveTime[1230] lpSolveTime[0] lb[49438.1] ub[53046.5] numArcs: [68977533] numFixed: [8850466] time: [3011]
STATS - lpIterations[1] lagIterations[27] sspIterations[1945] numSeparations[337] numCuts[0] compileTime[135] sspSolveTime[1370] lpSolveTime[0] lb[49711.5] ub[53046.5] numArcs: [68976785] numFixed: [8850466] time: [3273]
STATS - lpIterations[1] lagIterations[28] sspIterations[2042] numSeparations[337] numCuts[0] compileTime[135] sspSolveTime[1444] lpSolveTime[0] lb[49719.4] ub[53046.5] numArcs: [68976531] numFixed: [8850466] time: [3463]
