do not relax capacity constraint
instance upper bound: 3559.1
compiling DD
time step mult: 10
time step: 100
cap step: 1
done compiling DD
batch size for lag: 100
iteration delay to start separating: 0
optimality gap to start repairing: 100
percent fixed to change to CPLEX: 97.5
num arcs to change to CPLEX: 100000
num arcs to change to LAG: 999999999
STATS - lpIterations[0] lagIterations[0] sspIterations[0] numSeparations[0] numCuts[0] compileTime[348] sspSolveTime[0] lpSolveTime[0] lb[0] ub[3559.1] numArcs: [49220675] numFixed: [0] time: [348]
STATS - lpIterations[1] lagIterations[0] sspIterations[0] numSeparations[0] numCuts[0] compileTime[348] sspSolveTime[0] lpSolveTime[0] lb[0] ub[3559.1] numArcs: [49220675] numFixed: [0] time: [348]
STATS - lpIterations[1] lagIterations[1] sspIterations[1] numSeparations[0] numCuts[0] compileTime[348] sspSolveTime[3] lpSolveTime[0] lb[1863.27] ub[3559.1] numArcs: [49220673] numFixed: [0] time: [352]
STATS - lpIterations[1] lagIterations[2] sspIterations[2] numSeparations[0] numCuts[0] compileTime[348] sspSolveTime[7] lpSolveTime[0] lb[1955.51] ub[3559.1] numArcs: [49220673] numFixed: [0] time: [360]
STATS - lpIterations[1] lagIterations[3] sspIterations[3] numSeparations[0] numCuts[0] compileTime[348] sspSolveTime[11] lpSolveTime[0] lb[2051.37] ub[3559.1] numArcs: [49220673] numFixed: [0] time: [367]
STATS - lpIterations[1] lagIterations[4] sspIterations[4] numSeparations[0] numCuts[0] compileTime[348] sspSolveTime[13] lpSolveTime[0] lb[2150.95] ub[3559.1] numArcs: [49220673] numFixed: [0] time: [374]
STATS - lpIterations[1] lagIterations[5] sspIterations[5] numSeparations[0] numCuts[0] compileTime[348] sspSolveTime[16] lpSolveTime[0] lb[2254.36] ub[3559.1] numArcs: [49220673] numFixed: [0] time: [380]
STATS - lpIterations[1] lagIterations[6] sspIterations[6] numSeparations[0] numCuts[0] compileTime[348] sspSolveTime[18] lpSolveTime[0] lb[2361.71] ub[3559.1] numArcs: [49220673] numFixed: [0] time: [386]
STATS - lpIterations[1] lagIterations[7] sspIterations[7] numSeparations[0] numCuts[0] compileTime[348] sspSolveTime[23] lpSolveTime[0] lb[2469.86] ub[3559.1] numArcs: [49220661] numFixed: [0] time: [395]
STATS - lpIterations[1] lagIterations[7] sspIterations[7] numSeparations[0] numCuts[0] compileTime[348] sspSolveTime[23] lpSolveTime[0] lb[2470.27] ub[3559.1] numArcs: [49220661] numFixed: [0] time: [398]
STATS - lpIterations[1] lagIterations[8] sspIterations[14] numSeparations[0] numCuts[0] compileTime[348] sspSolveTime[44] lpSolveTime[0] lb[2569.02] ub[3559.1] numArcs: [49220583] numFixed: [0] time: [422]
STATS - lpIterations[1] lagIterations[8] sspIterations[14] numSeparations[0] numCuts[0] compileTime[348] sspSolveTime[44] lpSolveTime[0] lb[2576.97] ub[3559.1] numArcs: [49220583] numFixed: [0] time: [430]
STATS - lpIterations[1] lagIterations[9] sspIterations[17] numSeparations[0] numCuts[0] compileTime[348] sspSolveTime[50] lpSolveTime[0] lb[2611.64] ub[3559.1] numArcs: [49220572] numFixed: [0] time: [439]
STATS - lpIterations[1] lagIterations[9] sspIterations[17] numSeparations[0] numCuts[0] compileTime[348] sspSolveTime[50] lpSolveTime[0] lb[2611.8] ub[3559.1] numArcs: [49220572] numFixed: [0] time: [444]
STATS - lpIterations[1] lagIterations[10] sspIterations[32] numSeparations[0] numCuts[0] compileTime[348] sspSolveTime[79] lpSolveTime[0] lb[2675.94] ub[3559.1] numArcs: [49220421] numFixed: [0] time: [475]
STATS - lpIterations[1] lagIterations[10] sspIterations[32] numSeparations[0] numCuts[0] compileTime[348] sspSolveTime[79] lpSolveTime[0] lb[2703.05] ub[3559.1] numArcs: [49220421] numFixed: [0] time: [484]
STATS - lpIterations[1] lagIterations[11] sspIterations[35] numSeparations[0] numCuts[0] compileTime[348] sspSolveTime[85] lpSolveTime[0] lb[2716.64] ub[3559.1] numArcs: [49220421] numFixed: [0] time: [494]
STATS - lpIterations[1] lagIterations[11] sspIterations[35] numSeparations[0] numCuts[0] compileTime[348] sspSolveTime[85] lpSolveTime[0] lb[2717.17] ub[3559.1] numArcs: [49220421] numFixed: [0] time: [500]
STATS - lpIterations[1] lagIterations[12] sspIterations[54] numSeparations[0] numCuts[0] compileTime[348] sspSolveTime[128] lpSolveTime[0] lb[2771.41] ub[3559.1] numArcs: [49220230] numFixed: [0] time: [545]
STATS - lpIterations[1] lagIterations[12] sspIterations[54] numSeparations[0] numCuts[0] compileTime[348] sspSolveTime[128] lpSolveTime[0] lb[2800.21] ub[3559.1] numArcs: [49220230] numFixed: [0] time: [560]
STATS - lpIterations[1] lagIterations[13] sspIterations[63] numSeparations[0] numCuts[0] compileTime[348] sspSolveTime[152] lpSolveTime[0] lb[2811.6] ub[3559.1] numArcs: [49220203] numFixed: [0] time: [587]
STATS - lpIterations[1] lagIterations[13] sspIterations[63] numSeparations[0] numCuts[0] compileTime[348] sspSolveTime[152] lpSolveTime[0] lb[2813.98] ub[3559.1] numArcs: [49220203] numFixed: [0] time: [599]
STATS - lpIterations[1] lagIterations[14] sspIterations[90] numSeparations[0] numCuts[0] compileTime[348] sspSolveTime[230] lpSolveTime[0] lb[2834.73] ub[3559.1] numArcs: [49219934] numFixed: [0] time: [680]
STATS - lpIterations[1] lagIterations[14] sspIterations[90] numSeparations[0] numCuts[0] compileTime[348] sspSolveTime[230] lpSolveTime[0] lb[2871.65] ub[3559.1] numArcs: [49219934] numFixed: [0] time: [699]
STATS - lpIterations[1] lagIterations[15] sspIterations[102] numSeparations[0] numCuts[0] compileTime[348] sspSolveTime[261] lpSolveTime[0] lb[2874.33] ub[3559.1] numArcs: [49219888] numFixed: [0] time: [733]
STATS - lpIterations[1] lagIterations[15] sspIterations[102] numSeparations[0] numCuts[0] compileTime[348] sspSolveTime[261] lpSolveTime[0] lb[2876.75] ub[3559.1] numArcs: [49219888] numFixed: [0] time: [748]
STATS - lpIterations[1] lagIterations[16] sspIterations[129] numSeparations[0] numCuts[0] compileTime[348] sspSolveTime[317] lpSolveTime[0] lb[2912.78] ub[3559.1] numArcs: [49219669] numFixed: [0] time: [823]
STATS - lpIterations[1] lagIterations[17] sspIterations[137] numSeparations[47] numCuts[0] compileTime[348] sspSolveTime[343] lpSolveTime[0] lb[2915.54] ub[3559.1] numArcs: [49247380] numFixed: [0] time: [852]
STATS - lpIterations[1] lagIterations[17] sspIterations[137] numSeparations[47] numCuts[0] compileTime[348] sspSolveTime[343] lpSolveTime[0] lb[2920.85] ub[3559.1] numArcs: [49247380] numFixed: [0] time: [864]
STATS - lpIterations[1] lagIterations[18] sspIterations[171] numSeparations[47] numCuts[0] compileTime[348] sspSolveTime[526] lpSolveTime[0] lb[2961.44] ub[3559.1] numArcs: [49247114] numFixed: [87639] time: [1070]
STATS - lpIterations[1] lagIterations[19] sspIterations[183] numSeparations[47] numCuts[0] compileTime[348] sspSolveTime[560] lpSolveTime[0] lb[2966.58] ub[3559.1] numArcs: [49247091] numFixed: [87639] time: [1107]
STATS - lpIterations[1] lagIterations[19] sspIterations[183] numSeparations[47] numCuts[0] compileTime[348] sspSolveTime[560] lpSolveTime[0] lb[2968.9] ub[3559.1] numArcs: [49247091] numFixed: [87639] time: [1121]
STATS - lpIterations[1] lagIterations[20] sspIterations[232] numSeparations[47] numCuts[0] compileTime[348] sspSolveTime[651] lpSolveTime[0] lb[2992.96] ub[3559.1] numArcs: [49246745] numFixed: [87639] time: [1241]
STATS - lpIterations[1] lagIterations[21] sspIterations[252] numSeparations[47] numCuts[0] compileTime[348] sspSolveTime[702] lpSolveTime[0] lb[2995.79] ub[3559.1] numArcs: [49246685] numFixed: [87639] time: [1317]
STATS - lpIterations[1] lagIterations[22] sspIterations[263] numSeparations[126] numCuts[0] compileTime[348] sspSolveTime[725] lpSolveTime[0] lb[2998.95] ub[3559.1] numArcs: [49280612] numFixed: [316627] time: [1344]
STATS - lpIterations[1] lagIterations[22] sspIterations[263] numSeparations[126] numCuts[0] compileTime[348] sspSolveTime[725] lpSolveTime[0] lb[3001.28] ub[3559.1] numArcs: [49280612] numFixed: [316627] time: [1355]
STATS - lpIterations[1] lagIterations[23] sspIterations[295] numSeparations[126] numCuts[0] compileTime[348] sspSolveTime[820] lpSolveTime[0] lb[3023.17] ub[3559.1] numArcs: [49280331] numFixed: [316630] time: [1474]
STATS - lpIterations[1] lagIterations[24] sspIterations[313] numSeparations[126] numCuts[0] compileTime[348] sspSolveTime[844] lpSolveTime[0] lb[3025.64] ub[3559.1] numArcs: [49280311] numFixed: [316683] time: [1521]
STATS - lpIterations[1] lagIterations[25] sspIterations[326] numSeparations[126] numCuts[0] compileTime[348] sspSolveTime[874] lpSolveTime[0] lb[3027.96] ub[3559.1] numArcs: [49280227] numFixed: [316706] time: [1563]
STATS - lpIterations[1] lagIterations[26] sspIterations[341] numSeparations[126] numCuts[0] compileTime[348] sspSolveTime[911] lpSolveTime[0] lb[3041.84] ub[3559.1] numArcs: [49280155] numFixed: [316758] time: [1604]
STATS - lpIterations[1] lagIterations[26] sspIterations[341] numSeparations[126] numCuts[0] compileTime[348] sspSolveTime[911] lpSolveTime[0] lb[3048] ub[3559.1] numArcs: [49280155] numFixed: [316758] time: [1623]
STATS - lpIterations[1] lagIterations[27] sspIterations[363] numSeparations[126] numCuts[0] compileTime[348] sspSolveTime[958] lpSolveTime[0] lb[3055.42] ub[3559.1] numArcs: [49280058] numFixed: [317120] time: [1691]
STATS - lpIterations[1] lagIterations[28] sspIterations[373] numSeparations[197] numCuts[0] compileTime[348] sspSolveTime[978] lpSolveTime[0] lb[3068.74] ub[3559.1] numArcs: [49309004] numFixed: [328440] time: [1715]
STATS - lpIterations[1] lagIterations[29] sspIterations[402] numSeparations[197] numCuts[0] compileTime[348] sspSolveTime[1025] lpSolveTime[0] lb[3091.17] ub[3559.1] numArcs: [49308782] numFixed: [328889] time: [1800]
STATS - lpIterations[1] lagIterations[30] sspIterations[413] numSeparations[197] numCuts[0] compileTime[348] sspSolveTime[1053] lpSolveTime[0] lb[3094.6] ub[3559.1] numArcs: [49308740] numFixed: [330404] time: [1832]
STATS - lpIterations[1] lagIterations[30] sspIterations[413] numSeparations[197] numCuts[0] compileTime[348] sspSolveTime[1053] lpSolveTime[0] lb[3095.92] ub[3559.1] numArcs: [49308740] numFixed: [330404] time: [1847]
STATS - lpIterations[1] lagIterations[31] sspIterations[461] numSeparations[197] numCuts[0] compileTime[348] sspSolveTime[1168] lpSolveTime[0] lb[3103.56] ub[3559.1] numArcs: [49308353] numFixed: [330833] time: [1997]
STATS - lpIterations[1] lagIterations[32] sspIterations[478] numSeparations[197] numCuts[0] compileTime[348] sspSolveTime[1217] lpSolveTime[0] lb[3105.96] ub[3559.1] numArcs: [49308291] numFixed: [331751] time: [2050]
STATS - lpIterations[1] lagIterations[32] sspIterations[478] numSeparations[197] numCuts[0] compileTime[348] sspSolveTime[1217] lpSolveTime[0] lb[3110.77] ub[3559.1] numArcs: [49308291] numFixed: [331751] time: [2070]
STATS - lpIterations[1] lagIterations[33] sspIterations[510] numSeparations[197] numCuts[0] compileTime[348] sspSolveTime[1279] lpSolveTime[0] lb[3114.9] ub[3559.1] numArcs: [49308151] numFixed: [332614] time: [2153]
STATS - lpIterations[1] lagIterations[34] sspIterations[517] numSeparations[285] numCuts[0] compileTime[348] sspSolveTime[1302] lpSolveTime[0] lb[3118.69] ub[3559.1] numArcs: [49338741] numFixed: [344173] time: [2181]
STATS - lpIterations[1] lagIterations[35] sspIterations[573] numSeparations[285] numCuts[0] compileTime[348] sspSolveTime[1419] lpSolveTime[0] lb[3144.25] ub[3559.1] numArcs: [49338275] numFixed: [344569] time: [2345]
STATS - lpIterations[1] lagIterations[36] sspIterations[605] numSeparations[285] numCuts[0] compileTime[348] sspSolveTime[1494] lpSolveTime[0] lb[3148.58] ub[3559.1] numArcs: [49338199] numFixed: [350520] time: [2450]
STATS - lpIterations[1] lagIterations[38] sspIterations[641] numSeparations[285] numCuts[0] compileTime[348] sspSolveTime[1577] lpSolveTime[0] lb[3149.38] ub[3559.1] numArcs: [49338070] numFixed: [351768] time: [2584]
STATS - lpIterations[1] lagIterations[40] sspIterations[667] numSeparations[369] numCuts[0] compileTime[348] sspSolveTime[1656] lpSolveTime[0] lb[3159.63] ub[3559.1] numArcs: [49370111] numFixed: [440585] time: [2689]
STATS - lpIterations[1] lagIterations[41] sspIterations[727] numSeparations[369] numCuts[0] compileTime[348] sspSolveTime[1800] lpSolveTime[0] lb[3171.31] ub[3559.1] numArcs: [49369633] numFixed: [442184] time: [2884]
STATS - lpIterations[1] lagIterations[42] sspIterations[758] numSeparations[369] numCuts[0] compileTime[348] sspSolveTime[1874] lpSolveTime[0] lb[3171.69] ub[3559.1] numArcs: [49369526] numFixed: [450246] time: [2985]
STATS - lpIterations[1] lagIterations[43] sspIterations[769] numSeparations[369] numCuts[0] compileTime[348] sspSolveTime[1910] lpSolveTime[0] lb[3176.22] ub[3559.1] numArcs: [49369499] numFixed: [450414] time: [3025]
STATS - lpIterations[1] lagIterations[44] sspIterations[823] numSeparations[458] numCuts[0] compileTime[348] sspSolveTime[2040] lpSolveTime[0] lb[3192.49] ub[3559.1] numArcs: [49401793] numFixed: [477499] time: [3213]
STATS - lpIterations[1] lagIterations[45] sspIterations[853] numSeparations[458] numCuts[0] compileTime[348] sspSolveTime[2112] lpSolveTime[0] lb[3194.87] ub[3559.1] numArcs: [49401649] numFixed: [490442] time: [3312]
STATS - lpIterations[1] lagIterations[47] sspIterations[908] numSeparations[458] numCuts[0] compileTime[348] sspSolveTime[2266] lpSolveTime[0] lb[3197.88] ub[3559.1] numArcs: [49401452] numFixed: [492839] time: [3519]
STATS - lpIterations[1] lagIterations[48] sspIterations[927] numSeparations[550] numCuts[0] compileTime[348] sspSolveTime[2320] lpSolveTime[0] lb[3206.8] ub[3559.1] numArcs: [49430055] numFixed: [500851] time: [3577]
