do not relax capacity constraint
instance upper bound: 33494.2
compiling DD
time step mult: 10
time step: 100
cap step: 1
done compiling DD
batch size for lag: 100
iteration delay to start separating: 0
optimality gap to start repairing: 100
percent fixed to change to CPLEX: 97.5
num arcs to change to CPLEX: 100000
num arcs to change to LAG: 999999999
STATS - lpIterations[0] lagIterations[0] sspIterations[0] numSeparations[0] numCuts[0] compileTime[389] sspSolveTime[0] lpSolveTime[0] lb[0] ub[33494.2] numArcs: [106102719] numFixed: [0] time: [389]
STATS - lpIterations[1] lagIterations[0] sspIterations[0] numSeparations[0] numCuts[0] compileTime[389] sspSolveTime[0] lpSolveTime[0] lb[0] ub[33494.2] numArcs: [106102719] numFixed: [0] time: [389]
STATS - lpIterations[1] lagIterations[1] sspIterations[1] numSeparations[0] numCuts[0] compileTime[389] sspSolveTime[4] lpSolveTime[0] lb[22120.3] ub[33494.2] numArcs: [106102719] numFixed: [0] time: [394]
STATS - lpIterations[1] lagIterations[2] sspIterations[2] numSeparations[0] numCuts[0] compileTime[389] sspSolveTime[8] lpSolveTime[0] lb[23215.4] ub[33494.2] numArcs: [106102719] numFixed: [0] time: [405]
STATS - lpIterations[1] lagIterations[3] sspIterations[3] numSeparations[0] numCuts[0] compileTime[389] sspSolveTime[12] lpSolveTime[0] lb[24353.4] ub[33494.2] numArcs: [106102719] numFixed: [0] time: [416]
STATS - lpIterations[1] lagIterations[4] sspIterations[4] numSeparations[0] numCuts[0] compileTime[389] sspSolveTime[16] lpSolveTime[0] lb[25535.2] ub[33494.2] numArcs: [106102719] numFixed: [0] time: [428]
STATS - lpIterations[1] lagIterations[5] sspIterations[7] numSeparations[0] numCuts[0] compileTime[389] sspSolveTime[33] lpSolveTime[0] lb[26755.4] ub[33494.2] numArcs: [106102684] numFixed: [0] time: [453]
STATS - lpIterations[1] lagIterations[5] sspIterations[7] numSeparations[0] numCuts[0] compileTime[389] sspSolveTime[33] lpSolveTime[0] lb[26755.8] ub[33494.2] numArcs: [106102684] numFixed: [0] time: [462]
STATS - lpIterations[1] lagIterations[6] sspIterations[58] numSeparations[0] numCuts[0] compileTime[389] sspSolveTime[137] lpSolveTime[0] lb[27717.4] ub[33494.2] numArcs: [106101978] numFixed: [0] time: [571]
STATS - lpIterations[1] lagIterations[6] sspIterations[58] numSeparations[0] numCuts[0] compileTime[389] sspSolveTime[137] lpSolveTime[0] lb[27877.3] ub[33494.2] numArcs: [106101978] numFixed: [0] time: [618]
STATS - lpIterations[1] lagIterations[7] sspIterations[73] numSeparations[0] numCuts[0] compileTime[389] sspSolveTime[169] lpSolveTime[0] lb[28071.5] ub[33494.2] numArcs: [106101841] numFixed: [0] time: [656]
STATS - lpIterations[1] lagIterations[7] sspIterations[73] numSeparations[0] numCuts[0] compileTime[389] sspSolveTime[169] lpSolveTime[0] lb[28073.9] ub[33494.2] numArcs: [106101841] numFixed: [0] time: [686]
STATS - lpIterations[1] lagIterations[8] sspIterations[180] numSeparations[0] numCuts[0] compileTime[389] sspSolveTime[385] lpSolveTime[0] lb[28234.1] ub[33494.2] numArcs: [106100601] numFixed: [0] time: [907]
STATS - lpIterations[1] lagIterations[8] sspIterations[180] numSeparations[0] numCuts[0] compileTime[389] sspSolveTime[385] lpSolveTime[0] lb[28891.4] ub[33494.2] numArcs: [106100601] numFixed: [0] time: [990]
STATS - lpIterations[1] lagIterations[9] sspIterations[229] numSeparations[0] numCuts[0] compileTime[389] sspSolveTime[469] lpSolveTime[0] lb[28902.4] ub[33494.2] numArcs: [106100342] numFixed: [0] time: [1081]
STATS - lpIterations[1] lagIterations[9] sspIterations[229] numSeparations[0] numCuts[0] compileTime[389] sspSolveTime[469] lpSolveTime[0] lb[28973.7] ub[33494.2] numArcs: [106100342] numFixed: [0] time: [1152]
STATS - lpIterations[1] lagIterations[10] sspIterations[283] numSeparations[78] numCuts[0] compileTime[389] sspSolveTime[551] lpSolveTime[0] lb[29136.5] ub[33494.2] numArcs: [106258187] numFixed: [0] time: [1247]
STATS - lpIterations[1] lagIterations[10] sspIterations[283] numSeparations[78] numCuts[0] compileTime[389] sspSolveTime[551] lpSolveTime[0] lb[29262.5] ub[33494.2] numArcs: [106258187] numFixed: [0] time: [1302]
STATS - lpIterations[1] lagIterations[11] sspIterations[330] numSeparations[78] numCuts[0] compileTime[389] sspSolveTime[626] lpSolveTime[0] lb[29371.3] ub[33494.2] numArcs: [106257774] numFixed: [504535] time: [1383]
STATS - lpIterations[1] lagIterations[11] sspIterations[330] numSeparations[78] numCuts[0] compileTime[389] sspSolveTime[626] lpSolveTime[0] lb[29457.4] ub[33494.2] numArcs: [106257774] numFixed: [504535] time: [1432]
STATS - lpIterations[1] lagIterations[12] sspIterations[377] numSeparations[78] numCuts[0] compileTime[389] sspSolveTime[703] lpSolveTime[0] lb[29614.9] ub[33494.2] numArcs: [106257440] numFixed: [504535] time: [1516]
STATS - lpIterations[1] lagIterations[12] sspIterations[377] numSeparations[78] numCuts[0] compileTime[389] sspSolveTime[703] lpSolveTime[0] lb[29680.3] ub[33494.2] numArcs: [106257440] numFixed: [504535] time: [1584]
STATS - lpIterations[1] lagIterations[13] sspIterations[451] numSeparations[78] numCuts[0] compileTime[389] sspSolveTime[809] lpSolveTime[0] lb[29789] ub[33494.2] numArcs: [106256935] numFixed: [504535] time: [1696]
STATS - lpIterations[1] lagIterations[13] sspIterations[451] numSeparations[78] numCuts[0] compileTime[389] sspSolveTime[809] lpSolveTime[0] lb[29897.8] ub[33494.2] numArcs: [106256935] numFixed: [504535] time: [1776]
STATS - lpIterations[1] lagIterations[14] sspIterations[481] numSeparations[160] numCuts[0] compileTime[389] sspSolveTime[857] lpSolveTime[0] lb[29943.3] ub[33494.2] numArcs: [106377041] numFixed: [765862] time: [1832]
STATS - lpIterations[1] lagIterations[14] sspIterations[481] numSeparations[160] numCuts[0] compileTime[389] sspSolveTime[857] lpSolveTime[0] lb[29975.5] ub[33494.2] numArcs: [106377041] numFixed: [765862] time: [1873]
STATS - lpIterations[1] lagIterations[15] sspIterations[603] numSeparations[160] numCuts[0] compileTime[389] sspSolveTime[1069] lpSolveTime[0] lb[30328.2] ub[33494.2] numArcs: [106376043] numFixed: [765862] time: [2216]
STATS - lpIterations[1] lagIterations[16] sspIterations[676] numSeparations[160] numCuts[0] compileTime[389] sspSolveTime[1182] lpSolveTime[0] lb[30376.9] ub[33494.2] numArcs: [106375796] numFixed: [765862] time: [2445]
STATS - lpIterations[1] lagIterations[17] sspIterations[745] numSeparations[160] numCuts[0] compileTime[389] sspSolveTime[1274] lpSolveTime[0] lb[30484.8] ub[33494.2] numArcs: [106375465] numFixed: [765862] time: [2624]
STATS - lpIterations[1] lagIterations[18] sspIterations[797] numSeparations[252] numCuts[0] compileTime[389] sspSolveTime[1349] lpSolveTime[0] lb[30533.3] ub[33494.2] numArcs: [106506097] numFixed: [1040157] time: [2709]
STATS - lpIterations[1] lagIterations[18] sspIterations[797] numSeparations[252] numCuts[0] compileTime[389] sspSolveTime[1349] lpSolveTime[0] lb[30595.7] ub[33494.2] numArcs: [106506097] numFixed: [1040157] time: [2777]
STATS - lpIterations[1] lagIterations[19] sspIterations[867] numSeparations[252] numCuts[0] compileTime[389] sspSolveTime[1478] lpSolveTime[0] lb[30610.3] ub[33494.2] numArcs: [106505606] numFixed: [1040157] time: [2913]
STATS - lpIterations[1] lagIterations[19] sspIterations[867] numSeparations[252] numCuts[0] compileTime[389] sspSolveTime[1478] lpSolveTime[0] lb[30753.8] ub[33494.2] numArcs: [106505606] numFixed: [1040157] time: [2989]
STATS - lpIterations[1] lagIterations[20] sspIterations[919] numSeparations[252] numCuts[0] compileTime[389] sspSolveTime[1590] lpSolveTime[0] lb[30786.6] ub[33494.2] numArcs: [106505317] numFixed: [1040157] time: [3183]
STATS - lpIterations[1] lagIterations[21] sspIterations[1022] numSeparations[252] numCuts[0] compileTime[389] sspSolveTime[1769] lpSolveTime[0] lb[30932.6] ub[33494.2] numArcs: [106504615] numFixed: [1040157] time: [3477]
STATS - lpIterations[1] lagIterations[22] sspIterations[1078] numSeparations[362] numCuts[0] compileTime[389] sspSolveTime[1848] lpSolveTime[0] lb[30949.6] ub[33494.2] numArcs: [106649731] numFixed: [1336394] time: [3574]
