do not relax capacity constraint
instance upper bound: 3060
compiling DD
time step mult: 10
time step: 100
cap step: 1
done compiling DD
batch size for lag: 100
iteration delay to start separating: 0
optimality gap to start repairing: 100
percent fixed to change to CPLEX: 97.5
num arcs to change to CPLEX: 100000
num arcs to change to LAG: 999999999
STATS - lpIterations[0] lagIterations[0] sspIterations[0] numSeparations[0] numCuts[0] compileTime[269] sspSolveTime[0] lpSolveTime[0] lb[0] ub[3060] numArcs: [41282619] numFixed: [0] time: [269]
STATS - lpIterations[1] lagIterations[0] sspIterations[0] numSeparations[0] numCuts[0] compileTime[269] sspSolveTime[0] lpSolveTime[0] lb[0] ub[3060] numArcs: [41282619] numFixed: [0] time: [269]
STATS - lpIterations[1] lagIterations[1] sspIterations[1] numSeparations[0] numCuts[0] compileTime[269] sspSolveTime[2] lpSolveTime[0] lb[1877.45] ub[3060] numArcs: [41282619] numFixed: [0] time: [271]
STATS - lpIterations[1] lagIterations[2] sspIterations[2] numSeparations[0] numCuts[0] compileTime[269] sspSolveTime[4] lpSolveTime[0] lb[1964.4] ub[3060] numArcs: [41282619] numFixed: [0] time: [276]
STATS - lpIterations[1] lagIterations[3] sspIterations[3] numSeparations[0] numCuts[0] compileTime[269] sspSolveTime[7] lpSolveTime[0] lb[2054.96] ub[3060] numArcs: [41282608] numFixed: [0] time: [282]
STATS - lpIterations[1] lagIterations[4] sspIterations[8] numSeparations[0] numCuts[0] compileTime[269] sspSolveTime[11] lpSolveTime[0] lb[2142.74] ub[3060] numArcs: [41282546] numFixed: [0] time: [290]
STATS - lpIterations[1] lagIterations[4] sspIterations[8] numSeparations[0] numCuts[0] compileTime[269] sspSolveTime[11] lpSolveTime[0] lb[2145.71] ub[3060] numArcs: [41282546] numFixed: [0] time: [293]
STATS - lpIterations[1] lagIterations[5] sspIterations[17] numSeparations[0] numCuts[0] compileTime[269] sspSolveTime[21] lpSolveTime[0] lb[2173.3] ub[3060] numArcs: [41282441] numFixed: [0] time: [305]
STATS - lpIterations[1] lagIterations[5] sspIterations[17] numSeparations[0] numCuts[0] compileTime[269] sspSolveTime[21] lpSolveTime[0] lb[2181] ub[3060] numArcs: [41282441] numFixed: [0] time: [310]
STATS - lpIterations[1] lagIterations[6] sspIterations[23] numSeparations[0] numCuts[0] compileTime[269] sspSolveTime[28] lpSolveTime[0] lb[2193.28] ub[3060] numArcs: [41282387] numFixed: [0] time: [319]
STATS - lpIterations[1] lagIterations[6] sspIterations[23] numSeparations[0] numCuts[0] compileTime[269] sspSolveTime[28] lpSolveTime[0] lb[2195.12] ub[3060] numArcs: [41282387] numFixed: [0] time: [323]
STATS - lpIterations[1] lagIterations[7] sspIterations[36] numSeparations[0] numCuts[0] compileTime[269] sspSolveTime[36] lpSolveTime[0] lb[2208.41] ub[3060] numArcs: [41282244] numFixed: [0] time: [333]
STATS - lpIterations[1] lagIterations[7] sspIterations[36] numSeparations[0] numCuts[0] compileTime[269] sspSolveTime[36] lpSolveTime[0] lb[2219.82] ub[3060] numArcs: [41282244] numFixed: [0] time: [338]
STATS - lpIterations[1] lagIterations[8] sspIterations[43] numSeparations[0] numCuts[0] compileTime[269] sspSolveTime[43] lpSolveTime[0] lb[2232.35] ub[3060] numArcs: [41282208] numFixed: [0] time: [348]
STATS - lpIterations[1] lagIterations[8] sspIterations[43] numSeparations[0] numCuts[0] compileTime[269] sspSolveTime[43] lpSolveTime[0] lb[2233.71] ub[3060] numArcs: [41282208] numFixed: [0] time: [352]
STATS - lpIterations[1] lagIterations[9] sspIterations[44] numSeparations[0] numCuts[0] compileTime[269] sspSolveTime[45] lpSolveTime[0] lb[2264.67] ub[3060] numArcs: [41282208] numFixed: [0] time: [357]
STATS - lpIterations[1] lagIterations[10] sspIterations[92] numSeparations[0] numCuts[0] compileTime[269] sspSolveTime[74] lpSolveTime[0] lb[2341.97] ub[3060] numArcs: [41281690] numFixed: [0] time: [401]
STATS - lpIterations[1] lagIterations[11] sspIterations[117] numSeparations[0] numCuts[0] compileTime[269] sspSolveTime[88] lpSolveTime[0] lb[2344.41] ub[3060] numArcs: [41281634] numFixed: [0] time: [428]
STATS - lpIterations[1] lagIterations[12] sspIterations[124] numSeparations[62] numCuts[0] compileTime[269] sspSolveTime[97] lpSolveTime[0] lb[2344.66] ub[3060] numArcs: [41323180] numFixed: [0] time: [439]
STATS - lpIterations[1] lagIterations[12] sspIterations[124] numSeparations[62] numCuts[0] compileTime[269] sspSolveTime[97] lpSolveTime[0] lb[2345.31] ub[3060] numArcs: [41323180] numFixed: [0] time: [446]
STATS - lpIterations[1] lagIterations[13] sspIterations[139] numSeparations[62] numCuts[0] compileTime[269] sspSolveTime[114] lpSolveTime[0] lb[2381.26] ub[3060] numArcs: [41323064] numFixed: [20800] time: [466]
STATS - lpIterations[1] lagIterations[13] sspIterations[139] numSeparations[62] numCuts[0] compileTime[269] sspSolveTime[114] lpSolveTime[0] lb[2391.52] ub[3060] numArcs: [41323064] numFixed: [20800] time: [475]
STATS - lpIterations[1] lagIterations[14] sspIterations[155] numSeparations[62] numCuts[0] compileTime[269] sspSolveTime[127] lpSolveTime[0] lb[2392.15] ub[3060] numArcs: [41322907] numFixed: [20800] time: [491]
STATS - lpIterations[1] lagIterations[14] sspIterations[155] numSeparations[62] numCuts[0] compileTime[269] sspSolveTime[127] lpSolveTime[0] lb[2401.92] ub[3060] numArcs: [41322907] numFixed: [20800] time: [501]
STATS - lpIterations[1] lagIterations[15] sspIterations[161] numSeparations[62] numCuts[0] compileTime[269] sspSolveTime[134] lpSolveTime[0] lb[2404.5] ub[3060] numArcs: [41322882] numFixed: [20800] time: [511]
STATS - lpIterations[1] lagIterations[15] sspIterations[161] numSeparations[62] numCuts[0] compileTime[269] sspSolveTime[134] lpSolveTime[0] lb[2404.69] ub[3060] numArcs: [41322882] numFixed: [20800] time: [516]
STATS - lpIterations[1] lagIterations[16] sspIterations[194] numSeparations[62] numCuts[0] compileTime[269] sspSolveTime[163] lpSolveTime[0] lb[2437.36] ub[3060] numArcs: [41322611] numFixed: [20800] time: [562]
STATS - lpIterations[1] lagIterations[17] sspIterations[208] numSeparations[62] numCuts[0] compileTime[269] sspSolveTime[181] lpSolveTime[0] lb[2440.31] ub[3060] numArcs: [41322591] numFixed: [20800] time: [592]
STATS - lpIterations[1] lagIterations[18] sspIterations[221] numSeparations[62] numCuts[0] compileTime[269] sspSolveTime[197] lpSolveTime[0] lb[2447.49] ub[3060] numArcs: [41322486] numFixed: [20800] time: [610]
STATS - lpIterations[1] lagIterations[18] sspIterations[221] numSeparations[62] numCuts[0] compileTime[269] sspSolveTime[197] lpSolveTime[0] lb[2459.7] ub[3060] numArcs: [41322486] numFixed: [20800] time: [620]
STATS - lpIterations[1] lagIterations[19] sspIterations[226] numSeparations[62] numCuts[0] compileTime[269] sspSolveTime[206] lpSolveTime[0] lb[2467.27] ub[3060] numArcs: [41322485] numFixed: [20800] time: [632]
STATS - lpIterations[1] lagIterations[19] sspIterations[226] numSeparations[62] numCuts[0] compileTime[269] sspSolveTime[206] lpSolveTime[0] lb[2467.77] ub[3060] numArcs: [41322485] numFixed: [20800] time: [637]
STATS - lpIterations[1] lagIterations[20] sspIterations[288] numSeparations[62] numCuts[0] compileTime[269] sspSolveTime[263] lpSolveTime[0] lb[2529.16] ub[3060] numArcs: [41321925] numFixed: [20800] time: [712]
STATS - lpIterations[1] lagIterations[21] sspIterations[309] numSeparations[169] numCuts[0] compileTime[269] sspSolveTime[289] lpSolveTime[0] lb[2533] ub[3060] numArcs: [41368238] numFixed: [43692] time: [754]
STATS - lpIterations[1] lagIterations[22] sspIterations[322] numSeparations[169] numCuts[0] compileTime[269] sspSolveTime[306] lpSolveTime[0] lb[2539.14] ub[3060] numArcs: [41368125] numFixed: [43693] time: [781]
STATS - lpIterations[1] lagIterations[23] sspIterations[327] numSeparations[169] numCuts[0] compileTime[269] sspSolveTime[314] lpSolveTime[0] lb[2547.27] ub[3060] numArcs: [41368103] numFixed: [43693] time: [792]
STATS - lpIterations[1] lagIterations[23] sspIterations[327] numSeparations[169] numCuts[0] compileTime[269] sspSolveTime[314] lpSolveTime[0] lb[2547.72] ub[3060] numArcs: [41368103] numFixed: [43693] time: [798]
STATS - lpIterations[1] lagIterations[24] sspIterations[380] numSeparations[169] numCuts[0] compileTime[269] sspSolveTime[405] lpSolveTime[0] lb[2597.99] ub[3060] numArcs: [41367658] numFixed: [43697] time: [909]
STATS - lpIterations[1] lagIterations[25] sspIterations[403] numSeparations[169] numCuts[0] compileTime[269] sspSolveTime[444] lpSolveTime[0] lb[2601.45] ub[3060] numArcs: [41367592] numFixed: [43885] time: [965]
STATS - lpIterations[1] lagIterations[27] sspIterations[426] numSeparations[253] numCuts[0] compileTime[269] sspSolveTime[472] lpSolveTime[0] lb[2605.82] ub[3060] numArcs: [41402257] numFixed: [58030] time: [1006]
STATS - lpIterations[1] lagIterations[27] sspIterations[426] numSeparations[253] numCuts[0] compileTime[269] sspSolveTime[472] lpSolveTime[0] lb[2605.93] ub[3060] numArcs: [41402257] numFixed: [58030] time: [1011]
STATS - lpIterations[1] lagIterations[28] sspIterations[506] numSeparations[253] numCuts[0] compileTime[269] sspSolveTime[608] lpSolveTime[0] lb[2646.91] ub[3060] numArcs: [41401567] numFixed: [58080] time: [1174]
STATS - lpIterations[1] lagIterations[29] sspIterations[551] numSeparations[253] numCuts[0] compileTime[269] sspSolveTime[677] lpSolveTime[0] lb[2649.83] ub[3060] numArcs: [41401449] numFixed: [59276] time: [1266]
STATS - lpIterations[1] lagIterations[30] sspIterations[570] numSeparations[343] numCuts[0] compileTime[269] sspSolveTime[709] lpSolveTime[0] lb[2651.2] ub[3060] numArcs: [41434266] numFixed: [66352] time: [1316]
STATS - lpIterations[1] lagIterations[31] sspIterations[593] numSeparations[343] numCuts[0] compileTime[269] sspSolveTime[735] lpSolveTime[0] lb[2655.67] ub[3060] numArcs: [41434159] numFixed: [66410] time: [1356]
STATS - lpIterations[1] lagIterations[32] sspIterations[597] numSeparations[343] numCuts[0] compileTime[269] sspSolveTime[747] lpSolveTime[0] lb[2658.04] ub[3060] numArcs: [41434151] numFixed: [66617] time: [1370]
STATS - lpIterations[1] lagIterations[33] sspIterations[666] numSeparations[343] numCuts[0] compileTime[269] sspSolveTime[849] lpSolveTime[0] lb[2700.63] ub[3060] numArcs: [41433620] numFixed: [66738] time: [1507]
STATS - lpIterations[1] lagIterations[34] sspIterations[700] numSeparations[343] numCuts[0] compileTime[269] sspSolveTime[892] lpSolveTime[0] lb[2703.09] ub[3060] numArcs: [41433531] numFixed: [72422] time: [1576]
STATS - lpIterations[1] lagIterations[36] sspIterations[761] numSeparations[437] numCuts[0] compileTime[269] sspSolveTime[975] lpSolveTime[0] lb[2723.88] ub[3060] numArcs: [41462884] numFixed: [229566] time: [1697]
STATS - lpIterations[1] lagIterations[37] sspIterations[780] numSeparations[437] numCuts[0] compileTime[269] sspSolveTime[1010] lpSolveTime[0] lb[2725.8] ub[3060] numArcs: [41462864] numFixed: [234786] time: [1750]
STATS - lpIterations[1] lagIterations[39] sspIterations[811] numSeparations[437] numCuts[0] compileTime[269] sspSolveTime[1048] lpSolveTime[0] lb[2728.59] ub[3060] numArcs: [41462729] numFixed: [235435] time: [1809]
STATS - lpIterations[1] lagIterations[40] sspIterations[871] numSeparations[437] numCuts[0] compileTime[269] sspSolveTime[1146] lpSolveTime[0] lb[2764.56] ub[3060] numArcs: [41462402] numFixed: [235816] time: [1938]
STATS - lpIterations[1] lagIterations[41] sspIterations[896] numSeparations[545] numCuts[0] compileTime[269] sspSolveTime[1198] lpSolveTime[0] lb[2768.39] ub[3060] numArcs: [41497126] numFixed: [270968] time: [2012]
STATS - lpIterations[1] lagIterations[42] sspIterations[916] numSeparations[545] numCuts[0] compileTime[269] sspSolveTime[1227] lpSolveTime[0] lb[2769.19] ub[3060] numArcs: [41497000] numFixed: [275030] time: [2058]
STATS - lpIterations[1] lagIterations[43] sspIterations[931] numSeparations[545] numCuts[0] compileTime[269] sspSolveTime[1253] lpSolveTime[0] lb[2770.53] ub[3060] numArcs: [41496954] numFixed: [276041] time: [2086]
STATS - lpIterations[1] lagIterations[43] sspIterations[931] numSeparations[545] numCuts[0] compileTime[269] sspSolveTime[1253] lpSolveTime[0] lb[2771.23] ub[3060] numArcs: [41496954] numFixed: [276041] time: [2100]
STATS - lpIterations[1] lagIterations[44] sspIterations[962] numSeparations[545] numCuts[0] compileTime[269] sspSolveTime[1286] lpSolveTime[0] lb[2775.55] ub[3060] numArcs: [41496853] numFixed: [277632] time: [2151]
STATS - lpIterations[1] lagIterations[45] sspIterations[972] numSeparations[545] numCuts[0] compileTime[269] sspSolveTime[1303] lpSolveTime[0] lb[2776.71] ub[3060] numArcs: [41496853] numFixed: [281191] time: [2180]
STATS - lpIterations[1] lagIterations[46] sspIterations[1025] numSeparations[545] numCuts[0] compileTime[269] sspSolveTime[1365] lpSolveTime[0] lb[2807.15] ub[3060] numArcs: [41496530] numFixed: [282168] time: [2269]
STATS - lpIterations[1] lagIterations[47] sspIterations[1051] numSeparations[638] numCuts[0] compileTime[269] sspSolveTime[1403] lpSolveTime[0] lb[2809.1] ub[3060] numArcs: [41522583] numFixed: [347367] time: [2330]
STATS - lpIterations[1] lagIterations[50] sspIterations[1160] numSeparations[638] numCuts[0] compileTime[269] sspSolveTime[1559] lpSolveTime[0] lb[2823.2] ub[3060] numArcs: [41521993] numFixed: [354327] time: [2547]
STATS - lpIterations[1] lagIterations[51] sspIterations[1194] numSeparations[733] numCuts[0] compileTime[269] sspSolveTime[1612] lpSolveTime[0] lb[2829.23] ub[3060] numArcs: [41548161] numFixed: [415799] time: [2626]
STATS - lpIterations[1] lagIterations[53] sspIterations[1245] numSeparations[733] numCuts[0] compileTime[269] sspSolveTime[1688] lpSolveTime[0] lb[2831.25] ub[3060] numArcs: [41547959] numFixed: [448215] time: [2748]
STATS - lpIterations[1] lagIterations[55] sspIterations[1329] numSeparations[733] numCuts[0] compileTime[269] sspSolveTime[1796] lpSolveTime[0] lb[2834.01] ub[3060] numArcs: [41547477] numFixed: [453329] time: [2905]
STATS - lpIterations[1] lagIterations[56] sspIterations[1353] numSeparations[854] numCuts[0] compileTime[269] sspSolveTime[1829] lpSolveTime[0] lb[2837.63] ub[3060] numArcs: [41585297] numFixed: [482571] time: [2962]
STATS - lpIterations[1] lagIterations[58] sspIterations[1388] numSeparations[854] numCuts[0] compileTime[269] sspSolveTime[1877] lpSolveTime[0] lb[2838.96] ub[3060] numArcs: [41585162] numFixed: [506813] time: [3042]
STATS - lpIterations[1] lagIterations[60] sspIterations[1425] numSeparations[854] numCuts[0] compileTime[269] sspSolveTime[1930] lpSolveTime[0] lb[2842.78] ub[3060] numArcs: [41585007] numFixed: [516656] time: [3128]
STATS - lpIterations[1] lagIterations[61] sspIterations[1439] numSeparations[854] numCuts[0] compileTime[269] sspSolveTime[1957] lpSolveTime[0] lb[2845.45] ub[3060] numArcs: [41584972] numFixed: [544757] time: [3159]
STATS - lpIterations[1] lagIterations[61] sspIterations[1439] numSeparations[854] numCuts[0] compileTime[269] sspSolveTime[1957] lpSolveTime[0] lb[2847.33] ub[3060] numArcs: [41584972] numFixed: [544757] time: [3172]
STATS - lpIterations[1] lagIterations[62] sspIterations[1460] numSeparations[854] numCuts[0] compileTime[269] sspSolveTime[1992] lpSolveTime[0] lb[2853.86] ub[3060] numArcs: [41584887] numFixed: [582110] time: [3225]
STATS - lpIterations[1] lagIterations[67] sspIterations[1567] numSeparations[940] numCuts[0] compileTime[269] sspSolveTime[2157] lpSolveTime[0] lb[2870.49] ub[3060] numArcs: [41604914] numFixed: [655069] time: [3485]
