do not relax capacity constraint
hgs upper bound: 2639.6
compiling dd
time step mult: 10
time step: 900
cap step: 10
start compiling DD
add terminal node arcs
done compiling dd
STATS - lpIterations[0] lagIterations[0] sspIterations[0] numSeparations[0] numCuts[0] compileTime[2] sspSolveTime[0] lpSolveTime[0] lb[0] ub[2639.6] size: [1849813] time: [2]
batch size for lag: 100
STATS - lpIterations[1] lagIterations[0] sspIterations[0] numSeparations[0] numCuts[0] compileTime[2] sspSolveTime[0] lpSolveTime[0] lb[0] ub[2639.6] size: [1849813] time: [2]
STATS - lpIterations[1] lagIterations[1] sspIterations[1] numSeparations[0] numCuts[0] compileTime[2] sspSolveTime[0] lpSolveTime[0] lb[2000.47] ub[2639.6] size: [1849813] time: [2]
STATS - lpIterations[1] lagIterations[2] sspIterations[2] numSeparations[0] numCuts[0] compileTime[2] sspSolveTime[0] lpSolveTime[0] lb[2092.71] ub[2639.6] size: [1849813] time: [2]
STATS - lpIterations[1] lagIterations[3] sspIterations[3] numSeparations[0] numCuts[0] compileTime[2] sspSolveTime[0] lpSolveTime[0] lb[2192.48] ub[2639.6] size: [1849813] time: [3]
STATS - lpIterations[1] lagIterations[4] sspIterations[5] numSeparations[0] numCuts[0] compileTime[2] sspSolveTime[0] lpSolveTime[0] lb[2290.93] ub[2639.6] size: [1849813] time: [3]
STATS - lpIterations[1] lagIterations[5] sspIterations[42] numSeparations[0] numCuts[0] compileTime[2] sspSolveTime[1] lpSolveTime[0] lb[2359.94] ub[2639.6] size: [1849929] time: [4]
STATS - lpIterations[1] lagIterations[6] sspIterations[61] numSeparations[0] numCuts[0] compileTime[2] sspSolveTime[1] lpSolveTime[0] lb[2368.78] ub[2639.6] size: [1846752] time: [5]
STATS - lpIterations[1] lagIterations[7] sspIterations[75] numSeparations[0] numCuts[0] compileTime[2] sspSolveTime[1] lpSolveTime[0] lb[2371.48] ub[2639.6] size: [1845679] time: [6]
STATS - lpIterations[1] lagIterations[8] sspIterations[101] numSeparations[0] numCuts[0] compileTime[2] sspSolveTime[2] lpSolveTime[0] lb[2379.33] ub[2639.6] size: [1845551] time: [8]
STATS - lpIterations[1] lagIterations[9] sspIterations[106] numSeparations[0] numCuts[0] compileTime[2] sspSolveTime[2] lpSolveTime[0] lb[2379.82] ub[2639.6] size: [1844083] time: [8]
STATS - lpIterations[1] lagIterations[9] sspIterations[106] numSeparations[0] numCuts[0] compileTime[2] sspSolveTime[2] lpSolveTime[0] lb[2380.27] ub[2639.6] size: [1844083] time: [8]
STATS - lpIterations[1] lagIterations[10] sspIterations[167] numSeparations[56] numCuts[0] compileTime[2] sspSolveTime[4] lpSolveTime[0] lb[2418.63] ub[2639.6] size: [1889595] time: [11]
STATS - lpIterations[1] lagIterations[11] sspIterations[197] numSeparations[56] numCuts[0] compileTime[2] sspSolveTime[5] lpSolveTime[0] lb[2422.46] ub[2639.6] size: [1853275] time: [12]
STATS - lpIterations[1] lagIterations[17] sspIterations[324] numSeparations[136] numCuts[0] compileTime[2] sspSolveTime[9] lpSolveTime[0] lb[2423.57] ub[2639.6] size: [1876802] time: [20]
STATS - lpIterations[1] lagIterations[17] sspIterations[324] numSeparations[136] numCuts[0] compileTime[2] sspSolveTime[9] lpSolveTime[0] lb[2428.93] ub[2639.6] size: [1876802] time: [20]
STATS - lpIterations[1] lagIterations[20] sspIterations[416] numSeparations[220] numCuts[0] compileTime[2] sspSolveTime[12] lpSolveTime[0] lb[2450.58] ub[2639.6] size: [1948893] time: [26]
STATS - lpIterations[1] lagIterations[21] sspIterations[446] numSeparations[220] numCuts[0] compileTime[2] sspSolveTime[13] lpSolveTime[0] lb[2453.77] ub[2639.6] size: [1861787] time: [28]
STATS - lpIterations[1] lagIterations[32] sspIterations[691] numSeparations[428] numCuts[0] compileTime[2] sspSolveTime[22] lpSolveTime[0] lb[2454.06] ub[2639.6] size: [2002884] time: [44]
STATS - lpIterations[1] lagIterations[32] sspIterations[691] numSeparations[428] numCuts[0] compileTime[2] sspSolveTime[22] lpSolveTime[0] lb[2458.88] ub[2639.6] size: [2002884] time: [45]
STATS - lpIterations[1] lagIterations[36] sspIterations[786] numSeparations[428] numCuts[0] compileTime[2] sspSolveTime[25] lpSolveTime[0] lb[2467.61] ub[2639.6] size: [1888528] time: [52]
STATS - lpIterations[1] lagIterations[37] sspIterations[813] numSeparations[428] numCuts[0] compileTime[2] sspSolveTime[26] lpSolveTime[0] lb[2467.78] ub[2639.6] size: [1861686] time: [54]
STATS - lpIterations[1] lagIterations[56] sspIterations[1182] numSeparations[694] numCuts[0] compileTime[2] sspSolveTime[41] lpSolveTime[0] lb[2468.67] ub[2639.6] size: [1920413] time: [82]
STATS - lpIterations[1] lagIterations[57] sspIterations[1193] numSeparations[694] numCuts[0] compileTime[2] sspSolveTime[41] lpSolveTime[0] lb[2470.66] ub[2639.6] size: [1913607] time: [83]
STATS - lpIterations[1] lagIterations[57] sspIterations[1193] numSeparations[694] numCuts[0] compileTime[2] sspSolveTime[41] lpSolveTime[0] lb[2470.91] ub[2639.6] size: [1913607] time: [83]
STATS - lpIterations[1] lagIterations[58] sspIterations[1230] numSeparations[694] numCuts[0] compileTime[2] sspSolveTime[42] lpSolveTime[0] lb[2477.32] ub[2639.6] size: [1905760] time: [86]
STATS - lpIterations[1] lagIterations[59] sspIterations[1247] numSeparations[694] numCuts[0] compileTime[2] sspSolveTime[43] lpSolveTime[0] lb[2478.47] ub[2639.6] size: [1877765] time: [87]
STATS - lpIterations[1] lagIterations[59] sspIterations[1247] numSeparations[694] numCuts[0] compileTime[2] sspSolveTime[43] lpSolveTime[0] lb[2478.99] ub[2639.6] size: [1877765] time: [87]
STATS - lpIterations[1] lagIterations[62] sspIterations[1338] numSeparations[778] numCuts[0] compileTime[2] sspSolveTime[47] lpSolveTime[0] lb[2480.49] ub[2639.6] size: [1914786] time: [94]
STATS - lpIterations[1] lagIterations[63] sspIterations[1367] numSeparations[778] numCuts[0] compileTime[2] sspSolveTime[48] lpSolveTime[0] lb[2481.5] ub[2639.6] size: [1877609] time: [96]
STATS - lpIterations[1] lagIterations[69] sspIterations[1483] numSeparations[860] numCuts[0] compileTime[2] sspSolveTime[53] lpSolveTime[0] lb[2481.66] ub[2639.6] size: [1889599] time: [105]
STATS - lpIterations[1] lagIterations[69] sspIterations[1483] numSeparations[860] numCuts[0] compileTime[2] sspSolveTime[53] lpSolveTime[0] lb[2482.44] ub[2639.6] size: [1889599] time: [106]
STATS - lpIterations[1] lagIterations[72] sspIterations[1564] numSeparations[941] numCuts[0] compileTime[2] sspSolveTime[56] lpSolveTime[0] lb[2485.97] ub[2639.6] size: [2112758] time: [112]
STATS - lpIterations[1] lagIterations[73] sspIterations[1584] numSeparations[941] numCuts[0] compileTime[2] sspSolveTime[57] lpSolveTime[0] lb[2486.04] ub[2639.6] size: [1880683] time: [114]
STATS - lpIterations[1] lagIterations[78] sspIterations[1697] numSeparations[941] numCuts[0] compileTime[2] sspSolveTime[62] lpSolveTime[0] lb[2488.64] ub[2639.6] size: [1878962] time: [124]
STATS - lpIterations[1] lagIterations[79] sspIterations[1714] numSeparations[1046] numCuts[0] compileTime[2] sspSolveTime[62] lpSolveTime[0] lb[2489.46] ub[2639.6] size: [2134111] time: [126]
STATS - lpIterations[1] lagIterations[84] sspIterations[1838] numSeparations[1046] numCuts[0] compileTime[2] sspSolveTime[68] lpSolveTime[0] lb[2491.25] ub[2639.6] size: [1875211] time: [136]
STATS - lpIterations[1] lagIterations[85] sspIterations[1858] numSeparations[1046] numCuts[0] compileTime[2] sspSolveTime[69] lpSolveTime[0] lb[2491.72] ub[2639.6] size: [1863111] time: [137]
STATS - lpIterations[1] lagIterations[89] sspIterations[1942] numSeparations[1134] numCuts[0] compileTime[2] sspSolveTime[72] lpSolveTime[0] lb[2492.76] ub[2639.6] size: [1900976] time: [145]
STATS - lpIterations[1] lagIterations[90] sspIterations[1960] numSeparations[1134] numCuts[0] compileTime[2] sspSolveTime[73] lpSolveTime[0] lb[2493.49] ub[2639.6] size: [1865148] time: [145]
STATS - lpIterations[1] lagIterations[90] sspIterations[1960] numSeparations[1134] numCuts[0] compileTime[2] sspSolveTime[73] lpSolveTime[0] lb[2495] ub[2639.6] size: [1865148] time: [146]
STATS - lpIterations[1] lagIterations[94] sspIterations[2055] numSeparations[1225] numCuts[0] compileTime[2] sspSolveTime[77] lpSolveTime[0] lb[2495.44] ub[2639.6] size: [2164395] time: [154]
STATS - lpIterations[1] lagIterations[100] sspIterations[2179] numSeparations[1225] numCuts[0] compileTime[2] sspSolveTime[82] lpSolveTime[0] lb[2496.01] ub[2639.6] size: [1855619] time: [164]
STATS - lpIterations[1] lagIterations[108] sspIterations[2360] numSeparations[1314] numCuts[0] compileTime[2] sspSolveTime[89] lpSolveTime[0] lb[2506.49] ub[2639.6] size: [1887206] time: [179]
STATS - lpIterations[1] lagIterations[142] sspIterations[3082] numSeparations[1684] numCuts[0] compileTime[2] sspSolveTime[120] lpSolveTime[0] lb[2509.16] ub[2639.6] size: [1841680] time: [244]
STATS - lpIterations[1] lagIterations[147] sspIterations[3197] numSeparations[1770] numCuts[0] compileTime[2] sspSolveTime[126] lpSolveTime[0] lb[2511.04] ub[2639.6] size: [2258248] time: [255]
STATS - lpIterations[1] lagIterations[160] sspIterations[3471] numSeparations[1862] numCuts[0] compileTime[2] sspSolveTime[137] lpSolveTime[0] lb[2513.15] ub[2639.6] size: [1792443] time: [280]
STATS - lpIterations[1] lagIterations[161] sspIterations[3493] numSeparations[1862] numCuts[0] compileTime[2] sspSolveTime[138] lpSolveTime[0] lb[2514.19] ub[2639.6] size: [1769150] time: [282]
STATS - lpIterations[1] lagIterations[175] sspIterations[3790] numSeparations[2044] numCuts[0] compileTime[2] sspSolveTime[151] lpSolveTime[0] lb[2514.76] ub[2639.6] size: [1796791] time: [309]
STATS - lpIterations[1] lagIterations[188] sspIterations[4034] numSeparations[2132] numCuts[0] compileTime[2] sspSolveTime[161] lpSolveTime[0] lb[2518.35] ub[2639.6] size: [1798021] time: [332]
STATS - lpIterations[1] lagIterations[189] sspIterations[4055] numSeparations[2132] numCuts[0] compileTime[2] sspSolveTime[161] lpSolveTime[0] lb[2518.8] ub[2639.6] size: [1734486] time: [334]
STATS - lpIterations[1] lagIterations[208] sspIterations[4467] numSeparations[2298] numCuts[0] compileTime[2] sspSolveTime[178] lpSolveTime[0] lb[2522.32] ub[2639.6] size: [1747234] time: [371]
STATS - lpIterations[1] lagIterations[211] sspIterations[4536] numSeparations[2382] numCuts[0] compileTime[2] sspSolveTime[181] lpSolveTime[0] lb[2522.85] ub[2639.6] size: [2355942] time: [378]
STATS - lpIterations[1] lagIterations[216] sspIterations[4642] numSeparations[2382] numCuts[0] compileTime[2] sspSolveTime[186] lpSolveTime[0] lb[2527.3] ub[2639.6] size: [1697644] time: [388]
STATS - lpIterations[1] lagIterations[252] sspIterations[5402] numSeparations[2729] numCuts[0] compileTime[2] sspSolveTime[220] lpSolveTime[0] lb[2528.61] ub[2639.6] size: [1705364] time: [463]
STATS - lpIterations[1] lagIterations[260] sspIterations[5578] numSeparations[2813] numCuts[0] compileTime[2] sspSolveTime[228] lpSolveTime[0] lb[2529.19] ub[2639.6] size: [1662406] time: [481]
STATS - lpIterations[1] lagIterations[262] sspIterations[5621] numSeparations[2813] numCuts[0] compileTime[2] sspSolveTime[230] lpSolveTime[0] lb[2532.02] ub[2639.6] size: [1640962] time: [486]
STATS - lpIterations[1] lagIterations[279] sspIterations[5991] numSeparations[3000] numCuts[0] compileTime[2] sspSolveTime[246] lpSolveTime[0] lb[2532.1] ub[2639.6] size: [2452820] time: [522]
STATS - lpIterations[1] lagIterations[279] sspIterations[5991] numSeparations[3000] numCuts[0] compileTime[2] sspSolveTime[246] lpSolveTime[0] lb[2532.97] ub[2639.6] size: [2452820] time: [523]
STATS - lpIterations[1] lagIterations[290] sspIterations[6211] numSeparations[3079] numCuts[0] compileTime[2] sspSolveTime[256] lpSolveTime[0] lb[2536.59] ub[2639.6] size: [2466239] time: [546]
STATS - lpIterations[1] lagIterations[291] sspIterations[6237] numSeparations[3079] numCuts[0] compileTime[2] sspSolveTime[257] lpSolveTime[0] lb[2536.96] ub[2639.6] size: [1538380] time: [548]
STATS - lpIterations[1] lagIterations[304] sspIterations[6511] numSeparations[3172] numCuts[0] compileTime[2] sspSolveTime[268] lpSolveTime[0] lb[2538] ub[2639.6] size: [1595108] time: [575]
STATS - lpIterations[1] lagIterations[305] sspIterations[6540] numSeparations[3172] numCuts[0] compileTime[2] sspSolveTime[270] lpSolveTime[0] lb[2538.53] ub[2639.6] size: [1519614] time: [578]
STATS - lpIterations[1] lagIterations[332] sspIterations[7155] numSeparations[3472] numCuts[0] compileTime[2] sspSolveTime[297] lpSolveTime[0] lb[2539.15] ub[2639.6] size: [1563522] time: [642]
STATS - lpIterations[1] lagIterations[333] sspIterations[7181] numSeparations[3472] numCuts[0] compileTime[2] sspSolveTime[298] lpSolveTime[0] lb[2539.63] ub[2639.6] size: [1526265] time: [644]
STATS - lpIterations[1] lagIterations[358] sspIterations[7659] numSeparations[3644] numCuts[0] compileTime[2] sspSolveTime[319] lpSolveTime[0] lb[2539.9] ub[2639.6] size: [1540692] time: [699]
STATS - lpIterations[1] lagIterations[359] sspIterations[7697] numSeparations[3644] numCuts[0] compileTime[2] sspSolveTime[321] lpSolveTime[0] lb[2541.24] ub[2639.6] size: [1528456] time: [702]
STATS - lpIterations[1] lagIterations[366] sspIterations[7842] numSeparations[3723] numCuts[0] compileTime[2] sspSolveTime[328] lpSolveTime[0] lb[2541.7] ub[2639.6] size: [1568466] time: [719]
STATS - lpIterations[1] lagIterations[367] sspIterations[7861] numSeparations[3723] numCuts[0] compileTime[2] sspSolveTime[329] lpSolveTime[0] lb[2542.29] ub[2639.6] size: [1501580] time: [721]
STATS - lpIterations[1] lagIterations[371] sspIterations[7954] numSeparations[3723] numCuts[0] compileTime[2] sspSolveTime[333] lpSolveTime[0] lb[2542.56] ub[2639.6] size: [1488853] time: [730]
STATS - lpIterations[1] lagIterations[405] sspIterations[8650] numSeparations[3976] numCuts[0] compileTime[2] sspSolveTime[366] lpSolveTime[0] lb[2542.93] ub[2639.6] size: [1504769] time: [808]
STATS - lpIterations[1] lagIterations[418] sspIterations[8902] numSeparations[4062] numCuts[0] compileTime[2] sspSolveTime[377] lpSolveTime[0] lb[2544.4] ub[2639.6] size: [1503406] time: [838]
STATS - lpIterations[1] lagIterations[421] sspIterations[8972] numSeparations[4146] numCuts[0] compileTime[2] sspSolveTime[381] lpSolveTime[0] lb[2545.16] ub[2639.6] size: [1552334] time: [847]
STATS - lpIterations[1] lagIterations[428] sspIterations[9129] numSeparations[4146] numCuts[0] compileTime[2] sspSolveTime[388] lpSolveTime[0] lb[2547.11] ub[2639.6] size: [1466151] time: [864]
STATS - lpIterations[1] lagIterations[429] sspIterations[9154] numSeparations[4146] numCuts[0] compileTime[2] sspSolveTime[389] lpSolveTime[0] lb[2548.07] ub[2639.6] size: [1426844] time: [867]
STATS - lpIterations[1] lagIterations[488] sspIterations[10367] numSeparations[4594] numCuts[0] compileTime[2] sspSolveTime[444] lpSolveTime[0] lb[2548.42] ub[2639.6] size: [1444548] time: [1005]
STATS - lpIterations[1] lagIterations[490] sspIterations[10404] numSeparations[4594] numCuts[0] compileTime[2] sspSolveTime[446] lpSolveTime[0] lb[2548.44] ub[2639.6] size: [1437109] time: [1010]
STATS - lpIterations[1] lagIterations[492] sspIterations[10442] numSeparations[4594] numCuts[0] compileTime[2] sspSolveTime[447] lpSolveTime[0] lb[2549.02] ub[2639.6] size: [1430688] time: [1015]
STATS - lpIterations[1] lagIterations[497] sspIterations[10534] numSeparations[4678] numCuts[0] compileTime[2] sspSolveTime[451] lpSolveTime[0] lb[2549.15] ub[2639.6] size: [1458091] time: [1026]
STATS - lpIterations[1] lagIterations[502] sspIterations[10631] numSeparations[4678] numCuts[0] compileTime[2] sspSolveTime[455] lpSolveTime[0] lb[2549.3] ub[2639.6] size: [1424326] time: [1036]
STATS - lpIterations[1] lagIterations[503] sspIterations[10643] numSeparations[4678] numCuts[0] compileTime[2] sspSolveTime[456] lpSolveTime[0] lb[2550.29] ub[2639.6] size: [1419306] time: [1037]
STATS - lpIterations[1] lagIterations[521] sspIterations[11029] numSeparations[4759] numCuts[0] compileTime[2] sspSolveTime[473] lpSolveTime[0] lb[2550.48] ub[2639.6] size: [1418417] time: [1083]
STATS - lpIterations[1] lagIterations[524] sspIterations[11088] numSeparations[4846] numCuts[0] compileTime[2] sspSolveTime[477] lpSolveTime[0] lb[2550.8] ub[2639.6] size: [1409200] time: [1091]
STATS - lpIterations[1] lagIterations[527] sspIterations[11151] numSeparations[4846] numCuts[0] compileTime[2] sspSolveTime[479] lpSolveTime[0] lb[2551.32] ub[2639.6] size: [1409227] time: [1099]
STATS - lpIterations[1] lagIterations[532] sspIterations[11266] numSeparations[4846] numCuts[0] compileTime[2] sspSolveTime[485] lpSolveTime[0] lb[2551.47] ub[2639.6] size: [1386890] time: [1112]
STATS - lpIterations[1] lagIterations[537] sspIterations[11364] numSeparations[4930] numCuts[0] compileTime[2] sspSolveTime[489] lpSolveTime[0] lb[2552.91] ub[2639.6] size: [1437159] time: [1123]
STATS - lpIterations[1] lagIterations[573] sspIterations[12103] numSeparations[5100] numCuts[0] compileTime[2] sspSolveTime[522] lpSolveTime[0] lb[2553.02] ub[2639.6] size: [1379947] time: [1211]
STATS - lpIterations[1] lagIterations[576] sspIterations[12170] numSeparations[5185] numCuts[0] compileTime[2] sspSolveTime[526] lpSolveTime[0] lb[2554.44] ub[2639.6] size: [1410213] time: [1221]
STATS - lpIterations[1] lagIterations[577] sspIterations[12191] numSeparations[5185] numCuts[0] compileTime[2] sspSolveTime[527] lpSolveTime[0] lb[2555.09] ub[2639.6] size: [1345662] time: [1223]
STATS - lpIterations[1] lagIterations[601] sspIterations[12673] numSeparations[5358] numCuts[0] compileTime[2] sspSolveTime[548] lpSolveTime[0] lb[2555.27] ub[2639.6] size: [1416082] time: [1280]
STATS - lpIterations[1] lagIterations[607] sspIterations[12803] numSeparations[5358] numCuts[0] compileTime[2] sspSolveTime[554] lpSolveTime[0] lb[2556.28] ub[2639.6] size: [1365025] time: [1296]
STATS - lpIterations[1] lagIterations[608] sspIterations[12827] numSeparations[5358] numCuts[0] compileTime[2] sspSolveTime[555] lpSolveTime[0] lb[2556.82] ub[2639.6] size: [1319755] time: [1297]
STATS - lpIterations[1] lagIterations[651] sspIterations[13729] numSeparations[5701] numCuts[0] compileTime[2] sspSolveTime[598] lpSolveTime[0] lb[2557.54] ub[2639.6] size: [2860443] time: [1407]
STATS - lpIterations[1] lagIterations[664] sspIterations[14008] numSeparations[5797] numCuts[0] compileTime[2] sspSolveTime[612] lpSolveTime[0] lb[2557.63] ub[2639.6] size: [2874429] time: [1443]
STATS - lpIterations[1] lagIterations[665] sspIterations[14026] numSeparations[5797] numCuts[0] compileTime[2] sspSolveTime[612] lpSolveTime[0] lb[2558.44] ub[2639.6] size: [1317313] time: [1445]
STATS - lpIterations[1] lagIterations[671] sspIterations[14157] numSeparations[5797] numCuts[0] compileTime[2] sspSolveTime[619] lpSolveTime[0] lb[2558.54] ub[2639.6] size: [1316700] time: [1462]
STATS - lpIterations[1] lagIterations[672] sspIterations[14183] numSeparations[5797] numCuts[0] compileTime[2] sspSolveTime[620] lpSolveTime[0] lb[2558.75] ub[2639.6] size: [1296671] time: [1465]
STATS - lpIterations[2] lagIterations[709] sspIterations[14912] numSeparations[6050] numCuts[0] compileTime[2] sspSolveTime[655] lpSolveTime[0] lb[2558.75] ub[2639.6] size: [1307587] time: [1561]
STATS - lpIterations[2] lagIterations[710] sspIterations[14929] numSeparations[6050] numCuts[0] compileTime[2] sspSolveTime[656] lpSolveTime[0] lb[2559.05] ub[2639.6] size: [1307590] time: [1562]
STATS - lpIterations[3] lagIterations[811] sspIterations[17454] numSeparations[7284] numCuts[0] compileTime[2] sspSolveTime[840] lpSolveTime[0] lb[2559.05] ub[2639.6] size: [1785838] time: [1901]
STATS - lpIterations[3] lagIterations[812] sspIterations[17470] numSeparations[7284] numCuts[0] compileTime[2] sspSolveTime[841] lpSolveTime[0] lb[2559.25] ub[2639.6] size: [1785839] time: [1902]
STATS - lpIterations[4] lagIterations[913] sspIterations[20025] numSeparations[8531] numCuts[0] compileTime[2] sspSolveTime[1039] lpSolveTime[0] lb[2559.25] ub[2639.6] size: [1780066] time: [2273]
STATS - lpIterations[4] lagIterations[914] sspIterations[20041] numSeparations[8531] numCuts[0] compileTime[2] sspSolveTime[1040] lpSolveTime[0] lb[2559.39] ub[2639.6] size: [1780066] time: [2273]
STATS - lpIterations[5] lagIterations[1015] sspIterations[22647] numSeparations[9746] numCuts[0] compileTime[2] sspSolveTime[1264] lpSolveTime[0] lb[2559.39] ub[2639.6] size: [1999172] time: [2687]
STATS - lpIterations[5] lagIterations[1016] sspIterations[22663] numSeparations[9746] numCuts[0] compileTime[2] sspSolveTime[1265] lpSolveTime[0] lb[2559.48] ub[2639.6] size: [1999172] time: [2687]
STATS - lpIterations[6] lagIterations[1117] sspIterations[25146] numSeparations[10724] numCuts[0] compileTime[2] sspSolveTime[1470] lpSolveTime[0] lb[2559.48] ub[2639.6] size: [1713179] time: [3089]
STATS - lpIterations[6] lagIterations[1209] sspIterations[27400] numSeparations[11645] numCuts[0] compileTime[2] sspSolveTime[1661] lpSolveTime[0] lb[2561.08] ub[2639.6] size: [2021278] time: [3463]
STATS - lpIterations[7] lagIterations[1219] sspIterations[27625] numSeparations[11742] numCuts[0] compileTime[2] sspSolveTime[1677] lpSolveTime[0] lb[2561.08] ub[2639.6] size: [2088696] time: [3501]
