relax capacity constraint
hgs upper bound: 16462.6
compiling dd
time step mult: 10
time step: 900
cap step: 10
start compiling DD
add terminal node arcs
done compiling dd
STATS - lpIterations[0] lagIterations[0] sspIterations[0] numSeparations[0] numCuts[0] compileTime[642] sspSolveTime[0] lpSolveTime[0] lb[0] ub[16462.6] size: [133715719] time: [642]
batch size for lag: 100
STATS - lpIterations[1] lagIterations[0] sspIterations[0] numSeparations[0] numCuts[0] compileTime[642] sspSolveTime[0] lpSolveTime[0] lb[0] ub[16462.6] size: [133715719] time: [643]
STATS - lpIterations[1] lagIterations[1] sspIterations[51] numSeparations[0] numCuts[0] compileTime[642] sspSolveTime[355] lpSolveTime[0] lb[6510.4] ub[16462.6] size: [133717754] time: [999]
STATS - lpIterations[1] lagIterations[1] sspIterations[51] numSeparations[0] numCuts[0] compileTime[642] sspSolveTime[355] lpSolveTime[0] lb[9280.14] ub[16462.6] size: [133717754] time: [1028]
STATS - lpIterations[1] lagIterations[2] sspIterations[97] numSeparations[0] numCuts[0] compileTime[642] sspSolveTime[428] lpSolveTime[0] lb[9282.77] ub[16462.6] size: [133717858] time: [1138]
STATS - lpIterations[1] lagIterations[3] sspIterations[113] numSeparations[0] numCuts[0] compileTime[642] sspSolveTime[460] lpSolveTime[0] lb[9308.95] ub[16462.6] size: [133717949] time: [1190]
STATS - lpIterations[1] lagIterations[4] sspIterations[116] numSeparations[51] numCuts[0] compileTime[642] sspSolveTime[470] lpSolveTime[0] lb[9328.48] ub[16462.6] size: [133866671] time: [1208]
STATS - lpIterations[1] lagIterations[4] sspIterations[116] numSeparations[51] numCuts[0] compileTime[642] sspSolveTime[470] lpSolveTime[0] lb[9335.29] ub[16462.6] size: [133866671] time: [1218]
STATS - lpIterations[1] lagIterations[5] sspIterations[121] numSeparations[51] numCuts[0] compileTime[642] sspSolveTime[486] lpSolveTime[0] lb[9443.48] ub[16462.6] size: [133811749] time: [1240]
STATS - lpIterations[1] lagIterations[5] sspIterations[121] numSeparations[51] numCuts[0] compileTime[642] sspSolveTime[486] lpSolveTime[0] lb[9454.92] ub[16462.6] size: [133811749] time: [1258]
STATS - lpIterations[1] lagIterations[6] sspIterations[127] numSeparations[51] numCuts[0] compileTime[642] sspSolveTime[496] lpSolveTime[0] lb[9534.13] ub[16462.6] size: [133811905] time: [1275]
STATS - lpIterations[1] lagIterations[6] sspIterations[127] numSeparations[51] numCuts[0] compileTime[642] sspSolveTime[496] lpSolveTime[0] lb[9538.47] ub[16462.6] size: [133811905] time: [1290]
STATS - lpIterations[1] lagIterations[7] sspIterations[128] numSeparations[51] numCuts[0] compileTime[642] sspSolveTime[502] lpSolveTime[0] lb[9622.82] ub[16462.6] size: [133811905] time: [1302]
STATS - lpIterations[1] lagIterations[8] sspIterations[135] numSeparations[51] numCuts[0] compileTime[642] sspSolveTime[520] lpSolveTime[0] lb[10031.6] ub[16462.6] size: [133812094] time: [1331]
STATS - lpIterations[1] lagIterations[8] sspIterations[135] numSeparations[51] numCuts[0] compileTime[642] sspSolveTime[520] lpSolveTime[0] lb[10056.8] ub[16462.6] size: [133812094] time: [1346]
STATS - lpIterations[1] lagIterations[9] sspIterations[138] numSeparations[51] numCuts[0] compileTime[642] sspSolveTime[528] lpSolveTime[0] lb[10128.8] ub[16462.6] size: [133812143] time: [1361]
STATS - lpIterations[1] lagIterations[9] sspIterations[138] numSeparations[51] numCuts[0] compileTime[642] sspSolveTime[528] lpSolveTime[0] lb[10129] ub[16462.6] size: [133812143] time: [1374]
STATS - lpIterations[1] lagIterations[10] sspIterations[143] numSeparations[51] numCuts[0] compileTime[642] sspSolveTime[539] lpSolveTime[0] lb[10480] ub[16462.6] size: [133812240] time: [1391]
STATS - lpIterations[1] lagIterations[10] sspIterations[143] numSeparations[51] numCuts[0] compileTime[642] sspSolveTime[539] lpSolveTime[0] lb[10499.7] ub[16462.6] size: [133812240] time: [1404]
STATS - lpIterations[1] lagIterations[11] sspIterations[145] numSeparations[51] numCuts[0] compileTime[642] sspSolveTime[549] lpSolveTime[0] lb[10603.5] ub[16462.6] size: [133812323] time: [1420]
STATS - lpIterations[1] lagIterations[11] sspIterations[145] numSeparations[51] numCuts[0] compileTime[642] sspSolveTime[549] lpSolveTime[0] lb[10610.3] ub[16462.6] size: [133812323] time: [1428]
STATS - lpIterations[1] lagIterations[12] sspIterations[147] numSeparations[51] numCuts[0] compileTime[642] sspSolveTime[556] lpSolveTime[0] lb[10734.2] ub[16462.6] size: [133812352] time: [1442]
STATS - lpIterations[1] lagIterations[12] sspIterations[147] numSeparations[51] numCuts[0] compileTime[642] sspSolveTime[556] lpSolveTime[0] lb[10735.3] ub[16462.6] size: [133812352] time: [1453]
STATS - lpIterations[1] lagIterations[13] sspIterations[155] numSeparations[51] numCuts[0] compileTime[642] sspSolveTime[572] lpSolveTime[0] lb[11045.1] ub[16462.6] size: [133812616] time: [1475]
STATS - lpIterations[1] lagIterations[13] sspIterations[155] numSeparations[51] numCuts[0] compileTime[642] sspSolveTime[572] lpSolveTime[0] lb[11091.5] ub[16462.6] size: [133812616] time: [1492]
STATS - lpIterations[1] lagIterations[14] sspIterations[157] numSeparations[51] numCuts[0] compileTime[642] sspSolveTime[579] lpSolveTime[0] lb[11156.9] ub[16462.6] size: [133812636] time: [1507]
STATS - lpIterations[1] lagIterations[14] sspIterations[157] numSeparations[51] numCuts[0] compileTime[642] sspSolveTime[579] lpSolveTime[0] lb[11158.2] ub[16462.6] size: [133812636] time: [1517]
STATS - lpIterations[1] lagIterations[15] sspIterations[167] numSeparations[51] numCuts[0] compileTime[642] sspSolveTime[597] lpSolveTime[0] lb[11537.7] ub[16462.6] size: [133812838] time: [1541]
STATS - lpIterations[1] lagIterations[15] sspIterations[167] numSeparations[51] numCuts[0] compileTime[642] sspSolveTime[597] lpSolveTime[0] lb[11602] ub[16462.6] size: [133812838] time: [1561]
STATS - lpIterations[1] lagIterations[16] sspIterations[171] numSeparations[51] numCuts[0] compileTime[642] sspSolveTime[606] lpSolveTime[0] lb[11656.5] ub[16462.6] size: [133812860] time: [1576]
STATS - lpIterations[1] lagIterations[16] sspIterations[171] numSeparations[51] numCuts[0] compileTime[642] sspSolveTime[606] lpSolveTime[0] lb[11658.9] ub[16462.6] size: [133812860] time: [1591]
STATS - lpIterations[1] lagIterations[17] sspIterations[189] numSeparations[51] numCuts[0] compileTime[642] sspSolveTime[627] lpSolveTime[0] lb[11876.7] ub[16462.6] size: [133813271] time: [1618]
STATS - lpIterations[1] lagIterations[17] sspIterations[189] numSeparations[51] numCuts[0] compileTime[642] sspSolveTime[627] lpSolveTime[0] lb[11957.8] ub[16462.6] size: [133813271] time: [1646]
STATS - lpIterations[1] lagIterations[18] sspIterations[193] numSeparations[51] numCuts[0] compileTime[642] sspSolveTime[636] lpSolveTime[0] lb[12028.9] ub[16462.6] size: [133813359] time: [1662]
STATS - lpIterations[1] lagIterations[18] sspIterations[193] numSeparations[51] numCuts[0] compileTime[642] sspSolveTime[636] lpSolveTime[0] lb[12030.3] ub[16462.6] size: [133813359] time: [1677]
STATS - lpIterations[1] lagIterations[19] sspIterations[211] numSeparations[51] numCuts[0] compileTime[642] sspSolveTime[664] lpSolveTime[0] lb[12198.4] ub[16462.6] size: [133813730] time: [1712]
STATS - lpIterations[1] lagIterations[19] sspIterations[211] numSeparations[51] numCuts[0] compileTime[642] sspSolveTime[664] lpSolveTime[0] lb[12252.4] ub[16462.6] size: [133813730] time: [1744]
STATS - lpIterations[1] lagIterations[20] sspIterations[221] numSeparations[51] numCuts[0] compileTime[642] sspSolveTime[685] lpSolveTime[0] lb[12271.9] ub[16462.6] size: [133813800] time: [1772]
STATS - lpIterations[1] lagIterations[20] sspIterations[221] numSeparations[51] numCuts[0] compileTime[642] sspSolveTime[685] lpSolveTime[0] lb[12278.8] ub[16462.6] size: [133813800] time: [1800]
STATS - lpIterations[1] lagIterations[21] sspIterations[243] numSeparations[104] numCuts[0] compileTime[642] sspSolveTime[720] lpSolveTime[0] lb[12396.9] ub[16462.6] size: [134026180] time: [1844]
STATS - lpIterations[1] lagIterations[21] sspIterations[243] numSeparations[104] numCuts[0] compileTime[642] sspSolveTime[720] lpSolveTime[0] lb[12499.8] ub[16462.6] size: [134026180] time: [1879]
STATS - lpIterations[1] lagIterations[22] sspIterations[249] numSeparations[104] numCuts[0] compileTime[642] sspSolveTime[734] lpSolveTime[0] lb[12565.3] ub[16462.6] size: [133927729] time: [1899]
STATS - lpIterations[1] lagIterations[22] sspIterations[249] numSeparations[104] numCuts[0] compileTime[642] sspSolveTime[734] lpSolveTime[0] lb[12566.2] ub[16462.6] size: [133927729] time: [1918]
STATS - lpIterations[1] lagIterations[23] sspIterations[289] numSeparations[104] numCuts[0] compileTime[642] sspSolveTime[803] lpSolveTime[0] lb[12672] ub[16462.6] size: [133928841] time: [1994]
STATS - lpIterations[1] lagIterations[23] sspIterations[289] numSeparations[104] numCuts[0] compileTime[642] sspSolveTime[803] lpSolveTime[0] lb[12904.9] ub[16462.6] size: [133928841] time: [2054]
STATS - lpIterations[1] lagIterations[24] sspIterations[306] numSeparations[104] numCuts[0] compileTime[642] sspSolveTime[828] lpSolveTime[0] lb[12928] ub[16462.6] size: [133928913] time: [2085]
STATS - lpIterations[1] lagIterations[24] sspIterations[306] numSeparations[104] numCuts[0] compileTime[642] sspSolveTime[828] lpSolveTime[0] lb[12949.4] ub[16462.6] size: [133928913] time: [2135]
STATS - lpIterations[1] lagIterations[25] sspIterations[335] numSeparations[104] numCuts[0] compileTime[642] sspSolveTime[866] lpSolveTime[0] lb[13049.8] ub[16462.6] size: [133929508] time: [2215]
STATS - lpIterations[1] lagIterations[26] sspIterations[343] numSeparations[184] numCuts[0] compileTime[642] sspSolveTime[877] lpSolveTime[0] lb[13096.9] ub[16462.6] size: [134255217] time: [2236]
STATS - lpIterations[1] lagIterations[26] sspIterations[343] numSeparations[184] numCuts[0] compileTime[642] sspSolveTime[877] lpSolveTime[0] lb[13098] ub[16462.6] size: [134255217] time: [2260]
STATS - lpIterations[1] lagIterations[27] sspIterations[392] numSeparations[184] numCuts[0] compileTime[642] sspSolveTime[959] lpSolveTime[0] lb[13119.1] ub[16462.6] size: [134126724] time: [2348]
STATS - lpIterations[1] lagIterations[27] sspIterations[392] numSeparations[184] numCuts[0] compileTime[642] sspSolveTime[959] lpSolveTime[0] lb[13331.9] ub[16462.6] size: [134126724] time: [2412]
STATS - lpIterations[1] lagIterations[28] sspIterations[422] numSeparations[184] numCuts[0] compileTime[642] sspSolveTime[1012] lpSolveTime[0] lb[13352.5] ub[16462.6] size: [134126810] time: [2531]
STATS - lpIterations[1] lagIterations[29] sspIterations[432] numSeparations[184] numCuts[0] compileTime[642] sspSolveTime[1033] lpSolveTime[0] lb[13358.1] ub[16462.6] size: [134126920] time: [2558]
STATS - lpIterations[1] lagIterations[29] sspIterations[432] numSeparations[184] numCuts[0] compileTime[642] sspSolveTime[1033] lpSolveTime[0] lb[13374.3] ub[16462.6] size: [134126920] time: [2579]
STATS - lpIterations[1] lagIterations[30] sspIterations[452] numSeparations[184] numCuts[0] compileTime[642] sspSolveTime[1063] lpSolveTime[0] lb[13479.7] ub[16462.6] size: [134127098] time: [2615]
STATS - lpIterations[1] lagIterations[30] sspIterations[452] numSeparations[184] numCuts[0] compileTime[642] sspSolveTime[1063] lpSolveTime[0] lb[13505.8] ub[16462.6] size: [134127098] time: [2664]
STATS - lpIterations[1] lagIterations[31] sspIterations[464] numSeparations[261] numCuts[0] compileTime[642] sspSolveTime[1084] lpSolveTime[0] lb[13553.8] ub[16462.6] size: [134457334] time: [2692]
STATS - lpIterations[1] lagIterations[31] sspIterations[464] numSeparations[261] numCuts[0] compileTime[642] sspSolveTime[1084] lpSolveTime[0] lb[13568] ub[16462.6] size: [134457334] time: [2723]
STATS - lpIterations[1] lagIterations[32] sspIterations[504] numSeparations[261] numCuts[0] compileTime[642] sspSolveTime[1166] lpSolveTime[0] lb[13717.6] ub[16462.6] size: [134314391] time: [2866]
STATS - lpIterations[1] lagIterations[33] sspIterations[522] numSeparations[261] numCuts[0] compileTime[642] sspSolveTime[1205] lpSolveTime[0] lb[13753.5] ub[16462.6] size: [134314491] time: [2911]
STATS - lpIterations[1] lagIterations[33] sspIterations[522] numSeparations[261] numCuts[0] compileTime[642] sspSolveTime[1205] lpSolveTime[0] lb[13758.5] ub[16462.6] size: [134314491] time: [2958]
STATS - lpIterations[1] lagIterations[34] sspIterations[568] numSeparations[261] numCuts[0] compileTime[642] sspSolveTime[1291] lpSolveTime[0] lb[13827.4] ub[16462.6] size: [134315361] time: [3098]
STATS - lpIterations[1] lagIterations[35] sspIterations[580] numSeparations[354] numCuts[0] compileTime[642] sspSolveTime[1317] lpSolveTime[0] lb[13855.2] ub[16462.6] size: [134728681] time: [3132]
STATS - lpIterations[1] lagIterations[35] sspIterations[580] numSeparations[354] numCuts[0] compileTime[642] sspSolveTime[1317] lpSolveTime[0] lb[13868.9] ub[16462.6] size: [134728681] time: [3157]
STATS - lpIterations[1] lagIterations[36] sspIterations[632] numSeparations[354] numCuts[0] compileTime[642] sspSolveTime[1383] lpSolveTime[0] lb[13963.9] ub[16462.6] size: [134571329] time: [3284]
STATS - lpIterations[1] lagIterations[37] sspIterations[641] numSeparations[354] numCuts[0] compileTime[642] sspSolveTime[1401] lpSolveTime[0] lb[14005.5] ub[16462.6] size: [134571372] time: [3309]
STATS - lpIterations[1] lagIterations[38] sspIterations[730] numSeparations[354] numCuts[0] compileTime[642] sspSolveTime[1516] lpSolveTime[0] lb[14167.5] ub[16462.6] size: [134572804] time: [3538]
