relax capacity constraint
hgs upper bound: 7123.9
compiling dd
time step mult: 10
time step: 900
cap step: 10
start compiling DD
add terminal node arcs
done compiling dd
STATS - lpIterations[0] lagIterations[0] sspIterations[0] numSeparations[0] numCuts[0] compileTime[135] sspSolveTime[0] lpSolveTime[0] lb[0] ub[7123.9] size: [50052307] time: [135]
batch size for lag: 100
STATS - lpIterations[1] lagIterations[0] sspIterations[0] numSeparations[0] numCuts[0] compileTime[135] sspSolveTime[0] lpSolveTime[0] lb[0] ub[7123.9] size: [50052307] time: [135]
STATS - lpIterations[1] lagIterations[1] sspIterations[9] numSeparations[0] numCuts[0] compileTime[135] sspSolveTime[10] lpSolveTime[0] lb[3424.5] ub[7123.9] size: [50052682] time: [145]
STATS - lpIterations[1] lagIterations[1] sspIterations[9] numSeparations[0] numCuts[0] compileTime[135] sspSolveTime[10] lpSolveTime[0] lb[3552.63] ub[7123.9] size: [50052682] time: [148]
STATS - lpIterations[1] lagIterations[2] sspIterations[13] numSeparations[0] numCuts[0] compileTime[135] sspSolveTime[15] lpSolveTime[0] lb[3564.77] ub[7123.9] size: [50052708] time: [159]
STATS - lpIterations[1] lagIterations[3] sspIterations[14] numSeparations[0] numCuts[0] compileTime[135] sspSolveTime[17] lpSolveTime[0] lb[3616.47] ub[7123.9] size: [50052708] time: [163]
STATS - lpIterations[1] lagIterations[4] sspIterations[15] numSeparations[0] numCuts[0] compileTime[135] sspSolveTime[19] lpSolveTime[0] lb[3782.14] ub[7123.9] size: [50052708] time: [167]
STATS - lpIterations[1] lagIterations[5] sspIterations[16] numSeparations[0] numCuts[0] compileTime[135] sspSolveTime[21] lpSolveTime[0] lb[3941.49] ub[7123.9] size: [50052750] time: [172]
STATS - lpIterations[1] lagIterations[5] sspIterations[16] numSeparations[0] numCuts[0] compileTime[135] sspSolveTime[21] lpSolveTime[0] lb[3942.34] ub[7123.9] size: [50052750] time: [175]
STATS - lpIterations[1] lagIterations[6] sspIterations[17] numSeparations[0] numCuts[0] compileTime[135] sspSolveTime[23] lpSolveTime[0] lb[4111.48] ub[7123.9] size: [50052771] time: [179]
STATS - lpIterations[1] lagIterations[7] sspIterations[18] numSeparations[0] numCuts[0] compileTime[135] sspSolveTime[26] lpSolveTime[0] lb[4282.42] ub[7123.9] size: [50052795] time: [184]
STATS - lpIterations[1] lagIterations[8] sspIterations[19] numSeparations[0] numCuts[0] compileTime[135] sspSolveTime[28] lpSolveTime[0] lb[4464.36] ub[7123.9] size: [50052818] time: [189]
STATS - lpIterations[1] lagIterations[9] sspIterations[24] numSeparations[0] numCuts[0] compileTime[135] sspSolveTime[32] lpSolveTime[0] lb[4634.2] ub[7123.9] size: [50052984] time: [196]
STATS - lpIterations[1] lagIterations[9] sspIterations[24] numSeparations[0] numCuts[0] compileTime[135] sspSolveTime[32] lpSolveTime[0] lb[4644.51] ub[7123.9] size: [50052984] time: [200]
STATS - lpIterations[1] lagIterations[10] sspIterations[25] numSeparations[0] numCuts[0] compileTime[135] sspSolveTime[35] lpSolveTime[0] lb[4695.3] ub[7123.9] size: [50053026] time: [204]
STATS - lpIterations[1] lagIterations[10] sspIterations[25] numSeparations[0] numCuts[0] compileTime[135] sspSolveTime[35] lpSolveTime[0] lb[4696.13] ub[7123.9] size: [50053026] time: [206]
STATS - lpIterations[1] lagIterations[11] sspIterations[38] numSeparations[0] numCuts[0] compileTime[135] sspSolveTime[45] lpSolveTime[0] lb[4808.23] ub[7123.9] size: [50053420] time: [219]
STATS - lpIterations[1] lagIterations[11] sspIterations[38] numSeparations[0] numCuts[0] compileTime[135] sspSolveTime[45] lpSolveTime[0] lb[4859.44] ub[7123.9] size: [50053420] time: [225]
STATS - lpIterations[1] lagIterations[12] sspIterations[39] numSeparations[0] numCuts[0] compileTime[135] sspSolveTime[48] lpSolveTime[0] lb[4888.66] ub[7123.9] size: [50053420] time: [230]
STATS - lpIterations[1] lagIterations[12] sspIterations[39] numSeparations[0] numCuts[0] compileTime[135] sspSolveTime[48] lpSolveTime[0] lb[4889.45] ub[7123.9] size: [50053420] time: [232]
STATS - lpIterations[1] lagIterations[13] sspIterations[61] numSeparations[0] numCuts[0] compileTime[135] sspSolveTime[61] lpSolveTime[0] lb[4981.89] ub[7123.9] size: [50053971] time: [248]
STATS - lpIterations[1] lagIterations[13] sspIterations[61] numSeparations[0] numCuts[0] compileTime[135] sspSolveTime[61] lpSolveTime[0] lb[5055.4] ub[7123.9] size: [50053971] time: [260]
STATS - lpIterations[1] lagIterations[14] sspIterations[66] numSeparations[0] numCuts[0] compileTime[135] sspSolveTime[65] lpSolveTime[0] lb[5074.24] ub[7123.9] size: [50054049] time: [265]
STATS - lpIterations[1] lagIterations[14] sspIterations[66] numSeparations[0] numCuts[0] compileTime[135] sspSolveTime[65] lpSolveTime[0] lb[5077.3] ub[7123.9] size: [50054049] time: [271]
STATS - lpIterations[1] lagIterations[15] sspIterations[81] numSeparations[0] numCuts[0] compileTime[135] sspSolveTime[75] lpSolveTime[0] lb[5134.47] ub[7123.9] size: [50054319] time: [283]
STATS - lpIterations[1] lagIterations[15] sspIterations[81] numSeparations[0] numCuts[0] compileTime[135] sspSolveTime[75] lpSolveTime[0] lb[5167.36] ub[7123.9] size: [50054319] time: [292]
STATS - lpIterations[1] lagIterations[16] sspIterations[85] numSeparations[0] numCuts[0] compileTime[135] sspSolveTime[79] lpSolveTime[0] lb[5183.63] ub[7123.9] size: [50054403] time: [297]
STATS - lpIterations[1] lagIterations[16] sspIterations[85] numSeparations[0] numCuts[0] compileTime[135] sspSolveTime[79] lpSolveTime[0] lb[5186.18] ub[7123.9] size: [50054403] time: [303]
STATS - lpIterations[1] lagIterations[17] sspIterations[107] numSeparations[0] numCuts[0] compileTime[135] sspSolveTime[94] lpSolveTime[0] lb[5249.86] ub[7123.9] size: [50054900] time: [321]
STATS - lpIterations[1] lagIterations[17] sspIterations[107] numSeparations[0] numCuts[0] compileTime[135] sspSolveTime[94] lpSolveTime[0] lb[5303.51] ub[7123.9] size: [50054900] time: [334]
STATS - lpIterations[1] lagIterations[18] sspIterations[110] numSeparations[35] numCuts[0] compileTime[135] sspSolveTime[98] lpSolveTime[0] lb[5313.91] ub[7123.9] size: [50179580] time: [340]
STATS - lpIterations[1] lagIterations[18] sspIterations[110] numSeparations[35] numCuts[0] compileTime[135] sspSolveTime[98] lpSolveTime[0] lb[5315.9] ub[7123.9] size: [50179580] time: [345]
STATS - lpIterations[1] lagIterations[19] sspIterations[150] numSeparations[35] numCuts[0] compileTime[135] sspSolveTime[138] lpSolveTime[0] lb[5428.98] ub[7123.9] size: [50151112] time: [404]
STATS - lpIterations[1] lagIterations[20] sspIterations[167] numSeparations[35] numCuts[0] compileTime[135] sspSolveTime[150] lpSolveTime[0] lb[5448.23] ub[7123.9] size: [50151166] time: [431]
STATS - lpIterations[1] lagIterations[21] sspIterations[172] numSeparations[35] numCuts[0] compileTime[135] sspSolveTime[155] lpSolveTime[0] lb[5457.47] ub[7123.9] size: [50151212] time: [438]
STATS - lpIterations[1] lagIterations[21] sspIterations[172] numSeparations[35] numCuts[0] compileTime[135] sspSolveTime[155] lpSolveTime[0] lb[5460.92] ub[7123.9] size: [50151212] time: [445]
STATS - lpIterations[1] lagIterations[22] sspIterations[206] numSeparations[35] numCuts[0] compileTime[135] sspSolveTime[182] lpSolveTime[0] lb[5555.06] ub[7123.9] size: [50151880] time: [490]
STATS - lpIterations[1] lagIterations[23] sspIterations[218] numSeparations[35] numCuts[0] compileTime[135] sspSolveTime[189] lpSolveTime[0] lb[5567.24] ub[7123.9] size: [50151901] time: [499]
STATS - lpIterations[1] lagIterations[23] sspIterations[218] numSeparations[35] numCuts[0] compileTime[135] sspSolveTime[189] lpSolveTime[0] lb[5571.2] ub[7123.9] size: [50151901] time: [509]
STATS - lpIterations[1] lagIterations[24] sspIterations[232] numSeparations[101] numCuts[0] compileTime[135] sspSolveTime[199] lpSolveTime[0] lb[5597.07] ub[7123.9] size: [50377078] time: [528]
STATS - lpIterations[1] lagIterations[25] sspIterations[234] numSeparations[101] numCuts[0] compileTime[135] sspSolveTime[202] lpSolveTime[0] lb[5620.07] ub[7123.9] size: [50330917] time: [534]
STATS - lpIterations[1] lagIterations[25] sspIterations[234] numSeparations[101] numCuts[0] compileTime[135] sspSolveTime[202] lpSolveTime[0] lb[5620.31] ub[7123.9] size: [50330917] time: [537]
STATS - lpIterations[1] lagIterations[26] sspIterations[285] numSeparations[101] numCuts[0] compileTime[135] sspSolveTime[289] lpSolveTime[0] lb[5743.8] ub[7123.9] size: [50332243] time: [644]
STATS - lpIterations[1] lagIterations[27] sspIterations[313] numSeparations[101] numCuts[0] compileTime[135] sspSolveTime[313] lpSolveTime[0] lb[5757.75] ub[7123.9] size: [50332484] time: [687]
STATS - lpIterations[1] lagIterations[29] sspIterations[358] numSeparations[181] numCuts[0] compileTime[135] sspSolveTime[359] lpSolveTime[0] lb[5813.38] ub[7123.9] size: [50607204] time: [761]
STATS - lpIterations[1] lagIterations[30] sspIterations[373] numSeparations[181] numCuts[0] compileTime[135] sspSolveTime[376] lpSolveTime[0] lb[5825.35] ub[7123.9] size: [50553334] time: [794]
STATS - lpIterations[1] lagIterations[31] sspIterations[393] numSeparations[181] numCuts[0] compileTime[135] sspSolveTime[391] lpSolveTime[0] lb[5827.05] ub[7123.9] size: [50553537] time: [823]
STATS - lpIterations[1] lagIterations[32] sspIterations[398] numSeparations[181] numCuts[0] compileTime[135] sspSolveTime[396] lpSolveTime[0] lb[5835.38] ub[7123.9] size: [50553554] time: [831]
STATS - lpIterations[1] lagIterations[32] sspIterations[398] numSeparations[181] numCuts[0] compileTime[135] sspSolveTime[396] lpSolveTime[0] lb[5836.57] ub[7123.9] size: [50553554] time: [837]
STATS - lpIterations[1] lagIterations[33] sspIterations[435] numSeparations[181] numCuts[0] compileTime[135] sspSolveTime[435] lpSolveTime[0] lb[5914.86] ub[7123.9] size: [50554060] time: [896]
STATS - lpIterations[1] lagIterations[34] sspIterations[453] numSeparations[271] numCuts[0] compileTime[135] sspSolveTime[451] lpSolveTime[0] lb[5915.2] ub[7123.9] size: [50815830] time: [915]
STATS - lpIterations[1] lagIterations[34] sspIterations[453] numSeparations[271] numCuts[0] compileTime[135] sspSolveTime[451] lpSolveTime[0] lb[5933.12] ub[7123.9] size: [50815830] time: [930]
STATS - lpIterations[1] lagIterations[35] sspIterations[460] numSeparations[271] numCuts[0] compileTime[135] sspSolveTime[457] lpSolveTime[0] lb[5933.16] ub[7123.9] size: [50759494] time: [939]
STATS - lpIterations[1] lagIterations[35] sspIterations[460] numSeparations[271] numCuts[0] compileTime[135] sspSolveTime[457] lpSolveTime[0] lb[5936.91] ub[7123.9] size: [50759494] time: [945]
STATS - lpIterations[1] lagIterations[36] sspIterations[498] numSeparations[271] numCuts[0] compileTime[135] sspSolveTime[496] lpSolveTime[0] lb[5982.01] ub[7123.9] size: [50760065] time: [1004]
STATS - lpIterations[1] lagIterations[37] sspIterations[514] numSeparations[271] numCuts[0] compileTime[135] sspSolveTime[514] lpSolveTime[0] lb[5996.68] ub[7123.9] size: [50760200] time: [1039]
STATS - lpIterations[1] lagIterations[38] sspIterations[530] numSeparations[271] numCuts[0] compileTime[135] sspSolveTime[527] lpSolveTime[0] lb[6001.05] ub[7123.9] size: [50760277] time: [1067]
STATS - lpIterations[1] lagIterations[39] sspIterations[536] numSeparations[271] numCuts[0] compileTime[135] sspSolveTime[532] lpSolveTime[0] lb[6005.19] ub[7123.9] size: [50760325] time: [1081]
STATS - lpIterations[1] lagIterations[40] sspIterations[572] numSeparations[348] numCuts[0] compileTime[135] sspSolveTime[570] lpSolveTime[0] lb[6060.74] ub[7123.9] size: [50993298] time: [1139]
STATS - lpIterations[1] lagIterations[41] sspIterations[587] numSeparations[348] numCuts[0] compileTime[135] sspSolveTime[588] lpSolveTime[0] lb[6065.28] ub[7123.9] size: [50935805] time: [1171]
STATS - lpIterations[1] lagIterations[43] sspIterations[611] numSeparations[348] numCuts[0] compileTime[135] sspSolveTime[613] lpSolveTime[0] lb[6070.93] ub[7123.9] size: [50936073] time: [1213]
STATS - lpIterations[1] lagIterations[43] sspIterations[611] numSeparations[348] numCuts[0] compileTime[135] sspSolveTime[613] lpSolveTime[0] lb[6074.09] ub[7123.9] size: [50936073] time: [1222]
STATS - lpIterations[1] lagIterations[44] sspIterations[643] numSeparations[348] numCuts[0] compileTime[135] sspSolveTime[661] lpSolveTime[0] lb[6134.53] ub[7123.9] size: [50936468] time: [1290]
STATS - lpIterations[1] lagIterations[45] sspIterations[657] numSeparations[430] numCuts[0] compileTime[135] sspSolveTime[680] lpSolveTime[0] lb[6135.36] ub[7123.9] size: [51185129] time: [1311]
STATS - lpIterations[1] lagIterations[45] sspIterations[657] numSeparations[430] numCuts[0] compileTime[135] sspSolveTime[680] lpSolveTime[0] lb[6141.22] ub[7123.9] size: [51185129] time: [1327]
STATS - lpIterations[1] lagIterations[48] sspIterations[711] numSeparations[430] numCuts[0] compileTime[135] sspSolveTime[745] lpSolveTime[0] lb[6163.84] ub[7123.9] size: [51126042] time: [1434]
STATS - lpIterations[1] lagIterations[49] sspIterations[719] numSeparations[430] numCuts[0] compileTime[135] sspSolveTime[752] lpSolveTime[0] lb[6167.92] ub[7123.9] size: [51126075] time: [1443]
STATS - lpIterations[1] lagIterations[49] sspIterations[719] numSeparations[430] numCuts[0] compileTime[135] sspSolveTime[752] lpSolveTime[0] lb[6170.11] ub[7123.9] size: [51126075] time: [1452]
STATS - lpIterations[1] lagIterations[50] sspIterations[762] numSeparations[430] numCuts[0] compileTime[135] sspSolveTime[798] lpSolveTime[0] lb[6194.55] ub[7123.9] size: [51126647] time: [1525]
STATS - lpIterations[1] lagIterations[51] sspIterations[782] numSeparations[536] numCuts[0] compileTime[135] sspSolveTime[820] lpSolveTime[0] lb[6205.99] ub[7123.9] size: [51433800] time: [1565]
STATS - lpIterations[1] lagIterations[53] sspIterations[819] numSeparations[536] numCuts[0] compileTime[135] sspSolveTime[860] lpSolveTime[0] lb[6213.59] ub[7123.9] size: [51371478] time: [1637]
STATS - lpIterations[1] lagIterations[54] sspIterations[826] numSeparations[536] numCuts[0] compileTime[135] sspSolveTime[867] lpSolveTime[0] lb[6215.12] ub[7123.9] size: [51371515] time: [1646]
STATS - lpIterations[1] lagIterations[54] sspIterations[826] numSeparations[536] numCuts[0] compileTime[135] sspSolveTime[867] lpSolveTime[0] lb[6217.42] ub[7123.9] size: [51371515] time: [1657]
STATS - lpIterations[1] lagIterations[55] sspIterations[872] numSeparations[536] numCuts[0] compileTime[135] sspSolveTime[921] lpSolveTime[0] lb[6246.34] ub[7123.9] size: [51372151] time: [1736]
STATS - lpIterations[1] lagIterations[56] sspIterations[897] numSeparations[637] numCuts[0] compileTime[135] sspSolveTime[952] lpSolveTime[0] lb[6250.86] ub[7123.9] size: [51650909] time: [1786]
STATS - lpIterations[1] lagIterations[58] sspIterations[934] numSeparations[637] numCuts[0] compileTime[135] sspSolveTime[1000] lpSolveTime[0] lb[6257.53] ub[7123.9] size: [51584878] time: [1865]
STATS - lpIterations[1] lagIterations[59] sspIterations[943] numSeparations[637] numCuts[0] compileTime[135] sspSolveTime[1008] lpSolveTime[0] lb[6257.92] ub[7123.9] size: [51584910] time: [1885]
STATS - lpIterations[1] lagIterations[60] sspIterations[978] numSeparations[637] numCuts[0] compileTime[135] sspSolveTime[1053] lpSolveTime[0] lb[6278.93] ub[7123.9] size: [51585309] time: [1951]
STATS - lpIterations[1] lagIterations[61] sspIterations[990] numSeparations[727] numCuts[0] compileTime[135] sspSolveTime[1071] lpSolveTime[0] lb[6287.29] ub[7123.9] size: [51815904] time: [1985]
STATS - lpIterations[1] lagIterations[62] sspIterations[1020] numSeparations[727] numCuts[0] compileTime[135] sspSolveTime[1107] lpSolveTime[0] lb[6288.31] ub[7123.9] size: [51749133] time: [2039]
STATS - lpIterations[1] lagIterations[63] sspIterations[1028] numSeparations[727] numCuts[0] compileTime[135] sspSolveTime[1117] lpSolveTime[0] lb[6289.72] ub[7123.9] size: [51749171] time: [2052]
STATS - lpIterations[1] lagIterations[63] sspIterations[1028] numSeparations[727] numCuts[0] compileTime[135] sspSolveTime[1117] lpSolveTime[0] lb[6294.67] ub[7123.9] size: [51749171] time: [2060]
STATS - lpIterations[1] lagIterations[64] sspIterations[1061] numSeparations[727] numCuts[0] compileTime[135] sspSolveTime[1195] lpSolveTime[0] lb[6304.74] ub[7123.9] size: [51749547] time: [2161]
STATS - lpIterations[1] lagIterations[65] sspIterations[1080] numSeparations[727] numCuts[0] compileTime[135] sspSolveTime[1228] lpSolveTime[0] lb[6310.66] ub[7123.9] size: [51749627] time: [2213]
STATS - lpIterations[1] lagIterations[67] sspIterations[1107] numSeparations[814] numCuts[0] compileTime[135] sspSolveTime[1267] lpSolveTime[0] lb[6313.37] ub[7123.9] size: [51910952] time: [2285]
STATS - lpIterations[1] lagIterations[70] sspIterations[1171] numSeparations[814] numCuts[0] compileTime[135] sspSolveTime[1341] lpSolveTime[0] lb[6330.72] ub[7123.9] size: [51911310] time: [2415]
STATS - lpIterations[1] lagIterations[71] sspIterations[1183] numSeparations[814] numCuts[0] compileTime[135] sspSolveTime[1359] lpSolveTime[0] lb[6335.63] ub[7123.9] size: [51911379] time: [2449]
STATS - lpIterations[1] lagIterations[72] sspIterations[1202] numSeparations[902] numCuts[0] compileTime[135] sspSolveTime[1387] lpSolveTime[0] lb[6339.2] ub[7123.9] size: [52146657] time: [2496]
STATS - lpIterations[1] lagIterations[73] sspIterations[1213] numSeparations[902] numCuts[0] compileTime[135] sspSolveTime[1400] lpSolveTime[0] lb[6340.1] ub[7123.9] size: [52077930] time: [2525]
STATS - lpIterations[1] lagIterations[74] sspIterations[1251] numSeparations[902] numCuts[0] compileTime[135] sspSolveTime[1460] lpSolveTime[0] lb[6350.8] ub[7123.9] size: [52078282] time: [2611]
STATS - lpIterations[1] lagIterations[75] sspIterations[1269] numSeparations[902] numCuts[0] compileTime[135] sspSolveTime[1511] lpSolveTime[0] lb[6359.15] ub[7123.9] size: [52078380] time: [2685]
STATS - lpIterations[1] lagIterations[77] sspIterations[1297] numSeparations[987] numCuts[0] compileTime[135] sspSolveTime[1549] lpSolveTime[0] lb[6363.84] ub[7123.9] size: [52311812] time: [2756]
STATS - lpIterations[1] lagIterations[78] sspIterations[1311] numSeparations[987] numCuts[0] compileTime[135] sspSolveTime[1566] lpSolveTime[0] lb[6370.09] ub[7123.9] size: [52242502] time: [2790]
STATS - lpIterations[1] lagIterations[82] sspIterations[1417] numSeparations[1089] numCuts[0] compileTime[135] sspSolveTime[1692] lpSolveTime[0] lb[6374.52] ub[7123.9] size: [52525154] time: [2995]
STATS - lpIterations[1] lagIterations[84] sspIterations[1446] numSeparations[1089] numCuts[0] compileTime[135] sspSolveTime[1724] lpSolveTime[0] lb[6379.49] ub[7123.9] size: [52454078] time: [3057]
STATS - lpIterations[1] lagIterations[85] sspIterations[1452] numSeparations[1089] numCuts[0] compileTime[135] sspSolveTime[1735] lpSolveTime[0] lb[6381.98] ub[7123.9] size: [52454104] time: [3070]
STATS - lpIterations[1] lagIterations[85] sspIterations[1452] numSeparations[1089] numCuts[0] compileTime[135] sspSolveTime[1735] lpSolveTime[0] lb[6385.36] ub[7123.9] size: [52454104] time: [3079]
STATS - lpIterations[1] lagIterations[86] sspIterations[1495] numSeparations[1089] numCuts[0] compileTime[135] sspSolveTime[1788] lpSolveTime[0] lb[6402.53] ub[7123.9] size: [52454427] time: [3160]
STATS - lpIterations[1] lagIterations[87] sspIterations[1519] numSeparations[1089] numCuts[0] compileTime[135] sspSolveTime[1826] lpSolveTime[0] lb[6404.41] ub[7123.9] size: [52454474] time: [3224]
STATS - lpIterations[1] lagIterations[91] sspIterations[1625] numSeparations[1190] numCuts[0] compileTime[135] sspSolveTime[1981] lpSolveTime[0] lb[6424.21] ub[7123.9] size: [52639838] time: [3454]
STATS - lpIterations[1] lagIterations[92] sspIterations[1659] numSeparations[1287] numCuts[0] compileTime[135] sspSolveTime[2036] lpSolveTime[0] lb[6431.7] ub[7123.9] size: [52880867] time: [3532]
STATS - lpIterations[1] lagIterations[93] sspIterations[1677] numSeparations[1287] numCuts[0] compileTime[135] sspSolveTime[2061] lpSolveTime[0] lb[6432.99] ub[7123.9] size: [52802730] time: [3576]
