do not relax capacity constraint
hgs upper bound: 6927.8
compiling dd
time step mult: 10
time step: 900
cap step: 10
start compiling DD
add terminal node arcs
done compiling dd
changing solve type to LAG
STATS - lpIterations[1] lagIterations[0] sspIterations[0] numSeparations[0] numCuts[0] compileTime[22] sspSolveTime[0] lpSolveTime[0] lb[0] ub[6927.8] size: [48899] time: [22]
STATS - lpIterations[1] lagIterations[1] sspIterations[1] numSeparations[0] numCuts[0] compileTime[22] sspSolveTime[0] lpSolveTime[0] lb[5659.6] ub[6927.8] size: [48899] time: [22]
STATS - lpIterations[1] lagIterations[2] sspIterations[2] numSeparations[1] numCuts[0] compileTime[22] sspSolveTime[0] lpSolveTime[0] lb[5931.04] ub[6927.8] size: [48902] time: [23]
STATS - lpIterations[1] lagIterations[3] sspIterations[14] numSeparations[2] numCuts[0] compileTime[22] sspSolveTime[1] lpSolveTime[0] lb[6203.63] ub[6927.8] size: [48909] time: [24]
STATS - lpIterations[1] lagIterations[3] sspIterations[14] numSeparations[2] numCuts[0] compileTime[22] sspSolveTime[1] lpSolveTime[0] lb[6207.91] ub[6927.8] size: [48909] time: [25]
STATS - lpIterations[1] lagIterations[4] sspIterations[84] numSeparations[14] numCuts[0] compileTime[22] sspSolveTime[5] lpSolveTime[0] lb[6312.65] ub[6927.8] size: [48967] time: [34]
STATS - lpIterations[1] lagIterations[5] sspIterations[95] numSeparations[84] numCuts[0] compileTime[22] sspSolveTime[6] lpSolveTime[0] lb[6330.82] ub[6927.8] size: [49270] time: [35]
STATS - lpIterations[1] lagIterations[5] sspIterations[95] numSeparations[84] numCuts[0] compileTime[22] sspSolveTime[6] lpSolveTime[0] lb[6333.11] ub[6927.8] size: [49270] time: [37]
STATS - lpIterations[1] lagIterations[6] sspIterations[220] numSeparations[95] numCuts[0] compileTime[22] sspSolveTime[15] lpSolveTime[0] lb[6402.11] ub[6927.8] size: [49315] time: [51]
STATS - lpIterations[1] lagIterations[7] sspIterations[265] numSeparations[217] numCuts[0] compileTime[22] sspSolveTime[17] lpSolveTime[0] lb[6422.43] ub[6927.8] size: [49733] time: [58]
STATS - lpIterations[1] lagIterations[10] sspIterations[374] numSeparations[322] numCuts[0] compileTime[22] sspSolveTime[24] lpSolveTime[0] lb[6426.22] ub[6927.8] size: [49979] time: [75]
STATS - lpIterations[1] lagIterations[11] sspIterations[397] numSeparations[363] numCuts[0] compileTime[22] sspSolveTime[26] lpSolveTime[0] lb[6434.85] ub[6927.8] size: [50072] time: [80]
STATS - lpIterations[1] lagIterations[12] sspIterations[456] numSeparations[385] numCuts[0] compileTime[22] sspSolveTime[30] lpSolveTime[0] lb[6475.75] ub[6927.8] size: [50118] time: [89]
STATS - lpIterations[1] lagIterations[14] sspIterations[597] numSeparations[454] numCuts[0] compileTime[22] sspSolveTime[42] lpSolveTime[0] lb[6500.58] ub[6927.8] size: [50269] time: [112]
STATS - lpIterations[1] lagIterations[15] sspIterations[652] numSeparations[568] numCuts[0] compileTime[22] sspSolveTime[47] lpSolveTime[0] lb[6516.02] ub[6927.8] size: [50566] time: [123]
STATS - lpIterations[1] lagIterations[23] sspIterations[1092] numSeparations[894] numCuts[0] compileTime[22] sspSolveTime[85] lpSolveTime[0] lb[6520.75] ub[6927.8] size: [51294] time: [200]
STATS - lpIterations[1] lagIterations[24] sspIterations[1136] numSeparations[995] numCuts[0] compileTime[22] sspSolveTime[88] lpSolveTime[0] lb[6527.78] ub[6927.8] size: [51516] time: [209]
STATS - lpIterations[1] lagIterations[29] sspIterations[1386] numSeparations[1211] numCuts[0] compileTime[22] sspSolveTime[108] lpSolveTime[0] lb[6534.83] ub[6927.8] size: [51960] time: [255]
STATS - lpIterations[1] lagIterations[36] sspIterations[1652] numSeparations[1420] numCuts[0] compileTime[22] sspSolveTime[130] lpSolveTime[0] lb[6540.38] ub[6927.8] size: [52370] time: [309]
STATS - lpIterations[1] lagIterations[38] sspIterations[1753] numSeparations[1491] numCuts[0] compileTime[22] sspSolveTime[140] lpSolveTime[0] lb[6553.62] ub[6927.8] size: [52525] time: [329]
STATS - lpIterations[1] lagIterations[39] sspIterations[1779] numSeparations[1558] numCuts[0] compileTime[22] sspSolveTime[142] lpSolveTime[0] lb[6555.39] ub[6927.8] size: [52661] time: [336]
STATS - lpIterations[1] lagIterations[40] sspIterations[1870] numSeparations[1572] numCuts[0] compileTime[22] sspSolveTime[151] lpSolveTime[0] lb[6557.25] ub[6927.8] size: [52681] time: [350]
STATS - lpIterations[1] lagIterations[41] sspIterations[1908] numSeparations[1652] numCuts[0] compileTime[22] sspSolveTime[154] lpSolveTime[0] lb[6562.16] ub[6927.8] size: [52852] time: [360]
STATS - lpIterations[1] lagIterations[47] sspIterations[2192] numSeparations[1881] numCuts[0] compileTime[22] sspSolveTime[181] lpSolveTime[0] lb[6568.42] ub[6927.8] size: [53296] time: [419]
STATS - lpIterations[1] lagIterations[51] sspIterations[2392] numSeparations[2037] numCuts[0] compileTime[22] sspSolveTime[200] lpSolveTime[0] lb[6572.46] ub[6927.8] size: [53563] time: [460]
STATS - lpIterations[1] lagIterations[54] sspIterations[2545] numSeparations[2123] numCuts[0] compileTime[22] sspSolveTime[215] lpSolveTime[0] lb[6580.83] ub[6927.8] size: [53711] time: [494]
STATS - lpIterations[1] lagIterations[55] sspIterations[2585] numSeparations[2186] numCuts[0] compileTime[22] sspSolveTime[219] lpSolveTime[0] lb[6585.46] ub[6927.8] size: [53837] time: [505]
STATS - lpIterations[1] lagIterations[66] sspIterations[3061] numSeparations[2509] numCuts[0] compileTime[22] sspSolveTime[265] lpSolveTime[0] lb[6589.31] ub[6927.8] size: [54413] time: [609]
STATS - lpIterations[1] lagIterations[67] sspIterations[3092] numSeparations[2562] numCuts[0] compileTime[22] sspSolveTime[268] lpSolveTime[0] lb[6589.71] ub[6927.8] size: [54517] time: [612]
STATS - lpIterations[1] lagIterations[67] sspIterations[3092] numSeparations[2562] numCuts[0] compileTime[22] sspSolveTime[268] lpSolveTime[0] lb[6591.63] ub[6927.8] size: [54517] time: [617]
STATS - lpIterations[1] lagIterations[70] sspIterations[3274] numSeparations[2650] numCuts[0] compileTime[22] sspSolveTime[288] lpSolveTime[0] lb[6597.31] ub[6927.8] size: [54677] time: [657]
STATS - lpIterations[1] lagIterations[71] sspIterations[3319] numSeparations[2732] numCuts[0] compileTime[22] sspSolveTime[292] lpSolveTime[0] lb[6604.99] ub[6927.8] size: [54833] time: [668]
STATS - lpIterations[1] lagIterations[79] sspIterations[3703] numSeparations[2961] numCuts[0] compileTime[22] sspSolveTime[334] lpSolveTime[0] lb[6608.03] ub[6927.8] size: [55254] time: [758]
STATS - lpIterations[1] lagIterations[80] sspIterations[3754] numSeparations[3054] numCuts[0] compileTime[22] sspSolveTime[339] lpSolveTime[0] lb[6614.83] ub[6927.8] size: [55402] time: [771]
STATS - lpIterations[1] lagIterations[103] sspIterations[4837] numSeparations[3851] numCuts[0] compileTime[22] sspSolveTime[459] lpSolveTime[0] lb[6615.04] ub[6927.8] size: [56695] time: [1032]
STATS - lpIterations[1] lagIterations[106] sspIterations[5001] numSeparations[3919] numCuts[0] compileTime[22] sspSolveTime[477] lpSolveTime[0] lb[6618.74] ub[6927.8] size: [56798] time: [1071]
STATS - lpIterations[1] lagIterations[107] sspIterations[5044] numSeparations[3986] numCuts[0] compileTime[22] sspSolveTime[481] lpSolveTime[0] lb[6624.74] ub[6927.8] size: [56917] time: [1082]
STATS - lpIterations[1] lagIterations[112] sspIterations[5269] numSeparations[4131] numCuts[0] compileTime[22] sspSolveTime[506] lpSolveTime[0] lb[6625.3] ub[6927.8] size: [57156] time: [1141]
STATS - lpIterations[1] lagIterations[127] sspIterations[5934] numSeparations[4541] numCuts[0] compileTime[22] sspSolveTime[579] lpSolveTime[0] lb[6629.13] ub[6927.8] size: [57866] time: [1310]
STATS - lpIterations[1] lagIterations[129] sspIterations[6038] numSeparations[4586] numCuts[0] compileTime[22] sspSolveTime[592] lpSolveTime[0] lb[6629.95] ub[6927.8] size: [57938] time: [1337]
STATS - lpIterations[1] lagIterations[130] sspIterations[6079] numSeparations[4650] numCuts[0] compileTime[22] sspSolveTime[596] lpSolveTime[0] lb[6635.47] ub[6927.8] size: [58030] time: [1348]
STATS - lpIterations[1] lagIterations[139] sspIterations[6482] numSeparations[4847] numCuts[0] compileTime[22] sspSolveTime[643] lpSolveTime[0] lb[6640.86] ub[6927.8] size: [58363] time: [1453]
STATS - lpIterations[1] lagIterations[140] sspIterations[6528] numSeparations[4914] numCuts[0] compileTime[22] sspSolveTime[647] lpSolveTime[0] lb[6643.97] ub[6927.8] size: [58478] time: [1465]
STATS - lpIterations[1] lagIterations[164] sspIterations[7627] numSeparations[5590] numCuts[0] compileTime[22] sspSolveTime[770] lpSolveTime[0] lb[6645.56] ub[6927.8] size: [59568] time: [1754]
STATS - lpIterations[1] lagIterations[165] sspIterations[7665] numSeparations[5611] numCuts[0] compileTime[22] sspSolveTime[774] lpSolveTime[0] lb[6647.78] ub[6927.8] size: [59606] time: [1765]
STATS - lpIterations[1] lagIterations[175] sspIterations[8092] numSeparations[5832] numCuts[0] compileTime[22] sspSolveTime[823] lpSolveTime[0] lb[6648.61] ub[6927.8] size: [59930] time: [1880]
STATS - lpIterations[1] lagIterations[176] sspIterations[8125] numSeparations[5874] numCuts[0] compileTime[22] sspSolveTime[827] lpSolveTime[0] lb[6652.57] ub[6927.8] size: [59991] time: [1884]
STATS - lpIterations[1] lagIterations[181] sspIterations[8359] numSeparations[5986] numCuts[0] compileTime[22] sspSolveTime[854] lpSolveTime[0] lb[6654.87] ub[6927.8] size: [60160] time: [1951]
STATS - lpIterations[1] lagIterations[182] sspIterations[8392] numSeparations[6027] numCuts[0] compileTime[22] sspSolveTime[857] lpSolveTime[0] lb[6655.11] ub[6927.8] size: [60238] time: [1955]
STATS - lpIterations[1] lagIterations[182] sspIterations[8392] numSeparations[6027] numCuts[0] compileTime[22] sspSolveTime[857] lpSolveTime[0] lb[6655.47] ub[6927.8] size: [60238] time: [1961]
STATS - lpIterations[1] lagIterations[184] sspIterations[8485] numSeparations[6088] numCuts[0] compileTime[22] sspSolveTime[868] lpSolveTime[0] lb[6657.2] ub[6927.8] size: [60337] time: [1980]
STATS - lpIterations[1] lagIterations[186] sspIterations[8615] numSeparations[6164] numCuts[0] compileTime[22] sspSolveTime[885] lpSolveTime[0] lb[6657.88] ub[6927.8] size: [60460] time: [2019]
STATS - lpIterations[1] lagIterations[200] sspIterations[9137] numSeparations[6427] numCuts[0] compileTime[22] sspSolveTime[943] lpSolveTime[0] lb[6657.97] ub[6927.8] size: [60858] time: [2172]
STATS - lpIterations[1] lagIterations[206] sspIterations[9360] numSeparations[6558] numCuts[0] compileTime[22] sspSolveTime[968] lpSolveTime[0] lb[6659.2] ub[6927.8] size: [61061] time: [2231]
STATS - lpIterations[1] lagIterations[207] sspIterations[9434] numSeparations[6566] numCuts[0] compileTime[22] sspSolveTime[978] lpSolveTime[0] lb[6662.96] ub[6927.8] size: [61075] time: [2255]
STATS - lpIterations[1] lagIterations[208] sspIterations[9480] numSeparations[6612] numCuts[0] compileTime[22] sspSolveTime[983] lpSolveTime[0] lb[6663.88] ub[6927.8] size: [61144] time: [2261]
STATS - lpIterations[1] lagIterations[208] sspIterations[9480] numSeparations[6612] numCuts[0] compileTime[22] sspSolveTime[983] lpSolveTime[0] lb[6666.44] ub[6927.8] size: [61144] time: [2270]
STATS - lpIterations[1] lagIterations[213] sspIterations[9706] numSeparations[6705] numCuts[0] compileTime[22] sspSolveTime[1012] lpSolveTime[0] lb[6666.64] ub[6927.8] size: [61279] time: [2336]
STATS - lpIterations[1] lagIterations[214] sspIterations[9752] numSeparations[6758] numCuts[0] compileTime[22] sspSolveTime[1017] lpSolveTime[0] lb[6667.08] ub[6927.8] size: [61357] time: [2350]
STATS - lpIterations[1] lagIterations[229] sspIterations[10370] numSeparations[7072] numCuts[0] compileTime[22] sspSolveTime[1089] lpSolveTime[0] lb[6668.45] ub[6927.8] size: [61844] time: [2525]
STATS - lpIterations[1] lagIterations[230] sspIterations[10403] numSeparations[7113] numCuts[0] compileTime[22] sspSolveTime[1093] lpSolveTime[0] lb[6669.1] ub[6927.8] size: [61906] time: [2530]
STATS - lpIterations[1] lagIterations[230] sspIterations[10403] numSeparations[7113] numCuts[0] compileTime[22] sspSolveTime[1093] lpSolveTime[0] lb[6670.99] ub[6927.8] size: [61906] time: [2536]
STATS - lpIterations[1] lagIterations[237] sspIterations[10765] numSeparations[7263] numCuts[0] compileTime[22] sspSolveTime[1140] lpSolveTime[0] lb[6679.72] ub[6927.8] size: [62128] time: [2637]
STATS - lpIterations[1] lagIterations[238] sspIterations[10821] numSeparations[7341] numCuts[0] compileTime[22] sspSolveTime[1148] lpSolveTime[0] lb[6681.93] ub[6927.8] size: [62240] time: [2654]
STATS - lpIterations[1] lagIterations[281] sspIterations[12670] numSeparations[8371] numCuts[0] compileTime[22] sspSolveTime[1375] lpSolveTime[0] lb[6684.28] ub[6927.8] size: [63761] time: [3191]
STATS - lpIterations[1] lagIterations[283] sspIterations[12767] numSeparations[8425] numCuts[0] compileTime[22] sspSolveTime[1386] lpSolveTime[0] lb[6684.83] ub[6927.8] size: [63834] time: [3218]
STATS - lpIterations[1] lagIterations[293] sspIterations[13220] numSeparations[8681] numCuts[0] compileTime[22] sspSolveTime[1442] lpSolveTime[0] lb[6687.61] ub[6927.8] size: [64200] time: [3350]
STATS - lpIterations[1] lagIterations[307] sspIterations[13845] numSeparations[8990] numCuts[0] compileTime[22] sspSolveTime[1522] lpSolveTime[0] lb[6688.09] ub[6927.8] size: [64649] time: [3542]
STATS - lpIterations[1] lagIterations[311] sspIterations[14023] numSeparations[9088] numCuts[0] compileTime[22] sspSolveTime[1543] lpSolveTime[0] lb[6689.13] ub[6927.8] size: [64809] time: [3595]
