do not relax capacity constraint
hgs upper bound: 13757
compiling dd
time step mult: 10
time step: 900
cap step: 10
start compiling DD
add terminal node arcs
done compiling dd
changing solve type to LAG
STATS - lpIterations[1] lagIterations[0] sspIterations[0] numSeparations[0] numCuts[0] compileTime[194] sspSolveTime[0] lpSolveTime[0] lb[0] ub[13757] size: [112210] time: [194]
STATS - lpIterations[1] lagIterations[1] sspIterations[1] numSeparations[0] numCuts[0] compileTime[194] sspSolveTime[1] lpSolveTime[0] lb[11673.1] ub[13757] size: [112210] time: [195]
STATS - lpIterations[1] lagIterations[2] sspIterations[5] numSeparations[1] numCuts[0] compileTime[194] sspSolveTime[3] lpSolveTime[0] lb[12229.1] ub[13757] size: [112213] time: [199]
STATS - lpIterations[1] lagIterations[2] sspIterations[5] numSeparations[1] numCuts[0] compileTime[194] sspSolveTime[3] lpSolveTime[0] lb[12230.9] ub[13757] size: [112213] time: [201]
STATS - lpIterations[1] lagIterations[3] sspIterations[37] numSeparations[5] numCuts[0] compileTime[194] sspSolveTime[9] lpSolveTime[0] lb[12420.7] ub[13757] size: [112225] time: [208]
STATS - lpIterations[1] lagIterations[3] sspIterations[37] numSeparations[5] numCuts[0] compileTime[194] sspSolveTime[9] lpSolveTime[0] lb[12445.4] ub[13757] size: [112225] time: [216]
STATS - lpIterations[1] lagIterations[4] sspIterations[49] numSeparations[37] numCuts[0] compileTime[194] sspSolveTime[12] lpSolveTime[0] lb[12492.8] ub[13757] size: [112366] time: [220]
STATS - lpIterations[1] lagIterations[4] sspIterations[49] numSeparations[37] numCuts[0] compileTime[194] sspSolveTime[12] lpSolveTime[0] lb[12497.6] ub[13757] size: [112366] time: [224]
STATS - lpIterations[1] lagIterations[5] sspIterations[154] numSeparations[48] numCuts[0] compileTime[194] sspSolveTime[32] lpSolveTime[0] lb[12661.5] ub[13757] size: [112416] time: [264]
STATS - lpIterations[1] lagIterations[6] sspIterations[175] numSeparations[150] numCuts[0] compileTime[194] sspSolveTime[36] lpSolveTime[0] lb[12673.8] ub[13757] size: [112877] time: [269]
STATS - lpIterations[1] lagIterations[6] sspIterations[175] numSeparations[150] numCuts[0] compileTime[194] sspSolveTime[36] lpSolveTime[0] lb[12679.9] ub[13757] size: [112877] time: [278]
STATS - lpIterations[1] lagIterations[7] sspIterations[437] numSeparations[169] numCuts[0] compileTime[194] sspSolveTime[84] lpSolveTime[0] lb[12829] ub[13757] size: [112955] time: [357]
STATS - lpIterations[1] lagIterations[8] sspIterations[564] numSeparations[428] numCuts[0] compileTime[194] sspSolveTime[104] lpSolveTime[0] lb[12852.4] ub[13757] size: [113938] time: [401]
STATS - lpIterations[1] lagIterations[9] sspIterations[588] numSeparations[546] numCuts[0] compileTime[194] sspSolveTime[109] lpSolveTime[0] lb[12852.6] ub[13757] size: [114280] time: [418]
STATS - lpIterations[1] lagIterations[10] sspIterations[834] numSeparations[563] numCuts[0] compileTime[194] sspSolveTime[149] lpSolveTime[0] lb[12935.1] ub[13757] size: [114349] time: [491]
STATS - lpIterations[1] lagIterations[11] sspIterations[928] numSeparations[794] numCuts[0] compileTime[194] sspSolveTime[165] lpSolveTime[0] lb[12957] ub[13757] size: [115078] time: [534]
STATS - lpIterations[1] lagIterations[13] sspIterations[1153] numSeparations[889] numCuts[0] compileTime[194] sspSolveTime[204] lpSolveTime[0] lb[13013.4] ub[13757] size: [115397] time: [619]
STATS - lpIterations[1] lagIterations[14] sspIterations[1220] numSeparations[1057] numCuts[0] compileTime[194] sspSolveTime[216] lpSolveTime[0] lb[13028.8] ub[13757] size: [115939] time: [657]
STATS - lpIterations[1] lagIterations[17] sspIterations[1448] numSeparations[1191] numCuts[0] compileTime[194] sspSolveTime[255] lpSolveTime[0] lb[13040.8] ub[13757] size: [116303] time: [758]
STATS - lpIterations[1] lagIterations[19] sspIterations[1759] numSeparations[1276] numCuts[0] compileTime[194] sspSolveTime[320] lpSolveTime[0] lb[13095.3] ub[13757] size: [116574] time: [874]
STATS - lpIterations[1] lagIterations[20] sspIterations[1887] numSeparations[1521] numCuts[0] compileTime[194] sspSolveTime[343] lpSolveTime[0] lb[13106.9] ub[13757] size: [117331] time: [927]
STATS - lpIterations[1] lagIterations[22] sspIterations[2161] numSeparations[1629] numCuts[0] compileTime[194] sspSolveTime[398] lpSolveTime[0] lb[13115.4] ub[13757] size: [117607] time: [1037]
STATS - lpIterations[1] lagIterations[23] sspIterations[2255] numSeparations[1820] numCuts[0] compileTime[194] sspSolveTime[415] lpSolveTime[0] lb[13119.5] ub[13757] size: [118130] time: [1084]
STATS - lpIterations[1] lagIterations[25] sspIterations[2480] numSeparations[1887] numCuts[0] compileTime[194] sspSolveTime[460] lpSolveTime[0] lb[13136.1] ub[13757] size: [118308] time: [1179]
STATS - lpIterations[1] lagIterations[26] sspIterations[2562] numSeparations[2032] numCuts[0] compileTime[194] sspSolveTime[476] lpSolveTime[0] lb[13139.2] ub[13757] size: [118752] time: [1225]
STATS - lpIterations[1] lagIterations[33] sspIterations[3018] numSeparations[2317] numCuts[0] compileTime[194] sspSolveTime[582] lpSolveTime[0] lb[13149.1] ub[13757] size: [119427] time: [1508]
STATS - lpIterations[1] lagIterations[37] sspIterations[3532] numSeparations[2527] numCuts[0] compileTime[194] sspSolveTime[709] lpSolveTime[0] lb[13198.7] ub[13757] size: [120036] time: [1742]
STATS - lpIterations[1] lagIterations[38] sspIterations[3649] numSeparations[2725] numCuts[0] compileTime[194] sspSolveTime[733] lpSolveTime[0] lb[13210.2] ub[13757] size: [120566] time: [1798]
STATS - lpIterations[1] lagIterations[39] sspIterations[3689] numSeparations[2798] numCuts[0] compileTime[194] sspSolveTime[743] lpSolveTime[0] lb[13210.5] ub[13757] size: [120730] time: [1832]
STATS - lpIterations[1] lagIterations[41] sspIterations[4034] numSeparations[2996] numCuts[0] compileTime[194] sspSolveTime[833] lpSolveTime[0] lb[13217.3] ub[13757] size: [121208] time: [1994]
STATS - lpIterations[1] lagIterations[43] sspIterations[4334] numSeparations[3086] numCuts[0] compileTime[194] sspSolveTime[924] lpSolveTime[0] lb[13225] ub[13757] size: [121426] time: [2149]
STATS - lpIterations[1] lagIterations[44] sspIterations[4473] numSeparations[3298] numCuts[0] compileTime[194] sspSolveTime[953] lpSolveTime[0] lb[13238.4] ub[13757] size: [121964] time: [2210]
STATS - lpIterations[1] lagIterations[45] sspIterations[4519] numSeparations[3377] numCuts[0] compileTime[194] sspSolveTime[963] lpSolveTime[0] lb[13245] ub[13757] size: [122167] time: [2246]
STATS - lpIterations[1] lagIterations[61] sspIterations[5979] numSeparations[4164] numCuts[0] compileTime[194] sspSolveTime[1341] lpSolveTime[0] lb[13246.6] ub[13757] size: [124047] time: [3121]
STATS - lpIterations[1] lagIterations[62] sspIterations[6046] numSeparations[4266] numCuts[0] compileTime[194] sspSolveTime[1358] lpSolveTime[0] lb[13255.8] ub[13757] size: [124277] time: [3167]
STATS - lpIterations[1] lagIterations[65] sspIterations[6206] numSeparations[4338] numCuts[0] compileTime[194] sspSolveTime[1396] lpSolveTime[0] lb[13256.1] ub[13757] size: [124462] time: [3265]
STATS - lpIterations[1] lagIterations[66] sspIterations[6295] numSeparations[4351] numCuts[0] compileTime[194] sspSolveTime[1418] lpSolveTime[0] lb[13262.3] ub[13757] size: [124484] time: [3347]
STATS - lpIterations[1] lagIterations[67] sspIterations[6343] numSeparations[4394] numCuts[0] compileTime[194] sspSolveTime[1430] lpSolveTime[0] lb[13273.9] ub[13757] size: [124583] time: [3361]
