num vehicles: 50
min service time: 10
instance upper bound: 3254.83
route length upper bound: 181
fixed route cost: 10000
Random seed:2420068081
compiling DD
time step mult: 10
time step: 100
cap step: 1
num nodes: 1071012
num arcs: 91193520
done compiling DD
using sequential insertion strategy
initial primalRoute: 0 94 91 13 178 75 55 96 22 189 30 188 54 113 82 86 190 108 52 72 1 140 115 99 163 171 87 0 
initial primalRoute: 0 77 197 78 88 165 17 10 83 175 112 50 148 39 126 154 53 0 
initial primalRoute: 0 135 65 155 114 46 121 182 25 85 153 169 80 0 
initial primalRoute: 0 116 35 162 181 79 161 194 124 27 193 69 89 130 98 64 123 105 106 49 58 16 7 110 2 20 109 0 
initial primalRoute: 0 73 100 36 43 60 71 48 167 31 132 59 196 107 159 174 202 149 201 186 42 185 101 93 156 24 127 0 
initial primalRoute: 0 168 21 183 134 177 14 3 51 29 133 38 157 198 125 84 97 28 76 0 
initial primalRoute: 0 4 6 61 192 62 179 120 118 152 104 142 180 170 176 11 66 9 122 145 138 136 70 111 5 173 12 0 
initial primalRoute: 0 23 26 44 200 102 92 37 90 147 158 187 160 0 
initial primalRoute: 0 137 139 18 164 151 128 40 141 166 150 191 146 57 81 144 129 0 
initial primalRoute: 0 67 34 63 199 117 19 103 172 15 195 32 68 0 
initial primalRoute: 0 56 33 184 95 45 119 143 47 131 8 0 
initial primalRoute: 0 41 74 0 
improved with intra-route reinsertion
improved with intra-route reinsertion
improved with intra-route reinsertion
improved with intra-route reinsertion
improved with intra-route reinsertion
improved with intra-route reinsertion
improved with intra-route reinsertion
improved with intra-route reinsertion
improved with intra-route reinsertion
improved with intra-route reinsertion
improved with intra-route reinsertion
improved with intra-route Or-opt2
improved with intra-route reinsertion
improved with intra-route reinsertion
added route to primal routes: 0,94,91,13,178,75,55,96,22,189,30,113,82,54,108,188,190,52,72,1,140,115,99,86,171,163,87,0,
improved with intra-route reinsertion
improved with intra-route reinsertion
improved with intra-route reinsertion
improved with intra-route reinsertion
improved with intra-route reinsertion
improved with intra-route reinsertion
improved with intra-route reinsertion
improved with intra-route reinsertion
improved with intra-route reinsertion
improved with intra-route reinsertion
improved with intra-route reinsertion
added route to primal routes: 0,77,88,197,78,17,165,83,10,126,50,112,175,39,148,53,154,0,
added route to primal routes: 0,135,65,155,114,46,121,182,25,85,153,169,80,0,
improved with intra-route reinsertion
improved with intra-route reinsertion
improved with intra-route reinsertion
improved with intra-route reinsertion
improved with intra-route reinsertion
improved with intra-route reinsertion
improved with intra-route reinsertion
improved with intra-route reinsertion
improved with intra-route reinsertion
improved with intra-route reinsertion
improved with intra-route reinsertion
added route to primal routes: 0,116,35,162,181,79,161,194,193,27,124,58,89,16,64,123,130,105,98,49,69,7,106,2,110,109,20,0,
improved with intra-route reinsertion
improved with intra-route reinsertion
improved with intra-route reinsertion
improved with intra-route reinsertion
improved with intra-route reinsertion
improved with intra-route reinsertion
improved with intra-route reinsertion
improved with intra-route Or-opt2
improved with intra-route reinsertion
improved with intra-route reinsertion
improved with intra-route Or-opt2
improved with intra-route reinsertion
improved with intra-route reinsertion
added route to primal routes: 0,73,100,36,43,60,167,71,48,31,132,59,149,201,174,202,107,196,186,42,185,101,127,159,156,24,93,0,
improved with intra-route reinsertion
improved with intra-route reinsertion
improved with intra-route reinsertion
improved with intra-route reinsertion
improved with intra-route reinsertion
improved with intra-route reinsertion
improved with intra-route reinsertion
improved with intra-route reinsertion
improved with intra-route reinsertion
improved with intra-route reinsertion
improved with intra-route reinsertion
improved with intra-route reinsertion
improved with intra-route reinsertion
improved with intra-route reinsertion
improved with intra-route reinsertion
improved with intra-route exchange
improved with intra-route reinsertion
improved with intra-route reinsertion
added route to primal routes: 0,168,21,183,134,177,3,51,29,38,133,14,198,84,157,125,97,28,76,0,
improved with intra-route reinsertion
improved with intra-route reinsertion
improved with intra-route reinsertion
improved with intra-route reinsertion
improved with intra-route reinsertion
improved with intra-route reinsertion
improved with intra-route reinsertion
improved with intra-route reinsertion
improved with intra-route reinsertion
improved with intra-route reinsertion
improved with intra-route reinsertion
improved with intra-route reinsertion
improved with intra-route reinsertion
improved with intra-route reinsertion
improved with intra-route reinsertion
improved with intra-route reinsertion
improved with intra-route reinsertion
improved with intra-route reinsertion
improved with intra-route Or-opt2
improved with intra-route reinsertion
improved with intra-route reinsertion
added route to primal routes: 0,4,192,62,179,6,61,152,118,120,9,104,170,180,176,66,142,11,173,138,122,145,111,12,70,136,5,0,
improved with intra-route reinsertion
improved with intra-route reinsertion
improved with intra-route reinsertion
improved with intra-route reinsertion
improved with intra-route reinsertion
improved with intra-route reinsertion
improved with intra-route reinsertion
improved with intra-route reinsertion
improved with intra-route reinsertion
improved with intra-route Or-opt2
improved with intra-route reinsertion
improved with intra-route reinsertion
improved with intra-route reinsertion
improved with intra-route reinsertion
added route to primal routes: 0,23,26,90,44,200,102,92,160,147,37,158,187,0,
improved with intra-route reinsertion
improved with intra-route reinsertion
improved with intra-route reinsertion
improved with intra-route reinsertion
improved with intra-route reinsertion
improved with intra-route Or-opt2
improved with intra-route reinsertion
improved with intra-route exchange
added route to primal routes: 0,164,151,18,137,139,191,128,146,40,141,166,150,57,129,81,144,0,
improved with intra-route reinsertion
improved with intra-route reinsertion
added route to primal routes: 0,67,34,63,199,117,172,19,103,15,195,32,68,0,
improved with intra-route reinsertion
improved with intra-route reinsertion
improved with intra-route Or-opt2
improved with intra-route reinsertion
improved with intra-route reinsertion
improved with intra-route Or-opt2
improved with intra-route reinsertion
added route to primal routes: 0,47,56,33,131,119,143,184,95,45,8,0,
added route to primal routes: 0,41,74,0,
primal heuristic num vars: 12
primal heuristic MIP obj: 128227
feasible primal routes: 
route: 
0 94 91 13 178 75 55 96 22 189 30 113 82 54 108 188 190 52 72 1 140 115 99 86 171 163 87 0 
route: 
0 77 88 197 78 17 165 83 10 126 50 112 175 39 148 53 154 0 
route: 
0 135 65 155 114 46 121 182 25 85 153 169 80 0 
route: 
0 116 35 162 181 79 161 194 193 27 124 58 89 16 64 123 130 105 98 49 69 7 106 2 110 109 20 0 
route: 
0 73 100 36 43 60 167 71 48 31 132 59 149 201 174 202 107 196 186 42 185 101 127 159 156 24 93 0 
route: 
0 168 21 183 134 177 3 51 29 38 133 14 198 84 157 125 97 28 76 0 
route: 
0 4 192 62 179 6 61 152 118 120 9 104 170 180 176 66 142 11 173 138 122 145 111 12 70 136 5 0 
route: 
0 23 26 90 44 200 102 92 160 147 37 158 187 0 
route: 
0 164 151 18 137 139 191 128 146 40 141 166 150 57 129 81 144 0 
route: 
0 67 34 63 199 117 172 19 103 15 195 32 68 0 
route: 
0 47 56 33 131 119 143 184 95 45 8 0 
route: 
0 41 74 0 
improved ub from MIP pool: 128227
STATS - lpIterations[0] lagIterations[0] sspIterations[0] numSeparations[0] numCuts[0] compileTime[2096] sspSolveTime[0] lpSolveTime[0] lb[0] ub[128227] numArcs: [91193520] numFixed: [0] numHeuristicIPs: [1] numHeuristicLNS: [0] numPrimalLNSRepairs: [0] time: [2195]
STATS1 - lpIterations[0] lagIterations[0] sspIterations[0] numSeparations[0] numCuts[0] compileTime[2096] sspSolveTime[0] lpSolveTime[0] repairTime[0] cutsTime[0] alphaTime[0] decompTime[0] yellowTime[0] updateTime[0] fixTime[0] lb[0] ub[128227] numArcs: [91193520] numFixed: [0] time: [2195]
destroy by single route index: 11
8 41 45 46 55 74 96 114 117 199 
num skipped: 0
num vars: 27541
improved iteration ub from lns primal heuristic: 118075
improved primal routes: 
route: 
0 94 91 13 178 75 22 189 30 113 82 54 108 188 190 52 72 1 140 115 99 86 171 163 87 0 
route: 
0 41 116 35 162 74 181 79 161 194 193 27 124 58 89 16 64 123 130 105 98 49 69 7 106 2 110 109 20 0 
route: 
0 77 88 197 78 17 165 83 10 126 50 112 175 39 148 53 154 0 
route: 
0 135 65 155 114 46 121 182 25 85 153 169 80 0 
route: 
0 73 100 36 43 60 167 71 48 31 132 59 149 201 174 202 107 196 186 42 185 101 127 159 156 24 93 0 
route: 
0 168 45 21 8 183 134 177 3 51 29 38 133 14 198 84 157 55 96 125 97 28 76 0 
route: 
0 4 192 62 179 6 61 152 118 120 9 104 170 180 176 66 142 11 173 138 122 145 111 12 70 136 5 0 
route: 
0 23 26 90 44 200 102 92 160 147 37 158 187 0 
route: 
0 164 151 18 199 137 117 139 191 128 146 40 141 166 150 57 129 81 144 0 
route: 
0 67 34 63 172 19 103 15 195 32 68 0 
route: 
0 47 56 33 131 119 143 184 95 0 
added route to primal routes: 0,94,91,13,178,75,22,189,30,113,82,54,108,188,190,52,72,1,140,115,99,86,171,163,87,0,
added route to primal routes: 0,41,116,35,162,74,181,79,161,194,193,27,124,58,89,16,64,123,130,105,98,49,69,7,106,2,110,109,20,0,
added route to primal routes: 0,168,45,21,8,183,134,177,3,51,29,38,133,14,198,84,157,55,96,125,97,28,76,0,
added route to primal routes: 0,164,151,18,199,137,117,139,191,128,146,40,141,166,150,57,129,81,144,0,
added route to primal routes: 0,67,34,63,172,19,103,15,195,32,68,0,
added route to primal routes: 0,47,56,33,131,119,143,184,95,0,
STATS - lpIterations[0] lagIterations[0] sspIterations[0] numSeparations[0] numCuts[0] compileTime[2096] sspSolveTime[0] lpSolveTime[0] lb[0] ub[118075] numArcs: [91193520] numFixed: [0] numHeuristicIPs: [1] numHeuristicLNS: [1] numPrimalLNSRepairs: [1] time: [2232]
STATS1 - lpIterations[0] lagIterations[0] sspIterations[0] numSeparations[0] numCuts[0] compileTime[2096] sspSolveTime[0] lpSolveTime[0] repairTime[0] cutsTime[0] alphaTime[0] decompTime[0] yellowTime[0] updateTime[0] fixTime[0] lb[0] ub[118075] numArcs: [91193520] numFixed: [0] time: [2232]
routes added, try running MIP Pool
primal heuristic num vars: 18
add MIP warm start
primal heuristic MIP obj: 118075
feasible primal routes: 
route: 
0 77 88 197 78 17 165 83 10 126 50 112 175 39 148 53 154 0 
route: 
0 135 65 155 114 46 121 182 25 85 153 169 80 0 
route: 
0 73 100 36 43 60 167 71 48 31 132 59 149 201 174 202 107 196 186 42 185 101 127 159 156 24 93 0 
route: 
0 4 192 62 179 6 61 152 118 120 9 104 170 180 176 66 142 11 173 138 122 145 111 12 70 136 5 0 
route: 
0 23 26 90 44 200 102 92 160 147 37 158 187 0 
route: 
0 94 91 13 178 75 22 189 30 113 82 54 108 188 190 52 72 1 140 115 99 86 171 163 87 0 
route: 
0 41 116 35 162 74 181 79 161 194 193 27 124 58 89 16 64 123 130 105 98 49 69 7 106 2 110 109 20 0 
route: 
0 168 45 21 8 183 134 177 3 51 29 38 133 14 198 84 157 55 96 125 97 28 76 0 
route: 
0 164 151 18 199 137 117 139 191 128 146 40 141 166 150 57 129 81 144 0 
route: 
0 67 34 63 172 19 103 15 195 32 68 0 
route: 
0 47 56 33 131 119 143 184 95 0 
destroy by single route index: 10
9 31 33 38 43 47 56 95 107 119 127 131 138 143 168 184 
num skipped: 0
num vars: 230315
batch size for lag: 1
deactivate cut value threshold: 0.01
deactivate cut iter threshold: 1000000000
percent arcs fixed to change to CPLEX: 97.5
number arcs fixed to change to CPLEX: 100000
kappa iterations: 20
num lag cuts: 20
mu percent improved: 0.001
percent to start cuts: 0.95
step size iteration cutoff: 5
target bound increase: 1.05
min step size multiplier: 0.0001
ngSetSize: 2
change to LP: 1
var fixing: 1
useSeparations: 1
muSSP: 1
repairDuals: 1
robustCuts: 1
nonRobustCuts: 0
volume algo: 0
use scaling: 0
use sparse RCCs: 0
use restarts: 0
switch separations to cuts: 0
primal heuristic: 2
lns timeout: 30
lns num elements destroy: 5
STATS - lpIterations[0] lagIterations[0] sspIterations[0] numSeparations[0] numCuts[0] compileTime[2096] sspSolveTime[0] lpSolveTime[0] lb[0] ub[118075] numArcs: [91193520] numFixed: [0] numHeuristicIPs: [2] numHeuristicLNS: [1] numPrimalLNSRepairs: [2] time: [2470]
STATS1 - lpIterations[0] lagIterations[0] sspIterations[0] numSeparations[0] numCuts[0] compileTime[2096] sspSolveTime[0] lpSolveTime[0] repairTime[0] cutsTime[0] alphaTime[0] decompTime[0] yellowTime[0] updateTime[0] fixTime[0] lb[0] ub[118075] numArcs: [91193520] numFixed: [0] time: [2470]
STATS - lpIterations[1] lagIterations[0] sspIterations[0] numSeparations[0] numCuts[0] compileTime[2096] sspSolveTime[0] lpSolveTime[0] lb[0] ub[118075] numArcs: [91193520] numFixed: [0] numHeuristicIPs: [2] numHeuristicLNS: [1] numPrimalLNSRepairs: [2] time: [2470]
STATS1 - lpIterations[1] lagIterations[0] sspIterations[0] numSeparations[0] numCuts[0] compileTime[2096] sspSolveTime[0] lpSolveTime[0] repairTime[0] cutsTime[0] alphaTime[0] decompTime[0] yellowTime[0] updateTime[0] fixTime[0] lb[0] ub[118075] numArcs: [91193520] numFixed: [0] time: [2470]
STATS - lpIterations[1] lagIterations[0] sspIterations[0] numSeparations[0] numCuts[0] compileTime[2096] sspSolveTime[0] lpSolveTime[0] lb[0] ub[118075] numArcs: [91193520] numFixed: [0] numHeuristicIPs: [2] numHeuristicLNS: [1] numPrimalLNSRepairs: [2] time: [2470]
STATS1 - lpIterations[1] lagIterations[0] sspIterations[0] numSeparations[0] numCuts[0] compileTime[2096] sspSolveTime[0] lpSolveTime[0] repairTime[0] cutsTime[0] alphaTime[0] decompTime[0] yellowTime[0] updateTime[0] fixTime[0] lb[0] ub[118075] numArcs: [91193520] numFixed: [0] time: [2470]
lag: 10018.4
STATS - lpIterations[1] lagIterations[1] sspIterations[1] numSeparations[0] numCuts[0] compileTime[2096] sspSolveTime[70] lpSolveTime[0] lb[10018.4] ub[118075] numArcs: [91193518] numFixed: [0] numHeuristicIPs: [2] numHeuristicLNS: [1] numPrimalLNSRepairs: [2] time: [2541]
STATS1 - lpIterations[1] lagIterations[1] sspIterations[1] numSeparations[0] numCuts[0] compileTime[2096] sspSolveTime[70] lpSolveTime[0] repairTime[0] cutsTime[0] alphaTime[0] decompTime[0] yellowTime[0] updateTime[0] fixTime[0] lb[10018.4] ub[118075] numArcs: [91193518] numFixed: [0] time: [2541]
lambda: 0,0,0,0,0,0,0,0,0,0,0,0,0,0,0,0,0,0,0,0,0,0,0,0,0,0,0,0,0,0,0,0,0,0,0,0,0,0,0,0,0,0,0,0,0,0,0,0,0,0,0,0,0,0,0,0,0,0,0,0,0,0,0,0,0,0,0,0,0,0,0,0,0,0,0,0,0,0,0,0,0,0,0,0,0,0,0,0,0,0,0,0,0,0,0,0,0,0,0,0,0,0,0,0,0,0,0,0,0,0,0,0,0,0,0,0,0,0,0,0,0,0,0,0,0,0,0,0,0,0,0,0,0,0,0,0,0,0,0,0,0,0,0,0,0,0,0,0,0,0,0,0,0,0,0,0,0,0,0,0,0,0,0,0,0,0,0,0,0,0,0,0,0,0,0,0,0,0,0,0,0,0,0,0,0,0,0,0,0,0,0,0,0,0,0,0,0,0,0,0,0,0,0,
mu: 
combDuals: 
srcDuals: 
fixed dual: 0
new best dual, value: 10018.4
primal heuristic num vars: 18
add MIP warm start
primal heuristic MIP obj: 118075
feasible primal routes: 
route: 
0 77 88 197 78 17 165 83 10 126 50 112 175 39 148 53 154 0 
route: 
0 135 65 155 114 46 121 182 25 85 153 169 80 0 
route: 
0 73 100 36 43 60 167 71 48 31 132 59 149 201 174 202 107 196 186 42 185 101 127 159 156 24 93 0 
route: 
0 4 192 62 179 6 61 152 118 120 9 104 170 180 176 66 142 11 173 138 122 145 111 12 70 136 5 0 
route: 
0 23 26 90 44 200 102 92 160 147 37 158 187 0 
route: 
0 94 91 13 178 75 22 189 30 113 82 54 108 188 190 52 72 1 140 115 99 86 171 163 87 0 
route: 
0 41 116 35 162 74 181 79 161 194 193 27 124 58 89 16 64 123 130 105 98 49 69 7 106 2 110 109 20 0 
route: 
0 168 45 21 8 183 134 177 3 51 29 38 133 14 198 84 157 55 96 125 97 28 76 0 
route: 
0 164 151 18 199 137 117 139 191 128 146 40 141 166 150 57 129 81 144 0 
route: 
0 67 34 63 172 19 103 15 195 32 68 0 
route: 
0 47 56 33 131 119 143 184 95 0 
destroy by single route index: 10
33 47 56 78 81 95 119 128 131 143 149 175 183 184 198 201 
num skipped: 0
num vars: 186312
best alpha: 1
gamma: 1 val: 1
gamma: 2 val: 1
gamma: 3 val: 1
gamma: 4 val: 1
gamma: 5 val: 1
gamma: 6 val: 1
gamma: 7 val: 1
gamma: 8 val: 1
gamma: 9 val: 1
gamma: 10 val: 1
gamma: 11 val: 1
gamma: 12 val: 1
gamma: 13 val: 1
gamma: 14 val: 1
gamma: 15 val: 1
gamma: 16 val: 1
gamma: 17 val: 1
gamma: 18 val: 0
gamma: 19 val: 1
gamma: 20 val: 1
gamma: 21 val: 1
gamma: 22 val: 1
gamma: 23 val: 1
gamma: 24 val: 1
gamma: 25 val: 1
gamma: 26 val: 1
gamma: 27 val: 1
gamma: 28 val: 1
gamma: 29 val: 1
gamma: 30 val: 1
gamma: 31 val: 1
gamma: 32 val: 1
gamma: 33 val: 1
gamma: 34 val: 1
gamma: 35 val: 1
gamma: 36 val: 1
gamma: 37 val: 1
gamma: 38 val: 1
gamma: 39 val: 1
gamma: 40 val: 1
gamma: 41 val: 1
gamma: 42 val: 1
gamma: 43 val: 1
gamma: 44 val: 1
gamma: 45 val: 1
gamma: 46 val: 1
gamma: 47 val: 1
gamma: 48 val: 1
gamma: 49 val: 1
gamma: 50 val: 1
gamma: 51 val: 1
gamma: 52 val: 1
gamma: 53 val: 1
gamma: 54 val: 1
gamma: 55 val: 1
gamma: 56 val: 1
gamma: 57 val: 1
gamma: 58 val: 1
gamma: 59 val: 1
gamma: 60 val: 1
gamma: 61 val: 1
gamma: 62 val: 1
gamma: 63 val: 1
gamma: 64 val: 1
gamma: 65 val: 1
gamma: 66 val: 1
gamma: 67 val: 1
gamma: 68 val: 1
gamma: 69 val: 1
gamma: 70 val: 1
gamma: 71 val: 1
gamma: 72 val: 1
gamma: 73 val: 1
gamma: 74 val: 1
gamma: 75 val: 1
gamma: 76 val: 1
gamma: 77 val: 1
gamma: 78 val: 1
gamma: 79 val: 1
gamma: 80 val: 1
gamma: 81 val: 1
gamma: 82 val: 1
gamma: 83 val: 1
gamma: 84 val: 1
gamma: 85 val: 1
gamma: 86 val: 1
gamma: 87 val: 1
gamma: 88 val: 1
gamma: 89 val: 1
gamma: 90 val: 1
gamma: 91 val: 1
gamma: 92 val: 1
gamma: 93 val: 1
gamma: 94 val: 1
gamma: 95 val: 1
gamma: 96 val: 1
gamma: 97 val: 1
gamma: 98 val: 1
gamma: 99 val: 1
gamma: 100 val: 1
gamma: 101 val: 1
gamma: 102 val: 1
gamma: 103 val: 1
gamma: 104 val: 1
gamma: 105 val: 1
gamma: 106 val: 1
gamma: 107 val: 1
gamma: 108 val: 1
gamma: 109 val: 1
gamma: 110 val: 1
gamma: 111 val: 1
gamma: 112 val: 1
gamma: 113 val: 1
gamma: 114 val: 1
gamma: 115 val: 1
gamma: 116 val: 1
gamma: 117 val: 1
gamma: 118 val: 1
gamma: 119 val: 1
gamma: 120 val: 1
gamma: 121 val: 1
gamma: 122 val: 1
gamma: 123 val: 1
gamma: 124 val: 1
gamma: 125 val: 1
gamma: 126 val: 1
gamma: 127 val: 1
gamma: 128 val: 1
gamma: 129 val: 1
gamma: 130 val: 1
gamma: 131 val: 1
gamma: 132 val: 1
gamma: 133 val: 1
gamma: 134 val: 1
gamma: 135 val: 1
gamma: 136 val: 1
gamma: 137 val: 1
gamma: 138 val: 1
gamma: 139 val: 1
gamma: 140 val: 1
gamma: 141 val: 1
gamma: 142 val: 1
gamma: 143 val: 1
gamma: 144 val: 1
gamma: 145 val: 1
gamma: 146 val: 1
gamma: 147 val: 1
gamma: 148 val: 1
gamma: 149 val: 1
gamma: 150 val: 1
gamma: 151 val: 1
gamma: 152 val: 1
gamma: 153 val: 1
gamma: 154 val: 1
gamma: 155 val: 1
gamma: 156 val: 1
gamma: 157 val: 1
gamma: 158 val: 1
gamma: 159 val: 1
gamma: 160 val: 1
gamma: 161 val: 1
gamma: 162 val: 1
gamma: 163 val: 1
gamma: 164 val: 1
gamma: 165 val: 1
gamma: 166 val: 1
gamma: 167 val: 1
gamma: 168 val: 1
gamma: 169 val: 1
gamma: 170 val: 1
gamma: 171 val: 1
gamma: 172 val: 1
gamma: 173 val: 1
gamma: 174 val: 1
gamma: 175 val: 1
gamma: 176 val: 1
gamma: 177 val: 1
gamma: 178 val: 1
gamma: 179 val: 1
gamma: 180 val: 1
gamma: 181 val: 1
gamma: 182 val: 1
gamma: 183 val: 1
gamma: 184 val: 1
gamma: 185 val: 1
gamma: 186 val: 1
gamma: 187 val: 1
gamma: 188 val: 1
gamma: 189 val: 1
gamma: 190 val: 1
gamma: 191 val: 1
gamma: 192 val: 1
gamma: 193 val: 1
gamma: 194 val: 1
gamma: 195 val: 1
gamma: 196 val: 1
gamma: 197 val: 1
gamma: 198 val: 1
gamma: 199 val: 1
gamma: 200 val: 1
gamma: 201 val: 1
gamma: 202 val: 1
alpha: 2.46746
psiStar: 10514.4
lagLB: 10018.4
||gamma||^2: 201
lambda: 0,0,0,0,0,0,0,0,0,0,0,0,0,0,0,0,0,0,0,0,0,0,0,0,0,0,0,0,0,0,0,0,0,0,0,0,0,0,0,0,0,0,0,0,0,0,0,0,0,0,0,0,0,0,0,0,0,0,0,0,0,0,0,0,0,0,0,0,0,0,0,0,0,0,0,0,0,0,0,0,0,0,0,0,0,0,0,0,0,0,0,0,0,0,0,0,0,0,0,0,0,0,0,0,0,0,0,0,0,0,0,0,0,0,0,0,0,0,0,0,0,0,0,0,0,0,0,0,0,0,0,0,0,0,0,0,0,0,0,0,0,0,0,0,0,0,0,0,0,0,0,0,0,0,0,0,0,0,0,0,0,0,0,0,0,0,0,0,0,0,0,0,0,0,0,0,0,0,0,0,0,0,0,0,0,0,0,0,0,0,0,0,0,0,0,0,0,0,0,0,0,0,0,
mu: 
combDuals: 
srcDuals: 
fixed dual: 0
lambda: 0,0,0,0,0,0,0,0,0,0,0,0,0,0,0,0,0,0,0,0,0,0,0,0,0,0,0,0,0,0,0,0,0,0,0,0,0,0,0,0,0,0,0,0,0,0,0,0,0,0,0,0,0,0,0,0,0,0,0,0,0,0,0,0,0,0,0,0,0,0,0,0,0,0,0,0,0,0,0,0,0,0,0,0,0,0,0,0,0,0,0,0,0,0,0,0,0,0,0,0,0,0,0,0,0,0,0,0,0,0,0,0,0,0,0,0,0,0,0,0,0,0,0,0,0,0,0,0,0,0,0,0,0,0,0,0,0,0,0,0,0,0,0,0,0,0,0,0,0,0,0,0,0,0,0,0,0,0,0,0,0,0,0,0,0,0,0,0,0,0,0,0,0,0,0,0,0,0,0,0,0,0,0,0,0,0,0,0,0,0,0,0,0,0,0,0,0,0,0,0,0,0,0,
mu: 
combDuals: 
srcDuals: 
fixed dual: 0
STATS - lpIterations[1] lagIterations[1] sspIterations[1] numSeparations[0] numCuts[0] compileTime[2096] sspSolveTime[70] lpSolveTime[0] lb[10018.4] ub[118075] numArcs: [91193518] numFixed: [0] numHeuristicIPs: [3] numHeuristicLNS: [2] numPrimalLNSRepairs: [3] time: [2803]
STATS1 - lpIterations[1] lagIterations[1] sspIterations[1] numSeparations[0] numCuts[0] compileTime[2096] sspSolveTime[70] lpSolveTime[0] repairTime[0] cutsTime[0] alphaTime[0] decompTime[12] yellowTime[0] updateTime[34] fixTime[0] lb[10018.4] ub[118075] numArcs: [91193518] numFixed: [0] time: [2803]
lag: 10511.9
STATS - lpIterations[1] lagIterations[2] sspIterations[2] numSeparations[0] numCuts[0] compileTime[2096] sspSolveTime[105] lpSolveTime[0] lb[10511.9] ub[118075] numArcs: [91193518] numFixed: [0] numHeuristicIPs: [3] numHeuristicLNS: [2] numPrimalLNSRepairs: [3] time: [2838]
STATS1 - lpIterations[1] lagIterations[2] sspIterations[2] numSeparations[0] numCuts[0] compileTime[2096] sspSolveTime[105] lpSolveTime[0] repairTime[0] cutsTime[0] alphaTime[0] decompTime[12] yellowTime[0] updateTime[34] fixTime[0] lb[10511.9] ub[118075] numArcs: [91193518] numFixed: [0] time: [2838]
lambda: 0,2.46746,2.46746,2.46746,2.46746,2.46746,2.46746,2.46746,2.46746,2.46746,2.46746,2.46746,2.46746,2.46746,2.46746,2.46746,2.46746,2.46746,0,2.46746,2.46746,2.46746,2.46746,2.46746,2.46746,2.46746,2.46746,2.46746,2.46746,2.46746,2.46746,2.46746,2.46746,2.46746,2.46746,2.46746,2.46746,2.46746,2.46746,2.46746,2.46746,2.46746,2.46746,2.46746,2.46746,2.46746,2.46746,2.46746,2.46746,2.46746,2.46746,2.46746,2.46746,2.46746,2.46746,2.46746,2.46746,2.46746,2.46746,2.46746,2.46746,2.46746,2.46746,2.46746,2.46746,2.46746,2.46746,2.46746,2.46746,2.46746,2.46746,2.46746,2.46746,2.46746,2.46746,2.46746,2.46746,2.46746,2.46746,2.46746,2.46746,2.46746,2.46746,2.46746,2.46746,2.46746,2.46746,2.46746,2.46746,2.46746,2.46746,2.46746,2.46746,2.46746,2.46746,2.46746,2.46746,2.46746,2.46746,2.46746,2.46746,2.46746,2.46746,2.46746,2.46746,2.46746,2.46746,2.46746,2.46746,2.46746,2.46746,2.46746,2.46746,2.46746,2.46746,2.46746,2.46746,2.46746,2.46746,2.46746,2.46746,2.46746,2.46746,2.46746,2.46746,2.46746,2.46746,2.46746,2.46746,2.46746,2.46746,2.46746,2.46746,2.46746,2.46746,2.46746,2.46746,2.46746,2.46746,2.46746,2.46746,2.46746,2.46746,2.46746,2.46746,2.46746,2.46746,2.46746,2.46746,2.46746,2.46746,2.46746,2.46746,2.46746,2.46746,2.46746,2.46746,2.46746,2.46746,2.46746,2.46746,2.46746,2.46746,2.46746,2.46746,2.46746,2.46746,2.46746,2.46746,2.46746,2.46746,2.46746,2.46746,2.46746,2.46746,2.46746,2.46746,2.46746,2.46746,2.46746,2.46746,2.46746,2.46746,2.46746,2.46746,2.46746,2.46746,2.46746,2.46746,2.46746,2.46746,2.46746,2.46746,2.46746,2.46746,2.46746,2.46746,2.46746,2.46746,2.46746,2.46746,2.46746,2.46746,
mu: 
combDuals: 
srcDuals: 
fixed dual: 0
new best dual, value: 10511.9
primal heuristic num vars: 18
add MIP warm start
primal heuristic MIP obj: 118075
feasible primal routes: 
route: 
0 77 88 197 78 17 165 83 10 126 50 112 175 39 148 53 154 0 
route: 
0 135 65 155 114 46 121 182 25 85 153 169 80 0 
route: 
0 73 100 36 43 60 167 71 48 31 132 59 149 201 174 202 107 196 186 42 185 101 127 159 156 24 93 0 
route: 
0 4 192 62 179 6 61 152 118 120 9 104 170 180 176 66 142 11 173 138 122 145 111 12 70 136 5 0 
route: 
0 23 26 90 44 200 102 92 160 147 37 158 187 0 
route: 
0 94 91 13 178 75 22 189 30 113 82 54 108 188 190 52 72 1 140 115 99 86 171 163 87 0 
route: 
0 41 116 35 162 74 181 79 161 194 193 27 124 58 89 16 64 123 130 105 98 49 69 7 106 2 110 109 20 0 
route: 
0 168 45 21 8 183 134 177 3 51 29 38 133 14 198 84 157 55 96 125 97 28 76 0 
route: 
0 164 151 18 199 137 117 139 191 128 146 40 141 166 150 57 129 81 144 0 
route: 
0 67 34 63 172 19 103 15 195 32 68 0 
route: 
0 47 56 33 131 119 143 184 95 0 
destroy by single route index: 10
26 28 31 33 43 47 56 90 95 97 99 119 131 143 178 184 
num skipped: 0
num vars: 220794
best alpha: 0.055
gamma: 1 val: 1
gamma: 2 val: 1
gamma: 3 val: 1
gamma: 4 val: 1
gamma: 5 val: 1
gamma: 6 val: 1
gamma: 7 val: 1
gamma: 8 val: 1
gamma: 9 val: 1
gamma: 10 val: 1
gamma: 11 val: 1
gamma: 12 val: 1
gamma: 13 val: 1
gamma: 14 val: 1
gamma: 15 val: 1
gamma: 16 val: 1
gamma: 17 val: 1
gamma: 18 val: 0
gamma: 19 val: 1
gamma: 20 val: 1
gamma: 21 val: 1
gamma: 22 val: 1
gamma: 23 val: 1
gamma: 24 val: 1
gamma: 25 val: 1
gamma: 26 val: 1
gamma: 27 val: 1
gamma: 28 val: 1
gamma: 29 val: 1
gamma: 30 val: 1
gamma: 31 val: 1
gamma: 32 val: 1
gamma: 33 val: 1
gamma: 34 val: 1
gamma: 35 val: 1
gamma: 36 val: 1
gamma: 37 val: 1
gamma: 38 val: 1
gamma: 39 val: 1
gamma: 40 val: 1
gamma: 41 val: 1
gamma: 42 val: 1
gamma: 43 val: 1
gamma: 44 val: 1
gamma: 45 val: 1
gamma: 46 val: 1
gamma: 47 val: 1
gamma: 48 val: 1
gamma: 49 val: 1
gamma: 50 val: 1
gamma: 51 val: 1
gamma: 52 val: 1
gamma: 53 val: 1
gamma: 54 val: 1
gamma: 55 val: 1
gamma: 56 val: 1
gamma: 57 val: 1
gamma: 58 val: 1
gamma: 59 val: 1
gamma: 60 val: 1
gamma: 61 val: 1
gamma: 62 val: 1
gamma: 63 val: 1
gamma: 64 val: 1
gamma: 65 val: 1
gamma: 66 val: 1
gamma: 67 val: 1
gamma: 68 val: 1
gamma: 69 val: 1
gamma: 70 val: 1
gamma: 71 val: 1
gamma: 72 val: 1
gamma: 73 val: 1
gamma: 74 val: 1
gamma: 75 val: 1
gamma: 76 val: 1
gamma: 77 val: 1
gamma: 78 val: 1
gamma: 79 val: 1
gamma: 80 val: 0
gamma: 81 val: 1
gamma: 82 val: 1
gamma: 83 val: 1
gamma: 84 val: 1
gamma: 85 val: 1
gamma: 86 val: 1
gamma: 87 val: 1
gamma: 88 val: 1
gamma: 89 val: 1
gamma: 90 val: 1
gamma: 91 val: 1
gamma: 92 val: 1
gamma: 93 val: 1
gamma: 94 val: 1
gamma: 95 val: 1
gamma: 96 val: 1
gamma: 97 val: 1
gamma: 98 val: 1
gamma: 99 val: 1
gamma: 100 val: 1
gamma: 101 val: 1
gamma: 102 val: 1
gamma: 103 val: 1
gamma: 104 val: 1
gamma: 105 val: 1
gamma: 106 val: 1
gamma: 107 val: 1
gamma: 108 val: 1
gamma: 109 val: 1
gamma: 110 val: 1
gamma: 111 val: 1
gamma: 112 val: 1
gamma: 113 val: 1
gamma: 114 val: 1
gamma: 115 val: 1
gamma: 116 val: 1
gamma: 117 val: 1
gamma: 118 val: 1
gamma: 119 val: 1
gamma: 120 val: 1
gamma: 121 val: 1
gamma: 122 val: 1
gamma: 123 val: 1
gamma: 124 val: 1
gamma: 125 val: 1
gamma: 126 val: 1
gamma: 127 val: 1
gamma: 128 val: 1
gamma: 129 val: 1
gamma: 130 val: 1
gamma: 131 val: 1
gamma: 132 val: 1
gamma: 133 val: 1
gamma: 134 val: 1
gamma: 135 val: 1
gamma: 136 val: 1
gamma: 137 val: 1
gamma: 138 val: 1
gamma: 139 val: 1
gamma: 140 val: 1
gamma: 141 val: 1
gamma: 142 val: 1
gamma: 143 val: 1
gamma: 144 val: 1
gamma: 145 val: 1
gamma: 146 val: 1
gamma: 147 val: 1
gamma: 148 val: 1
gamma: 149 val: 1
gamma: 150 val: 1
gamma: 151 val: 1
gamma: 152 val: 1
gamma: 153 val: 1
gamma: 154 val: 1
gamma: 155 val: 1
gamma: 156 val: 1
gamma: 157 val: 1
gamma: 158 val: 1
gamma: 159 val: 1
gamma: 160 val: 1
gamma: 161 val: 1
gamma: 162 val: 1
gamma: 163 val: 1
gamma: 164 val: 1
gamma: 165 val: 1
gamma: 166 val: 1
gamma: 167 val: 1
gamma: 168 val: 1
gamma: 169 val: 1
gamma: 170 val: 1
gamma: 171 val: 1
gamma: 172 val: 1
gamma: 173 val: 1
gamma: 174 val: 1
gamma: 175 val: 1
gamma: 176 val: 1
gamma: 177 val: 1
gamma: 178 val: 1
gamma: 179 val: 1
gamma: 180 val: 1
gamma: 181 val: 1
gamma: 182 val: 1
gamma: 183 val: 1
gamma: 184 val: 1
gamma: 185 val: 1
gamma: 186 val: 1
gamma: 187 val: 1
gamma: 188 val: 1
gamma: 189 val: 1
gamma: 190 val: 1
gamma: 191 val: 1
gamma: 192 val: 1
gamma: 193 val: 1
gamma: 194 val: 1
gamma: 195 val: 1
gamma: 196 val: 1
gamma: 197 val: 1
gamma: 198 val: 1
gamma: 199 val: 1
gamma: 200 val: 1
gamma: 201 val: 1
gamma: 202 val: 1
alpha: 2.57644
psiStar: 11027.2
lagLB: 10511.9
||gamma||^2: 200
lambda: 0,2.46746,2.46746,2.46746,2.46746,2.46746,2.46746,2.46746,2.46746,2.46746,2.46746,2.46746,2.46746,2.46746,2.46746,2.46746,2.46746,2.46746,0,2.46746,2.46746,2.46746,2.46746,2.46746,2.46746,2.46746,2.46746,2.46746,2.46746,2.46746,2.46746,2.46746,2.46746,2.46746,2.46746,2.46746,2.46746,2.46746,2.46746,2.46746,2.46746,2.46746,2.46746,2.46746,2.46746,2.46746,2.46746,2.46746,2.46746,2.46746,2.46746,2.46746,2.46746,2.46746,2.46746,2.46746,2.46746,2.46746,2.46746,2.46746,2.46746,2.46746,2.46746,2.46746,2.46746,2.46746,2.46746,2.46746,2.46746,2.46746,2.46746,2.46746,2.46746,2.46746,2.46746,2.46746,2.46746,2.46746,2.46746,2.46746,2.46746,2.46746,2.46746,2.46746,2.46746,2.46746,2.46746,2.46746,2.46746,2.46746,2.46746,2.46746,2.46746,2.46746,2.46746,2.46746,2.46746,2.46746,2.46746,2.46746,2.46746,2.46746,2.46746,2.46746,2.46746,2.46746,2.46746,2.46746,2.46746,2.46746,2.46746,2.46746,2.46746,2.46746,2.46746,2.46746,2.46746,2.46746,2.46746,2.46746,2.46746,2.46746,2.46746,2.46746,2.46746,2.46746,2.46746,2.46746,2.46746,2.46746,2.46746,2.46746,2.46746,2.46746,2.46746,2.46746,2.46746,2.46746,2.46746,2.46746,2.46746,2.46746,2.46746,2.46746,2.46746,2.46746,2.46746,2.46746,2.46746,2.46746,2.46746,2.46746,2.46746,2.46746,2.46746,2.46746,2.46746,2.46746,2.46746,2.46746,2.46746,2.46746,2.46746,2.46746,2.46746,2.46746,2.46746,2.46746,2.46746,2.46746,2.46746,2.46746,2.46746,2.46746,2.46746,2.46746,2.46746,2.46746,2.46746,2.46746,2.46746,2.46746,2.46746,2.46746,2.46746,2.46746,2.46746,2.46746,2.46746,2.46746,2.46746,2.46746,2.46746,2.46746,2.46746,2.46746,2.46746,2.46746,2.46746,2.46746,2.46746,2.46746,2.46746,
mu: 
combDuals: 
srcDuals: 
fixed dual: 0
lambda: 0,2.46746,2.46746,2.46746,2.46746,2.46746,2.46746,2.46746,2.46746,2.46746,2.46746,2.46746,2.46746,2.46746,2.46746,2.46746,2.46746,2.46746,0,2.46746,2.46746,2.46746,2.46746,2.46746,2.46746,2.46746,2.46746,2.46746,2.46746,2.46746,2.46746,2.46746,2.46746,2.46746,2.46746,2.46746,2.46746,2.46746,2.46746,2.46746,2.46746,2.46746,2.46746,2.46746,2.46746,2.46746,2.46746,2.46746,2.46746,2.46746,2.46746,2.46746,2.46746,2.46746,2.46746,2.46746,2.46746,2.46746,2.46746,2.46746,2.46746,2.46746,2.46746,2.46746,2.46746,2.46746,2.46746,2.46746,2.46746,2.46746,2.46746,2.46746,2.46746,2.46746,2.46746,2.46746,2.46746,2.46746,2.46746,2.46746,2.46746,2.46746,2.46746,2.46746,2.46746,2.46746,2.46746,2.46746,2.46746,2.46746,2.46746,2.46746,2.46746,2.46746,2.46746,2.46746,2.46746,2.46746,2.46746,2.46746,2.46746,2.46746,2.46746,2.46746,2.46746,2.46746,2.46746,2.46746,2.46746,2.46746,2.46746,2.46746,2.46746,2.46746,2.46746,2.46746,2.46746,2.46746,2.46746,2.46746,2.46746,2.46746,2.46746,2.46746,2.46746,2.46746,2.46746,2.46746,2.46746,2.46746,2.46746,2.46746,2.46746,2.46746,2.46746,2.46746,2.46746,2.46746,2.46746,2.46746,2.46746,2.46746,2.46746,2.46746,2.46746,2.46746,2.46746,2.46746,2.46746,2.46746,2.46746,2.46746,2.46746,2.46746,2.46746,2.46746,2.46746,2.46746,2.46746,2.46746,2.46746,2.46746,2.46746,2.46746,2.46746,2.46746,2.46746,2.46746,2.46746,2.46746,2.46746,2.46746,2.46746,2.46746,2.46746,2.46746,2.46746,2.46746,2.46746,2.46746,2.46746,2.46746,2.46746,2.46746,2.46746,2.46746,2.46746,2.46746,2.46746,2.46746,2.46746,2.46746,2.46746,2.46746,2.46746,2.46746,2.46746,2.46746,2.46746,2.46746,2.46746,2.46746,2.46746,
mu: 
combDuals: 
srcDuals: 
fixed dual: 0
separating route arcs: 8 1345 
separating route locations: 18 80 
STATS - lpIterations[1] lagIterations[2] sspIterations[2] numSeparations[1] numCuts[0] compileTime[2096] sspSolveTime[105] lpSolveTime[0] lb[10511.9] ub[118075] numArcs: [91193596] numFixed: [0] numHeuristicIPs: [4] numHeuristicLNS: [3] numPrimalLNSRepairs: [4] time: [3063]
STATS1 - lpIterations[1] lagIterations[2] sspIterations[2] numSeparations[1] numCuts[0] compileTime[2096] sspSolveTime[105] lpSolveTime[0] repairTime[0] cutsTime[0] alphaTime[0] decompTime[25] yellowTime[0] updateTime[68] fixTime[0] lb[10511.9] ub[118075] numArcs: [91193596] numFixed: [0] time: [3063]
lag: 10968.3
STATS - lpIterations[1] lagIterations[3] sspIterations[3] numSeparations[1] numCuts[0] compileTime[2096] sspSolveTime[612] lpSolveTime[0] lb[10968.3] ub[118075] numArcs: [91193526] numFixed: [0] numHeuristicIPs: [4] numHeuristicLNS: [3] numPrimalLNSRepairs: [4] time: [3570]
STATS1 - lpIterations[1] lagIterations[3] sspIterations[3] numSeparations[1] numCuts[0] compileTime[2096] sspSolveTime[612] lpSolveTime[0] repairTime[0] cutsTime[0] alphaTime[0] decompTime[25] yellowTime[0] updateTime[68] fixTime[0] lb[10968.3] ub[118075] numArcs: [91193526] numFixed: [0] time: [3570]
lambda: 0,5.04391,5.04391,5.04391,5.04391,5.04391,5.04391,5.04391,5.04391,5.04391,5.04391,5.04391,5.04391,5.04391,5.04391,5.04391,5.04391,5.04391,0,5.04391,5.04391,5.04391,5.04391,5.04391,5.04391,5.04391,5.04391,5.04391,5.04391,5.04391,5.04391,5.04391,5.04391,5.04391,5.04391,5.04391,5.04391,5.04391,5.04391,5.04391,5.04391,5.04391,5.04391,5.04391,5.04391,5.04391,5.04391,5.04391,5.04391,5.04391,5.04391,5.04391,5.04391,5.04391,5.04391,5.04391,5.04391,5.04391,5.04391,5.04391,5.04391,5.04391,5.04391,5.04391,5.04391,5.04391,5.04391,5.04391,5.04391,5.04391,5.04391,5.04391,5.04391,5.04391,5.04391,5.04391,5.04391,5.04391,5.04391,5.04391,2.46746,5.04391,5.04391,5.04391,5.04391,5.04391,5.04391,5.04391,5.04391,5.04391,5.04391,5.04391,5.04391,5.04391,5.04391,5.04391,5.04391,5.04391,5.04391,5.04391,5.04391,5.04391,5.04391,5.04391,5.04391,5.04391,5.04391,5.04391,5.04391,5.04391,5.04391,5.04391,5.04391,5.04391,5.04391,5.04391,5.04391,5.04391,5.04391,5.04391,5.04391,5.04391,5.04391,5.04391,5.04391,5.04391,5.04391,5.04391,5.04391,5.04391,5.04391,5.04391,5.04391,5.04391,5.04391,5.04391,5.04391,5.04391,5.04391,5.04391,5.04391,5.04391,5.04391,5.04391,5.04391,5.04391,5.04391,5.04391,5.04391,5.04391,5.04391,5.04391,5.04391,5.04391,5.04391,5.04391,5.04391,5.04391,5.04391,5.04391,5.04391,5.04391,5.04391,5.04391,5.04391,5.04391,5.04391,5.04391,5.04391,5.04391,5.04391,5.04391,5.04391,5.04391,5.04391,5.04391,5.04391,5.04391,5.04391,5.04391,5.04391,5.04391,5.04391,5.04391,5.04391,5.04391,5.04391,5.04391,5.04391,5.04391,5.04391,5.04391,5.04391,5.04391,5.04391,5.04391,5.04391,5.04391,5.04391,5.04391,5.04391,5.04391,5.04391,
mu: 
combDuals: 
srcDuals: 
fixed dual: 0
new best dual, value: 10968.3
primal heuristic num vars: 18
add MIP warm start
primal heuristic MIP obj: 118075
feasible primal routes: 
route: 
0 77 88 197 78 17 165 83 10 126 50 112 175 39 148 53 154 0 
route: 
0 135 65 155 114 46 121 182 25 85 153 169 80 0 
route: 
0 73 100 36 43 60 167 71 48 31 132 59 149 201 174 202 107 196 186 42 185 101 127 159 156 24 93 0 
route: 
0 4 192 62 179 6 61 152 118 120 9 104 170 180 176 66 142 11 173 138 122 145 111 12 70 136 5 0 
route: 
0 23 26 90 44 200 102 92 160 147 37 158 187 0 
route: 
0 94 91 13 178 75 22 189 30 113 82 54 108 188 190 52 72 1 140 115 99 86 171 163 87 0 
route: 
0 41 116 35 162 74 181 79 161 194 193 27 124 58 89 16 64 123 130 105 98 49 69 7 106 2 110 109 20 0 
route: 
0 168 45 21 8 183 134 177 3 51 29 38 133 14 198 84 157 55 96 125 97 28 76 0 
route: 
0 164 151 18 199 137 117 139 191 128 146 40 141 166 150 57 129 81 144 0 
route: 
0 67 34 63 172 19 103 15 195 32 68 0 
route: 
0 47 56 33 131 119 143 184 95 0 
destroy by single route index: 10
17 33 47 56 65 95 119 131 143 148 149 152 169 173 184 201 
