do not relax capacity constraint
instance upper bound: 2639.6
compiling DD
time step mult: 10
time step: 900
cap step: 1
done compiling DD
batch size for lag: 50
iteration delay to start separating: 0
optimality gap to start repairing: 5
percent fixed to change to CPLEX: 97.5
num arcs to change to CPLEX: 100000
num arcs to change to LAG: 999999999
STATS - lpIterations[0] lagIterations[0] sspIterations[0] numSeparations[0] numCuts[0] compileTime[2] sspSolveTime[0] lpSolveTime[0] lb[0] ub[2639.6] numArcs: [1849813] numFixed: [0] time: [2]
STATS - lpIterations[1] lagIterations[0] sspIterations[0] numSeparations[0] numCuts[0] compileTime[2] sspSolveTime[0] lpSolveTime[0] lb[0] ub[2639.6] numArcs: [1849813] numFixed: [0] time: [2]
STATS - lpIterations[1] lagIterations[1] sspIterations[1] numSeparations[0] numCuts[0] compileTime[2] sspSolveTime[0] lpSolveTime[0] lb[2000.47] ub[2639.6] numArcs: [1849813] numFixed: [0] time: [2]
STATS - lpIterations[1] lagIterations[2] sspIterations[2] numSeparations[0] numCuts[0] compileTime[2] sspSolveTime[0] lpSolveTime[0] lb[2092.71] ub[2639.6] numArcs: [1849813] numFixed: [0] time: [2]
STATS - lpIterations[1] lagIterations[3] sspIterations[3] numSeparations[0] numCuts[0] compileTime[2] sspSolveTime[0] lpSolveTime[0] lb[2192.48] ub[2639.6] numArcs: [1849813] numFixed: [0] time: [3]
STATS - lpIterations[1] lagIterations[4] sspIterations[5] numSeparations[0] numCuts[0] compileTime[2] sspSolveTime[0] lpSolveTime[0] lb[2290.93] ub[2639.6] numArcs: [1849813] numFixed: [0] time: [3]
STATS - lpIterations[1] lagIterations[6] sspIterations[61] numSeparations[0] numCuts[0] compileTime[2] sspSolveTime[1] lpSolveTime[0] lb[2359.33] ub[2639.6] numArcs: [1849369] numFixed: [0] time: [4]
STATS - lpIterations[1] lagIterations[7] sspIterations[74] numSeparations[40] numCuts[0] compileTime[2] sspSolveTime[1] lpSolveTime[0] lb[2364.22] ub[2639.6] numArcs: [1877384] numFixed: [0] time: [4]
STATS - lpIterations[1] lagIterations[8] sspIterations[99] numSeparations[40] numCuts[0] compileTime[2] sspSolveTime[2] lpSolveTime[0] lb[2370.36] ub[2639.6] numArcs: [1877122] numFixed: [0] time: [5]
STATS - lpIterations[1] lagIterations[9] sspIterations[104] numSeparations[40] numCuts[0] compileTime[2] sspSolveTime[2] lpSolveTime[0] lb[2382.97] ub[2639.6] numArcs: [1877098] numFixed: [0] time: [5]
STATS - lpIterations[1] lagIterations[11] sspIterations[196] numSeparations[115] numCuts[0] compileTime[2] sspSolveTime[5] lpSolveTime[0] lb[2404.28] ub[2639.6] numArcs: [1912511] numFixed: [0] time: [8]
STATS - lpIterations[1] lagIterations[12] sspIterations[205] numSeparations[115] numCuts[0] compileTime[2] sspSolveTime[5] lpSolveTime[0] lb[2412.62] ub[2639.6] numArcs: [1912499] numFixed: [0] time: [8]
STATS - lpIterations[1] lagIterations[14] sspIterations[260] numSeparations[171] numCuts[0] compileTime[2] sspSolveTime[6] lpSolveTime[0] lb[2418.37] ub[2639.6] numArcs: [1928835] numFixed: [0] time: [10]
STATS - lpIterations[1] lagIterations[18] sspIterations[342] numSeparations[229] numCuts[0] compileTime[2] sspSolveTime[9] lpSolveTime[0] lb[2437.97] ub[2639.6] numArcs: [1944230] numFixed: [0] time: [12]
STATS - lpIterations[1] lagIterations[22] sspIterations[448] numSeparations[281] numCuts[0] compileTime[2] sspSolveTime[12] lpSolveTime[0] lb[2440.08] ub[2639.6] numArcs: [1962595] numFixed: [0] time: [16]
STATS - lpIterations[1] lagIterations[24] sspIterations[491] numSeparations[339] numCuts[0] compileTime[2] sspSolveTime[14] lpSolveTime[0] lb[2445.73] ub[2639.6] numArcs: [1976786] numFixed: [0] time: [18]
STATS - lpIterations[1] lagIterations[26] sspIterations[545] numSeparations[339] numCuts[0] compileTime[2] sspSolveTime[16] lpSolveTime[0] lb[2454.85] ub[2639.6] numArcs: [1976596] numFixed: [0] time: [20]
STATS - lpIterations[1] lagIterations[28] sspIterations[602] numSeparations[389] numCuts[0] compileTime[2] sspSolveTime[18] lpSolveTime[0] lb[2457.94] ub[2639.6] numArcs: [1987304] numFixed: [0] time: [22]
STATS - lpIterations[1] lagIterations[36] sspIterations[777] numSeparations[519] numCuts[0] compileTime[2] sspSolveTime[24] lpSolveTime[0] lb[2462.15] ub[2639.6] numArcs: [2015819] numFixed: [0] time: [28]
STATS - lpIterations[1] lagIterations[44] sspIterations[932] numSeparations[622] numCuts[0] compileTime[2] sspSolveTime[30] lpSolveTime[0] lb[2464.42] ub[2639.6] numArcs: [2037925] numFixed: [0] time: [34]
STATS - lpIterations[1] lagIterations[47] sspIterations[1015] numSeparations[686] numCuts[0] compileTime[2] sspSolveTime[33] lpSolveTime[0] lb[2468.62] ub[2639.6] numArcs: [2053115] numFixed: [0] time: [38]
STATS - lpIterations[1] lagIterations[49] sspIterations[1066] numSeparations[686] numCuts[0] compileTime[2] sspSolveTime[35] lpSolveTime[0] lb[2469.39] ub[2639.6] numArcs: [2053037] numFixed: [0] time: [40]
STATS - lpIterations[1] lagIterations[53] sspIterations[1164] numSeparations[802] numCuts[0] compileTime[2] sspSolveTime[39] lpSolveTime[0] lb[2474.24] ub[2639.6] numArcs: [2075870] numFixed: [0] time: [44]
STATS - lpIterations[1] lagIterations[56] sspIterations[1212] numSeparations[802] numCuts[0] compileTime[2] sspSolveTime[41] lpSolveTime[0] lb[2475.11] ub[2639.6] numArcs: [2075768] numFixed: [0] time: [46]
STATS - lpIterations[1] lagIterations[58] sspIterations[1261] numSeparations[861] numCuts[0] compileTime[2] sspSolveTime[43] lpSolveTime[0] lb[2477.17] ub[2639.6] numArcs: [2086811] numFixed: [0] time: [48]
STATS - lpIterations[1] lagIterations[60] sspIterations[1304] numSeparations[861] numCuts[0] compileTime[2] sspSolveTime[45] lpSolveTime[0] lb[2477.79] ub[2639.6] numArcs: [2086703] numFixed: [0] time: [50]
STATS - lpIterations[1] lagIterations[63] sspIterations[1354] numSeparations[911] numCuts[0] compileTime[2] sspSolveTime[46] lpSolveTime[0] lb[2479.75] ub[2639.6] numArcs: [2096269] numFixed: [0] time: [52]
STATS - lpIterations[1] lagIterations[65] sspIterations[1406] numSeparations[911] numCuts[0] compileTime[2] sspSolveTime[49] lpSolveTime[0] lb[2482.81] ub[2639.6] numArcs: [2096169] numFixed: [0] time: [54]
STATS - lpIterations[1] lagIterations[71] sspIterations[1542] numSeparations[1013] numCuts[0] compileTime[2] sspSolveTime[54] lpSolveTime[0] lb[2484.63] ub[2639.6] numArcs: [2113987] numFixed: [0] time: [60]
STATS - lpIterations[1] lagIterations[75] sspIterations[1645] numSeparations[1067] numCuts[0] compileTime[2] sspSolveTime[59] lpSolveTime[0] lb[2489.79] ub[2639.6] numArcs: [2125806] numFixed: [0] time: [64]
STATS - lpIterations[1] lagIterations[81] sspIterations[1779] numSeparations[1173] numCuts[0] compileTime[2] sspSolveTime[65] lpSolveTime[0] lb[2492.75] ub[2639.6] numArcs: [2145859] numFixed: [0] time: [71]
STATS - lpIterations[1] lagIterations[96] sspIterations[2090] numSeparations[1331] numCuts[0] compileTime[2] sspSolveTime[78] lpSolveTime[0] lb[2494.57] ub[2639.6] numArcs: [2173948] numFixed: [0] time: [85]
STATS - lpIterations[1] lagIterations[101] sspIterations[2178] numSeparations[1380] numCuts[0] compileTime[2] sspSolveTime[82] lpSolveTime[0] lb[2494.77] ub[2639.6] numArcs: [2182021] numFixed: [0] time: [88]
STATS - lpIterations[1] lagIterations[103] sspIterations[2243] numSeparations[1450] numCuts[0] compileTime[2] sspSolveTime[84] lpSolveTime[0] lb[2499.41] ub[2639.6] numArcs: [2195030] numFixed: [0] time: [91]
STATS - lpIterations[1] lagIterations[104] sspIterations[2259] numSeparations[1450] numCuts[0] compileTime[2] sspSolveTime[85] lpSolveTime[0] lb[2501.32] ub[2639.6] numArcs: [2195018] numFixed: [0] time: [92]
STATS - lpIterations[1] lagIterations[108] sspIterations[2345] numSeparations[1498] numCuts[0] compileTime[2] sspSolveTime[89] lpSolveTime[0] lb[2503.13] ub[2639.6] numArcs: [2202823] numFixed: [0] time: [96]
STATS - lpIterations[1] lagIterations[116] sspIterations[2532] numSeparations[1598] numCuts[0] compileTime[2] sspSolveTime[97] lpSolveTime[0] lb[2506.5] ub[2639.6] numArcs: [2219451] numFixed: [0] time: [104]
STATS - lpIterations[1] lagIterations[124] sspIterations[2718] numSeparations[1695] numCuts[0] compileTime[2] sspSolveTime[105] lpSolveTime[0] lb[2508.44] ub[2639.6] numArcs: [2233985] numFixed: [0] time: [113]
STATS - lpIterations[1] lagIterations[124] sspIterations[2718] numSeparations[1695] numCuts[0] compileTime[2] sspSolveTime[105] lpSolveTime[0] lb[2508.61] ub[2639.6] numArcs: [2233985] numFixed: [0] time: [114]
STATS - lpIterations[1] lagIterations[141] sspIterations[3053] numSeparations[1846] numCuts[0] compileTime[2] sspSolveTime[120] lpSolveTime[0] lb[2510.99] ub[2639.6] numArcs: [2257697] numFixed: [0] time: [130]
STATS - lpIterations[1] lagIterations[141] sspIterations[3053] numSeparations[1846] numCuts[0] compileTime[2] sspSolveTime[120] lpSolveTime[0] lb[2512.41] ub[2639.6] numArcs: [2257697] numFixed: [0] time: [131]
STATS - lpIterations[1] lagIterations[147] sspIterations[3199] numSeparations[1966] numCuts[0] compileTime[2] sspSolveTime[127] lpSolveTime[0] lb[2516.85] ub[2639.6] numArcs: [2277398] numFixed: [0] time: [141]
STATS - lpIterations[1] lagIterations[157] sspIterations[3433] numSeparations[2091] numCuts[0] compileTime[2] sspSolveTime[137] lpSolveTime[0] lb[2520.99] ub[2639.6] numArcs: [2296754] numFixed: [0] time: [157]
STATS - lpIterations[1] lagIterations[165] sspIterations[3660] numSeparations[2222] numCuts[0] compileTime[2] sspSolveTime[148] lpSolveTime[0] lb[2521.02] ub[2639.6] numArcs: [2319595] numFixed: [0] time: [172]
STATS - lpIterations[1] lagIterations[182] sspIterations[4044] numSeparations[2391] numCuts[0] compileTime[2] sspSolveTime[166] lpSolveTime[0] lb[2523.92] ub[2639.6] numArcs: [2347859] numFixed: [558946] time: [201]
STATS - lpIterations[1] lagIterations[190] sspIterations[4206] numSeparations[2485] numCuts[0] compileTime[2] sspSolveTime[174] lpSolveTime[0] lb[2526.21] ub[2639.6] numArcs: [2361821] numFixed: [518023] time: [216]
STATS - lpIterations[1] lagIterations[216] sspIterations[4761] numSeparations[2797] numCuts[0] compileTime[2] sspSolveTime[199] lpSolveTime[0] lb[2526.26] ub[2639.6] numArcs: [2411551] numFixed: [0] time: [261]
STATS - lpIterations[1] lagIterations[220] sspIterations[4875] numSeparations[2856] numCuts[0] compileTime[2] sspSolveTime[204] lpSolveTime[0] lb[2530.84] ub[2639.6] numArcs: [2422482] numFixed: [0] time: [271]
STATS - lpIterations[1] lagIterations[235] sspIterations[5212] numSeparations[3020] numCuts[0] compileTime[2] sspSolveTime[220] lpSolveTime[0] lb[2531.09] ub[2639.6] numArcs: [2447726] numFixed: [0] time: [300]
STATS - lpIterations[1] lagIterations[235] sspIterations[5212] numSeparations[3020] numCuts[0] compileTime[2] sspSolveTime[220] lpSolveTime[0] lb[2533.41] ub[2639.6] numArcs: [2447726] numFixed: [0] time: [301]
STATS - lpIterations[1] lagIterations[263] sspIterations[5791] numSeparations[3296] numCuts[0] compileTime[2] sspSolveTime[245] lpSolveTime[0] lb[2535.35] ub[2639.6] numArcs: [2492451] numFixed: [0] time: [357]
STATS - lpIterations[1] lagIterations[271] sspIterations[5941] numSeparations[3343] numCuts[0] compileTime[2] sspSolveTime[251] lpSolveTime[0] lb[2535.59] ub[2639.6] numArcs: [2498886] numFixed: [883900] time: [373]
STATS - lpIterations[1] lagIterations[273] sspIterations[6001] numSeparations[3343] numCuts[0] compileTime[2] sspSolveTime[254] lpSolveTime[0] lb[2536.65] ub[2639.6] numArcs: [2498831] numFixed: [913599] time: [378]
STATS - lpIterations[1] lagIterations[280] sspIterations[6155] numSeparations[3451] numCuts[0] compileTime[2] sspSolveTime[261] lpSolveTime[0] lb[2536.99] ub[2639.6] numArcs: [2516234] numFixed: [0] time: [393]
STATS - lpIterations[1] lagIterations[284] sspIterations[6249] numSeparations[3451] numCuts[0] compileTime[2] sspSolveTime[265] lpSolveTime[0] lb[2538.4] ub[2639.6] numArcs: [2516126] numFixed: [960238] time: [401]
STATS - lpIterations[1] lagIterations[291] sspIterations[6408] numSeparations[3564] numCuts[0] compileTime[2] sspSolveTime[273] lpSolveTime[0] lb[2540.06] ub[2639.6] numArcs: [2535047] numFixed: [0] time: [417]
STATS - lpIterations[1] lagIterations[313] sspIterations[6853] numSeparations[3710] numCuts[0] compileTime[2] sspSolveTime[294] lpSolveTime[0] lb[2540.26] ub[2639.6] numArcs: [2557213] numFixed: [994546] time: [467]
STATS - lpIterations[1] lagIterations[314] sspIterations[6877] numSeparations[3760] numCuts[0] compileTime[2] sspSolveTime[295] lpSolveTime[0] lb[2540.9] ub[2639.6] numArcs: [2565716] numFixed: [0] time: [470]
STATS - lpIterations[1] lagIterations[327] sspIterations[7166] numSeparations[3864] numCuts[0] compileTime[2] sspSolveTime[308] lpSolveTime[0] lb[2541.17] ub[2639.6] numArcs: [2583373] numFixed: [1058252] time: [500]
STATS - lpIterations[1] lagIterations[331] sspIterations[7241] numSeparations[3913] numCuts[0] compileTime[2] sspSolveTime[312] lpSolveTime[0] lb[2541.56] ub[2639.6] numArcs: [2590717] numFixed: [1042462] time: [510]
STATS - lpIterations[1] lagIterations[338] sspIterations[7400] numSeparations[3960] numCuts[0] compileTime[2] sspSolveTime[319] lpSolveTime[0] lb[2544.78] ub[2639.6] numArcs: [2597020] numFixed: [1026089] time: [525]
STATS - lpIterations[1] lagIterations[369] sspIterations[8043] numSeparations[4211] numCuts[0] compileTime[2] sspSolveTime[349] lpSolveTime[0] lb[2544.97] ub[2639.6] numArcs: [2636048] numFixed: [1166459] time: [598]
STATS - lpIterations[1] lagIterations[378] sspIterations[8247] numSeparations[4322] numCuts[0] compileTime[2] sspSolveTime[358] lpSolveTime[0] lb[2546.26] ub[2639.6] numArcs: [2651438] numFixed: [1103069] time: [621]
STATS - lpIterations[1] lagIterations[379] sspIterations[8264] numSeparations[4322] numCuts[0] compileTime[2] sspSolveTime[359] lpSolveTime[0] lb[2546.31] ub[2639.6] numArcs: [2651438] numFixed: [1207869] time: [622]
STATS - lpIterations[1] lagIterations[392] sspIterations[8528] numSeparations[4431] numCuts[0] compileTime[2] sspSolveTime[370] lpSolveTime[0] lb[2546.43] ub[2639.6] numArcs: [2666946] numFixed: [1211154] time: [652]
STATS - lpIterations[1] lagIterations[392] sspIterations[8528] numSeparations[4431] numCuts[0] compileTime[2] sspSolveTime[370] lpSolveTime[0] lb[2546.57] ub[2639.6] numArcs: [2666946] numFixed: [1211154] time: [653]
STATS - lpIterations[1] lagIterations[398] sspIterations[8657] numSeparations[4482] numCuts[0] compileTime[2] sspSolveTime[376] lpSolveTime[0] lb[2547.04] ub[2639.6] numArcs: [2674129] numFixed: [1221306] time: [667]
STATS - lpIterations[1] lagIterations[398] sspIterations[8657] numSeparations[4482] numCuts[0] compileTime[2] sspSolveTime[376] lpSolveTime[0] lb[2547.34] ub[2639.6] numArcs: [2674129] numFixed: [1221306] time: [668]
STATS - lpIterations[1] lagIterations[401] sspIterations[8728] numSeparations[4482] numCuts[0] compileTime[2] sspSolveTime[380] lpSolveTime[0] lb[2548.16] ub[2639.6] numArcs: [2674049] numFixed: [1239493] time: [676]
STATS - lpIterations[1] lagIterations[402] sspIterations[8747] numSeparations[4541] numCuts[0] compileTime[2] sspSolveTime[381] lpSolveTime[0] lb[2549.17] ub[2639.6] numArcs: [2681736] numFixed: [0] time: [677]
STATS - lpIterations[1] lagIterations[423] sspIterations[9172] numSeparations[4644] numCuts[0] compileTime[2] sspSolveTime[402] lpSolveTime[0] lb[2549.43] ub[2639.6] numArcs: [2695515] numFixed: [1267667] time: [729]
STATS - lpIterations[1] lagIterations[424] sspIterations[9190] numSeparations[4698] numCuts[0] compileTime[2] sspSolveTime[403] lpSolveTime[0] lb[2549.92] ub[2639.6] numArcs: [2702610] numFixed: [0] time: [731]
STATS - lpIterations[1] lagIterations[451] sspIterations[9733] numSeparations[4894] numCuts[0] compileTime[2] sspSolveTime[427] lpSolveTime[0] lb[2550.18] ub[2639.6] numArcs: [2729648] numFixed: [0] time: [795]
STATS - lpIterations[1] lagIterations[456] sspIterations[9832] numSeparations[4894] numCuts[0] compileTime[2] sspSolveTime[431] lpSolveTime[0] lb[2550.65] ub[2639.6] numArcs: [2729571] numFixed: [1326030] time: [807]
STATS - lpIterations[1] lagIterations[461] sspIterations[9953] numSeparations[4957] numCuts[0] compileTime[2] sspSolveTime[437] lpSolveTime[0] lb[2551.15] ub[2639.6] numArcs: [2738507] numFixed: [1320035] time: [821]
STATS - lpIterations[1] lagIterations[462] sspIterations[9978] numSeparations[4957] numCuts[0] compileTime[2] sspSolveTime[438] lpSolveTime[0] lb[2552.52] ub[2639.6] numArcs: [2738501] numFixed: [1356588] time: [823]
STATS - lpIterations[1] lagIterations[473] sspIterations[10211] numSeparations[5063] numCuts[0] compileTime[2] sspSolveTime[449] lpSolveTime[0] lb[2552.73] ub[2639.6] numArcs: [2753303] numFixed: [1379052] time: [852]
STATS - lpIterations[1] lagIterations[474] sspIterations[10236] numSeparations[5063] numCuts[0] compileTime[2] sspSolveTime[450] lpSolveTime[0] lb[2553.46] ub[2639.6] numArcs: [2753296] numFixed: [1399334] time: [855]
STATS - lpIterations[1] lagIterations[498] sspIterations[10742] numSeparations[5279] numCuts[0] compileTime[2] sspSolveTime[474] lpSolveTime[0] lb[2553.79] ub[2639.6] numArcs: [2788809] numFixed: [0] time: [914]
STATS - lpIterations[1] lagIterations[507] sspIterations[10934] numSeparations[5328] numCuts[0] compileTime[2] sspSolveTime[483] lpSolveTime[0] lb[2554.84] ub[2639.6] numArcs: [2795461] numFixed: [1374240] time: [939]
STATS - lpIterations[1] lagIterations[519] sspIterations[11184] numSeparations[5429] numCuts[0] compileTime[2] sspSolveTime[495] lpSolveTime[0] lb[2555.41] ub[2639.6] numArcs: [2810816] numFixed: [1459205] time: [970]
STATS - lpIterations[1] lagIterations[531] sspIterations[11434] numSeparations[5534] numCuts[0] compileTime[2] sspSolveTime[508] lpSolveTime[0] lb[2555.72] ub[2639.6] numArcs: [2826405] numFixed: [0] time: [1001]
STATS - lpIterations[1] lagIterations[556] sspIterations[11919] numSeparations[5679] numCuts[0] compileTime[2] sspSolveTime[529] lpSolveTime[0] lb[2555.99] ub[2639.6] numArcs: [2847183] numFixed: [1502634] time: [1062]
STATS - lpIterations[1] lagIterations[557] sspIterations[11958] numSeparations[5679] numCuts[0] compileTime[2] sspSolveTime[531] lpSolveTime[0] lb[2556.05] ub[2639.6] numArcs: [2847141] numFixed: [1502648] time: [1067]
STATS - lpIterations[1] lagIterations[558] sspIterations[11983] numSeparations[5679] numCuts[0] compileTime[2] sspSolveTime[532] lpSolveTime[0] lb[2556.49] ub[2639.6] numArcs: [2847136] numFixed: [1521929] time: [1070]
STATS - lpIterations[1] lagIterations[561] sspIterations[12048] numSeparations[5728] numCuts[0] compileTime[2] sspSolveTime[535] lpSolveTime[0] lb[2557.16] ub[2639.6] numArcs: [2853363] numFixed: [1515283] time: [1077]
STATS - lpIterations[1] lagIterations[578] sspIterations[12392] numSeparations[5844] numCuts[0] compileTime[2] sspSolveTime[551] lpSolveTime[0] lb[2557.38] ub[2639.6] numArcs: [2871711] numFixed: [1518436] time: [1120]
STATS - lpIterations[1] lagIterations[582] sspIterations[12481] numSeparations[5899] numCuts[0] compileTime[2] sspSolveTime[556] lpSolveTime[0] lb[2557.67] ub[2639.6] numArcs: [2879575] numFixed: [0] time: [1131]
STATS - lpIterations[1] lagIterations[594] sspIterations[12720] numSeparations[5948] numCuts[0] compileTime[2] sspSolveTime[567] lpSolveTime[0] lb[2558.34] ub[2639.6] numArcs: [2885336] numFixed: [1561543] time: [1162]
STATS - lpIterations[1] lagIterations[604] sspIterations[12957] numSeparations[6049] numCuts[0] compileTime[2] sspSolveTime[578] lpSolveTime[0] lb[2558.59] ub[2639.6] numArcs: [2900834] numFixed: [1579721] time: [1190]
STATS - lpIterations[1] lagIterations[617] sspIterations[13207] numSeparations[6145] numCuts[0] compileTime[2] sspSolveTime[590] lpSolveTime[0] lb[2558.89] ub[2639.6] numArcs: [2913924] numFixed: [1561149] time: [1225]
STATS - lpIterations[1] lagIterations[618] sspIterations[13225] numSeparations[6145] numCuts[0] compileTime[2] sspSolveTime[591] lpSolveTime[0] lb[2560.47] ub[2639.6] numArcs: [2913922] numFixed: [1621902] time: [1226]
STATS - lpIterations[1] lagIterations[659] sspIterations[14082] numSeparations[6443] numCuts[0] compileTime[2] sspSolveTime[633] lpSolveTime[0] lb[2560.94] ub[2639.6] numArcs: [2952671] numFixed: [1653500] time: [1337]
STATS - lpIterations[1] lagIterations[661] sspIterations[14134] numSeparations[6497] numCuts[0] compileTime[2] sspSolveTime[636] lpSolveTime[0] lb[2561.81] ub[2639.6] numArcs: [2960223] numFixed: [0] time: [1343]
STATS - lpIterations[1] lagIterations[690] sspIterations[14736] numSeparations[6693] numCuts[0] compileTime[2] sspSolveTime[666] lpSolveTime[0] lb[2562.56] ub[2639.6] numArcs: [2985787] numFixed: [0] time: [1422]
STATS - lpIterations[1] lagIterations[705] sspIterations[15078] numSeparations[6797] numCuts[0] compileTime[2] sspSolveTime[683] lpSolveTime[0] lb[2563.01] ub[2639.6] numArcs: [2998949] numFixed: [1726765] time: [1465]
STATS - lpIterations[1] lagIterations[714] sspIterations[15282] numSeparations[6850] numCuts[0] compileTime[2] sspSolveTime[693] lpSolveTime[0] lb[2563.25] ub[2639.6] numArcs: [3005738] numFixed: [1750154] time: [1490]
STATS - lpIterations[1] lagIterations[727] sspIterations[15575] numSeparations[6951] numCuts[0] compileTime[2] sspSolveTime[707] lpSolveTime[0] lb[2563.76] ub[2639.6] numArcs: [3020076] numFixed: [1731237] time: [1528]
STATS - lpIterations[1] lagIterations[747] sspIterations[15990] numSeparations[7109] numCuts[0] compileTime[2] sspSolveTime[728] lpSolveTime[0] lb[2564.48] ub[2639.6] numArcs: [3040233] numFixed: [1800543] time: [1582]
STATS - lpIterations[1] lagIterations[771] sspIterations[16492] numSeparations[7273] numCuts[0] compileTime[2] sspSolveTime[752] lpSolveTime[0] lb[2564.63] ub[2639.6] numArcs: [3062862] numFixed: [1784476] time: [1647]
STATS - lpIterations[1] lagIterations[786] sspIterations[16803] numSeparations[7375] numCuts[0] compileTime[2] sspSolveTime[767] lpSolveTime[0] lb[2565.32] ub[2639.6] numArcs: [3076625] numFixed: [0] time: [1688]
STATS - lpIterations[1] lagIterations[797] sspIterations[17053] numSeparations[7422] numCuts[0] compileTime[2] sspSolveTime[779] lpSolveTime[0] lb[2565.5] ub[2639.6] numArcs: [3082493] numFixed: [1850916] time: [1719]
STATS - lpIterations[1] lagIterations[801] sspIterations[17137] numSeparations[7478] numCuts[0] compileTime[2] sspSolveTime[783] lpSolveTime[0] lb[2565.51] ub[2639.6] numArcs: [3091105] numFixed: [0] time: [1730]
STATS - lpIterations[1] lagIterations[810] sspIterations[17315] numSeparations[7526] numCuts[0] compileTime[2] sspSolveTime[792] lpSolveTime[0] lb[2565.8] ub[2639.6] numArcs: [3098259] numFixed: [1818161] time: [1754]
STATS - lpIterations[1] lagIterations[824] sspIterations[17598] numSeparations[7575] numCuts[0] compileTime[2] sspSolveTime[805] lpSolveTime[0] lb[2566.89] ub[2639.6] numArcs: [3104724] numFixed: [1861932] time: [1791]
STATS - lpIterations[1] lagIterations[854] sspIterations[18226] numSeparations[7774] numCuts[0] compileTime[2] sspSolveTime[835] lpSolveTime[0] lb[2566.9] ub[2639.6] numArcs: [3129239] numFixed: [1890949] time: [1874]
STATS - lpIterations[1] lagIterations[869] sspIterations[18536] numSeparations[7820] numCuts[0] compileTime[2] sspSolveTime[850] lpSolveTime[0] lb[2567.38] ub[2639.6] numArcs: [3134580] numFixed: [1880935] time: [1914]
STATS - lpIterations[1] lagIterations[884] sspIterations[18845] numSeparations[7917] numCuts[0] compileTime[2] sspSolveTime[866] lpSolveTime[0] lb[2567.86] ub[2639.6] numArcs: [3147530] numFixed: [1925937] time: [1957]
STATS - lpIterations[1] lagIterations[914] sspIterations[19438] numSeparations[8058] numCuts[0] compileTime[2] sspSolveTime[894] lpSolveTime[0] lb[2568.66] ub[2639.6] numArcs: [3164624] numFixed: [1941665] time: [2037]
STATS - lpIterations[2] lagIterations[925] sspIterations[19674] numSeparations[8154] numCuts[0] compileTime[2] sspSolveTime[906] lpSolveTime[0] lb[2568.66] ub[2639.6] numArcs: [3178145] numFixed: [1956113] time: [2073]
STATS - lpIterations[2] lagIterations[926] sspIterations[19693] numSeparations[8154] numCuts[0] compileTime[2] sspSolveTime[907] lpSolveTime[0] lb[2568.7] ub[2639.6] numArcs: [3178144] numFixed: [1956113] time: [2073]
STATS - lpIterations[3] lagIterations[1027] sspIterations[22494] numSeparations[9696] numCuts[0] compileTime[2] sspSolveTime[1153] lpSolveTime[0] lb[2568.7] ub[2639.6] numArcs: [3403180] numFixed: [1533179] time: [2412]
STATS - lpIterations[3] lagIterations[1028] sspIterations[22513] numSeparations[9696] numCuts[0] compileTime[2] sspSolveTime[1154] lpSolveTime[0] lb[2568.74] ub[2639.6] numArcs: [3403180] numFixed: [1533179] time: [2413]
STATS - lpIterations[4] lagIterations[1129] sspIterations[25127] numSeparations[10913] numCuts[0] compileTime[2] sspSolveTime[1382] lpSolveTime[0] lb[2568.74] ub[2639.6] numArcs: [3574585] numFixed: [1860438] time: [2749]
STATS - lpIterations[5] lagIterations[1231] sspIterations[27681] numSeparations[12048] numCuts[0] compileTime[2] sspSolveTime[1611] lpSolveTime[0] lb[2568.74] ub[2639.6] numArcs: [3729605] numFixed: [1623692] time: [3094]
STATS - lpIterations[6] lagIterations[1333] sspIterations[30293] numSeparations[13135] numCuts[0] compileTime[2] sspSolveTime[1859] lpSolveTime[0] lb[2568.74] ub[2639.6] numArcs: [3879005] numFixed: [2026129] time: [3475]
