do not relax capacity constraint
instance upper bound: 1844.8
compiling DD
time step mult: 10
time step: 900
cap step: 1
done compiling DD
batch size for lag: 50
iteration delay to start separating: 0
optimality gap to start repairing: 5
percent fixed to change to CPLEX: 97.5
num arcs to change to CPLEX: 100000
num arcs to change to LAG: 999999999
STATS - lpIterations[0] lagIterations[0] sspIterations[0] numSeparations[0] numCuts[0] compileTime[9] sspSolveTime[0] lpSolveTime[0] lb[0] ub[1844.8] numArcs: [9373633] numFixed: [0] time: [9]
STATS - lpIterations[1] lagIterations[0] sspIterations[0] numSeparations[0] numCuts[0] compileTime[9] sspSolveTime[0] lpSolveTime[0] lb[0] ub[1844.8] numArcs: [9373633] numFixed: [0] time: [9]
STATS - lpIterations[1] lagIterations[1] sspIterations[1] numSeparations[0] numCuts[0] compileTime[9] sspSolveTime[0] lpSolveTime[0] lb[538.443] ub[1844.8] numArcs: [9373633] numFixed: [0] time: [9]
STATS - lpIterations[1] lagIterations[2] sspIterations[2] numSeparations[0] numCuts[0] compileTime[9] sspSolveTime[0] lpSolveTime[0] lb[565.098] ub[1844.8] numArcs: [9373633] numFixed: [0] time: [10]
STATS - lpIterations[1] lagIterations[3] sspIterations[3] numSeparations[0] numCuts[0] compileTime[9] sspSolveTime[1] lpSolveTime[0] lb[592.799] ub[1844.8] numArcs: [9373633] numFixed: [0] time: [11]
STATS - lpIterations[1] lagIterations[4] sspIterations[4] numSeparations[0] numCuts[0] compileTime[9] sspSolveTime[1] lpSolveTime[0] lb[621.576] ub[1844.8] numArcs: [9373633] numFixed: [0] time: [12]
STATS - lpIterations[1] lagIterations[5] sspIterations[5] numSeparations[0] numCuts[0] compileTime[9] sspSolveTime[1] lpSolveTime[0] lb[651.459] ub[1844.8] numArcs: [9373633] numFixed: [0] time: [13]
STATS - lpIterations[1] lagIterations[6] sspIterations[6] numSeparations[0] numCuts[0] compileTime[9] sspSolveTime[2] lpSolveTime[0] lb[682.481] ub[1844.8] numArcs: [9373633] numFixed: [0] time: [14]
STATS - lpIterations[1] lagIterations[7] sspIterations[7] numSeparations[0] numCuts[0] compileTime[9] sspSolveTime[2] lpSolveTime[0] lb[714.674] ub[1844.8] numArcs: [9373633] numFixed: [0] time: [15]
STATS - lpIterations[1] lagIterations[8] sspIterations[8] numSeparations[0] numCuts[0] compileTime[9] sspSolveTime[3] lpSolveTime[0] lb[748.07] ub[1844.8] numArcs: [9373633] numFixed: [0] time: [16]
STATS - lpIterations[1] lagIterations[9] sspIterations[9] numSeparations[0] numCuts[0] compileTime[9] sspSolveTime[3] lpSolveTime[0] lb[782.703] ub[1844.8] numArcs: [9373633] numFixed: [0] time: [17]
STATS - lpIterations[1] lagIterations[10] sspIterations[10] numSeparations[0] numCuts[0] compileTime[9] sspSolveTime[4] lpSolveTime[0] lb[818.607] ub[1844.8] numArcs: [9373633] numFixed: [0] time: [18]
STATS - lpIterations[1] lagIterations[11] sspIterations[11] numSeparations[0] numCuts[0] compileTime[9] sspSolveTime[4] lpSolveTime[0] lb[855.816] ub[1844.8] numArcs: [9373633] numFixed: [0] time: [19]
STATS - lpIterations[1] lagIterations[12] sspIterations[12] numSeparations[0] numCuts[0] compileTime[9] sspSolveTime[4] lpSolveTime[0] lb[894.366] ub[1844.8] numArcs: [9373633] numFixed: [0] time: [20]
STATS - lpIterations[1] lagIterations[13] sspIterations[13] numSeparations[0] numCuts[0] compileTime[9] sspSolveTime[5] lpSolveTime[0] lb[934.293] ub[1844.8] numArcs: [9373633] numFixed: [0] time: [21]
STATS - lpIterations[1] lagIterations[14] sspIterations[14] numSeparations[0] numCuts[0] compileTime[9] sspSolveTime[5] lpSolveTime[0] lb[975.468] ub[1844.8] numArcs: [9373633] numFixed: [0] time: [22]
STATS - lpIterations[1] lagIterations[15] sspIterations[15] numSeparations[0] numCuts[0] compileTime[9] sspSolveTime[6] lpSolveTime[0] lb[1018.2] ub[1844.8] numArcs: [9373633] numFixed: [0] time: [23]
STATS - lpIterations[1] lagIterations[16] sspIterations[16] numSeparations[0] numCuts[0] compileTime[9] sspSolveTime[7] lpSolveTime[0] lb[1058.19] ub[1844.8] numArcs: [9373599] numFixed: [0] time: [25]
STATS - lpIterations[1] lagIterations[17] sspIterations[17] numSeparations[0] numCuts[0] compileTime[9] sspSolveTime[7] lpSolveTime[0] lb[1100.12] ub[1844.8] numArcs: [9373599] numFixed: [0] time: [26]
STATS - lpIterations[1] lagIterations[18] sspIterations[18] numSeparations[0] numCuts[0] compileTime[9] sspSolveTime[8] lpSolveTime[0] lb[1141.13] ub[1844.8] numArcs: [9373569] numFixed: [20] time: [27]
STATS - lpIterations[1] lagIterations[19] sspIterations[19] numSeparations[0] numCuts[0] compileTime[9] sspSolveTime[8] lpSolveTime[0] lb[1188.58] ub[1844.8] numArcs: [9373569] numFixed: [152] time: [28]
STATS - lpIterations[1] lagIterations[20] sspIterations[20] numSeparations[0] numCuts[0] compileTime[9] sspSolveTime[9] lpSolveTime[0] lb[1229.54] ub[1844.8] numArcs: [9373555] numFixed: [796] time: [29]
STATS - lpIterations[1] lagIterations[21] sspIterations[21] numSeparations[0] numCuts[0] compileTime[9] sspSolveTime[10] lpSolveTime[0] lb[1271.27] ub[1844.8] numArcs: [9373528] numFixed: [2300] time: [31]
STATS - lpIterations[1] lagIterations[22] sspIterations[23] numSeparations[0] numCuts[0] compileTime[9] sspSolveTime[11] lpSolveTime[0] lb[1317.25] ub[1844.8] numArcs: [9373480] numFixed: [2300] time: [32]
STATS - lpIterations[1] lagIterations[23] sspIterations[25] numSeparations[0] numCuts[0] compileTime[9] sspSolveTime[13] lpSolveTime[0] lb[1340.97] ub[1844.8] numArcs: [9373441] numFixed: [2300] time: [34]
STATS - lpIterations[1] lagIterations[24] sspIterations[32] numSeparations[0] numCuts[0] compileTime[9] sspSolveTime[19] lpSolveTime[0] lb[1363.32] ub[1844.8] numArcs: [9373273] numFixed: [2300] time: [41]
STATS - lpIterations[1] lagIterations[25] sspIterations[35] numSeparations[0] numCuts[0] compileTime[9] sspSolveTime[20] lpSolveTime[0] lb[1378.05] ub[1844.8] numArcs: [9373197] numFixed: [2300] time: [42]
STATS - lpIterations[1] lagIterations[26] sspIterations[42] numSeparations[0] numCuts[0] compileTime[9] sspSolveTime[26] lpSolveTime[0] lb[1384.66] ub[1844.8] numArcs: [9373067] numFixed: [2300] time: [48]
STATS - lpIterations[1] lagIterations[27] sspIterations[43] numSeparations[0] numCuts[0] compileTime[9] sspSolveTime[27] lpSolveTime[0] lb[1396.31] ub[1844.8] numArcs: [9373063] numFixed: [2300] time: [49]
STATS - lpIterations[1] lagIterations[28] sspIterations[56] numSeparations[0] numCuts[0] compileTime[9] sspSolveTime[37] lpSolveTime[0] lb[1397.69] ub[1844.8] numArcs: [9372732] numFixed: [51061] time: [60]
STATS - lpIterations[1] lagIterations[29] sspIterations[64] numSeparations[0] numCuts[0] compileTime[9] sspSolveTime[41] lpSolveTime[0] lb[1424.74] ub[1844.8] numArcs: [9372623] numFixed: [51061] time: [64]
STATS - lpIterations[1] lagIterations[30] sspIterations[66] numSeparations[0] numCuts[0] compileTime[9] sspSolveTime[42] lpSolveTime[0] lb[1431.9] ub[1844.8] numArcs: [9372623] numFixed: [51061] time: [65]
STATS - lpIterations[1] lagIterations[31] sspIterations[76] numSeparations[15] numCuts[0] compileTime[9] sspSolveTime[49] lpSolveTime[0] lb[1439.42] ub[1844.8] numArcs: [9388744] numFixed: [0] time: [72]
STATS - lpIterations[1] lagIterations[32] sspIterations[79] numSeparations[15] numCuts[0] compileTime[9] sspSolveTime[52] lpSolveTime[0] lb[1449.84] ub[1844.8] numArcs: [9388721] numFixed: [0] time: [75]
STATS - lpIterations[1] lagIterations[34] sspIterations[95] numSeparations[15] numCuts[0] compileTime[9] sspSolveTime[67] lpSolveTime[0] lb[1463.52] ub[1844.8] numArcs: [9388454] numFixed: [0] time: [91]
STATS - lpIterations[1] lagIterations[36] sspIterations[107] numSeparations[15] numCuts[0] compileTime[9] sspSolveTime[76] lpSolveTime[0] lb[1473.81] ub[1844.8] numArcs: [9388281] numFixed: [0] time: [100]
STATS - lpIterations[1] lagIterations[38] sspIterations[133] numSeparations[50] numCuts[0] compileTime[9] sspSolveTime[98] lpSolveTime[0] lb[1491.83] ub[1844.8] numArcs: [9416445] numFixed: [0] time: [123]
STATS - lpIterations[1] lagIterations[39] sspIterations[136] numSeparations[50] numCuts[0] compileTime[9] sspSolveTime[101] lpSolveTime[0] lb[1505.17] ub[1844.8] numArcs: [9416411] numFixed: [0] time: [126]
STATS - lpIterations[1] lagIterations[41] sspIterations[149] numSeparations[50] numCuts[0] compileTime[9] sspSolveTime[114] lpSolveTime[0] lb[1512.27] ub[1844.8] numArcs: [9416221] numFixed: [0] time: [139]
STATS - lpIterations[1] lagIterations[42] sspIterations[151] numSeparations[50] numCuts[0] compileTime[9] sspSolveTime[116] lpSolveTime[0] lb[1519.95] ub[1844.8] numArcs: [9416192] numFixed: [0] time: [142]
STATS - lpIterations[1] lagIterations[44] sspIterations[171] numSeparations[50] numCuts[0] compileTime[9] sspSolveTime[130] lpSolveTime[0] lb[1540.11] ub[1844.8] numArcs: [9416017] numFixed: [0] time: [156]
STATS - lpIterations[1] lagIterations[46] sspIterations[183] numSeparations[88] numCuts[0] compileTime[9] sspSolveTime[141] lpSolveTime[0] lb[1545.38] ub[1844.8] numArcs: [9439316] numFixed: [0] time: [167]
STATS - lpIterations[1] lagIterations[48] sspIterations[198] numSeparations[88] numCuts[0] compileTime[9] sspSolveTime[155] lpSolveTime[0] lb[1558.75] ub[1844.8] numArcs: [9439045] numFixed: [0] time: [181]
STATS - lpIterations[1] lagIterations[50] sspIterations[210] numSeparations[88] numCuts[0] compileTime[9] sspSolveTime[166] lpSolveTime[0] lb[1561.01] ub[1844.8] numArcs: [9438877] numFixed: [0] time: [193]
STATS - lpIterations[1] lagIterations[51] sspIterations[216] numSeparations[88] numCuts[0] compileTime[9] sspSolveTime[171] lpSolveTime[0] lb[1566.14] ub[1844.8] numArcs: [9438830] numFixed: [0] time: [198]
STATS - lpIterations[1] lagIterations[52] sspIterations[219] numSeparations[88] numCuts[0] compileTime[9] sspSolveTime[175] lpSolveTime[0] lb[1575.55] ub[1844.8] numArcs: [9438804] numFixed: [0] time: [202]
STATS - lpIterations[1] lagIterations[54] sspIterations[238] numSeparations[122] numCuts[0] compileTime[9] sspSolveTime[191] lpSolveTime[0] lb[1586.36] ub[1844.8] numArcs: [9454722] numFixed: [0] time: [218]
STATS - lpIterations[1] lagIterations[55] sspIterations[246] numSeparations[122] numCuts[0] compileTime[9] sspSolveTime[198] lpSolveTime[0] lb[1586.8] ub[1844.8] numArcs: [9454641] numFixed: [0] time: [226]
STATS - lpIterations[1] lagIterations[56] sspIterations[249] numSeparations[122] numCuts[0] compileTime[9] sspSolveTime[201] lpSolveTime[0] lb[1592.8] ub[1844.8] numArcs: [9454569] numFixed: [0] time: [228]
STATS - lpIterations[1] lagIterations[58] sspIterations[272] numSeparations[122] numCuts[0] compileTime[9] sspSolveTime[226] lpSolveTime[0] lb[1594.93] ub[1844.8] numArcs: [9454167] numFixed: [0] time: [254]
STATS - lpIterations[1] lagIterations[59] sspIterations[277] numSeparations[122] numCuts[0] compileTime[9] sspSolveTime[229] lpSolveTime[0] lb[1602.17] ub[1844.8] numArcs: [9454150] numFixed: [0] time: [257]
STATS - lpIterations[1] lagIterations[61] sspIterations[288] numSeparations[156] numCuts[0] compileTime[9] sspSolveTime[237] lpSolveTime[0] lb[1603.4] ub[1844.8] numArcs: [9473901] numFixed: [0] time: [266]
STATS - lpIterations[1] lagIterations[63] sspIterations[313] numSeparations[156] numCuts[0] compileTime[9] sspSolveTime[261] lpSolveTime[0] lb[1610.97] ub[1844.8] numArcs: [9473629] numFixed: [0] time: [290]
STATS - lpIterations[1] lagIterations[64] sspIterations[317] numSeparations[156] numCuts[0] compileTime[9] sspSolveTime[265] lpSolveTime[0] lb[1620.78] ub[1844.8] numArcs: [9473618] numFixed: [0] time: [294]
STATS - lpIterations[1] lagIterations[68] sspIterations[353] numSeparations[200] numCuts[0] compileTime[9] sspSolveTime[298] lpSolveTime[0] lb[1622.62] ub[1844.8] numArcs: [9496693] numFixed: [0] time: [328]
STATS - lpIterations[1] lagIterations[69] sspIterations[358] numSeparations[200] numCuts[0] compileTime[9] sspSolveTime[304] lpSolveTime[0] lb[1628.74] ub[1844.8] numArcs: [9496666] numFixed: [0] time: [334]
STATS - lpIterations[1] lagIterations[70] sspIterations[361] numSeparations[200] numCuts[0] compileTime[9] sspSolveTime[307] lpSolveTime[0] lb[1635.09] ub[1844.8] numArcs: [9496618] numFixed: [0] time: [337]
STATS - lpIterations[1] lagIterations[72] sspIterations[388] numSeparations[200] numCuts[0] compileTime[9] sspSolveTime[333] lpSolveTime[0] lb[1636.73] ub[1844.8] numArcs: [9496329] numFixed: [0] time: [363]
STATS - lpIterations[1] lagIterations[73] sspIterations[393] numSeparations[200] numCuts[0] compileTime[9] sspSolveTime[337] lpSolveTime[0] lb[1641.13] ub[1844.8] numArcs: [9496253] numFixed: [0] time: [367]
STATS - lpIterations[1] lagIterations[75] sspIterations[405] numSeparations[241] numCuts[0] compileTime[9] sspSolveTime[349] lpSolveTime[0] lb[1643.17] ub[1844.8] numArcs: [9515927] numFixed: [0] time: [380]
STATS - lpIterations[1] lagIterations[77] sspIterations[429] numSeparations[241] numCuts[0] compileTime[9] sspSolveTime[373] lpSolveTime[0] lb[1648.24] ub[1844.8] numArcs: [9515679] numFixed: [0] time: [405]
STATS - lpIterations[1] lagIterations[80] sspIterations[445] numSeparations[241] numCuts[0] compileTime[9] sspSolveTime[388] lpSolveTime[0] lb[1654.2] ub[1844.8] numArcs: [9515517] numFixed: [0] time: [420]
STATS - lpIterations[1] lagIterations[82] sspIterations[463] numSeparations[283] numCuts[0] compileTime[9] sspSolveTime[404] lpSolveTime[0] lb[1656.92] ub[1844.8] numArcs: [9536815] numFixed: [0] time: [436]
STATS - lpIterations[1] lagIterations[84] sspIterations[479] numSeparations[283] numCuts[0] compileTime[9] sspSolveTime[421] lpSolveTime[0] lb[1660.72] ub[1844.8] numArcs: [9536691] numFixed: [0] time: [453]
STATS - lpIterations[1] lagIterations[86] sspIterations[494] numSeparations[283] numCuts[0] compileTime[9] sspSolveTime[439] lpSolveTime[0] lb[1661.07] ub[1844.8] numArcs: [9536611] numFixed: [0] time: [471]
STATS - lpIterations[1] lagIterations[88] sspIterations[506] numSeparations[283] numCuts[0] compileTime[9] sspSolveTime[451] lpSolveTime[0] lb[1670.42] ub[1844.8] numArcs: [9536535] numFixed: [0] time: [484]
STATS - lpIterations[1] lagIterations[91] sspIterations[543] numSeparations[330] numCuts[0] compileTime[9] sspSolveTime[486] lpSolveTime[0] lb[1671.91] ub[1844.8] numArcs: [9557057] numFixed: [0] time: [519]
STATS - lpIterations[1] lagIterations[93] sspIterations[556] numSeparations[330] numCuts[0] compileTime[9] sspSolveTime[501] lpSolveTime[0] lb[1673.8] ub[1844.8] numArcs: [9557004] numFixed: [0] time: [535]
STATS - lpIterations[1] lagIterations[95] sspIterations[569] numSeparations[330] numCuts[0] compileTime[9] sspSolveTime[514] lpSolveTime[0] lb[1675.23] ub[1844.8] numArcs: [9556890] numFixed: [0] time: [549]
STATS - lpIterations[1] lagIterations[97] sspIterations[585] numSeparations[369] numCuts[0] compileTime[9] sspSolveTime[527] lpSolveTime[0] lb[1682.58] ub[1844.8] numArcs: [9572921] numFixed: [0] time: [562]
STATS - lpIterations[1] lagIterations[100] sspIterations[622] numSeparations[369] numCuts[0] compileTime[9] sspSolveTime[568] lpSolveTime[0] lb[1685.79] ub[1844.8] numArcs: [9572577] numFixed: [0] time: [603]
STATS - lpIterations[1] lagIterations[107] sspIterations[663] numSeparations[416] numCuts[0] compileTime[9] sspSolveTime[609] lpSolveTime[0] lb[1691.02] ub[1844.8] numArcs: [9591141] numFixed: [0] time: [646]
STATS - lpIterations[1] lagIterations[109] sspIterations[689] numSeparations[416] numCuts[0] compileTime[9] sspSolveTime[629] lpSolveTime[0] lb[1697.16] ub[1844.8] numArcs: [9590966] numFixed: [0] time: [666]
STATS - lpIterations[1] lagIterations[111] sspIterations[701] numSeparations[460] numCuts[0] compileTime[9] sspSolveTime[643] lpSolveTime[0] lb[1697.38] ub[1844.8] numArcs: [9608960] numFixed: [0] time: [680]
STATS - lpIterations[1] lagIterations[118] sspIterations[747] numSeparations[505] numCuts[0] compileTime[9] sspSolveTime[699] lpSolveTime[0] lb[1704.91] ub[1844.8] numArcs: [9627337] numFixed: [0] time: [737]
STATS - lpIterations[1] lagIterations[122] sspIterations[781] numSeparations[505] numCuts[0] compileTime[9] sspSolveTime[733] lpSolveTime[0] lb[1706.06] ub[1844.8] numArcs: [9627169] numFixed: [0] time: [772]
STATS - lpIterations[1] lagIterations[124] sspIterations[797] numSeparations[505] numCuts[0] compileTime[9] sspSolveTime[753] lpSolveTime[0] lb[1707.06] ub[1844.8] numArcs: [9627102] numFixed: [0] time: [792]
STATS - lpIterations[1] lagIterations[126] sspIterations[814] numSeparations[542] numCuts[0] compileTime[9] sspSolveTime[768] lpSolveTime[0] lb[1708.04] ub[1844.8] numArcs: [9645182] numFixed: [0] time: [808]
STATS - lpIterations[1] lagIterations[130] sspIterations[839] numSeparations[542] numCuts[0] compileTime[9] sspSolveTime[796] lpSolveTime[0] lb[1712.54] ub[1844.8] numArcs: [9645047] numFixed: [0] time: [836]
STATS - lpIterations[1] lagIterations[136] sspIterations[887] numSeparations[583] numCuts[0] compileTime[9] sspSolveTime[846] lpSolveTime[0] lb[1714.77] ub[1844.8] numArcs: [9661329] numFixed: [0] time: [887]
STATS - lpIterations[1] lagIterations[140] sspIterations[914] numSeparations[624] numCuts[0] compileTime[9] sspSolveTime[873] lpSolveTime[0] lb[1715.39] ub[1844.8] numArcs: [9675968] numFixed: [0] time: [914]
STATS - lpIterations[1] lagIterations[141] sspIterations[921] numSeparations[624] numCuts[0] compileTime[9] sspSolveTime[879] lpSolveTime[0] lb[1717.1] ub[1844.8] numArcs: [9675942] numFixed: [0] time: [921]
STATS - lpIterations[1] lagIterations[146] sspIterations[954] numSeparations[624] numCuts[0] compileTime[9] sspSolveTime[908] lpSolveTime[0] lb[1717.36] ub[1844.8] numArcs: [9675759] numFixed: [0] time: [950]
STATS - lpIterations[1] lagIterations[148] sspIterations[965] numSeparations[666] numCuts[0] compileTime[9] sspSolveTime[918] lpSolveTime[0] lb[1719.92] ub[1844.8] numArcs: [9694363] numFixed: [0] time: [961]
STATS - lpIterations[1] lagIterations[150] sspIterations[979] numSeparations[666] numCuts[0] compileTime[9] sspSolveTime[929] lpSolveTime[0] lb[1721.85] ub[1844.8] numArcs: [9694291] numFixed: [0] time: [972]
STATS - lpIterations[1] lagIterations[155] sspIterations[1028] numSeparations[710] numCuts[0] compileTime[9] sspSolveTime[985] lpSolveTime[0] lb[1723.74] ub[1844.8] numArcs: [9709559] numFixed: [0] time: [1029]
STATS - lpIterations[1] lagIterations[157] sspIterations[1041] numSeparations[710] numCuts[0] compileTime[9] sspSolveTime[998] lpSolveTime[0] lb[1724.24] ub[1844.8] numArcs: [9709513] numFixed: [0] time: [1043]
STATS - lpIterations[1] lagIterations[159] sspIterations[1052] numSeparations[710] numCuts[0] compileTime[9] sspSolveTime[1006] lpSolveTime[0] lb[1725.33] ub[1844.8] numArcs: [9709456] numFixed: [0] time: [1051]
STATS - lpIterations[1] lagIterations[162] sspIterations[1088] numSeparations[762] numCuts[0] compileTime[9] sspSolveTime[1045] lpSolveTime[0] lb[1727.59] ub[1844.8] numArcs: [9727029] numFixed: [0] time: [1091]
STATS - lpIterations[1] lagIterations[171] sspIterations[1142] numSeparations[799] numCuts[0] compileTime[9] sspSolveTime[1106] lpSolveTime[0] lb[1728.93] ub[1844.8] numArcs: [9742361] numFixed: [0] time: [1152]
STATS - lpIterations[1] lagIterations[175] sspIterations[1173] numSeparations[799] numCuts[0] compileTime[9] sspSolveTime[1138] lpSolveTime[0] lb[1730.81] ub[1844.8] numArcs: [9742191] numFixed: [0] time: [1185]
STATS - lpIterations[1] lagIterations[181] sspIterations[1205] numSeparations[846] numCuts[0] compileTime[9] sspSolveTime[1165] lpSolveTime[0] lb[1731.85] ub[1844.8] numArcs: [9757850] numFixed: [0] time: [1214]
STATS - lpIterations[1] lagIterations[183] sspIterations[1234] numSeparations[891] numCuts[0] compileTime[9] sspSolveTime[1201] lpSolveTime[0] lb[1731.86] ub[1844.8] numArcs: [9772615] numFixed: [0] time: [1250]
STATS - lpIterations[1] lagIterations[184] sspIterations[1241] numSeparations[891] numCuts[0] compileTime[9] sspSolveTime[1209] lpSolveTime[0] lb[1736.25] ub[1844.8] numArcs: [9772577] numFixed: [0] time: [1258]
STATS - lpIterations[1] lagIterations[200] sspIterations[1354] numSeparations[981] numCuts[0] compileTime[9] sspSolveTime[1341] lpSolveTime[0] lb[1737.65] ub[1844.8] numArcs: [9801492] numFixed: [0] time: [1393]
STATS - lpIterations[1] lagIterations[209] sspIterations[1412] numSeparations[1028] numCuts[0] compileTime[9] sspSolveTime[1403] lpSolveTime[0] lb[1739.57] ub[1844.8] numArcs: [9818660] numFixed: [0] time: [1456]
STATS - lpIterations[1] lagIterations[211] sspIterations[1423] numSeparations[1028] numCuts[0] compileTime[9] sspSolveTime[1412] lpSolveTime[0] lb[1739.97] ub[1844.8] numArcs: [9818623] numFixed: [0] time: [1466]
STATS - lpIterations[1] lagIterations[213] sspIterations[1434] numSeparations[1028] numCuts[0] compileTime[9] sspSolveTime[1425] lpSolveTime[0] lb[1741.22] ub[1844.8] numArcs: [9818580] numFixed: [0] time: [1479]
STATS - lpIterations[1] lagIterations[219] sspIterations[1485] numSeparations[1070] numCuts[0] compileTime[9] sspSolveTime[1474] lpSolveTime[0] lb[1746.32] ub[1844.8] numArcs: [9834106] numFixed: [0] time: [1529]
STATS - lpIterations[1] lagIterations[247] sspIterations[1676] numSeparations[1251] numCuts[0] compileTime[9] sspSolveTime[1665] lpSolveTime[0] lb[1746.54] ub[1844.8] numArcs: [9895305] numFixed: [0] time: [1725]
STATS - lpIterations[1] lagIterations[248] sspIterations[1678] numSeparations[1251] numCuts[0] compileTime[9] sspSolveTime[1666] lpSolveTime[0] lb[1748.93] ub[1844.8] numArcs: [9895293] numFixed: [0] time: [1727]
STATS - lpIterations[1] lagIterations[252] sspIterations[1720] numSeparations[1299] numCuts[0] compileTime[9] sspSolveTime[1721] lpSolveTime[0] lb[1749.67] ub[1844.8] numArcs: [9910392] numFixed: [0] time: [1782]
STATS - lpIterations[1] lagIterations[259] sspIterations[1768] numSeparations[1299] numCuts[0] compileTime[9] sspSolveTime[1782] lpSolveTime[0] lb[1751.04] ub[1844.8] numArcs: [9910218] numFixed: [0] time: [1844]
STATS - lpIterations[1] lagIterations[261] sspIterations[1780] numSeparations[1343] numCuts[0] compileTime[9] sspSolveTime[1795] lpSolveTime[0] lb[1751.38] ub[1844.8] numArcs: [9926572] numFixed: [0] time: [1858]
STATS - lpIterations[1] lagIterations[264] sspIterations[1811] numSeparations[1343] numCuts[0] compileTime[9] sspSolveTime[1828] lpSolveTime[0] lb[1753.01] ub[1844.8] numArcs: [9926468] numFixed: [0] time: [1891]
STATS - lpIterations[1] lagIterations[264] sspIterations[1811] numSeparations[1343] numCuts[0] compileTime[9] sspSolveTime[1828] lpSolveTime[0] lb[1754.61] ub[1844.8] numArcs: [9926468] numFixed: [0] time: [1893]
STATS - lpIterations[1] lagIterations[287] sspIterations[1997] numSeparations[1535] numCuts[0] compileTime[9] sspSolveTime[2008] lpSolveTime[0] lb[1755.66] ub[1844.8] numArcs: [9986354] numFixed: [0] time: [2086]
STATS - lpIterations[1] lagIterations[295] sspIterations[2060] numSeparations[1583] numCuts[0] compileTime[9] sspSolveTime[2060] lpSolveTime[0] lb[1759.53] ub[1844.8] numArcs: [10003552] numFixed: [0] time: [2149]
STATS - lpIterations[1] lagIterations[321] sspIterations[2256] numSeparations[1712] numCuts[0] compileTime[9] sspSolveTime[2215] lpSolveTime[0] lb[1760.24] ub[1844.8] numArcs: [10045271] numFixed: [5317528] time: [2362]
STATS - lpIterations[1] lagIterations[330] sspIterations[2325] numSeparations[1810] numCuts[0] compileTime[9] sspSolveTime[2273] lpSolveTime[0] lb[1762.9] ub[1844.8] numArcs: [10078005] numFixed: [0] time: [2448]
STATS - lpIterations[1] lagIterations[346] sspIterations[2440] numSeparations[1905] numCuts[0] compileTime[9] sspSolveTime[2365] lpSolveTime[0] lb[1763.43] ub[1844.8] numArcs: [10110142] numFixed: [5601729] time: [2593]
STATS - lpIterations[1] lagIterations[357] sspIterations[2528] numSeparations[1950] numCuts[0] compileTime[9] sspSolveTime[2434] lpSolveTime[0] lb[1766.5] ub[1844.8] numArcs: [10123586] numFixed: [5584368] time: [2690]
STATS - lpIterations[1] lagIterations[394] sspIterations[2806] numSeparations[2190] numCuts[0] compileTime[9] sspSolveTime[2652] lpSolveTime[0] lb[1766.89] ub[1844.8] numArcs: [10200804] numFixed: [5915645] time: [3028]
STATS - lpIterations[1] lagIterations[404] sspIterations[2886] numSeparations[2281] numCuts[0] compileTime[9] sspSolveTime[2714] lpSolveTime[0] lb[1769.06] ub[1844.8] numArcs: [10227569] numFixed: [6030068] time: [3126]
STATS - lpIterations[1] lagIterations[421] sspIterations[3001] numSeparations[2371] numCuts[0] compileTime[9] sspSolveTime[2800] lpSolveTime[0] lb[1770.35] ub[1844.8] numArcs: [10256451] numFixed: [6089122] time: [3273]
STATS - lpIterations[1] lagIterations[422] sspIterations[3012] numSeparations[2371] numCuts[0] compileTime[9] sspSolveTime[2809] lpSolveTime[0] lb[1770.74] ub[1844.8] numArcs: [10256415] numFixed: [6309514] time: [3286]
STATS - lpIterations[1] lagIterations[456] sspIterations[3238] numSeparations[2557] numCuts[0] compileTime[9] sspSolveTime[2965] lpSolveTime[0] lb[1771.24] ub[1844.8] numArcs: [10315385] numFixed: [6320427] time: [3563]
