relax capacity constraint
instance upper bound: 42437
compiling DD
time step mult: 10
time step: 900
cap step: 10
done compiling DD
batch size for lag: 100
iteration delay to start separating: 0
optimality gap to start repairing: 100
percent fixed to change to CPLEX: 97.5
num arcs to change to CPLEX: 100000
num arcs to change to LAG: 999999999
STATS - lpIterations[0] lagIterations[0] sspIterations[0] numSeparations[0] numCuts[0] compileTime[13] sspSolveTime[0] lpSolveTime[0] lb[0] ub[42437] numArcs: [5171895] numFixed: [0] time: [13]
STATS - lpIterations[1] lagIterations[0] sspIterations[0] numSeparations[0] numCuts[0] compileTime[13] sspSolveTime[0] lpSolveTime[0] lb[0] ub[42437] numArcs: [5171895] numFixed: [0] time: [13]
STATS - lpIterations[1] lagIterations[3] sspIterations[932] numSeparations[632] numCuts[0] compileTime[13] sspSolveTime[70] lpSolveTime[0] lb[462.974] ub[42437] numArcs: [5718688] numFixed: [0] time: [84]
STATS - lpIterations[1] lagIterations[3] sspIterations[932] numSeparations[632] numCuts[0] compileTime[13] sspSolveTime[70] lpSolveTime[0] lb[30509.4] ub[42437] numArcs: [5718688] numFixed: [0] time: [92]
STATS - lpIterations[1] lagIterations[4] sspIterations[1231] numSeparations[932] numCuts[0] compileTime[13] sspSolveTime[97] lpSolveTime[0] lb[30533.7] ub[42437] numArcs: [5845411] numFixed: [331324] time: [129]
STATS - lpIterations[1] lagIterations[5] sspIterations[1426] numSeparations[1231] numCuts[0] compileTime[13] sspSolveTime[110] lpSolveTime[0] lb[30759.3] ub[42437] numArcs: [5968685] numFixed: [347367] time: [150]
STATS - lpIterations[1] lagIterations[6] sspIterations[1531] numSeparations[1426] numCuts[0] compileTime[13] sspSolveTime[118] lpSolveTime[0] lb[31179.6] ub[42437] numArcs: [6076618] numFixed: [352984] time: [165]
STATS - lpIterations[1] lagIterations[7] sspIterations[1605] numSeparations[1531] numCuts[0] compileTime[13] sspSolveTime[122] lpSolveTime[0] lb[31241.1] ub[42437] numArcs: [6145458] numFixed: [356426] time: [170]
STATS - lpIterations[1] lagIterations[7] sspIterations[1605] numSeparations[1531] numCuts[0] compileTime[13] sspSolveTime[122] lpSolveTime[0] lb[31587.9] ub[42437] numArcs: [6145458] numFixed: [356426] time: [177]
STATS - lpIterations[1] lagIterations[8] sspIterations[1664] numSeparations[1531] numCuts[0] compileTime[13] sspSolveTime[126] lpSolveTime[0] lb[31951.9] ub[42437] numArcs: [6145236] numFixed: [356426] time: [181]
STATS - lpIterations[1] lagIterations[9] sspIterations[1719] numSeparations[1647] numCuts[0] compileTime[13] sspSolveTime[128] lpSolveTime[0] lb[32460.1] ub[42437] numArcs: [6232071] numFixed: [361875] time: [192]
STATS - lpIterations[1] lagIterations[10] sspIterations[1770] numSeparations[1647] numCuts[0] compileTime[13] sspSolveTime[131] lpSolveTime[0] lb[32951.5] ub[42437] numArcs: [6231858] numFixed: [361875] time: [202]
STATS - lpIterations[1] lagIterations[11] sspIterations[1823] numSeparations[1739] numCuts[0] compileTime[13] sspSolveTime[134] lpSolveTime[0] lb[33436.4] ub[42437] numArcs: [6307020] numFixed: [367550] time: [212]
STATS - lpIterations[1] lagIterations[12] sspIterations[1881] numSeparations[1739] numCuts[0] compileTime[13] sspSolveTime[137] lpSolveTime[0] lb[33739.3] ub[42437] numArcs: [6306801] numFixed: [367550] time: [222]
STATS - lpIterations[1] lagIterations[13] sspIterations[1932] numSeparations[1844] numCuts[0] compileTime[13] sspSolveTime[140] lpSolveTime[0] lb[34139.5] ub[42437] numArcs: [6397572] numFixed: [379348] time: [232]
STATS - lpIterations[1] lagIterations[14] sspIterations[1989] numSeparations[1844] numCuts[0] compileTime[13] sspSolveTime[143] lpSolveTime[0] lb[34531.9] ub[42437] numArcs: [6397300] numFixed: [379348] time: [242]
STATS - lpIterations[1] lagIterations[15] sspIterations[2051] numSeparations[1947] numCuts[0] compileTime[13] sspSolveTime[146] lpSolveTime[0] lb[34820.3] ub[42437] numArcs: [6464546] numFixed: [384225] time: [253]
STATS - lpIterations[1] lagIterations[16] sspIterations[2125] numSeparations[1947] numCuts[0] compileTime[13] sspSolveTime[150] lpSolveTime[0] lb[35046.4] ub[42437] numArcs: [6464201] numFixed: [384225] time: [264]
STATS - lpIterations[1] lagIterations[17] sspIterations[2180] numSeparations[2076] numCuts[0] compileTime[13] sspSolveTime[153] lpSolveTime[0] lb[35347.7] ub[42437] numArcs: [6572144] numFixed: [394923] time: [276]
STATS - lpIterations[1] lagIterations[18] sspIterations[2254] numSeparations[2076] numCuts[0] compileTime[13] sspSolveTime[157] lpSolveTime[0] lb[35512.3] ub[42437] numArcs: [6571838] numFixed: [394923] time: [287]
STATS - lpIterations[1] lagIterations[19] sspIterations[2315] numSeparations[2201] numCuts[0] compileTime[13] sspSolveTime[160] lpSolveTime[0] lb[35761.5] ub[42437] numArcs: [6653866] numFixed: [398927] time: [300]
STATS - lpIterations[1] lagIterations[20] sspIterations[2391] numSeparations[2201] numCuts[0] compileTime[13] sspSolveTime[164] lpSolveTime[0] lb[35922.8] ub[42437] numArcs: [6653593] numFixed: [398927] time: [311]
STATS - lpIterations[1] lagIterations[21] sspIterations[2456] numSeparations[2331] numCuts[0] compileTime[13] sspSolveTime[168] lpSolveTime[0] lb[36107.7] ub[42437] numArcs: [6739533] numFixed: [401152] time: [324]
STATS - lpIterations[1] lagIterations[22] sspIterations[2530] numSeparations[2331] numCuts[0] compileTime[13] sspSolveTime[171] lpSolveTime[0] lb[36222] ub[42437] numArcs: [6739292] numFixed: [401152] time: [336]
STATS - lpIterations[1] lagIterations[23] sspIterations[2599] numSeparations[2464] numCuts[0] compileTime[13] sspSolveTime[175] lpSolveTime[0] lb[36452.7] ub[42437] numArcs: [6824495] numFixed: [403157] time: [349]
STATS - lpIterations[1] lagIterations[24] sspIterations[2678] numSeparations[2464] numCuts[0] compileTime[13] sspSolveTime[179] lpSolveTime[0] lb[36471.2] ub[42437] numArcs: [6824264] numFixed: [403157] time: [362]
STATS - lpIterations[1] lagIterations[25] sspIterations[2740] numSeparations[2598] numCuts[0] compileTime[13] sspSolveTime[182] lpSolveTime[0] lb[36733.3] ub[42437] numArcs: [6909790] numFixed: [405939] time: [376]
STATS - lpIterations[1] lagIterations[27] sspIterations[2896] numSeparations[2741] numCuts[0] compileTime[13] sspSolveTime[190] lpSolveTime[0] lb[36891] ub[42437] numArcs: [7003032] numFixed: [412928] time: [403]
STATS - lpIterations[1] lagIterations[29] sspIterations[3050] numSeparations[2882] numCuts[0] compileTime[13] sspSolveTime[198] lpSolveTime[0] lb[37085.5] ub[42437] numArcs: [7088013] numFixed: [420979] time: [431]
STATS - lpIterations[1] lagIterations[30] sspIterations[3125] numSeparations[2882] numCuts[0] compileTime[13] sspSolveTime[202] lpSolveTime[0] lb[37154] ub[42437] numArcs: [7087798] numFixed: [420979] time: [444]
STATS - lpIterations[1] lagIterations[31] sspIterations[3205] numSeparations[3013] numCuts[0] compileTime[13] sspSolveTime[206] lpSolveTime[0] lb[37267.1] ub[42437] numArcs: [7164208] numFixed: [421830] time: [457]
STATS - lpIterations[1] lagIterations[32] sspIterations[3286] numSeparations[3013] numCuts[0] compileTime[13] sspSolveTime[210] lpSolveTime[0] lb[37319.7] ub[42437] numArcs: [7163943] numFixed: [421830] time: [471]
STATS - lpIterations[1] lagIterations[33] sspIterations[3354] numSeparations[3158] numCuts[0] compileTime[13] sspSolveTime[214] lpSolveTime[0] lb[37445] ub[42437] numArcs: [7233881] numFixed: [427015] time: [485]
STATS - lpIterations[1] lagIterations[35] sspIterations[3512] numSeparations[3302] numCuts[0] compileTime[13] sspSolveTime[223] lpSolveTime[0] lb[37603.3] ub[42437] numArcs: [7309286] numFixed: [432376] time: [514]
STATS - lpIterations[1] lagIterations[37] sspIterations[3676] numSeparations[3440] numCuts[0] compileTime[13] sspSolveTime[231] lpSolveTime[0] lb[37724] ub[42437] numArcs: [7376385] numFixed: [434846] time: [544]
STATS - lpIterations[1] lagIterations[38] sspIterations[3759] numSeparations[3440] numCuts[0] compileTime[13] sspSolveTime[235] lpSolveTime[0] lb[37744.3] ub[42437] numArcs: [7376161] numFixed: [434846] time: [559]
STATS - lpIterations[1] lagIterations[39] sspIterations[3831] numSeparations[3587] numCuts[0] compileTime[13] sspSolveTime[239] lpSolveTime[0] lb[37853.1] ub[42437] numArcs: [7453355] numFixed: [435602] time: [574]
STATS - lpIterations[1] lagIterations[41] sspIterations[3988] numSeparations[3719] numCuts[0] compileTime[13] sspSolveTime[247] lpSolveTime[0] lb[37939.7] ub[42437] numArcs: [7526323] numFixed: [439130] time: [602]
STATS - lpIterations[1] lagIterations[43] sspIterations[4148] numSeparations[3864] numCuts[0] compileTime[13] sspSolveTime[256] lpSolveTime[0] lb[38001] ub[42437] numArcs: [7592388] numFixed: [439130] time: [633]
STATS - lpIterations[1] lagIterations[44] sspIterations[4234] numSeparations[3864] numCuts[0] compileTime[13] sspSolveTime[260] lpSolveTime[0] lb[38060.5] ub[42437] numArcs: [7592193] numFixed: [439130] time: [647]
STATS - lpIterations[1] lagIterations[45] sspIterations[4309] numSeparations[4000] numCuts[0] compileTime[13] sspSolveTime[264] lpSolveTime[0] lb[38150.2] ub[42437] numArcs: [7660058] numFixed: [447882] time: [662]
STATS - lpIterations[1] lagIterations[46] sspIterations[4388] numSeparations[4000] numCuts[0] compileTime[13] sspSolveTime[268] lpSolveTime[0] lb[38175.3] ub[42437] numArcs: [7659899] numFixed: [447882] time: [677]
STATS - lpIterations[1] lagIterations[47] sspIterations[4471] numSeparations[4137] numCuts[0] compileTime[13] sspSolveTime[273] lpSolveTime[0] lb[38177.1] ub[42437] numArcs: [7722674] numFixed: [447882] time: [695]
STATS - lpIterations[1] lagIterations[48] sspIterations[4559] numSeparations[4137] numCuts[0] compileTime[13] sspSolveTime[277] lpSolveTime[0] lb[38211.9] ub[42437] numArcs: [7722496] numFixed: [447882] time: [710]
STATS - lpIterations[1] lagIterations[49] sspIterations[4626] numSeparations[4282] numCuts[0] compileTime[13] sspSolveTime[281] lpSolveTime[0] lb[38299.8] ub[42437] numArcs: [7787121] numFixed: [448407] time: [725]
STATS - lpIterations[1] lagIterations[51] sspIterations[4797] numSeparations[4424] numCuts[0] compileTime[13] sspSolveTime[291] lpSolveTime[0] lb[38439.6] ub[42437] numArcs: [7858628] numFixed: [449173] time: [758]
STATS - lpIterations[1] lagIterations[53] sspIterations[4962] numSeparations[4587] numCuts[0] compileTime[13] sspSolveTime[300] lpSolveTime[0] lb[38489.2] ub[42437] numArcs: [7934050] numFixed: [451582] time: [792]
STATS - lpIterations[1] lagIterations[55] sspIterations[5145] numSeparations[4727] numCuts[0] compileTime[13] sspSolveTime[310] lpSolveTime[0] lb[38554] ub[42437] numArcs: [7995101] numFixed: [452227] time: [826]
STATS - lpIterations[1] lagIterations[58] sspIterations[5392] numSeparations[4865] numCuts[0] compileTime[13] sspSolveTime[324] lpSolveTime[0] lb[38614.6] ub[42437] numArcs: [8047062] numFixed: [453942] time: [876]
STATS - lpIterations[1] lagIterations[59] sspIterations[5468] numSeparations[4994] numCuts[0] compileTime[13] sspSolveTime[329] lpSolveTime[0] lb[38662.7] ub[42437] numArcs: [8104180] numFixed: [455915] time: [893]
STATS - lpIterations[1] lagIterations[61] sspIterations[5636] numSeparations[5135] numCuts[0] compileTime[13] sspSolveTime[339] lpSolveTime[0] lb[38738] ub[42437] numArcs: [8169458] numFixed: [457339] time: [928]
STATS - lpIterations[1] lagIterations[63] sspIterations[5808] numSeparations[5277] numCuts[0] compileTime[13] sspSolveTime[348] lpSolveTime[0] lb[38802.2] ub[42437] numArcs: [8239723] numFixed: [460821] time: [961]
STATS - lpIterations[1] lagIterations[67] sspIterations[6141] numSeparations[5547] numCuts[0] compileTime[13] sspSolveTime[367] lpSolveTime[0] lb[38907.2] ub[42437] numArcs: [8363568] numFixed: [463670] time: [1030]
STATS - lpIterations[1] lagIterations[69] sspIterations[6308] numSeparations[5680] numCuts[0] compileTime[13] sspSolveTime[377] lpSolveTime[0] lb[38970.7] ub[42437] numArcs: [8426297] numFixed: [471004] time: [1066]
STATS - lpIterations[1] lagIterations[71] sspIterations[6484] numSeparations[5826] numCuts[0] compileTime[13] sspSolveTime[387] lpSolveTime[0] lb[39029] ub[42437] numArcs: [8481819] numFixed: [485065] time: [1102]
STATS - lpIterations[1] lagIterations[73] sspIterations[6668] numSeparations[5968] numCuts[0] compileTime[13] sspSolveTime[398] lpSolveTime[0] lb[39049.2] ub[42437] numArcs: [8535023] numFixed: [485065] time: [1140]
STATS - lpIterations[1] lagIterations[75] sspIterations[6839] numSeparations[6102] numCuts[0] compileTime[13] sspSolveTime[408] lpSolveTime[0] lb[39073.1] ub[42437] numArcs: [8585622] numFixed: [485065] time: [1177]
STATS - lpIterations[1] lagIterations[76] sspIterations[6932] numSeparations[6102] numCuts[0] compileTime[13] sspSolveTime[414] lpSolveTime[0] lb[39113.8] ub[42437] numArcs: [8585465] numFixed: [485065] time: [1197]
STATS - lpIterations[1] lagIterations[77] sspIterations[7007] numSeparations[6231] numCuts[0] compileTime[13] sspSolveTime[418] lpSolveTime[0] lb[39128.3] ub[42437] numArcs: [8639353] numFixed: [485580] time: [1217]
STATS - lpIterations[1] lagIterations[79] sspIterations[7178] numSeparations[6377] numCuts[0] compileTime[13] sspSolveTime[429] lpSolveTime[0] lb[39241] ub[42437] numArcs: [8704569] numFixed: [486287] time: [1252]
STATS - lpIterations[1] lagIterations[81] sspIterations[7350] numSeparations[6516] numCuts[0] compileTime[13] sspSolveTime[439] lpSolveTime[0] lb[39250.2] ub[42437] numArcs: [8765075] numFixed: [488235] time: [1288]
STATS - lpIterations[1] lagIterations[83] sspIterations[7522] numSeparations[6649] numCuts[0] compileTime[13] sspSolveTime[449] lpSolveTime[0] lb[39254.7] ub[42437] numArcs: [8826384] numFixed: [488235] time: [1327]
STATS - lpIterations[1] lagIterations[85] sspIterations[7690] numSeparations[6781] numCuts[0] compileTime[13] sspSolveTime[459] lpSolveTime[0] lb[39332.9] ub[42437] numArcs: [8878231] numFixed: [488235] time: [1364]
STATS - lpIterations[1] lagIterations[88] sspIterations[7943] numSeparations[6902] numCuts[0] compileTime[13] sspSolveTime[475] lpSolveTime[0] lb[39395.4] ub[42437] numArcs: [8927052] numFixed: [490912] time: [1421]
STATS - lpIterations[1] lagIterations[89] sspIterations[8035] numSeparations[7028] numCuts[0] compileTime[13] sspSolveTime[480] lpSolveTime[0] lb[39403] ub[42437] numArcs: [8975561] numFixed: [491473] time: [1440]
STATS - lpIterations[1] lagIterations[90] sspIterations[8114] numSeparations[7028] numCuts[0] compileTime[13] sspSolveTime[485] lpSolveTime[0] lb[39420.8] ub[42437] numArcs: [8975475] numFixed: [491473] time: [1461]
STATS - lpIterations[1] lagIterations[92] sspIterations[8284] numSeparations[7154] numCuts[0] compileTime[13] sspSolveTime[496] lpSolveTime[0] lb[39485.7] ub[42437] numArcs: [9029385] numFixed: [491473] time: [1499]
STATS - lpIterations[1] lagIterations[94] sspIterations[8464] numSeparations[7285] numCuts[0] compileTime[13] sspSolveTime[507] lpSolveTime[0] lb[39510.1] ub[42437] numArcs: [9076795] numFixed: [492216] time: [1538]
STATS - lpIterations[1] lagIterations[97] sspIterations[8719] numSeparations[7555] numCuts[0] compileTime[13] sspSolveTime[523] lpSolveTime[0] lb[39549.9] ub[42437] numArcs: [9192919] numFixed: [494624] time: [1597]
STATS - lpIterations[1] lagIterations[99] sspIterations[8904] numSeparations[7697] numCuts[0] compileTime[13] sspSolveTime[536] lpSolveTime[0] lb[39587.5] ub[42437] numArcs: [9246123] numFixed: [495260] time: [1638]
STATS - lpIterations[1] lagIterations[102] sspIterations[9161] numSeparations[7816] numCuts[0] compileTime[13] sspSolveTime[552] lpSolveTime[0] lb[39622.7] ub[42437] numArcs: [9293083] numFixed: [495260] time: [1698]
STATS - lpIterations[1] lagIterations[104] sspIterations[9337] numSeparations[7938] numCuts[0] compileTime[13] sspSolveTime[564] lpSolveTime[0] lb[39670] ub[42437] numArcs: [9341846] numFixed: [495260] time: [1739]
STATS - lpIterations[1] lagIterations[106] sspIterations[9530] numSeparations[8068] numCuts[0] compileTime[13] sspSolveTime[577] lpSolveTime[0] lb[39677] ub[42437] numArcs: [9391299] numFixed: [497623] time: [1781]
STATS - lpIterations[1] lagIterations[107] sspIterations[9600] numSeparations[8211] numCuts[0] compileTime[13] sspSolveTime[582] lpSolveTime[0] lb[39725.7] ub[42437] numArcs: [9447562] numFixed: [499936] time: [1800]
STATS - lpIterations[1] lagIterations[109] sspIterations[9802] numSeparations[8352] numCuts[0] compileTime[13] sspSolveTime[595] lpSolveTime[0] lb[39764.7] ub[42437] numArcs: [9497712] numFixed: [502493] time: [1843]
STATS - lpIterations[1] lagIterations[114] sspIterations[10240] numSeparations[8595] numCuts[0] compileTime[13] sspSolveTime[624] lpSolveTime[0] lb[39815.9] ub[42437] numArcs: [9593409] numFixed: [504275] time: [1951]
STATS - lpIterations[1] lagIterations[117] sspIterations[10492] numSeparations[8858] numCuts[0] compileTime[13] sspSolveTime[642] lpSolveTime[0] lb[39825.3] ub[42437] numArcs: [9690855] numFixed: [513751] time: [2015]
STATS - lpIterations[1] lagIterations[119] sspIterations[10664] numSeparations[8983] numCuts[0] compileTime[13] sspSolveTime[653] lpSolveTime[0] lb[39851] ub[42437] numArcs: [9737165] numFixed: [513751] time: [2058]
STATS - lpIterations[1] lagIterations[121] sspIterations[10834] numSeparations[9097] numCuts[0] compileTime[13] sspSolveTime[664] lpSolveTime[0] lb[39963.6] ub[42437] numArcs: [9782646] numFixed: [514609] time: [2099]
STATS - lpIterations[1] lagIterations[129] sspIterations[11557] numSeparations[9610] numCuts[0] compileTime[13] sspSolveTime[714] lpSolveTime[0] lb[40031.4] ub[42437] numArcs: [9974328] numFixed: [526314] time: [2276]
STATS - lpIterations[1] lagIterations[131] sspIterations[11750] numSeparations[9745] numCuts[0] compileTime[13] sspSolveTime[728] lpSolveTime[0] lb[40037.4] ub[42437] numArcs: [10025194] numFixed: [531340] time: [2321]
STATS - lpIterations[1] lagIterations[134] sspIterations[12012] numSeparations[9855] numCuts[0] compileTime[13] sspSolveTime[746] lpSolveTime[0] lb[40038.9] ub[42437] numArcs: [10066673] numFixed: [532015] time: [2390]
STATS - lpIterations[1] lagIterations[135] sspIterations[12100] numSeparations[9976] numCuts[0] compileTime[13] sspSolveTime[752] lpSolveTime[0] lb[40040.4] ub[42437] numArcs: [10112152] numFixed: [532531] time: [2412]
STATS - lpIterations[1] lagIterations[137] sspIterations[12269] numSeparations[10090] numCuts[0] compileTime[13] sspSolveTime[764] lpSolveTime[0] lb[40100.1] ub[42437] numArcs: [10149694] numFixed: [532531] time: [2458]
STATS - lpIterations[1] lagIterations[139] sspIterations[12455] numSeparations[10213] numCuts[0] compileTime[13] sspSolveTime[777] lpSolveTime[0] lb[40141.2] ub[42437] numArcs: [10195543] numFixed: [533153] time: [2505]
STATS - lpIterations[1] lagIterations[143] sspIterations[12833] numSeparations[10465] numCuts[0] compileTime[13] sspSolveTime[805] lpSolveTime[0] lb[40167.3] ub[42437] numArcs: [10299158] numFixed: [534682] time: [2598]
STATS - lpIterations[1] lagIterations[147] sspIterations[13198] numSeparations[10709] numCuts[0] compileTime[13] sspSolveTime[831] lpSolveTime[0] lb[40193.9] ub[42437] numArcs: [10389940] numFixed: [535318] time: [2690]
STATS - lpIterations[1] lagIterations[151] sspIterations[13564] numSeparations[10945] numCuts[0] compileTime[13] sspSolveTime[857] lpSolveTime[0] lb[40246.9] ub[42437] numArcs: [10474125] numFixed: [538879] time: [2782]
STATS - lpIterations[1] lagIterations[153] sspIterations[13749] numSeparations[11073] numCuts[0] compileTime[13] sspSolveTime[871] lpSolveTime[0] lb[40251.8] ub[42437] numArcs: [10518809] numFixed: [539449] time: [2830]
STATS - lpIterations[1] lagIterations[154] sspIterations[13836] numSeparations[11073] numCuts[0] compileTime[13] sspSolveTime[878] lpSolveTime[0] lb[40264.8] ub[42437] numArcs: [10518694] numFixed: [539449] time: [2853]
STATS - lpIterations[1] lagIterations[156] sspIterations[14014] numSeparations[11177] numCuts[0] compileTime[13] sspSolveTime[891] lpSolveTime[0] lb[40285.1] ub[42437] numArcs: [10556095] numFixed: [541298] time: [2899]
STATS - lpIterations[1] lagIterations[160] sspIterations[14367] numSeparations[11406] numCuts[0] compileTime[13] sspSolveTime[916] lpSolveTime[0] lb[40301.1] ub[42437] numArcs: [10635171] numFixed: [541682] time: [2993]
STATS - lpIterations[1] lagIterations[162] sspIterations[14543] numSeparations[11519] numCuts[0] compileTime[13] sspSolveTime[929] lpSolveTime[0] lb[40323.8] ub[42437] numArcs: [10675682] numFixed: [542258] time: [3040]
STATS - lpIterations[1] lagIterations[164] sspIterations[14726] numSeparations[11625] numCuts[0] compileTime[13] sspSolveTime[942] lpSolveTime[0] lb[40339.3] ub[42437] numArcs: [10710153] numFixed: [542258] time: [3089]
STATS - lpIterations[1] lagIterations[166] sspIterations[14901] numSeparations[11746] numCuts[0] compileTime[13] sspSolveTime[955] lpSolveTime[0] lb[40363] ub[42437] numArcs: [10755137] numFixed: [542258] time: [3136]
STATS - lpIterations[1] lagIterations[170] sspIterations[15267] numSeparations[11963] numCuts[0] compileTime[13] sspSolveTime[981] lpSolveTime[0] lb[40419.2] ub[42437] numArcs: [10829586] numFixed: [542907] time: [3231]
STATS - lpIterations[1] lagIterations[172] sspIterations[15442] numSeparations[12084] numCuts[0] compileTime[13] sspSolveTime[995] lpSolveTime[0] lb[40423.6] ub[42437] numArcs: [10869090] numFixed: [542907] time: [3280]
STATS - lpIterations[1] lagIterations[176] sspIterations[15822] numSeparations[12328] numCuts[0] compileTime[13] sspSolveTime[1024] lpSolveTime[0] lb[40442.6] ub[42437] numArcs: [10955055] numFixed: [545864] time: [3382]
STATS - lpIterations[1] lagIterations[178] sspIterations[16002] numSeparations[12430] numCuts[0] compileTime[13] sspSolveTime[1037] lpSolveTime[0] lb[40448.2] ub[42437] numArcs: [10997114] numFixed: [546453] time: [3430]
STATS - lpIterations[1] lagIterations[180] sspIterations[16183] numSeparations[12534] numCuts[0] compileTime[13] sspSolveTime[1053] lpSolveTime[0] lb[40487] ub[42437] numArcs: [11033415] numFixed: [547307] time: [3482]
STATS - lpIterations[1] lagIterations[182] sspIterations[16358] numSeparations[12651] numCuts[0] compileTime[13] sspSolveTime[1067] lpSolveTime[0] lb[40496.9] ub[42437] numArcs: [11071440] numFixed: [547307] time: [3531]
STATS - lpIterations[1] lagIterations[184] sspIterations[16559] numSeparations[12755] numCuts[0] compileTime[13] sspSolveTime[1083] lpSolveTime[0] lb[40539.9] ub[42437] numArcs: [11105403] numFixed: [548604] time: [3583]
STATS - lpIterations[1] lagIterations[191] sspIterations[17199] numSeparations[13226] numCuts[0] compileTime[13] sspSolveTime[1133] lpSolveTime[0] lb[40568.1] ub[42437] numArcs: [11271328] numFixed: [552463] time: [3759]
STATS - lpIterations[1] lagIterations[193] sspIterations[17392] numSeparations[13353] numCuts[0] compileTime[13] sspSolveTime[1148] lpSolveTime[0] lb[40580.7] ub[42437] numArcs: [11317860] numFixed: [552982] time: [3813]
STATS - lpIterations[1] lagIterations[197] sspIterations[17759] numSeparations[13573] numCuts[0] compileTime[13] sspSolveTime[1179] lpSolveTime[0] lb[40597] ub[42437] numArcs: [11395925] numFixed: [552982] time: [3920]
STATS - lpIterations[1] lagIterations[199] sspIterations[17951] numSeparations[13681] numCuts[0] compileTime[13] sspSolveTime[1193] lpSolveTime[0] lb[40605] ub[42437] numArcs: [11433074] numFixed: [552982] time: [3972]
STATS - lpIterations[1] lagIterations[201] sspIterations[18126] numSeparations[13785] numCuts[0] compileTime[13] sspSolveTime[1207] lpSolveTime[0] lb[40609.5] ub[42437] numArcs: [11469225] numFixed: [553673] time: [4023]
STATS - lpIterations[1] lagIterations[203] sspIterations[18310] numSeparations[13887] numCuts[0] compileTime[13] sspSolveTime[1221] lpSolveTime[0] lb[40625.3] ub[42437] numArcs: [11507249] numFixed: [554086] time: [4074]
STATS - lpIterations[1] lagIterations[205] sspIterations[18491] numSeparations[13988] numCuts[0] compileTime[13] sspSolveTime[1235] lpSolveTime[0] lb[40630.1] ub[42437] numArcs: [11542527] numFixed: [556769] time: [4124]
STATS - lpIterations[1] lagIterations[206] sspIterations[18573] numSeparations[13988] numCuts[0] compileTime[13] sspSolveTime[1241] lpSolveTime[0] lb[40640.8] ub[42437] numArcs: [11542444] numFixed: [556769] time: [4152]
STATS - lpIterations[1] lagIterations[208] sspIterations[18747] numSeparations[14093] numCuts[0] compileTime[13] sspSolveTime[1255] lpSolveTime[0] lb[40687.4] ub[42437] numArcs: [11586588] numFixed: [556769] time: [4204]
STATS - lpIterations[1] lagIterations[215] sspIterations[19390] numSeparations[14512] numCuts[0] compileTime[13] sspSolveTime[1306] lpSolveTime[0] lb[40698.4] ub[42437] numArcs: [11724397] numFixed: [564601] time: [4387]
STATS - lpIterations[1] lagIterations[217] sspIterations[19558] numSeparations[14512] numCuts[0] compileTime[13] sspSolveTime[1319] lpSolveTime[0] lb[40714.1] ub[42437] numArcs: [11724282] numFixed: [564601] time: [4440]
STATS - lpIterations[1] lagIterations[219] sspIterations[19733] numSeparations[14651] numCuts[0] compileTime[13] sspSolveTime[1333] lpSolveTime[0] lb[40737] ub[42437] numArcs: [11767158] numFixed: [564601] time: [4492]
STATS - lpIterations[1] lagIterations[221] sspIterations[19932] numSeparations[14808] numCuts[0] compileTime[13] sspSolveTime[1348] lpSolveTime[0] lb[40774.3] ub[42437] numArcs: [11824334] numFixed: [565022] time: [4547]
STATS - lpIterations[1] lagIterations[225] sspIterations[20330] numSeparations[15030] numCuts[0] compileTime[13] sspSolveTime[1381] lpSolveTime[0] lb[40776.3] ub[42437] numArcs: [11896572] numFixed: [567448] time: [4660]
STATS - lpIterations[1] lagIterations[227] sspIterations[20505] numSeparations[15135] numCuts[0] compileTime[13] sspSolveTime[1395] lpSolveTime[0] lb[40809] ub[42437] numArcs: [11938987] numFixed: [567448] time: [4713]
STATS - lpIterations[1] lagIterations[231] sspIterations[20903] numSeparations[15357] numCuts[0] compileTime[13] sspSolveTime[1428] lpSolveTime[0] lb[40813] ub[42437] numArcs: [12013767] numFixed: [568152] time: [4826]
STATS - lpIterations[1] lagIterations[233] sspIterations[21084] numSeparations[15468] numCuts[0] compileTime[13] sspSolveTime[1444] lpSolveTime[0] lb[40816.4] ub[42437] numArcs: [12050162] numFixed: [568152] time: [4881]
STATS - lpIterations[1] lagIterations[236] sspIterations[21358] numSeparations[15613] numCuts[0] compileTime[13] sspSolveTime[1466] lpSolveTime[0] lb[40846.2] ub[42437] numArcs: [12101684] numFixed: [568152] time: [4962]
STATS - lpIterations[1] lagIterations[240] sspIterations[21713] numSeparations[15820] numCuts[0] compileTime[13] sspSolveTime[1498] lpSolveTime[0] lb[40848.2] ub[42437] numArcs: [12177769] numFixed: [568152] time: [5075]
STATS - lpIterations[1] lagIterations[242] sspIterations[21916] numSeparations[15927] numCuts[0] compileTime[13] sspSolveTime[1515] lpSolveTime[0] lb[40855.7] ub[42437] numArcs: [12219772] numFixed: [569646] time: [5134]
STATS - lpIterations[1] lagIterations[245] sspIterations[22189] numSeparations[16070] numCuts[0] compileTime[13] sspSolveTime[1537] lpSolveTime[0] lb[40868.4] ub[42437] numArcs: [12274235] numFixed: [569646] time: [5220]
STATS - lpIterations[1] lagIterations[247] sspIterations[22359] numSeparations[16070] numCuts[0] compileTime[13] sspSolveTime[1551] lpSolveTime[0] lb[40877.6] ub[42437] numArcs: [12274109] numFixed: [569646] time: [5273]
STATS - lpIterations[1] lagIterations[249] sspIterations[22548] numSeparations[16199] numCuts[0] compileTime[13] sspSolveTime[1568] lpSolveTime[0] lb[40897.2] ub[42437] numArcs: [12316101] numFixed: [570171] time: [5332]
STATS - lpIterations[1] lagIterations[251] sspIterations[22739] numSeparations[16307] numCuts[0] compileTime[13] sspSolveTime[1583] lpSolveTime[0] lb[40901.5] ub[42437] numArcs: [12353101] numFixed: [570171] time: [5389]
STATS - lpIterations[1] lagIterations[254] sspIterations[23016] numSeparations[16454] numCuts[0] compileTime[13] sspSolveTime[1607] lpSolveTime[0] lb[40907] ub[42437] numArcs: [12404097] numFixed: [570171] time: [5476]
STATS - lpIterations[1] lagIterations[257] sspIterations[23273] numSeparations[16580] numCuts[0] compileTime[13] sspSolveTime[1629] lpSolveTime[0] lb[40925.7] ub[42437] numArcs: [12444536] numFixed: [570171] time: [5562]
STATS - lpIterations[1] lagIterations[260] sspIterations[23544] numSeparations[16715] numCuts[0] compileTime[13] sspSolveTime[1653] lpSolveTime[0] lb[40954.2] ub[42437] numArcs: [12488846] numFixed: [570171] time: [5648]
STATS - lpIterations[1] lagIterations[263] sspIterations[23824] numSeparations[16852] numCuts[0] compileTime[13] sspSolveTime[1677] lpSolveTime[0] lb[40954.7] ub[42437] numArcs: [12535625] numFixed: [570171] time: [5736]
STATS - lpIterations[1] lagIterations[268] sspIterations[24281] numSeparations[17119] numCuts[0] compileTime[13] sspSolveTime[1717] lpSolveTime[0] lb[40961.9] ub[42437] numArcs: [12628673] numFixed: [572293] time: [5882]
STATS - lpIterations[1] lagIterations[270] sspIterations[24461] numSeparations[17119] numCuts[0] compileTime[13] sspSolveTime[1732] lpSolveTime[0] lb[40970.4] ub[42437] numArcs: [12628553] numFixed: [572293] time: [5940]
STATS - lpIterations[1] lagIterations[272] sspIterations[24658] numSeparations[17241] numCuts[0] compileTime[13] sspSolveTime[1747] lpSolveTime[0] lb[40993.6] ub[42437] numArcs: [12667573] numFixed: [572293] time: [6002]
STATS - lpIterations[1] lagIterations[276] sspIterations[25027] numSeparations[17387] numCuts[0] compileTime[13] sspSolveTime[1779] lpSolveTime[0] lb[40996.3] ub[42437] numArcs: [12716049] numFixed: [572293] time: [6122]
STATS - lpIterations[1] lagIterations[279] sspIterations[25289] numSeparations[17510] numCuts[0] compileTime[13] sspSolveTime[1802] lpSolveTime[0] lb[41007.4] ub[42437] numArcs: [12749856] numFixed: [572293] time: [6209]
STATS - lpIterations[1] lagIterations[281] sspIterations[25475] numSeparations[17634] numCuts[0] compileTime[13] sspSolveTime[1818] lpSolveTime[0] lb[41021.2] ub[42437] numArcs: [12791954] numFixed: [572293] time: [6269]
STATS - lpIterations[1] lagIterations[283] sspIterations[25662] numSeparations[17769] numCuts[0] compileTime[13] sspSolveTime[1835] lpSolveTime[0] lb[41026.2] ub[42437] numArcs: [12836496] numFixed: [572293] time: [6329]
STATS - lpIterations[1] lagIterations[287] sspIterations[26023] numSeparations[17899] numCuts[0] compileTime[13] sspSolveTime[1866] lpSolveTime[0] lb[41060.2] ub[42437] numArcs: [12884345] numFixed: [572293] time: [6448]
STATS - lpIterations[1] lagIterations[300] sspIterations[27214] numSeparations[18432] numCuts[0] compileTime[13] sspSolveTime[1973] lpSolveTime[0] lb[41086.4] ub[42437] numArcs: [13055239] numFixed: [573172] time: [6849]
STATS - lpIterations[1] lagIterations[302] sspIterations[27403] numSeparations[18554] numCuts[0] compileTime[13] sspSolveTime[1990] lpSolveTime[0] lb[41092.6] ub[42437] numArcs: [13095994] numFixed: [573172] time: [6911]
STATS - lpIterations[1] lagIterations[305] sspIterations[27679] numSeparations[18695] numCuts[0] compileTime[13] sspSolveTime[2015] lpSolveTime[0] lb[41094.6] ub[42437] numArcs: [13143990] numFixed: [573172] time: [7001]
STATS - lpIterations[1] lagIterations[307] sspIterations[27861] numSeparations[18820] numCuts[0] compileTime[13] sspSolveTime[2032] lpSolveTime[0] lb[41121.2] ub[42437] numArcs: [13188370] numFixed: [573172] time: [7066]
STATS - lpIterations[1] lagIterations[309] sspIterations[28048] numSeparations[18921] numCuts[0] compileTime[13] sspSolveTime[2050] lpSolveTime[0] lb[41132] ub[42437] numArcs: [13225641] numFixed: [573769] time: [7130]
STATS - lpIterations[1] lagIterations[311] sspIterations[28242] numSeparations[18921] numCuts[0] compileTime[13] sspSolveTime[2066] lpSolveTime[0] lb[41132.3] ub[42437] numArcs: [13225501] numFixed: [573769] time: [7194]
STATS - lpIterations[1] lagIterations[313] sspIterations[28455] numSeparations[19042] numCuts[0] compileTime[13] sspSolveTime[2084] lpSolveTime[0] lb[41143.2] ub[42437] numArcs: [13264943] numFixed: [575396] time: [7259]
STATS - lpIterations[1] lagIterations[315] sspIterations[28662] numSeparations[19152] numCuts[0] compileTime[13] sspSolveTime[2105] lpSolveTime[0] lb[41160.3] ub[42437] numArcs: [13301214] numFixed: [575396] time: [7326]
STATS - lpIterations[1] lagIterations[327] sspIterations[29819] numSeparations[19763] numCuts[0] compileTime[13] sspSolveTime[2217] lpSolveTime[0] lb[41165.6] ub[42437] numArcs: [13508165] numFixed: [580934] time: [7726]
STATS - lpIterations[1] lagIterations[329] sspIterations[30002] numSeparations[19763] numCuts[0] compileTime[13] sspSolveTime[2235] lpSolveTime[0] lb[41175.2] ub[42437] numArcs: [13508055] numFixed: [580934] time: [7792]
STATS - lpIterations[1] lagIterations[331] sspIterations[30206] numSeparations[19877] numCuts[0] compileTime[13] sspSolveTime[2256] lpSolveTime[0] lb[41179.8] ub[42437] numArcs: [13541562] numFixed: [580934] time: [7861]
STATS - lpIterations[1] lagIterations[336] sspIterations[30661] numSeparations[20145] numCuts[0] compileTime[13] sspSolveTime[2299] lpSolveTime[0] lb[41189.5] ub[42437] numArcs: [13629365] numFixed: [580934] time: [8018]
STATS - lpIterations[1] lagIterations[337] sspIterations[30759] numSeparations[20145] numCuts[0] compileTime[13] sspSolveTime[2309] lpSolveTime[0] lb[41195.5] ub[42437] numArcs: [13629307] numFixed: [580934] time: [8052]
STATS - lpIterations[1] lagIterations[341] sspIterations[31121] numSeparations[20261] numCuts[0] compileTime[13] sspSolveTime[2343] lpSolveTime[0] lb[41230.6] ub[42437] numArcs: [13669675] numFixed: [580934] time: [8181]
STATS - lpIterations[1] lagIterations[349] sspIterations[31862] numSeparations[20611] numCuts[0] compileTime[13] sspSolveTime[2417] lpSolveTime[0] lb[41233.6] ub[42437] numArcs: [13777139] numFixed: [581512] time: [8450]
STATS - lpIterations[1] lagIterations[351] sspIterations[32051] numSeparations[20743] numCuts[0] compileTime[13] sspSolveTime[2434] lpSolveTime[0] lb[41241.5] ub[42437] numArcs: [13823066] numFixed: [583861] time: [8515]
STATS - lpIterations[1] lagIterations[353] sspIterations[32232] numSeparations[20743] numCuts[0] compileTime[13] sspSolveTime[2453] lpSolveTime[0] lb[41246.3] ub[42437] numArcs: [13822966] numFixed: [583861] time: [8584]
STATS - lpIterations[1] lagIterations[358] sspIterations[32702] numSeparations[20974] numCuts[0] compileTime[13] sspSolveTime[2502] lpSolveTime[0] lb[41259.3] ub[42437] numArcs: [13900129] numFixed: [583861] time: [8755]
STATS - lpIterations[1] lagIterations[360] sspIterations[32889] numSeparations[21098] numCuts[0] compileTime[13] sspSolveTime[2519] lpSolveTime[0] lb[41260.3] ub[42437] numArcs: [13946931] numFixed: [583861] time: [8821]
STATS - lpIterations[1] lagIterations[362] sspIterations[33075] numSeparations[21098] numCuts[0] compileTime[13] sspSolveTime[2538] lpSolveTime[0] lb[41272.7] ub[42437] numArcs: [13946814] numFixed: [583861] time: [8889]
STATS - lpIterations[1] lagIterations[364] sspIterations[33277] numSeparations[21212] numCuts[0] compileTime[13] sspSolveTime[2559] lpSolveTime[0] lb[41280.6] ub[42437] numArcs: [13986069] numFixed: [583861] time: [8960]
STATS - lpIterations[1] lagIterations[366] sspIterations[33478] numSeparations[21367] numCuts[0] compileTime[13] sspSolveTime[2580] lpSolveTime[0] lb[41294.6] ub[42437] numArcs: [14036984] numFixed: [584377] time: [9032]
STATS - lpIterations[1] lagIterations[372] sspIterations[34065] numSeparations[21616] numCuts[0] compileTime[13] sspSolveTime[2642] lpSolveTime[0] lb[41294.7] ub[42437] numArcs: [14118351] numFixed: [586453] time: [9243]
STATS - lpIterations[1] lagIterations[376] sspIterations[34439] numSeparations[21721] numCuts[0] compileTime[13] sspSolveTime[2680] lpSolveTime[0] lb[41298] ub[42437] numArcs: [14149741] numFixed: [586453] time: [9380]
STATS - lpIterations[1] lagIterations[380] sspIterations[34819] numSeparations[21848] numCuts[0] compileTime[13] sspSolveTime[2719] lpSolveTime[0] lb[41304.7] ub[42437] numArcs: [14189706] numFixed: [592063] time: [9522]
STATS - lpIterations[1] lagIterations[382] sspIterations[34997] numSeparations[21959] numCuts[0] compileTime[13] sspSolveTime[2738] lpSolveTime[0] lb[41311.2] ub[42437] numArcs: [14229799] numFixed: [592063] time: [9591]
STATS - lpIterations[1] lagIterations[384] sspIterations[35190] numSeparations[22084] numCuts[0] compileTime[13] sspSolveTime[2757] lpSolveTime[0] lb[41326.9] ub[42437] numArcs: [14273751] numFixed: [592063] time: [9660]
STATS - lpIterations[1] lagIterations[395] sspIterations[36228] numSeparations[22428] numCuts[0] compileTime[13] sspSolveTime[2864] lpSolveTime[0] lb[41336.2] ub[42437] numArcs: [14380998] numFixed: [593276] time: [10045]
STATS - lpIterations[1] lagIterations[397] sspIterations[36406] numSeparations[22532] numCuts[0] compileTime[13] sspSolveTime[2882] lpSolveTime[0] lb[41347.9] ub[42437] numArcs: [14411905] numFixed: [593749] time: [10118]
STATS - lpIterations[1] lagIterations[399] sspIterations[36602] numSeparations[22654] numCuts[0] compileTime[13] sspSolveTime[2904] lpSolveTime[0] lb[41349.7] ub[42437] numArcs: [14450459] numFixed: [594287] time: [10195]
STATS - lpIterations[1] lagIterations[404] sspIterations[37069] numSeparations[22765] numCuts[0] compileTime[13] sspSolveTime[2954] lpSolveTime[0] lb[41361.3] ub[42437] numArcs: [14482029] numFixed: [594287] time: [10370]
STATS - lpIterations[1] lagIterations[407] sspIterations[37347] numSeparations[22868] numCuts[0] compileTime[13] sspSolveTime[2983] lpSolveTime[0] lb[41376.1] ub[42437] numArcs: [14516638] numFixed: [594287] time: [10477]
STATS - lpIterations[1] lagIterations[415] sspIterations[38081] numSeparations[23194] numCuts[0] compileTime[13] sspSolveTime[3062] lpSolveTime[0] lb[41398.8] ub[42437] numArcs: [14622721] numFixed: [594287] time: [10774]
STATS - lpIterations[1] lagIterations[417] sspIterations[38299] numSeparations[23334] numCuts[0] compileTime[13] sspSolveTime[3088] lpSolveTime[0] lb[41404.3] ub[42437] numArcs: [14666927] numFixed: [601054] time: [10856]
STATS - lpIterations[1] lagIterations[419] sspIterations[38497] numSeparations[23334] numCuts[0] compileTime[13] sspSolveTime[3109] lpSolveTime[0] lb[41404.5] ub[42437] numArcs: [14666799] numFixed: [601054] time: [10929]
STATS - lpIterations[1] lagIterations[426] sspIterations[39183] numSeparations[23684] numCuts[0] compileTime[13] sspSolveTime[3184] lpSolveTime[0] lb[41424.4] ub[42437] numArcs: [14780322] numFixed: [601054] time: [11199]
STATS - lpIterations[1] lagIterations[428] sspIterations[39388] numSeparations[23684] numCuts[0] compileTime[13] sspSolveTime[3208] lpSolveTime[0] lb[41428.1] ub[42437] numArcs: [14780169] numFixed: [601054] time: [11279]
STATS - lpIterations[1] lagIterations[430] sspIterations[39591] numSeparations[23805] numCuts[0] compileTime[13] sspSolveTime[3231] lpSolveTime[0] lb[41429.8] ub[42437] numArcs: [14816716] numFixed: [603738] time: [11357]
STATS - lpIterations[1] lagIterations[440] sspIterations[40524] numSeparations[24149] numCuts[0] compileTime[13] sspSolveTime[3332] lpSolveTime[0] lb[41435.7] ub[42437] numArcs: [14925774] numFixed: [603738] time: [11726]
STATS - lpIterations[1] lagIterations[446] sspIterations[41103] numSeparations[24421] numCuts[0] compileTime[13] sspSolveTime[3396] lpSolveTime[0] lb[41456.9] ub[42437] numArcs: [15016205] numFixed: [604316] time: [11952]
STATS - lpIterations[1] lagIterations[454] sspIterations[41864] numSeparations[24627] numCuts[0] compileTime[13] sspSolveTime[3480] lpSolveTime[0] lb[41458.1] ub[42437] numArcs: [15078195] numFixed: [604316] time: [12256]
STATS - lpIterations[1] lagIterations[458] sspIterations[42245] numSeparations[24851] numCuts[0] compileTime[13] sspSolveTime[3525] lpSolveTime[0] lb[41477.3] ub[42437] numArcs: [15152057] numFixed: [604316] time: [12413]
STATS - lpIterations[1] lagIterations[464] sspIterations[42843] numSeparations[25074] numCuts[0] compileTime[13] sspSolveTime[3590] lpSolveTime[0] lb[41500.5] ub[42437] numArcs: [15223423] numFixed: [605628] time: [12647]
STATS - lpIterations[1] lagIterations[474] sspIterations[43840] numSeparations[25418] numCuts[0] compileTime[13] sspSolveTime[3705] lpSolveTime[0] lb[41501.7] ub[42437] numArcs: [15331986] numFixed: [605629] time: [13054]
STATS - lpIterations[1] lagIterations[476] sspIterations[44038] numSeparations[25537] numCuts[0] compileTime[13] sspSolveTime[3726] lpSolveTime[0] lb[41503.6] ub[42437] numArcs: [15370537] numFixed: [605628] time: [13134]
STATS - lpIterations[1] lagIterations[481] sspIterations[44501] numSeparations[25639] numCuts[0] compileTime[13] sspSolveTime[3780] lpSolveTime[0] lb[41508.7] ub[42437] numArcs: [15402639] numFixed: [606137] time: [13334]
STATS - lpIterations[1] lagIterations[485] sspIterations[44883] numSeparations[25768] numCuts[0] compileTime[13] sspSolveTime[3826] lpSolveTime[0] lb[41531.7] ub[42437] numArcs: [15446991] numFixed: [606137] time: [13498]
STATS - lpIterations[1] lagIterations[499] sspIterations[46242] numSeparations[26309] numCuts[0] compileTime[13] sspSolveTime[3985] lpSolveTime[0] lb[41542.1] ub[42437] numArcs: [15622155] numFixed: [606136] time: [14060]
STATS - lpIterations[1] lagIterations[509] sspIterations[47194] numSeparations[26563] numCuts[0] compileTime[13] sspSolveTime[4090] lpSolveTime[0] lb[41563.5] ub[42437] numArcs: [15708509] numFixed: [606892] time: [14437]
STATS - lpIterations[1] lagIterations[511] sspIterations[47398] numSeparations[26706] numCuts[0] compileTime[13] sspSolveTime[4114] lpSolveTime[0] lb[41577.7] ub[42437] numArcs: [15752528] numFixed: [607360] time: [14515]
STATS - lpIterations[1] lagIterations[515] sspIterations[47810] numSeparations[26811] numCuts[0] compileTime[13] sspSolveTime[4163] lpSolveTime[0] lb[41582.4] ub[42437] numArcs: [15785306] numFixed: [607384] time: [14674]
STATS - lpIterations[1] lagIterations[525] sspIterations[48786] numSeparations[27151] numCuts[0] compileTime[13] sspSolveTime[4272] lpSolveTime[0] lb[41584.4] ub[42437] numArcs: [15890975] numFixed: [607394] time: [15061]
STATS - lpIterations[1] lagIterations[527] sspIterations[48990] numSeparations[27297] numCuts[0] compileTime[13] sspSolveTime[4295] lpSolveTime[0] lb[41590.5] ub[42437] numArcs: [15944430] numFixed: [607360] time: [15140]
STATS - lpIterations[1] lagIterations[531] sspIterations[49380] numSeparations[27435] numCuts[0] compileTime[13] sspSolveTime[4338] lpSolveTime[0] lb[41591.1] ub[42437] numArcs: [15991618] numFixed: [607360] time: [15294]
STATS - lpIterations[1] lagIterations[533] sspIterations[49612] numSeparations[27435] numCuts[0] compileTime[13] sspSolveTime[4365] lpSolveTime[0] lb[41608.3] ub[42437] numArcs: [15991463] numFixed: [607426] time: [15377]
STATS - lpIterations[1] lagIterations[547] sspIterations[50949] numSeparations[27900] numCuts[0] compileTime[13] sspSolveTime[4515] lpSolveTime[0] lb[41615.8] ub[42437] numArcs: [16138776] numFixed: [609209] time: [15918]
STATS - lpIterations[1] lagIterations[557] sspIterations[51897] numSeparations[28250] numCuts[0] compileTime[13] sspSolveTime[4615] lpSolveTime[0] lb[41618.6] ub[42437] numArcs: [16251713] numFixed: [609649] time: [16296]
STATS - lpIterations[1] lagIterations[562] sspIterations[52365] numSeparations[28366] numCuts[0] compileTime[13] sspSolveTime[4666] lpSolveTime[0] lb[41634.2] ub[42437] numArcs: [16285843] numFixed: [609707] time: [16489]
STATS - lpIterations[1] lagIterations[566] sspIterations[52775] numSeparations[28465] numCuts[0] compileTime[13] sspSolveTime[4710] lpSolveTime[0] lb[41641.9] ub[42437] numArcs: [16314475] numFixed: [609737] time: [16646]
STATS - lpIterations[1] lagIterations[570] sspIterations[53181] numSeparations[28594] numCuts[0] compileTime[13] sspSolveTime[4757] lpSolveTime[0] lb[41642.7] ub[42437] numArcs: [16354738] numFixed: [611049] time: [16806]
STATS - lpIterations[1] lagIterations[572] sspIterations[53376] numSeparations[28722] numCuts[0] compileTime[13] sspSolveTime[4779] lpSolveTime[0] lb[41648.5] ub[42437] numArcs: [16392762] numFixed: [610946] time: [16885]
STATS - lpIterations[1] lagIterations[583] sspIterations[54425] numSeparations[28942] numCuts[0] compileTime[13] sspSolveTime[4894] lpSolveTime[0] lb[41650.5] ub[42437] numArcs: [16464465] numFixed: [611054] time: [17309]
STATS - lpIterations[1] lagIterations[585] sspIterations[54615] numSeparations[29053] numCuts[0] compileTime[13] sspSolveTime[4917] lpSolveTime[0] lb[41663.9] ub[42437] numArcs: [16499435] numFixed: [613013] time: [17392]
STATS - lpIterations[1] lagIterations[587] sspIterations[54802] numSeparations[29154] numCuts[0] compileTime[13] sspSolveTime[4940] lpSolveTime[0] lb[41671.5] ub[42437] numArcs: [16530866] numFixed: [613461] time: [17471]
STATS - lpIterations[1] lagIterations[591] sspIterations[55207] numSeparations[29286] numCuts[0] compileTime[13] sspSolveTime[4987] lpSolveTime[0] lb[41675.8] ub[42437] numArcs: [16571045] numFixed: [613461] time: [17632]
STATS - lpIterations[1] lagIterations[597] sspIterations[55816] numSeparations[29407] numCuts[0] compileTime[13] sspSolveTime[5055] lpSolveTime[0] lb[41682.9] ub[42437] numArcs: [16609144] numFixed: [613735] time: [17877]
STATS - lpIterations[1] lagIterations[607] sspIterations[56817] numSeparations[29781] numCuts[0] compileTime[13] sspSolveTime[5172] lpSolveTime[0] lb[41683.8] ub[42437] numArcs: [16724069] numFixed: [613461] time: [18281]
STATS - lpIterations[1] lagIterations[611] sspIterations[57195] numSeparations[29896] numCuts[0] compileTime[13] sspSolveTime[5213] lpSolveTime[0] lb[41687.6] ub[42437] numArcs: [16756975] numFixed: [613461] time: [18439]
STATS - lpIterations[1] lagIterations[613] sspIterations[57388] numSeparations[29896] numCuts[0] compileTime[13] sspSolveTime[5235] lpSolveTime[0] lb[41694.9] ub[42437] numArcs: [16756894] numFixed: [613936] time: [18516]
STATS - lpIterations[1] lagIterations[617] sspIterations[57796] numSeparations[30016] numCuts[0] compileTime[13] sspSolveTime[5282] lpSolveTime[0] lb[41703.2] ub[42437] numArcs: [16791700] numFixed: [614955] time: [18681]
STATS - lpIterations[1] lagIterations[632] sspIterations[59244] numSeparations[30479] numCuts[0] compileTime[13] sspSolveTime[5447] lpSolveTime[0] lb[41705.6] ub[42437] numArcs: [16944959] numFixed: [623806] time: [19284]
STATS - lpIterations[1] lagIterations[634] sspIterations[59440] numSeparations[30479] numCuts[0] compileTime[13] sspSolveTime[5469] lpSolveTime[0] lb[41718.6] ub[42437] numArcs: [16944880] numFixed: [623806] time: [19366]
STATS - lpIterations[1] lagIterations[640] sspIterations[60023] numSeparations[30699] numCuts[0] compileTime[13] sspSolveTime[5535] lpSolveTime[0] lb[41723.3] ub[42437] numArcs: [17011715] numFixed: [623993] time: [19610]
STATS - lpIterations[1] lagIterations[642] sspIterations[60234] numSeparations[30809] numCuts[0] compileTime[13] sspSolveTime[5561] lpSolveTime[0] lb[41727.9] ub[42437] numArcs: [17043831] numFixed: [629379] time: [19695]
STATS - lpIterations[1] lagIterations[646] sspIterations[60639] numSeparations[30938] numCuts[0] compileTime[13] sspSolveTime[5611] lpSolveTime[0] lb[41735.6] ub[42437] numArcs: [17078432] numFixed: [630619] time: [19864]
STATS - lpIterations[1] lagIterations[650] sspIterations[61041] numSeparations[31058] numCuts[0] compileTime[13] sspSolveTime[5660] lpSolveTime[0] lb[41747.4] ub[42437] numArcs: [17113102] numFixed: [630619] time: [20033]
STATS - lpIterations[1] lagIterations[660] sspIterations[62047] numSeparations[31294] numCuts[0] compileTime[13] sspSolveTime[5781] lpSolveTime[0] lb[41751.1] ub[42437] numArcs: [17189516] numFixed: [633201] time: [20448]
STATS - lpIterations[1] lagIterations[673] sspIterations[63291] numSeparations[31636] numCuts[0] compileTime[13] sspSolveTime[5924] lpSolveTime[0] lb[41754.1] ub[42437] numArcs: [17302542] numFixed: [638051] time: [20979]
STATS - lpIterations[1] lagIterations[679] sspIterations[63877] numSeparations[31846] numCuts[0] compileTime[13] sspSolveTime[5998] lpSolveTime[0] lb[41762] ub[42437] numArcs: [17365900] numFixed: [632350] time: [21242]
STATS - lpIterations[1] lagIterations[681] sspIterations[64075] numSeparations[31846] numCuts[0] compileTime[13] sspSolveTime[6022] lpSolveTime[0] lb[41765] ub[42437] numArcs: [17365811] numFixed: [638843] time: [21325]
STATS - lpIterations[1] lagIterations[683] sspIterations[64277] numSeparations[31960] numCuts[0] compileTime[13] sspSolveTime[6046] lpSolveTime[0] lb[41766.7] ub[42437] numArcs: [17400530] numFixed: [632350] time: [21410]
STATS - lpIterations[1] lagIterations[687] sspIterations[64675] numSeparations[32071] numCuts[0] compileTime[13] sspSolveTime[6093] lpSolveTime[0] lb[41771.2] ub[42437] numArcs: [17431963] numFixed: [642264] time: [21582]
STATS - lpIterations[1] lagIterations[691] sspIterations[65074] numSeparations[32191] numCuts[0] compileTime[13] sspSolveTime[6141] lpSolveTime[0] lb[41773.2] ub[42437] numArcs: [17469015] numFixed: [642264] time: [21761]
STATS - lpIterations[1] lagIterations[693] sspIterations[65291] numSeparations[32191] numCuts[0] compileTime[13] sspSolveTime[6165] lpSolveTime[0] lb[41790.3] ub[42437] numArcs: [17468908] numFixed: [652698] time: [21847]
STATS - lpIterations[1] lagIterations[714] sspIterations[67376] numSeparations[32779] numCuts[0] compileTime[13] sspSolveTime[6415] lpSolveTime[0] lb[41793.7] ub[42437] numArcs: [17651895] numFixed: [656447] time: [22772]
STATS - lpIterations[1] lagIterations[716] sspIterations[67583] numSeparations[32890] numCuts[0] compileTime[13] sspSolveTime[6442] lpSolveTime[0] lb[41797.9] ub[42437] numArcs: [17684249] numFixed: [643706] time: [22862]
STATS - lpIterations[1] lagIterations[732] sspIterations[69149] numSeparations[33218] numCuts[0] compileTime[13] sspSolveTime[6630] lpSolveTime[0] lb[41799.4] ub[42437] numArcs: [17780492] numFixed: [658126] time: [23557]
STATS - lpIterations[1] lagIterations[734] sspIterations[69353] numSeparations[33321] numCuts[0] compileTime[13] sspSolveTime[6654] lpSolveTime[0] lb[41818.3] ub[42437] numArcs: [17815569] numFixed: [663212] time: [23647]
STATS - lpIterations[1] lagIterations[740] sspIterations[69977] numSeparations[33548] numCuts[0] compileTime[13] sspSolveTime[6733] lpSolveTime[0] lb[41818.8] ub[42437] numArcs: [17881412] numFixed: [645307] time: [23920]
STATS - lpIterations[1] lagIterations[750] sspIterations[70992] numSeparations[33771] numCuts[0] compileTime[13] sspSolveTime[6861] lpSolveTime[0] lb[41836.6] ub[42437] numArcs: [17948673] numFixed: [677526] time: [24368]
STATS - lpIterations[1] lagIterations[768] sspIterations[72797] numSeparations[34314] numCuts[0] compileTime[13] sspSolveTime[7087] lpSolveTime[0] lb[41846.4] ub[42437] numArcs: [18113332] numFixed: [646219] time: [25190]
STATS - lpIterations[1] lagIterations[782] sspIterations[74194] numSeparations[34668] numCuts[0] compileTime[13] sspSolveTime[7259] lpSolveTime[0] lb[41859.2] ub[42437] numArcs: [18223015] numFixed: [646219] time: [25838]
STATS - lpIterations[1] lagIterations[804] sspIterations[76354] numSeparations[35207] numCuts[0] compileTime[13] sspSolveTime[7534] lpSolveTime[0] lb[41865.9] ub[42437] numArcs: [18392822] numFixed: [646219] time: [26852]
STATS - lpIterations[1] lagIterations[825] sspIterations[78414] numSeparations[35632] numCuts[0] compileTime[13] sspSolveTime[7791] lpSolveTime[0] lb[41871.2] ub[42437] numArcs: [18526629] numFixed: [698024] time: [27805]
STATS - lpIterations[1] lagIterations[827] sspIterations[78637] numSeparations[35755] numCuts[0] compileTime[13] sspSolveTime[7822] lpSolveTime[0] lb[41882.7] ub[42437] numArcs: [18566086] numFixed: [647688] time: [27902]
STATS - lpIterations[1] lagIterations[842] sspIterations[80100] numSeparations[36062] numCuts[0] compileTime[13] sspSolveTime[8016] lpSolveTime[0] lb[41892.5] ub[42437] numArcs: [18665750] numFixed: [721303] time: [28603]
STATS - lpIterations[1] lagIterations[854] sspIterations[81302] numSeparations[36374] numCuts[0] compileTime[13] sspSolveTime[8171] lpSolveTime[0] lb[41894.8] ub[42437] numArcs: [18758902] numFixed: [737450] time: [29170]
STATS - lpIterations[1] lagIterations[856] sspIterations[81532] numSeparations[36473] numCuts[0] compileTime[13] sspSolveTime[8203] lpSolveTime[0] lb[41897.4] ub[42437] numArcs: [18786366] numFixed: [654443] time: [29270]
STATS - lpIterations[1] lagIterations[862] sspIterations[82121] numSeparations[36579] numCuts[0] compileTime[13] sspSolveTime[8279] lpSolveTime[0] lb[41897.9] ub[42437] numArcs: [18817929] numFixed: [763283] time: [29552]
STATS - lpIterations[1] lagIterations[864] sspIterations[82340] numSeparations[36690] numCuts[0] compileTime[13] sspSolveTime[8309] lpSolveTime[0] lb[41905.2] ub[42437] numArcs: [18851040] numFixed: [654443] time: [29650]
STATS - lpIterations[1] lagIterations[877] sspIterations[83627] numSeparations[36901] numCuts[0] compileTime[13] sspSolveTime[8481] lpSolveTime[0] lb[41907.4] ub[42437] numArcs: [18915535] numFixed: [803490] time: [30267]
STATS - lpIterations[1] lagIterations[881] sspIterations[84025] numSeparations[37001] numCuts[0] compileTime[13] sspSolveTime[8534] lpSolveTime[0] lb[41907.9] ub[42437] numArcs: [18943999] numFixed: [779292] time: [30457]
STATS - lpIterations[1] lagIterations[885] sspIterations[84419] numSeparations[37118] numCuts[0] compileTime[13] sspSolveTime[8587] lpSolveTime[0] lb[41912.1] ub[42437] numArcs: [18976788] numFixed: [800239] time: [30648]
STATS - lpIterations[1] lagIterations[893] sspIterations[85182] numSeparations[37339] numCuts[0] compileTime[13] sspSolveTime[8683] lpSolveTime[0] lb[41912.2] ub[42437] numArcs: [19045864] numFixed: [654443] time: [31026]
STATS - lpIterations[1] lagIterations[895] sspIterations[85375] numSeparations[37339] numCuts[0] compileTime[13] sspSolveTime[8708] lpSolveTime[0] lb[41917.7] ub[42437] numArcs: [19045827] numFixed: [804487] time: [31120]
STATS - lpIterations[1] lagIterations[899] sspIterations[85762] numSeparations[37439] numCuts[0] compileTime[13] sspSolveTime[8761] lpSolveTime[0] lb[41922.7] ub[42437] numArcs: [19075251] numFixed: [796916] time: [31311]
STATS - lpIterations[1] lagIterations[909] sspIterations[86781] numSeparations[37645] numCuts[0] compileTime[13] sspSolveTime[8898] lpSolveTime[0] lb[41923.7] ub[42437] numArcs: [19138620] numFixed: [831941] time: [31802]
STATS - lpIterations[1] lagIterations[911] sspIterations[86984] numSeparations[37750] numCuts[0] compileTime[13] sspSolveTime[8923] lpSolveTime[0] lb[41939.3] ub[42437] numArcs: [19172282] numFixed: [840506] time: [31899]
STATS - lpIterations[1] lagIterations[931] sspIterations[89005] numSeparations[38163] numCuts[0] compileTime[13] sspSolveTime[9191] lpSolveTime[0] lb[41939.3] ub[42437] numArcs: [19301780] numFixed: [871285] time: [32886]
STATS - lpIterations[1] lagIterations[944] sspIterations[90315] numSeparations[38469] numCuts[0] compileTime[13] sspSolveTime[9363] lpSolveTime[0] lb[41939.4] ub[42437] numArcs: [19389572] numFixed: [919131] time: [33534]
STATS - lpIterations[1] lagIterations[948] sspIterations[90721] numSeparations[38570] numCuts[0] compileTime[13] sspSolveTime[9416] lpSolveTime[0] lb[41941.5] ub[42437] numArcs: [19420041] numFixed: [928255] time: [33733]
STATS - lpIterations[1] lagIterations[950] sspIterations[90920] numSeparations[38695] numCuts[0] compileTime[13] sspSolveTime[9444] lpSolveTime[0] lb[41946.9] ub[42437] numArcs: [19456596] numFixed: [667058] time: [33835]
STATS - lpIterations[1] lagIterations[952] sspIterations[91131] numSeparations[38695] numCuts[0] compileTime[13] sspSolveTime[9473] lpSolveTime[0] lb[41951.1] ub[42437] numArcs: [19456540] numFixed: [928132] time: [33940]
STATS - lpIterations[1] lagIterations[975] sspIterations[93359] numSeparations[39210] numCuts[0] compileTime[13] sspSolveTime[9777] lpSolveTime[0] lb[41952.4] ub[42437] numArcs: [19612418] numFixed: [667058] time: [35078]
STATS - lpIterations[1] lagIterations[977] sspIterations[93560] numSeparations[39210] numCuts[0] compileTime[13] sspSolveTime[9804] lpSolveTime[0] lb[41953.8] ub[42437] numArcs: [19612351] numFixed: [969963] time: [35181]
STATS - lpIterations[1] lagIterations[982] sspIterations[94047] numSeparations[39320] numCuts[0] compileTime[13] sspSolveTime[9870] lpSolveTime[0] lb[41956.7] ub[42437] numArcs: [19642518] numFixed: [954791] time: [35433]
STATS - lpIterations[1] lagIterations[988] sspIterations[94623] numSeparations[39422] numCuts[0] compileTime[13] sspSolveTime[9949] lpSolveTime[0] lb[41958] ub[42437] numArcs: [19673985] numFixed: [940344] time: [35732]
STATS - lpIterations[1] lagIterations[990] sspIterations[94831] numSeparations[39422] numCuts[0] compileTime[13] sspSolveTime[9978] lpSolveTime[0] lb[41962.5] ub[42437] numArcs: [19673906] numFixed: [992010] time: [35837]
STATS - lpIterations[1] lagIterations[994] sspIterations[95237] numSeparations[39516] numCuts[0] compileTime[13] sspSolveTime[10033] lpSolveTime[0] lb[41962.5] ub[42437] numArcs: [19699762] numFixed: [1032555] time: [36048]
STATS - lpIterations[1] lagIterations[996] sspIterations[95446] numSeparations[39641] numCuts[0] compileTime[13] sspSolveTime[10062] lpSolveTime[0] lb[41968.1] ub[42437] numArcs: [19737098] numFixed: [667616] time: [36150]
STATS - lpIterations[1] lagIterations[998] sspIterations[95653] numSeparations[39641] numCuts[0] compileTime[13] sspSolveTime[10089] lpSolveTime[0] lb[41969.5] ub[42437] numArcs: [19737015] numFixed: [988326] time: [36253]
STATS - lpIterations[1] lagIterations[1004] sspIterations[96240] numSeparations[39736] numCuts[0] compileTime[13] sspSolveTime[10169] lpSolveTime[0] lb[41973.8] ub[42437] numArcs: [19764664] numFixed: [1038521] time: [36548]
STATS - lpIterations[1] lagIterations[1031] sspIterations[98896] numSeparations[40287] numCuts[0] compileTime[13] sspSolveTime[10540] lpSolveTime[0] lb[41979.2] ub[42437] numArcs: [19931425] numFixed: [1039029] time: [37926]
STATS - lpIterations[1] lagIterations[1035] sspIterations[99287] numSeparations[40403] numCuts[0] compileTime[13] sspSolveTime[10595] lpSolveTime[0] lb[41980.8] ub[42437] numArcs: [19967370] numFixed: [668821] time: [38132]
STATS - lpIterations[1] lagIterations[1037] sspIterations[99498] numSeparations[40403] numCuts[0] compileTime[13] sspSolveTime[10625] lpSolveTime[0] lb[41988.8] ub[42437] numArcs: [19967313] numFixed: [1123091] time: [38241]
STATS - lpIterations[1] lagIterations[1041] sspIterations[99912] numSeparations[40504] numCuts[0] compileTime[13] sspSolveTime[10687] lpSolveTime[0] lb[41991.5] ub[42437] numArcs: [19997197] numFixed: [1134829] time: [38457]
STATS - lpIterations[2] lagIterations[1053] sspIterations[101079] numSeparations[40706] numCuts[0] compileTime[13] sspSolveTime[10855] lpSolveTime[0] lb[41991.5] ub[42437] numArcs: [20049623] numFixed: [1095491] time: [39115]
STATS - lpIterations[2] lagIterations[1054] sspIterations[101170] numSeparations[40706] numCuts[0] compileTime[13] sspSolveTime[10866] lpSolveTime[0] lb[41995.6] ub[42437] numArcs: [20049620] numFixed: [1095491] time: [39126]
STATS - lpIterations[3] lagIterations[1155] sspIterations[112235] numSeparations[45451] numCuts[0] compileTime[13] sspSolveTime[12844] lpSolveTime[0] lb[41995.6] ub[42437] numArcs: [21545340] numFixed: [759124] time: [44259]
STATS - lpIterations[3] lagIterations[1156] sspIterations[112326] numSeparations[45451] numCuts[0] compileTime[13] sspSolveTime[12857] lpSolveTime[0] lb[41998.1] ub[42437] numArcs: [21545332] numFixed: [759124] time: [44272]
STATS - lpIterations[4] lagIterations[1257] sspIterations[123282] numSeparations[49467] numCuts[0] compileTime[13] sspSolveTime[15119] lpSolveTime[0] lb[41998.1] ub[42437] numArcs: [22775604] numFixed: [1760993] time: [49971]
STATS - lpIterations[4] lagIterations[1258] sspIterations[123372] numSeparations[49467] numCuts[0] compileTime[13] sspSolveTime[15134] lpSolveTime[0] lb[41999.7] ub[42437] numArcs: [22775600] numFixed: [1760993] time: [49986]
STATS - lpIterations[5] lagIterations[1359] sspIterations[134109] numSeparations[52928] numCuts[0] compileTime[13] sspSolveTime[17724] lpSolveTime[0] lb[41999.7] ub[42437] numArcs: [23805625] numFixed: [2319255] time: [56472]
STATS - lpIterations[5] lagIterations[1360] sspIterations[134199] numSeparations[52928] numCuts[0] compileTime[13] sspSolveTime[17745] lpSolveTime[0] lb[42000.5] ub[42437] numArcs: [23805624] numFixed: [2319255] time: [56494]
STATS - lpIterations[6] lagIterations[1461] sspIterations[145182] numSeparations[56446] numCuts[0] compileTime[13] sspSolveTime[21171] lpSolveTime[0] lb[42000.5] ub[42437] numArcs: [24791168] numFixed: [2699585] time: [64820]
STATS - lpIterations[6] lagIterations[1462] sspIterations[145271] numSeparations[56446] numCuts[0] compileTime[13] sspSolveTime[21194] lpSolveTime[0] lb[42000.6] ub[42437] numArcs: [24791167] numFixed: [2699585] time: [64844]
STATS - lpIterations[7] lagIterations[1563] sspIterations[156138] numSeparations[59647] numCuts[0] compileTime[13] sspSolveTime[24960] lpSolveTime[0] lb[42000.6] ub[42437] numArcs: [25672823] numFixed: [2951258] time: [73893]
STATS - lpIterations[7] lagIterations[1564] sspIterations[156227] numSeparations[59647] numCuts[0] compileTime[13] sspSolveTime[24988] lpSolveTime[0] lb[42000.7] ub[42437] numArcs: [25672823] numFixed: [2951258] time: [73922]
STATS - lpIterations[8] lagIterations[1665] sspIterations[167056] numSeparations[62664] numCuts[0] compileTime[13] sspSolveTime[29266] lpSolveTime[0] lb[42000.7] ub[42437] numArcs: [26509798] numFixed: [3514175] time: [83963]
STATS - lpIterations[8] lagIterations[1666] sspIterations[167145] numSeparations[62664] numCuts[0] compileTime[13] sspSolveTime[29297] lpSolveTime[0] lb[42000.8] ub[42437] numArcs: [26509798] numFixed: [3514175] time: [83993]
