relax capacity constraint
instance upper bound: 16290.7
compiling DD
time step mult: 10
time step: 900
cap step: 10
done compiling DD
batch size for lag: 100
iteration delay to start separating: 0
optimality gap to start repairing: 100
percent fixed to change to CPLEX: 97.5
num arcs to change to CPLEX: 100000
num arcs to change to LAG: 999999999
STATS - lpIterations[0] lagIterations[0] sspIterations[0] numSeparations[0] numCuts[0] compileTime[201] sspSolveTime[0] lpSolveTime[0] lb[0] ub[16290.7] numArcs: [67802587] numFixed: [0] time: [201]
STATS - lpIterations[1] lagIterations[0] sspIterations[0] numSeparations[0] numCuts[0] compileTime[201] sspSolveTime[0] lpSolveTime[0] lb[0] ub[16290.7] numArcs: [67802587] numFixed: [0] time: [201]
STATS - lpIterations[1] lagIterations[1] sspIterations[16] numSeparations[0] numCuts[0] compileTime[201] sspSolveTime[17] lpSolveTime[0] lb[9002.65] ub[16290.7] numArcs: [67802022] numFixed: [0] time: [219]
STATS - lpIterations[1] lagIterations[1] sspIterations[16] numSeparations[0] numCuts[0] compileTime[201] sspSolveTime[17] lpSolveTime[0] lb[9296.42] ub[16290.7] numArcs: [67802022] numFixed: [0] time: [226]
STATS - lpIterations[1] lagIterations[2] sspIterations[22] numSeparations[0] numCuts[0] compileTime[201] sspSolveTime[26] lpSolveTime[0] lb[9336.32] ub[16290.7] numArcs: [67801946] numFixed: [0] time: [245]
STATS - lpIterations[1] lagIterations[3] sspIterations[24] numSeparations[0] numCuts[0] compileTime[201] sspSolveTime[30] lpSolveTime[0] lb[9505.19] ub[16290.7] numArcs: [67801867] numFixed: [0] time: [252]
STATS - lpIterations[1] lagIterations[3] sspIterations[24] numSeparations[0] numCuts[0] compileTime[201] sspSolveTime[30] lpSolveTime[0] lb[9512.22] ub[16290.7] numArcs: [67801867] numFixed: [0] time: [256]
STATS - lpIterations[1] lagIterations[4] sspIterations[25] numSeparations[0] numCuts[0] compileTime[201] sspSolveTime[33] lpSolveTime[0] lb[9909.83] ub[16290.7] numArcs: [67801867] numFixed: [0] time: [261]
STATS - lpIterations[1] lagIterations[5] sspIterations[35] numSeparations[0] numCuts[0] compileTime[201] sspSolveTime[41] lpSolveTime[0] lb[10319.2] ub[16290.7] numArcs: [67801578] numFixed: [0] time: [274]
STATS - lpIterations[1] lagIterations[5] sspIterations[35] numSeparations[0] numCuts[0] compileTime[201] sspSolveTime[41] lpSolveTime[0] lb[10364.7] ub[16290.7] numArcs: [67801578] numFixed: [0] time: [281]
STATS - lpIterations[1] lagIterations[6] sspIterations[37] numSeparations[0] numCuts[0] compileTime[201] sspSolveTime[45] lpSolveTime[0] lb[10482.4] ub[16290.7] numArcs: [67801529] numFixed: [0] time: [287]
STATS - lpIterations[1] lagIterations[6] sspIterations[37] numSeparations[0] numCuts[0] compileTime[201] sspSolveTime[45] lpSolveTime[0] lb[10482.9] ub[16290.7] numArcs: [67801529] numFixed: [0] time: [292]
STATS - lpIterations[1] lagIterations[7] sspIterations[50] numSeparations[0] numCuts[0] compileTime[201] sspSolveTime[56] lpSolveTime[0] lb[10854] ub[16290.7] numArcs: [67801165] numFixed: [0] time: [307]
STATS - lpIterations[1] lagIterations[7] sspIterations[50] numSeparations[0] numCuts[0] compileTime[201] sspSolveTime[56] lpSolveTime[0] lb[10916.6] ub[16290.7] numArcs: [67801165] numFixed: [0] time: [317]
STATS - lpIterations[1] lagIterations[8] sspIterations[55] numSeparations[0] numCuts[0] compileTime[201] sspSolveTime[60] lpSolveTime[0] lb[10993.5] ub[16290.7] numArcs: [67801071] numFixed: [0] time: [324]
STATS - lpIterations[1] lagIterations[8] sspIterations[55] numSeparations[0] numCuts[0] compileTime[201] sspSolveTime[60] lpSolveTime[0] lb[10997.9] ub[16290.7] numArcs: [67801071] numFixed: [0] time: [331]
STATS - lpIterations[1] lagIterations[9] sspIterations[63] numSeparations[0] numCuts[0] compileTime[201] sspSolveTime[67] lpSolveTime[0] lb[11310.8] ub[16290.7] numArcs: [67800953] numFixed: [0] time: [341]
STATS - lpIterations[1] lagIterations[9] sspIterations[63] numSeparations[0] numCuts[0] compileTime[201] sspSolveTime[67] lpSolveTime[0] lb[11333.4] ub[16290.7] numArcs: [67800953] numFixed: [0] time: [350]
STATS - lpIterations[1] lagIterations[10] sspIterations[75] numSeparations[0] numCuts[0] compileTime[201] sspSolveTime[75] lpSolveTime[0] lb[11540.5] ub[16290.7] numArcs: [67800732] numFixed: [0] time: [361]
STATS - lpIterations[1] lagIterations[10] sspIterations[75] numSeparations[0] numCuts[0] compileTime[201] sspSolveTime[75] lpSolveTime[0] lb[11570.6] ub[16290.7] numArcs: [67800732] numFixed: [0] time: [376]
STATS - lpIterations[1] lagIterations[11] sspIterations[87] numSeparations[0] numCuts[0] compileTime[201] sspSolveTime[86] lpSolveTime[0] lb[11692.5] ub[16290.7] numArcs: [67800301] numFixed: [0] time: [390]
STATS - lpIterations[1] lagIterations[11] sspIterations[87] numSeparations[0] numCuts[0] compileTime[201] sspSolveTime[86] lpSolveTime[0] lb[11717] ub[16290.7] numArcs: [67800301] numFixed: [0] time: [399]
STATS - lpIterations[1] lagIterations[12] sspIterations[93] numSeparations[0] numCuts[0] compileTime[201] sspSolveTime[91] lpSolveTime[0] lb[11838.6] ub[16290.7] numArcs: [67800243] numFixed: [0] time: [407]
STATS - lpIterations[1] lagIterations[12] sspIterations[93] numSeparations[0] numCuts[0] compileTime[201] sspSolveTime[91] lpSolveTime[0] lb[11839.8] ub[16290.7] numArcs: [67800243] numFixed: [0] time: [417]
STATS - lpIterations[1] lagIterations[13] sspIterations[123] numSeparations[0] numCuts[0] compileTime[201] sspSolveTime[109] lpSolveTime[0] lb[12024.7] ub[16290.7] numArcs: [67799510] numFixed: [0] time: [438]
STATS - lpIterations[1] lagIterations[13] sspIterations[123] numSeparations[0] numCuts[0] compileTime[201] sspSolveTime[109] lpSolveTime[0] lb[12144.1] ub[16290.7] numArcs: [67799510] numFixed: [0] time: [461]
STATS - lpIterations[1] lagIterations[14] sspIterations[129] numSeparations[51] numCuts[0] compileTime[201] sspSolveTime[114] lpSolveTime[0] lb[12198.9] ub[16290.7] numArcs: [68024144] numFixed: [0] time: [470]
STATS - lpIterations[1] lagIterations[14] sspIterations[129] numSeparations[51] numCuts[0] compileTime[201] sspSolveTime[114] lpSolveTime[0] lb[12201.2] ub[16290.7] numArcs: [68024144] numFixed: [0] time: [479]
STATS - lpIterations[1] lagIterations[15] sspIterations[170] numSeparations[51] numCuts[0] compileTime[201] sspSolveTime[146] lpSolveTime[0] lb[12341.1] ub[16290.7] numArcs: [68023388] numFixed: [64526] time: [514]
STATS - lpIterations[1] lagIterations[15] sspIterations[170] numSeparations[51] numCuts[0] compileTime[201] sspSolveTime[146] lpSolveTime[0] lb[12495.5] ub[16290.7] numArcs: [68023388] numFixed: [64526] time: [545]
STATS - lpIterations[1] lagIterations[16] sspIterations[179] numSeparations[51] numCuts[0] compileTime[201] sspSolveTime[157] lpSolveTime[0] lb[12522.1] ub[16290.7] numArcs: [68023275] numFixed: [64526] time: [559]
STATS - lpIterations[1] lagIterations[16] sspIterations[179] numSeparations[51] numCuts[0] compileTime[201] sspSolveTime[157] lpSolveTime[0] lb[12541.8] ub[16290.7] numArcs: [68023275] numFixed: [64526] time: [571]
STATS - lpIterations[1] lagIterations[17] sspIterations[218] numSeparations[51] numCuts[0] compileTime[201] sspSolveTime[189] lpSolveTime[0] lb[12705.8] ub[16290.7] numArcs: [68022594] numFixed: [64526] time: [632]
STATS - lpIterations[1] lagIterations[18] sspIterations[231] numSeparations[51] numCuts[0] compileTime[201] sspSolveTime[202] lpSolveTime[0] lb[12736.5] ub[16290.7] numArcs: [68022515] numFixed: [64526] time: [648]
STATS - lpIterations[1] lagIterations[18] sspIterations[231] numSeparations[51] numCuts[0] compileTime[201] sspSolveTime[202] lpSolveTime[0] lb[12748.1] ub[16290.7] numArcs: [68022515] numFixed: [64526] time: [665]
STATS - lpIterations[1] lagIterations[19] sspIterations[273] numSeparations[120] numCuts[0] compileTime[201] sspSolveTime[231] lpSolveTime[0] lb[12892.3] ub[16290.7] numArcs: [68285674] numFixed: [84461] time: [726]
STATS - lpIterations[1] lagIterations[20] sspIterations[286] numSeparations[120] numCuts[0] compileTime[201] sspSolveTime[245] lpSolveTime[0] lb[12918.5] ub[16290.7] numArcs: [68285453] numFixed: [84461] time: [744]
STATS - lpIterations[1] lagIterations[20] sspIterations[286] numSeparations[120] numCuts[0] compileTime[201] sspSolveTime[245] lpSolveTime[0] lb[12937.5] ub[16290.7] numArcs: [68285453] numFixed: [84461] time: [762]
STATS - lpIterations[1] lagIterations[21] sspIterations[324] numSeparations[120] numCuts[0] compileTime[201] sspSolveTime[275] lpSolveTime[0] lb[13051] ub[16290.7] numArcs: [68284989] numFixed: [84461] time: [823]
STATS - lpIterations[1] lagIterations[22] sspIterations[333] numSeparations[120] numCuts[0] compileTime[201] sspSolveTime[287] lpSolveTime[0] lb[13065.8] ub[16290.7] numArcs: [68284873] numFixed: [84461] time: [838]
STATS - lpIterations[1] lagIterations[22] sspIterations[333] numSeparations[120] numCuts[0] compileTime[201] sspSolveTime[287] lpSolveTime[0] lb[13079.3] ub[16290.7] numArcs: [68284873] numFixed: [84461] time: [852]
STATS - lpIterations[1] lagIterations[23] sspIterations[386] numSeparations[196] numCuts[0] compileTime[201] sspSolveTime[329] lpSolveTime[0] lb[13231.4] ub[16290.7] numArcs: [68527494] numFixed: [93335] time: [932]
STATS - lpIterations[1] lagIterations[24] sspIterations[406] numSeparations[196] numCuts[0] compileTime[201] sspSolveTime[344] lpSolveTime[0] lb[13253.4] ub[16290.7] numArcs: [68527356] numFixed: [93335] time: [949]
STATS - lpIterations[1] lagIterations[24] sspIterations[406] numSeparations[196] numCuts[0] compileTime[201] sspSolveTime[344] lpSolveTime[0] lb[13268.4] ub[16290.7] numArcs: [68527356] numFixed: [93335] time: [978]
STATS - lpIterations[1] lagIterations[25] sspIterations[446] numSeparations[196] numCuts[0] compileTime[201] sspSolveTime[377] lpSolveTime[0] lb[13322.7] ub[16290.7] numArcs: [68526791] numFixed: [93335] time: [1038]
STATS - lpIterations[1] lagIterations[26] sspIterations[459] numSeparations[287] numCuts[0] compileTime[201] sspSolveTime[394] lpSolveTime[0] lb[13337.7] ub[16290.7] numArcs: [68846606] numFixed: [103167] time: [1058]
STATS - lpIterations[1] lagIterations[26] sspIterations[459] numSeparations[287] numCuts[0] compileTime[201] sspSolveTime[394] lpSolveTime[0] lb[13353.1] ub[16290.7] numArcs: [68846606] numFixed: [103167] time: [1075]
STATS - lpIterations[1] lagIterations[27] sspIterations[502] numSeparations[287] numCuts[0] compileTime[201] sspSolveTime[428] lpSolveTime[0] lb[13480.1] ub[16290.7] numArcs: [68845952] numFixed: [103167] time: [1141]
STATS - lpIterations[1] lagIterations[28] sspIterations[513] numSeparations[287] numCuts[0] compileTime[201] sspSolveTime[441] lpSolveTime[0] lb[13509.4] ub[16290.7] numArcs: [68845846] numFixed: [103167] time: [1156]
STATS - lpIterations[1] lagIterations[28] sspIterations[513] numSeparations[287] numCuts[0] compileTime[201] sspSolveTime[441] lpSolveTime[0] lb[13516.4] ub[16290.7] numArcs: [68845846] numFixed: [103167] time: [1172]
STATS - lpIterations[1] lagIterations[29] sspIterations[561] numSeparations[287] numCuts[0] compileTime[201] sspSolveTime[475] lpSolveTime[0] lb[13601.1] ub[16290.7] numArcs: [68845272] numFixed: [103167] time: [1251]
STATS - lpIterations[1] lagIterations[30] sspIterations[579] numSeparations[380] numCuts[0] compileTime[201] sspSolveTime[491] lpSolveTime[0] lb[13624.8] ub[16290.7] numArcs: [69112328] numFixed: [112830] time: [1271]
STATS - lpIterations[1] lagIterations[30] sspIterations[579] numSeparations[380] numCuts[0] compileTime[201] sspSolveTime[491] lpSolveTime[0] lb[13634.3] ub[16290.7] numArcs: [69112328] numFixed: [112830] time: [1297]
STATS - lpIterations[1] lagIterations[31] sspIterations[604] numSeparations[380] numCuts[0] compileTime[201] sspSolveTime[515] lpSolveTime[0] lb[13669.7] ub[16290.7] numArcs: [69112106] numFixed: [112830] time: [1352]
STATS - lpIterations[1] lagIterations[32] sspIterations[625] numSeparations[380] numCuts[0] compileTime[201] sspSolveTime[530] lpSolveTime[0] lb[13686.6] ub[16290.7] numArcs: [69111986] numFixed: [112830] time: [1371]
STATS - lpIterations[1] lagIterations[32] sspIterations[625] numSeparations[380] numCuts[0] compileTime[201] sspSolveTime[530] lpSolveTime[0] lb[13711.7] ub[16290.7] numArcs: [69111986] numFixed: [112830] time: [1392]
STATS - lpIterations[1] lagIterations[33] sspIterations[652] numSeparations[380] numCuts[0] compileTime[201] sspSolveTime[552] lpSolveTime[0] lb[13749.4] ub[16290.7] numArcs: [69111554] numFixed: [112830] time: [1446]
STATS - lpIterations[1] lagIterations[34] sspIterations[662] numSeparations[380] numCuts[0] compileTime[201] sspSolveTime[563] lpSolveTime[0] lb[13779] ub[16290.7] numArcs: [69111493] numFixed: [112830] time: [1461]
STATS - lpIterations[1] lagIterations[34] sspIterations[662] numSeparations[380] numCuts[0] compileTime[201] sspSolveTime[563] lpSolveTime[0] lb[13793.7] ub[16290.7] numArcs: [69111493] numFixed: [112830] time: [1480]
STATS - lpIterations[1] lagIterations[35] sspIterations[723] numSeparations[380] numCuts[0] compileTime[201] sspSolveTime[613] lpSolveTime[0] lb[13924.6] ub[16290.7] numArcs: [69110512] numFixed: [112830] time: [1565]
STATS - lpIterations[1] lagIterations[36] sspIterations[753] numSeparations[513] numCuts[0] compileTime[201] sspSolveTime[636] lpSolveTime[0] lb[13956.6] ub[16290.7] numArcs: [69469818] numFixed: [122477] time: [1624]
STATS - lpIterations[1] lagIterations[38] sspIterations[798] numSeparations[513] numCuts[0] compileTime[201] sspSolveTime[672] lpSolveTime[0] lb[13979.1] ub[16290.7] numArcs: [69469383] numFixed: [122477] time: [1707]
STATS - lpIterations[1] lagIterations[39] sspIterations[813] numSeparations[513] numCuts[0] compileTime[201] sspSolveTime[686] lpSolveTime[0] lb[14007.4] ub[16290.7] numArcs: [69469226] numFixed: [122477] time: [1724]
STATS - lpIterations[1] lagIterations[39] sspIterations[813] numSeparations[513] numCuts[0] compileTime[201] sspSolveTime[686] lpSolveTime[0] lb[14020.3] ub[16290.7] numArcs: [69469226] numFixed: [122477] time: [1745]
STATS - lpIterations[1] lagIterations[40] sspIterations[859] numSeparations[513] numCuts[0] compileTime[201] sspSolveTime[724] lpSolveTime[0] lb[14098.9] ub[16290.7] numArcs: [69468745] numFixed: [122477] time: [1822]
STATS - lpIterations[1] lagIterations[41] sspIterations[875] numSeparations[633] numCuts[0] compileTime[201] sspSolveTime[739] lpSolveTime[0] lb[14100.4] ub[16290.7] numArcs: [69803848] numFixed: [124458] time: [1841]
STATS - lpIterations[1] lagIterations[41] sspIterations[875] numSeparations[633] numCuts[0] compileTime[201] sspSolveTime[739] lpSolveTime[0] lb[14113.3] ub[16290.7] numArcs: [69803848] numFixed: [124458] time: [1869]
STATS - lpIterations[1] lagIterations[42] sspIterations[927] numSeparations[633] numCuts[0] compileTime[201] sspSolveTime[779] lpSolveTime[0] lb[14130.9] ub[16290.7] numArcs: [69803269] numFixed: [124458] time: [1946]
STATS - lpIterations[1] lagIterations[43] sspIterations[939] numSeparations[633] numCuts[0] compileTime[201] sspSolveTime[790] lpSolveTime[0] lb[14137.7] ub[16290.7] numArcs: [69803144] numFixed: [124458] time: [1982]
STATS - lpIterations[1] lagIterations[44] sspIterations[1002] numSeparations[633] numCuts[0] compileTime[201] sspSolveTime[843] lpSolveTime[0] lb[14204.7] ub[16290.7] numArcs: [69802412] numFixed: [124458] time: [2077]
STATS - lpIterations[1] lagIterations[45] sspIterations[1027] numSeparations[758] numCuts[0] compileTime[201] sspSolveTime[865] lpSolveTime[0] lb[14210.2] ub[16290.7] numArcs: [70179113] numFixed: [133354] time: [2103]
STATS - lpIterations[1] lagIterations[45] sspIterations[1027] numSeparations[758] numCuts[0] compileTime[201] sspSolveTime[865] lpSolveTime[0] lb[14236.4] ub[16290.7] numArcs: [70179113] numFixed: [133354] time: [2125]
STATS - lpIterations[1] lagIterations[46] sspIterations[1051] numSeparations[758] numCuts[0] compileTime[201] sspSolveTime[885] lpSolveTime[0] lb[14236.8] ub[16290.7] numArcs: [70178960] numFixed: [133354] time: [2175]
STATS - lpIterations[1] lagIterations[48] sspIterations[1104] numSeparations[758] numCuts[0] compileTime[201] sspSolveTime[926] lpSolveTime[0] lb[14239] ub[16290.7] numArcs: [70178456] numFixed: [133354] time: [2250]
STATS - lpIterations[1] lagIterations[48] sspIterations[1104] numSeparations[758] numCuts[0] compileTime[201] sspSolveTime[926] lpSolveTime[0] lb[14245.3] ub[16290.7] numArcs: [70178456] numFixed: [133354] time: [2276]
STATS - lpIterations[1] lagIterations[49] sspIterations[1149] numSeparations[853] numCuts[0] compileTime[201] sspSolveTime[960] lpSolveTime[0] lb[14325.8] ub[16290.7] numArcs: [70414747] numFixed: [134344] time: [2343]
STATS - lpIterations[1] lagIterations[50] sspIterations[1171] numSeparations[853] numCuts[0] compileTime[201] sspSolveTime[979] lpSolveTime[0] lb[14331.3] ub[16290.7] numArcs: [70414623] numFixed: [134344] time: [2366]
STATS - lpIterations[1] lagIterations[50] sspIterations[1171] numSeparations[853] numCuts[0] compileTime[201] sspSolveTime[979] lpSolveTime[0] lb[14348.3] ub[16290.7] numArcs: [70414623] numFixed: [134344] time: [2385]
STATS - lpIterations[1] lagIterations[51] sspIterations[1194] numSeparations[853] numCuts[0] compileTime[201] sspSolveTime[997] lpSolveTime[0] lb[14349.7] ub[16290.7] numArcs: [70414498] numFixed: [134344] time: [2406]
STATS - lpIterations[1] lagIterations[51] sspIterations[1194] numSeparations[853] numCuts[0] compileTime[201] sspSolveTime[997] lpSolveTime[0] lb[14360.8] ub[16290.7] numArcs: [70414498] numFixed: [134344] time: [2432]
STATS - lpIterations[1] lagIterations[53] sspIterations[1248] numSeparations[961] numCuts[0] compileTime[201] sspSolveTime[1046] lpSolveTime[0] lb[14372.8] ub[16290.7] numArcs: [70706935] numFixed: [139113] time: [2550]
STATS - lpIterations[1] lagIterations[54] sspIterations[1282] numSeparations[961] numCuts[0] compileTime[201] sspSolveTime[1072] lpSolveTime[0] lb[14418] ub[16290.7] numArcs: [70706613] numFixed: [139113] time: [2607]
STATS - lpIterations[1] lagIterations[55] sspIterations[1301] numSeparations[961] numCuts[0] compileTime[201] sspSolveTime[1089] lpSolveTime[0] lb[14432.5] ub[16290.7] numArcs: [70706478] numFixed: [139113] time: [2626]
STATS - lpIterations[1] lagIterations[55] sspIterations[1301] numSeparations[961] numCuts[0] compileTime[201] sspSolveTime[1089] lpSolveTime[0] lb[14438.1] ub[16290.7] numArcs: [70706478] numFixed: [139113] time: [2654]
STATS - lpIterations[1] lagIterations[56] sspIterations[1350] numSeparations[961] numCuts[0] compileTime[201] sspSolveTime[1129] lpSolveTime[0] lb[14450.6] ub[16290.7] numArcs: [70705968] numFixed: [139113] time: [2734]
STATS - lpIterations[1] lagIterations[57] sspIterations[1369] numSeparations[1068] numCuts[0] compileTime[201] sspSolveTime[1151] lpSolveTime[0] lb[14450.7] ub[16290.7] numArcs: [70983049] numFixed: [139113] time: [2759]
STATS - lpIterations[1] lagIterations[57] sspIterations[1369] numSeparations[1068] numCuts[0] compileTime[201] sspSolveTime[1151] lpSolveTime[0] lb[14464] ub[16290.7] numArcs: [70983049] numFixed: [139113] time: [2789]
STATS - lpIterations[1] lagIterations[58] sspIterations[1406] numSeparations[1068] numCuts[0] compileTime[201] sspSolveTime[1178] lpSolveTime[0] lb[14501.8] ub[16290.7] numArcs: [70982735] numFixed: [139113] time: [2848]
STATS - lpIterations[1] lagIterations[59] sspIterations[1427] numSeparations[1068] numCuts[0] compileTime[201] sspSolveTime[1196] lpSolveTime[0] lb[14510.5] ub[16290.7] numArcs: [70982545] numFixed: [139113] time: [2898]
STATS - lpIterations[1] lagIterations[60] sspIterations[1451] numSeparations[1068] numCuts[0] compileTime[201] sspSolveTime[1215] lpSolveTime[0] lb[14536.4] ub[16290.7] numArcs: [70982437] numFixed: [139113] time: [2950]
STATS - lpIterations[1] lagIterations[63] sspIterations[1559] numSeparations[1159] numCuts[0] compileTime[201] sspSolveTime[1300] lpSolveTime[0] lb[14578.5] ub[16290.7] numArcs: [71195409] numFixed: [139113] time: [3136]
STATS - lpIterations[1] lagIterations[64] sspIterations[1583] numSeparations[1258] numCuts[0] compileTime[201] sspSolveTime[1323] lpSolveTime[0] lb[14581.7] ub[16290.7] numArcs: [71470749] numFixed: [145027] time: [3163]
STATS - lpIterations[1] lagIterations[64] sspIterations[1583] numSeparations[1258] numCuts[0] compileTime[201] sspSolveTime[1323] lpSolveTime[0] lb[14593.9] ub[16290.7] numArcs: [71470749] numFixed: [145027] time: [3193]
STATS - lpIterations[1] lagIterations[65] sspIterations[1618] numSeparations[1258] numCuts[0] compileTime[201] sspSolveTime[1351] lpSolveTime[0] lb[14604.4] ub[16290.7] numArcs: [71470551] numFixed: [145027] time: [3252]
STATS - lpIterations[1] lagIterations[66] sspIterations[1634] numSeparations[1258] numCuts[0] compileTime[201] sspSolveTime[1367] lpSolveTime[0] lb[14612.2] ub[16290.7] numArcs: [71470444] numFixed: [145027] time: [3298]
STATS - lpIterations[1] lagIterations[67] sspIterations[1675] numSeparations[1258] numCuts[0] compileTime[201] sspSolveTime[1403] lpSolveTime[0] lb[14635.6] ub[16290.7] numArcs: [71470173] numFixed: [145027] time: [3373]
STATS - lpIterations[1] lagIterations[71] sspIterations[1788] numSeparations[1368] numCuts[0] compileTime[201] sspSolveTime[1497] lpSolveTime[0] lb[14668] ub[16290.7] numArcs: [71772521] numFixed: [145027] time: [3602]
STATS - lpIterations[1] lagIterations[73] sspIterations[1848] numSeparations[1477] numCuts[0] compileTime[201] sspSolveTime[1554] lpSolveTime[0] lb[14698] ub[16290.7] numArcs: [72033184] numFixed: [146971] time: [3725]
STATS - lpIterations[1] lagIterations[76] sspIterations[1944] numSeparations[1596] numCuts[0] compileTime[201] sspSolveTime[1629] lpSolveTime[0] lb[14709.9] ub[16290.7] numArcs: [72309164] numFixed: [147970] time: [3918]
STATS - lpIterations[1] lagIterations[77] sspIterations[1971] numSeparations[1596] numCuts[0] compileTime[201] sspSolveTime[1651] lpSolveTime[0] lb[14718.1] ub[16290.7] numArcs: [72309021] numFixed: [147970] time: [3974]
STATS - lpIterations[1] lagIterations[80] sspIterations[2048] numSeparations[1695] numCuts[0] compileTime[201] sspSolveTime[1721] lpSolveTime[0] lb[14721.6] ub[16290.7] numArcs: [72572402] numFixed: [147970] time: [4141]
STATS - lpIterations[1] lagIterations[81] sspIterations[2072] numSeparations[1695] numCuts[0] compileTime[201] sspSolveTime[1742] lpSolveTime[0] lb[14740] ub[16290.7] numArcs: [72572271] numFixed: [147970] time: [4198]
STATS - lpIterations[1] lagIterations[83] sspIterations[2121] numSeparations[1695] numCuts[0] compileTime[201] sspSolveTime[1786] lpSolveTime[0] lb[14743.7] ub[16290.7] numArcs: [72571965] numFixed: [147970] time: [4278]
STATS - lpIterations[1] lagIterations[83] sspIterations[2121] numSeparations[1695] numCuts[0] compileTime[201] sspSolveTime[1786] lpSolveTime[0] lb[14756.6] ub[16290.7] numArcs: [72571965] numFixed: [147970] time: [4307]
STATS - lpIterations[1] lagIterations[84] sspIterations[2158] numSeparations[1695] numCuts[0] compileTime[201] sspSolveTime[1815] lpSolveTime[0] lb[14773.6] ub[16290.7] numArcs: [72571730] numFixed: [147970] time: [4373]
STATS - lpIterations[1] lagIterations[88] sspIterations[2288] numSeparations[1818] numCuts[0] compileTime[201] sspSolveTime[1921] lpSolveTime[0] lb[14810.1] ub[16290.7] numArcs: [72850866] numFixed: [150915] time: [4613]
STATS - lpIterations[1] lagIterations[89] sspIterations[2309] numSeparations[1943] numCuts[0] compileTime[201] sspSolveTime[1940] lpSolveTime[0] lb[14812.4] ub[16290.7] numArcs: [73155309] numFixed: [150915] time: [4636]
STATS - lpIterations[1] lagIterations[89] sspIterations[2309] numSeparations[1943] numCuts[0] compileTime[201] sspSolveTime[1940] lpSolveTime[0] lb[14814.7] ub[16290.7] numArcs: [73155309] numFixed: [150915] time: [4670]
STATS - lpIterations[1] lagIterations[92] sspIterations[2440] numSeparations[1943] numCuts[0] compileTime[201] sspSolveTime[2059] lpSolveTime[0] lb[14817.3] ub[16290.7] numArcs: [73154416] numFixed: [150915] time: [4920]
STATS - lpIterations[1] lagIterations[93] sspIterations[2464] numSeparations[2076] numCuts[0] compileTime[201] sspSolveTime[2082] lpSolveTime[0] lb[14829] ub[16290.7] numArcs: [73464680] numFixed: [152907] time: [4979]
STATS - lpIterations[1] lagIterations[94] sspIterations[2488] numSeparations[2076] numCuts[0] compileTime[201] sspSolveTime[2110] lpSolveTime[0] lb[14829.8] ub[16290.7] numArcs: [73464621] numFixed: [152911] time: [5048]
STATS - lpIterations[1] lagIterations[97] sspIterations[2586] numSeparations[2176] numCuts[0] compileTime[201] sspSolveTime[2187] lpSolveTime[0] lb[14843] ub[16290.7] numArcs: [73698110] numFixed: [156864] time: [5236]
STATS - lpIterations[1] lagIterations[98] sspIterations[2599] numSeparations[2176] numCuts[0] compileTime[201] sspSolveTime[2202] lpSolveTime[0] lb[14845.4] ub[16290.7] numArcs: [73698067] numFixed: [156868] time: [5254]
STATS - lpIterations[1] lagIterations[98] sspIterations[2599] numSeparations[2176] numCuts[0] compileTime[201] sspSolveTime[2202] lpSolveTime[0] lb[14848.2] ub[16290.7] numArcs: [73698067] numFixed: [156868] time: [5277]
STATS - lpIterations[1] lagIterations[99] sspIterations[2661] numSeparations[2176] numCuts[0] compileTime[201] sspSolveTime[2250] lpSolveTime[0] lb[14879.7] ub[16290.7] numArcs: [73697594] numFixed: [156871] time: [5379]
STATS - lpIterations[1] lagIterations[100] sspIterations[2690] numSeparations[2288] numCuts[0] compileTime[201] sspSolveTime[2270] lpSolveTime[0] lb[14886.3] ub[16290.7] numArcs: [73941308] numFixed: [159864] time: [5438]
STATS - lpIterations[1] lagIterations[106] sspIterations[2904] numSeparations[2410] numCuts[0] compileTime[201] sspSolveTime[2456] lpSolveTime[0] lb[14889.4] ub[16290.7] numArcs: [74178008] numFixed: [161858] time: [5855]
STATS - lpIterations[1] lagIterations[107] sspIterations[2935] numSeparations[2516] numCuts[0] compileTime[201] sspSolveTime[2482] lpSolveTime[0] lb[14891] ub[16290.7] numArcs: [74384528] numFixed: [165827] time: [5917]
STATS - lpIterations[1] lagIterations[109] sspIterations[2993] numSeparations[2516] numCuts[0] compileTime[201] sspSolveTime[2531] lpSolveTime[0] lb[14901.9] ub[16290.7] numArcs: [74384291] numFixed: [165829] time: [6043]
STATS - lpIterations[1] lagIterations[111] sspIterations[3070] numSeparations[2617] numCuts[0] compileTime[201] sspSolveTime[2599] lpSolveTime[0] lb[14918.2] ub[16290.7] numArcs: [74569512] numFixed: [165831] time: [6188]
STATS - lpIterations[1] lagIterations[112] sspIterations[3098] numSeparations[2617] numCuts[0] compileTime[201] sspSolveTime[2618] lpSolveTime[0] lb[14923.9] ub[16290.7] numArcs: [74569454] numFixed: [165835] time: [6246]
STATS - lpIterations[1] lagIterations[115] sspIterations[3192] numSeparations[2728] numCuts[0] compileTime[201] sspSolveTime[2707] lpSolveTime[0] lb[14935.6] ub[16290.7] numArcs: [74806045] numFixed: [169738] time: [6455]
STATS - lpIterations[1] lagIterations[121] sspIterations[3391] numSeparations[2851] numCuts[0] compileTime[201] sspSolveTime[2905] lpSolveTime[0] lb[14947.8] ub[16290.7] numArcs: [75052115] numFixed: [170744] time: [6901]
STATS - lpIterations[1] lagIterations[122] sspIterations[3410] numSeparations[2974] numCuts[0] compileTime[201] sspSolveTime[2923] lpSolveTime[0] lb[14951.4] ub[16290.7] numArcs: [75312753] numFixed: [170751] time: [6923]
STATS - lpIterations[1] lagIterations[122] sspIterations[3410] numSeparations[2974] numCuts[0] compileTime[201] sspSolveTime[2923] lpSolveTime[0] lb[14955.3] ub[16290.7] numArcs: [75312753] numFixed: [170751] time: [6960]
STATS - lpIterations[1] lagIterations[125] sspIterations[3512] numSeparations[3072] numCuts[0] compileTime[201] sspSolveTime[3032] lpSolveTime[0] lb[14964.2] ub[16290.7] numArcs: [75530643] numFixed: [172731] time: [7165]
STATS - lpIterations[1] lagIterations[127] sspIterations[3587] numSeparations[3072] numCuts[0] compileTime[201] sspSolveTime[3096] lpSolveTime[0] lb[14969.8] ub[16290.7] numArcs: [75530279] numFixed: [172748] time: [7311]
STATS - lpIterations[1] lagIterations[127] sspIterations[3587] numSeparations[3072] numCuts[0] compileTime[201] sspSolveTime[3096] lpSolveTime[0] lb[14971.1] ub[16290.7] numArcs: [75530279] numFixed: [172748] time: [7347]
STATS - lpIterations[1] lagIterations[128] sspIterations[3626] numSeparations[3072] numCuts[0] compileTime[201] sspSolveTime[3133] lpSolveTime[0] lb[14980.5] ub[16290.7] numArcs: [75530141] numFixed: [172753] time: [7424]
STATS - lpIterations[1] lagIterations[137] sspIterations[3900] numSeparations[3437] numCuts[0] compileTime[201] sspSolveTime[3405] lpSolveTime[0] lb[14982.9] ub[16290.7] numArcs: [76284273] numFixed: [173741] time: [8009]
STATS - lpIterations[1] lagIterations[140] sspIterations[3990] numSeparations[3437] numCuts[0] compileTime[201] sspSolveTime[3493] lpSolveTime[0] lb[14987.7] ub[16290.7] numArcs: [76283955] numFixed: [173747] time: [8258]
STATS - lpIterations[1] lagIterations[144] sspIterations[4100] numSeparations[3544] numCuts[0] compileTime[201] sspSolveTime[3597] lpSolveTime[0] lb[14996.8] ub[16290.7] numArcs: [76457451] numFixed: [174737] time: [8509]
STATS - lpIterations[1] lagIterations[146] sspIterations[4177] numSeparations[3650] numCuts[0] compileTime[201] sspSolveTime[3676] lpSolveTime[0] lb[14999.8] ub[16290.7] numArcs: [76638140] numFixed: [174741] time: [8684]
STATS - lpIterations[1] lagIterations[147] sspIterations[4202] numSeparations[3650] numCuts[0] compileTime[201] sspSolveTime[3698] lpSolveTime[0] lb[15015.3] ub[16290.7] numArcs: [76638055] numFixed: [174744] time: [8709]
STATS - lpIterations[1] lagIterations[157] sspIterations[4497] numSeparations[3968] numCuts[0] compileTime[201] sspSolveTime[4005] lpSolveTime[0] lb[15016.7] ub[16290.7] numArcs: [77199483] numFixed: [174759] time: [9488]
STATS - lpIterations[1] lagIterations[158] sspIterations[4518] numSeparations[3968] numCuts[0] compileTime[201] sspSolveTime[4029] lpSolveTime[0] lb[15031.2] ub[16290.7] numArcs: [77199454] numFixed: [174763] time: [9516]
STATS - lpIterations[1] lagIterations[165] sspIterations[4787] numSeparations[4217] numCuts[0] compileTime[201] sspSolveTime[4335] lpSolveTime[0] lb[15055.5] ub[16290.7] numArcs: [77646356] numFixed: [174763] time: [10182]
STATS - lpIterations[1] lagIterations[166] sspIterations[4818] numSeparations[4217] numCuts[0] compileTime[201] sspSolveTime[4366] lpSolveTime[0] lb[15055.8] ub[16290.7] numArcs: [77646290] numFixed: [174852] time: [10217]
STATS - lpIterations[1] lagIterations[166] sspIterations[4818] numSeparations[4217] numCuts[0] compileTime[201] sspSolveTime[4366] lpSolveTime[0] lb[15057.4] ub[16290.7] numArcs: [77646290] numFixed: [174852] time: [10275]
STATS - lpIterations[1] lagIterations[182] sspIterations[5279] numSeparations[4755] numCuts[0] compileTime[201] sspSolveTime[4910] lpSolveTime[0] lb[15061.1] ub[16290.7] numArcs: [78628622] numFixed: [177713] time: [11504]
STATS - lpIterations[1] lagIterations[184] sspIterations[5360] numSeparations[4755] numCuts[0] compileTime[201] sspSolveTime[4995] lpSolveTime[0] lb[15069.4] ub[16290.7] numArcs: [78628347] numFixed: [177814] time: [11691]
STATS - lpIterations[1] lagIterations[202] sspIterations[5921] numSeparations[5311] numCuts[0] compileTime[201] sspSolveTime[5605] lpSolveTime[0] lb[15069.6] ub[16290.7] numArcs: [79657317] numFixed: [179825] time: [13144]
STATS - lpIterations[1] lagIterations[206] sspIterations[6037] numSeparations[5412] numCuts[0] compileTime[201] sspSolveTime[5740] lpSolveTime[0] lb[15076.4] ub[16290.7] numArcs: [79859949] numFixed: [179857] time: [13468]
STATS - lpIterations[1] lagIterations[207] sspIterations[6081] numSeparations[5412] numCuts[0] compileTime[201] sspSolveTime[5789] lpSolveTime[0] lb[15080.8] ub[16290.7] numArcs: [79859821] numFixed: [179857] time: [13616]
STATS - lpIterations[1] lagIterations[208] sspIterations[6104] numSeparations[5532] numCuts[0] compileTime[201] sspSolveTime[5814] lpSolveTime[0] lb[15091] ub[16290.7] numArcs: [80081628] numFixed: [181679] time: [13645]
STATS - lpIterations[1] lagIterations[230] sspIterations[6775] numSeparations[6103] numCuts[0] compileTime[201] sspSolveTime[6583] lpSolveTime[0] lb[15096.9] ub[16290.7] numArcs: [81108889] numFixed: [181911] time: [15492]
STATS - lpIterations[1] lagIterations[235] sspIterations[6947] numSeparations[6221] numCuts[0] compileTime[201] sspSolveTime[6796] lpSolveTime[0] lb[15110.6] ub[16290.7] numArcs: [81318051] numFixed: [182835] time: [15973]
STATS - lpIterations[1] lagIterations[236] sspIterations[6976] numSeparations[6356] numCuts[0] compileTime[201] sspSolveTime[6827] lpSolveTime[0] lb[15112.9] ub[16290.7] numArcs: [81571783] numFixed: [182625] time: [16009]
STATS - lpIterations[1] lagIterations[248] sspIterations[7322] numSeparations[6692] numCuts[0] compileTime[201] sspSolveTime[7250] lpSolveTime[0] lb[15116] ub[16290.7] numArcs: [82196863] numFixed: [182625] time: [17038]
STATS - lpIterations[1] lagIterations[260] sspIterations[7643] numSeparations[7015] numCuts[0] compileTime[201] sspSolveTime[7617] lpSolveTime[0] lb[15118.4] ub[16290.7] numArcs: [82786083] numFixed: [184619] time: [18022]
STATS - lpIterations[1] lagIterations[262] sspIterations[7705] numSeparations[7015] numCuts[0] compileTime[201] sspSolveTime[7688] lpSolveTime[0] lb[15124.6] ub[16290.7] numArcs: [82785844] numFixed: [184944] time: [18198]
STATS - lpIterations[1] lagIterations[266] sspIterations[7858] numSeparations[7147] numCuts[0] compileTime[201] sspSolveTime[7875] lpSolveTime[0] lb[15127.6] ub[16290.7] numArcs: [83010525] numFixed: [185946] time: [18632]
STATS - lpIterations[1] lagIterations[281] sspIterations[8269] numSeparations[7592] numCuts[0] compileTime[201] sspSolveTime[8384] lpSolveTime[0] lb[15133] ub[16290.7] numArcs: [83730944] numFixed: [187989] time: [19959]
STATS - lpIterations[1] lagIterations[283] sspIterations[8346] numSeparations[7691] numCuts[0] compileTime[201] sspSolveTime[8471] lpSolveTime[0] lb[15141.8] ub[16290.7] numArcs: [83908989] numFixed: [188601] time: [20155]
STATS - lpIterations[1] lagIterations[300] sspIterations[8866] numSeparations[8145] numCuts[0] compileTime[201] sspSolveTime[9114] lpSolveTime[0] lb[15149.4] ub[16290.7] numArcs: [84648766] numFixed: [191913] time: [21734]
STATS - lpIterations[1] lagIterations[314] sspIterations[9294] numSeparations[8618] numCuts[0] compileTime[201] sspSolveTime[9655] lpSolveTime[0] lb[15158.3] ub[16290.7] numArcs: [85415815] numFixed: [193453] time: [23068]
STATS - lpIterations[1] lagIterations[327] sspIterations[9710] numSeparations[8953] numCuts[0] compileTime[201] sspSolveTime[10218] lpSolveTime[0] lb[15161.7] ub[16290.7] numArcs: [85998261] numFixed: [193916] time: [24390]
STATS - lpIterations[1] lagIterations[342] sspIterations[10154] numSeparations[9394] numCuts[0] compileTime[201] sspSolveTime[10792] lpSolveTime[0] lb[15169.4] ub[16290.7] numArcs: [86695612] numFixed: [195905] time: [25805]
STATS - lpIterations[1] lagIterations[351] sspIterations[10430] numSeparations[9719] numCuts[0] compileTime[201] sspSolveTime[11160] lpSolveTime[0] lb[15170.1] ub[16290.7] numArcs: [87196246] numFixed: [195398] time: [26715]
STATS - lpIterations[1] lagIterations[353] sspIterations[10511] numSeparations[9719] numCuts[0] compileTime[201] sspSolveTime[11254] lpSolveTime[0] lb[15170.3] ub[16290.7] numArcs: [87196040] numFixed: [195934] time: [26927]
STATS - lpIterations[1] lagIterations[363] sspIterations[10804] numSeparations[10067] numCuts[0] compileTime[201] sspSolveTime[11642] lpSolveTime[0] lb[15180.2] ub[16290.7] numArcs: [87792049] numFixed: [195398] time: [27882]
STATS - lpIterations[1] lagIterations[367] sspIterations[10952] numSeparations[10207] numCuts[0] compileTime[201] sspSolveTime[11846] lpSolveTime[0] lb[15180.5] ub[16290.7] numArcs: [88017865] numFixed: [195398] time: [28335]
STATS - lpIterations[1] lagIterations[382] sspIterations[11410] numSeparations[10667] numCuts[0] compileTime[201] sspSolveTime[12420] lpSolveTime[0] lb[15180.9] ub[16290.7] numArcs: [88747930] numFixed: [195398] time: [29783]
STATS - lpIterations[1] lagIterations[384] sspIterations[11481] numSeparations[10667] numCuts[0] compileTime[201] sspSolveTime[12519] lpSolveTime[0] lb[15181.5] ub[16290.7] numArcs: [88747746] numFixed: [195995] time: [30003]
STATS - lpIterations[1] lagIterations[386] sspIterations[11549] numSeparations[10801] numCuts[0] compileTime[201] sspSolveTime[12617] lpSolveTime[0] lb[15181.8] ub[16290.7] numArcs: [88982709] numFixed: [196393] time: [30221]
STATS - lpIterations[1] lagIterations[388] sspIterations[11619] numSeparations[10801] numCuts[0] compileTime[201] sspSolveTime[12705] lpSolveTime[0] lb[15185.9] ub[16290.7] numArcs: [88982558] numFixed: [197033] time: [30428]
STATS - lpIterations[1] lagIterations[394] sspIterations[11813] numSeparations[11048] numCuts[0] compileTime[201] sspSolveTime[12950] lpSolveTime[0] lb[15191.2] ub[16290.7] numArcs: [89343879] numFixed: [196393] time: [31042]
STATS - lpIterations[1] lagIterations[405] sspIterations[12161] numSeparations[11392] numCuts[0] compileTime[201] sspSolveTime[13399] lpSolveTime[0] lb[15191.8] ub[16290.7] numArcs: [89845480] numFixed: [198337] time: [32156]
STATS - lpIterations[1] lagIterations[421] sspIterations[12637] numSeparations[11821] numCuts[0] compileTime[201] sspSolveTime[14030] lpSolveTime[0] lb[15194.7] ub[16290.7] numArcs: [90551105] numFixed: [201016] time: [33793]
STATS - lpIterations[1] lagIterations[423] sspIterations[12696] numSeparations[11821] numCuts[0] compileTime[201] sspSolveTime[14109] lpSolveTime[0] lb[15195.7] ub[16290.7] numArcs: [90550957] numFixed: [201055] time: [33988]
STATS - lpIterations[1] lagIterations[425] sspIterations[12762] numSeparations[11930] numCuts[0] compileTime[201] sspSolveTime[14199] lpSolveTime[0] lb[15200.6] ub[16290.7] numArcs: [90738607] numFixed: [202060] time: [34203]
STATS - lpIterations[1] lagIterations[429] sspIterations[12906] numSeparations[12043] numCuts[0] compileTime[201] sspSolveTime[14399] lpSolveTime[0] lb[15207.8] ub[16290.7] numArcs: [90906620] numFixed: [202101] time: [34663]
STATS - lpIterations[1] lagIterations[457] sspIterations[13780] numSeparations[12951] numCuts[0] compileTime[201] sspSolveTime[15550] lpSolveTime[0] lb[15211.2] ub[16290.7] numArcs: [92295837] numFixed: [202301] time: [37549]
STATS - lpIterations[1] lagIterations[472] sspIterations[14176] numSeparations[13266] numCuts[0] compileTime[201] sspSolveTime[16088] lpSolveTime[0] lb[15212.1] ub[16290.7] numArcs: [92742600] numFixed: [203149] time: [39030]
STATS - lpIterations[1] lagIterations[476] sspIterations[14320] numSeparations[13484] numCuts[0] compileTime[201] sspSolveTime[16297] lpSolveTime[0] lb[15218] ub[16290.7] numArcs: [93064503] numFixed: [202301] time: [39509]
STATS - lpIterations[1] lagIterations[503] sspIterations[15106] numSeparations[14168] numCuts[0] compileTime[201] sspSolveTime[17401] lpSolveTime[0] lb[15223.8] ub[16290.7] numArcs: [94102383] numFixed: [205299] time: [42351]
STATS - lpIterations[1] lagIterations[532] sspIterations[15979] numSeparations[15053] numCuts[0] compileTime[201] sspSolveTime[18657] lpSolveTime[0] lb[15228.7] ub[16290.7] numArcs: [95433315] numFixed: [206393] time: [45543]
STATS - lpIterations[1] lagIterations[545] sspIterations[16379] numSeparations[15389] numCuts[0] compileTime[201] sspSolveTime[19203] lpSolveTime[0] lb[15230.5] ub[16290.7] numArcs: [95908944] numFixed: [206405] time: [46967]
STATS - lpIterations[1] lagIterations[551] sspIterations[16535] numSeparations[15611] numCuts[0] compileTime[201] sspSolveTime[19426] lpSolveTime[0] lb[15234.4] ub[16290.7] numArcs: [96257898] numFixed: [206419] time: [47611]
STATS - lpIterations[1] lagIterations[574] sspIterations[17261] numSeparations[16298] numCuts[0] compileTime[201] sspSolveTime[20564] lpSolveTime[0] lb[15237.8] ub[16290.7] numArcs: [97246577] numFixed: [207451] time: [50334]
STATS - lpIterations[1] lagIterations[597] sspIterations[17906] numSeparations[16968] numCuts[0] compileTime[201] sspSolveTime[21522] lpSolveTime[0] lb[15241] ub[16290.7] numArcs: [98189844] numFixed: [208430] time: [52833]
STATS - lpIterations[1] lagIterations[601] sspIterations[18043] numSeparations[17070] numCuts[0] compileTime[201] sspSolveTime[21737] lpSolveTime[0] lb[15242.3] ub[16290.7] numArcs: [98327311] numFixed: [208524] time: [53329]
STATS - lpIterations[1] lagIterations[614] sspIterations[18466] numSeparations[17542] numCuts[0] compileTime[201] sspSolveTime[22363] lpSolveTime[0] lb[15246.3] ub[16290.7] numArcs: [98992228] numFixed: [207259] time: [54937]
STATS - lpIterations[1] lagIterations[642] sspIterations[19284] numSeparations[18336] numCuts[0] compileTime[201] sspSolveTime[23570] lpSolveTime[0] lb[15251.8] ub[16290.7] numArcs: [100113003] numFixed: [209189] time: [58123]
STATS - lpIterations[1] lagIterations[657] sspIterations[19726] numSeparations[18770] numCuts[0] compileTime[201] sspSolveTime[24240] lpSolveTime[0] lb[15255.4] ub[16290.7] numArcs: [100740281] numFixed: [209189] time: [59897]
STATS - lpIterations[1] lagIterations[680] sspIterations[20450] numSeparations[19488] numCuts[0] compileTime[201] sspSolveTime[25449] lpSolveTime[0] lb[15256.3] ub[16290.7] numArcs: [101758710] numFixed: [211119] time: [62835]
STATS - lpIterations[1] lagIterations[682] sspIterations[20524] numSeparations[19488] numCuts[0] compileTime[201] sspSolveTime[25559] lpSolveTime[0] lb[15256.6] ub[16290.7] numArcs: [101758533] numFixed: [212544] time: [63098]
STATS - lpIterations[1] lagIterations[690] sspIterations[20764] numSeparations[19731] numCuts[0] compileTime[201] sspSolveTime[25935] lpSolveTime[0] lb[15257.2] ub[16290.7] numArcs: [102123176] numFixed: [212543] time: [64081]
STATS - lpIterations[1] lagIterations[706] sspIterations[21218] numSeparations[20174] numCuts[0] compileTime[201] sspSolveTime[26656] lpSolveTime[0] lb[15261.2] ub[16290.7] numArcs: [102759949] numFixed: [213570] time: [65976]
STATS - lpIterations[1] lagIterations[708] sspIterations[21288] numSeparations[20295] numCuts[0] compileTime[201] sspSolveTime[26802] lpSolveTime[0] lb[15263.8] ub[16290.7] numArcs: [102932177] numFixed: [212117] time: [66282]
STATS - lpIterations[1] lagIterations[726] sspIterations[21831] numSeparations[20765] numCuts[0] compileTime[201] sspSolveTime[27674] lpSolveTime[0] lb[15266.1] ub[16290.7] numArcs: [103627345] numFixed: [213668] time: [68504]
STATS - lpIterations[1] lagIterations[740] sspIterations[22267] numSeparations[21243] numCuts[0] compileTime[201] sspSolveTime[28386] lpSolveTime[0] lb[15267.8] ub[16290.7] numArcs: [104282949] numFixed: [213108] time: [70325]
STATS - lpIterations[1] lagIterations[757] sspIterations[22823] numSeparations[21746] numCuts[0] compileTime[201] sspSolveTime[29358] lpSolveTime[0] lb[15270] ub[16290.7] numArcs: [104990129] numFixed: [215612] time: [72722]
STATS - lpIterations[1] lagIterations[766] sspIterations[23088] numSeparations[21974] numCuts[0] compileTime[201] sspSolveTime[29814] lpSolveTime[0] lb[15272] ub[16290.7] numArcs: [105301560] numFixed: [215648] time: [73913]
STATS - lpIterations[1] lagIterations[797] sspIterations[23985] numSeparations[22863] numCuts[0] compileTime[201] sspSolveTime[31387] lpSolveTime[0] lb[15275.9] ub[16290.7] numArcs: [106493890] numFixed: [215726] time: [77960]
STATS - lpIterations[1] lagIterations[816] sspIterations[24571] numSeparations[23469] numCuts[0] compileTime[201] sspSolveTime[32310] lpSolveTime[0] lb[15279.7] ub[16290.7] numArcs: [107367566] numFixed: [217717] time: [80407]
STATS - lpIterations[1] lagIterations[833] sspIterations[25073] numSeparations[23896] numCuts[0] compileTime[201] sspSolveTime[33155] lpSolveTime[0] lb[15279.7] ub[16290.7] numArcs: [107972276] numFixed: [218808] time: [82585]
STATS - lpIterations[1] lagIterations[857] sspIterations[25797] numSeparations[24694] numCuts[0] compileTime[201] sspSolveTime[34355] lpSolveTime[0] lb[15284.3] ub[16290.7] numArcs: [109047117] numFixed: [216923] time: [85723]
