do not relax capacity constraint
instance upper bound: 6825.4
compiling DD
time step mult: 10
time step: 900
cap step: 1
done compiling DD
batch size for lag: 100
iteration delay to start separating: 100
optimality gap to start repairing: 5
percent fixed to change to CPLEX: 97.5
num arcs to change to CPLEX: 100000
num arcs to change to LAG: 999999999
STATS - lpIterations[0] lagIterations[0] sspIterations[0] numSeparations[0] numCuts[0] compileTime[43] sspSolveTime[0] lpSolveTime[0] lb[0] ub[6825.4] numArcs: [11946047] numFixed: [0] time: [43]
STATS - lpIterations[1] lagIterations[0] sspIterations[0] numSeparations[0] numCuts[0] compileTime[43] sspSolveTime[0] lpSolveTime[0] lb[0] ub[6825.4] numArcs: [11946047] numFixed: [0] time: [43]
STATS - lpIterations[1] lagIterations[1] sspIterations[1] numSeparations[0] numCuts[0] compileTime[43] sspSolveTime[0] lpSolveTime[0] lb[5659.6] ub[6825.4] numArcs: [11946047] numFixed: [0] time: [44]
STATS - lpIterations[1] lagIterations[2] sspIterations[2] numSeparations[0] numCuts[0] compileTime[43] sspSolveTime[0] lpSolveTime[0] lb[5931.04] ub[6825.4] numArcs: [11946047] numFixed: [0] time: [45]
STATS - lpIterations[1] lagIterations[3] sspIterations[17] numSeparations[0] numCuts[0] compileTime[43] sspSolveTime[2] lpSolveTime[0] lb[6202.57] ub[6825.4] numArcs: [11945922] numFixed: [0] time: [47]
STATS - lpIterations[1] lagIterations[5] sspIterations[100] numSeparations[0] numCuts[0] compileTime[43] sspSolveTime[8] lpSolveTime[0] lb[6306.29] ub[6825.4] numArcs: [11945000] numFixed: [0] time: [54]
STATS - lpIterations[1] lagIterations[7] sspIterations[303] numSeparations[0] numCuts[0] compileTime[43] sspSolveTime[27] lpSolveTime[0] lb[6329.96] ub[6825.4] numArcs: [11943249] numFixed: [0] time: [72]
STATS - lpIterations[1] lagIterations[8] sspIterations[329] numSeparations[0] numCuts[0] compileTime[43] sspSolveTime[29] lpSolveTime[0] lb[6372.18] ub[6825.4] numArcs: [11943165] numFixed: [0] time: [75]
STATS - lpIterations[1] lagIterations[10] sspIterations[405] numSeparations[0] numCuts[0] compileTime[43] sspSolveTime[36] lpSolveTime[0] lb[6394.7] ub[6825.4] numArcs: [11942816] numFixed: [0] time: [82]
STATS - lpIterations[1] lagIterations[12] sspIterations[528] numSeparations[0] numCuts[0] compileTime[43] sspSolveTime[49] lpSolveTime[0] lb[6429.61] ub[6825.4] numArcs: [11942173] numFixed: [0] time: [95]
STATS - lpIterations[1] lagIterations[17] sspIterations[853] numSeparations[0] numCuts[0] compileTime[43] sspSolveTime[87] lpSolveTime[0] lb[6458.93] ub[6825.4] numArcs: [11940740] numFixed: [0] time: [135]
STATS - lpIterations[1] lagIterations[28] sspIterations[1520] numSeparations[0] numCuts[0] compileTime[43] sspSolveTime[164] lpSolveTime[0] lb[6490.1] ub[6825.4] numArcs: [11938921] numFixed: [0] time: [214]
STATS - lpIterations[1] lagIterations[28] sspIterations[1520] numSeparations[0] numCuts[0] compileTime[43] sspSolveTime[164] lpSolveTime[0] lb[6495.05] ub[6825.4] numArcs: [11938921] numFixed: [0] time: [221]
STATS - lpIterations[1] lagIterations[63] sspIterations[3453] numSeparations[0] numCuts[0] compileTime[43] sspSolveTime[393] lpSolveTime[0] lb[6508.24] ub[6825.4] numArcs: [11936522] numFixed: [14911] time: [467]
STATS - lpIterations[1] lagIterations[107] sspIterations[5494] numSeparations[173] numCuts[0] compileTime[43] sspSolveTime[641] lpSolveTime[0] lb[6513.67] ub[6825.4] numArcs: [12155319] numFixed: [0] time: [780]
STATS - lpIterations[1] lagIterations[111] sspIterations[5722] numSeparations[400] numCuts[0] compileTime[43] sspSolveTime[671] lpSolveTime[0] lb[6522.91] ub[6825.4] numArcs: [12355526] numFixed: [0] time: [826]
STATS - lpIterations[1] lagIterations[122] sspIterations[6201] numSeparations[713] numCuts[0] compileTime[43] sspSolveTime[734] lpSolveTime[0] lb[6524.32] ub[6825.4] numArcs: [12555119] numFixed: [114898] time: [940]
STATS - lpIterations[1] lagIterations[127] sspIterations[6399] numSeparations[813] numCuts[0] compileTime[43] sspSolveTime[761] lpSolveTime[0] lb[6525.66] ub[6825.4] numArcs: [12609133] numFixed: [115959] time: [993]
STATS - lpIterations[1] lagIterations[127] sspIterations[6399] numSeparations[813] numCuts[0] compileTime[43] sspSolveTime[761] lpSolveTime[0] lb[6528.47] ub[6825.4] numArcs: [12609133] numFixed: [115959] time: [1002]
STATS - lpIterations[1] lagIterations[129] sspIterations[6482] numSeparations[932] numCuts[0] compileTime[43] sspSolveTime[772] lpSolveTime[0] lb[6529.29] ub[6825.4] numArcs: [12673903] numFixed: [0] time: [1014]
STATS - lpIterations[1] lagIterations[129] sspIterations[6482] numSeparations[932] numCuts[0] compileTime[43] sspSolveTime[772] lpSolveTime[0] lb[6531.03] ub[6825.4] numArcs: [12673903] numFixed: [0] time: [1021]
STATS - lpIterations[1] lagIterations[131] sspIterations[6581] numSeparations[932] numCuts[0] compileTime[43] sspSolveTime[786] lpSolveTime[0] lb[6534.79] ub[6825.4] numArcs: [12673687] numFixed: [135802] time: [1043]
STATS - lpIterations[1] lagIterations[135] sspIterations[6763] numSeparations[1060] numCuts[0] compileTime[43] sspSolveTime[811] lpSolveTime[0] lb[6539.64] ub[6825.4] numArcs: [12755707] numFixed: [145491] time: [1078]
STATS - lpIterations[1] lagIterations[137] sspIterations[6910] numSeparations[1212] numCuts[0] compileTime[43] sspSolveTime[830] lpSolveTime[0] lb[6551.88] ub[6825.4] numArcs: [12843682] numFixed: [0] time: [1116]
STATS - lpIterations[1] lagIterations[146] sspIterations[7355] numSeparations[1515] numCuts[0] compileTime[43] sspSolveTime[892] lpSolveTime[0] lb[6554.33] ub[6825.4] numArcs: [13012707] numFixed: [0] time: [1241]
STATS - lpIterations[1] lagIterations[160] sspIterations[7979] numSeparations[1846] numCuts[0] compileTime[43] sspSolveTime[977] lpSolveTime[0] lb[6560.92] ub[6825.4] numArcs: [13179599] numFixed: [187537] time: [1425]
STATS - lpIterations[1] lagIterations[169] sspIterations[8403] numSeparations[2174] numCuts[0] compileTime[43] sspSolveTime[1036] lpSolveTime[0] lb[6562.35] ub[6825.4] numArcs: [13347245] numFixed: [0] time: [1549]
STATS - lpIterations[1] lagIterations[175] sspIterations[8659] numSeparations[2286] numCuts[0] compileTime[43] sspSolveTime[1071] lpSolveTime[0] lb[6562.57] ub[6825.4] numArcs: [13396808] numFixed: [276203] time: [1646]
STATS - lpIterations[1] lagIterations[177] sspIterations[8748] numSeparations[2406] numCuts[0] compileTime[43] sspSolveTime[1084] lpSolveTime[0] lb[6562.95] ub[6825.4] numArcs: [13447169] numFixed: [0] time: [1677]
STATS - lpIterations[1] lagIterations[181] sspIterations[8950] numSeparations[2519] numCuts[0] compileTime[43] sspSolveTime[1114] lpSolveTime[0] lb[6563.04] ub[6825.4] numArcs: [13501033] numFixed: [0] time: [1729]
STATS - lpIterations[1] lagIterations[181] sspIterations[8950] numSeparations[2519] numCuts[0] compileTime[43] sspSolveTime[1114] lpSolveTime[0] lb[6570.73] ub[6825.4] numArcs: [13501033] numFixed: [0] time: [1739]
STATS - lpIterations[1] lagIterations[189] sspIterations[9299] numSeparations[2730] numCuts[0] compileTime[43] sspSolveTime[1162] lpSolveTime[0] lb[6573.54] ub[6825.4] numArcs: [13602823] numFixed: [0] time: [1853]
STATS - lpIterations[1] lagIterations[193] sspIterations[9500] numSeparations[2857] numCuts[0] compileTime[43] sspSolveTime[1192] lpSolveTime[0] lb[6574.03] ub[6825.4] numArcs: [13658699] numFixed: [0] time: [1902]
STATS - lpIterations[1] lagIterations[193] sspIterations[9500] numSeparations[2857] numCuts[0] compileTime[43] sspSolveTime[1192] lpSolveTime[0] lb[6580.73] ub[6825.4] numArcs: [13658699] numFixed: [0] time: [1912]
STATS - lpIterations[1] lagIterations[213] sspIterations[10436] numSeparations[3294] numCuts[0] compileTime[43] sspSolveTime[1336] lpSolveTime[0] lb[6582.91] ub[6825.4] numArcs: [13846761] numFixed: [445036] time: [2258]
STATS - lpIterations[1] lagIterations[233] sspIterations[11306] numSeparations[3719] numCuts[0] compileTime[43] sspSolveTime[1468] lpSolveTime[0] lb[6583.84] ub[6825.4] numArcs: [14037639] numFixed: [425905] time: [2588]
STATS - lpIterations[1] lagIterations[234] sspIterations[11347] numSeparations[3850] numCuts[0] compileTime[43] sspSolveTime[1474] lpSolveTime[0] lb[6587.11] ub[6825.4] numArcs: [14087714] numFixed: [0] time: [2606]
STATS - lpIterations[1] lagIterations[251] sspIterations[12088] numSeparations[4163] numCuts[0] compileTime[43] sspSolveTime[1586] lpSolveTime[0] lb[6590.05] ub[6825.4] numArcs: [14211217] numFixed: [516019] time: [2895]
STATS - lpIterations[1] lagIterations[261] sspIterations[12490] numSeparations[4382] numCuts[0] compileTime[43] sspSolveTime[1645] lpSolveTime[0] lb[6592.18] ub[6825.4] numArcs: [14301575] numFixed: [484520] time: [3075]
STATS - lpIterations[1] lagIterations[262] sspIterations[12525] numSeparations[4382] numCuts[0] compileTime[43] sspSolveTime[1651] lpSolveTime[0] lb[6595.75] ub[6825.4] numArcs: [14301565] numFixed: [586701] time: [3082]
STATS - lpIterations[1] lagIterations[276] sspIterations[13180] numSeparations[4795] numCuts[0] compileTime[43] sspSolveTime[1752] lpSolveTime[0] lb[6596.88] ub[6825.4] numArcs: [14473403] numFixed: [572124] time: [3345]
STATS - lpIterations[1] lagIterations[288] sspIterations[13713] numSeparations[4994] numCuts[0] compileTime[43] sspSolveTime[1836] lpSolveTime[0] lb[6598.05] ub[6825.4] numArcs: [14564323] numFixed: [621419] time: [3574]
STATS - lpIterations[1] lagIterations[289] sspIterations[13752] numSeparations[5133] numCuts[0] compileTime[43] sspSolveTime[1842] lpSolveTime[0] lb[6600.1] ub[6825.4] numArcs: [14618494] numFixed: [0] time: [3581]
STATS - lpIterations[1] lagIterations[289] sspIterations[13752] numSeparations[5133] numCuts[0] compileTime[43] sspSolveTime[1842] lpSolveTime[0] lb[6601.74] ub[6825.4] numArcs: [14618494] numFixed: [0] time: [3592]
