do not relax capacity constraint
instance upper bound: 3665.1
compiling DD
time step mult: 10
time step: 900
cap step: 1
done compiling DD
batch size for lag: 100
iteration delay to start separating: 0
optimality gap to start repairing: 5
percent fixed to change to CPLEX: 97.5
num arcs to change to CPLEX: 100000
num arcs to change to LAG: 999999999
STATS - lpIterations[0] lagIterations[0] sspIterations[0] numSeparations[0] numCuts[0] compileTime[194] sspSolveTime[0] lpSolveTime[0] lb[0] ub[3665.1] numArcs: [72497571] numFixed: [0] time: [194]
STATS - lpIterations[1] lagIterations[0] sspIterations[0] numSeparations[0] numCuts[0] compileTime[194] sspSolveTime[0] lpSolveTime[0] lb[0] ub[3665.1] numArcs: [72497571] numFixed: [0] time: [194]
STATS - lpIterations[1] lagIterations[1] sspIterations[1] numSeparations[0] numCuts[0] compileTime[194] sspSolveTime[2] lpSolveTime[0] lb[1452.13] ub[3665.1] numArcs: [72497571] numFixed: [0] time: [197]
STATS - lpIterations[1] lagIterations[2] sspIterations[2] numSeparations[0] numCuts[0] compileTime[194] sspSolveTime[5] lpSolveTime[0] lb[1524.02] ub[3665.1] numArcs: [72497571] numFixed: [0] time: [203]
STATS - lpIterations[1] lagIterations[3] sspIterations[3] numSeparations[0] numCuts[0] compileTime[194] sspSolveTime[7] lpSolveTime[0] lb[1598.73] ub[3665.1] numArcs: [72497571] numFixed: [0] time: [210]
STATS - lpIterations[1] lagIterations[4] sspIterations[4] numSeparations[0] numCuts[0] compileTime[194] sspSolveTime[10] lpSolveTime[0] lb[1676.34] ub[3665.1] numArcs: [72497571] numFixed: [0] time: [217]
STATS - lpIterations[1] lagIterations[5] sspIterations[5] numSeparations[0] numCuts[0] compileTime[194] sspSolveTime[12] lpSolveTime[0] lb[1756.93] ub[3665.1] numArcs: [72497571] numFixed: [0] time: [223]
STATS - lpIterations[1] lagIterations[6] sspIterations[6] numSeparations[0] numCuts[0] compileTime[194] sspSolveTime[15] lpSolveTime[0] lb[1840.59] ub[3665.1] numArcs: [72497571] numFixed: [0] time: [230]
STATS - lpIterations[1] lagIterations[7] sspIterations[7] numSeparations[0] numCuts[0] compileTime[194] sspSolveTime[17] lpSolveTime[0] lb[1927.41] ub[3665.1] numArcs: [72497571] numFixed: [0] time: [236]
STATS - lpIterations[1] lagIterations[8] sspIterations[8] numSeparations[0] numCuts[0] compileTime[194] sspSolveTime[20] lpSolveTime[0] lb[2017.48] ub[3665.1] numArcs: [72497571] numFixed: [0] time: [243]
STATS - lpIterations[1] lagIterations[9] sspIterations[9] numSeparations[0] numCuts[0] compileTime[194] sspSolveTime[22] lpSolveTime[0] lb[2110.88] ub[3665.1] numArcs: [72497571] numFixed: [0] time: [250]
STATS - lpIterations[1] lagIterations[10] sspIterations[10] numSeparations[0] numCuts[0] compileTime[194] sspSolveTime[25] lpSolveTime[0] lb[2207.71] ub[3665.1] numArcs: [72497571] numFixed: [0] time: [256]
STATS - lpIterations[1] lagIterations[11] sspIterations[11] numSeparations[0] numCuts[0] compileTime[194] sspSolveTime[30] lpSolveTime[0] lb[2299.46] ub[3665.1] numArcs: [72497534] numFixed: [0] time: [265]
STATS - lpIterations[1] lagIterations[12] sspIterations[12] numSeparations[0] numCuts[0] compileTime[194] sspSolveTime[35] lpSolveTime[0] lb[2398.09] ub[3665.1] numArcs: [72497502] numFixed: [0] time: [274]
STATS - lpIterations[1] lagIterations[13] sspIterations[13] numSeparations[0] numCuts[0] compileTime[194] sspSolveTime[39] lpSolveTime[0] lb[2489.8] ub[3665.1] numArcs: [72497464] numFixed: [0] time: [282]
STATS - lpIterations[1] lagIterations[14] sspIterations[20] numSeparations[0] numCuts[0] compileTime[194] sspSolveTime[66] lpSolveTime[0] lb[2554.84] ub[3665.1] numArcs: [72497174] numFixed: [0] time: [313]
STATS - lpIterations[1] lagIterations[15] sspIterations[21] numSeparations[0] numCuts[0] compileTime[194] sspSolveTime[71] lpSolveTime[0] lb[2600.48] ub[3665.1] numArcs: [72497141] numFixed: [0] time: [320]
STATS - lpIterations[1] lagIterations[16] sspIterations[41] numSeparations[0] numCuts[0] compileTime[194] sspSolveTime[136] lpSolveTime[0] lb[2656.45] ub[3665.1] numArcs: [72496525] numFixed: [3] time: [388]
STATS - lpIterations[1] lagIterations[17] sspIterations[44] numSeparations[0] numCuts[0] compileTime[194] sspSolveTime[143] lpSolveTime[0] lb[2689.31] ub[3665.1] numArcs: [72496482] numFixed: [3] time: [397]
STATS - lpIterations[1] lagIterations[19] sspIterations[82] numSeparations[0] numCuts[0] compileTime[194] sspSolveTime[311] lpSolveTime[0] lb[2748.08] ub[3665.1] numArcs: [72495682] numFixed: [3] time: [567]
STATS - lpIterations[1] lagIterations[20] sspIterations[83] numSeparations[0] numCuts[0] compileTime[194] sspSolveTime[316] lpSolveTime[0] lb[2767.36] ub[3665.1] numArcs: [72495682] numFixed: [3] time: [573]
STATS - lpIterations[1] lagIterations[22] sspIterations[153] numSeparations[49] numCuts[0] compileTime[194] sspSolveTime[655] lpSolveTime[0] lb[2803.96] ub[3665.1] numArcs: [72661560] numFixed: [0] time: [919]
STATS - lpIterations[1] lagIterations[23] sspIterations[156] numSeparations[49] numCuts[0] compileTime[194] sspSolveTime[668] lpSolveTime[0] lb[2834.24] ub[3665.1] numArcs: [72661505] numFixed: [0] time: [932]
STATS - lpIterations[1] lagIterations[25] sspIterations[209] numSeparations[49] numCuts[0] compileTime[194] sspSolveTime[932] lpSolveTime[0] lb[2866.68] ub[3665.1] numArcs: [72660809] numFixed: [0] time: [1198]
STATS - lpIterations[1] lagIterations[26] sspIterations[213] numSeparations[49] numCuts[0] compileTime[194] sspSolveTime[940] lpSolveTime[0] lb[2872.54] ub[3665.1] numArcs: [72660759] numFixed: [0] time: [1208]
STATS - lpIterations[1] lagIterations[27] sspIterations[226] numSeparations[49] numCuts[0] compileTime[194] sspSolveTime[974] lpSolveTime[0] lb[2895.23] ub[3665.1] numArcs: [72660634] numFixed: [0] time: [1243]
STATS - lpIterations[1] lagIterations[28] sspIterations[227] numSeparations[49] numCuts[0] compileTime[194] sspSolveTime[979] lpSolveTime[0] lb[2911.45] ub[3665.1] numArcs: [72660610] numFixed: [0] time: [1250]
STATS - lpIterations[1] lagIterations[30] sspIterations[293] numSeparations[134] numCuts[0] compileTime[194] sspSolveTime[1303] lpSolveTime[0] lb[2940.7] ub[3665.1] numArcs: [72853778] numFixed: [0] time: [1576]
STATS - lpIterations[1] lagIterations[31] sspIterations[300] numSeparations[134] numCuts[0] compileTime[194] sspSolveTime[1332] lpSolveTime[0] lb[2970.38] ub[3665.1] numArcs: [72853704] numFixed: [0] time: [1606]
STATS - lpIterations[1] lagIterations[33] sspIterations[332] numSeparations[134] numCuts[0] compileTime[194] sspSolveTime[1424] lpSolveTime[0] lb[2983.92] ub[3665.1] numArcs: [72853161] numFixed: [0] time: [1700]
STATS - lpIterations[1] lagIterations[35] sspIterations[359] numSeparations[134] numCuts[0] compileTime[194] sspSolveTime[1507] lpSolveTime[0] lb[2994.22] ub[3665.1] numArcs: [72852782] numFixed: [0] time: [1785]
STATS - lpIterations[1] lagIterations[37] sspIterations[391] numSeparations[213] numCuts[0] compileTime[194] sspSolveTime[1627] lpSolveTime[0] lb[3016.65] ub[3665.1] numArcs: [72996425] numFixed: [0] time: [1909]
STATS - lpIterations[1] lagIterations[39] sspIterations[429] numSeparations[213] numCuts[0] compileTime[194] sspSolveTime[1763] lpSolveTime[0] lb[3047.02] ub[3665.1] numArcs: [72995888] numFixed: [0] time: [2046]
STATS - lpIterations[1] lagIterations[41] sspIterations[455] numSeparations[213] numCuts[0] compileTime[194] sspSolveTime[1869] lpSolveTime[0] lb[3052.93] ub[3665.1] numArcs: [72995597] numFixed: [0] time: [2155]
STATS - lpIterations[1] lagIterations[43] sspIterations[484] numSeparations[213] numCuts[0] compileTime[194] sspSolveTime[1988] lpSolveTime[0] lb[3063.24] ub[3665.1] numArcs: [72995208] numFixed: [0] time: [2276]
STATS - lpIterations[1] lagIterations[45] sspIterations[504] numSeparations[293] numCuts[0] compileTime[194] sspSolveTime[2083] lpSolveTime[0] lb[3081.08] ub[3665.1] numArcs: [73122368] numFixed: [0] time: [2374]
STATS - lpIterations[1] lagIterations[47] sspIterations[549] numSeparations[293] numCuts[0] compileTime[194] sspSolveTime[2277] lpSolveTime[0] lb[3096.64] ub[3665.1] numArcs: [73121614] numFixed: [0] time: [2570]
STATS - lpIterations[1] lagIterations[48] sspIterations[562] numSeparations[293] numCuts[0] compileTime[194] sspSolveTime[2313] lpSolveTime[0] lb[3107.75] ub[3665.1] numArcs: [73121417] numFixed: [0] time: [2607]
STATS - lpIterations[1] lagIterations[51] sspIterations[608] numSeparations[293] numCuts[0] compileTime[194] sspSolveTime[2509] lpSolveTime[0] lb[3115.23] ub[3665.1] numArcs: [73120890] numFixed: [0] time: [2807]
STATS - lpIterations[1] lagIterations[52] sspIterations[614] numSeparations[375] numCuts[0] compileTime[194] sspSolveTime[2522] lpSolveTime[0] lb[3126.93] ub[3665.1] numArcs: [73244300] numFixed: [0] time: [2821]
STATS - lpIterations[1] lagIterations[54] sspIterations[644] numSeparations[375] numCuts[0] compileTime[194] sspSolveTime[2616] lpSolveTime[0] lb[3140.67] ub[3665.1] numArcs: [73243722] numFixed: [0] time: [2918]
STATS - lpIterations[1] lagIterations[56] sspIterations[668] numSeparations[375] numCuts[0] compileTime[194] sspSolveTime[2714] lpSolveTime[0] lb[3150.33] ub[3665.1] numArcs: [73243369] numFixed: [0] time: [3018]
STATS - lpIterations[1] lagIterations[58] sspIterations[693] numSeparations[375] numCuts[0] compileTime[194] sspSolveTime[2813] lpSolveTime[0] lb[3162.95] ub[3665.1] numArcs: [73243182] numFixed: [0] time: [3120]
STATS - lpIterations[1] lagIterations[60] sspIterations[730] numSeparations[464] numCuts[0] compileTime[194] sspSolveTime[2957] lpSolveTime[0] lb[3177] ub[3665.1] numArcs: [73371823] numFixed: [0] time: [3266]
STATS - lpIterations[1] lagIterations[61] sspIterations[744] numSeparations[464] numCuts[0] compileTime[194] sspSolveTime[2991] lpSolveTime[0] lb[3178.71] ub[3665.1] numArcs: [73371712] numFixed: [0] time: [3302]
STATS - lpIterations[1] lagIterations[62] sspIterations[751] numSeparations[464] numCuts[0] compileTime[194] sspSolveTime[3013] lpSolveTime[0] lb[3185.4] ub[3665.1] numArcs: [73371599] numFixed: [0] time: [3325]
STATS - lpIterations[1] lagIterations[65] sspIterations[799] numSeparations[464] numCuts[0] compileTime[194] sspSolveTime[3221] lpSolveTime[0] lb[3196.9] ub[3665.1] numArcs: [73371161] numFixed: [0] time: [3536]
