num loc: 71
hgs upper bound: 40419
compiling dd
time step mult: 1
time step: 1
cap step: 1
start compiling DD
add terminal node arcs
done compiling dd
num vars: 696360
STATS - lpIterations[1] lagIterations[0] sspIterations[0] numSeparations[0] numCuts[0] compileTime[0] sspSolveTime[0] lpSolveTime[570] lb[38376.9] ub[40419] size: [10575] time: [571]
num vars: 696336
STATS - lpIterations[2] lagIterations[0] sspIterations[0] numSeparations[2] numCuts[0] compileTime[0] sspSolveTime[0] lpSolveTime[1290] lb[38464.2] ub[40419] size: [10575] time: [1291]
num vars: 674526
STATS - lpIterations[3] lagIterations[0] sspIterations[0] numSeparations[5] numCuts[0] compileTime[0] sspSolveTime[0] lpSolveTime[1981] lb[38477.9] ub[40419] size: [10583] time: [1982]
num vars: 674181
STATS - lpIterations[4] lagIterations[0] sspIterations[0] numSeparations[9] numCuts[0] compileTime[0] sspSolveTime[0] lpSolveTime[2642] lb[38485.3] ub[40419] size: [10588] time: [2643]
num vars: 674310
STATS - lpIterations[5] lagIterations[0] sspIterations[0] numSeparations[14] numCuts[0] compileTime[0] sspSolveTime[0] lpSolveTime[3282] lb[38488.4] ub[40419] size: [10593] time: [3283]
num vars: 674118
