num loc: 44
hgs upper bound: 28140
compiling dd
time step mult: 1
time step: 1
cap step: 1
start compiling DD
add terminal node arcs
done compiling dd
num vars: 170354
STATS - lpIterations[1] lagIterations[0] sspIterations[0] numSeparations[0] numCuts[0] compileTime[0] sspSolveTime[0] lpSolveTime[19] lb[4459.34] ub[28140] size: [4348] time: [19]
num vars: 170569
STATS - lpIterations[2] lagIterations[0] sspIterations[0] numSeparations[3] numCuts[0] compileTime[0] sspSolveTime[0] lpSolveTime[39] lb[4459.46] ub[28140] size: [4355] time: [39]
num vars: 161958
STATS - lpIterations[3] lagIterations[0] sspIterations[0] numSeparations[14] numCuts[0] compileTime[0] sspSolveTime[0] lpSolveTime[55] lb[4459.67] ub[28140] size: [4377] time: [55]
num vars: 162149
STATS - lpIterations[4] lagIterations[0] sspIterations[0] numSeparations[20] numCuts[0] compileTime[0] sspSolveTime[0] lpSolveTime[72] lb[4460.12] ub[28140] size: [4386] time: [72]
num vars: 162874
STATS - lpIterations[5] lagIterations[0] sspIterations[0] numSeparations[28] numCuts[0] compileTime[0] sspSolveTime[0] lpSolveTime[136] lb[4460.12] ub[28140] size: [4410] time: [136]
num vars: 163192
STATS - lpIterations[6] lagIterations[0] sspIterations[0] numSeparations[37] numCuts[0] compileTime[0] sspSolveTime[0] lpSolveTime[155] lb[4460.12] ub[28140] size: [4420] time: [156]
num vars: 163563
STATS - lpIterations[7] lagIterations[0] sspIterations[0] numSeparations[45] numCuts[0] compileTime[0] sspSolveTime[0] lpSolveTime[182] lb[4460.3] ub[28140] size: [4434] time: [182]
num vars: 163901
STATS - lpIterations[8] lagIterations[0] sspIterations[0] numSeparations[55] numCuts[0] compileTime[0] sspSolveTime[0] lpSolveTime[204] lb[4460.95] ub[28140] size: [4447] time: [205]
num vars: 164366
STATS - lpIterations[9] lagIterations[0] sspIterations[0] numSeparations[66] numCuts[0] compileTime[0] sspSolveTime[0] lpSolveTime[227] lb[4461.53] ub[28140] size: [4464] time: [228]
num vars: 164780
STATS - lpIterations[10] lagIterations[0] sspIterations[0] numSeparations[78] numCuts[0] compileTime[0] sspSolveTime[0] lpSolveTime[253] lb[4461.53] ub[28140] size: [4479] time: [253]
num vars: 165152
STATS - lpIterations[11] lagIterations[0] sspIterations[0] numSeparations[88] numCuts[0] compileTime[0] sspSolveTime[0] lpSolveTime[277] lb[4461.61] ub[28140] size: [4491] time: [277]
num vars: 165682
STATS - lpIterations[12] lagIterations[0] sspIterations[0] numSeparations[99] numCuts[0] compileTime[0] sspSolveTime[0] lpSolveTime[300] lb[4461.61] ub[28140] size: [4512] time: [300]
num vars: 166120
STATS - lpIterations[13] lagIterations[0] sspIterations[0] numSeparations[111] numCuts[0] compileTime[0] sspSolveTime[0] lpSolveTime[330] lb[4461.61] ub[28140] size: [4529] time: [330]
num vars: 166443
STATS - lpIterations[14] lagIterations[0] sspIterations[0] numSeparations[120] numCuts[0] compileTime[0] sspSolveTime[0] lpSolveTime[355] lb[4461.83] ub[28140] size: [4539] time: [356]
num vars: 166580
STATS - lpIterations[15] lagIterations[0] sspIterations[0] numSeparations[129] numCuts[0] compileTime[0] sspSolveTime[0] lpSolveTime[386] lb[4461.87] ub[28140] size: [4548] time: [386]
num vars: 167034
STATS - lpIterations[16] lagIterations[0] sspIterations[0] numSeparations[140] numCuts[0] compileTime[0] sspSolveTime[0] lpSolveTime[411] lb[4461.87] ub[28140] size: [4562] time: [411]
num vars: 167269
STATS - lpIterations[17] lagIterations[0] sspIterations[0] numSeparations[147] numCuts[0] compileTime[0] sspSolveTime[0] lpSolveTime[436] lb[4463.2] ub[28140] size: [4570] time: [436]
num vars: 168287
STATS - lpIterations[18] lagIterations[0] sspIterations[0] numSeparations[162] numCuts[0] compileTime[0] sspSolveTime[0] lpSolveTime[459] lb[4463.2] ub[28140] size: [4607] time: [460]
num vars: 168865
STATS - lpIterations[19] lagIterations[0] sspIterations[0] numSeparations[176] numCuts[0] compileTime[0] sspSolveTime[0] lpSolveTime[497] lb[4463.2] ub[28140] size: [4626] time: [497]
num vars: 169258
STATS - lpIterations[20] lagIterations[0] sspIterations[0] numSeparations[189] numCuts[0] compileTime[0] sspSolveTime[0] lpSolveTime[520] lb[4463.2] ub[28140] size: [4639] time: [520]
num vars: 169596
STATS - lpIterations[21] lagIterations[0] sspIterations[0] numSeparations[205] numCuts[0] compileTime[0] sspSolveTime[0] lpSolveTime[550] lb[4463.2] ub[28140] size: [4651] time: [551]
num vars: 169985
STATS - lpIterations[22] lagIterations[0] sspIterations[0] numSeparations[221] numCuts[0] compileTime[0] sspSolveTime[0] lpSolveTime[589] lb[4463.2] ub[28140] size: [4664] time: [590]
num vars: 170157
STATS - lpIterations[23] lagIterations[0] sspIterations[0] numSeparations[235] numCuts[0] compileTime[0] sspSolveTime[0] lpSolveTime[639] lb[4463.23] ub[28140] size: [4675] time: [640]
num vars: 170623
STATS - lpIterations[24] lagIterations[0] sspIterations[0] numSeparations[247] numCuts[0] compileTime[0] sspSolveTime[0] lpSolveTime[677] lb[4471.59] ub[28140] size: [4687] time: [677]
num vars: 170557
STATS - lpIterations[25] lagIterations[0] sspIterations[0] numSeparations[259] numCuts[0] compileTime[0] sspSolveTime[0] lpSolveTime[708] lb[4472.11] ub[28140] size: [4695] time: [709]
num vars: 170953
STATS - lpIterations[26] lagIterations[0] sspIterations[0] numSeparations[272] numCuts[0] compileTime[0] sspSolveTime[0] lpSolveTime[732] lb[4472.11] ub[28140] size: [4711] time: [733]
num vars: 171250
STATS - lpIterations[27] lagIterations[0] sspIterations[0] numSeparations[284] numCuts[0] compileTime[0] sspSolveTime[0] lpSolveTime[960] lb[4472.11] ub[28140] size: [4721] time: [961]
num vars: 171478
STATS - lpIterations[28] lagIterations[0] sspIterations[0] numSeparations[295] numCuts[0] compileTime[0] sspSolveTime[0] lpSolveTime[993] lb[4472.11] ub[28140] size: [4730] time: [994]
num vars: 171936
STATS - lpIterations[29] lagIterations[0] sspIterations[0] numSeparations[309] numCuts[0] compileTime[0] sspSolveTime[0] lpSolveTime[1020] lb[4472.2] ub[28140] size: [4746] time: [1021]
num vars: 172177
STATS - lpIterations[30] lagIterations[0] sspIterations[0] numSeparations[321] numCuts[0] compileTime[0] sspSolveTime[0] lpSolveTime[1111] lb[4472.2] ub[28140] size: [4754] time: [1111]
num vars: 172396
STATS - lpIterations[31] lagIterations[0] sspIterations[0] numSeparations[333] numCuts[0] compileTime[0] sspSolveTime[0] lpSolveTime[1161] lb[4472.32] ub[28140] size: [4762] time: [1162]
num vars: 172772
STATS - lpIterations[32] lagIterations[0] sspIterations[0] numSeparations[346] numCuts[0] compileTime[0] sspSolveTime[0] lpSolveTime[1230] lb[4472.52] ub[28140] size: [4775] time: [1231]
num vars: 173225
STATS - lpIterations[33] lagIterations[0] sspIterations[0] numSeparations[357] numCuts[0] compileTime[0] sspSolveTime[0] lpSolveTime[1260] lb[4472.59] ub[28140] size: [4790] time: [1261]
num vars: 173502
STATS - lpIterations[34] lagIterations[0] sspIterations[0] numSeparations[368] numCuts[0] compileTime[0] sspSolveTime[0] lpSolveTime[1297] lb[4480.92] ub[28140] size: [4800] time: [1298]
num vars: 173784
STATS - lpIterations[35] lagIterations[0] sspIterations[0] numSeparations[379] numCuts[0] compileTime[0] sspSolveTime[0] lpSolveTime[1355] lb[4480.98] ub[28140] size: [4809] time: [1355]
num vars: 174031
STATS - lpIterations[36] lagIterations[0] sspIterations[0] numSeparations[389] numCuts[0] compileTime[0] sspSolveTime[0] lpSolveTime[1406] lb[4481.04] ub[28140] size: [4818] time: [1407]
num vars: 174242
STATS - lpIterations[37] lagIterations[0] sspIterations[0] numSeparations[398] numCuts[0] compileTime[0] sspSolveTime[0] lpSolveTime[1450] lb[4481.13] ub[28140] size: [4825] time: [1451]
num vars: 175058
STATS - lpIterations[38] lagIterations[0] sspIterations[0] numSeparations[411] numCuts[0] compileTime[0] sspSolveTime[0] lpSolveTime[1520] lb[4481.13] ub[28140] size: [4851] time: [1521]
num vars: 175638
STATS - lpIterations[39] lagIterations[0] sspIterations[0] numSeparations[425] numCuts[0] compileTime[0] sspSolveTime[0] lpSolveTime[1564] lb[4481.13] ub[28140] size: [4871] time: [1564]
num vars: 175908
STATS - lpIterations[40] lagIterations[0] sspIterations[0] numSeparations[435] numCuts[0] compileTime[0] sspSolveTime[0] lpSolveTime[1604] lb[4481.52] ub[28140] size: [4880] time: [1605]
num vars: 176226
STATS - lpIterations[41] lagIterations[0] sspIterations[0] numSeparations[444] numCuts[0] compileTime[0] sspSolveTime[0] lpSolveTime[1653] lb[4500.59] ub[28140] size: [4891] time: [1654]
num vars: 176629
STATS - lpIterations[42] lagIterations[0] sspIterations[0] numSeparations[458] numCuts[0] compileTime[0] sspSolveTime[0] lpSolveTime[1714] lb[4500.59] ub[28140] size: [4906] time: [1715]
num vars: 177062
STATS - lpIterations[43] lagIterations[0] sspIterations[0] numSeparations[470] numCuts[0] compileTime[0] sspSolveTime[0] lpSolveTime[1783] lb[4500.62] ub[28140] size: [4921] time: [1784]
num vars: 177357
STATS - lpIterations[44] lagIterations[0] sspIterations[0] numSeparations[482] numCuts[0] compileTime[0] sspSolveTime[0] lpSolveTime[1835] lb[4500.74] ub[28140] size: [4931] time: [1836]
num vars: 177740
STATS - lpIterations[45] lagIterations[0] sspIterations[0] numSeparations[494] numCuts[0] compileTime[0] sspSolveTime[0] lpSolveTime[1885] lb[4500.74] ub[28140] size: [4944] time: [1886]
num vars: 178196
STATS - lpIterations[46] lagIterations[0] sspIterations[0] numSeparations[510] numCuts[0] compileTime[0] sspSolveTime[0] lpSolveTime[1942] lb[4500.78] ub[28140] size: [4960] time: [1943]
num vars: 178565
STATS - lpIterations[47] lagIterations[0] sspIterations[0] numSeparations[522] numCuts[0] compileTime[0] sspSolveTime[0] lpSolveTime[1995] lb[4500.84] ub[28140] size: [4975] time: [1996]
num vars: 178836
STATS - lpIterations[48] lagIterations[0] sspIterations[0] numSeparations[534] numCuts[0] compileTime[0] sspSolveTime[0] lpSolveTime[2053] lb[4500.97] ub[28140] size: [4984] time: [2054]
num vars: 179417
STATS - lpIterations[49] lagIterations[0] sspIterations[0] numSeparations[549] numCuts[0] compileTime[0] sspSolveTime[0] lpSolveTime[2092] lb[4502.2] ub[28140] size: [5003] time: [2093]
num vars: 179758
STATS - lpIterations[50] lagIterations[0] sspIterations[0] numSeparations[561] numCuts[0] compileTime[0] sspSolveTime[0] lpSolveTime[2173] lb[4502.23] ub[28140] size: [5014] time: [2174]
num vars: 180378
STATS - lpIterations[51] lagIterations[0] sspIterations[0] numSeparations[575] numCuts[0] compileTime[0] sspSolveTime[0] lpSolveTime[2209] lb[4502.23] ub[28140] size: [5034] time: [2210]
num vars: 181114
STATS - lpIterations[52] lagIterations[0] sspIterations[0] numSeparations[587] numCuts[0] compileTime[0] sspSolveTime[0] lpSolveTime[2255] lb[4506.4] ub[28140] size: [5058] time: [2257]
num vars: 181794
STATS - lpIterations[53] lagIterations[0] sspIterations[0] numSeparations[605] numCuts[0] compileTime[0] sspSolveTime[0] lpSolveTime[2290] lb[4510.86] ub[28140] size: [5083] time: [2291]
num vars: 182210
STATS - lpIterations[54] lagIterations[0] sspIterations[0] numSeparations[622] numCuts[0] compileTime[0] sspSolveTime[0] lpSolveTime[2336] lb[4510.86] ub[28140] size: [5098] time: [2337]
num vars: 182725
STATS - lpIterations[55] lagIterations[0] sspIterations[0] numSeparations[640] numCuts[0] compileTime[0] sspSolveTime[0] lpSolveTime[2387] lb[4511.17] ub[28140] size: [5118] time: [2389]
num vars: 183239
STATS - lpIterations[56] lagIterations[0] sspIterations[0] numSeparations[655] numCuts[0] compileTime[0] sspSolveTime[0] lpSolveTime[2443] lb[4511.17] ub[28140] size: [5135] time: [2444]
num vars: 183965
STATS - lpIterations[57] lagIterations[0] sspIterations[0] numSeparations[668] numCuts[0] compileTime[0] sspSolveTime[0] lpSolveTime[2494] lb[4511.17] ub[28140] size: [5160] time: [2495]
num vars: 184502
STATS - lpIterations[58] lagIterations[0] sspIterations[0] numSeparations[684] numCuts[0] compileTime[0] sspSolveTime[0] lpSolveTime[2577] lb[4511.17] ub[28140] size: [5178] time: [2578]
num vars: 184876
STATS - lpIterations[59] lagIterations[0] sspIterations[0] numSeparations[697] numCuts[0] compileTime[0] sspSolveTime[0] lpSolveTime[2627] lb[4511.17] ub[28140] size: [5192] time: [2628]
num vars: 185265
STATS - lpIterations[60] lagIterations[0] sspIterations[0] numSeparations[710] numCuts[0] compileTime[0] sspSolveTime[0] lpSolveTime[2671] lb[4511.17] ub[28140] size: [5205] time: [2672]
num vars: 185532
STATS - lpIterations[61] lagIterations[0] sspIterations[0] numSeparations[722] numCuts[0] compileTime[0] sspSolveTime[0] lpSolveTime[2720] lb[4513.94] ub[28140] size: [5214] time: [2721]
num vars: 185687
STATS - lpIterations[62] lagIterations[0] sspIterations[0] numSeparations[737] numCuts[0] compileTime[0] sspSolveTime[0] lpSolveTime[2755] lb[4519.56] ub[28140] size: [5220] time: [2757]
num vars: 186065
STATS - lpIterations[63] lagIterations[0] sspIterations[0] numSeparations[750] numCuts[0] compileTime[0] sspSolveTime[0] lpSolveTime[2784] lb[4519.56] ub[28140] size: [5234] time: [2785]
num vars: 186471
STATS - lpIterations[64] lagIterations[0] sspIterations[0] numSeparations[766] numCuts[0] compileTime[0] sspSolveTime[0] lpSolveTime[2839] lb[4519.56] ub[28140] size: [5248] time: [2841]
num vars: 186893
STATS - lpIterations[65] lagIterations[0] sspIterations[0] numSeparations[780] numCuts[0] compileTime[0] sspSolveTime[0] lpSolveTime[2876] lb[4519.68] ub[28140] size: [5262] time: [2877]
num vars: 187421
STATS - lpIterations[66] lagIterations[0] sspIterations[0] numSeparations[794] numCuts[0] compileTime[0] sspSolveTime[0] lpSolveTime[2918] lb[4537.45] ub[28140] size: [5280] time: [2919]
num vars: 187942
STATS - lpIterations[67] lagIterations[0] sspIterations[0] numSeparations[805] numCuts[0] compileTime[0] sspSolveTime[0] lpSolveTime[2959] lb[4537.45] ub[28140] size: [5301] time: [2961]
num vars: 188674
STATS - lpIterations[68] lagIterations[0] sspIterations[0] numSeparations[820] numCuts[0] compileTime[0] sspSolveTime[0] lpSolveTime[3000] lb[4537.49] ub[28140] size: [5327] time: [3001]
num vars: 189135
STATS - lpIterations[69] lagIterations[0] sspIterations[0] numSeparations[833] numCuts[0] compileTime[0] sspSolveTime[0] lpSolveTime[3038] lb[4537.74] ub[28140] size: [5348] time: [3040]
num vars: 189612
STATS - lpIterations[70] lagIterations[0] sspIterations[0] numSeparations[847] numCuts[0] compileTime[0] sspSolveTime[0] lpSolveTime[3098] lb[4537.76] ub[28140] size: [5368] time: [3100]
num vars: 190217
STATS - lpIterations[71] lagIterations[0] sspIterations[0] numSeparations[861] numCuts[0] compileTime[0] sspSolveTime[0] lpSolveTime[3150] lb[4537.78] ub[28140] size: [5393] time: [3151]
num vars: 190938
STATS - lpIterations[72] lagIterations[0] sspIterations[0] numSeparations[876] numCuts[0] compileTime[0] sspSolveTime[0] lpSolveTime[3197] lb[4537.89] ub[28140] size: [5421] time: [3198]
num vars: 191473
STATS - lpIterations[73] lagIterations[0] sspIterations[0] numSeparations[891] numCuts[0] compileTime[0] sspSolveTime[0] lpSolveTime[3248] lb[4538.03] ub[28140] size: [5439] time: [3250]
num vars: 192056
STATS - lpIterations[74] lagIterations[0] sspIterations[0] numSeparations[906] numCuts[0] compileTime[0] sspSolveTime[0] lpSolveTime[3306] lb[4538.19] ub[28140] size: [5460] time: [3308]
num vars: 192583
STATS - lpIterations[75] lagIterations[0] sspIterations[0] numSeparations[920] numCuts[0] compileTime[0] sspSolveTime[0] lpSolveTime[3353] lb[4538.29] ub[28140] size: [5480] time: [3355]
num vars: 193002
STATS - lpIterations[76] lagIterations[0] sspIterations[0] numSeparations[933] numCuts[0] compileTime[0] sspSolveTime[0] lpSolveTime[3389] lb[4538.29] ub[28140] size: [5494] time: [3391]
num vars: 193370
STATS - lpIterations[77] lagIterations[0] sspIterations[0] numSeparations[945] numCuts[0] compileTime[0] sspSolveTime[0] lpSolveTime[3434] lb[4538.32] ub[28140] size: [5506] time: [3435]
num vars: 194009
STATS - lpIterations[78] lagIterations[0] sspIterations[0] numSeparations[959] numCuts[0] compileTime[0] sspSolveTime[0] lpSolveTime[3489] lb[4538.33] ub[28140] size: [5527] time: [3491]
num vars: 194564
STATS - lpIterations[79] lagIterations[0] sspIterations[0] numSeparations[978] numCuts[0] compileTime[0] sspSolveTime[0] lpSolveTime[3535] lb[4538.33] ub[28140] size: [5547] time: [3537]
num vars: 194855
STATS - lpIterations[80] lagIterations[0] sspIterations[0] numSeparations[993] numCuts[0] compileTime[0] sspSolveTime[0] lpSolveTime[3589] lb[4538.33] ub[28140] size: [5557] time: [3591]
num vars: 195341
