num loc: 29
instance upper bound: 533.79
compiling DD
time step mult: 10000
time step: 1000000
cap step: 1
done compiling DD
batch size for lag: 1
iteration delay to start separating: 0
optimality gap to start repairing: 100
percent fixed to change to CPLEX: 97.5
num arcs to change to CPLEX: 100000
num arcs to change to LAG: 999999999
STATS - lpIterations[0] lagIterations[0] sspIterations[0] numSeparations[0] numCuts[0] compileTime[0] sspSolveTime[0] lpSolveTime[0] lb[0] ub[533.79] numArcs: [131302] numFixed: [0] time: [0]
STATS - lpIterations[1] lagIterations[0] sspIterations[0] numSeparations[0] numCuts[0] compileTime[0] sspSolveTime[0] lpSolveTime[0] lb[0] ub[533.79] numArcs: [131302] numFixed: [0] time: [0]
STATS - lpIterations[1] lagIterations[3] sspIterations[3] numSeparations[2] numCuts[0] compileTime[0] sspSolveTime[0] lpSolveTime[0] lb[0.136003] ub[533.79] numArcs: [131311] numFixed: [0] time: [0]
STATS - lpIterations[1] lagIterations[4] sspIterations[4] numSeparations[3] numCuts[0] compileTime[0] sspSolveTime[0] lpSolveTime[0] lb[0.142605] ub[533.79] numArcs: [131358] numFixed: [2593] time: [0]
STATS - lpIterations[1] lagIterations[5] sspIterations[5] numSeparations[4] numCuts[0] compileTime[0] sspSolveTime[0] lpSolveTime[0] lb[2.18766] ub[533.79] numArcs: [131380] numFixed: [2595] time: [0]
STATS - lpIterations[1] lagIterations[6] sspIterations[6] numSeparations[5] numCuts[0] compileTime[0] sspSolveTime[0] lpSolveTime[0] lb[2.77938] ub[533.79] numArcs: [131388] numFixed: [2598] time: [0]
STATS - lpIterations[1] lagIterations[7] sspIterations[7] numSeparations[6] numCuts[0] compileTime[0] sspSolveTime[0] lpSolveTime[0] lb[3.24742] ub[533.79] numArcs: [131429] numFixed: [2600] time: [0]
STATS - lpIterations[1] lagIterations[8] sspIterations[8] numSeparations[7] numCuts[0] compileTime[0] sspSolveTime[0] lpSolveTime[0] lb[3.39917] ub[533.79] numArcs: [131529] numFixed: [2631] time: [0]
STATS - lpIterations[1] lagIterations[9] sspIterations[9] numSeparations[8] numCuts[0] compileTime[0] sspSolveTime[0] lpSolveTime[0] lb[3.57135] ub[533.79] numArcs: [131578] numFixed: [2633] time: [0]
STATS - lpIterations[1] lagIterations[10] sspIterations[10] numSeparations[9] numCuts[0] compileTime[0] sspSolveTime[0] lpSolveTime[0] lb[3.82985] ub[533.79] numArcs: [131627] numFixed: [2662] time: [0]
STATS - lpIterations[1] lagIterations[11] sspIterations[11] numSeparations[10] numCuts[0] compileTime[0] sspSolveTime[0] lpSolveTime[0] lb[4.00394] ub[533.79] numArcs: [131649] numFixed: [2663] time: [0]
STATS - lpIterations[1] lagIterations[12] sspIterations[12] numSeparations[11] numCuts[0] compileTime[0] sspSolveTime[0] lpSolveTime[0] lb[4.19724] ub[533.79] numArcs: [131688] numFixed: [2665] time: [0]
STATS - lpIterations[1] lagIterations[13] sspIterations[13] numSeparations[12] numCuts[0] compileTime[0] sspSolveTime[0] lpSolveTime[0] lb[4.57731] ub[533.79] numArcs: [131738] numFixed: [2667] time: [0]
STATS - lpIterations[1] lagIterations[14] sspIterations[14] numSeparations[13] numCuts[0] compileTime[0] sspSolveTime[0] lpSolveTime[0] lb[4.77985] ub[533.79] numArcs: [131841] numFixed: [2725] time: [0]
STATS - lpIterations[1] lagIterations[15] sspIterations[15] numSeparations[14] numCuts[0] compileTime[0] sspSolveTime[0] lpSolveTime[0] lb[5.31746] ub[533.79] numArcs: [131885] numFixed: [2728] time: [0]
STATS - lpIterations[1] lagIterations[16] sspIterations[16] numSeparations[15] numCuts[0] compileTime[0] sspSolveTime[0] lpSolveTime[0] lb[5.56162] ub[533.79] numArcs: [131910] numFixed: [2730] time: [0]
STATS - lpIterations[1] lagIterations[17] sspIterations[17] numSeparations[16] numCuts[0] compileTime[0] sspSolveTime[0] lpSolveTime[0] lb[5.85168] ub[533.79] numArcs: [131935] numFixed: [2731] time: [0]
STATS - lpIterations[1] lagIterations[18] sspIterations[18] numSeparations[17] numCuts[0] compileTime[0] sspSolveTime[0] lpSolveTime[0] lb[6.11118] ub[533.79] numArcs: [131960] numFixed: [2732] time: [0]
STATS - lpIterations[1] lagIterations[19] sspIterations[19] numSeparations[18] numCuts[0] compileTime[0] sspSolveTime[0] lpSolveTime[0] lb[6.50902] ub[533.79] numArcs: [131979] numFixed: [2733] time: [0]
STATS - lpIterations[1] lagIterations[20] sspIterations[20] numSeparations[19] numCuts[0] compileTime[0] sspSolveTime[0] lpSolveTime[0] lb[6.8589] ub[533.79] numArcs: [132057] numFixed: [2763] time: [0]
STATS - lpIterations[1] lagIterations[21] sspIterations[21] numSeparations[20] numCuts[0] compileTime[0] sspSolveTime[0] lpSolveTime[0] lb[7.14469] ub[533.79] numArcs: [132083] numFixed: [2765] time: [0]
STATS - lpIterations[1] lagIterations[22] sspIterations[22] numSeparations[21] numCuts[0] compileTime[0] sspSolveTime[0] lpSolveTime[0] lb[8.57505] ub[533.79] numArcs: [132109] numFixed: [2769] time: [0]
STATS - lpIterations[1] lagIterations[23] sspIterations[23] numSeparations[22] numCuts[0] compileTime[0] sspSolveTime[0] lpSolveTime[0] lb[8.93181] ub[533.79] numArcs: [132187] numFixed: [2773] time: [0]
STATS - lpIterations[1] lagIterations[24] sspIterations[24] numSeparations[23] numCuts[0] compileTime[0] sspSolveTime[0] lpSolveTime[0] lb[9.30436] ub[533.79] numArcs: [132214] numFixed: [2774] time: [0]
STATS - lpIterations[1] lagIterations[25] sspIterations[25] numSeparations[24] numCuts[0] compileTime[0] sspSolveTime[0] lpSolveTime[0] lb[10.3474] ub[533.79] numArcs: [132259] numFixed: [2779] time: [0]
STATS - lpIterations[1] lagIterations[26] sspIterations[26] numSeparations[25] numCuts[0] compileTime[0] sspSolveTime[0] lpSolveTime[0] lb[10.8071] ub[533.79] numArcs: [132278] numFixed: [2782] time: [0]
STATS - lpIterations[1] lagIterations[27] sspIterations[27] numSeparations[26] numCuts[0] compileTime[0] sspSolveTime[0] lpSolveTime[0] lb[11.2897] ub[533.79] numArcs: [132299] numFixed: [2784] time: [0]
STATS - lpIterations[1] lagIterations[28] sspIterations[28] numSeparations[27] numCuts[0] compileTime[0] sspSolveTime[0] lpSolveTime[0] lb[11.7654] ub[533.79] numArcs: [132374] numFixed: [2787] time: [0]
STATS - lpIterations[1] lagIterations[29] sspIterations[29] numSeparations[28] numCuts[0] compileTime[0] sspSolveTime[0] lpSolveTime[0] lb[12.3564] ub[533.79] numArcs: [132400] numFixed: [2789] time: [0]
STATS - lpIterations[1] lagIterations[30] sspIterations[30] numSeparations[29] numCuts[0] compileTime[0] sspSolveTime[0] lpSolveTime[0] lb[15.7337] ub[533.79] numArcs: [132425] numFixed: [2799] time: [0]
STATS - lpIterations[1] lagIterations[31] sspIterations[31] numSeparations[30] numCuts[0] compileTime[0] sspSolveTime[0] lpSolveTime[0] lb[16.5188] ub[533.79] numArcs: [132504] numFixed: [2829] time: [0]
STATS - lpIterations[1] lagIterations[32] sspIterations[32] numSeparations[31] numCuts[0] compileTime[0] sspSolveTime[0] lpSolveTime[0] lb[18.9681] ub[533.79] numArcs: [132530] numFixed: [2836] time: [0]
STATS - lpIterations[1] lagIterations[33] sspIterations[33] numSeparations[32] numCuts[0] compileTime[0] sspSolveTime[0] lpSolveTime[0] lb[20.3884] ub[533.79] numArcs: [132581] numFixed: [2839] time: [0]
STATS - lpIterations[1] lagIterations[34] sspIterations[34] numSeparations[33] numCuts[0] compileTime[0] sspSolveTime[0] lpSolveTime[0] lb[22.1344] ub[533.79] numArcs: [132600] numFixed: [2844] time: [0]
STATS - lpIterations[1] lagIterations[35] sspIterations[35] numSeparations[34] numCuts[0] compileTime[0] sspSolveTime[0] lpSolveTime[0] lb[22.9604] ub[533.79] numArcs: [132677] numFixed: [2847] time: [0]
STATS - lpIterations[1] lagIterations[36] sspIterations[36] numSeparations[35] numCuts[0] compileTime[0] sspSolveTime[0] lpSolveTime[0] lb[25.8489] ub[533.79] numArcs: [132703] numFixed: [2852] time: [0]
STATS - lpIterations[1] lagIterations[37] sspIterations[37] numSeparations[36] numCuts[0] compileTime[0] sspSolveTime[0] lpSolveTime[0] lb[26.9184] ub[533.79] numArcs: [132724] numFixed: [2856] time: [0]
STATS - lpIterations[1] lagIterations[38] sspIterations[38] numSeparations[37] numCuts[0] compileTime[0] sspSolveTime[0] lpSolveTime[0] lb[27.9009] ub[533.79] numArcs: [132750] numFixed: [2858] time: [0]
STATS - lpIterations[1] lagIterations[39] sspIterations[39] numSeparations[38] numCuts[0] compileTime[0] sspSolveTime[0] lpSolveTime[0] lb[29.0263] ub[533.79] numArcs: [132775] numFixed: [2865] time: [0]
STATS - lpIterations[1] lagIterations[40] sspIterations[40] numSeparations[39] numCuts[0] compileTime[0] sspSolveTime[0] lpSolveTime[0] lb[30.0704] ub[533.79] numArcs: [132880] numFixed: [2903] time: [0]
STATS - lpIterations[1] lagIterations[41] sspIterations[41] numSeparations[40] numCuts[0] compileTime[0] sspSolveTime[0] lpSolveTime[0] lb[32.0666] ub[533.79] numArcs: [132940] numFixed: [2909] time: [0]
STATS - lpIterations[1] lagIterations[42] sspIterations[42] numSeparations[41] numCuts[0] compileTime[0] sspSolveTime[0] lpSolveTime[0] lb[33.2037] ub[533.79] numArcs: [133041] numFixed: [2916] time: [0]
STATS - lpIterations[1] lagIterations[43] sspIterations[43] numSeparations[42] numCuts[0] compileTime[0] sspSolveTime[0] lpSolveTime[0] lb[34.5767] ub[533.79] numArcs: [133088] numFixed: [2921] time: [0]
STATS - lpIterations[1] lagIterations[44] sspIterations[44] numSeparations[43] numCuts[0] compileTime[0] sspSolveTime[0] lpSolveTime[0] lb[36.2612] ub[533.79] numArcs: [133159] numFixed: [2928] time: [0]
STATS - lpIterations[1] lagIterations[45] sspIterations[45] numSeparations[44] numCuts[0] compileTime[0] sspSolveTime[0] lpSolveTime[0] lb[38.002] ub[533.79] numArcs: [133207] numFixed: [2934] time: [0]
STATS - lpIterations[1] lagIterations[46] sspIterations[46] numSeparations[45] numCuts[0] compileTime[0] sspSolveTime[0] lpSolveTime[0] lb[39.283] ub[533.79] numArcs: [133230] numFixed: [2939] time: [0]
STATS - lpIterations[1] lagIterations[47] sspIterations[47] numSeparations[46] numCuts[0] compileTime[0] sspSolveTime[0] lpSolveTime[0] lb[41.4425] ub[533.79] numArcs: [133275] numFixed: [2948] time: [0]
STATS - lpIterations[1] lagIterations[48] sspIterations[48] numSeparations[47] numCuts[0] compileTime[0] sspSolveTime[0] lpSolveTime[0] lb[43.0933] ub[533.79] numArcs: [133320] numFixed: [2954] time: [0]
STATS - lpIterations[1] lagIterations[49] sspIterations[49] numSeparations[48] numCuts[0] compileTime[0] sspSolveTime[0] lpSolveTime[0] lb[44.569] ub[533.79] numArcs: [133345] numFixed: [2959] time: [0]
STATS - lpIterations[1] lagIterations[50] sspIterations[50] numSeparations[49] numCuts[0] compileTime[0] sspSolveTime[0] lpSolveTime[0] lb[46.1756] ub[533.79] numArcs: [133363] numFixed: [2965] time: [0]
STATS - lpIterations[1] lagIterations[51] sspIterations[51] numSeparations[50] numCuts[0] compileTime[0] sspSolveTime[0] lpSolveTime[0] lb[47.7148] ub[533.79] numArcs: [133465] numFixed: [2972] time: [0]
STATS - lpIterations[1] lagIterations[52] sspIterations[52] numSeparations[51] numCuts[0] compileTime[0] sspSolveTime[0] lpSolveTime[0] lb[49.2948] ub[533.79] numArcs: [133541] numFixed: [2979] time: [0]
STATS - lpIterations[1] lagIterations[53] sspIterations[53] numSeparations[52] numCuts[0] compileTime[0] sspSolveTime[0] lpSolveTime[0] lb[50.9163] ub[533.79] numArcs: [133643] numFixed: [2983] time: [0]
STATS - lpIterations[1] lagIterations[54] sspIterations[54] numSeparations[53] numCuts[0] compileTime[0] sspSolveTime[0] lpSolveTime[0] lb[52.8928] ub[533.79] numArcs: [133641] numFixed: [2986] time: [0]
STATS - lpIterations[1] lagIterations[55] sspIterations[55] numSeparations[54] numCuts[0] compileTime[0] sspSolveTime[0] lpSolveTime[0] lb[54.9776] ub[533.79] numArcs: [133665] numFixed: [2992] time: [1]
STATS - lpIterations[1] lagIterations[56] sspIterations[56] numSeparations[55] numCuts[0] compileTime[0] sspSolveTime[0] lpSolveTime[0] lb[56.9223] ub[533.79] numArcs: [133714] numFixed: [2998] time: [1]
STATS - lpIterations[1] lagIterations[57] sspIterations[57] numSeparations[56] numCuts[0] compileTime[0] sspSolveTime[0] lpSolveTime[0] lb[59.834] ub[533.79] numArcs: [133766] numFixed: [3003] time: [1]
STATS - lpIterations[1] lagIterations[58] sspIterations[58] numSeparations[57] numCuts[0] compileTime[0] sspSolveTime[0] lpSolveTime[0] lb[61.7396] ub[533.79] numArcs: [133816] numFixed: [3010] time: [1]
STATS - lpIterations[1] lagIterations[59] sspIterations[59] numSeparations[58] numCuts[0] compileTime[0] sspSolveTime[0] lpSolveTime[0] lb[63.6934] ub[533.79] numArcs: [133840] numFixed: [3012] time: [1]
STATS - lpIterations[1] lagIterations[60] sspIterations[60] numSeparations[59] numCuts[0] compileTime[0] sspSolveTime[0] lpSolveTime[0] lb[66.0076] ub[533.79] numArcs: [133890] numFixed: [3017] time: [1]
STATS - lpIterations[1] lagIterations[61] sspIterations[61] numSeparations[60] numCuts[0] compileTime[0] sspSolveTime[0] lpSolveTime[0] lb[68.4347] ub[533.79] numArcs: [133915] numFixed: [3021] time: [1]
STATS - lpIterations[1] lagIterations[62] sspIterations[62] numSeparations[61] numCuts[0] compileTime[0] sspSolveTime[0] lpSolveTime[0] lb[70.56] ub[533.79] numArcs: [133938] numFixed: [3023] time: [1]
STATS - lpIterations[1] lagIterations[63] sspIterations[63] numSeparations[62] numCuts[0] compileTime[0] sspSolveTime[0] lpSolveTime[0] lb[73.9393] ub[533.79] numArcs: [133961] numFixed: [3027] time: [1]
STATS - lpIterations[1] lagIterations[64] sspIterations[64] numSeparations[63] numCuts[0] compileTime[0] sspSolveTime[0] lpSolveTime[0] lb[76.5753] ub[533.79] numArcs: [134090] numFixed: [3059] time: [1]
STATS - lpIterations[1] lagIterations[65] sspIterations[65] numSeparations[64] numCuts[0] compileTime[0] sspSolveTime[0] lpSolveTime[0] lb[79.8402] ub[533.79] numArcs: [134114] numFixed: [3063] time: [1]
STATS - lpIterations[1] lagIterations[66] sspIterations[66] numSeparations[65] numCuts[0] compileTime[0] sspSolveTime[0] lpSolveTime[0] lb[82.3408] ub[533.79] numArcs: [134240] numFixed: [3157] time: [1]
STATS - lpIterations[1] lagIterations[67] sspIterations[67] numSeparations[66] numCuts[0] compileTime[0] sspSolveTime[0] lpSolveTime[0] lb[85.1412] ub[533.79] numArcs: [134316] numFixed: [3163] time: [1]
STATS - lpIterations[1] lagIterations[69] sspIterations[69] numSeparations[68] numCuts[0] compileTime[0] sspSolveTime[0] lpSolveTime[0] lb[87.4078] ub[533.79] numArcs: [134370] numFixed: [3197] time: [1]
STATS - lpIterations[1] lagIterations[71] sspIterations[71] numSeparations[70] numCuts[0] compileTime[0] sspSolveTime[0] lpSolveTime[0] lb[89.8819] ub[533.79] numArcs: [134465] numFixed: [3208] time: [1]
STATS - lpIterations[1] lagIterations[73] sspIterations[73] numSeparations[72] numCuts[0] compileTime[0] sspSolveTime[0] lpSolveTime[0] lb[92.1829] ub[533.79] numArcs: [134565] numFixed: [3214] time: [1]
STATS - lpIterations[1] lagIterations[74] sspIterations[74] numSeparations[73] numCuts[0] compileTime[0] sspSolveTime[0] lpSolveTime[0] lb[93.6559] ub[533.79] numArcs: [134606] numFixed: [3217] time: [1]
STATS - lpIterations[1] lagIterations[75] sspIterations[75] numSeparations[74] numCuts[0] compileTime[0] sspSolveTime[0] lpSolveTime[0] lb[94.6056] ub[533.79] numArcs: [134686] numFixed: [3249] time: [1]
STATS - lpIterations[1] lagIterations[76] sspIterations[76] numSeparations[75] numCuts[0] compileTime[0] sspSolveTime[0] lpSolveTime[0] lb[95.862] ub[533.79] numArcs: [134707] numFixed: [3251] time: [1]
STATS - lpIterations[1] lagIterations[77] sspIterations[77] numSeparations[76] numCuts[0] compileTime[0] sspSolveTime[0] lpSolveTime[0] lb[97.8604] ub[533.79] numArcs: [134733] numFixed: [3259] time: [1]
STATS - lpIterations[1] lagIterations[78] sspIterations[78] numSeparations[77] numCuts[0] compileTime[0] sspSolveTime[0] lpSolveTime[0] lb[98.0892] ub[533.79] numArcs: [134836] numFixed: [3264] time: [1]
STATS - lpIterations[1] lagIterations[79] sspIterations[79] numSeparations[78] numCuts[0] compileTime[0] sspSolveTime[0] lpSolveTime[0] lb[100.378] ub[533.79] numArcs: [134886] numFixed: [3273] time: [1]
STATS - lpIterations[1] lagIterations[80] sspIterations[80] numSeparations[79] numCuts[0] compileTime[0] sspSolveTime[0] lpSolveTime[0] lb[101.146] ub[533.79] numArcs: [134935] numFixed: [3278] time: [1]
STATS - lpIterations[1] lagIterations[81] sspIterations[81] numSeparations[80] numCuts[0] compileTime[0] sspSolveTime[0] lpSolveTime[0] lb[102.929] ub[533.79] numArcs: [135017] numFixed: [3314] time: [1]
STATS - lpIterations[1] lagIterations[82] sspIterations[82] numSeparations[81] numCuts[0] compileTime[0] sspSolveTime[0] lpSolveTime[0] lb[103.441] ub[533.79] numArcs: [135090] numFixed: [3319] time: [1]
STATS - lpIterations[1] lagIterations[83] sspIterations[83] numSeparations[82] numCuts[0] compileTime[0] sspSolveTime[0] lpSolveTime[0] lb[105.666] ub[533.79] numArcs: [135087] numFixed: [3323] time: [1]
STATS - lpIterations[1] lagIterations[84] sspIterations[84] numSeparations[83] numCuts[0] compileTime[0] sspSolveTime[0] lpSolveTime[0] lb[105.74] ub[533.79] numArcs: [135190] numFixed: [3357] time: [1]
STATS - lpIterations[1] lagIterations[85] sspIterations[85] numSeparations[84] numCuts[0] compileTime[0] sspSolveTime[0] lpSolveTime[0] lb[108.613] ub[533.79] numArcs: [135220] numFixed: [3376] time: [1]
STATS - lpIterations[1] lagIterations[87] sspIterations[87] numSeparations[86] numCuts[0] compileTime[0] sspSolveTime[0] lpSolveTime[0] lb[110.975] ub[533.79] numArcs: [135275] numFixed: [3378] time: [1]
STATS - lpIterations[1] lagIterations[88] sspIterations[88] numSeparations[87] numCuts[0] compileTime[0] sspSolveTime[0] lpSolveTime[0] lb[111.247] ub[533.79] numArcs: [135289] numFixed: [3385] time: [1]
STATS - lpIterations[1] lagIterations[89] sspIterations[89] numSeparations[88] numCuts[0] compileTime[0] sspSolveTime[0] lpSolveTime[0] lb[113.831] ub[533.79] numArcs: [135331] numFixed: [3387] time: [1]
STATS - lpIterations[1] lagIterations[90] sspIterations[90] numSeparations[89] numCuts[0] compileTime[0] sspSolveTime[0] lpSolveTime[0] lb[113.962] ub[533.79] numArcs: [135356] numFixed: [3398] time: [1]
STATS - lpIterations[1] lagIterations[91] sspIterations[91] numSeparations[90] numCuts[0] compileTime[0] sspSolveTime[0] lpSolveTime[0] lb[116.33] ub[533.79] numArcs: [135408] numFixed: [3399] time: [1]
STATS - lpIterations[1] lagIterations[92] sspIterations[92] numSeparations[91] numCuts[0] compileTime[0] sspSolveTime[0] lpSolveTime[0] lb[116.667] ub[533.79] numArcs: [135458] numFixed: [3413] time: [1]
STATS - lpIterations[1] lagIterations[93] sspIterations[93] numSeparations[92] numCuts[0] compileTime[0] sspSolveTime[0] lpSolveTime[0] lb[118.768] ub[533.79] numArcs: [135505] numFixed: [3419] time: [1]
STATS - lpIterations[1] lagIterations[94] sspIterations[94] numSeparations[93] numCuts[0] compileTime[0] sspSolveTime[0] lpSolveTime[0] lb[119.391] ub[533.79] numArcs: [135528] numFixed: [3420] time: [1]
STATS - lpIterations[1] lagIterations[95] sspIterations[95] numSeparations[94] numCuts[0] compileTime[0] sspSolveTime[0] lpSolveTime[0] lb[121.903] ub[533.79] numArcs: [135575] numFixed: [3429] time: [1]
STATS - lpIterations[1] lagIterations[96] sspIterations[96] numSeparations[95] numCuts[0] compileTime[0] sspSolveTime[0] lpSolveTime[0] lb[122.288] ub[533.79] numArcs: [135621] numFixed: [3461] time: [1]
STATS - lpIterations[1] lagIterations[97] sspIterations[97] numSeparations[96] numCuts[0] compileTime[0] sspSolveTime[0] lpSolveTime[0] lb[124.378] ub[533.79] numArcs: [135712] numFixed: [3496] time: [1]
STATS - lpIterations[1] lagIterations[98] sspIterations[98] numSeparations[97] numCuts[0] compileTime[0] sspSolveTime[0] lpSolveTime[0] lb[125.209] ub[533.79] numArcs: [135735] numFixed: [3496] time: [1]
STATS - lpIterations[1] lagIterations[99] sspIterations[99] numSeparations[98] numCuts[0] compileTime[0] sspSolveTime[1] lpSolveTime[0] lb[126.249] ub[533.79] numArcs: [135760] numFixed: [3499] time: [1]
STATS - lpIterations[1] lagIterations[100] sspIterations[100] numSeparations[99] numCuts[0] compileTime[0] sspSolveTime[1] lpSolveTime[0] lb[127.971] ub[533.79] numArcs: [135757] numFixed: [3505] time: [1]
STATS - lpIterations[1] lagIterations[101] sspIterations[101] numSeparations[100] numCuts[0] compileTime[0] sspSolveTime[1] lpSolveTime[0] lb[129.053] ub[533.79] numArcs: [135785] numFixed: [3508] time: [1]
STATS - lpIterations[1] lagIterations[102] sspIterations[102] numSeparations[101] numCuts[0] compileTime[0] sspSolveTime[1] lpSolveTime[0] lb[130.69] ub[533.79] numArcs: [135853] numFixed: [3541] time: [1]
STATS - lpIterations[1] lagIterations[103] sspIterations[103] numSeparations[102] numCuts[0] compileTime[0] sspSolveTime[1] lpSolveTime[0] lb[131.86] ub[533.79] numArcs: [135933] numFixed: [3599] time: [1]
STATS - lpIterations[1] lagIterations[104] sspIterations[104] numSeparations[103] numCuts[0] compileTime[0] sspSolveTime[1] lpSolveTime[0] lb[133.319] ub[533.79] numArcs: [135938] numFixed: [3603] time: [1]
STATS - lpIterations[1] lagIterations[105] sspIterations[105] numSeparations[104] numCuts[0] compileTime[0] sspSolveTime[1] lpSolveTime[0] lb[134.514] ub[533.79] numArcs: [135987] numFixed: [3635] time: [1]
STATS - lpIterations[1] lagIterations[106] sspIterations[106] numSeparations[105] numCuts[0] compileTime[0] sspSolveTime[1] lpSolveTime[0] lb[135.944] ub[533.79] numArcs: [136117] numFixed: [3667] time: [1]
STATS - lpIterations[1] lagIterations[107] sspIterations[107] numSeparations[106] numCuts[0] compileTime[0] sspSolveTime[1] lpSolveTime[0] lb[137.188] ub[533.79] numArcs: [136139] numFixed: [3672] time: [1]
STATS - lpIterations[1] lagIterations[108] sspIterations[108] numSeparations[107] numCuts[0] compileTime[0] sspSolveTime[1] lpSolveTime[0] lb[138.541] ub[533.79] numArcs: [136257] numFixed: [3706] time: [1]
STATS - lpIterations[1] lagIterations[109] sspIterations[109] numSeparations[108] numCuts[0] compileTime[0] sspSolveTime[1] lpSolveTime[0] lb[139.804] ub[533.79] numArcs: [136288] numFixed: [3716] time: [1]
STATS - lpIterations[1] lagIterations[110] sspIterations[110] numSeparations[109] numCuts[0] compileTime[0] sspSolveTime[1] lpSolveTime[0] lb[141.39] ub[533.79] numArcs: [136410] numFixed: [3745] time: [2]
STATS - lpIterations[1] lagIterations[111] sspIterations[111] numSeparations[110] numCuts[0] compileTime[0] sspSolveTime[1] lpSolveTime[0] lb[142.544] ub[533.79] numArcs: [136417] numFixed: [3754] time: [2]
STATS - lpIterations[1] lagIterations[112] sspIterations[112] numSeparations[111] numCuts[0] compileTime[0] sspSolveTime[1] lpSolveTime[0] lb[144.309] ub[533.79] numArcs: [136466] numFixed: [3763] time: [2]
STATS - lpIterations[1] lagIterations[113] sspIterations[113] numSeparations[112] numCuts[0] compileTime[0] sspSolveTime[1] lpSolveTime[0] lb[145.361] ub[533.79] numArcs: [136535] numFixed: [3778] time: [2]
STATS - lpIterations[1] lagIterations[114] sspIterations[114] numSeparations[113] numCuts[0] compileTime[0] sspSolveTime[1] lpSolveTime[0] lb[147.154] ub[533.79] numArcs: [136552] numFixed: [3783] time: [2]
STATS - lpIterations[1] lagIterations[115] sspIterations[115] numSeparations[114] numCuts[0] compileTime[0] sspSolveTime[1] lpSolveTime[0] lb[148.182] ub[533.79] numArcs: [136600] numFixed: [3796] time: [2]
STATS - lpIterations[1] lagIterations[116] sspIterations[116] numSeparations[115] numCuts[0] compileTime[0] sspSolveTime[1] lpSolveTime[0] lb[149.922] ub[533.79] numArcs: [136643] numFixed: [3797] time: [2]
STATS - lpIterations[1] lagIterations[117] sspIterations[117] numSeparations[116] numCuts[0] compileTime[0] sspSolveTime[1] lpSolveTime[0] lb[151.154] ub[533.79] numArcs: [136665] numFixed: [3805] time: [2]
STATS - lpIterations[1] lagIterations[118] sspIterations[118] numSeparations[117] numCuts[0] compileTime[0] sspSolveTime[1] lpSolveTime[0] lb[152.698] ub[533.79] numArcs: [136680] numFixed: [3809] time: [2]
STATS - lpIterations[1] lagIterations[119] sspIterations[119] numSeparations[118] numCuts[0] compileTime[0] sspSolveTime[1] lpSolveTime[0] lb[154.013] ub[533.79] numArcs: [136714] numFixed: [3810] time: [2]
STATS - lpIterations[1] lagIterations[120] sspIterations[120] numSeparations[119] numCuts[0] compileTime[0] sspSolveTime[1] lpSolveTime[0] lb[155.688] ub[533.79] numArcs: [136856] numFixed: [3875] time: [2]
STATS - lpIterations[1] lagIterations[121] sspIterations[121] numSeparations[120] numCuts[0] compileTime[0] sspSolveTime[1] lpSolveTime[0] lb[156.911] ub[533.79] numArcs: [136871] numFixed: [3875] time: [2]
STATS - lpIterations[1] lagIterations[122] sspIterations[122] numSeparations[121] numCuts[0] compileTime[0] sspSolveTime[1] lpSolveTime[0] lb[158.581] ub[533.79] numArcs: [136893] numFixed: [3885] time: [2]
STATS - lpIterations[1] lagIterations[123] sspIterations[123] numSeparations[122] numCuts[0] compileTime[0] sspSolveTime[1] lpSolveTime[0] lb[159.709] ub[533.79] numArcs: [136911] numFixed: [3888] time: [2]
STATS - lpIterations[1] lagIterations[124] sspIterations[124] numSeparations[123] numCuts[0] compileTime[0] sspSolveTime[1] lpSolveTime[0] lb[161.397] ub[533.79] numArcs: [136927] numFixed: [3893] time: [2]
STATS - lpIterations[1] lagIterations[125] sspIterations[125] numSeparations[124] numCuts[0] compileTime[0] sspSolveTime[1] lpSolveTime[0] lb[162.602] ub[533.79] numArcs: [137002] numFixed: [3904] time: [2]
STATS - lpIterations[1] lagIterations[126] sspIterations[126] numSeparations[125] numCuts[0] compileTime[0] sspSolveTime[1] lpSolveTime[0] lb[164.171] ub[533.79] numArcs: [137078] numFixed: [3905] time: [2]
STATS - lpIterations[1] lagIterations[127] sspIterations[127] numSeparations[126] numCuts[0] compileTime[0] sspSolveTime[1] lpSolveTime[0] lb[165.572] ub[533.79] numArcs: [137091] numFixed: [3914] time: [2]
STATS - lpIterations[1] lagIterations[128] sspIterations[128] numSeparations[127] numCuts[0] compileTime[0] sspSolveTime[1] lpSolveTime[0] lb[166.967] ub[533.79] numArcs: [137111] numFixed: [3926] time: [2]
STATS - lpIterations[1] lagIterations[129] sspIterations[129] numSeparations[128] numCuts[0] compileTime[0] sspSolveTime[1] lpSolveTime[0] lb[168.385] ub[533.79] numArcs: [137146] numFixed: [3923] time: [2]
STATS - lpIterations[1] lagIterations[130] sspIterations[130] numSeparations[129] numCuts[0] compileTime[0] sspSolveTime[1] lpSolveTime[0] lb[169.764] ub[533.79] numArcs: [137158] numFixed: [3945] time: [2]
STATS - lpIterations[1] lagIterations[131] sspIterations[131] numSeparations[130] numCuts[0] compileTime[0] sspSolveTime[1] lpSolveTime[0] lb[170.954] ub[533.79] numArcs: [137246] numFixed: [3945] time: [2]
STATS - lpIterations[1] lagIterations[132] sspIterations[132] numSeparations[131] numCuts[0] compileTime[0] sspSolveTime[1] lpSolveTime[0] lb[172.802] ub[533.79] numArcs: [137283] numFixed: [3967] time: [2]
STATS - lpIterations[1] lagIterations[133] sspIterations[133] numSeparations[132] numCuts[0] compileTime[0] sspSolveTime[1] lpSolveTime[0] lb[174.227] ub[533.79] numArcs: [137384] numFixed: [3968] time: [2]
STATS - lpIterations[1] lagIterations[134] sspIterations[134] numSeparations[133] numCuts[0] compileTime[0] sspSolveTime[1] lpSolveTime[0] lb[175.668] ub[533.79] numArcs: [137389] numFixed: [3976] time: [2]
STATS - lpIterations[1] lagIterations[135] sspIterations[135] numSeparations[134] numCuts[0] compileTime[0] sspSolveTime[1] lpSolveTime[0] lb[176.608] ub[533.79] numArcs: [137452] numFixed: [3979] time: [2]
STATS - lpIterations[1] lagIterations[136] sspIterations[136] numSeparations[135] numCuts[0] compileTime[0] sspSolveTime[1] lpSolveTime[0] lb[178.252] ub[533.79] numArcs: [137630] numFixed: [4044] time: [2]
STATS - lpIterations[1] lagIterations[137] sspIterations[137] numSeparations[136] numCuts[0] compileTime[0] sspSolveTime[1] lpSolveTime[0] lb[180.175] ub[533.79] numArcs: [137673] numFixed: [4049] time: [2]
STATS - lpIterations[1] lagIterations[138] sspIterations[138] numSeparations[137] numCuts[0] compileTime[0] sspSolveTime[1] lpSolveTime[0] lb[181.019] ub[533.79] numArcs: [137676] numFixed: [4050] time: [2]
STATS - lpIterations[1] lagIterations[139] sspIterations[139] numSeparations[138] numCuts[0] compileTime[0] sspSolveTime[1] lpSolveTime[0] lb[183.332] ub[533.79] numArcs: [137722] numFixed: [4058] time: [2]
STATS - lpIterations[1] lagIterations[140] sspIterations[140] numSeparations[139] numCuts[0] compileTime[0] sspSolveTime[1] lpSolveTime[0] lb[183.501] ub[533.79] numArcs: [137733] numFixed: [4061] time: [2]
STATS - lpIterations[1] lagIterations[141] sspIterations[141] numSeparations[140] numCuts[0] compileTime[0] sspSolveTime[1] lpSolveTime[0] lb[186.449] ub[533.79] numArcs: [137786] numFixed: [4065] time: [2]
STATS - lpIterations[1] lagIterations[143] sspIterations[143] numSeparations[142] numCuts[0] compileTime[0] sspSolveTime[1] lpSolveTime[0] lb[189.559] ub[533.79] numArcs: [137894] numFixed: [4079] time: [2]
STATS - lpIterations[1] lagIterations[145] sspIterations[145] numSeparations[144] numCuts[0] compileTime[0] sspSolveTime[1] lpSolveTime[0] lb[192.495] ub[533.79] numArcs: [137963] numFixed: [4091] time: [2]
STATS - lpIterations[1] lagIterations[147] sspIterations[147] numSeparations[146] numCuts[0] compileTime[0] sspSolveTime[1] lpSolveTime[0] lb[195.609] ub[533.79] numArcs: [138011] numFixed: [4100] time: [2]
STATS - lpIterations[1] lagIterations[149] sspIterations[149] numSeparations[148] numCuts[0] compileTime[0] sspSolveTime[1] lpSolveTime[0] lb[197.385] ub[533.79] numArcs: [138048] numFixed: [4107] time: [2]
STATS - lpIterations[1] lagIterations[150] sspIterations[150] numSeparations[149] numCuts[0] compileTime[0] sspSolveTime[1] lpSolveTime[0] lb[198.065] ub[533.79] numArcs: [138033] numFixed: [4113] time: [2]
STATS - lpIterations[1] lagIterations[151] sspIterations[151] numSeparations[150] numCuts[0] compileTime[0] sspSolveTime[1] lpSolveTime[0] lb[200.638] ub[533.79] numArcs: [138139] numFixed: [4152] time: [2]
STATS - lpIterations[1] lagIterations[153] sspIterations[153] numSeparations[152] numCuts[0] compileTime[0] sspSolveTime[1] lpSolveTime[0] lb[203.882] ub[533.79] numArcs: [138259] numFixed: [4164] time: [2]
STATS - lpIterations[1] lagIterations[155] sspIterations[155] numSeparations[154] numCuts[0] compileTime[0] sspSolveTime[1] lpSolveTime[0] lb[207.424] ub[533.79] numArcs: [138353] numFixed: [4175] time: [2]
STATS - lpIterations[1] lagIterations[157] sspIterations[157] numSeparations[156] numCuts[0] compileTime[0] sspSolveTime[1] lpSolveTime[0] lb[209.775] ub[533.79] numArcs: [138484] numFixed: [4190] time: [2]
STATS - lpIterations[1] lagIterations[158] sspIterations[158] numSeparations[157] numCuts[0] compileTime[0] sspSolveTime[1] lpSolveTime[0] lb[209.99] ub[533.79] numArcs: [138536] numFixed: [4197] time: [2]
STATS - lpIterations[1] lagIterations[159] sspIterations[159] numSeparations[158] numCuts[0] compileTime[0] sspSolveTime[1] lpSolveTime[0] lb[212.468] ub[533.79] numArcs: [138583] numFixed: [4201] time: [2]
STATS - lpIterations[1] lagIterations[161] sspIterations[161] numSeparations[160] numCuts[0] compileTime[0] sspSolveTime[1] lpSolveTime[0] lb[215.468] ub[533.79] numArcs: [138830] numFixed: [4270] time: [2]
STATS - lpIterations[1] lagIterations[163] sspIterations[163] numSeparations[162] numCuts[0] compileTime[0] sspSolveTime[1] lpSolveTime[0] lb[218.869] ub[533.79] numArcs: [138908] numFixed: [4282] time: [3]
STATS - lpIterations[1] lagIterations[165] sspIterations[165] numSeparations[164] numCuts[0] compileTime[0] sspSolveTime[1] lpSolveTime[0] lb[222.123] ub[533.79] numArcs: [138997] numFixed: [4294] time: [3]
STATS - lpIterations[1] lagIterations[167] sspIterations[167] numSeparations[166] numCuts[0] compileTime[0] sspSolveTime[1] lpSolveTime[0] lb[224.814] ub[533.79] numArcs: [139179] numFixed: [4315] time: [3]
STATS - lpIterations[1] lagIterations[169] sspIterations[169] numSeparations[168] numCuts[0] compileTime[0] sspSolveTime[1] lpSolveTime[0] lb[228.228] ub[533.79] numArcs: [139241] numFixed: [4347] time: [3]
STATS - lpIterations[1] lagIterations[171] sspIterations[171] numSeparations[170] numCuts[0] compileTime[0] sspSolveTime[1] lpSolveTime[0] lb[231.161] ub[533.79] numArcs: [139348] numFixed: [4365] time: [3]
STATS - lpIterations[1] lagIterations[173] sspIterations[173] numSeparations[172] numCuts[0] compileTime[0] sspSolveTime[1] lpSolveTime[0] lb[233.674] ub[533.79] numArcs: [139428] numFixed: [4385] time: [3]
STATS - lpIterations[1] lagIterations[174] sspIterations[174] numSeparations[173] numCuts[0] compileTime[0] sspSolveTime[1] lpSolveTime[0] lb[233.867] ub[533.79] numArcs: [139536] numFixed: [4394] time: [3]
STATS - lpIterations[1] lagIterations[175] sspIterations[175] numSeparations[174] numCuts[0] compileTime[0] sspSolveTime[1] lpSolveTime[0] lb[236.502] ub[533.79] numArcs: [139582] numFixed: [4398] time: [3]
STATS - lpIterations[1] lagIterations[177] sspIterations[177] numSeparations[176] numCuts[0] compileTime[0] sspSolveTime[1] lpSolveTime[0] lb[239.503] ub[533.79] numArcs: [139739] numFixed: [4416] time: [3]
STATS - lpIterations[1] lagIterations[179] sspIterations[179] numSeparations[178] numCuts[0] compileTime[0] sspSolveTime[1] lpSolveTime[0] lb[243.103] ub[533.79] numArcs: [139766] numFixed: [4430] time: [3]
STATS - lpIterations[1] lagIterations[181] sspIterations[181] numSeparations[180] numCuts[0] compileTime[0] sspSolveTime[1] lpSolveTime[0] lb[246.138] ub[533.79] numArcs: [139998] numFixed: [4474] time: [3]
STATS - lpIterations[1] lagIterations[183] sspIterations[183] numSeparations[182] numCuts[0] compileTime[0] sspSolveTime[1] lpSolveTime[0] lb[248.788] ub[533.79] numArcs: [140058] numFixed: [4491] time: [3]
STATS - lpIterations[1] lagIterations[185] sspIterations[185] numSeparations[184] numCuts[0] compileTime[0] sspSolveTime[1] lpSolveTime[0] lb[252.367] ub[533.79] numArcs: [140148] numFixed: [4505] time: [3]
STATS - lpIterations[1] lagIterations[187] sspIterations[187] numSeparations[186] numCuts[0] compileTime[0] sspSolveTime[2] lpSolveTime[0] lb[255.503] ub[533.79] numArcs: [140202] numFixed: [4515] time: [3]
STATS - lpIterations[1] lagIterations[189] sspIterations[189] numSeparations[188] numCuts[0] compileTime[0] sspSolveTime[2] lpSolveTime[0] lb[258.781] ub[533.79] numArcs: [140300] numFixed: [4530] time: [3]
STATS - lpIterations[1] lagIterations[191] sspIterations[191] numSeparations[190] numCuts[0] compileTime[0] sspSolveTime[2] lpSolveTime[0] lb[261.851] ub[533.79] numArcs: [140393] numFixed: [4545] time: [3]
STATS - lpIterations[1] lagIterations[193] sspIterations[193] numSeparations[192] numCuts[0] compileTime[0] sspSolveTime[2] lpSolveTime[0] lb[265.376] ub[533.79] numArcs: [140456] numFixed: [4561] time: [3]
STATS - lpIterations[1] lagIterations[195] sspIterations[195] numSeparations[194] numCuts[0] compileTime[0] sspSolveTime[2] lpSolveTime[0] lb[268.958] ub[533.79] numArcs: [140537] numFixed: [4579] time: [3]
STATS - lpIterations[1] lagIterations[197] sspIterations[197] numSeparations[196] numCuts[0] compileTime[0] sspSolveTime[2] lpSolveTime[0] lb[272.374] ub[533.79] numArcs: [140608] numFixed: [4597] time: [3]
STATS - lpIterations[1] lagIterations[199] sspIterations[199] numSeparations[198] numCuts[0] compileTime[0] sspSolveTime[2] lpSolveTime[0] lb[275.923] ub[533.79] numArcs: [140804] numFixed: [4627] time: [3]
STATS - lpIterations[1] lagIterations[201] sspIterations[201] numSeparations[200] numCuts[0] compileTime[0] sspSolveTime[2] lpSolveTime[0] lb[279.266] ub[533.79] numArcs: [140956] numFixed: [4692] time: [3]
STATS - lpIterations[1] lagIterations[203] sspIterations[203] numSeparations[202] numCuts[0] compileTime[0] sspSolveTime[2] lpSolveTime[0] lb[282.641] ub[533.79] numArcs: [141094] numFixed: [4715] time: [3]
STATS - lpIterations[1] lagIterations[205] sspIterations[205] numSeparations[204] numCuts[0] compileTime[0] sspSolveTime[2] lpSolveTime[0] lb[286.331] ub[533.79] numArcs: [141336] numFixed: [4736] time: [3]
STATS - lpIterations[1] lagIterations[207] sspIterations[207] numSeparations[206] numCuts[0] compileTime[0] sspSolveTime[2] lpSolveTime[0] lb[288.987] ub[533.79] numArcs: [141409] numFixed: [4753] time: [3]
STATS - lpIterations[1] lagIterations[208] sspIterations[208] numSeparations[207] numCuts[0] compileTime[0] sspSolveTime[2] lpSolveTime[0] lb[289.043] ub[533.79] numArcs: [141443] numFixed: [4757] time: [3]
STATS - lpIterations[1] lagIterations[209] sspIterations[209] numSeparations[208] numCuts[0] compileTime[0] sspSolveTime[2] lpSolveTime[0] lb[292.298] ub[533.79] numArcs: [141477] numFixed: [4765] time: [3]
STATS - lpIterations[1] lagIterations[211] sspIterations[211] numSeparations[210] numCuts[0] compileTime[0] sspSolveTime[2] lpSolveTime[0] lb[295.956] ub[533.79] numArcs: [141607] numFixed: [4783] time: [3]
STATS - lpIterations[1] lagIterations[213] sspIterations[213] numSeparations[212] numCuts[0] compileTime[0] sspSolveTime[2] lpSolveTime[0] lb[299.499] ub[533.79] numArcs: [141780] numFixed: [4834] time: [3]
STATS - lpIterations[1] lagIterations[215] sspIterations[215] numSeparations[214] numCuts[0] compileTime[0] sspSolveTime[2] lpSolveTime[0] lb[301.941] ub[533.79] numArcs: [141897] numFixed: [4856] time: [4]
STATS - lpIterations[1] lagIterations[216] sspIterations[216] numSeparations[215] numCuts[0] compileTime[0] sspSolveTime[2] lpSolveTime[0] lb[302.41] ub[533.79] numArcs: [142060] numFixed: [4873] time: [4]
STATS - lpIterations[1] lagIterations[217] sspIterations[217] numSeparations[216] numCuts[0] compileTime[0] sspSolveTime[2] lpSolveTime[0] lb[305.678] ub[533.79] numArcs: [142078] numFixed: [4875] time: [4]
STATS - lpIterations[1] lagIterations[219] sspIterations[219] numSeparations[218] numCuts[0] compileTime[0] sspSolveTime[2] lpSolveTime[0] lb[308.583] ub[533.79] numArcs: [142188] numFixed: [4901] time: [4]
STATS - lpIterations[1] lagIterations[221] sspIterations[221] numSeparations[220] numCuts[0] compileTime[0] sspSolveTime[2] lpSolveTime[0] lb[311.418] ub[533.79] numArcs: [142258] numFixed: [4911] time: [4]
STATS - lpIterations[1] lagIterations[223] sspIterations[223] numSeparations[222] numCuts[0] compileTime[0] sspSolveTime[2] lpSolveTime[0] lb[314.634] ub[533.79] numArcs: [142359] numFixed: [4963] time: [4]
STATS - lpIterations[1] lagIterations[225] sspIterations[225] numSeparations[224] numCuts[0] compileTime[0] sspSolveTime[2] lpSolveTime[0] lb[317.326] ub[533.79] numArcs: [142448] numFixed: [4985] time: [4]
STATS - lpIterations[1] lagIterations[227] sspIterations[227] numSeparations[226] numCuts[0] compileTime[0] sspSolveTime[2] lpSolveTime[0] lb[320.881] ub[533.79] numArcs: [142542] numFixed: [5016] time: [4]
STATS - lpIterations[1] lagIterations[229] sspIterations[229] numSeparations[228] numCuts[0] compileTime[0] sspSolveTime[2] lpSolveTime[0] lb[324.481] ub[533.79] numArcs: [142602] numFixed: [5029] time: [4]
STATS - lpIterations[1] lagIterations[231] sspIterations[231] numSeparations[230] numCuts[0] compileTime[0] sspSolveTime[2] lpSolveTime[0] lb[328.015] ub[533.79] numArcs: [142758] numFixed: [5050] time: [4]
STATS - lpIterations[1] lagIterations[233] sspIterations[233] numSeparations[232] numCuts[0] compileTime[0] sspSolveTime[2] lpSolveTime[0] lb[331.621] ub[533.79] numArcs: [142790] numFixed: [5068] time: [4]
STATS - lpIterations[1] lagIterations[235] sspIterations[235] numSeparations[234] numCuts[0] compileTime[0] sspSolveTime[2] lpSolveTime[0] lb[334.555] ub[533.79] numArcs: [142918] numFixed: [5096] time: [4]
STATS - lpIterations[1] lagIterations[237] sspIterations[237] numSeparations[236] numCuts[0] compileTime[0] sspSolveTime[2] lpSolveTime[0] lb[338.06] ub[533.79] numArcs: [142950] numFixed: [5111] time: [4]
STATS - lpIterations[1] lagIterations[239] sspIterations[239] numSeparations[238] numCuts[0] compileTime[0] sspSolveTime[2] lpSolveTime[0] lb[341.693] ub[533.79] numArcs: [143014] numFixed: [5134] time: [4]
STATS - lpIterations[1] lagIterations[241] sspIterations[241] numSeparations[240] numCuts[0] compileTime[0] sspSolveTime[2] lpSolveTime[0] lb[345.025] ub[533.79] numArcs: [143253] numFixed: [5162] time: [4]
STATS - lpIterations[1] lagIterations[243] sspIterations[243] numSeparations[242] numCuts[0] compileTime[0] sspSolveTime[2] lpSolveTime[0] lb[348.715] ub[533.79] numArcs: [143500] numFixed: [5182] time: [4]
STATS - lpIterations[1] lagIterations[245] sspIterations[245] numSeparations[244] numCuts[0] compileTime[0] sspSolveTime[2] lpSolveTime[0] lb[352.368] ub[533.79] numArcs: [143684] numFixed: [5216] time: [4]
STATS - lpIterations[1] lagIterations[247] sspIterations[247] numSeparations[246] numCuts[0] compileTime[0] sspSolveTime[2] lpSolveTime[0] lb[355.346] ub[533.79] numArcs: [143754] numFixed: [5238] time: [4]
STATS - lpIterations[1] lagIterations[249] sspIterations[249] numSeparations[248] numCuts[0] compileTime[0] sspSolveTime[2] lpSolveTime[0] lb[358.695] ub[533.79] numArcs: [143995] numFixed: [5263] time: [4]
STATS - lpIterations[1] lagIterations[251] sspIterations[251] numSeparations[250] numCuts[0] compileTime[0] sspSolveTime[2] lpSolveTime[0] lb[362.587] ub[533.79] numArcs: [144203] numFixed: [5291] time: [4]
STATS - lpIterations[1] lagIterations[253] sspIterations[253] numSeparations[252] numCuts[0] compileTime[0] sspSolveTime[2] lpSolveTime[0] lb[365.398] ub[533.79] numArcs: [144308] numFixed: [5324] time: [4]
STATS - lpIterations[1] lagIterations[255] sspIterations[255] numSeparations[254] numCuts[0] compileTime[0] sspSolveTime[2] lpSolveTime[0] lb[368.65] ub[533.79] numArcs: [144417] numFixed: [5347] time: [4]
STATS - lpIterations[1] lagIterations[257] sspIterations[257] numSeparations[256] numCuts[0] compileTime[0] sspSolveTime[2] lpSolveTime[0] lb[372.256] ub[533.79] numArcs: [144470] numFixed: [5368] time: [4]
STATS - lpIterations[1] lagIterations[259] sspIterations[259] numSeparations[258] numCuts[0] compileTime[0] sspSolveTime[2] lpSolveTime[0] lb[375.835] ub[533.79] numArcs: [144527] numFixed: [5382] time: [4]
STATS - lpIterations[1] lagIterations[261] sspIterations[261] numSeparations[260] numCuts[0] compileTime[0] sspSolveTime[2] lpSolveTime[0] lb[379.214] ub[533.79] numArcs: [144576] numFixed: [5400] time: [4]
STATS - lpIterations[1] lagIterations[263] sspIterations[263] numSeparations[262] numCuts[0] compileTime[0] sspSolveTime[2] lpSolveTime[0] lb[383.123] ub[533.79] numArcs: [144694] numFixed: [5422] time: [5]
STATS - lpIterations[1] lagIterations[265] sspIterations[265] numSeparations[264] numCuts[0] compileTime[0] sspSolveTime[2] lpSolveTime[0] lb[386.363] ub[533.79] numArcs: [144738] numFixed: [5458] time: [5]
STATS - lpIterations[1] lagIterations[267] sspIterations[267] numSeparations[266] numCuts[0] compileTime[0] sspSolveTime[3] lpSolveTime[0] lb[389.429] ub[533.79] numArcs: [144798] numFixed: [5481] time: [5]
STATS - lpIterations[1] lagIterations[269] sspIterations[269] numSeparations[268] numCuts[0] compileTime[0] sspSolveTime[3] lpSolveTime[0] lb[392.844] ub[533.79] numArcs: [145033] numFixed: [5586] time: [5]
STATS - lpIterations[1] lagIterations[271] sspIterations[271] numSeparations[270] numCuts[0] compileTime[0] sspSolveTime[3] lpSolveTime[0] lb[395.784] ub[533.79] numArcs: [145120] numFixed: [5609] time: [5]
STATS - lpIterations[1] lagIterations[273] sspIterations[273] numSeparations[272] numCuts[0] compileTime[0] sspSolveTime[3] lpSolveTime[0] lb[399.223] ub[533.79] numArcs: [145224] numFixed: [5638] time: [5]
STATS - lpIterations[1] lagIterations[275] sspIterations[275] numSeparations[274] numCuts[0] compileTime[0] sspSolveTime[3] lpSolveTime[0] lb[402.075] ub[533.79] numArcs: [145368] numFixed: [5695] time: [5]
STATS - lpIterations[1] lagIterations[277] sspIterations[277] numSeparations[276] numCuts[0] compileTime[0] sspSolveTime[3] lpSolveTime[0] lb[405.666] ub[533.79] numArcs: [145613] numFixed: [5730] time: [5]
STATS - lpIterations[1] lagIterations[279] sspIterations[279] numSeparations[278] numCuts[0] compileTime[0] sspSolveTime[3] lpSolveTime[0] lb[407.844] ub[533.79] numArcs: [145811] numFixed: [5751] time: [5]
STATS - lpIterations[1] lagIterations[281] sspIterations[281] numSeparations[280] numCuts[0] compileTime[0] sspSolveTime[3] lpSolveTime[0] lb[411.179] ub[533.79] numArcs: [145902] numFixed: [5788] time: [5]
STATS - lpIterations[1] lagIterations[283] sspIterations[283] numSeparations[282] numCuts[0] compileTime[0] sspSolveTime[3] lpSolveTime[0] lb[414.581] ub[533.79] numArcs: [146078] numFixed: [5839] time: [5]
STATS - lpIterations[1] lagIterations[285] sspIterations[285] numSeparations[284] numCuts[0] compileTime[0] sspSolveTime[3] lpSolveTime[0] lb[416.514] ub[533.79] numArcs: [146113] numFixed: [5895] time: [5]
STATS - lpIterations[1] lagIterations[286] sspIterations[286] numSeparations[285] numCuts[0] compileTime[0] sspSolveTime[3] lpSolveTime[0] lb[416.654] ub[533.79] numArcs: [146138] numFixed: [6034] time: [5]
STATS - lpIterations[1] lagIterations[287] sspIterations[287] numSeparations[286] numCuts[0] compileTime[0] sspSolveTime[3] lpSolveTime[0] lb[419.913] ub[533.79] numArcs: [146135] numFixed: [5961] time: [5]
STATS - lpIterations[1] lagIterations[289] sspIterations[289] numSeparations[288] numCuts[0] compileTime[0] sspSolveTime[3] lpSolveTime[0] lb[422.467] ub[533.79] numArcs: [146220] numFixed: [6016] time: [5]
STATS - lpIterations[1] lagIterations[291] sspIterations[291] numSeparations[290] numCuts[0] compileTime[0] sspSolveTime[3] lpSolveTime[0] lb[426.221] ub[533.79] numArcs: [146367] numFixed: [6110] time: [5]
STATS - lpIterations[1] lagIterations[293] sspIterations[293] numSeparations[292] numCuts[0] compileTime[0] sspSolveTime[3] lpSolveTime[0] lb[429.246] ub[533.79] numArcs: [146396] numFixed: [6290] time: [5]
STATS - lpIterations[1] lagIterations[295] sspIterations[295] numSeparations[294] numCuts[0] compileTime[0] sspSolveTime[3] lpSolveTime[0] lb[432.548] ub[533.79] numArcs: [146645] numFixed: [6744] time: [5]
STATS - lpIterations[1] lagIterations[297] sspIterations[297] numSeparations[296] numCuts[0] compileTime[0] sspSolveTime[3] lpSolveTime[0] lb[433.77] ub[533.79] numArcs: [146812] numFixed: [7225] time: [5]
STATS - lpIterations[1] lagIterations[298] sspIterations[298] numSeparations[297] numCuts[0] compileTime[0] sspSolveTime[3] lpSolveTime[0] lb[435.176] ub[533.79] numArcs: [146826] numFixed: [7868] time: [5]
STATS - lpIterations[1] lagIterations[299] sspIterations[299] numSeparations[298] numCuts[0] compileTime[0] sspSolveTime[3] lpSolveTime[0] lb[436.163] ub[533.79] numArcs: [146870] numFixed: [7684] time: [5]
STATS - lpIterations[1] lagIterations[301] sspIterations[301] numSeparations[300] numCuts[0] compileTime[0] sspSolveTime[3] lpSolveTime[0] lb[439.776] ub[533.79] numArcs: [147029] numFixed: [7945] time: [5]
STATS - lpIterations[1] lagIterations[303] sspIterations[303] numSeparations[302] numCuts[0] compileTime[0] sspSolveTime[3] lpSolveTime[0] lb[441.146] ub[533.79] numArcs: [147062] numFixed: [8465] time: [5]
STATS - lpIterations[1] lagIterations[304] sspIterations[304] numSeparations[303] numCuts[0] compileTime[0] sspSolveTime[3] lpSolveTime[0] lb[442.743] ub[533.79] numArcs: [147075] numFixed: [9287] time: [5]
STATS - lpIterations[1] lagIterations[305] sspIterations[305] numSeparations[304] numCuts[0] compileTime[0] sspSolveTime[3] lpSolveTime[0] lb[443.52] ub[533.79] numArcs: [147185] numFixed: [9376] time: [5]
STATS - lpIterations[1] lagIterations[306] sspIterations[306] numSeparations[305] numCuts[0] compileTime[0] sspSolveTime[3] lpSolveTime[0] lb[444.401] ub[533.79] numArcs: [147210] numFixed: [10040] time: [6]
STATS - lpIterations[1] lagIterations[307] sspIterations[307] numSeparations[306] numCuts[0] compileTime[0] sspSolveTime[3] lpSolveTime[0] lb[445.496] ub[533.79] numArcs: [147379] numFixed: [9791] time: [6]
STATS - lpIterations[1] lagIterations[309] sspIterations[309] numSeparations[308] numCuts[0] compileTime[0] sspSolveTime[3] lpSolveTime[0] lb[446.46] ub[533.79] numArcs: [147560] numFixed: [10371] time: [6]
STATS - lpIterations[1] lagIterations[310] sspIterations[310] numSeparations[309] numCuts[0] compileTime[0] sspSolveTime[3] lpSolveTime[0] lb[449.02] ub[533.79] numArcs: [147603] numFixed: [11124] time: [6]
STATS - lpIterations[1] lagIterations[312] sspIterations[312] numSeparations[311] numCuts[0] compileTime[0] sspSolveTime[3] lpSolveTime[0] lb[452.104] ub[533.79] numArcs: [147733] numFixed: [11828] time: [6]
STATS - lpIterations[1] lagIterations[314] sspIterations[314] numSeparations[313] numCuts[0] compileTime[0] sspSolveTime[3] lpSolveTime[0] lb[452.953] ub[533.79] numArcs: [147838] numFixed: [13834] time: [6]
STATS - lpIterations[1] lagIterations[315] sspIterations[315] numSeparations[314] numCuts[0] compileTime[0] sspSolveTime[3] lpSolveTime[0] lb[455.808] ub[533.79] numArcs: [147887] numFixed: [15203] time: [6]
STATS - lpIterations[1] lagIterations[317] sspIterations[317] numSeparations[316] numCuts[0] compileTime[0] sspSolveTime[3] lpSolveTime[0] lb[456.978] ub[533.79] numArcs: [147948] numFixed: [16380] time: [6]
STATS - lpIterations[1] lagIterations[318] sspIterations[318] numSeparations[317] numCuts[0] compileTime[0] sspSolveTime[3] lpSolveTime[0] lb[458.964] ub[533.79] numArcs: [148017] numFixed: [18388] time: [6]
STATS - lpIterations[1] lagIterations[320] sspIterations[320] numSeparations[319] numCuts[0] compileTime[0] sspSolveTime[3] lpSolveTime[0] lb[460.991] ub[533.79] numArcs: [148081] numFixed: [20111] time: [6]
STATS - lpIterations[1] lagIterations[322] sspIterations[322] numSeparations[321] numCuts[0] compileTime[0] sspSolveTime[3] lpSolveTime[0] lb[461.599] ub[533.79] numArcs: [148139] numFixed: [22482] time: [6]
STATS - lpIterations[1] lagIterations[323] sspIterations[323] numSeparations[322] numCuts[0] compileTime[0] sspSolveTime[3] lpSolveTime[0] lb[464.207] ub[533.79] numArcs: [148185] numFixed: [23874] time: [6]
STATS - lpIterations[1] lagIterations[325] sspIterations[325] numSeparations[324] numCuts[0] compileTime[0] sspSolveTime[3] lpSolveTime[0] lb[465.487] ub[533.79] numArcs: [148358] numFixed: [25423] time: [6]
STATS - lpIterations[1] lagIterations[326] sspIterations[326] numSeparations[325] numCuts[0] compileTime[0] sspSolveTime[3] lpSolveTime[0] lb[466.764] ub[533.79] numArcs: [148396] numFixed: [28342] time: [6]
STATS - lpIterations[1] lagIterations[328] sspIterations[328] numSeparations[327] numCuts[0] compileTime[0] sspSolveTime[3] lpSolveTime[0] lb[469.258] ub[533.79] numArcs: [148517] numFixed: [29763] time: [6]
STATS - lpIterations[1] lagIterations[331] sspIterations[331] numSeparations[330] numCuts[0] compileTime[0] sspSolveTime[4] lpSolveTime[0] lb[472.363] ub[533.79] numArcs: [148682] numFixed: [35555] time: [6]
STATS - lpIterations[1] lagIterations[333] sspIterations[333] numSeparations[332] numCuts[0] compileTime[0] sspSolveTime[4] lpSolveTime[0] lb[472.536] ub[533.79] numArcs: [148811] numFixed: [37368] time: [6]
STATS - lpIterations[1] lagIterations[334] sspIterations[334] numSeparations[333] numCuts[0] compileTime[0] sspSolveTime[4] lpSolveTime[0] lb[473.057] ub[533.79] numArcs: [148878] numFixed: [40203] time: [6]
STATS - lpIterations[1] lagIterations[335] sspIterations[335] numSeparations[334] numCuts[0] compileTime[0] sspSolveTime[4] lpSolveTime[0] lb[473.662] ub[533.79] numArcs: [148907] numFixed: [41249] time: [6]
STATS - lpIterations[1] lagIterations[336] sspIterations[336] numSeparations[335] numCuts[0] compileTime[0] sspSolveTime[4] lpSolveTime[0] lb[474.785] ub[533.79] numArcs: [148949] numFixed: [40539] time: [6]
STATS - lpIterations[1] lagIterations[337] sspIterations[337] numSeparations[336] numCuts[0] compileTime[0] sspSolveTime[4] lpSolveTime[0] lb[474.902] ub[533.79] numArcs: [149003] numFixed: [42624] time: [7]
STATS - lpIterations[1] lagIterations[338] sspIterations[338] numSeparations[337] numCuts[0] compileTime[0] sspSolveTime[4] lpSolveTime[0] lb[475.014] ub[533.79] numArcs: [149232] numFixed: [43623] time: [7]
STATS - lpIterations[1] lagIterations[339] sspIterations[339] numSeparations[338] numCuts[0] compileTime[0] sspSolveTime[4] lpSolveTime[0] lb[476.017] ub[533.79] numArcs: [149253] numFixed: [42570] time: [7]
STATS - lpIterations[1] lagIterations[342] sspIterations[342] numSeparations[341] numCuts[0] compileTime[0] sspSolveTime[4] lpSolveTime[0] lb[479.167] ub[533.79] numArcs: [149415] numFixed: [45930] time: [7]
switching from LAG to LP solver
num vars: 101507
STATS - lpIterations[2] lagIterations[343] sspIterations[343] numSeparations[342] numCuts[0] compileTime[0] sspSolveTime[4] lpSolveTime[10] lb[493.611] ub[533.79] numArcs: [149425] numFixed: [49606] time: [18]
num vars: 106609
STATS - lpIterations[3] lagIterations[343] sspIterations[343] numSeparations[345] numCuts[0] compileTime[0] sspSolveTime[4] lpSolveTime[24] lb[493.611] ub[533.79] numArcs: [149817] numFixed: [44896] time: [32]
num vars: 78298
STATS - lpIterations[4] lagIterations[343] sspIterations[343] numSeparations[350] numCuts[0] compileTime[0] sspSolveTime[4] lpSolveTime[37] lb[493.857] ub[533.79] numArcs: [150126] numFixed: [73516] time: [45]
num vars: 77444
STATS - lpIterations[5] lagIterations[343] sspIterations[343] numSeparations[360] numCuts[0] compileTime[0] sspSolveTime[4] lpSolveTime[52] lb[493.947] ub[533.79] numArcs: [150733] numFixed: [74977] time: [60]
num vars: 76818
STATS - lpIterations[6] lagIterations[343] sspIterations[343] numSeparations[367] numCuts[0] compileTime[0] sspSolveTime[4] lpSolveTime[65] lb[494.343] ub[533.79] numArcs: [151011] numFixed: [75881] time: [72]
num vars: 76851
STATS - lpIterations[7] lagIterations[343] sspIterations[343] numSeparations[376] numCuts[0] compileTime[0] sspSolveTime[4] lpSolveTime[75] lb[494.486] ub[533.79] numArcs: [151388] numFixed: [76225] time: [83]
num vars: 78479
STATS - lpIterations[8] lagIterations[343] sspIterations[343] numSeparations[389] numCuts[0] compileTime[0] sspSolveTime[4] lpSolveTime[87] lb[494.841] ub[533.79] numArcs: [151789] numFixed: [74998] time: [95]
num vars: 77966
STATS - lpIterations[9] lagIterations[343] sspIterations[343] numSeparations[400] numCuts[0] compileTime[0] sspSolveTime[4] lpSolveTime[97] lb[495.047] ub[533.79] numArcs: [152100] numFixed: [75822] time: [104]
num vars: 78815
STATS - lpIterations[10] lagIterations[343] sspIterations[343] numSeparations[408] numCuts[0] compileTime[0] sspSolveTime[4] lpSolveTime[107] lb[495.129] ub[533.79] numArcs: [152437] numFixed: [75310] time: [114]
num vars: 78491
STATS - lpIterations[11] lagIterations[343] sspIterations[343] numSeparations[420] numCuts[0] compileTime[0] sspSolveTime[4] lpSolveTime[125] lb[495.398] ub[533.79] numArcs: [152999] numFixed: [76196] time: [132]
num vars: 80246
STATS - lpIterations[12] lagIterations[343] sspIterations[343] numSeparations[438] numCuts[0] compileTime[0] sspSolveTime[4] lpSolveTime[138] lb[495.681] ub[533.79] numArcs: [153604] numFixed: [75046] time: [145]
num vars: 80048
STATS - lpIterations[13] lagIterations[343] sspIterations[343] numSeparations[455] numCuts[0] compileTime[0] sspSolveTime[4] lpSolveTime[153] lb[495.844] ub[533.79] numArcs: [154302] numFixed: [75942] time: [160]
num vars: 80813
STATS - lpIterations[14] lagIterations[343] sspIterations[343] numSeparations[472] numCuts[0] compileTime[0] sspSolveTime[4] lpSolveTime[167] lb[496.064] ub[533.79] numArcs: [154752] numFixed: [75627] time: [175]
num vars: 80864
STATS - lpIterations[15] lagIterations[343] sspIterations[343] numSeparations[487] numCuts[0] compileTime[0] sspSolveTime[4] lpSolveTime[182] lb[496.163] ub[533.79] numArcs: [155182] numFixed: [76006] time: [189]
num vars: 81347
STATS - lpIterations[16] lagIterations[343] sspIterations[343] numSeparations[507] numCuts[0] compileTime[0] sspSolveTime[4] lpSolveTime[199] lb[496.301] ub[533.79] numArcs: [156029] numFixed: [76370] time: [207]
num vars: 81221
STATS - lpIterations[17] lagIterations[343] sspIterations[343] numSeparations[526] numCuts[0] compileTime[0] sspSolveTime[4] lpSolveTime[216] lb[496.474] ub[533.79] numArcs: [156758] numFixed: [77225] time: [224]
num vars: 81594
STATS - lpIterations[18] lagIterations[343] sspIterations[343] numSeparations[544] numCuts[0] compileTime[0] sspSolveTime[4] lpSolveTime[230] lb[496.557] ub[533.79] numArcs: [157542] numFixed: [77636] time: [238]
num vars: 81604
STATS - lpIterations[19] lagIterations[343] sspIterations[343] numSeparations[563] numCuts[0] compileTime[0] sspSolveTime[4] lpSolveTime[245] lb[496.716] ub[533.79] numArcs: [158332] numFixed: [78416] time: [253]
num vars: 82066
STATS - lpIterations[20] lagIterations[343] sspIterations[343] numSeparations[584] numCuts[0] compileTime[0] sspSolveTime[4] lpSolveTime[259] lb[496.834] ub[533.79] numArcs: [159197] numFixed: [78819] time: [267]
num vars: 81970
STATS - lpIterations[21] lagIterations[343] sspIterations[343] numSeparations[603] numCuts[0] compileTime[0] sspSolveTime[4] lpSolveTime[277] lb[496.919] ub[533.79] numArcs: [159818] numFixed: [79536] time: [285]
num vars: 82674
STATS - lpIterations[22] lagIterations[343] sspIterations[343] numSeparations[615] numCuts[0] compileTime[0] sspSolveTime[4] lpSolveTime[292] lb[496.994] ub[533.79] numArcs: [160199] numFixed: [79213] time: [300]
num vars: 82728
STATS - lpIterations[23] lagIterations[343] sspIterations[343] numSeparations[635] numCuts[0] compileTime[0] sspSolveTime[4] lpSolveTime[310] lb[497.093] ub[533.79] numArcs: [160720] numFixed: [79680] time: [318]
num vars: 83001
STATS - lpIterations[24] lagIterations[343] sspIterations[343] numSeparations[650] numCuts[0] compileTime[0] sspSolveTime[4] lpSolveTime[326] lb[497.166] ub[533.79] numArcs: [161362] numFixed: [80049] time: [334]
num vars: 83364
STATS - lpIterations[25] lagIterations[343] sspIterations[343] numSeparations[668] numCuts[0] compileTime[0] sspSolveTime[4] lpSolveTime[342] lb[497.23] ub[533.79] numArcs: [161889] numFixed: [80213] time: [350]
num vars: 83495
STATS - lpIterations[26] lagIterations[343] sspIterations[343] numSeparations[685] numCuts[0] compileTime[0] sspSolveTime[4] lpSolveTime[356] lb[497.292] ub[533.79] numArcs: [162345] numFixed: [80538] time: [364]
num vars: 84019
STATS - lpIterations[27] lagIterations[343] sspIterations[343] numSeparations[700] numCuts[0] compileTime[0] sspSolveTime[4] lpSolveTime[369] lb[497.376] ub[533.79] numArcs: [162809] numFixed: [80478] time: [377]
num vars: 84310
STATS - lpIterations[28] lagIterations[343] sspIterations[343] numSeparations[717] numCuts[0] compileTime[0] sspSolveTime[4] lpSolveTime[388] lb[497.46] ub[533.79] numArcs: [163327] numFixed: [80705] time: [396]
num vars: 84262
STATS - lpIterations[29] lagIterations[343] sspIterations[343] numSeparations[734] numCuts[0] compileTime[0] sspSolveTime[4] lpSolveTime[404] lb[497.482] ub[533.79] numArcs: [163800] numFixed: [81226] time: [412]
num vars: 84841
STATS - lpIterations[30] lagIterations[343] sspIterations[343] numSeparations[752] numCuts[0] compileTime[0] sspSolveTime[4] lpSolveTime[418] lb[497.544] ub[533.79] numArcs: [164379] numFixed: [81226] time: [427]
num vars: 85236
STATS - lpIterations[31] lagIterations[343] sspIterations[343] numSeparations[772] numCuts[0] compileTime[0] sspSolveTime[4] lpSolveTime[432] lb[497.59] ub[533.79] numArcs: [164981] numFixed: [81431] time: [441]
num vars: 85748
STATS - lpIterations[32] lagIterations[343] sspIterations[343] numSeparations[790] numCuts[0] compileTime[0] sspSolveTime[4] lpSolveTime[449] lb[497.617] ub[533.79] numArcs: [165443] numFixed: [81381] time: [458]
num vars: 86070
STATS - lpIterations[33] lagIterations[343] sspIterations[343] numSeparations[809] numCuts[0] compileTime[0] sspSolveTime[4] lpSolveTime[466] lb[497.65] ub[533.79] numArcs: [166070] numFixed: [81686] time: [474]
num vars: 86208
STATS - lpIterations[34] lagIterations[343] sspIterations[343] numSeparations[826] numCuts[0] compileTime[0] sspSolveTime[4] lpSolveTime[484] lb[497.695] ub[533.79] numArcs: [166512] numFixed: [81990] time: [493]
num vars: 86603
STATS - lpIterations[35] lagIterations[343] sspIterations[343] numSeparations[845] numCuts[0] compileTime[0] sspSolveTime[4] lpSolveTime[501] lb[497.765] ub[533.79] numArcs: [167068] numFixed: [82151] time: [510]
num vars: 86980
STATS - lpIterations[36] lagIterations[343] sspIterations[343] numSeparations[868] numCuts[0] compileTime[0] sspSolveTime[4] lpSolveTime[517] lb[497.831] ub[533.79] numArcs: [167681] numFixed: [82387] time: [526]
num vars: 87274
STATS - lpIterations[37] lagIterations[343] sspIterations[343] numSeparations[893] numCuts[0] compileTime[0] sspSolveTime[4] lpSolveTime[532] lb[497.909] ub[533.79] numArcs: [168283] numFixed: [82695] time: [541]
num vars: 87231
STATS - lpIterations[38] lagIterations[343] sspIterations[343] numSeparations[911] numCuts[0] compileTime[0] sspSolveTime[4] lpSolveTime[550] lb[497.939] ub[533.79] numArcs: [168871] numFixed: [83326] time: [559]
num vars: 87768
STATS - lpIterations[39] lagIterations[343] sspIterations[343] numSeparations[932] numCuts[0] compileTime[0] sspSolveTime[4] lpSolveTime[565] lb[498.004] ub[533.79] numArcs: [169555] numFixed: [83473] time: [574]
num vars: 88122
STATS - lpIterations[40] lagIterations[343] sspIterations[343] numSeparations[952] numCuts[0] compileTime[0] sspSolveTime[4] lpSolveTime[583] lb[498.064] ub[533.79] numArcs: [170308] numFixed: [83872] time: [592]
num vars: 88377
STATS - lpIterations[41] lagIterations[343] sspIterations[343] numSeparations[970] numCuts[0] compileTime[0] sspSolveTime[4] lpSolveTime[602] lb[498.113] ub[533.79] numArcs: [170732] numFixed: [84041] time: [611]
num vars: 88910
STATS - lpIterations[42] lagIterations[343] sspIterations[343] numSeparations[991] numCuts[0] compileTime[0] sspSolveTime[4] lpSolveTime[620] lb[498.141] ub[533.79] numArcs: [171463] numFixed: [84239] time: [629]
num vars: 89386
STATS - lpIterations[43] lagIterations[343] sspIterations[343] numSeparations[1013] numCuts[0] compileTime[0] sspSolveTime[4] lpSolveTime[639] lb[498.172] ub[533.79] numArcs: [171896] numFixed: [84196] time: [648]
num vars: 89629
STATS - lpIterations[44] lagIterations[343] sspIterations[343] numSeparations[1030] numCuts[0] compileTime[0] sspSolveTime[4] lpSolveTime[660] lb[498.216] ub[533.79] numArcs: [172494] numFixed: [84551] time: [669]
num vars: 89981
STATS - lpIterations[45] lagIterations[343] sspIterations[343] numSeparations[1053] numCuts[0] compileTime[0] sspSolveTime[4] lpSolveTime[677] lb[498.259] ub[533.79] numArcs: [173080] numFixed: [84785] time: [686]
num vars: 90393
STATS - lpIterations[46] lagIterations[343] sspIterations[343] numSeparations[1076] numCuts[0] compileTime[0] sspSolveTime[4] lpSolveTime[694] lb[498.295] ub[533.79] numArcs: [173656] numFixed: [84949] time: [704]
num vars: 90706
STATS - lpIterations[47] lagIterations[343] sspIterations[343] numSeparations[1097] numCuts[0] compileTime[0] sspSolveTime[4] lpSolveTime[712] lb[498.319] ub[533.79] numArcs: [174113] numFixed: [85093] time: [721]
num vars: 90975
STATS - lpIterations[48] lagIterations[343] sspIterations[343] numSeparations[1118] numCuts[0] compileTime[0] sspSolveTime[4] lpSolveTime[733] lb[498.354] ub[533.79] numArcs: [174627] numFixed: [85338] time: [743]
num vars: 91379
STATS - lpIterations[49] lagIterations[343] sspIterations[343] numSeparations[1143] numCuts[0] compileTime[0] sspSolveTime[4] lpSolveTime[754] lb[498.374] ub[533.79] numArcs: [175228] numFixed: [85535] time: [763]
num vars: 91800
STATS - lpIterations[50] lagIterations[343] sspIterations[343] numSeparations[1167] numCuts[0] compileTime[0] sspSolveTime[4] lpSolveTime[772] lb[498.422] ub[533.79] numArcs: [175744] numFixed: [85630] time: [781]
num vars: 92144
STATS - lpIterations[51] lagIterations[343] sspIterations[343] numSeparations[1189] numCuts[0] compileTime[0] sspSolveTime[4] lpSolveTime[792] lb[498.464] ub[533.79] numArcs: [176276] numFixed: [85818] time: [801]
num vars: 92357
STATS - lpIterations[52] lagIterations[343] sspIterations[343] numSeparations[1215] numCuts[0] compileTime[0] sspSolveTime[4] lpSolveTime[815] lb[498.499] ub[533.79] numArcs: [176933] numFixed: [86262] time: [824]
num vars: 92462
STATS - lpIterations[53] lagIterations[343] sspIterations[343] numSeparations[1236] numCuts[0] compileTime[0] sspSolveTime[4] lpSolveTime[835] lb[498.53] ub[533.79] numArcs: [177356] numFixed: [86580] time: [845]
num vars: 92807
STATS - lpIterations[54] lagIterations[343] sspIterations[343] numSeparations[1257] numCuts[0] compileTime[0] sspSolveTime[4] lpSolveTime[856] lb[498.55] ub[533.79] numArcs: [177867] numFixed: [86746] time: [866]
num vars: 93004
STATS - lpIterations[55] lagIterations[343] sspIterations[343] numSeparations[1277] numCuts[0] compileTime[0] sspSolveTime[4] lpSolveTime[879] lb[498.577] ub[533.79] numArcs: [178450] numFixed: [87132] time: [888]
num vars: 93229
STATS - lpIterations[56] lagIterations[343] sspIterations[343] numSeparations[1300] numCuts[0] compileTime[0] sspSolveTime[4] lpSolveTime[900] lb[498.611] ub[533.79] numArcs: [179056] numFixed: [87513] time: [910]
num vars: 93509
STATS - lpIterations[57] lagIterations[343] sspIterations[343] numSeparations[1323] numCuts[0] compileTime[0] sspSolveTime[4] lpSolveTime[923] lb[498.649] ub[533.79] numArcs: [179586] numFixed: [87763] time: [932]
num vars: 93596
STATS - lpIterations[58] lagIterations[343] sspIterations[343] numSeparations[1347] numCuts[0] compileTime[0] sspSolveTime[4] lpSolveTime[943] lb[498.686] ub[533.79] numArcs: [180237] numFixed: [88327] time: [953]
num vars: 93949
STATS - lpIterations[59] lagIterations[343] sspIterations[343] numSeparations[1369] numCuts[0] compileTime[0] sspSolveTime[4] lpSolveTime[965] lb[498.715] ub[533.79] numArcs: [180902] numFixed: [88639] time: [975]
num vars: 94330
STATS - lpIterations[60] lagIterations[343] sspIterations[343] numSeparations[1391] numCuts[0] compileTime[0] sspSolveTime[4] lpSolveTime[987] lb[498.768] ub[533.79] numArcs: [181439] numFixed: [88795] time: [997]
num vars: 94724
STATS - lpIterations[61] lagIterations[343] sspIterations[343] numSeparations[1413] numCuts[0] compileTime[0] sspSolveTime[4] lpSolveTime[1010] lb[498.805] ub[533.79] numArcs: [182139] numFixed: [89101] time: [1020]
num vars: 95281
STATS - lpIterations[62] lagIterations[343] sspIterations[343] numSeparations[1435] numCuts[0] compileTime[0] sspSolveTime[4] lpSolveTime[1029] lb[498.846] ub[533.79] numArcs: [182934] numFixed: [89339] time: [1039]
num vars: 95538
STATS - lpIterations[63] lagIterations[343] sspIterations[343] numSeparations[1456] numCuts[0] compileTime[0] sspSolveTime[4] lpSolveTime[1052] lb[498.877] ub[533.79] numArcs: [183415] numFixed: [89563] time: [1062]
num vars: 95401
STATS - lpIterations[64] lagIterations[343] sspIterations[343] numSeparations[1478] numCuts[0] compileTime[0] sspSolveTime[4] lpSolveTime[1077] lb[498.91] ub[533.79] numArcs: [184027] numFixed: [90312] time: [1088]
num vars: 95733
STATS - lpIterations[65] lagIterations[343] sspIterations[343] numSeparations[1495] numCuts[0] compileTime[0] sspSolveTime[4] lpSolveTime[1100] lb[498.928] ub[533.79] numArcs: [184553] numFixed: [90506] time: [1110]
num vars: 96142
STATS - lpIterations[66] lagIterations[343] sspIterations[343] numSeparations[1517] numCuts[0] compileTime[0] sspSolveTime[4] lpSolveTime[1122] lb[498.945] ub[533.79] numArcs: [185209] numFixed: [90753] time: [1132]
num vars: 96303
STATS - lpIterations[67] lagIterations[343] sspIterations[343] numSeparations[1536] numCuts[0] compileTime[0] sspSolveTime[4] lpSolveTime[1144] lb[498.985] ub[533.79] numArcs: [185543] numFixed: [90926] time: [1154]
num vars: 96686
STATS - lpIterations[68] lagIterations[343] sspIterations[343] numSeparations[1561] numCuts[0] compileTime[0] sspSolveTime[4] lpSolveTime[1169] lb[499.011] ub[533.79] numArcs: [186171] numFixed: [91171] time: [1179]
num vars: 96979
STATS - lpIterations[69] lagIterations[343] sspIterations[343] numSeparations[1581] numCuts[0] compileTime[0] sspSolveTime[4] lpSolveTime[1192] lb[499.032] ub[533.79] numArcs: [186878] numFixed: [91585] time: [1202]
num vars: 97405
STATS - lpIterations[70] lagIterations[343] sspIterations[343] numSeparations[1602] numCuts[0] compileTime[0] sspSolveTime[4] lpSolveTime[1218] lb[499.059] ub[533.79] numArcs: [187447] numFixed: [91728] time: [1228]
num vars: 97716
STATS - lpIterations[71] lagIterations[343] sspIterations[343] numSeparations[1625] numCuts[0] compileTime[0] sspSolveTime[4] lpSolveTime[1238] lb[499.103] ub[533.79] numArcs: [188053] numFixed: [92023] time: [1248]
num vars: 98024
STATS - lpIterations[72] lagIterations[343] sspIterations[343] numSeparations[1648] numCuts[0] compileTime[0] sspSolveTime[4] lpSolveTime[1260] lb[499.119] ub[533.79] numArcs: [188662] numFixed: [92324] time: [1271]
num vars: 98412
STATS - lpIterations[73] lagIterations[343] sspIterations[343] numSeparations[1670] numCuts[0] compileTime[0] sspSolveTime[4] lpSolveTime[1283] lb[499.142] ub[533.79] numArcs: [189291] numFixed: [92565] time: [1294]
num vars: 98754
STATS - lpIterations[74] lagIterations[343] sspIterations[343] numSeparations[1689] numCuts[0] compileTime[0] sspSolveTime[4] lpSolveTime[1309] lb[499.164] ub[533.79] numArcs: [189778] numFixed: [92710] time: [1320]
num vars: 99058
STATS - lpIterations[75] lagIterations[343] sspIterations[343] numSeparations[1709] numCuts[0] compileTime[0] sspSolveTime[4] lpSolveTime[1335] lb[499.182] ub[533.79] numArcs: [190225] numFixed: [92853] time: [1345]
num vars: 99282
STATS - lpIterations[76] lagIterations[343] sspIterations[343] numSeparations[1732] numCuts[0] compileTime[0] sspSolveTime[4] lpSolveTime[1359] lb[499.2] ub[533.79] numArcs: [190701] numFixed: [93105] time: [1370]
num vars: 99619
STATS - lpIterations[77] lagIterations[343] sspIterations[343] numSeparations[1755] numCuts[0] compileTime[0] sspSolveTime[4] lpSolveTime[1387] lb[499.233] ub[533.79] numArcs: [191315] numFixed: [93382] time: [1398]
num vars: 100030
STATS - lpIterations[78] lagIterations[343] sspIterations[343] numSeparations[1776] numCuts[0] compileTime[0] sspSolveTime[4] lpSolveTime[1413] lb[499.259] ub[533.79] numArcs: [191940] numFixed: [93596] time: [1425]
num vars: 100402
STATS - lpIterations[79] lagIterations[343] sspIterations[343] numSeparations[1799] numCuts[0] compileTime[0] sspSolveTime[4] lpSolveTime[1442] lb[499.292] ub[533.79] numArcs: [192575] numFixed: [93859] time: [1453]
num vars: 100727
STATS - lpIterations[80] lagIterations[343] sspIterations[343] numSeparations[1820] numCuts[0] compileTime[0] sspSolveTime[4] lpSolveTime[1468] lb[499.318] ub[533.79] numArcs: [193100] numFixed: [94059] time: [1479]
num vars: 101145
STATS - lpIterations[81] lagIterations[343] sspIterations[343] numSeparations[1842] numCuts[0] compileTime[0] sspSolveTime[4] lpSolveTime[1494] lb[499.34] ub[533.79] numArcs: [193774] numFixed: [94315] time: [1505]
num vars: 101310
STATS - lpIterations[82] lagIterations[343] sspIterations[343] numSeparations[1862] numCuts[0] compileTime[0] sspSolveTime[4] lpSolveTime[1521] lb[499.353] ub[533.79] numArcs: [194421] numFixed: [94797] time: [1532]
num vars: 101619
STATS - lpIterations[83] lagIterations[343] sspIterations[343] numSeparations[1883] numCuts[0] compileTime[0] sspSolveTime[4] lpSolveTime[1549] lb[499.373] ub[533.79] numArcs: [194895] numFixed: [94962] time: [1561]
num vars: 101945
STATS - lpIterations[84] lagIterations[343] sspIterations[343] numSeparations[1907] numCuts[0] compileTime[0] sspSolveTime[4] lpSolveTime[1577] lb[499.392] ub[533.79] numArcs: [195549] numFixed: [95290] time: [1588]
num vars: 102190
STATS - lpIterations[85] lagIterations[343] sspIterations[343] numSeparations[1931] numCuts[0] compileTime[0] sspSolveTime[4] lpSolveTime[1603] lb[499.427] ub[533.79] numArcs: [195996] numFixed: [95492] time: [1615]
num vars: 102434
STATS - lpIterations[86] lagIterations[343] sspIterations[343] numSeparations[1953] numCuts[0] compileTime[0] sspSolveTime[4] lpSolveTime[1630] lb[499.447] ub[533.79] numArcs: [196426] numFixed: [95678] time: [1642]
num vars: 102703
STATS - lpIterations[87] lagIterations[343] sspIterations[343] numSeparations[1973] numCuts[0] compileTime[0] sspSolveTime[4] lpSolveTime[1658] lb[499.465] ub[533.79] numArcs: [196749] numFixed: [95732] time: [1670]
num vars: 102813
STATS - lpIterations[88] lagIterations[343] sspIterations[343] numSeparations[1991] numCuts[0] compileTime[0] sspSolveTime[4] lpSolveTime[1688] lb[499.494] ub[533.79] numArcs: [197042] numFixed: [95915] time: [1700]
num vars: 103116
STATS - lpIterations[89] lagIterations[343] sspIterations[343] numSeparations[2016] numCuts[0] compileTime[0] sspSolveTime[4] lpSolveTime[1716] lb[499.528] ub[533.79] numArcs: [197558] numFixed: [96128] time: [1728]
num vars: 103360
STATS - lpIterations[90] lagIterations[343] sspIterations[343] numSeparations[2035] numCuts[0] compileTime[0] sspSolveTime[4] lpSolveTime[1744] lb[499.536] ub[533.79] numArcs: [197943] numFixed: [96269] time: [1756]
num vars: 103721
STATS - lpIterations[91] lagIterations[343] sspIterations[343] numSeparations[2058] numCuts[0] compileTime[0] sspSolveTime[4] lpSolveTime[1771] lb[499.544] ub[533.79] numArcs: [198649] numFixed: [96614] time: [1783]
num vars: 104104
STATS - lpIterations[92] lagIterations[343] sspIterations[343] numSeparations[2077] numCuts[0] compileTime[0] sspSolveTime[4] lpSolveTime[1797] lb[499.574] ub[533.79] numArcs: [199217] numFixed: [96799] time: [1809]
num vars: 104417
