num loc: 31
instance upper bound: 701.26
compiling DD
time step mult: 10000
time step: 1000000
cap step: 1
done compiling DD
batch size for lag: 1
iteration delay to start separating: 0
optimality gap to start repairing: 100
percent fixed to change to CPLEX: 97.5
num arcs to change to CPLEX: 100000
num arcs to change to LAG: 999999999
STATS - lpIterations[0] lagIterations[0] sspIterations[0] numSeparations[0] numCuts[0] compileTime[0] sspSolveTime[0] lpSolveTime[0] lb[0] ub[701.26] numArcs: [118596] numFixed: [0] time: [0]
STATS - lpIterations[1] lagIterations[0] sspIterations[0] numSeparations[0] numCuts[0] compileTime[0] sspSolveTime[0] lpSolveTime[0] lb[0] ub[701.26] numArcs: [118596] numFixed: [0] time: [0]
STATS - lpIterations[1] lagIterations[1] sspIterations[1] numSeparations[0] numCuts[0] compileTime[0] sspSolveTime[0] lpSolveTime[0] lb[254.905] ub[701.26] numArcs: [118565] numFixed: [0] time: [0]
STATS - lpIterations[1] lagIterations[2] sspIterations[2] numSeparations[1] numCuts[0] compileTime[0] sspSolveTime[0] lpSolveTime[0] lb[267.441] ub[701.26] numArcs: [118643] numFixed: [2724] time: [0]
STATS - lpIterations[1] lagIterations[3] sspIterations[3] numSeparations[2] numCuts[0] compileTime[0] sspSolveTime[0] lpSolveTime[0] lb[280.5] ub[701.26] numArcs: [118722] numFixed: [2816] time: [0]
STATS - lpIterations[1] lagIterations[4] sspIterations[4] numSeparations[3] numCuts[0] compileTime[0] sspSolveTime[0] lpSolveTime[0] lb[293.808] ub[701.26] numArcs: [118745] numFixed: [2844] time: [0]
STATS - lpIterations[1] lagIterations[5] sspIterations[5] numSeparations[4] numCuts[0] compileTime[0] sspSolveTime[0] lpSolveTime[0] lb[307.934] ub[701.26] numArcs: [118860] numFixed: [2906] time: [0]
STATS - lpIterations[1] lagIterations[6] sspIterations[6] numSeparations[5] numCuts[0] compileTime[0] sspSolveTime[0] lpSolveTime[0] lb[311.931] ub[701.26] numArcs: [118879] numFixed: [2938] time: [0]
STATS - lpIterations[1] lagIterations[7] sspIterations[7] numSeparations[6] numCuts[0] compileTime[0] sspSolveTime[0] lpSolveTime[0] lb[321.374] ub[701.26] numArcs: [118907] numFixed: [3034] time: [0]
STATS - lpIterations[1] lagIterations[8] sspIterations[8] numSeparations[7] numCuts[0] compileTime[0] sspSolveTime[0] lpSolveTime[0] lb[326.818] ub[701.26] numArcs: [118978] numFixed: [3082] time: [0]
STATS - lpIterations[1] lagIterations[9] sspIterations[9] numSeparations[8] numCuts[0] compileTime[0] sspSolveTime[0] lpSolveTime[0] lb[334.777] ub[701.26] numArcs: [119055] numFixed: [3139] time: [0]
STATS - lpIterations[1] lagIterations[10] sspIterations[10] numSeparations[9] numCuts[0] compileTime[0] sspSolveTime[0] lpSolveTime[0] lb[340.544] ub[701.26] numArcs: [119047] numFixed: [3152] time: [0]
STATS - lpIterations[1] lagIterations[11] sspIterations[11] numSeparations[10] numCuts[0] compileTime[0] sspSolveTime[0] lpSolveTime[0] lb[348.519] ub[701.26] numArcs: [119080] numFixed: [3203] time: [0]
STATS - lpIterations[1] lagIterations[12] sspIterations[12] numSeparations[11] numCuts[0] compileTime[0] sspSolveTime[0] lpSolveTime[0] lb[352.36] ub[701.26] numArcs: [119239] numFixed: [3251] time: [0]
STATS - lpIterations[1] lagIterations[13] sspIterations[13] numSeparations[12] numCuts[0] compileTime[0] sspSolveTime[0] lpSolveTime[0] lb[360.895] ub[701.26] numArcs: [119302] numFixed: [3294] time: [0]
STATS - lpIterations[1] lagIterations[14] sspIterations[14] numSeparations[13] numCuts[0] compileTime[0] sspSolveTime[0] lpSolveTime[0] lb[366.315] ub[701.26] numArcs: [119315] numFixed: [3318] time: [0]
STATS - lpIterations[1] lagIterations[15] sspIterations[15] numSeparations[14] numCuts[0] compileTime[0] sspSolveTime[0] lpSolveTime[0] lb[374.087] ub[701.26] numArcs: [119381] numFixed: [3389] time: [0]
STATS - lpIterations[1] lagIterations[16] sspIterations[16] numSeparations[15] numCuts[0] compileTime[0] sspSolveTime[0] lpSolveTime[0] lb[379.741] ub[701.26] numArcs: [119420] numFixed: [3410] time: [0]
STATS - lpIterations[1] lagIterations[17] sspIterations[17] numSeparations[16] numCuts[0] compileTime[0] sspSolveTime[0] lpSolveTime[0] lb[383.791] ub[701.26] numArcs: [119428] numFixed: [3422] time: [0]
STATS - lpIterations[1] lagIterations[18] sspIterations[18] numSeparations[17] numCuts[0] compileTime[0] sspSolveTime[0] lpSolveTime[0] lb[386.917] ub[701.26] numArcs: [119477] numFixed: [3462] time: [0]
STATS - lpIterations[1] lagIterations[19] sspIterations[19] numSeparations[18] numCuts[0] compileTime[0] sspSolveTime[0] lpSolveTime[0] lb[395.463] ub[701.26] numArcs: [119485] numFixed: [3465] time: [0]
STATS - lpIterations[1] lagIterations[21] sspIterations[21] numSeparations[20] numCuts[0] compileTime[0] sspSolveTime[0] lpSolveTime[0] lb[401.441] ub[701.26] numArcs: [119555] numFixed: [3524] time: [0]
STATS - lpIterations[1] lagIterations[23] sspIterations[23] numSeparations[22] numCuts[0] compileTime[0] sspSolveTime[0] lpSolveTime[0] lb[406.683] ub[701.26] numArcs: [119587] numFixed: [3584] time: [0]
STATS - lpIterations[1] lagIterations[24] sspIterations[24] numSeparations[23] numCuts[0] compileTime[0] sspSolveTime[0] lpSolveTime[0] lb[413.856] ub[701.26] numArcs: [119667] numFixed: [3626] time: [0]
STATS - lpIterations[1] lagIterations[27] sspIterations[27] numSeparations[26] numCuts[0] compileTime[0] sspSolveTime[0] lpSolveTime[0] lb[415.856] ub[701.26] numArcs: [119752] numFixed: [3799] time: [0]
STATS - lpIterations[1] lagIterations[28] sspIterations[28] numSeparations[27] numCuts[0] compileTime[0] sspSolveTime[0] lpSolveTime[0] lb[423.053] ub[701.26] numArcs: [119785] numFixed: [3831] time: [0]
STATS - lpIterations[1] lagIterations[32] sspIterations[32] numSeparations[31] numCuts[0] compileTime[0] sspSolveTime[0] lpSolveTime[0] lb[431.217] ub[701.26] numArcs: [119928] numFixed: [3917] time: [0]
STATS - lpIterations[1] lagIterations[34] sspIterations[34] numSeparations[33] numCuts[0] compileTime[0] sspSolveTime[0] lpSolveTime[0] lb[432.761] ub[701.26] numArcs: [120025] numFixed: [3996] time: [0]
STATS - lpIterations[1] lagIterations[36] sspIterations[36] numSeparations[35] numCuts[0] compileTime[0] sspSolveTime[0] lpSolveTime[0] lb[433.668] ub[701.26] numArcs: [120110] numFixed: [3999] time: [0]
STATS - lpIterations[1] lagIterations[37] sspIterations[37] numSeparations[36] numCuts[0] compileTime[0] sspSolveTime[0] lpSolveTime[0] lb[436.568] ub[701.26] numArcs: [120110] numFixed: [4015] time: [0]
STATS - lpIterations[1] lagIterations[38] sspIterations[38] numSeparations[37] numCuts[0] compileTime[0] sspSolveTime[0] lpSolveTime[0] lb[438.964] ub[701.26] numArcs: [120147] numFixed: [4020] time: [0]
STATS - lpIterations[1] lagIterations[39] sspIterations[39] numSeparations[38] numCuts[0] compileTime[0] sspSolveTime[0] lpSolveTime[0] lb[439.345] ub[701.26] numArcs: [120141] numFixed: [4022] time: [0]
STATS - lpIterations[1] lagIterations[40] sspIterations[40] numSeparations[39] numCuts[0] compileTime[0] sspSolveTime[0] lpSolveTime[0] lb[439.624] ub[701.26] numArcs: [120191] numFixed: [4032] time: [0]
STATS - lpIterations[1] lagIterations[41] sspIterations[41] numSeparations[40] numCuts[0] compileTime[0] sspSolveTime[0] lpSolveTime[0] lb[441.653] ub[701.26] numArcs: [120232] numFixed: [4036] time: [0]
STATS - lpIterations[1] lagIterations[43] sspIterations[43] numSeparations[42] numCuts[0] compileTime[0] sspSolveTime[0] lpSolveTime[0] lb[445.622] ub[701.26] numArcs: [120268] numFixed: [4064] time: [0]
STATS - lpIterations[1] lagIterations[44] sspIterations[44] numSeparations[43] numCuts[0] compileTime[0] sspSolveTime[0] lpSolveTime[0] lb[449.068] ub[701.26] numArcs: [120316] numFixed: [4084] time: [0]
STATS - lpIterations[1] lagIterations[47] sspIterations[47] numSeparations[46] numCuts[0] compileTime[0] sspSolveTime[0] lpSolveTime[0] lb[452.329] ub[701.26] numArcs: [120407] numFixed: [4127] time: [0]
STATS - lpIterations[1] lagIterations[48] sspIterations[48] numSeparations[47] numCuts[0] compileTime[0] sspSolveTime[0] lpSolveTime[0] lb[453.344] ub[701.26] numArcs: [120512] numFixed: [4168] time: [1]
STATS - lpIterations[1] lagIterations[49] sspIterations[49] numSeparations[48] numCuts[0] compileTime[0] sspSolveTime[0] lpSolveTime[0] lb[455.312] ub[701.26] numArcs: [120591] numFixed: [4228] time: [1]
STATS - lpIterations[1] lagIterations[51] sspIterations[51] numSeparations[50] numCuts[0] compileTime[0] sspSolveTime[0] lpSolveTime[0] lb[457.227] ub[701.26] numArcs: [120674] numFixed: [4239] time: [1]
STATS - lpIterations[1] lagIterations[52] sspIterations[52] numSeparations[51] numCuts[0] compileTime[0] sspSolveTime[0] lpSolveTime[0] lb[459.632] ub[701.26] numArcs: [120748] numFixed: [4247] time: [1]
STATS - lpIterations[1] lagIterations[53] sspIterations[53] numSeparations[52] numCuts[0] compileTime[0] sspSolveTime[0] lpSolveTime[0] lb[460.24] ub[701.26] numArcs: [120780] numFixed: [4266] time: [1]
STATS - lpIterations[1] lagIterations[54] sspIterations[54] numSeparations[53] numCuts[0] compileTime[0] sspSolveTime[0] lpSolveTime[0] lb[461.028] ub[701.26] numArcs: [120792] numFixed: [4263] time: [1]
STATS - lpIterations[1] lagIterations[55] sspIterations[55] numSeparations[54] numCuts[0] compileTime[0] sspSolveTime[0] lpSolveTime[0] lb[462.723] ub[701.26] numArcs: [120885] numFixed: [4295] time: [1]
STATS - lpIterations[1] lagIterations[56] sspIterations[56] numSeparations[55] numCuts[0] compileTime[0] sspSolveTime[0] lpSolveTime[0] lb[463.011] ub[701.26] numArcs: [120906] numFixed: [4299] time: [1]
STATS - lpIterations[1] lagIterations[57] sspIterations[57] numSeparations[56] numCuts[0] compileTime[0] sspSolveTime[0] lpSolveTime[0] lb[464.011] ub[701.26] numArcs: [121050] numFixed: [4305] time: [1]
STATS - lpIterations[1] lagIterations[59] sspIterations[59] numSeparations[58] numCuts[0] compileTime[0] sspSolveTime[0] lpSolveTime[0] lb[469.978] ub[701.26] numArcs: [121107] numFixed: [4326] time: [1]
STATS - lpIterations[1] lagIterations[60] sspIterations[60] numSeparations[59] numCuts[0] compileTime[0] sspSolveTime[0] lpSolveTime[0] lb[470.638] ub[701.26] numArcs: [121163] numFixed: [4333] time: [1]
STATS - lpIterations[1] lagIterations[62] sspIterations[62] numSeparations[61] numCuts[0] compileTime[0] sspSolveTime[0] lpSolveTime[0] lb[473.552] ub[701.26] numArcs: [121315] numFixed: [4378] time: [1]
STATS - lpIterations[1] lagIterations[66] sspIterations[66] numSeparations[65] numCuts[0] compileTime[0] sspSolveTime[0] lpSolveTime[0] lb[482.587] ub[701.26] numArcs: [121482] numFixed: [4419] time: [1]
STATS - lpIterations[1] lagIterations[69] sspIterations[69] numSeparations[68] numCuts[0] compileTime[0] sspSolveTime[0] lpSolveTime[0] lb[485.174] ub[701.26] numArcs: [121670] numFixed: [4480] time: [1]
STATS - lpIterations[1] lagIterations[71] sspIterations[71] numSeparations[70] numCuts[0] compileTime[0] sspSolveTime[0] lpSolveTime[0] lb[488.5] ub[701.26] numArcs: [121807] numFixed: [4557] time: [1]
STATS - lpIterations[1] lagIterations[72] sspIterations[72] numSeparations[71] numCuts[0] compileTime[0] sspSolveTime[0] lpSolveTime[0] lb[488.932] ub[701.26] numArcs: [121838] numFixed: [4571] time: [1]
STATS - lpIterations[1] lagIterations[73] sspIterations[73] numSeparations[72] numCuts[0] compileTime[0] sspSolveTime[0] lpSolveTime[0] lb[491.448] ub[701.26] numArcs: [121858] numFixed: [4578] time: [1]
STATS - lpIterations[1] lagIterations[75] sspIterations[75] numSeparations[74] numCuts[0] compileTime[0] sspSolveTime[0] lpSolveTime[0] lb[493.14] ub[701.26] numArcs: [121882] numFixed: [4580] time: [1]
STATS - lpIterations[1] lagIterations[77] sspIterations[77] numSeparations[76] numCuts[0] compileTime[0] sspSolveTime[0] lpSolveTime[0] lb[497.561] ub[701.26] numArcs: [122028] numFixed: [4605] time: [1]
STATS - lpIterations[1] lagIterations[79] sspIterations[79] numSeparations[78] numCuts[0] compileTime[0] sspSolveTime[0] lpSolveTime[0] lb[498.201] ub[701.26] numArcs: [122088] numFixed: [4620] time: [1]
STATS - lpIterations[1] lagIterations[81] sspIterations[81] numSeparations[80] numCuts[0] compileTime[0] sspSolveTime[0] lpSolveTime[0] lb[501.141] ub[701.26] numArcs: [122119] numFixed: [4625] time: [1]
STATS - lpIterations[1] lagIterations[82] sspIterations[82] numSeparations[81] numCuts[0] compileTime[0] sspSolveTime[1] lpSolveTime[0] lb[502.275] ub[701.26] numArcs: [122160] numFixed: [4627] time: [1]
STATS - lpIterations[1] lagIterations[83] sspIterations[83] numSeparations[82] numCuts[0] compileTime[0] sspSolveTime[1] lpSolveTime[0] lb[502.872] ub[701.26] numArcs: [122189] numFixed: [4648] time: [1]
STATS - lpIterations[1] lagIterations[84] sspIterations[84] numSeparations[83] numCuts[0] compileTime[0] sspSolveTime[1] lpSolveTime[0] lb[503.171] ub[701.26] numArcs: [122229] numFixed: [4647] time: [1]
STATS - lpIterations[1] lagIterations[85] sspIterations[85] numSeparations[84] numCuts[0] compileTime[0] sspSolveTime[1] lpSolveTime[0] lb[507.465] ub[701.26] numArcs: [122235] numFixed: [4648] time: [1]
STATS - lpIterations[1] lagIterations[90] sspIterations[90] numSeparations[89] numCuts[0] compileTime[0] sspSolveTime[1] lpSolveTime[0] lb[508.369] ub[701.26] numArcs: [122442] numFixed: [4689] time: [1]
STATS - lpIterations[1] lagIterations[91] sspIterations[91] numSeparations[90] numCuts[0] compileTime[0] sspSolveTime[1] lpSolveTime[0] lb[509.967] ub[701.26] numArcs: [122438] numFixed: [4691] time: [1]
STATS - lpIterations[1] lagIterations[92] sspIterations[92] numSeparations[91] numCuts[0] compileTime[0] sspSolveTime[1] lpSolveTime[0] lb[514.736] ub[701.26] numArcs: [122432] numFixed: [4715] time: [1]
STATS - lpIterations[1] lagIterations[97] sspIterations[97] numSeparations[96] numCuts[0] compileTime[0] sspSolveTime[1] lpSolveTime[0] lb[515.215] ub[701.26] numArcs: [122605] numFixed: [4751] time: [2]
STATS - lpIterations[1] lagIterations[99] sspIterations[99] numSeparations[98] numCuts[0] compileTime[0] sspSolveTime[1] lpSolveTime[0] lb[518.504] ub[701.26] numArcs: [122654] numFixed: [4796] time: [2]
STATS - lpIterations[1] lagIterations[100] sspIterations[100] numSeparations[99] numCuts[0] compileTime[0] sspSolveTime[1] lpSolveTime[0] lb[519.012] ub[701.26] numArcs: [122706] numFixed: [4807] time: [2]
STATS - lpIterations[1] lagIterations[101] sspIterations[101] numSeparations[100] numCuts[0] compileTime[0] sspSolveTime[1] lpSolveTime[0] lb[521.967] ub[701.26] numArcs: [122764] numFixed: [4819] time: [2]
STATS - lpIterations[1] lagIterations[104] sspIterations[104] numSeparations[103] numCuts[0] compileTime[0] sspSolveTime[1] lpSolveTime[0] lb[522.063] ub[701.26] numArcs: [122961] numFixed: [4869] time: [2]
STATS - lpIterations[1] lagIterations[106] sspIterations[106] numSeparations[105] numCuts[0] compileTime[0] sspSolveTime[1] lpSolveTime[0] lb[526.772] ub[701.26] numArcs: [122999] numFixed: [4872] time: [2]
STATS - lpIterations[1] lagIterations[107] sspIterations[107] numSeparations[106] numCuts[0] compileTime[0] sspSolveTime[1] lpSolveTime[0] lb[526.892] ub[701.26] numArcs: [123037] numFixed: [4892] time: [2]
STATS - lpIterations[1] lagIterations[108] sspIterations[108] numSeparations[107] numCuts[0] compileTime[0] sspSolveTime[1] lpSolveTime[0] lb[527.465] ub[701.26] numArcs: [123061] numFixed: [4893] time: [2]
STATS - lpIterations[1] lagIterations[112] sspIterations[112] numSeparations[111] numCuts[0] compileTime[0] sspSolveTime[1] lpSolveTime[0] lb[532.236] ub[701.26] numArcs: [123207] numFixed: [4900] time: [2]
STATS - lpIterations[1] lagIterations[116] sspIterations[116] numSeparations[115] numCuts[0] compileTime[0] sspSolveTime[1] lpSolveTime[0] lb[533.646] ub[701.26] numArcs: [123334] numFixed: [4949] time: [2]
STATS - lpIterations[1] lagIterations[117] sspIterations[117] numSeparations[116] numCuts[0] compileTime[0] sspSolveTime[1] lpSolveTime[0] lb[536.693] ub[701.26] numArcs: [123359] numFixed: [4948] time: [2]
STATS - lpIterations[1] lagIterations[118] sspIterations[118] numSeparations[117] numCuts[0] compileTime[0] sspSolveTime[1] lpSolveTime[0] lb[537.857] ub[701.26] numArcs: [123371] numFixed: [4967] time: [2]
STATS - lpIterations[1] lagIterations[121] sspIterations[121] numSeparations[120] numCuts[0] compileTime[0] sspSolveTime[1] lpSolveTime[0] lb[538.227] ub[701.26] numArcs: [123424] numFixed: [4963] time: [2]
STATS - lpIterations[1] lagIterations[122] sspIterations[122] numSeparations[121] numCuts[0] compileTime[0] sspSolveTime[1] lpSolveTime[0] lb[542.892] ub[701.26] numArcs: [123550] numFixed: [4968] time: [2]
STATS - lpIterations[1] lagIterations[123] sspIterations[123] numSeparations[122] numCuts[0] compileTime[0] sspSolveTime[1] lpSolveTime[0] lb[544.554] ub[701.26] numArcs: [123554] numFixed: [5026] time: [2]
STATS - lpIterations[1] lagIterations[124] sspIterations[124] numSeparations[123] numCuts[0] compileTime[0] sspSolveTime[1] lpSolveTime[0] lb[544.722] ub[701.26] numArcs: [123604] numFixed: [5035] time: [2]
STATS - lpIterations[1] lagIterations[125] sspIterations[125] numSeparations[124] numCuts[0] compileTime[0] sspSolveTime[1] lpSolveTime[0] lb[544.851] ub[701.26] numArcs: [123625] numFixed: [5021] time: [2]
STATS - lpIterations[1] lagIterations[126] sspIterations[126] numSeparations[125] numCuts[0] compileTime[0] sspSolveTime[1] lpSolveTime[0] lb[547.529] ub[701.26] numArcs: [123684] numFixed: [5060] time: [2]
STATS - lpIterations[1] lagIterations[129] sspIterations[129] numSeparations[128] numCuts[0] compileTime[0] sspSolveTime[1] lpSolveTime[0] lb[550.477] ub[701.26] numArcs: [123765] numFixed: [5079] time: [2]
STATS - lpIterations[1] lagIterations[130] sspIterations[130] numSeparations[129] numCuts[0] compileTime[0] sspSolveTime[1] lpSolveTime[0] lb[551.51] ub[701.26] numArcs: [123784] numFixed: [5084] time: [2]
STATS - lpIterations[1] lagIterations[131] sspIterations[131] numSeparations[130] numCuts[0] compileTime[0] sspSolveTime[1] lpSolveTime[0] lb[551.632] ub[701.26] numArcs: [123868] numFixed: [5093] time: [2]
STATS - lpIterations[1] lagIterations[133] sspIterations[133] numSeparations[132] numCuts[0] compileTime[0] sspSolveTime[1] lpSolveTime[0] lb[554.318] ub[701.26] numArcs: [123959] numFixed: [5098] time: [2]
STATS - lpIterations[1] lagIterations[134] sspIterations[134] numSeparations[133] numCuts[0] compileTime[0] sspSolveTime[1] lpSolveTime[0] lb[554.782] ub[701.26] numArcs: [123982] numFixed: [5100] time: [2]
STATS - lpIterations[1] lagIterations[135] sspIterations[135] numSeparations[134] numCuts[0] compileTime[0] sspSolveTime[1] lpSolveTime[0] lb[554.957] ub[701.26] numArcs: [124050] numFixed: [5108] time: [2]
STATS - lpIterations[1] lagIterations[136] sspIterations[136] numSeparations[135] numCuts[0] compileTime[0] sspSolveTime[1] lpSolveTime[0] lb[557.025] ub[701.26] numArcs: [124086] numFixed: [5113] time: [2]
STATS - lpIterations[1] lagIterations[139] sspIterations[139] numSeparations[138] numCuts[0] compileTime[0] sspSolveTime[1] lpSolveTime[0] lb[558.065] ub[701.26] numArcs: [124165] numFixed: [5140] time: [2]
STATS - lpIterations[1] lagIterations[141] sspIterations[141] numSeparations[140] numCuts[0] compileTime[0] sspSolveTime[1] lpSolveTime[0] lb[560.709] ub[701.26] numArcs: [124288] numFixed: [5142] time: [3]
STATS - lpIterations[1] lagIterations[149] sspIterations[149] numSeparations[148] numCuts[0] compileTime[0] sspSolveTime[1] lpSolveTime[0] lb[562.595] ub[701.26] numArcs: [124510] numFixed: [5173] time: [3]
STATS - lpIterations[1] lagIterations[152] sspIterations[152] numSeparations[151] numCuts[0] compileTime[0] sspSolveTime[1] lpSolveTime[0] lb[565.528] ub[701.26] numArcs: [124651] numFixed: [5246] time: [3]
STATS - lpIterations[1] lagIterations[157] sspIterations[157] numSeparations[156] numCuts[0] compileTime[0] sspSolveTime[2] lpSolveTime[0] lb[567.359] ub[701.26] numArcs: [124744] numFixed: [5288] time: [3]
STATS - lpIterations[1] lagIterations[161] sspIterations[161] numSeparations[160] numCuts[0] compileTime[0] sspSolveTime[2] lpSolveTime[0] lb[567.574] ub[701.26] numArcs: [124905] numFixed: [5273] time: [3]
STATS - lpIterations[1] lagIterations[163] sspIterations[163] numSeparations[162] numCuts[0] compileTime[0] sspSolveTime[2] lpSolveTime[0] lb[569.606] ub[701.26] numArcs: [125008] numFixed: [5304] time: [3]
STATS - lpIterations[1] lagIterations[168] sspIterations[168] numSeparations[167] numCuts[0] compileTime[0] sspSolveTime[2] lpSolveTime[0] lb[571.435] ub[701.26] numArcs: [125198] numFixed: [5307] time: [3]
STATS - lpIterations[1] lagIterations[170] sspIterations[170] numSeparations[169] numCuts[0] compileTime[0] sspSolveTime[2] lpSolveTime[0] lb[571.456] ub[701.26] numArcs: [125211] numFixed: [5324] time: [3]
STATS - lpIterations[1] lagIterations[174] sspIterations[174] numSeparations[173] numCuts[0] compileTime[0] sspSolveTime[2] lpSolveTime[0] lb[573.851] ub[701.26] numArcs: [125367] numFixed: [5350] time: [3]
STATS - lpIterations[1] lagIterations[175] sspIterations[175] numSeparations[174] numCuts[0] compileTime[0] sspSolveTime[2] lpSolveTime[0] lb[574.252] ub[701.26] numArcs: [125379] numFixed: [5365] time: [3]
STATS - lpIterations[1] lagIterations[188] sspIterations[188] numSeparations[187] numCuts[0] compileTime[0] sspSolveTime[2] lpSolveTime[0] lb[575.886] ub[701.26] numArcs: [125715] numFixed: [5433] time: [4]
STATS - lpIterations[1] lagIterations[200] sspIterations[200] numSeparations[199] numCuts[0] compileTime[0] sspSolveTime[2] lpSolveTime[0] lb[576.112] ub[701.26] numArcs: [126069] numFixed: [5485] time: [4]
STATS - lpIterations[1] lagIterations[210] sspIterations[210] numSeparations[209] numCuts[0] compileTime[0] sspSolveTime[2] lpSolveTime[0] lb[576.334] ub[701.26] numArcs: [126303] numFixed: [5511] time: [4]
STATS - lpIterations[1] lagIterations[225] sspIterations[225] numSeparations[224] numCuts[0] compileTime[0] sspSolveTime[3] lpSolveTime[0] lb[576.357] ub[701.26] numArcs: [126732] numFixed: [5541] time: [4]
STATS - lpIterations[1] lagIterations[231] sspIterations[231] numSeparations[230] numCuts[0] compileTime[0] sspSolveTime[3] lpSolveTime[0] lb[577.695] ub[701.26] numArcs: [126981] numFixed: [5533] time: [5]
STATS - lpIterations[1] lagIterations[254] sspIterations[254] numSeparations[253] numCuts[0] compileTime[0] sspSolveTime[3] lpSolveTime[0] lb[577.788] ub[701.26] numArcs: [127493] numFixed: [5608] time: [5]
STATS - lpIterations[1] lagIterations[274] sspIterations[274] numSeparations[273] numCuts[0] compileTime[0] sspSolveTime[3] lpSolveTime[0] lb[578.445] ub[701.26] numArcs: [128075] numFixed: [5716] time: [6]
STATS - lpIterations[1] lagIterations[294] sspIterations[294] numSeparations[293] numCuts[0] compileTime[0] sspSolveTime[4] lpSolveTime[0] lb[578.66] ub[701.26] numArcs: [128505] numFixed: [5780] time: [6]
STATS - lpIterations[1] lagIterations[302] sspIterations[302] numSeparations[301] numCuts[0] compileTime[0] sspSolveTime[4] lpSolveTime[0] lb[579.105] ub[701.26] numArcs: [128719] numFixed: [5794] time: [6]
STATS - lpIterations[1] lagIterations[313] sspIterations[313] numSeparations[312] numCuts[0] compileTime[0] sspSolveTime[4] lpSolveTime[0] lb[579.548] ub[701.26] numArcs: [129090] numFixed: [5794] time: [7]
STATS - lpIterations[1] lagIterations[337] sspIterations[337] numSeparations[336] numCuts[0] compileTime[0] sspSolveTime[4] lpSolveTime[0] lb[579.565] ub[701.26] numArcs: [129653] numFixed: [5842] time: [7]
STATS - lpIterations[1] lagIterations[345] sspIterations[345] numSeparations[344] numCuts[0] compileTime[0] sspSolveTime[4] lpSolveTime[0] lb[580.352] ub[701.26] numArcs: [129880] numFixed: [5860] time: [8]
STATS - lpIterations[1] lagIterations[361] sspIterations[361] numSeparations[360] numCuts[0] compileTime[0] sspSolveTime[5] lpSolveTime[0] lb[580.489] ub[701.26] numArcs: [130294] numFixed: [5882] time: [8]
STATS - lpIterations[1] lagIterations[388] sspIterations[388] numSeparations[387] numCuts[0] compileTime[0] sspSolveTime[5] lpSolveTime[0] lb[580.721] ub[701.26] numArcs: [130936] numFixed: [5928] time: [9]
STATS - lpIterations[1] lagIterations[410] sspIterations[410] numSeparations[409] numCuts[0] compileTime[0] sspSolveTime[6] lpSolveTime[0] lb[581.589] ub[701.26] numArcs: [131501] numFixed: [5969] time: [9]
STATS - lpIterations[1] lagIterations[486] sspIterations[486] numSeparations[485] numCuts[0] compileTime[0] sspSolveTime[7] lpSolveTime[0] lb[581.708] ub[701.26] numArcs: [133407] numFixed: [6084] time: [12]
STATS - lpIterations[1] lagIterations[511] sspIterations[511] numSeparations[510] numCuts[0] compileTime[0] sspSolveTime[7] lpSolveTime[0] lb[581.813] ub[701.26] numArcs: [134038] numFixed: [6129] time: [12]
STATS - lpIterations[2] lagIterations[511] sspIterations[511] numSeparations[510] numCuts[0] compileTime[0] sspSolveTime[7] lpSolveTime[0] lb[581.813] ub[701.26] numArcs: [134038] numFixed: [6134] time: [12]
STATS - lpIterations[2] lagIterations[774] sspIterations[774] numSeparations[772] numCuts[0] compileTime[0] sspSolveTime[12] lpSolveTime[0] lb[582.105] ub[701.26] numArcs: [141445] numFixed: [6562] time: [20]
STATS - lpIterations[2] lagIterations[777] sspIterations[777] numSeparations[775] numCuts[0] compileTime[0] sspSolveTime[12] lpSolveTime[0] lb[582.153] ub[701.26] numArcs: [141493] numFixed: [6566] time: [21]
STATS - lpIterations[2] lagIterations[817] sspIterations[817] numSeparations[815] numCuts[0] compileTime[0] sspSolveTime[13] lpSolveTime[0] lb[582.465] ub[701.26] numArcs: [142539] numFixed: [6632] time: [22]
STATS - lpIterations[2] lagIterations[866] sspIterations[866] numSeparations[864] numCuts[0] compileTime[0] sspSolveTime[14] lpSolveTime[0] lb[582.959] ub[701.26] numArcs: [143864] numFixed: [6710] time: [24]
STATS - lpIterations[3] lagIterations[967] sspIterations[967] numSeparations[965] numCuts[0] compileTime[0] sspSolveTime[17] lpSolveTime[0] lb[582.959] ub[701.26] numArcs: [146333] numFixed: [6891] time: [27]
STATS - lpIterations[3] lagIterations[968] sspIterations[968] numSeparations[965] numCuts[0] compileTime[0] sspSolveTime[17] lpSolveTime[0] lb[583.099] ub[701.26] numArcs: [146331] numFixed: [6891] time: [27]
STATS - lpIterations[4] lagIterations[1069] sspIterations[1069] numSeparations[1066] numCuts[0] compileTime[0] sspSolveTime[19] lpSolveTime[0] lb[583.099] ub[701.26] numArcs: [149276] numFixed: [7158] time: [31]
STATS - lpIterations[4] lagIterations[1283] sspIterations[1283] numSeparations[1279] numCuts[0] compileTime[0] sspSolveTime[24] lpSolveTime[0] lb[583.288] ub[701.26] numArcs: [155023] numFixed: [7394] time: [39]
STATS - lpIterations[5] lagIterations[1384] sspIterations[1384] numSeparations[1380] numCuts[0] compileTime[0] sspSolveTime[27] lpSolveTime[0] lb[583.288] ub[701.26] numArcs: [157120] numFixed: [7569] time: [43]
STATS - lpIterations[6] lagIterations[1486] sspIterations[1486] numSeparations[1481] numCuts[0] compileTime[0] sspSolveTime[30] lpSolveTime[0] lb[583.288] ub[701.26] numArcs: [160017] numFixed: [7858] time: [48]
STATS - lpIterations[6] lagIterations[1754] sspIterations[1754] numSeparations[1748] numCuts[0] compileTime[0] sspSolveTime[37] lpSolveTime[0] lb[583.382] ub[701.26] numArcs: [166619] numFixed: [8152] time: [60]
STATS - lpIterations[6] lagIterations[1774] sspIterations[1774] numSeparations[1768] numCuts[0] compileTime[0] sspSolveTime[38] lpSolveTime[0] lb[583.934] ub[701.26] numArcs: [167067] numFixed: [8182] time: [61]
STATS - lpIterations[6] lagIterations[1788] sspIterations[1788] numSeparations[1782] numCuts[0] compileTime[0] sspSolveTime[38] lpSolveTime[0] lb[584.301] ub[701.26] numArcs: [167308] numFixed: [8198] time: [62]
STATS - lpIterations[7] lagIterations[1889] sspIterations[1889] numSeparations[1883] numCuts[0] compileTime[0] sspSolveTime[42] lpSolveTime[0] lb[584.301] ub[701.26] numArcs: [169692] numFixed: [8394] time: [67]
STATS - lpIterations[8] lagIterations[2072] sspIterations[2072] numSeparations[2065] numCuts[0] compileTime[0] sspSolveTime[48] lpSolveTime[0] lb[584.301] ub[701.26] numArcs: [174279] numFixed: [8635] time: [76]
STATS - lpIterations[8] lagIterations[2431] sspIterations[2431] numSeparations[2423] numCuts[0] compileTime[0] sspSolveTime[60] lpSolveTime[0] lb[584.554] ub[701.26] numArcs: [182832] numFixed: [9144] time: [96]
STATS - lpIterations[8] lagIterations[2470] sspIterations[2470] numSeparations[2462] numCuts[0] compileTime[0] sspSolveTime[62] lpSolveTime[0] lb[584.789] ub[701.26] numArcs: [183801] numFixed: [9205] time: [98]
STATS - lpIterations[8] lagIterations[2498] sspIterations[2498] numSeparations[2490] numCuts[0] compileTime[0] sspSolveTime[63] lpSolveTime[0] lb[585.242] ub[701.26] numArcs: [184456] numFixed: [9231] time: [100]
STATS - lpIterations[8] lagIterations[2551] sspIterations[2551] numSeparations[2543] numCuts[0] compileTime[0] sspSolveTime[65] lpSolveTime[0] lb[585.295] ub[701.26] numArcs: [185631] numFixed: [9290] time: [103]
STATS - lpIterations[9] lagIterations[2599] sspIterations[2599] numSeparations[2591] numCuts[0] compileTime[0] sspSolveTime[67] lpSolveTime[0] lb[585.295] ub[701.26] numArcs: [186784] numFixed: [9397] time: [106]
STATS - lpIterations[10] lagIterations[2701] sspIterations[2701] numSeparations[2692] numCuts[0] compileTime[0] sspSolveTime[70] lpSolveTime[0] lb[585.295] ub[701.26] numArcs: [189353] numFixed: [9608] time: [112]
STATS - lpIterations[11] lagIterations[2804] sspIterations[2804] numSeparations[2794] numCuts[0] compileTime[0] sspSolveTime[75] lpSolveTime[0] lb[585.295] ub[701.26] numArcs: [191896] numFixed: [9692] time: [118]
STATS - lpIterations[12] lagIterations[3119] sspIterations[3119] numSeparations[3108] numCuts[0] compileTime[0] sspSolveTime[88] lpSolveTime[0] lb[585.295] ub[701.26] numArcs: [199506] numFixed: [10158] time: [139]
STATS - lpIterations[13] lagIterations[3221] sspIterations[3221] numSeparations[3209] numCuts[0] compileTime[0] sspSolveTime[92] lpSolveTime[0] lb[585.295] ub[701.26] numArcs: [202000] numFixed: [10278] time: [145]
STATS - lpIterations[14] lagIterations[3449] sspIterations[3449] numSeparations[3436] numCuts[0] compileTime[0] sspSolveTime[102] lpSolveTime[0] lb[585.295] ub[701.26] numArcs: [207892] numFixed: [10679] time: [162]
STATS - lpIterations[15] lagIterations[3551] sspIterations[3551] numSeparations[3537] numCuts[0] compileTime[0] sspSolveTime[107] lpSolveTime[0] lb[585.295] ub[701.26] numArcs: [210429] numFixed: [10919] time: [169]
STATS - lpIterations[15] lagIterations[3917] sspIterations[3917] numSeparations[3902] numCuts[0] compileTime[0] sspSolveTime[125] lpSolveTime[0] lb[585.532] ub[701.26] numArcs: [219027] numFixed: [11350] time: [197]
STATS - lpIterations[16] lagIterations[3963] sspIterations[3963] numSeparations[3948] numCuts[0] compileTime[0] sspSolveTime[128] lpSolveTime[0] lb[585.532] ub[701.26] numArcs: [220081] numFixed: [11468] time: [201]
STATS - lpIterations[17] lagIterations[4065] sspIterations[4065] numSeparations[4049] numCuts[0] compileTime[0] sspSolveTime[133] lpSolveTime[0] lb[585.532] ub[701.26] numArcs: [222641] numFixed: [11667] time: [209]
STATS - lpIterations[18] lagIterations[4410] sspIterations[4410] numSeparations[4393] numCuts[0] compileTime[0] sspSolveTime[152] lpSolveTime[0] lb[585.532] ub[701.26] numArcs: [230664] numFixed: [12117] time: [238]
STATS - lpIterations[19] lagIterations[4512] sspIterations[4512] numSeparations[4494] numCuts[0] compileTime[0] sspSolveTime[158] lpSolveTime[0] lb[585.532] ub[701.26] numArcs: [233358] numFixed: [12277] time: [247]
STATS - lpIterations[19] lagIterations[4816] sspIterations[4816] numSeparations[4797] numCuts[0] compileTime[0] sspSolveTime[176] lpSolveTime[0] lb[585.552] ub[701.26] numArcs: [240289] numFixed: [12697] time: [274]
STATS - lpIterations[19] lagIterations[4859] sspIterations[4859] numSeparations[4840] numCuts[0] compileTime[0] sspSolveTime[179] lpSolveTime[0] lb[585.58] ub[701.26] numArcs: [241299] numFixed: [12762] time: [278]
STATS - lpIterations[19] lagIterations[4877] sspIterations[4877] numSeparations[4858] numCuts[0] compileTime[0] sspSolveTime[180] lpSolveTime[0] lb[586.15] ub[701.26] numArcs: [241625] numFixed: [12785] time: [280]
STATS - lpIterations[19] lagIterations[4910] sspIterations[4910] numSeparations[4891] numCuts[0] compileTime[0] sspSolveTime[182] lpSolveTime[0] lb[586.156] ub[701.26] numArcs: [242342] numFixed: [12830] time: [283]
STATS - lpIterations[20] lagIterations[4978] sspIterations[4978] numSeparations[4959] numCuts[0] compileTime[0] sspSolveTime[186] lpSolveTime[0] lb[586.156] ub[701.26] numArcs: [243810] numFixed: [12970] time: [290]
STATS - lpIterations[21] lagIterations[5080] sspIterations[5080] numSeparations[5060] numCuts[0] compileTime[0] sspSolveTime[192] lpSolveTime[0] lb[586.156] ub[701.26] numArcs: [246394] numFixed: [13124] time: [299]
STATS - lpIterations[22] lagIterations[5361] sspIterations[5361] numSeparations[5340] numCuts[0] compileTime[0] sspSolveTime[210] lpSolveTime[0] lb[586.156] ub[701.26] numArcs: [253822] numFixed: [13608] time: [327]
STATS - lpIterations[23] lagIterations[5463] sspIterations[5463] numSeparations[5441] numCuts[0] compileTime[0] sspSolveTime[217] lpSolveTime[0] lb[586.156] ub[701.26] numArcs: [256442] numFixed: [13724] time: [337]
STATS - lpIterations[24] lagIterations[5565] sspIterations[5565] numSeparations[5542] numCuts[0] compileTime[0] sspSolveTime[224] lpSolveTime[0] lb[586.156] ub[701.26] numArcs: [259018] numFixed: [13862] time: [347]
STATS - lpIterations[25] lagIterations[5950] sspIterations[5950] numSeparations[5926] numCuts[0] compileTime[0] sspSolveTime[252] lpSolveTime[0] lb[586.156] ub[701.26] numArcs: [267817] numFixed: [14443] time: [389]
STATS - lpIterations[26] lagIterations[6052] sspIterations[6052] numSeparations[6027] numCuts[0] compileTime[0] sspSolveTime[259] lpSolveTime[0] lb[586.156] ub[701.26] numArcs: [270299] numFixed: [14590] time: [400]
STATS - lpIterations[27] lagIterations[6154] sspIterations[6154] numSeparations[6128] numCuts[0] compileTime[0] sspSolveTime[267] lpSolveTime[0] lb[586.156] ub[701.26] numArcs: [272922] numFixed: [14729] time: [411]
STATS - lpIterations[28] lagIterations[6441] sspIterations[6441] numSeparations[6414] numCuts[0] compileTime[0] sspSolveTime[288] lpSolveTime[0] lb[586.156] ub[701.26] numArcs: [279421] numFixed: [15166] time: [444]
STATS - lpIterations[29] lagIterations[6543] sspIterations[6543] numSeparations[6515] numCuts[0] compileTime[0] sspSolveTime[296] lpSolveTime[0] lb[586.156] ub[701.26] numArcs: [282164] numFixed: [15319] time: [456]
STATS - lpIterations[30] lagIterations[6811] sspIterations[6811] numSeparations[6782] numCuts[0] compileTime[0] sspSolveTime[317] lpSolveTime[0] lb[586.156] ub[701.26] numArcs: [288520] numFixed: [15718] time: [488]
STATS - lpIterations[31] lagIterations[6913] sspIterations[6913] numSeparations[6883] numCuts[0] compileTime[0] sspSolveTime[325] lpSolveTime[0] lb[586.156] ub[701.26] numArcs: [291181] numFixed: [15879] time: [500]
STATS - lpIterations[31] lagIterations[7217] sspIterations[7217] numSeparations[7186] numCuts[0] compileTime[0] sspSolveTime[351] lpSolveTime[0] lb[586.287] ub[701.26] numArcs: [298508] numFixed: [16330] time: [539]
STATS - lpIterations[31] lagIterations[7226] sspIterations[7226] numSeparations[7195] numCuts[0] compileTime[0] sspSolveTime[352] lpSolveTime[0] lb[586.329] ub[701.26] numArcs: [298647] numFixed: [16340] time: [540]
STATS - lpIterations[32] lagIterations[7239] sspIterations[7239] numSeparations[7208] numCuts[0] compileTime[0] sspSolveTime[353] lpSolveTime[0] lb[586.329] ub[701.26] numArcs: [298870] numFixed: [16389] time: [542]
STATS - lpIterations[33] lagIterations[7341] sspIterations[7341] numSeparations[7309] numCuts[0] compileTime[0] sspSolveTime[362] lpSolveTime[0] lb[586.329] ub[701.26] numArcs: [301467] numFixed: [16598] time: [555]
STATS - lpIterations[34] lagIterations[7574] sspIterations[7574] numSeparations[7541] numCuts[0] compileTime[0] sspSolveTime[382] lpSolveTime[0] lb[586.329] ub[701.26] numArcs: [306930] numFixed: [16962] time: [586]
STATS - lpIterations[35] lagIterations[7676] sspIterations[7676] numSeparations[7642] numCuts[0] compileTime[0] sspSolveTime[391] lpSolveTime[0] lb[586.329] ub[701.26] numArcs: [309573] numFixed: [17097] time: [600]
STATS - lpIterations[36] lagIterations[7866] sspIterations[7866] numSeparations[7831] numCuts[0] compileTime[0] sspSolveTime[409] lpSolveTime[0] lb[586.329] ub[701.26] numArcs: [314041] numFixed: [17402] time: [626]
STATS - lpIterations[36] lagIterations[8184] sspIterations[8184] numSeparations[8148] numCuts[0] compileTime[0] sspSolveTime[438] lpSolveTime[0] lb[586.495] ub[701.26] numArcs: [321195] numFixed: [17829] time: [671]
STATS - lpIterations[36] lagIterations[8211] sspIterations[8211] numSeparations[8175] numCuts[0] compileTime[0] sspSolveTime[441] lpSolveTime[0] lb[586.521] ub[701.26] numArcs: [321783] numFixed: [17867] time: [675]
STATS - lpIterations[36] lagIterations[8247] sspIterations[8247] numSeparations[8211] numCuts[0] compileTime[0] sspSolveTime[444] lpSolveTime[0] lb[586.845] ub[701.26] numArcs: [322499] numFixed: [17917] time: [680]
STATS - lpIterations[36] lagIterations[8272] sspIterations[8272] numSeparations[8236] numCuts[0] compileTime[0] sspSolveTime[447] lpSolveTime[0] lb[586.927] ub[701.26] numArcs: [323056] numFixed: [17954] time: [684]
STATS - lpIterations[37] lagIterations[8285] sspIterations[8285] numSeparations[8249] numCuts[0] compileTime[0] sspSolveTime[448] lpSolveTime[0] lb[586.927] ub[701.26] numArcs: [323303] numFixed: [18003] time: [686]
STATS - lpIterations[38] lagIterations[8387] sspIterations[8387] numSeparations[8350] numCuts[0] compileTime[0] sspSolveTime[458] lpSolveTime[0] lb[586.927] ub[701.26] numArcs: [325831] numFixed: [18195] time: [700]
STATS - lpIterations[38] lagIterations[8776] sspIterations[8776] numSeparations[8738] numCuts[0] compileTime[0] sspSolveTime[497] lpSolveTime[0] lb[587.137] ub[701.26] numArcs: [334955] numFixed: [18742] time: [758]
STATS - lpIterations[38] lagIterations[8855] sspIterations[8855] numSeparations[8817] numCuts[0] compileTime[0] sspSolveTime[505] lpSolveTime[0] lb[587.228] ub[701.26] numArcs: [336716] numFixed: [18859] time: [771]
STATS - lpIterations[38] lagIterations[8869] sspIterations[8869] numSeparations[8831] numCuts[0] compileTime[0] sspSolveTime[506] lpSolveTime[0] lb[587.379] ub[701.26] numArcs: [336977] numFixed: [18877] time: [773]
STATS - lpIterations[39] lagIterations[8877] sspIterations[8877] numSeparations[8839] numCuts[0] compileTime[0] sspSolveTime[507] lpSolveTime[0] lb[587.379] ub[701.26] numArcs: [337104] numFixed: [18898] time: [774]
STATS - lpIterations[40] lagIterations[8979] sspIterations[8979] numSeparations[8940] numCuts[0] compileTime[0] sspSolveTime[518] lpSolveTime[0] lb[587.379] ub[701.26] numArcs: [339954] numFixed: [19085] time: [790]
STATS - lpIterations[41] lagIterations[9250] sspIterations[9250] numSeparations[9210] numCuts[0] compileTime[0] sspSolveTime[546] lpSolveTime[0] lb[587.379] ub[701.26] numArcs: [346283] numFixed: [19502] time: [833]
STATS - lpIterations[42] lagIterations[9352] sspIterations[9352] numSeparations[9311] numCuts[0] compileTime[0] sspSolveTime[557] lpSolveTime[0] lb[587.379] ub[701.26] numArcs: [348810] numFixed: [19661] time: [849]
STATS - lpIterations[43] lagIterations[9664] sspIterations[9664] numSeparations[9622] numCuts[0] compileTime[0] sspSolveTime[593] lpSolveTime[0] lb[587.379] ub[701.26] numArcs: [356346] numFixed: [20174] time: [901]
STATS - lpIterations[44] lagIterations[9766] sspIterations[9766] numSeparations[9723] numCuts[0] compileTime[0] sspSolveTime[604] lpSolveTime[0] lb[587.379] ub[701.26] numArcs: [358820] numFixed: [20271] time: [919]
STATS - lpIterations[45] lagIterations[10148] sspIterations[10148] numSeparations[10104] numCuts[0] compileTime[0] sspSolveTime[649] lpSolveTime[0] lb[587.379] ub[701.26] numArcs: [367604] numFixed: [20878] time: [985]
STATS - lpIterations[46] lagIterations[10250] sspIterations[10250] numSeparations[10205] numCuts[0] compileTime[0] sspSolveTime[662] lpSolveTime[0] lb[587.379] ub[701.26] numArcs: [369950] numFixed: [21338] time: [1003]
STATS - lpIterations[46] lagIterations[10524] sspIterations[10524] numSeparations[10478] numCuts[0] compileTime[0] sspSolveTime[694] lpSolveTime[0] lb[587.597] ub[701.26] numArcs: [376572] numFixed: [21696] time: [1052]
STATS - lpIterations[47] lagIterations[10625] sspIterations[10625] numSeparations[10579] numCuts[0] compileTime[0] sspSolveTime[707] lpSolveTime[0] lb[587.597] ub[701.26] numArcs: [378609] numFixed: [21886] time: [1071]
STATS - lpIterations[48] lagIterations[10727] sspIterations[10727] numSeparations[10680] numCuts[0] compileTime[0] sspSolveTime[720] lpSolveTime[0] lb[587.597] ub[701.26] numArcs: [381104] numFixed: [22019] time: [1090]
STATS - lpIterations[49] lagIterations[10977] sspIterations[10977] numSeparations[10929] numCuts[0] compileTime[0] sspSolveTime[751] lpSolveTime[0] lb[587.597] ub[701.26] numArcs: [387059] numFixed: [22427] time: [1137]
STATS - lpIterations[50] lagIterations[11079] sspIterations[11079] numSeparations[11030] numCuts[0] compileTime[0] sspSolveTime[765] lpSolveTime[0] lb[587.597] ub[701.26] numArcs: [389849] numFixed: [22574] time: [1156]
STATS - lpIterations[50] lagIterations[11500] sspIterations[11500] numSeparations[11450] numCuts[0] compileTime[0] sspSolveTime[820] lpSolveTime[0] lb[587.697] ub[701.26] numArcs: [399496] numFixed: [22887] time: [1238]
STATS - lpIterations[51] lagIterations[11518] sspIterations[11518] numSeparations[11468] numCuts[0] compileTime[0] sspSolveTime[823] lpSolveTime[0] lb[587.697] ub[701.26] numArcs: [399895] numFixed: [22931] time: [1242]
STATS - lpIterations[52] lagIterations[11620] sspIterations[11620] numSeparations[11569] numCuts[0] compileTime[0] sspSolveTime[836] lpSolveTime[0] lb[587.697] ub[701.26] numArcs: [402498] numFixed: [23074] time: [1262]
STATS - lpIterations[53] lagIterations[11962] sspIterations[11962] numSeparations[11910] numCuts[0] compileTime[0] sspSolveTime[884] lpSolveTime[0] lb[587.697] ub[701.26] numArcs: [410807] numFixed: [23639] time: [1332]
STATS - lpIterations[54] lagIterations[12064] sspIterations[12064] numSeparations[12011] numCuts[0] compileTime[0] sspSolveTime[898] lpSolveTime[0] lb[587.697] ub[701.26] numArcs: [413192] numFixed: [23816] time: [1353]
STATS - lpIterations[55] lagIterations[12292] sspIterations[12292] numSeparations[12238] numCuts[0] compileTime[0] sspSolveTime[931] lpSolveTime[0] lb[587.697] ub[701.26] numArcs: [418997] numFixed: [24159] time: [1402]
STATS - lpIterations[56] lagIterations[12394] sspIterations[12394] numSeparations[12339] numCuts[0] compileTime[0] sspSolveTime[946] lpSolveTime[0] lb[587.697] ub[701.26] numArcs: [421188] numFixed: [24441] time: [1424]
STATS - lpIterations[57] lagIterations[12636] sspIterations[12636] numSeparations[12580] numCuts[0] compileTime[0] sspSolveTime[982] lpSolveTime[0] lb[587.697] ub[701.26] numArcs: [426840] numFixed: [24694] time: [1476]
STATS - lpIterations[58] lagIterations[12738] sspIterations[12738] numSeparations[12681] numCuts[0] compileTime[0] sspSolveTime[997] lpSolveTime[0] lb[587.697] ub[701.26] numArcs: [429318] numFixed: [24837] time: [1499]
STATS - lpIterations[58] lagIterations[13105] sspIterations[13105] numSeparations[13047] numCuts[0] compileTime[0] sspSolveTime[1054] lpSolveTime[0] lb[587.712] ub[701.26] numArcs: [438017] numFixed: [25320] time: [1582]
STATS - lpIterations[58] lagIterations[13112] sspIterations[13112] numSeparations[13054] numCuts[0] compileTime[0] sspSolveTime[1055] lpSolveTime[0] lb[587.808] ub[701.26] numArcs: [438154] numFixed: [25331] time: [1584]
STATS - lpIterations[58] lagIterations[13169] sspIterations[13169] numSeparations[13111] numCuts[0] compileTime[0] sspSolveTime[1064] lpSolveTime[0] lb[587.891] ub[701.26] numArcs: [439346] numFixed: [25415] time: [1597]
STATS - lpIterations[59] lagIterations[13213] sspIterations[13213] numSeparations[13155] numCuts[0] compileTime[0] sspSolveTime[1071] lpSolveTime[0] lb[587.891] ub[701.26] numArcs: [440334] numFixed: [25492] time: [1607]
STATS - lpIterations[60] lagIterations[13315] sspIterations[13315] numSeparations[13256] numCuts[0] compileTime[0] sspSolveTime[1087] lpSolveTime[0] lb[587.891] ub[701.26] numArcs: [442930] numFixed: [25635] time: [1630]
STATS - lpIterations[61] lagIterations[13417] sspIterations[13417] numSeparations[13357] numCuts[0] compileTime[0] sspSolveTime[1103] lpSolveTime[0] lb[587.891] ub[701.26] numArcs: [445379] numFixed: [25845] time: [1654]
STATS - lpIterations[61] lagIterations[13746] sspIterations[13746] numSeparations[13685] numCuts[0] compileTime[0] sspSolveTime[1157] lpSolveTime[0] lb[588.053] ub[701.26] numArcs: [453040] numFixed: [26330] time: [1732]
STATS - lpIterations[62] lagIterations[13847] sspIterations[13847] numSeparations[13786] numCuts[0] compileTime[0] sspSolveTime[1173] lpSolveTime[0] lb[588.053] ub[701.26] numArcs: [455090] numFixed: [26478] time: [1756]
STATS - lpIterations[63] lagIterations[13949] sspIterations[13949] numSeparations[13887] numCuts[0] compileTime[0] sspSolveTime[1190] lpSolveTime[0] lb[588.053] ub[701.26] numArcs: [457655] numFixed: [26677] time: [1780]
STATS - lpIterations[64] lagIterations[14322] sspIterations[14322] numSeparations[14259] numCuts[0] compileTime[0] sspSolveTime[1253] lpSolveTime[0] lb[588.053] ub[701.26] numArcs: [466141] numFixed: [27244] time: [1872]
STATS - lpIterations[65] lagIterations[14424] sspIterations[14424] numSeparations[14360] numCuts[0] compileTime[0] sspSolveTime[1270] lpSolveTime[0] lb[588.053] ub[701.26] numArcs: [468858] numFixed: [27405] time: [1897]
STATS - lpIterations[66] lagIterations[14863] sspIterations[14863] numSeparations[14798] numCuts[0] compileTime[0] sspSolveTime[1346] lpSolveTime[0] lb[588.053] ub[701.26] numArcs: [479063] numFixed: [28004] time: [2008]
STATS - lpIterations[67] lagIterations[14965] sspIterations[14965] numSeparations[14899] numCuts[0] compileTime[0] sspSolveTime[1364] lpSolveTime[0] lb[588.053] ub[701.26] numArcs: [481587] numFixed: [28227] time: [2035]
STATS - lpIterations[67] lagIterations[15307] sspIterations[15307] numSeparations[15240] numCuts[0] compileTime[0] sspSolveTime[1426] lpSolveTime[0] lb[588.145] ub[701.26] numArcs: [489397] numFixed: [28667] time: [2125]
STATS - lpIterations[67] lagIterations[15328] sspIterations[15328] numSeparations[15261] numCuts[0] compileTime[0] sspSolveTime[1430] lpSolveTime[0] lb[588.206] ub[701.26] numArcs: [489878] numFixed: [28698] time: [2130]
STATS - lpIterations[68] lagIterations[15408] sspIterations[15408] numSeparations[15341] numCuts[0] compileTime[0] sspSolveTime[1445] lpSolveTime[0] lb[588.206] ub[701.26] numArcs: [491424] numFixed: [28808] time: [2152]
STATS - lpIterations[69] lagIterations[15510] sspIterations[15510] numSeparations[15442] numCuts[0] compileTime[0] sspSolveTime[1464] lpSolveTime[0] lb[588.206] ub[701.26] numArcs: [493927] numFixed: [28972] time: [2179]
STATS - lpIterations[70] lagIterations[15669] sspIterations[15669] numSeparations[15600] numCuts[0] compileTime[0] sspSolveTime[1493] lpSolveTime[0] lb[588.206] ub[701.26] numArcs: [497761] numFixed: [29239] time: [2222]
STATS - lpIterations[71] lagIterations[16003] sspIterations[16003] numSeparations[15933] numCuts[0] compileTime[0] sspSolveTime[1556] lpSolveTime[0] lb[588.206] ub[701.26] numArcs: [506077] numFixed: [29765] time: [2313]
STATS - lpIterations[72] lagIterations[16105] sspIterations[16105] numSeparations[16034] numCuts[0] compileTime[0] sspSolveTime[1575] lpSolveTime[0] lb[588.206] ub[701.26] numArcs: [508460] numFixed: [29890] time: [2341]
STATS - lpIterations[73] lagIterations[16348] sspIterations[16348] numSeparations[16276] numCuts[0] compileTime[0] sspSolveTime[1622] lpSolveTime[0] lb[588.206] ub[701.26] numArcs: [514182] numFixed: [30249] time: [2409]
STATS - lpIterations[74] lagIterations[16450] sspIterations[16450] numSeparations[16377] numCuts[0] compileTime[0] sspSolveTime[1642] lpSolveTime[0] lb[588.206] ub[701.26] numArcs: [516840] numFixed: [30547] time: [2438]
STATS - lpIterations[75] lagIterations[16748] sspIterations[16748] numSeparations[16674] numCuts[0] compileTime[0] sspSolveTime[1701] lpSolveTime[0] lb[588.206] ub[701.26] numArcs: [523920] numFixed: [30878] time: [2523]
STATS - lpIterations[76] lagIterations[16850] sspIterations[16850] numSeparations[16775] numCuts[0] compileTime[0] sspSolveTime[1722] lpSolveTime[0] lb[588.206] ub[701.26] numArcs: [526112] numFixed: [30994] time: [2553]
STATS - lpIterations[77] lagIterations[17114] sspIterations[17114] numSeparations[17038] numCuts[0] compileTime[0] sspSolveTime[1776] lpSolveTime[0] lb[588.206] ub[701.26] numArcs: [532050] numFixed: [31403] time: [2632]
STATS - lpIterations[78] lagIterations[17216] sspIterations[17216] numSeparations[17139] numCuts[0] compileTime[0] sspSolveTime[1797] lpSolveTime[0] lb[588.206] ub[701.26] numArcs: [534345] numFixed: [31553] time: [2663]
STATS - lpIterations[79] lagIterations[17411] sspIterations[17411] numSeparations[17333] numCuts[0] compileTime[0] sspSolveTime[1838] lpSolveTime[0] lb[588.206] ub[701.26] numArcs: [539089] numFixed: [31845] time: [2724]
STATS - lpIterations[80] lagIterations[17615] sspIterations[17615] numSeparations[17536] numCuts[0] compileTime[0] sspSolveTime[1882] lpSolveTime[0] lb[588.206] ub[701.26] numArcs: [543838] numFixed: [32146] time: [2787]
STATS - lpIterations[81] lagIterations[17912] sspIterations[17912] numSeparations[17832] numCuts[0] compileTime[0] sspSolveTime[1946] lpSolveTime[0] lb[588.206] ub[701.26] numArcs: [550883] numFixed: [32603] time: [2880]
STATS - lpIterations[82] lagIterations[18014] sspIterations[18014] numSeparations[17933] numCuts[0] compileTime[0] sspSolveTime[1968] lpSolveTime[0] lb[588.206] ub[701.26] numArcs: [553424] numFixed: [32777] time: [2913]
STATS - lpIterations[83] lagIterations[18341] sspIterations[18341] numSeparations[18259] numCuts[0] compileTime[0] sspSolveTime[2040] lpSolveTime[0] lb[588.206] ub[701.26] numArcs: [560949] numFixed: [33247] time: [3017]
STATS - lpIterations[84] lagIterations[18443] sspIterations[18443] numSeparations[18360] numCuts[0] compileTime[0] sspSolveTime[2062] lpSolveTime[0] lb[588.206] ub[701.26] numArcs: [563774] numFixed: [33413] time: [3049]
STATS - lpIterations[85] lagIterations[18787] sspIterations[18787] numSeparations[18703] numCuts[0] compileTime[0] sspSolveTime[2139] lpSolveTime[0] lb[588.206] ub[701.26] numArcs: [571293] numFixed: [33904] time: [3159]
STATS - lpIterations[86] lagIterations[18889] sspIterations[18889] numSeparations[18804] numCuts[0] compileTime[0] sspSolveTime[2161] lpSolveTime[0] lb[588.206] ub[701.26] numArcs: [573932] numFixed: [34121] time: [3192]
STATS - lpIterations[86] lagIterations[19062] sspIterations[19062] numSeparations[18976] numCuts[0] compileTime[0] sspSolveTime[2200] lpSolveTime[0] lb[588.273] ub[701.26] numArcs: [577845] numFixed: [34359] time: [3248]
STATS - lpIterations[87] lagIterations[19163] sspIterations[19163] numSeparations[19077] numCuts[0] compileTime[0] sspSolveTime[2223] lpSolveTime[0] lb[588.273] ub[701.26] numArcs: [579973] numFixed: [34530] time: [3282]
STATS - lpIterations[88] lagIterations[19265] sspIterations[19265] numSeparations[19178] numCuts[0] compileTime[0] sspSolveTime[2247] lpSolveTime[0] lb[588.273] ub[701.26] numArcs: [582228] numFixed: [34651] time: [3315]
STATS - lpIterations[88] lagIterations[19555] sspIterations[19555] numSeparations[19467] numCuts[0] compileTime[0] sspSolveTime[2315] lpSolveTime[0] lb[588.552] ub[701.26] numArcs: [589388] numFixed: [35078] time: [3413]
STATS - lpIterations[89] lagIterations[19656] sspIterations[19656] numSeparations[19568] numCuts[0] compileTime[0] sspSolveTime[2339] lpSolveTime[0] lb[588.552] ub[701.26] numArcs: [591475] numFixed: [35217] time: [3448]
STATS - lpIterations[90] lagIterations[19758] sspIterations[19758] numSeparations[19669] numCuts[0] compileTime[0] sspSolveTime[2363] lpSolveTime[0] lb[588.552] ub[701.26] numArcs: [593829] numFixed: [35549] time: [3482]
STATS - lpIterations[91] lagIterations[20012] sspIterations[20012] numSeparations[19922] numCuts[0] compileTime[0] sspSolveTime[2424] lpSolveTime[0] lb[588.552] ub[701.26] numArcs: [599413] numFixed: [35715] time: [3570]
