do not relax capacity constraint
instance upper bound: 7140.1
compiling DD
time step mult: 10
time step: 900
cap step: 1
done compiling DD
batch size for lag: 1
iteration delay to start separating: 0
optimality gap to start repairing: 5
percent fixed to change to CPLEX: 97.5
num arcs to change to CPLEX: 100000
num arcs to change to LAG: 999999999
STATS - lpIterations[0] lagIterations[0] sspIterations[0] numSeparations[0] numCuts[0] compileTime[3] sspSolveTime[0] lpSolveTime[0] lb[0] ub[7140.1] numArcs: [2731042] numFixed: [0] time: [3]
STATS - lpIterations[1] lagIterations[0] sspIterations[0] numSeparations[0] numCuts[0] compileTime[3] sspSolveTime[0] lpSolveTime[0] lb[0] ub[7140.1] numArcs: [2731042] numFixed: [0] time: [3]
STATS - lpIterations[1] lagIterations[1] sspIterations[1] numSeparations[0] numCuts[0] compileTime[3] sspSolveTime[0] lpSolveTime[0] lb[5660.1] ub[7140.1] numArcs: [2731030] numFixed: [0] time: [4]
STATS - lpIterations[1] lagIterations[2] sspIterations[2] numSeparations[1] numCuts[0] compileTime[3] sspSolveTime[0] lpSolveTime[0] lb[5938.39] ub[7140.1] numArcs: [2731993] numFixed: [0] time: [4]
STATS - lpIterations[1] lagIterations[3] sspIterations[3] numSeparations[2] numCuts[0] compileTime[3] sspSolveTime[0] lpSolveTime[0] lb[6220.97] ub[7140.1] numArcs: [2733180] numFixed: [0] time: [4]
STATS - lpIterations[1] lagIterations[4] sspIterations[44] numSeparations[3] numCuts[0] compileTime[3] sspSolveTime[1] lpSolveTime[0] lb[6419.8] ub[7140.1] numArcs: [2733355] numFixed: [0] time: [5]
STATS - lpIterations[1] lagIterations[5] sspIterations[56] numSeparations[40] numCuts[0] compileTime[3] sspSolveTime[1] lpSolveTime[0] lb[6480.68] ub[7140.1] numArcs: [2771418] numFixed: [0] time: [6]
STATS - lpIterations[1] lagIterations[7] sspIterations[155] numSeparations[101] numCuts[0] compileTime[3] sspSolveTime[4] lpSolveTime[0] lb[6609.21] ub[7140.1] numArcs: [2813098] numFixed: [0] time: [8]
STATS - lpIterations[1] lagIterations[9] sspIterations[232] numSeparations[169] numCuts[0] compileTime[3] sspSolveTime[6] lpSolveTime[0] lb[6639.6] ub[7140.1] numArcs: [2851293] numFixed: [0] time: [10]
STATS - lpIterations[1] lagIterations[11] sspIterations[322] numSeparations[230] numCuts[0] compileTime[3] sspSolveTime[8] lpSolveTime[0] lb[6711.61] ub[7140.1] numArcs: [2882181] numFixed: [0] time: [13]
STATS - lpIterations[1] lagIterations[13] sspIterations[404] numSeparations[288] numCuts[0] compileTime[3] sspSolveTime[11] lpSolveTime[0] lb[6726.07] ub[7140.1] numArcs: [2908394] numFixed: [0] time: [16]
STATS - lpIterations[1] lagIterations[15] sspIterations[511] numSeparations[352] numCuts[0] compileTime[3] sspSolveTime[14] lpSolveTime[0] lb[6759.54] ub[7140.1] numArcs: [2938451] numFixed: [0] time: [19]
STATS - lpIterations[1] lagIterations[18] sspIterations[612] numSeparations[427] numCuts[0] compileTime[3] sspSolveTime[17] lpSolveTime[0] lb[6802.94] ub[7140.1] numArcs: [2971007] numFixed: [0] time: [23]
STATS - lpIterations[1] lagIterations[20] sspIterations[716] numSeparations[479] numCuts[0] compileTime[3] sspSolveTime[21] lpSolveTime[0] lb[6816.3] ub[7140.1] numArcs: [2989175] numFixed: [0] time: [30]
STATS - lpIterations[1] lagIterations[24] sspIterations[861] numSeparations[544] numCuts[0] compileTime[3] sspSolveTime[25] lpSolveTime[0] lb[6844.54] ub[7140.1] numArcs: [3014777] numFixed: [0] time: [39]
STATS - lpIterations[1] lagIterations[28] sspIterations[1004] numSeparations[617] numCuts[0] compileTime[3] sspSolveTime[30] lpSolveTime[0] lb[6844.8] ub[7140.1] numArcs: [3038109] numFixed: [0] time: [50]
STATS - lpIterations[1] lagIterations[28] sspIterations[1004] numSeparations[617] numCuts[0] compileTime[3] sspSolveTime[30] lpSolveTime[0] lb[6846.47] ub[7140.1] numArcs: [3038109] numFixed: [0] time: [52]
STATS - lpIterations[1] lagIterations[30] sspIterations[1097] numSeparations[659] numCuts[0] compileTime[3] sspSolveTime[34] lpSolveTime[0] lb[6885.81] ub[7140.1] numArcs: [3054694] numFixed: [0] time: [56]
STATS - lpIterations[1] lagIterations[30] sspIterations[1097] numSeparations[659] numCuts[0] compileTime[3] sspSolveTime[34] lpSolveTime[0] lb[6891.93] ub[7140.1] numArcs: [3054694] numFixed: [0] time: [58]
STATS - lpIterations[1] lagIterations[36] sspIterations[1335] numSeparations[753] numCuts[0] compileTime[3] sspSolveTime[42] lpSolveTime[0] lb[6907.13] ub[7140.1] numArcs: [3089302] numFixed: [0] time: [81]
STATS - lpIterations[1] lagIterations[39] sspIterations[1450] numSeparations[807] numCuts[0] compileTime[3] sspSolveTime[46] lpSolveTime[0] lb[6922.84] ub[7140.1] numArcs: [3108830] numFixed: [0] time: [91]
STATS - lpIterations[1] lagIterations[41] sspIterations[1579] numSeparations[863] numCuts[0] compileTime[3] sspSolveTime[53] lpSolveTime[0] lb[6950.43] ub[7140.1] numArcs: [3130525] numFixed: [0] time: [104]
STATS - lpIterations[1] lagIterations[47] sspIterations[1846] numSeparations[991] numCuts[0] compileTime[3] sspSolveTime[64] lpSolveTime[0] lb[6952.66] ub[7140.1] numArcs: [3170183] numFixed: [0] time: [129]
STATS - lpIterations[1] lagIterations[48] sspIterations[1882] numSeparations[1015] numCuts[0] compileTime[3] sspSolveTime[65] lpSolveTime[0] lb[6955.12] ub[7140.1] numArcs: [3177999] numFixed: [0] time: [131]
STATS - lpIterations[1] lagIterations[48] sspIterations[1882] numSeparations[1015] numCuts[0] compileTime[3] sspSolveTime[65] lpSolveTime[0] lb[6960.89] ub[7140.1] numArcs: [3177999] numFixed: [0] time: [133]
STATS - lpIterations[1] lagIterations[52] sspIterations[2064] numSeparations[1100] numCuts[0] compileTime[3] sspSolveTime[74] lpSolveTime[0] lb[6960.93] ub[7140.1] numArcs: [3205478] numFixed: [0] time: [155]
STATS - lpIterations[1] lagIterations[53] sspIterations[2100] numSeparations[1118] numCuts[0] compileTime[3] sspSolveTime[75] lpSolveTime[0] lb[6961.73] ub[7140.1] numArcs: [3210394] numFixed: [0] time: [157]
STATS - lpIterations[1] lagIterations[53] sspIterations[2100] numSeparations[1118] numCuts[0] compileTime[3] sspSolveTime[75] lpSolveTime[0] lb[6964.92] ub[7140.1] numArcs: [3210394] numFixed: [0] time: [160]
STATS - lpIterations[1] lagIterations[57] sspIterations[2280] numSeparations[1193] numCuts[0] compileTime[3] sspSolveTime[82] lpSolveTime[0] lb[6977.18] ub[7140.1] numArcs: [3233272] numFixed: [0] time: [175]
STATS - lpIterations[1] lagIterations[57] sspIterations[2280] numSeparations[1193] numCuts[0] compileTime[3] sspSolveTime[82] lpSolveTime[0] lb[6982.94] ub[7140.1] numArcs: [3233272] numFixed: [0] time: [177]
STATS - lpIterations[1] lagIterations[64] sspIterations[2554] numSeparations[1283] numCuts[0] compileTime[3] sspSolveTime[93] lpSolveTime[0] lb[6986.06] ub[7140.1] numArcs: [3261075] numFixed: [0] time: [212]
STATS - lpIterations[1] lagIterations[65] sspIterations[2588] numSeparations[1306] numCuts[0] compileTime[3] sspSolveTime[94] lpSolveTime[0] lb[7000.04] ub[7140.1] numArcs: [3266686] numFixed: [0] time: [214]
STATS - lpIterations[1] lagIterations[70] sspIterations[2806] numSeparations[1373] numCuts[0] compileTime[3] sspSolveTime[104] lpSolveTime[0] lb[7003.85] ub[7140.1] numArcs: [3284483] numFixed: [0] time: [245]
STATS - lpIterations[1] lagIterations[72] sspIterations[2887] numSeparations[1404] numCuts[0] compileTime[3] sspSolveTime[108] lpSolveTime[0] lb[7009.2] ub[7140.1] numArcs: [3291694] numFixed: [0] time: [256]
STATS - lpIterations[1] lagIterations[73] sspIterations[2924] numSeparations[1426] numCuts[0] compileTime[3] sspSolveTime[110] lpSolveTime[0] lb[7010.97] ub[7140.1] numArcs: [3298089] numFixed: [0] time: [261]
STATS - lpIterations[1] lagIterations[75] sspIterations[3003] numSeparations[1457] numCuts[0] compileTime[3] sspSolveTime[113] lpSolveTime[0] lb[7013.88] ub[7140.1] numArcs: [3309242] numFixed: [0] time: [270]
STATS - lpIterations[1] lagIterations[77] sspIterations[3103] numSeparations[1498] numCuts[0] compileTime[3] sspSolveTime[118] lpSolveTime[0] lb[7014.4] ub[7140.1] numArcs: [3320524] numFixed: [0] time: [283]
STATS - lpIterations[1] lagIterations[77] sspIterations[3103] numSeparations[1498] numCuts[0] compileTime[3] sspSolveTime[118] lpSolveTime[0] lb[7014.48] ub[7140.1] numArcs: [3320524] numFixed: [0] time: [286]
STATS - lpIterations[1] lagIterations[80] sspIterations[3230] numSeparations[1536] numCuts[0] compileTime[3] sspSolveTime[125] lpSolveTime[0] lb[7020.57] ub[7140.1] numArcs: [3328404] numFixed: [0] time: [305]
STATS - lpIterations[1] lagIterations[81] sspIterations[3268] numSeparations[1564] numCuts[0] compileTime[3] sspSolveTime[126] lpSolveTime[0] lb[7026.9] ub[7140.1] numArcs: [3334988] numFixed: [0] time: [308]
STATS - lpIterations[1] lagIterations[84] sspIterations[3402] numSeparations[1601] numCuts[0] compileTime[3] sspSolveTime[132] lpSolveTime[0] lb[7027.28] ub[7140.1] numArcs: [3343842] numFixed: [0] time: [328]
STATS - lpIterations[1] lagIterations[85] sspIterations[3445] numSeparations[1630] numCuts[0] compileTime[3] sspSolveTime[134] lpSolveTime[0] lb[7039.82] ub[7140.1] numArcs: [3351537] numFixed: [0] time: [332]
STATS - lpIterations[1] lagIterations[89] sspIterations[3637] numSeparations[1705] numCuts[0] compileTime[3] sspSolveTime[145] lpSolveTime[0] lb[7054.28] ub[7140.1] numArcs: [3373914] numFixed: [0] time: [359]
STATS - lpIterations[1] lagIterations[106] sspIterations[4339] numSeparations[1925] numCuts[0] compileTime[3] sspSolveTime[179] lpSolveTime[0] lb[7054.79] ub[7140.1] numArcs: [3430235] numFixed: [0] time: [469]
STATS - lpIterations[1] lagIterations[107] sspIterations[4383] numSeparations[1960] numCuts[0] compileTime[3] sspSolveTime[181] lpSolveTime[0] lb[7064.35] ub[7140.1] numArcs: [3439872] numFixed: [0] time: [476]
STATS - lpIterations[1] lagIterations[122] sspIterations[4992] numSeparations[2104] numCuts[0] compileTime[3] sspSolveTime[212] lpSolveTime[0] lb[7070.01] ub[7140.1] numArcs: [3476648] numFixed: [0] time: [579]
STATS - lpIterations[1] lagIterations[123] sspIterations[5034] numSeparations[2135] numCuts[0] compileTime[3] sspSolveTime[214] lpSolveTime[0] lb[7072.26] ub[7140.1] numArcs: [3486445] numFixed: [0] time: [587]
STATS - lpIterations[1] lagIterations[128] sspIterations[5241] numSeparations[2175] numCuts[0] compileTime[3] sspSolveTime[224] lpSolveTime[0] lb[7073.11] ub[7140.1] numArcs: [3496902] numFixed: [0] time: [622]
STATS - lpIterations[1] lagIterations[129] sspIterations[5284] numSeparations[2194] numCuts[0] compileTime[3] sspSolveTime[226] lpSolveTime[0] lb[7079.27] ub[7140.1] numArcs: [3501938] numFixed: [0] time: [625]
STATS - lpIterations[1] lagIterations[129] sspIterations[5284] numSeparations[2194] numCuts[0] compileTime[3] sspSolveTime[226] lpSolveTime[0] lb[7080.16] ub[7140.1] numArcs: [3501938] numFixed: [0] time: [629]
STATS - lpIterations[1] lagIterations[139] sspIterations[5689] numSeparations[2261] numCuts[0] compileTime[3] sspSolveTime[248] lpSolveTime[0] lb[7092.55] ub[7140.1] numArcs: [3518591] numFixed: [0] time: [701]
STATS - lpIterations[1] lagIterations[160] sspIterations[6553] numSeparations[2476] numCuts[0] compileTime[3] sspSolveTime[292] lpSolveTime[0] lb[7093.04] ub[7140.1] numArcs: [3576246] numFixed: [0] time: [852]
STATS - lpIterations[1] lagIterations[167] sspIterations[6837] numSeparations[2524] numCuts[0] compileTime[3] sspSolveTime[305] lpSolveTime[0] lb[7093.22] ub[7140.1] numArcs: [3588010] numFixed: [0] time: [901]
STATS - lpIterations[1] lagIterations[170] sspIterations[6954] numSeparations[2544] numCuts[0] compileTime[3] sspSolveTime[311] lpSolveTime[0] lb[7099.87] ub[7140.1] numArcs: [3592945] numFixed: [0] time: [923]
STATS - lpIterations[1] lagIterations[181] sspIterations[7415] numSeparations[2618] numCuts[0] compileTime[3] sspSolveTime[334] lpSolveTime[0] lb[7101.47] ub[7140.1] numArcs: [3611392] numFixed: [0] time: [1004]
STATS - lpIterations[1] lagIterations[183] sspIterations[7489] numSeparations[2633] numCuts[0] compileTime[3] sspSolveTime[337] lpSolveTime[0] lb[7109.5] ub[7140.1] numArcs: [3614475] numFixed: [0] time: [1017]
STATS - lpIterations[1] lagIterations[200] sspIterations[8238] numSeparations[2789] numCuts[0] compileTime[3] sspSolveTime[379] lpSolveTime[0] lb[7109.93] ub[7140.1] numArcs: [3654541] numFixed: [0] time: [1148]
STATS - lpIterations[1] lagIterations[214] sspIterations[8840] numSeparations[2902] numCuts[0] compileTime[3] sspSolveTime[410] lpSolveTime[0] lb[7112.42] ub[7140.1] numArcs: [3682371] numFixed: [0] time: [1254]
switching from LAG to LP solver
num vars: 98222
STATS - lpIterations[2] lagIterations[214] sspIterations[8840] numSeparations[2902] numCuts[0] compileTime[3] sspSolveTime[410] lpSolveTime[124] lb[7140.02] ub[7140.1] numArcs: [3682371] numFixed: [3589308] time: [1381]
max violation: 0.2
new capacity cutset: 34 41 78 125 188 224 225 231 278 323 387 <= 9
new capacity cutset: 34 41 43 78 125 188 224 225 230 231 278 323 387 <= 11
new capacity cutset: 34 41 78 125 188 224 225 230 231 278 323 387 <= 10
new capacity cutset: 34 43 78 125 188 225 230 231 278 323 387 <= 9
routes: 
flow {1}: 0 92 266 165 308 146 268 79 
flow {1}: 0 5 160 337 330 143 215 46 153 147 89 166 258 
flow {1}: 0 17 326 214 355 117 247 162 320 168 283 289 158 104 227 
flow {1}: 0 23 371 38 333 111 194 363 251 316 276 142 
flow {1}: 0 33 255 29 157 212 169 237 219 28 76 241 
flow {1}: 0 49 298 87 70 302 201 25 96 353 
flow {1}: 0 51 181 389 1 116 127 245 242 259 
flow {1}: 0 56 141 252 370 274 138 170 4 190 275 
flow {1}: 0 63 213 121 233 173 161 50 383 261 131 
flow {1}: 0 73 265 380 85 328 177 95 30 
flow {1}: 0 80 315 221 284 351 58 356 134 107 
flow {1}: 0 94 54 180 179 386 379 312 246 81 197 84 
flow {1}: 0 97 375 149 101 7 257 300 13 
flow {1}: 0 102 69 222 159 304 71 113 211 59 253 
flow {1}: 0 105 155 395 361 272 306 377 124 2 347 376 
flow {1}: 0 114 44 348 235 388 281 129 263 176 137 384 
flow {1}: 0 126 115 331 398 66 277 325 368 37 20 
flow {1}: 0 186 154 381 202 342 309 118 21 346 45 
flow {1}: 0 189 174 390 271 244 57 48 345 98 250 234 
flow {1}: 0 267 364 340 373 167 148 378 164 367 391 
flow {1}: 0 286 88 217 209 185 10 152 336 
flow {1}: 0 287 31 362 108 248 171 243 239 192 128 27 
flow {1}: 0 290 182 236 61 218 11 369 110 35 223 240 
flow {1}: 0 291 52 16 314 136 317 22 399 132 311 
flow {1}: 0 292 226 109 172 26 350 282 352 40 183 123 75 228 
flow {1}: 0 301 139 280 392 36 191 349 344 91 130 372 
flow {1}: 0 303 144 24 93 229 204 295 103 220 122 
flow {1}: 0 322 151 270 193 19 55 120 294 
flow {1}: 0 324 156 133 210 382 338 256 205 
flow {0.2}: 0 332 310 339 262 400 8 319 260 
flow {0.4}: 0 332 310 339 262 400 8 319 260 43 230 224 41 
flow {0.4}: 0 332 310 339 262 400 8 319 260 43 34 224 41 
flow {1}: 0 334 216 358 195 285 18 238 297 329 
flow {1}: 0 335 385 199 82 296 359 254 293 60 53 313 86 
flow {1}: 0 343 269 64 208 100 145 318 106 163 
flow {1}: 0 357 77 74 394 68 14 288 6 178 327 
flow {1}: 0 360 198 12 9 47 299 305 249 
flow {1}: 0 366 150 83 354 206 99 184 175 3 
flow {1}: 0 374 32 62 39 67 65 396 307 264 
flow {0.2}: 0 387 278 78 231 188 125 225 323 43 
flow {0.2}: 0 387 278 78 231 188 125 225 323 224 41 
flow {0.6}: 0 387 278 78 231 188 125 225 323 34 230 
flow {1}: 0 393 112 135 140 279 90 196 321 15 
flow {1}: 0 397 72 203 365 273 341 207 187 200 119 232 42 
no more separations possible
num vars: 98222
STATS - lpIterations[3] lagIterations[214] sspIterations[8840] numSeparations[2902] numCuts[4] compileTime[3] sspSolveTime[410] lpSolveTime[242] lb[7140.1] ub[7140.1] numArcs: [3682371] numFixed: [3589308] time: [1499]
integral solution
routes: 
flow {1}: 0 92 266 165 308 146 268 79 
flow {1}: 0 5 160 337 330 143 215 46 153 147 89 166 258 
flow {1}: 0 17 326 214 355 117 247 162 320 168 283 289 158 104 227 
flow {1}: 0 23 371 38 333 111 194 363 251 316 276 142 
flow {1}: 0 33 255 29 157 212 169 237 219 28 76 311 241 
flow {1}: 0 49 298 87 70 302 201 25 96 353 
flow {1}: 0 51 181 389 1 116 127 245 242 259 
flow {1}: 0 56 141 252 370 274 138 170 4 190 275 
flow {1}: 0 63 213 121 233 173 161 50 383 261 131 
flow {1}: 0 73 265 380 85 328 177 95 30 
flow {1}: 0 80 315 221 284 351 58 356 134 107 
flow {1}: 0 94 54 180 179 386 379 312 246 81 197 84 
flow {1}: 0 97 375 149 101 7 257 300 13 
flow {1}: 0 102 69 222 159 304 71 113 211 59 253 
flow {1}: 0 105 155 395 361 272 306 377 124 2 347 376 
flow {1}: 0 114 44 348 235 388 281 129 263 176 137 384 
flow {1}: 0 126 115 331 398 66 277 325 368 37 20 
flow {1}: 0 186 154 381 202 342 309 118 21 346 45 
flow {1}: 0 189 174 390 271 244 57 48 345 98 250 234 
flow {1}: 0 267 364 340 373 167 148 378 164 367 391 
flow {1}: 0 286 88 217 209 185 10 152 336 
flow {1}: 0 287 31 362 108 248 171 243 239 192 128 27 
flow {1}: 0 290 182 236 61 218 11 369 110 35 223 240 
flow {1}: 0 291 52 16 314 136 317 22 399 132 
flow {1}: 0 292 226 109 172 26 350 282 352 40 183 123 75 228 
flow {1}: 0 301 139 280 392 36 191 349 344 91 130 372 
flow {1}: 0 303 144 24 93 229 204 295 103 220 122 
flow {1}: 0 322 151 270 193 19 55 120 294 
flow {1}: 0 324 156 133 210 382 338 256 205 
flow {1}: 0 332 310 339 262 400 8 319 260 43 230 41 
flow {1}: 0 334 216 358 195 285 18 238 297 329 
flow {1}: 0 335 385 199 82 296 359 254 293 60 53 313 86 
flow {1}: 0 343 269 64 208 100 145 318 106 163 
flow {1}: 0 357 77 74 394 68 14 288 6 178 327 
flow {1}: 0 360 198 12 9 47 299 305 249 
flow {1}: 0 366 150 83 354 206 99 184 175 3 
flow {1}: 0 374 32 62 39 67 65 396 307 264 
flow {1}: 0 387 278 78 231 188 125 225 323 34 224 
flow {1}: 0 393 112 135 140 279 90 196 321 15 
flow {1}: 0 397 72 203 365 273 341 207 187 200 119 232 42 
no more separations possible
no more separations or cuts possible
STATS - lpIterations[3] lagIterations[214] sspIterations[8840] numSeparations[2902] numCuts[4] compileTime[3] sspSolveTime[410] lpSolveTime[242] lb[7140.1] ub[7140.1] numArcs: [3682371] numFixed: [3589308] time: [1499]
finished solving - complete
time elapsed: 1499
