do not relax capacity constraint
instance upper bound: 6777.7
compiling DD
time step mult: 10
time step: 900
cap step: 1
done compiling DD
batch size for lag: 1
iteration delay to start separating: 0
optimality gap to start repairing: 5
percent fixed to change to CPLEX: 97.5
num arcs to change to CPLEX: 100000
num arcs to change to LAG: 999999999
STATS - lpIterations[0] lagIterations[0] sspIterations[0] numSeparations[0] numCuts[0] compileTime[139] sspSolveTime[0] lpSolveTime[0] lb[0] ub[6777.7] numArcs: [29118940] numFixed: [0] time: [139]
STATS - lpIterations[1] lagIterations[0] sspIterations[0] numSeparations[0] numCuts[0] compileTime[139] sspSolveTime[0] lpSolveTime[0] lb[0] ub[6777.7] numArcs: [29118940] numFixed: [0] time: [139]
STATS - lpIterations[1] lagIterations[1] sspIterations[1] numSeparations[0] numCuts[0] compileTime[139] sspSolveTime[1] lpSolveTime[0] lb[5658.12] ub[6777.7] numArcs: [29118940] numFixed: [0] time: [140]
STATS - lpIterations[1] lagIterations[2] sspIterations[2] numSeparations[1] numCuts[0] compileTime[139] sspSolveTime[2] lpSolveTime[0] lb[5918.46] ub[6777.7] numArcs: [29120058] numFixed: [0] time: [143]
STATS - lpIterations[1] lagIterations[3] sspIterations[82] numSeparations[2] numCuts[0] compileTime[139] sspSolveTime[18] lpSolveTime[0] lb[5973.96] ub[6777.7] numArcs: [29120038] numFixed: [0] time: [161]
STATS - lpIterations[1] lagIterations[4] sspIterations[105] numSeparations[82] numCuts[0] compileTime[139] sspSolveTime[23] lpSolveTime[0] lb[6154.08] ub[6777.7] numArcs: [29239072] numFixed: [0] time: [166]
STATS - lpIterations[1] lagIterations[5] sspIterations[144] numSeparations[105] numCuts[0] compileTime[139] sspSolveTime[32] lpSolveTime[0] lb[6165.08] ub[6777.7] numArcs: [29259789] numFixed: [0] time: [176]
STATS - lpIterations[1] lagIterations[6] sspIterations[145] numSeparations[144] numCuts[0] compileTime[139] sspSolveTime[34] lpSolveTime[0] lb[6203.65] ub[6777.7] numArcs: [29316919] numFixed: [0] time: [178]
STATS - lpIterations[1] lagIterations[9] sspIterations[585] numSeparations[536] numCuts[0] compileTime[139] sspSolveTime[135] lpSolveTime[0] lb[6358.76] ub[6777.7] numArcs: [29797018] numFixed: [0] time: [281]
STATS - lpIterations[1] lagIterations[14] sspIterations[1067] numSeparations[1007] numCuts[0] compileTime[139] sspSolveTime[237] lpSolveTime[0] lb[6445.43] ub[6777.7] numArcs: [30244315] numFixed: [0] time: [386]
STATS - lpIterations[1] lagIterations[14] sspIterations[1067] numSeparations[1007] numCuts[0] compileTime[139] sspSolveTime[237] lpSolveTime[0] lb[6446.72] ub[6777.7] numArcs: [30244315] numFixed: [0] time: [397]
STATS - lpIterations[1] lagIterations[23] sspIterations[1932] numSeparations[1759] numCuts[0] compileTime[139] sspSolveTime[479] lpSolveTime[0] lb[6472.77] ub[6777.7] numArcs: [30953052] numFixed: [0] time: [646]
STATS - lpIterations[1] lagIterations[23] sspIterations[1932] numSeparations[1759] numCuts[0] compileTime[139] sspSolveTime[479] lpSolveTime[0] lb[6474.46] ub[6777.7] numArcs: [30953052] numFixed: [0] time: [658]
STATS - lpIterations[1] lagIterations[26] sspIterations[2359] numSeparations[2089] numCuts[0] compileTime[139] sspSolveTime[612] lpSolveTime[0] lb[6490.26] ub[6777.7] numArcs: [31268209] numFixed: [0] time: [794]
STATS - lpIterations[1] lagIterations[26] sspIterations[2359] numSeparations[2089] numCuts[0] compileTime[139] sspSolveTime[612] lpSolveTime[0] lb[6508.96] ub[6777.7] numArcs: [31268209] numFixed: [0] time: [810]
STATS - lpIterations[1] lagIterations[38] sspIterations[3479] numSeparations[2950] numCuts[0] compileTime[139] sspSolveTime[910] lpSolveTime[0] lb[6521.01] ub[6777.7] numArcs: [31970423] numFixed: [0] time: [1225]
STATS - lpIterations[1] lagIterations[42] sspIterations[3968] numSeparations[3382] numCuts[0] compileTime[139] sspSolveTime[1069] lpSolveTime[0] lb[6531.18] ub[6777.7] numArcs: [32296416] numFixed: [0] time: [1430]
STATS - lpIterations[1] lagIterations[57] sspIterations[5282] numSeparations[4417] numCuts[0] compileTime[139] sspSolveTime[1493] lpSolveTime[0] lb[6545.43] ub[6777.7] numArcs: [33107499] numFixed: [0] time: [1988]
STATS - lpIterations[1] lagIterations[57] sspIterations[5282] numSeparations[4417] numCuts[0] compileTime[139] sspSolveTime[1493] lpSolveTime[0] lb[6545.94] ub[6777.7] numArcs: [33107499] numFixed: [0] time: [2011]
STATS - lpIterations[1] lagIterations[64] sspIterations[5868] numSeparations[4857] numCuts[0] compileTime[139] sspSolveTime[1685] lpSolveTime[0] lb[6549.89] ub[6777.7] numArcs: [33424602] numFixed: [0] time: [2298]
STATS - lpIterations[1] lagIterations[73] sspIterations[6493] numSeparations[5330] numCuts[0] compileTime[139] sspSolveTime[1878] lpSolveTime[0] lb[6551.44] ub[6777.7] numArcs: [33741451] numFixed: [0] time: [2609]
STATS - lpIterations[1] lagIterations[73] sspIterations[6493] numSeparations[5330] numCuts[0] compileTime[139] sspSolveTime[1878] lpSolveTime[0] lb[6552.93] ub[6777.7] numArcs: [33741451] numFixed: [0] time: [2630]
STATS - lpIterations[1] lagIterations[77] sspIterations[6795] numSeparations[5515] numCuts[0] compileTime[139] sspSolveTime[1969] lpSolveTime[0] lb[6558.82] ub[6777.7] numArcs: [33861067] numFixed: [0] time: [2799]
STATS - lpIterations[1] lagIterations[88] sspIterations[7702] numSeparations[6175] numCuts[0] compileTime[139] sspSolveTime[2292] lpSolveTime[0] lb[6560.75] ub[6777.7] numArcs: [34315265] numFixed: [0] time: [3253]
STATS - lpIterations[1] lagIterations[88] sspIterations[7702] numSeparations[6175] numCuts[0] compileTime[139] sspSolveTime[2292] lpSolveTime[0] lb[6565.07] ub[6777.7] numArcs: [34315265] numFixed: [0] time: [3280]
