do not relax capacity constraint
instance upper bound: 3914.1
compiling DD
time step mult: 10
time step: 900
cap step: 1
done compiling DD
batch size for lag: 1
iteration delay to start separating: 0
optimality gap to start repairing: 5
percent fixed to change to CPLEX: 97.5
num arcs to change to CPLEX: 100000
num arcs to change to LAG: 999999999
STATS - lpIterations[0] lagIterations[0] sspIterations[0] numSeparations[0] numCuts[0] compileTime[162] sspSolveTime[0] lpSolveTime[0] lb[0] ub[3914.1] numArcs: [64470938] numFixed: [0] time: [162]
STATS - lpIterations[1] lagIterations[0] sspIterations[0] numSeparations[0] numCuts[0] compileTime[162] sspSolveTime[0] lpSolveTime[0] lb[0] ub[3914.1] numArcs: [64470938] numFixed: [0] time: [162]
STATS - lpIterations[1] lagIterations[1] sspIterations[1] numSeparations[0] numCuts[0] compileTime[162] sspSolveTime[2] lpSolveTime[0] lb[1452.13] ub[3914.1] numArcs: [64470938] numFixed: [0] time: [164]
STATS - lpIterations[1] lagIterations[2] sspIterations[2] numSeparations[0] numCuts[0] compileTime[162] sspSolveTime[4] lpSolveTime[0] lb[1524.02] ub[3914.1] numArcs: [64470938] numFixed: [0] time: [170]
STATS - lpIterations[1] lagIterations[3] sspIterations[3] numSeparations[0] numCuts[0] compileTime[162] sspSolveTime[6] lpSolveTime[0] lb[1598.73] ub[3914.1] numArcs: [64470938] numFixed: [0] time: [176]
STATS - lpIterations[1] lagIterations[4] sspIterations[4] numSeparations[0] numCuts[0] compileTime[162] sspSolveTime[9] lpSolveTime[0] lb[1676.34] ub[3914.1] numArcs: [64470938] numFixed: [0] time: [182]
STATS - lpIterations[1] lagIterations[5] sspIterations[5] numSeparations[0] numCuts[0] compileTime[162] sspSolveTime[11] lpSolveTime[0] lb[1756.93] ub[3914.1] numArcs: [64470938] numFixed: [0] time: [188]
STATS - lpIterations[1] lagIterations[6] sspIterations[6] numSeparations[0] numCuts[0] compileTime[162] sspSolveTime[13] lpSolveTime[0] lb[1840.59] ub[3914.1] numArcs: [64470938] numFixed: [0] time: [194]
STATS - lpIterations[1] lagIterations[7] sspIterations[7] numSeparations[0] numCuts[0] compileTime[162] sspSolveTime[16] lpSolveTime[0] lb[1927.41] ub[3914.1] numArcs: [64470938] numFixed: [0] time: [201]
STATS - lpIterations[1] lagIterations[8] sspIterations[8] numSeparations[0] numCuts[0] compileTime[162] sspSolveTime[21] lpSolveTime[0] lb[2016.73] ub[3914.1] numArcs: [64470905] numFixed: [0] time: [210]
STATS - lpIterations[1] lagIterations[9] sspIterations[9] numSeparations[1] numCuts[0] compileTime[162] sspSolveTime[24] lpSolveTime[0] lb[2083.63] ub[3914.1] numArcs: [64473782] numFixed: [0] time: [216]
STATS - lpIterations[1] lagIterations[10] sspIterations[10] numSeparations[1] numCuts[0] compileTime[162] sspSolveTime[26] lpSolveTime[0] lb[2179.21] ub[3914.1] numArcs: [64473782] numFixed: [786] time: [222]
STATS - lpIterations[1] lagIterations[11] sspIterations[11] numSeparations[1] numCuts[0] compileTime[162] sspSolveTime[28] lpSolveTime[0] lb[2278.26] ub[3914.1] numArcs: [64473782] numFixed: [786] time: [228]
STATS - lpIterations[1] lagIterations[12] sspIterations[12] numSeparations[1] numCuts[0] compileTime[162] sspSolveTime[34] lpSolveTime[0] lb[2379.61] ub[3914.1] numArcs: [64473748] numFixed: [786] time: [238]
STATS - lpIterations[1] lagIterations[13] sspIterations[13] numSeparations[2] numCuts[0] compileTime[162] sspSolveTime[36] lpSolveTime[0] lb[2460.88] ub[3914.1] numArcs: [64475782] numFixed: [0] time: [244]
STATS - lpIterations[1] lagIterations[14] sspIterations[14] numSeparations[3] numCuts[0] compileTime[162] sspSolveTime[39] lpSolveTime[0] lb[2554.68] ub[3914.1] numArcs: [64477600] numFixed: [0] time: [251]
STATS - lpIterations[1] lagIterations[15] sspIterations[15] numSeparations[4] numCuts[0] compileTime[162] sspSolveTime[44] lpSolveTime[0] lb[2638.12] ub[3914.1] numArcs: [64479745] numFixed: [0] time: [260]
STATS - lpIterations[1] lagIterations[16] sspIterations[16] numSeparations[5] numCuts[0] compileTime[162] sspSolveTime[47] lpSolveTime[0] lb[2742.55] ub[3914.1] numArcs: [64485191] numFixed: [0] time: [266]
STATS - lpIterations[1] lagIterations[17] sspIterations[26] numSeparations[6] numCuts[0] compileTime[162] sspSolveTime[78] lpSolveTime[0] lb[2816.24] ub[3914.1] numArcs: [64485526] numFixed: [0] time: [301]
STATS - lpIterations[1] lagIterations[18] sspIterations[27] numSeparations[16] numCuts[0] compileTime[162] sspSolveTime[82] lpSolveTime[0] lb[2855.37] ub[3914.1] numArcs: [64502777] numFixed: [0] time: [306]
STATS - lpIterations[1] lagIterations[19] sspIterations[43] numSeparations[17] numCuts[0] compileTime[162] sspSolveTime[142] lpSolveTime[0] lb[2914.43] ub[3914.1] numArcs: [64503050] numFixed: [0] time: [370]
STATS - lpIterations[1] lagIterations[20] sspIterations[46] numSeparations[33] numCuts[0] compileTime[162] sspSolveTime[152] lpSolveTime[0] lb[2963.17] ub[3914.1] numArcs: [64533630] numFixed: [0] time: [381]
STATS - lpIterations[1] lagIterations[21] sspIterations[66] numSeparations[36] numCuts[0] compileTime[162] sspSolveTime[209] lpSolveTime[0] lb[2973.54] ub[3914.1] numArcs: [64539503] numFixed: [0] time: [439]
STATS - lpIterations[1] lagIterations[22] sspIterations[68] numSeparations[56] numCuts[0] compileTime[162] sspSolveTime[217] lpSolveTime[0] lb[3016.36] ub[3914.1] numArcs: [64588830] numFixed: [0] time: [448]
STATS - lpIterations[1] lagIterations[24] sspIterations[119] numSeparations[90] numCuts[0] compileTime[162] sspSolveTime[459] lpSolveTime[0] lb[3055.38] ub[3914.1] numArcs: [64647881] numFixed: [0] time: [693]
STATS - lpIterations[1] lagIterations[25] sspIterations[122] numSeparations[109] numCuts[0] compileTime[162] sspSolveTime[470] lpSolveTime[0] lb[3084.57] ub[3914.1] numArcs: [64674578] numFixed: [0] time: [705]
STATS - lpIterations[1] lagIterations[27] sspIterations[177] numSeparations[152] numCuts[0] compileTime[162] sspSolveTime[651] lpSolveTime[0] lb[3138.48] ub[3914.1] numArcs: [64734258] numFixed: [0] time: [888]
STATS - lpIterations[1] lagIterations[28] sspIterations[179] numSeparations[167] numCuts[0] compileTime[162] sspSolveTime[656] lpSolveTime[0] lb[3153.21] ub[3914.1] numArcs: [64752170] numFixed: [0] time: [893]
STATS - lpIterations[1] lagIterations[30] sspIterations[236] numSeparations[209] numCuts[0] compileTime[162] sspSolveTime[876] lpSolveTime[0] lb[3199.09] ub[3914.1] numArcs: [64812787] numFixed: [0] time: [1116]
STATS - lpIterations[1] lagIterations[31] sspIterations[245] numSeparations[226] numCuts[0] compileTime[162] sspSolveTime[904] lpSolveTime[0] lb[3213.91] ub[3914.1] numArcs: [64837569] numFixed: [0] time: [1146]
STATS - lpIterations[1] lagIterations[32] sspIterations[251] numSeparations[235] numCuts[0] compileTime[162] sspSolveTime[923] lpSolveTime[0] lb[3227.76] ub[3914.1] numArcs: [64848767] numFixed: [0] time: [1166]
STATS - lpIterations[1] lagIterations[34] sspIterations[287] numSeparations[266] numCuts[0] compileTime[162] sspSolveTime[1040] lpSolveTime[0] lb[3250.58] ub[3914.1] numArcs: [64884519] numFixed: [0] time: [1285]
STATS - lpIterations[1] lagIterations[35] sspIterations[289] numSeparations[277] numCuts[0] compileTime[162] sspSolveTime[1045] lpSolveTime[0] lb[3266.73] ub[3914.1] numArcs: [64896284] numFixed: [0] time: [1291]
STATS - lpIterations[1] lagIterations[37] sspIterations[359] numSeparations[326] numCuts[0] compileTime[162] sspSolveTime[1385] lpSolveTime[0] lb[3299.5] ub[3914.1] numArcs: [64941204] numFixed: [0] time: [1633]
STATS - lpIterations[1] lagIterations[38] sspIterations[364] numSeparations[349] numCuts[0] compileTime[162] sspSolveTime[1406] lpSolveTime[0] lb[3332.4] ub[3914.1] numArcs: [64969729] numFixed: [0] time: [1655]
STATS - lpIterations[1] lagIterations[40] sspIterations[419] numSeparations[396] numCuts[0] compileTime[162] sspSolveTime[1610] lpSolveTime[0] lb[3345.12] ub[3914.1] numArcs: [65032747] numFixed: [0] time: [1861]
STATS - lpIterations[1] lagIterations[42] sspIterations[436] numSeparations[419] numCuts[0] compileTime[162] sspSolveTime[1663] lpSolveTime[0] lb[3349.1] ub[3914.1] numArcs: [65055856] numFixed: [0] time: [1916]
STATS - lpIterations[1] lagIterations[44] sspIterations[471] numSeparations[455] numCuts[0] compileTime[162] sspSolveTime[1755] lpSolveTime[0] lb[3366.99] ub[3914.1] numArcs: [65089967] numFixed: [0] time: [2011]
STATS - lpIterations[1] lagIterations[46] sspIterations[503] numSeparations[489] numCuts[0] compileTime[162] sspSolveTime[1842] lpSolveTime[0] lb[3382.58] ub[3914.1] numArcs: [65118134] numFixed: [0] time: [2100]
STATS - lpIterations[1] lagIterations[48] sspIterations[574] numSeparations[544] numCuts[0] compileTime[162] sspSolveTime[2207] lpSolveTime[0] lb[3407.27] ub[3914.1] numArcs: [65189943] numFixed: [0] time: [2467]
STATS - lpIterations[1] lagIterations[49] sspIterations[577] numSeparations[564] numCuts[0] compileTime[162] sspSolveTime[2212] lpSolveTime[0] lb[3423.87] ub[3914.1] numArcs: [65206329] numFixed: [0] time: [2473]
STATS - lpIterations[1] lagIterations[52] sspIterations[667] numSeparations[644] numCuts[0] compileTime[162] sspSolveTime[2594] lpSolveTime[0] lb[3445] ub[3914.1] numArcs: [65305699] numFixed: [0] time: [2859]
STATS - lpIterations[1] lagIterations[53] sspIterations[674] numSeparations[657] numCuts[0] compileTime[162] sspSolveTime[2616] lpSolveTime[0] lb[3459.7] ub[3914.1] numArcs: [65318578] numFixed: [0] time: [2882]
STATS - lpIterations[1] lagIterations[55] sspIterations[718] numSeparations[697] numCuts[0] compileTime[162] sspSolveTime[2745] lpSolveTime[0] lb[3472.34] ub[3914.1] numArcs: [65354437] numFixed: [0] time: [3014]
STATS - lpIterations[1] lagIterations[57] sspIterations[740] numSeparations[725] numCuts[0] compileTime[162] sspSolveTime[2803] lpSolveTime[0] lb[3482.76] ub[3914.1] numArcs: [65381101] numFixed: [0] time: [3074]
STATS - lpIterations[1] lagIterations[59] sspIterations[793] numSeparations[771] numCuts[0] compileTime[162] sspSolveTime[2980] lpSolveTime[0] lb[3495.01] ub[3914.1] numArcs: [65424531] numFixed: [0] time: [3253]
STATS - lpIterations[1] lagIterations[61] sspIterations[814] numSeparations[799] numCuts[0] compileTime[162] sspSolveTime[3040] lpSolveTime[0] lb[3509.9] ub[3914.1] numArcs: [65444081] numFixed: [0] time: [3315]
