do not relax capacity constraint
instance upper bound: 3842.1
compiling DD
time step mult: 10
time step: 900
cap step: 1
done compiling DD
batch size for lag: 1
iteration delay to start separating: 0
optimality gap to start repairing: 5
percent fixed to change to CPLEX: 97.5
num arcs to change to CPLEX: 100000
num arcs to change to LAG: 999999999
STATS - lpIterations[0] lagIterations[0] sspIterations[0] numSeparations[0] numCuts[0] compileTime[160] sspSolveTime[0] lpSolveTime[0] lb[0] ub[3842.1] numArcs: [61064429] numFixed: [0] time: [160]
STATS - lpIterations[1] lagIterations[0] sspIterations[0] numSeparations[0] numCuts[0] compileTime[160] sspSolveTime[0] lpSolveTime[0] lb[0] ub[3842.1] numArcs: [61064429] numFixed: [0] time: [160]
STATS - lpIterations[1] lagIterations[1] sspIterations[1] numSeparations[0] numCuts[0] compileTime[160] sspSolveTime[2] lpSolveTime[0] lb[1452.13] ub[3842.1] numArcs: [61064429] numFixed: [0] time: [162]
STATS - lpIterations[1] lagIterations[2] sspIterations[2] numSeparations[0] numCuts[0] compileTime[160] sspSolveTime[4] lpSolveTime[0] lb[1524.02] ub[3842.1] numArcs: [61064429] numFixed: [0] time: [168]
STATS - lpIterations[1] lagIterations[3] sspIterations[3] numSeparations[0] numCuts[0] compileTime[160] sspSolveTime[6] lpSolveTime[0] lb[1598.73] ub[3842.1] numArcs: [61064429] numFixed: [0] time: [173]
STATS - lpIterations[1] lagIterations[4] sspIterations[4] numSeparations[0] numCuts[0] compileTime[160] sspSolveTime[8] lpSolveTime[0] lb[1676.34] ub[3842.1] numArcs: [61064429] numFixed: [0] time: [179]
STATS - lpIterations[1] lagIterations[5] sspIterations[5] numSeparations[0] numCuts[0] compileTime[160] sspSolveTime[11] lpSolveTime[0] lb[1756.93] ub[3842.1] numArcs: [61064429] numFixed: [0] time: [185]
STATS - lpIterations[1] lagIterations[6] sspIterations[6] numSeparations[0] numCuts[0] compileTime[160] sspSolveTime[13] lpSolveTime[0] lb[1840.59] ub[3842.1] numArcs: [61064429] numFixed: [0] time: [191]
STATS - lpIterations[1] lagIterations[7] sspIterations[7] numSeparations[0] numCuts[0] compileTime[160] sspSolveTime[15] lpSolveTime[0] lb[1927.41] ub[3842.1] numArcs: [61064429] numFixed: [0] time: [197]
STATS - lpIterations[1] lagIterations[8] sspIterations[8] numSeparations[0] numCuts[0] compileTime[160] sspSolveTime[18] lpSolveTime[0] lb[2017.48] ub[3842.1] numArcs: [61064429] numFixed: [0] time: [203]
STATS - lpIterations[1] lagIterations[9] sspIterations[9] numSeparations[0] numCuts[0] compileTime[160] sspSolveTime[20] lpSolveTime[0] lb[2110.88] ub[3842.1] numArcs: [61064429] numFixed: [0] time: [209]
STATS - lpIterations[1] lagIterations[10] sspIterations[10] numSeparations[0] numCuts[0] compileTime[160] sspSolveTime[22] lpSolveTime[0] lb[2207.71] ub[3842.1] numArcs: [61064429] numFixed: [0] time: [215]
STATS - lpIterations[1] lagIterations[11] sspIterations[11] numSeparations[0] numCuts[0] compileTime[160] sspSolveTime[24] lpSolveTime[0] lb[2308.06] ub[3842.1] numArcs: [61064429] numFixed: [0] time: [220]
STATS - lpIterations[1] lagIterations[12] sspIterations[12] numSeparations[0] numCuts[0] compileTime[160] sspSolveTime[29] lpSolveTime[0] lb[2405.44] ub[3842.1] numArcs: [61064392] numFixed: [0] time: [228]
STATS - lpIterations[1] lagIterations[13] sspIterations[13] numSeparations[1] numCuts[0] compileTime[160] sspSolveTime[33] lpSolveTime[0] lb[2503.13] ub[3842.1] numArcs: [61067303] numFixed: [0] time: [236]
STATS - lpIterations[1] lagIterations[14] sspIterations[14] numSeparations[2] numCuts[0] compileTime[160] sspSolveTime[38] lpSolveTime[0] lb[2601.96] ub[3842.1] numArcs: [61070702] numFixed: [0] time: [244]
STATS - lpIterations[1] lagIterations[15] sspIterations[29] numSeparations[3] numCuts[0] compileTime[160] sspSolveTime[91] lpSolveTime[0] lb[2643.8] ub[3842.1] numArcs: [61073485] numFixed: [0] time: [301]
STATS - lpIterations[1] lagIterations[16] sspIterations[30] numSeparations[18] numCuts[0] compileTime[160] sspSolveTime[93] lpSolveTime[0] lb[2708.28] ub[3842.1] numArcs: [61131028] numFixed: [0] time: [304]
STATS - lpIterations[1] lagIterations[18] sspIterations[72] numSeparations[47] numCuts[0] compileTime[160] sspSolveTime[265] lpSolveTime[0] lb[2785.26] ub[3842.1] numArcs: [61189179] numFixed: [0] time: [478]
STATS - lpIterations[1] lagIterations[19] sspIterations[73] numSeparations[61] numCuts[0] compileTime[160] sspSolveTime[269] lpSolveTime[0] lb[2807.28] ub[3842.1] numArcs: [61214319] numFixed: [0] time: [484]
STATS - lpIterations[1] lagIterations[21] sspIterations[135] numSeparations[106] numCuts[0] compileTime[160] sspSolveTime[457] lpSolveTime[0] lb[2868.08] ub[3842.1] numArcs: [61300149] numFixed: [0] time: [676]
STATS - lpIterations[1] lagIterations[22] sspIterations[140] numSeparations[124] numCuts[0] compileTime[160] sspSolveTime[462] lpSolveTime[0] lb[2897.24] ub[3842.1] numArcs: [61322983] numFixed: [0] time: [682]
STATS - lpIterations[1] lagIterations[24] sspIterations[164] numSeparations[148] numCuts[0] compileTime[160] sspSolveTime[527] lpSolveTime[0] lb[2927.11] ub[3842.1] numArcs: [61352642] numFixed: [0] time: [750]
STATS - lpIterations[1] lagIterations[25] sspIterations[175] numSeparations[153] numCuts[0] compileTime[160] sspSolveTime[568] lpSolveTime[0] lb[2942.02] ub[3842.1] numArcs: [61359440] numFixed: [0] time: [791]
STATS - lpIterations[1] lagIterations[26] sspIterations[177] numSeparations[164] numCuts[0] compileTime[160] sspSolveTime[575] lpSolveTime[0] lb[2962.32] ub[3842.1] numArcs: [61374386] numFixed: [0] time: [799]
STATS - lpIterations[1] lagIterations[28] sspIterations[223] numSeparations[201] numCuts[0] compileTime[160] sspSolveTime[693] lpSolveTime[0] lb[3005.81] ub[3842.1] numArcs: [61435817] numFixed: [0] time: [919]
STATS - lpIterations[1] lagIterations[30] sspIterations[236] numSeparations[224] numCuts[0] compileTime[160] sspSolveTime[725] lpSolveTime[0] lb[3018.1] ub[3842.1] numArcs: [61468415] numFixed: [0] time: [953]
STATS - lpIterations[1] lagIterations[32] sspIterations[299] numSeparations[267] numCuts[0] compileTime[160] sspSolveTime[1007] lpSolveTime[0] lb[3060.08] ub[3842.1] numArcs: [61535468] numFixed: [0] time: [1240]
STATS - lpIterations[1] lagIterations[33] sspIterations[301] numSeparations[288] numCuts[0] compileTime[160] sspSolveTime[1011] lpSolveTime[0] lb[3085.16] ub[3842.1] numArcs: [61559598] numFixed: [0] time: [1245]
STATS - lpIterations[1] lagIterations[35] sspIterations[370] numSeparations[337] numCuts[0] compileTime[160] sspSolveTime[1296] lpSolveTime[0] lb[3091.84] ub[3842.1] numArcs: [61630194] numFixed: [0] time: [1532]
STATS - lpIterations[1] lagIterations[36] sspIterations[378] numSeparations[359] numCuts[0] compileTime[160] sspSolveTime[1322] lpSolveTime[0] lb[3111.38] ub[3842.1] numArcs: [61654790] numFixed: [0] time: [1559]
STATS - lpIterations[1] lagIterations[38] sspIterations[409] numSeparations[390] numCuts[0] compileTime[160] sspSolveTime[1424] lpSolveTime[0] lb[3122.06] ub[3842.1] numArcs: [61703314] numFixed: [0] time: [1663]
STATS - lpIterations[1] lagIterations[39] sspIterations[423] numSeparations[398] numCuts[0] compileTime[160] sspSolveTime[1464] lpSolveTime[0] lb[3124.31] ub[3842.1] numArcs: [61718392] numFixed: [0] time: [1704]
STATS - lpIterations[1] lagIterations[40] sspIterations[425] numSeparations[412] numCuts[0] compileTime[160] sspSolveTime[1474] lpSolveTime[0] lb[3139.95] ub[3842.1] numArcs: [61731455] numFixed: [0] time: [1715]
STATS - lpIterations[1] lagIterations[42] sspIterations[480] numSeparations[451] numCuts[0] compileTime[160] sspSolveTime[1678] lpSolveTime[0] lb[3164.89] ub[3842.1] numArcs: [61764833] numFixed: [0] time: [1921]
STATS - lpIterations[1] lagIterations[43] sspIterations[495] numSeparations[469] numCuts[0] compileTime[160] sspSolveTime[1726] lpSolveTime[0] lb[3174.04] ub[3842.1] numArcs: [61788077] numFixed: [0] time: [1970]
STATS - lpIterations[1] lagIterations[44] sspIterations[500] numSeparations[484] numCuts[0] compileTime[160] sspSolveTime[1746] lpSolveTime[0] lb[3192.36] ub[3842.1] numArcs: [61805142] numFixed: [0] time: [1991]
STATS - lpIterations[1] lagIterations[47] sspIterations[568] numSeparations[547] numCuts[0] compileTime[160] sspSolveTime[2034] lpSolveTime[0] lb[3205.08] ub[3842.1] numArcs: [61882302] numFixed: [0] time: [2282]
STATS - lpIterations[1] lagIterations[48] sspIterations[580] numSeparations[557] numCuts[0] compileTime[160] sspSolveTime[2070] lpSolveTime[0] lb[3213.29] ub[3842.1] numArcs: [61892470] numFixed: [0] time: [2320]
STATS - lpIterations[1] lagIterations[49] sspIterations[585] numSeparations[569] numCuts[0] compileTime[160] sspSolveTime[2085] lpSolveTime[0] lb[3221.37] ub[3842.1] numArcs: [61909963] numFixed: [0] time: [2335]
STATS - lpIterations[1] lagIterations[51] sspIterations[616] numSeparations[598] numCuts[0] compileTime[160] sspSolveTime[2179] lpSolveTime[0] lb[3242.63] ub[3842.1] numArcs: [61944608] numFixed: [0] time: [2431]
STATS - lpIterations[1] lagIterations[53] sspIterations[647] numSeparations[627] numCuts[0] compileTime[160] sspSolveTime[2294] lpSolveTime[0] lb[3249.92] ub[3842.1] numArcs: [61973396] numFixed: [0] time: [2548]
STATS - lpIterations[1] lagIterations[55] sspIterations[671] numSeparations[651] numCuts[0] compileTime[160] sspSolveTime[2365] lpSolveTime[0] lb[3251.01] ub[3842.1] numArcs: [61990474] numFixed: [0] time: [2621]
STATS - lpIterations[1] lagIterations[56] sspIterations[678] numSeparations[660] numCuts[0] compileTime[160] sspSolveTime[2385] lpSolveTime[0] lb[3267.7] ub[3842.1] numArcs: [62000061] numFixed: [0] time: [2642]
STATS - lpIterations[1] lagIterations[58] sspIterations[709] numSeparations[689] numCuts[0] compileTime[160] sspSolveTime[2517] lpSolveTime[0] lb[3271.49] ub[3842.1] numArcs: [62029462] numFixed: [0] time: [2776]
STATS - lpIterations[1] lagIterations[59] sspIterations[717] numSeparations[698] numCuts[0] compileTime[160] sspSolveTime[2543] lpSolveTime[0] lb[3282.72] ub[3842.1] numArcs: [62038268] numFixed: [0] time: [2803]
STATS - lpIterations[1] lagIterations[61] sspIterations[753] numSeparations[734] numCuts[0] compileTime[160] sspSolveTime[2673] lpSolveTime[0] lb[3295] ub[3842.1] numArcs: [62080229] numFixed: [0] time: [2935]
STATS - lpIterations[1] lagIterations[63] sspIterations[782] numSeparations[763] numCuts[0] compileTime[160] sspSolveTime[2775] lpSolveTime[0] lb[3306.07] ub[3842.1] numArcs: [62115366] numFixed: [0] time: [3039]
STATS - lpIterations[1] lagIterations[65] sspIterations[810] numSeparations[791] numCuts[0] compileTime[160] sspSolveTime[2853] lpSolveTime[0] lb[3308.68] ub[3842.1] numArcs: [62138959] numFixed: [0] time: [3119]
STATS - lpIterations[1] lagIterations[67] sspIterations[845] numSeparations[825] numCuts[0] compileTime[160] sspSolveTime[2965] lpSolveTime[0] lb[3321.67] ub[3842.1] numArcs: [62177279] numFixed: [0] time: [3233]
STATS - lpIterations[1] lagIterations[69] sspIterations[871] numSeparations[852] numCuts[0] compileTime[160] sspSolveTime[3032] lpSolveTime[0] lb[3326.39] ub[3842.1] numArcs: [62202365] numFixed: [0] time: [3302]
STATS - lpIterations[1] lagIterations[70] sspIterations[880] numSeparations[860] numCuts[0] compileTime[160] sspSolveTime[3059] lpSolveTime[0] lb[3334.2] ub[3842.1] numArcs: [62212507] numFixed: [0] time: [3330]
STATS - lpIterations[1] lagIterations[72] sspIterations[904] numSeparations[884] numCuts[0] compileTime[160] sspSolveTime[3126] lpSolveTime[0] lb[3334.9] ub[3842.1] numArcs: [62241650] numFixed: [0] time: [3399]
STATS - lpIterations[1] lagIterations[73] sspIterations[914] numSeparations[893] numCuts[0] compileTime[160] sspSolveTime[3155] lpSolveTime[0] lb[3338.16] ub[3842.1] numArcs: [62248733] numFixed: [0] time: [3429]
STATS - lpIterations[1] lagIterations[74] sspIterations[926] numSeparations[903] numCuts[0] compileTime[160] sspSolveTime[3222] lpSolveTime[0] lb[3343.46] ub[3842.1] numArcs: [62256335] numFixed: [0] time: [3497]
STATS - lpIterations[1] lagIterations[75] sspIterations[937] numSeparations[915] numCuts[0] compileTime[160] sspSolveTime[3241] lpSolveTime[0] lb[3353.59] ub[3842.1] numArcs: [62268558] numFixed: [0] time: [3517]
STATS - lpIterations[1] lagIterations[77] sspIterations[955] numSeparations[933] numCuts[0] compileTime[160] sspSolveTime[3301] lpSolveTime[0] lb[3358.5] ub[3842.1] numArcs: [62293883] numFixed: [0] time: [3578]
