relax capacity constraint
hgs upper bound: 16462.6
compiling dd
time step mult: 10
time step: 900
cap step: 10
start compiling DD
add terminal node arcs
done compiling dd
changing solve type to LAG
STATS - lpIterations[1] lagIterations[0] sspIterations[0] numSeparations[0] numCuts[0] compileTime[2589] sspSolveTime[0] lpSolveTime[0] lb[0] ub[16462.6] size: [658493] time: [2589]
STATS - lpIterations[1] lagIterations[1] sspIterations[1] numSeparations[0] numCuts[0] compileTime[2589] sspSolveTime[100] lpSolveTime[0] lb[9341.67] ub[16462.6] size: [658493] time: [2689]
STATS - lpIterations[1] lagIterations[2] sspIterations[2] numSeparations[0] numCuts[0] compileTime[2589] sspSolveTime[113] lpSolveTime[0] lb[9794.75] ub[16462.6] size: [658493] time: [2717]
STATS - lpIterations[1] lagIterations[2] sspIterations[2] numSeparations[0] numCuts[0] compileTime[2589] sspSolveTime[113] lpSolveTime[0] lb[9797.48] ub[16462.6] size: [658493] time: [2729]
STATS - lpIterations[1] lagIterations[3] sspIterations[3] numSeparations[1] numCuts[0] compileTime[2589] sspSolveTime[125] lpSolveTime[0] lb[10236.1] ub[16462.6] size: [658495] time: [2752]
STATS - lpIterations[1] lagIterations[3] sspIterations[3] numSeparations[1] numCuts[0] compileTime[2589] sspSolveTime[125] lpSolveTime[0] lb[10241.2] ub[16462.6] size: [658495] time: [2764]
STATS - lpIterations[1] lagIterations[4] sspIterations[7] numSeparations[2] numCuts[0] compileTime[2589] sspSolveTime[143] lpSolveTime[0] lb[10622.8] ub[16462.6] size: [658499] time: [2793]
STATS - lpIterations[1] lagIterations[4] sspIterations[7] numSeparations[2] numCuts[0] compileTime[2589] sspSolveTime[143] lpSolveTime[0] lb[10632.3] ub[16462.6] size: [658499] time: [2813]
STATS - lpIterations[1] lagIterations[5] sspIterations[17] numSeparations[6] numCuts[0] compileTime[2589] sspSolveTime[182] lpSolveTime[0] lb[10934.4] ub[16462.6] size: [658511] time: [2862]
STATS - lpIterations[1] lagIterations[5] sspIterations[17] numSeparations[6] numCuts[0] compileTime[2589] sspSolveTime[182] lpSolveTime[0] lb[10995.5] ub[16462.6] size: [658511] time: [2883]
STATS - lpIterations[1] lagIterations[6] sspIterations[18] numSeparations[16] numCuts[0] compileTime[2589] sspSolveTime[190] lpSolveTime[0] lb[11027.5] ub[16462.6] size: [658561] time: [2902]
STATS - lpIterations[1] lagIterations[7] sspIterations[29] numSeparations[16] numCuts[0] compileTime[2589] sspSolveTime[226] lpSolveTime[0] lb[11498.8] ub[16462.6] size: [658561] time: [2953]
STATS - lpIterations[1] lagIterations[7] sspIterations[29] numSeparations[16] numCuts[0] compileTime[2589] sspSolveTime[226] lpSolveTime[0] lb[11525.2] ub[16462.6] size: [658561] time: [2998]
STATS - lpIterations[1] lagIterations[8] sspIterations[32] numSeparations[27] numCuts[0] compileTime[2589] sspSolveTime[244] lpSolveTime[0] lb[11620.5] ub[16462.6] size: [658593] time: [3027]
STATS - lpIterations[1] lagIterations[8] sspIterations[32] numSeparations[27] numCuts[0] compileTime[2589] sspSolveTime[244] lpSolveTime[0] lb[11623.1] ub[16462.6] size: [658593] time: [3043]
STATS - lpIterations[1] lagIterations[9] sspIterations[44] numSeparations[30] numCuts[0] compileTime[2589] sspSolveTime[298] lpSolveTime[0] lb[11952.2] ub[16462.6] size: [658601] time: [3107]
STATS - lpIterations[1] lagIterations[9] sspIterations[44] numSeparations[30] numCuts[0] compileTime[2589] sspSolveTime[298] lpSolveTime[0] lb[11991.2] ub[16462.6] size: [658601] time: [3146]
STATS - lpIterations[1] lagIterations[10] sspIterations[45] numSeparations[42] numCuts[0] compileTime[2589] sspSolveTime[308] lpSolveTime[0] lb[12110.8] ub[16462.6] size: [658660] time: [3167]
STATS - lpIterations[1] lagIterations[10] sspIterations[45] numSeparations[42] numCuts[0] compileTime[2589] sspSolveTime[308] lpSolveTime[0] lb[12112.2] ub[16462.6] size: [658660] time: [3179]
STATS - lpIterations[1] lagIterations[11] sspIterations[64] numSeparations[43] numCuts[0] compileTime[2589] sspSolveTime[358] lpSolveTime[0] lb[12420] ub[16462.6] size: [658667] time: [3239]
STATS - lpIterations[1] lagIterations[11] sspIterations[64] numSeparations[43] numCuts[0] compileTime[2589] sspSolveTime[358] lpSolveTime[0] lb[12474.2] ub[16462.6] size: [658667] time: [3294]
STATS - lpIterations[1] lagIterations[12] sspIterations[70] numSeparations[62] numCuts[0] compileTime[2589] sspSolveTime[375] lpSolveTime[0] lb[12544.5] ub[16462.6] size: [658738] time: [3321]
STATS - lpIterations[1] lagIterations[12] sspIterations[70] numSeparations[62] numCuts[0] compileTime[2589] sspSolveTime[375] lpSolveTime[0] lb[12547.4] ub[16462.6] size: [658738] time: [3357]
STATS - lpIterations[1] lagIterations[13] sspIterations[102] numSeparations[68] numCuts[0] compileTime[2589] sspSolveTime[477] lpSolveTime[0] lb[12700.5] ub[16462.6] size: [658753] time: [3469]
STATS - lpIterations[1] lagIterations[13] sspIterations[102] numSeparations[68] numCuts[0] compileTime[2589] sspSolveTime[477] lpSolveTime[0] lb[12871.9] ub[16462.6] size: [658753] time: [3527]
STATS - lpIterations[1] lagIterations[14] sspIterations[115] numSeparations[99] numCuts[0] compileTime[2589] sspSolveTime[520] lpSolveTime[0] lb[12883.2] ub[16462.6] size: [658900] time: [3581]
