relax capacity constraint
hgs upper bound: 1842.2
compiling dd
time step mult: 10
time step: 900
cap step: 10
start compiling DD
add terminal node arcs
done compiling dd
changing solve type to LAG
STATS - lpIterations[1] lagIterations[0] sspIterations[0] numSeparations[0] numCuts[0] compileTime[11] sspSolveTime[0] lpSolveTime[0] lb[0] ub[1842.2] size: [94650] time: [11]
STATS - lpIterations[1] lagIterations[1] sspIterations[1] numSeparations[0] numCuts[0] compileTime[11] sspSolveTime[0] lpSolveTime[0] lb[538.443] ub[1842.2] size: [94650] time: [11]
STATS - lpIterations[1] lagIterations[2] sspIterations[2] numSeparations[0] numCuts[0] compileTime[11] sspSolveTime[0] lpSolveTime[0] lb[565.098] ub[1842.2] size: [94650] time: [12]
STATS - lpIterations[1] lagIterations[3] sspIterations[3] numSeparations[0] numCuts[0] compileTime[11] sspSolveTime[0] lpSolveTime[0] lb[592.799] ub[1842.2] size: [94650] time: [13]
STATS - lpIterations[1] lagIterations[4] sspIterations[4] numSeparations[0] numCuts[0] compileTime[11] sspSolveTime[1] lpSolveTime[0] lb[621.576] ub[1842.2] size: [94650] time: [13]
STATS - lpIterations[1] lagIterations[5] sspIterations[5] numSeparations[0] numCuts[0] compileTime[11] sspSolveTime[1] lpSolveTime[0] lb[651.459] ub[1842.2] size: [94650] time: [14]
STATS - lpIterations[1] lagIterations[6] sspIterations[6] numSeparations[0] numCuts[0] compileTime[11] sspSolveTime[1] lpSolveTime[0] lb[682.481] ub[1842.2] size: [94650] time: [15]
STATS - lpIterations[1] lagIterations[7] sspIterations[7] numSeparations[0] numCuts[0] compileTime[11] sspSolveTime[2] lpSolveTime[0] lb[714.674] ub[1842.2] size: [94650] time: [16]
STATS - lpIterations[1] lagIterations[8] sspIterations[8] numSeparations[0] numCuts[0] compileTime[11] sspSolveTime[2] lpSolveTime[0] lb[748.07] ub[1842.2] size: [94650] time: [16]
STATS - lpIterations[1] lagIterations[9] sspIterations[9] numSeparations[0] numCuts[0] compileTime[11] sspSolveTime[2] lpSolveTime[0] lb[782.703] ub[1842.2] size: [94650] time: [17]
STATS - lpIterations[1] lagIterations[10] sspIterations[10] numSeparations[0] numCuts[0] compileTime[11] sspSolveTime[2] lpSolveTime[0] lb[818.607] ub[1842.2] size: [94650] time: [18]
STATS - lpIterations[1] lagIterations[11] sspIterations[11] numSeparations[0] numCuts[0] compileTime[11] sspSolveTime[3] lpSolveTime[0] lb[855.816] ub[1842.2] size: [94650] time: [19]
STATS - lpIterations[1] lagIterations[12] sspIterations[12] numSeparations[0] numCuts[0] compileTime[11] sspSolveTime[3] lpSolveTime[0] lb[894.366] ub[1842.2] size: [94650] time: [19]
STATS - lpIterations[1] lagIterations[13] sspIterations[13] numSeparations[0] numCuts[0] compileTime[11] sspSolveTime[3] lpSolveTime[0] lb[934.293] ub[1842.2] size: [94650] time: [20]
STATS - lpIterations[1] lagIterations[14] sspIterations[14] numSeparations[0] numCuts[0] compileTime[11] sspSolveTime[4] lpSolveTime[0] lb[975.468] ub[1842.2] size: [94650] time: [21]
STATS - lpIterations[1] lagIterations[15] sspIterations[15] numSeparations[0] numCuts[0] compileTime[11] sspSolveTime[4] lpSolveTime[0] lb[1018.2] ub[1842.2] size: [94650] time: [21]
STATS - lpIterations[1] lagIterations[16] sspIterations[16] numSeparations[0] numCuts[0] compileTime[11] sspSolveTime[5] lpSolveTime[0] lb[1062.08] ub[1842.2] size: [94650] time: [23]
STATS - lpIterations[1] lagIterations[17] sspIterations[17] numSeparations[0] numCuts[0] compileTime[11] sspSolveTime[5] lpSolveTime[0] lb[1107.86] ub[1842.2] size: [94650] time: [23]
STATS - lpIterations[1] lagIterations[18] sspIterations[18] numSeparations[0] numCuts[0] compileTime[11] sspSolveTime[5] lpSolveTime[0] lb[1155.12] ub[1842.2] size: [94650] time: [24]
STATS - lpIterations[1] lagIterations[19] sspIterations[19] numSeparations[0] numCuts[0] compileTime[11] sspSolveTime[6] lpSolveTime[0] lb[1196.03] ub[1842.2] size: [94650] time: [25]
STATS - lpIterations[1] lagIterations[20] sspIterations[20] numSeparations[1] numCuts[0] compileTime[11] sspSolveTime[7] lpSolveTime[0] lb[1245.24] ub[1842.2] size: [94658] time: [26]
STATS - lpIterations[1] lagIterations[21] sspIterations[21] numSeparations[2] numCuts[0] compileTime[11] sspSolveTime[8] lpSolveTime[0] lb[1289.29] ub[1842.2] size: [94666] time: [28]
STATS - lpIterations[1] lagIterations[21] sspIterations[21] numSeparations[2] numCuts[0] compileTime[11] sspSolveTime[8] lpSolveTime[0] lb[1289.35] ub[1842.2] size: [94666] time: [28]
STATS - lpIterations[1] lagIterations[22] sspIterations[23] numSeparations[3] numCuts[0] compileTime[11] sspSolveTime[9] lpSolveTime[0] lb[1336.99] ub[1842.2] size: [94674] time: [30]
STATS - lpIterations[1] lagIterations[22] sspIterations[23] numSeparations[3] numCuts[0] compileTime[11] sspSolveTime[9] lpSolveTime[0] lb[1337.78] ub[1842.2] size: [94674] time: [30]
STATS - lpIterations[1] lagIterations[23] sspIterations[25] numSeparations[5] numCuts[0] compileTime[11] sspSolveTime[10] lpSolveTime[0] lb[1370.75] ub[1842.2] size: [94692] time: [32]
STATS - lpIterations[1] lagIterations[23] sspIterations[25] numSeparations[5] numCuts[0] compileTime[11] sspSolveTime[10] lpSolveTime[0] lb[1371.72] ub[1842.2] size: [94692] time: [32]
STATS - lpIterations[1] lagIterations[24] sspIterations[27] numSeparations[7] numCuts[0] compileTime[11] sspSolveTime[11] lpSolveTime[0] lb[1415.9] ub[1842.2] size: [94704] time: [34]
STATS - lpIterations[1] lagIterations[24] sspIterations[27] numSeparations[7] numCuts[0] compileTime[11] sspSolveTime[11] lpSolveTime[0] lb[1417.2] ub[1842.2] size: [94704] time: [34]
STATS - lpIterations[1] lagIterations[25] sspIterations[32] numSeparations[9] numCuts[0] compileTime[11] sspSolveTime[14] lpSolveTime[0] lb[1438.97] ub[1842.2] size: [94726] time: [37]
STATS - lpIterations[1] lagIterations[25] sspIterations[32] numSeparations[9] numCuts[0] compileTime[11] sspSolveTime[14] lpSolveTime[0] lb[1446.13] ub[1842.2] size: [94726] time: [37]
STATS - lpIterations[1] lagIterations[26] sspIterations[34] numSeparations[14] numCuts[0] compileTime[11] sspSolveTime[15] lpSolveTime[0] lb[1457.98] ub[1842.2] size: [94751] time: [39]
STATS - lpIterations[1] lagIterations[26] sspIterations[34] numSeparations[14] numCuts[0] compileTime[11] sspSolveTime[15] lpSolveTime[0] lb[1458.69] ub[1842.2] size: [94751] time: [39]
STATS - lpIterations[1] lagIterations[27] sspIterations[41] numSeparations[16] numCuts[0] compileTime[11] sspSolveTime[19] lpSolveTime[0] lb[1472.67] ub[1842.2] size: [94755] time: [44]
STATS - lpIterations[1] lagIterations[27] sspIterations[41] numSeparations[16] numCuts[0] compileTime[11] sspSolveTime[19] lpSolveTime[0] lb[1483.01] ub[1842.2] size: [94755] time: [44]
STATS - lpIterations[1] lagIterations[28] sspIterations[42] numSeparations[23] numCuts[0] compileTime[11] sspSolveTime[20] lpSolveTime[0] lb[1488.3] ub[1842.2] size: [94802] time: [45]
STATS - lpIterations[1] lagIterations[29] sspIterations[54] numSeparations[24] numCuts[0] compileTime[11] sspSolveTime[24] lpSolveTime[0] lb[1490.16] ub[1842.2] size: [94804] time: [50]
STATS - lpIterations[1] lagIterations[29] sspIterations[54] numSeparations[24] numCuts[0] compileTime[11] sspSolveTime[24] lpSolveTime[0] lb[1516.8] ub[1842.2] size: [94804] time: [51]
STATS - lpIterations[1] lagIterations[30] sspIterations[59] numSeparations[36] numCuts[0] compileTime[11] sspSolveTime[26] lpSolveTime[0] lb[1518.63] ub[1842.2] size: [94862] time: [53]
STATS - lpIterations[1] lagIterations[30] sspIterations[59] numSeparations[36] numCuts[0] compileTime[11] sspSolveTime[26] lpSolveTime[0] lb[1521.6] ub[1842.2] size: [94862] time: [54]
STATS - lpIterations[1] lagIterations[31] sspIterations[65] numSeparations[41] numCuts[0] compileTime[11] sspSolveTime[30] lpSolveTime[0] lb[1528.1] ub[1842.2] size: [94883] time: [59]
STATS - lpIterations[1] lagIterations[32] sspIterations[68] numSeparations[47] numCuts[0] compileTime[11] sspSolveTime[31] lpSolveTime[0] lb[1534.61] ub[1842.2] size: [94906] time: [60]
STATS - lpIterations[1] lagIterations[32] sspIterations[68] numSeparations[47] numCuts[0] compileTime[11] sspSolveTime[31] lpSolveTime[0] lb[1535.07] ub[1842.2] size: [94906] time: [61]
STATS - lpIterations[1] lagIterations[33] sspIterations[77] numSeparations[50] numCuts[0] compileTime[11] sspSolveTime[36] lpSolveTime[0] lb[1556.52] ub[1842.2] size: [94917] time: [68]
STATS - lpIterations[1] lagIterations[34] sspIterations[81] numSeparations[59] numCuts[0] compileTime[11] sspSolveTime[38] lpSolveTime[0] lb[1561.79] ub[1842.2] size: [94972] time: [70]
STATS - lpIterations[1] lagIterations[34] sspIterations[81] numSeparations[59] numCuts[0] compileTime[11] sspSolveTime[38] lpSolveTime[0] lb[1563.12] ub[1842.2] size: [94972] time: [71]
STATS - lpIterations[1] lagIterations[35] sspIterations[96] numSeparations[63] numCuts[0] compileTime[11] sspSolveTime[49] lpSolveTime[0] lb[1569.95] ub[1842.2] size: [94989] time: [83]
STATS - lpIterations[1] lagIterations[36] sspIterations[100] numSeparations[78] numCuts[0] compileTime[11] sspSolveTime[52] lpSolveTime[0] lb[1571.97] ub[1842.2] size: [95062] time: [86]
STATS - lpIterations[1] lagIterations[36] sspIterations[100] numSeparations[78] numCuts[0] compileTime[11] sspSolveTime[52] lpSolveTime[0] lb[1573.47] ub[1842.2] size: [95062] time: [87]
STATS - lpIterations[1] lagIterations[37] sspIterations[109] numSeparations[82] numCuts[0] compileTime[11] sspSolveTime[58] lpSolveTime[0] lb[1583.66] ub[1842.2] size: [95083] time: [94]
STATS - lpIterations[1] lagIterations[38] sspIterations[113] numSeparations[91] numCuts[0] compileTime[11] sspSolveTime[60] lpSolveTime[0] lb[1584.04] ub[1842.2] size: [95120] time: [97]
STATS - lpIterations[1] lagIterations[38] sspIterations[113] numSeparations[91] numCuts[0] compileTime[11] sspSolveTime[60] lpSolveTime[0] lb[1585.58] ub[1842.2] size: [95120] time: [98]
STATS - lpIterations[1] lagIterations[39] sspIterations[126] numSeparations[95] numCuts[0] compileTime[11] sspSolveTime[70] lpSolveTime[0] lb[1597.68] ub[1842.2] size: [95145] time: [108]
STATS - lpIterations[1] lagIterations[40] sspIterations[131] numSeparations[108] numCuts[0] compileTime[11] sspSolveTime[73] lpSolveTime[0] lb[1601.9] ub[1842.2] size: [95217] time: [111]
STATS - lpIterations[1] lagIterations[41] sspIterations[136] numSeparations[113] numCuts[0] compileTime[11] sspSolveTime[76] lpSolveTime[0] lb[1609.28] ub[1842.2] size: [95239] time: [117]
STATS - lpIterations[1] lagIterations[42] sspIterations[140] numSeparations[118] numCuts[0] compileTime[11] sspSolveTime[79] lpSolveTime[0] lb[1614.88] ub[1842.2] size: [95257] time: [120]
STATS - lpIterations[1] lagIterations[42] sspIterations[140] numSeparations[118] numCuts[0] compileTime[11] sspSolveTime[79] lpSolveTime[0] lb[1616.11] ub[1842.2] size: [95257] time: [121]
STATS - lpIterations[1] lagIterations[43] sspIterations[153] numSeparations[122] numCuts[0] compileTime[11] sspSolveTime[89] lpSolveTime[0] lb[1624.44] ub[1842.2] size: [95272] time: [132]
STATS - lpIterations[1] lagIterations[44] sspIterations[157] numSeparations[135] numCuts[0] compileTime[11] sspSolveTime[91] lpSolveTime[0] lb[1627.87] ub[1842.2] size: [95326] time: [135]
STATS - lpIterations[1] lagIterations[45] sspIterations[169] numSeparations[139] numCuts[0] compileTime[11] sspSolveTime[104] lpSolveTime[0] lb[1634.18] ub[1842.2] size: [95345] time: [149]
STATS - lpIterations[1] lagIterations[46] sspIterations[174] numSeparations[151] numCuts[0] compileTime[11] sspSolveTime[108] lpSolveTime[0] lb[1636.48] ub[1842.2] size: [95381] time: [155]
STATS - lpIterations[1] lagIterations[48] sspIterations[187] numSeparations[167] numCuts[0] compileTime[11] sspSolveTime[119] lpSolveTime[0] lb[1637.7] ub[1842.2] size: [95472] time: [168]
STATS - lpIterations[1] lagIterations[48] sspIterations[187] numSeparations[167] numCuts[0] compileTime[11] sspSolveTime[119] lpSolveTime[0] lb[1637.99] ub[1842.2] size: [95472] time: [168]
STATS - lpIterations[1] lagIterations[49] sspIterations[203] numSeparations[169] numCuts[0] compileTime[11] sspSolveTime[133] lpSolveTime[0] lb[1658.78] ub[1842.2] size: [95479] time: [183]
STATS - lpIterations[1] lagIterations[50] sspIterations[211] numSeparations[185] numCuts[0] compileTime[11] sspSolveTime[139] lpSolveTime[0] lb[1661.77] ub[1842.2] size: [95527] time: [191]
STATS - lpIterations[1] lagIterations[53] sspIterations[239] numSeparations[201] numCuts[0] compileTime[11] sspSolveTime[162] lpSolveTime[0] lb[1678.64] ub[1842.2] size: [95593] time: [219]
STATS - lpIterations[1] lagIterations[54] sspIterations[250] numSeparations[221] numCuts[0] compileTime[11] sspSolveTime[169] lpSolveTime[0] lb[1679.35] ub[1842.2] size: [95681] time: [228]
STATS - lpIterations[1] lagIterations[57] sspIterations[279] numSeparations[241] numCuts[0] compileTime[11] sspSolveTime[186] lpSolveTime[0] lb[1689.74] ub[1842.2] size: [95778] time: [250]
STATS - lpIterations[1] lagIterations[58] sspIterations[287] numSeparations[261] numCuts[0] compileTime[11] sspSolveTime[191] lpSolveTime[0] lb[1690.32] ub[1842.2] size: [95875] time: [258]
STATS - lpIterations[1] lagIterations[62] sspIterations[320] numSeparations[288] numCuts[0] compileTime[11] sspSolveTime[217] lpSolveTime[0] lb[1696.36] ub[1842.2] size: [96006] time: [290]
STATS - lpIterations[1] lagIterations[63] sspIterations[327] numSeparations[302] numCuts[0] compileTime[11] sspSolveTime[225] lpSolveTime[0] lb[1699.25] ub[1842.2] size: [96061] time: [300]
STATS - lpIterations[1] lagIterations[64] sspIterations[333] numSeparations[309] numCuts[0] compileTime[11] sspSolveTime[230] lpSolveTime[0] lb[1700.72] ub[1842.2] size: [96090] time: [307]
STATS - lpIterations[1] lagIterations[66] sspIterations[344] numSeparations[319] numCuts[0] compileTime[11] sspSolveTime[239] lpSolveTime[0] lb[1700.72] ub[1842.2] size: [96129] time: [320]
STATS - lpIterations[1] lagIterations[68] sspIterations[354] numSeparations[331] numCuts[0] compileTime[11] sspSolveTime[245] lpSolveTime[0] lb[1705.43] ub[1842.2] size: [96194] time: [330]
STATS - lpIterations[1] lagIterations[69] sspIterations[368] numSeparations[334] numCuts[0] compileTime[11] sspSolveTime[257] lpSolveTime[0] lb[1711.26] ub[1842.2] size: [96205] time: [345]
STATS - lpIterations[1] lagIterations[70] sspIterations[375] numSeparations[348] numCuts[0] compileTime[11] sspSolveTime[262] lpSolveTime[0] lb[1713.94] ub[1842.2] size: [96257] time: [352]
STATS - lpIterations[1] lagIterations[71] sspIterations[382] numSeparations[355] numCuts[0] compileTime[11] sspSolveTime[267] lpSolveTime[0] lb[1714.99] ub[1842.2] size: [96278] time: [360]
STATS - lpIterations[1] lagIterations[73] sspIterations[405] numSeparations[363] numCuts[0] compileTime[11] sspSolveTime[291] lpSolveTime[0] lb[1729.08] ub[1842.2] size: [96307] time: [389]
STATS - lpIterations[1] lagIterations[74] sspIterations[416] numSeparations[384] numCuts[0] compileTime[11] sspSolveTime[299] lpSolveTime[0] lb[1730.98] ub[1842.2] size: [96403] time: [400]
STATS - lpIterations[1] lagIterations[82] sspIterations[478] numSeparations[446] numCuts[0] compileTime[11] sspSolveTime[353] lpSolveTime[0] lb[1731.87] ub[1842.2] size: [96652] time: [476]
STATS - lpIterations[1] lagIterations[83] sspIterations[482] numSeparations[454] numCuts[0] compileTime[11] sspSolveTime[357] lpSolveTime[0] lb[1732.35] ub[1842.2] size: [96684] time: [482]
STATS - lpIterations[1] lagIterations[84] sspIterations[499] numSeparations[457] numCuts[0] compileTime[11] sspSolveTime[372] lpSolveTime[0] lb[1740.36] ub[1842.2] size: [96698] time: [501]
STATS - lpIterations[1] lagIterations[85] sspIterations[507] numSeparations[474] numCuts[0] compileTime[11] sspSolveTime[376] lpSolveTime[0] lb[1742.75] ub[1842.2] size: [96782] time: [509]
STATS - lpIterations[1] lagIterations[89] sspIterations[542] numSeparations[500] numCuts[0] compileTime[11] sspSolveTime[402] lpSolveTime[0] lb[1749.15] ub[1842.2] size: [96931] time: [548]
STATS - lpIterations[1] lagIterations[90] sspIterations[551] numSeparations[517] numCuts[0] compileTime[11] sspSolveTime[407] lpSolveTime[0] lb[1750.96] ub[1842.2] size: [97015] time: [558]
STATS - lpIterations[1] lagIterations[95] sspIterations[595] numSeparations[548] numCuts[0] compileTime[11] sspSolveTime[435] lpSolveTime[0] lb[1759.26] ub[1842.2] size: [97116] time: [603]
STATS - lpIterations[1] lagIterations[102] sspIterations[651] numSeparations[608] numCuts[0] compileTime[11] sspSolveTime[478] lpSolveTime[0] lb[1761.39] ub[1842.2] size: [97364] time: [673]
STATS - lpIterations[1] lagIterations[103] sspIterations[659] numSeparations[622] numCuts[0] compileTime[11] sspSolveTime[483] lpSolveTime[0] lb[1763.1] ub[1842.2] size: [97428] time: [683]
STATS - lpIterations[1] lagIterations[106] sspIterations[688] numSeparations[638] numCuts[0] compileTime[11] sspSolveTime[507] lpSolveTime[0] lb[1769.04] ub[1842.2] size: [97485] time: [719]
STATS - lpIterations[1] lagIterations[107] sspIterations[699] numSeparations[657] numCuts[0] compileTime[11] sspSolveTime[514] lpSolveTime[0] lb[1770.72] ub[1842.2] size: [97548] time: [730]
STATS - lpIterations[1] lagIterations[115] sspIterations[774] numSeparations[718] numCuts[0] compileTime[11] sspSolveTime[576] lpSolveTime[0] lb[1773.75] ub[1842.2] size: [97836] time: [827]
STATS - lpIterations[1] lagIterations[116] sspIterations[789] numSeparations[737] numCuts[0] compileTime[11] sspSolveTime[590] lpSolveTime[0] lb[1774.12] ub[1842.2] size: [97917] time: [846]
STATS - lpIterations[1] lagIterations[121] sspIterations[834] numSeparations[774] numCuts[0] compileTime[11] sspSolveTime[621] lpSolveTime[0] lb[1776.32] ub[1842.2] size: [98094] time: [899]
STATS - lpIterations[1] lagIterations[122] sspIterations[846] numSeparations[793] numCuts[0] compileTime[11] sspSolveTime[631] lpSolveTime[0] lb[1779.22] ub[1842.2] size: [98170] time: [912]
STATS - lpIterations[1] lagIterations[138] sspIterations[982] numSeparations[906] numCuts[0] compileTime[11] sspSolveTime[733] lpSolveTime[0] lb[1780.02] ub[1842.2] size: [98635] time: [1088]
STATS - lpIterations[1] lagIterations[139] sspIterations[993] numSeparations[925] numCuts[0] compileTime[11] sspSolveTime[743] lpSolveTime[0] lb[1781.63] ub[1842.2] size: [98681] time: [1103]
STATS - lpIterations[1] lagIterations[147] sspIterations[1064] numSeparations[981] numCuts[0] compileTime[11] sspSolveTime[802] lpSolveTime[0] lb[1785.35] ub[1842.2] size: [98903] time: [1203]
STATS - lpIterations[1] lagIterations[148] sspIterations[1077] numSeparations[1001] numCuts[0] compileTime[11] sspSolveTime[815] lpSolveTime[0] lb[1788.13] ub[1842.2] size: [98992] time: [1222]
STATS - lpIterations[1] lagIterations[174] sspIterations[1302] numSeparations[1199] numCuts[0] compileTime[11] sspSolveTime[986] lpSolveTime[0] lb[1792.83] ub[1842.2] size: [99718] time: [1528]
STATS - lpIterations[1] lagIterations[175] sspIterations[1313] numSeparations[1215] numCuts[0] compileTime[11] sspSolveTime[993] lpSolveTime[0] lb[1793.56] ub[1842.2] size: [99756] time: [1541]
STATS - lpIterations[1] lagIterations[184] sspIterations[1395] numSeparations[1288] numCuts[0] compileTime[11] sspSolveTime[1067] lpSolveTime[0] lb[1794] ub[1842.2] size: [100021] time: [1663]
STATS - lpIterations[1] lagIterations[200] sspIterations[1523] numSeparations[1399] numCuts[0] compileTime[11] sspSolveTime[1170] lpSolveTime[0] lb[1797.6] ub[1842.2] size: [100418] time: [1853]
STATS - lpIterations[1] lagIterations[201] sspIterations[1537] numSeparations[1419] numCuts[0] compileTime[11] sspSolveTime[1180] lpSolveTime[0] lb[1799.13] ub[1842.2] size: [100465] time: [1869]
STATS - lpIterations[1] lagIterations[221] sspIterations[1704] numSeparations[1562] numCuts[0] compileTime[11] sspSolveTime[1314] lpSolveTime[0] lb[1800.17] ub[1842.2] size: [100958] time: [2116]
STATS - lpIterations[1] lagIterations[222] sspIterations[1717] numSeparations[1580] numCuts[0] compileTime[11] sspSolveTime[1325] lpSolveTime[0] lb[1800.21] ub[1842.2] size: [101005] time: [2133]
STATS - lpIterations[1] lagIterations[225] sspIterations[1747] numSeparations[1612] numCuts[0] compileTime[11] sspSolveTime[1348] lpSolveTime[0] lb[1800.5] ub[1842.2] size: [101108] time: [2175]
STATS - lpIterations[1] lagIterations[233] sspIterations[1812] numSeparations[1660] numCuts[0] compileTime[11] sspSolveTime[1403] lpSolveTime[0] lb[1801.41] ub[1842.2] size: [101299] time: [2274]
STATS - lpIterations[1] lagIterations[234] sspIterations[1825] numSeparations[1678] numCuts[0] compileTime[11] sspSolveTime[1415] lpSolveTime[0] lb[1801.62] ub[1842.2] size: [101369] time: [2294]
STATS - lpIterations[1] lagIterations[252] sspIterations[1972] numSeparations[1812] numCuts[0] compileTime[11] sspSolveTime[1527] lpSolveTime[0] lb[1801.7] ub[1842.2] size: [101826] time: [2511]
STATS - lpIterations[1] lagIterations[266] sspIterations[2083] numSeparations[1908] numCuts[0] compileTime[11] sspSolveTime[1617] lpSolveTime[0] lb[1802.69] ub[1842.2] size: [102145] time: [2683]
STATS - lpIterations[1] lagIterations[280] sspIterations[2197] numSeparations[2006] numCuts[0] compileTime[11] sspSolveTime[1708] lpSolveTime[0] lb[1804.32] ub[1842.2] size: [102415] time: [2859]
STATS - lpIterations[1] lagIterations[282] sspIterations[2215] numSeparations[2018] numCuts[0] compileTime[11] sspSolveTime[1723] lpSolveTime[0] lb[1804.79] ub[1842.2] size: [102466] time: [2886]
STATS - lpIterations[1] lagIterations[294] sspIterations[2307] numSeparations[2106] numCuts[0] compileTime[11] sspSolveTime[1791] lpSolveTime[0] lb[1806.12] ub[1842.2] size: [102773] time: [3027]
STATS - lpIterations[1] lagIterations[322] sspIterations[2528] numSeparations[2296] numCuts[0] compileTime[11] sspSolveTime[1968] lpSolveTime[0] lb[1807.09] ub[1842.2] size: [103461] time: [3374]
STATS - lpIterations[1] lagIterations[326] sspIterations[2561] numSeparations[2317] numCuts[0] compileTime[11] sspSolveTime[2003] lpSolveTime[0] lb[1807.18] ub[1842.2] size: [103530] time: [3434]
STATS - lpIterations[1] lagIterations[327] sspIterations[2573] numSeparations[2333] numCuts[0] compileTime[11] sspSolveTime[2014] lpSolveTime[0] lb[1807.78] ub[1842.2] size: [103562] time: [3451]
