relax capacity constraint
hgs upper bound: 1851.4
compiling dd
time step mult: 10
time step: 900
cap step: 10
start compiling DD
add terminal node arcs
done compiling dd
changing solve type to LAG
STATS - lpIterations[1] lagIterations[0] sspIterations[0] numSeparations[0] numCuts[0] compileTime[16] sspSolveTime[0] lpSolveTime[0] lb[0] ub[1851.4] size: [116819] time: [16]
STATS - lpIterations[1] lagIterations[1] sspIterations[1] numSeparations[0] numCuts[0] compileTime[16] sspSolveTime[0] lpSolveTime[0] lb[538.443] ub[1851.4] size: [116819] time: [16]
STATS - lpIterations[1] lagIterations[2] sspIterations[2] numSeparations[0] numCuts[0] compileTime[16] sspSolveTime[0] lpSolveTime[0] lb[565.098] ub[1851.4] size: [116819] time: [17]
STATS - lpIterations[1] lagIterations[3] sspIterations[3] numSeparations[0] numCuts[0] compileTime[16] sspSolveTime[1] lpSolveTime[0] lb[592.799] ub[1851.4] size: [116819] time: [18]
STATS - lpIterations[1] lagIterations[4] sspIterations[4] numSeparations[0] numCuts[0] compileTime[16] sspSolveTime[1] lpSolveTime[0] lb[621.576] ub[1851.4] size: [116819] time: [19]
STATS - lpIterations[1] lagIterations[5] sspIterations[5] numSeparations[0] numCuts[0] compileTime[16] sspSolveTime[1] lpSolveTime[0] lb[651.459] ub[1851.4] size: [116819] time: [20]
STATS - lpIterations[1] lagIterations[6] sspIterations[6] numSeparations[0] numCuts[0] compileTime[16] sspSolveTime[2] lpSolveTime[0] lb[682.481] ub[1851.4] size: [116819] time: [21]
STATS - lpIterations[1] lagIterations[7] sspIterations[7] numSeparations[0] numCuts[0] compileTime[16] sspSolveTime[2] lpSolveTime[0] lb[714.674] ub[1851.4] size: [116819] time: [22]
STATS - lpIterations[1] lagIterations[8] sspIterations[8] numSeparations[0] numCuts[0] compileTime[16] sspSolveTime[3] lpSolveTime[0] lb[748.07] ub[1851.4] size: [116819] time: [23]
STATS - lpIterations[1] lagIterations[9] sspIterations[9] numSeparations[0] numCuts[0] compileTime[16] sspSolveTime[3] lpSolveTime[0] lb[782.703] ub[1851.4] size: [116819] time: [24]
STATS - lpIterations[1] lagIterations[10] sspIterations[10] numSeparations[0] numCuts[0] compileTime[16] sspSolveTime[3] lpSolveTime[0] lb[818.607] ub[1851.4] size: [116819] time: [25]
STATS - lpIterations[1] lagIterations[11] sspIterations[11] numSeparations[0] numCuts[0] compileTime[16] sspSolveTime[4] lpSolveTime[0] lb[855.816] ub[1851.4] size: [116819] time: [26]
STATS - lpIterations[1] lagIterations[12] sspIterations[12] numSeparations[0] numCuts[0] compileTime[16] sspSolveTime[4] lpSolveTime[0] lb[894.366] ub[1851.4] size: [116819] time: [27]
STATS - lpIterations[1] lagIterations[13] sspIterations[13] numSeparations[0] numCuts[0] compileTime[16] sspSolveTime[5] lpSolveTime[0] lb[934.293] ub[1851.4] size: [116819] time: [28]
STATS - lpIterations[1] lagIterations[14] sspIterations[14] numSeparations[0] numCuts[0] compileTime[16] sspSolveTime[5] lpSolveTime[0] lb[975.468] ub[1851.4] size: [116819] time: [29]
STATS - lpIterations[1] lagIterations[15] sspIterations[15] numSeparations[0] numCuts[0] compileTime[16] sspSolveTime[5] lpSolveTime[0] lb[1016.42] ub[1851.4] size: [116819] time: [30]
STATS - lpIterations[1] lagIterations[16] sspIterations[16] numSeparations[1] numCuts[0] compileTime[16] sspSolveTime[6] lpSolveTime[0] lb[1034.71] ub[1851.4] size: [116824] time: [31]
STATS - lpIterations[1] lagIterations[17] sspIterations[17] numSeparations[1] numCuts[0] compileTime[16] sspSolveTime[6] lpSolveTime[0] lb[1079.13] ub[1851.4] size: [116824] time: [32]
STATS - lpIterations[1] lagIterations[18] sspIterations[18] numSeparations[1] numCuts[0] compileTime[16] sspSolveTime[7] lpSolveTime[0] lb[1124.96] ub[1851.4] size: [116824] time: [33]
STATS - lpIterations[1] lagIterations[19] sspIterations[19] numSeparations[1] numCuts[0] compileTime[16] sspSolveTime[8] lpSolveTime[0] lb[1170.74] ub[1851.4] size: [116824] time: [35]
STATS - lpIterations[1] lagIterations[20] sspIterations[20] numSeparations[2] numCuts[0] compileTime[16] sspSolveTime[9] lpSolveTime[0] lb[1191.94] ub[1851.4] size: [116827] time: [36]
STATS - lpIterations[1] lagIterations[21] sspIterations[21] numSeparations[3] numCuts[0] compileTime[16] sspSolveTime[9] lpSolveTime[0] lb[1240.37] ub[1851.4] size: [116835] time: [37]
STATS - lpIterations[1] lagIterations[22] sspIterations[22] numSeparations[3] numCuts[0] compileTime[16] sspSolveTime[10] lpSolveTime[0] lb[1284.82] ub[1851.4] size: [116835] time: [39]
STATS - lpIterations[1] lagIterations[23] sspIterations[23] numSeparations[4] numCuts[0] compileTime[16] sspSolveTime[10] lpSolveTime[0] lb[1329.68] ub[1851.4] size: [116843] time: [40]
STATS - lpIterations[1] lagIterations[23] sspIterations[23] numSeparations[4] numCuts[0] compileTime[16] sspSolveTime[10] lpSolveTime[0] lb[1330.45] ub[1851.4] size: [116843] time: [41]
STATS - lpIterations[1] lagIterations[24] sspIterations[27] numSeparations[5] numCuts[0] compileTime[16] sspSolveTime[15] lpSolveTime[0] lb[1357.74] ub[1851.4] size: [116854] time: [46]
STATS - lpIterations[1] lagIterations[24] sspIterations[27] numSeparations[5] numCuts[0] compileTime[16] sspSolveTime[15] lpSolveTime[0] lb[1359.12] ub[1851.4] size: [116854] time: [46]
STATS - lpIterations[1] lagIterations[25] sspIterations[28] numSeparations[9] numCuts[0] compileTime[16] sspSolveTime[16] lpSolveTime[0] lb[1378.41] ub[1851.4] size: [116875] time: [48]
STATS - lpIterations[1] lagIterations[26] sspIterations[33] numSeparations[10] numCuts[0] compileTime[16] sspSolveTime[19] lpSolveTime[0] lb[1425.65] ub[1851.4] size: [116891] time: [51]
STATS - lpIterations[1] lagIterations[26] sspIterations[33] numSeparations[10] numCuts[0] compileTime[16] sspSolveTime[19] lpSolveTime[0] lb[1428.66] ub[1851.4] size: [116891] time: [52]
STATS - lpIterations[1] lagIterations[27] sspIterations[36] numSeparations[15] numCuts[0] compileTime[16] sspSolveTime[20] lpSolveTime[0] lb[1428.94] ub[1851.4] size: [116926] time: [54]
STATS - lpIterations[1] lagIterations[27] sspIterations[36] numSeparations[15] numCuts[0] compileTime[16] sspSolveTime[20] lpSolveTime[0] lb[1432.93] ub[1851.4] size: [116926] time: [55]
STATS - lpIterations[1] lagIterations[28] sspIterations[38] numSeparations[17] numCuts[0] compileTime[16] sspSolveTime[22] lpSolveTime[0] lb[1443.8] ub[1851.4] size: [116942] time: [57]
STATS - lpIterations[1] lagIterations[29] sspIterations[46] numSeparations[19] numCuts[0] compileTime[16] sspSolveTime[27] lpSolveTime[0] lb[1459.14] ub[1851.4] size: [116944] time: [63]
STATS - lpIterations[1] lagIterations[29] sspIterations[46] numSeparations[19] numCuts[0] compileTime[16] sspSolveTime[27] lpSolveTime[0] lb[1477.44] ub[1851.4] size: [116944] time: [64]
STATS - lpIterations[1] lagIterations[30] sspIterations[49] numSeparations[26] numCuts[0] compileTime[16] sspSolveTime[28] lpSolveTime[0] lb[1483.09] ub[1851.4] size: [117008] time: [66]
STATS - lpIterations[1] lagIterations[30] sspIterations[49] numSeparations[26] numCuts[0] compileTime[16] sspSolveTime[28] lpSolveTime[0] lb[1483.21] ub[1851.4] size: [117008] time: [67]
STATS - lpIterations[1] lagIterations[31] sspIterations[59] numSeparations[28] numCuts[0] compileTime[16] sspSolveTime[36] lpSolveTime[0] lb[1507.83] ub[1851.4] size: [117023] time: [76]
STATS - lpIterations[1] lagIterations[32] sspIterations[64] numSeparations[37] numCuts[0] compileTime[16] sspSolveTime[40] lpSolveTime[0] lb[1512.6] ub[1851.4] size: [117081] time: [80]
STATS - lpIterations[1] lagIterations[32] sspIterations[64] numSeparations[37] numCuts[0] compileTime[16] sspSolveTime[40] lpSolveTime[0] lb[1514.52] ub[1851.4] size: [117081] time: [81]
STATS - lpIterations[1] lagIterations[33] sspIterations[68] numSeparations[41] numCuts[0] compileTime[16] sspSolveTime[42] lpSolveTime[0] lb[1518.19] ub[1851.4] size: [117100] time: [84]
STATS - lpIterations[1] lagIterations[33] sspIterations[68] numSeparations[41] numCuts[0] compileTime[16] sspSolveTime[42] lpSolveTime[0] lb[1526.25] ub[1851.4] size: [117100] time: [85]
STATS - lpIterations[1] lagIterations[34] sspIterations[75] numSeparations[44] numCuts[0] compileTime[16] sspSolveTime[47] lpSolveTime[0] lb[1531.02] ub[1851.4] size: [117121] time: [90]
STATS - lpIterations[1] lagIterations[34] sspIterations[75] numSeparations[44] numCuts[0] compileTime[16] sspSolveTime[47] lpSolveTime[0] lb[1536.19] ub[1851.4] size: [117121] time: [91]
STATS - lpIterations[1] lagIterations[35] sspIterations[79] numSeparations[49] numCuts[0] compileTime[16] sspSolveTime[49] lpSolveTime[0] lb[1540.21] ub[1851.4] size: [117157] time: [94]
STATS - lpIterations[1] lagIterations[35] sspIterations[79] numSeparations[49] numCuts[0] compileTime[16] sspSolveTime[49] lpSolveTime[0] lb[1540.88] ub[1851.4] size: [117157] time: [94]
STATS - lpIterations[1] lagIterations[36] sspIterations[87] numSeparations[51] numCuts[0] compileTime[16] sspSolveTime[53] lpSolveTime[0] lb[1543.25] ub[1851.4] size: [117169] time: [99]
STATS - lpIterations[1] lagIterations[36] sspIterations[87] numSeparations[51] numCuts[0] compileTime[16] sspSolveTime[53] lpSolveTime[0] lb[1557.92] ub[1851.4] size: [117169] time: [100]
STATS - lpIterations[1] lagIterations[37] sspIterations[89] numSeparations[58] numCuts[0] compileTime[16] sspSolveTime[54] lpSolveTime[0] lb[1565.24] ub[1851.4] size: [117197] time: [102]
STATS - lpIterations[1] lagIterations[38] sspIterations[106] numSeparations[58] numCuts[0] compileTime[16] sspSolveTime[70] lpSolveTime[0] lb[1588.71] ub[1851.4] size: [117197] time: [121]
STATS - lpIterations[1] lagIterations[39] sspIterations[116] numSeparations[74] numCuts[0] compileTime[16] sspSolveTime[77] lpSolveTime[0] lb[1592.22] ub[1851.4] size: [117278] time: [130]
STATS - lpIterations[1] lagIterations[41] sspIterations[137] numSeparations[84] numCuts[0] compileTime[16] sspSolveTime[90] lpSolveTime[0] lb[1613.93] ub[1851.4] size: [117339] time: [146]
STATS - lpIterations[1] lagIterations[42] sspIterations[146] numSeparations[103] numCuts[0] compileTime[16] sspSolveTime[96] lpSolveTime[0] lb[1617.8] ub[1851.4] size: [117434] time: [154]
STATS - lpIterations[1] lagIterations[45] sspIterations[164] numSeparations[119] numCuts[0] compileTime[16] sspSolveTime[108] lpSolveTime[0] lb[1622.46] ub[1851.4] size: [117482] time: [169]
STATS - lpIterations[1] lagIterations[45] sspIterations[164] numSeparations[119] numCuts[0] compileTime[16] sspSolveTime[108] lpSolveTime[0] lb[1634.94] ub[1851.4] size: [117482] time: [170]
STATS - lpIterations[1] lagIterations[47] sspIterations[183] numSeparations[129] numCuts[0] compileTime[16] sspSolveTime[122] lpSolveTime[0] lb[1638.83] ub[1851.4] size: [117529] time: [187]
STATS - lpIterations[1] lagIterations[48] sspIterations[188] numSeparations[143] numCuts[0] compileTime[16] sspSolveTime[126] lpSolveTime[0] lb[1640.19] ub[1851.4] size: [117597] time: [192]
STATS - lpIterations[1] lagIterations[48] sspIterations[188] numSeparations[143] numCuts[0] compileTime[16] sspSolveTime[126] lpSolveTime[0] lb[1642.53] ub[1851.4] size: [117597] time: [193]
STATS - lpIterations[1] lagIterations[49] sspIterations[201] numSeparations[145] numCuts[0] compileTime[16] sspSolveTime[143] lpSolveTime[0] lb[1655.55] ub[1851.4] size: [117604] time: [212]
STATS - lpIterations[1] lagIterations[50] sspIterations[207] numSeparations[158] numCuts[0] compileTime[16] sspSolveTime[148] lpSolveTime[0] lb[1659.8] ub[1851.4] size: [117660] time: [218]
STATS - lpIterations[1] lagIterations[51] sspIterations[215] numSeparations[163] numCuts[0] compileTime[16] sspSolveTime[153] lpSolveTime[0] lb[1660.71] ub[1851.4] size: [117692] time: [226]
STATS - lpIterations[1] lagIterations[52] sspIterations[217] numSeparations[171] numCuts[0] compileTime[16] sspSolveTime[155] lpSolveTime[0] lb[1665.1] ub[1851.4] size: [117718] time: [228]
STATS - lpIterations[1] lagIterations[53] sspIterations[239] numSeparations[172] numCuts[0] compileTime[16] sspSolveTime[173] lpSolveTime[0] lb[1683.66] ub[1851.4] size: [117723] time: [249]
STATS - lpIterations[1] lagIterations[54] sspIterations[250] numSeparations[194] numCuts[0] compileTime[16] sspSolveTime[182] lpSolveTime[0] lb[1684.55] ub[1851.4] size: [117782] time: [261]
STATS - lpIterations[1] lagIterations[56] sspIterations[273] numSeparations[204] numCuts[0] compileTime[16] sspSolveTime[205] lpSolveTime[0] lb[1688.87] ub[1851.4] size: [117833] time: [288]
STATS - lpIterations[1] lagIterations[57] sspIterations[281] numSeparations[222] numCuts[0] compileTime[16] sspSolveTime[210] lpSolveTime[0] lb[1690.72] ub[1851.4] size: [117928] time: [296]
STATS - lpIterations[1] lagIterations[59] sspIterations[298] numSeparations[232] numCuts[0] compileTime[16] sspSolveTime[221] lpSolveTime[0] lb[1695.76] ub[1851.4] size: [117986] time: [312]
STATS - lpIterations[1] lagIterations[61] sspIterations[322] numSeparations[243] numCuts[0] compileTime[16] sspSolveTime[242] lpSolveTime[0] lb[1710.64] ub[1851.4] size: [118054] time: [337]
STATS - lpIterations[1] lagIterations[62] sspIterations[332] numSeparations[265] numCuts[0] compileTime[16] sspSolveTime[249] lpSolveTime[0] lb[1712.02] ub[1851.4] size: [118184] time: [347]
STATS - lpIterations[1] lagIterations[64] sspIterations[358] numSeparations[277] numCuts[0] compileTime[16] sspSolveTime[275] lpSolveTime[0] lb[1715.65] ub[1851.4] size: [118255] time: [379]
STATS - lpIterations[1] lagIterations[65] sspIterations[367] numSeparations[299] numCuts[0] compileTime[16] sspSolveTime[281] lpSolveTime[0] lb[1716.77] ub[1851.4] size: [118343] time: [389]
STATS - lpIterations[1] lagIterations[67] sspIterations[390] numSeparations[308] numCuts[0] compileTime[16] sspSolveTime[300] lpSolveTime[0] lb[1728.68] ub[1851.4] size: [118391] time: [414]
STATS - lpIterations[1] lagIterations[68] sspIterations[400] numSeparations[329] numCuts[0] compileTime[16] sspSolveTime[306] lpSolveTime[0] lb[1730.22] ub[1851.4] size: [118472] time: [424]
STATS - lpIterations[1] lagIterations[70] sspIterations[424] numSeparations[339] numCuts[0] compileTime[16] sspSolveTime[322] lpSolveTime[0] lb[1734.91] ub[1851.4] size: [118522] time: [448]
STATS - lpIterations[1] lagIterations[71] sspIterations[432] numSeparations[361] numCuts[0] compileTime[16] sspSolveTime[328] lpSolveTime[0] lb[1736.64] ub[1851.4] size: [118618] time: [458]
STATS - lpIterations[1] lagIterations[75] sspIterations[468] numSeparations[387] numCuts[0] compileTime[16] sspSolveTime[365] lpSolveTime[0] lb[1740.13] ub[1851.4] size: [118734] time: [511]
STATS - lpIterations[1] lagIterations[76] sspIterations[476] numSeparations[401] numCuts[0] compileTime[16] sspSolveTime[371] lpSolveTime[0] lb[1741.74] ub[1851.4] size: [118803] time: [521]
STATS - lpIterations[1] lagIterations[80] sspIterations[513] numSeparations[418] numCuts[0] compileTime[16] sspSolveTime[399] lpSolveTime[0] lb[1758.18] ub[1851.4] size: [118867] time: [566]
STATS - lpIterations[1] lagIterations[81] sspIterations[526] numSeparations[438] numCuts[0] compileTime[16] sspSolveTime[407] lpSolveTime[0] lb[1758.98] ub[1851.4] size: [118972] time: [580]
STATS - lpIterations[1] lagIterations[83] sspIterations[553] numSeparations[450] numCuts[0] compileTime[16] sspSolveTime[442] lpSolveTime[0] lb[1759.46] ub[1851.4] size: [119016] time: [626]
STATS - lpIterations[1] lagIterations[84] sspIterations[566] numSeparations[471] numCuts[0] compileTime[16] sspSolveTime[450] lpSolveTime[0] lb[1760.15] ub[1851.4] size: [119082] time: [641]
STATS - lpIterations[1] lagIterations[90] sspIterations[623] numSeparations[513] numCuts[0] compileTime[16] sspSolveTime[504] lpSolveTime[0] lb[1765.67] ub[1851.4] size: [119261] time: [726]
STATS - lpIterations[1] lagIterations[91] sspIterations[630] numSeparations[531] numCuts[0] compileTime[16] sspSolveTime[509] lpSolveTime[0] lb[1765.69] ub[1851.4] size: [119333] time: [735]
STATS - lpIterations[1] lagIterations[91] sspIterations[630] numSeparations[531] numCuts[0] compileTime[16] sspSolveTime[509] lpSolveTime[0] lb[1767.15] ub[1851.4] size: [119333] time: [737]
STATS - lpIterations[1] lagIterations[94] sspIterations[667] numSeparations[552] numCuts[0] compileTime[16] sspSolveTime[546] lpSolveTime[0] lb[1775.43] ub[1851.4] size: [119423] time: [792]
STATS - lpIterations[1] lagIterations[95] sspIterations[681] numSeparations[569] numCuts[0] compileTime[16] sspSolveTime[554] lpSolveTime[0] lb[1777.11] ub[1851.4] size: [119514] time: [807]
STATS - lpIterations[1] lagIterations[97] sspIterations[712] numSeparations[584] numCuts[0] compileTime[16] sspSolveTime[588] lpSolveTime[0] lb[1779.21] ub[1851.4] size: [119590] time: [854]
STATS - lpIterations[1] lagIterations[98] sspIterations[726] numSeparations[609] numCuts[0] compileTime[16] sspSolveTime[596] lpSolveTime[0] lb[1780.29] ub[1851.4] size: [119714] time: [870]
STATS - lpIterations[1] lagIterations[104] sspIterations[786] numSeparations[652] numCuts[0] compileTime[16] sspSolveTime[648] lpSolveTime[0] lb[1783.25] ub[1851.4] size: [119923] time: [960]
STATS - lpIterations[1] lagIterations[105] sspIterations[800] numSeparations[670] numCuts[0] compileTime[16] sspSolveTime[657] lpSolveTime[0] lb[1783.33] ub[1851.4] size: [120008] time: [977]
STATS - lpIterations[1] lagIterations[110] sspIterations[854] numSeparations[718] numCuts[0] compileTime[16] sspSolveTime[713] lpSolveTime[0] lb[1783.7] ub[1851.4] size: [120193] time: [1067]
STATS - lpIterations[1] lagIterations[112] sspIterations[871] numSeparations[728] numCuts[0] compileTime[16] sspSolveTime[725] lpSolveTime[0] lb[1785.2] ub[1851.4] size: [120241] time: [1092]
STATS - lpIterations[1] lagIterations[114] sspIterations[893] numSeparations[740] numCuts[0] compileTime[16] sspSolveTime[744] lpSolveTime[0] lb[1789.01] ub[1851.4] size: [120288] time: [1126]
STATS - lpIterations[1] lagIterations[115] sspIterations[901] numSeparations[757] numCuts[0] compileTime[16] sspSolveTime[750] lpSolveTime[0] lb[1789.81] ub[1851.4] size: [120328] time: [1139]
STATS - lpIterations[1] lagIterations[121] sspIterations[968] numSeparations[798] numCuts[0] compileTime[16] sspSolveTime[803] lpSolveTime[0] lb[1793.87] ub[1851.4] size: [120483] time: [1234]
STATS - lpIterations[1] lagIterations[122] sspIterations[982] numSeparations[818] numCuts[0] compileTime[16] sspSolveTime[811] lpSolveTime[0] lb[1794.55] ub[1851.4] size: [120559] time: [1251]
STATS - lpIterations[1] lagIterations[129] sspIterations[1046] numSeparations[874] numCuts[0] compileTime[16] sspSolveTime[873] lpSolveTime[0] lb[1795.92] ub[1851.4] size: [120764] time: [1363]
STATS - lpIterations[1] lagIterations[132] sspIterations[1075] numSeparations[891] numCuts[0] compileTime[16] sspSolveTime[903] lpSolveTime[0] lb[1796.15] ub[1851.4] size: [120892] time: [1416]
STATS - lpIterations[1] lagIterations[133] sspIterations[1080] numSeparations[903] numCuts[0] compileTime[16] sspSolveTime[908] lpSolveTime[0] lb[1796.77] ub[1851.4] size: [120959] time: [1428]
STATS - lpIterations[1] lagIterations[140] sspIterations[1152] numSeparations[944] numCuts[0] compileTime[16] sspSolveTime[975] lpSolveTime[0] lb[1803.22] ub[1851.4] size: [121112] time: [1550]
STATS - lpIterations[1] lagIterations[141] sspIterations[1163] numSeparations[962] numCuts[0] compileTime[16] sspSolveTime[984] lpSolveTime[0] lb[1803.6] ub[1851.4] size: [121160] time: [1567]
STATS - lpIterations[1] lagIterations[150] sspIterations[1252] numSeparations[1019] numCuts[0] compileTime[16] sspSolveTime[1068] lpSolveTime[0] lb[1803.96] ub[1851.4] size: [121357] time: [1720]
STATS - lpIterations[1] lagIterations[151] sspIterations[1263] numSeparations[1038] numCuts[0] compileTime[16] sspSolveTime[1075] lpSolveTime[0] lb[1805.12] ub[1851.4] size: [121409] time: [1736]
STATS - lpIterations[1] lagIterations[156] sspIterations[1324] numSeparations[1073] numCuts[0] compileTime[16] sspSolveTime[1132] lpSolveTime[0] lb[1807.15] ub[1851.4] size: [121542] time: [1832]
STATS - lpIterations[1] lagIterations[157] sspIterations[1335] numSeparations[1095] numCuts[0] compileTime[16] sspSolveTime[1139] lpSolveTime[0] lb[1807.39] ub[1851.4] size: [121602] time: [1848]
STATS - lpIterations[1] lagIterations[162] sspIterations[1396] numSeparations[1132] numCuts[0] compileTime[16] sspSolveTime[1185] lpSolveTime[0] lb[1808.08] ub[1851.4] size: [121793] time: [1931]
STATS - lpIterations[1] lagIterations[163] sspIterations[1408] numSeparations[1153] numCuts[0] compileTime[16] sspSolveTime[1193] lpSolveTime[0] lb[1809.01] ub[1851.4] size: [121858] time: [1945]
STATS - lpIterations[1] lagIterations[183] sspIterations[1614] numSeparations[1310] numCuts[0] compileTime[16] sspSolveTime[1399] lpSolveTime[0] lb[1810.94] ub[1851.4] size: [122576] time: [2311]
STATS - lpIterations[1] lagIterations[184] sspIterations[1625] numSeparations[1329] numCuts[0] compileTime[16] sspSolveTime[1408] lpSolveTime[0] lb[1812.13] ub[1851.4] size: [122646] time: [2326]
STATS - lpIterations[1] lagIterations[190] sspIterations[1680] numSeparations[1364] numCuts[0] compileTime[16] sspSolveTime[1465] lpSolveTime[0] lb[1812.86] ub[1851.4] size: [122802] time: [2432]
STATS - lpIterations[1] lagIterations[208] sspIterations[1841] numSeparations[1476] numCuts[0] compileTime[16] sspSolveTime[1622] lpSolveTime[0] lb[1813.98] ub[1851.4] size: [123328] time: [2733]
STATS - lpIterations[1] lagIterations[218] sspIterations[1934] numSeparations[1546] numCuts[0] compileTime[16] sspSolveTime[1726] lpSolveTime[0] lb[1815.79] ub[1851.4] size: [123633] time: [2920]
