relax capacity constraint
hgs upper bound: 3665.1
compiling dd
time step mult: 10
time step: 900
cap step: 10
start compiling DD
add terminal node arcs
done compiling dd
changing solve type to LAG
STATS - lpIterations[1] lagIterations[0] sspIterations[0] numSeparations[0] numCuts[0] compileTime[224] sspSolveTime[0] lpSolveTime[0] lb[0] ub[3665.1] size: [323830] time: [224]
STATS - lpIterations[1] lagIterations[1] sspIterations[1] numSeparations[0] numCuts[0] compileTime[224] sspSolveTime[1] lpSolveTime[0] lb[1452.13] ub[3665.1] size: [323830] time: [225]
STATS - lpIterations[1] lagIterations[2] sspIterations[2] numSeparations[0] numCuts[0] compileTime[224] sspSolveTime[3] lpSolveTime[0] lb[1524.02] ub[3665.1] size: [323830] time: [230]
STATS - lpIterations[1] lagIterations[3] sspIterations[3] numSeparations[0] numCuts[0] compileTime[224] sspSolveTime[5] lpSolveTime[0] lb[1598.73] ub[3665.1] size: [323830] time: [235]
STATS - lpIterations[1] lagIterations[4] sspIterations[4] numSeparations[0] numCuts[0] compileTime[224] sspSolveTime[7] lpSolveTime[0] lb[1676.34] ub[3665.1] size: [323830] time: [240]
STATS - lpIterations[1] lagIterations[5] sspIterations[5] numSeparations[0] numCuts[0] compileTime[224] sspSolveTime[9] lpSolveTime[0] lb[1756.93] ub[3665.1] size: [323830] time: [245]
STATS - lpIterations[1] lagIterations[6] sspIterations[6] numSeparations[0] numCuts[0] compileTime[224] sspSolveTime[11] lpSolveTime[0] lb[1840.59] ub[3665.1] size: [323830] time: [250]
STATS - lpIterations[1] lagIterations[7] sspIterations[7] numSeparations[0] numCuts[0] compileTime[224] sspSolveTime[13] lpSolveTime[0] lb[1927.41] ub[3665.1] size: [323830] time: [254]
STATS - lpIterations[1] lagIterations[8] sspIterations[8] numSeparations[0] numCuts[0] compileTime[224] sspSolveTime[14] lpSolveTime[0] lb[2017.48] ub[3665.1] size: [323830] time: [259]
STATS - lpIterations[1] lagIterations[9] sspIterations[9] numSeparations[0] numCuts[0] compileTime[224] sspSolveTime[16] lpSolveTime[0] lb[2110.88] ub[3665.1] size: [323830] time: [264]
STATS - lpIterations[1] lagIterations[10] sspIterations[10] numSeparations[0] numCuts[0] compileTime[224] sspSolveTime[19] lpSolveTime[0] lb[2202.3] ub[3665.1] size: [323830] time: [270]
STATS - lpIterations[1] lagIterations[11] sspIterations[11] numSeparations[1] numCuts[0] compileTime[224] sspSolveTime[21] lpSolveTime[0] lb[2300.33] ub[3665.1] size: [323838] time: [275]
STATS - lpIterations[1] lagIterations[12] sspIterations[12] numSeparations[1] numCuts[0] compileTime[224] sspSolveTime[24] lpSolveTime[0] lb[2394.23] ub[3665.1] size: [323838] time: [281]
STATS - lpIterations[1] lagIterations[13] sspIterations[13] numSeparations[2] numCuts[0] compileTime[224] sspSolveTime[27] lpSolveTime[0] lb[2487.65] ub[3665.1] size: [323846] time: [287]
STATS - lpIterations[1] lagIterations[14] sspIterations[16] numSeparations[3] numCuts[0] compileTime[224] sspSolveTime[33] lpSolveTime[0] lb[2577] ub[3665.1] size: [323871] time: [296]
STATS - lpIterations[1] lagIterations[14] sspIterations[16] numSeparations[3] numCuts[0] compileTime[224] sspSolveTime[33] lpSolveTime[0] lb[2582.51] ub[3665.1] size: [323871] time: [298]
STATS - lpIterations[1] lagIterations[15] sspIterations[22] numSeparations[6] numCuts[0] compileTime[224] sspSolveTime[42] lpSolveTime[0] lb[2624.92] ub[3665.1] size: [323908] time: [310]
STATS - lpIterations[1] lagIterations[15] sspIterations[22] numSeparations[6] numCuts[0] compileTime[224] sspSolveTime[42] lpSolveTime[0] lb[2635.86] ub[3665.1] size: [323908] time: [314]
STATS - lpIterations[1] lagIterations[16] sspIterations[25] numSeparations[12] numCuts[0] compileTime[224] sspSolveTime[47] lpSolveTime[0] lb[2651.38] ub[3665.1] size: [323958] time: [321]
STATS - lpIterations[1] lagIterations[16] sspIterations[25] numSeparations[12] numCuts[0] compileTime[224] sspSolveTime[47] lpSolveTime[0] lb[2655.66] ub[3665.1] size: [323958] time: [324]
STATS - lpIterations[1] lagIterations[17] sspIterations[26] numSeparations[15] numCuts[0] compileTime[224] sspSolveTime[50] lpSolveTime[0] lb[2706.01] ub[3665.1] size: [323983] time: [329]
STATS - lpIterations[1] lagIterations[18] sspIterations[44] numSeparations[16] numCuts[0] compileTime[224] sspSolveTime[94] lpSolveTime[0] lb[2732.47] ub[3665.1] size: [323993] time: [376]
STATS - lpIterations[1] lagIterations[18] sspIterations[44] numSeparations[16] numCuts[0] compileTime[224] sspSolveTime[94] lpSolveTime[0] lb[2784.15] ub[3665.1] size: [323993] time: [383]
STATS - lpIterations[1] lagIterations[19] sspIterations[49] numSeparations[34] numCuts[0] compileTime[224] sspSolveTime[105] lpSolveTime[0] lb[2793.24] ub[3665.1] size: [324158] time: [397]
STATS - lpIterations[1] lagIterations[19] sspIterations[49] numSeparations[34] numCuts[0] compileTime[224] sspSolveTime[105] lpSolveTime[0] lb[2795.45] ub[3665.1] size: [324158] time: [402]
STATS - lpIterations[1] lagIterations[20] sspIterations[65] numSeparations[39] numCuts[0] compileTime[224] sspSolveTime[130] lpSolveTime[0] lb[2795.75] ub[3665.1] size: [324192] time: [429]
STATS - lpIterations[1] lagIterations[20] sspIterations[65] numSeparations[39] numCuts[0] compileTime[224] sspSolveTime[130] lpSolveTime[0] lb[2840.03] ub[3665.1] size: [324192] time: [435]
STATS - lpIterations[1] lagIterations[21] sspIterations[67] numSeparations[55] numCuts[0] compileTime[224] sspSolveTime[133] lpSolveTime[0] lb[2850.04] ub[3665.1] size: [324300] time: [441]
STATS - lpIterations[1] lagIterations[21] sspIterations[67] numSeparations[55] numCuts[0] compileTime[224] sspSolveTime[133] lpSolveTime[0] lb[2850.48] ub[3665.1] size: [324300] time: [444]
STATS - lpIterations[1] lagIterations[22] sspIterations[96] numSeparations[57] numCuts[0] compileTime[224] sspSolveTime[176] lpSolveTime[0] lb[2909.13] ub[3665.1] size: [324312] time: [499]
STATS - lpIterations[1] lagIterations[23] sspIterations[108] numSeparations[86] numCuts[0] compileTime[224] sspSolveTime[197] lpSolveTime[0] lb[2919.15] ub[3665.1] size: [324539] time: [532]
STATS - lpIterations[1] lagIterations[24] sspIterations[112] numSeparations[98] numCuts[0] compileTime[224] sspSolveTime[206] lpSolveTime[0] lb[2922.33] ub[3665.1] size: [324620] time: [548]
STATS - lpIterations[1] lagIterations[25] sspIterations[122] numSeparations[102] numCuts[0] compileTime[224] sspSolveTime[223] lpSolveTime[0] lb[2941.96] ub[3665.1] size: [324650] time: [568]
STATS - lpIterations[1] lagIterations[25] sspIterations[122] numSeparations[102] numCuts[0] compileTime[224] sspSolveTime[223] lpSolveTime[0] lb[2954.87] ub[3665.1] size: [324650] time: [575]
STATS - lpIterations[1] lagIterations[26] sspIterations[130] numSeparations[112] numCuts[0] compileTime[224] sspSolveTime[243] lpSolveTime[0] lb[2960.54] ub[3665.1] size: [324713] time: [598]
STATS - lpIterations[1] lagIterations[26] sspIterations[130] numSeparations[112] numCuts[0] compileTime[224] sspSolveTime[243] lpSolveTime[0] lb[2965.43] ub[3665.1] size: [324713] time: [603]
STATS - lpIterations[1] lagIterations[27] sspIterations[135] numSeparations[120] numCuts[0] compileTime[224] sspSolveTime[256] lpSolveTime[0] lb[2978.55] ub[3665.1] size: [324749] time: [618]
STATS - lpIterations[1] lagIterations[27] sspIterations[135] numSeparations[120] numCuts[0] compileTime[224] sspSolveTime[256] lpSolveTime[0] lb[2984.59] ub[3665.1] size: [324749] time: [623]
STATS - lpIterations[1] lagIterations[28] sspIterations[149] numSeparations[125] numCuts[0] compileTime[224] sspSolveTime[278] lpSolveTime[0] lb[3010.44] ub[3665.1] size: [324786] time: [655]
STATS - lpIterations[1] lagIterations[29] sspIterations[154] numSeparations[139] numCuts[0] compileTime[224] sspSolveTime[283] lpSolveTime[0] lb[3018.48] ub[3665.1] size: [324900] time: [663]
STATS - lpIterations[1] lagIterations[29] sspIterations[154] numSeparations[139] numCuts[0] compileTime[224] sspSolveTime[283] lpSolveTime[0] lb[3020.05] ub[3665.1] size: [324900] time: [667]
STATS - lpIterations[1] lagIterations[30] sspIterations[169] numSeparations[144] numCuts[0] compileTime[224] sspSolveTime[315] lpSolveTime[0] lb[3021.46] ub[3665.1] size: [324917] time: [701]
STATS - lpIterations[1] lagIterations[30] sspIterations[169] numSeparations[144] numCuts[0] compileTime[224] sspSolveTime[315] lpSolveTime[0] lb[3042.56] ub[3665.1] size: [324917] time: [713]
STATS - lpIterations[1] lagIterations[31] sspIterations[175] numSeparations[159] numCuts[0] compileTime[224] sspSolveTime[328] lpSolveTime[0] lb[3042.6] ub[3665.1] size: [325018] time: [728]
STATS - lpIterations[1] lagIterations[31] sspIterations[175] numSeparations[159] numCuts[0] compileTime[224] sspSolveTime[328] lpSolveTime[0] lb[3046.28] ub[3665.1] size: [325018] time: [734]
STATS - lpIterations[1] lagIterations[32] sspIterations[199] numSeparations[165] numCuts[0] compileTime[224] sspSolveTime[374] lpSolveTime[0] lb[3069.66] ub[3665.1] size: [325077] time: [793]
STATS - lpIterations[1] lagIterations[33] sspIterations[205] numSeparations[189] numCuts[0] compileTime[224] sspSolveTime[385] lpSolveTime[0] lb[3076.79] ub[3665.1] size: [325222] time: [806]
STATS - lpIterations[1] lagIterations[33] sspIterations[205] numSeparations[189] numCuts[0] compileTime[224] sspSolveTime[385] lpSolveTime[0] lb[3077.76] ub[3665.1] size: [325222] time: [814]
STATS - lpIterations[1] lagIterations[34] sspIterations[231] numSeparations[195] numCuts[0] compileTime[224] sspSolveTime[428] lpSolveTime[0] lb[3106.44] ub[3665.1] size: [325250] time: [870]
STATS - lpIterations[1] lagIterations[35] sspIterations[244] numSeparations[221] numCuts[0] compileTime[224] sspSolveTime[445] lpSolveTime[0] lb[3113.67] ub[3665.1] size: [325427] time: [900]
STATS - lpIterations[1] lagIterations[37] sspIterations[266] numSeparations[240] numCuts[0] compileTime[224] sspSolveTime[479] lpSolveTime[0] lb[3137.15] ub[3665.1] size: [325517] time: [953]
STATS - lpIterations[1] lagIterations[38] sspIterations[268] numSeparations[256] numCuts[0] compileTime[224] sspSolveTime[484] lpSolveTime[0] lb[3137.87] ub[3665.1] size: [325613] time: [964]
STATS - lpIterations[1] lagIterations[39] sspIterations[300] numSeparations[258] numCuts[0] compileTime[224] sspSolveTime[566] lpSolveTime[0] lb[3168.43] ub[3665.1] size: [325619] time: [1062]
STATS - lpIterations[1] lagIterations[40] sspIterations[317] numSeparations[290] numCuts[0] compileTime[224] sspSolveTime[599] lpSolveTime[0] lb[3168.84] ub[3665.1] size: [325779] time: [1097]
STATS - lpIterations[1] lagIterations[40] sspIterations[317] numSeparations[290] numCuts[0] compileTime[224] sspSolveTime[599] lpSolveTime[0] lb[3176.06] ub[3665.1] size: [325779] time: [1109]
STATS - lpIterations[1] lagIterations[42] sspIterations[358] numSeparations[310] numCuts[0] compileTime[224] sspSolveTime[693] lpSolveTime[0] lb[3204.3] ub[3665.1] size: [325900] time: [1229]
STATS - lpIterations[1] lagIterations[43] sspIterations[379] numSeparations[348] numCuts[0] compileTime[224] sspSolveTime[743] lpSolveTime[0] lb[3208.72] ub[3665.1] size: [326185] time: [1296]
STATS - lpIterations[1] lagIterations[48] sspIterations[445] numSeparations[409] numCuts[0] compileTime[224] sspSolveTime[920] lpSolveTime[0] lb[3226.17] ub[3665.1] size: [326582] time: [1530]
STATS - lpIterations[1] lagIterations[49] sspIterations[454] numSeparations[435] numCuts[0] compileTime[224] sspSolveTime[939] lpSolveTime[0] lb[3226.41] ub[3665.1] size: [326720] time: [1552]
STATS - lpIterations[1] lagIterations[49] sspIterations[454] numSeparations[435] numCuts[0] compileTime[224] sspSolveTime[939] lpSolveTime[0] lb[3229.47] ub[3665.1] size: [326720] time: [1560]
STATS - lpIterations[1] lagIterations[51] sspIterations[473] numSeparations[461] numCuts[0] compileTime[224] sspSolveTime[988] lpSolveTime[0] lb[3230.53] ub[3665.1] size: [326833] time: [1625]
STATS - lpIterations[1] lagIterations[52] sspIterations[514] numSeparations[463] numCuts[0] compileTime[224] sspSolveTime[1113] lpSolveTime[0] lb[3258.43] ub[3665.1] size: [326841] time: [1775]
STATS - lpIterations[1] lagIterations[53] sspIterations[537] numSeparations[504] numCuts[0] compileTime[224] sspSolveTime[1184] lpSolveTime[0] lb[3263.9] ub[3665.1] size: [327151] time: [1863]
STATS - lpIterations[1] lagIterations[57] sspIterations[605] numSeparations[559] numCuts[0] compileTime[224] sspSolveTime[1402] lpSolveTime[0] lb[3275.24] ub[3665.1] size: [327503] time: [2130]
STATS - lpIterations[1] lagIterations[58] sspIterations[620] numSeparations[595] numCuts[0] compileTime[224] sspSolveTime[1449] lpSolveTime[0] lb[3280.05] ub[3665.1] size: [327684] time: [2193]
STATS - lpIterations[1] lagIterations[60] sspIterations[647] numSeparations[617] numCuts[0] compileTime[224] sspSolveTime[1530] lpSolveTime[0] lb[3283.39] ub[3665.1] size: [327797] time: [2301]
STATS - lpIterations[1] lagIterations[62] sspIterations[677] numSeparations[645] numCuts[0] compileTime[224] sspSolveTime[1608] lpSolveTime[0] lb[3287.61] ub[3665.1] size: [327944] time: [2407]
STATS - lpIterations[1] lagIterations[63] sspIterations[683] numSeparations[667] numCuts[0] compileTime[224] sspSolveTime[1628] lpSolveTime[0] lb[3289.78] ub[3665.1] size: [328078] time: [2439]
STATS - lpIterations[1] lagIterations[64] sspIterations[705] numSeparations[673] numCuts[0] compileTime[224] sspSolveTime[1706] lpSolveTime[0] lb[3295.67] ub[3665.1] size: [328103] time: [2534]
STATS - lpIterations[1] lagIterations[65] sspIterations[714] numSeparations[695] numCuts[0] compileTime[224] sspSolveTime[1729] lpSolveTime[0] lb[3298.51] ub[3665.1] size: [328231] time: [2558]
STATS - lpIterations[1] lagIterations[65] sspIterations[714] numSeparations[695] numCuts[0] compileTime[224] sspSolveTime[1729] lpSolveTime[0] lb[3299.16] ub[3665.1] size: [328231] time: [2571]
STATS - lpIterations[1] lagIterations[67] sspIterations[738] numSeparations[720] numCuts[0] compileTime[224] sspSolveTime[1793] lpSolveTime[0] lb[3299.74] ub[3665.1] size: [328363] time: [2649]
STATS - lpIterations[1] lagIterations[67] sspIterations[738] numSeparations[720] numCuts[0] compileTime[224] sspSolveTime[1793] lpSolveTime[0] lb[3302.81] ub[3665.1] size: [328363] time: [2658]
STATS - lpIterations[1] lagIterations[68] sspIterations[756] numSeparations[728] numCuts[0] compileTime[224] sspSolveTime[1837] lpSolveTime[0] lb[3309.22] ub[3665.1] size: [328409] time: [2716]
STATS - lpIterations[1] lagIterations[69] sspIterations[765] numSeparations[746] numCuts[0] compileTime[224] sspSolveTime[1862] lpSolveTime[0] lb[3312.2] ub[3665.1] size: [328470] time: [2749]
STATS - lpIterations[1] lagIterations[70] sspIterations[774] numSeparations[755] numCuts[0] compileTime[224] sspSolveTime[1891] lpSolveTime[0] lb[3315.01] ub[3665.1] size: [328539] time: [2789]
STATS - lpIterations[1] lagIterations[71] sspIterations[789] numSeparations[764] numCuts[0] compileTime[224] sspSolveTime[1933] lpSolveTime[0] lb[3316.09] ub[3665.1] size: [328573] time: [2846]
STATS - lpIterations[1] lagIterations[73] sspIterations[821] numSeparations[782] numCuts[0] compileTime[224] sspSolveTime[2059] lpSolveTime[0] lb[3337.38] ub[3665.1] size: [328670] time: [2997]
STATS - lpIterations[1] lagIterations[74] sspIterations[835] numSeparations[811] numCuts[0] compileTime[224] sspSolveTime[2111] lpSolveTime[0] lb[3339.33] ub[3665.1] size: [328870] time: [3066]
STATS - lpIterations[1] lagIterations[78] sspIterations[890] numSeparations[853] numCuts[0] compileTime[224] sspSolveTime[2290] lpSolveTime[0] lb[3343.42] ub[3665.1] size: [329109] time: [3292]
STATS - lpIterations[1] lagIterations[79] sspIterations[898] numSeparations[880] numCuts[0] compileTime[224] sspSolveTime[2314] lpSolveTime[0] lb[3346.14] ub[3665.1] size: [329234] time: [3318]
STATS - lpIterations[1] lagIterations[79] sspIterations[898] numSeparations[880] numCuts[0] compileTime[224] sspSolveTime[2314] lpSolveTime[0] lb[3349.07] ub[3665.1] size: [329234] time: [3329]
STATS - lpIterations[1] lagIterations[82] sspIterations[959] numSeparations[913] numCuts[0] compileTime[224] sspSolveTime[2509] lpSolveTime[0] lb[3357.45] ub[3665.1] size: [329408] time: [3567]
