relax capacity constraint
hgs upper bound: 3870.9
compiling dd
time step mult: 10
time step: 900
cap step: 10
start compiling DD
add terminal node arcs
done compiling dd
changing solve type to LAG
STATS - lpIterations[1] lagIterations[0] sspIterations[0] numSeparations[0] numCuts[0] compileTime[80] sspSolveTime[0] lpSolveTime[0] lb[0] ub[3870.9] size: [205909] time: [80]
STATS - lpIterations[1] lagIterations[1] sspIterations[1] numSeparations[0] numCuts[0] compileTime[80] sspSolveTime[1] lpSolveTime[0] lb[1452.13] ub[3870.9] size: [205909] time: [81]
STATS - lpIterations[1] lagIterations[2] sspIterations[2] numSeparations[0] numCuts[0] compileTime[80] sspSolveTime[2] lpSolveTime[0] lb[1524.02] ub[3870.9] size: [205909] time: [84]
STATS - lpIterations[1] lagIterations[3] sspIterations[3] numSeparations[0] numCuts[0] compileTime[80] sspSolveTime[3] lpSolveTime[0] lb[1598.73] ub[3870.9] size: [205909] time: [87]
STATS - lpIterations[1] lagIterations[4] sspIterations[4] numSeparations[0] numCuts[0] compileTime[80] sspSolveTime[4] lpSolveTime[0] lb[1676.34] ub[3870.9] size: [205909] time: [90]
STATS - lpIterations[1] lagIterations[5] sspIterations[5] numSeparations[0] numCuts[0] compileTime[80] sspSolveTime[5] lpSolveTime[0] lb[1756.93] ub[3870.9] size: [205909] time: [92]
STATS - lpIterations[1] lagIterations[6] sspIterations[6] numSeparations[0] numCuts[0] compileTime[80] sspSolveTime[6] lpSolveTime[0] lb[1840.59] ub[3870.9] size: [205909] time: [95]
STATS - lpIterations[1] lagIterations[7] sspIterations[7] numSeparations[0] numCuts[0] compileTime[80] sspSolveTime[7] lpSolveTime[0] lb[1927.41] ub[3870.9] size: [205909] time: [98]
STATS - lpIterations[1] lagIterations[8] sspIterations[8] numSeparations[0] numCuts[0] compileTime[80] sspSolveTime[8] lpSolveTime[0] lb[2017.48] ub[3870.9] size: [205909] time: [100]
STATS - lpIterations[1] lagIterations[9] sspIterations[9] numSeparations[0] numCuts[0] compileTime[80] sspSolveTime[9] lpSolveTime[0] lb[2110.88] ub[3870.9] size: [205909] time: [103]
STATS - lpIterations[1] lagIterations[10] sspIterations[10] numSeparations[0] numCuts[0] compileTime[80] sspSolveTime[10] lpSolveTime[0] lb[2207.71] ub[3870.9] size: [205909] time: [106]
STATS - lpIterations[1] lagIterations[11] sspIterations[11] numSeparations[0] numCuts[0] compileTime[80] sspSolveTime[11] lpSolveTime[0] lb[2308.06] ub[3870.9] size: [205909] time: [109]
STATS - lpIterations[1] lagIterations[12] sspIterations[12] numSeparations[0] numCuts[0] compileTime[80] sspSolveTime[12] lpSolveTime[0] lb[2412.03] ub[3870.9] size: [205909] time: [111]
STATS - lpIterations[1] lagIterations[13] sspIterations[13] numSeparations[0] numCuts[0] compileTime[80] sspSolveTime[14] lpSolveTime[0] lb[2515.2] ub[3870.9] size: [205909] time: [115]
STATS - lpIterations[1] lagIterations[14] sspIterations[14] numSeparations[1] numCuts[0] compileTime[80] sspSolveTime[16] lpSolveTime[0] lb[2616.54] ub[3870.9] size: [205917] time: [118]
STATS - lpIterations[1] lagIterations[15] sspIterations[15] numSeparations[2] numCuts[0] compileTime[80] sspSolveTime[17] lpSolveTime[0] lb[2716.85] ub[3870.9] size: [205928] time: [121]
STATS - lpIterations[1] lagIterations[16] sspIterations[20] numSeparations[3] numCuts[0] compileTime[80] sspSolveTime[22] lpSolveTime[0] lb[2809.66] ub[3870.9] size: [205933] time: [128]
STATS - lpIterations[1] lagIterations[16] sspIterations[20] numSeparations[3] numCuts[0] compileTime[80] sspSolveTime[22] lpSolveTime[0] lb[2819.98] ub[3870.9] size: [205933] time: [130]
STATS - lpIterations[1] lagIterations[17] sspIterations[21] numSeparations[8] numCuts[0] compileTime[80] sspSolveTime[25] lpSolveTime[0] lb[2850.71] ub[3870.9] size: [205962] time: [133]
STATS - lpIterations[1] lagIterations[17] sspIterations[21] numSeparations[8] numCuts[0] compileTime[80] sspSolveTime[25] lpSolveTime[0] lb[2850.78] ub[3870.9] size: [205962] time: [135]
STATS - lpIterations[1] lagIterations[18] sspIterations[31] numSeparations[9] numCuts[0] compileTime[80] sspSolveTime[33] lpSolveTime[0] lb[2925.57] ub[3870.9] size: [205977] time: [144]
STATS - lpIterations[1] lagIterations[18] sspIterations[31] numSeparations[9] numCuts[0] compileTime[80] sspSolveTime[33] lpSolveTime[0] lb[2951.55] ub[3870.9] size: [205977] time: [147]
STATS - lpIterations[1] lagIterations[19] sspIterations[33] numSeparations[19] numCuts[0] compileTime[80] sspSolveTime[36] lpSolveTime[0] lb[2964.97] ub[3870.9] size: [206047] time: [151]
STATS - lpIterations[1] lagIterations[19] sspIterations[33] numSeparations[19] numCuts[0] compileTime[80] sspSolveTime[36] lpSolveTime[0] lb[2966.11] ub[3870.9] size: [206047] time: [153]
STATS - lpIterations[1] lagIterations[20] sspIterations[52] numSeparations[21] numCuts[0] compileTime[80] sspSolveTime[64] lpSolveTime[0] lb[2973.88] ub[3870.9] size: [206059] time: [183]
STATS - lpIterations[1] lagIterations[20] sspIterations[52] numSeparations[21] numCuts[0] compileTime[80] sspSolveTime[64] lpSolveTime[0] lb[3036.04] ub[3870.9] size: [206059] time: [188]
STATS - lpIterations[1] lagIterations[21] sspIterations[64] numSeparations[40] numCuts[0] compileTime[80] sspSolveTime[76] lpSolveTime[0] lb[3047.28] ub[3870.9] size: [206222] time: [205]
STATS - lpIterations[1] lagIterations[22] sspIterations[67] numSeparations[52] numCuts[0] compileTime[80] sspSolveTime[81] lpSolveTime[0] lb[3056.51] ub[3870.9] size: [206279] time: [210]
STATS - lpIterations[1] lagIterations[22] sspIterations[67] numSeparations[52] numCuts[0] compileTime[80] sspSolveTime[81] lpSolveTime[0] lb[3058.12] ub[3870.9] size: [206279] time: [212]
STATS - lpIterations[1] lagIterations[23] sspIterations[81] numSeparations[55] numCuts[0] compileTime[80] sspSolveTime[91] lpSolveTime[0] lb[3067.86] ub[3870.9] size: [206297] time: [223]
STATS - lpIterations[1] lagIterations[23] sspIterations[81] numSeparations[55] numCuts[0] compileTime[80] sspSolveTime[91] lpSolveTime[0] lb[3109.73] ub[3870.9] size: [206297] time: [227]
STATS - lpIterations[1] lagIterations[24] sspIterations[87] numSeparations[69] numCuts[0] compileTime[80] sspSolveTime[97] lpSolveTime[0] lb[3116.61] ub[3870.9] size: [206390] time: [234]
STATS - lpIterations[1] lagIterations[24] sspIterations[87] numSeparations[69] numCuts[0] compileTime[80] sspSolveTime[97] lpSolveTime[0] lb[3117.39] ub[3870.9] size: [206390] time: [237]
STATS - lpIterations[1] lagIterations[25] sspIterations[108] numSeparations[75] numCuts[0] compileTime[80] sspSolveTime[125] lpSolveTime[0] lb[3155.3] ub[3870.9] size: [206420] time: [271]
STATS - lpIterations[1] lagIterations[26] sspIterations[112] numSeparations[96] numCuts[0] compileTime[80] sspSolveTime[130] lpSolveTime[0] lb[3161.06] ub[3870.9] size: [206517] time: [277]
STATS - lpIterations[1] lagIterations[26] sspIterations[112] numSeparations[96] numCuts[0] compileTime[80] sspSolveTime[130] lpSolveTime[0] lb[3163.94] ub[3870.9] size: [206517] time: [281]
STATS - lpIterations[1] lagIterations[27] sspIterations[137] numSeparations[100] numCuts[0] compileTime[80] sspSolveTime[161] lpSolveTime[0] lb[3214.57] ub[3870.9] size: [206535] time: [318]
STATS - lpIterations[1] lagIterations[28] sspIterations[149] numSeparations[125] numCuts[0] compileTime[80] sspSolveTime[172] lpSolveTime[0] lb[3214.66] ub[3870.9] size: [206663] time: [331]
STATS - lpIterations[1] lagIterations[28] sspIterations[149] numSeparations[125] numCuts[0] compileTime[80] sspSolveTime[172] lpSolveTime[0] lb[3222.26] ub[3870.9] size: [206663] time: [337]
STATS - lpIterations[1] lagIterations[29] sspIterations[155] numSeparations[137] numCuts[0] compileTime[80] sspSolveTime[179] lpSolveTime[0] lb[3222.47] ub[3870.9] size: [206724] time: [347]
STATS - lpIterations[1] lagIterations[30] sspIterations[164] numSeparations[143] numCuts[0] compileTime[80] sspSolveTime[192] lpSolveTime[0] lb[3249.26] ub[3870.9] size: [206739] time: [362]
STATS - lpIterations[1] lagIterations[30] sspIterations[164] numSeparations[143] numCuts[0] compileTime[80] sspSolveTime[192] lpSolveTime[0] lb[3257.28] ub[3870.9] size: [206739] time: [366]
STATS - lpIterations[1] lagIterations[31] sspIterations[177] numSeparations[152] numCuts[0] compileTime[80] sspSolveTime[205] lpSolveTime[0] lb[3262.29] ub[3870.9] size: [206787] time: [384]
STATS - lpIterations[1] lagIterations[32] sspIterations[182] numSeparations[165] numCuts[0] compileTime[80] sspSolveTime[209] lpSolveTime[0] lb[3269.08] ub[3870.9] size: [206881] time: [390]
STATS - lpIterations[1] lagIterations[32] sspIterations[182] numSeparations[165] numCuts[0] compileTime[80] sspSolveTime[209] lpSolveTime[0] lb[3271.06] ub[3870.9] size: [206881] time: [392]
STATS - lpIterations[1] lagIterations[33] sspIterations[204] numSeparations[170] numCuts[0] compileTime[80] sspSolveTime[232] lpSolveTime[0] lb[3311.32] ub[3870.9] size: [206901] time: [421]
STATS - lpIterations[1] lagIterations[34] sspIterations[212] numSeparations[192] numCuts[0] compileTime[80] sspSolveTime[242] lpSolveTime[0] lb[3314.58] ub[3870.9] size: [207026] time: [432]
STATS - lpIterations[1] lagIterations[34] sspIterations[212] numSeparations[192] numCuts[0] compileTime[80] sspSolveTime[242] lpSolveTime[0] lb[3318.58] ub[3870.9] size: [207026] time: [436]
STATS - lpIterations[1] lagIterations[35] sspIterations[230] numSeparations[200] numCuts[0] compileTime[80] sspSolveTime[269] lpSolveTime[0] lb[3330.51] ub[3870.9] size: [207050] time: [470]
STATS - lpIterations[1] lagIterations[36] sspIterations[240] numSeparations[218] numCuts[0] compileTime[80] sspSolveTime[283] lpSolveTime[0] lb[3332.68] ub[3870.9] size: [207194] time: [486]
STATS - lpIterations[1] lagIterations[36] sspIterations[240] numSeparations[218] numCuts[0] compileTime[80] sspSolveTime[283] lpSolveTime[0] lb[3336.11] ub[3870.9] size: [207194] time: [490]
STATS - lpIterations[1] lagIterations[37] sspIterations[252] numSeparations[228] numCuts[0] compileTime[80] sspSolveTime[300] lpSolveTime[0] lb[3352.98] ub[3870.9] size: [207232] time: [513]
STATS - lpIterations[1] lagIterations[38] sspIterations[259] numSeparations[240] numCuts[0] compileTime[80] sspSolveTime[306] lpSolveTime[0] lb[3352.99] ub[3870.9] size: [207278] time: [520]
STATS - lpIterations[1] lagIterations[38] sspIterations[259] numSeparations[240] numCuts[0] compileTime[80] sspSolveTime[306] lpSolveTime[0] lb[3354.85] ub[3870.9] size: [207278] time: [523]
STATS - lpIterations[1] lagIterations[39] sspIterations[280] numSeparations[247] numCuts[0] compileTime[80] sspSolveTime[331] lpSolveTime[0] lb[3376.68] ub[3870.9] size: [207303] time: [555]
STATS - lpIterations[1] lagIterations[40] sspIterations[286] numSeparations[268] numCuts[0] compileTime[80] sspSolveTime[336] lpSolveTime[0] lb[3379.64] ub[3870.9] size: [207395] time: [561]
STATS - lpIterations[1] lagIterations[40] sspIterations[286] numSeparations[268] numCuts[0] compileTime[80] sspSolveTime[336] lpSolveTime[0] lb[3383.37] ub[3870.9] size: [207395] time: [565]
STATS - lpIterations[1] lagIterations[41] sspIterations[303] numSeparations[274] numCuts[0] compileTime[80] sspSolveTime[353] lpSolveTime[0] lb[3403.08] ub[3870.9] size: [207420] time: [589]
STATS - lpIterations[1] lagIterations[43] sspIterations[326] numSeparations[299] numCuts[0] compileTime[80] sspSolveTime[386] lpSolveTime[0] lb[3404.8] ub[3870.9] size: [207551] time: [635]
STATS - lpIterations[1] lagIterations[44] sspIterations[335] numSeparations[314] numCuts[0] compileTime[80] sspSolveTime[397] lpSolveTime[0] lb[3409.45] ub[3870.9] size: [207630] time: [651]
STATS - lpIterations[1] lagIterations[45] sspIterations[342] numSeparations[323] numCuts[0] compileTime[80] sspSolveTime[404] lpSolveTime[0] lb[3418.08] ub[3870.9] size: [207686] time: [659]
STATS - lpIterations[1] lagIterations[45] sspIterations[342] numSeparations[323] numCuts[0] compileTime[80] sspSolveTime[404] lpSolveTime[0] lb[3419.8] ub[3870.9] size: [207686] time: [664]
STATS - lpIterations[1] lagIterations[46] sspIterations[367] numSeparations[330] numCuts[0] compileTime[80] sspSolveTime[448] lpSolveTime[0] lb[3442.62] ub[3870.9] size: [207719] time: [716]
STATS - lpIterations[1] lagIterations[47] sspIterations[379] numSeparations[355] numCuts[0] compileTime[80] sspSolveTime[464] lpSolveTime[0] lb[3447.53] ub[3870.9] size: [207840] time: [739]
STATS - lpIterations[1] lagIterations[50] sspIterations[435] numSeparations[388] numCuts[0] compileTime[80] sspSolveTime[552] lpSolveTime[0] lb[3474.25] ub[3870.9] size: [207978] time: [845]
STATS - lpIterations[1] lagIterations[51] sspIterations[447] numSeparations[423] numCuts[0] compileTime[80] sspSolveTime[572] lpSolveTime[0] lb[3478.1] ub[3870.9] size: [208117] time: [872]
STATS - lpIterations[1] lagIterations[54] sspIterations[506] numSeparations[461] numCuts[0] compileTime[80] sspSolveTime[679] lpSolveTime[0] lb[3497.28] ub[3870.9] size: [208301] time: [999]
STATS - lpIterations[1] lagIterations[55] sspIterations[525] numSeparations[494] numCuts[0] compileTime[80] sspSolveTime[703] lpSolveTime[0] lb[3500.84] ub[3870.9] size: [208456] time: [1031]
STATS - lpIterations[1] lagIterations[59] sspIterations[574] numSeparations[545] numCuts[0] compileTime[80] sspSolveTime[769] lpSolveTime[0] lb[3511.51] ub[3870.9] size: [208672] time: [1123]
STATS - lpIterations[1] lagIterations[60] sspIterations[585] numSeparations[562] numCuts[0] compileTime[80] sspSolveTime[784] lpSolveTime[0] lb[3514.88] ub[3870.9] size: [208745] time: [1140]
STATS - lpIterations[1] lagIterations[60] sspIterations[585] numSeparations[562] numCuts[0] compileTime[80] sspSolveTime[784] lpSolveTime[0] lb[3518.34] ub[3870.9] size: [208745] time: [1145]
STATS - lpIterations[1] lagIterations[63] sspIterations[624] numSeparations[596] numCuts[0] compileTime[80] sspSolveTime[843] lpSolveTime[0] lb[3523.46] ub[3870.9] size: [208884] time: [1223]
STATS - lpIterations[1] lagIterations[64] sspIterations[630] numSeparations[612] numCuts[0] compileTime[80] sspSolveTime[854] lpSolveTime[0] lb[3524.74] ub[3870.9] size: [208958] time: [1235]
STATS - lpIterations[1] lagIterations[64] sspIterations[630] numSeparations[612] numCuts[0] compileTime[80] sspSolveTime[854] lpSolveTime[0] lb[3524.86] ub[3870.9] size: [208958] time: [1240]
STATS - lpIterations[1] lagIterations[65] sspIterations[658] numSeparations[618] numCuts[0] compileTime[80] sspSolveTime[894] lpSolveTime[0] lb[3549.24] ub[3870.9] size: [208971] time: [1288]
STATS - lpIterations[1] lagIterations[66] sspIterations[674] numSeparations[646] numCuts[0] compileTime[80] sspSolveTime[919] lpSolveTime[0] lb[3551.6] ub[3870.9] size: [209101] time: [1321]
STATS - lpIterations[1] lagIterations[71] sspIterations[730] numSeparations[706] numCuts[0] compileTime[80] sspSolveTime[996] lpSolveTime[0] lb[3552.94] ub[3870.9] size: [209348] time: [1427]
STATS - lpIterations[1] lagIterations[72] sspIterations[735] numSeparations[718] numCuts[0] compileTime[80] sspSolveTime[1004] lpSolveTime[0] lb[3555.24] ub[3870.9] size: [209385] time: [1439]
STATS - lpIterations[1] lagIterations[73] sspIterations[767] numSeparations[723] numCuts[0] compileTime[80] sspSolveTime[1062] lpSolveTime[0] lb[3573.26] ub[3870.9] size: [209402] time: [1508]
STATS - lpIterations[1] lagIterations[74] sspIterations[784] numSeparations[755] numCuts[0] compileTime[80] sspSolveTime[1085] lpSolveTime[0] lb[3576.18] ub[3870.9] size: [209548] time: [1540]
STATS - lpIterations[1] lagIterations[77] sspIterations[817] numSeparations[790] numCuts[0] compileTime[80] sspSolveTime[1125] lpSolveTime[0] lb[3579.66] ub[3870.9] size: [209659] time: [1599]
STATS - lpIterations[1] lagIterations[81] sspIterations[884] numSeparations[832] numCuts[0] compileTime[80] sspSolveTime[1216] lpSolveTime[0] lb[3605.58] ub[3870.9] size: [209837] time: [1721]
STATS - lpIterations[1] lagIterations[85] sspIterations[955] numSeparations[932] numCuts[0] compileTime[80] sspSolveTime[1298] lpSolveTime[0] lb[3605.93] ub[3870.9] size: [210306] time: [1838]
STATS - lpIterations[1] lagIterations[90] sspIterations[1059] numSeparations[1007] numCuts[0] compileTime[80] sspSolveTime[1444] lpSolveTime[0] lb[3618.36] ub[3870.9] size: [210615] time: [2030]
STATS - lpIterations[1] lagIterations[91] sspIterations[1084] numSeparations[1047] numCuts[0] compileTime[80] sspSolveTime[1489] lpSolveTime[0] lb[3621.81] ub[3870.9] size: [210853] time: [2088]
STATS - lpIterations[1] lagIterations[99] sspIterations[1220] numSeparations[1171] numCuts[0] compileTime[80] sspSolveTime[1671] lpSolveTime[0] lb[3639.68] ub[3870.9] size: [211346] time: [2340]
STATS - lpIterations[1] lagIterations[100] sspIterations[1241] numSeparations[1208] numCuts[0] compileTime[80] sspSolveTime[1699] lpSolveTime[0] lb[3642.81] ub[3870.9] size: [211453] time: [2380]
STATS - lpIterations[1] lagIterations[110] sspIterations[1407] numSeparations[1359] numCuts[0] compileTime[80] sspSolveTime[1952] lpSolveTime[0] lb[3649.17] ub[3870.9] size: [211985] time: [2730]
STATS - lpIterations[1] lagIterations[111] sspIterations[1424] numSeparations[1395] numCuts[0] compileTime[80] sspSolveTime[1976] lpSolveTime[0] lb[3649.38] ub[3870.9] size: [212123] time: [2764]
STATS - lpIterations[1] lagIterations[115] sspIterations[1488] numSeparations[1442] numCuts[0] compileTime[80] sspSolveTime[2084] lpSolveTime[0] lb[3651.68] ub[3870.9] size: [212286] time: [2909]
STATS - lpIterations[1] lagIterations[116] sspIterations[1506] numSeparations[1476] numCuts[0] compileTime[80] sspSolveTime[2113] lpSolveTime[0] lb[3652.91] ub[3870.9] size: [212423] time: [2950]
STATS - lpIterations[1] lagIterations[122] sspIterations[1569] numSeparations[1549] numCuts[0] compileTime[80] sspSolveTime[2205] lpSolveTime[0] lb[3653.69] ub[3870.9] size: [212690] time: [3091]
STATS - lpIterations[1] lagIterations[122] sspIterations[1569] numSeparations[1549] numCuts[0] compileTime[80] sspSolveTime[2205] lpSolveTime[0] lb[3654.71] ub[3870.9] size: [212690] time: [3097]
STATS - lpIterations[1] lagIterations[123] sspIterations[1593] numSeparations[1557] numCuts[0] compileTime[80] sspSolveTime[2241] lpSolveTime[0] lb[3658.19] ub[3870.9] size: [212727] time: [3144]
STATS - lpIterations[1] lagIterations[124] sspIterations[1600] numSeparations[1581] numCuts[0] compileTime[80] sspSolveTime[2251] lpSolveTime[0] lb[3659.1] ub[3870.9] size: [212800] time: [3158]
STATS - lpIterations[1] lagIterations[124] sspIterations[1600] numSeparations[1581] numCuts[0] compileTime[80] sspSolveTime[2251] lpSolveTime[0] lb[3660.22] ub[3870.9] size: [212800] time: [3164]
STATS - lpIterations[1] lagIterations[125] sspIterations[1633] numSeparations[1588] numCuts[0] compileTime[80] sspSolveTime[2304] lpSolveTime[0] lb[3668.21] ub[3870.9] size: [212820] time: [3232]
STATS - lpIterations[1] lagIterations[126] sspIterations[1648] numSeparations[1621] numCuts[0] compileTime[80] sspSolveTime[2322] lpSolveTime[0] lb[3670.53] ub[3870.9] size: [212930] time: [3264]
STATS - lpIterations[1] lagIterations[133] sspIterations[1749] numSeparations[1704] numCuts[0] compileTime[80] sspSolveTime[2466] lpSolveTime[0] lb[3677.55] ub[3870.9] size: [213185] time: [3487]
STATS - lpIterations[1] lagIterations[134] sspIterations[1763] numSeparations[1737] numCuts[0] compileTime[80] sspSolveTime[2481] lpSolveTime[0] lb[3678.91] ub[3870.9] size: [213315] time: [3517]
