relax capacity constraint
hgs upper bound: 7123.9
compiling dd
time step mult: 10
time step: 900
cap step: 10
start compiling DD
add terminal node arcs
done compiling dd
changing solve type to LAG
STATS - lpIterations[1] lagIterations[0] sspIterations[0] numSeparations[0] numCuts[0] compileTime[743] sspSolveTime[0] lpSolveTime[0] lb[0] ub[7123.9] size: [481971] time: [743]
STATS - lpIterations[1] lagIterations[1] sspIterations[1] numSeparations[0] numCuts[0] compileTime[743] sspSolveTime[3] lpSolveTime[0] lb[3578.24] ub[7123.9] size: [481971] time: [746]
STATS - lpIterations[1] lagIterations[2] sspIterations[2] numSeparations[0] numCuts[0] compileTime[743] sspSolveTime[7] lpSolveTime[0] lb[3755.38] ub[7123.9] size: [481971] time: [757]
STATS - lpIterations[1] lagIterations[3] sspIterations[3] numSeparations[0] numCuts[0] compileTime[743] sspSolveTime[12] lpSolveTime[0] lb[3933.02] ub[7123.9] size: [481971] time: [768]
STATS - lpIterations[1] lagIterations[4] sspIterations[4] numSeparations[1] numCuts[0] compileTime[743] sspSolveTime[16] lpSolveTime[0] lb[4112.7] ub[7123.9] size: [481976] time: [778]
STATS - lpIterations[1] lagIterations[5] sspIterations[5] numSeparations[1] numCuts[0] compileTime[743] sspSolveTime[21] lpSolveTime[0] lb[4305.66] ub[7123.9] size: [481976] time: [790]
STATS - lpIterations[1] lagIterations[6] sspIterations[6] numSeparations[2] numCuts[0] compileTime[743] sspSolveTime[26] lpSolveTime[0] lb[4500.71] ub[7123.9] size: [481978] time: [801]
STATS - lpIterations[1] lagIterations[7] sspIterations[7] numSeparations[3] numCuts[0] compileTime[743] sspSolveTime[32] lpSolveTime[0] lb[4685.24] ub[7123.9] size: [481988] time: [813]
STATS - lpIterations[1] lagIterations[7] sspIterations[7] numSeparations[3] numCuts[0] compileTime[743] sspSolveTime[32] lpSolveTime[0] lb[4685.42] ub[7123.9] size: [481988] time: [819]
STATS - lpIterations[1] lagIterations[8] sspIterations[9] numSeparations[4] numCuts[0] compileTime[743] sspSolveTime[39] lpSolveTime[0] lb[4888.76] ub[7123.9] size: [482010] time: [830]
STATS - lpIterations[1] lagIterations[8] sspIterations[9] numSeparations[4] numCuts[0] compileTime[743] sspSolveTime[39] lpSolveTime[0] lb[4890.3] ub[7123.9] size: [482010] time: [836]
STATS - lpIterations[1] lagIterations[9] sspIterations[17] numSeparations[6] numCuts[0] compileTime[743] sspSolveTime[62] lpSolveTime[0] lb[5032] ub[7123.9] size: [482027] time: [864]
STATS - lpIterations[1] lagIterations[9] sspIterations[17] numSeparations[6] numCuts[0] compileTime[743] sspSolveTime[62] lpSolveTime[0] lb[5048.4] ub[7123.9] size: [482027] time: [875]
STATS - lpIterations[1] lagIterations[10] sspIterations[20] numSeparations[14] numCuts[0] compileTime[743] sspSolveTime[75] lpSolveTime[0] lb[5097.51] ub[7123.9] size: [482131] time: [892]
STATS - lpIterations[1] lagIterations[10] sspIterations[20] numSeparations[14] numCuts[0] compileTime[743] sspSolveTime[75] lpSolveTime[0] lb[5100.59] ub[7123.9] size: [482131] time: [900]
STATS - lpIterations[1] lagIterations[11] sspIterations[28] numSeparations[17] numCuts[0] compileTime[743] sspSolveTime[92] lpSolveTime[0] lb[5199.65] ub[7123.9] size: [482154] time: [922]
STATS - lpIterations[1] lagIterations[11] sspIterations[28] numSeparations[17] numCuts[0] compileTime[743] sspSolveTime[92] lpSolveTime[0] lb[5223.72] ub[7123.9] size: [482154] time: [930]
STATS - lpIterations[1] lagIterations[12] sspIterations[29] numSeparations[25] numCuts[0] compileTime[743] sspSolveTime[96] lpSolveTime[0] lb[5264.92] ub[7123.9] size: [482212] time: [939]
STATS - lpIterations[1] lagIterations[12] sspIterations[29] numSeparations[25] numCuts[0] compileTime[743] sspSolveTime[96] lpSolveTime[0] lb[5265.17] ub[7123.9] size: [482212] time: [944]
STATS - lpIterations[1] lagIterations[13] sspIterations[54] numSeparations[26] numCuts[0] compileTime[743] sspSolveTime[139] lpSolveTime[0] lb[5319.77] ub[7123.9] size: [482219] time: [991]
STATS - lpIterations[1] lagIterations[13] sspIterations[54] numSeparations[26] numCuts[0] compileTime[743] sspSolveTime[139] lpSolveTime[0] lb[5439.2] ub[7123.9] size: [482219] time: [1013]
STATS - lpIterations[1] lagIterations[14] sspIterations[65] numSeparations[51] numCuts[0] compileTime[743] sspSolveTime[160] lpSolveTime[0] lb[5442.2] ub[7123.9] size: [482427] time: [1040]
STATS - lpIterations[1] lagIterations[14] sspIterations[65] numSeparations[51] numCuts[0] compileTime[743] sspSolveTime[160] lpSolveTime[0] lb[5459.69] ub[7123.9] size: [482427] time: [1052]
STATS - lpIterations[1] lagIterations[15] sspIterations[72] numSeparations[62] numCuts[0] compileTime[743] sspSolveTime[179] lpSolveTime[0] lb[5488.38] ub[7123.9] size: [482508] time: [1075]
STATS - lpIterations[1] lagIterations[15] sspIterations[72] numSeparations[62] numCuts[0] compileTime[743] sspSolveTime[179] lpSolveTime[0] lb[5491.98] ub[7123.9] size: [482508] time: [1093]
STATS - lpIterations[1] lagIterations[16] sspIterations[90] numSeparations[69] numCuts[0] compileTime[743] sspSolveTime[215] lpSolveTime[0] lb[5535.58] ub[7123.9] size: [482556] time: [1134]
STATS - lpIterations[1] lagIterations[16] sspIterations[90] numSeparations[69] numCuts[0] compileTime[743] sspSolveTime[215] lpSolveTime[0] lb[5589.5] ub[7123.9] size: [482556] time: [1154]
STATS - lpIterations[1] lagIterations[17] sspIterations[95] numSeparations[87] numCuts[0] compileTime[743] sspSolveTime[230] lpSolveTime[0] lb[5604.24] ub[7123.9] size: [482754] time: [1173]
STATS - lpIterations[1] lagIterations[17] sspIterations[95] numSeparations[87] numCuts[0] compileTime[743] sspSolveTime[230] lpSolveTime[0] lb[5605.17] ub[7123.9] size: [482754] time: [1186]
STATS - lpIterations[1] lagIterations[18] sspIterations[131] numSeparations[92] numCuts[0] compileTime[743] sspSolveTime[308] lpSolveTime[0] lb[5724.08] ub[7123.9] size: [482783] time: [1292]
STATS - lpIterations[1] lagIterations[19] sspIterations[147] numSeparations[128] numCuts[0] compileTime[743] sspSolveTime[334] lpSolveTime[0] lb[5739.39] ub[7123.9] size: [483094] time: [1349]
STATS - lpIterations[1] lagIterations[20] sspIterations[150] numSeparations[144] numCuts[0] compileTime[743] sspSolveTime[342] lpSolveTime[0] lb[5761.94] ub[7123.9] size: [483222] time: [1363]
STATS - lpIterations[1] lagIterations[20] sspIterations[150] numSeparations[144] numCuts[0] compileTime[743] sspSolveTime[342] lpSolveTime[0] lb[5762.31] ub[7123.9] size: [483222] time: [1372]
STATS - lpIterations[1] lagIterations[21] sspIterations[203] numSeparations[147] numCuts[0] compileTime[743] sspSolveTime[484] lpSolveTime[0] lb[5864.85] ub[7123.9] size: [483236] time: [1550]
STATS - lpIterations[1] lagIterations[22] sspIterations[228] numSeparations[200] numCuts[0] compileTime[743] sspSolveTime[542] lpSolveTime[0] lb[5878.51] ub[7123.9] size: [483708] time: [1645]
STATS - lpIterations[1] lagIterations[24] sspIterations[288] numSeparations[229] numCuts[0] compileTime[743] sspSolveTime[696] lpSolveTime[0] lb[5977.01] ub[7123.9] size: [483896] time: [1856]
STATS - lpIterations[1] lagIterations[25] sspIterations[320] numSeparations[285] numCuts[0] compileTime[743] sspSolveTime[781] lpSolveTime[0] lb[5990.06] ub[7123.9] size: [484287] time: [1981]
STATS - lpIterations[1] lagIterations[26] sspIterations[325] numSeparations[317] numCuts[0] compileTime[743] sspSolveTime[789] lpSolveTime[0] lb[5991.79] ub[7123.9] size: [484466] time: [1994]
STATS - lpIterations[1] lagIterations[26] sspIterations[325] numSeparations[317] numCuts[0] compileTime[743] sspSolveTime[789] lpSolveTime[0] lb[5992.54] ub[7123.9] size: [484466] time: [2007]
STATS - lpIterations[1] lagIterations[27] sspIterations[383] numSeparations[322] numCuts[0] compileTime[743] sspSolveTime[949] lpSolveTime[0] lb[6057.25] ub[7123.9] size: [484502] time: [2212]
STATS - lpIterations[1] lagIterations[28] sspIterations[409] numSeparations[380] numCuts[0] compileTime[743] sspSolveTime[1021] lpSolveTime[0] lb[6069.74] ub[7123.9] size: [484888] time: [2325]
STATS - lpIterations[1] lagIterations[30] sspIterations[436] numSeparations[417] numCuts[0] compileTime[743] sspSolveTime[1083] lpSolveTime[0] lb[6076.07] ub[7123.9] size: [485087] time: [2411]
STATS - lpIterations[1] lagIterations[30] sspIterations[436] numSeparations[417] numCuts[0] compileTime[743] sspSolveTime[1083] lpSolveTime[0] lb[6090.91] ub[7123.9] size: [485087] time: [2432]
STATS - lpIterations[1] lagIterations[31] sspIterations[446] numSeparations[433] numCuts[0] compileTime[743] sspSolveTime[1112] lpSolveTime[0] lb[6091.49] ub[7123.9] size: [485189] time: [2482]
STATS - lpIterations[1] lagIterations[32] sspIterations[467] numSeparations[443] numCuts[0] compileTime[743] sspSolveTime[1175] lpSolveTime[0] lb[6120.74] ub[7123.9] size: [485262] time: [2578]
STATS - lpIterations[1] lagIterations[33] sspIterations[476] numSeparations[464] numCuts[0] compileTime[743] sspSolveTime[1197] lpSolveTime[0] lb[6125.34] ub[7123.9] size: [485398] time: [2622]
STATS - lpIterations[1] lagIterations[34] sspIterations[500] numSeparations[473] numCuts[0] compileTime[743] sspSolveTime[1251] lpSolveTime[0] lb[6160.56] ub[7123.9] size: [485431] time: [2707]
STATS - lpIterations[1] lagIterations[35] sspIterations[501] numSeparations[497] numCuts[0] compileTime[743] sspSolveTime[1255] lpSolveTime[0] lb[6168.45] ub[7123.9] size: [485576] time: [2716]
STATS - lpIterations[1] lagIterations[36] sspIterations[565] numSeparations[498] numCuts[0] compileTime[743] sspSolveTime[1469] lpSolveTime[0] lb[6236.56] ub[7123.9] size: [485579] time: [2984]
STATS - lpIterations[1] lagIterations[37] sspIterations[600] numSeparations[562] numCuts[0] compileTime[743] sspSolveTime[1608] lpSolveTime[0] lb[6244.37] ub[7123.9] size: [485985] time: [3171]
STATS - lpIterations[1] lagIterations[38] sspIterations[613] numSeparations[597] numCuts[0] compileTime[743] sspSolveTime[1637] lpSolveTime[0] lb[6246.36] ub[7123.9] size: [486229] time: [3228]
STATS - lpIterations[1] lagIterations[40] sspIterations[660] numSeparations[646] numCuts[0] compileTime[743] sspSolveTime[1805] lpSolveTime[0] lb[6249.41] ub[7123.9] size: [486482] time: [3467]
