flexible number of vehicles
capacity: 267
instance upper bound: 95151
route length upper bound: 289
compiling DD
time step mult: 1
time step: 10
cap step: 1
done compiling DD
batch size for lag: 1
deactivate cut value threshold: 0.01
deactivate cut iter threshold: 25
lag optimality gap to start repairing: 25
percent arcs fixed to change to CPLEX: 97.5
number arcs fixed to change to CPLEX: 100000
kappa iterations: 10
var fixing: 1
muSSP: 1
repairDuals: 1
robustCuts: 1
nonRobustCuts: 1
volume algo: 1
phases: 1
STATS - lpIterations[0] lagIterations[0] sspIterations[0] numSeparations[0] numCuts[0] compileTime[380] sspSolveTime[0] lpSolveTime[0] lb[0] ub[95151] numArcs: [21396517] numFixed: [0] time: [380]
STATS1 - lpIterations[0] lagIterations[0] sspIterations[0] numSeparations[0] numCuts[0] compileTime[380] sspSolveTime[0] lpSolveTime[0] repairTime[0] cutsTime[0] lb[0] ub[95151] numArcs: [21396517] numFixed: [0] time: [380]
STATS - lpIterations[1] lagIterations[0] sspIterations[0] numSeparations[0] numCuts[0] compileTime[380] sspSolveTime[0] lpSolveTime[0] lb[0] ub[95151] numArcs: [21396517] numFixed: [0] time: [380]
STATS1 - lpIterations[1] lagIterations[0] sspIterations[0] numSeparations[0] numCuts[0] compileTime[380] sspSolveTime[0] lpSolveTime[0] repairTime[0] cutsTime[0] lb[0] ub[95151] numArcs: [21396517] numFixed: [0] time: [380]
STATS - lpIterations[1] lagIterations[1] sspIterations[1] numSeparations[0] numCuts[0] compileTime[380] sspSolveTime[6] lpSolveTime[0] lb[85724.6] ub[95151] numArcs: [21396517] numFixed: [0] time: [387]
STATS1 - lpIterations[1] lagIterations[1] sspIterations[1] numSeparations[0] numCuts[0] compileTime[380] sspSolveTime[6] lpSolveTime[0] repairTime[0] cutsTime[0] lb[85724.6] ub[95151] numArcs: [21396517] numFixed: [0] time: [387]
lambda: 0,201.775,31.9101,432.667,200.067,78.4195,691.768,177.573,79.5581,617.73,134.809,590.292,136.809,499.393,265.573,157.333,200.929,198.09,626.27,186.037,227.528,117.438,268.307,161.918,264.27,73.4382,239.401,689.333,547.753,148.315,202.607,286.022,139.191,734.322,166.569,620.285,336.449,212.854,253.948,17.1685,226.757,412.09,420.135,516.217,139.91,176.18,359.865,127.64,71.573,6.30712,229.139,123.281,110.157,96.1348,367.041,300.839,331.708,16.4494,35.633,750.09,263.73,639.071,87.2734,30.3745,739.236,697.154,132.824,239.775,229.438,180.015,767.94,21.1236,193.281,367.199,147.655,466.442,686.367,88.3221,123.82,416,285.303,130.517,57.8427,107.476,82.7865,265.169,640.749,216.742,308.959,55.1236,185.281,168.674,105.288,442.022,248.21,416.292,500.727,692.884,36.5468,53.7828,116.809,168.914,639.775,464.045,10.5169,104.12,516.689,172,354.157,110.202,323.191,47.2434,123.251,627.775,260.375,110.674,153.161,303.416,62.7041,313.438,405.213,545.633,181.318,248.067,515.356,298.262,366.202,85.1236,211.67,176.36,212.517,159.311,224.494,16.5993,210.067,238.787,233.236,118.052,164.434,372.09,98.9363,17.7753,189.843,154.607,145.663,192.734,186.809,110.742,643.835,934.831,156.674,20.6442,644.944,613.64,422.022,767.685,155.843,747.296,692.899,102.472,205.124,71.7303,124.255,4.95131,231.865,140.464,306.891,186.067,128.09,213.348,263.67,178.487,589.783,27.8652,645.61,173.91,759.805,187.461,581.67,188.09,19.3633,122.539,379.251,815.251,860.899,197.154,516.105,839.176,301.708,196.315,204.816,162.966,111.423,143.341,161.468,181.82,777.708,819.476,465.618,202.936,680.667,185.393,146.831,151.011,313.558,182.292,205.341,177.933,248.854,311.461,232,152.202,190.112,253.041,102.742,595.85,605.618,110.045,125.124,440.412,74.4569,267.865,248.779,273.618,50.3446,445.393,177.708,89.3783,970.787,896.719,819.97,18.8165,754,101.963,357.303,227.745,42.2697,122.142,830.831,167.139,183.371,336.472,193.73,744.989,128.464,231.348,152.36,423.176,87.6404,148.352,70.2622,704.09,902.472,188.03,184.569,268.045,600,111.64,27.5056,78.5393,63.2809,661.955,603.745,110.427,193.798,575.131,579.91,261.663,634.831,696.652,163.918,256.929,158.337,844.906,507.206,115.333,53.8427,596.187,40.3745,524.629,604.749,232.809,107.109,258.202,277.378,110.562,116.854,185.139,846.479,
mu: 
srcDuals: 
best alpha: 1
0:0
1:1
2:1
3:1
4:1
5:1
6:1
7:1
8:1
9:1
10:1
11:1
12:1
13:1
14:1
15:1
16:1
17:1
18:1
19:1
20:1
21:1
22:1
23:1
24:1
25:1
26:1
27:1
28:1
29:1
30:1
31:1
32:1
33:1
34:1
35:1
36:1
37:1
38:1
39:1
40:1
41:1
42:1
43:1
44:1
45:1
46:1
47:1
48:1
49:1
50:1
51:1
52:1
53:1
54:1
55:1
56:1
57:1
58:1
59:1
60:1
61:1
62:1
63:1
64:1
65:1
66:1
67:1
68:1
69:1
70:1
71:1
72:1
73:1
74:1
75:1
76:1
77:1
78:1
79:1
80:1
81:1
82:1
83:1
84:1
85:1
86:1
87:1
88:1
89:1
90:1
91:-1
92:1
93:1
94:1
95:1
96:1
97:1
98:1
99:1
100:1
101:1
102:1
103:1
104:1
105:1
106:1
107:1
108:1
109:1
110:1
111:1
112:1
113:1
114:1
115:1
116:1
117:1
118:1
119:1
120:1
121:1
122:1
123:1
124:1
125:1
126:1
127:1
128:1
129:1
130:1
131:1
132:1
133:1
134:1
135:1
136:1
137:1
138:1
139:1
140:1
141:1
142:1
143:1
144:1
145:1
146:1
147:1
148:1
149:1
150:1
151:1
152:1
153:1
154:1
155:1
156:1
157:1
158:1
159:1
160:1
161:1
162:1
163:1
164:1
165:1
166:1
167:1
168:1
169:1
170:1
171:1
172:1
173:1
174:1
175:1
176:1
177:1
178:1
179:1
180:1
181:1
182:1
183:1
184:1
185:1
186:1
187:1
188:1
189:1
190:1
191:1
192:1
193:1
194:1
195:1
196:1
197:1
198:1
199:1
200:1
201:1
202:1
203:1
204:1
205:1
206:1
207:1
208:1
209:1
210:1
211:1
212:1
213:1
214:1
215:1
216:1
217:1
218:1
219:1
220:1
221:1
222:1
223:1
224:1
225:1
226:1
227:1
228:1
229:1
230:1
231:1
232:1
233:1
234:1
235:1
236:1
237:1
238:1
239:-2
240:1
241:1
242:1
243:1
244:1
245:1
246:1
247:1
248:1
249:1
250:1
251:1
252:1
253:1
254:1
255:1
256:1
257:1
258:1
259:1
260:1
261:1
262:1
263:1
264:1
265:1
266:1
267:1
268:1
269:1
270:1
271:1
272:1
273:1
274:1
275:1
276:1
277:1
278:1
279:1
280:1
281:1
282:1
283:1
284:1
285:1
286:1
287:1
288:1
alpha: 14.7293
lagLB: 85724.6
stepSizeMultiplier: 1
targetLowerBound: 90010.9
||gamma||^2: 291
lambda: 0,201.775,31.9101,432.667,200.067,78.4195,691.768,177.573,79.5581,617.73,134.809,590.292,136.809,499.393,265.573,157.333,200.929,198.09,626.27,186.037,227.528,117.438,268.307,161.918,264.27,73.4382,239.401,689.333,547.753,148.315,202.607,286.022,139.191,734.322,166.569,620.285,336.449,212.854,253.948,17.1685,226.757,412.09,420.135,516.217,139.91,176.18,359.865,127.64,71.573,6.30712,229.139,123.281,110.157,96.1348,367.041,300.839,331.708,16.4494,35.633,750.09,263.73,639.071,87.2734,30.3745,739.236,697.154,132.824,239.775,229.438,180.015,767.94,21.1236,193.281,367.199,147.655,466.442,686.367,88.3221,123.82,416,285.303,130.517,57.8427,107.476,82.7865,265.169,640.749,216.742,308.959,55.1236,185.281,168.674,105.288,442.022,248.21,416.292,500.727,692.884,36.5468,53.7828,116.809,168.914,639.775,464.045,10.5169,104.12,516.689,172,354.157,110.202,323.191,47.2434,123.251,627.775,260.375,110.674,153.161,303.416,62.7041,313.438,405.213,545.633,181.318,248.067,515.356,298.262,366.202,85.1236,211.67,176.36,212.517,159.311,224.494,16.5993,210.067,238.787,233.236,118.052,164.434,372.09,98.9363,17.7753,189.843,154.607,145.663,192.734,186.809,110.742,643.835,934.831,156.674,20.6442,644.944,613.64,422.022,767.685,155.843,747.296,692.899,102.472,205.124,71.7303,124.255,4.95131,231.865,140.464,306.891,186.067,128.09,213.348,263.67,178.487,589.783,27.8652,645.61,173.91,759.805,187.461,581.67,188.09,19.3633,122.539,379.251,815.251,860.899,197.154,516.105,839.176,301.708,196.315,204.816,162.966,111.423,143.341,161.468,181.82,777.708,819.476,465.618,202.936,680.667,185.393,146.831,151.011,313.558,182.292,205.341,177.933,248.854,311.461,232,152.202,190.112,253.041,102.742,595.85,605.618,110.045,125.124,440.412,74.4569,267.865,248.779,273.618,50.3446,445.393,177.708,89.3783,970.787,896.719,819.97,18.8165,754,101.963,357.303,227.745,42.2697,122.142,830.831,167.139,183.371,336.472,193.73,744.989,128.464,231.348,152.36,423.176,87.6404,148.352,70.2622,704.09,902.472,188.03,184.569,268.045,600,111.64,27.5056,78.5393,63.2809,661.955,603.745,110.427,193.798,575.131,579.91,261.663,634.831,696.652,163.918,256.929,158.337,844.906,507.206,115.333,53.8427,596.187,40.3745,524.629,604.749,232.809,107.109,258.202,277.378,110.562,116.854,185.139,846.479,
mu: 
srcDuals: 
lambda: 0,201.775,31.9101,432.667,200.067,78.4195,691.768,177.573,79.5581,617.73,134.809,590.292,136.809,499.393,265.573,157.333,200.929,198.09,626.27,186.037,227.528,117.438,268.307,161.918,264.27,73.4382,239.401,689.333,547.753,148.315,202.607,286.022,139.191,734.322,166.569,620.285,336.449,212.854,253.948,17.1685,226.757,412.09,420.135,516.217,139.91,176.18,359.865,127.64,71.573,6.30712,229.139,123.281,110.157,96.1348,367.041,300.839,331.708,16.4494,35.633,750.09,263.73,639.071,87.2734,30.3745,739.236,697.154,132.824,239.775,229.438,180.015,767.94,21.1236,193.281,367.199,147.655,466.442,686.367,88.3221,123.82,416,285.303,130.517,57.8427,107.476,82.7865,265.169,640.749,216.742,308.959,55.1236,185.281,168.674,105.288,442.022,248.21,416.292,500.727,692.884,36.5468,53.7828,116.809,168.914,639.775,464.045,10.5169,104.12,516.689,172,354.157,110.202,323.191,47.2434,123.251,627.775,260.375,110.674,153.161,303.416,62.7041,313.438,405.213,545.633,181.318,248.067,515.356,298.262,366.202,85.1236,211.67,176.36,212.517,159.311,224.494,16.5993,210.067,238.787,233.236,118.052,164.434,372.09,98.9363,17.7753,189.843,154.607,145.663,192.734,186.809,110.742,643.835,934.831,156.674,20.6442,644.944,613.64,422.022,767.685,155.843,747.296,692.899,102.472,205.124,71.7303,124.255,4.95131,231.865,140.464,306.891,186.067,128.09,213.348,263.67,178.487,589.783,27.8652,645.61,173.91,759.805,187.461,581.67,188.09,19.3633,122.539,379.251,815.251,860.899,197.154,516.105,839.176,301.708,196.315,204.816,162.966,111.423,143.341,161.468,181.82,777.708,819.476,465.618,202.936,680.667,185.393,146.831,151.011,313.558,182.292,205.341,177.933,248.854,311.461,232,152.202,190.112,253.041,102.742,595.85,605.618,110.045,125.124,440.412,74.4569,267.865,248.779,273.618,50.3446,445.393,177.708,89.3783,970.787,896.719,819.97,18.8165,754,101.963,357.303,227.745,42.2697,122.142,830.831,167.139,183.371,336.472,193.73,744.989,128.464,231.348,152.36,423.176,87.6404,148.352,70.2622,704.09,902.472,188.03,184.569,268.045,600,111.64,27.5056,78.5393,63.2809,661.955,603.745,110.427,193.798,575.131,579.91,261.663,634.831,696.652,163.918,256.929,158.337,844.906,507.206,115.333,53.8427,596.187,40.3745,524.629,604.749,232.809,107.109,258.202,277.378,110.562,116.854,185.139,846.479,
mu: 
srcDuals: 
fixing. lower bound used: 85697.4
percent fixed: 3.27156e-05
updating best lambda arc fixing
STATS - lpIterations[1] lagIterations[2] sspIterations[24] numSeparations[0] numCuts[0] compileTime[380] sspSolveTime[242] lpSolveTime[0] lb[89298.6] ub[95151] numArcs: [21396245] numFixed: [7] time: [767]
STATS1 - lpIterations[1] lagIterations[2] sspIterations[24] numSeparations[0] numCuts[0] compileTime[380] sspSolveTime[242] lpSolveTime[0] repairTime[3] cutsTime[0] lb[89298.6] ub[95151] numArcs: [21396245] numFixed: [7] time: [767]
lambda: 0,216.505,46.6394,447.396,214.797,93.1488,706.497,192.302,94.2874,632.46,149.538,605.021,151.538,514.123,280.302,172.063,215.658,212.819,640.999,200.767,242.257,132.168,283.036,176.647,278.999,88.1675,254.13,704.063,562.482,163.044,217.336,300.752,153.92,749.051,181.299,635.014,351.179,227.583,268.677,31.8979,241.486,426.819,434.864,530.947,154.639,190.909,374.594,142.37,86.3024,21.0364,243.868,138.01,124.887,110.864,381.771,315.568,346.437,31.1788,50.3623,764.819,278.46,653.8,102.003,45.1039,753.965,711.883,147.553,254.505,244.168,194.744,782.669,35.8529,208.01,381.928,162.385,481.171,701.096,103.051,138.55,430.729,300.033,145.246,72.572,122.205,97.5158,279.898,655.478,231.471,323.688,69.8529,200.01,153.945,120.018,456.752,262.939,431.021,515.456,707.613,51.2761,68.5121,131.538,183.643,654.505,478.774,25.2462,118.849,531.418,186.729,368.887,124.932,337.92,61.9728,137.98,642.505,275.104,125.403,167.89,318.145,77.4334,328.168,419.943,560.362,196.048,262.797,530.085,312.991,380.932,99.8529,226.4,191.089,227.246,174.04,239.224,31.3286,224.797,253.516,247.965,132.782,179.164,386.819,113.666,32.5046,204.572,169.336,160.392,207.463,201.538,125.471,658.565,949.561,171.403,35.3735,659.673,628.37,436.752,782.415,170.572,762.025,707.628,117.201,219.853,86.4597,138.984,19.6806,246.594,155.194,321.621,200.797,142.819,228.078,278.4,193.216,604.512,42.5945,660.34,188.639,774.535,202.19,596.4,202.819,34.0926,137.269,393.98,829.98,875.628,211.883,530.834,853.905,316.437,211.044,219.546,177.696,126.153,158.07,176.197,196.55,792.437,834.205,480.347,217.666,695.396,200.123,161.561,165.741,328.287,197.021,220.07,192.662,263.583,326.19,246.729,166.932,204.842,267.771,117.471,610.58,620.347,124.774,139.853,455.141,89.1862,282.594,263.508,288.347,65.0739,460.123,192.437,104.108,985.516,911.448,834.699,33.5458,768.729,116.692,372.033,242.475,56.999,136.872,845.561,137.68,198.1,351.201,208.46,759.718,143.194,246.078,167.089,437.905,102.37,163.081,84.9915,718.819,917.201,202.759,199.299,282.774,614.729,126.37,42.2349,93.2686,78.0102,676.684,618.475,125.156,208.527,589.86,594.639,276.392,649.561,711.381,178.647,271.658,173.066,859.636,521.935,130.063,68.572,610.917,55.1039,539.359,619.478,247.538,121.838,272.932,292.108,125.291,131.583,199.868,861.209,
mu: 
srcDuals: 
best alpha: 0.05
0:0
1:1
2:1
3:1
4:1
5:1
6:1
7:1
8:1
9:1
10:1
11:1
12:1
13:1
14:1
15:1
16:1
17:0.9
18:1
19:1
20:1
21:1
22:1
23:1
24:1
25:1
26:1
27:1
28:1
29:1
30:1
31:1
32:1
33:1
34:1
35:1
36:1
37:1
38:1
39:1
40:1
41:1
42:1
43:1
44:1
45:1
46:1
47:1
48:1
49:1
50:0.95
51:1
52:1
53:1
54:1
55:1
56:1
57:0.95
58:1
59:1
60:1
61:1
62:1
63:1
64:1
65:1
66:1
67:1
68:1
69:1
70:1
71:1
72:1
73:1
74:-0.3
75:1
76:1
77:1
78:1
79:1
80:1
81:1
82:1
83:1
84:1
85:1
86:1
87:0.9
88:1
89:0.8
90:1
91:-0.9
92:1
93:1
94:1
95:1
96:1
97:1
98:0.9
99:1
100:1
101:1
102:1
103:1
104:1
105:1
106:1
107:1
108:1
109:1
110:1
111:1
112:1
113:1
114:1
115:1
116:1
117:1
118:1
119:1
120:1
121:1
122:1
123:1
124:1
125:1
126:1
127:1
128:1
129:1
130:1
131:1
132:1
133:1
134:-0.2
135:1
136:1
137:1
138:1
139:1
140:1
141:1
142:1
143:1
144:1
145:0.8
146:1
147:1
148:0.9
149:1
150:1
151:-1.1
152:1
153:1
154:1
155:1
156:1
157:1
158:1
159:1
160:0.9
161:1
162:1
163:1
164:1
165:0.95
166:1
167:1
168:1
169:0.85
170:1
171:1
172:1
173:1
174:1
175:1
176:1
177:1
178:1
179:1
180:1
181:1
182:1
183:1
184:1
185:1
186:1
187:1
188:1
189:1
190:1
191:1
192:1
193:1
194:1
195:1
196:1
197:0.9
198:1
199:1
200:1
201:1
202:1
203:1
204:1
205:0.05
206:1
207:1
208:0.05
209:1
210:1
211:1
212:1
213:1
214:1
215:1
216:1
217:1
218:1
219:1
220:0.8
221:1
222:1
223:1
224:1
225:1
226:0.55
227:0.55
228:1
229:1
230:1
231:1
232:1
233:1
234:1
235:1
236:0.9
237:1
238:1
239:-1.85
240:1
241:1
242:1
243:1
244:1
245:1
246:1
247:1
248:1
249:1
250:1
251:1
252:1
253:1
254:0.9
255:1
256:1
257:1
258:1
259:1
260:1
261:1
262:1
263:1
264:1
265:1
266:1
267:1
268:1
269:0.9
270:1
271:1
272:1
273:1
274:1
275:1
276:1
277:1
278:1
279:1
280:1
281:1
282:1
283:1
284:1
285:1
286:1
287:0.55
288:1
alpha: 15.8824
lagLB: 89298.6
stepSizeMultiplier: 1
targetLowerBound: 93763.5
||gamma||^2: 281.125
lambda: 0,216.505,46.6394,447.396,214.797,93.1488,706.497,192.302,94.2874,632.46,149.538,605.021,151.538,514.123,280.302,172.063,215.658,212.819,640.999,200.767,242.257,132.168,283.036,176.647,278.999,88.1675,254.13,704.063,562.482,163.044,217.336,300.752,153.92,749.051,181.299,635.014,351.179,227.583,268.677,31.8979,241.486,426.819,434.864,530.947,154.639,190.909,374.594,142.37,86.3024,21.0364,243.868,138.01,124.887,110.864,381.771,315.568,346.437,31.1788,50.3623,764.819,278.46,653.8,102.003,45.1039,753.965,711.883,147.553,254.505,244.168,194.744,782.669,35.8529,208.01,381.928,162.385,481.171,701.096,103.051,138.55,430.729,300.033,145.246,72.572,122.205,97.5158,279.898,655.478,231.471,323.688,69.8529,200.01,153.945,120.018,456.752,262.939,431.021,515.456,707.613,51.2761,68.5121,131.538,183.643,654.505,478.774,25.2462,118.849,531.418,186.729,368.887,124.932,337.92,61.9728,137.98,642.505,275.104,125.403,167.89,318.145,77.4334,328.168,419.943,560.362,196.048,262.797,530.085,312.991,380.932,99.8529,226.4,191.089,227.246,174.04,239.224,31.3286,224.797,253.516,247.965,132.782,179.164,386.819,113.666,32.5046,204.572,169.336,160.392,207.463,201.538,125.471,658.565,949.561,171.403,35.3735,659.673,628.37,436.752,782.415,170.572,762.025,707.628,117.201,219.853,86.4597,138.984,19.6806,246.594,155.194,321.621,200.797,142.819,228.078,278.4,193.216,604.512,42.5945,660.34,188.639,774.535,202.19,596.4,202.819,34.0926,137.269,393.98,829.98,875.628,211.883,530.834,853.905,316.437,211.044,219.546,177.696,126.153,158.07,176.197,196.55,792.437,834.205,480.347,217.666,695.396,200.123,161.561,165.741,328.287,197.021,220.07,192.662,263.583,326.19,246.729,166.932,204.842,267.771,117.471,610.58,620.347,124.774,139.853,455.141,89.1862,282.594,263.508,288.347,65.0739,460.123,192.437,104.108,985.516,911.448,834.699,33.5458,768.729,116.692,372.033,242.475,56.999,136.872,845.561,137.68,198.1,351.201,208.46,759.718,143.194,246.078,167.089,437.905,102.37,163.081,84.9915,718.819,917.201,202.759,199.299,282.774,614.729,126.37,42.2349,93.2686,78.0102,676.684,618.475,125.156,208.527,589.86,594.639,276.392,649.561,711.381,178.647,271.658,173.066,859.636,521.935,130.063,68.572,610.917,55.1039,539.359,619.478,247.538,121.838,272.932,292.108,125.291,131.583,199.868,861.209,
mu: 
srcDuals: 
lambda: 0,216.505,46.6394,447.396,214.797,93.1488,706.497,192.302,94.2874,632.46,149.538,605.021,151.538,514.123,280.302,172.063,215.658,212.819,640.999,200.767,242.257,132.168,283.036,176.647,278.999,88.1675,254.13,704.063,562.482,163.044,217.336,300.752,153.92,749.051,181.299,635.014,351.179,227.583,268.677,31.8979,241.486,426.819,434.864,530.947,154.639,190.909,374.594,142.37,86.3024,21.0364,243.868,138.01,124.887,110.864,381.771,315.568,346.437,31.1788,50.3623,764.819,278.46,653.8,102.003,45.1039,753.965,711.883,147.553,254.505,244.168,194.744,782.669,35.8529,208.01,381.928,162.385,481.171,701.096,103.051,138.55,430.729,300.033,145.246,72.572,122.205,97.5158,279.898,655.478,231.471,323.688,69.8529,200.01,153.945,120.018,456.752,262.939,431.021,515.456,707.613,51.2761,68.5121,131.538,183.643,654.505,478.774,25.2462,118.849,531.418,186.729,368.887,124.932,337.92,61.9728,137.98,642.505,275.104,125.403,167.89,318.145,77.4334,328.168,419.943,560.362,196.048,262.797,530.085,312.991,380.932,99.8529,226.4,191.089,227.246,174.04,239.224,31.3286,224.797,253.516,247.965,132.782,179.164,386.819,113.666,32.5046,204.572,169.336,160.392,207.463,201.538,125.471,658.565,949.561,171.403,35.3735,659.673,628.37,436.752,782.415,170.572,762.025,707.628,117.201,219.853,86.4597,138.984,19.6806,246.594,155.194,321.621,200.797,142.819,228.078,278.4,193.216,604.512,42.5945,660.34,188.639,774.535,202.19,596.4,202.819,34.0926,137.269,393.98,829.98,875.628,211.883,530.834,853.905,316.437,211.044,219.546,177.696,126.153,158.07,176.197,196.55,792.437,834.205,480.347,217.666,695.396,200.123,161.561,165.741,328.287,197.021,220.07,192.662,263.583,326.19,246.729,166.932,204.842,267.771,117.471,610.58,620.347,124.774,139.853,455.141,89.1862,282.594,263.508,288.347,65.0739,460.123,192.437,104.108,985.516,911.448,834.699,33.5458,768.729,116.692,372.033,242.475,56.999,136.872,845.561,137.68,198.1,351.201,208.46,759.718,143.194,246.078,167.089,437.905,102.37,163.081,84.9915,718.819,917.201,202.759,199.299,282.774,614.729,126.37,42.2349,93.2686,78.0102,676.684,618.475,125.156,208.527,589.86,594.639,276.392,649.561,711.381,178.647,271.658,173.066,859.636,521.935,130.063,68.572,610.917,55.1039,539.359,619.478,247.538,121.838,272.932,292.108,125.291,131.583,199.868,861.209,
mu: 
srcDuals: 
STATS - lpIterations[1] lagIterations[2] sspIterations[24] numSeparations[0] numCuts[0] compileTime[380] sspSolveTime[242] lpSolveTime[0] lb[89793.2] ub[95151] numArcs: [21396245] numFixed: [7] time: [787]
STATS1 - lpIterations[1] lagIterations[2] sspIterations[24] numSeparations[0] numCuts[0] compileTime[380] sspSolveTime[242] lpSolveTime[0] repairTime[20] cutsTime[0] lb[89793.2] ub[95151] numArcs: [21396245] numFixed: [7] time: [787]
lambda: 0,216.505,46.6394,447.396,214.797,93.1488,706.497,192.302,94.2874,632.46,149.538,605.021,151.538,514.123,280.302,172.063,215.658,212.819,640.999,200.767,242.257,132.168,283.036,176.647,278.999,88.1675,254.13,704.063,562.482,163.044,217.336,300.752,153.92,749.051,181.299,635.014,351.179,227.583,268.677,31.8979,241.486,426.819,434.864,530.947,154.639,190.909,374.594,142.37,86.3024,21.0364,243.868,138.01,124.887,110.864,381.771,315.568,346.437,31.1788,50.3623,764.819,278.46,653.8,102.003,45.1039,753.965,711.883,147.553,254.505,244.168,194.744,782.669,35.8529,208.01,381.928,157.415,481.171,701.096,103.051,138.55,430.729,300.033,145.246,72.572,122.205,97.5158,279.898,655.478,229.241,323.688,69.8529,200.01,153.945,120.018,456.752,262.939,431.021,515.456,707.613,51.2761,68.5121,131.538,183.643,654.505,478.774,25.2462,118.849,531.418,186.729,368.887,124.932,337.92,61.9728,137.98,642.505,275.104,125.403,167.89,318.145,77.4334,328.168,419.943,560.362,196.048,262.797,530.085,312.991,380.932,99.8529,226.4,191.089,227.246,174.04,239.224,31.3286,217.597,253.516,247.965,132.782,179.164,386.819,113.666,32.5046,204.572,169.336,160.392,202.85,201.538,125.471,658.181,949.561,171.403,28.1737,659.673,628.37,436.752,782.415,170.572,762.025,707.628,117.201,219.853,86.4597,138.984,19.6806,246.594,155.194,321.621,200.797,142.819,223.464,278.4,193.216,604.512,42.5945,660.34,188.639,774.535,202.19,596.4,202.819,34.0926,137.269,393.98,829.98,875.628,211.883,530.834,853.905,316.437,211.044,219.546,177.696,126.153,158.07,176.197,196.55,792.437,833.821,480.347,217.666,695.396,200.123,161.561,165.741,328.287,189.822,220.07,192.662,256.383,326.19,246.729,166.932,204.842,267.771,117.471,610.58,620.347,124.774,139.853,455.141,84.2161,282.594,263.508,288.347,65.0739,460.123,185.237,96.9077,985.516,911.448,834.699,33.5458,768.729,116.692,372.033,242.475,56.999,136.872,845.561,137.68,198.1,351.201,208.46,759.718,143.194,246.078,167.089,437.905,102.37,163.081,84.9915,718.819,917.201,202.759,194.685,282.774,614.729,126.37,42.2349,93.2686,78.0102,676.684,618.475,125.156,208.527,589.86,594.639,276.392,649.561,710.998,178.647,271.658,173.066,859.636,521.935,130.063,68.572,610.917,55.1039,539.359,619.478,247.538,121.838,272.932,292.108,125.291,131.583,197.638,861.209,
mu: 
srcDuals: 
fixing. lower bound used: 89793.2
percent fixed: 4.6736e-05
updating best lambda arc fixing
best alpha: 0.03
0:0
1:0.94
2:0.94
3:0.76
4:0.94
5:-1.04
6:1
7:1
8:0.94
9:1
10:0.97
11:0.91
12:0.64
13:0.91
14:1
15:0.97
16:0.76
17:0.543
18:0.91
19:0.67
20:0.97
21:1
22:0.91
23:0.97
24:0.88
25:0.94
26:1
27:0.7
28:0.85
29:-1.37
30:0.94
31:0.91
32:0.79
33:0.94
34:0.97
35:0.91
36:1
37:0.82
38:0.97
39:0.7
40:0.88
41:1
42:1
43:1
44:0.73
45:0.97
46:0.85
47:0.55
48:0.64
49:0.94
50:0.8615
51:1
52:0.73
53:0.82
54:0.97
55:0.61
56:0.97
57:-1.3285
58:0.91
59:1
60:0.7
61:0.94
62:0.97
63:0.58
64:0.94
65:1
66:0.61
67:0.85
68:0.79
69:0.94
70:1
71:0.34
72:0.97
73:1
74:-0.351
75:0.82
76:0.94
77:0.52
78:1
79:0.91
80:0.94
81:0.94
82:0.94
83:0.91
84:0.85
85:0.97
86:1
87:0.813
88:1
89:-0.124
90:0.97
91:-0.873
92:0.67
93:1
94:0.91
95:0.97
96:1
97:0.94
98:0.123
99:0.52
100:0.97
101:0.97
102:0.97
103:0.85
104:0.94
105:0.67
106:0.91
107:0.88
108:1
109:0.61
110:0.97
111:0.67
112:1
113:0.94
114:0.97
115:0.94
116:0.91
117:0.43
118:0.1
119:0.97
120:0.97
121:0.97
122:0.16
123:0.94
124:0.88
125:0.97
126:0.97
127:0.94
128:0.97
129:1
130:0.94
131:1
132:0.97
133:-1.31
134:-0.194
135:1
136:1
137:0.64
138:0.97
139:0.85
140:1
141:1
142:0.94
143:0.61
144:0.94
145:0.656
146:0.94
147:0.97
148:0.813
149:0.91
150:0.91
151:-1.157
152:0.7
153:0.94
154:0.88
155:0.82
156:0.88
157:1
158:1
159:-2.12
160:0.603
161:-0.29
162:0.01
163:-0.56
164:0.19
165:0.7715
166:0.91
167:0.97
168:0.97
169:0.7345
170:0.82
171:0.85
172:1
173:0.97
174:0.85
175:0.97
176:1
177:0.58
178:0.97
179:0.97
180:0.85
181:0.88
182:1
183:0.85
184:0.88
185:0.97
186:0.88
187:0.82
188:0.94
189:0.79
190:0.7
191:0.97
192:1
193:0.88
194:0.28
195:0.97
196:0.97
197:0.693
198:0.88
199:0.94
200:0.94
201:0.97
202:-0.47
203:0.94
204:0.91
205:0.0485
206:0.88
207:0.94
208:0.0485
209:0.94
210:0.97
211:0.85
212:0.91
213:1
214:0.85
215:0.97
216:0.97
217:0.97
218:0.82
219:0.88
220:0.416
221:0.82
222:0.85
223:0.97
224:-0.38
225:1
226:0.4135
227:0.2335
228:1
229:1
230:1
231:0.91
232:0.91
233:0.91
234:0.97
235:0.34
236:0.393
237:0.76
238:1
239:-1.7645
240:0.94
241:0.91
242:0.91
243:0.97
244:0.91
245:0.94
246:0.97
247:0.97
248:0.76
249:0.97
250:0.97
251:1
252:1
253:0.91
254:0.813
255:0.94
256:0.88
257:0.97
258:0.76
259:0.88
260:0.73
261:1
262:0.82
263:0.7
264:0.85
265:1
266:1
267:1
268:0.94
269:0.813
270:0.97
271:0.97
272:0.91
273:0.91
274:0.94
275:1
276:-0.38
277:0.97
278:0.97
279:0.94
280:0.85
281:0.85
282:0.91
283:0.07
284:0.97
285:0.64
286:0.79
287:0.5035
288:0.91
alpha: 19.799
lagLB: 81579.1
stepSizeMultiplier: 1
targetLowerBound: 94282.9
||gamma||^2: 226.762
lambda: 0,232.387,62.5218,463.278,230.679,109.031,722.379,208.185,110.17,648.342,165.421,620.904,167.421,530.005,296.185,187.945,231.541,227.113,656.881,216.649,258.14,148.05,298.919,192.529,294.881,104.05,270.012,719.945,578.364,178.926,233.218,316.634,169.803,764.934,197.181,650.896,367.061,243.466,284.559,47.7802,257.368,442.702,450.747,546.829,170.522,206.791,390.477,158.252,102.185,36.9188,258.956,153.893,140.769,126.747,397.653,331.451,362.32,46.267,66.2446,780.702,294.342,669.683,117.885,60.9862,769.848,727.765,163.436,270.387,260.05,210.627,798.552,51.7353,223.893,397.81,157.62,497.054,716.979,118.934,154.432,446.612,315.915,161.129,88.4544,138.087,113.398,295.78,671.361,245.765,339.57,82.5588,215.893,139.651,135.9,472.634,278.821,446.904,531.338,723.496,65.5703,84.3945,147.421,199.526,670.387,494.657,41.1285,134.732,547.301,202.612,384.769,140.814,353.803,77.8551,153.863,658.387,290.986,141.286,183.773,334.027,93.3158,344.05,435.825,576.245,211.93,278.679,545.967,328.874,396.814,115.735,242.282,206.971,243.129,189.923,255.106,47.2109,221.62,269.398,263.848,148.664,195.046,402.702,129.548,48.387,220.454,185.218,176.275,220.169,217.421,141.353,672.859,965.443,187.286,17.9029,675.556,644.252,452.634,798.297,186.454,777.908,723.511,133.084,234.147,102.342,154.866,35.563,262.477,170.282,337.503,216.679,158.702,241.578,294.282,209.099,620.394,58.4768,676.222,204.522,790.417,218.072,612.282,218.702,49.975,153.151,409.863,845.863,891.511,227.765,546.717,869.788,332.32,226.926,235.428,193.578,142.035,173.953,192.08,212.432,808.32,848.499,496.23,233.548,711.278,216.005,177.443,181.623,344.17,197.816,235.953,208.544,264.377,342.072,262.612,182.814,220.724,283.653,133.353,626.462,636.23,140.657,155.735,471.024,101.892,298.477,279.391,304.23,80.9563,476.005,201.172,112.843,1001.4,927.331,850.582,49.4282,784.612,132.574,387.915,258.357,71.2931,152.754,861.443,108.298,213.982,367.084,224.342,775.6,159.076,261.96,182.971,453.788,118.252,178.964,100.874,734.702,933.084,218.642,213.593,298.657,630.612,142.252,58.1173,109.151,93.8926,692.567,634.357,141.039,224.409,605.743,610.522,292.275,665.443,725.675,194.529,287.541,188.949,875.518,537.818,145.945,84.4544,626.799,70.9862,555.241,635.361,263.421,137.72,288.814,307.99,141.173,147.466,208.603,877.091,
mu: 
srcDuals: 
lambda: 0,216.505,46.6394,447.396,214.797,93.1488,706.497,192.302,94.2874,632.46,149.538,605.021,151.538,514.123,280.302,172.063,215.658,212.819,640.999,200.767,242.257,132.168,283.036,176.647,278.999,88.1675,254.13,704.063,562.482,163.044,217.336,300.752,153.92,749.051,181.299,635.014,351.179,227.583,268.677,31.8979,241.486,426.819,434.864,530.947,154.639,190.909,374.594,142.37,86.3024,21.0364,243.868,138.01,124.887,110.864,381.771,315.568,346.437,31.1788,50.3623,764.819,278.46,653.8,102.003,45.1039,753.965,711.883,147.553,254.505,244.168,194.744,782.669,35.8529,208.01,381.928,157.415,481.171,701.096,103.051,138.55,430.729,300.033,145.246,72.572,122.205,97.5158,279.898,655.478,229.241,323.688,69.8529,200.01,153.945,120.018,456.752,262.939,431.021,515.456,707.613,51.2761,68.5121,131.538,183.643,654.505,478.774,25.2462,118.849,531.418,186.729,368.887,124.932,337.92,61.9728,137.98,642.505,275.104,125.403,167.89,318.145,77.4334,328.168,419.943,560.362,196.048,262.797,530.085,312.991,380.932,99.8529,226.4,191.089,227.246,174.04,239.224,31.3286,217.597,253.516,247.965,132.782,179.164,386.819,113.666,32.5046,204.572,169.336,160.392,202.85,201.538,125.471,658.181,949.561,171.403,28.1737,659.673,628.37,436.752,782.415,170.572,762.025,707.628,117.201,219.853,86.4597,138.984,19.6806,246.594,155.194,321.621,200.797,142.819,223.464,278.4,193.216,604.512,42.5945,660.34,188.639,774.535,202.19,596.4,202.819,34.0926,137.269,393.98,829.98,875.628,211.883,530.834,853.905,316.437,211.044,219.546,177.696,126.153,158.07,176.197,196.55,792.437,833.821,480.347,217.666,695.396,200.123,161.561,165.741,328.287,189.822,220.07,192.662,256.383,326.19,246.729,166.932,204.842,267.771,117.471,610.58,620.347,124.774,139.853,455.141,84.2161,282.594,263.508,288.347,65.0739,460.123,185.237,96.9077,985.516,911.448,834.699,33.5458,768.729,116.692,372.033,242.475,56.999,136.872,845.561,137.68,198.1,351.201,208.46,759.718,143.194,246.078,167.089,437.905,102.37,163.081,84.9915,718.819,917.201,202.759,194.685,282.774,614.729,126.37,42.2349,93.2686,78.0102,676.684,618.475,125.156,208.527,589.86,594.639,276.392,649.561,710.998,178.647,271.658,173.066,859.636,521.935,130.063,68.572,610.917,55.1039,539.359,619.478,247.538,121.838,272.932,292.108,125.291,131.583,197.638,861.209,
mu: 
srcDuals: 
STATS - lpIterations[1] lagIterations[3] sspIterations[244] numSeparations[0] numCuts[0] compileTime[380] sspSolveTime[2027] lpSolveTime[0] lb[92506.1] ub[95151] numArcs: [21393790] numFixed: [10] time: [2948]
STATS1 - lpIterations[1] lagIterations[3] sspIterations[244] numSeparations[0] numCuts[0] compileTime[380] sspSolveTime[2027] lpSolveTime[0] repairTime[257] cutsTime[0] lb[92506.1] ub[95151] numArcs: [21393790] numFixed: [10] time: [2948]
lambda: 0,224.893,60.9884,454.843,227.131,104.589,722.379,208.185,109.81,647.643,165.421,613.104,157.135,523.566,296.185,187.42,207.972,211.472,650.443,206.26,258.14,148.05,291.119,188.981,290.023,103.732,270.012,705.659,571.958,166.868,233.218,313.086,162.309,764.934,197.181,644.361,367.061,238.907,284.559,28.3096,250.32,442.003,450.747,546.829,160.133,205.043,383.942,137.757,92.3808,33.3708,258.956,153.893,136.21,120.143,394.838,321.061,360.571,31.0649,54.0824,780.702,289.484,669.683,112.37,46.7003,769.848,727.765,149.063,263.852,255.192,210.627,798.552,37.6876,219.742,397.81,156.321,491.326,716.275,104.648,154.432,446.612,315.915,161.129,76.2921,133.229,106.165,295.78,670.233,229.935,338.872,67.0827,214.144,139.651,124.525,472.634,267.275,446.904,531.338,717.057,39.823,72.6784,147.421,199.526,669.857,489.131,37.5805,120.581,539.501,191.101,384.769,126.663,353.803,67.466,153.863,653.54,290.986,141.286,176.539,323.638,81.2571,344.05,435.825,576.245,201.541,277.376,541.12,328.874,396.814,115.037,242.282,206.971,243.129,189.923,255.106,42.4087,220.321,269.398,263.848,133.531,195.046,388.416,129.548,48.387,215.621,182.308,172.727,202.056,213.711,141.004,658.181,957.194,178.952,17.9029,661.27,638.525,451.956,782.336,185.152,777.908,712.809,116.167,229.118,90.626,139.195,23.5043,246.806,154.6,328.906,211.686,158.702,222.442,281.562,191.82,620.394,54.9288,674.322,199.529,790.417,197.577,612.282,218.702,36.2794,148.317,409.863,833.464,888.025,222.772,542.702,861.538,332.32,214.206,219.757,191.417,142.035,165.449,182.276,212.432,807.79,828.562,493.738,226.881,711.278,211.012,165.384,180.32,326.995,186.059,223.232,206.555,252.621,331.051,262.612,172.875,198.704,283.653,121.843,626.462,636.23,140.544,149.368,468.532,86.2208,286.761,267.675,304.23,59.0936,476.005,189.416,107.618,1001.4,927.331,850.582,45.8801,772.916,120.537,387.896,246.641,55.6516,135,861.443,108.298,206.489,352.111,224.342,772.013,151.276,259.886,182.971,453.788,113.29,178.964,100.874,734.702,933.084,209.116,195.48,292.503,628.12,140.091,51.27,109.151,83.5034,692.567,630.342,124.566,214.605,605.743,610.522,287.441,665.443,710.998,194.529,280.874,175.937,863.681,535.917,145.945,64.5808,626.799,69.4528,551.653,627.61,246.142,122.452,273.143,306.242,127.023,137.874,192.773,875.26,
mu: 
srcDuals: 
fixing. lower bound used: 92506.1
percent fixed: 0.00384593
updating best lambda arc fixing
fixing. lower bound used: 92506.1
best alpha: 0.09
0:0
1:0.6754
2:0.5854
3:0.1516
4:-0.6746
5:-0.8564
6:0.91
7:1
8:0.6754
9:0.46
10:0.8827
11:0.6481
12:0.2224
13:0.5581
14:1
15:0.8827
16:-0.2984
17:-0.04587
18:0.6481
19:-0.3803
20:0.8827
21:1
22:0.6481
23:-0.0173
24:0.4408
25:0.6754
26:0.73
27:-0.623
28:0.2335
29:-1.1567
30:0.9454
31:-1.1519
32:0.4489
33:0.7654
34:0.9727
35:0.7381
36:1
37:0.6562
38:0.8827
39:-0.263
40:0.2608
41:0.46
42:0.82
43:0.73
44:-0.2357
45:0.7927
46:0.5035
47:-0.8495
48:-0.1376
49:-0.3146
50:0.693965
51:1
52:0.2143
53:0.2962
54:0.7927
55:-0.3449
56:0.8827
57:-1.20894
58:0.6481
59:0.91
60:-0.083
61:0.7654
62:0.7027
63:-0.4622
64:0.5854
65:1
66:0.3751
67:0.4135
68:0.1789
69:0.8554
70:1
71:-0.0506
72:0.6127
73:0.91
74:-0.40941
75:0.1162
76:0.7654
77:-0.6968
78:0.82
79:0.8281
80:0.7654
81:0.6754
82:0.6754
83:0.4681
84:-0.9365
85:0.8827
86:1
87:-0.43017
88:0.1
89:-0.83284
90:0.6127
91:-0.79443
92:-0.2903
93:0.91
94:0.6481
95:0.8827
96:1
97:0.7654
98:-0.60807
99:-0.4268
100:0.7927
101:0.8827
102:0.8827
103:0.4135
104:-0.4046
105:-0.4703
106:0.6481
107:0.4408
108:0.91
109:-0.4349
110:0.8827
111:-0.4703
112:1
113:0.7654
114:0.9727
115:0.6754
116:0.0181
117:-0.5087
118:0.091
119:0.4327
120:0.9727
121:0.8827
122:-0.9344
123:0.5854
124:0.5308
125:0.9727
126:0.9727
127:-0.6746
128:0.8827
129:1
130:0.8554
131:1
132:0.7027
133:-1.1921
134:-0.17654
135:1
136:1
137:0.1324
138:0.9727
139:-0.3965
140:1
141:0.82
142:0.4954
143:-0.1649
144:-0.6746
145:0.50696
146:0.6754
147:0.8827
148:0.46983
149:0.5581
150:0.4681
151:-1.05287
152:-0.623
153:0.5854
154:0.5308
155:0.3862
156:0.3508
157:1
158:0.91
159:-1.8392
160:-1.25127
161:-0.4439
162:-0.3509
163:-0.5096
164:-0.0971
165:0.162065
166:0.5581
167:0.6127
168:0.8827
169:0.308395
170:0.2962
171:-0.1265
172:0.82
173:0.2527
174:0.4135
175:0.7927
176:1
177:-1.0922
178:0.9727
179:0.8827
180:0.5035
181:0.4408
182:1
183:0.5035
184:0.7108
185:0.7927
186:0.5308
187:0.2062
188:0.8554
189:0.4489
190:0.187
191:0.7927
192:0.82
193:0.3508
194:-0.7352
195:0.7927
196:0.8827
197:0.27063
198:0.3508
199:0.4954
200:0.7654
201:0.7027
202:-0.3377
203:0.5854
204:0.6481
205:-0.225865
206:0.5308
207:0.3154
208:0.044135
209:0.7654
210:0.8827
211:0.3235
212:0.6481
213:1
214:0.4135
215:0.7927
216:0.7927
217:0.8827
218:0.5662
219:0.4408
220:-0.16144
221:-0.3338
222:-0.0365
223:0.8827
224:-0.4358
225:0.64
226:0.376285
227:-0.147515
228:0.91
229:1
230:0.82
231:-0.0719
232:0.7381
233:0.6481
234:0.8827
235:-0.1406
236:-0.36237
237:-0.2084
238:1
239:-1.5157
240:0.6754
241:0.5581
242:0.9181
243:0.8827
244:0.5581
245:0.7654
246:0.8827
247:0.9727
248:0.1516
249:0.8827
250:0.8827
251:1
252:0.91
253:0.3781
254:0.55983
255:0.7654
256:0.4408
257:0.7927
258:-0.0284
259:0.4408
260:-0.2357
261:1
262:0.2962
263:0.007
264:-0.0365
265:1
266:1
267:0.82
268:0.6754
269:0.55983
270:0.8827
271:0.8827
272:0.3781
273:0.6481
274:0.7654
275:1
276:-0.3458
277:0.7927
278:0.8827
279:0.5854
280:0.4135
281:-0.3965
282:0.6481
283:-0.2063
284:0.7027
285:-0.4076
286:0.4489
287:-1.34181
288:0.6481
alpha: 18.4952
lagLB: 87269.3
stepSizeMultiplier: 1
targetLowerBound: 95151
||gamma||^2: 143.005
lambda: 0,235.116,65.2505,462.443,233.408,72.5579,726.296,212.101,112.898,652.259,168.743,623.039,164.21,532.14,300.101,191.268,230.705,223.57,659.016,214.032,261.462,151.966,301.054,195.852,296.422,106.779,273.929,717.922,579.311,135.919,235.947,318.769,169.562,767.662,200.504,653.031,370.978,243.818,287.882,45.7571,258.909,446.618,454.663,550.746,169.093,210.114,391.424,153.259,98.9737,39.6475,260.925,157.809,139.34,127.099,400.976,327.646,365.642,4.87582,68.3793,784.618,292.319,672.412,121.208,56.5873,772.576,731.682,159.631,271.334,259.809,213.355,802.468,42.5846,227.215,401.727,150.465,497.406,719.707,113.347,158.349,448.746,318.644,163.857,91.1831,140.222,114.345,299.103,675.277,245.338,343.487,67.3978,219.215,136.66,133.283,476.551,280.956,450.226,535.255,726.224,53.7114,78.8076,150.743,202.848,673.71,495.603,43.8572,132.114,549.436,204.152,388.686,137.009,357.125,75.2381,157.779,661.116,294.309,144.015,185.907,326.659,79.4133,347.373,439.148,579.567,199.216,281.408,547.508,332.196,400.137,118.464,245.605,210.888,245.857,193.839,258.429,5.39192,213.756,273.315,267.764,145.453,198.369,403.648,133.465,52.3036,223.183,181.413,179.003,215.838,220.149,144.676,674.278,967.578,189.421,5.26625,673.532,646.981,454.175,798.65,187.995,781.824,727.427,75.2274,231.792,80.718,139.182,8.59321,250.356,170.469,339.638,220.002,162.024,238.007,294.635,210.045,624.311,61.7995,677.169,207.844,794.334,213.673,615.605,222.024,50.9217,154.692,413.779,846.809,893.051,231.088,548.257,870.141,335.048,226.685,233.405,196.901,145.952,175.493,181.741,215.755,811.642,847.542,497.77,236.277,714.007,219.328,152.255,184.352,346.304,190.782,237.493,211.273,257.344,344.801,265.934,183.761,222.859,287.569,134.3,629.785,639.552,143.979,156.088,472.564,92.4525,298.83,280.337,307.552,57.5503,479.922,193.424,101.531,1005.31,931.247,854.498,51.5629,786.746,134.709,391.238,249.206,64.78,151.919,865.36,102.745,216.711,369.218,226.477,778.923,161.211,264.689,186.294,457.11,117.417,182.286,104.196,738.618,937,220.776,210.782,301.385,632.152,145.575,57.2822,110.692,92.4635,696.483,634.71,139.016,225.356,609.659,614.438,296.191,668.172,727.094,197.852,290.863,191.083,877.653,540.546,149.862,61.0484,630.122,74.3089,557.97,636.308,264.367,139.855,274.317,311.313,137.962,147.224,207.607,879.226,
mu: 
srcDuals: 
lambda: 0,224.893,60.9884,454.843,227.131,104.589,722.379,208.185,109.81,647.643,165.421,613.104,157.135,523.566,296.185,187.42,207.972,211.472,650.443,206.26,258.14,148.05,291.119,188.981,290.023,103.732,270.012,705.659,571.958,166.868,233.218,313.086,162.309,764.934,197.181,644.361,367.061,238.907,284.559,28.3096,250.32,442.003,450.747,546.829,160.133,205.043,383.942,137.757,92.3808,33.3708,258.956,153.893,136.21,120.143,394.838,321.061,360.571,31.0649,54.0824,780.702,289.484,669.683,112.37,46.7003,769.848,727.765,149.063,263.852,255.192,210.627,798.552,37.6876,219.742,397.81,156.321,491.326,716.275,104.648,154.432,446.612,315.915,161.129,76.2921,133.229,106.165,295.78,670.233,229.935,338.872,67.0827,214.144,139.651,124.525,472.634,267.275,446.904,531.338,717.057,39.823,72.6784,147.421,199.526,669.857,489.131,37.5805,120.581,539.501,191.101,384.769,126.663,353.803,67.466,153.863,653.54,290.986,141.286,176.539,323.638,81.2571,344.05,435.825,576.245,201.541,277.376,541.12,328.874,396.814,115.037,242.282,206.971,243.129,189.923,255.106,42.4087,220.321,269.398,263.848,133.531,195.046,388.416,129.548,48.387,215.621,182.308,172.727,202.056,213.711,141.004,658.181,957.194,178.952,17.9029,661.27,638.525,451.956,782.336,185.152,777.908,712.809,116.167,229.118,90.626,139.195,23.5043,246.806,154.6,328.906,211.686,158.702,222.442,281.562,191.82,620.394,54.9288,674.322,199.529,790.417,197.577,612.282,218.702,36.2794,148.317,409.863,833.464,888.025,222.772,542.702,861.538,332.32,214.206,219.757,191.417,142.035,165.449,182.276,212.432,807.79,828.562,493.738,226.881,711.278,211.012,165.384,180.32,326.995,186.059,223.232,206.555,252.621,331.051,262.612,172.875,198.704,283.653,121.843,626.462,636.23,140.544,149.368,468.532,86.2208,286.761,267.675,304.23,59.0936,476.005,189.416,107.618,1001.4,927.331,850.582,45.8801,772.916,120.537,387.896,246.641,55.6516,135,861.443,108.298,206.489,352.111,224.342,772.013,151.276,259.886,182.971,453.788,113.29,178.964,100.874,734.702,933.084,209.116,195.48,292.503,628.12,140.091,51.27,109.151,83.5034,692.567,630.342,124.566,214.605,605.743,610.522,287.441,665.443,710.998,194.529,280.874,175.937,863.681,535.917,145.945,64.5808,626.799,69.4528,551.653,627.61,246.142,122.452,273.143,306.242,127.023,137.874,192.773,875.26,
mu: 
srcDuals: 
STATS - lpIterations[1] lagIterations[4] sspIterations[457] numSeparations[0] numCuts[0] compileTime[380] sspSolveTime[2846] lpSolveTime[0] lb[92575.6] ub[95151] numArcs: [21392911] numFixed: [823] time: [4314]
STATS1 - lpIterations[1] lagIterations[4] sspIterations[457] numSeparations[0] numCuts[0] compileTime[380] sspSolveTime[2846] lpSolveTime[0] repairTime[525] cutsTime[0] lb[92575.6] ub[95151] numArcs: [21392911] numFixed: [823] time: [4314]
lambda: 0,226.378,60.2641,453.381,227.131,72.5579,726.296,212.101,112.898,646.059,168.743,613.104,153.771,523.785,300.101,188.061,210.117,217.354,651.227,208.564,258.521,151.966,291.119,189.575,293.009,104.387,273.929,706.768,572.79,135.919,235.947,312.492,159.925,767.478,200.504,645.791,370.978,238.208,287.882,22.4513,242.109,440.419,454.663,549.896,163.625,205.043,384.184,136.457,93.2035,33.3708,260.445,157.809,133.73,118.634,398.182,322.177,360.571,4.87582,54.5279,784.618,288.906,672.227,114.16,45.2485,772.576,731.682,157.683,265.82,256.396,213.355,802.468,36.8143,220.456,401.727,150.465,491.125,717.91,102.193,155.407,448.337,318.459,163.857,77.3316,136.809,102.631,299.103,673.362,232.496,337.287,65.4499,214.144,136.66,123.625,476.551,264.396,449.252,535.255,718.435,42.2899,72.5911,150.743,202.848,670.147,487.248,37.5805,120.229,539.501,190.506,388.686,125.124,357.125,69.5852,157.779,658.61,294.309,143.83,174.194,321.19,79.4133,347.373,439.148,577.841,193.747,277.97,539.393,332.196,400.137,112.264,242.664,210.888,245.857,193.839,258.429,5.39192,213.756,273.315,267.764,132.509,198.369,392.494,130.052,52.3036,215.621,179.548,172.727,201.296,212.367,137.628,658.973,960.58,178.734,5.26625,662.378,642.153,452.481,783.49,184.558,781.824,715.185,75.2274,221.638,80.718,136.754,8.59321,247.929,157.627,323.151,211.686,162.024,222.145,281.364,190.711,623.337,55.5228,673.621,199.529,794.334,196.871,615.605,222.024,36.7067,146.23,413.779,831.578,888.98,222.772,543.705,860.061,335.048,213.414,230.977,190.141,145.888,165.746,175.971,213.229,808.08,829.32,492.572,218.983,714.007,211.012,152.255,180.914,325.044,188.093,224.222,205.503,254.655,331.447,265.934,170.864,203.292,287.569,123.179,629.785,636.703,141.529,153.771,467.366,90.0249,292.613,274.121,307.552,57.5503,479.356,190.736,101.051,1004.47,931.247,851.649,45.2862,773.312,119.226,391.224,242.99,58.5635,139.022,865.36,102.745,207.074,363.698,226.477,770.544,151.276,261.482,186.294,457.11,114.044,182.223,104.196,738.618,937,209.71,196.24,293.478,626.954,138.815,48.099,110.692,86.9953,696.074,630.158,124.521,219.586,609.659,614.438,288.629,668.172,711.789,197.265,285.455,180.758,862.277,536.999,149.862,61.0484,630.122,69.3225,548.742,628.191,245.033,120.941,271.89,306.242,126.077,136.06,194.765,875.513,
mu: 
srcDuals: 
fixing. lower bound used: 92575.6
percent fixed: 0.00964013
updating best lambda arc fixing
route with flow 0.838565 : 0,239,91,239,91,239,0, 238,1123195,6079009,12874619,19466124,21390125,
route with flow 0.044135 : 0,197,148,269,0, 196,5217606,15693175,21377020,
route with flow 0.044135 : 0,17,89,205,208,134,151,205,208,0, 16,600481,1111559,3957370,9726054,15610130,16214259,19759957,21391175,
route with flow 0.044135 : 0,50,98,134,151,220,74,151,208,205,287,0, 49,789472,1168823,4600089,5098410,6723889,10144833,10702653,17514788,20403129,21393389,
route with flow 0.044135 : 0,57,236,17,89,287,208,205,287,160,0, 56,3392,48514,1190856,1948990,5518174,11583150,16827340,20134850,21392406,
route with flow 0.044135 : 0,74,151,74,151,74,151,134,208,205,87,0, 73,248053,360420,1573622,1883129,4395951,4870684,9740164,16684347,20016238,21391951,
route with flow 0.044135 : 0,87,287,205,208,151,134,226,227,0, 86,748656,3348437,7410671,13957215,14626620,19325641,21086497,21395809,
route with flow 0.044135 : 0,89,287,205,208,151,74,151,134,226,227,0, 88,31567,887076,3546253,9222131,9787878,13674694,14324227,19166619,21039626,21395645,
route with flow 0.044135 : 0,98,134,151,74,151,134,74,151,74,151,134,226,0, 97,12761,883578,1118881,3170345,3585432,8251378,11892604,12498054,16581176,17101307,20450713,21393540,
route with flow 0.044135 : 0,134,151,74,151,74,151,74,151,134,208,205,0, 133,601117,785726,2551141,2927149,5879644,6381562,9755866,10307608,16173376,20493746,21393729,
route with flow 0.071435 : 0,145,169,145,0, 144,3395386,15376437,21376035,
route with flow 0.044135 : 0,151,134,205,208,134,151,74,151,134,227,0, 150,3865,753451,3256983,8850594,14580479,15219261,18557802,18940944,21085421,21395780,
route with flow 0.044135 : 0,160,287,205,208,151,134,226,227,0, 159,634807,3067202,7051163,13490171,14172355,19084110,21014529,21395557,
route with flow 0.044135 : 0,165,227,205,208,151,134,208,205,0, 164,339345,1051071,3851867,9599085,10176618,16036333,20446293,21393562,
route with flow 0.071435 : 0,169,145,254,0, 168,4542422,15395162,21375971,
route with flow 0.044135 : 0,205,208,151,74,151,134,208,205,227,0, 204,442581,3626767,4103426,7298228,7813648,13198812,19240150,21063465,21395699,
route with flow 0.044135 : 0,208,205,134,151,74,151,74,151,74,151,134,0, 207,923481,3646810,8373005,8913278,12613620,13246526,17196552,17665930,20019120,20260908,21392926,
route with flow 0.044135 : 0,220,74,151,220,74,151,220,74,151,74,151,134,226,227,0, 219,54309,645290,828307,1591599,3965336,4427822,6016885,9377197,9916008,13830566,14476372,19247172,21063424,21395729,
route with flow 0.044135 : 0,226,134,151,74,151,74,151,208,205,287,0, 225,442795,2881380,3296676,6349550,6854328,10275536,10835073,17624704,20453134,21393564,
route with flow 0.044135 : 0,227,226,134,151,74,134,151,74,151,134,227,0, 226,105250,1253401,4822567,5329352,8634425,14277067,14924734,18364756,18761511,21038469,21395615,
route with flow 0.044135 : 0,236,89,287,205,208,151,208,205,226,0, 235,21327,122528,1372154,4497790,10377303,10968065,17733812,20500035,21393730,
route with flow 0.071435 : 0,254,145,169,0, 253,3896787,14506362,21372701,
route with flow 0.161435 : 0,269,148,197,0, 268,3793581,13745517,21369908,
route with flow 0.044135 : 0,287,205,208,151,74,151,74,151,134,226,0, 286,472120,2544606,7873047,8421634,12034462,12645632,16707790,17219558,20497808,21393709,
route with flow 0.1173 : 0,1,142,1,32,0, 0,2504386,9704420,19138004,21388925,
route with flow 0.0273 : 0,2,58,180,0, 1,2341190,10346085,21356067,
route with flow 0.1173 : 0,3,64,3,46,0, 2,1476627,12076435,19462160,21390030,
route with flow 0.0273 : 0,5,133,57,236,17,89,161,235,99,235,161,89,160,0, 4,104582,168208,244409,463330,2881605,3989411,5549999,10912662,12347766,18252588,19492215,20204435,21392728,
route with flow 0.0273 : 0,8,111,122,111,122,117,55,122,19,44,260,220,0, 7,45450,124372,806411,1169098,3080292,7880973,13652604,17313734,19829309,20898471,21169887,21396060,
route with flow 0.0273 : 0,10,101,60,68,60,68,24,60,118,163,258,0, 9,128941,806933,3350588,6701814,11194940,15623147,19406357,21108331,21265091,21273090,21396443,
route with flow 0.0273 : 0,12,37,137,12,52,137,52,12,137,37,12,0, 11,171056,1632085,3277417,5887567,8039851,10551740,13079125,16585653,18750918,20926863,21395249,
route with flow 0.1173 : 0,13,18,139,77,143,63,259,0, 12,2341437,12519331,19075765,20027032,21042125,21151524,21395999,
route with flow 0.1173 : 0,15,16,241,16,0, 14,1476866,7021962,18949947,21388481,
route with flow 0.0273 : 0,16,71,276,224,194,48,194,224,276,237,171,0, 15,1291165,1670339,2574136,3580048,7413376,9269731,13981352,15647834,17214074,19956351,21391862,
route with flow 0.0273 : 0,17,161,89,161,235,99,235,161,89,161,17,236,0, 16,600553,1275139,2022537,3190770,8122402,9403924,15604473,17437456,18572040,19703974,21245511,21396360,
route with flow 0.0273 : 0,18,13,97,39,0, 17,3792011,12545087,21239421,21396339,
route with flow 0.0273 : 0,19,122,117,122,117,55,122,111,99,161,0, 18,247450,1203787,4930342,8026939,13808697,19080927,20672377,20935170,21170042,21396057,
route with flow 0.0273 : 0,20,5,133,57,133,5,57,133,5,57,133,5,57,133,5,57,133,5,57,133,5,0, 19,3206585,5310213,5795808,6263212,6735566,9019050,9534248,10045498,12628710,13246010,13862222,16592996,17100887,17556208,19340084,19640242,19906345,20829401,20966762,21069003,21395745,
route with flow 0.1173 : 0,22,11,106,244,0, 21,922713,11108118,20800494,21394853,
route with flow 0.1173 : 0,25,233,25,0, 24,3690455,14203123,21371799,
route with flow 0.0273 : 0,27,152,92,77,143,63,162,220,0, 26,4001435,14803286,16848598,18279318,20141915,20414629,21149328,21395994,
route with flow 0.1173 : 0,28,153,75,52,12,0, 27,2671519,12525288,20057780,20899286,21395052,
route with flow 0.0273 : 0,29,159,29,159,29,159,29,159,29,159,118,202,163,224,0, 28,188678,693347,2152976,3771686,6589235,8772775,12037907,14759855,17968520,19562984,20259070,21184821,21203710,21396182,
route with flow 0.0273 : 0,30,5,133,57,133,5,57,133,5,57,133,5,57,133,5,57,5,133,130,57,0, 29,1291387,2734003,3110315,3486807,3890916,6011996,6499166,6972378,9267016,9787362,10307192,12926440,13551462,14171947,16844647,17333376,19181256,19498229,21282492,21396489,
route with flow 0.0273 : 0,32,189,32,218,0, 31,1350910,9437567,17392978,21382867,
route with flow 0.0273 : 0,34,5,133,57,133,5,57,133,57,133,57,133,5,57,5,133,57,133,5,57,133,5,57,133,5,57,133,5,0, 33,470198,1329650,1604474,1882613,2180615,3874636,4317931,4758507,5211572,5677400,6145664,6617446,8895496,9408279,11906337,12499182,13093856,13706350,16464996,16981036,17445562,19261939,19569714,19842121,20792083,20935750,21045475,21395663,
route with flow 0.0273 : 0,35,46,3,67,84,116,0, 34,3896113,9981321,18039113,20500783,20965174,21395385,
route with flow 0.0273 : 0,37,12,137,52,12,37,52,137,12,137,12,0, 36,470492,1647853,3277456,5196841,8029723,12901223,15639214,18074806,20021223,20932083,21395170,
route with flow 0.0273 : 0,38,47,177,109,285,177,150,0, 37,2034456,4949592,10123876,13526403,16963531,20496205,21393746,
route with flow 0.1173 : 0,39,139,27,152,92,77,63,98,0, 38,1860,1180469,10452665,20272105,20900224,21202399,21256761,21396376,
route with flow 0.0273 : 0,40,71,276,224,194,163,207,163,194,224,276,71,211,0, 39,1815755,2256561,3287371,4422353,8384191,8548472,13507947,13710549,18163264,19187017,20028053,20312666,21393002,
route with flow 0.0273 : 0,44,19,122,117,55,122,19,44,260,220,151,0, 43,141773,987344,2809387,7517747,13192424,16959510,19626583,20791290,21112435,21284084,21396485,
route with flow 0.0273 : 0,45,160,89,161,235,161,89,160,165,0, 44,1291828,5045563,6375345,8044819,13963814,16066429,17440809,20625820,21394156,
route with flow 0.1173 : 0,46,3,64,3,0, 45,1019038,6427458,18768680,21387699,
route with flow 0.0273 : 0,47,285,109,177,109,285,177,47,105,0, 46,291502,1207221,2993772,7760048,10809365,14301235,19322862,20929025,21395243,
route with flow 0.0273 : 0,48,194,163,202,118,159,29,159,29,159,202,163,194,276,0, 47,63036,936351,1018949,2896823,3989696,6013402,9009124,11356254,15046846,17435387,19830618,19907977,21199868,21396187,
route with flow 0.0273 : 0,50,98,164,162,283,164,98,226,227,0, 49,789472,1168853,4707614,7309247,13190747,18640807,19268213,21063424,21395729,
route with flow 0.0273 : 0,52,103,124,52,137,37,12,0, 51,93648,3917716,14055861,16719960,18841210,20958488,21395359,
route with flow 0.0273 : 0,53,286,218,53,0, 52,1676365,7859925,17597076,21383725,
route with flow 0.0273 : 0,54,71,276,224,194,48,194,224,276,237,0, 53,5216667,5910424,7321795,8661130,13208968,15495948,19251984,20028441,20636339,21394164,
route with flow 0.0273 : 0,55,122,188,115,117,55,122,111,99,236,0, 54,671350,2229540,6567420,8407637,14271979,19322636,20789385,21020310,21216757,21396235,
route with flow 0.0273 : 0,56,160,89,161,235,161,89,160,0, 55,3792444,8736735,10170341,12055173,18052998,19342257,20088443,21392322,
route with flow 0.0273 : 0,57,236,17,89,161,235,99,235,161,89,161,17,236,0, 56,3392,48514,1190856,1948864,3097886,8000850,9278940,15459212,17325302,18476263,19635565,21236155,21396328,
route with flow 0.0273 : 0,58,82,180,0, 57,2341788,11268428,21360099,
route with flow 0.0273 : 0,60,68,60,68,24,60,83,118,202,163,258,0, 59,441580,1997509,5520322,9125668,13980902,18553949,19900762,20508997,21246608,21257035,21396385,
route with flow 0.1173 : 0,62,107,214,263,0, 61,1607961,10986998,18341920,21386266,
route with flow 0.0273 : 0,63,143,77,92,152,27,77,143,0, 62,5882,273513,660141,1334255,10066171,20371621,20933767,21395276,
route with flow 0.0273 : 0,66,77,27,152,92,77,143,63,0, 65,142117,430646,8069389,18959106,20026578,20676913,21255646,21396374,
route with flow 0.1173 : 0,67,174,268,174,0, 66,363672,6643815,16775868,21380874,
route with flow 0.0273 : 0,69,39,63,77,92,152,27,92,77,0, 68,338584,438996,595310,1162764,2093049,11530513,20838097,21202295,21396167,
route with flow 0.0273 : 0,71,276,224,163,202,118,159,29,159,29,159,29,159,202,163,224,276,0, 70,6302,86597,262698,291132,1319319,2098214,3670484,6472834,8650938,11897768,14611858,17865107,19490863,20896671,20936616,21187168,21396151,
route with flow 0.0273 : 0,72,71,276,224,194,48,264,194,224,276,71,211,0, 71,832456,1117074,1874684,2746672,6344004,8163535,13812846,18262973,19266855,20088302,20364258,21393183,
route with flow 0.1173 : 0,74,220,190,162,283,164,190,220,74,0, 73,248122,658520,3068018,5423903,10912153,16943189,20191860,20830490,21394890,
route with flow 0.1173 : 0,75,28,75,154,0, 74,1887666,10080273,18710105,21387474,
route with flow 0.1173 : 0,76,183,288,0, 75,2843547,14187552,21371747,
route with flow 0.0273 : 0,77,92,152,27,92,77,143,63,98,0, 76,45718,236582,6518855,18199666,19492462,20309781,21149079,21229116,21396269,
route with flow 0.0273 : 0,79,197,155,137,0, 78,1070262,11651001,20997332,21395514,
route with flow 0.0273 : 0,80,33,61,92,77,143,63,98,0, 79,441833,8070446,18317300,19564452,20361405,21167988,21238946,21396310,
route with flow 0.0273 : 0,81,8,111,122,117,55,122,19,44,260,161,236,0, 80,171315,490957,741613,2308015,6800447,12298662,16189092,19174075,20548718,20965662,21238341,21396320,
route with flow 0.0273 : 0,83,60,68,60,68,24,60,83,159,118,163,0, 82,82989,1139234,3453501,7530364,11337626,16447867,19891569,20754617,21215856,21290250,21396514,
route with flow 0.1173 : 0,84,127,84,67,3,46,35,0, 83,38006,180000,460801,2221906,8592783,15738877,21377167,
route with flow 0.0273 : 0,85,81,221,99,235,161,89,161,17,236,0, 84,969805,2641218,7873854,9155100,15313908,17210686,18379338,19564921,21225677,21396291,
route with flow 0.0273 : 0,87,160,89,161,235,99,235,161,89,161,236,57,133,0, 86,748529,3840573,5091189,6724621,12297494,13857580,19163030,20145787,20677693,21111827,21247989,21279246,21396463,
route with flow 0.0273 : 0,89,220,190,162,283,66,283,162,164,98,0, 88,31500,197605,1704065,3564665,8732988,11624196,17845901,19767869,21262810,21396406,
route with flow 0.0273 : 0,90,57,133,5,57,133,5,57,133,5,57,133,5,57,133,5,57,133,5,57,5,133,57,5,133,0, 89,1019379,1286070,1535910,3000241,3389906,3787133,5894734,6381046,6853972,9142890,9660376,10176202,12776574,13398736,14018666,16719452,17219144,17665690,19416015,19708432,20714770,20868977,20994345,21283885,21396492,
route with flow 0.1173 : 0,91,16,241,40,0, 90,1177301,6430218,18490721,21386903,
route with flow 0.1173 : 0,92,152,27,139,143,63,0, 91,53812,5000175,16748871,20781065,21278305,21396460,
route with flow 0.1173 : 0,94,40,16,245,0, 93,2756832,10090540,17833810,21384420,
route with flow 0.0273 : 0,95,79,197,79,39,0, 94,1351375,6315785,19027894,21269914,21396431,
route with flow 0.0273 : 0,97,13,18,63,39,0, 96,5216897,14529027,21240576,21284401,21396479,
route with flow 0.0273 : 0,98,164,162,283,66,283,162,190,220,89,0, 97,12791,928890,2397043,7154242,9894728,16300867,18749895,20927023,21228383,21396268,
route with flow 0.0273 : 0,99,111,117,122,117,122,55,117,111,99,236,0, 98,25940,88785,1558683,3758594,8735049,12180233,18054352,20891779,21091529,21247969,21396353,
route with flow 0.0273 : 0,100,159,29,159,29,159,29,159,118,202,163,194,276,224,0, 99,155686,619643,2002478,3569569,6352995,8527955,11755907,14460928,16072123,19010344,19109750,20959883,21216483,21396260,
route with flow 0.1173 : 0,103,154,28,154,0, 102,2263029,8834145,18701417,21387568,
route with flow 0.0273 : 0,104,23,49,31,144,4,31,4,144,31,49,104,231,0, 103,884,292414,338002,2617642,4739258,8144680,13964516,17860998,19700690,21262612,21273095,21284540,21396487,
route with flow 0.1173 : 0,105,47,109,285,177,109,285,177,47,0, 104,189141,1257102,3083898,5654027,10914392,14451719,17650270,20745513,21394539,
route with flow 0.1173 : 0,106,11,22,244,0, 105,4214884,17106824,20819277,21394860,
route with flow 0.1173 : 0,107,214,263,248,0, 106,3690723,10107124,18525547,21386868,
route with flow 0.0273 : 0,109,258,163,202,159,29,159,29,159,29,159,118,202,163,224,276,0, 108,171851,309741,338459,1443772,2822479,5416329,7555539,10673953,13230437,16835768,18752569,19638081,20961430,20995087,21216623,21396255,
route with flow 0.0273 : 0,110,57,5,133,57,5,133,57,5,133,57,133,5,57,133,57,5,133,57,5,133,0, 109,4542047,5096763,7311961,7814716,8298581,10684241,11237332,11783831,14609241,15219506,15796765,16346892,18470667,18851224,19190189,19497396,20591760,20758324,20902462,21264504,21396423,
route with flow 0.0273 : 0,111,122,117,122,117,55,122,19,260,161,0, 110,13036,367920,2787899,5532119,10781059,16940543,19484780,20929400,21187189,21396121,
route with flow 0.1173 : 0,113,103,124,137,0, 112,4875236,13920800,21051869,21395689,
route with flow 0.0273 : 0,114,5,133,57,133,5,57,133,5,57,5,133,57,5,133,57,133,5,57,133,5,0, 113,3021678,5079127,5562428,6028402,6499326,8771942,9283422,9787522,12335842,12942719,15781048,16348113,16857060,18841582,19190901,19497466,19776178,20754118,20902497,21020784,21395577,
route with flow 0.1173 : 0,115,80,33,61,92,77,143,0, 114,63210,1033126,9930334,19592712,20461212,20964919,21395384,
route with flow 0.0273 : 0,116,84,67,3,46,35,0, 115,155899,431260,2145656,8470373,15594574,21376657,
route with flow 0.0273 : 0,117,122,117,55,122,19,44,260,161,236,0, 116,671637,2229184,6682041,12155374,16052244,19091566,20505313,20934566,21228375,21396281,
route with flow 0.0273 : 0,118,159,29,159,29,159,29,159,29,159,202,163,48,276,224,0, 117,31726,278629,1205548,2484506,4957023,7075910,10149710,12630116,16325119,18374612,20355562,20416231,20992142,21228645,21396302,
route with flow 0.0273 : 0,120,98,164,162,164,98,226,227,0, 119,4323054,5208165,10255779,13378140,18733257,19346223,21086497,21395809,
route with flow 0.1173 : 0,121,198,219,256,0, 120,2843849,9708939,17396508,21382989,
route with flow 0.0273 : 0,122,117,122,117,122,55,117,111,99,0, 121,207571,2209125,4729916,9862193,13522735,18912349,21126529,21238853,21396311,
route with flow 0.0273 : 0,124,103,52,137,52,12,37,0, 123,3113799,11415622,14156368,16967115,18843216,20457085,21393617,
route with flow 0.0273 : 0,125,5,133,57,133,5,57,133,5,57,133,5,57,133,5,57,133,5,57,5,0, 124,3690802,5893377,6382690,6853812,7329884,9643970,10176042,10702164,13382330,14018506,14626224,17207370,17665593,18086016,19701758,19969357,20206812,20991684,21091902,21395747,
route with flow 0.0273 : 0,126,57,133,5,57,133,5,57,133,5,57,133,5,57,133,57,133,5,57,133,5,0, 125,4875477,5444380,5911300,8160750,8665938,9159456,11628554,12208960,12793140,15638628,16212997,16732257,18752048,19107583,19423586,19708497,19969407,20865147,20994372,21091941,21395825,
route with flow 0.0273 : 0,128,5,133,57,133,5,57,133,5,57,133,57,133,5,57,133,5,30,0, 127,2341999,4192371,4649274,5096890,5560944,7796666,8298708,8788508,11219282,11783958,12352460,12942846,13551622,16333276,16857165,17333575,19181905,21388923,
route with flow 0.0273 : 0,130,236,17,89,161,235,161,89,160,165,0, 129,923224,1467413,5164256,6492318,8166371,14118245,16203102,17551529,20667259,21394301,
route with flow 0.0273 : 0,132,116,84,127,119,24,68,60,29,118,163,0, 131,470883,1581580,2490619,3576535,8611682,13360853,17533841,20403400,21200716,21289055,21396509,
route with flow 0.0273 : 0,133,57,236,17,161,235,161,89,161,235,161,89,160,0, 132,3501,19751,88112,1431159,2487862,7154910,8900113,10300184,12198175,18152707,19418124,20147543,21392529,
route with flow 0.0273 : 0,134,98,220,190,162,283,164,98,227,165,0, 133,601065,915757,1729599,5169775,7792595,13806799,18999541,19568258,20633823,21394234,
route with flow 0.1173 : 0,137,124,103,113,0, 136,116626,5236216,14384326,21372366,
route with flow 0.0273 : 0,138,69,39,63,66,283,162,164,98,226,227,0, 137,338901,1849569,2107573,2498007,4628297,9989501,13073547,18547013,19188425,21039626,21395645,
route with flow 0.1173 : 0,139,27,152,77,143,63,0, 138,1019636,10059409,20103777,20755617,21271887,21396434,
route with flow 0.0273 : 0,142,105,47,109,285,177,47,105,0, 141,1816077,4075608,7538140,10545097,13995345,19163676,20861448,21395006,
route with flow 0.0273 : 0,143,77,152,27,77,143,63,259,0, 142,172245,491284,7711781,19119176,20087300,21065808,21170433,21396065,
route with flow 0.0273 : 0,146,71,276,224,194,48,264,194,224,276,272,0, 145,1019967,1344981,2172526,3103863,6816770,8652317,14428491,18648095,19567027,20310706,21393016,
route with flow 0.0273 : 0,147,263,214,248,0, 146,2844201,10092173,17619985,21383663,
route with flow 0.1173 : 0,148,197,269,0, 147,3022156,15658889,21377020,
route with flow 0.1173 : 0,149,187,273,0, 148,4763793,15964270,21378099,
route with flow 0.0273 : 0,150,258,163,202,118,159,29,159,29,159,202,163,224,276,237,0, 149,442344,665373,708711,2306584,3288737,5196572,8150824,10423594,13992174,16594231,19334227,19425495,20147778,20717293,21394450,
route with flow 0.0273 : 0,151,220,164,162,283,66,283,162,164,98,0, 150,3950,96006,1559871,3369715,8488168,11350490,17628659,19631633,21245422,21396344,
route with flow 0.1173 : 0,152,27,139,143,63,220,0, 151,3491859,14792092,20126980,21088544,21187682,21396124,
route with flow 0.1173 : 0,153,28,75,137,12,0, 152,3395533,12541914,20057819,20963354,21395286,
route with flow 0.1173 : 0,154,75,28,75,0, 153,1540850,8217506,18220690,21385741,
route with flow 0.1173 : 0,155,148,155,0, 154,4432334,14664457,21373232,
route with flow 0.1173 : 0,156,123,156,203,0, 155,1351706,10067447,17938731,21384766,
route with flow 0.0273 : 0,159,29,159,29,159,29,159,29,159,202,163,194,276,0, 158,93862,685159,1655768,3759208,5778591,8760297,11085407,14748204,17208091,19696174,19777896,21166339,21396067,
route with flow 0.0273 : 0,160,89,161,222,221,99,235,161,89,161,236,57,0, 159,634610,1165697,2093979,6797174,13033372,14622094,19546071,20411394,20867184,21202338,21284314,21396481,
route with flow 0.0273 : 0,161,89,161,222,221,99,235,161,89,161,17,0, 160,54037,200443,555307,3630848,9222938,10565960,16815669,18376412,19344582,20257154,21392748,
route with flow 0.0273 : 0,162,283,66,283,162,190,222,161,89,0, 161,142610,2055995,4082432,9352569,12331965,17526865,20820238,21186600,21396109,
route with flow 0.0273 : 0,163,202,118,159,29,159,29,159,29,159,29,159,202,163,258,0, 162,775,248595,558684,1394333,3363860,5312976,8272376,10555156,14146011,16720537,19257183,20410472,21227116,21239260,21396321,
route with flow 0.1173 : 0,164,162,283,66,283,162,164,98,227,0, 163,634970,1862708,6325686,9014692,15312612,18073702,20857925,21068517,21395699,
route with flow 0.0273 : 0,165,227,98,164,162,283,164,98,227,165,0, 164,339345,1050964,1468132,5277009,7913861,13963243,19082625,19638821,20675153,21394378,
route with flow 0.1173 : 0,166,16,40,212,0, 165,3589897,10234451,18710776,21387502,
route with flow 0.0273 : 0,167,237,276,224,194,48,194,224,276,71,211,0, 166,1541298,4283980,5669259,6967410,11198646,13385045,17962815,19021882,19903502,20206499,21392623,
route with flow 0.1173 : 0,168,181,286,218,0, 167,2757259,9212230,17501371,21383258,
route with flow 0.0273 : 0,170,206,145,0, 169,5217376,15692817,21376915,
route with flow 0.0273 : 0,171,276,224,163,202,118,159,29,159,29,159,202,163,224,276,0, 170,789937,1463610,2252438,2340475,4953259,6256649,8406118,11618628,14309139,17648173,19340830,20826634,20869563,21150952,21396025,
route with flow 0.0273 : 0,173,231,48,163,202,159,29,159,29,159,29,159,118,202,163,224,276,71,0, 172,9127,29321,196143,226589,1146781,2401947,4842343,6956645,10017287,12481965,16189449,18276025,19267376,20789273,20834031,21132004,21278975,21396461,
route with flow 0.1173 : 0,174,268,174,67,0, 173,3022514,11965715,20566399,21393970,
route with flow 0.0273 : 0,175,189,32,286,0, 174,2342469,11267995,18809286,21387854,
route with flow 0.1173 : 0,177,47,177,109,285,177,47,105,0, 176,671850,2548874,7157436,10150983,13528301,18911996,20750069,21394614,
route with flow 0.0273 : 0,178,232,183,39,259,0, 177,2034928,11944508,21023658,21113479,21395861,
route with flow 0.0273 : 0,179,105,47,109,285,177,47,105,0, 178,1676472,3863454,7296752,10281973,13683029,18998052,20788151,21394748,
route with flow 0.1173 : 0,180,58,82,180,0, 179,1233532,8335667,18605061,21387164,
route with flow 0.0273 : 0,181,32,240,218,0, 180,1351902,6902982,17586120,21383644,
route with flow 0.1173 : 0,183,288,216,39,0, 182,4323530,16990018,21251810,21396371,
route with flow 0.0273 : 0,184,187,184,0, 183,4108121,15097535,21374864,
route with flow 0.0273 : 0,185,281,237,171,281,0, 184,2263443,8836363,13059515,18909953,21388172,
route with flow 0.0273 : 0,186,262,184,262,0, 185,1123078,7015309,18680874,21387527,
route with flow 0.1173 : 0,187,149,187,0, 186,3590317,15949292,21378061,
route with flow 0.0273 : 0,188,122,117,55,122,19,44,260,161,89,0, 187,635217,2152648,6563921,12012372,15913353,19008669,20458868,20901292,21216162,21396221,
route with flow 0.1173 : 0,189,170,206,0, 188,2932402,15514572,21376526,
route with flow 0.0273 : 0,190,162,283,66,283,162,164,98,227,0, 189,471216,1516131,5738804,8400354,14573159,17542533,20666949,20935082,21395216,
route with flow 0.0273 : 0,191,71,276,224,163,202,118,159,29,159,29,159,202,163,224,276,0, 190,635453,871372,1527821,2331269,2421601,5066794,6374483,8528528,11757626,14461392,17757157,19416740,20862510,20903378,21169861,21396091,
route with flow 0.1173 : 0,193,253,193,286,0, 192,1816511,10209088,18711132,21387536,
route with flow 0.0273 : 0,194,163,202,118,159,29,159,29,159,29,159,202,163,224,71,0, 193,388903,441140,1712334,2575502,4303217,7183270,9393406,12766648,15494767,18464870,19900571,21064930,21092516,21256500,21396375,
route with flow 0.1173 : 0,195,181,286,53,0, 194,3793040,10627952,18622936,21387087,
route with flow 0.0273 : 0,196,262,102,186,39,0, 195,3492380,10884583,19225878,21286196,21396497,
route with flow 0.1173 : 0,197,155,280,0, 196,5217613,17457914,21383295,
route with flow 0.1173 : 0,198,219,280,256,0, 197,1541567,7023436,17024399,21381668,
route with flow 0.0273 : 0,199,105,177,109,285,177,47,105,0, 198,1070745,2899460,7639068,10676945,14149115,19244333,20895655,21395127,
route with flow 0.1173 : 0,200,269,200,0, 199,4001839,15240483,21375405,
route with flow 0.1173 : 0,201,212,16,166,0, 200,1960948,8344782,16150484,21378646,
route with flow 0.0273 : 0,202,159,29,159,29,159,29,159,29,159,118,202,163,224,0, 201,227121,772780,2308629,3980972,6825761,9019883,12324197,15056779,18168747,19702146,20362923,21214738,21229505,21396279,
route with flow 0.1173 : 0,203,156,123,156,0, 202,1816702,7742289,18596792,21387242,
route with flow 0.1173 : 0,204,94,209,0, 203,4323624,14066112,21371069,
route with flow 0.0273 : 0,205,74,220,190,162,283,164,98,226,0, 204,442448,1852902,3005818,7048827,9766885,16166607,20132178,20509868,21393709,
route with flow 0.1173 : 0,206,170,189,0, 205,3022704,15658566,21377039,
route with flow 0.0273 : 0,207,163,202,159,29,159,29,159,29,159,118,202,163,276,0, 206,471504,533774,1927373,3471520,6235161,8405545,11616909,14308584,17647036,19340526,20089076,21129348,21152133,21396001,
route with flow 0.0273 : 0,208,220,164,162,283,164,98,50,0, 207,923495,1799519,5859887,8523051,14722797,19475133,19968016,21391904,
route with flow 0.1173 : 0,209,94,204,0, 208,5102583,15118820,21374883,
route with flow 0.1173 : 0,210,170,189,0, 209,4002028,16985389,21381694,
route with flow 0.0273 : 0,211,71,276,224,163,202,159,29,159,29,159,118,202,163,224,276,71,0, 210,534217,743487,1338053,2099938,2184822,4728526,6838239,9887441,12336675,16052607,18176316,19187558,20751222,20796785,21112405,21272588,21396435,
route with flow 0.0273 : 0,212,71,276,224,194,264,194,224,276,71,211,0, 211,1541707,1954996,2918704,3991451,7897510,13501102,18063555,19104508,19966615,20260463,21392817,
route with flow 0.0273 : 0,214,263,107,263,0, 213,1177834,7251755,18497860,21386874,
route with flow 0.1173 : 0,215,187,262,186,39,0, 214,1676841,10987907,19064648,21276624,21396457,
route with flow 0.1173 : 0,217,282,233,0, 216,3396647,13132367,21367806,
route with flow 0.0273 : 0,218,32,189,32,0, 217,2422578,8716483,18878589,21388033,
route with flow 0.1173 : 0,219,280,256,198,0, 218,1234040,8699343,18608954,21387171,
route with flow 0.0273 : 0,220,164,162,283,66,283,162,164,98,151,0, 219,54399,1304740,2996170,8000244,10813660,17179091,19338264,21198640,21272761,21396439,
route with flow 0.1173 : 0,221,111,122,117,55,122,19,44,260,89,0, 220,876939,1282908,3266921,8123791,13964920,17537067,19957158,20963084,21202765,21396169,
route with flow 0.0273 : 0,222,190,162,283,66,283,162,98,227,0, 221,790139,3444148,5890663,11452604,14755008,19685595,20828521,21044965,21395615,
route with flow 0.0273 : 0,223,159,29,159,29,159,29,159,118,202,163,224,276,71,0, 222,877274,2014098,4290166,6365473,9380355,11768385,15482991,17764298,18848459,20588938,20639205,21019797,21238602,21396309,
route with flow 0.0273 : 0,224,163,242,159,29,159,29,159,29,159,118,202,163,224,276,71,0, 223,32018,45294,933765,2089490,4399396,6483593,9506197,11908527,15628160,17872172,18937885,20630883,20680460,21044553,21247815,21396343,
route with flow 0.0273 : 0,226,98,162,283,66,283,162,164,98,227,0, 225,442759,702365,1935807,6443806,9138532,15457921,18173411,20892301,21091467,21395780,
route with flow 0.0273 : 0,227,98,164,162,283,66,283,162,164,0, 226,105122,221675,2134636,4189657,9478888,12476774,18447621,20142774,21392462,
route with flow 0.0273 : 0,231,48,163,202,118,159,29,159,29,159,29,159,202,163,224,276,71,0, 230,4066,106621,128755,849142,1464976,2823052,5418048,7556112,10675672,13231010,16837079,18752929,20546420,20597377,20993361,21228696,21396267,
route with flow 0.1173 : 0,232,183,232,0, 231,3793329,15669038,21376987,
route with flow 0.1173 : 0,233,248,263,248,0, 232,3396900,10490637,18803655,21387841,
route with flow 0.1173 : 0,234,281,171,281,0, 233,5218312,12860663,18820035,21387859,
route with flow 0.0273 : 0,235,99,221,222,221,99,235,236,57,133,0, 234,709469,1223952,5501281,11178478,17842876,18848942,21126340,21256618,21284440,21396483,
route with flow 0.0273 : 0,236,17,89,161,235,99,235,161,89,161,17,236,57,0, 235,21255,977273,1664207,2740695,7516358,8783866,14872650,16848172,18081806,19342620,21182764,21279105,21396459,
route with flow 0.0273 : 0,237,276,224,163,202,159,29,159,29,159,118,202,163,258,150,0, 236,314727,699275,1223609,1290437,3360137,5312403,8270657,10554583,14144328,16720170,17982906,20139726,20208267,20510251,21393696,
route with flow 0.1173 : 0,240,170,189,0, 239,3114153,15801875,21377545,
route with flow 0.0273 : 0,241,71,276,224,194,48,264,224,276,237,0, 240,4432544,5096174,6491237,7808264,12171918,14462717,19324700,20088683,20677634,21394309,
route with flow 0.0273 : 0,242,202,159,29,159,29,159,29,159,118,202,163,276,0, 241,471830,1854274,3374619,6117613,8283135,11479913,14156544,17537356,19262390,20028842,21109518,21133222,21395934,
route with flow 0.1173 : 0,244,106,11,22,0, 243,189487,7103695,19501589,21390395,
route with flow 0.1173 : 0,245,146,166,16,0, 244,2342714,7871340,18868289,21388022,
route with flow 0.0273 : 0,246,5,133,57,133,5,57,133,5,57,133,5,57,133,5,57,133,5,57,133,5,57,133,57,133,57,0, 245,1542215,3091194,3488451,3890756,4318091,6482760,6972218,7450578,9770956,10307032,10834584,13535056,14171791,14774544,17322100,17774485,18185725,19769444,20030720,20260760,21018192,21113179,21187808,21239014,21272914,21396433,
route with flow 0.0273 : 0,247,285,109,177,47,199,0, 246,4542848,7426045,10415719,16564254,19555048,21390364,
route with flow 0.1173 : 0,248,263,248,282,0, 247,1542759,7976917,16279045,21379115,
route with flow 0.1173 : 0,249,169,254,0, 248,3590911,15666765,21377005,
route with flow 0.1173 : 0,250,53,218,53,0, 249,2035037,8709917,18322055,21386239,
route with flow 0.1173 : 0,253,206,170,0, 252,2844432,12242543,21364121,
route with flow 0.1173 : 0,255,204,255,0, 254,3492897,15233776,21375451,
route with flow 0.1173 : 0,256,280,219,198,0, 255,2671933,11274776,18628486,21387251,
route with flow 0.0273 : 0,257,71,276,224,194,163,202,118,159,29,159,29,159,202,163,258,0, 256,227320,359474,738276,1281548,4066841,4214787,7299628,8659375,10952416,14601119,17089961,19485747,20550032,21255324,21265634,21396415,
route with flow 0.0273 : 0,258,276,224,163,202,159,29,159,29,159,29,159,118,202,163,224,276,0, 257,9459,97788,285072,314366,1380994,2736193,5299925,7434845,10542105,13078283,16710451,18660240,19567500,20930023,20967568,21202756,21396206,
route with flow 0.0273 : 0,259,164,162,283,66,283,162,164,98,151,0, 258,63581,1365802,3088480,8121796,10946652,17294783,19414251,21212960,21279122,21396465,
route with flow 0.0273 : 0,260,44,19,111,122,117,55,122,19,44,260,0, 259,32186,371553,1641521,2177293,4619251,9733997,15891488,18835757,20630050,21227771,21396283,
route with flow 0.1173 : 0,262,186,262,184,0, 261,1677127,7025140,15430529,21375911,
route with flow 0.1173 : 0,263,107,214,263,0, 262,1745846,11255556,18535504,21386939,
route with flow 0.0273 : 0,264,48,163,202,118,29,159,29,159,29,159,202,163,276,0, 263,635717,1396472,1475906,3655388,4863416,7786740,10030338,13525130,16200404,18926431,20201712,21167282,21188238,21396130,
route with flow 0.0273 : 0,270,181,286,53,0, 269,3023289,9588612,17828832,21384295,
route with flow 0.0273 : 0,271,105,47,109,285,47,105,272,0, 270,2263842,4730993,8265736,11346195,14901704,18556449,20356294,21393197,
route with flow 0.0273 : 0,272,224,163,202,159,29,159,29,159,118,202,163,194,276,0, 271,534657,1008883,1069408,2986592,4854821,7785021,10029765,13523411,16200000,17552703,19895146,19971009,21214052,21396238,
route with flow 0.1173 : 0,273,187,149,0, 272,3591216,14349918,21372131,
route with flow 0.1173 : 0,274,174,274,3,0, 273,1817007,10467417,18892290,21388013,
route with flow 0.0273 : 0,276,224,163,202,118,159,29,159,29,159,29,159,202,163,224,276,71,0, 275,38678,165160,188434,1040379,1734151,3186841,5884808,8040604,11209356,13847062,17315224,19100203,20712142,20758964,21091085,21265054,21396405,
route with flow 0.1173 : 0,277,155,197,0, 276,2343010,13413703,21368887,
route with flow 0.1173 : 0,278,2,180,0, 277,2844515,11141462,21359734,
route with flow 0.1173 : 0,279,243,273,279,0, 278,1178102,8576662,19362934,21389873,
route with flow 0.1173 : 0,280,155,197,0, 279,2587532,13877029,21370615,
route with flow 0.0273 : 0,281,276,224,194,48,194,224,276,237,171,0, 280,1543060,2491291,3481999,7292682,9145605,13824908,15502742,17095743,19893050,21391640,
route with flow 0.1173 : 0,282,248,263,248,0, 281,3023643,9967538,18429042,21386532,
route with flow 0.0273 : 0,283,162,190,162,283,164,98,50,0, 282,748819,2084780,5750361,8400641,14573703,19400641,19904929,21391683,
route with flow 0.0273 : 0,284,165,87,160,89,161,17,236,0, 283,2264189,5525500,11044853,17063324,18281915,19492558,21213092,21396248,
route with flow 0.0273 : 0,285,109,242,202,159,29,159,29,159,118,202,163,224,0, 284,172564,899443,3642867,6705351,8896329,12180909,14908908,18069038,19633675,20311316,21200641,21217466,21396233,
route with flow 0.1173 : 0,286,193,253,193,0, 285,1543264,8097612,18317016,21386160,
route with flow 0.0273 : 0,287,89,161,235,99,235,161,89,287,87,0, 286,472004,912545,1730215,5973648,7205120,12888440,15060275,16600582,20014867,21391951,
route with flow 0.1173 : 0,288,183,76,0, 287,4876177,16994949,21381544,
route with flow 0.09 : 0,10,101,60,68,60,68,24,60,83,0, 9,128941,806933,3350588,6701814,11194940,15623147,19406357,21108322,21395837,
route with flow 0.09 : 0,85,81,221,222,221,99,17,0, 84,969805,2641218,7873976,14115779,19614584,20259283,21392748,
route with flow 0.09 : 0,2,25,2,0, 1,2341157,12373906,21364530,
route with flow 0.09 : 0,8,111,122,55,108,117,55,122,111,99,0, 7,45450,124372,806355,4051887,9726608,15891679,20071546,21109582,21228999,21396270,
route with flow 0.09 : 0,12,137,75,153,28,0, 11,171156,730386,6303114,17358495,21382962,
route with flow 0.09 : 0,16,211,72,257,191,16,0, 15,1291305,4712394,10379699,14294867,19245964,21389202,
route with flow 0.09 : 0,17,89,287,89,160,287,160,87,0, 16,600481,1111641,4060753,5321127,10389756,15758766,19949795,21391839,
route with flow 0.09 : 0,18,225,97,39,259,0, 17,3792222,11020435,21046190,21132989,21395932,
route with flow 0.09 : 0,19,92,152,27,139,0, 18,247420,657621,8318683,19507698,21390342,
route with flow 0.09 : 0,23,49,31,144,4,31,144,4,31,49,104,173,0, 22,247664,290675,2451378,4517928,7901862,13652339,16717193,19555589,21245211,21257041,21273052,21396441,
route with flow 0.09 : 0,26,84,127,119,88,24,68,60,83,0, 25,567209,1110048,1874292,6209020,11323302,16447642,19482633,21128249,21395909,
route with flow 0.09 : 0,32,1,32,240,0, 31,1350723,8822387,16798228,21380926,
route with flow 0.09 : 0,35,46,3,67,84,127,84,0, 34,3896113,9981321,18039113,20500783,20965176,21216447,21396245,
route with flow 0.09 : 0,37,12,137,52,103,124,52,0, 36,470492,1647853,3277456,5196931,14229028,21097713,21395832,
route with flow 0.09 : 0,38,47,177,150,272,199,0, 37,2034456,4949592,10123917,15328537,19549694,21390448,
route with flow 0.09 : 0,40,211,72,211,237,171,0, 39,1815895,5631001,11449023,17067802,19893050,21391640,
route with flow 0.09 : 0,43,279,228,43,0, 42,1233465,6314669,19029166,21388642,
route with flow 0.09 : 0,44,19,111,117,55,122,19,44,260,190,0, 43,141773,987333,1405022,5274897,10516570,14296086,17965928,19834167,20463049,21393533,
route with flow 0.09 : 0,45,284,56,90,0, 44,1291952,8337650,19360084,21389887,
route with flow 0.09 : 0,47,105,177,109,285,177,105,199,0, 46,291322,1262042,5044724,7909279,10944255,17062298,19485253,21390108,
route with flow 0.09 : 0,48,104,49,31,144,4,31,144,4,31,49,104,231,173,0, 47,62946,92447,103907,1626645,3370869,6584810,12012107,15200293,18650711,21061354,21092540,21133118,21203399,21396214,
route with flow 0.09 : 0,49,31,4,144,31,144,4,31,49,23,104,231,0, 48,318,709661,2549987,4628906,9733511,12625793,16832389,20448666,20512013,21255170,21273065,21396442,
route with flow 0.09 : 0,50,98,164,283,162,190,220,98,50,0, 49,789472,1168853,4707734,10120205,13225727,18159294,19418259,19904929,21391683,
route with flow 0.09 : 0,52,75,153,28,244,0, 51,93620,3413451,13736753,20880840,21395102,
route with flow 0.09 : 0,53,193,253,193,0, 52,1676272,8341288,18511176,21386838,
route with flow 0.09 : 0,54,171,281,167,0, 53,5216767,10909978,18806903,21387804,
route with flow 0.09 : 0,57,236,17,235,99,221,222,161,17,236,0, 56,3392,48514,1191002,5042422,6258716,12292459,18446783,19635199,21236155,21396328,
route with flow 0.09 : 0,58,82,2,0, 57,2341788,11268252,21359922,
route with flow 0.09 : 0,63,139,27,152,92,143,0, 62,5878,1296288,10716361,20375499,20964708,21395319,
route with flow 0.09 : 0,64,9,41,84,116,258,0, 63,4763329,14817952,20238770,20793851,21271948,21396443,
route with flow 0.09 : 0,66,143,77,152,27,77,66,0, 65,142183,809532,1526887,10459713,20516911,21019181,21395498,
route with flow 0.09 : 0,69,42,93,42,39,259,0, 68,338587,5710430,14980335,21029979,21113479,21395861,
route with flow 0.09 : 0,71,104,23,141,144,4,31,144,4,31,49,23,104,231,173,0, 70,6130,16095,417851,532569,1516999,3964069,8981605,11764635,16048845,20130835,20208285,21184515,21217421,21256867,21396400,
route with flow 0.09 : 0,72,71,264,48,194,264,71,237,171,0, 71,832456,1117062,4597696,6368788,10533042,16566294,17218595,19956351,21391862,
route with flow 0.09 : 0,77,92,152,27,139,63,98,0, 76,45718,236582,6518855,18199695,21144250,21229116,21396269,
route with flow 0.09 : 0,78,20,128,78,0, 77,1351029,9812027,19057969,21388664,
route with flow 0.09 : 0,79,148,256,198,0, 78,1070213,8938418,18793116,21387815,
route with flow 0.09 : 0,81,8,111,117,122,55,117,111,19,44,260,0, 80,171315,490957,741608,3838887,6825085,12299804,18153885,18849598,20630050,21227771,21396283,
route with flow 0.09 : 0,82,58,180,0, 81,2932003,11277030,21360099,
route with flow 0.09 : 0,83,60,68,24,88,119,127,84,26,0, 82,82989,1139234,3453465,7412841,12744548,18544212,19566327,20310542,21392940,
route with flow 0.09 : 0,87,160,287,160,287,87,227,0, 86,748529,3840770,8134212,13810646,18551143,21084188,21395780,
route with flow 0.09 : 0,88,41,9,64,0, 87,600721,4582179,14522554,21372602,
route with flow 0.09 : 0,89,260,44,19,111,117,55,122,19,44,260,220,0, 88,31540,149547,729183,2468542,3105504,7880973,13652604,17313734,19829309,20898471,21169887,21396060,
route with flow 0.09 : 0,90,87,160,287,160,17,236,0, 89,1019409,4814553,9864076,15178652,19687284,21245511,21396360,
route with flow 0.09 : 0,95,172,225,13,39,0, 94,1351467,9191806,17500463,21285586,21396497,
route with flow 0.09 : 0,97,18,13,39,0, 96,5216902,16751183,21242621,21396339,
route with flow 0.09 : 0,98,63,77,92,152,27,139,39,0, 97,12691,41973,198367,554377,7954027,19280859,21282409,21396479,
route with flow 0.09 : 0,99,111,115,80,33,61,92,77,63,0, 98,25940,88783,351249,2143392,12226090,20567667,21067299,21264903,21396404,
route with flow 0.09 : 0,100,83,60,68,60,68,24,60,83,258,0, 99,155611,586405,2799020,5994810,10397846,14742997,18920344,20959685,21264689,21396415,
route with flow 0.09 : 0,104,49,31,144,4,31,144,4,31,49,23,104,231,0, 103,910,2614,792674,2085740,4837918,9991487,12923523,17077243,20539913,20597397,21271474,21284548,21396487,
route with flow 0.09 : 0,109,285,177,47,109,285,177,47,105,0, 108,171878,899092,4265703,7779241,10809365,14301235,19322862,20929025,21395243,
route with flow 0.09 : 0,110,90,284,90,0, 109,4542080,10769540,19527448,21390315,
route with flow 0.09 : 0,111,122,55,115,73,117,55,122,111,99,0, 110,13036,367858,2788752,4305552,9857030,16031092,20130970,21129407,21238853,21396311,
route with flow 0.09 : 0,116,84,127,88,9,41,127,84,116,0, 115,155899,431319,865738,3948862,13594646,19748598,20462329,20934270,21395277,
route with flow 0.09 : 0,118,60,68,24,88,119,127,84,116,100,0, 117,31628,842494,2893291,6697829,11875668,17951626,19103708,19966527,20990851,21395411,
route with flow 0.09 : 0,119,127,67,9,41,127,84,116,0, 118,709209,1337610,4066973,13750232,19815243,20508492,20965386,21395385,
route with flow 0.09 : 0,123,45,156,203,0, 122,3394976,9973732,17833039,21384395,
route with flow 0.09 : 0,124,103,52,137,52,37,12,0, 123,3113799,11415622,14156368,16967115,18843232,20958488,21395359,
route with flow 0.09 : 0,127,88,9,41,127,84,116,132,0, 126,38255,1134301,8819240,16291174,17768984,18936606,20458406,21393517,
route with flow 0.09 : 0,130,236,17,160,287,160,87,0, 129,923224,1467413,5164327,10255616,15614775,19886376,21391617,
route with flow 0.09 : 0,132,116,84,127,88,119,84,127,84,116,132,0, 131,470883,1581580,2490619,3576504,8250276,14270342,16069138,17550521,18757033,20357852,21393162,
route with flow 0.09 : 0,133,8,111,117,122,55,117,122,19,44,260,0, 132,3452,85048,183760,2058056,4508524,9607932,15750112,18745325,20588094,21215485,21396237,
route with flow 0.09 : 0,134,98,220,190,260,222,221,99,235,236,0, 133,601065,915757,1729599,5169871,6493813,12295038,18635028,19495594,21245192,21396353,
route with flow 0.09 : 0,142,267,142,181,0, 141,1816238,10860533,19146293,21389011,
route with flow 0.09 : 0,143,77,152,27,139,39,0, 142,172245,491284,7711781,19119216,21269979,21396431,
route with flow 0.09 : 0,145,169,254,0, 144,3395386,15376530,21375971,
route with flow 0.09 : 0,146,16,241,40,0, 145,1019912,6077002,18196498,21385882,
route with flow 0.09 : 0,147,62,53,62,0, 146,2844001,9835472,18232825,21385731,
route with flow 0.09 : 0,150,258,207,194,48,264,194,48,264,71,0, 149,442344,665417,3069194,6816483,8652317,14428491,18647993,19836665,21270682,21396435,
route with flow 0.09 : 0,151,98,63,139,27,152,92,77,0, 150,3829,33066,79624,2049648,12225033,20840825,21202295,21396167,
route with flow 0.09 : 0,158,277,219,198,0, 157,3207143,11689205,18901714,21388201,
route with flow 0.09 : 0,160,89,287,89,160,287,160,87,0, 159,634610,1165823,4167691,5437531,10521318,15900755,20011696,21392056,
route with flow 0.09 : 0,161,222,221,222,221,99,235,236,0, 160,54169,1555916,6202850,12008748,18444902,19345822,21225259,21396281,
route with flow 0.09 : 0,162,77,152,27,139,63,0, 161,142405,430770,7470107,18952669,21253448,21396374,
route with flow 0.09 : 0,163,49,31,4,144,31,144,4,31,49,23,104,231,0, 162,623,1466,750670,2633978,4739571,9861641,12773657,16956487,20495925,20554995,21263769,21279380,21396467,
route with flow 0.09 : 0,165,160,287,160,287,87,165,0, 164,339279,2618072,6574342,11872684,17188287,20665470,21394301,
route with flow 0.09 : 0,167,281,171,54,0, 166,1541342,7617058,13804398,21370157,
route with flow 0.09 : 0,169,253,169,0, 168,4542529,14520485,21372701,
route with flow 0.09 : 0,170,206,253,0, 169,5217376,15692905,21377004,
route with flow 0.09 : 0,171,237,281,272,281,237,0, 170,789898,2892973,9712717,15321540,20699373,21394450,
route with flow 0.09 : 0,173,231,104,23,49,31,144,4,31,4,144,23,104,231,173,0, 172,9127,29377,44502,574923,633692,3535298,5891817,9375930,15459586,18833504,20306954,21214493,21239226,21272946,21396456,
route with flow 0.09 : 0,175,201,167,185,0, 174,2342481,9702865,17933506,21384755,
route with flow 0.09 : 0,179,105,47,285,109,177,47,105,0, 178,1676472,3863454,7296928,10282659,13683315,18998052,20788151,21394748,
route with flow 0.09 : 0,181,142,267,142,0, 180,1352012,7733255,18504307,21386918,
route with flow 0.09 : 0,184,262,186,262,0, 183,4108196,11699493,18723123,21387527,
route with flow 0.09 : 0,185,167,201,175,0, 184,2263330,8834604,17821811,21384378,
route with flow 0.09 : 0,186,102,262,187,0, 185,1122919,7370308,15863089,21377457,
route with flow 0.09 : 0,188,92,152,27,77,143,0, 187,635187,1334255,10066171,20371621,20933767,21395276,
route with flow 0.09 : 0,190,260,44,19,111,117,55,122,19,44,0, 189,471313,913577,2315080,5065926,5907973,11182323,17296345,19696806,21015687,21395562,
route with flow 0.09 : 0,191,72,211,237,171,281,0, 190,635454,4045113,8620488,12758639,18729518,21387542,
route with flow 0.09 : 0,192,53,192,0, 191,3590508,11017089,21359200,
route with flow 0.09 : 0,194,264,48,194,207,258,177,47,105,0, 193,389003,2790406,4305959,8261537,13202589,14169872,19244333,20895655,21395127,
route with flow 0.09 : 0,196,187,149,0, 195,3492306,14197967,21371573,
route with flow 0.09 : 0,199,105,47,177,109,285,177,105,0, 198,1070745,2899331,6112760,11455798,15048021,18071982,20891718,21395075,
route with flow 0.09 : 0,205,287,160,287,205,287,160,0, 204,442660,2541982,7039494,11741059,16951051,20192238,21392609,
route with flow 0.09 : 0,207,258,207,194,48,264,194,48,264,71,0, 206,471598,703272,3162078,6934889,8774727,14579434,18740398,19901032,21277362,21396461,
route with flow 0.09 : 0,208,205,287,89,287,87,227,165,0, 207,923481,3646961,7891610,9276700,14434452,19545347,20633823,21394234,
route with flow 0.09 : 0,211,237,281,237,171,281,0, 210,534382,2302734,8836363,13059515,18909953,21388172,
route with flow 0.09 : 0,212,40,16,166,0, 211,1541676,8096802,15873304,21377672,
route with flow 0.09 : 0,214,107,214,263,0, 213,1177679,10064348,17619232,21383760,
route with flow 0.09 : 0,218,240,32,181,0, 217,2422785,11674682,19070106,21388723,
route with flow 0.09 : 0,220,260,44,19,111,117,55,122,19,44,260,89,0, 219,54494,201188,855636,2720516,3386739,8245343,14119327,17646749,20018857,20991111,21216630,21396221,
route with flow 0.09 : 0,222,99,221,222,221,99,235,236,0, 221,790048,1341487,5734375,11450754,18049510,19022886,21164363,21396063,
route with flow 0.09 : 0,223,26,116,84,127,88,119,127,84,116,0, 222,877141,3950687,6595178,8047003,9525896,15319322,19885068,20551844,20993153,21395481,
route with flow 0.09 : 0,224,194,48,264,194,207,258,150,199,0, 223,32049,759034,1589781,5511854,9623205,14882905,15795006,19552308,21390364,
route with flow 0.09 : 0,225,172,225,13,0, 224,1542095,9567044,17828054,21384265,
route with flow 0.09 : 0,226,205,287,160,287,87,165,0, 225,442866,2461553,6338675,11593544,16948528,20581968,21394008,
route with flow 0.09 : 0,227,87,160,287,160,287,87,0, 226,105111,1834780,5976986,10527212,16565559,20014867,21391951,
route with flow 0.09 : 0,230,216,230,0, 229,4988597,14076794,21371089,
route with flow 0.09 : 0,231,104,23,141,144,4,31,144,4,31,49,23,104,231,173,0, 230,4122,11790,391750,500163,1452788,3858566,8858051,11625637,15909870,20071408,20151549,21166945,21203659,21248253,21396370,
route with flow 0.09 : 0,235,99,221,222,221,222,161,89,0, 234,709469,1223952,5501281,11178478,17842952,20924305,21228362,21396268,
route with flow 0.09 : 0,236,17,160,287,160,87,227,165,0, 235,21255,977344,4376317,8745404,14577162,19616704,20675153,21394378,
route with flow 0.09 : 0,237,281,272,281,171,237,0, 236,314732,4247289,8865924,17160173,20705302,21394458,
route with flow 0.09 : 0,241,40,16,146,0, 240,4432513,12409753,19389938,21389827,
route with flow 0.09 : 0,246,123,156,203,0, 245,1542333,10460989,18239828,21385820,
route with flow 0.09 : 0,252,215,279,43,0, 251,4764396,12559026,19314910,21389493,
route with flow 0.09 : 0,254,169,145,0, 253,3896811,16089054,21378553,
route with flow 0.09 : 0,257,173,231,104,49,31,144,4,31,4,144,23,104,231,173,0, 256,227422,383523,498979,565742,599564,3437249,5774841,9250946,15314283,18743013,20254562,21200365,21229466,21265466,21396430,
route with flow 0.09 : 0,258,84,127,88,41,9,88,127,84,0, 257,9268,97116,305365,2373015,8110561,18318320,20926084,21202558,21396195,
route with flow 0.09 : 0,259,39,139,27,152,77,63,98,0, 258,63456,103153,2200718,12514755,20909725,21216302,21265360,21396406,
route with flow 0.09 : 0,260,92,152,27,139,39,259,0, 259,32234,196993,6282901,18000277,21104888,21170816,21396065,
route with flow 0.09 : 0,264,194,207,258,285,109,177,47,105,0, 263,635863,2801739,6810391,7569259,10545783,13995631,19163676,20861448,21395006,
route with flow 0.09 : 0,268,6,59,127,84,0, 267,2671947,11958147,20874568,21186946,21396139,
route with flow 0.09 : 0,270,195,107,0, 269,3023303,13729669,21370065,
route with flow 0.09 : 0,271,199,272,281,171,0, 270,2263936,7869726,13048164,19938107,21391771,
route with flow 0.09 : 0,272,150,177,109,285,177,47,105,0, 271,534583,2713417,7397394,10413535,13838901,19081167,20825527,21394879,
route with flow 0.09 : 0,276,224,194,48,264,194,207,258,150,272,0, 275,38678,165191,1375151,2485885,6923002,11198517,16571821,17332095,20300398,21393016,
route with flow 0.09 : 0,281,237,171,281,237,211,0, 280,1543021,4283876,9730497,17936414,20353976,21393183,
route with flow 0.09 : 0,284,165,87,160,87,165,0, 283,2264189,5525500,11044853,17063322,20624152,21394156,
route with flow 0.09 : 0,285,109,47,177,285,109,177,105,47,0, 284,172564,899249,2982884,7761081,10810051,14301512,19322897,20751516,21394643,
route with flow 0.09 : 0,287,222,221,81,221,99,235,236,0, 286,472137,3432457,8974954,12183550,18541054,19421583,21235816,21396320,
total flow: 27.0297
loc: 0 flow: 54.0593
loc: 1 flow: 0.3246
loc: 2 flow: 0.4146
loc: 3 flow: 0.8484
loc: 4 flow: 1.6746
loc: 5 flow: 1.8564
loc: 6 flow: 0.09
loc: 7 flow: 0
loc: 8 flow: 0.3246
loc: 9 flow: 0.54
loc: 10 flow: 0.1173
loc: 11 flow: 0.3519
loc: 12 flow: 0.7776
loc: 13 flow: 0.4419
loc: 14 flow: 0
loc: 15 flow: 0.1173
loc: 16 flow: 1.2984
loc: 17 flow: 1.04587
loc: 18 flow: 0.3519
loc: 19 flow: 1.3803
loc: 20 flow: 0.1173
loc: 21 flow: 0
loc: 22 flow: 0.3519
loc: 23 flow: 1.0173
loc: 24 flow: 0.5592
loc: 25 flow: 0.3246
loc: 26 flow: 0.27
loc: 27 flow: 1.623
loc: 28 flow: 0.7665
loc: 29 flow: 2.1567
loc: 30 flow: 0.0546
loc: 31 flow: 2.1519
loc: 32 flow: 0.5511
loc: 33 flow: 0.2346
loc: 34 flow: 0.0273
loc: 35 flow: 0.2619
loc: 36 flow: 0
loc: 37 flow: 0.3438
loc: 38 flow: 0.1173
loc: 39 flow: 1.263
loc: 40 flow: 0.7392
loc: 41 flow: 0.54
loc: 42 flow: 0.18
loc: 43 flow: 0.27
loc: 44 flow: 1.2357
loc: 45 flow: 0.2073
loc: 46 flow: 0.4965
loc: 47 flow: 1.8495
loc: 48 flow: 1.1376
loc: 49 flow: 1.3146
loc: 50 flow: 0.306035
loc: 51 flow: 0
loc: 52 flow: 0.7857
loc: 53 flow: 0.7038
loc: 54 flow: 0.2073
loc: 55 flow: 1.3449
loc: 56 flow: 0.1173
loc: 57 flow: 2.20894
loc: 58 flow: 0.3519
loc: 59 flow: 0.09
loc: 60 flow: 1.083
loc: 61 flow: 0.2346
loc: 62 flow: 0.2973
loc: 63 flow: 1.4622
loc: 64 flow: 0.4146
loc: 65 flow: 0
loc: 66 flow: 0.6249
loc: 67 flow: 0.5865
loc: 68 flow: 0.8211
loc: 69 flow: 0.1446
loc: 70 flow: 0
loc: 71 flow: 1.0506
loc: 72 flow: 0.3873
loc: 73 flow: 0.09
loc: 74 flow: 1.40941
loc: 75 flow: 0.8838
loc: 76 flow: 0.2346
loc: 77 flow: 1.6968
loc: 78 flow: 0.18
loc: 79 flow: 0.1719
loc: 80 flow: 0.2346
loc: 81 flow: 0.3246
loc: 82 flow: 0.3246
loc: 83 flow: 0.5319
loc: 84 flow: 1.9365
loc: 85 flow: 0.1173
loc: 86 flow: 0
loc: 87 flow: 1.43017
loc: 88 flow: 0.9
loc: 89 flow: 1.83284
loc: 90 flow: 0.3873
loc: 91 flow: 1.79443
loc: 92 flow: 1.2903
loc: 93 flow: 0.09
loc: 94 flow: 0.3519
loc: 95 flow: 0.1173
loc: 96 flow: 0
loc: 97 flow: 0.2346
loc: 98 flow: 1.60807
loc: 99 flow: 1.4268
loc: 100 flow: 0.2073
loc: 101 flow: 0.1173
loc: 102 flow: 0.1173
loc: 103 flow: 0.5865
loc: 104 flow: 1.4046
loc: 105 flow: 1.4703
loc: 106 flow: 0.3519
loc: 107 flow: 0.5592
loc: 108 flow: 0.09
loc: 109 flow: 1.4349
loc: 110 flow: 0.1173
loc: 111 flow: 1.4703
loc: 112 flow: 0
loc: 113 flow: 0.2346
loc: 114 flow: 0.0273
loc: 115 flow: 0.3246
loc: 116 flow: 0.9819
loc: 117 flow: 1.5087
loc: 118 flow: 0.909
loc: 119 flow: 0.5673
loc: 120 flow: 0.0273
loc: 121 flow: 0.1173
loc: 122 flow: 1.9344
loc: 123 flow: 0.4146
loc: 124 flow: 0.4692
loc: 125 flow: 0.0273
loc: 126 flow: 0.0273
loc: 127 flow: 1.6746
loc: 128 flow: 0.1173
loc: 129 flow: 0
loc: 130 flow: 0.1446
loc: 131 flow: 0
loc: 132 flow: 0.2973
loc: 133 flow: 2.1921
loc: 134 flow: 1.17654
loc: 135 flow: 0
loc: 136 flow: 0
loc: 137 flow: 0.8676
loc: 138 flow: 0.0273
loc: 139 flow: 1.3965
loc: 140 flow: 0
loc: 141 flow: 0.18
loc: 142 flow: 0.5046
loc: 143 flow: 1.1649
loc: 144 flow: 1.6746
loc: 145 flow: 0.49304
loc: 146 flow: 0.3246
loc: 147 flow: 0.1173
loc: 148 flow: 0.53017
loc: 149 flow: 0.4419
loc: 150 flow: 0.5319
loc: 151 flow: 2.05287
loc: 152 flow: 1.623
loc: 153 flow: 0.4146
loc: 154 flow: 0.4692
loc: 155 flow: 0.6138
loc: 156 flow: 0.6492
loc: 157 flow: 0
loc: 158 flow: 0.09
loc: 159 flow: 2.8392
loc: 160 flow: 2.25127
loc: 161 flow: 1.4439
loc: 162 flow: 1.3509
loc: 163 flow: 1.5096
loc: 164 flow: 1.0971
loc: 165 flow: 0.837935
loc: 166 flow: 0.4419
loc: 167 flow: 0.3873
loc: 168 flow: 0.1173
loc: 169 flow: 0.691605
loc: 170 flow: 0.7038
loc: 171 flow: 1.1265
loc: 172 flow: 0.18
loc: 173 flow: 0.7473
loc: 174 flow: 0.5865
loc: 175 flow: 0.2073
loc: 176 flow: 0
loc: 177 flow: 2.0922
loc: 178 flow: 0.0273
loc: 179 flow: 0.1173
loc: 180 flow: 0.4965
loc: 181 flow: 0.5592
loc: 182 flow: 0
loc: 183 flow: 0.4965
loc: 184 flow: 0.2892
loc: 185 flow: 0.2073
loc: 186 flow: 0.4692
loc: 187 flow: 0.7938
loc: 188 flow: 0.1446
loc: 189 flow: 0.5511
loc: 190 flow: 0.813
loc: 191 flow: 0.2073
loc: 192 flow: 0.18
loc: 193 flow: 0.6492
loc: 194 flow: 1.7352
loc: 195 flow: 0.2073
loc: 196 flow: 0.1173
loc: 197 flow: 0.72937
loc: 198 flow: 0.6492
loc: 199 flow: 0.5046
loc: 200 flow: 0.2346
loc: 201 flow: 0.2973
loc: 202 flow: 1.3377
loc: 203 flow: 0.4146
loc: 204 flow: 0.3519
loc: 205 flow: 1.22587
loc: 206 flow: 0.4692
loc: 207 flow: 0.6846
loc: 208 flow: 0.955865
loc: 209 flow: 0.2346
loc: 210 flow: 0.1173
loc: 211 flow: 0.6765
loc: 212 flow: 0.3519
loc: 213 flow: 0
loc: 214 flow: 0.5865
loc: 215 flow: 0.2073
loc: 216 flow: 0.2073
loc: 217 flow: 0.1173
loc: 218 flow: 0.4338
loc: 219 flow: 0.5592
loc: 220 flow: 1.16144
loc: 221 flow: 1.3338
loc: 222 flow: 1.0365
loc: 223 flow: 0.1173
loc: 224 flow: 1.4358
loc: 225 flow: 0.36
loc: 226 flow: 0.623715
loc: 227 flow: 1.14751
loc: 228 flow: 0.09
loc: 229 flow: 0
loc: 230 flow: 0.18
loc: 231 flow: 1.0719
loc: 232 flow: 0.2619
loc: 233 flow: 0.3519
loc: 234 flow: 0.1173
loc: 235 flow: 1.1406
loc: 236 flow: 1.36237
loc: 237 flow: 1.2084
loc: 238 flow: 0
loc: 239 flow: 2.5157
loc: 240 flow: 0.3246
loc: 241 flow: 0.4419
loc: 242 flow: 0.0819
loc: 243 flow: 0.1173
loc: 244 flow: 0.4419
loc: 245 flow: 0.2346
loc: 246 flow: 0.1173
loc: 247 flow: 0.0273
loc: 248 flow: 0.8484
loc: 249 flow: 0.1173
loc: 250 flow: 0.1173
loc: 251 flow: 0
loc: 252 flow: 0.09
loc: 253 flow: 0.6219
loc: 254 flow: 0.44017
loc: 255 flow: 0.2346
loc: 256 flow: 0.5592
loc: 257 flow: 0.2073
loc: 258 flow: 1.0284
loc: 259 flow: 0.5592
loc: 260 flow: 1.2357
loc: 261 flow: 0
loc: 262 flow: 0.7038
loc: 263 flow: 0.993
loc: 264 flow: 1.0365
loc: 265 flow: 0
loc: 266 flow: 0
loc: 267 flow: 0.18
loc: 268 flow: 0.3246
loc: 269 flow: 0.44017
loc: 270 flow: 0.1173
loc: 271 flow: 0.1173
loc: 272 flow: 0.6219
loc: 273 flow: 0.3519
loc: 274 flow: 0.2346
loc: 275 flow: 0
loc: 276 flow: 1.3458
loc: 277 flow: 0.2073
loc: 278 flow: 0.1173
loc: 279 flow: 0.4146
loc: 280 flow: 0.5865
loc: 281 flow: 1.3965
loc: 282 flow: 0.3519
loc: 283 flow: 1.2063
loc: 284 flow: 0.2973
loc: 285 flow: 1.4076
loc: 286 flow: 0.5511
loc: 287 flow: 2.34181
loc: 288 flow: 0.3519
start separation phase
STATS - lpIterations[1] lagIterations[4] sspIterations[457] numSeparations[0] numCuts[0] compileTime[380] sspSolveTime[2846] lpSolveTime[0] lb[92575.6] ub[95151] numArcs: [21392911] numFixed: [2063] time: [4452]
STATS1 - lpIterations[1] lagIterations[4] sspIterations[457] numSeparations[0] numCuts[0] compileTime[380] sspSolveTime[2846] lpSolveTime[0] repairTime[525] cutsTime[0] lb[92575.6] ub[95151] numArcs: [21392911] numFixed: [2063] time: [4452]
finished solving - complete
time elapsed: 4452
