relax capacity constraint
instance upper bound: 585.8
compiling DD
time step mult: 10
time step: 900
cap step: 10
done compiling DD
batch size for lag: 1
iteration delay to start separating: 0
optimality gap to start repairing: 100
percent fixed to change to CPLEX: 97.5
num arcs to change to CPLEX: 100000
num arcs to change to LAG: 999999999
STATS - lpIterations[0] lagIterations[0] sspIterations[0] numSeparations[0] numCuts[0] compileTime[0] sspSolveTime[0] lpSolveTime[0] lb[0] ub[585.8] numArcs: [951775] numFixed: [0] time: [0]
num vars: 951775
STATS - lpIterations[1] lagIterations[0] sspIterations[0] numSeparations[0] numCuts[0] compileTime[0] sspSolveTime[0] lpSolveTime[472] lb[582.521] ub[585.8] numArcs: [951775] numFixed: [0] time: [473]
num vars: 953422
STATS - lpIterations[2] lagIterations[0] sspIterations[0] numSeparations[2] numCuts[0] compileTime[0] sspSolveTime[0] lpSolveTime[1001] lb[583.021] ub[585.8] numArcs: [953422] numFixed: [0] time: [1002]
num vars: 956328
STATS - lpIterations[3] lagIterations[0] sspIterations[0] numSeparations[9] numCuts[0] compileTime[0] sspSolveTime[0] lpSolveTime[1553] lb[583.586] ub[585.8] numArcs: [956328] numFixed: [0] time: [1554]
num vars: 958921
STATS - lpIterations[4] lagIterations[0] sspIterations[0] numSeparations[19] numCuts[0] compileTime[0] sspSolveTime[0] lpSolveTime[2021] lb[583.717] ub[585.8] numArcs: [958921] numFixed: [0] time: [2022]
num vars: 961304
STATS - lpIterations[5] lagIterations[0] sspIterations[0] numSeparations[28] numCuts[0] compileTime[0] sspSolveTime[0] lpSolveTime[2541] lb[584.222] ub[585.8] numArcs: [961304] numFixed: [0] time: [2541]
num vars: 963522
STATS - lpIterations[6] lagIterations[0] sspIterations[0] numSeparations[36] numCuts[0] compileTime[0] sspSolveTime[0] lpSolveTime[3011] lb[584.375] ub[585.8] numArcs: [963522] numFixed: [0] time: [3011]
num vars: 964202
STATS - lpIterations[7] lagIterations[0] sspIterations[0] numSeparations[40] numCuts[0] compileTime[0] sspSolveTime[0] lpSolveTime[3518] lb[584.581] ub[585.8] numArcs: [964202] numFixed: [0] time: [3519]
num vars: 966213
