flexible number of vehicles
capacity: 206
num locations: 101
instance upper bound: 27592
route length upper bound: 21
1598102601
compiling DD
time step mult: 1
time step: 10
cap step: 1
added route to primal routes: 0,1,2,3,0,
random seed: 3263618914
added maximal sequence to primal routes: 0,7,65,26,87,15,1,2,3,0,
added route to primal routes: 0,4,5,6,7,0,
random seed: 3341564630
added maximal sequence to primal routes: 0,87,65,64,76,73,4,5,6,7,0,
added route to primal routes: 0,8,9,0,
random seed: 3442652887
added maximal sequence to primal routes: 0,7,64,87,85,69,8,9,0,
added route to primal routes: 0,10,11,0,
random seed: 3494124726
added maximal sequence to primal routes: 0,15,7,64,22,10,11,0,
added route to primal routes: 0,12,13,14,15,0,
random seed: 3518677624
added maximal sequence to primal routes: 0,7,29,47,81,12,13,14,15,0,
added route to primal routes: 0,16,17,0,
random seed: 3589927649
added maximal sequence to primal routes: 0,7,87,29,47,72,16,17,0,
added route to primal routes: 0,18,19,20,0,
random seed: 3646147950
added maximal sequence to primal routes: 0,29,18,19,20,0,
added route to primal routes: 0,21,22,23,24,0,
random seed: 3655846705
added maximal sequence to primal routes: 0,7,65,87,85,21,22,23,24,0,
added route to primal routes: 0,25,26,27,28,29,0,
random seed: 3702553663
added maximal sequence to primal routes: 0,87,34,65,25,26,27,28,29,0,
added route to primal routes: 0,30,31,32,33,34,0,
random seed: 3749800113
added maximal sequence to primal routes: 0,7,76,30,31,32,33,34,0,
added route to primal routes: 0,35,36,0,
random seed: 3790324015
added maximal sequence to primal routes: 0,89,29,72,26,35,36,0,
added route to primal routes: 0,37,38,39,40,0,
random seed: 3817798107
added maximal sequence to primal routes: 0,34,71,57,29,37,38,39,40,0,
added route to primal routes: 0,41,42,43,44,0,
random seed: 3866651121
added maximal sequence to primal routes: 0,87,7,76,41,42,43,44,0,
added route to primal routes: 0,45,46,47,48,0,
random seed: 3917267734
added maximal sequence to primal routes: 0,7,73,72,15,64,45,46,47,48,0,
added route to primal routes: 0,49,50,51,0,
random seed: 3996448104
added maximal sequence to primal routes: 0,7,57,87,34,73,29,49,50,51,0,
added route to primal routes: 0,52,53,0,
random seed: 4119712071
added maximal sequence to primal routes: 0,76,87,81,52,53,0,
added route to primal routes: 0,54,55,56,57,0,
random seed: 4139509814
added maximal sequence to primal routes: 0,76,87,7,54,55,56,57,0,
added route to primal routes: 0,58,59,60,0,
random seed: 4179049605
added maximal sequence to primal routes: 0,87,65,7,71,58,59,60,0,
added route to primal routes: 0,61,62,63,64,65,0,
random seed: 4229783295
added maximal sequence to primal routes: 0,7,87,61,62,63,64,65,0,
added route to primal routes: 0,66,67,68,0,
random seed: 4264741817
added maximal sequence to primal routes: 0,57,66,67,68,0,
added route to primal routes: 0,69,70,71,72,73,0,
random seed: 4273889121
added maximal sequence to primal routes: 0,7,87,62,69,70,71,72,73,0,
added route to primal routes: 0,74,75,76,0,
random seed: 35861038
added maximal sequence to primal routes: 0,7,65,57,64,29,85,71,74,75,76,0,
added route to primal routes: 0,77,78,79,0,
random seed: 183866308
added maximal sequence to primal routes: 0,7,43,77,78,79,0,
added route to primal routes: 0,80,81,82,0,
random seed: 201481302
added maximal sequence to primal routes: 0,87,47,7,57,15,80,81,82,0,
added route to primal routes: 0,83,84,85,0,
random seed: 268011275
added maximal sequence to primal routes: 0,87,7,68,83,84,85,0,
added route to primal routes: 0,86,87,88,89,90,0,
random seed: 298127164
added maximal sequence to primal routes: 0,7,45,73,43,86,87,88,89,90,0,
added route to primal routes: 0,91,92,0,
random seed: 393608537
added maximal sequence to primal routes: 0,7,59,76,91,92,0,
added route to primal routes: 0,93,94,95,0,
random seed: 414661149
added maximal sequence to primal routes: 0,29,87,43,93,94,95,0,
added route to primal routes: 0,96,97,98,0,
random seed: 441024825
added maximal sequence to primal routes: 0,7,87,64,32,1,96,97,98,0,
added route to primal routes: 0,99,100,0,
random seed: 513544118
added maximal sequence to primal routes: 0,64,73,82,99,100,0,
done compiling DD
batch size for lag: 1
deactivate cut value threshold: 0.01
deactivate cut iter threshold: 1000000000
percent arcs fixed to change to CPLEX: 97.5
number arcs fixed to change to CPLEX: 100000
kappa iterations: 20
num lag cuts: 20
mu percent improved: 0.001
percent to start cuts: 0.95
step size iteration cutoff: 5
target bound increase: 1.01
min step size multiplier: 0.0001
ngSetSize: 2
change to LP: 1
var fixing: 1
useSeparations: 1
muSSP: 1
repairDuals: 1
robustCuts: 1
nonRobustCuts: 0
volume algo: 0
use scaling: 0
use sparse RCCs: 0
use restarts: 0
switch separations to cuts: 0
primal heuristic: 2
primal heuristic lns: 2
STATS - lpIterations[0] lagIterations[0] sspIterations[0] numSeparations[0] numCuts[0] compileTime[29] sspSolveTime[0] lpSolveTime[0] lb[0] ub[1e+09] numArcs: [1588740] numFixed: [0] time: [29]
STATS1 - lpIterations[0] lagIterations[0] sspIterations[0] numSeparations[0] numCuts[0] compileTime[29] sspSolveTime[0] lpSolveTime[0] repairTime[0] cutsTime[0] alphaTime[0] decompTime[0] yellowTime[0] updateTime[0] fixTime[0] lb[0] ub[1e+09] numArcs: [1588740] numFixed: [0] time: [29]
STATS - lpIterations[1] lagIterations[0] sspIterations[0] numSeparations[0] numCuts[0] compileTime[29] sspSolveTime[0] lpSolveTime[0] lb[0] ub[1e+09] numArcs: [1588740] numFixed: [0] time: [29]
STATS1 - lpIterations[1] lagIterations[0] sspIterations[0] numSeparations[0] numCuts[0] compileTime[29] sspSolveTime[0] lpSolveTime[0] repairTime[0] cutsTime[0] alphaTime[0] decompTime[0] yellowTime[0] updateTime[0] fixTime[0] lb[0] ub[1e+09] numArcs: [1588740] numFixed: [0] time: [29]
STATS - lpIterations[1] lagIterations[0] sspIterations[0] numSeparations[0] numCuts[0] compileTime[29] sspSolveTime[0] lpSolveTime[0] lb[0] ub[1e+09] numArcs: [1588740] numFixed: [0] time: [29]
STATS1 - lpIterations[1] lagIterations[0] sspIterations[0] numSeparations[0] numCuts[0] compileTime[29] sspSolveTime[0] lpSolveTime[0] repairTime[0] cutsTime[0] alphaTime[0] decompTime[0] yellowTime[0] updateTime[0] fixTime[0] lb[0] ub[1e+09] numArcs: [1588740] numFixed: [0] time: [29]
lag: 22188.8
STATS - lpIterations[1] lagIterations[1] sspIterations[1] numSeparations[0] numCuts[0] compileTime[29] sspSolveTime[0] lpSolveTime[0] lb[22188.8] ub[1e+09] numArcs: [1588740] numFixed: [0] time: [29]
STATS1 - lpIterations[1] lagIterations[1] sspIterations[1] numSeparations[0] numCuts[0] compileTime[29] sspSolveTime[0] lpSolveTime[0] repairTime[0] cutsTime[0] alphaTime[0] decompTime[0] yellowTime[0] updateTime[0] fixTime[0] lb[22188.8] ub[1e+09] numArcs: [1588740] numFixed: [0] time: [29]
lambda: 0,204.388,399.087,243.097,292.233,96.2913,336.583,6.40777,244.524,394.874,441.476,70.3883,187.029,279.573,113.505,45.3883,630.971,170.272,273.67,167.34,208.505,46.8932,208.874,138.408,57.0874,237.728,87.9029,357.291,145.087,29.2427,154.573,248.107,32.8252,49.5146,12.0388,137.903,708.194,441.068,150.99,114.029,138.641,238.728,388.117,116.359,123.058,118.796,83.9126,62.2621,493.893,377.689,65.3592,445.825,437.534,322.078,384.437,450.874,159.709,37.4369,127.825,223.738,291.417,250.583,232.058,270.728,8.97087,25.1942,234.466,428.155,285.243,179.417,629.126,105.903,75.0291,27.3204,460.68,199.223,34.6602,260.35,214.311,130.252,159.029,65.3786,391.631,521.942,235.456,35.4175,409.65,10.0971,83.5922,111.67,307.573,311.65,396.117,345.631,200.175,69.2039,147.961,167.301,320.854,487.689,87.3301,
mu: 
combDuals: 
srcDuals: 
new best dual, value: 22188.8
39 38 25 36929 10 365915 39 1483379 0 1587959 
added route to primal routes: 0,39,25,10,0,
random seed: 1497428804
added maximal sequence to primal routes: 0,87,7,64,73,81,39,25,10,0,
running primal heuristic MIP
primal heuristic num vars: 62
primal heuristic MIP obj: 62753
feasible primal routes: 
route: 
0 1 2 3 0 
route: 
0 4 5 6 7 0 
route: 
0 8 9 0 
route: 
0 10 11 0 
route: 
0 12 13 14 15 0 
route: 
0 16 17 0 
route: 
0 18 19 20 0 
route: 
0 21 22 23 24 0 
route: 
0 25 26 27 28 29 0 
route: 
0 30 31 32 33 34 0 
route: 
0 35 36 0 
route: 
0 37 38 39 40 0 
route: 
0 41 42 43 44 0 
route: 
0 45 46 47 48 0 
route: 
0 49 50 51 0 
route: 
0 52 53 0 
route: 
0 54 55 56 57 0 
route: 
0 58 59 60 0 
route: 
0 61 62 63 64 65 0 
route: 
0 66 67 68 0 
route: 
0 69 70 71 72 73 0 
route: 
0 74 75 76 0 
route: 
0 77 78 79 0 
route: 
0 80 81 82 0 
route: 
0 83 84 85 0 
route: 
0 86 87 88 89 90 0 
route: 
0 91 92 0 
route: 
0 93 94 95 0 
route: 
0 96 97 98 0 
route: 
0 99 100 0 
improved ub from MIP primal heuristic: 62753
1599968883
running lns dd
destroy phase
prefix: 0 1 
suffix: 3 0 
prefix: 0 4 
suffix: 6 7 0 
