instance upper bound: 7580.01
compiling DD
time step mult: 100
time step: 9000
cap step: 1
done compiling DD
batch size for lag: 1
iteration delay to start separating: 0
optimality gap to start repairing: 100
percent fixed to change to CPLEX: 97.5
num arcs to change to CPLEX: 100000
num arcs to change to LAG: 999999999
STATS - lpIterations[0] lagIterations[0] sspIterations[0] numSeparations[0] numCuts[0] compileTime[207] sspSolveTime[0] lpSolveTime[0] lb[0] ub[7580.01] numArcs: [155973768] numFixed: [0] time: [207]
STATS - lpIterations[1] lagIterations[0] sspIterations[0] numSeparations[0] numCuts[0] compileTime[207] sspSolveTime[0] lpSolveTime[0] lb[0] ub[7580.01] numArcs: [155973768] numFixed: [0] time: [207]
STATS - lpIterations[1] lagIterations[1] sspIterations[1] numSeparations[0] numCuts[0] compileTime[207] sspSolveTime[6] lpSolveTime[0] lb[51.9634] ub[7580.01] numArcs: [155973766] numFixed: [0] time: [213]
STATS - lpIterations[1] lagIterations[2] sspIterations[2] numSeparations[0] numCuts[0] compileTime[207] sspSolveTime[70] lpSolveTime[0] lb[1836.07] ub[7580.01] numArcs: [155973766] numFixed: [92980499] time: [411]
STATS - lpIterations[1] lagIterations[3] sspIterations[3] numSeparations[0] numCuts[0] compileTime[207] sspSolveTime[128] lpSolveTime[0] lb[1925.93] ub[7580.01] numArcs: [155973764] numFixed: [99429653] time: [530]
STATS - lpIterations[1] lagIterations[4] sspIterations[4] numSeparations[1] numCuts[0] compileTime[207] sspSolveTime[267] lpSolveTime[0] lb[2019.56] ub[7580.01] numArcs: [155974073] numFixed: [99678735] time: [763]
STATS - lpIterations[1] lagIterations[5] sspIterations[5] numSeparations[1] numCuts[0] compileTime[207] sspSolveTime[327] lpSolveTime[0] lb[2116.66] ub[7580.01] numArcs: [155974073] numFixed: [99940142] time: [880]
STATS - lpIterations[1] lagIterations[6] sspIterations[6] numSeparations[1] numCuts[0] compileTime[207] sspSolveTime[385] lpSolveTime[0] lb[2217.45] ub[7580.01] numArcs: [155974073] numFixed: [100212046] time: [994]
STATS - lpIterations[1] lagIterations[7] sspIterations[7] numSeparations[1] numCuts[0] compileTime[207] sspSolveTime[442] lpSolveTime[0] lb[2322.05] ub[7580.01] numArcs: [155974073] numFixed: [100494971] time: [1108]
STATS - lpIterations[1] lagIterations[8] sspIterations[8] numSeparations[1] numCuts[0] compileTime[207] sspSolveTime[500] lpSolveTime[0] lb[2430.55] ub[7580.01] numArcs: [155974073] numFixed: [100794321] time: [1222]
STATS - lpIterations[1] lagIterations[9] sspIterations[9] numSeparations[1] numCuts[0] compileTime[207] sspSolveTime[556] lpSolveTime[0] lb[2543.08] ub[7580.01] numArcs: [155974073] numFixed: [101101511] time: [1334]
STATS - lpIterations[1] lagIterations[10] sspIterations[10] numSeparations[1] numCuts[0] compileTime[207] sspSolveTime[613] lpSolveTime[0] lb[2659.74] ub[7580.01] numArcs: [155974073] numFixed: [101424284] time: [1447]
STATS - lpIterations[1] lagIterations[11] sspIterations[11] numSeparations[1] numCuts[0] compileTime[207] sspSolveTime[669] lpSolveTime[0] lb[2780.63] ub[7580.01] numArcs: [155974073] numFixed: [101763497] time: [1560]
STATS - lpIterations[1] lagIterations[12] sspIterations[12] numSeparations[1] numCuts[0] compileTime[207] sspSolveTime[726] lpSolveTime[0] lb[2901.41] ub[7580.01] numArcs: [155974037] numFixed: [102112317] time: [1673]
STATS - lpIterations[1] lagIterations[13] sspIterations[13] numSeparations[2] numCuts[0] compileTime[207] sspSolveTime[865] lpSolveTime[0] lb[3011.02] ub[7580.01] numArcs: [155974653] numFixed: [102463131] time: [1951]
STATS - lpIterations[1] lagIterations[14] sspIterations[14] numSeparations[3] numCuts[0] compileTime[207] sspSolveTime[1013] lpSolveTime[0] lb[3113.73] ub[7580.01] numArcs: [155975534] numFixed: [102776803] time: [2160]
STATS - lpIterations[1] lagIterations[15] sspIterations[15] numSeparations[4] numCuts[0] compileTime[207] sspSolveTime[1179] lpSolveTime[0] lb[3219.51] ub[7580.01] numArcs: [155976112] numFixed: [103085994] time: [2387]
STATS - lpIterations[1] lagIterations[16] sspIterations[16] numSeparations[5] numCuts[0] compileTime[207] sspSolveTime[1316] lpSolveTime[0] lb[3337.96] ub[7580.01] numArcs: [155976991] numFixed: [103465235] time: [2585]
STATS - lpIterations[1] lagIterations[17] sspIterations[17] numSeparations[6] numCuts[0] compileTime[207] sspSolveTime[1456] lpSolveTime[0] lb[3468.96] ub[7580.01] numArcs: [155977607] numFixed: [103811300] time: [2785]
STATS - lpIterations[1] lagIterations[18] sspIterations[18] numSeparations[7] numCuts[0] compileTime[207] sspSolveTime[1600] lpSolveTime[0] lb[3596.78] ub[7580.01] numArcs: [155979089] numFixed: [104207051] time: [2988]
STATS - lpIterations[1] lagIterations[19] sspIterations[19] numSeparations[8] numCuts[0] compileTime[207] sspSolveTime[1757] lpSolveTime[0] lb[3709.19] ub[7580.01] numArcs: [155979664] numFixed: [104585756] time: [3203]
STATS - lpIterations[1] lagIterations[20] sspIterations[21] numSeparations[9] numCuts[0] compileTime[207] sspSolveTime[1899] lpSolveTime[0] lb[3844.38] ub[7580.01] numArcs: [155980198] numFixed: [104921454] time: [3404]
STATS - lpIterations[1] lagIterations[20] sspIterations[21] numSeparations[9] numCuts[0] compileTime[207] sspSolveTime[1899] lpSolveTime[0] lb[3846.45] ub[7580.01] numArcs: [155980198] numFixed: [104921454] time: [3410]
