instance upper bound: 21760
compiling DD
time step mult: 100
time step: 1000
cap step: 1
done compiling DD
batch size for lag: 1
iteration delay to start separating: 0
optimality gap to start repairing: 100
percent fixed to change to CPLEX: 97.5
num arcs to change to CPLEX: 100000
num arcs to change to LAG: 999999999
STATS - lpIterations[0] lagIterations[0] sspIterations[0] numSeparations[0] numCuts[0] compileTime[111] sspSolveTime[0] lpSolveTime[0] lb[0] ub[21760] numArcs: [176830312] numFixed: [0] time: [111]
STATS - lpIterations[1] lagIterations[0] sspIterations[0] numSeparations[0] numCuts[0] compileTime[111] sspSolveTime[0] lpSolveTime[0] lb[0] ub[21760] numArcs: [176830312] numFixed: [0] time: [111]
STATS - lpIterations[1] lagIterations[2] sspIterations[2] numSeparations[0] numCuts[0] compileTime[111] sspSolveTime[11] lpSolveTime[0] lb[1234.3] ub[21760] numArcs: [176830312] numFixed: [0] time: [130]
STATS - lpIterations[1] lagIterations[3] sspIterations[3] numSeparations[0] numCuts[0] compileTime[111] sspSolveTime[16] lpSolveTime[0] lb[1294.8] ub[21760] numArcs: [176830312] numFixed: [0] time: [145]
STATS - lpIterations[1] lagIterations[4] sspIterations[4] numSeparations[0] numCuts[0] compileTime[111] sspSolveTime[22] lpSolveTime[0] lb[1357.65] ub[21760] numArcs: [176830312] numFixed: [0] time: [159]
STATS - lpIterations[1] lagIterations[5] sspIterations[5] numSeparations[0] numCuts[0] compileTime[111] sspSolveTime[27] lpSolveTime[0] lb[1422.93] ub[21760] numArcs: [176830312] numFixed: [0] time: [174]
STATS - lpIterations[1] lagIterations[6] sspIterations[6] numSeparations[0] numCuts[0] compileTime[111] sspSolveTime[32] lpSolveTime[0] lb[1490.68] ub[21760] numArcs: [176830312] numFixed: [0] time: [188]
STATS - lpIterations[1] lagIterations[7] sspIterations[7] numSeparations[0] numCuts[0] compileTime[111] sspSolveTime[38] lpSolveTime[0] lb[1561] ub[21760] numArcs: [176830312] numFixed: [0] time: [202]
STATS - lpIterations[1] lagIterations[8] sspIterations[8] numSeparations[0] numCuts[0] compileTime[111] sspSolveTime[43] lpSolveTime[0] lb[1633.94] ub[21760] numArcs: [176830312] numFixed: [0] time: [216]
STATS - lpIterations[1] lagIterations[9] sspIterations[9] numSeparations[0] numCuts[0] compileTime[111] sspSolveTime[49] lpSolveTime[0] lb[1709.59] ub[21760] numArcs: [176830312] numFixed: [0] time: [231]
STATS - lpIterations[1] lagIterations[10] sspIterations[10] numSeparations[0] numCuts[0] compileTime[111] sspSolveTime[54] lpSolveTime[0] lb[1788.01] ub[21760] numArcs: [176830312] numFixed: [0] time: [245]
STATS - lpIterations[1] lagIterations[11] sspIterations[11] numSeparations[0] numCuts[0] compileTime[111] sspSolveTime[60] lpSolveTime[0] lb[1869.28] ub[21760] numArcs: [176830312] numFixed: [0] time: [259]
STATS - lpIterations[1] lagIterations[12] sspIterations[12] numSeparations[0] numCuts[0] compileTime[111] sspSolveTime[65] lpSolveTime[0] lb[1953.49] ub[21760] numArcs: [176830312] numFixed: [0] time: [274]
STATS - lpIterations[1] lagIterations[13] sspIterations[13] numSeparations[0] numCuts[0] compileTime[111] sspSolveTime[71] lpSolveTime[0] lb[2040.7] ub[21760] numArcs: [176830312] numFixed: [0] time: [288]
STATS - lpIterations[1] lagIterations[14] sspIterations[14] numSeparations[0] numCuts[0] compileTime[111] sspSolveTime[76] lpSolveTime[0] lb[2130.99] ub[21760] numArcs: [176830312] numFixed: [0] time: [303]
STATS - lpIterations[1] lagIterations[15] sspIterations[15] numSeparations[0] numCuts[0] compileTime[111] sspSolveTime[82] lpSolveTime[0] lb[2224.46] ub[21760] numArcs: [176830312] numFixed: [0] time: [317]
STATS - lpIterations[1] lagIterations[16] sspIterations[16] numSeparations[0] numCuts[0] compileTime[111] sspSolveTime[87] lpSolveTime[0] lb[2321.17] ub[21760] numArcs: [176830312] numFixed: [0] time: [332]
STATS - lpIterations[1] lagIterations[17] sspIterations[17] numSeparations[0] numCuts[0] compileTime[111] sspSolveTime[93] lpSolveTime[0] lb[2421.22] ub[21760] numArcs: [176830312] numFixed: [0] time: [346]
STATS - lpIterations[1] lagIterations[18] sspIterations[18] numSeparations[0] numCuts[0] compileTime[111] sspSolveTime[98] lpSolveTime[0] lb[2524.69] ub[21760] numArcs: [176830312] numFixed: [0] time: [360]
STATS - lpIterations[1] lagIterations[19] sspIterations[19] numSeparations[0] numCuts[0] compileTime[111] sspSolveTime[104] lpSolveTime[0] lb[2631.67] ub[21760] numArcs: [176830312] numFixed: [0] time: [375]
STATS - lpIterations[1] lagIterations[20] sspIterations[20] numSeparations[0] numCuts[0] compileTime[111] sspSolveTime[109] lpSolveTime[0] lb[2742.25] ub[21760] numArcs: [176830312] numFixed: [0] time: [389]
STATS - lpIterations[1] lagIterations[21] sspIterations[21] numSeparations[0] numCuts[0] compileTime[111] sspSolveTime[115] lpSolveTime[0] lb[2856.51] ub[21760] numArcs: [176830312] numFixed: [0] time: [404]
STATS - lpIterations[1] lagIterations[22] sspIterations[22] numSeparations[0] numCuts[0] compileTime[111] sspSolveTime[120] lpSolveTime[0] lb[2974.54] ub[21760] numArcs: [176830312] numFixed: [0] time: [418]
STATS - lpIterations[1] lagIterations[23] sspIterations[23] numSeparations[0] numCuts[0] compileTime[111] sspSolveTime[126] lpSolveTime[0] lb[3096.45] ub[21760] numArcs: [176830312] numFixed: [0] time: [433]
STATS - lpIterations[1] lagIterations[24] sspIterations[24] numSeparations[0] numCuts[0] compileTime[111] sspSolveTime[131] lpSolveTime[0] lb[3222.32] ub[21760] numArcs: [176830312] numFixed: [0] time: [447]
STATS - lpIterations[1] lagIterations[25] sspIterations[25] numSeparations[0] numCuts[0] compileTime[111] sspSolveTime[137] lpSolveTime[0] lb[3352.26] ub[21760] numArcs: [176830312] numFixed: [0] time: [461]
STATS - lpIterations[1] lagIterations[26] sspIterations[26] numSeparations[0] numCuts[0] compileTime[111] sspSolveTime[142] lpSolveTime[0] lb[3486.35] ub[21760] numArcs: [176830312] numFixed: [0] time: [476]
STATS - lpIterations[1] lagIterations[27] sspIterations[27] numSeparations[0] numCuts[0] compileTime[111] sspSolveTime[148] lpSolveTime[0] lb[3624.69] ub[21760] numArcs: [176830312] numFixed: [0] time: [490]
STATS - lpIterations[1] lagIterations[28] sspIterations[28] numSeparations[0] numCuts[0] compileTime[111] sspSolveTime[153] lpSolveTime[0] lb[3767.4] ub[21760] numArcs: [176830312] numFixed: [0] time: [504]
STATS - lpIterations[1] lagIterations[29] sspIterations[29] numSeparations[0] numCuts[0] compileTime[111] sspSolveTime[159] lpSolveTime[0] lb[3914.56] ub[21760] numArcs: [176830312] numFixed: [0] time: [519]
STATS - lpIterations[1] lagIterations[30] sspIterations[30] numSeparations[0] numCuts[0] compileTime[111] sspSolveTime[164] lpSolveTime[0] lb[4066.29] ub[21760] numArcs: [176830312] numFixed: [0] time: [533]
STATS - lpIterations[1] lagIterations[31] sspIterations[31] numSeparations[0] numCuts[0] compileTime[111] sspSolveTime[170] lpSolveTime[0] lb[4222.68] ub[21760] numArcs: [176830312] numFixed: [0] time: [548]
STATS - lpIterations[1] lagIterations[32] sspIterations[32] numSeparations[0] numCuts[0] compileTime[111] sspSolveTime[175] lpSolveTime[0] lb[4383.86] ub[21760] numArcs: [176830312] numFixed: [0] time: [562]
STATS - lpIterations[1] lagIterations[33] sspIterations[33] numSeparations[0] numCuts[0] compileTime[111] sspSolveTime[181] lpSolveTime[0] lb[4549.91] ub[21760] numArcs: [176830312] numFixed: [0] time: [577]
STATS - lpIterations[1] lagIterations[34] sspIterations[34] numSeparations[0] numCuts[0] compileTime[111] sspSolveTime[186] lpSolveTime[0] lb[4720.96] ub[21760] numArcs: [176830312] numFixed: [0] time: [591]
STATS - lpIterations[1] lagIterations[35] sspIterations[35] numSeparations[0] numCuts[0] compileTime[111] sspSolveTime[192] lpSolveTime[0] lb[4896.93] ub[21760] numArcs: [176830312] numFixed: [0] time: [605]
STATS - lpIterations[1] lagIterations[36] sspIterations[36] numSeparations[1] numCuts[0] compileTime[111] sspSolveTime[201] lpSolveTime[0] lb[5060.38] ub[21760] numArcs: [176831775] numFixed: [0] time: [624]
STATS - lpIterations[1] lagIterations[37] sspIterations[37] numSeparations[2] numCuts[0] compileTime[111] sspSolveTime[244] lpSolveTime[0] lb[5196.39] ub[21760] numArcs: [176833389] numFixed: [1216] time: [676]
STATS - lpIterations[1] lagIterations[38] sspIterations[38] numSeparations[3] numCuts[0] compileTime[111] sspSolveTime[256] lpSolveTime[0] lb[5318.71] ub[21760] numArcs: [176833991] numFixed: [1216] time: [697]
STATS - lpIterations[1] lagIterations[39] sspIterations[39] numSeparations[4] numCuts[0] compileTime[111] sspSolveTime[268] lpSolveTime[0] lb[5498.91] ub[21760] numArcs: [176834601] numFixed: [1216] time: [718]
STATS - lpIterations[1] lagIterations[40] sspIterations[42] numSeparations[4] numCuts[0] compileTime[111] sspSolveTime[554] lpSolveTime[0] lb[5680.84] ub[21760] numArcs: [176834412] numFixed: [1216] time: [1013]
STATS - lpIterations[1] lagIterations[40] sspIterations[42] numSeparations[4] numCuts[0] compileTime[111] sspSolveTime[554] lpSolveTime[0] lb[5687.95] ub[21760] numArcs: [176834412] numFixed: [1216] time: [1023]
STATS - lpIterations[1] lagIterations[41] sspIterations[48] numSeparations[7] numCuts[0] compileTime[111] sspSolveTime[1117] lpSolveTime[0] lb[5697.89] ub[21760] numArcs: [176836404] numFixed: [3040] time: [1592]
STATS - lpIterations[1] lagIterations[41] sspIterations[48] numSeparations[7] numCuts[0] compileTime[111] sspSolveTime[1117] lpSolveTime[0] lb[5723.38] ub[21760] numArcs: [176836404] numFixed: [3040] time: [1600]
STATS - lpIterations[1] lagIterations[42] sspIterations[49] numSeparations[13] numCuts[0] compileTime[111] sspSolveTime[1244] lpSolveTime[0] lb[5732.2] ub[21760] numArcs: [176843919] numFixed: [29327] time: [1733]
STATS - lpIterations[1] lagIterations[43] sspIterations[51] numSeparations[14] numCuts[0] compileTime[111] sspSolveTime[1375] lpSolveTime[0] lb[5899.97] ub[21760] numArcs: [176845500] numFixed: [91424] time: [1873]
STATS - lpIterations[1] lagIterations[43] sspIterations[51] numSeparations[14] numCuts[0] compileTime[111] sspSolveTime[1375] lpSolveTime[0] lb[5904.67] ub[21760] numArcs: [176845500] numFixed: [91424] time: [1881]
STATS - lpIterations[1] lagIterations[44] sspIterations[52] numSeparations[16] numCuts[0] compileTime[111] sspSolveTime[1387] lpSolveTime[0] lb[5979.1] ub[21760] numArcs: [176847619] numFixed: [91424] time: [1899]
STATS - lpIterations[1] lagIterations[45] sspIterations[61] numSeparations[16] numCuts[0] compileTime[111] sspSolveTime[1984] lpSolveTime[0] lb[6114.22] ub[21760] numArcs: [176847007] numFixed: [91424] time: [2505]
STATS - lpIterations[1] lagIterations[45] sspIterations[61] numSeparations[16] numCuts[0] compileTime[111] sspSolveTime[1984] lpSolveTime[0] lb[6174.15] ub[21760] numArcs: [176847007] numFixed: [91424] time: [2518]
STATS - lpIterations[1] lagIterations[46] sspIterations[63] numSeparations[25] numCuts[0] compileTime[111] sspSolveTime[2172] lpSolveTime[0] lb[6177.69] ub[21760] numArcs: [176857693] numFixed: [94464] time: [2720]
STATS - lpIterations[1] lagIterations[47] sspIterations[70] numSeparations[27] numCuts[0] compileTime[111] sspSolveTime[2646] lpSolveTime[0] lb[6239.36] ub[21760] numArcs: [176858677] numFixed: [94464] time: [3201]
STATS - lpIterations[1] lagIterations[47] sspIterations[70] numSeparations[27] numCuts[0] compileTime[111] sspSolveTime[2646] lpSolveTime[0] lb[6256.72] ub[21760] numArcs: [176858677] numFixed: [94464] time: [3214]
STATS - lpIterations[1] lagIterations[48] sspIterations[71] numSeparations[34] numCuts[0] compileTime[111] sspSolveTime[2658] lpSolveTime[0] lb[6271.56] ub[21760] numArcs: [176864680] numFixed: [95680] time: [3232]
STATS - lpIterations[1] lagIterations[49] sspIterations[76] numSeparations[34] numCuts[0] compileTime[111] sspSolveTime[2963] lpSolveTime[0] lb[6461.57] ub[21760] numArcs: [176864604] numFixed: [95680] time: [3546]
STATS - lpIterations[1] lagIterations[49] sspIterations[76] numSeparations[34] numCuts[0] compileTime[111] sspSolveTime[2963] lpSolveTime[0] lb[6475.67] ub[21760] numArcs: [176864604] numFixed: [95680] time: [3554]
STATS - lpIterations[1] lagIterations[50] sspIterations[77] numSeparations[39] numCuts[0] compileTime[111] sspSolveTime[3000] lpSolveTime[0] lb[6487.23] ub[21760] numArcs: [176867618] numFixed: [96288] time: [3597]
