fixed number of vehicles
capacity: 160
instance upper bound: 521
route length upper bound: 51
compiling DD
time step mult: 1
time step: 10
cap step: 1
done compiling DD
batch size for lag: 1
iteration delay to start separating: 0
optimality gap to start repairing: 100
percent fixed to change to CPLEX: 97.5
num arcs to change to CPLEX: 100000
num arcs to change to LAG: 999999999
num lag iters to cut: 0
num cuts lag: 10
cut phase: 1
deactivate cut value threshold: 0.1
deactivate cut iter threshold: 25
momentum beta: 0
stall alpha factor: 0
STATS - lpIterations[0] lagIterations[0] sspIterations[0] numSeparations[0] numCuts[0] compileTime[9] sspSolveTime[0] lpSolveTime[0] lb[0] ub[521] numArcs: [593267] numFixed: [0] time: [9]
STATS - lpIterations[1] lagIterations[0] sspIterations[0] numSeparations[0] numCuts[0] compileTime[9] sspSolveTime[0] lpSolveTime[0] lb[0] ub[521] numArcs: [593267] numFixed: [0] time: [9]
fixed path dual: 13.0325
STATS - lpIterations[1] lagIterations[1] sspIterations[5] numSeparations[0] numCuts[0] compileTime[9] sspSolveTime[2] lpSolveTime[0] lb[290.85] ub[521] numArcs: [593257] numFixed: [0] time: [12]
lambda: 0,1.225,7.875,6.6,1.9125,3.675,2.0625,6.175,6.325,3.1625,1.75,2.85,2.9,8.3375,4.725,3.125,4.125,0.6375,7.6875,3.6,11.2,3.2,2.1,4.4,3.125,8.05,2.45,1.5,5.25,2.175,7.3625,4.125,1.5,9.775,10.4,8.2875,3.3,2.025,3,6.65,3.675,10.125,5.0375,4.8125,5,3.875,0.125,2.8125,3.4,4.95,3.25,
mu: 
srcDuals: 
fixing. lower bound used: 245.067
percent fixed: 0.0185411
updating best lambda
fixing. lower bound used: 245.067
fixed path dual: 13.0325
STATS - lpIterations[1] lagIterations[2] sspIterations[10] numSeparations[0] numCuts[0] compileTime[9] sspSolveTime[9] lpSolveTime[0] lb[305.249] ub[521] numArcs: [593257] numFixed: [110] time: [23]
lambda: 0,1.54497,8.19497,6.91997,2.23247,3.99497,2.38247,6.49497,6.64497,3.48247,2.06997,3.16997,2.9,8.65747,5.04497,3.44497,4.44497,0.957467,8.00747,3.91997,11.52,3.51997,2.41997,4.71997,3.44497,8.36997,2.76997,1.5,5.56997,2.49497,7.68247,4.44497,1.5,10.095,10.72,8.60747,3.61997,2.34497,3.31997,6.96997,3.99497,10.445,5.35747,5.13247,5.31997,4.19497,0.125,2.8125,3.71997,5.26997,3.56997,
mu: 
srcDuals: 
fixing. lower bound used: 259.466
percent fixed: 0.0185411
fixing. lower bound used: 245.067
fixed path dual: 13.0325
STATS - lpIterations[1] lagIterations[3] sspIterations[15] numSeparations[0] numCuts[0] compileTime[9] sspSolveTime[15] lpSolveTime[0] lb[320.212] ub[521] numArcs: [593257] numFixed: [110] time: [34]
lambda: 0,1.87748,8.52748,7.25248,2.56498,4.32748,2.71498,6.82748,6.97748,3.81498,2.40248,3.50248,2.9,8.98998,5.37748,3.77748,4.77748,1.28998,8.33998,4.25248,11.8525,3.85248,2.75248,5.05248,3.77748,8.70248,3.10248,1.5,5.90248,2.82748,8.01498,4.77748,1.5,10.4275,11.0525,8.93998,3.95248,2.67748,3.65248,7.30248,4.32748,10.7775,5.68998,5.46498,5.65248,4.52748,0.125,2.8125,4.05248,5.60248,3.90248,
mu: 
srcDuals: 
fixing. lower bound used: 274.429
percent fixed: 0.0185411
fixing. lower bound used: 245.067
fixed path dual: 13.0325
STATS - lpIterations[1] lagIterations[4] sspIterations[20] numSeparations[0] numCuts[0] compileTime[9] sspSolveTime[21] lpSolveTime[0] lb[335.756] ub[521] numArcs: [593257] numFixed: [110] time: [44]
lambda: 0,2.22291,8.87291,7.59791,2.91041,4.67291,3.06041,7.17291,7.32291,4.16041,2.74791,3.84791,2.9,9.33541,5.72291,4.12291,5.12291,1.63541,8.68541,4.59791,12.1979,4.19791,3.09791,5.39791,4.12291,9.04791,3.44791,1.5,6.24791,3.17291,8.36041,5.12291,1.5,10.7729,11.3979,9.28541,4.29791,3.02291,3.99791,7.64791,4.67291,11.1229,6.03541,5.81041,5.99791,4.87291,0.125,2.8125,4.39791,5.94791,4.24791,
mu: 
srcDuals: 
fixing. lower bound used: 289.973
percent fixed: 0.0185411
fixing. lower bound used: 245.067
fixed path dual: 13.0325
STATS - lpIterations[1] lagIterations[5] sspIterations[25] numSeparations[0] numCuts[0] compileTime[9] sspSolveTime[27] lpSolveTime[0] lb[351.898] ub[521] numArcs: [593257] numFixed: [110] time: [55]
lambda: 0,2.58162,9.23162,7.95662,3.26912,5.03162,3.41912,7.53162,7.68162,4.51912,3.10662,4.20662,2.9,9.69412,6.08162,4.48162,5.48162,1.99412,9.04412,4.95662,12.5566,4.55662,3.45662,5.75662,4.48162,9.40662,3.80662,1.5,6.60662,3.53162,8.71912,5.48162,1.5,11.1316,11.7566,9.64412,4.65662,3.38162,4.35662,8.00662,5.03162,11.4816,6.39412,6.16912,6.35662,5.23162,0.125,2.8125,4.75662,6.30662,4.60662,
mu: 
srcDuals: 
fixing. lower bound used: 306.116
percent fixed: 0.0185411
fixing. lower bound used: 245.067
fixed path dual: 12.9742
STATS - lpIterations[1] lagIterations[6] sspIterations[30] numSeparations[0] numCuts[0] compileTime[9] sspSolveTime[33] lpSolveTime[0] lb[368.364] ub[521] numArcs: [593255] numFixed: [110] time: [65]
lambda: 0,2.954,9.604,8.329,3.6415,5.404,3.7915,7.904,8.054,4.8915,3.479,4.579,2.9,10.0665,6.454,4.854,5.854,2.3665,9.4165,5.329,12.929,4.929,3.829,6.129,4.854,9.779,4.179,1.5,6.979,3.904,9.0915,5.854,1.5,11.504,12.129,10.0165,5.029,3.754,4.729,8.379,5.404,11.854,6.7665,6.5415,6.729,5.604,0.125,2.8125,5.129,6.679,4.979,
mu: 
srcDuals: 
fixing. lower bound used: 322.873
percent fixed: 0.018541
fixing. lower bound used: 245.067
fixed path dual: 12.9553
STATS - lpIterations[1] lagIterations[7] sspIterations[35] numSeparations[0] numCuts[0] compileTime[9] sspSolveTime[39] lpSolveTime[0] lb[385.645] ub[521] numArcs: [593255] numFixed: [110] time: [76]
lambda: 0,3.34013,9.99013,8.71513,4.02763,5.79013,3.7915,8.29013,8.44013,5.27763,3.86513,4.96513,2.9,10.4526,6.84013,5.24013,6.24013,2.75263,9.80263,5.71513,13.3151,5.31513,4.21513,6.51513,5.24013,10.1651,4.56513,1.5,7.36513,4.29013,9.47763,6.24013,1.88613,11.8901,12.5151,10.4026,5.41513,4.14013,5.11513,8.76513,5.79013,12.2401,7.15263,6.92763,7.11513,5.99013,0.125,2.8125,5.51513,7.06513,5.36513,
mu: 
srcDuals: 
fixing. lower bound used: 340.248
percent fixed: 0.018541
fixing. lower bound used: 245.067
fixed path dual: 12.4194
STATS - lpIterations[1] lagIterations[8] sspIterations[40] numSeparations[0] numCuts[0] compileTime[9] sspSolveTime[44] lpSolveTime[0] lb[400.986] ub[521] numArcs: [593245] numFixed: [110] time: [85]
lambda: 0,3.74059,10.3906,9.11559,4.42809,6.19059,4.19196,8.69059,8.84059,5.67809,4.26559,5.36559,2.9,10.8531,7.24059,5.64059,6.64059,3.15309,10.2031,6.11559,13.7156,5.71559,4.61559,6.91559,5.64059,10.5656,4.96559,1.5,7.76559,4.69059,9.87809,6.64059,1.88613,12.2906,12.9156,10.8031,5.81559,4.54059,5.51559,9.16559,6.19059,12.6406,7.55309,7.32809,7.51559,6.39059,0.125,2.8125,5.91559,7.46559,5.76559,
mu: 
srcDuals: 
fixing. lower bound used: 358.269
percent fixed: 0.0188778
updating best lambda
fixing. lower bound used: 358.269
fixed path dual: 12.1389
STATS - lpIterations[1] lagIterations[9] sspIterations[45] numSeparations[1] numCuts[0] compileTime[9] sspSolveTime[50] lpSolveTime[0] lb[416.336] ub[521] numArcs: [593420] numFixed: [112] time: [95]
lambda: 0,4.19337,10.8434,9.56837,4.88087,6.19059,4.64475,9.14337,9.29337,5.2253,4.71837,5.36559,2.9,11.3059,7.69337,6.09337,7.09337,3.60587,10.6559,6.56837,14.1684,6.16837,5.06837,7.36837,6.09337,11.0184,5.41837,1.5,8.21837,5.14337,9.4253,7.09337,2.33891,12.7434,12.9156,11.2559,6.26837,4.99337,5.51559,9.61837,6.64337,13.0934,8.00587,7.78087,7.96837,6.84337,0.125,2.8125,6.36837,7.46559,6.21837,
mu: 
srcDuals: 
fixing. lower bound used: 375.022
percent fixed: 0.0208931
updating best lambda
fixing. lower bound used: 375.022
fixed path dual: 11.7013
STATS - lpIterations[1] lagIterations[10] sspIterations[50] numSeparations[3] numCuts[0] compileTime[9] sspSolveTime[56] lpSolveTime[0] lb[424.535] ub[521] numArcs: [593728] numFixed: [124] time: [106]
lambda: 0,4.19337,10.1733,9.56837,5.21593,6.52564,4.9798,9.47843,9.62843,5.56036,5.05343,5.70064,2.9,11.6409,8.02843,6.42843,7.42843,3.94093,10.9909,6.90343,13.1632,6.50343,5.06837,7.70343,6.42843,11.3534,5.75343,1.5,8.21837,5.47843,9.76036,7.42843,1.6688,13.0784,13.2506,10.9208,6.60343,5.32843,5.85064,9.95343,6.97843,13.4284,8.34093,8.11593,8.30343,7.17843,0.125,3.14755,6.70343,7.80064,6.55343,
mu: 
srcDuals: 
fixing. lower bound used: 385.409
percent fixed: 0.0279531
updating best lambda
fixing. lower bound used: 385.409
fixed path dual: 12.2611
STATS - lpIterations[1] lagIterations[11] sspIterations[55] numSeparations[6] numCuts[0] compileTime[9] sspSolveTime[61] lpSolveTime[0] lb[436.311] ub[521] numArcs: [594297] numFixed: [166] time: [115]
lambda: 0,4.55747,10.5374,9.93247,5.58002,6.16155,5.3439,9.84252,9.99252,5.19626,5.41752,5.33655,2.9,12.005,8.02843,6.79252,7.06433,4.30502,10.6268,7.26752,13.5273,6.50343,5.43247,8.06752,6.79252,11.3534,6.11752,1.8641,8.58247,5.84252,9.76036,7.79252,2.0329,13.4425,12.5225,11.2849,6.96752,5.69252,6.21474,10.3175,7.34252,13.7925,8.70502,8.48002,8.66752,7.54252,0,3.14755,7.06752,7.43655,5.82524,
mu: 
srcDuals: 
fixing. lower bound used: 394.511
percent fixed: 0.0405432
updating best lambda
fixing. lower bound used: 394.511
fixed path dual: 10.7331
STATS - lpIterations[1] lagIterations[12] sspIterations[60] numSeparations[7] numCuts[0] compileTime[9] sspSolveTime[66] lpSolveTime[0] lb[446.578] ub[521] numArcs: [594359] numFixed: [237] time: [125]
lambda: 0,4.99422,10.9741,10.3692,6.01677,6.59829,5.78064,10.2793,10.4293,5.63301,5.85427,5.77329,2.9,12.4418,8.02843,7.22927,7.50108,4.74177,10.1901,7.70427,13.9641,6.94017,5.86922,8.50427,7.22927,11.3534,6.55427,1.8641,9.01922,6.27927,10.1971,8.22927,2.46965,13.8793,12.9592,11.7217,7.40427,6.12927,6.65149,10.7543,7.77927,14.2293,9.14177,8.91677,9.10427,7.97927,0,2.7108,7.50427,7.87329,6.26198,
mu: 
srcDuals: 
fixing. lower bound used: 412.418
percent fixed: 0.142626
updating best lambda
fixing. lower bound used: 412.418
fixed path dual: 11.2729
STATS - lpIterations[1] lagIterations[13] sspIterations[65] numSeparations[11] numCuts[0] compileTime[9] sspSolveTime[71] lpSolveTime[0] lb[451.184] ub[521] numArcs: [594900] numFixed: [836] time: [134]
lambda: 0,4.30077,10.9741,9.67577,6.19013,6.59829,5.95401,10.4526,10.6026,5.45965,6.02763,5.59993,3.07336,12.6151,8.20179,7.40263,7.67444,4.91513,10.3634,7.87763,13.0973,7.11354,5.17577,8.67763,7.40263,11.5268,6.72763,2.03746,9.01922,6.45263,10.0237,8.40263,2.29629,14.0526,12.9592,11.3749,7.57763,6.30263,6.65149,10.9276,7.95263,14.4026,9.31513,9.09013,9.27763,8.15263,0,2.88417,7.67763,7.87329,6.43535,
mu: 
srcDuals: 
fixing. lower bound used: 414.325
percent fixed: 0.168527
updating best lambda
fixing. lower bound used: 414.325
fixed path dual: 11.0308
STATS - lpIterations[1] lagIterations[14] sspIterations[70] numSeparations[12] numCuts[0] compileTime[9] sspSolveTime[76] lpSolveTime[0] lb[458.141] ub[521] numArcs: [595013] numFixed: [985] time: [143]
lambda: 0,4.7545,11.4278,10.1295,6.64386,7.05202,6.40773,10.9064,11.0564,5.45965,6.48136,5.14621,3.07336,12.1614,7.74806,6.94891,7.67444,4.46141,10.8172,7.42391,13.551,7.11354,5.6295,9.13136,7.85636,11.0731,7.18136,2.49118,9.47294,6.90636,10.4775,8.85636,2.75001,14.5064,12.5055,11.8287,8.03136,5.84891,6.65149,11.3814,8.40636,13.9489,8.86141,9.54386,8.82391,8.60636,0,3.33789,8.13136,8.32702,5.98162,
mu: 
srcDuals: 
fixing. lower bound used: 422.492
percent fixed: 0.360814
updating best lambda
fixing. lower bound used: 422.492
fixed path dual: 10.7093
STATS - lpIterations[1] lagIterations[15] sspIterations[75] numSeparations[15] numCuts[0] compileTime[9] sspSolveTime[81] lpSolveTime[0] lb[462.476] ub[521] numArcs: [595453] numFixed: [2125] time: [153]
lambda: 0,5.03751,11.7108,9.84648,6.92687,6.76901,6.40773,11.1894,10.2073,5.45965,6.76437,5.42922,3.07336,12.4444,8.03108,7.23192,7.95745,4.74442,11.1002,7.70692,13.834,7.39655,5.91251,9.41437,8.13937,11.3561,7.46437,2.49118,8.6239,7.18937,10.1945,8.00732,3.03302,14.7894,12.5055,12.1117,8.31437,6.13192,6.9345,11.6644,8.68937,14.2319,9.14442,9.82687,9.10692,8.88937,0,3.6209,7.56533,8.04401,6.26463,
mu: 
srcDuals: 
fixing. lower bound used: 428.435
percent fixed: 0.597311
updating best lambda
fixing. lower bound used: 428.435
fixed path dual: 10.3938
fixing. lower bound used: 429.917
percent fixed: 0.726772
updating best lambda
fixing. lower bound used: 429.917
fixed path dual: 10.3471
STATS - lpIterations[1] lagIterations[17] sspIterations[85] numSeparations[21] numCuts[0] compileTime[9] sspSolveTime[92] lpSolveTime[0] lb[464.255] ub[521] numArcs: [596437] numFixed: [4293] time: [173]
lambda: 0,5.00155,11.4992,9.81053,7.31423,6.62926,6.79509,11.5767,10.5947,4.9685,7.15173,5.07782,3.46072,12.8318,8.41844,6.77264,7.81771,4.28514,11.4875,8.09428,13.3747,7.60821,5.87655,9.80173,8.52673,11.7434,7.85173,2.87854,9.01127,7.15341,9.87901,8.39468,3.03302,14.3301,12.0143,12.0757,8.70173,5.67264,6.79475,12.0517,9.07673,14.6193,9.53178,10.2142,8.64764,8.85341,0,3.58495,7.95269,7.90426,5.77349,
mu: 
srcDuals: 
fixing. lower bound used: 432.025
percent fixed: 0.833614
updating best lambda
fixing. lower bound used: 432.025
fixed path dual: 10.1566
STATS - lpIterations[1] lagIterations[18] sspIterations[90] numSeparations[25] numCuts[0] compileTime[9] sspSolveTime[98] lpSolveTime[0] lb[468.39] ub[521] numArcs: [596976] numFixed: [4952] time: [183]
lambda: 0,5.25591,11.7535,10.0649,7.31423,6.88362,6.03202,10.8137,10.5947,5.22286,7.40609,5.33218,3.71508,13.0861,8.16408,7.027,8.07207,4.5395,10.7245,8.34864,13.6291,7.86257,6.13091,9.03865,8.78109,11.4891,7.85173,2.87854,9.26562,7.40777,10.1334,8.64904,3.28738,14.5845,12.2687,12.3301,8.95609,5.927,7.04911,12.3061,9.33109,14.8736,9.78614,10.2142,8.902,9.10777,0,3.58495,7.44398,8.15862,6.02784,
mu: 
srcDuals: 
fixing. lower bound used: 437.112
percent fixed: 1.33467
updating best lambda
fixing. lower bound used: 437.112
fixed path dual: 10.2577
STATS - lpIterations[1] lagIterations[19] sspIterations[95] numSeparations[29] numCuts[0] compileTime[9] sspSolveTime[103] lpSolveTime[0] lb[470.184] ub[521] numArcs: [597619] numFixed: [7942] time: [193]
lambda: 0,4.7404,11.6247,9.54938,7.44311,7.0125,6.16089,10.9425,10.7236,5.35174,7.53497,5.33218,3.84396,13.215,8.29296,7.15588,8.07207,4.66838,10.8533,8.47752,12.7269,7.99144,5.6154,9.16753,8.90997,11.618,7.98061,3.00742,8.87899,7.40777,10.2622,8.64904,3.15851,14.7133,12.3976,11.9434,9.08497,6.05588,7.17799,12.435,9.45997,15.0025,9.91502,10.3431,9.03088,9.23665,0,3.71382,7.57285,8.2875,6.15672,
mu: 
srcDuals: 
fixing. lower bound used: 438.401
percent fixed: 1.57324
updating best lambda
fixing. lower bound used: 438.401
fixed path dual: 9.48873
fixing. lower bound used: 441.287
percent fixed: 2.09652
updating best lambda
fixing. lower bound used: 441.287
fixed path dual: 10.182
STATS - lpIterations[1] lagIterations[21] sspIterations[105] numSeparations[32] numCuts[0] compileTime[9] sspSolveTime[113] lpSolveTime[0] lb[473.843] ub[521] numArcs: [598075] numFixed: [12463] time: [212]
lambda: 0,5.12678,12.011,9.93575,7.38553,6.74127,6.10332,11.3289,11.1099,5.57371,6.93493,5.55415,4.23033,12.7135,7.79144,6.7695,8.29404,4.4464,11.2397,7.976,13.1133,8.37782,6.00178,9.55391,9.29634,11.1164,8.36698,3.39379,9.26537,7.79414,10.1554,9.03541,3.54488,14.1133,12.4551,12.3298,9.47134,5.6695,7.23556,12.8213,9.84634,14.501,9.85744,10.7295,8.8089,8.96542,0,3.65625,7.95923,7.85187,6.37869,
mu: 
srcDuals: 
fixing. lower bound used: 442.437
percent fixed: 2.28436
updating best lambda
fixing. lower bound used: 442.437
fixed path dual: 9.38159
STATS - lpIterations[1] lagIterations[22] sspIterations[110] numSeparations[34] numCuts[0] compileTime[9] sspSolveTime[119] lpSolveTime[0] lb[476.605] ub[521] numArcs: [598227] numFixed: [13363] time: [222]
lambda: 0,5.48278,12.011,10.2918,7.74154,7.09727,5.74732,10.9729,10.0419,5.57371,7.29094,5.55415,4.23033,13.0695,8.14744,7.12551,8.29404,4.80241,11.5957,8.332,13.4693,8.73382,6.35778,9.1979,9.65235,11.4724,7.29897,3.03779,9.62137,8.15015,10.1554,8.67941,3.54488,14.4693,12.4551,12.6858,9.82735,6.02551,7.23556,13.1773,10.2023,14.857,10.2134,11.0855,9.16491,9.32142,0,4.01226,7.60322,8.20787,6.37869,
mu: 
srcDuals: 
fixing. lower bound used: 449.202
percent fixed: 4.01559
updating best lambda
fixing. lower bound used: 449.202
fixed path dual: 9.30074
STATS - lpIterations[1] lagIterations[23] sspIterations[115] numSeparations[38] numCuts[0] compileTime[9] sspSolveTime[124] lpSolveTime[0] lb[477.187] ub[521] numArcs: [598829] numFixed: [23956] time: [232]
lambda: 0,4.89087,12.011,9.50255,7.93884,7.29458,5.94462,11.1702,10.2392,5.77101,7.48824,5.75145,4.42764,13.2668,8.34474,6.9282,8.29404,4.60511,11.793,8.5293,12.4828,8.73382,5.76587,9.3952,9.84965,11.6697,7.49627,3.23509,9.62137,7.95285,10.3527,8.87671,3.74218,14.272,12.6524,12.2912,9.82735,5.8282,7.23556,13.1773,10.3996,15.0543,10.4108,11.2828,8.96761,9.12412,0,4.20956,7.80052,8.40517,6.37869,
mu: 
srcDuals: 
fixing. lower bound used: 450.188
percent fixed: 4.62239
updating best lambda
fixing. lower bound used: 450.188
fixed path dual: 8.13004
STATS - lpIterations[1] lagIterations[24] sspIterations[120] numSeparations[40] numCuts[0] compileTime[9] sspSolveTime[130] lpSolveTime[0] lb[478.74] ub[521] numArcs: [598959] numFixed: [27224] time: [242]
lambda: 0,5.24356,11.6584,9.85524,7.93884,7.64726,6.29731,11.5229,10.5919,5.41832,7.84093,5.39876,4.78032,12.9141,8.69743,7.28089,7.94135,4.95779,10.735,8.88199,12.8355,9.08651,6.11856,9.74789,10.2023,12.0224,7.84896,3.58778,9.97406,8.30553,10,9.2294,3.3895,14.6247,12.2997,12.6439,10.18,6.18089,6.88287,13.53,10.7523,15.0543,10.7634,11.6355,9.32029,9.47681,0,3.85687,8.15321,8.75786,6.02601,
mu: 
srcDuals: 
fixing. lower bound used: 457.595
percent fixed: 8.25954
updating best lambda
fixing. lower bound used: 457.595
fixed path dual: 7.98503
STATS - lpIterations[1] lagIterations[25] sspIterations[125] numSeparations[42] numCuts[0] compileTime[9] sspSolveTime[136] lpSolveTime[0] lb[480.395] ub[521] numArcs: [599255] numFixed: [49387] time: [252]
lambda: 0,5.508,11.9228,10.1197,7.6744,7.38283,6.56175,11.7873,10.8563,5.68276,7.57649,5.6632,5.04476,12.6497,8.43299,7.01645,8.20579,4.69336,10.9994,8.08868,13.0999,9.35095,6.383,10.0123,10.4668,11.758,8.1134,3.85222,10.2385,8.56997,10.2645,9.49384,3.65393,14.3602,12.5642,12.9084,10.4445,5.91645,7.14731,13.53,11.0168,14.261,9.97012,11.8999,8.79142,9.47681,0,3.85687,8.41765,8.49342,6.29045,
mu: 
srcDuals: 
fixing. lower bound used: 459.974
percent fixed: 10.5183
updating best lambda
fixing. lower bound used: 459.974
fixed path dual: 7.63427
fixing. lower bound used: 461.683
percent fixed: 12.5689
updating best lambda
fixing. lower bound used: 461.683
fixed path dual: 7.12409
fixing. lower bound used: 463.232
percent fixed: 13.7868
updating best lambda
fixing. lower bound used: 463.232
fixed path dual: 8.68503
STATS - lpIterations[1] lagIterations[28] sspIterations[140] numSeparations[52] numCuts[0] compileTime[9] sspSolveTime[154] lpSolveTime[0] lb[487.23] ub[521] numArcs: [600573] numFixed: [81908] time: [284]
lambda: 0,5.54492,11.8703,9.72958,8.13834,7.50246,6.81217,11.3972,10.8933,5.8024,7.71172,5.78283,5.27387,13.1136,8.89693,6.85418,8.32542,4.76591,11.4633,8.55261,13.1368,8.95412,6.41992,9.62223,10.7172,12.2219,8.57733,3.67563,9.8484,8.51745,10.3841,9.53076,3.60141,14.2762,11.9952,12.9453,10.4814,5.75418,7.26694,13.9157,11.4807,14.7249,10.4341,11.9368,8.7857,9.39281,0,4.24253,8.02755,8.61306,5.89362,
mu: 
srcDuals: 
fixing. lower bound used: 463.31
percent fixed: 14.7669
updating best lambda
fixing. lower bound used: 463.31
fixed path dual: 6.72504
fixing. lower bound used: 468.808
percent fixed: 20.6848
updating best lambda
fixing. lower bound used: 468.808
fixed path dual: 5.75605
fixing. lower bound used: 470.916
percent fixed: 23.6338
updating best lambda
fixing. lower bound used: 470.916
fixed path dual: 6.92033
STATS - lpIterations[1] lagIterations[31] sspIterations[155] numSeparations[60] numCuts[0] compileTime[9] sspSolveTime[173] lpSolveTime[0] lb[487.599] ub[521] numArcs: [601774] numFixed: [140645] time: [317]
lambda: 0,5.90268,12.228,9.66439,8.17718,7.54129,6.05783,10.8939,10.7338,6.16015,7.75056,6.14059,5.9603,13.1525,8.93577,7.34231,8.68318,5.45234,12.3481,8.59145,12.7042,9.31188,6.77768,9.11889,11.2053,12.2608,9.26376,3.51617,9.88724,8.08476,11.0053,9.56959,3.95917,14.1168,12.353,13.0395,11.1026,6.24231,7.09773,14.3775,12.3654,14.7638,11.3188,12.0284,9.27383,9.65629,0,4.08307,7.89445,8.65189,6.25137,
mu: 
srcDuals: 
fixing. lower bound used: 472.503
percent fixed: 27.3018
updating best lambda
fixing. lower bound used: 472.503
fixed path dual: 6.42219
fixing. lower bound used: 474.111
percent fixed: 30.0673
updating best lambda
fixing. lower bound used: 474.111
fixed path dual: 6.60731
STATS - lpIterations[1] lagIterations[33] sspIterations[165] numSeparations[63] numCuts[0] compileTime[9] sspSolveTime[186] lpSolveTime[0] lb[488.62] ub[521] numArcs: [602060] numFixed: [179015] time: [339]
lambda: 0,5.54601,12.4578,9.11225,8.60241,7.50701,6.48307,11.3191,10.7681,6.38991,7.71627,6.37035,5.92601,13.1182,8.90148,6.8485,8.91294,4.95853,12.7733,8.55716,12.7384,9.73711,6.42101,9.54412,11.6306,12.2265,9.29805,3.94141,9.13963,8.50999,11.2351,9.60388,3.79798,14.0825,12.5827,13.0738,11.1369,5.7485,7.32749,14.3432,12.7907,14.7295,11.2845,12.4536,8.78002,9.62201,0,4.50831,7.92873,8.6176,6.48113,
mu: 
srcDuals: 
fixing. lower bound used: 475.088
percent fixed: 31.9676
updating best lambda
fixing. lower bound used: 475.088
fixed path dual: 5.86219
STATS - lpIterations[1] lagIterations[34] sspIterations[170] numSeparations[64] numCuts[0] compileTime[9] sspSolveTime[193] lpSolveTime[0] lb[489.18] ub[521] numArcs: [602220] numFixed: [190955] time: [351]
lambda: 0,5.85217,12.1516,9.4184,8.60241,7.50701,6.48307,11.6253,11.0742,5.77761,8.02242,5.75805,6.23217,13.4243,8.90148,7.15466,8.91294,5.26468,12.4671,8.86332,13.0446,9.43096,6.72717,9.85028,11.9367,12.2265,9.6042,4.24756,9.44578,8.20384,10.6228,9.91003,3.49183,14.3887,11.9704,13.38,11.4431,6.05466,6.71519,14.6493,13.0968,15.0356,11.5907,12.7598,9.08617,9.92816,0,4.81446,8.23489,8.6176,5.86883,
mu: 
srcDuals: 
fixing. lower bound used: 479.375
percent fixed: 39.2684
updating best lambda
fixing. lower bound used: 479.375
fixed path dual: 5.43349
fixing. lower bound used: 481.141
percent fixed: 42.4971
updating best lambda
fixing. lower bound used: 481.141
fixed path dual: 5.43539
STATS - lpIterations[1] lagIterations[36] sspIterations[180] numSeparations[68] numCuts[0] compileTime[9] sspSolveTime[208] lpSolveTime[0] lb[489.722] ub[521] numArcs: [603038] numFixed: [256712] time: [376]
lambda: 0,5.84777,12.4504,9.7172,8.16521,7.80581,6.47867,11.1661,10.7667,6.0764,8.32122,6.05684,6.08936,13.4287,9.20028,7.45346,9.21174,5.41628,12.6187,8.42611,13.3434,9.72976,6.72277,9.23949,11.9323,12.5253,9.29661,3.93997,9.44138,8.50264,10.9216,9.75404,3.63903,14.6875,12.2692,13.6788,11.7419,5.91185,7.01399,14.9481,13.3956,14.5984,11.1534,12.7554,8.79617,10.227,0,4.67166,7.9273,8.9164,6.16763,
mu: 
srcDuals: 
fixing. lower bound used: 482.051
percent fixed: 45.3677
updating best lambda
fixing. lower bound used: 482.051
fixed path dual: 6.02073
STATS - lpIterations[1] lagIterations[37] sspIterations[185] numSeparations[69] numCuts[0] compileTime[9] sspSolveTime[216] lpSolveTime[0] lb[492.906] ub[521] numArcs: [603095] numFixed: [271642] time: [388]
lambda: 0,5.97637,12.579,9.84581,8.29381,7.6772,6.60727,11.2947,10.8953,6.20501,8.06402,6.05684,5.96076,13.5573,9.32888,6.93904,9.21174,4.90187,12.7473,8.55471,13.472,9.85836,6.85137,9.3681,12.0609,12.6539,9.42521,4.06857,9.56999,8.63124,10.9216,9.88264,3.76763,14.173,12.2692,13.8074,11.8705,5.39744,7.14259,14.4337,13.5242,14.727,11.282,12.884,8.53896,9.71255,0,4.80026,8.0559,8.7878,6.16763,
mu: 
srcDuals: 
fixing. lower bound used: 482.308
percent fixed: 46.4811
updating best lambda
fixing. lower bound used: 482.308
fixed path dual: 6.15722
STATS - lpIterations[1] lagIterations[38] sspIterations[190] numSeparations[71] numCuts[0] compileTime[9] sspSolveTime[223] lpSolveTime[0] lb[493.796] ub[521] numArcs: [603456] numFixed: [275853] time: [400]
lambda: 0,5.45944,12.579,9.53565,8.3972,7.78059,6.71066,11.3981,10.9986,6.30839,8.1674,6.05684,6.06414,13.6607,9.43227,7.04243,9.21174,5.00525,12.8507,8.6581,12.9551,9.85836,6.33444,9.47148,12.1643,12.7573,9.5286,4.06857,9.4666,8.52786,11.025,9.98603,3.56086,14.2764,12.3726,13.2905,11.3535,5.50082,7.24598,14.5371,13.6276,14.8304,11.3854,12.9874,8.64234,9.81593,0,4.90365,8.15929,8.89119,6.16763,
mu: 
srcDuals: 
fixing. lower bound used: 482.515
percent fixed: 46.7613
updating best lambda
fixing. lower bound used: 482.515
fixed path dual: 5.25323
STATS - lpIterations[1] lagIterations[39] sspIterations[195] numSeparations[72] numCuts[0] compileTime[9] sspSolveTime[232] lpSolveTime[0] lb[494.322] ub[521] numArcs: [603532] numFixed: [278500] time: [413]
lambda: 0,5.68881,12.8084,9.76502,8.16782,8.00996,6.25191,11.6275,11.228,6.53777,8.39678,6.28622,6.06414,13.4313,8.74415,7.2718,9.44111,5.23463,12.392,8.42872,13.1844,10.0877,6.56381,9.70086,12.3937,12.0691,9.75797,4.29795,9.69597,8.75723,11.2544,10.2154,3.79023,14.5058,12.602,13.5198,11.5829,5.7302,7.47535,14.7665,13.857,14.601,11.6148,13.2167,8.87172,10.0453,0,4.21553,8.38866,9.12056,6.397,
mu: 
srcDuals: 
fixing. lower bound used: 487.561
percent fixed: 54.8822
updating best lambda
fixing. lower bound used: 487.561
fixed path dual: 4.40036
fixing. lower bound used: 489.32
percent fixed: 57.8921
updating best lambda
fixing. lower bound used: 489.32
fixed path dual: 4.89758
STATS - lpIterations[1] lagIterations[41] sspIterations[205] numSeparations[77] numCuts[0] compileTime[9] sspSolveTime[249] lpSolveTime[0] lb[494.798] ub[521] numArcs: [604221] numFixed: [349539] time: [440]
lambda: 0,5.372,12.4966,9.82638,8.60735,7.69816,6.19056,11.5661,10.7221,6.72685,8.14633,6.4753,6.31458,13.8709,9.18367,7.33316,9.88064,5.29598,12.8315,8.86825,13.4349,9.77594,6.43609,9.38906,12.3323,12.5087,9.25208,4.17022,9.56825,8.44543,10.9426,9.70951,3.53979,14.5672,12.2902,13.7703,11.8334,5.79156,7.91488,14.7051,14.2965,15.0406,12.0543,13.1554,9.12216,10.1067,0,4.65505,8.45002,8.80876,6.83653,
mu: 
srcDuals: 
fixing. lower bound used: 489.815
percent fixed: 59.731
updating best lambda
fixing. lower bound used: 489.815
fixed path dual: 4.90818
STATS - lpIterations[1] lagIterations[42] sspIterations[210] numSeparations[80] numCuts[0] compileTime[9] sspSolveTime[256] lpSolveTime[0] lb[495.977] ub[521] numArcs: [604727] numFixed: [358720] time: [453]
lambda: 0,5.53298,12.6576,9.98735,8.60735,7.69816,6.35153,11.7271,10.8831,6.72685,8.30731,6.15336,6.31458,13.8709,9.34465,7.49413,8.9148,5.45696,12.9925,8.86825,13.2739,9.45399,6.59706,9.55003,12.4933,12.6696,9.41305,4.33119,9.72922,7.96251,11.1035,9.87048,3.70076,14.7281,12.1292,13.7703,11.9943,5.79156,7.43196,14.8661,14.4575,15.0406,12.0543,13.3164,9.12216,10.2676,0,4.65505,8.61099,8.96973,6.19264,
mu: 
srcDuals: 
fixing. lower bound used: 490.942
percent fixed: 62.3359
updating best lambda
fixing. lower bound used: 490.942
fixed path dual: 4.28207
fixing. lower bound used: 491.956
percent fixed: 64.6657
updating best lambda
fixing. lower bound used: 491.956
fixed path dual: 3.92334
fixing. lower bound used: 493.164
percent fixed: 66.3487
updating best lambda
fixing. lower bound used: 493.164
fixed path dual: 4.5219
STATS - lpIterations[1] lagIterations[45] sspIterations[225] numSeparations[89] numCuts[0] compileTime[9] sspSolveTime[279] lpSolveTime[0] lb[497.148] ub[521] numArcs: [606203] numFixed: [401195] time: [490]
lambda: 0,5.52537,13.1918,10.1603,8.58957,7.66316,6.52453,11.3583,11.0561,6.43308,8.4103,5.99758,6.41758,13.9738,9.44764,7.16592,9.31101,5.12874,13.2507,8.69525,13.6275,9.98819,6.77006,9.00062,12.4857,12.7726,9.58605,4.32359,9.90222,8.49671,10.9478,10.0435,4.23496,14.8311,12.2494,14.1239,12.3479,5.46334,7.13819,14.9691,14.7157,14.5916,12.1573,13.3087,8.79394,10.3706,0,4.91326,8.42279,9.07273,6.58884,
mu: 
srcDuals: 
fixing. lower bound used: 494.044
percent fixed: 68.3454
updating best lambda
fixing. lower bound used: 494.044
fixed path dual: 4.60574
STATS - lpIterations[1] lagIterations[46] sspIterations[230] numSeparations[91] numCuts[0] compileTime[9] sspSolveTime[288] lpSolveTime[0] lb[498.282] ub[521] numArcs: [606382] numFixed: [414197] time: [504]
lambda: 0,5.16823,12.8346,9.68415,8.70862,7.78221,6.64358,11.4773,11.1751,6.55213,8.52935,6.11663,6.53663,14.0929,9.56669,7.28496,9.43006,5.24779,13.3697,8.8143,13.1513,10.1072,6.41291,9.11967,12.6048,12.8917,9.7051,4.20454,9.78317,8.13957,11.0668,10.1625,3.99687,14.9502,12.3685,13.6477,11.8717,5.58239,7.25724,15.0881,14.8347,14.7106,12.2764,13.4278,8.91299,10.4897,0,5.03231,8.54184,9.19177,6.70789,
mu: 
srcDuals: 
fixing. lower bound used: 494.758
percent fixed: 69.6638
updating best lambda
fixing. lower bound used: 494.758
fixed path dual: 4.06144
STATS - lpIterations[1] lagIterations[47] sspIterations[235] numSeparations[93] numCuts[0] compileTime[9] sspSolveTime[297] lpSolveTime[0] lb[498.448] ub[521] numArcs: [606508] numFixed: [421496] time: [518]
lambda: 0,5.43076,13.0972,9.94668,7.92103,7.51968,6.90611,11.7398,11.4377,6.81466,8.26682,6.37916,6.2741,14.3554,9.82922,7.02243,9.69259,4.98526,13.1072,8.55177,13.4138,10.3698,6.67544,9.3822,12.8673,13.1542,9.96763,4.46707,10.0457,8.4021,11.3293,10.4251,4.2594,14.6876,12.631,13.9102,12.1343,5.31986,7.51977,14.8256,14.5722,13.923,12.5389,13.6903,8.65046,10.2271,0,4.76978,8.80437,8.92925,6.97042,
mu: 
srcDuals: 
fixing. lower bound used: 497.646
percent fixed: 73.8832
updating best lambda
fixing. lower bound used: 497.646
fixed path dual: 4.06879
STATS - lpIterations[1] lagIterations[48] sspIterations[240] numSeparations[96] numCuts[0] compileTime[9] sspSolveTime[305] lpSolveTime[0] lb[500.479] ub[521] numArcs: [607010] numFixed: [449464] time: [531]
lambda: 0,5.68008,13.0972,9.94668,8.17035,7.769,6.65678,11.7398,10.6897,6.81466,8.51614,5.88051,6.52342,14.6048,10.0785,7.27176,9.44326,5.23458,13.3565,8.80109,13.6632,10.1204,6.92477,9.3822,13.1166,13.4035,9.21966,4.46707,9.79638,8.4021,11.3293,9.92641,4.01007,14.937,12.1324,14.1595,12.3836,5.56918,7.51977,15.0749,14.8215,14.1724,12.7882,13.9396,8.89979,10.4765,0,5.0191,8.55504,9.17857,6.47177,
mu: 
srcDuals: 
fixing. lower bound used: 499.539
percent fixed: 77.6196
updating best lambda
fixing. lower bound used: 499.539
fixed path dual: 2.35377
fixing. lower bound used: 493.486
percent fixed: 77.5179
fixing. lower bound used: 499.539
fixed path dual: 2.53034
fixing. lower bound used: 492.972
percent fixed: 77.5159
fixing. lower bound used: 499.539
fixed path dual: 4.16927
STATS - lpIterations[1] lagIterations[51] sspIterations[255] numSeparations[102] numCuts[0] compileTime[9] sspSolveTime[333] lpSolveTime[0] lb[501.073] ub[521] numArcs: [608083] numFixed: [472769] time: [572]
lambda: 0,5.47691,13.2739,9.61689,8.60031,7.83103,6.66404,11.3244,11.1197,6.99137,8.21023,6.31047,6.76941,14.612,9.87445,6.91108,9.7466,5.14986,13.7865,8.80835,13.46,10.1705,6.7216,8.75541,12.9125,13.4108,9.64962,4.43243,9.97309,8.19893,11.7593,10.3564,4.18678,14.5391,12.3091,13.8297,12.0538,5.30049,7.42052,15.137,15.2515,14.1796,12.7955,13.7356,8.72308,10.2625,0.126625,5.44906,8.5623,8.96464,6.52186,
mu: 
srcDuals: 
fixing. lower bound used: 499.605
percent fixed: 78.4289
updating best lambda
fixing. lower bound used: 499.605
fixed path dual: 2.57613
fixing. lower bound used: 499.958
percent fixed: 79.1756
updating best lambda
fixing. lower bound used: 499.958
fixed path dual: 2.17631
fixing. lower bound used: 496.569
percent fixed: 77.8996
fixing. lower bound used: 499.958
fixed path dual: 3.37662
STATS - lpIterations[1] lagIterations[54] sspIterations[270] numSeparations[105] numCuts[0] compileTime[9] sspSolveTime[356] lpSolveTime[0] lb[502.025] ub[521] numArcs: [608297] numFixed: [474853] time: [609]
lambda: 0,5.40113,13.3815,9.64868,8.82433,7.93495,6.19673,11.8941,11.3666,7.21539,8.19771,6.21176,6.29845,14.836,9.40714,6.89856,9.64788,5.25378,13.6649,9.03237,13.5994,10.301,6.75339,9.32509,13.4822,12.9435,9.89657,4.67938,10.0049,8.32944,11.8669,10.6033,4.18678,14.5266,12.4166,13.9691,12.1932,5.28797,7.64454,15.008,15.8212,14.4036,13.3652,14.3052,8.827,10.25,0.126625,4.98176,9.0244,9.06856,6.6383,
mu: 
srcDuals: 
fixing. lower bound used: 501.204
percent fixed: 80.0961
updating best lambda
fixing. lower bound used: 501.204
fixed path dual: 2.87688
fixing. lower bound used: 499.659
percent fixed: 80.409
updating best lambda
fixing. lower bound used: 499.659
fixed path dual: 2.3435
fixing. lower bound used: 497.325
percent fixed: 78.32
fixing. lower bound used: 499.659
fixed path dual: 3.5621
STATS - lpIterations[1] lagIterations[57] sspIterations[285] numSeparations[115] numCuts[0] compileTime[9] sspSolveTime[383] lpSolveTime[0] lb[502.999] ub[521] numArcs: [609903] numFixed: [478061] time: [649]
lambda: 0,5.64821,13.4244,9.61912,8.47128,7.82972,6.29564,11.7526,11.1526,6.66562,8.53701,6.2547,6.53884,14.5819,9.64753,7.13896,9.59861,5.49417,13.9052,8.77823,13.8464,10.6403,7.00048,9.1836,13.3407,13.1839,9.59035,4.59385,9.60645,8.57652,11.4653,10.2049,4.22973,14.8659,12.1632,14.2162,12.4402,5.42946,7.53931,15.3473,15.9627,13.9517,13.3088,14.1638,8.86958,10.5893,0.317748,5.12324,8.75445,8.81516,6.53306,
mu: 
srcDuals: 
fixing. lower bound used: 502.572
percent fixed: 82.2751
updating best lambda
fixing. lower bound used: 502.572
fixed path dual: 3.48705
STATS - lpIterations[1] lagIterations[58] sspIterations[290] numSeparations[118] numCuts[0] compileTime[9] sspSolveTime[392] lpSolveTime[0] lb[503.115] ub[521] numArcs: [610467] numFixed: [503865] time: [663]
lambda: 0,5.64821,13.4244,9.61912,8.56956,7.92799,6.39391,11.8509,11.2509,6.7639,8.63529,6.05815,6.63712,14.6802,9.74581,7.23723,9.10723,5.59245,14.0035,8.87651,13.2568,10.149,7.00048,9.28188,13.439,13.2822,9.68863,4.69213,9.60645,8.08514,11.5636,10.3032,4.22973,14.9641,12.2615,13.9214,12.4402,5.52773,7.53931,15.4456,16.0609,14.05,13.4071,14.262,8.96785,10.6876,0.219471,5.22152,8.85272,8.91343,6.33651,
mu: 
srcDuals: 
fixing. lower bound used: 502.92
percent fixed: 83.308
updating best lambda
fixing. lower bound used: 502.92
fixed path dual: 3.33503
fixing. lower bound used: 501.646
percent fixed: 83.3967
updating best lambda
switching from LAG to LP solver
num vars: 100533
DUALS: -0,4.68155,14.252,9.58364,8.48199,8.43553,5.89721,10.848,11.2339,7.50624,8.12079,6.43553,6.37921,16.3862,9.52926,7.33333,10.221,5.33333,14.4541,8.09582,13.6075,11.4071,7.98685,9.52926,12.85,14.5097,11.5991,4.30375,9.30375,7.31367,11.5106,10.5598,3.65024,14.4478,11.8268,9.88587,17.6031,4.64577,7.9605,16.1707,19.3333,11.1208,15.6458,16.6948,8.73344,12.0877,0.333333,5.56388,8.28826,8.64577,5.97042,
fixed path dual: 3.66667
lp dual value: 514.631
STATS - lpIterations[2] lagIterations[59] sspIterations[295] numSeparations[119] numCuts[0] compileTime[9] sspSolveTime[401] lpSolveTime[33] lb[514.631] ub[521] numArcs: [610655] numFixed: [511106] time: [714]
checking cuts, max violation: 0.535176, num cuts: 33
new capacity cutset: 1 3 7 8 20 22 23 24 26 27 28 31 35 36 43 48 <= 14
new capacity cutset: 4 10 12 13 14 15 17 18 19 25 33 37 39 40 41 42 44 45 47 <= 16
new capacity cutset: 4 5 10 12 13 14 15 17 18 19 25 33 37 39 40 41 42 44 45 47 49 <= 18
new capacity cutset: 6 7 13 14 19 23 24 25 40 41 42 43 <= 10
new capacity cutset: 7 23 24 43 <= 3
new capacity cutset: 13 14 18 19 25 40 41 42 <= 6
new capacity cutset: 1 2 3 7 8 16 20 21 22 23 24 26 27 28 29 31 32 34 35 36 43 48 50 <= 20
new capacity cutset: 1 2 3 5 6 7 8 9 10 11 13 14 15 16 19 20 21 22 23 24 25 26 27 28 29 30 31 32 33 34 35 36 38 39 40 41 42 43 44 45 48 49 50 <= 38
new capacity cutset: 4 13 14 18 19 25 40 41 42 47 <= 8
new capacity cutset: 1 2 3 4 5 8 9 10 11 12 13 14 15 16 17 18 19 20 21 22 25 26 28 29 30 31 32 33 34 35 36 37 38 39 40 41 42 44 45 47 49 50 <= 37
new capacity cutset: 1 3 8 20 22 26 27 28 31 35 36 48 <= 10
new capacity cutset: 2 3 16 20 21 29 34 35 36 50 <= 8
new capacity cutset: 3 7 8 20 23 24 26 28 31 35 36 43 48 <= 11
new capacity cutset: 4 13 14 18 19 25 40 41 42 <= 7
new capacity cutset: 7 13 14 19 23 24 25 40 41 42 43 <= 9
new capacity cutset: 8 26 31 <= 2
new capacity cutset: 1 2 3 8 9 11 16 20 21 22 26 28 29 30 31 32 34 35 36 38 48 50 <= 19
new capacity cutset: 1 2 3 8 9 11 16 20 21 22 26 27 28 29 30 31 32 34 35 36 38 48 50 <= 20
new capacity cutset: 4 5 6 7 8 10 12 13 14 15 17 18 19 23 24 25 26 31 33 37 39 40 41 42 43 44 45 47 48 49 <= 26
new capacity cutset: 4 5 10 13 14 15 17 18 19 25 33 37 39 40 41 42 44 45 47 49 <= 17
new capacity cutset: 2 3 5 9 10 11 15 16 20 21 29 30 33 34 35 36 38 39 45 49 50 <= 18
new capacity cutset: 1 2 3 4 5 8 9 10 11 13 14 15 16 17 18 19 20 21 22 25 26 28 29 30 31 32 33 34 35 36 37 38 39 40 41 42 44 45 46 47 49 50 <= 37
new capacity cutset: 1 2 3 4 5 8 9 10 11 12 13 14 15 16 17 18 19 20 21 22 25 26 28 29 30 31 32 33 34 35 36 37 38 39 40 41 42 44 45 46 47 49 50 <= 38
new capacity cutset: 3 7 8 20 23 24 26 28 31 35 36 43 <= 10
new capacity cutset: 1 3 7 8 20 22 23 24 26 28 31 35 36 43 <= 12
new capacity cutset: 1 3 7 8 20 22 23 24 26 28 31 35 36 43 48 <= 13
new capacity cutset: 1 2 3 7 8 9 16 20 21 22 23 24 26 28 29 30 31 32 34 35 36 43 50 <= 20
new capacity cutset: 1 2 3 7 8 9 16 20 21 22 23 24 26 28 29 30 31 32 34 35 36 43 48 50 <= 21
new capacity cutset: 1 2 3 7 8 9 16 20 21 22 23 24 26 27 28 29 30 31 32 34 35 36 43 48 50 <= 22
new capacity cutset: 1 2 3 5 6 7 8 9 10 11 13 14 15 16 19 20 21 22 23 24 25 26 28 29 30 31 32 33 34 35 36 38 39 40 41 42 43 44 45 46 48 49 50 <= 38
new capacity cutset: 1 2 3 5 6 7 8 9 10 11 13 14 15 16 19 20 21 22 23 24 25 26 27 28 29 30 31 32 33 34 35 36 38 39 40 41 42 43 44 45 46 48 49 50 <= 39
new capacity cutset: 1 2 3 5 6 7 8 9 10 11 13 14 15 16 19 20 21 22 23 24 25 26 27 28 29 30 31 32 33 34 35 36 37 38 39 40 41 42 43 44 45 46 48 49 50 <= 40
new capacity cutset: 1 2 3 5 6 7 8 9 10 11 13 14 15 16 17 19 20 21 22 23 24 25 26 27 28 29 30 31 32 33 34 35 36 37 38 39 40 41 42 43 44 45 46 48 49 50 <= 41
num vars: 614209
DUALS: -0,7.42802,18.1566,13.6928,10.2194,12.2418,8.04441,13.464,14.5563,11.9497,13.9653,10.388,7.61695,19.4166,12.0184,11.021,14.8494,6.62089,15.0151,14.2214,17.4449,16.5094,11.2748,12.4218,15.6891,17.8206,15.1755,7.06512,12.2112,12.7334,15.0825,13.9774,5.89985,19.3298,16.3922,17.6135,24.7245,5.41984,11.964,20.2741,23.0223,13.023,17.8213,19.795,11.0204,17.7903,0.599869,6.21748,10.7626,12.3809,11.1117,
fixed path dual: 3.40013
cap dual [1]: -0.576485
cap dual [4]: -1.02273
cap dual [5]: -1.00066
cap dual [7]: -1.80158
cap dual [10]: -1.3114
cap dual [11]: -0.876825
cap dual [16]: -0.14612
cap dual [18]: -0.44454
cap dual [20]: -2.56886
lp dual value: 516.997
STATS - lpIterations[3] lagIterations[59] sspIterations[295] numSeparations[139] numCuts[33] compileTime[9] sspSolveTime[401] lpSolveTime[741] lb[516.997] ub[521] numArcs: [613231] numFixed: [0] time: [1457]
checking cuts, max violation: 0.216352, num cuts: 4
new capacity cutset: 4 5 10 12 13 15 17 18 19 25 33 37 39 40 41 42 44 45 47 49 <= 17
new capacity cutset: 4 13 18 19 25 40 41 42 47 <= 7
new capacity cutset: 6 7 14 18 23 24 25 43 <= 6
new capacity cutset: 1 2 3 4 5 8 9 10 11 12 13 15 16 17 18 19 20 21 22 25 26 28 29 30 31 32 33 34 35 36 37 38 39 40 41 42 44 45 47 49 50 <= 36
fixing. lower bound used: 516.994
num vars: 613713
DUALS: -0,7.40678,17.9949,12.9756,10.608,11.9203,8.24414,13.0405,14.6866,11.6981,13.7892,9.9203,7.77134,19.5851,12.2078,10.6335,14.7509,7.10325,15.3759,13.9686,17.3599,16.5396,10.9048,12.4415,15.4509,18.635,14.5777,6.85014,11.8501,12.2941,14.7509,13.5091,5.69872,19.6205,16.0501,21.3868,19.5962,6.21029,11.7509,20.4983,23.3711,13.0711,17.763,20.1654,11.6324,18.3912,0.652966,6.72067,10.1553,12.0561,10.7358,
fixed path dual: 3.34703
cap dual [1]: -1.14514
cap dual [4]: -0.719053
cap dual [5]: -0.791633
cap dual [6]: -0.050427
cap dual [7]: -1.67508
cap dual [10]: -1.1306
cap dual [11]: -0.851489
cap dual [15]: -0.103686
cap dual [18]: -0.305148
cap dual [20]: -2.50585
cap dual [35]: -0.420714
lp dual value: 517.327
STATS - lpIterations[4] lagIterations[59] sspIterations[295] numSeparations[159] numCuts[37] compileTime[9] sspSolveTime[401] lpSolveTime[1434] lb[517.327] ub[521] numArcs: [616092] numFixed: [3355] time: [2162]
no rcc cuts found
fixing. lower bound used: 517.324
num vars: 615974
DUALS: -0,7.71593,18.2987,13.8487,10.7481,12.1504,8.65885,13.7795,15.0022,11.9091,13.8598,10.1504,8.01333,20.3188,12.672,11.405,14.8472,7.32104,15.6435,15.5117,17.7717,16.8393,11.6278,12.9996,16.276,19.1064,15.6031,7.24245,12.3573,12.2058,15.3113,14.1842,6.35731,20.1896,16.0282,20.9857,19.016,6.06304,12.3113,21.1153,24.1184,13.6021,18.3448,21.276,11.9067,18.5104,0.741994,6.58632,10.5083,12.5772,10.9399,
fixed path dual: 3.25801
cap dual [1]: -1.1983
cap dual [4]: -1.21447
cap dual [5]: -1.13436
cap dual [6]: -0.225679
cap dual [7]: -2.10163
cap dual [10]: -1
cap dual [11]: -0.378321
cap dual [15]: -0.253662
cap dual [18]: -0.265885
cap dual [20]: -2.37741
cap dual [35]: -0.333064
cap dual [36]: -0.11486
lp dual value: 517.476
STATS - lpIterations[5] lagIterations[59] sspIterations[295] numSeparations[178] numCuts[37] compileTime[9] sspSolveTime[401] lpSolveTime[2150] lb[517.476] ub[521] numArcs: [618529] numFixed: [3527] time: [2887]
checking cuts, max violation: 0.133852, num cuts: 1
new capacity cutset: 2 9 11 16 21 29 30 32 34 38 50 <= 9
fixing. lower bound used: 517.473
num vars: 617762
