fixed number of vehicles
capacity: 150
instance upper bound: 510
route length upper bound: 45
compiling DD
time step mult: 1
time step: 10
cap step: 1
done compiling DD
batch size for lag: 1
iteration delay to start separating: 0
optimality gap to start repairing: 100
percent fixed to change to CPLEX: 97.5
num arcs to change to CPLEX: 100000
num arcs to change to LAG: 999999999
num lag iters to cut: 0
num cuts lag: 10
cut phase: 1
deactivate cut value threshold: 0.1
deactivate cut iter threshold: 25
momentum beta: 0
stall alpha factor: 0
STATS - lpIterations[0] lagIterations[0] sspIterations[0] numSeparations[0] numCuts[0] compileTime[6] sspSolveTime[0] lpSolveTime[0] lb[0] ub[510] numArcs: [419519] numFixed: [0] time: [6]
STATS - lpIterations[1] lagIterations[0] sspIterations[0] numSeparations[0] numCuts[0] compileTime[6] sspSolveTime[0] lpSolveTime[0] lb[0] ub[510] numArcs: [419519] numFixed: [0] time: [6]
fixed path dual: 17.2933
STATS - lpIterations[1] lagIterations[1] sspIterations[5] numSeparations[0] numCuts[0] compileTime[6] sspSolveTime[0] lpSolveTime[0] lb[307.56] ub[510] numArcs: [419509] numFixed: [0] time: [7]
lambda: 0,1.30667,8.4,7.04,2.04,3.92,2.2,6.58667,6.74667,3.37333,1.86667,3.04,3.09333,8.89333,5.04,3.33333,4.4,0.68,8.2,3.84,11.9467,3.41333,2.24,4.69333,3.33333,8.58667,2.61333,1.6,5.6,2.32,7.85333,4.4,1.6,10.4267,11.0933,8.84,3.52,2.16,3.2,7.09333,3.92,10.8,5.37333,5.13333,5.33333,
mu: 
srcDuals: 
fixing. lower bound used: 295.975
percent fixed: 0.0424285
updating best lambda
fixing. lower bound used: 295.975
fixed path dual: 17.2933
STATS - lpIterations[1] lagIterations[2] sspIterations[10] numSeparations[0] numCuts[0] compileTime[6] sspSolveTime[3] lpSolveTime[0] lb[322.786] ub[510] numArcs: [419509] numFixed: [221] time: [13]
lambda: 0,1.69707,8.7904,7.4304,2.4304,4.3104,2.2,6.97707,7.13707,3.76374,2.25707,3.04,3.09333,9.28374,5.4304,3.72374,4.7904,1.0704,8.5904,4.2304,12.3371,3.80374,2.6304,5.08374,3.72374,8.97707,3.00374,1.6,5.9904,2.7104,8.24374,4.7904,1.6,10.8171,11.4837,9.2304,3.9104,2.5504,3.5904,7.48374,4.3104,11.1904,5.76374,5.52374,5.72374,
mu: 
srcDuals: 
fixing. lower bound used: 311.201
percent fixed: 0.0526781
updating best lambda
fixing. lower bound used: 311.201
fixed path dual: 17.2933
STATS - lpIterations[1] lagIterations[3] sspIterations[15] numSeparations[0] numCuts[0] compileTime[6] sspSolveTime[6] lpSolveTime[0] lb[338.609] ub[510] numArcs: [419509] numFixed: [221] time: [19]
lambda: 0,2.10278,9.19612,7.83612,2.83612,4.71612,2.2,7.38278,7.54278,4.16945,2.66278,3.04,3.09333,9.68945,5.83612,4.12945,5.19612,1.47612,8.99612,4.63612,12.7428,4.20945,3.03612,5.48945,4.12945,9.38278,3.40945,1.6,6.39612,3.11612,8.64945,5.19612,1.6,11.2228,11.8895,9.63612,4.31612,2.95612,3.99612,7.88945,4.71612,11.5961,6.16945,5.92945,6.12945,
mu: 
srcDuals: 
fixing. lower bound used: 327.024
percent fixed: 0.0526781
fixing. lower bound used: 311.201
fixed path dual: 17.2178
STATS - lpIterations[1] lagIterations[4] sspIterations[20] numSeparations[0] numCuts[0] compileTime[6] sspSolveTime[9] lpSolveTime[0] lb[354.668] ub[510] numArcs: [419507] numFixed: [221] time: [26]
lambda: 0,2.52425,9.61759,8.25759,3.25759,5.13759,2.2,7.80425,7.96425,4.59092,3.08425,3.04,3.09333,10.1109,6.25759,4.55092,5.61759,1.89759,9.41759,5.05759,13.1643,4.63092,3.45759,5.91092,4.55092,9.80425,3.83092,1.6,6.81759,3.53759,9.07092,5.61759,1.6,11.6443,12.3109,10.0576,4.73759,3.37759,4.41759,8.31092,5.13759,12.0176,6.59092,6.35092,6.55092,
mu: 
srcDuals: 
fixing. lower bound used: 343.461
percent fixed: 0.0526779
fixing. lower bound used: 311.201
fixed path dual: 17.2059
STATS - lpIterations[1] lagIterations[5] sspIterations[25] numSeparations[0] numCuts[0] compileTime[6] sspSolveTime[12] lpSolveTime[0] lb[371.66] ub[510] numArcs: [419507] numFixed: [221] time: [32]
lambda: 0,2.96147,10.0548,8.6948,3.6948,5.5748,2.2,8.24147,8.40147,5.02813,3.52147,3.47721,3.09333,10.5481,6.6948,4.98813,6.0548,2.3348,9.41759,5.4948,13.6015,5.06813,3.8948,6.34813,4.98813,10.2415,4.26813,1.6,7.2548,3.9748,9.50813,6.0548,1.6,12.0815,12.7481,10.4948,5.1748,3.8148,4.8548,8.74813,5.5748,12.4548,7.02813,6.78813,6.98813,
mu: 
srcDuals: 
fixing. lower bound used: 360.512
percent fixed: 0.0538697
updating best lambda
fixing. lower bound used: 360.512
fixed path dual: 16.6735
STATS - lpIterations[1] lagIterations[6] sspIterations[30] numSeparations[0] numCuts[0] compileTime[6] sspSolveTime[16] lpSolveTime[0] lb[386.696] ub[510] numArcs: [419490] numFixed: [226] time: [39]
lambda: 0,3.41527,10.5086,9.1486,4.1486,6.0286,2.2,8.69527,8.85527,5.48193,3.97527,3.47721,3.09333,11.0019,7.1486,5.44193,6.5086,2.7886,9.87138,5.9486,14.0553,5.52193,4.3486,6.80193,5.44193,10.6953,4.72193,1.6,7.7086,4.4286,9.96193,6.5086,1.6,12.5353,13.2019,10.9486,5.6286,4.2686,5.3086,9.20193,6.0286,12.9086,7.48193,7.24193,7.44193,
mu: 
srcDuals: 
fixing. lower bound used: 378.21
percent fixed: 0.0681686
updating best lambda
fixing. lower bound used: 378.21
fixed path dual: 16.6289
STATS - lpIterations[1] lagIterations[7] sspIterations[35] numSeparations[3] numCuts[0] compileTime[6] sspSolveTime[19] lpSolveTime[0] lb[394.942] ub[510] numArcs: [419782] numFixed: [243] time: [45]
lambda: 0,3.74099,9.53144,9.47432,4.47432,6.35432,2.52572,9.02099,9.18099,5.80765,4.30099,3.80294,3.09333,11.3277,7.1486,5.76765,6.83432,3.11432,9.54566,6.27432,13.0781,5.84765,4.67432,7.12765,5.76765,10.6953,5.04765,1.6,8.03432,4.75432,10.2877,6.83432,1.27428,12.861,13.5277,10.6229,5.95432,4.59432,5.63432,9.52765,6.35432,13.2343,7.80765,7.56765,7.76765,
mu: 
srcDuals: 
fixing. lower bound used: 386.679
percent fixed: 0.0943185
updating best lambda
fixing. lower bound used: 386.679
fixed path dual: 16.3759
STATS - lpIterations[1] lagIterations[8] sspIterations[40] numSeparations[4] numCuts[0] compileTime[6] sspSolveTime[22] lpSolveTime[0] lb[408.347] ub[510] numArcs: [419893] numFixed: [353] time: [52]
lambda: 0,4.2142,10.0046,9.94753,4.94753,6.82753,2.52572,9.4942,9.6542,5.33444,4.7742,4.27615,3.09333,11.8009,7.62181,6.24086,7.30753,3.58753,10.0189,6.74753,13.5513,5.84765,5.14753,7.60086,6.24086,11.1685,5.52086,1.6,8.50753,5.22753,9.81444,7.30753,1.27428,13.3342,13.0544,11.0961,6.42753,5.06753,5.16111,10.0009,6.82753,13.7075,8.28086,8.04086,8.24086,
mu: 
srcDuals: 
fixing. lower bound used: 401.349
percent fixed: 0.253577
updating best lambda
fixing. lower bound used: 401.349
fixed path dual: 16.6757
STATS - lpIterations[1] lagIterations[9] sspIterations[45] numSeparations[6] numCuts[0] compileTime[6] sspSolveTime[26] lpSolveTime[0] lb[423.641] ub[510] numArcs: [420127] numFixed: [1022] time: [59]
lambda: 0,3.70325,10.5156,9.43659,5.45847,7.33847,3.03667,10.0051,10.1651,5.84539,5.28514,4.78709,3.09333,12.3118,7.62181,6.75181,7.81847,4.09847,9.50793,7.25847,13.0404,6.3586,4.63659,8.11181,6.75181,11.1685,6.03181,1.6,8.50753,5.73847,10.3254,7.81847,1.27428,13.8451,13.5654,11.0961,6.93847,5.57847,5.67205,10.5118,7.33847,14.2185,8.79181,8.55181,8.75181,
mu: 
srcDuals: 
fixing. lower bound used: 415.144
percent fixed: 0.773578
updating best lambda
fixing. lower bound used: 415.144
fixed path dual: 15.2885
STATS - lpIterations[1] lagIterations[10] sspIterations[50] numSeparations[8] numCuts[0] compileTime[6] sspSolveTime[29] lpSolveTime[0] lb[424.939] ub[510] numArcs: [420391] numFixed: [3192] time: [65]
lambda: 0,4.03263,10.845,9.76596,5.78785,6.67973,3.36604,10.3345,10.4945,4.85726,5.61452,4.78709,3.09333,12.6412,7.95118,7.08118,8.14785,4.42785,9.8373,7.58785,13.3697,6.68797,4.96596,8.44118,7.08118,11.4979,6.36118,1.6,8.8369,6.06785,9.99601,8.14785,1.27428,14.1745,13.236,11.4255,7.26785,5.90785,4.68393,10.8412,7.66785,14.5478,9.12118,8.88118,9.08118,
mu: 
srcDuals: 
fixing. lower bound used: 421.669
percent fixed: 1.28539
updating best lambda
fixing. lower bound used: 421.669
fixed path dual: 15.6776
STATS - lpIterations[1] lagIterations[11] sspIterations[55] numSeparations[8] numCuts[0] compileTime[6] sspSolveTime[33] lpSolveTime[0] lb[431.567] ub[510] numArcs: [420365] numFixed: [5406] time: [72]
lambda: 0,4.32529,11.1376,10.0586,6.08051,6.97238,3.6587,10.6272,10.7872,5.14992,5.90717,5.07975,3.09333,12.0559,7.36587,7.37384,8.44051,4.13519,10.13,7.00253,13.6624,6.98063,5.25862,8.73384,7.37384,10.9125,6.65384,1.6,9.12956,6.36051,10.2887,8.44051,1.56694,14.4672,13.5287,11.7181,7.56051,5.32253,4.97659,11.1338,7.96051,13.9625,8.53587,9.17384,8.49587,
mu: 
srcDuals: 
fixing. lower bound used: 427.438
percent fixed: 2.18997
updating best lambda
fixing. lower bound used: 427.438
fixed path dual: 16.5194
STATS - lpIterations[1] lagIterations[12] sspIterations[60] numSeparations[11] numCuts[0] compileTime[6] sspSolveTime[36] lpSolveTime[0] lb[438.095] ub[510] numArcs: [420814] numFixed: [9169] time: [79]
lambda: 0,3.61189,11.316,9.34523,6.25886,7.15073,3.83705,10.8055,10.9655,5.32827,6.08552,5.07975,3.09333,12.2342,7.54422,7.55219,8.44051,4.31354,10.3083,7.18088,12.7707,7.15898,4.54523,8.91219,7.55219,11.0909,6.83219,1.6,9.12956,6.36051,10.467,8.61886,1.56694,14.6455,13.707,11.3614,7.73886,5.50088,5.15494,11.3122,8.13886,14.1409,8.71421,9.35219,8.67421,
mu: 
srcDuals: 
fixing. lower bound used: 430.38
percent fixed: 2.85566
updating best lambda
fixing. lower bound used: 430.38
fixed path dual: 14.3567
STATS - lpIterations[1] lagIterations[13] sspIterations[65] numSeparations[11] numCuts[0] compileTime[6] sspSolveTime[40] lpSolveTime[0] lb[446.839] ub[510] numArcs: [420791] numFixed: [12031] time: [86]
lambda: 0,4.22307,11.9272,9.95641,6.87004,7.76191,3.83705,11.4167,11.5767,5.93945,6.6967,5.69093,3.09333,12.2342,8.1554,7.55219,9.05169,4.92472,10.3083,7.18088,13.3818,7.77016,5.15641,9.52337,8.16337,11.7021,7.44337,1.6,9.74074,6.97169,11.0782,9.23004,1.56694,15.2567,14.3182,11.9726,8.35004,5.50088,5.76612,11.9234,8.75004,14.1409,8.71421,9.96337,8.67421,
mu: 
srcDuals: 
fixing. lower bound used: 445.389
percent fixed: 9.345
updating best lambda
fixing. lower bound used: 445.389
fixed path dual: 14.4639
STATS - lpIterations[1] lagIterations[14] sspIterations[70] numSeparations[14] numCuts[0] compileTime[6] sspSolveTime[43] lpSolveTime[0] lb[452.168] ub[510] numArcs: [421034] numFixed: [39157] time: [92]
lambda: 0,4.52264,11.9272,10.256,7.16961,8.06148,4.13662,11.7163,11.8763,5.04074,6.99627,5.09179,3.09333,12.5338,8.45497,7.85176,9.05169,5.22429,10.6079,7.48045,13.0823,7.47059,5.45598,9.82294,8.46294,12.0016,7.74294,1.6,10.0403,6.67212,10.7786,9.52961,1.86651,15.5563,13.4195,11.9726,8.64961,5.80045,4.86741,12.2229,9.04961,14.4405,9.01378,10.2629,8.97378,
mu: 
srcDuals: 
fixing. lower bound used: 450.547
percent fixed: 13.2316
updating best lambda
fixing. lower bound used: 450.547
fixed path dual: 13.459
STATS - lpIterations[1] lagIterations[15] sspIterations[75] numSeparations[15] numCuts[0] compileTime[6] sspSolveTime[48] lpSolveTime[0] lb[454.957] ub[510] numArcs: [421281] numFixed: [55512] time: [100]
lambda: 0,4.52264,12.5281,10.256,7.77057,8.66245,4.13662,11.7163,11.8763,5.64171,7.59724,5.69276,3.09333,11.9328,7.854,8.45273,9.65266,4.62332,11.2088,6.87948,13.6832,8.07156,5.45598,9.82294,9.06391,11.4007,7.74294,1.6,9.43935,7.27309,11.3796,9.52961,2.46748,16.1572,14.0205,12.5736,9.25057,5.19948,5.46837,12.8239,9.65057,13.8395,8.41282,10.8639,8.37282,
mu: 
srcDuals: 
fixing. lower bound used: 454.344
percent fixed: 18.3268
updating best lambda
fixing. lower bound used: 454.344
fixed path dual: 13.679
STATS - lpIterations[1] lagIterations[16] sspIterations[80] numSeparations[16] numCuts[0] compileTime[6] sspSolveTime[52] lpSolveTime[0] lb[459.1] ub[510] numArcs: [421378] numFixed: [76912] time: [107]
lambda: 0,4.52264,11.7673,10.256,8.15097,8.28205,4.51701,12.0967,11.8763,5.26131,7.97764,5.31236,3.09333,12.3132,8.2344,8.83313,9.27226,5.00372,11.5892,7.25988,12.9224,7.69116,5.83638,10.2033,9.44431,11.7811,8.12334,1.9804,9.43935,6.13189,10.9992,9.52961,2.08708,16.5376,13.6401,12.1932,9.63097,5.57988,5.08798,13.2043,10.031,14.2199,8.79322,11.2443,8.75322,
mu: 
srcDuals: 
fixing. lower bound used: 457.748
percent fixed: 22.2876
updating best lambda
fixing. lower bound used: 457.748
fixed path dual: 13.9457
STATS - lpIterations[1] lagIterations[17] sspIterations[85] numSeparations[19] numCuts[0] compileTime[6] sspSolveTime[56] lpSolveTime[0] lb[464.831] ub[510] numArcs: [421741] numFixed: [93565] time: [115]
lambda: 0,4.8891,12.1338,10.256,7.78451,8.64851,3.7841,11.3638,11.5098,5.62777,8.3441,5.67882,3.09333,12.6797,8.60086,8.83313,9.63872,4.63726,11.2228,7.62634,13.2889,8.05762,6.20283,9.47042,9.81077,12.1475,7.39042,1.9804,9.07289,6.49835,11.3657,8.79669,2.45354,16.9041,14.0065,12.5596,9.99743,5.21342,5.45444,13.5708,10.3974,14.5863,9.15967,11.6108,8.75322,
mu: 
srcDuals: 
fixing. lower bound used: 463.152
percent fixed: 31.7337
updating best lambda
fixing. lower bound used: 463.152
fixed path dual: 10.3823
fixing. lower bound used: 455.116
percent fixed: 31.67
fixing. lower bound used: 463.152
fixed path dual: 12.7586
STATS - lpIterations[1] lagIterations[19] sspIterations[95] numSeparations[24] numCuts[0] compileTime[6] sspSolveTime[65] lpSolveTime[0] lb[467.278] ub[510] numArcs: [422348] numFixed: [133823] time: [130]
lambda: 0,4.69777,11.9852,9.7674,8.48493,8.24534,4.48451,12.0642,11.913,5.2246,8.49272,6.23061,3.24196,12.8283,9.30127,8.98175,10.1905,5.33768,11.3714,7.77497,12.9489,7.65445,6.01151,10.1708,10.5112,12.8479,8.09084,1.9804,9.32743,6.64697,10.4107,9.19986,2.60216,17.6045,13.0516,12.5169,10.252,5.36205,5.05127,14.2712,11.0979,14.735,9.3083,12.3112,8.90184,
mu: 
srcDuals: 
fixing. lower bound used: 466.95
percent fixed: 37.7787
updating best lambda
fixing. lower bound used: 466.95
fixed path dual: 11.3631
fixing. lower bound used: 463.915
percent fixed: 37.9413
updating best lambda
fixing. lower bound used: 463.915
fixed path dual: 12.6808
STATS - lpIterations[1] lagIterations[21] sspIterations[105] numSeparations[30] numCuts[0] compileTime[6] sspSolveTime[74] lpSolveTime[0] lb[470.484] ub[510] numArcs: [422913] numFixed: [141340] time: [146]
lambda: 0,4.97195,11.711,10.2072,7.85378,8.68511,4.42751,11.5932,12.1044,5.66437,8.93249,5.95643,3.32475,12.5541,9.0271,9.06455,9.55936,4.70653,10.7403,7.85776,13.3887,8.09422,6.36848,9.78264,10.7026,12.5738,8.19942,2.42017,9.68441,7.08674,10.8505,9.55683,2.95913,18.0443,13.4913,12.9567,10.6917,4.7309,5.49104,14.711,11.5376,14.4608,9.3911,12.337,8.62766,
mu: 
srcDuals: 
fixing. lower bound used: 469.742
percent fixed: 43.8347
updating best lambda
fixing. lower bound used: 469.742
fixed path dual: 12.0494
fixing. lower bound used: 470.355
percent fixed: 45.4884
updating best lambda
fixing. lower bound used: 470.355
fixed path dual: 12.5977
STATS - lpIterations[1] lagIterations[23] sspIterations[115] numSeparations[37] numCuts[0] compileTime[6] sspSolveTime[84] lpSolveTime[0] lb[472.455] ub[510] numArcs: [423910] numFixed: [189294] time: [163]
lambda: 0,4.50548,12.0327,9.21526,8.11651,8.94784,4.74921,11.9149,11.9006,5.98607,8.90032,5.95643,3.38373,12.8758,9.3488,8.91441,9.55936,4.67435,11.062,8.17947,12.6595,8.41592,5.90201,10.1043,11.0243,12.8955,8.52113,2.47915,9.48066,7.14572,11.1132,9.35309,3.28084,17.8352,13.754,12.4902,10.2253,4.7577,5.81274,14.4429,11.8593,14.7825,9.7128,12.6587,8.53651,
mu: 
srcDuals: 
fixing. lower bound used: 472.257
percent fixed: 48.3048
updating best lambda
fixing. lower bound used: 472.257
fixed path dual: 10.7105
fixing. lower bound used: 467.892
percent fixed: 48.298
fixing. lower bound used: 472.257
fixed path dual: 12.1247
STATS - lpIterations[1] lagIterations[25] sspIterations[125] numSeparations[41] numCuts[0] compileTime[6] sspSolveTime[95] lpSolveTime[0] lb[473.616] ub[510] numArcs: [424668] numFixed: [205323] time: [179]
lambda: 0,5.21984,11.6801,9.74874,8.11651,8.59522,4.39659,11.5623,12.2532,5.63346,9.07206,6.48992,3.56461,12.8758,8.81532,8.72441,10.0928,4.30348,11.2428,8.71295,13.3739,8.06331,6.61637,9.75173,11.2051,12.8955,9.05461,2.83176,9.83328,6.79311,10.5797,9.7057,2.92822,17.6452,13.2206,13.2046,10.9396,4.74857,5.46013,14.4337,12.5737,14.7825,10.2463,12.8395,8.16563,
mu: 
srcDuals: 
fixing. lower bound used: 473.51
percent fixed: 51.3498
updating best lambda
fixing. lower bound used: 473.51
fixed path dual: 12.2901
STATS - lpIterations[1] lagIterations[26] sspIterations[130] numSeparations[45] numCuts[0] compileTime[6] sspSolveTime[100] lpSolveTime[0] lb[474.327] ub[510] numArcs: [425064] numFixed: [215944] time: [187]
lambda: 0,4.75494,11.7963,9.63252,8.23273,8.71145,4.51282,11.6785,11.6721,5.74968,9.18828,6.48992,3.56461,12.992,8.93154,8.84063,10.0928,4.4197,11.3591,8.82918,13.2577,8.17953,6.15147,9.86796,11.3214,13.0117,8.93839,2.71554,9.25215,6.79311,10.6959,8.89213,2.92822,17.7614,13.3368,13.2046,10.9396,4.86479,5.57635,14.5499,12.6899,14.8987,10.3625,12.9558,8.28186,
mu: 
srcDuals: 
fixing. lower bound used: 474.164
percent fixed: 52.7949
updating best lambda
fixing. lower bound used: 474.164
fixed path dual: 11.5862
fixing. lower bound used: 472.869
percent fixed: 53.022
updating best lambda
fixing. lower bound used: 472.869
fixed path dual: 12.8926
STATS - lpIterations[1] lagIterations[28] sspIterations[140] numSeparations[52] numCuts[0] compileTime[6] sspSolveTime[110] lpSolveTime[0] lb[479.066] ub[510] numArcs: [425888] numFixed: [211795] time: [204]
lambda: 0,4.72588,12.2789,9.85929,8.26179,8.68239,4.7396,11.6494,11.8989,6.2323,8.64756,5.94919,3.82044,12.5676,8.9606,9.32324,9.29628,4.44876,11.3881,8.40468,12.7169,8.66214,6.37825,9.8389,11.5481,13.0408,9.16516,3.19815,9.73476,6.50822,10.6669,9.37474,3.41083,17.7323,13.3077,13.1755,11.1664,4.89385,5.80313,14.5209,12.719,14.0207,10.3916,13.1825,8.31091,
mu: 
srcDuals: 
fixing. lower bound used: 478.262
percent fixed: 59.5392
updating best lambda
fixing. lower bound used: 478.262
fixed path dual: 11.6308
fixing. lower bound used: 475.664
percent fixed: 60.3175
updating best lambda
fixing. lower bound used: 475.664
fixed path dual: 11.8452
fixing. lower bound used: 477.091
percent fixed: 60.685
updating best lambda
fixing. lower bound used: 477.091
fixed path dual: 10.4904
fixing. lower bound used: 472.679
percent fixed: 60.6815
fixing. lower bound used: 477.091
fixed path dual: 11.4768
fixing. lower bound used: 476.303
percent fixed: 59.1787
fixing. lower bound used: 477.091
fixed path dual: 11.4576
fixing. lower bound used: 476.914
percent fixed: 59.6808
fixing. lower bound used: 477.091
fixed path dual: 10.4333
fixing. lower bound used: 474.045
percent fixed: 58.0926
fixing. lower bound used: 477.091
fixed path dual: 12.0519
STATS - lpIterations[1] lagIterations[35] sspIterations[175] numSeparations[64] numCuts[0] compileTime[6] sspSolveTime[142] lpSolveTime[0] lb[481.504] ub[510] numArcs: [427349] numFixed: [248518] time: [257]
lambda: 0,4.72144,12.1606,10.2653,8.99154,8.9916,4.63102,11.1474,11.8115,6.42146,9.08191,6.5055,4.41696,12.5803,9.16248,8.99794,10.1971,4.58606,11.4987,8.4174,13.1229,8.85131,6.37381,9.06585,11.3337,13.6361,9.93278,4.09685,9.3028,6.81743,10.4959,9.28731,3.22667,17.7041,13.1367,13.5815,11.5724,4.28324,5.99229,14.601,13.7825,13.4914,10.9463,13.5184,8.50544,
mu: 
srcDuals: 
fixing. lower bound used: 480.887
percent fixed: 64.6532
updating best lambda
fixing. lower bound used: 480.887
fixed path dual: 9.5445
fixing. lower bound used: 476.405
percent fixed: 64.7407
updating best lambda
fixing. lower bound used: 476.405
fixed path dual: 9.15173
fixing. lower bound used: 473.217
percent fixed: 64.8143
updating best lambda
fixing. lower bound used: 473.217
fixed path dual: 10.4641
fixing. lower bound used: 479.265
percent fixed: 62.2895
fixing. lower bound used: 473.217
fixed path dual: 11.0725
STATS - lpIterations[1] lagIterations[39] sspIterations[195] numSeparations[74] numCuts[0] compileTime[6] sspSolveTime[162] lpSolveTime[0] lb[481.846] ub[510] numArcs: [428468] numFixed: [221908] time: [290]
lambda: 0,4.55924,12.4995,10.2337,9.0338,8.55133,5.22663,11.3511,11.7799,6.37078,9.36862,6.63612,4.93718,13.2204,9.03185,9.10794,10.3277,4.78441,11.5978,8.66796,13.4702,8.80063,6.72114,9.00834,11.6681,13.6361,9.9012,4.06528,8.89232,6.25723,10.3568,9.38636,3.05605,17.7257,12.9977,13.9288,11.9197,4.48159,5.94161,14.711,14.9006,13.742,11.1968,13.8528,8.57928,
mu: 
srcDuals: 
fixing. lower bound used: 481.468
percent fixed: 66.3621
updating best lambda
fixing. lower bound used: 481.468
fixed path dual: 10.346
fixing. lower bound used: 479.315
percent fixed: 66.5619
updating best lambda
fixing. lower bound used: 479.315
fixed path dual: 11.2105
STATS - lpIterations[1] lagIterations[41] sspIterations[205] numSeparations[77] numCuts[0] compileTime[6] sspSolveTime[174] lpSolveTime[0] lb[483.752] ub[510] numArcs: [428764] numFixed: [270003] time: [309]
lambda: 0,4.42635,12.1861,10.1008,8.98615,8.96008,5.40718,11.5317,11.7322,6.77953,9.77737,6.32267,5.16538,12.7164,8.9842,9.28848,10.3754,4.73676,11.7783,8.16391,12.9762,9.20937,6.58824,9.18889,11.8486,13.5885,9.85355,4.06528,9.12052,6.48542,10.7656,9.56691,3.4648,18.1345,13.4064,13.6154,11.6063,4.20574,6.35036,15.1197,14.853,12.7815,10.921,14.2615,8.30343,
mu: 
srcDuals: 
fixing. lower bound used: 483.348
percent fixed: 69.1699
updating best lambda
fixing. lower bound used: 483.348
fixed path dual: 10.2821
fixing. lower bound used: 479.774
percent fixed: 69.2672
updating best lambda
fixing. lower bound used: 479.774
fixed path dual: 10.485
fixing. lower bound used: 481.342
percent fixed: 66.4537
fixing. lower bound used: 479.774
fixed path dual: 9.70791
fixing. lower bound used: 478.55
percent fixed: 64.9643
fixing. lower bound used: 479.774
fixed path dual: 11.095
STATS - lpIterations[1] lagIterations[45] sspIterations[225] numSeparations[88] numCuts[0] compileTime[6] sspSolveTime[198] lpSolveTime[0] lb[484.839] ub[510] numArcs: [429816] numFixed: [273924] time: [346]
lambda: 0,4.13071,12.5062,9.99206,8.94704,8.91865,5.60653,11.1702,11.5577,6.8713,9.60273,6.42002,5.29859,13.3433,8.98978,9.02659,10.4727,4.83086,12.0548,8.39121,13.0847,9.07836,6.2926,9.20132,12.0177,13.594,9.67906,4.26463,8.85517,6.80555,10.6346,9.95319,3.35051,18.0494,13.2754,13.5067,11.4975,4.21026,6.44213,14.9451,15.6131,13.0088,11.1483,14.4609,8.26432,
mu: 
srcDuals: 
fixing. lower bound used: 484.432
percent fixed: 71.4812
updating best lambda
fixing. lower bound used: 484.432
fixed path dual: 10.8329
fixing. lower bound used: 484.27
percent fixed: 72.7168
updating best lambda
fixing. lower bound used: 484.27
fixed path dual: 10.2328
fixing. lower bound used: 483.88
percent fixed: 72.1337
fixing. lower bound used: 484.27
fixed path dual: 10.0527
fixing. lower bound used: 482.424
percent fixed: 71.9882
fixing. lower bound used: 484.27
fixed path dual: 10.909
STATS - lpIterations[1] lagIterations[49] sspIterations[245] numSeparations[95] numCuts[0] compileTime[6] sspSolveTime[220] lpSolveTime[0] lb[486.095] ub[510] numArcs: [430819] numFixed: [308779] time: [381]
lambda: 0,4.39499,12.5405,10.1486,9.0171,8.68655,5.36777,10.9315,11.391,6.78333,9.56426,6.29226,5.40634,13.5177,9.16416,8.98812,10.345,5.10539,12.2292,8.87441,13.349,8.99039,6.66463,8.75599,12.1921,13.7684,9.72784,4.21459,8.90395,6.71758,10.3379,9.89422,3.55366,17.9066,12.9788,13.7709,11.7618,4.58912,6.35416,14.6979,16.2006,13.0789,11.6315,14.2221,8.53885,
mu: 
srcDuals: 
fixing. lower bound used: 485.602
percent fixed: 73.844
updating best lambda
fixing. lower bound used: 485.602
fixed path dual: 10.2132
fixing. lower bound used: 483.944
percent fixed: 74.018
updating best lambda
fixing. lower bound used: 483.944
fixed path dual: 10.5727
fixing. lower bound used: 485.081
percent fixed: 72.6621
fixing. lower bound used: 483.944
fixed path dual: 10.2095
fixing. lower bound used: 484.781
percent fixed: 72.8146
fixing. lower bound used: 483.944
fixed path dual: 10.4307
STATS - lpIterations[1] lagIterations[53] sspIterations[265] numSeparations[102] numCuts[0] compileTime[6] sspSolveTime[245] lpSolveTime[0] lb[486.209] ub[510] numArcs: [431452] numFixed: [305494] time: [419]
lambda: 0,4.13437,12.2276,10.3349,9.21659,8.74939,5.43062,11.2439,11.2082,6.496,9.82831,6.22896,5.5375,13.5037,9.26305,9.36886,10.6624,5.30488,12.7589,8.86038,13.2729,8.95263,6.55297,9.0684,12.2549,13.8673,9.54499,4.19851,9.05463,6.66705,10.3002,9.72917,3.35417,18.1707,12.6915,13.826,11.8169,4.60737,6.06683,15.2599,16.5491,12.7024,11.7987,14.6835,8.70607,
mu: 
srcDuals: 
fixing. lower bound used: 486.164
percent fixed: 75.0366
updating best lambda
fixing. lower bound used: 486.164
fixed path dual: 10.3676
STATS - lpIterations[1] lagIterations[54] sspIterations[270] numSeparations[104] numCuts[0] compileTime[6] sspSolveTime[251] lpSolveTime[0] lb[486.696] ub[510] numArcs: [431881] numFixed: [322863] time: [429]
lambda: 0,4.29486,12.3881,10.4954,8.7351,8.90989,5.59111,11.4044,11.3687,6.65649,9.98881,6.38946,5.5375,13.3432,9.10255,9.20836,10.8229,4.82339,12.5984,8.37889,13.4334,9.11313,6.71347,9.2289,12.4154,13.7068,9.70549,4.359,9.21512,6.82755,10.4607,9.88967,3.51467,18.3312,12.852,13.9865,11.9774,4.12588,6.22733,15.4204,16.7096,12.2209,11.3172,14.844,8.22458,
mu: 
srcDuals: 
fixing. lower bound used: 486.583
percent fixed: 76.0004
updating best lambda
fixing. lower bound used: 486.583
fixed path dual: 9.78175
fixing. lower bound used: 483.938
percent fixed: 75.2367
fixing. lower bound used: 486.583
fixed path dual: 10.5782
STATS - lpIterations[1] lagIterations[56] sspIterations[280] numSeparations[110] numCuts[0] compileTime[6] sspSolveTime[264] lpSolveTime[0] lb[487.726] ub[510] numArcs: [432473] numFixed: [325760] time: [448]
lambda: 0,3.89106,12.4491,10.0916,8.96748,8.8375,5.41969,11.233,11.662,6.76696,9.61164,5.9247,5.5375,13.6365,9.39589,9.37979,10.4191,4.99481,12.8918,8.67222,13.0296,9.40646,6.30966,8.8251,12.4764,14.0002,9.99882,4.65234,9.0437,6.65613,10.6321,10.183,3.34324,18.1368,13.1453,13.5827,11.5736,4.41921,6.3378,15.1042,17.0029,12.5142,11.6105,14.6726,8.396,
mu: 
srcDuals: 
fixing. lower bound used: 487.453
percent fixed: 77.0925
updating best lambda
switching from LAG to LP solver
num vars: 98433
DUALS: -0,4,12.8756,9.67504,9.64818,8.94334,5.10291,11.0359,10.5546,7.44128,9.6058,6.36558,5.96118,15.5447,9.09337,9.00814,10.7655,5.24856,13.1204,9.5341,13.846,9.43583,6.11683,8.97349,12.933,13.7866,11.4358,5.00196,10,6.67426,9.9379,9.92975,3.4378,18.9173,13.3586,12.0801,15,4.85435,6.85656,15.6893,19.7596,9.68896,12.1461,16,9.06444,
fixed path dual: 10.0388
lp dual value: 498.643
STATS - lpIterations[2] lagIterations[56] sspIterations[280] numSeparations[110] numCuts[0] compileTime[6] sspSolveTime[264] lpSolveTime[25] lb[498.643] ub[510] numArcs: [432473] numFixed: [334900] time: [476]
checking cuts, max violation: 0.465824, num cuts: 64
new capacity cutset: 1 2 3 4 5 6 7 8 9 10 11 13 14 15 16 17 18 19 20 21 22 23 24 25 26 27 28 29 30 31 32 33 34 35 36 37 38 39 40 41 42 43 44 <= 38
new capacity cutset: 2 3 4 5 6 7 8 9 10 11 13 14 15 16 17 18 19 20 21 22 23 24 25 26 28 29 30 31 33 34 35 36 37 38 39 40 41 42 43 44 <= 35
new capacity cutset: 1 3 7 8 20 22 23 24 26 27 28 31 35 36 43 <= 13
new capacity cutset: 4 6 7 10 13 14 15 17 18 19 23 24 25 33 37 39 40 41 42 43 44 <= 18
new capacity cutset: 1 3 4 5 6 7 8 9 10 13 14 15 16 17 18 19 20 21 22 23 24 25 26 27 28 29 30 31 33 34 35 36 37 38 39 40 41 42 43 44 <= 35
new capacity cutset: 7 23 24 43 <= 3
new capacity cutset: 1 2 3 4 6 7 8 9 10 11 13 14 15 16 17 18 19 20 21 22 23 24 25 26 27 28 29 30 31 32 33 34 35 36 37 38 39 40 41 42 43 44 <= 37
new capacity cutset: 10 33 39 <= 2
new capacity cutset: 1 2 3 4 6 7 8 10 11 13 14 15 16 17 18 19 20 21 22 23 24 25 26 27 28 29 30 31 32 33 34 35 36 37 39 40 41 42 43 44 <= 35
new capacity cutset: 1 2 3 4 5 7 8 9 10 13 14 15 16 17 18 19 20 21 22 23 24 25 26 27 28 29 30 31 32 33 34 35 36 37 38 39 40 41 42 43 44 <= 36
new capacity cutset: 1 2 3 5 7 8 9 10 11 15 16 20 21 22 23 24 26 27 28 29 30 31 32 33 34 35 36 38 39 43 44 <= 27
new capacity cutset: 1 2 3 4 5 6 7 8 9 10 13 14 15 17 18 19 20 21 22 23 24 25 26 27 28 29 30 31 32 33 34 35 36 37 38 39 40 41 42 43 44 <= 36
new capacity cutset: 2 3 4 5 6 7 8 9 10 11 13 14 15 16 17 18 19 20 21 23 24 25 26 28 29 30 31 33 34 35 36 37 38 39 40 41 42 43 44 <= 34
new capacity cutset: 6 7 10 13 14 15 18 19 23 24 25 33 37 39 40 41 42 43 44 <= 16
new capacity cutset: 4 7 10 13 14 15 17 18 19 23 24 25 33 37 39 40 41 42 43 44 <= 17
new capacity cutset: 2 3 5 6 7 8 9 10 11 13 14 15 16 18 19 20 21 22 23 24 25 26 28 29 30 31 33 34 35 36 38 39 40 41 42 43 44 <= 32
new capacity cutset: 1 2 3 7 8 16 20 21 22 23 24 26 27 28 29 31 32 34 35 36 43 <= 18
new capacity cutset: 3 7 8 20 22 23 24 26 28 31 35 36 43 <= 11
new capacity cutset: 1 2 3 5 7 8 9 10 11 13 14 15 16 18 19 20 21 22 23 24 25 26 27 28 29 30 31 32 33 34 35 36 37 38 39 40 41 42 43 44 <= 35
new capacity cutset: 13 14 18 19 25 40 41 42 <= 6
new capacity cutset: 1 2 3 5 9 10 11 16 20 21 22 28 29 30 31 32 33 34 35 36 38 39 <= 19
new capacity cutset: 5 9 10 16 21 29 30 33 34 38 39 <= 9
new capacity cutset: 1 2 3 9 10 11 16 20 21 22 28 29 30 31 32 33 34 35 36 38 39 <= 18
new capacity cutset: 10 13 15 19 33 37 39 40 41 42 44 <= 9
new capacity cutset: 1 2 3 5 6 7 8 9 10 11 13 14 15 16 19 20 21 22 23 24 25 26 27 28 29 30 31 32 33 34 35 36 38 39 40 41 42 43 44 <= 34
new capacity cutset: 1 2 3 5 6 7 8 9 10 11 13 14 15 16 19 20 21 22 23 24 25 26 27 28 29 30 31 32 33 34 35 36 37 38 39 40 41 42 43 44 <= 35
new capacity cutset: 1 2 3 5 6 7 8 9 10 11 13 14 15 16 18 19 20 21 22 23 24 25 26 27 28 29 30 31 32 33 34 35 36 37 38 39 40 41 42 43 44 <= 36
new capacity cutset: 1 2 3 4 5 6 7 8 9 10 11 13 14 15 16 18 19 20 21 22 23 24 25 26 27 28 29 30 31 32 33 34 35 36 37 38 39 40 41 42 43 44 <= 37
new capacity cutset: 1 2 3 5 6 7 8 9 10 11 13 14 16 18 19 20 21 22 23 24 25 26 27 28 29 30 31 32 33 34 35 36 38 39 40 41 42 43 <= 33
new capacity cutset: 1 2 3 4 5 6 7 8 9 10 11 13 14 16 18 19 20 21 22 23 24 25 26 27 28 29 30 31 32 33 34 35 36 38 39 40 41 42 43 <= 34
new capacity cutset: 1 2 3 4 5 6 7 8 9 10 11 13 14 15 16 18 19 20 21 22 23 24 25 26 27 28 29 30 31 32 33 34 35 36 38 39 40 41 42 43 44 <= 36
new capacity cutset: 1 2 3 8 9 11 16 20 21 22 26 27 28 29 30 31 32 34 35 36 38 <= 18
new capacity cutset: 1 2 3 5 7 8 9 10 11 15 16 20 21 22 23 24 26 27 28 29 30 31 32 33 34 35 36 37 38 39 43 44 <= 28
new capacity cutset: 1 2 3 8 9 11 16 20 21 22 26 27 28 29 30 31 34 35 36 38 <= 17
new capacity cutset: 1 3 8 20 22 26 27 28 31 35 36 <= 9
new capacity cutset: 1 2 3 5 6 7 8 9 10 11 13 14 15 16 18 19 20 21 22 23 24 25 26 27 28 29 30 31 33 34 35 36 38 39 40 41 42 43 44 <= 34
new capacity cutset: 1 2 3 5 6 7 8 9 10 11 13 14 15 16 18 19 20 21 22 23 24 25 26 27 28 29 30 31 33 34 35 36 37 38 39 40 41 42 43 44 <= 35
new capacity cutset: 1 2 3 4 5 6 7 8 9 10 11 13 14 15 16 18 19 20 21 22 23 24 25 26 27 28 29 30 31 33 34 35 36 37 38 39 40 41 42 43 44 <= 36
new capacity cutset: 1 2 3 4 5 6 7 8 9 10 11 13 14 15 16 17 18 19 20 21 22 23 24 25 26 27 28 29 30 31 33 34 35 36 37 38 39 40 41 42 43 44 <= 37
new capacity cutset: 1 2 3 4 6 7 8 9 10 11 13 14 15 16 17 18 19 20 21 22 23 24 25 26 27 28 29 30 31 32 33 34 35 36 37 39 40 41 42 43 44 <= 36
new capacity cutset: 4 6 7 10 13 14 15 18 19 23 24 25 33 39 40 41 42 43 44 <= 16
new capacity cutset: 4 6 7 10 13 14 15 18 19 23 24 25 33 37 39 40 41 42 43 44 <= 17
new capacity cutset: 1 3 7 8 20 22 23 24 26 28 31 35 36 43 <= 12
new capacity cutset: 1 2 3 5 6 7 8 9 10 11 13 14 15 16 18 19 20 21 22 23 24 25 26 27 28 29 30 31 32 33 34 35 36 38 39 40 41 42 43 44 <= 35
new capacity cutset: 1 3 5 6 7 8 9 10 11 13 14 15 16 18 19 20 21 22 23 24 25 26 27 28 29 30 31 33 34 35 36 37 38 39 40 41 42 43 44 <= 34
new capacity cutset: 1 3 4 5 6 7 8 9 10 11 13 14 15 16 17 18 19 20 21 22 23 24 25 26 27 28 29 30 31 33 34 35 36 37 38 39 40 41 42 43 44 <= 36
new capacity cutset: 4 13 14 18 19 25 40 41 42 <= 7
new capacity cutset: 2 3 4 5 6 7 8 9 10 11 13 14 15 16 17 18 19 20 21 23 24 25 26 28 29 30 31 32 33 34 35 36 37 38 39 40 41 42 43 44 <= 35
new capacity cutset: 2 3 4 5 6 7 8 9 10 11 13 14 15 16 17 18 19 20 21 22 23 24 25 26 28 29 30 31 32 33 34 35 36 37 38 39 40 41 42 43 44 <= 36
new capacity cutset: 1 2 3 4 5 6 7 8 9 10 11 13 14 15 16 17 18 19 20 21 22 23 24 25 26 28 29 30 31 32 33 34 35 36 37 38 39 40 41 42 43 44 <= 37
new capacity cutset: 1 2 3 4 6 7 8 9 10 11 13 14 15 16 18 19 20 21 22 23 24 25 26 27 28 29 30 31 32 33 34 35 36 38 39 40 41 42 43 44 <= 35
new capacity cutset: 1 2 3 4 6 7 8 9 10 11 13 14 15 16 18 19 20 21 22 23 24 25 26 27 28 29 30 31 32 33 34 35 36 37 38 39 40 41 42 43 44 <= 36
new capacity cutset: 2 3 5 9 10 11 16 20 21 28 29 30 32 33 34 35 36 38 39 <= 16
new capacity cutset: 1 2 3 5 6 7 8 9 10 11 13 14 15 16 18 19 20 21 22 23 24 25 26 28 29 30 31 32 33 34 35 36 38 39 40 41 42 43 44 <= 34
new capacity cutset: 1 2 3 5 6 7 8 9 10 11 13 14 15 16 18 19 20 21 22 23 24 25 26 28 29 30 31 32 33 34 35 36 37 38 39 40 41 42 43 44 <= 35
new capacity cutset: 1 2 3 4 5 6 7 8 9 10 11 13 14 15 16 18 19 20 21 22 23 24 25 26 28 29 30 31 32 33 34 35 36 37 38 39 40 41 42 43 44 <= 36
new capacity cutset: 1 3 4 6 7 8 10 13 14 15 17 18 19 20 22 23 24 25 26 27 28 31 33 35 36 37 39 40 41 42 43 44 <= 28
new capacity cutset: 1 2 3 4 5 6 7 8 9 10 13 14 15 16 17 18 19 20 21 22 23 24 25 26 27 28 29 30 31 32 33 34 35 36 37 38 39 40 41 42 43 44 <= 37
new capacity cutset: 3 4 6 7 8 10 13 14 15 17 18 19 20 22 23 24 25 26 28 31 33 35 36 37 39 40 41 42 43 44 <= 26
new capacity cutset: 1 3 4 6 7 8 10 13 14 15 17 18 19 20 22 23 24 25 26 28 31 33 35 36 37 39 40 41 42 43 44 <= 27
new capacity cutset: 1 2 3 5 6 7 8 9 10 13 14 15 16 18 19 20 21 22 23 24 25 26 27 28 29 30 31 32 33 34 35 36 38 39 40 41 42 43 44 <= 34
new capacity cutset: 1 2 3 5 6 7 8 9 10 13 14 15 16 18 19 20 21 22 23 24 25 26 27 28 29 30 31 32 33 34 35 36 37 38 39 40 41 42 43 44 <= 35
new capacity cutset: 1 2 3 4 5 6 7 8 9 10 13 14 15 16 18 19 20 21 22 23 24 25 26 27 28 29 30 31 32 33 34 35 36 37 38 39 40 41 42 43 44 <= 36
new capacity cutset: 1 2 3 4 7 8 9 10 11 13 14 15 16 17 18 19 20 21 22 23 24 25 26 27 28 29 30 31 32 33 34 35 36 37 38 39 40 41 42 43 44 <= 36
num vars: 435009
DUALS: -0,10.2789,20.29,21.0686,16.8884,15,12.4792,18.0675,19.6557,16.1566,21.1232,14.4792,4.73961,24.5367,16.1551,17.3222,19.2518,13.0349,19.2402,18.6316,22.9875,18.7351,17.7972,17.538,21.2439,21.7145,20.891,6.47921,19.8647,16.1382,17.0428,21.3028,9.16125,29.8927,21.2716,21.672,25.1878,13.0243,15.7835,27.1226,29.3209,18.9846,23.055,25.2439,17.2285,
fixed path dual: 9.52079
cap dual [1]: -3.48248
cap dual [5]: -0.764671
cap dual [6]: -0.0348829
cap dual [7]: -1.98498
cap dual [12]: -0.0914094
cap dual [19]: -0.758572
cap dual [22]: -0.914913
cap dual [23]: -1.13589
cap dual [24]: -0.444329
cap dual [34]: -2.11766
cap dual [46]: -0.0937151
cap dual [49]: -3.89669
cap dual [63]: -0.529416
lp dual value: 502.836
STATS - lpIterations[3] lagIterations[56] sspIterations[280] numSeparations[130] numCuts[64] compileTime[6] sspSolveTime[264] lpSolveTime[673] lb[502.836] ub[510] numArcs: [434151] numFixed: [0] time: [1179]
checking cuts, max violation: 0.245891, num cuts: 15
new capacity cutset: 1 2 3 4 5 6 7 8 9 10 11 12 13 14 15 16 17 18 19 20 21 22 23 24 25 26 28 29 30 31 32 33 34 35 36 37 38 39 40 41 42 43 44 <= 38
new capacity cutset: 2 3 4 5 6 7 8 9 10 11 12 13 14 15 16 17 18 19 20 21 23 24 25 26 28 29 30 31 33 34 35 36 37 38 39 40 41 42 43 44 <= 35
new capacity cutset: 1 2 3 5 6 7 8 9 10 11 12 13 14 15 16 17 19 20 21 22 23 24 25 26 28 29 30 31 32 33 34 35 36 37 38 39 40 41 42 43 44 <= 36
new capacity cutset: 1 2 3 4 5 7 8 9 10 11 12 13 14 15 16 17 18 19 20 21 22 23 24 25 26 28 29 30 31 32 33 34 35 36 37 38 39 40 41 42 43 44 <= 37
new capacity cutset: 2 3 4 5 7 8 9 10 11 12 13 14 15 16 17 18 19 20 21 23 24 25 26 28 29 30 31 33 34 35 36 37 38 39 40 41 42 43 44 <= 34
new capacity cutset: 1 2 3 4 6 7 8 9 10 11 13 14 15 16 17 18 19 20 21 22 23 24 25 26 28 29 30 31 32 33 34 35 36 37 38 39 40 41 42 43 44 <= 36
new capacity cutset: 1 2 3 4 6 7 8 9 10 11 13 14 15 16 17 18 19 20 21 22 23 24 25 26 28 29 30 31 33 34 35 36 37 38 39 40 41 42 43 44 <= 35
new capacity cutset: 1 2 3 4 5 7 8 9 10 11 12 13 14 15 16 17 18 19 20 21 22 23 24 25 26 28 29 30 31 33 34 35 36 37 38 39 40 41 42 43 44 <= 36
new capacity cutset: 1 2 3 4 5 6 7 8 9 10 11 12 13 14 15 16 17 18 19 20 21 22 23 24 25 26 28 29 30 31 33 34 35 36 37 38 39 40 41 42 43 44 <= 37
new capacity cutset: 1 2 3 4 5 8 9 10 11 12 13 14 15 16 17 18 19 20 21 22 25 26 28 29 30 31 32 33 34 35 36 37 38 39 40 41 42 44 <= 33
new capacity cutset: 1 2 3 4 5 7 8 9 10 12 13 14 15 16 17 18 19 20 21 22 23 24 25 26 28 29 30 31 32 33 34 35 36 37 38 39 40 41 42 43 44 <= 36
new capacity cutset: 1 2 3 4 5 6 7 8 9 10 12 13 14 15 16 17 18 19 20 21 22 23 24 25 26 28 29 30 31 32 33 34 35 36 37 38 39 40 41 42 43 44 <= 37
new capacity cutset: 2 3 4 5 6 7 8 9 10 12 13 14 15 16 17 18 19 20 21 23 24 25 26 28 29 30 31 33 34 35 36 37 38 39 40 41 42 43 44 <= 34
new capacity cutset: 1 2 3 4 6 7 8 9 10 13 14 15 16 17 18 19 20 21 22 23 24 25 26 28 29 30 31 32 33 34 35 36 37 38 39 40 41 42 43 44 <= 35
new capacity cutset: 1 3 4 5 6 7 8 9 10 12 13 14 15 17 18 19 20 21 22 23 24 25 26 28 29 30 31 33 34 35 36 37 38 39 40 41 42 43 44 <= 34
fixing. lower bound used: 502.833
num vars: 436022
DUALS: -0,26.4637,35.4148,38.2231,29.476,27.6802,21.1338,34.0942,36.01,33.0619,37.3257,23.9376,15.9376,41.4706,32.0956,33.7818,35.4571,27.9992,29.9376,35.1998,38.2358,35.1065,30.4162,34.2904,39.0956,36.5345,37.8906,15.9376,36.9206,32.6079,33.2293,38.6815,19.1338,45.9956,36.8143,35.7584,45.8053,28.3295,30.1827,42.8871,46.7181,34.6839,40.7953,43.2293,33.5959,
fixed path dual: 0.0624166
cap dual [0]: -3.98092
cap dual [1]: -2.30772
cap dual [5]: -2.07258
cap dual [6]: -3.66706
cap dual [7]: -1.22469
cap dual [19]: -1.04359
cap dual [22]: -0.672504
cap dual [23]: -1.77852
cap dual [24]: -1.93601
cap dual [25]: -0.22148
cap dual [34]: -3.32993
cap dual [39]: -0.265821
cap dual [46]: -0.150857
cap dual [52]: -0.225069
cap dual [66]: -1.85356
cap dual [67]: -2.71326
cap dual [71]: -2.99634
cap dual [74]: -1.37442
cap dual [76]: -3.71517
cap dual [78]: -0.124926
lp dual value: 504.319
STATS - lpIterations[4] lagIterations[56] sspIterations[280] numSeparations[150] numCuts[79] compileTime[6] sspSolveTime[264] lpSolveTime[1614] lb[504.319] ub[510] numArcs: [435938] numFixed: [770] time: [2149]
checking cuts, max violation: 0.30974, num cuts: 1
new capacity cutset: 1 2 3 4 6 7 8 9 10 13 14 15 16 17 18 19 20 21 22 23 24 25 26 27 28 29 30 31 32 33 34 35 36 37 39 40 41 42 43 44 <= 35
fixing. lower bound used: 504.317
num vars: 438723
DUALS: -0,24.5983,33.9301,35.2837,28.871,26.068,21.1312,34.0559,34.0016,32.2805,36.5664,23.1312,15.1312,39.7239,30.8599,32.4379,33.9989,27.2298,29.1312,33.0813,36.5167,34.6075,28.834,33.48,38.2298,35.3283,36.4036,15.1312,35.6336,32.0578,32.5783,37.2519,19.1312,45.5143,36.699,36.7665,42.943,27.5996,28.6695,42.9363,45.1666,33.6613,39.5886,42.48,32.5364,
fixed path dual: 0.86879
cap dual [0]: -2.22084
cap dual [1]: -3.07478
cap dual [5]: -2.25027
cap dual [6]: -3.46949
cap dual [7]: -1.50513
cap dual [19]: -0.728672
cap dual [21]: -0.644708
cap dual [22]: -0.519168
cap dual [23]: -1.56695
cap dual [24]: -1.56695
cap dual [25]: -0.433045
cap dual [34]: -2.598
cap dual [52]: -0.308855
cap dual [66]: -1.72867
cap dual [67]: -4.88418
cap dual [71]: -1.21436
cap dual [76]: -3.11285
cap dual [78]: -0.659557
cap dual [79]: -1.86501
lp dual value: 504.879
STATS - lpIterations[5] lagIterations[56] sspIterations[280] numSeparations[174] numCuts[80] compileTime[6] sspSolveTime[264] lpSolveTime[2654] lb[504.879] ub[510] numArcs: [438195] numFixed: [326] time: [3205]
checking cuts, max violation: 0.126755, num cuts: 8
new capacity cutset: 2 3 4 5 6 7 8 9 10 12 13 14 15 16 17 18 19 20 21 22 23 24 25 26 28 29 30 31 33 34 35 36 37 38 39 40 41 42 43 44 <= 35
new capacity cutset: 2 3 4 5 9 10 11 12 13 15 16 17 19 20 21 22 28 29 30 31 33 34 35 36 37 38 39 40 41 42 44 <= 27
new capacity cutset: 2 3 4 5 6 7 8 9 10 13 14 15 16 17 18 19 20 21 22 23 24 25 26 28 29 30 31 33 34 35 36 37 38 39 40 41 42 43 44 <= 34
new capacity cutset: 1 2 3 4 5 6 7 8 9 10 13 14 15 16 17 18 19 20 21 22 23 24 25 26 28 29 30 31 33 34 35 36 37 38 39 40 41 42 43 44 <= 35
new capacity cutset: 1 2 3 4 5 7 8 9 10 13 14 15 16 17 18 19 20 21 22 23 24 25 26 28 29 30 31 33 34 35 36 37 38 39 40 41 42 43 44 <= 34
new capacity cutset: 2 3 4 5 7 8 9 10 12 13 14 15 16 17 18 19 20 21 22 23 24 25 26 28 29 30 31 33 34 35 36 37 38 39 40 41 42 43 44 <= 34
new capacity cutset: 1 2 3 4 5 7 8 9 10 12 13 14 15 16 17 18 19 20 21 22 23 24 25 26 28 29 30 31 33 34 35 36 37 38 39 40 41 42 43 44 <= 35
new capacity cutset: 1 2 3 4 5 6 7 8 9 10 12 13 14 15 16 17 18 19 20 21 22 23 24 25 26 28 29 30 31 33 34 35 36 37 38 39 40 41 42 43 44 <= 36
fixing. lower bound used: 504.875
num vars: 440390
