fixed number of vehicles
capacity: 130
instance upper bound: 792
route length upper bound: 65
compiling DD
time step mult: 1
time step: 10
cap step: 1
done compiling DD
batch size for lag: 1
iteration delay to start separating: 0
optimality gap to start repairing: 100
percent fixed to change to CPLEX: 97.5
num arcs to change to CPLEX: 100000
num arcs to change to LAG: 999999999
num lag iters to cut: 0
num cuts lag: 10
cut phase: 1
deactivate cut value threshold: 0.1
deactivate cut iter threshold: 25
momentum beta: 0
stall alpha factor: 0
STATS - lpIterations[0] lagIterations[0] sspIterations[0] numSeparations[0] numCuts[0] compileTime[10] sspSolveTime[0] lpSolveTime[0] lb[0] ub[792] numArcs: [640609] numFixed: [0] time: [10]
STATS - lpIterations[1] lagIterations[0] sspIterations[0] numSeparations[0] numCuts[0] compileTime[10] sspSolveTime[0] lpSolveTime[0] lb[0] ub[792] numArcs: [640609] numFixed: [0] time: [10]
fixed path dual: 15.9323
STATS - lpIterations[1] lagIterations[1] sspIterations[10] numSeparations[0] numCuts[0] compileTime[10] sspSolveTime[2] lpSolveTime[0] lb[605.308] ub[792] numArcs: [640582] numFixed: [0] time: [13]
lambda: 0,6.92308,6,3.38462,3.23077,8.07692,2.63077,3.23077,3.93846,10.7077,10.4,16.5077,2.95385,4.24615,13.3538,3.32308,5.55385,2.46154,7,5.30769,12.5231,11.6308,5.53846,2.86154,13.7077,7.10769,1.66154,4.18462,11.1538,3.6,4.73846,14.2308,9.47692,7.47692,2.92308,2.76923,6.09231,6.89231,9.96923,5.41538,7.10769,8.30769,6.09231,8.86154,5.49231,4.52308,4.56923,7.89231,6.46154,2.15385,10.1538,2.03077,4.09231,7.78462,6.64615,4.52308,14.8,6.03077,6.46154,14.0308,8.6,7.84615,6.09231,3.72308,18.5231,
mu: 
srcDuals: 
fixing. lower bound used: 560.462
percent fixed: 0.0964666
updating best lambda
fixing. lower bound used: 560.462
fixed path dual: 16.1673
STATS - lpIterations[1] lagIterations[2] sspIterations[20] numSeparations[0] numCuts[0] compileTime[10] sspSolveTime[8] lpSolveTime[0] lb[628.678] ub[792] numArcs: [640560] numFixed: [681] time: [24]
lambda: 0,7.37033,6.44725,3.83187,3.23077,8.52417,2.63077,3.67802,4.38571,11.1549,10.8472,16.9549,2.95385,4.6934,13.8011,3.77033,6.0011,1.56704,7.44725,5.75494,12.9703,12.078,5.98571,3.30879,14.1549,7.55494,1.66154,4.63187,11.6011,4.04725,5.18571,14.678,9.92417,7.92417,2.02858,3.21648,6.53956,7.33956,10.4165,5.86263,6.66044,8.75494,6.53956,9.30879,5.93956,4.97033,3.67473,8.33956,6.90879,2.6011,10.6011,2.03077,4.09231,8.23187,7.0934,4.97033,15.2472,6.47802,6.90879,14.478,9.04725,8.2934,6.53956,4.17033,18.9703,
mu: 
srcDuals: 
fixing. lower bound used: 581.483
percent fixed: 0.106297
updating best lambda
fixing. lower bound used: 581.483
fixed path dual: 15.6648
STATS - lpIterations[1] lagIterations[3] sspIterations[30] numSeparations[0] numCuts[0] compileTime[10] sspSolveTime[14] lpSolveTime[0] lb[642.143] ub[792] numArcs: [640524] numFixed: [681] time: [35]
lambda: 0,7.88395,6.96088,4.34549,3.23077,9.0378,2.63077,4.19164,4.89934,10.6413,10.3336,16.4413,2.44022,5.20703,14.3147,4.28395,6.51472,1.56704,7.96088,6.26857,13.484,12.5916,6.49934,3.82241,14.6686,8.06857,1.66154,5.14549,12.1147,4.56088,5.69934,15.1916,9.41055,8.4378,1.51495,3.73011,7.05318,7.85318,9.90285,5.34901,6.14682,9.26857,7.05318,9.82241,6.45318,5.48395,3.16111,8.85318,7.42241,3.11472,11.1147,2.54439,4.60593,7.71824,7.60703,5.48395,15.7609,6.99164,6.39516,14.9916,9.56088,8.80703,7.05318,4.68395,19.484,
mu: 
srcDuals: 
fixing. lower bound used: 599.974
percent fixed: 0.106291
fixing. lower bound used: 581.483
fixed path dual: 16.1909
STATS - lpIterations[1] lagIterations[4] sspIterations[40] numSeparations[4] numCuts[0] compileTime[10] sspSolveTime[20] lpSolveTime[0] lb[656.615] ub[792] numArcs: [641250] numFixed: [618] time: [46]
lambda: 0,6.82127,7.3151,4.69972,2.87654,9.39203,2.63077,4.54587,5.25356,10.9955,10.6879,16.7955,2.79445,5.56126,14.6689,4.63818,6.86895,1.56704,8.3151,6.6228,13.8382,12.5916,6.85356,4.17664,15.0228,8.4228,1.66154,5.14549,12.4689,4.20665,5.69934,15.5459,9.76477,8.08357,1.16072,4.08433,7.40741,8.20741,10.2571,5.70324,6.50104,8.91434,6.69896,8.75973,6.80741,4.42127,3.16111,8.49896,6.35973,3.46895,11.4689,2.89862,4.60593,8.07247,7.96126,5.83818,16.1151,7.34587,6.74939,15.3459,9.9151,9.16126,7.40741,5.03818,19.8382,
mu: 
srcDuals: 
fixing. lower bound used: 609.538
percent fixed: 0.10632
updating best lambda
fixing. lower bound used: 609.538
fixed path dual: 15.2841
STATS - lpIterations[1] lagIterations[5] sspIterations[50] numSeparations[5] numCuts[0] compileTime[10] sspSolveTime[26] lpSolveTime[0] lb[661.729] ub[792] numArcs: [641360] numFixed: [619] time: [57]
lambda: 0,7.27878,7.77261,3.7847,2.87654,9.84953,2.63077,4.08836,5.71107,10.0805,11.1454,16.7955,2.79445,6.01876,14.6689,5.09569,7.32646,1.56704,8.77261,7.0803,14.2957,13.0492,7.31107,4.63415,15.4803,8.8803,1.66154,5.603,12.9265,4.66416,6.15684,16.0034,8.84976,8.54108,0.703217,4.08433,7.86492,8.66492,10.7146,5.70324,6.04354,9.37185,7.15646,9.21724,5.89239,4.87878,2.7036,8.95646,6.81724,3.92646,11.9265,1.98361,5.06344,8.07247,8.41876,6.29569,16.5726,7.80338,7.2069,15.8034,10.3726,9.61876,7.86492,5.49569,20.2957,
mu: 
srcDuals: 
fixing. lower bound used: 623.72
percent fixed: 0.107537
updating best lambda
fixing. lower bound used: 623.72
fixed path dual: 15.7559
STATS - lpIterations[1] lagIterations[6] sspIterations[60] numSeparations[8] numCuts[0] compileTime[10] sspSolveTime[32] lpSolveTime[0] lb[672.845] ub[792] numArcs: [641655] numFixed: [627] time: [68]
lambda: 0,7.5157,7.06184,4.02163,2.87654,9.37569,2.63077,4.32529,5.948,10.3175,11.3823,17.0325,3.03137,6.25569,14.9059,5.33261,7.56338,1.56704,9.00953,7.31723,14.5326,12.1015,7.548,4.87107,15.7172,9.11723,1.66154,5.83992,11.5049,4.19031,6.15684,16.2403,9.08668,8.778,0.940141,4.32126,8.10184,8.90184,10.9515,5.94016,6.28046,9.60877,7.39339,9.45416,6.12932,4.64185,2.94052,8.48261,6.81724,4.16338,12.1634,2.22053,5.30037,8.30939,8.65569,6.53261,16.8095,8.0403,7.44382,16.0403,10.6095,9.85569,7.15415,5.73261,20.5326,
mu: 
srcDuals: 
fixing. lower bound used: 630.117
percent fixed: 0.10904
updating best lambda
fixing. lower bound used: 630.117
fixed path dual: 15.4856
STATS - lpIterations[1] lagIterations[7] sspIterations[70] numSeparations[12] numCuts[0] compileTime[10] sspSolveTime[38] lpSolveTime[0] lb[679.907] ub[792] numArcs: [642133] numFixed: [637] time: [79]
lambda: 0,6.29501,7.46873,4.42852,2.87654,9.37569,2.63077,3.91839,6.35489,10.7243,10.9754,16.2187,3.43827,6.66259,14.9059,5.73951,7.97028,1.56704,9.41643,7.72412,14.9395,12.5084,7.95489,5.27797,16.1241,9.52412,1.66154,6.24682,11.9118,4.5972,5.74995,16.6472,9.49358,8.37111,1.34704,4.32126,8.50874,9.30874,10.5446,6.34706,6.68736,9.20188,6.98649,8.23347,6.53622,5.04875,3.34742,8.48261,6.41034,4.57028,12.5703,2.62743,5.70726,7.4956,9.06259,6.93951,17.2164,8.4472,7.03692,16.4472,11.0164,10.2626,7.56104,6.13951,20.9395,
mu: 
srcDuals: 
fixing. lower bound used: 639.883
percent fixed: 0.114553
updating best lambda
fixing. lower bound used: 639.883
fixed path dual: 15.7305
STATS - lpIterations[1] lagIterations[8] sspIterations[80] numSeparations[14] numCuts[0] compileTime[10] sspSolveTime[45] lpSolveTime[0] lb[688.95] ub[792] numArcs: [642228] numFixed: [673] time: [91]
lambda: 0,6.59474,7.76846,4.42852,2.27708,8.77623,2.63077,4.21812,6.65462,10.7243,11.2751,16.5184,3.43827,6.96232,15.2056,5.73951,8.27001,1.56704,9.71616,8.02385,14.9395,12.8081,8.25462,5.5777,16.4239,9.82385,1.66154,5.0479,12.2115,3.99774,6.04968,16.9469,9.49358,8.67084,1.34704,4.62099,8.80847,9.00901,10.8443,6.34706,6.98709,9.50161,7.28622,8.5332,6.53622,3.5501,3.04769,8.78234,6.71007,4.87001,12.87,2.62743,4.80807,7.79533,9.36232,7.23924,17.5162,8.4472,7.33665,16.7469,11.3162,10.5623,7.86077,6.43924,21.2392,
mu: 
srcDuals: 
fixing. lower bound used: 647.076
percent fixed: 0.121372
updating best lambda
fixing. lower bound used: 647.076
fixed path dual: 15.4824
STATS - lpIterations[1] lagIterations[9] sspIterations[90] numSeparations[19] numCuts[0] compileTime[10] sspSolveTime[49] lpSolveTime[0] lb[691.254] ub[792] numArcs: [642837] numFixed: [779] time: [101]
lambda: 0,6.79409,7.96781,4.62787,2.27708,8.97557,2.63077,4.21812,5.25918,10.9237,11.2751,16.5184,3.63762,7.16166,14.2089,5.93886,8.46936,1.56704,9.91551,7.62516,15.1389,13.0074,8.45397,5.77705,16.6232,10.0232,1.66154,5.24725,12.4109,4.19709,6.24903,17.1463,9.69293,8.87018,1.34704,3.82359,9.00782,9.20836,10.8443,6.54641,7.18644,9.70095,7.48557,8.73255,6.73556,3.74945,2.44964,8.98169,6.90942,5.06936,13.0694,2.82678,5.00742,7.19728,9.56166,7.43859,17.7155,8.64655,7.33665,16.9463,11.5155,10.7617,8.06012,6.63859,21.4386,
mu: 
srcDuals: 
fixing. lower bound used: 651.861
percent fixed: 0.14348
updating best lambda
fixing. lower bound used: 651.861
fixed path dual: 15.3938
STATS - lpIterations[1] lagIterations[10] sspIterations[100] numSeparations[21] numCuts[0] compileTime[10] sspSolveTime[55] lpSolveTime[0] lb[697.917] ub[792] numArcs: [643194] numFixed: [859] time: [111]
lambda: 0,7.17158,7.59033,4.25039,2.27708,9.35306,2.63077,4.59561,5.63667,10.5462,11.6526,16.8959,3.26013,7.53915,14.5863,6.31634,8.84684,1.56704,10.293,8.00264,15.5163,12.6299,8.83146,4.64459,17.0007,10.4007,1.66154,5.62474,12.0334,4.57458,5.87154,17.5238,9.31544,8.4927,1.72452,4.20108,9.3853,9.58585,11.2218,6.16892,7.56392,9.32347,7.86306,9.11004,6.35808,4.12694,2.82713,9.35918,7.28691,5.44684,13.4468,2.44929,5.38491,7.57477,9.93915,7.81607,16.583,9.02404,7.71414,17.3238,11.893,11.1392,7.68263,5.50613,21.8161,
mu: 
srcDuals: 
fixing. lower bound used: 659.411
percent fixed: 0.175553
updating best lambda
fixing. lower bound used: 659.411
fixed path dual: 15.0696
STATS - lpIterations[1] lagIterations[11] sspIterations[110] numSeparations[22] numCuts[0] compileTime[10] sspSolveTime[61] lpSolveTime[0] lb[702.228] ub[792] numArcs: [643279] numFixed: [1066] time: [123]
lambda: 0,7.54924,7.96799,4.62805,2.27708,8.22008,2.63077,4.97327,6.01433,10.9239,11.2749,16.5182,3.63779,7.53915,14.964,5.56102,9.2245,1.56704,10.6707,8.3803,14.761,13.0076,9.20912,5.02225,17.3784,10.7784,1.66154,4.86942,12.4111,3.81926,5.49388,17.9014,9.6931,8.87036,2.10219,4.57874,9.76297,8.83052,10.8442,6.54658,7.94158,9.70113,8.24072,9.4877,6.73574,3.74928,3.20479,9.35918,6.90925,5.8245,13.8245,2.82695,5.76257,7.19711,10.3168,8.19373,16.9607,8.26872,7.33648,17.7014,12.2707,11.5168,8.0603,5.88379,22.1937,
mu: 
srcDuals: 
fixing. lower bound used: 666.964
percent fixed: 0.233597
updating best lambda
fixing. lower bound used: 666.964
fixed path dual: 14.8532
STATS - lpIterations[1] lagIterations[12] sspIterations[120] numSeparations[24] numCuts[0] compileTime[10] sspSolveTime[67] lpSolveTime[0] lb[704.308] ub[792] numArcs: [643430] numFixed: [1440] time: [133]
lambda: 0,7.74211,8.16086,4.82092,2.27708,8.41296,2.63077,5.16615,6.20721,11.1167,11.4678,16.7111,3.44491,7.73203,15.1569,5.7539,8.64587,1.56704,10.092,8.57318,14.9539,13.2005,9.402,5.21513,16.7997,10.9712,1.66154,5.06229,12.6039,4.01214,5.68676,18.0943,8.34296,9.06324,2.29506,4.77162,9.95584,9.0234,11.0371,6.73946,7.74871,9.89401,8.43359,9.68058,6.54286,3.94215,3.39767,9.55206,7.10212,5.24587,12.8601,2.63407,5.95545,7.38998,10.5097,8.38661,17.1536,8.46159,7.52936,17.8943,12.4635,11.7097,8.25317,6.07667,22.3866,
mu: 
srcDuals: 
fixing. lower bound used: 671.207
percent fixed: 0.283354
updating best lambda
fixing. lower bound used: 671.207
fixed path dual: 14.8685
STATS - lpIterations[1] lagIterations[13] sspIterations[130] numSeparations[28] numCuts[0] compileTime[10] sspSolveTime[72] lpSolveTime[0] lb[710.75] ub[792] numArcs: [643988] numFixed: [1761] time: [143]
lambda: 0,7.39276,8.16086,5.17028,2.27708,8.76232,2.63077,4.81679,5.85785,11.4661,11.8172,17.0605,3.79427,8.08139,14.8075,6.10326,8.99523,1.56704,10.4414,7.5251,15.3033,13.2005,9.05264,5.56449,17.1491,11.3206,1.66154,5.41165,12.6039,4.3615,6.03612,18.4437,8.69232,8.36452,2.64442,4.42226,10.3052,9.37276,11.3864,7.08882,8.09807,9.19529,7.03616,8.6325,6.89222,4.29151,3.04831,9.55206,7.10212,5.59523,13.2095,2.98343,6.30481,7.73934,10.859,8.73597,17.5029,8.81095,7.87872,18.2437,12.8129,12.059,7.90381,6.07667,22.3866,
mu: 
srcDuals: 
fixing. lower bound used: 677.496
percent fixed: 0.389371
updating best lambda
fixing. lower bound used: 677.496
fixed path dual: 13.2516
fixing. lower bound used: 691.862
percent fixed: 0.846952
updating best lambda
fixing. lower bound used: 691.862
fixed path dual: 14.0609
STATS - lpIterations[1] lagIterations[15] sspIterations[150] numSeparations[32] numCuts[0] compileTime[10] sspSolveTime[84] lpSolveTime[0] lb[716.301] ub[792] numArcs: [644604] numFixed: [5396] time: [165]
lambda: 0,8.09069,7.8105,4.81992,2.27708,8.9389,2.80456,5.34094,6.382,11.1157,11.4668,16.7101,3.44391,7.73661,15.5055,6.27984,9.3456,1.74082,11.1393,8.04926,15.4798,12.8501,9.75058,5.91485,17.847,12.0185,1.66154,4.89309,12.2536,4.53808,6.73405,19.1416,8.34195,9.06246,2.47343,4.94641,11.0031,9.54934,11.036,6.73845,8.796,9.71944,7.73409,9.33044,6.54186,4.64188,3.39867,9.20169,6.75176,6.29317,13.9074,2.63307,5.78624,7.38898,11.3832,9.43391,17.8533,8.63996,7.52835,18.9416,13.5108,12.757,8.60175,6.60082,23.0845,
mu: 
srcDuals: 
fixing. lower bound used: 691.123
percent fixed: 0.866012
updating best lambda
fixing. lower bound used: 691.123
fixed path dual: 13.498
fixing. lower bound used: 695.976
percent fixed: 1.0844
updating best lambda
fixing. lower bound used: 695.976
fixed path dual: 13.9939
STATS - lpIterations[1] lagIterations[17] sspIterations[170] numSeparations[35] numCuts[0] compileTime[10] sspSolveTime[96] lpSolveTime[0] lb[722.364] ub[792] numArcs: [644904] numFixed: [6936] time: [188]
lambda: 0,8.61786,8.33767,4.72421,2.27708,8.3874,3.02029,5.43664,6.4777,11.02,11.994,17.2373,3.97108,8.26378,15.6012,6.80701,8.62702,1.74082,10.4207,8.36069,15.7913,13.1616,9.65487,5.81915,17.1284,11.9228,1.66154,5.42026,12.7807,4.41805,6.39829,19.6688,8.86912,9.58962,2.56913,4.82638,10.2359,9.21358,11.5632,7.26562,9.32317,9.62374,7.63839,9.8576,6.44615,4.73758,3.71011,8.43446,6.416,5.5746,13.1888,2.53736,6.09768,7.91614,11.9104,9.96108,17.7576,9.16713,8.05552,19.4688,14.038,13.2842,8.50605,6.50511,22.9888,
mu: 
srcDuals: 
fixing. lower bound used: 697.857
percent fixed: 1.22527
updating best lambda
fixing. lower bound used: 697.857
fixed path dual: 13.0237
fixing. lower bound used: 707.902
percent fixed: 2.19925
updating best lambda
fixing. lower bound used: 707.902
fixed path dual: 12.7352
STATS - lpIterations[1] lagIterations[19] sspIterations[190] numSeparations[42] numCuts[0] compileTime[10] sspSolveTime[108] lpSolveTime[0] lb[724.536] ub[792] numArcs: [645737] numFixed: [14141] time: [209]
lambda: 0,8.40048,7.37206,5.41479,2.27708,9.07797,3.02029,5.21926,7.16827,10.8027,12.2114,17.4546,3.7537,8.0464,16.2917,7.49758,8.40965,1.74082,11.1113,8.14331,16.4818,13.6155,9.87225,5.60177,17.819,12.6134,1.66154,5.20288,12.2883,5.10862,6.61567,20.3593,9.55969,9.37225,2.35176,4.609,10.9265,9.90415,11.7806,7.04824,8.19785,9.40636,8.09237,9.64023,7.13672,5.42815,4.40068,9.12504,7.10657,6.26517,13.8794,3.22794,5.8803,8.13352,11.693,10.6516,17.5402,9.8577,8.2729,20.1593,14.7286,13.9747,7.77703,7.19569,23.2062,
mu: 
srcDuals: 
fixing. lower bound used: 713.869
percent fixed: 3.15788
updating best lambda
fixing. lower bound used: 713.869
fixed path dual: 13.2219
STATS - lpIterations[1] lagIterations[20] sspIterations[200] numSeparations[42] numCuts[0] compileTime[10] sspSolveTime[113] lpSolveTime[0] lb[729.723] ub[792] numArcs: [645734] numFixed: [20423] time: [220]
lambda: 0,8.56071,7.53228,5.57501,2.27708,8.43707,3.18051,5.05904,7.00805,10.9629,12.3716,17.6149,3.91392,7.72595,16.1315,6.69646,8.56987,1.90105,11.2715,7.98309,15.6807,13.7758,10.0325,5.762,17.9792,12.7736,1.66154,5.04266,12.4485,4.30749,6.61567,20.5196,9.71992,9.53247,2.51198,4.76923,10.9265,9.10303,11.9408,7.20847,8.35807,9.56658,8.25259,9.80045,7.29695,5.10771,4.24046,9.12504,7.10657,6.42539,14.0396,3.38816,5.72008,7.9733,11.8532,10.8119,17.7005,9.2168,8.43312,20.3196,14.8888,14.135,7.93726,7.35591,23.3664,
mu: 
srcDuals: 
fixing. lower bound used: 713.703
percent fixed: 3.2661
updating best lambda
fixing. lower bound used: 713.703
fixed path dual: 12.9133
fixing. lower bound used: 716.078
percent fixed: 3.71372
updating best lambda
fixing. lower bound used: 716.078
fixed path dual: 12.6779
fixing. lower bound used: 718.312
percent fixed: 4.41758
updating best lambda
fixing. lower bound used: 718.312
fixed path dual: 13.4585
STATS - lpIterations[1] lagIterations[23] sspIterations[230] numSeparations[48] numCuts[0] compileTime[10] sspSolveTime[131] lpSolveTime[0] lb[736.259] ub[792] numArcs: [646404] numFixed: [28523] time: [253]
lambda: 0,8.96195,8.13334,5.29049,2.27708,8.72001,3.78158,5.46028,6.0105,10.6784,12.3823,17.6255,4.21979,8.32701,16.3329,6.87336,7.99015,2.30229,10.6918,7.78485,15.5395,14.1647,9.93869,5.86804,17.3995,12.7843,1.66154,5.43164,13.0496,4.59043,6.89861,21.1206,10.0258,9.73388,2.71339,4.37116,10.5732,9.06784,11.9515,7.51433,8.95913,9.27297,7.75915,9.80203,7.01243,5.60273,3.84239,8.77173,7.07138,5.84567,13.4599,3.10364,6.12131,7.98397,12.4543,11.4129,17.8065,9.60578,8.44379,20.9206,15.0657,14.736,7.84347,7.26213,23.2727,
mu: 
srcDuals: 
fixing. lower bound used: 717.637
percent fixed: 4.50533
updating best lambda
fixing. lower bound used: 717.637
fixed path dual: 11.7571
fixing. lower bound used: 727.173
percent fixed: 8.63034
updating best lambda
fixing. lower bound used: 727.173
fixed path dual: 12.4709
STATS - lpIterations[1] lagIterations[25] sspIterations[250] numSeparations[49] numCuts[0] compileTime[10] sspSolveTime[143] lpSolveTime[0] lb[736.984] ub[792] numArcs: [646617] numFixed: [55741] time: [276]
lambda: 0,8.48427,8.57348,5.15629,2.27708,8.85421,4.08751,5.32608,6.75657,10.5442,12.2481,17.4913,4.08559,8.19282,16.1987,7.00755,8.43029,2.60822,11.4379,7.65065,15.6737,14.6049,9.46101,6.00224,18.1456,13.5304,1.66154,5.56583,13.4897,4.72463,7.33874,21.8667,9.89159,9.86808,3.45946,5.11723,11.3193,9.20204,11.8173,7.38014,9.70521,8.48935,6.97553,9.32436,6.87823,5.73692,4.58846,9.5178,7.51152,6.59175,14.206,2.96944,5.98712,6.9695,12.3201,12.159,17.9407,9.73998,8.3096,21.6667,15.8118,15.4821,7.97767,7.09038,22.795,
mu: 
srcDuals: 
fixing. lower bound used: 729.225
percent fixed: 10.1283
updating best lambda
fixing. lower bound used: 729.225
fixed path dual: 12.3834
STATS - lpIterations[1] lagIterations[26] sspIterations[260] numSeparations[52] numCuts[0] compileTime[10] sspSolveTime[150] lpSolveTime[0] lb[739.758] ub[792] numArcs: [646908] numFixed: [65369] time: [288]
lambda: 0,8.76502,8.29272,5.43705,2.27708,9.13497,4.36827,5.60683,6.75657,10.2634,12.5288,17.7721,4.36635,8.47357,16.4795,7.28831,7.86878,2.88898,10.8764,7.9314,15.9545,13.7626,9.74176,6.28299,17.5841,13.2496,1.66154,5.84659,13.209,5.00539,6.49647,22.1475,9.89159,10.1488,3.17871,5.39799,11.3193,9.4828,12.098,7.66089,9.98596,8.77011,7.25629,9.60511,7.15899,5.73692,4.30771,8.95629,6.3885,6.03024,13.6445,2.96944,5.98712,7.25026,12.6008,12.4398,18.2215,10.0207,8.59035,21.9475,16.0925,15.7628,8.25843,7.37114,23.0757,
mu: 
srcDuals: 
fixing. lower bound used: 732.963
percent fixed: 13.4504
updating best lambda
fixing. lower bound used: 732.963
fixed path dual: 12.411
STATS - lpIterations[1] lagIterations[27] sspIterations[270] numSeparations[56] numCuts[0] compileTime[10] sspSolveTime[155] lpSolveTime[0] lb[742.875] ub[792] numArcs: [647518] numFixed: [87054] time: [299]
lambda: 0,9.08067,8.60837,5.43705,2.27708,8.81932,4.05262,5.29118,7.07222,10.5791,12.8445,18.0878,4.0507,8.15792,16.7951,6.97266,7.86878,2.88898,11.192,7.61575,15.6388,14.0783,10.0574,6.59864,17.8997,13.5653,1.66154,4.89964,13.5246,4.68974,6.81213,22.4631,9.26029,9.83318,2.86306,5.08234,11.6349,9.16715,12.4137,7.97654,8.40771,9.08576,7.57194,9.92076,6.84333,5.42127,4.62336,9.27194,6.70415,6.34589,13.9601,3.28509,5.67147,7.56591,12.2852,12.7554,18.5371,9.70509,8.906,22.2631,16.4082,16.0785,8.57408,7.37114,23.3914,
mu: 
srcDuals: 
fixing. lower bound used: 735.776
percent fixed: 17.05
updating best lambda
fixing. lower bound used: 735.776
fixed path dual: 11.2744
fixing. lower bound used: 737.198
percent fixed: 18.9543
updating best lambda
fixing. lower bound used: 737.198
fixed path dual: 11.1462
fixing. lower bound used: 736.942
percent fixed: 19.3744
updating best lambda
fixing. lower bound used: 736.942
fixed path dual: 12.0443
STATS - lpIterations[1] lagIterations[30] sspIterations[300] numSeparations[61] numCuts[0] compileTime[10] sspSolveTime[176] lpSolveTime[0] lb[747.324] ub[792] numArcs: [648066] numFixed: [120086] time: [336]
lambda: 0,9.49789,8.48095,5.42402,2.27708,8.65251,4.68497,5.50631,6.7999,10.1358,12.717,17.9603,4.2528,8.42581,17.3528,6.95075,8.07087,3.249,11.179,8.31833,15.2743,14.7808,9.44254,6.47121,18.1018,13.5522,1.66154,5.45732,13.8847,4.52293,7.5147,23.3106,9.46238,10.2504,3.07818,5.15256,11.3626,9.14523,12.2863,7.96351,9.25519,8.95833,7.44451,10.5531,6.8303,5.68916,4.49593,8.99962,7.06417,6.54798,13.732,3.48719,6.08425,7.43848,13.1327,13.3878,18.4097,9.68317,8.77858,23.1106,16.2807,16.4385,7.9592,7.24371,23.264,
mu: 
srcDuals: 
fixing. lower bound used: 743.676
percent fixed: 29.1218
updating best lambda
fixing. lower bound used: 743.676
fixed path dual: 11.9559
STATS - lpIterations[1] lagIterations[31] sspIterations[310] numSeparations[64] numCuts[0] compileTime[10] sspSolveTime[183] lpSolveTime[0] lb[750.721] ub[792] numArcs: [648248] numFixed: [188899] time: [349]
lambda: 0,8.88634,7.86939,5.7298,2.27708,8.95829,4.37919,4.89475,7.10568,10.4416,13.0228,18.2661,4.55857,8.42581,16.7413,7.25653,8.37665,3.55478,11.4848,8.31833,15.5801,14.1693,9.74832,6.16544,18.4076,13.858,1.66154,5.7631,12.9673,4.82871,7.20892,23.6164,9.76816,9.33307,3.38396,5.15256,11.6684,9.45101,12.592,8.26929,9.56096,8.65255,7.75029,10.2473,7.13608,5.99494,4.80171,9.3054,7.36995,6.85376,14.0378,3.79297,6.08425,7.1327,13.1327,13.6935,18.1039,9.98895,9.08435,23.4164,16.5865,15.827,8.26498,6.63216,23.5697,
mu: 
srcDuals: 
fixing. lower bound used: 748.817
percent fixed: 38.3587
updating best lambda
fixing. lower bound used: 748.817
fixed path dual: 10.9084
fixing. lower bound used: 741.341
percent fixed: 38.3396
fixing. lower bound used: 748.817
fixed path dual: 11.7284
fixing. lower bound used: 748.523
percent fixed: 39.3319
updating best lambda
fixing. lower bound used: 748.523
fixed path dual: 11.1673
fixing. lower bound used: 747.996
percent fixed: 38.9078
fixing. lower bound used: 748.523
fixed path dual: 10.3408
fixing. lower bound used: 744.356
percent fixed: 38.0374
fixing. lower bound used: 748.523
fixed path dual: 11.0003
STATS - lpIterations[1] lagIterations[36] sspIterations[360] numSeparations[75] numCuts[0] compileTime[10] sspSolveTime[221] lpSolveTime[0] lb[751.888] ub[792] numArcs: [649809] numFixed: [247656] time: [411]
lambda: 0,9.41485,8.74262,5.70761,2.56255,8.74574,4.90697,5.82414,6.83271,10.1531,13.0652,17.4385,4.44316,8.65584,17.0906,7.62401,7.96059,4.08257,11.0687,8.29687,15.7228,14.9392,10.1037,6.69394,18.1646,14.0396,1.66154,5.93618,14.0136,4.84092,7.39877,24.8358,9.47821,10.2063,4.00642,4.61496,11.4087,9.48135,12.0544,8.15388,9.22549,8.83562,7.58791,10.7758,6.94081,6.00715,4.52875,9.04572,7.5598,6.61079,13.1032,3.77078,6.31428,7.17513,13.3627,14.7399,18.6324,10.6936,9.12678,23.7657,17.1316,16.8733,8.6204,6.98758,24.0983,
mu: 
srcDuals: 
fixing. lower bound used: 751.162
percent fixed: 42.905
updating best lambda
fixing. lower bound used: 751.162
fixed path dual: 11.4346
STATS - lpIterations[1] lagIterations[37] sspIterations[370] numSeparations[78] numCuts[0] compileTime[10] sspSolveTime[229] lpSolveTime[0] lb[756.649] ub[792] numArcs: [650234] numFixed: [279391] time: [425]
lambda: 0,9.41485,8.5332,5.91702,2.77197,8.95516,4.69756,5.61473,7.04213,10.3625,13.2747,17.6479,4.65258,7.81818,17.3,7.41459,8.17001,4.29198,11.2781,7.87803,15.7228,14.3109,10.3132,6.90336,18.374,14.249,1.66154,5.30793,13.3854,5.05034,7.18936,25.0452,9.68763,9.99688,3.79701,4.40554,11.6181,9.48135,12.2639,8.36329,9.43491,9.04503,7.79732,10.9853,7.15022,6.21657,4.73816,8.83631,7.35038,6.8202,13.3126,3.98019,5.47662,7.38454,12.7344,14.9493,18.8418,10.4842,9.3362,23.9751,17.3411,16.245,8.41098,6.98758,24.3077,
mu: 
srcDuals: 
fixing. lower bound used: 755.132
percent fixed: 50.5692
updating best lambda
fixing. lower bound used: 755.132
fixed path dual: 10.5909
fixing. lower bound used: 748.636
percent fixed: 50.5586
fixing. lower bound used: 755.132
fixed path dual: 10.8868
fixing. lower bound used: 750.511
percent fixed: 50.5632
fixing. lower bound used: 755.132
fixed path dual: 10.8907
fixing. lower bound used: 751.961
percent fixed: 50.5704
updating best lambda
fixing. lower bound used: 751.961
fixed path dual: 10.9415
STATS - lpIterations[1] lagIterations[41] sspIterations[410] numSeparations[88] numCuts[0] compileTime[10] sspSolveTime[262] lpSolveTime[0] lb[757.596] ub[792] numArcs: [651383] numFixed: [293633] time: [477]
lambda: 0,9.28307,8.07564,5.59337,2.93019,9.151,5.07179,5.57945,6.57484,9.84693,13.1438,17.7314,4.57229,8.64692,17.6968,7.29399,8.08648,4.64047,11.2429,8.05876,15.444,14.18,10.4473,6.77159,18.7708,14.2138,1.66154,5.82023,12.7135,5.24619,7.27288,25.8739,9.79599,10.1052,3.97773,4.37026,11.6557,9.20253,12.133,8.27977,10.0235,8.91326,7.90568,10.8535,6.82657,6.72887,4.70288,9.03215,7.86268,7.21694,13.2773,4.32868,6.30536,7.46807,13.5632,15.346,18.71,10.68,8.99096,24.3719,17.3787,16.2162,8.3307,7.33606,24.6562,
mu: 
srcDuals: 
fixing. lower bound used: 756.975
percent fixed: 53.8838
updating best lambda
fixing. lower bound used: 756.975
fixed path dual: 10.6502
fixing. lower bound used: 755.694
percent fixed: 54.2478
updating best lambda
fixing. lower bound used: 755.694
fixed path dual: 10.1387
fixing. lower bound used: 752.9
percent fixed: 51.8527
fixing. lower bound used: 755.694
fixed path dual: 10.8232
STATS - lpIterations[1] lagIterations[44] sspIterations[440] numSeparations[95] numCuts[0] compileTime[10] sspSolveTime[287] lpSolveTime[0] lb[759.904] ub[792] numArcs: [652380] numFixed: [338948] time: [518]
lambda: 0,8.97525,8.74504,5.55817,3.05234,8.88325,5.49688,5.77912,7.24424,10.2815,13.3435,17.4614,4.61693,8.06679,17.8964,6.85001,7.81642,4.37272,10.9728,8.41578,15.6248,14.8494,10.2476,6.81622,18.5007,14.6483,1.66154,6.17725,13.3829,4.97843,7.3856,26.5433,10.153,10.5303,4.02236,5.03967,11.5241,9.38332,12.3327,8.71431,9.75577,8.34713,7.33955,10.5457,6.79137,6.21681,5.37228,8.90056,7.73109,6.94688,13.2421,4.29349,5.72523,7.19801,13.6078,15.7805,18.7547,10.7246,9.19063,24.5715,17.5595,16.8856,8.37533,7.13639,24.3343,
mu: 
srcDuals: 
fixing. lower bound used: 758.498
percent fixed: 56.835
updating best lambda
fixing. lower bound used: 758.498
fixed path dual: 10.3003
fixing. lower bound used: 756.099
percent fixed: 56.8911
updating best lambda
fixing. lower bound used: 756.099
fixed path dual: 10.5586
fixing. lower bound used: 758.256
percent fixed: 56.6037
fixing. lower bound used: 756.099
fixed path dual: 10.1475
fixing. lower bound used: 757.594
percent fixed: 55.3997
fixing. lower bound used: 756.099
fixed path dual: 10.3937
STATS - lpIterations[1] lagIterations[48] sspIterations[480] numSeparations[102] numCuts[0] compileTime[10] sspSolveTime[322] lpSolveTime[0] lb[760.077] ub[792] numArcs: [653067] numFixed: [343878] time: [573]
lambda: 0,9.11735,9.35567,5.76068,3.4522,9.2677,5.88133,5.3665,6.72794,10.2444,12.8976,17.9131,5.03087,7.98336,17.883,6.78211,8.65323,4.99809,11.3586,7.60396,15.5569,15.0077,10.3897,6.85331,19.3375,14.3998,1.66154,5.81515,13.5411,5.36288,7.54387,26.3089,9.90448,10.1151,3.8871,4.67888,11.9086,9.76777,12.7844,8.02883,9.73276,8.31554,7.30796,10.6878,6.78245,6.60126,5.30702,8.83266,7.66318,7.78368,13.205,4.496,5.81548,7.59787,13.5244,15.9549,18.7918,10.6567,8.74476,24.7836,17.9439,17.0439,8.41243,6.72113,24.3027,
mu: 
srcDuals: 
fixing. lower bound used: 759.409
percent fixed: 58.584
updating best lambda
fixing. lower bound used: 759.409
fixed path dual: 10.1481
STATS - lpIterations[1] lagIterations[49] sspIterations[490] numSeparations[106] numCuts[0] compileTime[10] sspSolveTime[331] lpSolveTime[0] lb[760.794] ub[792] numArcs: [653672] numFixed: [383916] time: [587]
lambda: 0,9.40587,8.77863,6.0492,3.4522,8.40214,5.88133,5.65502,7.01646,10.5329,13.1861,18.2016,5.03087,8.27188,18.1715,7.07063,8.07619,4.70957,11.0701,7.89248,14.9799,14.4307,10.6782,7.14183,18.7605,14.6883,1.66154,6.10367,13.2526,5.07436,7.54387,26.5974,9.90448,10.4036,4.17562,4.9674,11.3315,9.19073,13.0729,8.31735,9.73276,8.60406,7.59648,10.9763,7.07097,6.88978,5.59554,8.54414,7.9517,7.20664,13.205,4.20748,6.104,7.88639,13.8129,16.2434,19.0803,10.9453,9.03328,25.0722,17.3669,17.0439,8.41243,7.00965,24.5913,
mu: 
srcDuals: 
fixing. lower bound used: 760.161
percent fixed: 60.1325
updating best lambda
fixing. lower bound used: 760.161
fixed path dual: 9.66065
fixing. lower bound used: 758.867
percent fixed: 59.9371
fixing. lower bound used: 760.161
fixed path dual: 9.82328
fixing. lower bound used: 759.089
percent fixed: 59.9794
fixing. lower bound used: 760.161
fixed path dual: 10.293
STATS - lpIterations[1] lagIterations[52] sspIterations[520] numSeparations[108] numCuts[0] compileTime[10] sspSolveTime[354] lpSolveTime[0] lb[764.688] ub[792] numArcs: [653871] numFixed: [393841] time: [625]
lambda: 0,9.6034,9.12482,5.76722,3.61204,8.57731,6.23871,5.61318,7.1763,10.4108,13.3306,17.6007,5.2284,8.105,17.757,6.56171,8.27372,5.06694,11.2676,8.05232,14.984,14.7769,10.8757,6.85985,19.2777,14.8858,1.82138,5.57941,13.5988,4.90748,7.54801,27.1146,9.94217,10.2815,3.79174,4.92557,11.5067,9.53692,12.8447,8.1952,10.0901,8.48192,7.79402,11.1738,6.78898,6.7229,5.56903,8.7193,8.12687,7.72386,13.4025,4.24517,5.75077,7.6582,14.1591,16.4409,18.7983,10.4363,9.17779,24.6576,17.5421,17.3901,8.60996,6.8875,24.7888,
mu: 
srcDuals: 
fixing. lower bound used: 763.793
percent fixed: 66.2612
updating best lambda
fixing. lower bound used: 763.793
fixed path dual: 9.84516
fixing. lower bound used: 761.586
percent fixed: 66.3127
updating best lambda
fixing. lower bound used: 761.586
fixed path dual: 10.0249
fixing. lower bound used: 762.576
percent fixed: 64.3687
fixing. lower bound used: 761.586
fixed path dual: 9.22981
fixing. lower bound used: 758.741
percent fixed: 62.3789
fixing. lower bound used: 761.586
fixed path dual: 9.78126
fixing. lower bound used: 762.875
percent fixed: 64.7208
fixing. lower bound used: 761.586
fixed path dual: 9.44056
fixing. lower bound used: 758.964
percent fixed: 62.4154
fixing. lower bound used: 761.586
fixed path dual: 10.0198
STATS - lpIterations[1] lagIterations[58] sspIterations[580] numSeparations[126] numCuts[0] compileTime[10] sspSolveTime[409] lpSolveTime[0] lb[766.018] ub[792] numArcs: [656429] numFixed: [410583] time: [710]
lambda: 0,8.87536,8.99365,5.86769,4.16567,9.01186,6.04311,5.88367,6.9626,10.5175,13.3303,17.7012,5.4906,7.98821,17.9182,7.11415,8.29578,5.01202,10.9061,7.45134,15.3007,14.5816,10.7597,7.18165,19.5399,14.369,2.16926,5.84408,13.7735,5.57784,7.4648,27.6351,10.1476,10.3874,3.85647,4.67532,12.0592,9.61777,12.9452,8.09624,9.77484,8.09564,7.40774,10.7716,6.88946,7.16909,5.58531,8.81761,7.88312,7.98605,13.4526,4.48595,5.63398,8.04944,13.8366,16.132,19.1201,11.2246,9.17748,25.0489,18.0945,17.7727,8.28601,6.85344,24.7606,
mu: 
srcDuals: 
fixing. lower bound used: 765.44
percent fixed: 69.1664
updating best lambda
fixing. lower bound used: 765.44
fixed path dual: 9.30782
fixing. lower bound used: 760.155
percent fixed: 69.1628
fixing. lower bound used: 765.44
fixed path dual: 9.06984
fixing. lower bound used: 760.671
percent fixed: 69.1683
updating best lambda
fixing. lower bound used: 760.671
fixed path dual: 9.59698
fixing. lower bound used: 765.254
percent fixed: 68.8498
fixing. lower bound used: 760.671
fixed path dual: 9.08306
fixing. lower bound used: 762.344
percent fixed: 64.2317
fixing. lower bound used: 760.671
fixed path dual: 9.1703
fixing. lower bound used: 760.582
percent fixed: 64.3063
fixing. lower bound used: 760.671
fixed path dual: 9.40028
fixing. lower bound used: 765.191
percent fixed: 68.4318
fixing. lower bound used: 760.671
fixed path dual: 8.52865
fixing. lower bound used: 760.924
percent fixed: 62.319
fixing. lower bound used: 760.671
fixed path dual: 9.07726
fixing. lower bound used: 763.83
percent fixed: 66.4695
fixing. lower bound used: 760.671
fixed path dual: 9.14252
STATS - lpIterations[1] lagIterations[67] sspIterations[670] numSeparations[148] numCuts[0] compileTime[10] sspSolveTime[487] lpSolveTime[0] lb[767.034] ub[792] numArcs: [659340] numFixed: [400947] time: [834]
lambda: 0,9.56736,9.56972,5.88691,4.63656,9.0094,6.34375,5.75696,7.32763,11.2082,12.5883,18.0088,5.06633,8.48328,17.5106,6.94152,8.50772,5.43918,10.9414,7.48427,14.8715,15.3607,10.8051,7.49899,19.7518,14.6512,2.64014,6.06612,13.6363,5.57537,7.17057,27.5029,10.2732,10.3792,3.97692,4.92739,11.8908,9.64443,13.0495,7.99445,9.84864,8.52161,7.86148,11.1378,7.14021,7.42319,5.70575,8.77752,8.30314,8.19799,13.5126,4.61158,5.77568,7.97827,14.3316,16.4034,19.4375,11.3462,8.58548,24.9733,18.5813,17.9921,8.52781,7.17078,25.5193,
mu: 
srcDuals: 
fixing. lower bound used: 766.549
percent fixed: 70.9362
updating best lambda
fixing. lower bound used: 766.549
fixed path dual: 9.02624
fixing. lower bound used: 765.69
percent fixed: 71.2564
updating best lambda
fixing. lower bound used: 765.69
fixed path dual: 9.078
fixing. lower bound used: 765.91
percent fixed: 70.1376
fixing. lower bound used: 765.69
fixed path dual: 9.21356
STATS - lpIterations[1] lagIterations[70] sspIterations[700] numSeparations[152] numCuts[0] compileTime[10] sspSolveTime[512] lpSolveTime[0] lb[767.198] ub[792] numArcs: [659672] numFixed: [458459] time: [874]
lambda: 0,9.63294,9.70687,5.74659,4.80983,9.08131,6.40933,5.82254,6.88004,11.1753,13.0656,18.0744,5.33781,8.75792,17.3703,6.8107,8.13454,5.29886,10.5682,7.96164,14.9434,15.4979,10.5305,7.22435,19.3787,14.6182,2.84604,5.93531,13.7735,5.54592,7.105,27.9803,9.7927,10.6507,3.94113,4.16937,12.0641,9.81771,13.1151,8.30171,9.70832,8.24697,7.58684,11.4093,6.99989,6.98828,5.66997,8.95079,8.47642,7.82481,13.3095,4.33694,5.94896,8.45564,14.809,16.7107,19.1628,11.3167,9.06286,25.0389,18.8559,18.1293,8.25316,6.69024,25.2446,
mu: 
srcDuals: 
fixing. lower bound used: 766.65
percent fixed: 71.5082
updating best lambda
fixing. lower bound used: 766.65
fixed path dual: 9.1254
STATS - lpIterations[1] lagIterations[71] sspIterations[710] numSeparations[152] numCuts[0] compileTime[10] sspSolveTime[517] lpSolveTime[0] lb[767.821] ub[792] numArcs: [659659] numFixed: [473928] time: [884]
lambda: 0,9.7583,9.45615,5.87195,4.80983,9.20667,6.40933,5.9479,7.0054,11.3006,13.191,18.1997,5.46317,8.88328,17.4957,6.68534,8.2599,5.42422,10.6936,8.087,14.818,14.7457,10.6558,7.3497,19.504,14.7436,2.84604,6.06066,13.1467,5.54592,6.85428,28.1056,9.91806,10.776,4.06649,4.29473,11.9387,9.81771,13.2404,8.42707,9.83368,8.37233,7.7122,11.5346,7.12525,7.11363,5.79533,8.324,8.10034,7.95017,13.4349,4.46229,6.07432,8.581,14.9344,16.836,19.2882,11.1913,9.18822,25.1643,18.7306,17.5025,8.1278,6.8156,25.37,
mu: 
srcDuals: 
fixing. lower bound used: 767.688
percent fixed: 73.1381
updating best lambda
fixing. lower bound used: 767.688
fixed path dual: 9.03233
fixing. lower bound used: 767.028
percent fixed: 73.3274
updating best lambda
fixing. lower bound used: 767.028
fixed path dual: 8.91033
fixing. lower bound used: 766.671
percent fixed: 72.4411
fixing. lower bound used: 767.028
fixed path dual: 8.33952
fixing. lower bound used: 762.026
percent fixed: 71.9931
fixing. lower bound used: 767.028
fixed path dual: 9.0631
STATS - lpIterations[1] lagIterations[75] sspIterations[750] numSeparations[156] numCuts[0] compileTime[10] sspSolveTime[555] lpSolveTime[0] lb[768.695] ub[792] numArcs: [660070] numFixed: [476747] time: [942]
lambda: 0,9.76232,10.0136,5.68017,4.90396,9.15044,6.59782,5.82223,7.31199,11.0463,13.0971,18.4503,5.46718,8.56275,17.37,6.62912,8.37824,5.79341,10.4354,7.89189,14.6084,15.3032,10.4754,7.53819,19.6224,14.2972,2.94017,6.06042,13.7041,5.33628,7.10488,28.0118,10.0087,10.78,4.37308,4.85217,11.8825,9.76149,13.4289,7.89787,10.2029,8.56082,7.34727,10.9852,7.02759,6.93199,6.10192,8.26777,8.19753,8.06851,13.2393,4.64701,6.00464,8.45534,14.6138,16.3896,19.4767,11.2885,9.09434,25.4149,18.8278,18.0599,8.31629,7.00408,25.1895,
mu: 
srcDuals: 
fixing. lower bound used: 768.301
percent fixed: 73.8358
updating best lambda
fixing. lower bound used: 768.301
fixed path dual: 8.52119
fixing. lower bound used: 764.903
percent fixed: 73.6766
fixing. lower bound used: 768.301
fixed path dual: 8.7614
fixing. lower bound used: 767.346
percent fixed: 74.1129
updating best lambda
fixing. lower bound used: 767.346
fixed path dual: 9.0243
STATS - lpIterations[1] lagIterations[78] sspIterations[780] numSeparations[160] numCuts[0] compileTime[10] sspSolveTime[575] lpSolveTime[0] lb[769.27] ub[792] numArcs: [660502] numFixed: [491478] time: [976]
lambda: 0,9.8908,9.72355,5.63055,5.03627,9.30225,6.65718,6.09278,7.02195,10.7952,13.4406,18.2256,5.20638,8.69506,17.3564,6.37806,7.9618,5.51311,10.5872,8.23539,14.3573,15.4355,10.6768,7.24049,19.7742,14.449,3.08223,5.78987,13.6252,5.48809,6.83433,28.5664,9.95903,10.6244,3.87185,5.12272,12.0343,9.9133,13.4883,7.64681,10.3449,8.54724,7.75988,11.1137,6.97797,7.0838,5.81187,8.41959,8.34935,7.93619,13.794,4.30352,5.71459,8.5147,14.7462,16.5414,19.179,11.0375,9.43783,25.4013,18.9796,18.1922,8.51772,6.99051,25.6021,
mu: 
srcDuals: 
fixing. lower bound used: 768.909
percent fixed: 75.2418
updating best lambda
fixing. lower bound used: 768.909
fixed path dual: 8.77081
STATS - lpIterations[1] lagIterations[79] sspIterations[790] numSeparations[163] numCuts[0] compileTime[10] sspSolveTime[584] lpSolveTime[0] lb[769.616] ub[792] numArcs: [660786] numFixed: [497745] time: [990]
lambda: 0,10.1309,8.76316,5.63055,5.03627,9.54235,6.41709,5.85268,7.26204,11.0353,12.7203,17.9855,5.44648,8.69506,17.5965,6.61816,8.2019,5.75321,10.5872,7.99529,14.5974,15.4355,10.4367,7.48059,20.0143,14.2089,3.08223,6.02997,13.145,5.72819,6.83433,28.3263,10.1991,10.8645,4.11195,4.88262,12.2744,10.1534,13.2482,7.88691,10.585,8.78734,7.99997,11.3538,7.21807,7.32389,6.05197,8.65968,8.58944,8.17629,13.5539,4.54361,5.95469,8.27461,14.5061,16.3013,19.419,11.2776,8.71754,25.6414,19.2197,18.1922,8.27763,7.2306,25.8422,
mu: 
srcDuals: 
fixing. lower bound used: 769.307
percent fixed: 75.9457
updating best lambda
fixing. lower bound used: 769.307
fixed path dual: 8.50494
fixing. lower bound used: 767.283
percent fixed: 75.552
fixing. lower bound used: 769.307
fixed path dual: 8.33979
fixing. lower bound used: 765.895
percent fixed: 75.4999
fixing. lower bound used: 769.307
fixed path dual: 8.65178
fixing. lower bound used: 768.065
percent fixed: 75.6544
fixing. lower bound used: 769.307
fixed path dual: 8.4758
fixing. lower bound used: 767.635
percent fixed: 75.7148
fixing. lower bound used: 769.307
fixed path dual: 8.0827
fixing. lower bound used: 764.594
percent fixed: 75.5041
fixing. lower bound used: 769.307
fixed path dual: 8.58702
fixing. lower bound used: 768.771
percent fixed: 75.9818
updating best lambda
fixing. lower bound used: 768.771
fixed path dual: 7.86612
fixing. lower bound used: 764.883
percent fixed: 75.9827
updating best lambda
fixing. lower bound used: 764.883
fixed path dual: 8.59073
STATS - lpIterations[1] lagIterations[87] sspIterations[870] numSeparations[172] numCuts[0] compileTime[10] sspSolveTime[648] lpSolveTime[0] lb[771.533] ub[792] numArcs: [661998] numFixed: [452101] time: [1090]
lambda: 0,9.74751,9.55974,5.63371,5.36277,9.64153,6.66521,6.00899,6.9302,11.707,12.7087,18.401,5.52404,8.4011,17.1791,6.85018,8.30195,5.86102,10.4635,7.9695,14.6446,15.3302,10.4001,7.36179,20.3501,14.1913,3.37082,5.86205,13.4702,5.75653,7.21196,28.3147,10.2695,10.7172,4.15308,5.29818,12.1293,10.3234,13.3602,8.09309,10.6446,8.30736,7.66489,11.0955,7.45098,7.36228,6.13824,8.7197,8.60836,8.27634,13.6719,4.67991,5.69649,8.59885,14.3123,16.5195,19.3003,11.6324,8.70594,25.6674,19.5442,18.5173,8.36644,7.11181,25.5071,
mu: 
srcDuals: 
fixing. lower bound used: 771.382
percent fixed: 78.7516
updating best lambda
fixing. lower bound used: 771.382
fixed path dual: 8.23753
fixing. lower bound used: 768.14
percent fixed: 78.832
updating best lambda
fixing. lower bound used: 768.14
fixed path dual: 7.8816
fixing. lower bound used: 767.07
percent fixed: 73.8406
fixing. lower bound used: 768.14
fixed path dual: 8.00026
fixing. lower bound used: 766.945
percent fixed: 73.835
fixing. lower bound used: 768.14
fixed path dual: 8.56519
STATS - lpIterations[1] lagIterations[91] sspIterations[910] numSeparations[175] numCuts[0] compileTime[10] sspSolveTime[677] lpSolveTime[0] lb[772.333] ub[792] numArcs: [662287] numFixed: [491392] time: [1139]
lambda: 0,10.0248,9.87507,5.281,5.57238,9.19319,6.80793,6.08445,7.20745,11.3632,13.2337,18.4765,5.32414,8.52592,17.0349,6.44106,8.37741,5.77472,10.539,8.24675,14.0823,14.9207,10.4576,7.48661,20.4255,14.2667,3.52325,6.02494,13.5658,5.61381,7.06886,28.8397,9.91682,10.9945,4.27789,5.15395,11.6806,9.91391,13.6554,7.75942,10.5583,8.43218,7.94214,11.3728,7.09827,7.21956,6.11063,8.27099,8.88447,8.3518,14.1868,4.48002,5.66888,8.894,14.5896,16.8146,19.4251,11.2233,9.23087,25.5231,19.4011,18.613,8.35673,7.23662,25.7844,
mu: 
srcDuals: 
fixing. lower bound used: 771.975
percent fixed: 79.712
updating best lambda
fixing. lower bound used: 771.975
fixed path dual: 8.02928
fixing. lower bound used: 768.705
percent fixed: 79.7506
updating best lambda
fixing. lower bound used: 768.705
fixed path dual: 7.80486
fixing. lower bound used: 766.78
percent fixed: 74.4682
fixing. lower bound used: 768.705
fixed path dual: 7.92202
fixing. lower bound used: 766.827
percent fixed: 74.4089
fixing. lower bound used: 768.705
fixed path dual: 7.76838
fixing. lower bound used: 767.246
percent fixed: 74.5392
fixing. lower bound used: 768.705
fixed path dual: 8.19143
fixing. lower bound used: 770.673
percent fixed: 77.6118
fixing. lower bound used: 768.705
fixed path dual: 7.9374
fixing. lower bound used: 769.311
percent fixed: 75.4333
fixing. lower bound used: 768.705
fixed path dual: 8.02681
fixing. lower bound used: 769.161
percent fixed: 75.9631
fixing. lower bound used: 768.705
fixed path dual: 8.09209
fixing. lower bound used: 770.296
percent fixed: 77.1907
fixing. lower bound used: 768.705
fixed path dual: 7.8501
fixing. lower bound used: 770.516
percent fixed: 77.3074
fixing. lower bound used: 768.705
fixed path dual: 7.62226
fixing. lower bound used: 767.173
percent fixed: 74.6278
fixing. lower bound used: 768.705
fixed path dual: 7.9784
fixing. lower bound used: 770.027
percent fixed: 76.7655
fixing. lower bound used: 768.705
fixed path dual: 7.95814
fixing. lower bound used: 769.464
percent fixed: 77.1076
fixing. lower bound used: 768.705
fixed path dual: 7.99526
fixing. lower bound used: 770.998
percent fixed: 78.2265
fixing. lower bound used: 768.705
fixed path dual: 7.97773
fixing. lower bound used: 771.576
percent fixed: 79.424
fixing. lower bound used: 768.705
fixed path dual: 7.76043
fixing. lower bound used: 770.268
percent fixed: 77.0365
fixing. lower bound used: 768.705
fixed path dual: 7.71333
fixing. lower bound used: 771.403
percent fixed: 78.6291
fixing. lower bound used: 768.705
fixed path dual: 7.83338
fixing. lower bound used: 770.867
percent fixed: 78.0378
fixing. lower bound used: 768.705
fixed path dual: 7.32463
fixing. lower bound used: 768.73
percent fixed: 78.1173
fixing. lower bound used: 768.705
fixed path dual: 7.62739
fixing. lower bound used: 771.22
percent fixed: 78.8324
fixing. lower bound used: 768.705
fixed path dual: 7.85371
STATS - lpIterations[1] lagIterations[111] sspIterations[1110] numSeparations[195] numCuts[0] compileTime[10] sspSolveTime[837] lpSolveTime[0] lb[774.072] ub[792] numArcs: [665122] numFixed: [496808] time: [1398]
lambda: 0,10.1837,10.4002,5.19071,6.01783,9.6486,7.21737,6.02863,7.01901,11.9926,12.8781,17.791,5.05149,8.56734,17.0878,6.88544,8.43855,5.80056,10.4429,8.45541,14.3361,14.9989,10.5062,7.30457,20.4867,14.2255,3.82205,6.23747,13.6812,5.79665,6.93977,29.3675,10.2408,11.0944,4.50277,5.0832,12.0201,10.6427,13.5739,7.84982,10.7234,8.60271,7.99072,11.5347,7.40791,7.39859,6.28215,8.81211,8.65547,8.41295,14.2955,4.38003,5.64825,9.09246,14.9746,17.4933,19.243,11.975,8.74021,25.576,20.0743,18.7284,8.79809,7.05459,25.833,
mu: 
srcDuals: 
fixing. lower bound used: 773.83
percent fixed: 82.3442
updating best lambda
fixing. lower bound used: 773.83
fixed path dual: 7.45977
fixing. lower bound used: 769.992
percent fixed: 82.3645
updating best lambda
fixing. lower bound used: 769.992
fixed path dual: 7.83165
fixing. lower bound used: 772.929
percent fixed: 81.1914
fixing. lower bound used: 769.992
fixed path dual: 7.78073
fixing. lower bound used: 771.858
percent fixed: 79.5745
fixing. lower bound used: 769.992
fixed path dual: 7.36994
fixing. lower bound used: 769.868
percent fixed: 79.6457
fixing. lower bound used: 769.992
fixed path dual: 7.66957
fixing. lower bound used: 771.491
percent fixed: 78.8034
fixing. lower bound used: 769.992
fixed path dual: 7.91978
STATS - lpIterations[1] lagIterations[117] sspIterations[1170] numSeparations[202] numCuts[0] compileTime[10] sspSolveTime[891] lpSolveTime[0] lb[774.421] ub[792] numArcs: [666137] numFixed: [511814] time: [1482]
lambda: 0,9.72194,10.3392,5.57497,6.00622,9.83616,6.80103,5.97311,7.02975,11.9562,12.9327,17.8375,5.1243,8.49963,17.2311,6.87315,8.19361,5.80344,10.0937,8.47945,14.3238,15.2589,10.5401,7.21112,20.2417,13.8876,4.10029,6.02553,13.5468,5.81313,7.05494,29.833,10.5321,10.3115,4.65268,5.37228,11.7319,10.764,13.8258,8.01382,10.7263,8.41491,8.02455,11.1968,7.68788,7.17634,6.60694,8.92973,8.74693,8.168,14.1435,4.76428,5.56883,9.07266,15.1802,17.2597,19.1496,12.0289,8.99209,25.7856,19.8529,18.9884,8.58236,6.96114,25.8668,
mu: 
srcDuals: 
fixing. lower bound used: 774.284
percent fixed: 83.2417
updating best lambda
fixing. lower bound used: 774.284
fixed path dual: 6.91774
fixing. lower bound used: 766.887
percent fixed: 83.3145
updating best lambda
fixing. lower bound used: 766.887
fixed path dual: 7.34448
fixing. lower bound used: 770.036
percent fixed: 76.876
fixing. lower bound used: 766.887
fixed path dual: 7.66797
fixing. lower bound used: 773.277
percent fixed: 81.6027
fixing. lower bound used: 766.887
fixed path dual: 7.73153
fixing. lower bound used: 773.312
percent fixed: 81.6624
fixing. lower bound used: 766.887
fixed path dual: 7.63987
fixing. lower bound used: 772.175
percent fixed: 81.8205
fixing. lower bound used: 766.887
fixed path dual: 7.51993
fixing. lower bound used: 770.954
percent fixed: 78.2197
fixing. lower bound used: 766.887
fixed path dual: 7.8137
fixing. lower bound used: 773.507
percent fixed: 82.0504
fixing. lower bound used: 766.887
fixed path dual: 7.67259
fixing. lower bound used: 772.608
percent fixed: 80.7986
fixing. lower bound used: 766.887
fixed path dual: 7.4932
fixing. lower bound used: 772.172
percent fixed: 79.8843
fixing. lower bound used: 766.887
fixed path dual: 7.48777
fixing. lower bound used: 772.458
percent fixed: 80.6062
fixing. lower bound used: 766.887
fixed path dual: 7.66767
fixing. lower bound used: 773.268
percent fixed: 81.782
fixing. lower bound used: 766.887
fixed path dual: 7.37093
fixing. lower bound used: 771.437
percent fixed: 81.8652
fixing. lower bound used: 766.887
fixed path dual: 7.60484
fixing. lower bound used: 773.502
percent fixed: 81.9261
fixing. lower bound used: 766.887
fixed path dual: 7.6086
fixing. lower bound used: 773.766
percent fixed: 82.6401
fixing. lower bound used: 766.887
fixed path dual: 7.67632
STATS - lpIterations[1] lagIterations[132] sspIterations[1320] numSeparations[221] numCuts[0] compileTime[10] sspSolveTime[1018] lpSolveTime[0] lb[774.933] ub[792] numArcs: [668235] numFixed: [483097] time: [1690]
lambda: 0,9.86065,10.8152,5.42189,6.01395,9.51563,7.07728,6.00578,7.06778,12.4386,12.6221,18.2857,5.41864,8.15448,17.3452,6.83031,8.41469,5.80204,10.311,8.38331,14.1966,15.0002,10.4805,7.44948,20.5893,13.5121,4.29611,6.14086,13.6415,5.48488,6.71479,29.4874,10.5042,10.7215,4.54,5.41612,12.0197,10.4897,14.3096,7.76727,10.7249,8.64476,7.83847,11.3355,7.90881,6.99237,6.24187,9.17829,8.54836,8.38909,14.4093,4.73015,5.46816,9.4414,15.2123,17.3422,19.3879,12.205,8.78398,26.1561,20.2297,19.0832,8.49205,7.07302,25.8072,
mu: 
srcDuals: 
fixing. lower bound used: 774.72
percent fixed: 83.9691
updating best lambda
fixing. lower bound used: 774.72
fixed path dual: 6.93216
fixing. lower bound used: 769.942
percent fixed: 84.0562
updating best lambda
fixing. lower bound used: 769.942
fixed path dual: 7.40814
fixing. lower bound used: 773.281
percent fixed: 81.569
fixing. lower bound used: 769.942
fixed path dual: 7.49608
fixing. lower bound used: 773.577
percent fixed: 82.3365
fixing. lower bound used: 769.942
fixed path dual: 7.60728
fixing. lower bound used: 774.537
percent fixed: 83.7918
fixing. lower bound used: 769.942
fixed path dual: 7.57732
STATS - lpIterations[1] lagIterations[137] sspIterations[1370] numSeparations[223] numCuts[0] compileTime[10] sspSolveTime[1045] lpSolveTime[0] lb[775.034] ub[792] numArcs: [668587] numFixed: [563035] time: [1741]
lambda: 0,10.1587,10.6654,5.43111,6.27925,9.987,7.25722,6.11432,7.06673,12.5495,12.8816,18.1194,4.91815,8.04918,17.1788,6.74686,8.53961,5.86509,10.3342,8.50037,14.1873,14.4878,10.5975,7.48118,20.7142,13.8265,4.16268,5.90359,13.2334,5.77203,6.68309,29.6452,10.3239,11.0195,4.73117,5.52466,11.8622,10.5904,14.2779,7.51815,10.6862,8.87992,7.95553,11.6336,7.91804,7.25766,6.38906,8.57815,8.50304,8.514,14.4325,4.54987,5.49723,9.66805,15.3294,17.6566,19.4196,12.1215,9.04352,25.9898,19.998,18.7931,8.23265,7.10473,25.9243,
mu: 
srcDuals: 
fixing. lower bound used: 774.546
percent fixed: 84.1476
updating best lambda
fixing. lower bound used: 774.546
fixed path dual: 7.52405
fixing. lower bound used: 774.609
percent fixed: 84.368
updating best lambda
fixing. lower bound used: 774.609
fixed path dual: 7.47499
fixing. lower bound used: 773.992
percent fixed: 84.3761
updating best lambda
fixing. lower bound used: 773.992
fixed path dual: 7.20061
fixing. lower bound used: 772.363
percent fixed: 84.3732
fixing. lower bound used: 773.992
fixed path dual: 7.5243
STATS - lpIterations[1] lagIterations[141] sspIterations[1410] numSeparations[226] numCuts[0] compileTime[10] sspSolveTime[1069] lpSolveTime[0] lb[775.914] ub[792] numArcs: [669116] numFixed: [554611] time: [1781]
lambda: 0,9.83662,10.9247,5.40015,6.37704,10.0055,7.19265,6.27492,7.05657,12.573,12.7949,18.0176,5.03674,7.97219,17.1439,6.84062,8.38079,5.80052,10.1002,8.49021,14.281,14.7471,10.6418,7.23345,20.5554,13.3987,4.15253,6.19293,13.4926,5.71536,6.94236,29.5284,10.6256,10.6975,4.72102,5.68525,12.1515,10.6842,14.3716,7.79911,10.6216,8.74101,7.99979,11.3115,7.88708,7.47179,6.50765,8.98785,8.91275,8.35518,14.1015,4.51891,5.61583,9.76181,15.448,17.3358,19.1719,12.2153,9.03198,25.9548,20.2874,19.0524,8.53441,7.04015,25.9685,
mu: 
srcDuals: 
fixing. lower bound used: 775.737
percent fixed: 85.2466
updating best lambda
switching from LAG to LP solver
num vars: 97315
DUALS: -0,9.90462,11.3569,5.88183,6.66436,10.1869,7.35693,6.03816,7.18967,13.1146,12.6875,18.0451,5.29514,8.30253,16.2117,6.42268,8.07289,6.11458,10.8125,8.74649,14.3702,14.6698,9.90462,8.90462,21.9067,13.1146,4.78465,6.13534,12.3688,5.63418,6.79738,30.8506,10.8506,11.3569,4.82281,5.64931,12.3025,10.7297,14.7847,7.29514,10.5903,8.90462,7.81014,11.9046,7.9688,7.60905,6.63313,9.1632,8.89276,7.42652,14.3368,4.37852,5.55309,10.3958,15.5369,18.0417,18.4523,12.6966,8.87162,27.0939,20.1393,20.5918,8.90462,6.90462,26.9991,
fixed path dual: 7.21535
lp dual value: 783.592
STATS - lpIterations[2] lagIterations[141] sspIterations[1410] numSeparations[226] numCuts[0] compileTime[10] sspSolveTime[1069] lpSolveTime[22] lb[783.592] ub[792] numArcs: [669116] numFixed: [573244] time: [1809]
checking cuts, max violation: 0.403757, num cuts: 58
new capacity cutset: 1 22 23 33 41 42 43 56 63 64 <= 8
new capacity cutset: 1 2 6 21 22 23 28 33 41 42 43 56 61 62 63 64 <= 13
new capacity cutset: 1 2 4 5 6 7 8 11 13 14 15 19 20 21 22 23 27 28 29 30 33 34 35 36 37 41 42 43 45 46 47 48 52 53 54 56 57 59 60 61 62 63 64 <= 36
new capacity cutset: 1 6 21 22 23 28 33 41 42 43 56 61 62 63 64 <= 12
new capacity cutset: 7 11 14 35 53 59 <= 4
new capacity cutset: 1 2 5 6 7 8 11 13 14 15 19 20 21 22 23 27 28 29 30 33 34 35 36 37 41 42 43 45 46 47 48 52 53 54 56 57 59 60 61 62 63 64 <= 35
new capacity cutset: 11 14 38 53 59 <= 3
new capacity cutset: 22 23 41 42 43 56 62 64 <= 6
new capacity cutset: 1 2 5 6 15 20 21 22 23 27 28 29 30 33 36 37 41 42 43 45 47 48 56 57 60 61 62 63 64 <= 24
new capacity cutset: 36 60 <= 1
new capacity cutset: 1 2 4 5 6 15 20 21 22 23 28 29 30 33 36 37 41 42 43 45 47 48 56 57 60 61 62 63 64 <= 24
new capacity cutset: 1 2 6 21 22 23 28 30 33 36 41 42 43 47 48 56 60 61 62 63 64 <= 17
new capacity cutset: 1 2 4 5 6 7 8 11 13 14 15 19 20 21 22 23 27 28 29 30 33 35 36 37 41 42 43 45 46 47 48 52 53 54 56 57 59 60 61 62 63 64 <= 35
new capacity cutset: 2 5 15 20 21 28 30 36 37 47 48 57 60 61 <= 11
new capacity cutset: 1 2 4 5 6 7 8 11 13 14 15 19 20 21 22 23 27 28 29 30 33 34 35 36 37 41 42 43 45 47 48 52 53 54 56 57 59 60 61 62 63 64 <= 35
new capacity cutset: 5 15 20 21 28 29 30 36 37 45 47 48 57 60 61 <= 12
new capacity cutset: 1 22 23 41 42 43 56 63 64 <= 7
new capacity cutset: 1 22 23 41 42 43 56 62 63 64 <= 8
new capacity cutset: 1 22 23 33 41 42 43 56 62 63 64 <= 9
new capacity cutset: 1 21 22 23 28 33 41 42 43 56 61 62 63 64 <= 11
new capacity cutset: 1 2 21 22 23 28 33 41 42 43 56 61 62 63 64 <= 12
new capacity cutset: 1 2 4 5 6 8 11 13 14 15 19 20 21 22 23 27 28 29 30 33 34 35 36 37 41 42 43 45 46 47 48 52 53 54 56 57 59 60 61 62 63 64 <= 35
new capacity cutset: 1 2 4 5 6 7 8 10 11 13 14 15 19 20 21 22 23 27 28 29 30 31 33 34 35 36 37 38 41 42 43 45 46 47 48 52 53 54 56 57 58 59 60 61 62 63 64 <= 39
new capacity cutset: 1 2 21 22 23 28 41 42 43 56 61 62 63 64 <= 11
new capacity cutset: 3 7 9 10 11 12 14 16 17 18 24 25 31 32 35 38 39 40 44 49 50 51 53 55 58 59 <= 21
new capacity cutset: 7 8 11 13 14 19 34 35 46 52 53 54 59 <= 10
new capacity cutset: 1 2 4 5 7 8 11 13 14 15 19 20 21 22 23 27 28 29 30 33 34 35 36 37 41 42 43 45 46 47 48 52 53 54 56 57 59 60 61 62 64 <= 34
new capacity cutset: 1 2 4 5 7 8 11 13 14 15 19 20 21 22 23 27 28 29 30 33 34 35 36 37 41 42 43 45 46 47 48 52 53 54 56 57 59 60 61 62 63 64 <= 35
new capacity cutset: 1 2 3 4 5 6 7 8 9 10 11 12 13 14 15 16 18 19 20 21 22 23 24 25 27 28 29 30 31 32 33 34 35 36 37 38 39 40 41 42 43 44 45 46 47 48 49 50 51 52 53 54 55 56 57 58 59 60 61 62 63 64 <= 52
new capacity cutset: 1 2 3 4 5 6 7 8 9 10 11 12 13 14 15 16 17 18 19 20 21 22 23 24 25 27 28 29 30 31 32 33 34 35 36 37 38 39 40 41 42 43 44 45 46 47 48 49 50 51 52 53 54 55 56 57 58 59 60 61 62 63 64 <= 53
new capacity cutset: 3 9 10 12 16 17 18 24 25 26 31 32 38 39 40 44 49 50 55 58 <= 16
new capacity cutset: 3 9 10 12 16 17 18 24 25 26 31 32 38 39 40 44 49 50 51 55 58 <= 17
new capacity cutset: 1 2 4 5 6 8 13 15 19 20 21 22 23 27 28 29 30 33 34 36 37 41 42 43 45 46 47 48 52 54 56 57 60 61 62 63 64 <= 31
new capacity cutset: 2 5 15 20 21 28 29 30 36 37 47 48 57 60 61 <= 12
new capacity cutset: 1 2 4 5 6 8 11 13 14 15 19 20 21 22 23 27 28 29 30 33 34 35 36 37 41 42 43 45 46 47 48 52 53 54 56 57 59 60 61 62 64 <= 34
new capacity cutset: 1 2 4 5 6 7 8 11 13 14 15 19 20 21 22 23 27 28 29 30 33 34 35 36 37 41 42 43 45 46 47 48 52 53 54 56 57 59 60 61 62 64 <= 35
new capacity cutset: 1 2 4 5 6 7 8 9 10 11 12 13 14 15 16 17 18 19 20 21 22 23 24 25 27 28 29 30 31 32 33 34 35 36 37 38 39 40 41 42 43 44 45 46 47 48 49 50 52 53 54 55 56 57 58 59 60 61 62 63 64 <= 51
new capacity cutset: 1 2 3 4 5 6 7 8 9 10 11 12 13 14 15 16 17 18 19 20 21 22 23 24 25 27 28 29 30 31 32 33 34 35 36 37 38 39 40 41 42 43 44 45 46 47 48 49 50 52 53 54 55 56 57 58 59 60 61 62 63 64 <= 52
new capacity cutset: 3 9 10 16 18 24 25 31 32 39 44 49 50 51 55 <= 12
new capacity cutset: 1 2 3 4 5 7 8 9 10 11 12 13 14 15 16 17 18 19 20 21 22 23 24 25 27 28 29 30 31 32 33 34 35 36 37 38 39 40 41 42 43 44 45 46 47 48 49 50 51 52 53 54 55 56 57 58 59 60 61 62 64 <= 51
new capacity cutset: 1 2 3 4 5 7 8 9 10 11 12 13 14 15 16 17 18 19 20 21 22 23 24 25 27 28 29 30 31 32 33 34 35 36 37 38 39 40 41 42 43 44 45 46 47 48 49 50 51 52 53 54 55 56 57 58 59 60 61 62 63 64 <= 52
new capacity cutset: 1 2 4 5 6 8 11 13 14 15 19 20 21 22 23 27 28 29 30 33 35 36 37 41 42 43 45 46 47 48 52 53 54 56 57 59 60 61 62 63 64 <= 34
new capacity cutset: 1 4 5 6 7 8 11 13 14 15 19 20 21 22 23 27 28 29 30 33 34 35 36 37 41 42 43 45 46 47 48 52 53 54 56 57 59 60 61 62 63 64 <= 35
new capacity cutset: 1 6 21 22 23 28 33 41 42 43 56 61 62 64 <= 11
new capacity cutset: 1 2 6 21 22 23 28 33 41 42 43 56 61 62 64 <= 12
new capacity cutset: 21 28 30 47 48 61 <= 4
new capacity cutset: 1 2 4 5 8 11 13 14 15 19 20 21 22 23 27 28 29 30 33 34 35 36 37 41 42 43 45 46 47 48 52 53 54 56 57 59 60 61 62 63 64 <= 34
new capacity cutset: 5 15 20 29 36 37 47 57 60 <= 7
new capacity cutset: 1 22 23 41 42 43 56 64 <= 6
new capacity cutset: 1 22 23 33 41 42 43 56 64 <= 7
new capacity cutset: 1 2 21 22 23 28 33 41 42 43 56 61 62 64 <= 11
new capacity cutset: 1 2 3 4 5 6 8 9 10 11 12 13 14 15 16 17 18 19 20 21 22 23 24 25 27 28 29 30 31 32 33 34 35 36 37 38 39 40 41 42 43 44 45 46 47 48 49 50 52 53 54 55 56 57 58 59 60 61 62 63 64 <= 51
new capacity cutset: 1 2 3 4 5 6 8 9 10 11 12 13 14 15 16 17 18 19 20 21 22 23 24 25 27 28 29 30 31 32 33 34 35 36 37 38 39 40 41 42 43 44 45 46 47 48 49 50 51 52 53 54 55 56 57 58 59 60 61 62 63 64 <= 52
new capacity cutset: 1 2 21 22 23 28 33 41 42 43 56 61 63 64 <= 11
new capacity cutset: 1 3 4 5 6 7 8 9 10 11 12 13 14 15 16 17 18 19 20 21 22 23 24 25 27 28 29 30 31 32 33 34 35 36 37 38 39 40 41 42 43 44 45 46 47 48 49 50 51 52 53 54 55 56 57 58 59 60 61 62 63 64 <= 52
new capacity cutset: 1 2 3 4 5 6 7 8 9 10 11 12 13 14 15 16 17 18 19 20 21 22 23 24 25 27 28 29 30 31 32 33 34 35 36 37 38 39 40 41 42 43 44 45 46 47 48 49 50 51 52 53 54 55 56 57 58 59 60 61 62 64 <= 52
new capacity cutset: 1 2 6 21 22 28 33 41 42 43 61 62 64 <= 10
new capacity cutset: 1 2 4 5 6 8 11 13 14 15 19 20 21 22 23 27 28 29 30 33 34 36 37 41 42 43 45 46 47 48 52 53 54 56 57 59 60 61 62 63 64 <= 34
num vars: 671830
DUALS: -0,14.1262,14.1262,8.11934,7.93313,14.9059,10.0883,9.49621,9.91242,15.1301,14.4649,26.7194,7.17193,11.4262,23.4424,12.2861,10.0883,8.1301,13.3074,11.3354,20.1424,18.5957,13.6575,11.4849,23.4903,15.1301,4.8138,9.33535,17.1262,10.3593,11.1216,33.1738,13.0883,14.065,7.695,9.49621,17.8206,16.6731,17.1987,9.25835,12.2351,13.8681,13.4242,16.8681,10.1641,10.0547,9.695,13.9711,12.5957,9.74942,16.2084,6.14438,9.33535,15.7514,19.0393,19.9814,25.8074,17.6731,10.6412,33.7514,25.5926,23.7308,11.3383,10.0883,32.3368,
fixed path dual: 6.06687
cap dual [4]: -1.30276
cap dual [5]: -1.24999
cap dual [6]: -3.78211
cap dual [13]: -0.844522
cap dual [15]: -0.239654
cap dual [29]: -2.1676
cap dual [30]: -0.0275443
cap dual [47]: -1.55154
cap dual [48]: -2.02984
lp dual value: 785.815
STATS - lpIterations[3] lagIterations[141] sspIterations[1410] numSeparations[238] numCuts[58] compileTime[10] sspSolveTime[1069] lpSolveTime[506] lb[785.815] ub[792] numArcs: [670391] numFixed: [0] time: [2369]
checking cuts, max violation: 0.321117, num cuts: 8
new capacity cutset: 1 2 3 5 6 7 8 9 10 11 12 13 14 15 16 17 18 19 20 21 22 23 24 25 26 27 28 29 30 31 32 33 34 35 36 37 38 39 40 41 42 43 44 45 46 47 48 49 50 51 52 53 54 55 56 57 58 59 60 61 62 63 64 <= 53
new capacity cutset: 5 15 20 29 36 37 47 48 57 60 <= 8
new capacity cutset: 1 23 33 41 42 43 56 63 64 <= 7
new capacity cutset: 5 20 29 36 37 47 48 60 <= 6
new capacity cutset: 1 2 3 5 6 8 9 10 11 12 13 14 15 16 17 18 19 20 21 22 23 24 25 26 27 28 29 30 31 32 33 34 35 36 37 38 39 40 41 42 43 44 45 46 47 48 49 50 51 52 53 54 55 56 57 58 59 60 61 62 63 64 <= 52
new capacity cutset: 1 23 41 42 43 56 63 64 <= 6
new capacity cutset: 5 15 20 36 37 47 48 57 60 <= 7
new capacity cutset: 1 2 3 5 6 7 8 9 10 11 12 13 14 15 16 17 18 19 20 21 22 23 24 25 27 28 29 30 31 32 33 34 35 36 37 38 39 40 41 42 43 44 45 46 47 48 49 50 51 52 53 54 55 56 57 58 59 60 61 62 63 64 <= 52
fixing. lower bound used: 785.809
num vars: 608033
DUALS: -0,21.4202,19.8519,16.1692,12.0569,22.3192,16.0569,15.966,16.8955,22.3335,20.9442,31.2797,14.3335,17.4193,27.7277,19.1757,17.9661,13.5771,20.4574,17.7041,26.4308,23.8135,20.3036,19.54,30.7445,22.7572,7.72977,15.7041,23.0261,16.0822,17.4354,40.4574,20.7572,20.1084,13.7041,15.966,24.9411,24.0344,25.4574,16.4463,18.599,21.2675,19.7314,24.1974,17.7688,15.597,15.597,21.0572,19.4582,17.5272,23.3562,13.2964,16.0299,22.4574,25.5697,28.0343,31.8385,24.4285,18.3224,40.3335,32.8431,30.5214,17.5603,18.1321,39.7118,
fixed path dual: 1.94305
cap dual [4]: -1
cap dual [6]: -3.37745
cap dual [13]: -0.75408
cap dual [28]: -1.7564
cap dual [29]: -4.34955
cap dual [30]: -0.0370914
cap dual [40]: -0.497791
cap dual [47]: -0.954402
cap dual [48]: -1.54671
cap dual [58]: -3.54002
cap dual [60]: -0.400967
cap dual [61]: -0.605934
cap dual [63]: -1.0567
cap dual [64]: -1.03873
lp dual value: 787.36
STATS - lpIterations[4] lagIterations[141] sspIterations[1410] numSeparations[257] numCuts[66] compileTime[10] sspSolveTime[1069] lpSolveTime[998] lb[787.36] ub[792] numArcs: [672712] numFixed: [66116] time: [2887]
checking cuts, max violation: 0.186652, num cuts: 5
new capacity cutset: 7 11 14 19 35 53 59 <= 5
new capacity cutset: 3 9 18 25 32 44 50 55 <= 6
new capacity cutset: 1 22 33 41 42 43 62 64 <= 6
new capacity cutset: 1 2 3 4 5 7 8 9 10 11 12 13 14 15 16 18 19 20 21 22 23 24 25 26 27 28 29 30 31 32 33 34 35 36 37 38 39 40 41 42 43 44 45 46 47 48 49 50 51 52 53 54 55 56 57 58 59 60 61 62 63 64 <= 52
new capacity cutset: 11 14 19 35 53 59 <= 4
fixing. lower bound used: 787.356
num vars: 674217
DUALS: -0,18.8054,16.2336,12.856,7.87687,18.7084,11.8769,12.9072,13.6393,19.0842,17.8346,28.5385,11.0581,14.2451,24.4669,15.8182,14.6057,9.87687,17.3699,14.5237,23.0304,20.6466,17.7493,16.3039,28.0918,19.6057,5.87687,12.6767,19.6003,13.1272,14.3846,37.3437,17.6057,16.9299,10.5237,13.0867,21.6318,20.6536,22.3891,13.1533,15.0842,18.9248,17.0555,21.376,14.903,12.3037,12.3037,17.7458,15.9324,13.9721,19.989,10.0581,12.5776,19.8366,22.6737,24.9628,29.3007,21.3303,14.7339,38.4963,29.369,28.0622,14.5236,14.9772,36.7363,
fixed path dual: 6.12313
cap dual [4]: -1.26791
cap dual [6]: -3.74985
cap dual [13]: -0.800149
cap dual [19]: -0.170597
cap dual [28]: -1.22418
cap dual [40]: -0.519104
cap dual [47]: -0.983134
cap dual [48]: -2.00933
cap dual [58]: -0.988955
cap dual [60]: -0.475373
cap dual [61]: -0.37806
cap dual [63]: -0.79709
cap dual [64]: -0.907761
cap dual [65]: -3.43791
cap dual [67]: -0.0261194
cap dual [68]: -0.0502985
cap dual [69]: -0.957015
cap dual [70]: -0.179552
lp dual value: 787.747
STATS - lpIterations[5] lagIterations[141] sspIterations[1410] numSeparations[271] numCuts[71] compileTime[10] sspSolveTime[1069] lpSolveTime[1573] lb[787.747] ub[792] numArcs: [674533] numFixed: [1749] time: [3481]
checking cuts, max violation: 0.102537, num cuts: 1
new capacity cutset: 1 2 3 5 6 9 16 18 20 21 22 23 24 25 28 30 32 33 36 37 41 42 43 44 47 48 49 50 51 55 56 60 61 62 63 64 <= 30
fixing. lower bound used: 787.742
num vars: 675012
