relax time window constraint
capacity: 39
instance upper bound: 28940
compiling DD
time step mult: 1
time step: 10
cap step: 1
done compiling DD
batch size for lag: 50
iteration delay to start separating: 50
optimality gap to start repairing: 5
percent fixed to change to CPLEX: 97.5
num arcs to change to CPLEX: 100000
num arcs to change to LAG: 999999999
STATS - lpIterations[0] lagIterations[0] sspIterations[0] numSeparations[0] numCuts[0] compileTime[1] sspSolveTime[0] lpSolveTime[0] lb[0] ub[28940] numArcs: [890509] numFixed: [0] time: [1]
STATS - lpIterations[1] lagIterations[0] sspIterations[0] numSeparations[0] numCuts[0] compileTime[1] sspSolveTime[0] lpSolveTime[0] lb[0] ub[28940] numArcs: [890509] numFixed: [0] time: [1]
STATS - lpIterations[1] lagIterations[1] sspIterations[1] numSeparations[0] numCuts[0] compileTime[1] sspSolveTime[0] lpSolveTime[0] lb[23468.5] ub[28940] numArcs: [890501] numFixed: [0] time: [1]
STATS - lpIterations[1] lagIterations[2] sspIterations[2] numSeparations[0] numCuts[0] compileTime[1] sspSolveTime[0] lpSolveTime[0] lb[24554.5] ub[28940] numArcs: [890494] numFixed: [0] time: [1]
STATS - lpIterations[1] lagIterations[3] sspIterations[18] numSeparations[0] numCuts[0] compileTime[1] sspSolveTime[0] lpSolveTime[0] lb[25429.9] ub[28940] numArcs: [890366] numFixed: [0] time: [2]
STATS - lpIterations[1] lagIterations[4] sspIterations[19] numSeparations[0] numCuts[0] compileTime[1] sspSolveTime[0] lpSolveTime[0] lb[25618.7] ub[28940] numArcs: [890366] numFixed: [0] time: [2]
STATS - lpIterations[1] lagIterations[6] sspIterations[118] numSeparations[0] numCuts[0] compileTime[1] sspSolveTime[2] lpSolveTime[0] lb[26186.6] ub[28940] numArcs: [889608] numFixed: [0] time: [4]
STATS - lpIterations[1] lagIterations[7] sspIterations[120] numSeparations[0] numCuts[0] compileTime[1] sspSolveTime[2] lpSolveTime[0] lb[26536.2] ub[28940] numArcs: [889608] numFixed: [0] time: [4]
STATS - lpIterations[1] lagIterations[10] sspIterations[295] numSeparations[0] numCuts[0] compileTime[1] sspSolveTime[5] lpSolveTime[0] lb[26992.7] ub[28940] numArcs: [888656] numFixed: [0] time: [7]
STATS - lpIterations[1] lagIterations[16] sspIterations[499] numSeparations[0] numCuts[0] compileTime[1] sspSolveTime[8] lpSolveTime[0] lb[27372.5] ub[28940] numArcs: [888070] numFixed: [0] time: [10]
STATS - lpIterations[1] lagIterations[18] sspIterations[555] numSeparations[0] numCuts[0] compileTime[1] sspSolveTime[9] lpSolveTime[0] lb[27390.6] ub[28940] numArcs: [887892] numFixed: [0] time: [11]
STATS - lpIterations[1] lagIterations[21] sspIterations[733] numSeparations[0] numCuts[0] compileTime[1] sspSolveTime[12] lpSolveTime[0] lb[27555.2] ub[28940] numArcs: [887542] numFixed: [0] time: [14]
STATS - lpIterations[1] lagIterations[21] sspIterations[733] numSeparations[0] numCuts[0] compileTime[1] sspSolveTime[12] lpSolveTime[0] lb[27591.9] ub[28940] numArcs: [887542] numFixed: [0] time: [14]
STATS - lpIterations[1] lagIterations[28] sspIterations[1075] numSeparations[0] numCuts[0] compileTime[1] sspSolveTime[18] lpSolveTime[0] lb[27703.8] ub[28940] numArcs: [886955] numFixed: [5971] time: [20]
STATS - lpIterations[1] lagIterations[28] sspIterations[1075] numSeparations[0] numCuts[0] compileTime[1] sspSolveTime[18] lpSolveTime[0] lb[27801.2] ub[28940] numArcs: [886955] numFixed: [5971] time: [20]
STATS - lpIterations[1] lagIterations[33] sspIterations[1324] numSeparations[0] numCuts[0] compileTime[1] sspSolveTime[22] lpSolveTime[0] lb[27805] ub[28940] numArcs: [886636] numFixed: [20340] time: [25]
STATS - lpIterations[1] lagIterations[33] sspIterations[1324] numSeparations[0] numCuts[0] compileTime[1] sspSolveTime[22] lpSolveTime[0] lb[27904.8] ub[28940] numArcs: [886636] numFixed: [20340] time: [25]
STATS - lpIterations[1] lagIterations[37] sspIterations[1527] numSeparations[0] numCuts[0] compileTime[1] sspSolveTime[25] lpSolveTime[0] lb[27969.9] ub[28940] numArcs: [886450] numFixed: [34539] time: [29]
STATS - lpIterations[1] lagIterations[54] sspIterations[2414] numSeparations[128] numCuts[0] compileTime[1] sspSolveTime[37] lpSolveTime[0] lb[28010.1] ub[28940] numArcs: [937018] numFixed: [0] time: [43]
STATS - lpIterations[1] lagIterations[57] sspIterations[2539] numSeparations[194] numCuts[0] compileTime[1] sspSolveTime[39] lpSolveTime[0] lb[28017.4] ub[28940] numArcs: [960693] numFixed: [0] time: [45]
STATS - lpIterations[1] lagIterations[63] sspIterations[2749] numSeparations[244] numCuts[0] compileTime[1] sspSolveTime[42] lpSolveTime[0] lb[28146.2] ub[28940] numArcs: [977442] numFixed: [33662] time: [49]
STATS - lpIterations[1] lagIterations[75] sspIterations[3186] numSeparations[417] numCuts[0] compileTime[1] sspSolveTime[48] lpSolveTime[0] lb[28163.4] ub[28940] numArcs: [1030299] numFixed: [50793] time: [57]
STATS - lpIterations[1] lagIterations[86] sspIterations[3560] numSeparations[589] numCuts[0] compileTime[1] sspSolveTime[53] lpSolveTime[0] lb[28205.9] ub[28940] numArcs: [1082227] numFixed: [0] time: [64]
STATS - lpIterations[1] lagIterations[92] sspIterations[3821] numSeparations[703] numCuts[0] compileTime[1] sspSolveTime[57] lpSolveTime[0] lb[28210] ub[28940] numArcs: [1115722] numFixed: [0] time: [69]
STATS - lpIterations[1] lagIterations[104] sspIterations[4250] numSeparations[822] numCuts[0] compileTime[1] sspSolveTime[63] lpSolveTime[0] lb[28222] ub[28940] numArcs: [1148056] numFixed: [172127] time: [79]
STATS - lpIterations[1] lagIterations[109] sspIterations[4463] numSeparations[873] numCuts[0] compileTime[1] sspSolveTime[67] lpSolveTime[0] lb[28324.7] ub[28940] numArcs: [1161729] numFixed: [138670] time: [84]
STATS - lpIterations[1] lagIterations[127] sspIterations[5085] numSeparations[1050] numCuts[0] compileTime[1] sspSolveTime[77] lpSolveTime[0] lb[28353.2] ub[28940] numArcs: [1210096] numFixed: [0] time: [99]
STATS - lpIterations[1] lagIterations[160] sspIterations[6377] numSeparations[1314] numCuts[0] compileTime[1] sspSolveTime[100] lpSolveTime[0] lb[28368] ub[28940] numArcs: [1272220] numFixed: [269959] time: [132]
STATS - lpIterations[1] lagIterations[211] sspIterations[8113] numSeparations[1666] numCuts[0] compileTime[1] sspSolveTime[129] lpSolveTime[0] lb[28385.8] ub[28940] numArcs: [1354058] numFixed: [405077] time: [179]
STATS - lpIterations[2] lagIterations[211] sspIterations[8113] numSeparations[1666] numCuts[0] compileTime[1] sspSolveTime[129] lpSolveTime[0] lb[28385.8] ub[28940] numArcs: [1354058] numFixed: [437033] time: [179]
STATS - lpIterations[2] lagIterations[357] sspIterations[14127] numSeparations[2841] numCuts[0] compileTime[1] sspSolveTime[303] lpSolveTime[0] lb[28386] ub[28940] numArcs: [1640971] numFixed: [395369] time: [394]
STATS - lpIterations[2] lagIterations[384] sspIterations[15140] numSeparations[2944] numCuts[0] compileTime[1] sspSolveTime[325] lpSolveTime[0] lb[28397.5] ub[28940] numArcs: [1661342] numFixed: [429994] time: [427]
STATS - lpIterations[2] lagIterations[420] sspIterations[16437] numSeparations[3086] numCuts[0] compileTime[1] sspSolveTime[352] lpSolveTime[0] lb[28420.8] ub[28940] numArcs: [1692244] numFixed: [0] time: [468]
STATS - lpIterations[2] lagIterations[500] sspIterations[19038] numSeparations[3273] numCuts[0] compileTime[1] sspSolveTime[398] lpSolveTime[0] lb[28439] ub[28940] numArcs: [1733299] numFixed: [599650] time: [552]
STATS - lpIterations[3] lagIterations[602] sspIterations[22203] numSeparations[3458] numCuts[0] compileTime[1] sspSolveTime[453] lpSolveTime[0] lb[28439] ub[28940] numArcs: [1773147] numFixed: [652154] time: [660]
STATS - lpIterations[4] lagIterations[914] sspIterations[34236] numSeparations[4610] numCuts[0] compileTime[1] sspSolveTime[836] lpSolveTime[0] lb[28439] ub[28940] numArcs: [2023529] numFixed: [614267] time: [1173]
STATS - lpIterations[5] lagIterations[1182] sspIterations[44925] numSeparations[5533] numCuts[0] compileTime[1] sspSolveTime[1243] lpSolveTime[0] lb[28439] ub[28940] numArcs: [2228678] numFixed: [715454] time: [1698]
STATS - lpIterations[6] lagIterations[1490] sspIterations[57035] numSeparations[6264] numCuts[0] compileTime[1] sspSolveTime[1720] lpSolveTime[0] lb[28439] ub[28940] numArcs: [2382575] numFixed: [780536] time: [2328]
STATS - lpIterations[7] lagIterations[1785] sspIterations[68450] numSeparations[6960] numCuts[0] compileTime[1] sspSolveTime[2206] lpSolveTime[0] lb[28439] ub[28940] numArcs: [2524176] numFixed: [817202] time: [2978]
