num loc: 37
instance upper bound: 828.07
compiling DD
time step mult: 10000
time step: 1000000
cap step: 1
done compiling DD
batch size for lag: 1
iteration delay to start separating: 0
optimality gap to start repairing: 100
percent fixed to change to CPLEX: 97.5
num arcs to change to CPLEX: 100000
num arcs to change to LAG: 999999999
STATS - lpIterations[0] lagIterations[0] sspIterations[0] numSeparations[0] numCuts[0] compileTime[0] sspSolveTime[0] lpSolveTime[0] lb[0] ub[828.07] numArcs: [144524] numFixed: [0] time: [0]
num vars: 144524
STATS - lpIterations[1] lagIterations[0] sspIterations[0] numSeparations[0] numCuts[0] compileTime[0] sspSolveTime[0] lpSolveTime[31] lb[716.89] ub[828.07] numArcs: [144524] numFixed: [0] time: [31]
num vars: 145017
STATS - lpIterations[2] lagIterations[0] sspIterations[0] numSeparations[3] numCuts[0] compileTime[0] sspSolveTime[0] lpSolveTime[63] lb[716.962] ub[828.07] numArcs: [145017] numFixed: [0] time: [63]
num vars: 145170
STATS - lpIterations[3] lagIterations[0] sspIterations[0] numSeparations[10] numCuts[0] compileTime[0] sspSolveTime[0] lpSolveTime[103] lb[717.12] ub[828.07] numArcs: [145644] numFixed: [474] time: [103]
num vars: 145873
STATS - lpIterations[4] lagIterations[0] sspIterations[0] numSeparations[20] numCuts[0] compileTime[0] sspSolveTime[0] lpSolveTime[146] lb[717.456] ub[828.07] numArcs: [146291] numFixed: [418] time: [146]
num vars: 146419
STATS - lpIterations[5] lagIterations[0] sspIterations[0] numSeparations[30] numCuts[0] compileTime[0] sspSolveTime[0] lpSolveTime[189] lb[717.615] ub[828.07] numArcs: [146787] numFixed: [368] time: [189]
num vars: 147032
STATS - lpIterations[6] lagIterations[0] sspIterations[0] numSeparations[43] numCuts[0] compileTime[0] sspSolveTime[0] lpSolveTime[228] lb[717.779] ub[828.07] numArcs: [147415] numFixed: [383] time: [228]
num vars: 147518
STATS - lpIterations[7] lagIterations[0] sspIterations[0] numSeparations[56] numCuts[0] compileTime[0] sspSolveTime[0] lpSolveTime[263] lb[717.936] ub[828.07] numArcs: [147863] numFixed: [345] time: [263]
num vars: 148205
STATS - lpIterations[8] lagIterations[0] sspIterations[0] numSeparations[73] numCuts[0] compileTime[0] sspSolveTime[0] lpSolveTime[303] lb[718.094] ub[828.07] numArcs: [148534] numFixed: [329] time: [303]
num vars: 148903
STATS - lpIterations[9] lagIterations[0] sspIterations[0] numSeparations[91] numCuts[0] compileTime[0] sspSolveTime[0] lpSolveTime[345] lb[718.439] ub[828.07] numArcs: [149224] numFixed: [321] time: [345]
num vars: 149515
STATS - lpIterations[10] lagIterations[0] sspIterations[0] numSeparations[109] numCuts[0] compileTime[0] sspSolveTime[0] lpSolveTime[384] lb[718.874] ub[828.07] numArcs: [149871] numFixed: [356] time: [384]
num vars: 150015
STATS - lpIterations[11] lagIterations[0] sspIterations[0] numSeparations[127] numCuts[0] compileTime[0] sspSolveTime[0] lpSolveTime[433] lb[719.157] ub[828.07] numArcs: [150506] numFixed: [491] time: [434]
num vars: 150547
STATS - lpIterations[12] lagIterations[0] sspIterations[0] numSeparations[147] numCuts[0] compileTime[0] sspSolveTime[0] lpSolveTime[481] lb[719.255] ub[828.07] numArcs: [151112] numFixed: [565] time: [481]
num vars: 151339
STATS - lpIterations[13] lagIterations[0] sspIterations[0] numSeparations[167] numCuts[0] compileTime[0] sspSolveTime[0] lpSolveTime[531] lb[719.611] ub[828.07] numArcs: [151829] numFixed: [490] time: [531]
num vars: 151492
STATS - lpIterations[14] lagIterations[0] sspIterations[0] numSeparations[184] numCuts[0] compileTime[0] sspSolveTime[0] lpSolveTime[575] lb[719.7] ub[828.07] numArcs: [152379] numFixed: [887] time: [576]
num vars: 151934
STATS - lpIterations[15] lagIterations[0] sspIterations[0] numSeparations[201] numCuts[0] compileTime[0] sspSolveTime[0] lpSolveTime[621] lb[719.796] ub[828.07] numArcs: [152929] numFixed: [995] time: [621]
num vars: 152026
STATS - lpIterations[16] lagIterations[0] sspIterations[0] numSeparations[218] numCuts[0] compileTime[0] sspSolveTime[0] lpSolveTime[671] lb[720.044] ub[828.07] numArcs: [153405] numFixed: [1379] time: [671]
num vars: 153037
STATS - lpIterations[17] lagIterations[0] sspIterations[0] numSeparations[238] numCuts[0] compileTime[0] sspSolveTime[0] lpSolveTime[722] lb[720.227] ub[828.07] numArcs: [154026] numFixed: [989] time: [723]
num vars: 153579
STATS - lpIterations[18] lagIterations[0] sspIterations[0] numSeparations[260] numCuts[0] compileTime[0] sspSolveTime[0] lpSolveTime[779] lb[720.495] ub[828.07] numArcs: [154701] numFixed: [1122] time: [779]
num vars: 154064
STATS - lpIterations[19] lagIterations[0] sspIterations[0] numSeparations[280] numCuts[0] compileTime[0] sspSolveTime[0] lpSolveTime[833] lb[720.633] ub[828.07] numArcs: [155297] numFixed: [1233] time: [833]
num vars: 155141
STATS - lpIterations[20] lagIterations[0] sspIterations[0] numSeparations[300] numCuts[0] compileTime[0] sspSolveTime[0] lpSolveTime[889] lb[720.808] ub[828.07] numArcs: [155940] numFixed: [799] time: [889]
num vars: 155372
STATS - lpIterations[21] lagIterations[0] sspIterations[0] numSeparations[322] numCuts[0] compileTime[0] sspSolveTime[0] lpSolveTime[943] lb[720.896] ub[828.07] numArcs: [156687] numFixed: [1315] time: [943]
num vars: 155293
STATS - lpIterations[22] lagIterations[0] sspIterations[0] numSeparations[342] numCuts[0] compileTime[0] sspSolveTime[0] lpSolveTime[1001] lb[721.1] ub[828.07] numArcs: [157393] numFixed: [2100] time: [1002]
num vars: 156639
STATS - lpIterations[23] lagIterations[0] sspIterations[0] numSeparations[364] numCuts[0] compileTime[0] sspSolveTime[0] lpSolveTime[1056] lb[721.181] ub[828.07] numArcs: [157978] numFixed: [1339] time: [1056]
num vars: 156817
STATS - lpIterations[24] lagIterations[0] sspIterations[0] numSeparations[385] numCuts[0] compileTime[0] sspSolveTime[0] lpSolveTime[1103] lb[721.293] ub[828.07] numArcs: [158559] numFixed: [1742] time: [1103]
num vars: 157711
STATS - lpIterations[25] lagIterations[0] sspIterations[0] numSeparations[406] numCuts[0] compileTime[0] sspSolveTime[0] lpSolveTime[1160] lb[721.397] ub[828.07] numArcs: [159308] numFixed: [1597] time: [1161]
num vars: 158281
STATS - lpIterations[26] lagIterations[0] sspIterations[0] numSeparations[427] numCuts[0] compileTime[0] sspSolveTime[0] lpSolveTime[1212] lb[721.556] ub[828.07] numArcs: [160005] numFixed: [1724] time: [1212]
num vars: 160100
STATS - lpIterations[27] lagIterations[0] sspIterations[0] numSeparations[446] numCuts[0] compileTime[0] sspSolveTime[0] lpSolveTime[1268] lb[721.598] ub[828.07] numArcs: [160845] numFixed: [745] time: [1269]
num vars: 160885
STATS - lpIterations[28] lagIterations[0] sspIterations[0] numSeparations[466] numCuts[0] compileTime[0] sspSolveTime[0] lpSolveTime[1324] lb[721.746] ub[828.07] numArcs: [161643] numFixed: [758] time: [1325]
num vars: 161416
STATS - lpIterations[29] lagIterations[0] sspIterations[0] numSeparations[484] numCuts[0] compileTime[0] sspSolveTime[0] lpSolveTime[1380] lb[721.91] ub[828.07] numArcs: [162225] numFixed: [809] time: [1381]
num vars: 162009
STATS - lpIterations[30] lagIterations[0] sspIterations[0] numSeparations[502] numCuts[0] compileTime[0] sspSolveTime[0] lpSolveTime[1441] lb[721.964] ub[828.07] numArcs: [162882] numFixed: [873] time: [1442]
num vars: 162478
STATS - lpIterations[31] lagIterations[0] sspIterations[0] numSeparations[522] numCuts[0] compileTime[0] sspSolveTime[0] lpSolveTime[1500] lb[722.049] ub[828.07] numArcs: [163413] numFixed: [935] time: [1501]
num vars: 163022
STATS - lpIterations[32] lagIterations[0] sspIterations[0] numSeparations[545] numCuts[0] compileTime[0] sspSolveTime[0] lpSolveTime[1565] lb[722.183] ub[828.07] numArcs: [164182] numFixed: [1160] time: [1566]
num vars: 163816
STATS - lpIterations[33] lagIterations[0] sspIterations[0] numSeparations[568] numCuts[0] compileTime[0] sspSolveTime[0] lpSolveTime[1628] lb[722.25] ub[828.07] numArcs: [164941] numFixed: [1125] time: [1629]
num vars: 164218
STATS - lpIterations[34] lagIterations[0] sspIterations[0] numSeparations[588] numCuts[0] compileTime[0] sspSolveTime[0] lpSolveTime[1695] lb[722.338] ub[828.07] numArcs: [165591] numFixed: [1373] time: [1695]
num vars: 164846
STATS - lpIterations[35] lagIterations[0] sspIterations[0] numSeparations[605] numCuts[0] compileTime[0] sspSolveTime[0] lpSolveTime[1754] lb[722.356] ub[828.07] numArcs: [166376] numFixed: [1530] time: [1755]
num vars: 165446
STATS - lpIterations[36] lagIterations[0] sspIterations[0] numSeparations[626] numCuts[0] compileTime[0] sspSolveTime[0] lpSolveTime[1820] lb[722.434] ub[828.07] numArcs: [167031] numFixed: [1585] time: [1821]
num vars: 165773
STATS - lpIterations[37] lagIterations[0] sspIterations[0] numSeparations[647] numCuts[0] compileTime[0] sspSolveTime[0] lpSolveTime[1894] lb[722.56] ub[828.07] numArcs: [167581] numFixed: [1808] time: [1895]
num vars: 165492
STATS - lpIterations[38] lagIterations[0] sspIterations[0] numSeparations[669] numCuts[0] compileTime[0] sspSolveTime[0] lpSolveTime[1960] lb[722.641] ub[828.07] numArcs: [168205] numFixed: [2713] time: [1961]
num vars: 166515
STATS - lpIterations[39] lagIterations[0] sspIterations[0] numSeparations[688] numCuts[0] compileTime[0] sspSolveTime[0] lpSolveTime[2020] lb[722.726] ub[828.07] numArcs: [168758] numFixed: [2243] time: [2021]
num vars: 166874
STATS - lpIterations[40] lagIterations[0] sspIterations[0] numSeparations[708] numCuts[0] compileTime[0] sspSolveTime[0] lpSolveTime[2091] lb[722.761] ub[828.07] numArcs: [169570] numFixed: [2696] time: [2092]
num vars: 167494
STATS - lpIterations[41] lagIterations[0] sspIterations[0] numSeparations[727] numCuts[0] compileTime[0] sspSolveTime[0] lpSolveTime[2164] lb[722.797] ub[828.07] numArcs: [170120] numFixed: [2626] time: [2165]
num vars: 167851
STATS - lpIterations[42] lagIterations[0] sspIterations[0] numSeparations[746] numCuts[0] compileTime[0] sspSolveTime[0] lpSolveTime[2234] lb[722.876] ub[828.07] numArcs: [170736] numFixed: [2885] time: [2235]
num vars: 168690
STATS - lpIterations[43] lagIterations[0] sspIterations[0] numSeparations[768] numCuts[0] compileTime[0] sspSolveTime[0] lpSolveTime[2298] lb[722.915] ub[828.07] numArcs: [171489] numFixed: [2799] time: [2298]
num vars: 169316
STATS - lpIterations[44] lagIterations[0] sspIterations[0] numSeparations[792] numCuts[0] compileTime[0] sspSolveTime[0] lpSolveTime[2369] lb[723.011] ub[828.07] numArcs: [172144] numFixed: [2828] time: [2370]
num vars: 169258
STATS - lpIterations[45] lagIterations[0] sspIterations[0] numSeparations[813] numCuts[0] compileTime[0] sspSolveTime[0] lpSolveTime[2437] lb[723.061] ub[828.07] numArcs: [172773] numFixed: [3515] time: [2438]
num vars: 169523
STATS - lpIterations[46] lagIterations[0] sspIterations[0] numSeparations[832] numCuts[0] compileTime[0] sspSolveTime[0] lpSolveTime[2515] lb[723.103] ub[828.07] numArcs: [173397] numFixed: [3874] time: [2516]
num vars: 170234
STATS - lpIterations[47] lagIterations[0] sspIterations[0] numSeparations[857] numCuts[0] compileTime[0] sspSolveTime[0] lpSolveTime[2585] lb[723.145] ub[828.07] numArcs: [174030] numFixed: [3796] time: [2586]
num vars: 172964
STATS - lpIterations[48] lagIterations[0] sspIterations[0] numSeparations[879] numCuts[0] compileTime[0] sspSolveTime[0] lpSolveTime[2654] lb[723.201] ub[828.07] numArcs: [174511] numFixed: [1547] time: [2655]
num vars: 173451
STATS - lpIterations[49] lagIterations[0] sspIterations[0] numSeparations[900] numCuts[0] compileTime[0] sspSolveTime[0] lpSolveTime[2732] lb[723.283] ub[828.07] numArcs: [175054] numFixed: [1603] time: [2733]
num vars: 173765
STATS - lpIterations[50] lagIterations[0] sspIterations[0] numSeparations[921] numCuts[0] compileTime[0] sspSolveTime[0] lpSolveTime[2806] lb[723.346] ub[828.07] numArcs: [175557] numFixed: [1792] time: [2807]
num vars: 174218
STATS - lpIterations[51] lagIterations[0] sspIterations[0] numSeparations[940] numCuts[0] compileTime[0] sspSolveTime[0] lpSolveTime[2879] lb[723.379] ub[828.07] numArcs: [175965] numFixed: [1747] time: [2880]
num vars: 174750
STATS - lpIterations[52] lagIterations[0] sspIterations[0] numSeparations[960] numCuts[0] compileTime[0] sspSolveTime[0] lpSolveTime[2957] lb[723.424] ub[828.07] numArcs: [176651] numFixed: [1901] time: [2958]
num vars: 175246
STATS - lpIterations[53] lagIterations[0] sspIterations[0] numSeparations[980] numCuts[0] compileTime[0] sspSolveTime[0] lpSolveTime[3030] lb[723.488] ub[828.07] numArcs: [177129] numFixed: [1883] time: [3031]
num vars: 175507
STATS - lpIterations[54] lagIterations[0] sspIterations[0] numSeparations[1004] numCuts[0] compileTime[0] sspSolveTime[0] lpSolveTime[3113] lb[723.539] ub[828.07] numArcs: [177929] numFixed: [2422] time: [3114]
num vars: 175879
STATS - lpIterations[55] lagIterations[0] sspIterations[0] numSeparations[1026] numCuts[0] compileTime[0] sspSolveTime[0] lpSolveTime[3192] lb[723.589] ub[828.07] numArcs: [178583] numFixed: [2704] time: [3193]
num vars: 175954
STATS - lpIterations[56] lagIterations[0] sspIterations[0] numSeparations[1048] numCuts[0] compileTime[0] sspSolveTime[0] lpSolveTime[3277] lb[723.656] ub[828.07] numArcs: [179249] numFixed: [3295] time: [3278]
num vars: 176598
STATS - lpIterations[57] lagIterations[0] sspIterations[0] numSeparations[1073] numCuts[0] compileTime[0] sspSolveTime[0] lpSolveTime[3362] lb[723.698] ub[828.07] numArcs: [180036] numFixed: [3438] time: [3363]
num vars: 179293
STATS - lpIterations[58] lagIterations[0] sspIterations[0] numSeparations[1094] numCuts[0] compileTime[0] sspSolveTime[0] lpSolveTime[3439] lb[723.739] ub[828.07] numArcs: [180762] numFixed: [1469] time: [3440]
num vars: 179821
STATS - lpIterations[59] lagIterations[0] sspIterations[0] numSeparations[1115] numCuts[0] compileTime[0] sspSolveTime[0] lpSolveTime[3532] lb[723.784] ub[828.07] numArcs: [181479] numFixed: [1658] time: [3534]
num vars: 180396
