relax capacity constraint
hgs upper bound: 1851.4
compiling dd
time step mult: 10
time step: 900
cap step: 10
start compiling DD
add terminal node arcs
done compiling dd
STATS - lpIterations[0] lagIterations[0] sspIterations[0] numSeparations[0] numCuts[0] compileTime[5] sspSolveTime[0] lpSolveTime[0] lb[0] ub[1851.4] size: [5500395] time: [5]
batch size for lag: 50
STATS - lpIterations[1] lagIterations[0] sspIterations[0] numSeparations[0] numCuts[0] compileTime[5] sspSolveTime[0] lpSolveTime[0] lb[0] ub[1851.4] size: [5500395] time: [5]
STATS - lpIterations[1] lagIterations[1] sspIterations[1] numSeparations[0] numCuts[0] compileTime[5] sspSolveTime[0] lpSolveTime[0] lb[538.443] ub[1851.4] size: [5500395] time: [5]
STATS - lpIterations[1] lagIterations[2] sspIterations[2] numSeparations[0] numCuts[0] compileTime[5] sspSolveTime[0] lpSolveTime[0] lb[565.098] ub[1851.4] size: [5500395] time: [6]
STATS - lpIterations[1] lagIterations[3] sspIterations[3] numSeparations[0] numCuts[0] compileTime[5] sspSolveTime[0] lpSolveTime[0] lb[592.799] ub[1851.4] size: [5500395] time: [7]
STATS - lpIterations[1] lagIterations[4] sspIterations[4] numSeparations[0] numCuts[0] compileTime[5] sspSolveTime[0] lpSolveTime[0] lb[621.576] ub[1851.4] size: [5500395] time: [7]
STATS - lpIterations[1] lagIterations[5] sspIterations[5] numSeparations[0] numCuts[0] compileTime[5] sspSolveTime[1] lpSolveTime[0] lb[651.459] ub[1851.4] size: [5500395] time: [8]
STATS - lpIterations[1] lagIterations[6] sspIterations[6] numSeparations[0] numCuts[0] compileTime[5] sspSolveTime[1] lpSolveTime[0] lb[682.481] ub[1851.4] size: [5500395] time: [8]
STATS - lpIterations[1] lagIterations[7] sspIterations[7] numSeparations[0] numCuts[0] compileTime[5] sspSolveTime[1] lpSolveTime[0] lb[714.674] ub[1851.4] size: [5500395] time: [9]
STATS - lpIterations[1] lagIterations[8] sspIterations[8] numSeparations[0] numCuts[0] compileTime[5] sspSolveTime[1] lpSolveTime[0] lb[748.07] ub[1851.4] size: [5500395] time: [9]
STATS - lpIterations[1] lagIterations[9] sspIterations[9] numSeparations[0] numCuts[0] compileTime[5] sspSolveTime[2] lpSolveTime[0] lb[782.038] ub[1851.4] size: [5500435] time: [10]
STATS - lpIterations[1] lagIterations[10] sspIterations[10] numSeparations[0] numCuts[0] compileTime[5] sspSolveTime[2] lpSolveTime[0] lb[793.352] ub[1851.4] size: [5500435] time: [11]
STATS - lpIterations[1] lagIterations[11] sspIterations[11] numSeparations[0] numCuts[0] compileTime[5] sspSolveTime[2] lpSolveTime[0] lb[829.413] ub[1851.4] size: [5500435] time: [11]
STATS - lpIterations[1] lagIterations[12] sspIterations[12] numSeparations[0] numCuts[0] compileTime[5] sspSolveTime[2] lpSolveTime[0] lb[866.774] ub[1851.4] size: [5500435] time: [12]
STATS - lpIterations[1] lagIterations[13] sspIterations[13] numSeparations[0] numCuts[0] compileTime[5] sspSolveTime[3] lpSolveTime[0] lb[905.469] ub[1851.4] size: [5500435] time: [12]
STATS - lpIterations[1] lagIterations[14] sspIterations[14] numSeparations[0] numCuts[0] compileTime[5] sspSolveTime[3] lpSolveTime[0] lb[939.873] ub[1851.4] size: [5500464] time: [13]
STATS - lpIterations[1] lagIterations[15] sspIterations[15] numSeparations[0] numCuts[0] compileTime[5] sspSolveTime[3] lpSolveTime[0] lb[958.292] ub[1851.4] size: [5500464] time: [14]
STATS - lpIterations[1] lagIterations[16] sspIterations[16] numSeparations[0] numCuts[0] compileTime[5] sspSolveTime[3] lpSolveTime[0] lb[999.636] ub[1851.4] size: [5500464] time: [14]
STATS - lpIterations[1] lagIterations[17] sspIterations[17] numSeparations[0] numCuts[0] compileTime[5] sspSolveTime[4] lpSolveTime[0] lb[1042.72] ub[1851.4] size: [5500467] time: [15]
STATS - lpIterations[1] lagIterations[18] sspIterations[18] numSeparations[0] numCuts[0] compileTime[5] sspSolveTime[4] lpSolveTime[0] lb[1084.26] ub[1851.4] size: [5500482] time: [16]
STATS - lpIterations[1] lagIterations[19] sspIterations[19] numSeparations[0] numCuts[0] compileTime[5] sspSolveTime[5] lpSolveTime[0] lb[1102] ub[1851.4] size: [5500522] time: [17]
STATS - lpIterations[1] lagIterations[20] sspIterations[20] numSeparations[0] numCuts[0] compileTime[5] sspSolveTime[5] lpSolveTime[0] lb[1116.5] ub[1851.4] size: [5500555] time: [17]
STATS - lpIterations[1] lagIterations[21] sspIterations[21] numSeparations[0] numCuts[0] compileTime[5] sspSolveTime[6] lpSolveTime[0] lb[1161.83] ub[1851.4] size: [5500593] time: [18]
STATS - lpIterations[1] lagIterations[22] sspIterations[22] numSeparations[0] numCuts[0] compileTime[5] sspSolveTime[6] lpSolveTime[0] lb[1172.7] ub[1851.4] size: [5500622] time: [19]
STATS - lpIterations[1] lagIterations[23] sspIterations[23] numSeparations[0] numCuts[0] compileTime[5] sspSolveTime[7] lpSolveTime[0] lb[1216.25] ub[1851.4] size: [5500659] time: [20]
STATS - lpIterations[1] lagIterations[24] sspIterations[24] numSeparations[0] numCuts[0] compileTime[5] sspSolveTime[7] lpSolveTime[0] lb[1232.65] ub[1851.4] size: [5500659] time: [21]
STATS - lpIterations[1] lagIterations[25] sspIterations[25] numSeparations[0] numCuts[0] compileTime[5] sspSolveTime[8] lpSolveTime[0] lb[1250.92] ub[1851.4] size: [5500697] time: [21]
STATS - lpIterations[1] lagIterations[25] sspIterations[25] numSeparations[0] numCuts[0] compileTime[5] sspSolveTime[8] lpSolveTime[0] lb[1251.01] ub[1851.4] size: [5500697] time: [22]
STATS - lpIterations[1] lagIterations[26] sspIterations[29] numSeparations[0] numCuts[0] compileTime[5] sspSolveTime[9] lpSolveTime[0] lb[1265.25] ub[1851.4] size: [5500776] time: [23]
STATS - lpIterations[1] lagIterations[26] sspIterations[29] numSeparations[0] numCuts[0] compileTime[5] sspSolveTime[9] lpSolveTime[0] lb[1269.81] ub[1851.4] size: [5500776] time: [24]
STATS - lpIterations[1] lagIterations[27] sspIterations[30] numSeparations[0] numCuts[0] compileTime[5] sspSolveTime[10] lpSolveTime[0] lb[1281.66] ub[1851.4] size: [5500799] time: [24]
STATS - lpIterations[1] lagIterations[28] sspIterations[31] numSeparations[0] numCuts[0] compileTime[5] sspSolveTime[10] lpSolveTime[0] lb[1324.88] ub[1851.4] size: [5500820] time: [25]
STATS - lpIterations[1] lagIterations[28] sspIterations[31] numSeparations[0] numCuts[0] compileTime[5] sspSolveTime[10] lpSolveTime[0] lb[1325.09] ub[1851.4] size: [5500820] time: [26]
STATS - lpIterations[1] lagIterations[29] sspIterations[40] numSeparations[0] numCuts[0] compileTime[5] sspSolveTime[13] lpSolveTime[0] lb[1347.48] ub[1851.4] size: [5500979] time: [28]
STATS - lpIterations[1] lagIterations[29] sspIterations[40] numSeparations[0] numCuts[0] compileTime[5] sspSolveTime[13] lpSolveTime[0] lb[1363.09] ub[1851.4] size: [5500979] time: [29]
STATS - lpIterations[1] lagIterations[30] sspIterations[43] numSeparations[0] numCuts[0] compileTime[5] sspSolveTime[14] lpSolveTime[0] lb[1366.1] ub[1851.4] size: [5500981] time: [30]
STATS - lpIterations[1] lagIterations[30] sspIterations[43] numSeparations[0] numCuts[0] compileTime[5] sspSolveTime[14] lpSolveTime[0] lb[1367.79] ub[1851.4] size: [5500981] time: [31]
STATS - lpIterations[1] lagIterations[31] sspIterations[50] numSeparations[0] numCuts[0] compileTime[5] sspSolveTime[16] lpSolveTime[0] lb[1377.2] ub[1851.4] size: [5501130] time: [33]
STATS - lpIterations[1] lagIterations[31] sspIterations[50] numSeparations[0] numCuts[0] compileTime[5] sspSolveTime[16] lpSolveTime[0] lb[1386.01] ub[1851.4] size: [5501130] time: [34]
STATS - lpIterations[1] lagIterations[32] sspIterations[51] numSeparations[0] numCuts[0] compileTime[5] sspSolveTime[16] lpSolveTime[0] lb[1390.3] ub[1851.4] size: [5501157] time: [35]
STATS - lpIterations[1] lagIterations[32] sspIterations[51] numSeparations[0] numCuts[0] compileTime[5] sspSolveTime[16] lpSolveTime[0] lb[1390.73] ub[1851.4] size: [5501157] time: [35]
STATS - lpIterations[1] lagIterations[33] sspIterations[60] numSeparations[0] numCuts[0] compileTime[5] sspSolveTime[19] lpSolveTime[0] lb[1397.06] ub[1851.4] size: [5501250] time: [38]
STATS - lpIterations[1] lagIterations[33] sspIterations[60] numSeparations[0] numCuts[0] compileTime[5] sspSolveTime[19] lpSolveTime[0] lb[1421.36] ub[1851.4] size: [5501250] time: [39]
STATS - lpIterations[1] lagIterations[34] sspIterations[63] numSeparations[0] numCuts[0] compileTime[5] sspSolveTime[20] lpSolveTime[0] lb[1427.19] ub[1851.4] size: [5501251] time: [40]
STATS - lpIterations[1] lagIterations[34] sspIterations[63] numSeparations[0] numCuts[0] compileTime[5] sspSolveTime[20] lpSolveTime[0] lb[1427.83] ub[1851.4] size: [5501251] time: [40]
STATS - lpIterations[1] lagIterations[35] sspIterations[71] numSeparations[0] numCuts[0] compileTime[5] sspSolveTime[24] lpSolveTime[0] lb[1449.73] ub[1851.4] size: [5501333] time: [45]
STATS - lpIterations[1] lagIterations[36] sspIterations[75] numSeparations[13] numCuts[0] compileTime[5] sspSolveTime[25] lpSolveTime[0] lb[1451.23] ub[1851.4] size: [5519252] time: [46]
STATS - lpIterations[1] lagIterations[36] sspIterations[75] numSeparations[13] numCuts[0] compileTime[5] sspSolveTime[25] lpSolveTime[0] lb[1456.25] ub[1851.4] size: [5519252] time: [47]
STATS - lpIterations[1] lagIterations[37] sspIterations[83] numSeparations[13] numCuts[0] compileTime[5] sspSolveTime[28] lpSolveTime[0] lb[1458.55] ub[1851.4] size: [5516046] time: [50]
STATS - lpIterations[1] lagIterations[37] sspIterations[83] numSeparations[13] numCuts[0] compileTime[5] sspSolveTime[28] lpSolveTime[0] lb[1467.27] ub[1851.4] size: [5516046] time: [50]
STATS - lpIterations[1] lagIterations[38] sspIterations[84] numSeparations[13] numCuts[0] compileTime[5] sspSolveTime[28] lpSolveTime[0] lb[1469.39] ub[1851.4] size: [5516046] time: [51]
STATS - lpIterations[1] lagIterations[38] sspIterations[84] numSeparations[13] numCuts[0] compileTime[5] sspSolveTime[28] lpSolveTime[0] lb[1469.4] ub[1851.4] size: [5516046] time: [51]
STATS - lpIterations[1] lagIterations[39] sspIterations[98] numSeparations[13] numCuts[0] compileTime[5] sspSolveTime[32] lpSolveTime[0] lb[1493.58] ub[1851.4] size: [5516237] time: [57]
STATS - lpIterations[1] lagIterations[40] sspIterations[105] numSeparations[13] numCuts[0] compileTime[5] sspSolveTime[35] lpSolveTime[0] lb[1500.56] ub[1851.4] size: [5516276] time: [60]
STATS - lpIterations[1] lagIterations[42] sspIterations[111] numSeparations[13] numCuts[0] compileTime[5] sspSolveTime[37] lpSolveTime[0] lb[1507.78] ub[1851.4] size: [5516299] time: [64]
STATS - lpIterations[1] lagIterations[42] sspIterations[111] numSeparations[13] numCuts[0] compileTime[5] sspSolveTime[37] lpSolveTime[0] lb[1508.18] ub[1851.4] size: [5516299] time: [64]
STATS - lpIterations[1] lagIterations[43] sspIterations[126] numSeparations[13] numCuts[0] compileTime[5] sspSolveTime[43] lpSolveTime[0] lb[1530.31] ub[1851.4] size: [5516445] time: [70]
STATS - lpIterations[1] lagIterations[44] sspIterations[134] numSeparations[37] numCuts[0] compileTime[5] sspSolveTime[45] lpSolveTime[0] lb[1534.91] ub[1851.4] size: [5538908] time: [74]
STATS - lpIterations[1] lagIterations[46] sspIterations[150] numSeparations[37] numCuts[0] compileTime[5] sspSolveTime[52] lpSolveTime[0] lb[1561.14] ub[1851.4] size: [5534167] time: [82]
STATS - lpIterations[1] lagIterations[47] sspIterations[156] numSeparations[37] numCuts[0] compileTime[5] sspSolveTime[55] lpSolveTime[0] lb[1562.28] ub[1851.4] size: [5533632] time: [86]
STATS - lpIterations[1] lagIterations[47] sspIterations[156] numSeparations[37] numCuts[0] compileTime[5] sspSolveTime[55] lpSolveTime[0] lb[1564.63] ub[1851.4] size: [5533632] time: [87]
STATS - lpIterations[1] lagIterations[48] sspIterations[159] numSeparations[37] numCuts[0] compileTime[5] sspSolveTime[57] lpSolveTime[0] lb[1565.33] ub[1851.4] size: [5533526] time: [88]
STATS - lpIterations[1] lagIterations[48] sspIterations[159] numSeparations[37] numCuts[0] compileTime[5] sspSolveTime[57] lpSolveTime[0] lb[1565.67] ub[1851.4] size: [5533526] time: [89]
STATS - lpIterations[1] lagIterations[49] sspIterations[167] numSeparations[37] numCuts[0] compileTime[5] sspSolveTime[59] lpSolveTime[0] lb[1567.01] ub[1851.4] size: [5533412] time: [91]
STATS - lpIterations[1] lagIterations[49] sspIterations[167] numSeparations[37] numCuts[0] compileTime[5] sspSolveTime[59] lpSolveTime[0] lb[1582.28] ub[1851.4] size: [5533412] time: [92]
STATS - lpIterations[1] lagIterations[50] sspIterations[169] numSeparations[37] numCuts[0] compileTime[5] sspSolveTime[60] lpSolveTime[0] lb[1588.46] ub[1851.4] size: [5532224] time: [93]
STATS - lpIterations[1] lagIterations[50] sspIterations[169] numSeparations[37] numCuts[0] compileTime[5] sspSolveTime[60] lpSolveTime[0] lb[1588.61] ub[1851.4] size: [5532224] time: [93]
STATS - lpIterations[1] lagIterations[51] sspIterations[183] numSeparations[37] numCuts[0] compileTime[5] sspSolveTime[65] lpSolveTime[0] lb[1606.31] ub[1851.4] size: [5531603] time: [100]
STATS - lpIterations[1] lagIterations[52] sspIterations[191] numSeparations[68] numCuts[0] compileTime[5] sspSolveTime[69] lpSolveTime[0] lb[1606.55] ub[1851.4] size: [5556840] time: [104]
STATS - lpIterations[1] lagIterations[52] sspIterations[191] numSeparations[68] numCuts[0] compileTime[5] sspSolveTime[69] lpSolveTime[0] lb[1610.56] ub[1851.4] size: [5556840] time: [105]
STATS - lpIterations[1] lagIterations[54] sspIterations[203] numSeparations[68] numCuts[0] compileTime[5] sspSolveTime[74] lpSolveTime[0] lb[1612.98] ub[1851.4] size: [5543380] time: [111]
STATS - lpIterations[1] lagIterations[55] sspIterations[205] numSeparations[68] numCuts[0] compileTime[5] sspSolveTime[75] lpSolveTime[0] lb[1613.76] ub[1851.4] size: [5542323] time: [113]
STATS - lpIterations[1] lagIterations[56] sspIterations[220] numSeparations[68] numCuts[0] compileTime[5] sspSolveTime[80] lpSolveTime[0] lb[1636.62] ub[1851.4] size: [5542171] time: [119]
STATS - lpIterations[1] lagIterations[57] sspIterations[228] numSeparations[68] numCuts[0] compileTime[5] sspSolveTime[83] lpSolveTime[0] lb[1638.06] ub[1851.4] size: [5522525] time: [123]
STATS - lpIterations[1] lagIterations[60] sspIterations[245] numSeparations[101] numCuts[0] compileTime[5] sspSolveTime[90] lpSolveTime[0] lb[1644.21] ub[1851.4] size: [5582518] time: [133]
STATS - lpIterations[1] lagIterations[61] sspIterations[249] numSeparations[101] numCuts[0] compileTime[5] sspSolveTime[91] lpSolveTime[0] lb[1646.13] ub[1851.4] size: [5531452] time: [135]
STATS - lpIterations[1] lagIterations[61] sspIterations[249] numSeparations[101] numCuts[0] compileTime[5] sspSolveTime[91] lpSolveTime[0] lb[1647.24] ub[1851.4] size: [5531452] time: [135]
STATS - lpIterations[1] lagIterations[62] sspIterations[256] numSeparations[101] numCuts[0] compileTime[5] sspSolveTime[95] lpSolveTime[0] lb[1656.15] ub[1851.4] size: [5523184] time: [140]
STATS - lpIterations[1] lagIterations[63] sspIterations[260] numSeparations[101] numCuts[0] compileTime[5] sspSolveTime[97] lpSolveTime[0] lb[1659.55] ub[1851.4] size: [5492350] time: [143]
STATS - lpIterations[1] lagIterations[63] sspIterations[260] numSeparations[101] numCuts[0] compileTime[5] sspSolveTime[97] lpSolveTime[0] lb[1659.78] ub[1851.4] size: [5492350] time: [143]
STATS - lpIterations[1] lagIterations[64] sspIterations[275] numSeparations[101] numCuts[0] compileTime[5] sspSolveTime[103] lpSolveTime[0] lb[1671.69] ub[1851.4] size: [5477788] time: [150]
STATS - lpIterations[1] lagIterations[65] sspIterations[281] numSeparations[101] numCuts[0] compileTime[5] sspSolveTime[105] lpSolveTime[0] lb[1672.8] ub[1851.4] size: [5411580] time: [154]
STATS - lpIterations[1] lagIterations[68] sspIterations[301] numSeparations[138] numCuts[0] compileTime[5] sspSolveTime[111] lpSolveTime[0] lb[1672.95] ub[1851.4] size: [5433425] time: [163]
STATS - lpIterations[1] lagIterations[69] sspIterations[304] numSeparations[138] numCuts[0] compileTime[5] sspSolveTime[113] lpSolveTime[0] lb[1680.42] ub[1851.4] size: [5410838] time: [165]
STATS - lpIterations[1] lagIterations[69] sspIterations[304] numSeparations[138] numCuts[0] compileTime[5] sspSolveTime[113] lpSolveTime[0] lb[1680.69] ub[1851.4] size: [5410838] time: [166]
STATS - lpIterations[1] lagIterations[70] sspIterations[319] numSeparations[138] numCuts[0] compileTime[5] sspSolveTime[117] lpSolveTime[0] lb[1694.29] ub[1851.4] size: [5346346] time: [171]
STATS - lpIterations[1] lagIterations[71] sspIterations[327] numSeparations[138] numCuts[0] compileTime[5] sspSolveTime[119] lpSolveTime[0] lb[1697.22] ub[1851.4] size: [5167395] time: [174]
STATS - lpIterations[1] lagIterations[75] sspIterations[360] numSeparations[175] numCuts[0] compileTime[5] sspSolveTime[131] lpSolveTime[0] lb[1699.55] ub[1851.4] size: [5631076] time: [190]
STATS - lpIterations[1] lagIterations[77] sspIterations[377] numSeparations[175] numCuts[0] compileTime[5] sspSolveTime[137] lpSolveTime[0] lb[1701.73] ub[1851.4] size: [5087423] time: [197]
STATS - lpIterations[1] lagIterations[77] sspIterations[377] numSeparations[175] numCuts[0] compileTime[5] sspSolveTime[137] lpSolveTime[0] lb[1701.8] ub[1851.4] size: [5087423] time: [197]
STATS - lpIterations[1] lagIterations[78] sspIterations[393] numSeparations[175] numCuts[0] compileTime[5] sspSolveTime[146] lpSolveTime[0] lb[1714.45] ub[1851.4] size: [5048008] time: [208]
STATS - lpIterations[1] lagIterations[79] sspIterations[403] numSeparations[175] numCuts[0] compileTime[5] sspSolveTime[149] lpSolveTime[0] lb[1715.19] ub[1851.4] size: [4765547] time: [213]
STATS - lpIterations[1] lagIterations[81] sspIterations[424] numSeparations[216] numCuts[0] compileTime[5] sspSolveTime[157] lpSolveTime[0] lb[1717.23] ub[1851.4] size: [5648955] time: [223]
STATS - lpIterations[1] lagIterations[82] sspIterations[431] numSeparations[216] numCuts[0] compileTime[5] sspSolveTime[159] lpSolveTime[0] lb[1717.91] ub[1851.4] size: [4700720] time: [225]
STATS - lpIterations[1] lagIterations[82] sspIterations[431] numSeparations[216] numCuts[0] compileTime[5] sspSolveTime[159] lpSolveTime[0] lb[1720.23] ub[1851.4] size: [4700720] time: [226]
STATS - lpIterations[1] lagIterations[87] sspIterations[471] numSeparations[216] numCuts[0] compileTime[5] sspSolveTime[173] lpSolveTime[0] lb[1728.5] ub[1851.4] size: [4609962] time: [246]
STATS - lpIterations[1] lagIterations[88] sspIterations[476] numSeparations[260] numCuts[0] compileTime[5] sspSolveTime[174] lpSolveTime[0] lb[1729.24] ub[1851.4] size: [5674955] time: [248]
STATS - lpIterations[1] lagIterations[88] sspIterations[476] numSeparations[260] numCuts[0] compileTime[5] sspSolveTime[174] lpSolveTime[0] lb[1731.86] ub[1851.4] size: [5674955] time: [248]
STATS - lpIterations[1] lagIterations[92] sspIterations[516] numSeparations[260] numCuts[0] compileTime[5] sspSolveTime[190] lpSolveTime[0] lb[1732.22] ub[1851.4] size: [4243471] time: [270]
STATS - lpIterations[1] lagIterations[93] sspIterations[526] numSeparations[260] numCuts[0] compileTime[5] sspSolveTime[195] lpSolveTime[0] lb[1732.25] ub[1851.4] size: [4217354] time: [276]
STATS - lpIterations[1] lagIterations[94] sspIterations[532] numSeparations[303] numCuts[0] compileTime[5] sspSolveTime[196] lpSolveTime[0] lb[1734.66] ub[1851.4] size: [5695862] time: [278]
STATS - lpIterations[1] lagIterations[94] sspIterations[532] numSeparations[303] numCuts[0] compileTime[5] sspSolveTime[196] lpSolveTime[0] lb[1734.96] ub[1851.4] size: [5695862] time: [278]
STATS - lpIterations[1] lagIterations[98] sspIterations[555] numSeparations[303] numCuts[0] compileTime[5] sspSolveTime[205] lpSolveTime[0] lb[1737.51] ub[1851.4] size: [4147159] time: [291]
STATS - lpIterations[1] lagIterations[99] sspIterations[568] numSeparations[303] numCuts[0] compileTime[5] sspSolveTime[208] lpSolveTime[0] lb[1741.88] ub[1851.4] size: [4033963] time: [296]
STATS - lpIterations[1] lagIterations[100] sspIterations[570] numSeparations[303] numCuts[0] compileTime[5] sspSolveTime[208] lpSolveTime[0] lb[1744.06] ub[1851.4] size: [3869409] time: [297]
STATS - lpIterations[1] lagIterations[100] sspIterations[570] numSeparations[303] numCuts[0] compileTime[5] sspSolveTime[208] lpSolveTime[0] lb[1744.14] ub[1851.4] size: [3869409] time: [297]
STATS - lpIterations[1] lagIterations[101] sspIterations[587] numSeparations[303] numCuts[0] compileTime[5] sspSolveTime[215] lpSolveTime[0] lb[1748.12] ub[1851.4] size: [3782672] time: [305]
STATS - lpIterations[1] lagIterations[102] sspIterations[599] numSeparations[347] numCuts[0] compileTime[5] sspSolveTime[219] lpSolveTime[0] lb[1751.45] ub[1851.4] size: [5715925] time: [311]
STATS - lpIterations[1] lagIterations[107] sspIterations[656] numSeparations[347] numCuts[0] compileTime[5] sspSolveTime[242] lpSolveTime[0] lb[1753.92] ub[1851.4] size: [3494311] time: [342]
STATS - lpIterations[1] lagIterations[108] sspIterations[666] numSeparations[398] numCuts[0] compileTime[5] sspSolveTime[247] lpSolveTime[0] lb[1756.26] ub[1851.4] size: [5742202] time: [349]
STATS - lpIterations[1] lagIterations[113] sspIterations[718] numSeparations[439] numCuts[0] compileTime[5] sspSolveTime[264] lpSolveTime[0] lb[1756.37] ub[1851.4] size: [5762191] time: [374]
STATS - lpIterations[1] lagIterations[117] sspIterations[754] numSeparations[439] numCuts[0] compileTime[5] sspSolveTime[276] lpSolveTime[0] lb[1756.93] ub[1851.4] size: [3269491] time: [392]
STATS - lpIterations[1] lagIterations[118] sspIterations[762] numSeparations[439] numCuts[0] compileTime[5] sspSolveTime[279] lpSolveTime[0] lb[1758.75] ub[1851.4] size: [3238762] time: [396]
STATS - lpIterations[1] lagIterations[122] sspIterations[797] numSeparations[479] numCuts[0] compileTime[5] sspSolveTime[291] lpSolveTime[0] lb[1766.49] ub[1851.4] size: [3297551] time: [414]
STATS - lpIterations[1] lagIterations[125] sspIterations[833] numSeparations[479] numCuts[0] compileTime[5] sspSolveTime[300] lpSolveTime[0] lb[1766.97] ub[1851.4] size: [2807186] time: [428]
STATS - lpIterations[1] lagIterations[126] sspIterations[843] numSeparations[526] numCuts[0] compileTime[5] sspSolveTime[304] lpSolveTime[0] lb[1768.07] ub[1851.4] size: [5802687] time: [434]
STATS - lpIterations[1] lagIterations[138] sspIterations[954] numSeparations[578] numCuts[0] compileTime[5] sspSolveTime[341] lpSolveTime[0] lb[1769.79] ub[1851.4] size: [2780793] time: [489]
STATS - lpIterations[1] lagIterations[139] sspIterations[962] numSeparations[619] numCuts[0] compileTime[5] sspSolveTime[343] lpSolveTime[0] lb[1771.99] ub[1851.4] size: [5842332] time: [493]
STATS - lpIterations[1] lagIterations[146] sspIterations[1021] numSeparations[663] numCuts[0] compileTime[5] sspSolveTime[365] lpSolveTime[0] lb[1772.22] ub[1851.4] size: [5862339] time: [525]
STATS - lpIterations[1] lagIterations[146] sspIterations[1021] numSeparations[663] numCuts[0] compileTime[5] sspSolveTime[365] lpSolveTime[0] lb[1773.72] ub[1851.4] size: [5862339] time: [526]
STATS - lpIterations[1] lagIterations[149] sspIterations[1052] numSeparations[663] numCuts[0] compileTime[5] sspSolveTime[374] lpSolveTime[0] lb[1777.91] ub[1851.4] size: [2432938] time: [540]
STATS - lpIterations[1] lagIterations[150] sspIterations[1061] numSeparations[663] numCuts[0] compileTime[5] sspSolveTime[377] lpSolveTime[0] lb[1779.52] ub[1851.4] size: [2248595] time: [544]
STATS - lpIterations[1] lagIterations[157] sspIterations[1127] numSeparations[699] numCuts[0] compileTime[5] sspSolveTime[399] lpSolveTime[0] lb[1780.7] ub[1851.4] size: [2402196] time: [579]
STATS - lpIterations[1] lagIterations[158] sspIterations[1137] numSeparations[745] numCuts[0] compileTime[5] sspSolveTime[404] lpSolveTime[0] lb[1781.27] ub[1851.4] size: [5890657] time: [586]
STATS - lpIterations[1] lagIterations[160] sspIterations[1159] numSeparations[745] numCuts[0] compileTime[5] sspSolveTime[411] lpSolveTime[0] lb[1783.66] ub[1851.4] size: [2111694] time: [597]
STATS - lpIterations[1] lagIterations[161] sspIterations[1171] numSeparations[745] numCuts[0] compileTime[5] sspSolveTime[414] lpSolveTime[0] lb[1784.48] ub[1851.4] size: [1981457] time: [601]
STATS - lpIterations[1] lagIterations[166] sspIterations[1223] numSeparations[789] numCuts[0] compileTime[5] sspSolveTime[430] lpSolveTime[0] lb[1785.61] ub[1851.4] size: [2142321] time: [627]
STATS - lpIterations[1] lagIterations[177] sspIterations[1329] numSeparations[831] numCuts[0] compileTime[5] sspSolveTime[463] lpSolveTime[0] lb[1787.26] ub[1851.4] size: [2075258] time: [677]
STATS - lpIterations[1] lagIterations[178] sspIterations[1337] numSeparations[878] numCuts[0] compileTime[5] sspSolveTime[467] lpSolveTime[0] lb[1788.82] ub[1851.4] size: [5943917] time: [683]
STATS - lpIterations[1] lagIterations[190] sspIterations[1439] numSeparations[920] numCuts[0] compileTime[5] sspSolveTime[495] lpSolveTime[0] lb[1789.67] ub[1851.4] size: [1934193] time: [731]
STATS - lpIterations[1] lagIterations[191] sspIterations[1450] numSeparations[920] numCuts[0] compileTime[5] sspSolveTime[498] lpSolveTime[0] lb[1790.27] ub[1851.4] size: [1694920] time: [735]
STATS - lpIterations[1] lagIterations[203] sspIterations[1547] numSeparations[1006] numCuts[0] compileTime[5] sspSolveTime[529] lpSolveTime[0] lb[1791.15] ub[1851.4] size: [1686704] time: [788]
STATS - lpIterations[1] lagIterations[217] sspIterations[1651] numSeparations[1104] numCuts[0] compileTime[5] sspSolveTime[560] lpSolveTime[0] lb[1792.19] ub[1851.4] size: [6027517] time: [841]
STATS - lpIterations[1] lagIterations[221] sspIterations[1686] numSeparations[1104] numCuts[0] compileTime[5] sspSolveTime[569] lpSolveTime[0] lb[1795.02] ub[1851.4] size: [1591936] time: [857]
STATS - lpIterations[1] lagIterations[222] sspIterations[1696] numSeparations[1104] numCuts[0] compileTime[5] sspSolveTime[571] lpSolveTime[0] lb[1795.19] ub[1851.4] size: [1459324] time: [860]
STATS - lpIterations[1] lagIterations[235] sspIterations[1813] numSeparations[1199] numCuts[0] compileTime[5] sspSolveTime[606] lpSolveTime[0] lb[1796.1] ub[1851.4] size: [1479072] time: [918]
STATS - lpIterations[1] lagIterations[247] sspIterations[1918] numSeparations[1297] numCuts[0] compileTime[5] sspSolveTime[638] lpSolveTime[0] lb[1796.48] ub[1851.4] size: [1712620] time: [972]
STATS - lpIterations[1] lagIterations[248] sspIterations[1929] numSeparations[1297] numCuts[0] compileTime[5] sspSolveTime[642] lpSolveTime[0] lb[1798.17] ub[1851.4] size: [1405880] time: [977]
STATS - lpIterations[1] lagIterations[278] sspIterations[2181] numSeparations[1477] numCuts[0] compileTime[5] sspSolveTime[715] lpSolveTime[0] lb[1798.49] ub[1851.4] size: [1364272] time: [1101]
STATS - lpIterations[1] lagIterations[282] sspIterations[2216] numSeparations[1516] numCuts[0] compileTime[5] sspSolveTime[728] lpSolveTime[0] lb[1799.35] ub[1851.4] size: [6175680] time: [1121]
STATS - lpIterations[1] lagIterations[283] sspIterations[2224] numSeparations[1516] numCuts[0] compileTime[5] sspSolveTime[730] lpSolveTime[0] lb[1799.6] ub[1851.4] size: [1294487] time: [1126]
STATS - lpIterations[1] lagIterations[297] sspIterations[2329] numSeparations[1569] numCuts[0] compileTime[5] sspSolveTime[759] lpSolveTime[0] lb[1800.26] ub[1851.4] size: [1278217] time: [1177]
STATS - lpIterations[1] lagIterations[311] sspIterations[2427] numSeparations[1658] numCuts[0] compileTime[5] sspSolveTime[786] lpSolveTime[0] lb[1800.42] ub[1851.4] size: [1298665] time: [1228]
STATS - lpIterations[1] lagIterations[314] sspIterations[2454] numSeparations[1658] numCuts[0] compileTime[5] sspSolveTime[792] lpSolveTime[0] lb[1802.46] ub[1851.4] size: [1250901] time: [1238]
STATS - lpIterations[1] lagIterations[315] sspIterations[2462] numSeparations[1696] numCuts[0] compileTime[5] sspSolveTime[796] lpSolveTime[0] lb[1802.8] ub[1851.4] size: [6242663] time: [1244]
STATS - lpIterations[1] lagIterations[331] sspIterations[2586] numSeparations[1742] numCuts[0] compileTime[5] sspSolveTime[828] lpSolveTime[0] lb[1803.5] ub[1851.4] size: [1227401] time: [1303]
STATS - lpIterations[1] lagIterations[332] sspIterations[2594] numSeparations[1781] numCuts[0] compileTime[5] sspSolveTime[832] lpSolveTime[0] lb[1804.12] ub[1851.4] size: [6282098] time: [1309]
STATS - lpIterations[1] lagIterations[348] sspIterations[2712] numSeparations[1827] numCuts[0] compileTime[5] sspSolveTime[860] lpSolveTime[0] lb[1805.05] ub[1851.4] size: [1255350] time: [1364]
STATS - lpIterations[1] lagIterations[362] sspIterations[2814] numSeparations[1916] numCuts[0] compileTime[5] sspSolveTime[887] lpSolveTime[0] lb[1805.21] ub[1851.4] size: [1296639] time: [1416]
STATS - lpIterations[1] lagIterations[367] sspIterations[2856] numSeparations[1916] numCuts[0] compileTime[5] sspSolveTime[897] lpSolveTime[0] lb[1805.44] ub[1851.4] size: [1067319] time: [1433]
STATS - lpIterations[1] lagIterations[380] sspIterations[2955] numSeparations[2014] numCuts[0] compileTime[5] sspSolveTime[923] lpSolveTime[0] lb[1806.11] ub[1851.4] size: [1082817] time: [1483]
STATS - lpIterations[1] lagIterations[384] sspIterations[2988] numSeparations[2014] numCuts[0] compileTime[5] sspSolveTime[931] lpSolveTime[0] lb[1806.16] ub[1851.4] size: [1031362] time: [1498]
STATS - lpIterations[1] lagIterations[385] sspIterations[2998] numSeparations[2063] numCuts[0] compileTime[5] sspSolveTime[936] lpSolveTime[0] lb[1806.65] ub[1851.4] size: [6396845] time: [1505]
STATS - lpIterations[1] lagIterations[410] sspIterations[3181] numSeparations[2153] numCuts[0] compileTime[5] sspSolveTime[979] lpSolveTime[0] lb[1807.5] ub[1851.4] size: [1073647] time: [1591]
STATS - lpIterations[1] lagIterations[417] sspIterations[3235] numSeparations[2197] numCuts[0] compileTime[5] sspSolveTime[991] lpSolveTime[0] lb[1808.86] ub[1851.4] size: [1074108] time: [1616]
STATS - lpIterations[1] lagIterations[418] sspIterations[3246] numSeparations[2197] numCuts[0] compileTime[5] sspSolveTime[994] lpSolveTime[0] lb[1808.96] ub[1851.4] size: [944533] time: [1621]
STATS - lpIterations[1] lagIterations[445] sspIterations[3477] numSeparations[2340] numCuts[0] compileTime[5] sspSolveTime[1053] lpSolveTime[0] lb[1809.28] ub[1851.4] size: [957216] time: [1730]
STATS - lpIterations[1] lagIterations[465] sspIterations[3636] numSeparations[2476] numCuts[0] compileTime[5] sspSolveTime[1097] lpSolveTime[0] lb[1809.79] ub[1851.4] size: [6561038] time: [1812]
STATS - lpIterations[1] lagIterations[495] sspIterations[3855] numSeparations[2612] numCuts[0] compileTime[5] sspSolveTime[1151] lpSolveTime[0] lb[1809.8] ub[1851.4] size: [6610559] time: [1918]
STATS - lpIterations[1] lagIterations[503] sspIterations[3910] numSeparations[2612] numCuts[0] compileTime[5] sspSolveTime[1163] lpSolveTime[0] lb[1809.95] ub[1851.4] size: [932580] time: [1943]
STATS - lpIterations[1] lagIterations[503] sspIterations[3910] numSeparations[2612] numCuts[0] compileTime[5] sspSolveTime[1163] lpSolveTime[0] lb[1810.18] ub[1851.4] size: [932580] time: [1944]
STATS - lpIterations[1] lagIterations[515] sspIterations[4005] numSeparations[2706] numCuts[0] compileTime[5] sspSolveTime[1186] lpSolveTime[0] lb[1811.57] ub[1851.4] size: [1197119] time: [1991]
STATS - lpIterations[1] lagIterations[538] sspIterations[4180] numSeparations[2794] numCuts[0] compileTime[5] sspSolveTime[1228] lpSolveTime[0] lb[1811.69] ub[1851.4] size: [888639] time: [2074]
STATS - lpIterations[2] lagIterations[542] sspIterations[4202] numSeparations[2794] numCuts[0] compileTime[5] sspSolveTime[1233] lpSolveTime[0] lb[1811.69] ub[1851.4] size: [879994] time: [2086]
STATS - lpIterations[3] lagIterations[644] sspIterations[5491] numSeparations[3777] numCuts[0] compileTime[5] sspSolveTime[1763] lpSolveTime[0] lb[1811.69] ub[1851.4] size: [1111377] time: [2838]
STATS - lpIterations[3] lagIterations[728] sspIterations[6543] numSeparations[4578] numCuts[0] compileTime[5] sspSolveTime[2251] lpSolveTime[0] lb[1812.04] ub[1851.4] size: [7388657] time: [3517]
