relax capacity constraint
hgs upper bound: 1844.8
compiling dd
time step mult: 10
time step: 900
cap step: 10
start compiling DD
add terminal node arcs
done compiling dd
STATS - lpIterations[0] lagIterations[0] sspIterations[0] numSeparations[0] numCuts[0] compileTime[2] sspSolveTime[0] lpSolveTime[0] lb[0] ub[1844.8] size: [2748251] time: [2]
batch size for lag: 50
STATS - lpIterations[1] lagIterations[0] sspIterations[0] numSeparations[0] numCuts[0] compileTime[2] sspSolveTime[0] lpSolveTime[0] lb[0] ub[1844.8] size: [2748251] time: [2]
STATS - lpIterations[1] lagIterations[1] sspIterations[1] numSeparations[0] numCuts[0] compileTime[2] sspSolveTime[0] lpSolveTime[0] lb[538.443] ub[1844.8] size: [2748251] time: [2]
STATS - lpIterations[1] lagIterations[2] sspIterations[2] numSeparations[0] numCuts[0] compileTime[2] sspSolveTime[0] lpSolveTime[0] lb[565.098] ub[1844.8] size: [2748251] time: [2]
STATS - lpIterations[1] lagIterations[3] sspIterations[3] numSeparations[0] numCuts[0] compileTime[2] sspSolveTime[0] lpSolveTime[0] lb[592.799] ub[1844.8] size: [2748251] time: [2]
STATS - lpIterations[1] lagIterations[4] sspIterations[4] numSeparations[0] numCuts[0] compileTime[2] sspSolveTime[0] lpSolveTime[0] lb[621.576] ub[1844.8] size: [2748251] time: [3]
STATS - lpIterations[1] lagIterations[5] sspIterations[5] numSeparations[0] numCuts[0] compileTime[2] sspSolveTime[0] lpSolveTime[0] lb[651.459] ub[1844.8] size: [2748251] time: [3]
STATS - lpIterations[1] lagIterations[6] sspIterations[6] numSeparations[0] numCuts[0] compileTime[2] sspSolveTime[0] lpSolveTime[0] lb[682.481] ub[1844.8] size: [2748251] time: [3]
STATS - lpIterations[1] lagIterations[7] sspIterations[7] numSeparations[0] numCuts[0] compileTime[2] sspSolveTime[0] lpSolveTime[0] lb[714.674] ub[1844.8] size: [2748251] time: [4]
STATS - lpIterations[1] lagIterations[8] sspIterations[8] numSeparations[0] numCuts[0] compileTime[2] sspSolveTime[0] lpSolveTime[0] lb[748.07] ub[1844.8] size: [2748251] time: [4]
STATS - lpIterations[1] lagIterations[9] sspIterations[9] numSeparations[0] numCuts[0] compileTime[2] sspSolveTime[0] lpSolveTime[0] lb[782.703] ub[1844.8] size: [2748251] time: [4]
STATS - lpIterations[1] lagIterations[10] sspIterations[10] numSeparations[0] numCuts[0] compileTime[2] sspSolveTime[1] lpSolveTime[0] lb[818.607] ub[1844.8] size: [2748251] time: [4]
STATS - lpIterations[1] lagIterations[11] sspIterations[11] numSeparations[0] numCuts[0] compileTime[2] sspSolveTime[1] lpSolveTime[0] lb[855.816] ub[1844.8] size: [2748251] time: [5]
STATS - lpIterations[1] lagIterations[12] sspIterations[12] numSeparations[0] numCuts[0] compileTime[2] sspSolveTime[1] lpSolveTime[0] lb[894.366] ub[1844.8] size: [2748251] time: [5]
STATS - lpIterations[1] lagIterations[13] sspIterations[13] numSeparations[0] numCuts[0] compileTime[2] sspSolveTime[1] lpSolveTime[0] lb[934.293] ub[1844.8] size: [2748251] time: [5]
STATS - lpIterations[1] lagIterations[14] sspIterations[14] numSeparations[0] numCuts[0] compileTime[2] sspSolveTime[1] lpSolveTime[0] lb[975.468] ub[1844.8] size: [2748254] time: [6]
STATS - lpIterations[1] lagIterations[15] sspIterations[15] numSeparations[0] numCuts[0] compileTime[2] sspSolveTime[1] lpSolveTime[0] lb[1018.06] ub[1844.8] size: [2748254] time: [6]
STATS - lpIterations[1] lagIterations[16] sspIterations[16] numSeparations[0] numCuts[0] compileTime[2] sspSolveTime[1] lpSolveTime[0] lb[1055.78] ub[1844.8] size: [2748254] time: [6]
STATS - lpIterations[1] lagIterations[17] sspIterations[17] numSeparations[0] numCuts[0] compileTime[2] sspSolveTime[2] lpSolveTime[0] lb[1099.02] ub[1844.8] size: [2748290] time: [6]
STATS - lpIterations[1] lagIterations[18] sspIterations[18] numSeparations[0] numCuts[0] compileTime[2] sspSolveTime[2] lpSolveTime[0] lb[1140.79] ub[1844.8] size: [2748295] time: [7]
STATS - lpIterations[1] lagIterations[19] sspIterations[19] numSeparations[0] numCuts[0] compileTime[2] sspSolveTime[2] lpSolveTime[0] lb[1184.26] ub[1844.8] size: [2748308] time: [7]
STATS - lpIterations[1] lagIterations[20] sspIterations[20] numSeparations[0] numCuts[0] compileTime[2] sspSolveTime[2] lpSolveTime[0] lb[1228.46] ub[1844.8] size: [2748335] time: [8]
STATS - lpIterations[1] lagIterations[21] sspIterations[21] numSeparations[0] numCuts[0] compileTime[2] sspSolveTime[3] lpSolveTime[0] lb[1270.16] ub[1844.8] size: [2748335] time: [8]
STATS - lpIterations[1] lagIterations[22] sspIterations[22] numSeparations[0] numCuts[0] compileTime[2] sspSolveTime[3] lpSolveTime[0] lb[1317.83] ub[1844.8] size: [2748374] time: [8]
STATS - lpIterations[1] lagIterations[23] sspIterations[27] numSeparations[0] numCuts[0] compileTime[2] sspSolveTime[4] lpSolveTime[0] lb[1350.2] ub[1844.8] size: [2748486] time: [9]
STATS - lpIterations[1] lagIterations[23] sspIterations[27] numSeparations[0] numCuts[0] compileTime[2] sspSolveTime[4] lpSolveTime[0] lb[1358.72] ub[1844.8] size: [2748486] time: [10]
STATS - lpIterations[1] lagIterations[24] sspIterations[29] numSeparations[0] numCuts[0] compileTime[2] sspSolveTime[4] lpSolveTime[0] lb[1367.39] ub[1844.8] size: [2748533] time: [10]
STATS - lpIterations[1] lagIterations[24] sspIterations[29] numSeparations[0] numCuts[0] compileTime[2] sspSolveTime[4] lpSolveTime[0] lb[1367.97] ub[1844.8] size: [2748533] time: [10]
STATS - lpIterations[1] lagIterations[25] sspIterations[38] numSeparations[0] numCuts[0] compileTime[2] sspSolveTime[5] lpSolveTime[0] lb[1372.42] ub[1844.8] size: [2748721] time: [12]
STATS - lpIterations[1] lagIterations[25] sspIterations[38] numSeparations[0] numCuts[0] compileTime[2] sspSolveTime[5] lpSolveTime[0] lb[1392.36] ub[1844.8] size: [2748721] time: [12]
STATS - lpIterations[1] lagIterations[26] sspIterations[41] numSeparations[0] numCuts[0] compileTime[2] sspSolveTime[6] lpSolveTime[0] lb[1399.71] ub[1844.8] size: [2748745] time: [13]
STATS - lpIterations[1] lagIterations[26] sspIterations[41] numSeparations[0] numCuts[0] compileTime[2] sspSolveTime[6] lpSolveTime[0] lb[1400.45] ub[1844.8] size: [2748745] time: [13]
STATS - lpIterations[1] lagIterations[27] sspIterations[48] numSeparations[0] numCuts[0] compileTime[2] sspSolveTime[7] lpSolveTime[0] lb[1400.79] ub[1844.8] size: [2748871] time: [14]
STATS - lpIterations[1] lagIterations[27] sspIterations[48] numSeparations[0] numCuts[0] compileTime[2] sspSolveTime[7] lpSolveTime[0] lb[1422.15] ub[1844.8] size: [2748871] time: [14]
STATS - lpIterations[1] lagIterations[28] sspIterations[52] numSeparations[0] numCuts[0] compileTime[2] sspSolveTime[8] lpSolveTime[0] lb[1425.82] ub[1844.8] size: [2748927] time: [15]
STATS - lpIterations[1] lagIterations[28] sspIterations[52] numSeparations[0] numCuts[0] compileTime[2] sspSolveTime[8] lpSolveTime[0] lb[1429.22] ub[1844.8] size: [2748927] time: [16]
STATS - lpIterations[1] lagIterations[29] sspIterations[58] numSeparations[0] numCuts[0] compileTime[2] sspSolveTime[9] lpSolveTime[0] lb[1430.59] ub[1844.8] size: [2748960] time: [17]
STATS - lpIterations[1] lagIterations[29] sspIterations[58] numSeparations[0] numCuts[0] compileTime[2] sspSolveTime[9] lpSolveTime[0] lb[1439.81] ub[1844.8] size: [2748960] time: [17]
STATS - lpIterations[1] lagIterations[30] sspIterations[59] numSeparations[0] numCuts[0] compileTime[2] sspSolveTime[9] lpSolveTime[0] lb[1446.32] ub[1844.8] size: [2748960] time: [17]
STATS - lpIterations[1] lagIterations[30] sspIterations[59] numSeparations[0] numCuts[0] compileTime[2] sspSolveTime[9] lpSolveTime[0] lb[1446.34] ub[1844.8] size: [2748960] time: [17]
STATS - lpIterations[1] lagIterations[31] sspIterations[70] numSeparations[0] numCuts[0] compileTime[2] sspSolveTime[11] lpSolveTime[0] lb[1470.12] ub[1844.8] size: [2749147] time: [20]
STATS - lpIterations[1] lagIterations[32] sspIterations[76] numSeparations[15] numCuts[0] compileTime[2] sspSolveTime[12] lpSolveTime[0] lb[1474.75] ub[1844.8] size: [2768752] time: [21]
STATS - lpIterations[1] lagIterations[32] sspIterations[76] numSeparations[15] numCuts[0] compileTime[2] sspSolveTime[12] lpSolveTime[0] lb[1477.34] ub[1844.8] size: [2768752] time: [22]
STATS - lpIterations[1] lagIterations[33] sspIterations[78] numSeparations[15] numCuts[0] compileTime[2] sspSolveTime[12] lpSolveTime[0] lb[1478.28] ub[1844.8] size: [2763995] time: [22]
STATS - lpIterations[1] lagIterations[34] sspIterations[86] numSeparations[15] numCuts[0] compileTime[2] sspSolveTime[14] lpSolveTime[0] lb[1488.55] ub[1844.8] size: [2764053] time: [24]
STATS - lpIterations[1] lagIterations[34] sspIterations[86] numSeparations[15] numCuts[0] compileTime[2] sspSolveTime[14] lpSolveTime[0] lb[1500.64] ub[1844.8] size: [2764053] time: [24]
STATS - lpIterations[1] lagIterations[35] sspIterations[89] numSeparations[15] numCuts[0] compileTime[2] sspSolveTime[14] lpSolveTime[0] lb[1503.58] ub[1844.8] size: [2764097] time: [25]
STATS - lpIterations[1] lagIterations[35] sspIterations[89] numSeparations[15] numCuts[0] compileTime[2] sspSolveTime[14] lpSolveTime[0] lb[1504.72] ub[1844.8] size: [2764097] time: [25]
STATS - lpIterations[1] lagIterations[36] sspIterations[97] numSeparations[15] numCuts[0] compileTime[2] sspSolveTime[16] lpSolveTime[0] lb[1516.1] ub[1844.8] size: [2764177] time: [27]
STATS - lpIterations[1] lagIterations[37] sspIterations[99] numSeparations[15] numCuts[0] compileTime[2] sspSolveTime[16] lpSolveTime[0] lb[1520.31] ub[1844.8] size: [2764189] time: [27]
STATS - lpIterations[1] lagIterations[37] sspIterations[99] numSeparations[15] numCuts[0] compileTime[2] sspSolveTime[16] lpSolveTime[0] lb[1520.82] ub[1844.8] size: [2764189] time: [27]
STATS - lpIterations[1] lagIterations[38] sspIterations[113] numSeparations[15] numCuts[0] compileTime[2] sspSolveTime[19] lpSolveTime[0] lb[1536.21] ub[1844.8] size: [2764424] time: [31]
STATS - lpIterations[1] lagIterations[39] sspIterations[122] numSeparations[15] numCuts[0] compileTime[2] sspSolveTime[21] lpSolveTime[0] lb[1540.78] ub[1844.8] size: [2764445] time: [33]
STATS - lpIterations[1] lagIterations[41] sspIterations[132] numSeparations[45] numCuts[0] compileTime[2] sspSolveTime[23] lpSolveTime[0] lb[1547.43] ub[1844.8] size: [2788340] time: [36]
STATS - lpIterations[1] lagIterations[43] sspIterations[142] numSeparations[45] numCuts[0] compileTime[2] sspSolveTime[25] lpSolveTime[0] lb[1558.8] ub[1844.8] size: [2788385] time: [39]
STATS - lpIterations[1] lagIterations[44] sspIterations[146] numSeparations[45] numCuts[0] compileTime[2] sspSolveTime[26] lpSolveTime[0] lb[1561.35] ub[1844.8] size: [2788328] time: [40]
STATS - lpIterations[1] lagIterations[45] sspIterations[151] numSeparations[45] numCuts[0] compileTime[2] sspSolveTime[27] lpSolveTime[0] lb[1568.28] ub[1844.8] size: [2788321] time: [41]
STATS - lpIterations[1] lagIterations[45] sspIterations[151] numSeparations[45] numCuts[0] compileTime[2] sspSolveTime[27] lpSolveTime[0] lb[1569.93] ub[1844.8] size: [2788321] time: [42]
STATS - lpIterations[1] lagIterations[46] sspIterations[157] numSeparations[45] numCuts[0] compileTime[2] sspSolveTime[29] lpSolveTime[0] lb[1571.39] ub[1844.8] size: [2788207] time: [43]
STATS - lpIterations[1] lagIterations[46] sspIterations[157] numSeparations[45] numCuts[0] compileTime[2] sspSolveTime[29] lpSolveTime[0] lb[1574.66] ub[1844.8] size: [2788207] time: [44]
STATS - lpIterations[1] lagIterations[47] sspIterations[162] numSeparations[45] numCuts[0] compileTime[2] sspSolveTime[30] lpSolveTime[0] lb[1575.6] ub[1844.8] size: [2788111] time: [46]
STATS - lpIterations[1] lagIterations[48] sspIterations[163] numSeparations[45] numCuts[0] compileTime[2] sspSolveTime[30] lpSolveTime[0] lb[1581.03] ub[1844.8] size: [2788100] time: [46]
STATS - lpIterations[1] lagIterations[48] sspIterations[163] numSeparations[45] numCuts[0] compileTime[2] sspSolveTime[30] lpSolveTime[0] lb[1581.46] ub[1844.8] size: [2788100] time: [46]
STATS - lpIterations[1] lagIterations[49] sspIterations[179] numSeparations[45] numCuts[0] compileTime[2] sspSolveTime[34] lpSolveTime[0] lb[1598.32] ub[1844.8] size: [2788065] time: [50]
STATS - lpIterations[1] lagIterations[50] sspIterations[187] numSeparations[78] numCuts[0] compileTime[2] sspSolveTime[36] lpSolveTime[0] lb[1599.21] ub[1844.8] size: [2815539] time: [52]
STATS - lpIterations[1] lagIterations[50] sspIterations[187] numSeparations[78] numCuts[0] compileTime[2] sspSolveTime[36] lpSolveTime[0] lb[1604.56] ub[1844.8] size: [2815539] time: [52]
STATS - lpIterations[1] lagIterations[52] sspIterations[201] numSeparations[78] numCuts[0] compileTime[2] sspSolveTime[39] lpSolveTime[0] lb[1606.04] ub[1844.8] size: [2806665] time: [57]
STATS - lpIterations[1] lagIterations[53] sspIterations[204] numSeparations[78] numCuts[0] compileTime[2] sspSolveTime[39] lpSolveTime[0] lb[1607.83] ub[1844.8] size: [2806456] time: [58]
STATS - lpIterations[1] lagIterations[54] sspIterations[213] numSeparations[78] numCuts[0] compileTime[2] sspSolveTime[42] lpSolveTime[0] lb[1614.33] ub[1844.8] size: [2806237] time: [61]
STATS - lpIterations[1] lagIterations[55] sspIterations[216] numSeparations[78] numCuts[0] compileTime[2] sspSolveTime[43] lpSolveTime[0] lb[1615.66] ub[1844.8] size: [2804740] time: [62]
STATS - lpIterations[1] lagIterations[55] sspIterations[216] numSeparations[78] numCuts[0] compileTime[2] sspSolveTime[43] lpSolveTime[0] lb[1616.6] ub[1844.8] size: [2804740] time: [62]
STATS - lpIterations[1] lagIterations[56] sspIterations[229] numSeparations[78] numCuts[0] compileTime[2] sspSolveTime[45] lpSolveTime[0] lb[1620.17] ub[1844.8] size: [2804152] time: [65]
STATS - lpIterations[1] lagIterations[57] sspIterations[234] numSeparations[113] numCuts[0] compileTime[2] sspSolveTime[46] lpSolveTime[0] lb[1622.94] ub[1844.8] size: [2834772] time: [66]
STATS - lpIterations[1] lagIterations[58] sspIterations[244] numSeparations[113] numCuts[0] compileTime[2] sspSolveTime[49] lpSolveTime[0] lb[1632.91] ub[1844.8] size: [2820003] time: [69]
STATS - lpIterations[1] lagIterations[59] sspIterations[249] numSeparations[113] numCuts[0] compileTime[2] sspSolveTime[50] lpSolveTime[0] lb[1634.79] ub[1844.8] size: [2813934] time: [71]
STATS - lpIterations[1] lagIterations[62] sspIterations[284] numSeparations[113] numCuts[0] compileTime[2] sspSolveTime[58] lpSolveTime[0] lb[1646.84] ub[1844.8] size: [2812601] time: [80]
STATS - lpIterations[1] lagIterations[63] sspIterations[294] numSeparations[156] numCuts[0] compileTime[2] sspSolveTime[59] lpSolveTime[0] lb[1648.86] ub[1844.8] size: [2857873] time: [82]
STATS - lpIterations[1] lagIterations[69] sspIterations[337] numSeparations[156] numCuts[0] compileTime[2] sspSolveTime[69] lpSolveTime[0] lb[1650.25] ub[1844.8] size: [2813228] time: [95]
STATS - lpIterations[1] lagIterations[70] sspIterations[340] numSeparations[199] numCuts[0] compileTime[2] sspSolveTime[69] lpSolveTime[0] lb[1651] ub[1844.8] size: [2875780] time: [96]
STATS - lpIterations[1] lagIterations[71] sspIterations[350] numSeparations[199] numCuts[0] compileTime[2] sspSolveTime[72] lpSolveTime[0] lb[1661.76] ub[1844.8] size: [2827169] time: [99]
STATS - lpIterations[1] lagIterations[73] sspIterations[366] numSeparations[199] numCuts[0] compileTime[2] sspSolveTime[75] lpSolveTime[0] lb[1664.59] ub[1844.8] size: [2797935] time: [104]
STATS - lpIterations[1] lagIterations[75] sspIterations[384] numSeparations[199] numCuts[0] compileTime[2] sspSolveTime[79] lpSolveTime[0] lb[1665.18] ub[1844.8] size: [2789546] time: [109]
STATS - lpIterations[1] lagIterations[76] sspIterations[391] numSeparations[199] numCuts[0] compileTime[2] sspSolveTime[81] lpSolveTime[0] lb[1667.22] ub[1844.8] size: [2784765] time: [111]
STATS - lpIterations[1] lagIterations[77] sspIterations[395] numSeparations[238] numCuts[0] compileTime[2] sspSolveTime[82] lpSolveTime[0] lb[1667.42] ub[1844.8] size: [2894441] time: [112]
STATS - lpIterations[1] lagIterations[78] sspIterations[402] numSeparations[238] numCuts[0] compileTime[2] sspSolveTime[83] lpSolveTime[0] lb[1670.35] ub[1844.8] size: [2794872] time: [114]
STATS - lpIterations[1] lagIterations[79] sspIterations[406] numSeparations[238] numCuts[0] compileTime[2] sspSolveTime[84] lpSolveTime[0] lb[1670.53] ub[1844.8] size: [2779892] time: [116]
STATS - lpIterations[1] lagIterations[80] sspIterations[418] numSeparations[238] numCuts[0] compileTime[2] sspSolveTime[87] lpSolveTime[0] lb[1680.11] ub[1844.8] size: [2777858] time: [119]
STATS - lpIterations[1] lagIterations[81] sspIterations[423] numSeparations[238] numCuts[0] compileTime[2] sspSolveTime[88] lpSolveTime[0] lb[1680.91] ub[1844.8] size: [2728916] time: [121]
STATS - lpIterations[1] lagIterations[82] sspIterations[438] numSeparations[238] numCuts[0] compileTime[2] sspSolveTime[92] lpSolveTime[0] lb[1681.94] ub[1844.8] size: [2722441] time: [126]
STATS - lpIterations[1] lagIterations[83] sspIterations[443] numSeparations[238] numCuts[0] compileTime[2] sspSolveTime[94] lpSolveTime[0] lb[1684.01] ub[1844.8] size: [2714567] time: [128]
STATS - lpIterations[1] lagIterations[87] sspIterations[470] numSeparations[279] numCuts[0] compileTime[2] sspSolveTime[99] lpSolveTime[0] lb[1687.93] ub[1844.8] size: [2720213] time: [135]
STATS - lpIterations[1] lagIterations[88] sspIterations[476] numSeparations[279] numCuts[0] compileTime[2] sspSolveTime[100] lpSolveTime[0] lb[1688.63] ub[1844.8] size: [2689559] time: [137]
STATS - lpIterations[1] lagIterations[91] sspIterations[500] numSeparations[279] numCuts[0] compileTime[2] sspSolveTime[105] lpSolveTime[0] lb[1693.65] ub[1844.8] size: [2684334] time: [144]
STATS - lpIterations[1] lagIterations[92] sspIterations[505] numSeparations[317] numCuts[0] compileTime[2] sspSolveTime[106] lpSolveTime[0] lb[1696.25] ub[1844.8] size: [2929256] time: [145]
STATS - lpIterations[1] lagIterations[93] sspIterations[515] numSeparations[317] numCuts[0] compileTime[2] sspSolveTime[108] lpSolveTime[0] lb[1698.29] ub[1844.8] size: [2630740] time: [148]
STATS - lpIterations[1] lagIterations[95] sspIterations[532] numSeparations[317] numCuts[0] compileTime[2] sspSolveTime[112] lpSolveTime[0] lb[1699.36] ub[1844.8] size: [2614966] time: [153]
STATS - lpIterations[1] lagIterations[96] sspIterations[538] numSeparations[317] numCuts[0] compileTime[2] sspSolveTime[113] lpSolveTime[0] lb[1700.4] ub[1844.8] size: [2600593] time: [154]
STATS - lpIterations[1] lagIterations[100] sspIterations[572] numSeparations[355] numCuts[0] compileTime[2] sspSolveTime[120] lpSolveTime[0] lb[1706.37] ub[1844.8] size: [2605078] time: [164]
STATS - lpIterations[1] lagIterations[101] sspIterations[582] numSeparations[355] numCuts[0] compileTime[2] sspSolveTime[122] lpSolveTime[0] lb[1709.17] ub[1844.8] size: [2529706] time: [167]
STATS - lpIterations[1] lagIterations[107] sspIterations[625] numSeparations[397] numCuts[0] compileTime[2] sspSolveTime[132] lpSolveTime[0] lb[1716.76] ub[1844.8] size: [2569873] time: [180]
STATS - lpIterations[1] lagIterations[120] sspIterations[712] numSeparations[438] numCuts[0] compileTime[2] sspSolveTime[149] lpSolveTime[0] lb[1719.44] ub[1844.8] size: [2426081] time: [206]
STATS - lpIterations[1] lagIterations[124] sspIterations[739] numSeparations[477] numCuts[0] compileTime[2] sspSolveTime[154] lpSolveTime[0] lb[1720.28] ub[1844.8] size: [2402317] time: [214]
STATS - lpIterations[1] lagIterations[125] sspIterations[745] numSeparations[477] numCuts[0] compileTime[2] sspSolveTime[155] lpSolveTime[0] lb[1722.62] ub[1844.8] size: [2373227] time: [216]
STATS - lpIterations[1] lagIterations[130] sspIterations[782] numSeparations[516] numCuts[0] compileTime[2] sspSolveTime[164] lpSolveTime[0] lb[1722.71] ub[1844.8] size: [2383315] time: [227]
STATS - lpIterations[1] lagIterations[131] sspIterations[787] numSeparations[516] numCuts[0] compileTime[2] sspSolveTime[165] lpSolveTime[0] lb[1723.41] ub[1844.8] size: [2351926] time: [229]
STATS - lpIterations[1] lagIterations[132] sspIterations[794] numSeparations[516] numCuts[0] compileTime[2] sspSolveTime[166] lpSolveTime[0] lb[1723.67] ub[1844.8] size: [2344354] time: [231]
STATS - lpIterations[1] lagIterations[133] sspIterations[801] numSeparations[516] numCuts[0] compileTime[2] sspSolveTime[167] lpSolveTime[0] lb[1724.2] ub[1844.8] size: [2334103] time: [233]
STATS - lpIterations[1] lagIterations[135] sspIterations[820] numSeparations[516] numCuts[0] compileTime[2] sspSolveTime[171] lpSolveTime[0] lb[1730.04] ub[1844.8] size: [2321803] time: [238]
STATS - lpIterations[1] lagIterations[136] sspIterations[828] numSeparations[563] numCuts[0] compileTime[2] sspSolveTime[173] lpSolveTime[0] lb[1730.94] ub[1844.8] size: [3032793] time: [241]
STATS - lpIterations[1] lagIterations[145] sspIterations[892] numSeparations[600] numCuts[0] compileTime[2] sspSolveTime[183] lpSolveTime[0] lb[1731.08] ub[1844.8] size: [2350306] time: [258]
STATS - lpIterations[1] lagIterations[147] sspIterations[912] numSeparations[600] numCuts[0] compileTime[2] sspSolveTime[188] lpSolveTime[0] lb[1735.05] ub[1844.8] size: [2238972] time: [264]
STATS - lpIterations[1] lagIterations[148] sspIterations[921] numSeparations[600] numCuts[0] compileTime[2] sspSolveTime[190] lpSolveTime[0] lb[1737.07] ub[1844.8] size: [2171538] time: [267]
STATS - lpIterations[1] lagIterations[153] sspIterations[963] numSeparations[645] numCuts[0] compileTime[2] sspSolveTime[198] lpSolveTime[0] lb[1737.53] ub[1844.8] size: [2250279] time: [279]
STATS - lpIterations[1] lagIterations[154] sspIterations[976] numSeparations[645] numCuts[0] compileTime[2] sspSolveTime[202] lpSolveTime[0] lb[1738.63] ub[1844.8] size: [2140971] time: [284]
STATS - lpIterations[1] lagIterations[169] sspIterations[1098] numSeparations[774] numCuts[0] compileTime[2] sspSolveTime[227] lpSolveTime[0] lb[1738.9] ub[1844.8] size: [3121485] time: [321]
STATS - lpIterations[1] lagIterations[177] sspIterations[1149] numSeparations[813] numCuts[0] compileTime[2] sspSolveTime[238] lpSolveTime[0] lb[1739.34] ub[1844.8] size: [3135649] time: [338]
STATS - lpIterations[1] lagIterations[179] sspIterations[1160] numSeparations[813] numCuts[0] compileTime[2] sspSolveTime[240] lpSolveTime[0] lb[1740.58] ub[1844.8] size: [2146502] time: [342]
STATS - lpIterations[1] lagIterations[181] sspIterations[1176] numSeparations[813] numCuts[0] compileTime[2] sspSolveTime[243] lpSolveTime[0] lb[1742.94] ub[1844.8] size: [2124470] time: [346]
STATS - lpIterations[1] lagIterations[182] sspIterations[1182] numSeparations[813] numCuts[0] compileTime[2] sspSolveTime[245] lpSolveTime[0] lb[1743.64] ub[1844.8] size: [2075828] time: [349]
STATS - lpIterations[1] lagIterations[185] sspIterations[1205] numSeparations[849] numCuts[0] compileTime[2] sspSolveTime[251] lpSolveTime[0] lb[1744.68] ub[1844.8] size: [2140905] time: [357]
STATS - lpIterations[1] lagIterations[197] sspIterations[1287] numSeparations[890] numCuts[0] compileTime[2] sspSolveTime[266] lpSolveTime[0] lb[1746.77] ub[1844.8] size: [2094656] time: [382]
STATS - lpIterations[1] lagIterations[198] sspIterations[1297] numSeparations[890] numCuts[0] compileTime[2] sspSolveTime[269] lpSolveTime[0] lb[1747.68] ub[1844.8] size: [2013727] time: [386]
STATS - lpIterations[1] lagIterations[204] sspIterations[1340] numSeparations[935] numCuts[0] compileTime[2] sspSolveTime[277] lpSolveTime[0] lb[1748.63] ub[1844.8] size: [2028076] time: [399]
STATS - lpIterations[1] lagIterations[210] sspIterations[1378] numSeparations[975] numCuts[0] compileTime[2] sspSolveTime[285] lpSolveTime[0] lb[1749.38] ub[1844.8] size: [2008685] time: [412]
STATS - lpIterations[1] lagIterations[213] sspIterations[1404] numSeparations[975] numCuts[0] compileTime[2] sspSolveTime[290] lpSolveTime[0] lb[1750.63] ub[1844.8] size: [1982898] time: [420]
STATS - lpIterations[1] lagIterations[214] sspIterations[1412] numSeparations[1018] numCuts[0] compileTime[2] sspSolveTime[293] lpSolveTime[0] lb[1751.44] ub[1844.8] size: [3207415] time: [423]
STATS - lpIterations[1] lagIterations[229] sspIterations[1521] numSeparations[1058] numCuts[0] compileTime[2] sspSolveTime[315] lpSolveTime[0] lb[1752.84] ub[1844.8] size: [1990312] time: [458]
STATS - lpIterations[1] lagIterations[230] sspIterations[1531] numSeparations[1104] numCuts[0] compileTime[2] sspSolveTime[317] lpSolveTime[0] lb[1753.84] ub[1844.8] size: [3238526] time: [462]
STATS - lpIterations[1] lagIterations[240] sspIterations[1601] numSeparations[1148] numCuts[0] compileTime[2] sspSolveTime[331] lpSolveTime[0] lb[1754.24] ub[1844.8] size: [1957950] time: [485]
STATS - lpIterations[1] lagIterations[255] sspIterations[1701] numSeparations[1227] numCuts[0] compileTime[2] sspSolveTime[352] lpSolveTime[0] lb[1755.18] ub[1844.8] size: [1920852] time: [519]
STATS - lpIterations[1] lagIterations[263] sspIterations[1754] numSeparations[1266] numCuts[0] compileTime[2] sspSolveTime[365] lpSolveTime[0] lb[1756.9] ub[1844.8] size: [1928097] time: [539]
STATS - lpIterations[1] lagIterations[267] sspIterations[1789] numSeparations[1266] numCuts[0] compileTime[2] sspSolveTime[372] lpSolveTime[0] lb[1756.97] ub[1844.8] size: [1845528] time: [550]
STATS - lpIterations[1] lagIterations[268] sspIterations[1797] numSeparations[1313] numCuts[0] compileTime[2] sspSolveTime[375] lpSolveTime[0] lb[1758.53] ub[1844.8] size: [3305337] time: [555]
STATS - lpIterations[1] lagIterations[294] sspIterations[1982] numSeparations[1452] numCuts[0] compileTime[2] sspSolveTime[413] lpSolveTime[0] lb[1760.14] ub[1844.8] size: [1841302] time: [618]
STATS - lpIterations[1] lagIterations[308] sspIterations[2086] numSeparations[1550] numCuts[0] compileTime[2] sspSolveTime[435] lpSolveTime[0] lb[1762.15] ub[1844.8] size: [1873378] time: [653]
STATS - lpIterations[1] lagIterations[309] sspIterations[2095] numSeparations[1550] numCuts[0] compileTime[2] sspSolveTime[437] lpSolveTime[0] lb[1762.53] ub[1844.8] size: [1763638] time: [657]
STATS - lpIterations[1] lagIterations[317] sspIterations[2156] numSeparations[1596] numCuts[0] compileTime[2] sspSolveTime[451] lpSolveTime[0] lb[1763.43] ub[1844.8] size: [1757510] time: [679]
STATS - lpIterations[1] lagIterations[345] sspIterations[2341] numSeparations[1773] numCuts[0] compileTime[2] sspSolveTime[491] lpSolveTime[0] lb[1763.71] ub[1844.8] size: [1812471] time: [746]
STATS - lpIterations[1] lagIterations[352] sspIterations[2392] numSeparations[1819] numCuts[0] compileTime[2] sspSolveTime[502] lpSolveTime[0] lb[1763.86] ub[1844.8] size: [1808883] time: [765]
STATS - lpIterations[1] lagIterations[353] sspIterations[2396] numSeparations[1819] numCuts[0] compileTime[2] sspSolveTime[503] lpSolveTime[0] lb[1764.06] ub[1844.8] size: [1757437] time: [766]
STATS - lpIterations[1] lagIterations[356] sspIterations[2419] numSeparations[1819] numCuts[0] compileTime[2] sspSolveTime[508] lpSolveTime[0] lb[1764.88] ub[1844.8] size: [1747199] time: [774]
STATS - lpIterations[1] lagIterations[371] sspIterations[2523] numSeparations[1908] numCuts[0] compileTime[2] sspSolveTime[530] lpSolveTime[0] lb[1765.26] ub[1844.8] size: [1747430] time: [811]
STATS - lpIterations[1] lagIterations[373] sspIterations[2538] numSeparations[1953] numCuts[0] compileTime[2] sspSolveTime[533] lpSolveTime[0] lb[1765.8] ub[1844.8] size: [3515181] time: [817]
STATS - lpIterations[1] lagIterations[374] sspIterations[2547] numSeparations[1953] numCuts[0] compileTime[2] sspSolveTime[535] lpSolveTime[0] lb[1766.76] ub[1844.8] size: [1728140] time: [821]
STATS - lpIterations[1] lagIterations[385] sspIterations[2627] numSeparations[1998] numCuts[0] compileTime[2] sspSolveTime[552] lpSolveTime[0] lb[1767.94] ub[1844.8] size: [1768859] time: [849]
STATS - lpIterations[1] lagIterations[386] sspIterations[2638] numSeparations[1998] numCuts[0] compileTime[2] sspSolveTime[554] lpSolveTime[0] lb[1768.17] ub[1844.8] size: [1675589] time: [853]
STATS - lpIterations[1] lagIterations[401] sspIterations[2749] numSeparations[2092] numCuts[0] compileTime[2] sspSolveTime[577] lpSolveTime[0] lb[1768.69] ub[1844.8] size: [1714221] time: [892]
STATS - lpIterations[1] lagIterations[418] sspIterations[2866] numSeparations[2186] numCuts[0] compileTime[2] sspSolveTime[602] lpSolveTime[0] lb[1768.77] ub[1844.8] size: [1692398] time: [935]
STATS - lpIterations[1] lagIterations[419] sspIterations[2874] numSeparations[2237] numCuts[0] compileTime[2] sspSolveTime[603] lpSolveTime[0] lb[1769.37] ub[1844.8] size: [3606557] time: [939]
STATS - lpIterations[1] lagIterations[429] sspIterations[2949] numSeparations[2283] numCuts[0] compileTime[2] sspSolveTime[619] lpSolveTime[0] lb[1770.55] ub[1844.8] size: [1717254] time: [965]
STATS - lpIterations[1] lagIterations[442] sspIterations[3050] numSeparations[2372] numCuts[0] compileTime[2] sspSolveTime[641] lpSolveTime[0] lb[1770.71] ub[1844.8] size: [1659444] time: [1002]
STATS - lpIterations[1] lagIterations[467] sspIterations[3227] numSeparations[2515] numCuts[0] compileTime[2] sspSolveTime[681] lpSolveTime[0] lb[1770.83] ub[1844.8] size: [1682216] time: [1070]
STATS - lpIterations[1] lagIterations[468] sspIterations[3234] numSeparations[2515] numCuts[0] compileTime[2] sspSolveTime[682] lpSolveTime[0] lb[1771.41] ub[1844.8] size: [1669205] time: [1072]
STATS - lpIterations[1] lagIterations[477] sspIterations[3301] numSeparations[2556] numCuts[0] compileTime[2] sspSolveTime[695] lpSolveTime[0] lb[1771.44] ub[1844.8] size: [1665421] time: [1096]
STATS - lpIterations[1] lagIterations[478] sspIterations[3311] numSeparations[2611] numCuts[0] compileTime[2] sspSolveTime[699] lpSolveTime[0] lb[1772.48] ub[1844.8] size: [3724238] time: [1102]
STATS - lpIterations[1] lagIterations[487] sspIterations[3380] numSeparations[2659] numCuts[0] compileTime[2] sspSolveTime[715] lpSolveTime[0] lb[1772.54] ub[1844.8] size: [1704437] time: [1129]
STATS - lpIterations[1] lagIterations[488] sspIterations[3388] numSeparations[2659] numCuts[0] compileTime[2] sspSolveTime[716] lpSolveTime[0] lb[1773.04] ub[1844.8] size: [1643481] time: [1132]
STATS - lpIterations[1] lagIterations[498] sspIterations[3460] numSeparations[2704] numCuts[0] compileTime[2] sspSolveTime[733] lpSolveTime[0] lb[1773.3] ub[1844.8] size: [1639011] time: [1161]
STATS - lpIterations[1] lagIterations[514] sspIterations[3584] numSeparations[2800] numCuts[0] compileTime[2] sspSolveTime[762] lpSolveTime[0] lb[1773.81] ub[1844.8] size: [1651485] time: [1210]
STATS - lpIterations[1] lagIterations[537] sspIterations[3739] numSeparations[2954] numCuts[0] compileTime[2] sspSolveTime[797] lpSolveTime[0] lb[1774.63] ub[1844.8] size: [1705506] time: [1275]
STATS - lpIterations[1] lagIterations[538] sspIterations[3749] numSeparations[2954] numCuts[0] compileTime[2] sspSolveTime[800] lpSolveTime[0] lb[1774.83] ub[1844.8] size: [1620288] time: [1278]
STATS - lpIterations[1] lagIterations[551] sspIterations[3842] numSeparations[3043] numCuts[0] compileTime[2] sspSolveTime[822] lpSolveTime[0] lb[1775.14] ub[1844.8] size: [1744032] time: [1317]
STATS - lpIterations[1] lagIterations[552] sspIterations[3852] numSeparations[3043] numCuts[0] compileTime[2] sspSolveTime[825] lpSolveTime[0] lb[1775.54] ub[1844.8] size: [1620116] time: [1321]
STATS - lpIterations[1] lagIterations[601] sspIterations[4206] numSeparations[3321] numCuts[0] compileTime[2] sspSolveTime[911] lpSolveTime[0] lb[1775.82] ub[1844.8] size: [1653218] time: [1472]
STATS - lpIterations[1] lagIterations[607] sspIterations[4245] numSeparations[3367] numCuts[0] compileTime[2] sspSolveTime[919] lpSolveTime[0] lb[1776.16] ub[1844.8] size: [1672348] time: [1489]
STATS - lpIterations[1] lagIterations[615] sspIterations[4302] numSeparations[3410] numCuts[0] compileTime[2] sspSolveTime[933] lpSolveTime[0] lb[1776.75] ub[1844.8] size: [1637970] time: [1514]
STATS - lpIterations[1] lagIterations[618] sspIterations[4328] numSeparations[3410] numCuts[0] compileTime[2] sspSolveTime[938] lpSolveTime[0] lb[1776.88] ub[1844.8] size: [1616217] time: [1523]
STATS - lpIterations[1] lagIterations[619] sspIterations[4338] numSeparations[3410] numCuts[0] compileTime[2] sspSolveTime[942] lpSolveTime[0] lb[1777.25] ub[1844.8] size: [1609489] time: [1528]
STATS - lpIterations[1] lagIterations[634] sspIterations[4437] numSeparations[3505] numCuts[0] compileTime[2] sspSolveTime[969] lpSolveTime[0] lb[1777.89] ub[1844.8] size: [1637585] time: [1575]
STATS - lpIterations[1] lagIterations[659] sspIterations[4619] numSeparations[3637] numCuts[0] compileTime[2] sspSolveTime[1014] lpSolveTime[0] lb[1778.58] ub[1844.8] size: [1621620] time: [1655]
STATS - lpIterations[1] lagIterations[670] sspIterations[4711] numSeparations[3733] numCuts[0] compileTime[2] sspSolveTime[1040] lpSolveTime[0] lb[1778.61] ub[1844.8] size: [1619242] time: [1698]
STATS - lpIterations[1] lagIterations[671] sspIterations[4721] numSeparations[3733] numCuts[0] compileTime[2] sspSolveTime[1043] lpSolveTime[0] lb[1778.71] ub[1844.8] size: [1593225] time: [1701]
STATS - lpIterations[1] lagIterations[676] sspIterations[4759] numSeparations[3784] numCuts[0] compileTime[2] sspSolveTime[1051] lpSolveTime[0] lb[1778.74] ub[1844.8] size: [1600615] time: [1718]
STATS - lpIterations[1] lagIterations[692] sspIterations[4881] numSeparations[3877] numCuts[0] compileTime[2] sspSolveTime[1085] lpSolveTime[0] lb[1778.95] ub[1844.8] size: [1609676] time: [1773]
STATS - lpIterations[1] lagIterations[692] sspIterations[4881] numSeparations[3877] numCuts[0] compileTime[2] sspSolveTime[1085] lpSolveTime[0] lb[1779.31] ub[1844.8] size: [1609676] time: [1774]
STATS - lpIterations[1] lagIterations[719] sspIterations[5076] numSeparations[4016] numCuts[0] compileTime[2] sspSolveTime[1132] lpSolveTime[0] lb[1779.42] ub[1844.8] size: [1609444] time: [1859]
STATS - lpIterations[1] lagIterations[727] sspIterations[5143] numSeparations[4114] numCuts[0] compileTime[2] sspSolveTime[1151] lpSolveTime[0] lb[1779.81] ub[1844.8] size: [4181544] time: [1892]
STATS - lpIterations[1] lagIterations[731] sspIterations[5171] numSeparations[4114] numCuts[0] compileTime[2] sspSolveTime[1158] lpSolveTime[0] lb[1779.9] ub[1844.8] size: [1603575] time: [1905]
STATS - lpIterations[1] lagIterations[732] sspIterations[5180] numSeparations[4114] numCuts[0] compileTime[2] sspSolveTime[1159] lpSolveTime[0] lb[1779.97] ub[1844.8] size: [1597478] time: [1908]
STATS - lpIterations[1] lagIterations[745] sspIterations[5275] numSeparations[4203] numCuts[0] compileTime[2] sspSolveTime[1181] lpSolveTime[0] lb[1780.56] ub[1844.8] size: [1625852] time: [1951]
STATS - lpIterations[1] lagIterations[746] sspIterations[5285] numSeparations[4203] numCuts[0] compileTime[2] sspSolveTime[1184] lpSolveTime[0] lb[1780.69] ub[1844.8] size: [1587960] time: [1955]
STATS - lpIterations[1] lagIterations[752] sspIterations[5335] numSeparations[4244] numCuts[0] compileTime[2] sspSolveTime[1198] lpSolveTime[0] lb[1780.7] ub[1844.8] size: [1603157] time: [1978]
STATS - lpIterations[1] lagIterations[765] sspIterations[5425] numSeparations[4331] numCuts[0] compileTime[2] sspSolveTime[1221] lpSolveTime[0] lb[1780.88] ub[1844.8] size: [1619598] time: [2022]
STATS - lpIterations[1] lagIterations[791] sspIterations[5624] numSeparations[4470] numCuts[0] compileTime[2] sspSolveTime[1269] lpSolveTime[0] lb[1781] ub[1844.8] size: [1608756] time: [2111]
STATS - lpIterations[1] lagIterations[795] sspIterations[5653] numSeparations[4520] numCuts[0] compileTime[2] sspSolveTime[1276] lpSolveTime[0] lb[1781.15] ub[1844.8] size: [1621928] time: [2125]
STATS - lpIterations[1] lagIterations[803] sspIterations[5717] numSeparations[4575] numCuts[0] compileTime[2] sspSolveTime[1294] lpSolveTime[0] lb[1781.9] ub[1844.8] size: [4318452] time: [2155]
STATS - lpIterations[1] lagIterations[826] sspIterations[5880] numSeparations[4669] numCuts[0] compileTime[2] sspSolveTime[1332] lpSolveTime[0] lb[1782.17] ub[1844.8] size: [1602925] time: [2229]
STATS - lpIterations[1] lagIterations[827] sspIterations[5890] numSeparations[4715] numCuts[0] compileTime[2] sspSolveTime[1337] lpSolveTime[0] lb[1782.23] ub[1844.8] size: [4357512] time: [2235]
STATS - lpIterations[1] lagIterations[833] sspIterations[5936] numSeparations[4715] numCuts[0] compileTime[2] sspSolveTime[1349] lpSolveTime[0] lb[1782.45] ub[1844.8] size: [1584132] time: [2256]
STATS - lpIterations[1] lagIterations[843] sspIterations[6015] numSeparations[4805] numCuts[0] compileTime[2] sspSolveTime[1370] lpSolveTime[0] lb[1782.5] ub[1844.8] size: [1598482] time: [2295]
STATS - lpIterations[1] lagIterations[852] sspIterations[6085] numSeparations[4849] numCuts[0] compileTime[2] sspSolveTime[1388] lpSolveTime[0] lb[1782.54] ub[1844.8] size: [1606851] time: [2329]
STATS - lpIterations[1] lagIterations[863] sspIterations[6158] numSeparations[4894] numCuts[0] compileTime[2] sspSolveTime[1406] lpSolveTime[0] lb[1782.77] ub[1844.8] size: [1601380] time: [2364]
STATS - lpIterations[1] lagIterations[881] sspIterations[6281] numSeparations[5033] numCuts[0] compileTime[2] sspSolveTime[1439] lpSolveTime[0] lb[1783.01] ub[1844.8] size: [4448070] time: [2425]
STATS - lpIterations[1] lagIterations[889] sspIterations[6346] numSeparations[5082] numCuts[0] compileTime[2] sspSolveTime[1454] lpSolveTime[0] lb[1783.85] ub[1844.8] size: [4461422] time: [2454]
STATS - lpIterations[1] lagIterations[904] sspIterations[6457] numSeparations[5129] numCuts[0] compileTime[2] sspSolveTime[1484] lpSolveTime[0] lb[1783.96] ub[1844.8] size: [1590175] time: [2509]
STATS - lpIterations[1] lagIterations[932] sspIterations[6661] numSeparations[5305] numCuts[0] compileTime[2] sspSolveTime[1537] lpSolveTime[0] lb[1784.45] ub[1844.8] size: [1603261] time: [2611]
STATS - lpIterations[1] lagIterations[947] sspIterations[6766] numSeparations[5396] numCuts[0] compileTime[2] sspSolveTime[1563] lpSolveTime[0] lb[1784.99] ub[1844.8] size: [1600232] time: [2665]
STATS - lpIterations[1] lagIterations[986] sspIterations[7062] numSeparations[5633] numCuts[0] compileTime[2] sspSolveTime[1637] lpSolveTime[0] lb[1785.09] ub[1844.8] size: [1627273] time: [2808]
STATS - lpIterations[1] lagIterations[996] sspIterations[7144] numSeparations[5681] numCuts[0] compileTime[2] sspSolveTime[1658] lpSolveTime[0] lb[1786.13] ub[1844.8] size: [1593407] time: [2847]
STATS - lpIterations[1] lagIterations[1047] sspIterations[7530] numSeparations[6001] numCuts[0] compileTime[2] sspSolveTime[1757] lpSolveTime[0] lb[1786.93] ub[1844.8] size: [1587202] time: [3044]
STATS - lpIterations[1] lagIterations[1105] sspIterations[7948] numSeparations[6336] numCuts[0] compileTime[2] sspSolveTime[1862] lpSolveTime[0] lb[1787.06] ub[1844.8] size: [1623113] time: [3260]
STATS - lpIterations[1] lagIterations[1128] sspIterations[8117] numSeparations[6478] numCuts[0] compileTime[2] sspSolveTime[1907] lpSolveTime[0] lb[1787.21] ub[1844.8] size: [4833811] time: [3351]
STATS - lpIterations[1] lagIterations[1134] sspIterations[8167] numSeparations[6478] numCuts[0] compileTime[2] sspSolveTime[1919] lpSolveTime[0] lb[1787.63] ub[1844.8] size: [1602994] time: [3376]
STATS - lpIterations[1] lagIterations[1141] sspIterations[8215] numSeparations[6526] numCuts[0] compileTime[2] sspSolveTime[1932] lpSolveTime[0] lb[1787.87] ub[1844.8] size: [1610358] time: [3403]
STATS - lpIterations[2] lagIterations[1148] sspIterations[8263] numSeparations[6571] numCuts[0] compileTime[2] sspSolveTime[1944] lpSolveTime[0] lb[1787.87] ub[1844.8] size: [1617260] time: [3431]
STATS - lpIterations[2] lagIterations[1149] sspIterations[8269] numSeparations[6571] numCuts[0] compileTime[2] sspSolveTime[1945] lpSolveTime[0] lb[1788.01] ub[1844.8] size: [1617264] time: [3432]
