relax capacity constraint
hgs upper bound: 3773.7
compiling dd
time step mult: 10
time step: 900
cap step: 10
start compiling DD
add terminal node arcs
done compiling dd
STATS - lpIterations[0] lagIterations[0] sspIterations[0] numSeparations[0] numCuts[0] compileTime[25] sspSolveTime[0] lpSolveTime[0] lb[0] ub[3773.7] size: [14844363] time: [25]
batch size for lag: 50
STATS - lpIterations[1] lagIterations[0] sspIterations[0] numSeparations[0] numCuts[0] compileTime[25] sspSolveTime[0] lpSolveTime[0] lb[0] ub[3773.7] size: [14844363] time: [25]
STATS - lpIterations[1] lagIterations[1] sspIterations[1] numSeparations[0] numCuts[0] compileTime[25] sspSolveTime[0] lpSolveTime[0] lb[1452.13] ub[3773.7] size: [14844363] time: [25]
STATS - lpIterations[1] lagIterations[2] sspIterations[2] numSeparations[0] numCuts[0] compileTime[25] sspSolveTime[1] lpSolveTime[0] lb[1524.02] ub[3773.7] size: [14844363] time: [26]
STATS - lpIterations[1] lagIterations[3] sspIterations[3] numSeparations[0] numCuts[0] compileTime[25] sspSolveTime[1] lpSolveTime[0] lb[1598.73] ub[3773.7] size: [14844363] time: [28]
STATS - lpIterations[1] lagIterations[4] sspIterations[4] numSeparations[0] numCuts[0] compileTime[25] sspSolveTime[2] lpSolveTime[0] lb[1676.34] ub[3773.7] size: [14844363] time: [29]
STATS - lpIterations[1] lagIterations[5] sspIterations[5] numSeparations[0] numCuts[0] compileTime[25] sspSolveTime[2] lpSolveTime[0] lb[1756.93] ub[3773.7] size: [14844363] time: [31]
STATS - lpIterations[1] lagIterations[6] sspIterations[6] numSeparations[0] numCuts[0] compileTime[25] sspSolveTime[3] lpSolveTime[0] lb[1840.59] ub[3773.7] size: [14844363] time: [32]
STATS - lpIterations[1] lagIterations[7] sspIterations[7] numSeparations[0] numCuts[0] compileTime[25] sspSolveTime[3] lpSolveTime[0] lb[1927.41] ub[3773.7] size: [14844363] time: [33]
STATS - lpIterations[1] lagIterations[8] sspIterations[8] numSeparations[0] numCuts[0] compileTime[25] sspSolveTime[4] lpSolveTime[0] lb[2017.48] ub[3773.7] size: [14844363] time: [35]
STATS - lpIterations[1] lagIterations[9] sspIterations[9] numSeparations[0] numCuts[0] compileTime[25] sspSolveTime[4] lpSolveTime[0] lb[2110.88] ub[3773.7] size: [14844363] time: [36]
STATS - lpIterations[1] lagIterations[10] sspIterations[10] numSeparations[0] numCuts[0] compileTime[25] sspSolveTime[5] lpSolveTime[0] lb[2207.71] ub[3773.7] size: [14844363] time: [38]
STATS - lpIterations[1] lagIterations[11] sspIterations[11] numSeparations[0] numCuts[0] compileTime[25] sspSolveTime[5] lpSolveTime[0] lb[2300.67] ub[3773.7] size: [14844363] time: [39]
STATS - lpIterations[1] lagIterations[12] sspIterations[12] numSeparations[0] numCuts[0] compileTime[25] sspSolveTime[6] lpSolveTime[0] lb[2391.65] ub[3773.7] size: [14844401] time: [41]
STATS - lpIterations[1] lagIterations[13] sspIterations[13] numSeparations[0] numCuts[0] compileTime[25] sspSolveTime[7] lpSolveTime[0] lb[2483.31] ub[3773.7] size: [14844437] time: [43]
STATS - lpIterations[1] lagIterations[14] sspIterations[16] numSeparations[0] numCuts[0] compileTime[25] sspSolveTime[8] lpSolveTime[0] lb[2575.29] ub[3773.7] size: [14844518] time: [45]
STATS - lpIterations[1] lagIterations[14] sspIterations[16] numSeparations[0] numCuts[0] compileTime[25] sspSolveTime[8] lpSolveTime[0] lb[2580.68] ub[3773.7] size: [14844518] time: [46]
STATS - lpIterations[1] lagIterations[15] sspIterations[18] numSeparations[0] numCuts[0] compileTime[25] sspSolveTime[10] lpSolveTime[0] lb[2628.83] ub[3773.7] size: [14844572] time: [47]
STATS - lpIterations[1] lagIterations[15] sspIterations[18] numSeparations[0] numCuts[0] compileTime[25] sspSolveTime[10] lpSolveTime[0] lb[2629.43] ub[3773.7] size: [14844572] time: [49]
STATS - lpIterations[1] lagIterations[16] sspIterations[29] numSeparations[0] numCuts[0] compileTime[25] sspSolveTime[13] lpSolveTime[0] lb[2671.52] ub[3773.7] size: [14844972] time: [52]
STATS - lpIterations[1] lagIterations[16] sspIterations[29] numSeparations[0] numCuts[0] compileTime[25] sspSolveTime[13] lpSolveTime[0] lb[2714.14] ub[3773.7] size: [14844972] time: [54]
STATS - lpIterations[1] lagIterations[17] sspIterations[31] numSeparations[0] numCuts[0] compileTime[25] sspSolveTime[14] lpSolveTime[0] lb[2727.33] ub[3773.7] size: [14845006] time: [55]
STATS - lpIterations[1] lagIterations[17] sspIterations[31] numSeparations[0] numCuts[0] compileTime[25] sspSolveTime[14] lpSolveTime[0] lb[2727.9] ub[3773.7] size: [14845006] time: [56]
STATS - lpIterations[1] lagIterations[18] sspIterations[52] numSeparations[0] numCuts[0] compileTime[25] sspSolveTime[23] lpSolveTime[0] lb[2728.1] ub[3773.7] size: [14845422] time: [67]
STATS - lpIterations[1] lagIterations[18] sspIterations[52] numSeparations[0] numCuts[0] compileTime[25] sspSolveTime[23] lpSolveTime[0] lb[2791.31] ub[3773.7] size: [14845422] time: [69]
STATS - lpIterations[1] lagIterations[19] sspIterations[61] numSeparations[0] numCuts[0] compileTime[25] sspSolveTime[27] lpSolveTime[0] lb[2793.37] ub[3773.7] size: [14845492] time: [73]
STATS - lpIterations[1] lagIterations[19] sspIterations[61] numSeparations[0] numCuts[0] compileTime[25] sspSolveTime[27] lpSolveTime[0] lb[2801] ub[3773.7] size: [14845492] time: [76]
STATS - lpIterations[1] lagIterations[20] sspIterations[62] numSeparations[22] numCuts[0] compileTime[25] sspSolveTime[28] lpSolveTime[0] lb[2820.45] ub[3773.7] size: [14910060] time: [77]
STATS - lpIterations[1] lagIterations[20] sspIterations[62] numSeparations[22] numCuts[0] compileTime[25] sspSolveTime[28] lpSolveTime[0] lb[2820.89] ub[3773.7] size: [14910060] time: [78]
STATS - lpIterations[1] lagIterations[21] sspIterations[89] numSeparations[22] numCuts[0] compileTime[25] sspSolveTime[39] lpSolveTime[0] lb[2888.45] ub[3773.7] size: [14900035] time: [92]
STATS - lpIterations[1] lagIterations[22] sspIterations[98] numSeparations[22] numCuts[0] compileTime[25] sspSolveTime[41] lpSolveTime[0] lb[2891.87] ub[3773.7] size: [14900055] time: [95]
STATS - lpIterations[1] lagIterations[22] sspIterations[98] numSeparations[22] numCuts[0] compileTime[25] sspSolveTime[41] lpSolveTime[0] lb[2898.36] ub[3773.7] size: [14900055] time: [98]
STATS - lpIterations[1] lagIterations[23] sspIterations[106] numSeparations[22] numCuts[0] compileTime[25] sspSolveTime[46] lpSolveTime[0] lb[2899.85] ub[3773.7] size: [14900181] time: [103]
STATS - lpIterations[1] lagIterations[23] sspIterations[106] numSeparations[22] numCuts[0] compileTime[25] sspSolveTime[46] lpSolveTime[0] lb[2917.09] ub[3773.7] size: [14900181] time: [105]
STATS - lpIterations[1] lagIterations[24] sspIterations[108] numSeparations[22] numCuts[0] compileTime[25] sspSolveTime[47] lpSolveTime[0] lb[2932.82] ub[3773.7] size: [14900206] time: [107]
STATS - lpIterations[1] lagIterations[24] sspIterations[108] numSeparations[22] numCuts[0] compileTime[25] sspSolveTime[47] lpSolveTime[0] lb[2933.09] ub[3773.7] size: [14900206] time: [108]
STATS - lpIterations[1] lagIterations[25] sspIterations[142] numSeparations[22] numCuts[0] compileTime[25] sspSolveTime[64] lpSolveTime[0] lb[2987.53] ub[3773.7] size: [14900934] time: [130]
STATS - lpIterations[1] lagIterations[26] sspIterations[160] numSeparations[75] numCuts[0] compileTime[25] sspSolveTime[73] lpSolveTime[0] lb[2995.81] ub[3773.7] size: [15016020] time: [142]
STATS - lpIterations[1] lagIterations[27] sspIterations[163] numSeparations[75] numCuts[0] compileTime[25] sspSolveTime[75] lpSolveTime[0] lb[2996.61] ub[3773.7] size: [14995760] time: [146]
STATS - lpIterations[1] lagIterations[28] sspIterations[192] numSeparations[75] numCuts[0] compileTime[25] sspSolveTime[90] lpSolveTime[0] lb[3034.24] ub[3773.7] size: [14996130] time: [167]
STATS - lpIterations[1] lagIterations[29] sspIterations[200] numSeparations[116] numCuts[0] compileTime[25] sspSolveTime[94] lpSolveTime[0] lb[3038.82] ub[3773.7] size: [15068994] time: [171]
STATS - lpIterations[1] lagIterations[29] sspIterations[200] numSeparations[116] numCuts[0] compileTime[25] sspSolveTime[94] lpSolveTime[0] lb[3044.44] ub[3773.7] size: [15068994] time: [174]
STATS - lpIterations[1] lagIterations[30] sspIterations[223] numSeparations[116] numCuts[0] compileTime[25] sspSolveTime[106] lpSolveTime[0] lb[3057.85] ub[3773.7] size: [15047802] time: [189]
STATS - lpIterations[1] lagIterations[31] sspIterations[229] numSeparations[116] numCuts[0] compileTime[25] sspSolveTime[109] lpSolveTime[0] lb[3065.39] ub[3773.7] size: [15047818] time: [192]
STATS - lpIterations[1] lagIterations[31] sspIterations[229] numSeparations[116] numCuts[0] compileTime[25] sspSolveTime[109] lpSolveTime[0] lb[3067.27] ub[3773.7] size: [15047818] time: [194]
STATS - lpIterations[1] lagIterations[32] sspIterations[244] numSeparations[116] numCuts[0] compileTime[25] sspSolveTime[115] lpSolveTime[0] lb[3091.05] ub[3773.7] size: [15048085] time: [204]
STATS - lpIterations[1] lagIterations[33] sspIterations[252] numSeparations[158] numCuts[0] compileTime[25] sspSolveTime[120] lpSolveTime[0] lb[3092.48] ub[3773.7] size: [15123863] time: [210]
STATS - lpIterations[1] lagIterations[33] sspIterations[252] numSeparations[158] numCuts[0] compileTime[25] sspSolveTime[120] lpSolveTime[0] lb[3098.51] ub[3773.7] size: [15123863] time: [212]
STATS - lpIterations[1] lagIterations[34] sspIterations[262] numSeparations[158] numCuts[0] compileTime[25] sspSolveTime[123] lpSolveTime[0] lb[3098.94] ub[3773.7] size: [15101273] time: [216]
STATS - lpIterations[1] lagIterations[34] sspIterations[262] numSeparations[158] numCuts[0] compileTime[25] sspSolveTime[123] lpSolveTime[0] lb[3109.44] ub[3773.7] size: [15101273] time: [218]
STATS - lpIterations[1] lagIterations[35] sspIterations[270] numSeparations[158] numCuts[0] compileTime[25] sspSolveTime[127] lpSolveTime[0] lb[3115.47] ub[3773.7] size: [15101395] time: [225]
STATS - lpIterations[1] lagIterations[36] sspIterations[281] numSeparations[158] numCuts[0] compileTime[25] sspSolveTime[133] lpSolveTime[0] lb[3116] ub[3773.7] size: [15101517] time: [231]
STATS - lpIterations[1] lagIterations[36] sspIterations[281] numSeparations[158] numCuts[0] compileTime[25] sspSolveTime[133] lpSolveTime[0] lb[3127.26] ub[3773.7] size: [15101517] time: [234]
STATS - lpIterations[1] lagIterations[37] sspIterations[286] numSeparations[158] numCuts[0] compileTime[25] sspSolveTime[135] lpSolveTime[0] lb[3132.57] ub[3773.7] size: [15101546] time: [237]
STATS - lpIterations[1] lagIterations[37] sspIterations[286] numSeparations[158] numCuts[0] compileTime[25] sspSolveTime[135] lpSolveTime[0] lb[3134.66] ub[3773.7] size: [15101546] time: [239]
STATS - lpIterations[1] lagIterations[38] sspIterations[311] numSeparations[158] numCuts[0] compileTime[25] sspSolveTime[147] lpSolveTime[0] lb[3161.35] ub[3773.7] size: [15101949] time: [254]
STATS - lpIterations[1] lagIterations[39] sspIterations[319] numSeparations[211] numCuts[0] compileTime[25] sspSolveTime[150] lpSolveTime[0] lb[3165.12] ub[3773.7] size: [15193606] time: [258]
STATS - lpIterations[1] lagIterations[39] sspIterations[319] numSeparations[211] numCuts[0] compileTime[25] sspSolveTime[150] lpSolveTime[0] lb[3169.31] ub[3773.7] size: [15193606] time: [260]
STATS - lpIterations[1] lagIterations[40] sspIterations[337] numSeparations[211] numCuts[0] compileTime[25] sspSolveTime[159] lpSolveTime[0] lb[3172.68] ub[3773.7] size: [15170271] time: [274]
STATS - lpIterations[1] lagIterations[41] sspIterations[342] numSeparations[211] numCuts[0] compileTime[25] sspSolveTime[161] lpSolveTime[0] lb[3176.33] ub[3773.7] size: [15170331] time: [279]
STATS - lpIterations[1] lagIterations[42] sspIterations[365] numSeparations[211] numCuts[0] compileTime[25] sspSolveTime[174] lpSolveTime[0] lb[3201.76] ub[3773.7] size: [15170557] time: [296]
STATS - lpIterations[1] lagIterations[43] sspIterations[374] numSeparations[256] numCuts[0] compileTime[25] sspSolveTime[178] lpSolveTime[0] lb[3204.55] ub[3773.7] size: [15252846] time: [301]
STATS - lpIterations[1] lagIterations[43] sspIterations[374] numSeparations[256] numCuts[0] compileTime[25] sspSolveTime[178] lpSolveTime[0] lb[3208.96] ub[3773.7] size: [15252846] time: [304]
STATS - lpIterations[1] lagIterations[45] sspIterations[399] numSeparations[256] numCuts[0] compileTime[25] sspSolveTime[192] lpSolveTime[0] lb[3211.4] ub[3773.7] size: [15229627] time: [324]
STATS - lpIterations[1] lagIterations[46] sspIterations[418] numSeparations[256] numCuts[0] compileTime[25] sspSolveTime[199] lpSolveTime[0] lb[3230.59] ub[3773.7] size: [15229747] time: [335]
STATS - lpIterations[1] lagIterations[48] sspIterations[448] numSeparations[299] numCuts[0] compileTime[25] sspSolveTime[217] lpSolveTime[0] lb[3250.12] ub[3773.7] size: [15289789] time: [361]
STATS - lpIterations[1] lagIterations[49] sspIterations[458] numSeparations[299] numCuts[0] compileTime[25] sspSolveTime[223] lpSolveTime[0] lb[3256.87] ub[3773.7] size: [15289835] time: [370]
STATS - lpIterations[1] lagIterations[52] sspIterations[500] numSeparations[349] numCuts[0] compileTime[25] sspSolveTime[246] lpSolveTime[0] lb[3277.53] ub[3773.7] size: [15349152] time: [403]
STATS - lpIterations[1] lagIterations[53] sspIterations[505] numSeparations[349] numCuts[0] compileTime[25] sspSolveTime[249] lpSolveTime[0] lb[3279.07] ub[3773.7] size: [15349182] time: [407]
STATS - lpIterations[1] lagIterations[53] sspIterations[505] numSeparations[349] numCuts[0] compileTime[25] sspSolveTime[249] lpSolveTime[0] lb[3280.64] ub[3773.7] size: [15349182] time: [409]
STATS - lpIterations[1] lagIterations[54] sspIterations[530] numSeparations[349] numCuts[0] compileTime[25] sspSolveTime[267] lpSolveTime[0] lb[3297.3] ub[3773.7] size: [15349384] time: [432]
STATS - lpIterations[1] lagIterations[55] sspIterations[538] numSeparations[398] numCuts[0] compileTime[25] sspSolveTime[272] lpSolveTime[0] lb[3299.72] ub[3773.7] size: [15434572] time: [441]
STATS - lpIterations[1] lagIterations[56] sspIterations[554] numSeparations[398] numCuts[0] compileTime[25] sspSolveTime[283] lpSolveTime[0] lb[3303.91] ub[3773.7] size: [15410743] time: [456]
STATS - lpIterations[1] lagIterations[60] sspIterations[614] numSeparations[445] numCuts[0] compileTime[25] sspSolveTime[317] lpSolveTime[0] lb[3328] ub[3773.7] size: [15483134] time: [505]
STATS - lpIterations[1] lagIterations[61] sspIterations[625] numSeparations[445] numCuts[0] compileTime[25] sspSolveTime[324] lpSolveTime[0] lb[3328.46] ub[3773.7] size: [15458892] time: [512]
STATS - lpIterations[1] lagIterations[61] sspIterations[625] numSeparations[445] numCuts[0] compileTime[25] sspSolveTime[324] lpSolveTime[0] lb[3332.47] ub[3773.7] size: [15458892] time: [515]
STATS - lpIterations[1] lagIterations[64] sspIterations[664] numSeparations[492] numCuts[0] compileTime[25] sspSolveTime[347] lpSolveTime[0] lb[3336.4] ub[3773.7] size: [15521531] time: [550]
STATS - lpIterations[1] lagIterations[66] sspIterations[682] numSeparations[492] numCuts[0] compileTime[25] sspSolveTime[361] lpSolveTime[0] lb[3345.84] ub[3773.7] size: [15521467] time: [570]
STATS - lpIterations[1] lagIterations[68] sspIterations[699] numSeparations[541] numCuts[0] compileTime[25] sspSolveTime[374] lpSolveTime[0] lb[3349.64] ub[3773.7] size: [15606603] time: [587]
STATS - lpIterations[1] lagIterations[68] sspIterations[699] numSeparations[541] numCuts[0] compileTime[25] sspSolveTime[374] lpSolveTime[0] lb[3350.37] ub[3773.7] size: [15606603] time: [589]
STATS - lpIterations[1] lagIterations[69] sspIterations[721] numSeparations[541] numCuts[0] compileTime[25] sspSolveTime[388] lpSolveTime[0] lb[3371.42] ub[3773.7] size: [15580014] time: [608]
STATS - lpIterations[1] lagIterations[70] sspIterations[733] numSeparations[541] numCuts[0] compileTime[25] sspSolveTime[400] lpSolveTime[0] lb[3372.45] ub[3773.7] size: [15579499] time: [624]
STATS - lpIterations[1] lagIterations[71] sspIterations[744] numSeparations[541] numCuts[0] compileTime[25] sspSolveTime[407] lpSolveTime[0] lb[3372.58] ub[3773.7] size: [15579516] time: [636]
STATS - lpIterations[1] lagIterations[76] sspIterations[807] numSeparations[587] numCuts[0] compileTime[25] sspSolveTime[451] lpSolveTime[0] lb[3373.95] ub[3773.7] size: [15631236] time: [695]
STATS - lpIterations[1] lagIterations[76] sspIterations[807] numSeparations[587] numCuts[0] compileTime[25] sspSolveTime[451] lpSolveTime[0] lb[3383.67] ub[3773.7] size: [15631236] time: [698]
STATS - lpIterations[1] lagIterations[79] sspIterations[840] numSeparations[639] numCuts[0] compileTime[25] sspSolveTime[472] lpSolveTime[0] lb[3386.43] ub[3773.7] size: [15692781] time: [729]
STATS - lpIterations[1] lagIterations[80] sspIterations[851] numSeparations[639] numCuts[0] compileTime[25] sspSolveTime[484] lpSolveTime[0] lb[3393.72] ub[3773.7] size: [15692680] time: [746]
STATS - lpIterations[1] lagIterations[81] sspIterations[860] numSeparations[639] numCuts[0] compileTime[25] sspSolveTime[490] lpSolveTime[0] lb[3394.4] ub[3773.7] size: [15692290] time: [755]
STATS - lpIterations[1] lagIterations[82] sspIterations[872] numSeparations[688] numCuts[0] compileTime[25] sspSolveTime[497] lpSolveTime[0] lb[3399.62] ub[3773.7] size: [15768989] time: [766]
STATS - lpIterations[1] lagIterations[83] sspIterations[882] numSeparations[688] numCuts[0] compileTime[25] sspSolveTime[502] lpSolveTime[0] lb[3403.33] ub[3773.7] size: [15739959] time: [775]
STATS - lpIterations[1] lagIterations[86] sspIterations[925] numSeparations[688] numCuts[0] compileTime[25] sspSolveTime[536] lpSolveTime[0] lb[3412.34] ub[3773.7] size: [15739993] time: [820]
STATS - lpIterations[1] lagIterations[87] sspIterations[938] numSeparations[747] numCuts[0] compileTime[25] sspSolveTime[546] lpSolveTime[0] lb[3412.71] ub[3773.7] size: [15828554] time: [831]
STATS - lpIterations[1] lagIterations[87] sspIterations[938] numSeparations[747] numCuts[0] compileTime[25] sspSolveTime[546] lpSolveTime[0] lb[3416.21] ub[3773.7] size: [15828554] time: [834]
STATS - lpIterations[1] lagIterations[90] sspIterations[969] numSeparations[747] numCuts[0] compileTime[25] sspSolveTime[568] lpSolveTime[0] lb[3419.15] ub[3773.7] size: [15798110] time: [866]
STATS - lpIterations[1] lagIterations[92] sspIterations[999] numSeparations[793] numCuts[0] compileTime[25] sspSolveTime[589] lpSolveTime[0] lb[3428.43] ub[3773.7] size: [15873020] time: [897]
STATS - lpIterations[1] lagIterations[93] sspIterations[1007] numSeparations[793] numCuts[0] compileTime[25] sspSolveTime[593] lpSolveTime[0] lb[3428.74] ub[3773.7] size: [15841224] time: [905]
STATS - lpIterations[1] lagIterations[94] sspIterations[1032] numSeparations[793] numCuts[0] compileTime[25] sspSolveTime[611] lpSolveTime[0] lb[3429.03] ub[3773.7] size: [15841344] time: [928]
STATS - lpIterations[1] lagIterations[95] sspIterations[1045] numSeparations[844] numCuts[0] compileTime[25] sspSolveTime[618] lpSolveTime[0] lb[3431.47] ub[3773.7] size: [15932693] time: [936]
STATS - lpIterations[1] lagIterations[95] sspIterations[1045] numSeparations[844] numCuts[0] compileTime[25] sspSolveTime[618] lpSolveTime[0] lb[3432.53] ub[3773.7] size: [15932693] time: [939]
STATS - lpIterations[1] lagIterations[98] sspIterations[1081] numSeparations[844] numCuts[0] compileTime[25] sspSolveTime[642] lpSolveTime[0] lb[3434.9] ub[3773.7] size: [15899700] time: [976]
STATS - lpIterations[1] lagIterations[99] sspIterations[1090] numSeparations[844] numCuts[0] compileTime[25] sspSolveTime[653] lpSolveTime[0] lb[3435.41] ub[3773.7] size: [15899476] time: [990]
STATS - lpIterations[1] lagIterations[100] sspIterations[1100] numSeparations[900] numCuts[0] compileTime[25] sspSolveTime[658] lpSolveTime[0] lb[3437.77] ub[3773.7] size: [16000972] time: [1001]
STATS - lpIterations[1] lagIterations[103] sspIterations[1137] numSeparations[900] numCuts[0] compileTime[25] sspSolveTime[684] lpSolveTime[0] lb[3448.76] ub[3773.7] size: [15966509] time: [1041]
STATS - lpIterations[1] lagIterations[105] sspIterations[1161] numSeparations[953] numCuts[0] compileTime[25] sspSolveTime[702] lpSolveTime[0] lb[3453.47] ub[3773.7] size: [16061751] time: [1068]
STATS - lpIterations[1] lagIterations[109] sspIterations[1224] numSeparations[1010] numCuts[0] compileTime[25] sspSolveTime[747] lpSolveTime[0] lb[3455.07] ub[3773.7] size: [16133053] time: [1130]
STATS - lpIterations[1] lagIterations[112] sspIterations[1262] numSeparations[1010] numCuts[0] compileTime[25] sspSolveTime[774] lpSolveTime[0] lb[3459.63] ub[3773.7] size: [16092936] time: [1168]
STATS - lpIterations[1] lagIterations[113] sspIterations[1270] numSeparations[1062] numCuts[0] compileTime[25] sspSolveTime[779] lpSolveTime[0] lb[3461.05] ub[3773.7] size: [16180350] time: [1174]
STATS - lpIterations[1] lagIterations[113] sspIterations[1270] numSeparations[1062] numCuts[0] compileTime[25] sspSolveTime[779] lpSolveTime[0] lb[3462.51] ub[3773.7] size: [16180350] time: [1178]
STATS - lpIterations[1] lagIterations[115] sspIterations[1308] numSeparations[1062] numCuts[0] compileTime[25] sspSolveTime[808] lpSolveTime[0] lb[3462.77] ub[3773.7] size: [16136929] time: [1217]
STATS - lpIterations[1] lagIterations[118] sspIterations[1353] numSeparations[1111] numCuts[0] compileTime[25] sspSolveTime[848] lpSolveTime[0] lb[3468.44] ub[3773.7] size: [16194848] time: [1270]
STATS - lpIterations[1] lagIterations[119] sspIterations[1361] numSeparations[1111] numCuts[0] compileTime[25] sspSolveTime[854] lpSolveTime[0] lb[3468.96] ub[3773.7] size: [16187875] time: [1276]
STATS - lpIterations[1] lagIterations[119] sspIterations[1361] numSeparations[1111] numCuts[0] compileTime[25] sspSolveTime[854] lpSolveTime[0] lb[3468.98] ub[3773.7] size: [16187875] time: [1280]
STATS - lpIterations[1] lagIterations[120] sspIterations[1388] numSeparations[1111] numCuts[0] compileTime[25] sspSolveTime[871] lpSolveTime[0] lb[3473.86] ub[3773.7] size: [16187547] time: [1304]
STATS - lpIterations[1] lagIterations[122] sspIterations[1416] numSeparations[1170] numCuts[0] compileTime[25] sspSolveTime[891] lpSolveTime[0] lb[3477.5] ub[3773.7] size: [16244715] time: [1332]
STATS - lpIterations[1] lagIterations[127] sspIterations[1491] numSeparations[1225] numCuts[0] compileTime[25] sspSolveTime[945] lpSolveTime[0] lb[3479.25] ub[3773.7] size: [16290771] time: [1406]
STATS - lpIterations[1] lagIterations[127] sspIterations[1491] numSeparations[1225] numCuts[0] compileTime[25] sspSolveTime[945] lpSolveTime[0] lb[3481.17] ub[3773.7] size: [16290771] time: [1410]
STATS - lpIterations[1] lagIterations[130] sspIterations[1530] numSeparations[1279] numCuts[0] compileTime[25] sspSolveTime[971] lpSolveTime[0] lb[3482.04] ub[3773.7] size: [16344227] time: [1449]
STATS - lpIterations[1] lagIterations[132] sspIterations[1557] numSeparations[1279] numCuts[0] compileTime[25] sspSolveTime[989] lpSolveTime[0] lb[3486.6] ub[3773.7] size: [16333859] time: [1475]
STATS - lpIterations[1] lagIterations[134] sspIterations[1594] numSeparations[1327] numCuts[0] compileTime[25] sspSolveTime[1021] lpSolveTime[0] lb[3488.31] ub[3773.7] size: [16380211] time: [1518]
STATS - lpIterations[1] lagIterations[135] sspIterations[1604] numSeparations[1327] numCuts[0] compileTime[25] sspSolveTime[1028] lpSolveTime[0] lb[3489.14] ub[3773.7] size: [16368834] time: [1526]
STATS - lpIterations[1] lagIterations[135] sspIterations[1604] numSeparations[1327] numCuts[0] compileTime[25] sspSolveTime[1028] lpSolveTime[0] lb[3491.28] ub[3773.7] size: [16368834] time: [1530]
STATS - lpIterations[1] lagIterations[137] sspIterations[1634] numSeparations[1393] numCuts[0] compileTime[25] sspSolveTime[1052] lpSolveTime[0] lb[3491.9] ub[3773.7] size: [16513827] time: [1560]
STATS - lpIterations[1] lagIterations[137] sspIterations[1634] numSeparations[1393] numCuts[0] compileTime[25] sspSolveTime[1052] lpSolveTime[0] lb[3492.15] ub[3773.7] size: [16513827] time: [1563]
STATS - lpIterations[1] lagIterations[138] sspIterations[1672] numSeparations[1393] numCuts[0] compileTime[25] sspSolveTime[1088] lpSolveTime[0] lb[3497.36] ub[3773.7] size: [16425547] time: [1606]
STATS - lpIterations[1] lagIterations[139] sspIterations[1690] numSeparations[1393] numCuts[0] compileTime[25] sspSolveTime[1102] lpSolveTime[0] lb[3499.85] ub[3773.7] size: [16409025] time: [1626]
STATS - lpIterations[1] lagIterations[143] sspIterations[1760] numSeparations[1452] numCuts[0] compileTime[25] sspSolveTime[1155] lpSolveTime[0] lb[3503.03] ub[3773.7] size: [16484997] time: [1699]
STATS - lpIterations[1] lagIterations[144] sspIterations[1777] numSeparations[1518] numCuts[0] compileTime[25] sspSolveTime[1169] lpSolveTime[0] lb[3503.58] ub[3773.7] size: [16654024] time: [1719]
STATS - lpIterations[1] lagIterations[149] sspIterations[1855] numSeparations[1570] numCuts[0] compileTime[25] sspSolveTime[1225] lpSolveTime[0] lb[3503.86] ub[3773.7] size: [16578626] time: [1799]
STATS - lpIterations[1] lagIterations[154] sspIterations[1931] numSeparations[1623] numCuts[0] compileTime[25] sspSolveTime[1286] lpSolveTime[0] lb[3507.82] ub[3773.7] size: [16628789] time: [1885]
STATS - lpIterations[1] lagIterations[155] sspIterations[1941] numSeparations[1680] numCuts[0] compileTime[25] sspSolveTime[1293] lpSolveTime[0] lb[3508.57] ub[3773.7] size: [16810997] time: [1893]
STATS - lpIterations[1] lagIterations[155] sspIterations[1941] numSeparations[1680] numCuts[0] compileTime[25] sspSolveTime[1293] lpSolveTime[0] lb[3510.81] ub[3773.7] size: [16810997] time: [1897]
STATS - lpIterations[1] lagIterations[159] sspIterations[2001] numSeparations[1743] numCuts[0] compileTime[25] sspSolveTime[1340] lpSolveTime[0] lb[3510.95] ub[3773.7] size: [16869765] time: [1963]
STATS - lpIterations[1] lagIterations[160] sspIterations[2024] numSeparations[1743] numCuts[0] compileTime[25] sspSolveTime[1367] lpSolveTime[0] lb[3514.33] ub[3773.7] size: [16705842] time: [2000]
STATS - lpIterations[1] lagIterations[161] sspIterations[2031] numSeparations[1743] numCuts[0] compileTime[25] sspSolveTime[1371] lpSolveTime[0] lb[3514.39] ub[3773.7] size: [16674637] time: [2005]
STATS - lpIterations[1] lagIterations[161] sspIterations[2031] numSeparations[1743] numCuts[0] compileTime[25] sspSolveTime[1371] lpSolveTime[0] lb[3514.84] ub[3773.7] size: [16674637] time: [2008]
STATS - lpIterations[1] lagIterations[169] sspIterations[2143] numSeparations[1852] numCuts[0] compileTime[25] sspSolveTime[1466] lpSolveTime[0] lb[3515.34] ub[3773.7] size: [16779219] time: [2140]
STATS - lpIterations[1] lagIterations[170] sspIterations[2170] numSeparations[1852] numCuts[0] compileTime[25] sspSolveTime[1494] lpSolveTime[0] lb[3519.73] ub[3773.7] size: [16778330] time: [2176]
STATS - lpIterations[1] lagIterations[171] sspIterations[2182] numSeparations[1908] numCuts[0] compileTime[25] sspSolveTime[1502] lpSolveTime[0] lb[3521.22] ub[3773.7] size: [17024298] time: [2185]
STATS - lpIterations[1] lagIterations[171] sspIterations[2182] numSeparations[1908] numCuts[0] compileTime[25] sspSolveTime[1502] lpSolveTime[0] lb[3521.23] ub[3773.7] size: [17024298] time: [2190]
STATS - lpIterations[1] lagIterations[182] sspIterations[2358] numSeparations[2021] numCuts[0] compileTime[25] sspSolveTime[1686] lpSolveTime[0] lb[3527.52] ub[3773.7] size: [16873543] time: [2436]
STATS - lpIterations[1] lagIterations[183] sspIterations[2374] numSeparations[2088] numCuts[0] compileTime[25] sspSolveTime[1700] lpSolveTime[0] lb[3531.47] ub[3773.7] size: [17185600] time: [2457]
STATS - lpIterations[1] lagIterations[199] sspIterations[2594] numSeparations[2247] numCuts[0] compileTime[25] sspSolveTime[1897] lpSolveTime[0] lb[3534.59] ub[3773.7] size: [16967780] time: [2739]
STATS - lpIterations[1] lagIterations[200] sspIterations[2610] numSeparations[2316] numCuts[0] compileTime[25] sspSolveTime[1921] lpSolveTime[0] lb[3535.04] ub[3773.7] size: [17386525] time: [2769]
STATS - lpIterations[1] lagIterations[212] sspIterations[2796] numSeparations[2478] numCuts[0] compileTime[25] sspSolveTime[2096] lpSolveTime[0] lb[3537.51] ub[3773.7] size: [17163151] time: [3015]
STATS - lpIterations[1] lagIterations[213] sspIterations[2807] numSeparations[2478] numCuts[0] compileTime[25] sspSolveTime[2105] lpSolveTime[0] lb[3538.9] ub[3773.7] size: [17075433] time: [3024]
STATS - lpIterations[1] lagIterations[218] sspIterations[2886] numSeparations[2528] numCuts[0] compileTime[25] sspSolveTime[2178] lpSolveTime[0] lb[3541.02] ub[3773.7] size: [17156195] time: [3131]
STATS - lpIterations[1] lagIterations[219] sspIterations[2899] numSeparations[2591] numCuts[0] compileTime[25] sspSolveTime[2196] lpSolveTime[0] lb[3542.32] ub[3773.7] size: [17624146] time: [3155]
STATS - lpIterations[1] lagIterations[231] sspIterations[3048] numSeparations[2713] numCuts[0] compileTime[25] sspSolveTime[2331] lpSolveTime[0] lb[3542.99] ub[3773.7] size: [17183224] time: [3359]
STATS - lpIterations[1] lagIterations[234] sspIterations[3094] numSeparations[2765] numCuts[0] compileTime[25] sspSolveTime[2377] lpSolveTime[0] lb[3544.08] ub[3773.7] size: [17775369] time: [3423]
STATS - lpIterations[1] lagIterations[235] sspIterations[3103] numSeparations[2765] numCuts[0] compileTime[25] sspSolveTime[2386] lpSolveTime[0] lb[3545.83] ub[3773.7] size: [17200839] time: [3433]
STATS - lpIterations[1] lagIterations[235] sspIterations[3103] numSeparations[2765] numCuts[0] compileTime[25] sspSolveTime[2386] lpSolveTime[0] lb[3546.32] ub[3773.7] size: [17200839] time: [3438]
STATS - lpIterations[1] lagIterations[237] sspIterations[3134] numSeparations[2821] numCuts[0] compileTime[25] sspSolveTime[2418] lpSolveTime[0] lb[3546.41] ub[3773.7] size: [17819761] time: [3479]
STATS - lpIterations[1] lagIterations[238] sspIterations[3166] numSeparations[2821] numCuts[0] compileTime[25] sspSolveTime[2455] lpSolveTime[0] lb[3546.65] ub[3773.7] size: [17244745] time: [3528]
STATS - lpIterations[1] lagIterations[239] sspIterations[3182] numSeparations[2821] numCuts[0] compileTime[25] sspSolveTime[2471] lpSolveTime[0] lb[3549.4] ub[3773.7] size: [17196237] time: [3552]
