num loc: 26
hgs upper bound: 711.55
compiling dd
time step mult: 10000
time step: 1000000
cap step: 1
start compiling DD
add terminal node arcs
done compiling dd
num vars: 55499
STATS - lpIterations[1] lagIterations[0] sspIterations[0] numSeparations[0] numCuts[0] compileTime[0] sspSolveTime[0] lpSolveTime[10] lb[650.532] ub[711.55] size: [4365] time: [10]
num vars: 55718
STATS - lpIterations[2] lagIterations[0] sspIterations[0] numSeparations[2] numCuts[0] compileTime[0] sspSolveTime[0] lpSolveTime[21] lb[650.628] ub[711.55] size: [4377] time: [21]
num vars: 44833
STATS - lpIterations[3] lagIterations[0] sspIterations[0] numSeparations[4] numCuts[0] compileTime[0] sspSolveTime[0] lpSolveTime[29] lb[651.112] ub[711.55] size: [4389] time: [29]
num vars: 44664
STATS - lpIterations[4] lagIterations[0] sspIterations[0] numSeparations[8] numCuts[0] compileTime[0] sspSolveTime[0] lpSolveTime[38] lb[652.673] ub[711.55] size: [4402] time: [38]
num vars: 41672
STATS - lpIterations[5] lagIterations[0] sspIterations[0] numSeparations[18] numCuts[0] compileTime[0] sspSolveTime[0] lpSolveTime[46] lb[654.446] ub[711.55] size: [4424] time: [46]
num vars: 41263
STATS - lpIterations[6] lagIterations[0] sspIterations[0] numSeparations[28] numCuts[0] compileTime[0] sspSolveTime[0] lpSolveTime[54] lb[654.879] ub[711.55] size: [4451] time: [54]
num vars: 41353
STATS - lpIterations[7] lagIterations[0] sspIterations[0] numSeparations[41] numCuts[0] compileTime[0] sspSolveTime[0] lpSolveTime[62] lb[655.463] ub[711.55] size: [4490] time: [62]
num vars: 41797
STATS - lpIterations[8] lagIterations[0] sspIterations[0] numSeparations[48] numCuts[0] compileTime[0] sspSolveTime[0] lpSolveTime[70] lb[656.369] ub[711.55] size: [4504] time: [70]
num vars: 42063
STATS - lpIterations[9] lagIterations[0] sspIterations[0] numSeparations[60] numCuts[0] compileTime[0] sspSolveTime[0] lpSolveTime[78] lb[656.709] ub[711.55] size: [4535] time: [78]
num vars: 44124
ERROR - lower bound not monotonically increasing!!!
STATS - lpIterations[10] lagIterations[0] sspIterations[0] numSeparations[73] numCuts[0] compileTime[0] sspSolveTime[0] lpSolveTime[86] lb[654.382] ub[711.55] size: [4568] time: [87]
num vars: 42142
STATS - lpIterations[11] lagIterations[0] sspIterations[0] numSeparations[80] numCuts[0] compileTime[0] sspSolveTime[0] lpSolveTime[94] lb[657.112] ub[711.55] size: [4582] time: [94]
num vars: 42040
STATS - lpIterations[12] lagIterations[0] sspIterations[0] numSeparations[91] numCuts[0] compileTime[0] sspSolveTime[0] lpSolveTime[102] lb[657.477] ub[711.55] size: [4604] time: [102]
num vars: 42163
STATS - lpIterations[13] lagIterations[0] sspIterations[0] numSeparations[105] numCuts[0] compileTime[0] sspSolveTime[0] lpSolveTime[110] lb[657.806] ub[711.55] size: [4631] time: [110]
num vars: 41605
STATS - lpIterations[14] lagIterations[0] sspIterations[0] numSeparations[119] numCuts[0] compileTime[0] sspSolveTime[0] lpSolveTime[118] lb[658.136] ub[711.55] size: [4662] time: [118]
num vars: 41898
STATS - lpIterations[15] lagIterations[0] sspIterations[0] numSeparations[135] numCuts[0] compileTime[0] sspSolveTime[0] lpSolveTime[126] lb[658.467] ub[711.55] size: [4701] time: [126]
num vars: 41338
STATS - lpIterations[16] lagIterations[0] sspIterations[0] numSeparations[150] numCuts[0] compileTime[0] sspSolveTime[0] lpSolveTime[135] lb[658.782] ub[711.55] size: [4731] time: [135]
num vars: 40988
STATS - lpIterations[17] lagIterations[0] sspIterations[0] numSeparations[166] numCuts[0] compileTime[0] sspSolveTime[0] lpSolveTime[143] lb[659.152] ub[711.55] size: [4763] time: [144]
num vars: 40916
STATS - lpIterations[18] lagIterations[0] sspIterations[0] numSeparations[181] numCuts[0] compileTime[0] sspSolveTime[0] lpSolveTime[151] lb[659.615] ub[711.55] size: [4796] time: [152]
num vars: 41265
STATS - lpIterations[19] lagIterations[0] sspIterations[0] numSeparations[196] numCuts[0] compileTime[0] sspSolveTime[0] lpSolveTime[160] lb[659.927] ub[711.55] size: [4824] time: [160]
num vars: 41116
STATS - lpIterations[20] lagIterations[0] sspIterations[0] numSeparations[211] numCuts[0] compileTime[0] sspSolveTime[0] lpSolveTime[169] lb[660.261] ub[711.55] size: [4850] time: [169]
num vars: 40790
STATS - lpIterations[21] lagIterations[0] sspIterations[0] numSeparations[227] numCuts[0] compileTime[0] sspSolveTime[0] lpSolveTime[177] lb[660.547] ub[711.55] size: [4885] time: [178]
num vars: 40130
STATS - lpIterations[22] lagIterations[0] sspIterations[0] numSeparations[246] numCuts[0] compileTime[0] sspSolveTime[0] lpSolveTime[186] lb[660.813] ub[711.55] size: [4923] time: [186]
num vars: 40584
STATS - lpIterations[23] lagIterations[0] sspIterations[0] numSeparations[263] numCuts[0] compileTime[0] sspSolveTime[0] lpSolveTime[194] lb[661.147] ub[711.55] size: [4960] time: [195]
num vars: 40341
STATS - lpIterations[24] lagIterations[0] sspIterations[0] numSeparations[282] numCuts[0] compileTime[0] sspSolveTime[0] lpSolveTime[204] lb[661.467] ub[711.55] size: [4999] time: [204]
num vars: 39831
STATS - lpIterations[25] lagIterations[0] sspIterations[0] numSeparations[296] numCuts[0] compileTime[0] sspSolveTime[0] lpSolveTime[213] lb[661.921] ub[711.55] size: [5015] time: [213]
num vars: 40001
STATS - lpIterations[26] lagIterations[0] sspIterations[0] numSeparations[314] numCuts[0] compileTime[0] sspSolveTime[0] lpSolveTime[221] lb[662.235] ub[711.55] size: [5048] time: [222]
num vars: 40311
STATS - lpIterations[27] lagIterations[0] sspIterations[0] numSeparations[329] numCuts[0] compileTime[0] sspSolveTime[0] lpSolveTime[231] lb[662.504] ub[711.55] size: [5073] time: [231]
num vars: 39573
STATS - lpIterations[28] lagIterations[0] sspIterations[0] numSeparations[346] numCuts[0] compileTime[0] sspSolveTime[0] lpSolveTime[239] lb[662.771] ub[711.55] size: [5111] time: [239]
num vars: 36926
STATS - lpIterations[29] lagIterations[0] sspIterations[0] numSeparations[361] numCuts[0] compileTime[0] sspSolveTime[0] lpSolveTime[246] lb[663.321] ub[711.55] size: [5139] time: [246]
num vars: 33741
STATS - lpIterations[30] lagIterations[0] sspIterations[0] numSeparations[373] numCuts[0] compileTime[0] sspSolveTime[0] lpSolveTime[253] lb[663.632] ub[711.55] size: [5162] time: [253]
num vars: 34471
STATS - lpIterations[31] lagIterations[0] sspIterations[0] numSeparations[390] numCuts[0] compileTime[0] sspSolveTime[0] lpSolveTime[259] lb[663.975] ub[711.55] size: [5194] time: [260]
num vars: 36369
STATS - lpIterations[32] lagIterations[0] sspIterations[0] numSeparations[403] numCuts[0] compileTime[0] sspSolveTime[0] lpSolveTime[266] lb[664.378] ub[711.55] size: [5224] time: [267]
num vars: 35292
STATS - lpIterations[33] lagIterations[0] sspIterations[0] numSeparations[418] numCuts[0] compileTime[0] sspSolveTime[0] lpSolveTime[273] lb[664.543] ub[711.55] size: [5254] time: [274]
num vars: 35843
STATS - lpIterations[34] lagIterations[0] sspIterations[0] numSeparations[436] numCuts[0] compileTime[0] sspSolveTime[0] lpSolveTime[281] lb[665.232] ub[711.55] size: [5289] time: [282]
num vars: 35208
STATS - lpIterations[35] lagIterations[0] sspIterations[0] numSeparations[452] numCuts[0] compileTime[0] sspSolveTime[0] lpSolveTime[290] lb[665.383] ub[711.55] size: [5320] time: [290]
num vars: 35302
STATS - lpIterations[36] lagIterations[0] sspIterations[0] numSeparations[469] numCuts[0] compileTime[0] sspSolveTime[0] lpSolveTime[298] lb[665.645] ub[711.55] size: [5354] time: [299]
num vars: 35317
STATS - lpIterations[37] lagIterations[0] sspIterations[0] numSeparations[482] numCuts[0] compileTime[0] sspSolveTime[0] lpSolveTime[306] lb[665.757] ub[711.55] size: [5387] time: [307]
num vars: 35729
STATS - lpIterations[38] lagIterations[0] sspIterations[0] numSeparations[498] numCuts[0] compileTime[0] sspSolveTime[0] lpSolveTime[314] lb[666.012] ub[711.55] size: [5419] time: [315]
num vars: 34874
STATS - lpIterations[39] lagIterations[0] sspIterations[0] numSeparations[515] numCuts[0] compileTime[0] sspSolveTime[0] lpSolveTime[322] lb[666.227] ub[711.55] size: [5446] time: [323]
num vars: 35361
STATS - lpIterations[40] lagIterations[0] sspIterations[0] numSeparations[532] numCuts[0] compileTime[0] sspSolveTime[0] lpSolveTime[329] lb[666.427] ub[711.55] size: [5472] time: [330]
num vars: 34161
STATS - lpIterations[41] lagIterations[0] sspIterations[0] numSeparations[547] numCuts[0] compileTime[0] sspSolveTime[0] lpSolveTime[337] lb[666.705] ub[711.55] size: [5494] time: [337]
num vars: 34327
STATS - lpIterations[42] lagIterations[0] sspIterations[0] numSeparations[562] numCuts[0] compileTime[0] sspSolveTime[0] lpSolveTime[344] lb[666.899] ub[711.55] size: [5525] time: [344]
num vars: 35186
STATS - lpIterations[43] lagIterations[0] sspIterations[0] numSeparations[579] numCuts[0] compileTime[0] sspSolveTime[0] lpSolveTime[352] lb[667.251] ub[711.55] size: [5566] time: [353]
num vars: 35197
STATS - lpIterations[44] lagIterations[0] sspIterations[0] numSeparations[597] numCuts[0] compileTime[0] sspSolveTime[0] lpSolveTime[360] lb[667.414] ub[711.55] size: [5601] time: [360]
num vars: 35290
STATS - lpIterations[45] lagIterations[0] sspIterations[0] numSeparations[612] numCuts[0] compileTime[0] sspSolveTime[0] lpSolveTime[368] lb[667.626] ub[711.55] size: [5633] time: [369]
num vars: 35126
STATS - lpIterations[46] lagIterations[0] sspIterations[0] numSeparations[628] numCuts[0] compileTime[0] sspSolveTime[0] lpSolveTime[377] lb[667.743] ub[711.55] size: [5666] time: [378]
num vars: 35204
STATS - lpIterations[47] lagIterations[0] sspIterations[0] numSeparations[642] numCuts[0] compileTime[0] sspSolveTime[0] lpSolveTime[385] lb[668.027] ub[711.55] size: [5691] time: [385]
num vars: 34534
STATS - lpIterations[48] lagIterations[0] sspIterations[0] numSeparations[659] numCuts[0] compileTime[0] sspSolveTime[0] lpSolveTime[393] lb[668.157] ub[711.55] size: [5729] time: [394]
num vars: 34589
STATS - lpIterations[49] lagIterations[0] sspIterations[0] numSeparations[677] numCuts[0] compileTime[0] sspSolveTime[0] lpSolveTime[401] lb[668.318] ub[711.55] size: [5763] time: [402]
num vars: 34723
STATS - lpIterations[50] lagIterations[0] sspIterations[0] numSeparations[694] numCuts[0] compileTime[0] sspSolveTime[0] lpSolveTime[410] lb[668.429] ub[711.55] size: [5802] time: [411]
num vars: 35019
STATS - lpIterations[51] lagIterations[0] sspIterations[0] numSeparations[712] numCuts[0] compileTime[0] sspSolveTime[0] lpSolveTime[419] lb[668.591] ub[711.55] size: [5835] time: [420]
num vars: 34258
STATS - lpIterations[52] lagIterations[0] sspIterations[0] numSeparations[731] numCuts[0] compileTime[0] sspSolveTime[0] lpSolveTime[428] lb[668.793] ub[711.55] size: [5874] time: [429]
num vars: 35040
STATS - lpIterations[53] lagIterations[0] sspIterations[0] numSeparations[748] numCuts[0] compileTime[0] sspSolveTime[0] lpSolveTime[438] lb[669.008] ub[711.55] size: [5906] time: [439]
num vars: 35071
STATS - lpIterations[54] lagIterations[0] sspIterations[0] numSeparations[764] numCuts[0] compileTime[0] sspSolveTime[0] lpSolveTime[448] lb[669.127] ub[711.55] size: [5934] time: [449]
num vars: 35203
STATS - lpIterations[55] lagIterations[0] sspIterations[0] numSeparations[782] numCuts[0] compileTime[0] sspSolveTime[0] lpSolveTime[457] lb[669.261] ub[711.55] size: [5967] time: [458]
num vars: 35120
STATS - lpIterations[56] lagIterations[0] sspIterations[0] numSeparations[800] numCuts[0] compileTime[0] sspSolveTime[0] lpSolveTime[466] lb[669.399] ub[711.55] size: [6005] time: [467]
num vars: 35170
STATS - lpIterations[57] lagIterations[0] sspIterations[0] numSeparations[817] numCuts[0] compileTime[0] sspSolveTime[0] lpSolveTime[475] lb[669.506] ub[711.55] size: [6036] time: [476]
num vars: 35026
STATS - lpIterations[58] lagIterations[0] sspIterations[0] numSeparations[834] numCuts[0] compileTime[0] sspSolveTime[0] lpSolveTime[485] lb[669.708] ub[711.55] size: [6067] time: [486]
num vars: 34987
STATS - lpIterations[59] lagIterations[0] sspIterations[0] numSeparations[851] numCuts[0] compileTime[0] sspSolveTime[0] lpSolveTime[494] lb[669.83] ub[711.55] size: [6102] time: [495]
num vars: 34809
STATS - lpIterations[60] lagIterations[0] sspIterations[0] numSeparations[870] numCuts[0] compileTime[0] sspSolveTime[0] lpSolveTime[503] lb[670.02] ub[711.55] size: [6133] time: [504]
num vars: 35136
STATS - lpIterations[61] lagIterations[0] sspIterations[0] numSeparations[886] numCuts[0] compileTime[0] sspSolveTime[0] lpSolveTime[512] lb[670.095] ub[711.55] size: [6162] time: [513]
num vars: 35157
STATS - lpIterations[62] lagIterations[0] sspIterations[0] numSeparations[905] numCuts[0] compileTime[0] sspSolveTime[0] lpSolveTime[524] lb[670.209] ub[711.55] size: [6193] time: [525]
num vars: 35370
STATS - lpIterations[63] lagIterations[0] sspIterations[0] numSeparations[923] numCuts[0] compileTime[0] sspSolveTime[0] lpSolveTime[533] lb[670.339] ub[711.55] size: [6226] time: [534]
num vars: 35428
STATS - lpIterations[64] lagIterations[0] sspIterations[0] numSeparations[941] numCuts[0] compileTime[0] sspSolveTime[0] lpSolveTime[542] lb[670.483] ub[711.55] size: [6260] time: [544]
num vars: 35396
STATS - lpIterations[65] lagIterations[0] sspIterations[0] numSeparations[960] numCuts[0] compileTime[0] sspSolveTime[0] lpSolveTime[552] lb[670.594] ub[711.55] size: [6285] time: [553]
num vars: 35536
STATS - lpIterations[66] lagIterations[0] sspIterations[0] numSeparations[978] numCuts[0] compileTime[0] sspSolveTime[0] lpSolveTime[562] lb[670.673] ub[711.55] size: [6319] time: [564]
num vars: 35270
STATS - lpIterations[67] lagIterations[0] sspIterations[0] numSeparations[995] numCuts[0] compileTime[0] sspSolveTime[0] lpSolveTime[572] lb[670.863] ub[711.55] size: [6347] time: [573]
num vars: 35254
STATS - lpIterations[68] lagIterations[0] sspIterations[0] numSeparations[1013] numCuts[0] compileTime[0] sspSolveTime[0] lpSolveTime[582] lb[670.943] ub[711.55] size: [6377] time: [583]
num vars: 35480
STATS - lpIterations[69] lagIterations[0] sspIterations[0] numSeparations[1033] numCuts[0] compileTime[0] sspSolveTime[0] lpSolveTime[593] lb[671.047] ub[711.55] size: [6408] time: [594]
num vars: 35480
STATS - lpIterations[70] lagIterations[0] sspIterations[0] numSeparations[1052] numCuts[0] compileTime[0] sspSolveTime[0] lpSolveTime[604] lb[671.128] ub[711.55] size: [6436] time: [605]
num vars: 35483
STATS - lpIterations[71] lagIterations[0] sspIterations[0] numSeparations[1070] numCuts[0] compileTime[0] sspSolveTime[0] lpSolveTime[615] lb[671.283] ub[711.55] size: [6467] time: [616]
num vars: 34865
STATS - lpIterations[72] lagIterations[0] sspIterations[0] numSeparations[1087] numCuts[0] compileTime[0] sspSolveTime[0] lpSolveTime[625] lb[671.38] ub[711.55] size: [6492] time: [626]
num vars: 35100
STATS - lpIterations[73] lagIterations[0] sspIterations[0] numSeparations[1105] numCuts[0] compileTime[0] sspSolveTime[0] lpSolveTime[635] lb[671.512] ub[711.55] size: [6525] time: [636]
num vars: 34857
STATS - lpIterations[74] lagIterations[0] sspIterations[0] numSeparations[1125] numCuts[0] compileTime[0] sspSolveTime[0] lpSolveTime[645] lb[671.621] ub[711.55] size: [6554] time: [646]
num vars: 34288
STATS - lpIterations[75] lagIterations[0] sspIterations[0] numSeparations[1145] numCuts[0] compileTime[0] sspSolveTime[0] lpSolveTime[655] lb[671.743] ub[711.55] size: [6581] time: [657]
num vars: 35054
STATS - lpIterations[76] lagIterations[0] sspIterations[0] numSeparations[1164] numCuts[0] compileTime[0] sspSolveTime[0] lpSolveTime[666] lb[671.832] ub[711.55] size: [6614] time: [668]
num vars: 35473
STATS - lpIterations[77] lagIterations[0] sspIterations[0] numSeparations[1184] numCuts[0] compileTime[0] sspSolveTime[0] lpSolveTime[677] lb[671.923] ub[711.55] size: [6650] time: [679]
num vars: 35170
STATS - lpIterations[78] lagIterations[0] sspIterations[0] numSeparations[1203] numCuts[0] compileTime[0] sspSolveTime[0] lpSolveTime[688] lb[672.064] ub[711.55] size: [6679] time: [689]
num vars: 35296
STATS - lpIterations[79] lagIterations[0] sspIterations[0] numSeparations[1224] numCuts[0] compileTime[0] sspSolveTime[0] lpSolveTime[697] lb[672.128] ub[711.55] size: [6704] time: [699]
num vars: 35802
STATS - lpIterations[80] lagIterations[0] sspIterations[0] numSeparations[1243] numCuts[0] compileTime[0] sspSolveTime[0] lpSolveTime[708] lb[672.207] ub[711.55] size: [6743] time: [710]
num vars: 35381
STATS - lpIterations[81] lagIterations[0] sspIterations[0] numSeparations[1259] numCuts[0] compileTime[0] sspSolveTime[0] lpSolveTime[720] lb[672.264] ub[711.55] size: [6782] time: [722]
num vars: 35545
STATS - lpIterations[82] lagIterations[0] sspIterations[0] numSeparations[1277] numCuts[0] compileTime[0] sspSolveTime[0] lpSolveTime[733] lb[672.369] ub[711.55] size: [6812] time: [734]
num vars: 35312
STATS - lpIterations[83] lagIterations[0] sspIterations[0] numSeparations[1295] numCuts[0] compileTime[0] sspSolveTime[0] lpSolveTime[744] lb[672.449] ub[711.55] size: [6841] time: [746]
num vars: 36479
STATS - lpIterations[84] lagIterations[0] sspIterations[0] numSeparations[1313] numCuts[0] compileTime[0] sspSolveTime[0] lpSolveTime[756] lb[672.516] ub[711.55] size: [6859] time: [757]
num vars: 36489
STATS - lpIterations[85] lagIterations[0] sspIterations[0] numSeparations[1334] numCuts[0] compileTime[0] sspSolveTime[0] lpSolveTime[768] lb[672.67] ub[711.55] size: [6897] time: [770]
num vars: 36684
STATS - lpIterations[86] lagIterations[0] sspIterations[0] numSeparations[1355] numCuts[0] compileTime[0] sspSolveTime[0] lpSolveTime[780] lb[672.827] ub[711.55] size: [6945] time: [782]
num vars: 36603
STATS - lpIterations[87] lagIterations[0] sspIterations[0] numSeparations[1375] numCuts[0] compileTime[0] sspSolveTime[0] lpSolveTime[794] lb[672.912] ub[711.55] size: [6984] time: [795]
num vars: 36243
STATS - lpIterations[88] lagIterations[0] sspIterations[0] numSeparations[1392] numCuts[0] compileTime[0] sspSolveTime[0] lpSolveTime[805] lb[673.028] ub[711.55] size: [7014] time: [807]
num vars: 36206
STATS - lpIterations[89] lagIterations[0] sspIterations[0] numSeparations[1410] numCuts[0] compileTime[0] sspSolveTime[0] lpSolveTime[817] lb[673.129] ub[711.55] size: [7054] time: [819]
num vars: 36403
STATS - lpIterations[90] lagIterations[0] sspIterations[0] numSeparations[1426] numCuts[0] compileTime[0] sspSolveTime[0] lpSolveTime[830] lb[673.174] ub[711.55] size: [7083] time: [831]
num vars: 36442
STATS - lpIterations[91] lagIterations[0] sspIterations[0] numSeparations[1446] numCuts[0] compileTime[0] sspSolveTime[0] lpSolveTime[842] lb[673.234] ub[711.55] size: [7109] time: [844]
num vars: 36221
STATS - lpIterations[92] lagIterations[0] sspIterations[0] numSeparations[1463] numCuts[0] compileTime[0] sspSolveTime[0] lpSolveTime[854] lb[673.307] ub[711.55] size: [7140] time: [856]
num vars: 36292
STATS - lpIterations[93] lagIterations[0] sspIterations[0] numSeparations[1481] numCuts[0] compileTime[0] sspSolveTime[0] lpSolveTime[867] lb[673.385] ub[711.55] size: [7174] time: [868]
num vars: 36264
STATS - lpIterations[94] lagIterations[0] sspIterations[0] numSeparations[1500] numCuts[0] compileTime[0] sspSolveTime[0] lpSolveTime[880] lb[673.454] ub[711.55] size: [7205] time: [881]
num vars: 36389
STATS - lpIterations[95] lagIterations[0] sspIterations[0] numSeparations[1520] numCuts[0] compileTime[0] sspSolveTime[0] lpSolveTime[893] lb[673.489] ub[711.55] size: [7244] time: [894]
num vars: 36558
STATS - lpIterations[96] lagIterations[0] sspIterations[0] numSeparations[1540] numCuts[0] compileTime[0] sspSolveTime[0] lpSolveTime[905] lb[673.574] ub[711.55] size: [7272] time: [907]
num vars: 36321
STATS - lpIterations[97] lagIterations[0] sspIterations[0] numSeparations[1558] numCuts[0] compileTime[0] sspSolveTime[0] lpSolveTime[917] lb[673.664] ub[711.55] size: [7303] time: [919]
num vars: 38121
STATS - lpIterations[98] lagIterations[0] sspIterations[0] numSeparations[1576] numCuts[0] compileTime[0] sspSolveTime[0] lpSolveTime[930] lb[673.829] ub[711.55] size: [7337] time: [932]
num vars: 37656
STATS - lpIterations[99] lagIterations[0] sspIterations[0] numSeparations[1593] numCuts[0] compileTime[0] sspSolveTime[0] lpSolveTime[942] lb[673.959] ub[711.55] size: [7366] time: [944]
num vars: 37418
STATS - lpIterations[100] lagIterations[0] sspIterations[0] numSeparations[1611] numCuts[0] compileTime[0] sspSolveTime[0] lpSolveTime[956] lb[674.004] ub[711.55] size: [7398] time: [958]
num vars: 37460
STATS - lpIterations[101] lagIterations[0] sspIterations[0] numSeparations[1629] numCuts[0] compileTime[0] sspSolveTime[0] lpSolveTime[969] lb[674.062] ub[711.55] size: [7426] time: [971]
num vars: 37220
STATS - lpIterations[102] lagIterations[0] sspIterations[0] numSeparations[1649] numCuts[0] compileTime[0] sspSolveTime[0] lpSolveTime[981] lb[674.109] ub[711.55] size: [7457] time: [983]
num vars: 37637
STATS - lpIterations[103] lagIterations[0] sspIterations[0] numSeparations[1669] numCuts[0] compileTime[0] sspSolveTime[0] lpSolveTime[994] lb[674.226] ub[711.55] size: [7481] time: [996]
num vars: 37604
STATS - lpIterations[104] lagIterations[0] sspIterations[0] numSeparations[1688] numCuts[0] compileTime[0] sspSolveTime[0] lpSolveTime[1007] lb[674.271] ub[711.55] size: [7524] time: [1010]
num vars: 37586
STATS - lpIterations[105] lagIterations[0] sspIterations[0] numSeparations[1709] numCuts[0] compileTime[0] sspSolveTime[0] lpSolveTime[1022] lb[674.306] ub[711.55] size: [7563] time: [1024]
num vars: 37765
STATS - lpIterations[106] lagIterations[0] sspIterations[0] numSeparations[1727] numCuts[0] compileTime[0] sspSolveTime[0] lpSolveTime[1035] lb[674.396] ub[711.55] size: [7591] time: [1037]
num vars: 37681
STATS - lpIterations[107] lagIterations[0] sspIterations[0] numSeparations[1745] numCuts[0] compileTime[0] sspSolveTime[0] lpSolveTime[1048] lb[674.435] ub[711.55] size: [7620] time: [1050]
num vars: 38122
STATS - lpIterations[108] lagIterations[0] sspIterations[0] numSeparations[1763] numCuts[0] compileTime[0] sspSolveTime[0] lpSolveTime[1062] lb[674.533] ub[711.55] size: [7652] time: [1064]
num vars: 38075
STATS - lpIterations[109] lagIterations[0] sspIterations[0] numSeparations[1783] numCuts[0] compileTime[0] sspSolveTime[0] lpSolveTime[1076] lb[674.612] ub[711.55] size: [7688] time: [1078]
num vars: 37789
STATS - lpIterations[110] lagIterations[0] sspIterations[0] numSeparations[1804] numCuts[0] compileTime[0] sspSolveTime[0] lpSolveTime[1090] lb[674.692] ub[711.55] size: [7715] time: [1093]
num vars: 37862
STATS - lpIterations[111] lagIterations[0] sspIterations[0] numSeparations[1824] numCuts[0] compileTime[0] sspSolveTime[0] lpSolveTime[1104] lb[674.764] ub[711.55] size: [7747] time: [1106]
num vars: 37586
STATS - lpIterations[112] lagIterations[0] sspIterations[0] numSeparations[1843] numCuts[0] compileTime[0] sspSolveTime[0] lpSolveTime[1119] lb[674.866] ub[711.55] size: [7768] time: [1121]
num vars: 37806
STATS - lpIterations[113] lagIterations[0] sspIterations[0] numSeparations[1863] numCuts[0] compileTime[0] sspSolveTime[0] lpSolveTime[1133] lb[674.933] ub[711.55] size: [7800] time: [1135]
num vars: 37775
STATS - lpIterations[114] lagIterations[0] sspIterations[0] numSeparations[1883] numCuts[0] compileTime[0] sspSolveTime[0] lpSolveTime[1147] lb[675.008] ub[711.55] size: [7832] time: [1149]
num vars: 37695
STATS - lpIterations[115] lagIterations[0] sspIterations[0] numSeparations[1899] numCuts[0] compileTime[0] sspSolveTime[0] lpSolveTime[1161] lb[675.097] ub[711.55] size: [7858] time: [1163]
num vars: 37690
STATS - lpIterations[116] lagIterations[0] sspIterations[0] numSeparations[1918] numCuts[0] compileTime[0] sspSolveTime[0] lpSolveTime[1174] lb[675.17] ub[711.55] size: [7893] time: [1177]
num vars: 37376
STATS - lpIterations[117] lagIterations[0] sspIterations[0] numSeparations[1937] numCuts[0] compileTime[0] sspSolveTime[0] lpSolveTime[1186] lb[675.27] ub[711.55] size: [7932] time: [1189]
num vars: 37858
STATS - lpIterations[118] lagIterations[0] sspIterations[0] numSeparations[1957] numCuts[0] compileTime[0] sspSolveTime[0] lpSolveTime[1200] lb[675.337] ub[711.55] size: [7962] time: [1202]
num vars: 37715
STATS - lpIterations[119] lagIterations[0] sspIterations[0] numSeparations[1976] numCuts[0] compileTime[0] sspSolveTime[0] lpSolveTime[1213] lb[675.411] ub[711.55] size: [7991] time: [1216]
num vars: 37456
STATS - lpIterations[120] lagIterations[0] sspIterations[0] numSeparations[1995] numCuts[0] compileTime[0] sspSolveTime[0] lpSolveTime[1227] lb[675.515] ub[711.55] size: [8030] time: [1230]
num vars: 37927
STATS - lpIterations[121] lagIterations[0] sspIterations[0] numSeparations[2014] numCuts[0] compileTime[0] sspSolveTime[0] lpSolveTime[1242] lb[675.599] ub[711.55] size: [8065] time: [1245]
num vars: 37815
STATS - lpIterations[122] lagIterations[0] sspIterations[0] numSeparations[2034] numCuts[0] compileTime[0] sspSolveTime[0] lpSolveTime[1256] lb[675.653] ub[711.55] size: [8094] time: [1258]
num vars: 38399
STATS - lpIterations[123] lagIterations[0] sspIterations[0] numSeparations[2052] numCuts[0] compileTime[0] sspSolveTime[0] lpSolveTime[1270] lb[675.744] ub[711.55] size: [8118] time: [1273]
num vars: 38381
STATS - lpIterations[124] lagIterations[0] sspIterations[0] numSeparations[2072] numCuts[0] compileTime[0] sspSolveTime[0] lpSolveTime[1286] lb[675.803] ub[711.55] size: [8148] time: [1289]
num vars: 38456
STATS - lpIterations[125] lagIterations[0] sspIterations[0] numSeparations[2091] numCuts[0] compileTime[0] sspSolveTime[0] lpSolveTime[1300] lb[675.92] ub[711.55] size: [8174] time: [1303]
num vars: 38054
STATS - lpIterations[126] lagIterations[0] sspIterations[0] numSeparations[2111] numCuts[0] compileTime[0] sspSolveTime[0] lpSolveTime[1314] lb[675.97] ub[711.55] size: [8213] time: [1317]
num vars: 38394
STATS - lpIterations[127] lagIterations[0] sspIterations[0] numSeparations[2132] numCuts[0] compileTime[0] sspSolveTime[0] lpSolveTime[1328] lb[676.039] ub[711.55] size: [8245] time: [1331]
num vars: 38358
STATS - lpIterations[128] lagIterations[0] sspIterations[0] numSeparations[2151] numCuts[0] compileTime[0] sspSolveTime[0] lpSolveTime[1344] lb[676.109] ub[711.55] size: [8274] time: [1346]
num vars: 38333
STATS - lpIterations[129] lagIterations[0] sspIterations[0] numSeparations[2169] numCuts[0] compileTime[0] sspSolveTime[0] lpSolveTime[1359] lb[676.137] ub[711.55] size: [8311] time: [1362]
num vars: 38565
STATS - lpIterations[130] lagIterations[0] sspIterations[0] numSeparations[2189] numCuts[0] compileTime[0] sspSolveTime[0] lpSolveTime[1373] lb[676.209] ub[711.55] size: [8347] time: [1376]
num vars: 38438
STATS - lpIterations[131] lagIterations[0] sspIterations[0] numSeparations[2208] numCuts[0] compileTime[0] sspSolveTime[0] lpSolveTime[1388] lb[676.269] ub[711.55] size: [8374] time: [1391]
num vars: 40393
STATS - lpIterations[132] lagIterations[0] sspIterations[0] numSeparations[2228] numCuts[0] compileTime[0] sspSolveTime[0] lpSolveTime[1404] lb[676.335] ub[711.55] size: [8401] time: [1407]
num vars: 40531
STATS - lpIterations[133] lagIterations[0] sspIterations[0] numSeparations[2248] numCuts[0] compileTime[0] sspSolveTime[0] lpSolveTime[1420] lb[676.383] ub[711.55] size: [8439] time: [1423]
num vars: 40497
STATS - lpIterations[134] lagIterations[0] sspIterations[0] numSeparations[2267] numCuts[0] compileTime[0] sspSolveTime[0] lpSolveTime[1437] lb[676.462] ub[711.55] size: [8467] time: [1440]
num vars: 40170
STATS - lpIterations[135] lagIterations[0] sspIterations[0] numSeparations[2287] numCuts[0] compileTime[0] sspSolveTime[0] lpSolveTime[1452] lb[676.5] ub[711.55] size: [8507] time: [1456]
num vars: 40627
STATS - lpIterations[136] lagIterations[0] sspIterations[0] numSeparations[2305] numCuts[0] compileTime[0] sspSolveTime[0] lpSolveTime[1467] lb[676.572] ub[711.55] size: [8539] time: [1470]
num vars: 40376
STATS - lpIterations[137] lagIterations[0] sspIterations[0] numSeparations[2325] numCuts[0] compileTime[0] sspSolveTime[0] lpSolveTime[1481] lb[676.653] ub[711.55] size: [8571] time: [1485]
num vars: 40597
STATS - lpIterations[138] lagIterations[0] sspIterations[0] numSeparations[2344] numCuts[0] compileTime[0] sspSolveTime[0] lpSolveTime[1499] lb[676.709] ub[711.55] size: [8605] time: [1502]
num vars: 40303
STATS - lpIterations[139] lagIterations[0] sspIterations[0] numSeparations[2362] numCuts[0] compileTime[0] sspSolveTime[0] lpSolveTime[1516] lb[676.801] ub[711.55] size: [8631] time: [1519]
num vars: 40117
STATS - lpIterations[140] lagIterations[0] sspIterations[0] numSeparations[2381] numCuts[0] compileTime[0] sspSolveTime[0] lpSolveTime[1533] lb[676.841] ub[711.55] size: [8670] time: [1536]
num vars: 40111
STATS - lpIterations[141] lagIterations[0] sspIterations[0] numSeparations[2402] numCuts[0] compileTime[0] sspSolveTime[0] lpSolveTime[1549] lb[676.911] ub[711.55] size: [8709] time: [1552]
num vars: 40280
STATS - lpIterations[142] lagIterations[0] sspIterations[0] numSeparations[2419] numCuts[0] compileTime[0] sspSolveTime[0] lpSolveTime[1564] lb[676.973] ub[711.55] size: [8745] time: [1568]
num vars: 40072
STATS - lpIterations[143] lagIterations[0] sspIterations[0] numSeparations[2439] numCuts[0] compileTime[0] sspSolveTime[0] lpSolveTime[1582] lb[677.026] ub[711.55] size: [8780] time: [1585]
num vars: 40098
STATS - lpIterations[144] lagIterations[0] sspIterations[0] numSeparations[2458] numCuts[0] compileTime[0] sspSolveTime[0] lpSolveTime[1598] lb[677.078] ub[711.55] size: [8815] time: [1602]
num vars: 40102
STATS - lpIterations[145] lagIterations[0] sspIterations[0] numSeparations[2478] numCuts[0] compileTime[0] sspSolveTime[0] lpSolveTime[1616] lb[677.147] ub[711.55] size: [8853] time: [1620]
num vars: 40278
STATS - lpIterations[146] lagIterations[0] sspIterations[0] numSeparations[2498] numCuts[0] compileTime[0] sspSolveTime[0] lpSolveTime[1633] lb[677.212] ub[711.55] size: [8892] time: [1636]
num vars: 40198
STATS - lpIterations[147] lagIterations[0] sspIterations[0] numSeparations[2518] numCuts[0] compileTime[0] sspSolveTime[0] lpSolveTime[1649] lb[677.283] ub[711.55] size: [8921] time: [1652]
num vars: 40274
STATS - lpIterations[148] lagIterations[0] sspIterations[0] numSeparations[2536] numCuts[0] compileTime[0] sspSolveTime[0] lpSolveTime[1667] lb[677.329] ub[711.55] size: [8956] time: [1671]
num vars: 40262
STATS - lpIterations[149] lagIterations[0] sspIterations[0] numSeparations[2557] numCuts[0] compileTime[0] sspSolveTime[0] lpSolveTime[1684] lb[677.379] ub[711.55] size: [8984] time: [1688]
num vars: 40486
STATS - lpIterations[150] lagIterations[0] sspIterations[0] numSeparations[2575] numCuts[0] compileTime[0] sspSolveTime[0] lpSolveTime[1702] lb[677.404] ub[711.55] size: [9030] time: [1706]
num vars: 40406
STATS - lpIterations[151] lagIterations[0] sspIterations[0] numSeparations[2594] numCuts[0] compileTime[0] sspSolveTime[0] lpSolveTime[1719] lb[677.464] ub[711.55] size: [9056] time: [1723]
num vars: 40622
STATS - lpIterations[152] lagIterations[0] sspIterations[0] numSeparations[2614] numCuts[0] compileTime[0] sspSolveTime[0] lpSolveTime[1737] lb[677.533] ub[711.55] size: [9086] time: [1740]
num vars: 40491
STATS - lpIterations[153] lagIterations[0] sspIterations[0] numSeparations[2633] numCuts[0] compileTime[0] sspSolveTime[0] lpSolveTime[1754] lb[677.596] ub[711.55] size: [9109] time: [1757]
num vars: 40508
STATS - lpIterations[154] lagIterations[0] sspIterations[0] numSeparations[2652] numCuts[0] compileTime[0] sspSolveTime[0] lpSolveTime[1770] lb[677.651] ub[711.55] size: [9142] time: [1774]
num vars: 40593
STATS - lpIterations[155] lagIterations[0] sspIterations[0] numSeparations[2671] numCuts[0] compileTime[0] sspSolveTime[0] lpSolveTime[1787] lb[677.703] ub[711.55] size: [9171] time: [1791]
num vars: 40539
STATS - lpIterations[156] lagIterations[0] sspIterations[0] numSeparations[2692] numCuts[0] compileTime[0] sspSolveTime[0] lpSolveTime[1805] lb[677.751] ub[711.55] size: [9216] time: [1809]
num vars: 40639
STATS - lpIterations[157] lagIterations[0] sspIterations[0] numSeparations[2713] numCuts[0] compileTime[0] sspSolveTime[0] lpSolveTime[1823] lb[677.813] ub[711.55] size: [9240] time: [1827]
num vars: 40678
STATS - lpIterations[158] lagIterations[0] sspIterations[0] numSeparations[2733] numCuts[0] compileTime[0] sspSolveTime[0] lpSolveTime[1840] lb[677.891] ub[711.55] size: [9287] time: [1844]
num vars: 40739
STATS - lpIterations[159] lagIterations[0] sspIterations[0] numSeparations[2753] numCuts[0] compileTime[0] sspSolveTime[0] lpSolveTime[1858] lb[677.963] ub[711.55] size: [9316] time: [1862]
num vars: 40610
STATS - lpIterations[160] lagIterations[0] sspIterations[0] numSeparations[2773] numCuts[0] compileTime[0] sspSolveTime[0] lpSolveTime[1875] lb[678.002] ub[711.55] size: [9345] time: [1879]
num vars: 40777
STATS - lpIterations[161] lagIterations[0] sspIterations[0] numSeparations[2792] numCuts[0] compileTime[0] sspSolveTime[0] lpSolveTime[1893] lb[678.057] ub[711.55] size: [9379] time: [1897]
num vars: 40032
STATS - lpIterations[162] lagIterations[0] sspIterations[0] numSeparations[2810] numCuts[0] compileTime[0] sspSolveTime[0] lpSolveTime[1912] lb[678.155] ub[711.55] size: [9401] time: [1916]
num vars: 40803
STATS - lpIterations[163] lagIterations[0] sspIterations[0] numSeparations[2830] numCuts[0] compileTime[0] sspSolveTime[0] lpSolveTime[1929] lb[678.184] ub[711.55] size: [9438] time: [1933]
num vars: 40806
STATS - lpIterations[164] lagIterations[0] sspIterations[0] numSeparations[2850] numCuts[0] compileTime[0] sspSolveTime[0] lpSolveTime[1947] lb[678.227] ub[711.55] size: [9472] time: [1951]
num vars: 40890
STATS - lpIterations[165] lagIterations[0] sspIterations[0] numSeparations[2871] numCuts[0] compileTime[0] sspSolveTime[0] lpSolveTime[1967] lb[678.293] ub[711.55] size: [9512] time: [1971]
num vars: 40898
STATS - lpIterations[166] lagIterations[0] sspIterations[0] numSeparations[2891] numCuts[0] compileTime[0] sspSolveTime[0] lpSolveTime[1984] lb[678.342] ub[711.55] size: [9549] time: [1988]
num vars: 41064
STATS - lpIterations[167] lagIterations[0] sspIterations[0] numSeparations[2908] numCuts[0] compileTime[0] sspSolveTime[0] lpSolveTime[2002] lb[678.379] ub[711.55] size: [9579] time: [2006]
num vars: 41123
STATS - lpIterations[168] lagIterations[0] sspIterations[0] numSeparations[2926] numCuts[0] compileTime[0] sspSolveTime[0] lpSolveTime[2022] lb[678.47] ub[711.55] size: [9612] time: [2027]
num vars: 40623
STATS - lpIterations[169] lagIterations[0] sspIterations[0] numSeparations[2945] numCuts[0] compileTime[0] sspSolveTime[0] lpSolveTime[2042] lb[678.56] ub[711.55] size: [9641] time: [2046]
num vars: 41374
STATS - lpIterations[170] lagIterations[0] sspIterations[0] numSeparations[2965] numCuts[0] compileTime[0] sspSolveTime[0] lpSolveTime[2061] lb[678.621] ub[711.55] size: [9674] time: [2065]
num vars: 41302
STATS - lpIterations[171] lagIterations[0] sspIterations[0] numSeparations[2984] numCuts[0] compileTime[0] sspSolveTime[0] lpSolveTime[2079] lb[678.661] ub[711.55] size: [9695] time: [2083]
num vars: 41412
STATS - lpIterations[172] lagIterations[0] sspIterations[0] numSeparations[3004] numCuts[0] compileTime[0] sspSolveTime[0] lpSolveTime[2097] lb[678.704] ub[711.55] size: [9734] time: [2101]
num vars: 41419
STATS - lpIterations[173] lagIterations[0] sspIterations[0] numSeparations[3024] numCuts[0] compileTime[0] sspSolveTime[0] lpSolveTime[2117] lb[678.739] ub[711.55] size: [9766] time: [2121]
num vars: 41484
STATS - lpIterations[174] lagIterations[0] sspIterations[0] numSeparations[3044] numCuts[0] compileTime[0] sspSolveTime[0] lpSolveTime[2136] lb[678.816] ub[711.55] size: [9795] time: [2141]
num vars: 41172
STATS - lpIterations[175] lagIterations[0] sspIterations[0] numSeparations[3062] numCuts[0] compileTime[0] sspSolveTime[0] lpSolveTime[2154] lb[678.861] ub[711.55] size: [9820] time: [2158]
num vars: 41460
STATS - lpIterations[176] lagIterations[0] sspIterations[0] numSeparations[3082] numCuts[0] compileTime[0] sspSolveTime[0] lpSolveTime[2173] lb[678.908] ub[711.55] size: [9848] time: [2177]
num vars: 41437
STATS - lpIterations[177] lagIterations[0] sspIterations[0] numSeparations[3100] numCuts[0] compileTime[0] sspSolveTime[0] lpSolveTime[2192] lb[678.941] ub[711.55] size: [9881] time: [2196]
num vars: 41489
STATS - lpIterations[178] lagIterations[0] sspIterations[0] numSeparations[3119] numCuts[0] compileTime[0] sspSolveTime[0] lpSolveTime[2211] lb[678.996] ub[711.55] size: [9907] time: [2215]
num vars: 41594
STATS - lpIterations[179] lagIterations[0] sspIterations[0] numSeparations[3140] numCuts[0] compileTime[0] sspSolveTime[0] lpSolveTime[2229] lb[679.063] ub[711.55] size: [9942] time: [2234]
num vars: 42428
STATS - lpIterations[180] lagIterations[0] sspIterations[0] numSeparations[3160] numCuts[0] compileTime[0] sspSolveTime[0] lpSolveTime[2251] lb[679.103] ub[711.55] size: [9977] time: [2255]
num vars: 42736
STATS - lpIterations[181] lagIterations[0] sspIterations[0] numSeparations[3179] numCuts[0] compileTime[0] sspSolveTime[0] lpSolveTime[2272] lb[679.145] ub[711.55] size: [10014] time: [2277]
num vars: 42802
STATS - lpIterations[182] lagIterations[0] sspIterations[0] numSeparations[3198] numCuts[0] compileTime[0] sspSolveTime[0] lpSolveTime[2295] lb[679.172] ub[711.55] size: [10051] time: [2300]
num vars: 42810
STATS - lpIterations[183] lagIterations[0] sspIterations[0] numSeparations[3217] numCuts[0] compileTime[0] sspSolveTime[0] lpSolveTime[2315] lb[679.211] ub[711.55] size: [10083] time: [2320]
num vars: 42770
STATS - lpIterations[184] lagIterations[0] sspIterations[0] numSeparations[3237] numCuts[0] compileTime[0] sspSolveTime[0] lpSolveTime[2336] lb[679.27] ub[711.55] size: [10115] time: [2340]
num vars: 42898
STATS - lpIterations[185] lagIterations[0] sspIterations[0] numSeparations[3256] numCuts[0] compileTime[0] sspSolveTime[0] lpSolveTime[2358] lb[679.34] ub[711.55] size: [10152] time: [2363]
num vars: 42838
STATS - lpIterations[186] lagIterations[0] sspIterations[0] numSeparations[3275] numCuts[0] compileTime[0] sspSolveTime[0] lpSolveTime[2379] lb[679.381] ub[711.55] size: [10179] time: [2384]
num vars: 42666
STATS - lpIterations[187] lagIterations[0] sspIterations[0] numSeparations[3293] numCuts[0] compileTime[0] sspSolveTime[0] lpSolveTime[2401] lb[679.444] ub[711.55] size: [10210] time: [2406]
num vars: 42857
STATS - lpIterations[188] lagIterations[0] sspIterations[0] numSeparations[3311] numCuts[0] compileTime[0] sspSolveTime[0] lpSolveTime[2422] lb[679.493] ub[711.55] size: [10242] time: [2427]
num vars: 42941
STATS - lpIterations[189] lagIterations[0] sspIterations[0] numSeparations[3331] numCuts[0] compileTime[0] sspSolveTime[0] lpSolveTime[2443] lb[679.532] ub[711.55] size: [10277] time: [2448]
num vars: 42972
STATS - lpIterations[190] lagIterations[0] sspIterations[0] numSeparations[3348] numCuts[0] compileTime[0] sspSolveTime[0] lpSolveTime[2466] lb[679.572] ub[711.55] size: [10303] time: [2471]
num vars: 43068
STATS - lpIterations[191] lagIterations[0] sspIterations[0] numSeparations[3367] numCuts[0] compileTime[0] sspSolveTime[0] lpSolveTime[2486] lb[679.605] ub[711.55] size: [10331] time: [2491]
num vars: 43078
STATS - lpIterations[192] lagIterations[0] sspIterations[0] numSeparations[3388] numCuts[0] compileTime[0] sspSolveTime[0] lpSolveTime[2507] lb[679.656] ub[711.55] size: [10357] time: [2512]
num vars: 43141
STATS - lpIterations[193] lagIterations[0] sspIterations[0] numSeparations[3409] numCuts[0] compileTime[0] sspSolveTime[0] lpSolveTime[2529] lb[679.719] ub[711.55] size: [10394] time: [2534]
num vars: 43007
STATS - lpIterations[194] lagIterations[0] sspIterations[0] numSeparations[3427] numCuts[0] compileTime[0] sspSolveTime[0] lpSolveTime[2551] lb[679.758] ub[711.55] size: [10430] time: [2556]
num vars: 43174
STATS - lpIterations[195] lagIterations[0] sspIterations[0] numSeparations[3446] numCuts[0] compileTime[0] sspSolveTime[0] lpSolveTime[2573] lb[679.802] ub[711.55] size: [10471] time: [2578]
num vars: 43250
STATS - lpIterations[196] lagIterations[0] sspIterations[0] numSeparations[3463] numCuts[0] compileTime[0] sspSolveTime[0] lpSolveTime[2594] lb[679.845] ub[711.55] size: [10503] time: [2599]
num vars: 43242
STATS - lpIterations[197] lagIterations[0] sspIterations[0] numSeparations[3482] numCuts[0] compileTime[0] sspSolveTime[0] lpSolveTime[2614] lb[679.876] ub[711.55] size: [10531] time: [2620]
num vars: 43275
STATS - lpIterations[198] lagIterations[0] sspIterations[0] numSeparations[3500] numCuts[0] compileTime[0] sspSolveTime[0] lpSolveTime[2636] lb[679.92] ub[711.55] size: [10557] time: [2642]
num vars: 43291
STATS - lpIterations[199] lagIterations[0] sspIterations[0] numSeparations[3518] numCuts[0] compileTime[0] sspSolveTime[0] lpSolveTime[2656] lb[679.955] ub[711.55] size: [10589] time: [2662]
num vars: 43352
STATS - lpIterations[200] lagIterations[0] sspIterations[0] numSeparations[3538] numCuts[0] compileTime[0] sspSolveTime[0] lpSolveTime[2678] lb[680.032] ub[711.55] size: [10619] time: [2684]
num vars: 43397
STATS - lpIterations[201] lagIterations[0] sspIterations[0] numSeparations[3560] numCuts[0] compileTime[0] sspSolveTime[0] lpSolveTime[2700] lb[680.077] ub[711.55] size: [10666] time: [2706]
num vars: 43404
STATS - lpIterations[202] lagIterations[0] sspIterations[0] numSeparations[3580] numCuts[0] compileTime[0] sspSolveTime[0] lpSolveTime[2722] lb[680.112] ub[711.55] size: [10697] time: [2728]
num vars: 43442
STATS - lpIterations[203] lagIterations[0] sspIterations[0] numSeparations[3598] numCuts[0] compileTime[0] sspSolveTime[0] lpSolveTime[2746] lb[680.163] ub[711.55] size: [10722] time: [2752]
num vars: 43567
STATS - lpIterations[204] lagIterations[0] sspIterations[0] numSeparations[3618] numCuts[0] compileTime[0] sspSolveTime[0] lpSolveTime[2766] lb[680.219] ub[711.55] size: [10758] time: [2772]
num vars: 43609
STATS - lpIterations[205] lagIterations[0] sspIterations[0] numSeparations[3637] numCuts[0] compileTime[0] sspSolveTime[0] lpSolveTime[2789] lb[680.274] ub[711.55] size: [10792] time: [2795]
num vars: 43551
STATS - lpIterations[206] lagIterations[0] sspIterations[0] numSeparations[3653] numCuts[0] compileTime[0] sspSolveTime[0] lpSolveTime[2810] lb[680.314] ub[711.55] size: [10820] time: [2816]
num vars: 45817
STATS - lpIterations[207] lagIterations[0] sspIterations[0] numSeparations[3671] numCuts[0] compileTime[0] sspSolveTime[0] lpSolveTime[2834] lb[680.384] ub[711.55] size: [10850] time: [2840]
num vars: 45641
STATS - lpIterations[208] lagIterations[0] sspIterations[0] numSeparations[3690] numCuts[0] compileTime[0] sspSolveTime[0] lpSolveTime[2858] lb[680.421] ub[711.55] size: [10879] time: [2864]
num vars: 45732
STATS - lpIterations[209] lagIterations[0] sspIterations[0] numSeparations[3708] numCuts[0] compileTime[0] sspSolveTime[0] lpSolveTime[2882] lb[680.453] ub[711.55] size: [10908] time: [2888]
num vars: 45564
STATS - lpIterations[210] lagIterations[0] sspIterations[0] numSeparations[3729] numCuts[0] compileTime[0] sspSolveTime[0] lpSolveTime[2905] lb[680.492] ub[711.55] size: [10943] time: [2911]
num vars: 45969
STATS - lpIterations[211] lagIterations[0] sspIterations[0] numSeparations[3748] numCuts[0] compileTime[0] sspSolveTime[0] lpSolveTime[2928] lb[680.53] ub[711.55] size: [10975] time: [2934]
num vars: 45534
STATS - lpIterations[212] lagIterations[0] sspIterations[0] numSeparations[3767] numCuts[0] compileTime[0] sspSolveTime[0] lpSolveTime[2950] lb[680.573] ub[711.55] size: [11015] time: [2956]
num vars: 45887
STATS - lpIterations[213] lagIterations[0] sspIterations[0] numSeparations[3787] numCuts[0] compileTime[0] sspSolveTime[0] lpSolveTime[2974] lb[680.616] ub[711.55] size: [11049] time: [2981]
num vars: 45448
STATS - lpIterations[214] lagIterations[0] sspIterations[0] numSeparations[3807] numCuts[0] compileTime[0] sspSolveTime[0] lpSolveTime[2998] lb[680.657] ub[711.55] size: [11079] time: [3004]
num vars: 45595
STATS - lpIterations[215] lagIterations[0] sspIterations[0] numSeparations[3827] numCuts[0] compileTime[0] sspSolveTime[0] lpSolveTime[3022] lb[680.698] ub[711.55] size: [11112] time: [3029]
num vars: 45942
STATS - lpIterations[216] lagIterations[0] sspIterations[0] numSeparations[3847] numCuts[0] compileTime[0] sspSolveTime[0] lpSolveTime[3048] lb[680.757] ub[711.55] size: [11142] time: [3055]
num vars: 45498
STATS - lpIterations[217] lagIterations[0] sspIterations[0] numSeparations[3865] numCuts[0] compileTime[0] sspSolveTime[0] lpSolveTime[3071] lb[680.792] ub[711.55] size: [11176] time: [3078]
num vars: 45587
STATS - lpIterations[218] lagIterations[0] sspIterations[0] numSeparations[3884] numCuts[0] compileTime[0] sspSolveTime[0] lpSolveTime[3098] lb[680.868] ub[711.55] size: [11201] time: [3105]
num vars: 45266
STATS - lpIterations[219] lagIterations[0] sspIterations[0] numSeparations[3904] numCuts[0] compileTime[0] sspSolveTime[0] lpSolveTime[3121] lb[680.908] ub[711.55] size: [11236] time: [3128]
num vars: 45345
STATS - lpIterations[220] lagIterations[0] sspIterations[0] numSeparations[3920] numCuts[0] compileTime[0] sspSolveTime[0] lpSolveTime[3147] lb[680.946] ub[711.55] size: [11258] time: [3154]
num vars: 45404
STATS - lpIterations[221] lagIterations[0] sspIterations[0] numSeparations[3939] numCuts[0] compileTime[0] sspSolveTime[0] lpSolveTime[3170] lb[680.988] ub[711.55] size: [11294] time: [3177]
num vars: 45381
STATS - lpIterations[222] lagIterations[0] sspIterations[0] numSeparations[3957] numCuts[0] compileTime[0] sspSolveTime[0] lpSolveTime[3196] lb[681.025] ub[711.55] size: [11321] time: [3202]
num vars: 45163
STATS - lpIterations[223] lagIterations[0] sspIterations[0] numSeparations[3975] numCuts[0] compileTime[0] sspSolveTime[0] lpSolveTime[3222] lb[681.063] ub[711.55] size: [11352] time: [3229]
num vars: 45101
STATS - lpIterations[224] lagIterations[0] sspIterations[0] numSeparations[3994] numCuts[0] compileTime[0] sspSolveTime[0] lpSolveTime[3247] lb[681.103] ub[711.55] size: [11379] time: [3254]
num vars: 45127
STATS - lpIterations[225] lagIterations[0] sspIterations[0] numSeparations[4015] numCuts[0] compileTime[0] sspSolveTime[0] lpSolveTime[3271] lb[681.157] ub[711.55] size: [11412] time: [3278]
num vars: 45308
STATS - lpIterations[226] lagIterations[0] sspIterations[0] numSeparations[4035] numCuts[0] compileTime[0] sspSolveTime[0] lpSolveTime[3296] lb[681.19] ub[711.55] size: [11441] time: [3303]
num vars: 45444
STATS - lpIterations[227] lagIterations[0] sspIterations[0] numSeparations[4055] numCuts[0] compileTime[0] sspSolveTime[0] lpSolveTime[3321] lb[681.212] ub[711.55] size: [11475] time: [3328]
num vars: 45377
STATS - lpIterations[228] lagIterations[0] sspIterations[0] numSeparations[4075] numCuts[0] compileTime[0] sspSolveTime[0] lpSolveTime[3346] lb[681.26] ub[711.55] size: [11502] time: [3353]
num vars: 45542
STATS - lpIterations[229] lagIterations[0] sspIterations[0] numSeparations[4096] numCuts[0] compileTime[0] sspSolveTime[0] lpSolveTime[3371] lb[681.292] ub[711.55] size: [11534] time: [3378]
num vars: 45668
STATS - lpIterations[230] lagIterations[0] sspIterations[0] numSeparations[4116] numCuts[0] compileTime[0] sspSolveTime[0] lpSolveTime[3395] lb[681.336] ub[711.55] size: [11572] time: [3403]
num vars: 45671
STATS - lpIterations[231] lagIterations[0] sspIterations[0] numSeparations[4135] numCuts[0] compileTime[0] sspSolveTime[0] lpSolveTime[3420] lb[681.381] ub[711.55] size: [11601] time: [3428]
num vars: 45487
STATS - lpIterations[232] lagIterations[0] sspIterations[0] numSeparations[4153] numCuts[0] compileTime[0] sspSolveTime[0] lpSolveTime[3444] lb[681.417] ub[711.55] size: [11629] time: [3451]
num vars: 45614
STATS - lpIterations[233] lagIterations[0] sspIterations[0] numSeparations[4172] numCuts[0] compileTime[0] sspSolveTime[0] lpSolveTime[3468] lb[681.45] ub[711.55] size: [11658] time: [3476]
num vars: 45719
STATS - lpIterations[234] lagIterations[0] sspIterations[0] numSeparations[4193] numCuts[0] compileTime[0] sspSolveTime[0] lpSolveTime[3493] lb[681.484] ub[711.55] size: [11701] time: [3500]
num vars: 45623
STATS - lpIterations[235] lagIterations[0] sspIterations[0] numSeparations[4213] numCuts[0] compileTime[0] sspSolveTime[0] lpSolveTime[3518] lb[681.521] ub[711.55] size: [11732] time: [3526]
num vars: 45641
STATS - lpIterations[236] lagIterations[0] sspIterations[0] numSeparations[4233] numCuts[0] compileTime[0] sspSolveTime[0] lpSolveTime[3544] lb[681.563] ub[711.55] size: [11765] time: [3551]
num vars: 45710
STATS - lpIterations[237] lagIterations[0] sspIterations[0] numSeparations[4253] numCuts[0] compileTime[0] sspSolveTime[0] lpSolveTime[3569] lb[681.605] ub[711.55] size: [11798] time: [3577]
num vars: 45640
