relax time window constraint
capacity: 80
instance upper bound: 741
route length upper bound: 51
compiling DD
time step mult: 1
time step: 10
cap step: 1
done compiling DD
batch size for lag: 1
iteration delay to start separating: 0
optimality gap to start repairing: 100
percent fixed to change to CPLEX: 97.5
num arcs to change to CPLEX: 100000
num arcs to change to LAG: 999999999
num lag iters to cut: 0
num cuts lag: 0
cut phase: 0
deactivate cut value threshold: 0
deactivate cut iter threshold: 0
momentum beta: 0
stall alpha factor: 0
STATS - lpIterations[0] lagIterations[0] sspIterations[0] numSeparations[0] numCuts[0] compileTime[0] sspSolveTime[0] lpSolveTime[0] lb[0] ub[741] numArcs: [197437] numFixed: [0] time: [0]
STATS - lpIterations[1] lagIterations[0] sspIterations[0] numSeparations[0] numCuts[0] compileTime[0] sspSolveTime[0] lpSolveTime[0] lb[0] ub[741] numArcs: [197437] numFixed: [0] time: [0]
STATS - lpIterations[1] lagIterations[1] sspIterations[1] numSeparations[0] numCuts[0] compileTime[0] sspSolveTime[0] lpSolveTime[0] lb[455.125] ub[741] numArcs: [197437] numFixed: [0] time: [0]
lambda: 0,2.45,15.75,13.2,3.825,7.35,4.125,12.35,12.65,6.325,3.5,5.7,5.8,16.675,9.45,6.25,8.25,1.275,15.375,7.2,22.4,6.4,4.2,8.8,6.25,16.1,4.9,3,10.5,4.35,14.725,8.25,3,19.55,20.8,16.575,6.6,4.05,6,13.3,7.35,20.25,10.075,9.625,10,7.75,0.25,5.625,6.8,9.9,6.5,
mu: 
alpha: 0.459815
STATS - lpIterations[1] lagIterations[2] sspIterations[2] numSeparations[0] numCuts[0] compileTime[0] sspSolveTime[0] lpSolveTime[0] lb[477.656] ub[741] numArcs: [197437] numFixed: [0] time: [0]
lambda: 0,2.90982,16.2098,13.6598,4.28482,7.80982,4.58482,12.8098,13.1098,6.78482,3.95982,6.15982,6.25982,17.1348,9.90982,6.70982,8.70982,1.73482,15.8348,7.65982,22.8598,6.85982,4.65982,9.25982,6.70982,16.5598,5.35982,3.45982,10.9598,4.80982,15.1848,8.70982,3.45982,20.0098,21.2598,17.0348,7.05982,4.50982,6.45982,13.7598,7.80982,20.7098,10.5348,10.0848,10.4598,8.20982,0.25,6.08482,7.25982,10.3598,6.95982,
mu: 
alpha: 0.477847
STATS - lpIterations[1] lagIterations[3] sspIterations[3] numSeparations[0] numCuts[0] compileTime[0] sspSolveTime[0] lpSolveTime[0] lb[501.07] ub[741] numArcs: [197437] numFixed: [0] time: [0]
lambda: 0,3.38766,16.6877,14.1377,4.76266,8.28766,5.06266,13.2877,13.5877,7.26266,4.43766,6.63766,6.73766,17.6127,10.3877,7.18766,9.18766,2.21266,16.3127,8.13766,23.3377,7.33766,5.13766,9.73766,7.18766,17.0377,5.83766,3.93766,11.4377,5.28766,15.6627,9.18766,3.93766,20.4877,21.7377,17.5127,7.53766,4.98766,6.93766,14.2377,8.28766,21.1877,11.0127,10.5627,10.9377,8.68766,0.25,6.56266,7.73766,10.8377,7.43766,
mu: 
alpha: 0.496404
STATS - lpIterations[1] lagIterations[4] sspIterations[4] numSeparations[0] numCuts[0] compileTime[0] sspSolveTime[0] lpSolveTime[0] lb[525.394] ub[741] numArcs: [197437] numFixed: [0] time: [0]
lambda: 0,3.88407,17.1841,14.6341,5.25907,8.78407,5.55907,13.7841,14.0841,7.75907,4.93407,7.13407,7.23407,18.1091,10.8841,7.68407,9.68407,2.70907,16.8091,8.63407,23.8341,7.83407,5.63407,10.2341,7.68407,17.5341,6.33407,4.43407,11.9341,5.78407,16.1591,9.68407,4.43407,20.9841,22.2341,18.0091,8.03407,5.48407,7.43407,14.7341,8.78407,21.6841,11.5091,11.0591,11.4341,9.18407,0.25,7.05907,8.23407,11.3341,7.93407,
mu: 
alpha: 0.515497
STATS - lpIterations[1] lagIterations[5] sspIterations[5] numSeparations[0] numCuts[0] compileTime[0] sspSolveTime[0] lpSolveTime[0] lb[550.654] ub[741] numArcs: [197437] numFixed: [0] time: [0]
lambda: 0,4.39956,17.6996,15.1496,5.77456,9.29956,6.07456,14.2996,14.5996,8.27456,5.44956,7.64956,7.74956,18.6246,11.3996,8.19956,10.1996,3.22456,17.3246,9.14956,24.3496,8.34956,6.14956,10.7496,8.19956,18.0496,6.84956,4.94956,12.4496,6.29956,16.6746,10.1996,4.94956,21.4996,22.7496,18.5246,8.54956,5.99956,7.94956,15.2496,9.29956,22.1996,12.0246,11.5746,11.9496,9.69956,0.25,7.57456,8.74956,11.8496,8.44956,
mu: 
alpha: 0.535135
STATS - lpIterations[1] lagIterations[6] sspIterations[6] numSeparations[0] numCuts[0] compileTime[0] sspSolveTime[0] lpSolveTime[0] lb[576.875] ub[741] numArcs: [197437] numFixed: [0] time: [0]
lambda: 0,4.9347,18.2347,15.6847,6.3097,9.8347,6.6097,14.8347,15.1347,8.8097,5.9847,8.1847,8.2847,19.1597,11.9347,8.7347,10.7347,3.7597,17.8597,9.6847,24.8847,8.8847,6.6847,11.2847,8.7347,18.5847,7.3847,5.4847,12.9847,6.8347,17.2097,10.7347,5.4847,22.0347,23.2847,19.0597,9.0847,6.5347,8.4847,15.7847,9.8347,22.7347,12.5597,12.1097,12.4847,10.2347,0.25,8.1097,9.2847,12.3847,8.9847,
mu: 
alpha: 0.555328
STATS - lpIterations[1] lagIterations[7] sspIterations[7] numSeparations[0] numCuts[0] compileTime[0] sspSolveTime[0] lpSolveTime[0] lb[603.261] ub[741] numArcs: [197437] numFixed: [0] time: [0]
lambda: 0,5.49003,18.79,16.24,6.86503,10.39,7.16503,15.39,15.69,9.36503,6.54003,8.74003,8.84003,19.715,12.49,9.29003,11.29,4.31503,18.415,10.24,25.44,9.44003,7.24003,11.84,9.29003,19.14,7.94003,6.04003,13.54,7.39003,17.765,11.29,6.04003,22.59,23.84,19.615,9.64003,7.09003,9.04003,16.34,10.39,23.29,13.115,12.665,13.04,10.79,0.25,8.66503,9.84003,12.94,9.54003,
mu: 
alpha: 0.626439
updating best lambda
STATS - lpIterations[1] lagIterations[8] sspIterations[8] numSeparations[0] numCuts[0] compileTime[0] sspSolveTime[0] lpSolveTime[0] lb[631.024] ub[741] numArcs: [197431] numFixed: [10] time: [0]
lambda: 0,6.11647,19.4165,16.8665,7.49147,11.0165,7.79147,16.0165,16.3165,9.36503,7.16647,9.36647,9.46647,20.3415,13.1165,9.91647,11.29,4.94147,19.0415,10.8665,26.0665,10.0665,7.86647,12.4665,9.91647,19.7665,8.56647,6.66647,14.1665,8.01647,18.3915,11.9165,6.66647,23.2165,23.84,20.2415,10.2665,7.71647,9.04003,16.9665,11.0165,23.9165,13.7415,13.2915,13.6665,11.4165,0.876439,9.29147,10.4665,13.5665,9.54003,
mu: 
alpha: 0.621577
updating best lambda
STATS - lpIterations[1] lagIterations[9] sspIterations[10] numSeparations[1] numCuts[0] compileTime[0] sspSolveTime[0] lpSolveTime[0] lb[655.451] ub[741] numArcs: [197535] numFixed: [239] time: [0]
lambda: 0,6.73804,20.038,17.488,8.11304,11.638,8.41304,16.638,16.938,8.74345,7.78804,9.98804,10.088,20.963,13.738,10.538,11.9116,5.56304,19.663,11.488,26.688,10.688,8.48804,13.088,10.538,20.388,9.18804,7.28804,14.788,8.63804,18.3915,12.538,7.28804,23.838,23.84,20.863,10.888,8.33804,9.6616,17.588,11.638,24.538,14.363,13.913,14.288,12.038,1.49802,9.91304,11.088,14.188,9.54003,
mu: 
alpha: 0.639714
STATS - lpIterations[1] lagIterations[9] sspIterations[10] numSeparations[1] numCuts[0] compileTime[0] sspSolveTime[0] lpSolveTime[0] lb[655.764] ub[741] numArcs: [197535] numFixed: [239] time: [0]
lambda: 0,6.09833,20.6778,16.8483,8.75276,12.2778,9.05276,17.2778,17.5778,9.38316,8.42776,10.6278,10.7278,21.6028,14.3778,9.89833,12.5513,4.92333,20.3028,12.1278,27.3278,11.3278,7.84833,13.7278,11.1778,21.0278,9.82776,7.92776,15.4278,9.27776,19.0312,13.1778,7.92776,23.838,24.4797,20.863,11.5278,7.69833,10.3013,18.2278,12.2778,25.1778,15.0028,14.5528,14.9278,12.038,2.13773,10.5528,11.7278,14.8278,10.1797,
mu: 
updating best lambda
STATS - lpIterations[1] lagIterations[10] sspIterations[23] numSeparations[3] numCuts[0] compileTime[0] sspSolveTime[0] lpSolveTime[0] lb[667.495] ub[741] numArcs: [197699] numFixed: [2560] time: [0]
lambda: 0,6.09833,20.6778,16.8483,8.75276,12.2778,9.05276,17.2778,17.5778,9.38316,8.42776,10.6278,10.7278,21.6028,14.3778,9.89833,12.5513,4.92333,20.3028,12.1278,27.3278,11.3278,7.84833,13.7278,11.1778,21.0278,9.82776,7.92776,15.4278,9.27776,19.0312,13.1778,7.92776,23.838,24.4797,20.863,11.5278,7.69833,10.3013,18.2278,12.2778,25.1778,15.0028,14.5528,14.9278,12.038,2.13773,10.5528,11.7278,14.8278,10.1797,
mu: 
alpha: 0.215182
STATS - lpIterations[1] lagIterations[10] sspIterations[23] numSeparations[3] numCuts[0] compileTime[0] sspSolveTime[0] lpSolveTime[0] lb[673.691] ub[741] numArcs: [197699] numFixed: [2560] time: [0]
lambda: 0,5.88315,20.8929,17.0635,8.53757,11.8474,9.26794,17.4929,17.3626,8.9528,8.64294,9.76703,10.9429,21.8179,14.5929,10.1135,11.6906,4.70815,20.5179,11.9126,27.5429,11.5429,7.63315,13.7278,11.3929,21.2429,10.0429,7.71257,15.2126,9.49294,19.0312,12.9626,7.71257,24.0532,23.8342,21.0782,11.7429,7.91351,9.44059,18.4429,12.4929,24.9626,14.7876,14.7679,14.7126,12.2532,1.70737,10.7679,11.0822,14.1822,9.31901,
mu: 
updating best lambda
alpha: 0.420926
STATS - lpIterations[1] lagIterations[11] sspIterations[26] numSeparations[7] numCuts[0] compileTime[0] sspSolveTime[0] lpSolveTime[0] lb[673.751] ub[741] numArcs: [197978] numFixed: [13268] time: [0]
lambda: 0,5.46222,21.3139,17.4844,8.9585,12.2683,9.68886,17.9139,17.7835,9.37373,9.06386,10.188,11.3639,22.2389,15.0139,10.5344,12.1115,5.12907,20.9389,12.3335,25.4383,11.9639,8.05407,14.1487,11.8139,21.6639,10.4639,8.1335,15.6335,9.49294,19.4521,13.3835,8.1335,24.4742,24.2551,20.2364,12.1639,8.33444,9.86151,18.8639,12.9139,25.3835,15.2085,15.1889,15.1335,12.6742,2.12829,11.1889,11.5031,14.6031,9.73994,
mu: 
updating best lambda
alpha: 0.291786
STATS - lpIterations[1] lagIterations[12] sspIterations[41] numSeparations[10] numCuts[0] compileTime[0] sspSolveTime[0] lpSolveTime[0] lb[680.588] ub[741] numArcs: [198172] numFixed: [13329] time: [0]
lambda: 0,4.87865,20.7303,17.7762,8.08314,12.2683,9.39708,17.3303,16.3246,9.66551,8.77208,10.188,11.0721,22.5307,15.3057,10.2426,12.4033,4.83728,20.6471,12.0417,25.7301,12.2557,7.4705,13.5651,12.1057,21.9557,9.88029,7.84171,15.0499,9.49294,19.7439,12.7999,7.54993,24.1824,24.5469,20.5282,12.4557,8.04265,10.1533,19.1557,13.2057,25.0917,14.9167,15.4807,14.8417,12.3824,1.54472,10.8971,11.2113,14.3113,10.0317,
mu: 
updating best lambda
alpha: 0.275232
STATS - lpIterations[1] lagIterations[13] sspIterations[48] numSeparations[13] numCuts[0] compileTime[0] sspSolveTime[0] lpSolveTime[0] lb[680.787] ub[741] numArcs: [198294] numFixed: [23794] time: [0]
lambda: 0,5.15388,21.0055,18.0515,8.35837,12.5436,9.12185,17.6055,16.5998,8.56458,8.77208,10.4632,11.3473,22.8059,15.3057,10.5179,12.1281,5.11252,20.9223,12.3169,26.0053,12.5309,7.74573,13.8403,12.3809,21.9557,10.1555,8.11695,15.3252,9.76817,18.643,13.0752,7.82516,24.4576,23.1707,20.8034,12.7309,8.31788,9.87807,19.4309,13.4809,25.3669,15.1919,15.7559,15.1169,12.6576,1.26949,11.1723,11.4866,14.0361,8.93079,
mu: 
updating best lambda
STATS - lpIterations[1] lagIterations[14] sspIterations[55] numSeparations[16] numCuts[0] compileTime[0] sspSolveTime[0] lpSolveTime[0] lb[681.279] ub[741] numArcs: [198566] numFixed: [24612] time: [0]
lambda: 0,5.15388,21.0055,18.0515,8.35837,12.5436,9.12185,17.6055,16.5998,8.56458,8.77208,10.4632,11.3473,22.8059,15.3057,10.5179,12.1281,5.11252,20.9223,12.3169,26.0053,12.5309,7.74573,13.8403,12.3809,21.9557,10.1555,8.11695,15.3252,9.76817,18.643,13.0752,7.82516,24.4576,23.1707,20.8034,12.7309,8.31788,9.87807,19.4309,13.4809,25.3669,15.1919,15.7559,15.1169,12.6576,1.26949,11.1723,11.4866,14.0361,8.93079,
mu: 
alpha: 0.311257
STATS - lpIterations[1] lagIterations[14] sspIterations[55] numSeparations[16] numCuts[0] compileTime[0] sspSolveTime[0] lpSolveTime[0] lb[683.769] ub[741] numArcs: [198566] numFixed: [24612] time: [0]
lambda: 0,5.46514,21.3168,18.3627,7.73586,12.8548,8.81059,17.9168,16.9111,8.87584,9.08334,10.7744,11.6586,23.1171,15.3057,9.58411,12.4393,4.17875,20.6111,12.3169,26.3166,12.8421,8.05699,14.1516,12.6921,21.9557,10.4668,8.4282,15.6364,10.0794,18.9542,13.3864,8.13642,23.8351,23.482,21.1146,13.0421,6.7616,10.1893,19.7421,13.7921,25.3669,15.1919,16.0671,14.4944,12.0351,1.26949,10.8611,11.7978,14.3474,9.24205,
mu: 
updating best lambda
STATS - lpIterations[1] lagIterations[15] sspIterations[64] numSeparations[20] numCuts[0] compileTime[0] sspSolveTime[0] lpSolveTime[0] lb[686.729] ub[741] numArcs: [198977] numFixed: [30957] time: [1]
lambda: 0,5.46514,21.3168,18.3627,7.73586,12.8548,8.81059,17.9168,16.9111,8.87584,9.08334,10.7744,11.6586,23.1171,15.3057,9.58411,12.4393,4.17875,20.6111,12.3169,26.3166,12.8421,8.05699,14.1516,12.6921,21.9557,10.4668,8.4282,15.6364,10.0794,18.9542,13.3864,8.13642,23.8351,23.482,21.1146,13.0421,6.7616,10.1893,19.7421,13.7921,25.3669,15.1919,16.0671,14.4944,12.0351,1.26949,10.8611,11.7978,14.3474,9.24205,
mu: 
alpha: 0.321052
STATS - lpIterations[1] lagIterations[15] sspIterations[64] numSeparations[20] numCuts[0] compileTime[0] sspSolveTime[0] lpSolveTime[0] lb[688.988] ub[741] numArcs: [198977] numFixed: [30957] time: [1]
lambda: 0,5.14408,20.3536,18.6838,8.05691,12.5338,8.48954,17.5957,15.9479,9.19689,9.40439,9.49024,11.9796,23.4382,15.6267,9.90516,12.7604,4.4998,20.9321,12.638,26.6376,13.1632,7.73594,13.8305,13.0132,22.2767,10.1457,8.4282,15.3154,10.0794,19.2753,13.0654,6.85221,24.1561,23.8031,21.4357,13.3632,7.08265,9.86827,20.0632,14.1132,25.688,15.513,16.3882,14.8155,12.3561,0.948435,11.1821,11.4768,14.3474,9.5631,
mu: 
updating best lambda
alpha: 0.494951
STATS - lpIterations[1] lagIterations[16] sspIterations[71] numSeparations[25] numCuts[0] compileTime[0] sspSolveTime[0] lpSolveTime[0] lb[689.753] ub[741] numArcs: [199465] numFixed: [45832] time: [1]
lambda: 0,5.63904,20.8486,19.1787,6.57206,13.0287,8.98449,18.0907,16.4429,9.69184,9.89934,9.98519,11.4847,23.9331,16.1217,10.4001,12.2654,4.00485,20.4372,12.143,27.1326,13.1632,8.23089,14.3255,13.5081,22.7717,10.6407,8.92315,15.8103,10.0794,19.7702,13.5603,7.34716,24.6511,23.8031,21.9307,13.8581,7.5776,10.3632,20.5581,14.6081,25.193,15.018,16.8831,14.3205,12.8511,0.948435,9.69725,11.9717,14.8423,9.5631,
mu: 
updating best lambda
alpha: 0.131884
STATS - lpIterations[1] lagIterations[17] sspIterations[89] numSeparations[26] numCuts[0] compileTime[0] sspSolveTime[0] lpSolveTime[0] lb[696.472] ub[741] numArcs: [199551] numFixed: [48965] time: [1]
lambda: 0,5.37527,20.9805,18.5193,6.70394,12.5012,8.72072,18.0907,16.4429,9.42807,9.50368,9.98519,11.6166,24.065,15.726,10.1363,12.1335,4.13673,20.569,12.2749,27.0007,13.1632,7.70335,14.0617,13.3763,22.6398,10.6407,8.65939,15.9422,9.94754,19.7702,13.6922,7.47905,24.3873,23.6712,21.535,13.4625,7.5776,9.7038,20.4263,14.74,25.3249,15.1499,17.015,14.4524,12.5873,0.684666,9.82914,11.708,13.9191,9.5631,
mu: 
updating best lambda
alpha: 0.619341
updating best lambda
alpha: 0.143309
STATS - lpIterations[1] lagIterations[19] sspIterations[119] numSeparations[35] numCuts[0] compileTime[0] sspSolveTime[0] lpSolveTime[0] lb[705.701] ub[741] numArcs: [200291] numFixed: [70954] time: [1]
lambda: 0,5.56468,21.3132,18.7087,7.17997,13.1205,9.19675,18.1368,16.3456,9.61749,9.6931,10.4612,12.3792,24.6844,15.1067,10.0391,12.1796,4.32614,21.3317,12.6077,27.3334,13.066,7.60614,13.9645,13.2329,22.7831,10.8301,8.8488,16.1316,10.137,19.9596,14.1682,7.81177,24.4334,23.574,21.8677,13.7952,7.76701,10.0365,20.9023,15.5027,25.6577,15.4827,17.7777,14.6418,12.6334,1.01739,10.5918,11.8974,14.1085,9.60921,
mu: 
updating best lambda
switching from LAG to LP solver
num vars: 95267
STATS - lpIterations[2] lagIterations[19] sspIterations[119] numSeparations[35] numCuts[0] compileTime[0] sspSolveTime[0] lpSolveTime[6] lb[726.589] ub[741] numArcs: [200291] numFixed: [105343] time: [7]
checking cuts, max violation: 0.44136, num cuts: 49
new capacity cutset: 2 3 4 5 9 10 11 13 15 16 17 19 20 21 25 29 30 32 33 34 35 36 37 38 39 40 41 42 44 45 49 50 <= 25
new capacity cutset: 3 20 28 31 35 36 <= 4
new capacity cutset: 1 2 3 5 8 9 10 11 13 15 16 17 19 20 21 22 25 26 27 28 29 30 31 32 33 34 35 36 37 38 39 40 41 42 44 45 48 49 50 <= 31
nested set, do not add
new capacity cutset: 13 19 25 40 41 42 <= 4
nested set, do not add
new capacity cutset: 13 15 17 19 25 33 37 40 41 42 44 45 <= 9
nested set, do not add
new capacity cutset: 2 3 9 10 13 15 16 17 19 20 21 25 29 30 32 33 34 35 36 37 39 40 41 42 44 45 50 <= 21
nested set, do not add
new capacity cutset: 1 3 20 22 28 31 35 36 <= 6
nested set, do not add
new capacity cutset: 10 13 15 17 19 25 30 33 34 37 39 40 41 42 44 45 <= 12
nested set, do not add
new capacity cutset: 13 15 19 25 33 37 40 41 42 44 45 <= 8
nested set, do not add
new capacity cutset: 13 15 19 25 33 40 41 42 44 45 <= 7
nested set, do not add
new capacity cutset: 2 3 4 5 9 10 11 12 13 15 16 17 18 19 20 21 25 29 30 32 33 34 35 36 37 38 39 40 41 42 44 45 46 47 49 50 <= 28
nested set, do not add
new capacity cutset: 2 3 5 8 9 10 11 13 15 16 17 19 20 21 22 25 26 27 28 29 30 31 32 33 34 35 36 37 38 39 40 41 42 44 45 48 49 50 <= 30
nested set, do not add
new capacity cutset: 6 7 14 23 24 43 <= 4
new capacity cutset: 3 20 22 28 31 35 36 <= 5
nested set, do not add
new capacity cutset: 6 7 8 14 23 24 26 28 31 43 48 <= 8
nested set, do not add
new capacity cutset: 2 9 10 13 15 16 17 19 21 25 29 30 33 34 37 39 40 41 42 44 45 50 <= 17
nested set, do not add
new capacity cutset: 5 9 10 13 15 17 19 21 25 30 33 34 37 38 39 40 41 42 44 45 49 50 <= 17
nested set, do not add
new capacity cutset: 2 3 5 9 10 11 15 16 20 21 29 30 32 33 34 35 36 38 39 45 49 50 <= 17
nested set, do not add
new capacity cutset: 17 19 37 40 41 42 44 <= 5
nested set, do not add
new capacity cutset: 2 3 9 10 15 16 20 21 29 30 33 34 35 36 39 45 50 <= 13
nested set, do not add
new capacity cutset: 2 3 5 9 10 11 15 16 20 21 29 30 33 34 35 36 38 39 45 49 50 <= 16
nested set, do not add
new capacity cutset: 8 26 27 28 31 48 <= 4
new capacity cutset: 3 8 20 22 26 27 28 31 35 36 48 <= 8
nested set, do not add
new capacity cutset: 1 3 8 20 22 26 27 28 31 35 36 48 <= 9
nested set, do not add
new capacity cutset: 10 15 17 19 33 37 39 40 41 42 44 45 49 <= 10
nested set, do not add
new capacity cutset: 1 2 3 5 8 9 10 11 13 15 16 17 19 20 21 22 25 26 28 29 30 31 32 33 34 35 36 37 38 39 40 41 42 44 45 48 49 50 <= 30
nested set, do not add
new capacity cutset: 1 2 3 4 5 8 9 10 11 12 13 15 16 17 19 20 21 22 25 26 27 28 29 30 31 32 33 34 35 36 37 38 39 40 41 42 44 45 46 47 48 49 50 <= 34
nested set, do not add
new capacity cutset: 19 37 40 41 42 44 <= 4
nested set, do not add
new capacity cutset: 10 15 19 33 37 39 40 41 42 44 45 49 <= 9
nested set, do not add
new capacity cutset: 13 19 25 40 41 <= 3
nested set, do not add
new capacity cutset: 2 3 4 5 9 10 11 12 13 15 16 17 18 19 20 21 25 29 30 33 34 35 36 37 38 39 40 41 42 44 45 46 47 49 50 <= 27
new capacity cutset: 1 2 3 5 9 10 11 13 15 16 17 19 20 21 25 29 30 32 33 34 35 36 37 38 39 40 41 42 44 45 49 50 <= 25
new capacity cutset: 2 3 16 20 21 29 34 35 36 50 <= 7
nested set, do not add
new capacity cutset: 2 3 10 15 16 20 21 29 30 33 34 35 36 39 45 50 <= 12
nested set, do not add
new capacity cutset: 2 3 5 9 10 11 15 16 17 19 20 21 29 30 32 33 34 35 36 37 38 39 40 41 42 44 45 49 50 <= 23
nested set, do not add
new capacity cutset: 1 3 6 7 8 14 20 22 23 24 26 27 28 31 35 36 43 48 <= 14
nested set, do not add
new capacity cutset: 1 3 6 7 8 14 20 22 23 24 26 28 31 35 36 43 48 <= 13
nested set, do not add
new capacity cutset: 1 2 3 4 5 6 7 8 9 10 11 12 14 15 16 18 20 21 22 23 24 26 27 28 29 30 31 32 33 34 35 36 38 39 43 45 46 47 48 49 50 <= 32
nested set, do not add
new capacity cutset: 1 3 20 22 35 36 <= 4
new capacity cutset: 1 2 3 4 5 6 7 8 9 10 11 12 14 15 16 17 18 19 20 21 22 23 24 26 27 28 29 30 31 32 33 34 35 36 37 38 39 40 41 42 43 44 45 46 47 48 49 50 <= 38
nested set, do not add
new capacity cutset: 1 2 3 4 5 8 9 10 11 12 13 15 16 19 20 21 22 25 26 27 28 29 30 31 32 33 34 35 36 37 38 39 40 41 42 44 45 46 47 48 49 50 <= 33
nested set, do not add
new capacity cutset: 10 15 30 33 39 45 <= 4
nested set, do not add
new capacity cutset: 2 3 4 5 9 10 11 12 13 15 16 17 18 19 20 21 25 29 30 32 33 34 35 36 37 38 39 40 41 42 44 45 47 49 50 <= 27
nested set, do not add
new capacity cutset: 2 3 4 5 9 10 11 12 13 15 16 18 19 20 21 25 29 30 32 33 34 35 36 38 39 40 41 42 44 45 46 47 49 50 <= 26
new capacity cutset: 2 3 4 5 9 10 11 12 13 15 16 18 19 20 21 25 29 30 32 33 34 35 36 37 38 39 40 41 42 44 45 46 47 49 50 <= 27
nested set, do not add
new capacity cutset: 3 6 7 8 14 20 22 23 24 26 27 28 31 35 36 43 48 <= 13
nested set, do not add
new capacity cutset: 1 2 3 5 6 7 8 9 10 11 14 15 16 18 20 21 22 23 24 26 27 28 29 30 31 32 33 34 35 36 38 39 43 45 48 49 50 <= 29
nested set, do not add
new capacity cutset: 4 6 7 13 14 18 19 23 24 25 40 41 42 43 <= 10
nested set, do not add
new capacity cutset: 2 3 4 5 9 10 11 12 13 15 16 18 19 20 21 25 29 30 33 34 35 36 37 38 39 40 41 42 44 45 46 47 49 50 <= 26
nested set, do not add
num vars: 95821
STATS - lpIterations[3] lagIterations[19] sspIterations[119] numSeparations[54] numCuts[8] compileTime[0] sspSolveTime[0] lpSolveTime[15] lb[728.895] ub[741] numArcs: [202009] numFixed: [106499] time: [16]
checking cuts, max violation: 0.525983, num cuts: 16
new capacity cutset: 4 12 18 47 <= 2
new capacity cutset: 6 7 8 10 13 14 15 17 19 22 23 24 25 26 27 28 30 31 33 37 39 40 41 42 43 44 45 48 <= 22
new capacity cutset: 1 6 7 8 13 14 22 23 24 25 26 27 28 31 43 48 <= 12
new capacity cutset: 2 3 16 20 21 29 32 34 35 36 50 <= 8
new capacity cutset: 6 7 8 22 23 24 26 27 28 31 43 48 <= 9
nested set, do not add
new capacity cutset: 10 15 30 33 39 45 <= 4
nested set, do not add
new capacity cutset: 2 3 5 9 10 11 15 16 20 21 29 30 32 33 34 35 36 38 39 45 49 50 <= 17
nested set, do not add
new capacity cutset: 2 3 5 9 10 11 15 16 20 21 29 30 33 34 35 36 38 39 45 49 50 <= 16
new capacity cutset: 1 2 3 5 6 7 8 9 10 11 14 15 16 20 21 22 23 24 25 26 27 28 29 30 31 32 33 34 35 36 38 39 43 45 48 49 50 <= 29
nested set, do not add
new capacity cutset: 2 3 4 5 9 10 11 12 16 18 20 21 29 30 32 34 35 36 38 39 46 47 49 50 <= 18
nested set, do not add
new capacity cutset: 2 3 16 20 21 29 32 34 35 36 <= 7
nested set, do not add
new capacity cutset: 2 3 16 20 21 29 34 35 36 50 <= 7
nested set, do not add
new capacity cutset: 7 8 22 26 28 31 <= 4
nested set, do not add
new capacity cutset: 1 3 6 7 8 13 14 20 22 23 24 25 26 27 28 31 32 35 36 43 48 <= 16
nested set, do not add
new capacity cutset: 1 2 3 6 7 8 9 10 11 13 14 15 16 17 19 20 21 22 23 24 25 26 27 28 29 30 31 32 33 34 35 36 37 38 39 40 41 42 43 44 45 48 49 50 <= 35
nested set, do not add
new capacity cutset: 1 2 3 5 6 7 8 9 10 11 13 14 15 16 17 19 20 21 22 23 24 25 26 27 28 29 30 31 32 33 34 35 36 37 38 39 40 41 42 43 44 45 48 49 50 <= 36
nested set, do not add
num vars: 17630
STATS - lpIterations[4] lagIterations[19] sspIterations[119] numSeparations[69] numCuts[13] compileTime[0] sspSolveTime[0] lpSolveTime[18] lb[729.978] ub[741] numArcs: [203565] numFixed: [186238] time: [20]
checking cuts, max violation: 0.45826, num cuts: 47
new capacity cutset: 6 7 8 14 22 23 24 25 26 27 28 31 43 48 <= 11
new capacity cutset: 7 8 22 23 24 25 26 28 31 43 48 <= 8
nested set, do not add
new capacity cutset: 9 16 21 30 34 50 <= 4
new capacity cutset: 1 2 3 6 7 8 9 10 11 13 14 15 16 17 19 20 21 22 23 24 25 26 27 28 29 30 31 32 33 34 35 36 37 38 39 40 41 42 43 44 45 48 49 50 <= 35
nested set, do not add
new capacity cutset: 6 7 8 13 14 17 19 22 23 24 25 26 27 28 31 37 40 41 42 43 44 48 <= 17
nested set, do not add
new capacity cutset: 2 3 5 9 10 11 16 20 21 29 30 32 33 34 35 36 38 39 45 46 49 50 <= 17
nested set, do not add
new capacity cutset: 1 3 7 8 20 22 26 28 31 35 36 43 <= 9
new capacity cutset: 13 19 40 41 42 44 <= 4
new capacity cutset: 10 15 33 37 39 44 45 <= 5
new capacity cutset: 6 7 8 10 13 14 15 17 19 22 23 24 25 26 27 28 31 33 37 39 40 41 42 43 44 45 48 49 <= 22
nested set, do not add
new capacity cutset: 1 2 3 4 5 9 10 11 12 13 15 16 17 18 19 20 21 29 30 32 33 34 35 36 37 38 39 40 41 42 44 45 46 47 49 50 <= 28
nested set, do not add
new capacity cutset: 1 2 3 4 5 8 9 10 11 12 13 15 16 17 18 19 20 21 22 26 28 29 30 31 32 33 34 35 36 37 38 39 40 41 42 44 45 46 47 48 49 50 <= 33
nested set, do not add
new capacity cutset: 10 15 17 33 37 39 44 45 <= 6
nested set, do not add
new capacity cutset: 10 15 17 19 33 37 39 40 41 42 44 45 49 <= 10
nested set, do not add
new capacity cutset: 2 3 4 5 9 10 11 12 13 15 16 19 20 21 29 30 32 33 34 35 36 37 38 39 40 41 42 44 45 46 49 50 <= 25
nested set, do not add
new capacity cutset: 2 3 4 5 9 10 11 12 13 15 16 17 19 20 21 29 30 32 33 34 35 36 37 38 39 40 41 42 44 45 46 49 50 <= 26
nested set, do not add
new capacity cutset: 2 3 4 5 9 10 11 12 13 15 16 17 19 20 21 29 30 32 33 34 35 36 37 38 39 40 41 42 44 45 49 50 <= 25
nested set, do not add
new capacity cutset: 2 3 5 9 10 11 16 20 21 29 30 33 34 35 36 38 39 45 46 49 50 <= 16
nested set, do not add
new capacity cutset: 6 7 8 14 23 24 25 26 27 43 48 <= 8
nested set, do not add
new capacity cutset: 6 7 8 13 14 19 22 23 24 25 26 27 28 31 40 41 43 48 <= 14
nested set, do not add
new capacity cutset: 7 8 22 26 28 31 43 <= 5
nested set, do not add
new capacity cutset: 1 2 3 5 6 7 8 9 10 11 13 14 16 19 20 21 22 23 24 25 26 27 28 29 30 31 32 33 34 35 36 38 39 40 41 42 43 44 45 46 48 49 50 <= 34
nested set, do not add
new capacity cutset: 1 2 3 5 6 7 8 9 10 11 13 14 15 16 19 20 21 22 23 24 25 26 27 28 29 30 31 32 33 34 35 36 38 39 40 41 42 43 44 45 46 48 49 50 <= 35
nested set, do not add
new capacity cutset: 1 2 3 5 6 7 8 9 10 11 13 14 15 16 19 20 21 22 23 24 25 26 27 28 29 30 31 32 33 34 35 36 37 38 39 40 41 42 43 44 45 46 48 49 50 <= 36
nested set, do not add
new capacity cutset: 1 2 3 5 6 7 8 9 10 11 13 14 15 16 17 19 20 21 22 23 24 25 26 27 28 29 30 31 32 33 34 35 36 37 38 39 40 41 42 43 44 45 46 48 49 50 <= 37
nested set, do not add
new capacity cutset: 1 2 3 4 5 6 7 8 9 10 11 13 14 15 16 17 18 19 20 21 22 23 24 25 26 27 28 29 30 31 32 33 34 35 36 37 38 39 40 41 42 43 44 45 46 48 49 50 <= 38
nested set, do not add
new capacity cutset: 6 7 8 14 23 24 25 26 43 48 <= 7
nested set, do not add
new capacity cutset: 6 7 8 14 22 23 24 25 26 28 31 43 48 <= 10
nested set, do not add
new capacity cutset: 1 3 6 7 8 14 20 22 23 24 25 26 28 31 35 36 43 48 <= 14
nested set, do not add
new capacity cutset: 1 3 6 7 8 14 20 22 23 24 25 26 27 28 31 35 36 43 48 <= 15
nested set, do not add
new capacity cutset: 1 2 3 6 7 8 14 16 20 21 22 23 24 25 26 27 28 29 30 31 32 34 35 36 43 48 50 <= 21
nested set, do not add
new capacity cutset: 1 2 3 6 7 8 9 14 16 20 21 22 23 24 25 26 27 28 29 30 31 32 34 35 36 43 48 50 <= 22
nested set, do not add
new capacity cutset: 1 2 3 6 7 8 9 13 14 16 19 20 21 22 23 24 25 26 27 28 29 30 31 32 34 35 36 40 41 43 48 50 <= 25
nested set, do not add
new capacity cutset: 1 2 3 6 7 8 9 10 11 13 14 15 16 17 19 20 21 22 23 24 25 26 27 28 29 30 31 32 33 34 35 36 37 38 39 40 41 42 43 44 45 46 48 49 50 <= 36
nested set, do not add
new capacity cutset: 1 2 3 6 7 8 14 16 20 21 22 23 24 25 26 27 28 29 30 31 34 35 36 43 48 50 <= 20
nested set, do not add
new capacity cutset: 1 2 3 6 7 8 9 14 16 20 21 22 23 24 25 26 27 28 29 30 31 34 35 36 43 48 50 <= 21
nested set, do not add
new capacity cutset: 1 2 3 5 6 7 8 9 10 11 14 15 16 20 21 22 23 24 25 26 27 28 29 30 31 32 33 34 35 36 38 39 43 45 46 48 49 50 <= 30
nested set, do not add
new capacity cutset: 4 12 13 18 19 40 41 47 <= 5
new capacity cutset: 10 13 15 17 19 33 37 39 40 41 42 44 45 <= 10
nested set, do not add
new capacity cutset: 4 5 9 10 12 13 15 17 18 19 21 30 33 34 37 38 39 40 41 42 44 45 47 49 50 <= 19
nested set, do not add
new capacity cutset: 6 7 8 14 22 23 24 26 27 28 31 43 48 <= 10
nested set, do not add
new capacity cutset: 1 3 6 7 8 14 20 22 23 24 26 27 28 31 35 36 43 48 <= 14
nested set, do not add
new capacity cutset: 1 2 3 6 7 8 13 14 16 19 20 21 22 23 24 25 26 27 28 29 30 31 32 34 35 36 40 41 43 48 50 <= 24
nested set, do not add
new capacity cutset: 2 3 5 9 10 11 16 20 21 29 30 32 33 34 35 36 38 39 45 49 50 <= 16
nested set, do not add
new capacity cutset: 6 7 8 22 23 24 26 27 28 31 43 48 <= 9
nested set, do not add
new capacity cutset: 6 7 8 14 22 23 24 25 26 28 31 43 <= 9
nested set, do not add
new capacity cutset: 1 3 6 7 8 13 14 19 20 22 23 24 25 26 27 28 31 35 36 40 41 43 48 <= 18
nested set, do not add
num vars: 15694
STATS - lpIterations[5] lagIterations[19] sspIterations[119] numSeparations[86] numCuts[19] compileTime[0] sspSolveTime[0] lpSolveTime[21] lb[731.194] ub[741] numArcs: [205186] numFixed: [189791] time: [23]
checking cuts, max violation: 0.404555, num cuts: 19
new capacity cutset: 1 2 3 6 7 8 9 10 11 13 14 15 16 17 19 20 21 22 23 24 25 26 27 28 29 30 31 32 33 34 35 36 37 38 39 40 41 42 43 44 45 48 49 50 <= 35
new capacity cutset: 2 3 5 9 10 11 16 20 21 29 30 32 33 34 35 36 38 39 45 46 49 50 <= 17
new capacity cutset: 1 3 7 8 20 22 26 28 31 35 36 48 <= 9
nested set, do not add
new capacity cutset: 2 3 5 9 10 11 16 20 21 29 30 32 33 34 35 36 38 39 45 49 50 <= 16
nested set, do not add
new capacity cutset: 7 8 26 28 31 48 <= 4
nested set, do not add
new capacity cutset: 1 3 4 6 7 8 10 12 13 14 15 17 18 19 20 22 23 24 25 26 27 28 31 33 35 36 37 39 40 41 42 43 44 45 47 48 <= 28
new capacity cutset: 2 3 16 20 21 29 34 35 36 50 <= 7
nested set, do not add
new capacity cutset: 1 3 6 7 8 14 20 22 23 24 26 27 28 31 35 36 43 48 <= 14
nested set, do not add
new capacity cutset: 3 7 8 20 22 26 28 31 35 36 48 <= 8
nested set, do not add
new capacity cutset: 1 3 6 7 8 14 20 22 23 24 26 28 31 35 36 43 48 <= 13
nested set, do not add
new capacity cutset: 6 7 8 14 23 24 26 28 31 43 48 <= 8
nested set, do not add
new capacity cutset: 6 7 8 14 23 24 26 27 28 31 43 48 <= 9
nested set, do not add
new capacity cutset: 3 6 7 8 14 20 22 23 24 26 27 28 31 35 36 43 48 <= 13
nested set, do not add
new capacity cutset: 4 12 15 17 18 19 33 37 39 40 41 42 44 45 47 <= 11
nested set, do not add
new capacity cutset: 1 2 3 6 7 8 9 10 11 16 20 21 22 23 24 26 27 28 29 30 31 32 33 34 35 36 38 39 43 45 48 49 50 <= 26
nested set, do not add
new capacity cutset: 2 3 5 9 10 11 16 20 21 29 30 33 34 35 36 38 39 45 46 49 50 <= 16
nested set, do not add
new capacity cutset: 2 3 9 10 16 20 21 29 30 33 34 35 36 39 45 50 <= 12
nested set, do not add
new capacity cutset: 2 3 9 10 11 15 16 17 19 20 21 29 30 32 33 34 35 36 37 38 39 40 41 42 44 45 49 50 <= 22
nested set, do not add
new capacity cutset: 6 7 8 22 23 24 26 27 28 31 43 48 <= 9
nested set, do not add
num vars: 14337
STATS - lpIterations[6] lagIterations[19] sspIterations[119] numSeparations[106] numCuts[22] compileTime[0] sspSolveTime[0] lpSolveTime[25] lb[731.78] ub[741] numArcs: [206758] numFixed: [192712] time: [27]
checking cuts, max violation: 0.347672, num cuts: 8
new capacity cutset: 9 21 30 34 38 50 <= 4
new capacity cutset: 13 15 17 19 33 37 39 40 41 42 44 45 <= 9
new capacity cutset: 9 30 34 38 50 <= 3
nested set, do not add
new capacity cutset: 6 7 8 22 23 24 26 27 28 31 43 48 <= 9
new capacity cutset: 4 13 19 40 41 42 <= 4
new capacity cutset: 2 3 5 9 10 11 12 15 16 17 20 21 29 30 32 33 34 35 36 37 38 39 44 45 46 49 50 <= 21
nested set, do not add
new capacity cutset: 2 3 16 20 21 29 32 34 35 36 <= 7
new capacity cutset: 2 3 5 9 10 11 16 20 21 29 30 32 33 34 35 36 38 39 45 49 50 <= 16
nested set, do not add
num vars: 13552
STATS - lpIterations[7] lagIterations[19] sspIterations[119] numSeparations[119] numCuts[27] compileTime[0] sspSolveTime[0] lpSolveTime[28] lb[732.654] ub[741] numArcs: [207522] numFixed: [194259] time: [31]
checking cuts, max violation: 0.522602, num cuts: 39
new capacity cutset: 1 3 6 7 8 14 18 20 22 23 24 25 26 27 28 31 35 36 43 48 <= 15
new capacity cutset: 6 7 14 18 23 24 25 43 <= 5
nested set, do not add
new capacity cutset: 6 7 8 14 20 22 23 24 25 26 28 31 35 36 43 48 <= 12
nested set, do not add
new capacity cutset: 7 14 23 24 25 43 <= 4
nested set, do not add
new capacity cutset: 1 2 3 5 6 7 8 9 10 11 13 14 15 16 19 20 21 22 23 24 25 26 27 28 29 30 31 32 33 34 35 36 38 39 40 41 42 43 44 45 48 49 50 <= 34
new capacity cutset: 7 23 24 25 43 <= 3
nested set, do not add
new capacity cutset: 6 7 8 14 23 24 25 26 31 43 48 <= 8
nested set, do not add
new capacity cutset: 6 7 8 14 23 24 25 26 43 48 <= 7
nested set, do not add
new capacity cutset: 1 3 6 7 8 14 20 22 23 24 25 26 27 28 31 35 36 43 <= 14
nested set, do not add
new capacity cutset: 4 12 13 15 17 18 19 33 37 40 41 42 44 45 47 <= 11
new capacity cutset: 1 3 8 20 22 26 27 28 31 35 36 48 <= 9
nested set, do not add
new capacity cutset: 2 3 5 9 10 11 12 15 16 17 20 21 29 30 32 33 34 35 36 37 38 39 44 45 46 49 50 <= 21
new capacity cutset: 1 2 3 5 8 9 10 11 12 15 16 17 20 21 22 26 28 29 30 31 32 33 34 35 36 37 38 39 44 45 46 48 49 50 <= 27
nested set, do not add
new capacity cutset: 2 5 9 10 11 12 13 15 16 17 19 21 29 30 33 34 37 38 39 40 41 42 44 45 46 49 50 <= 21
new capacity cutset: 1 3 6 7 8 14 20 22 23 24 25 26 28 31 35 36 43 48 <= 14
nested set, do not add
new capacity cutset: 1 3 6 7 8 14 20 22 23 24 25 26 27 28 31 35 36 43 48 <= 15
nested set, do not add
new capacity cutset: 1 2 3 6 7 8 14 20 22 23 24 25 26 27 28 31 32 35 36 43 48 <= 16
nested set, do not add
new capacity cutset: 1 2 3 6 7 8 14 20 22 23 24 25 26 27 28 29 31 32 35 36 43 48 <= 17
nested set, do not add
new capacity cutset: 4 5 9 10 12 13 15 17 18 19 21 30 33 34 37 38 39 40 41 42 44 45 47 49 50 <= 19
nested set, do not add
new capacity cutset: 4 5 9 10 12 13 15 17 18 19 21 30 33 34 37 38 39 40 41 42 44 45 46 47 49 50 <= 20
nested set, do not add
new capacity cutset: 6 7 14 23 24 25 43 <= 5
nested set, do not add
new capacity cutset: 1 2 3 4 5 9 10 11 12 13 15 16 17 18 19 20 21 29 30 32 33 34 35 36 37 38 39 40 41 42 44 45 46 47 49 50 <= 28
nested set, do not add
new capacity cutset: 1 2 3 4 5 8 9 10 11 12 13 15 16 17 18 19 20 21 22 26 28 29 30 31 32 33 34 35 36 37 38 39 40 41 42 44 45 46 47 48 49 50 <= 33
nested set, do not add
new capacity cutset: 1 2 3 5 8 9 10 11 12 13 15 16 17 19 20 21 22 26 28 29 30 31 32 33 34 35 36 37 38 39 40 41 42 44 45 46 48 49 50 <= 31
nested set, do not add
new capacity cutset: 1 3 8 20 22 26 28 31 32 35 36 48 <= 9
nested set, do not add
new capacity cutset: 2 3 5 9 10 11 16 20 21 29 30 32 33 34 35 36 38 39 45 49 50 <= 16
nested set, do not add
new capacity cutset: 1 2 3 5 8 9 10 11 12 15 16 17 20 21 22 26 28 29 30 31 32 33 34 35 36 37 38 39 44 45 48 49 50 <= 26
new capacity cutset: 1 2 3 5 8 9 10 11 12 13 15 16 17 19 20 21 22 26 28 29 30 31 32 33 34 35 36 37 38 39 40 41 42 44 45 48 49 50 <= 30
nested set, do not add
new capacity cutset: 1 2 3 6 7 8 14 20 22 23 24 25 26 27 28 29 31 35 36 43 48 <= 16
nested set, do not add
new capacity cutset: 3 6 7 8 14 20 22 23 24 25 26 28 31 35 36 43 48 <= 13
nested set, do not add
new capacity cutset: 1 3 6 7 8 13 14 18 19 20 22 23 24 25 26 27 28 31 35 36 40 41 42 43 48 <= 19
nested set, do not add
new capacity cutset: 1 3 4 6 7 8 13 14 18 19 20 22 23 24 25 26 27 28 31 35 36 40 41 42 43 48 <= 20
nested set, do not add
new capacity cutset: 4 6 7 13 14 18 19 23 24 25 40 41 42 43 <= 10
new capacity cutset: 6 7 8 13 14 19 23 24 25 26 31 40 41 42 43 48 <= 12
nested set, do not add
new capacity cutset: 1 2 3 5 6 7 8 9 10 11 14 15 16 20 21 22 23 24 25 26 27 28 29 30 31 32 33 34 35 36 38 39 43 45 48 49 50 <= 29
nested set, do not add
new capacity cutset: 1 3 6 7 8 13 14 20 22 23 24 25 26 27 28 31 35 36 41 43 48 <= 16
nested set, do not add
new capacity cutset: 7 8 14 23 24 25 26 31 43 48 <= 7
nested set, do not add
new capacity cutset: 6 7 8 14 23 24 25 26 31 43 <= 7
nested set, do not add
new capacity cutset: 1 3 6 7 8 13 14 19 20 22 23 24 25 26 27 28 31 35 36 40 41 42 43 48 <= 19
nested set, do not add
num vars: 12390
STATS - lpIterations[8] lagIterations[19] sspIterations[119] numSeparations[136] numCuts[34] compileTime[0] sspSolveTime[0] lpSolveTime[33] lb[733.593] ub[741] numArcs: [208828] numFixed: [196727] time: [35]
checking cuts, max violation: 0.260729, num cuts: 2
new capacity cutset: 1 3 8 20 22 26 27 28 31 35 36 48 <= 9
new capacity cutset: 2 3 5 9 10 11 16 20 21 29 30 32 33 34 35 36 38 39 45 49 50 <= 16
num vars: 10875
STATS - lpIterations[9] lagIterations[19] sspIterations[119] numSeparations[150] numCuts[36] compileTime[0] sspSolveTime[0] lpSolveTime[37] lb[734] ub[741] numArcs: [209964] numFixed: [199378] time: [40]
checking cuts, max violation: 0.197261, num cuts: 6
new capacity cutset: 1 3 6 7 8 14 20 22 23 24 26 28 31 35 36 43 48 <= 13
new capacity cutset: 1 3 4 6 7 8 13 14 18 19 20 22 23 24 25 26 28 31 35 36 40 41 42 43 48 <= 19
nested set, do not add
new capacity cutset: 6 7 8 14 23 24 26 28 31 43 48 <= 8
nested set, do not add
new capacity cutset: 6 7 8 13 14 23 24 25 26 28 31 41 43 48 <= 10
new capacity cutset: 1 2 3 5 6 7 8 9 10 11 14 15 16 20 21 22 23 24 25 26 27 28 29 30 31 32 33 34 35 36 38 39 43 45 48 49 50 <= 29
nested set, do not add
new capacity cutset: 1 3 6 7 8 13 14 20 22 23 24 25 26 28 31 35 36 41 43 48 <= 15
nested set, do not add
num vars: 10072
STATS - lpIterations[10] lagIterations[19] sspIterations[119] numSeparations[159] numCuts[38] compileTime[0] sspSolveTime[0] lpSolveTime[41] lb[734.262] ub[741] numArcs: [210803] numFixed: [201018] time: [44]
checking cuts, max violation: 0.154796, num cuts: 4
new capacity cutset: 6 7 14 18 23 24 25 43 <= 5
new capacity cutset: 7 23 24 25 43 <= 3
nested set, do not add
new capacity cutset: 1 2 3 5 6 7 8 9 10 11 14 15 16 20 21 22 23 24 25 26 27 28 29 30 31 32 33 34 35 36 38 39 43 45 48 49 50 <= 29
new capacity cutset: 1 2 3 4 5 6 7 8 9 10 11 13 14 15 16 17 18 19 20 21 22 23 24 25 26 27 28 29 30 31 32 33 34 35 36 37 38 39 40 41 42 43 44 45 46 48 49 50 <= 38
nested set, do not add
num vars: 9453
STATS - lpIterations[11] lagIterations[19] sspIterations[119] numSeparations[171] numCuts[40] compileTime[0] sspSolveTime[0] lpSolveTime[44] lb[734.545] ub[741] numArcs: [211726] numFixed: [202558] time: [47]
checking cuts, max violation: 0.166704, num cuts: 5
new capacity cutset: 13 15 19 33 37 39 40 41 42 44 45 <= 8
new capacity cutset: 4 6 7 8 13 14 18 19 23 24 25 26 28 31 40 41 42 43 48 <= 14
new capacity cutset: 1 2 3 6 7 8 9 10 11 13 14 15 16 19 20 21 22 23 24 25 26 27 28 29 30 31 32 33 34 35 36 37 38 39 40 41 42 43 44 45 48 49 50 <= 34
nested set, do not add
new capacity cutset: 1 2 3 4 5 6 7 8 9 10 11 13 14 15 16 17 18 19 20 21 22 23 24 25 26 27 28 29 30 31 32 33 34 35 36 37 38 39 40 41 42 43 44 45 46 48 49 50 <= 38
nested set, do not add
new capacity cutset: 1 3 4 6 7 8 13 14 18 19 20 22 23 24 25 26 28 31 35 36 40 41 42 43 48 <= 19
nested set, do not add
num vars: 8913
STATS - lpIterations[12] lagIterations[19] sspIterations[119] numSeparations[180] numCuts[42] compileTime[0] sspSolveTime[0] lpSolveTime[47] lb[734.616] ub[741] numArcs: [212258] numFixed: [203630] time: [50]
no rcc cuts found
num vars: 21987
STATS - lpIterations[13] lagIterations[19] sspIterations[119] numSeparations[188] numCuts[42] compileTime[0] sspSolveTime[0] lpSolveTime[53] lb[734.695] ub[741] numArcs: [212847] numFixed: [191145] time: [56]
checking cuts, max violation: 0.103896, num cuts: 1
new capacity cutset: 1 2 3 4 5 6 7 8 9 10 11 13 14 15 16 17 18 19 20 21 22 23 24 25 26 27 28 29 30 31 32 33 34 35 36 37 38 39 40 41 42 43 44 45 46 48 49 50 <= 38
num vars: 8830
STATS - lpIterations[14] lagIterations[19] sspIterations[119] numSeparations[195] numCuts[43] compileTime[0] sspSolveTime[0] lpSolveTime[56] lb[734.755] ub[741] numArcs: [213610] numFixed: [205065] time: [59]
checking cuts, max violation: 0.11838, num cuts: 1
new capacity cutset: 2 3 16 20 21 29 34 35 36 50 <= 7
num vars: 9194
STATS - lpIterations[15] lagIterations[19] sspIterations[119] numSeparations[202] numCuts[44] compileTime[0] sspSolveTime[0] lpSolveTime[60] lb[734.794] ub[741] numArcs: [213951] numFixed: [205042] time: [63]
checking cuts, max violation: 0.127778, num cuts: 1
new capacity cutset: 10 30 34 39 49 <= 3
num vars: 10440
STATS - lpIterations[16] lagIterations[19] sspIterations[119] numSeparations[210] numCuts[45] compileTime[0] sspSolveTime[0] lpSolveTime[64] lb[734.906] ub[741] numArcs: [214623] numFixed: [204468] time: [67]
no rcc cuts found
num vars: 9735
STATS - lpIterations[17] lagIterations[19] sspIterations[119] numSeparations[218] numCuts[45] compileTime[0] sspSolveTime[0] lpSolveTime[68] lb[735.056] ub[741] numArcs: [215235] numFixed: [205785] time: [71]
checking cuts, max violation: 0.116554, num cuts: 1
new capacity cutset: 2 3 9 10 11 15 16 20 21 29 30 32 33 34 35 36 38 39 45 46 49 50 <= 17
num vars: 8240
STATS - lpIterations[18] lagIterations[19] sspIterations[119] numSeparations[222] numCuts[46] compileTime[0] sspSolveTime[0] lpSolveTime[71] lb[735.142] ub[741] numArcs: [215448] numFixed: [207493] time: [74]
no rcc cuts found
num vars: 8611
STATS - lpIterations[19] lagIterations[19] sspIterations[119] numSeparations[227] numCuts[46] compileTime[0] sspSolveTime[0] lpSolveTime[74] lb[735.25] ub[741] numArcs: [215702] numFixed: [207376] time: [78]
checking cuts, max violation: 0.109463, num cuts: 1
new capacity cutset: 2 3 5 9 10 11 16 20 21 29 30 33 34 35 36 38 39 45 46 49 50 <= 16
num vars: 20563
STATS - lpIterations[20] lagIterations[19] sspIterations[119] numSeparations[232] numCuts[47] compileTime[0] sspSolveTime[0] lpSolveTime[80] lb[735.446] ub[741] numArcs: [216017] numFixed: [195739] time: [84]
no rcc cuts found
num vars: 7488
STATS - lpIterations[21] lagIterations[19] sspIterations[119] numSeparations[242] numCuts[47] compileTime[0] sspSolveTime[0] lpSolveTime[84] lb[735.508] ub[741] numArcs: [216684] numFixed: [209481] time: [87]
checking cuts, max violation: 0.112903, num cuts: 7
new capacity cutset: 3 7 8 14 20 22 23 24 25 26 28 31 35 36 43 48 <= 12
new capacity cutset: 3 6 7 8 14 20 22 23 24 25 26 28 31 35 36 43 48 <= 13
nested set, do not add
new capacity cutset: 6 7 8 14 23 24 25 26 43 48 <= 7
new capacity cutset: 6 7 8 14 23 24 25 26 28 31 43 48 <= 9
nested set, do not add
new capacity cutset: 7 8 14 23 24 25 26 28 31 43 48 <= 8
nested set, do not add
new capacity cutset: 6 7 8 14 23 24 25 26 28 31 43 <= 8
new capacity cutset: 3 6 7 8 14 20 22 23 24 25 26 28 31 35 36 43 <= 12
nested set, do not add
num vars: 7853
STATS - lpIterations[22] lagIterations[19] sspIterations[119] numSeparations[249] numCuts[50] compileTime[0] sspSolveTime[0] lpSolveTime[87] lb[735.604] ub[741] numArcs: [217137] numFixed: [209569] time: [90]
checking cuts, max violation: 0.151587, num cuts: 5
new capacity cutset: 6 7 8 14 18 23 24 25 26 27 28 31 43 48 <= 10
new capacity cutset: 3 6 7 8 14 18 20 22 23 24 25 26 27 28 31 35 36 43 48 <= 14
nested set, do not add
new capacity cutset: 6 7 8 14 23 24 26 28 31 43 48 <= 8
nested set, do not add
new capacity cutset: 3 6 7 8 14 20 22 23 24 26 27 28 31 35 36 43 48 <= 13
new capacity cutset: 4 6 7 8 13 14 18 19 23 24 25 26 27 28 31 40 41 43 48 <= 14
nested set, do not add
num vars: 36671
STATS - lpIterations[23] lagIterations[19] sspIterations[119] numSeparations[258] numCuts[52] compileTime[0] sspSolveTime[0] lpSolveTime[95] lb[735.651] ub[741] numArcs: [217673] numFixed: [181287] time: [99]
no rcc cuts found
num vars: 6947
STATS - lpIterations[24] lagIterations[19] sspIterations[119] numSeparations[262] numCuts[52] compileTime[0] sspSolveTime[0] lpSolveTime[98] lb[735.734] ub[741] numArcs: [217847] numFixed: [211185] time: [102]
no rcc cuts found
num vars: 7953
STATS - lpIterations[25] lagIterations[19] sspIterations[119] numSeparations[266] numCuts[52] compileTime[0] sspSolveTime[0] lpSolveTime[101] lb[735.749] ub[741] numArcs: [218113] numFixed: [210445] time: [106]
no rcc cuts found
num vars: 61716
STATS - lpIterations[26] lagIterations[19] sspIterations[119] numSeparations[273] numCuts[52] compileTime[0] sspSolveTime[0] lpSolveTime[116] lb[735.763] ub[741] numArcs: [218530] numFixed: [157099] time: [120]
no rcc cuts found
num vars: 7073
STATS - lpIterations[27] lagIterations[19] sspIterations[119] numSeparations[278] numCuts[52] compileTime[0] sspSolveTime[0] lpSolveTime[120] lb[735.766] ub[741] numArcs: [218996] numFixed: [212206] time: [124]
no rcc cuts found
num vars: 7094
STATS - lpIterations[28] lagIterations[19] sspIterations[119] numSeparations[282] numCuts[52] compileTime[0] sspSolveTime[0] lpSolveTime[123] lb[735.769] ub[741] numArcs: [219272] numFixed: [212461] time: [128]
checking cuts, max violation: 0.105069, num cuts: 2
new capacity cutset: 4 5 9 10 12 13 15 17 18 19 21 30 33 34 37 38 39 40 41 42 44 45 46 47 49 50 <= 20
new capacity cutset: 4 5 9 10 12 13 15 17 18 19 21 30 33 34 37 38 39 40 41 42 44 45 47 49 50 <= 19
nested set, do not add
num vars: 7114
STATS - lpIterations[29] lagIterations[19] sspIterations[119] numSeparations[287] numCuts[53] compileTime[0] sspSolveTime[0] lpSolveTime[127] lb[735.79] ub[741] numArcs: [219763] numFixed: [212932] time: [131]
no rcc cuts found
num vars: 10472
STATS - lpIterations[30] lagIterations[19] sspIterations[119] numSeparations[290] numCuts[53] compileTime[0] sspSolveTime[0] lpSolveTime[131] lb[735.795] ub[741] numArcs: [220018] numFixed: [209829] time: [136]
no rcc cuts found
num vars: 7781
STATS - lpIterations[31] lagIterations[19] sspIterations[119] numSeparations[294] numCuts[53] compileTime[0] sspSolveTime[0] lpSolveTime[135] lb[735.802] ub[741] numArcs: [220390] numFixed: [212892] time: [140]
no rcc cuts found
num vars: 31346
STATS - lpIterations[32] lagIterations[19] sspIterations[119] numSeparations[297] numCuts[53] compileTime[0] sspSolveTime[0] lpSolveTime[144] lb[735.802] ub[741] numArcs: [220666] numFixed: [189603] time: [149]
no rcc cuts found
num vars: 7412
STATS - lpIterations[33] lagIterations[19] sspIterations[119] numSeparations[301] numCuts[53] compileTime[0] sspSolveTime[0] lpSolveTime[148] lb[735.803] ub[741] numArcs: [220888] numFixed: [213759] time: [153]
no rcc cuts found
num vars: 58807
STATS - lpIterations[34] lagIterations[19] sspIterations[119] numSeparations[303] numCuts[53] compileTime[0] sspSolveTime[0] lpSolveTime[164] lb[735.805] ub[741] numArcs: [221117] numFixed: [162593] time: [169]
no rcc cuts found
num vars: 7381
STATS - lpIterations[35] lagIterations[19] sspIterations[119] numSeparations[308] numCuts[53] compileTime[0] sspSolveTime[0] lpSolveTime[167] lb[735.805] ub[741] numArcs: [221308] numFixed: [214210] time: [172]
no rcc cuts found
num vars: 7553
STATS - lpIterations[36] lagIterations[19] sspIterations[119] numSeparations[311] numCuts[53] compileTime[0] sspSolveTime[0] lpSolveTime[171] lb[735.805] ub[741] numArcs: [221415] numFixed: [214145] time: [177]
no rcc cuts found
num vars: 11536
STATS - lpIterations[37] lagIterations[19] sspIterations[119] numSeparations[313] numCuts[53] compileTime[0] sspSolveTime[0] lpSolveTime[176] lb[735.805] ub[741] numArcs: [221610] numFixed: [210355] time: [181]
no rcc cuts found
num vars: 7307
STATS - lpIterations[38] lagIterations[19] sspIterations[119] numSeparations[315] numCuts[53] compileTime[0] sspSolveTime[0] lpSolveTime[179] lb[735.806] ub[741] numArcs: [221752] numFixed: [214726] time: [185]
no rcc cuts found
num vars: 8874
STATS - lpIterations[39] lagIterations[19] sspIterations[119] numSeparations[318] numCuts[53] compileTime[0] sspSolveTime[0] lpSolveTime[183] lb[735.809] ub[741] numArcs: [222011] numFixed: [213418] time: [188]
no rcc cuts found
num vars: 31544
STATS - lpIterations[40] lagIterations[19] sspIterations[119] numSeparations[321] numCuts[53] compileTime[0] sspSolveTime[0] lpSolveTime[191] lb[735.811] ub[741] numArcs: [222267] numFixed: [191004] time: [197]
no rcc cuts found
num vars: 7475
STATS - lpIterations[41] lagIterations[19] sspIterations[119] numSeparations[324] numCuts[53] compileTime[0] sspSolveTime[0] lpSolveTime[195] lb[735.812] ub[741] numArcs: [222455] numFixed: [215259] time: [201]
no rcc cuts found
num vars: 8206
STATS - lpIterations[42] lagIterations[19] sspIterations[119] numSeparations[327] numCuts[53] compileTime[0] sspSolveTime[0] lpSolveTime[199] lb[735.813] ub[741] numArcs: [222817] numFixed: [214890] time: [205]
no rcc cuts found
num vars: 23778
STATS - lpIterations[43] lagIterations[19] sspIterations[119] numSeparations[331] numCuts[53] compileTime[0] sspSolveTime[0] lpSolveTime[207] lb[735.815] ub[741] numArcs: [223259] numFixed: [199760] time: [213]
no rcc cuts found
num vars: 7866
STATS - lpIterations[44] lagIterations[19] sspIterations[119] numSeparations[333] numCuts[53] compileTime[0] sspSolveTime[0] lpSolveTime[211] lb[735.815] ub[741] numArcs: [223543] numFixed: [215956] time: [217]
no rcc cuts found
num vars: 60166
STATS - lpIterations[45] lagIterations[19] sspIterations[119] numSeparations[335] numCuts[53] compileTime[0] sspSolveTime[0] lpSolveTime[228] lb[735.816] ub[741] numArcs: [223685] numFixed: [163798] time: [234]
no rcc cuts found
num vars: 7651
STATS - lpIterations[46] lagIterations[19] sspIterations[119] numSeparations[338] numCuts[53] compileTime[0] sspSolveTime[0] lpSolveTime[231] lb[735.82] ub[741] numArcs: [224010] numFixed: [216638] time: [238]
no rcc cuts found
num vars: 7695
STATS - lpIterations[47] lagIterations[19] sspIterations[119] numSeparations[340] numCuts[53] compileTime[0] sspSolveTime[0] lpSolveTime[235] lb[735.822] ub[741] numArcs: [224152] numFixed: [216736] time: [241]
no rcc cuts found
num vars: 12065
STATS - lpIterations[48] lagIterations[19] sspIterations[119] numSeparations[341] numCuts[53] compileTime[0] sspSolveTime[0] lpSolveTime[239] lb[735.823] ub[741] numArcs: [224290] numFixed: [212504] time: [246]
no rcc cuts found
num vars: 35691
STATS - lpIterations[49] lagIterations[19] sspIterations[119] numSeparations[343] numCuts[53] compileTime[0] sspSolveTime[0] lpSolveTime[249] lb[735.824] ub[741] numArcs: [224484] numFixed: [189072] time: [256]
no rcc cuts found
num vars: 7742
STATS - lpIterations[50] lagIterations[19] sspIterations[119] numSeparations[346] numCuts[53] compileTime[0] sspSolveTime[0] lpSolveTime[253] lb[735.825] ub[741] numArcs: [224679] numFixed: [217216] time: [260]
no rcc cuts found
num vars: 13839
STATS - lpIterations[51] lagIterations[19] sspIterations[119] numSeparations[348] numCuts[53] compileTime[0] sspSolveTime[0] lpSolveTime[259] lb[735.825] ub[741] numArcs: [224870] numFixed: [211310] time: [266]
no rcc cuts found
num vars: 11212
STATS - lpIterations[52] lagIterations[19] sspIterations[119] numSeparations[350] numCuts[53] compileTime[0] sspSolveTime[0] lpSolveTime[264] lb[735.826] ub[741] numArcs: [225108] numFixed: [214175] time: [271]
no rcc cuts found
num vars: 7882
STATS - lpIterations[53] lagIterations[19] sspIterations[119] numSeparations[352] numCuts[53] compileTime[0] sspSolveTime[0] lpSolveTime[268] lb[735.828] ub[741] numArcs: [225285] numFixed: [217682] time: [275]
no rcc cuts found
num vars: 20389
STATS - lpIterations[54] lagIterations[19] sspIterations[119] numSeparations[353] numCuts[53] compileTime[0] sspSolveTime[0] lpSolveTime[274] lb[735.828] ub[741] numArcs: [225425] numFixed: [205315] time: [282]
no rcc cuts found
num vars: 7639
STATS - lpIterations[55] lagIterations[19] sspIterations[119] numSeparations[354] numCuts[53] compileTime[0] sspSolveTime[0] lpSolveTime[278] lb[735.828] ub[741] numArcs: [225506] numFixed: [218146] time: [285]
no rcc cuts found
num vars: 9300
STATS - lpIterations[56] lagIterations[19] sspIterations[119] numSeparations[355] numCuts[53] compileTime[0] sspSolveTime[0] lpSolveTime[282] lb[735.828] ub[741] numArcs: [225553] numFixed: [216532] time: [290]
no rcc cuts found
num vars: 10023
STATS - lpIterations[57] lagIterations[19] sspIterations[119] numSeparations[357] numCuts[53] compileTime[0] sspSolveTime[0] lpSolveTime[286] lb[735.828] ub[741] numArcs: [225682] numFixed: [215938] time: [294]
no rcc cuts found
num vars: 8555
STATS - lpIterations[58] lagIterations[19] sspIterations[119] numSeparations[358] numCuts[53] compileTime[0] sspSolveTime[0] lpSolveTime[291] lb[735.828] ub[741] numArcs: [225804] numFixed: [217528] time: [298]
no rcc cuts found
routes: 
flow {0.166008}: 0 30 39 33 45 15 17 
flow {0.110672}: 0 41 40 19 42 44 17 
flow {0.229249}: 0 12 17 44 37 5 
flow {0.108696}: 0 12 47 
flow {0.108696}: 0 18 4 12 
flow {0.381423}: 0 18 4 47 
flow {0.343874}: 0 47 18 
flow {0.0395257}: 0 25 13 40 19 42 
flow {0.0118577}: 0 25 13 41 
flow {0.458498}: 0 1 3 36 35 20 29 
flow {0.166008}: 0 1 28 31 26 7 43 24 
flow {0.0118577}: 0 1 28 31 26 8 48 
flow {0.264822}: 0 1 22 28 31 8 48 
flow {0.205534}: 0 4 19 40 41 13 
flow {0.110672}: 0 4 41 40 42 44 17 
flow {0.110672}: 0 4 41 19 42 44 17 
flow {0.0632411}: 0 5 12 47 
flow {0.166008}: 0 5 10 33 45 15 37 
flow {0.0513834}: 0 6 24 25 14 
flow {0.166008}: 0 6 14 18 
flow {0.264822}: 0 6 23 43 24 25 
flow {0.126482}: 0 6 23 7 43 24 
flow {0.15415}: 0 10 39 33 45 44 37 
flow {0.0118577}: 0 10 39 33 45 44 37 17 
flow {0.375494}: 0 11 16 2 32 
flow {0.29249}: 0 13 25 14 
flow {0.367589}: 0 13 41 19 40 42 
flow {0.083004}: 0 16 29 21 34 50 38 
flow {0.458498}: 0 16 21 34 30 9 
flow {0.0948617}: 0 17 42 44 15 37 12 
flow {0.083004}: 0 17 44 45 15 37 12 
flow {0.233202}: 0 22 28 31 26 8 48 
flow {0.177866}: 0 22 3 36 35 20 
flow {0.0513834}: 0 23 7 43 24 14 
flow {0.241107}: 0 24 43 7 23 48 
flow {0.339921}: 0 27 6 14 25 
flow {0.166008}: 0 27 32 2 11 
flow {0.00395257}: 0 27 48 26 31 28 22 1 
flow {0.225296}: 0 27 8 26 31 28 22 
flow {0.264822}: 0 27 8 26 7 23 
flow {0.363636}: 0 32 3 36 35 20 
flow {0.083004}: 0 37 17 42 40 19 41 4 
flow {0.083004}: 0 37 44 42 19 40 13 
flow {0.0118577}: 0 37 44 45 33 5 
flow {0.083004}: 0 37 15 33 39 10 49 
flow {0.083004}: 0 38 9 34 50 16 
flow {0.458498}: 0 38 9 50 21 29 2 
flow {0.0948617}: 0 46 12 47 
flow {0.0632411}: 0 46 38 5 12 
flow {0.177866}: 0 46 50 34 30 39 10 
flow {0.146245}: 0 46 11 5 12 
flow {0.00790514}: 0 46 5 12 47 
flow {0.312253}: 0 46 5 49 38 11 
flow {0.197628}: 0 46 49 30 34 50 
flow {0.0513834}: 0 48 7 43 23 6 
flow {0.0988142}: 0 48 7 43 24 14 
flow {0.0948617}: 0 48 26 31 28 22 1 32 
flow {0.407115}: 0 49 10 39 33 45 15 
no more separations possible
no more separations or cuts possible
LP solved - switching to IP
solving IP
num vars: 7378
STATS - lpIterations[59] lagIterations[19] sspIterations[119] numSeparations[358] numCuts[53] compileTime[0] sspSolveTime[0] lpSolveTime[342] lb[741] ub[741] numArcs: [225804] numFixed: [218705] time: [350]
routes: 
flow {1}: 0 12 17 44 37 5 
flow {1}: 0 47 4 18 
flow {1}: 0 25 14 6 27 
flow {1}: 0 8 26 31 28 22 32 
flow {1}: 0 13 41 19 40 42 
flow {1}: 0 15 45 33 39 10 49 
flow {1}: 0 29 20 35 36 3 1 
flow {1}: 0 38 16 2 11 
flow {1}: 0 46 50 21 34 30 9 
flow {1}: 0 48 23 7 43 24 
no more separations possible
no more separations or cuts possible
STATS - lpIterations[59] lagIterations[19] sspIterations[119] numSeparations[358] numCuts[53] compileTime[0] sspSolveTime[0] lpSolveTime[342] lb[741] ub[741] numArcs: [225804] numFixed: [218705] time: [350]
finished solving - complete
time elapsed: 350
