relax time window constraint
capacity: 120
instance upper bound: 744
route length upper bound: 60
compiling DD
time step mult: 1
time step: 10
cap step: 1
done compiling DD
batch size for lag: 1
iteration delay to start separating: 0
optimality gap to start repairing: 100
percent fixed to change to CPLEX: 97.5
num arcs to change to CPLEX: 100000
num arcs to change to LAG: 999999999
num lag iters to cut: 0
num cuts lag: 0
cut phase: 0
deactivate cut value threshold: 0
deactivate cut iter threshold: 0
momentum beta: 0
stall alpha factor: 0
STATS - lpIterations[0] lagIterations[0] sspIterations[0] numSeparations[0] numCuts[0] compileTime[0] sspSolveTime[0] lpSolveTime[0] lb[0] ub[744] numArcs: [475161] numFixed: [0] time: [0]
STATS - lpIterations[1] lagIterations[0] sspIterations[0] numSeparations[0] numCuts[0] compileTime[0] sspSolveTime[0] lpSolveTime[0] lb[0] ub[744] numArcs: [475161] numFixed: [0] time: [0]
STATS - lpIterations[1] lagIterations[1] sspIterations[1] numSeparations[0] numCuts[0] compileTime[0] sspSolveTime[0] lpSolveTime[0] lb[444.433] ub[744] numArcs: [475161] numFixed: [0] time: [0]
lambda: 0,7.5,6.5,3.66667,3.5,8.75,2.85,3.5,4.26667,11.6,11.2667,17.8833,3.2,4.6,14.4667,3.6,6.01667,2.66667,7.58333,5.75,13.5667,12.6,6,3.1,14.85,7.7,1.8,4.53333,12.0833,3.9,5.13333,15.4167,10.2667,8.1,3.16667,3,6.6,7.46667,10.8,5.86667,7.7,9,6.6,9.6,5.95,4.9,4.95,8.55,7,2.33333,11,2.2,4.43333,8.43333,7.2,4.9,16.0333,6.53333,7,14.8,
mu: 
alpha: 0.379339
STATS - lpIterations[1] lagIterations[2] sspIterations[2] numSeparations[0] numCuts[0] compileTime[0] sspSolveTime[0] lpSolveTime[0] lb[466.356] ub[744] numArcs: [475161] numFixed: [0] time: [0]
lambda: 0,7.87934,6.87934,4.04601,3.87934,9.12934,3.22934,3.87934,4.64601,11.9793,11.646,18.2627,3.57934,4.97934,14.846,3.97934,6.39601,3.04601,7.96267,6.12934,13.946,12.9793,6.37934,3.47934,15.2293,8.07934,1.8,4.91267,12.4627,4.27934,5.51267,15.796,10.646,8.47934,3.54601,3.37934,6.97934,7.84601,11.1793,6.24601,8.07934,9.37934,6.97934,9.97934,6.32934,5.27934,5.32934,8.92934,7.37934,2.71267,11.3793,2.57934,4.81267,8.81267,7.57934,5.27934,16.4127,6.91267,7.37934,15.1793,
mu: 
alpha: 0.394148
STATS - lpIterations[1] lagIterations[3] sspIterations[3] numSeparations[0] numCuts[0] compileTime[0] sspSolveTime[0] lpSolveTime[0] lb[488.561] ub[744] numArcs: [475155] numFixed: [0] time: [1]
lambda: 0,8.27349,7.27349,4.44015,3.87934,9.52349,3.62349,4.27349,5.04015,12.3735,12.0402,18.6568,3.97349,5.37349,15.2402,4.37349,6.79015,3.44015,8.35682,6.52349,14.3402,13.3735,6.77349,3.87349,15.6235,8.47349,2.19415,5.30682,12.8568,4.67349,5.90682,16.1902,11.0402,8.87349,3.94015,3.77349,7.37349,8.24015,11.5735,6.64015,8.47349,9.77349,7.37349,10.3735,6.72349,5.67349,5.72349,9.32349,7.77349,3.10682,11.7735,2.97349,5.20682,9.20682,7.97349,5.67349,16.8068,7.30682,7.77349,15.5735,
mu: 
alpha: 0.408906
STATS - lpIterations[1] lagIterations[4] sspIterations[4] numSeparations[1] numCuts[0] compileTime[0] sspSolveTime[0] lpSolveTime[0] lb[510.573] ub[744] numArcs: [475214] numFixed: [0] time: [1]
lambda: 0,8.68239,7.68239,4.84906,4.28825,9.93239,4.03239,4.68239,5.44906,12.7824,12.4491,19.0657,4.38239,5.78239,15.6491,4.78239,7.19906,3.84906,8.76573,6.93239,14.7491,13.7824,7.18239,4.28239,16.0324,8.88239,2.60305,5.71573,13.2657,5.08239,6.31573,16.5991,11.4491,9.28239,3.53125,4.18239,7.78239,8.64906,11.9824,7.04906,8.88239,10.1824,7.78239,10.7824,7.13239,6.08239,5.31458,9.73239,8.18239,3.51573,12.1824,3.38239,5.20682,9.61573,8.38239,6.08239,17.2157,7.71573,8.18239,15.9824,
mu: 
alpha: 0.423221
STATS - lpIterations[1] lagIterations[5] sspIterations[5] numSeparations[1] numCuts[0] compileTime[0] sspSolveTime[0] lpSolveTime[0] lb[534.466] ub[744] numArcs: [475214] numFixed: [0] time: [1]
lambda: 0,9.10561,8.10561,5.27228,4.71147,10.3556,4.45561,5.10561,5.87228,13.2056,12.8723,19.4889,4.80561,6.20561,16.0723,5.20561,7.62228,4.27228,9.18895,7.35561,15.1723,14.2056,7.60561,4.70561,16.4556,9.30561,2.60305,6.13895,13.6889,5.50561,6.73895,17.0223,11.8723,9.70561,3.95447,4.60561,8.20561,9.07228,12.4056,7.47228,9.30561,10.6056,8.20561,11.2056,7.55561,6.50561,5.7378,10.1556,8.60561,3.93895,12.6056,3.80561,5.63004,10.0389,8.80561,6.50561,17.6389,8.13895,8.60561,16.4056,
mu: 
alpha: 0.438807
STATS - lpIterations[1] lagIterations[6] sspIterations[6] numSeparations[2] numCuts[0] compileTime[0] sspSolveTime[0] lpSolveTime[0] lb[557.446] ub[744] numArcs: [475271] numFixed: [0] time: [1]
lambda: 0,9.54442,8.54442,5.71109,5.15027,10.7944,4.89442,5.54442,5.87228,13.6444,13.3111,19.9278,5.24442,6.64442,16.5111,5.64442,8.06109,4.71109,9.62775,7.79442,15.6111,14.6444,8.04442,5.14442,16.8944,9.74442,3.04186,6.57775,14.1278,5.94442,7.17775,17.4611,12.3111,10.1444,3.51566,5.04442,8.64442,9.51109,12.8444,7.91109,9.74442,11.0444,8.64442,11.6444,7.99442,6.94442,5.29899,10.5944,9.04442,4.37775,13.0444,4.24442,6.06885,10.4778,9.24442,6.94442,18.0778,8.57775,9.04442,16.8444,
mu: 
alpha: 0.46131
STATS - lpIterations[1] lagIterations[7] sspIterations[7] numSeparations[3] numCuts[0] compileTime[0] sspSolveTime[0] lpSolveTime[0] lb[579.284] ub[744] numArcs: [475328] numFixed: [0] time: [1]
lambda: 0,10.0057,9.00573,6.1724,5.15027,11.2557,5.35573,6.00573,6.33359,14.1057,13.7724,20.3891,5.70573,7.10573,16.9724,6.10573,8.5224,5.1724,10.0891,8.25573,16.0724,15.1057,8.50573,5.60573,17.3557,10.2057,3.50317,7.03906,14.5891,5.48311,7.63906,17.9224,12.7724,10.6057,3.97697,5.50573,9.10573,9.9724,13.3057,8.3724,10.2057,11.5057,9.10573,12.1057,8.45573,6.48311,5.7603,11.0557,9.04442,4.83906,13.5057,4.70573,6.53016,10.9391,9.70573,7.40573,18.5391,9.03906,9.50573,17.3057,
mu: 
alpha: 0.510742
updating best lambda
STATS - lpIterations[1] lagIterations[8] sspIterations[8] numSeparations[3] numCuts[0] compileTime[0] sspSolveTime[0] lpSolveTime[0] lb[603.706] ub[744] numArcs: [475319] numFixed: [7] time: [1]
lambda: 0,10.5165,9.51647,6.1724,5.66101,11.7665,5.86647,6.51647,6.84433,14.1057,14.2831,20.8998,5.70573,7.61647,17.4831,6.61647,9.03314,5.68314,10.5998,8.76647,16.5831,15.6165,9.01647,6.11647,17.8665,10.7165,4.01391,7.54981,15.0998,5.99385,8.14981,18.4331,12.7724,11.1165,4.48771,6.01647,9.61647,10.4831,13.8165,8.3724,10.7165,12.0165,9.61647,12.6165,8.45573,6.99385,6.27105,11.5665,9.55516,5.34981,14.0165,5.21647,7.0409,11.4498,10.2165,7.91647,19.0498,9.54981,10.0165,17.8165,
mu: 
alpha: 0.44364
updating best lambda
STATS - lpIterations[1] lagIterations[9] sspIterations[9] numSeparations[4] numCuts[0] compileTime[0] sspSolveTime[0] lpSolveTime[0] lb[625.553] ub[744] numArcs: [475379] numFixed: [175] time: [1]
lambda: 0,10.5165,9.96011,6.61604,6.10466,12.2101,6.31011,6.96011,7.28797,14.5494,14.7268,21.3434,6.14937,8.06011,17.9268,7.06011,9.47678,6.12678,11.0434,9.21011,17.0268,16.0601,9.46011,6.56011,18.3101,11.1601,4.45755,7.99345,15.5434,6.43749,8.59345,18.8768,13.216,11.5601,4.93135,6.46011,10.0601,10.9268,14.2601,8.81604,11.1601,12.0165,8.72919,11.7292,8.89937,7.43749,6.71469,12.0101,9.9988,5.79345,14.4601,5.66011,7.48454,11.8934,10.6601,8.36011,19.4934,9.99345,10.4601,18.2601,
mu: 
alpha: 0.503422
updating best lambda
STATS - lpIterations[1] lagIterations[10] sspIterations[13] numSeparations[5] numCuts[0] compileTime[0] sspSolveTime[0] lpSolveTime[0] lb[648.295] ub[744] numArcs: [475492] numFixed: [1141] time: [1]
lambda: 0,11.0199,10.4635,7.11946,6.60808,12.7135,6.81353,6.96011,7.79139,15.0528,15.2302,21.3434,6.65279,8.56353,18.4302,7.56353,9.9802,6.6302,11.5469,9.71353,17.5302,16.5635,9.96353,7.06353,18.8135,11.6635,4.96098,8.49687,16.0469,6.94092,9.09687,19.3802,13.7195,12.0635,5.43478,5.95669,10.5635,11.4302,14.7635,9.31946,11.6635,12.5199,9.23261,12.2326,9.40279,7.94092,7.21811,12.5135,10.5022,6.29687,14.9635,6.16353,7.98796,11.39,11.1635,8.86353,19.9969,10.4969,10.9635,18.7635,
mu: 
alpha: 0.499457
STATS - lpIterations[1] lagIterations[10] sspIterations[13] numSeparations[5] numCuts[0] compileTime[0] sspSolveTime[0] lpSolveTime[0] lb[649.075] ub[744] numArcs: [475492] numFixed: [1141] time: [1]
lambda: 0,11.5194,10.963,6.62,7.10753,12.2141,7.31299,7.45957,8.29085,14.5533,15.7297,21.8429,6.15334,9.06299,18.9297,8.06299,10.4797,7.12966,12.0463,10.213,18.0297,17.063,10.463,7.56299,19.313,12.163,5.46043,8.99633,16.5463,6.44146,8.59741,19.8797,13.22,12.563,5.93423,6.45615,11.063,11.9297,15.263,8.82,12.163,13.0194,9.73207,12.7321,8.90334,7.44146,7.71757,12.0141,10.0028,6.79633,15.463,6.66299,8.48742,11.8895,11.663,9.36299,20.4963,10.9963,11.463,19.263,
mu: 
updating best lambda
STATS - lpIterations[1] lagIterations[11] sspIterations[22] numSeparations[5] numCuts[0] compileTime[0] sspSolveTime[0] lpSolveTime[0] lb[659.356] ub[744] numArcs: [475440] numFixed: [5617] time: [1]
lambda: 0,11.5194,10.963,6.62,7.10753,12.2141,7.31299,7.45957,8.29085,14.5533,15.7297,21.8429,6.15334,9.06299,18.9297,8.06299,10.4797,7.12966,12.0463,10.213,18.0297,17.063,10.463,7.56299,19.313,12.163,5.46043,8.99633,16.5463,6.44146,8.59741,19.8797,13.22,12.563,5.93423,6.45615,11.063,11.9297,15.263,8.82,12.163,13.0194,9.73207,12.7321,8.90334,7.44146,7.71757,12.0141,10.0028,6.79633,15.463,6.66299,8.48742,11.8895,11.663,9.36299,20.4963,10.9963,11.463,19.263,
mu: 
alpha: 0.150765
STATS - lpIterations[1] lagIterations[11] sspIterations[22] numSeparations[5] numCuts[0] compileTime[0] sspSolveTime[0] lpSolveTime[0] lb[664.357] ub[744] numArcs: [475440] numFixed: [5617] time: [1]
lambda: 0,10.9163,11.1138,6.77077,7.10753,12.3648,7.16223,7.3088,8.14009,14.7041,15.8804,21.9937,6.3041,9.21376,18.9297,8.21376,10.6304,7.28042,12.1971,10.213,18.1804,17.2138,10.6138,7.71376,19.4638,12.3138,5.6112,8.54403,16.6971,6.59222,8.74818,20.0304,13.3708,12.563,5.02964,6.15462,11.2138,12.0804,15.4138,8.97077,12.3138,12.7178,9.27978,11.9782,9.0541,7.44146,6.96374,12.1648,10.1535,6.94709,15.6138,6.81376,7.73359,11.8895,11.8138,9.51376,20.6471,11.1471,11.6138,19.4138,
mu: 
updating best lambda
STATS - lpIterations[1] lagIterations[12] sspIterations[24] numSeparations[13] numCuts[0] compileTime[0] sspSolveTime[0] lpSolveTime[0] lb[667.739] ub[744] numArcs: [476342] numFixed: [15326] time: [1]
lambda: 0,10.9163,11.1138,6.77077,7.10753,12.3648,7.16223,7.3088,8.14009,14.7041,15.8804,21.9937,6.3041,9.21376,18.9297,8.21376,10.6304,7.28042,12.1971,10.213,18.1804,17.2138,10.6138,7.71376,19.4638,12.3138,5.6112,8.54403,16.6971,6.59222,8.74818,20.0304,13.3708,12.563,5.02964,6.15462,11.2138,12.0804,15.4138,8.97077,12.3138,12.7178,9.27978,11.9782,9.0541,7.44146,6.96374,12.1648,10.1535,6.94709,15.6138,6.81376,7.73359,11.8895,11.8138,9.51376,20.6471,11.1471,11.6138,19.4138,
mu: 
alpha: 0.50525
STATS - lpIterations[1] lagIterations[12] sspIterations[24] numSeparations[13] numCuts[0] compileTime[0] sspSolveTime[0] lpSolveTime[0] lb[667.904] ub[744] numArcs: [476342] numFixed: [15326] time: [1]
lambda: 0,11.4215,11.619,7.27602,7.61279,12.8701,7.66748,6.80355,8.64534,15.2094,16.3857,21.4884,6.80935,9.71901,19.4349,8.71901,11.1357,7.78567,12.7023,10.7182,18.6857,17.719,11.119,8.21901,19.969,12.819,6.11645,9.04928,17.2023,7.09747,9.25343,20.5357,13.876,13.0682,5.53489,6.65987,11.719,12.5857,14.9085,9.47602,12.819,13.2231,9.78503,12.4835,9.55935,7.94671,7.46899,12.6701,10.6588,7.45234,16.119,7.31901,8.23884,11.3842,12.319,10.019,21.1523,11.6523,11.1085,19.919,
mu: 
updating best lambda
alpha: 0.0751885
STATS - lpIterations[1] lagIterations[13] sspIterations[47] numSeparations[13] numCuts[0] compileTime[0] sspSolveTime[0] lpSolveTime[0] lb[681.655] ub[744] numArcs: [476182] numFixed: [19168] time: [2]
lambda: 0,11.3464,11.6942,6.82489,7.5376,12.2686,7.5171,6.65318,8.49496,15.1342,16.4609,21.5636,6.5086,9.49344,19.3597,8.49344,11.2109,7.56011,12.7775,10.6431,18.6857,17.719,11.1942,8.2942,20.0442,12.8942,6.04126,8.74853,17.2023,6.49597,9.17824,20.6109,13.3497,13.1434,5.4597,6.35911,11.5686,12.2097,14.9837,9.40083,12.4431,13.2231,9.78503,12.4083,9.10822,7.57077,7.3938,12.3693,10.4332,7.52753,16.119,6.79269,8.16366,11.309,12.3942,10.0942,21.2275,11.4268,11.1837,19.9942,
mu: 
updating best lambda
STATS - lpIterations[1] lagIterations[14] sspIterations[54] numSeparations[23] numCuts[0] compileTime[0] sspSolveTime[0] lpSolveTime[0] lb[682.382] ub[744] numArcs: [477543] numFixed: [49986] time: [2]
lambda: 0,11.3464,11.6942,6.82489,7.5376,12.2686,7.5171,6.65318,8.49496,15.1342,16.4609,21.5636,6.5086,9.49344,19.3597,8.49344,11.2109,7.56011,12.7775,10.6431,18.6857,17.719,11.1942,8.2942,20.0442,12.8942,6.04126,8.74853,17.2023,6.49597,9.17824,20.6109,13.3497,13.1434,5.4597,6.35911,11.5686,12.2097,14.9837,9.40083,12.4431,13.2231,9.78503,12.4083,9.10822,7.57077,7.3938,12.3693,10.4332,7.52753,16.119,6.79269,8.16366,11.309,12.3942,10.0942,21.2275,11.4268,11.1837,19.9942,
mu: 
alpha: 0.267224
STATS - lpIterations[1] lagIterations[14] sspIterations[54] numSeparations[23] numCuts[0] compileTime[0] sspSolveTime[0] lpSolveTime[0] lb[684.369] ub[744] numArcs: [477543] numFixed: [49986] time: [2]
lambda: 0,10.2775,11.9614,7.09211,7.80482,12.5358,7.24988,6.9204,8.76218,15.1342,16.7281,21.8308,6.24137,9.76067,19.6269,8.76067,10.6764,7.02566,13.0448,10.9103,18.9529,17.4518,11.4614,7.75975,20.3114,13.1614,6.30848,9.01575,17.4696,6.76319,8.91101,20.8781,13.6169,13.4107,5.72693,6.62634,11.8359,12.477,15.2509,9.40083,12.1758,12.4214,9.5178,11.3394,9.37544,7.83799,7.66103,12.3693,10.7004,6.99308,16.3862,6.25824,8.43088,11.5763,12.6614,10.3614,20.6931,11.694,11.4509,20.2614,
mu: 
updating best lambda
alpha: 0.107346
STATS - lpIterations[1] lagIterations[15] sspIterations[67] numSeparations[26] numCuts[0] compileTime[0] sspSolveTime[1] lpSolveTime[0] lb[685.089] ub[744] numArcs: [477843] numFixed: [61045] time: [2]
lambda: 0,10.3848,12.0688,7.19946,7.48278,12.1064,7.35722,6.70571,8.65484,15.2415,16.8354,21.9382,6.34872,9.22393,19.3049,8.22393,10.7838,7.13301,13.1521,10.6956,18.9529,17.5591,11.5688,7.8671,20.4188,13.2688,6.30848,8.15698,17.5769,6.3338,8.91101,20.9854,13.7243,13.518,5.72693,6.19695,11.7285,11.9402,15.3583,9.50818,12.2832,12.5287,9.62515,11.4468,9.48279,7.30126,7.66103,12.1546,10.5931,7.10043,16.4936,6.36559,8.00149,11.4689,12.7688,10.4688,20.8004,11.1573,11.5583,20.3688,
mu: 
updating best lambda
alpha: 0.241008
updating best lambda
alpha: 0.307451
STATS - lpIterations[1] lagIterations[17] sspIterations[82] numSeparations[34] numCuts[0] compileTime[0] sspSolveTime[1] lpSolveTime[0] lb[687.07] ub[744] numArcs: [478821] numFixed: [65686] time: [3]
lambda: 0,10.9333,12.1352,6.78388,7.79023,12.3474,7.18266,6.94672,7.99825,15.308,16.769,22.1792,6.17415,9.77239,19.8534,8.77239,11.3322,7.68147,13.7006,10.762,19.5014,17.4927,12.1172,8.41555,20.9672,13.8172,6.24204,8.70544,17.2695,6.57481,8.84457,21.5339,13.3087,14.0665,5.55236,6.74541,11.6621,12.1812,14.9844,9.57462,12.3496,13.0772,10.1736,11.9952,9.06722,7.54227,6.76343,11.1659,9.6043,7.64889,17.042,6.43203,8.54995,11.7099,13.3172,11.0172,21.3489,11.7057,10.5695,20.6098,
mu: 
updating best lambda
STATS - lpIterations[1] lagIterations[18] sspIterations[94] numSeparations[37] numCuts[0] compileTime[0] sspSolveTime[1] lpSolveTime[0] lb[690.388] ub[744] numArcs: [479191] numFixed: [76566] time: [3]
lambda: 0,10.9333,12.1352,6.78388,7.79023,12.3474,7.18266,6.94672,7.99825,15.308,16.769,22.1792,6.17415,9.77239,19.8534,8.77239,11.3322,7.68147,13.7006,10.762,19.5014,17.4927,12.1172,8.41555,20.9672,13.8172,6.24204,8.70544,17.2695,6.57481,8.84457,21.5339,13.3087,14.0665,5.55236,6.74541,11.6621,12.1812,14.9844,9.57462,12.3496,13.0772,10.1736,11.9952,9.06722,7.54227,6.76343,11.1659,9.6043,7.64889,17.042,6.43203,8.54995,11.7099,13.3172,11.0172,21.3489,11.7057,10.5695,20.6098,
mu: 
alpha: 0.243781
STATS - lpIterations[1] lagIterations[18] sspIterations[94] numSeparations[37] numCuts[0] compileTime[0] sspSolveTime[1] lpSolveTime[0] lb[692.686] ub[744] numArcs: [479191] numFixed: [76566] time: [3]
lambda: 0,10.6895,12.379,7.02766,7.30267,12.1037,6.93888,6.94672,8.24204,15.308,17.0128,22.423,6.17415,9.04105,19.6096,8.28483,10.8447,7.1939,13.4568,11.0058,19.7451,17.7365,12.361,8.41555,20.7234,14.061,6.48582,7.48653,17.5132,6.33103,9.08835,21.7777,13.3087,13.8227,5.55236,6.50163,11.9058,11.9375,15.2282,9.57462,12.1058,13.0772,10.4174,11.9952,8.57965,6.81092,7.00722,11.4096,9.84808,7.16133,16.7983,5.94447,7.81861,11.7099,13.561,11.261,21.3489,11.2182,10.8133,20.8536,
mu: 
updating best lambda
alpha: 0.561249
updating best lambda
alpha: 0.0681844
STATS - lpIterations[1] lagIterations[20] sspIterations[131] numSeparations[43] numCuts[0] compileTime[0] sspSolveTime[2] lpSolveTime[0] lb[704.201] ub[744] numArcs: [479909] numFixed: [106141] time: [4]
lambda: 0,10.8416,12.9402,7.31617,7.79573,12.324,7.22739,6.87853,8.24204,15.5283,17.5058,22.7797,6.46267,9.32956,19.6778,8.43697,11.1332,7.68697,13.8817,10.5127,19.8973,18.025,12.9223,8.84043,21.2165,14.5541,6.48582,7.9796,18.0063,6.61954,9.44505,22.4071,13.5972,14.1794,5.90906,6.43345,11.8534,11.885,15.5848,9.86313,12.4625,13.2975,10.5013,12.011,8.79998,7.30399,7.50028,11.4936,10.1366,7.44984,17.2231,6.16479,8.1753,12.0666,14.1904,11.8904,21.7738,11.4385,11.3063,21.2784,
mu: 
updating best lambda
alpha: 0.210955
STATS - lpIterations[1] lagIterations[21] sspIterations[147] numSeparations[51] numCuts[0] compileTime[0] sspSolveTime[2] lpSolveTime[0] lb[704.942] ub[744] numArcs: [480873] numFixed: [210126] time: [5]
lambda: 0,10.2088,13.1512,7.31617,7.79573,12.5349,7.43834,6.66758,8.45299,15.1064,17.0839,22.1468,6.04076,9.54052,19.8887,8.64793,10.2894,7.47601,13.8817,10.7237,20.1082,17.814,13.1332,8.20757,21.2165,14.765,6.48582,8.19055,17.7954,6.8305,9.23409,22.6181,13.3863,14.1794,5.6981,6.22249,12.0644,12.096,14.741,9.44122,12.2516,12.6647,10.0794,11.5891,8.79998,7.51494,7.50028,11.2826,9.92564,7.02793,17.2231,6.16479,8.1753,11.4338,14.4014,12.1014,21.1409,11.6494,10.6735,21.4894,
mu: 
updating best lambda
alpha: 0.560706
updating best lambda
alpha: 0.0755522
STATS - lpIterations[1] lagIterations[23] sspIterations[181] numSeparations[56] numCuts[0] compileTime[0] sspSolveTime[2] lpSolveTime[0] lb[708.652] ub[744] numArcs: [481263] numFixed: [186867] time: [6]
lambda: 0,10.7695,13.1512,7.12136,8.35644,12.0498,6.80208,7.00163,8.48483,15.4404,17.7202,22.7075,6.52591,9.05536,20.0717,8.08722,10.6234,7.96117,13.9891,10.9066,20.6689,18.0725,13.7695,8.76828,21.5506,15.2502,6.97098,7.62985,18.2805,6.19424,9.6437,23.2543,13.5692,13.6942,5.72994,6.40544,12.3229,11.5353,15.3017,9.85082,12.7367,13.2254,10.6401,12.1498,8.52961,7.02979,7.60767,11.1634,9.95748,7.28642,17.255,6.27219,8.50935,11.7678,15.0377,12.6621,21.7016,11.1643,11.2342,21.5968,
mu: 
updating best lambda
alpha: 0.197999
STATS - lpIterations[1] lagIterations[24] sspIterations[197] numSeparations[68] numCuts[0] compileTime[0] sspSolveTime[3] lpSolveTime[0] lb[709.515] ub[744] numArcs: [482811] numFixed: [253363] time: [6]
lambda: 0,10.7695,13.1512,6.92336,8.55444,12.2478,6.80208,6.60563,8.28683,15.0444,17.7202,22.7075,5.73391,9.25336,20.0717,8.28522,10.2274,7.36717,13.5931,10.7086,20.8669,18.0725,13.3735,8.76828,21.1546,15.4482,5.98098,7.82784,17.8845,6.39224,9.6437,23.4523,13.1732,13.6942,5.72994,6.40544,12.5209,11.7333,15.1037,9.45482,12.1427,12.8294,9.84815,11.9518,8.33161,7.22779,7.60767,11.1634,9.95748,6.69243,16.859,5.87619,8.70735,11.5698,15.2357,12.8601,21.7016,11.3623,10.8382,21.7948,
mu: 
updating best lambda
alpha: 0.497851
updating best lambda
alpha: 0.0685516
STATS - lpIterations[1] lagIterations[26] sspIterations[235] numSeparations[73] numCuts[0] compileTime[0] sspSolveTime[3] lpSolveTime[0] lb[710.625] ub[744] numArcs: [483529] numFixed: [262034] time: [7]
lambda: 0,10.856,13.5805,7.28411,7.62729,11.6814,7.16283,6.69217,8.44192,15.2681,18.1495,22.9997,6.09466,9.3399,20.4324,8.30321,10.3825,7.72792,13.9538,10.6581,20.8849,17.6432,13.5971,9.06047,21.5839,15.8775,6.47883,6.83214,18.2453,5.82584,9.14584,24.0187,13.5339,13.9864,4.73424,6.62908,11.6803,11.7513,15.4645,9.74702,12.5035,12.9845,10.1403,12.1754,8.55526,7.29634,7.10982,11.3185,10.3182,6.91607,17.1512,6.09983,7.6431,11.7249,15.3907,13.4265,21.9938,11.5859,11.336,21.2284,
mu: 
updating best lambda
alpha: 0.389064
alpha: 0.0582989
updating best lambda
alpha: 0.376315
alpha: 0.0429659
STATS - lpIterations[1] lagIterations[30] sspIterations[302] numSeparations[82] numCuts[0] compileTime[0] sspSolveTime[4] lpSolveTime[0] lb[711.313] ub[744] numArcs: [484397] numFixed: [271946] time: [8]
lambda: 0,9.69898,13.6107,7.57383,8.45097,12.2442,7.82695,6.83832,8.75928,15.1694,17.8489,22.3101,6.14021,9.2982,21.0106,8.415,9.7704,7.61391,13.952,10.6317,20.9967,17.6989,13.6273,8.56498,22.2756,16.0659,7.20124,7.36736,17.5228,6.44698,9.08496,24.8854,13.6334,14.0166,5.55792,6.04007,12.1542,11.8631,14.7749,9.7496,12.3465,12.489,10.0795,11.7382,8.78668,7.97579,7.89053,10.9231,10.1407,6.24568,16.8609,6.0685,8.13535,11.2801,15.2938,13.9034,21.4983,11.9156,11.4245,21.9784,
mu: 
updating best lambda
alpha: 0.236311
STATS - lpIterations[1] lagIterations[31] sspIterations[311] numSeparations[95] numCuts[0] compileTime[0] sspSolveTime[4] lpSolveTime[0] lb[712.068] ub[744] numArcs: [486335] numFixed: [281837] time: [8]
lambda: 0,9.93529,13.3744,7.10121,8.68728,12.4805,7.35432,6.12939,8.05035,14.6968,18.0852,22.5464,5.66759,9.53451,20.3017,8.65131,10.0067,7.61391,14.1883,9.92278,21.233,17.9352,13.8636,8.80129,22.5119,16.3022,6.96493,7.60367,17.7592,6.6833,9.32127,25.1217,13.1608,14.0166,5.32161,6.27638,12.3905,12.0994,15.0112,9.27698,12.1102,12.7253,10.3158,11.9745,8.31406,8.2121,8.12684,11.1594,10.3771,6.48199,17.0972,6.0685,8.37166,10.5712,15.5301,14.1397,21.7346,12.1519,11.6608,22.2147,
mu: 
updating best lambda
alpha: 0.0543725
updating best lambda
STATS - lpIterations[1] lagIterations[33] sspIterations[329] numSeparations[97] numCuts[0] compileTime[0] sspSolveTime[5] lpSolveTime[0] lb[712.175] ub[744] numArcs: [486527] numFixed: [285666] time: [9]
lambda: 0,9.98967,13.4288,7.15558,8.57853,12.0999,7.4087,6.18376,8.10472,14.7511,18.1396,22.6008,5.72196,9.26264,20.356,8.05322,10.0611,7.66828,14.1883,9.97715,20.6349,17.8809,13.918,8.85566,22.5663,16.2479,7.0193,7.27744,17.8135,6.57455,9.32127,25.176,13.1608,14.071,5.32161,6.33076,12.0642,11.4469,15.0656,9.33135,12.1646,12.7797,10.3701,12.0289,8.36843,7.88586,8.07247,10.9963,10.3227,6.53636,17.0429,6.12288,8.15417,10.6256,15.4757,14.1397,21.789,11.7169,11.7152,22.0516,
mu: 
alpha: 0.50516
updating best lambda
alpha: 0.0472497
STATS - lpIterations[1] lagIterations[34] sspIterations[369] numSeparations[97] numCuts[0] compileTime[0] sspSolveTime[5] lpSolveTime[0] lb[719.146] ub[744] numArcs: [486450] numFixed: [290732] time: [9]
lambda: 0,10.4476,13.8394,7.51899,8.98919,11.9582,7.86661,6.68892,8.60988,15.1618,18.5503,23.0114,6.13262,9.53156,20.8139,8.22763,10.33,8.03169,14.032,10.4351,20.8093,17.8809,14.1397,9.26632,22.8825,16.0915,7.47721,7.5936,18.0824,6.5273,9.32127,25.7285,13.477,14.5289,5.82677,6.64692,11.9225,11.6213,15.4762,9.78926,12.5752,13.0486,10.5446,12.3451,8.68459,8.24927,8.48313,11.3125,10.7333,6.80527,16.6503,6.34454,8.37583,11.1307,15.8391,14.3614,22.1997,11.9858,12.1731,22.0044,
mu: 
updating best lambda
alpha: 0.144326
STATS - lpIterations[1] lagIterations[35] sspIterations[393] numSeparations[107] numCuts[0] compileTime[0] sspSolveTime[5] lpSolveTime[0] lb[720.732] ub[744] numArcs: [487430] numFixed: [349952] time: [10]
lambda: 0,10.1589,13.2621,7.51899,8.55622,11.9582,7.43363,6.5446,8.60988,15.1618,18.2616,22.5785,5.69964,9.38723,20.6696,8.37195,10.0413,7.45439,14.032,10.2907,20.9537,17.7366,13.5624,9.12199,22.8825,16.2359,7.18856,7.30495,17.2165,6.23865,9.32127,25.8728,13.3326,14.0959,5.82677,6.06961,12.0668,11.7656,15.0432,9.78926,11.9979,12.7599,10.2559,12.3451,8.68459,7.8163,8.19448,11.3125,10.589,6.80527,16.6503,5.91156,7.79853,10.9864,15.6948,14.5057,22.0553,12.1302,11.8845,22.1487,
mu: 
updating best lambda
alpha: 0.413731
updating best lambda
alpha: 0.0984322
alpha: 0.414531
alpha: 0.0690205
alpha: 0.547675
alpha: 0.0602738
alpha: 0.191196
alpha: 0.500967
alpha: 0.07642
alpha: 0.313174
alpha: 0.300718
alpha: 0.0494583
alpha: 0.483068
alpha: 0.0415673
STATS - lpIterations[1] lagIterations[49] sspIterations[641] numSeparations[154] numCuts[0] compileTime[0] sspSolveTime[9] lpSolveTime[0] lb[726.102] ub[744] numArcs: [493443] numFixed: [344315] time: [15]
lambda: 0,10.3706,13.6751,8.05606,8.75616,12.319,7.54357,7.08701,8.80783,15.1842,18.255,23.2061,6.2918,9.49544,21.5815,7.98244,10.1655,7.439,13.4296,10.4557,20.8315,17.6713,14.3206,9.5516,24.1214,17.0093,7.22062,7.63763,17.8004,6.21121,8.89541,28.2543,13.7715,14.6107,6.0851,6.08147,12.1921,11.6019,15.6743,9.61527,12.1723,12.5556,10.393,12.6369,8.57933,8.35245,8.49074,11.1785,10.3657,6.72038,15.5717,6.15885,7.97928,11.2773,16.1913,16.2175,22.4849,12.6284,11.9017,22.674,
mu: 
updating best lambda
switching from LAG to LP solver
num vars: 81635
STATS - lpIterations[2] lagIterations[49] sspIterations[641] numSeparations[154] numCuts[0] compileTime[0] sspSolveTime[9] lpSolveTime[14] lb[734.391] ub[744] numArcs: [493443] numFixed: [412958] time: [30]
checking cuts, max violation: 0.383628, num cuts: 41
new capacity cutset: 1 2 3 4 5 6 7 8 9 10 11 12 13 14 15 16 17 18 19 20 21 22 23 24 25 26 27 28 29 30 31 32 33 34 35 36 37 38 39 40 41 42 43 44 45 46 47 48 49 50 51 52 53 54 55 56 57 58 59 <= 49
new capacity cutset: 2 4 5 7 8 11 13 14 15 19 20 21 27 28 29 30 34 35 36 37 38 45 46 47 48 52 53 54 57 59 <= 24
nested set, do not add
new capacity cutset: 1 2 3 5 6 7 8 9 10 11 12 13 14 15 16 17 18 19 20 21 22 23 24 25 26 27 28 29 30 31 32 33 34 35 36 37 38 39 40 41 42 43 44 45 46 47 48 49 50 51 52 53 54 55 56 57 58 59 <= 48
nested set, do not add
new capacity cutset: 1 2 3 4 5 6 8 9 10 11 12 13 14 15 16 17 18 19 20 21 22 23 24 25 26 27 28 29 30 31 32 33 34 35 36 37 38 39 40 41 42 43 44 45 46 47 48 49 50 51 52 53 54 55 56 57 58 59 <= 48
nested set, do not add
new capacity cutset: 5 13 15 20 21 29 30 36 37 47 48 54 57 59 <= 11
nested set, do not add
new capacity cutset: 7 11 14 38 53 <= 3
nested set, do not add
new capacity cutset: 1 2 3 4 5 6 7 8 9 10 11 13 14 15 17 18 19 20 21 22 23 24 25 27 28 29 30 31 32 33 34 35 36 37 38 39 40 41 42 43 44 45 46 47 48 49 50 51 52 53 54 55 56 57 58 59 <= 46
nested set, do not add
new capacity cutset: 1 2 3 4 5 7 8 9 10 11 12 13 14 15 16 18 19 20 21 22 23 24 25 26 27 28 29 30 31 32 33 34 35 36 37 38 39 40 41 42 43 44 45 46 47 48 49 50 52 53 54 55 56 57 58 59 <= 46
nested set, do not add
new capacity cutset: 1 22 23 33 41 42 43 56 <= 6
nested set, do not add
new capacity cutset: 1 22 23 28 33 41 42 43 56 <= 7
nested set, do not add
new capacity cutset: 1 23 33 41 42 43 56 <= 5
nested set, do not add
new capacity cutset: 16 23 24 41 42 43 49 56 <= 6
nested set, do not add
new capacity cutset: 1 2 3 4 5 7 8 9 10 11 13 14 15 16 17 18 19 20 21 22 23 24 25 27 28 29 30 31 32 33 34 35 36 37 38 39 40 41 42 43 44 45 46 47 48 49 50 51 52 53 54 55 56 57 58 59 <= 46
nested set, do not add
new capacity cutset: 1 2 3 5 7 8 9 10 11 12 13 14 15 16 17 18 19 20 21 22 23 24 25 26 27 28 29 30 31 32 33 34 35 36 37 38 39 40 41 42 43 44 45 46 47 48 49 50 51 52 53 54 55 56 57 58 59 <= 47
nested set, do not add
new capacity cutset: 1 22 28 33 41 42 43 <= 5
nested set, do not add
new capacity cutset: 1 2 3 5 6 7 8 9 10 11 12 13 14 15 16 17 18 19 20 21 22 23 24 25 26 27 28 29 30 31 32 33 34 35 36 37 38 39 40 41 42 43 44 46 47 48 49 50 51 52 53 54 55 56 57 58 59 <= 47
nested set, do not add
new capacity cutset: 1 2 3 4 5 7 8 9 10 11 12 13 14 15 16 17 18 19 20 21 22 23 24 25 26 27 28 29 30 31 32 33 34 35 36 37 38 39 40 41 42 43 44 45 46 47 48 49 50 51 52 53 54 55 56 57 58 59 <= 48
nested set, do not add
new capacity cutset: 1 2 3 4 5 6 7 8 9 10 11 12 13 14 15 17 18 19 20 21 22 23 24 25 26 27 28 29 30 31 32 33 34 35 36 37 38 39 40 41 42 43 44 45 46 47 48 49 50 51 52 53 54 55 56 57 58 59 <= 48
nested set, do not add
new capacity cutset: 1 2 3 4 5 6 7 8 9 10 11 12 13 14 15 16 17 18 19 20 21 22 23 24 25 26 27 28 30 31 32 33 34 35 36 37 38 39 40 41 42 43 44 45 46 47 48 49 50 51 52 53 54 55 56 57 58 59 <= 48
nested set, do not add
new capacity cutset: 1 2 3 4 5 6 7 9 10 11 12 13 14 15 16 17 18 19 20 21 22 23 24 25 26 27 28 29 30 31 32 33 35 36 37 38 39 40 41 42 43 44 45 46 47 48 49 50 51 52 53 54 55 56 57 58 59 <= 47
nested set, do not add
new capacity cutset: 1 2 3 4 5 6 7 8 9 10 11 12 13 14 15 16 17 18 19 20 21 22 23 24 25 26 27 28 29 30 31 32 33 35 36 37 38 39 40 41 42 43 44 45 46 47 48 49 50 51 52 53 54 55 56 57 58 59 <= 48
nested set, do not add
new capacity cutset: 1 22 23 28 41 42 43 56 <= 6
nested set, do not add
new capacity cutset: 1 2 3 5 6 7 8 9 10 11 12 13 14 15 16 17 18 19 20 21 22 23 24 25 26 27 28 29 30 31 32 33 34 35 36 37 38 39 40 41 42 43 44 45 46 47 48 49 50 51 52 53 54 55 56 57 59 <= 47
nested set, do not add
new capacity cutset: 1 2 3 4 5 6 7 8 9 10 11 12 13 14 15 16 17 18 19 20 21 22 23 24 25 26 27 28 29 30 31 32 33 34 35 36 37 38 39 40 41 42 43 44 45 46 47 48 49 50 51 52 53 54 55 56 57 59 <= 48
nested set, do not add
new capacity cutset: 1 2 3 4 5 7 8 9 10 11 12 13 14 15 16 17 18 19 20 21 22 23 24 25 26 27 28 29 30 31 32 33 34 35 36 37 38 39 40 41 42 43 44 45 46 47 48 49 50 52 53 54 55 56 57 58 59 <= 47
nested set, do not add
new capacity cutset: 1 2 3 4 5 6 7 8 9 10 11 13 14 15 16 17 18 19 20 21 22 23 24 25 27 28 29 30 31 32 33 34 35 36 37 38 39 40 41 42 43 44 45 46 47 48 49 50 51 52 53 54 55 56 57 58 59 <= 47
nested set, do not add
new capacity cutset: 1 2 3 4 5 6 7 8 9 10 11 12 13 14 15 16 17 18 19 20 21 22 23 24 25 27 28 29 30 31 32 33 34 35 36 37 38 39 40 41 42 43 44 45 46 47 48 49 50 51 52 53 54 55 56 57 58 59 <= 48
nested set, do not add
new capacity cutset: 1 3 4 5 7 8 9 10 11 12 13 14 15 16 17 18 19 20 21 22 23 24 25 26 27 28 29 30 31 32 33 34 35 36 37 38 39 40 41 42 43 44 45 46 47 48 49 50 51 52 53 54 55 56 57 58 59 <= 47
nested set, do not add
new capacity cutset: 1 2 3 4 5 6 7 8 9 10 11 12 13 14 15 16 17 18 19 20 21 22 23 24 25 27 28 29 30 31 32 33 34 35 36 37 38 39 40 41 42 43 44 45 46 47 48 49 50 51 52 53 54 55 56 57 59 <= 47
nested set, do not add
new capacity cutset: 1 2 3 4 5 7 8 9 10 11 12 13 14 15 16 17 18 19 20 21 22 23 24 25 26 27 28 29 30 31 32 34 35 36 37 38 39 40 41 42 43 44 45 46 47 48 49 50 51 52 53 54 55 56 57 58 59 <= 47
nested set, do not add
new capacity cutset: 1 2 3 5 6 7 8 9 10 11 12 13 14 15 16 17 18 19 20 21 22 23 24 25 26 27 28 30 31 32 33 34 35 36 37 38 39 40 41 42 43 44 45 46 47 48 49 50 51 52 53 54 55 56 57 58 59 <= 47
nested set, do not add
new capacity cutset: 1 21 22 23 28 33 36 41 42 43 47 56 59 <= 10
nested set, do not add
new capacity cutset: 1 2 4 5 7 8 11 13 14 15 19 20 21 22 23 27 28 29 30 33 34 35 36 37 38 41 42 43 45 46 47 48 52 53 54 56 57 59 <= 31
nested set, do not add
new capacity cutset: 1 2 4 5 7 8 9 10 11 12 13 14 15 16 17 18 19 20 21 22 23 24 25 26 27 28 29 30 31 32 33 34 35 36 37 38 39 40 41 42 43 44 45 46 47 48 49 50 52 53 54 55 56 57 58 59 <= 46
nested set, do not add
new capacity cutset: 1 2 3 5 6 7 8 9 10 11 12 13 14 15 16 17 18 19 20 21 22 23 24 25 27 28 29 30 31 32 33 34 35 36 37 38 39 40 41 42 43 44 45 46 47 48 49 50 51 52 53 54 55 56 57 58 59 <= 47
nested set, do not add
new capacity cutset: 1 2 3 4 5 7 8 9 10 11 12 13 14 15 17 18 19 20 21 22 23 24 25 26 27 28 29 30 31 32 33 34 35 36 37 38 39 40 41 42 43 44 45 46 47 48 49 50 52 53 54 55 56 57 58 59 <= 46
nested set, do not add
new capacity cutset: 1 2 3 4 5 7 8 9 10 11 12 13 14 15 17 18 19 20 21 22 23 24 25 26 27 28 29 30 31 32 33 34 35 36 37 38 39 40 41 42 43 44 45 46 47 48 49 50 51 52 53 54 55 56 57 58 59 <= 47
nested set, do not add
new capacity cutset: 1 2 3 4 5 6 7 8 9 10 11 12 13 14 15 17 18 19 20 21 22 24 25 26 27 28 29 30 31 32 33 34 35 36 37 38 39 40 41 42 43 44 45 46 47 48 49 50 51 52 53 54 55 57 58 59 <= 46
nested set, do not add
new capacity cutset: 1 2 3 4 5 7 8 9 10 11 12 13 14 15 16 17 18 19 20 21 22 23 24 25 26 27 28 30 31 32 33 34 35 36 37 38 39 40 41 42 43 44 45 46 47 48 49 50 52 53 54 55 56 57 58 59 <= 46
nested set, do not add
new capacity cutset: 1 2 3 4 5 7 8 9 10 11 12 13 14 15 16 17 18 19 20 21 22 23 24 25 26 27 28 30 31 32 33 34 35 36 37 38 39 40 41 42 43 44 45 46 47 48 49 50 51 52 53 54 55 56 57 58 59 <= 47
nested set, do not add
new capacity cutset: 1 2 3 5 6 7 8 9 10 11 12 13 14 15 16 17 18 19 20 21 22 23 24 25 26 27 28 29 30 31 32 33 35 36 37 38 39 40 41 42 43 44 45 46 47 48 49 50 51 52 53 54 55 56 57 58 59 <= 47
nested set, do not add
num vars: 81860
STATS - lpIterations[3] lagIterations[49] sspIterations[641] numSeparations[171] numCuts[1] compileTime[0] sspSolveTime[9] lpSolveTime[36] lb[736.359] ub[744] numArcs: [495498] numFixed: [414774] time: [52]
checking cuts, max violation: 0.391952, num cuts: 19
new capacity cutset: 1 22 23 28 33 41 42 43 56 <= 7
new capacity cutset: 3 9 10 16 18 24 25 31 32 39 44 49 50 55 <= 11
new capacity cutset: 1 2 3 4 5 6 7 8 9 10 11 12 13 14 15 16 17 18 19 20 21 22 23 24 25 27 28 29 30 31 32 33 34 35 36 37 38 39 40 41 42 43 44 45 46 47 48 49 50 51 52 53 54 55 56 57 58 59 <= 48
nested set, do not add
new capacity cutset: 21 30 36 47 48 59 <= 4
new capacity cutset: 1 23 33 41 42 43 56 <= 5
nested set, do not add
new capacity cutset: 1 22 28 33 41 42 43 <= 5
nested set, do not add
new capacity cutset: 2 4 5 7 8 11 13 14 15 19 20 21 27 28 29 30 34 35 36 37 38 45 46 47 48 52 53 54 57 59 <= 24
nested set, do not add
new capacity cutset: 1 2 3 4 5 6 7 8 9 10 11 12 13 14 15 16 17 18 19 20 21 22 23 24 25 27 28 30 31 32 33 34 35 36 37 38 39 40 41 42 43 44 45 46 47 48 49 50 51 52 53 54 55 56 57 58 59 <= 47
nested set, do not add
new capacity cutset: 1 2 3 4 5 6 7 8 9 10 11 12 13 14 15 16 17 18 19 20 21 22 23 24 25 27 28 29 30 31 32 33 34 35 36 37 38 39 40 41 42 43 44 45 46 47 48 49 50 51 52 53 54 55 56 57 59 <= 47
nested set, do not add
new capacity cutset: 1 2 3 4 5 7 8 9 10 11 12 13 14 15 16 17 18 19 20 21 22 23 24 25 27 28 29 30 31 32 33 34 35 36 37 38 39 40 41 42 43 44 45 46 47 48 49 50 51 52 53 54 55 56 57 58 59 <= 47
nested set, do not add
new capacity cutset: 3 18 24 32 44 49 50 <= 5
nested set, do not add
new capacity cutset: 1 22 23 33 41 42 43 56 <= 6
nested set, do not add
new capacity cutset: 1 2 4 5 7 8 11 13 14 15 19 20 21 22 23 27 28 29 30 33 34 35 36 37 38 41 42 43 45 46 47 48 52 53 54 56 57 59 <= 31
nested set, do not add
new capacity cutset: 1 22 23 28 41 42 43 56 <= 6
nested set, do not add
new capacity cutset: 1 2 3 4 5 6 8 9 10 11 12 13 14 15 16 17 18 19 20 21 22 23 24 25 27 28 29 30 31 32 33 34 35 36 37 38 39 40 41 42 43 44 45 46 47 48 49 50 51 52 53 54 55 56 57 58 59 <= 47
nested set, do not add
new capacity cutset: 11 14 19 38 53 <= 3
new capacity cutset: 1 2 3 5 6 7 8 9 10 11 12 13 14 15 16 17 18 19 20 21 22 23 24 25 27 28 29 30 31 32 33 34 35 36 37 38 39 40 41 42 43 44 45 46 47 48 49 50 51 52 53 54 55 56 57 58 59 <= 47
nested set, do not add
new capacity cutset: 1 21 22 23 28 33 36 41 42 43 47 56 59 <= 10
nested set, do not add
new capacity cutset: 1 2 3 4 5 7 8 9 10 11 12 13 14 15 16 17 18 19 20 21 22 23 24 25 27 28 30 31 32 33 34 35 36 37 38 39 40 41 42 43 44 45 46 47 48 49 50 51 52 53 54 55 56 57 58 59 <= 46
nested set, do not add
num vars: 21491
STATS - lpIterations[4] lagIterations[49] sspIterations[641] numSeparations[189] numCuts[5] compileTime[0] sspSolveTime[9] lpSolveTime[47] lb[736.961] ub[744] numArcs: [497384] numFixed: [477015] time: [63]
checking cuts, max violation: 0.371305, num cuts: 12
new capacity cutset: 1 22 23 33 41 42 43 56 <= 6
new capacity cutset: 1 23 33 41 42 43 56 <= 5
nested set, do not add
new capacity cutset: 7 11 14 38 53 <= 3
new capacity cutset: 3 18 24 32 44 49 50 <= 5
new capacity cutset: 1 2 3 4 5 6 7 8 9 10 11 12 13 14 15 16 17 18 19 20 21 22 23 24 25 27 28 29 30 31 32 33 34 35 36 37 38 39 40 41 42 43 44 45 46 47 48 49 50 51 52 53 54 55 56 57 58 59 <= 48
nested set, do not add
new capacity cutset: 2 4 5 7 8 11 13 14 15 19 20 21 27 28 29 30 34 35 36 37 38 45 46 47 48 52 53 54 57 59 <= 24
nested set, do not add
new capacity cutset: 1 2 3 4 5 6 7 8 9 10 11 12 13 14 15 16 17 18 19 20 21 22 23 24 25 27 28 29 30 31 32 33 34 35 36 37 38 39 40 41 42 43 44 45 46 47 48 49 50 51 52 53 54 55 56 57 59 <= 47
nested set, do not add
new capacity cutset: 1 2 3 4 5 7 8 9 10 11 12 13 14 15 16 17 18 19 20 21 22 23 24 25 27 28 29 30 31 32 33 34 35 36 37 38 39 40 41 42 43 44 45 46 47 48 49 50 51 52 53 54 55 56 57 58 59 <= 47
nested set, do not add
new capacity cutset: 1 2 3 4 5 6 8 9 10 11 12 13 14 15 16 17 18 19 20 21 22 23 24 25 27 28 29 30 31 32 33 34 35 36 37 38 39 40 41 42 43 44 45 46 47 48 49 50 51 52 53 54 55 56 57 58 59 <= 47
nested set, do not add
new capacity cutset: 1 2 4 5 8 11 13 14 15 19 20 21 22 23 27 28 29 30 33 34 35 36 37 38 41 42 43 45 46 47 48 52 53 54 56 57 59 <= 30
nested set, do not add
new capacity cutset: 1 2 4 5 7 8 11 13 14 15 19 20 21 22 23 27 28 29 30 33 34 35 36 37 38 41 42 43 45 46 47 48 52 53 54 56 57 59 <= 31
nested set, do not add
new capacity cutset: 1 2 3 5 6 7 8 9 10 11 12 13 14 15 16 17 18 19 20 21 22 23 24 25 27 28 29 30 31 32 33 34 35 36 37 38 39 40 41 42 43 44 45 46 47 48 49 50 51 52 53 54 55 56 57 58 59 <= 47
nested set, do not add
num vars: 19908
STATS - lpIterations[5] lagIterations[49] sspIterations[641] numSeparations[206] numCuts[8] compileTime[0] sspSolveTime[9] lpSolveTime[56] lb[738.064] ub[744] numArcs: [499055] numFixed: [480267] time: [72]
checking cuts, max violation: 0.191121, num cuts: 15
new capacity cutset: 1 2 3 4 5 6 7 8 9 10 11 12 13 14 15 16 17 18 19 20 21 22 23 24 25 27 28 29 30 31 32 33 34 35 36 37 38 39 40 41 42 43 44 45 46 47 48 49 50 51 52 53 54 55 56 57 58 59 <= 48
new capacity cutset: 16 23 24 41 42 43 49 56 <= 6
nested set, do not add
new capacity cutset: 1 2 3 4 5 6 7 8 9 10 11 13 14 15 16 17 18 19 20 21 22 23 24 25 27 28 29 30 31 32 33 34 35 36 37 38 39 40 41 42 43 44 45 46 47 48 49 50 51 52 53 54 55 56 57 58 59 <= 47
nested set, do not add
new capacity cutset: 7 11 14 35 38 53 <= 4
nested set, do not add
new capacity cutset: 1 2 3 4 5 6 7 8 9 10 11 12 13 14 15 16 18 19 20 21 22 23 24 25 27 28 29 30 31 32 33 34 35 36 37 38 39 40 41 42 43 44 45 46 47 48 49 50 51 52 53 54 55 56 57 58 59 <= 47
nested set, do not add
new capacity cutset: 11 14 35 38 53 <= 3
nested set, do not add
new capacity cutset: 9 18 25 31 39 50 55 <= 5
nested set, do not add
new capacity cutset: 1 2 3 4 5 6 7 8 9 10 11 12 13 14 15 16 17 18 19 20 21 22 23 24 25 27 28 29 30 31 32 33 34 35 36 37 38 39 40 41 42 43 44 45 47 48 49 50 51 52 53 54 55 56 57 58 59 <= 47
nested set, do not add
new capacity cutset: 1 2 3 4 5 6 7 8 9 10 11 12 13 14 15 16 17 18 19 20 21 22 23 24 25 27 28 29 30 31 32 33 34 35 36 37 38 39 40 41 42 43 44 45 46 47 48 49 50 51 52 53 54 55 56 57 59 <= 47
nested set, do not add
new capacity cutset: 1 2 3 4 5 6 8 9 10 11 13 14 15 16 17 18 19 20 21 22 23 24 25 27 28 29 30 31 32 33 34 35 36 37 38 39 40 41 42 43 44 45 46 47 48 49 50 51 52 53 54 55 56 57 58 59 <= 46
nested set, do not add
new capacity cutset: 1 2 3 4 5 6 8 9 10 11 12 13 14 15 16 17 18 19 20 21 22 23 24 25 27 28 29 30 31 32 33 34 35 36 37 38 39 40 41 42 43 44 45 46 47 48 49 50 51 52 53 54 55 56 57 58 59 <= 47
nested set, do not add
new capacity cutset: 1 2 3 5 6 7 8 9 10 11 12 13 14 15 16 17 18 19 20 21 22 23 24 25 27 28 29 30 31 32 33 34 35 36 37 38 39 40 41 42 43 44 45 46 47 48 49 50 51 52 53 54 55 56 57 58 59 <= 47
nested set, do not add
new capacity cutset: 1 2 4 5 6 7 8 11 13 14 15 19 20 21 22 27 28 29 30 33 34 35 36 37 38 41 42 43 45 46 47 48 52 53 54 57 59 <= 30
nested set, do not add
new capacity cutset: 2 4 5 7 8 11 13 14 15 19 20 21 27 28 29 30 34 35 36 37 38 45 46 47 48 52 53 54 57 59 <= 24
nested set, do not add
new capacity cutset: 1 2 3 4 5 6 7 8 9 10 11 12 13 14 15 16 17 18 19 20 21 22 23 24 25 27 28 30 31 32 33 34 35 36 37 38 39 40 41 42 43 44 45 46 47 48 49 50 51 52 53 54 55 56 57 58 59 <= 47
nested set, do not add
num vars: 15758
STATS - lpIterations[6] lagIterations[49] sspIterations[641] numSeparations[222] numCuts[9] compileTime[0] sspSolveTime[9] lpSolveTime[63] lb[738.306] ub[744] numArcs: [501037] numFixed: [486397] time: [80]
checking cuts, max violation: 0.285714, num cuts: 11
new capacity cutset: 7 11 14 35 38 53 <= 4
new capacity cutset: 1 2 3 5 6 7 8 9 10 11 12 13 14 15 16 17 18 19 20 21 22 23 24 25 26 27 28 29 30 31 32 33 34 35 36 37 38 39 40 41 42 43 44 45 46 47 48 49 50 51 52 53 54 55 56 57 58 59 <= 48
nested set, do not add
new capacity cutset: 11 14 35 38 53 <= 3
nested set, do not add
new capacity cutset: 16 23 24 41 42 43 49 56 <= 6
new capacity cutset: 9 18 25 31 39 50 55 <= 5
new capacity cutset: 1 2 3 5 6 7 8 9 10 11 12 13 14 15 16 17 18 19 20 21 22 23 24 25 26 27 28 29 30 31 32 33 34 35 36 37 38 39 40 41 42 43 44 46 47 48 49 50 51 52 53 54 55 56 57 58 59 <= 47
nested set, do not add
new capacity cutset: 1 2 3 5 6 7 8 9 10 11 12 13 14 15 16 18 19 20 21 22 23 24 25 26 27 28 29 30 31 32 33 34 35 36 37 38 39 40 41 42 43 44 45 46 47 48 49 50 51 52 53 54 55 56 57 58 59 <= 47
nested set, do not add
new capacity cutset: 1 2 3 5 6 7 8 9 10 11 12 13 14 15 16 17 18 19 20 21 22 23 24 25 26 27 28 30 31 32 33 34 35 36 37 38 39 40 41 42 43 44 45 46 47 48 49 50 51 52 53 54 55 56 57 58 59 <= 47
nested set, do not add
new capacity cutset: 1 2 3 5 6 7 8 9 10 11 12 13 14 15 16 17 18 19 20 21 22 23 24 25 27 28 29 30 31 32 33 34 35 36 37 38 39 40 41 42 43 44 45 46 47 48 49 50 51 52 53 54 55 56 57 58 59 <= 47
nested set, do not add
new capacity cutset: 1 2 3 5 6 8 9 10 11 12 13 14 15 16 17 18 19 20 21 22 23 24 25 26 27 28 29 30 31 32 33 34 35 36 37 38 39 40 41 42 43 44 45 46 47 48 49 50 51 52 53 54 55 56 57 58 59 <= 47
nested set, do not add
new capacity cutset: 1 2 3 5 6 7 8 9 10 11 12 13 14 15 16 17 18 19 20 21 22 23 24 25 26 27 28 29 30 31 32 33 34 35 36 37 38 39 40 41 42 43 44 45 46 47 48 49 50 51 52 53 54 55 56 57 59 <= 47
nested set, do not add
num vars: 14748
STATS - lpIterations[7] lagIterations[49] sspIterations[641] numSeparations[233] numCuts[12] compileTime[0] sspSolveTime[9] lpSolveTime[70] lb[738.762] ub[744] numArcs: [502203] numFixed: [488573] time: [87]
checking cuts, max violation: 0.285522, num cuts: 7
new capacity cutset: 1 22 23 28 41 42 43 56 <= 6
new capacity cutset: 1 2 3 5 6 7 8 9 10 11 12 13 14 15 16 18 19 20 21 22 23 24 25 26 27 28 29 30 31 32 33 34 35 36 37 38 39 40 41 42 43 44 45 46 47 48 49 50 51 52 53 54 55 56 57 58 59 <= 47
nested set, do not add
new capacity cutset: 1 2 3 5 6 7 8 9 10 11 12 13 14 15 16 17 18 19 20 21 22 23 24 25 26 27 28 29 30 31 32 33 34 35 36 37 38 39 40 41 42 43 44 45 46 47 48 49 50 51 52 53 54 55 56 57 58 59 <= 48
nested set, do not add
new capacity cutset: 1 2 3 5 6 7 8 9 10 11 12 13 14 15 16 17 18 19 20 21 22 23 24 25 26 27 28 30 31 32 33 34 35 36 37 38 39 40 41 42 43 44 45 46 47 48 49 50 51 52 53 54 55 56 57 58 59 <= 47
nested set, do not add
new capacity cutset: 1 2 3 5 6 7 8 9 10 11 12 13 14 15 16 17 18 19 20 21 22 23 24 25 26 27 28 29 30 31 32 33 34 35 36 37 38 39 40 41 42 43 44 46 47 48 49 50 51 52 53 54 55 56 57 58 59 <= 47
nested set, do not add
new capacity cutset: 1 2 3 5 6 7 8 9 10 11 12 13 14 15 16 17 18 19 20 21 22 23 24 25 27 28 29 30 31 32 33 34 35 36 37 38 39 40 41 42 43 44 45 46 47 48 49 50 51 52 53 54 55 56 57 58 59 <= 47
nested set, do not add
new capacity cutset: 1 2 3 5 6 7 8 9 10 11 12 13 14 15 16 17 18 19 20 21 22 23 24 25 26 27 28 29 30 31 32 33 34 35 36 37 38 39 40 41 42 43 44 45 46 47 48 49 50 51 52 53 54 55 56 57 59 <= 47
nested set, do not add
num vars: 13789
STATS - lpIterations[8] lagIterations[49] sspIterations[641] numSeparations[246] numCuts[13] compileTime[0] sspSolveTime[9] lpSolveTime[76] lb[739.053] ub[744] numArcs: [502905] numFixed: [490232] time: [94]
checking cuts, max violation: 0.117442, num cuts: 7
new capacity cutset: 1 2 3 5 6 7 8 9 10 11 12 13 14 15 16 18 19 20 21 22 23 24 25 26 27 28 29 30 31 32 33 34 35 36 37 38 39 40 41 42 43 44 45 46 47 48 49 50 51 52 53 54 55 56 57 58 59 <= 47
new capacity cutset: 1 2 3 5 6 7 8 9 10 11 12 13 14 15 16 17 18 19 20 21 22 23 24 25 26 27 28 29 30 31 32 33 34 35 36 37 38 39 40 41 42 43 44 45 46 47 48 49 50 51 52 53 54 55 56 57 58 59 <= 48
nested set, do not add
new capacity cutset: 1 2 3 5 6 7 8 9 10 11 12 13 14 15 16 17 18 19 20 21 22 23 24 25 27 28 29 30 31 32 33 34 35 36 37 38 39 40 41 42 43 44 45 46 47 48 49 50 51 52 53 54 55 56 57 58 59 <= 47
new capacity cutset: 1 2 3 5 6 7 8 9 10 11 12 13 14 15 16 17 18 19 20 21 22 23 24 25 26 27 28 29 30 31 32 33 34 35 36 37 38 39 40 41 42 43 44 46 47 48 49 50 51 52 53 54 55 56 57 58 59 <= 47
new capacity cutset: 1 2 3 5 6 7 8 9 10 11 12 13 14 15 16 17 18 19 20 21 22 23 24 25 26 27 28 30 31 32 33 34 35 36 37 38 39 40 41 42 43 44 45 46 47 48 49 50 51 52 53 54 55 56 57 58 59 <= 47
new capacity cutset: 1 2 3 5 7 8 9 10 11 12 13 14 15 16 17 18 19 20 21 22 23 24 25 26 27 28 29 30 31 32 33 34 35 36 37 38 39 40 41 42 43 44 45 46 47 48 49 50 51 52 53 54 55 56 57 58 59 <= 47
new capacity cutset: 1 2 3 5 6 7 8 9 10 11 12 13 14 15 16 17 18 19 20 21 22 23 24 25 26 27 28 29 30 31 32 33 34 35 36 37 38 39 40 41 42 43 44 45 46 47 48 49 50 51 52 53 54 55 56 57 59 <= 47
num vars: 12589
STATS - lpIterations[9] lagIterations[49] sspIterations[641] numSeparations[259] numCuts[19] compileTime[0] sspSolveTime[9] lpSolveTime[85] lb[739.338] ub[744] numArcs: [504205] numFixed: [492726] time: [103]
checking cuts, max violation: 0.144068, num cuts: 2
new capacity cutset: 3 9 10 18 24 25 31 32 39 44 49 50 51 55 <= 11
new capacity cutset: 1 3 9 10 16 18 23 24 25 31 32 39 41 42 43 44 49 50 51 55 56 <= 17
nested set, do not add
num vars: 13124
STATS - lpIterations[10] lagIterations[49] sspIterations[641] numSeparations[267] numCuts[20] compileTime[0] sspSolveTime[9] lpSolveTime[94] lb[739.43] ub[744] numArcs: [505030] numFixed: [493014] time: [111]
no rcc cuts found
num vars: 12087
STATS - lpIterations[11] lagIterations[49] sspIterations[641] numSeparations[278] numCuts[20] compileTime[0] sspSolveTime[9] lpSolveTime[103] lb[739.53] ub[744] numArcs: [506090] numFixed: [495109] time: [121]
checking cuts, max violation: 0.112152, num cuts: 1
new capacity cutset: 1 3 9 10 16 18 23 24 25 31 32 39 41 42 43 44 49 50 51 55 56 <= 17
num vars: 12548
STATS - lpIterations[12] lagIterations[49] sspIterations[641] numSeparations[285] numCuts[21] compileTime[0] sspSolveTime[9] lpSolveTime[112] lb[739.588] ub[744] numArcs: [506811] numFixed: [495367] time: [130]
no rcc cuts found
num vars: 11562
STATS - lpIterations[13] lagIterations[49] sspIterations[641] numSeparations[291] numCuts[21] compileTime[0] sspSolveTime[9] lpSolveTime[119] lb[739.597] ub[744] numArcs: [507414] numFixed: [496956] time: [138]
checking cuts, max violation: 0.104406, num cuts: 2
new capacity cutset: 1 23 33 41 42 43 56 <= 5
new capacity cutset: 1 2 5 15 20 21 22 28 29 30 33 36 37 41 42 43 47 48 57 59 <= 16
num vars: 11605
STATS - lpIterations[14] lagIterations[49] sspIterations[641] numSeparations[297] numCuts[23] compileTime[0] sspSolveTime[9] lpSolveTime[127] lb[739.621] ub[744] numArcs: [508017] numFixed: [497516] time: [146]
no rcc cuts found
num vars: 11592
STATS - lpIterations[15] lagIterations[49] sspIterations[641] numSeparations[301] numCuts[23] compileTime[0] sspSolveTime[9] lpSolveTime[135] lb[739.622] ub[744] numArcs: [508240] numFixed: [497752] time: [154]
no rcc cuts found
num vars: 11681
STATS - lpIterations[16] lagIterations[49] sspIterations[641] numSeparations[306] numCuts[23] compileTime[0] sspSolveTime[9] lpSolveTime[144] lb[739.625] ub[744] numArcs: [508852] numFixed: [498275] time: [163]
no rcc cuts found
num vars: 11523
STATS - lpIterations[17] lagIterations[49] sspIterations[641] numSeparations[311] numCuts[23] compileTime[0] sspSolveTime[9] lpSolveTime[152] lb[739.629] ub[744] numArcs: [509247] numFixed: [498828] time: [172]
no rcc cuts found
num vars: 11337
STATS - lpIterations[18] lagIterations[49] sspIterations[641] numSeparations[317] numCuts[23] compileTime[0] sspSolveTime[9] lpSolveTime[160] lb[739.653] ub[744] numArcs: [509870] numFixed: [499637] time: [180]
no rcc cuts found
num vars: 11449
STATS - lpIterations[19] lagIterations[49] sspIterations[641] numSeparations[322] numCuts[23] compileTime[0] sspSolveTime[9] lpSolveTime[168] lb[739.664] ub[744] numArcs: [510263] numFixed: [499918] time: [188]
no rcc cuts found
num vars: 11403
STATS - lpIterations[20] lagIterations[49] sspIterations[641] numSeparations[327] numCuts[23] compileTime[0] sspSolveTime[9] lpSolveTime[176] lb[739.667] ub[744] numArcs: [510678] numFixed: [500379] time: [196]
no rcc cuts found
num vars: 11563
STATS - lpIterations[21] lagIterations[49] sspIterations[641] numSeparations[329] numCuts[23] compileTime[0] sspSolveTime[9] lpSolveTime[184] lb[739.673] ub[744] numArcs: [510962] numFixed: [500503] time: [205]
no rcc cuts found
num vars: 11319
STATS - lpIterations[22] lagIterations[49] sspIterations[641] numSeparations[333] numCuts[23] compileTime[0] sspSolveTime[9] lpSolveTime[192] lb[739.675] ub[744] numArcs: [511336] numFixed: [501119] time: [213]
no rcc cuts found
num vars: 11635
STATS - lpIterations[23] lagIterations[49] sspIterations[641] numSeparations[334] numCuts[23] compileTime[0] sspSolveTime[9] lpSolveTime[201] lb[739.68] ub[744] numArcs: [511449] numFixed: [500916] time: [222]
no rcc cuts found
num vars: 11428
STATS - lpIterations[24] lagIterations[49] sspIterations[641] numSeparations[336] numCuts[23] compileTime[0] sspSolveTime[9] lpSolveTime[210] lb[739.681] ub[744] numArcs: [511671] numFixed: [501345] time: [231]
no rcc cuts found
num vars: 11580
STATS - lpIterations[25] lagIterations[49] sspIterations[641] numSeparations[337] numCuts[23] compileTime[0] sspSolveTime[9] lpSolveTime[218] lb[739.682] ub[744] numArcs: [511784] numFixed: [501306] time: [240]
no rcc cuts found
routes: 
flow {0.0613546}: 0 38 10 31 39 9 
flow {0.012749}: 0 1 43 42 41 56 23 49 16 
flow {0.275697}: 0 2 28 22 33 6 
flow {0.423904}: 0 2 28 22 1 33 
flow {0.0693227}: 0 2 22 42 41 43 1 6 
flow {0.012749}: 0 3 24 18 50 25 55 31 
flow {0.162151}: 0 3 24 49 23 56 41 42 43 
flow {0.214741}: 0 4 34 46 
flow {0.37012}: 0 4 27 52 34 46 
flow {0.200797}: 0 4 45 30 2 6 
flow {0.184064}: 0 4 45 27 52 46 
flow {0.245418}: 0 6 51 3 44 32 40 
flow {0.0613546}: 0 7 53 11 14 19 
flow {0.754582}: 0 7 53 11 38 58 
flow {0.0557769}: 0 10 31 25 55 18 24 49 
flow {0.0513944}: 0 10 31 25 55 18 50 3 
flow {0.49004}: 0 10 31 55 25 9 39 
flow {0.0832669}: 0 10 31 55 25 32 17 
flow {0.0613546}: 0 10 38 11 53 35 
flow {0.245418}: 0 12 39 9 32 44 3 
flow {0.44741}: 0 16 23 56 41 42 43 1 
flow {0.0549801}: 0 17 44 3 16 33 6 
flow {0.107171}: 0 17 51 16 33 6 
flow {0.0386454}: 0 21 59 36 37 5 45 
flow {0.0386454}: 0 22 42 41 43 1 33 6 
flow {0.107968}: 0 23 56 49 24 18 50 44 
flow {0.00796813}: 0 23 56 41 42 43 1 6 
flow {0.122709}: 0 26 38 11 14 35 
flow {0.754582}: 0 26 12 40 17 
flow {0.0613546}: 0 27 13 54 19 14 53 
flow {0.261753}: 0 27 13 54 19 14 35 8 
flow {0.107968}: 0 28 22 42 43 41 56 23 
flow {0.422709}: 0 29 47 36 59 21 30 
flow {0.19243}: 0 29 48 47 36 59 21 
flow {0.153785}: 0 29 5 36 59 21 30 
flow {0.231076}: 0 29 5 37 20 15 57 13 54 
flow {0.19243}: 0 30 48 47 21 28 
flow {0.198008}: 0 32 50 18 24 49 16 
flow {0.122709}: 0 34 52 27 13 54 19 8 
flow {0.0613546}: 0 34 8 19 14 53 7 
flow {0.122709}: 0 34 46 8 35 7 26 
flow {0.108367}: 0 35 14 19 8 46 34 
flow {0.0621514}: 0 39 9 25 55 18 50 44 
flow {0.140239}: 0 44 50 25 55 18 24 49 51 
flow {0.0486056}: 0 44 50 18 55 25 31 58 
flow {0.576494}: 0 48 5 37 20 57 15 45 
flow {0.0302789}: 0 51 33 2 30 4 
flow {0.0693227}: 0 51 23 56 41 42 43 33 
flow {0.0844622}: 0 51 16 23 56 41 43 42 22 
flow {0.0952191}: 0 51 16 49 24 18 50 44 
flow {0.227888}: 0 51 3 49 24 18 50 32 
flow {0.323108}: 0 52 13 54 19 14 35 8 
flow {0.0386454}: 0 57 15 20 36 59 47 48 
flow {0.153785}: 0 57 15 20 37 36 59 47 
flow {0.141036}: 0 58 10 31 9 39 
flow {0.0557769}: 0 58 10 31 55 25 50 
no more separations possible
no more separations or cuts possible
LP solved - switching to IP
solving IP
num vars: 11101
