num vehicles: 50
min service time: 90
instance upper bound: 1767.12
route length upper bound: 45
fixed route cost: 10000
Random seed:3100110021
compiling DD
time step mult: 10
time step: 900
cap step: 1
num nodes: 332137
num arcs: 53989065
done compiling DD
using sequential insertion strategy
initial primalRoute: 0 198 180 181 65 6 36 172 183 0 
initial primalRoute: 0 2 34 8 146 11 184 145 5 194 156 143 159 190 50 96 16 0 
initial primalRoute: 0 160 19 138 187 185 92 103 81 174 49 88 148 128 178 107 4 0 
initial primalRoute: 0 108 73 149 79 3 87 204 7 20 91 0 
initial primalRoute: 0 98 110 42 74 10 13 12 32 70 69 168 21 15 105 157 122 18 125 136 182 112 75 0 
initial primalRoute: 0 27 78 134 17 72 24 59 120 199 189 151 166 195 121 0 
initial primalRoute: 0 200 41 171 113 131 127 71 129 46 202 114 99 0 
initial primalRoute: 0 67 63 175 47 38 43 135 64 153 197 161 83 162 60 68 142 0 
initial primalRoute: 0 173 133 77 101 144 109 104 26 140 188 14 82 0 
initial primalRoute: 0 117 97 177 165 118 139 39 76 0 
initial primalRoute: 0 152 94 61 29 48 106 186 167 119 191 35 155 9 80 66 137 124 85 40 28 23 30 126 90 0 
initial primalRoute: 0 22 51 147 93 45 52 201 179 89 163 0 
initial primalRoute: 0 164 141 95 115 55 192 0 
initial primalRoute: 0 116 54 44 100 203 53 56 196 0 
initial primalRoute: 0 111 1 169 86 130 25 170 58 37 31 154 62 0 
initial primalRoute: 0 102 57 84 150 193 158 176 123 132 33 0 
improved with intra-route reinsertion
improved with intra-route reinsertion
improved with intra-route Or-opt2
added route to primal routes: 0,198,180,181,172,65,183,6,36,0,
improved with intra-route reinsertion
improved with intra-route reinsertion
improved with intra-route reinsertion
improved with intra-route reinsertion
improved with intra-route reinsertion
improved with intra-route reinsertion
improved with intra-route reinsertion
improved with intra-route reinsertion
improved with intra-route reinsertion
improved with intra-route reinsertion
improved with intra-route reinsertion
improved with intra-route reinsertion
improved with intra-route reinsertion
improved with intra-route reinsertion
improved with intra-route reinsertion
improved with intra-route reinsertion
improved with intra-route reinsertion
improved with intra-route Or-opt2
improved with intra-route reinsertion
improved with intra-route reinsertion
improved with intra-route reinsertion
improved with intra-route reinsertion
improved with intra-route Or-opt2
improved with intra-route reinsertion
improved with intra-route reinsertion
added route to primal routes: 0,2,184,8,34,16,50,96,143,145,5,194,190,159,146,156,11,0,
improved with intra-route reinsertion
improved with intra-route reinsertion
improved with intra-route reinsertion
improved with intra-route reinsertion
improved with intra-route reinsertion
improved with intra-route reinsertion
improved with intra-route reinsertion
improved with intra-route reinsertion
improved with intra-route reinsertion
improved with intra-route reinsertion
improved with intra-route reinsertion
improved with intra-route reinsertion
improved with intra-route reinsertion
improved with intra-route reinsertion
improved with intra-route reinsertion
improved with intra-route reinsertion
improved with intra-route reinsertion
added route to primal routes: 0,107,160,185,174,92,103,81,187,88,49,178,4,19,148,128,138,0,
improved with intra-route reinsertion
improved with intra-route Or-opt2
added route to primal routes: 0,108,73,149,7,87,204,79,3,20,91,0,
improved with intra-route reinsertion
improved with intra-route reinsertion
improved with intra-route reinsertion
improved with intra-route reinsertion
improved with intra-route reinsertion
improved with intra-route reinsertion
improved with intra-route reinsertion
improved with intra-route reinsertion
improved with intra-route reinsertion
improved with intra-route reinsertion
improved with intra-route reinsertion
improved with intra-route reinsertion
improved with intra-route reinsertion
improved with intra-route reinsertion
improved with intra-route reinsertion
improved with intra-route reinsertion
improved with intra-route reinsertion
improved with intra-route reinsertion
improved with intra-route reinsertion
improved with intra-route reinsertion
improved with intra-route reinsertion
improved with intra-route reinsertion
improved with intra-route reinsertion
improved with intra-route reinsertion
improved with intra-route reinsertion
improved with intra-route reinsertion
improved with intra-route reinsertion
improved with intra-route reinsertion
improved with intra-route reinsertion
improved with intra-route reinsertion
improved with intra-route Or-opt3
improved with intra-route reinsertion
improved with intra-route Or-opt2
improved with intra-route Or-opt3
improved with intra-route reinsertion
improved with intra-route reinsertion
improved with intra-route reinsertion
improved with intra-route reinsertion
improved with intra-route exchange
added route to primal routes: 0,105,110,42,74,10,13,12,32,182,112,125,70,157,18,98,69,75,168,21,15,122,136,0,
improved with intra-route reinsertion
improved with intra-route reinsertion
improved with intra-route reinsertion
improved with intra-route reinsertion
improved with intra-route reinsertion
improved with intra-route reinsertion
improved with intra-route reinsertion
improved with intra-route reinsertion
improved with intra-route reinsertion
improved with intra-route reinsertion
improved with intra-route reinsertion
improved with intra-route reinsertion
improved with intra-route Or-opt2
added route to primal routes: 0,72,24,27,121,59,120,17,166,78,134,151,199,189,195,0,
improved with intra-route reinsertion
improved with intra-route Or-opt2
improved with intra-route reinsertion
improved with intra-route Or-opt2
added route to primal routes: 0,171,46,202,113,131,114,200,41,127,71,129,99,0,
improved with intra-route reinsertion
improved with intra-route reinsertion
improved with intra-route Or-opt2
improved with intra-route reinsertion
improved with intra-route reinsertion
improved with intra-route reinsertion
improved with intra-route reinsertion
improved with intra-route reinsertion
added route to primal routes: 0,67,153,63,38,43,135,64,60,162,175,47,161,197,83,142,68,0,
improved with intra-route reinsertion
improved with intra-route Or-opt2
improved with intra-route reinsertion
improved with intra-route reinsertion
improved with intra-route reinsertion
added route to primal routes: 0,173,77,133,188,14,101,144,109,104,26,140,82,0,
improved with intra-route Or-opt2
improved with intra-route reinsertion
improved with intra-route reinsertion
improved with intra-route reinsertion
added route to primal routes: 0,118,139,117,165,39,76,97,177,0,
improved with intra-route reinsertion
improved with intra-route reinsertion
improved with intra-route reinsertion
improved with intra-route reinsertion
improved with intra-route reinsertion
improved with intra-route reinsertion
improved with intra-route reinsertion
improved with intra-route reinsertion
improved with intra-route reinsertion
improved with intra-route reinsertion
improved with intra-route reinsertion
improved with intra-route reinsertion
improved with intra-route reinsertion
improved with intra-route reinsertion
improved with intra-route Or-opt2
improved with intra-route reinsertion
improved with intra-route reinsertion
improved with intra-route reinsertion
added route to primal routes: 0,29,126,90,48,80,106,186,28,167,40,119,191,35,155,9,61,152,137,124,85,94,30,66,23,0,
improved with intra-route reinsertion
improved with intra-route reinsertion
improved with intra-route reinsertion
improved with intra-route reinsertion
improved with intra-route Or-opt2
improved with intra-route Or-opt2
improved with intra-route Or-opt2
added route to primal routes: 0,22,163,51,179,89,147,93,45,52,201,0,
improved with intra-route reinsertion
improved with intra-route reinsertion
improved with intra-route reinsertion
added route to primal routes: 0,141,95,164,192,115,55,0,
improved with intra-route reinsertion
added route to primal routes: 0,116,54,44,196,100,203,53,56,0,
improved with intra-route reinsertion
improved with intra-route reinsertion
improved with intra-route reinsertion
improved with intra-route Or-opt2
added route to primal routes: 0,31,154,111,169,37,1,86,130,25,62,170,58,0,
improved with intra-route Or-opt2
improved with intra-route reinsertion
improved with intra-route Or-opt2
improved with intra-route Or-opt2
added route to primal routes: 0,102,176,57,84,150,123,132,33,193,158,0,
primal heuristic num vars: 16
primal heuristic MIP obj: 167272
feasible primal routes: 
route: 
0 198 180 181 172 65 183 6 36 0 
route: 
0 2 184 8 34 16 50 96 143 145 5 194 190 159 146 156 11 0 
route: 
0 107 160 185 174 92 103 81 187 88 49 178 4 19 148 128 138 0 
route: 
0 108 73 149 7 87 204 79 3 20 91 0 
route: 
0 105 110 42 74 10 13 12 32 182 112 125 70 157 18 98 69 75 168 21 15 122 136 0 
route: 
0 72 24 27 121 59 120 17 166 78 134 151 199 189 195 0 
route: 
0 171 46 202 113 131 114 200 41 127 71 129 99 0 
route: 
0 67 153 63 38 43 135 64 60 162 175 47 161 197 83 142 68 0 
route: 
0 173 77 133 188 14 101 144 109 104 26 140 82 0 
route: 
0 118 139 117 165 39 76 97 177 0 
route: 
0 29 126 90 48 80 106 186 28 167 40 119 191 35 155 9 61 152 137 124 85 94 30 66 23 0 
route: 
0 22 163 51 179 89 147 93 45 52 201 0 
route: 
0 141 95 164 192 115 55 0 
route: 
0 116 54 44 196 100 203 53 56 0 
route: 
0 31 154 111 169 37 1 86 130 25 62 170 58 0 
route: 
0 102 176 57 84 150 123 132 33 193 158 0 
improved ub from MIP pool: 167272
STATS - lpIterations[0] lagIterations[0] sspIterations[0] numSeparations[0] numCuts[0] compileTime[3326] sspSolveTime[0] lpSolveTime[0] lb[0] ub[167272] numArcs: [53989065] numFixed: [0] numHeuristicIPs: [1] numHeuristicLNS: [0] numPrimalLNSRepairs: [0] time: [3429]
STATS1 - lpIterations[0] lagIterations[0] sspIterations[0] numSeparations[0] numCuts[0] compileTime[3326] sspSolveTime[0] lpSolveTime[0] repairTime[0] cutsTime[0] alphaTime[0] decompTime[0] yellowTime[0] updateTime[0] fixTime[0] lb[0] ub[167272] numArcs: [53989065] numFixed: [0] time: [3429]
using sequential insertion strategy
initial primalRoute: 0 110 132 103 10 182 33 81 70 157 111 44 196 122 1 53 56 0 
initial primalRoute: 0 160 64 60 5 2 59 120 26 140 143 174 159 0 
initial primalRoute: 0 173 12 186 197 126 90 83 112 133 28 0 
initial primalRoute: 0 67 93 45 77 73 141 101 109 95 153 144 149 0 
initial primalRoute: 0 100 203 104 119 22 98 31 163 154 200 41 107 161 142 191 42 6 29 25 106 146 82 75 136 11 62 4 36 46 202 0 
initial primalRoute: 0 198 51 35 184 145 72 39 115 185 24 74 125 147 88 79 9 3 76 55 180 0 
initial primalRoute: 0 87 204 8 57 84 69 181 156 20 91 175 172 168 47 0 
initial primalRoute: 0 148 128 170 58 50 129 99 96 0 
initial primalRoute: 0 171 167 151 97 199 189 108 118 139 195 7 86 130 152 187 114 127 71 177 40 94 178 0 
initial primalRoute: 0 61 34 137 27 121 102 150 21 66 16 188 15 14 52 201 65 183 30 0 
initial primalRoute: 0 63 162 164 113 131 193 158 19 92 124 85 17 138 166 135 192 49 68 0 
initial primalRoute: 0 116 117 54 179 165 38 43 48 80 89 0 
initial primalRoute: 0 78 134 13 169 32 155 176 123 23 105 18 37 0 
initial primalRoute: 0 194 190 0 
improved with intra-route reinsertion
improved with intra-route Or-opt2
improved with intra-route reinsertion
improved with intra-route reinsertion
improved with intra-route reinsertion
improved with intra-route reinsertion
improved with intra-route reinsertion
improved with intra-route reinsertion
improved with intra-route exchange
added route to primal routes: 0,110,132,103,10,33,81,182,70,122,44,196,157,111,53,56,1,0,
improved with intra-route reinsertion
improved with intra-route reinsertion
improved with intra-route reinsertion
improved with intra-route Or-opt2
improved with intra-route Or-opt2
improved with intra-route Or-opt2
improved with intra-route reinsertion
added route to primal routes: 0,160,2,143,5,159,59,120,64,174,26,140,60,0,
improved with intra-route reinsertion
improved with intra-route reinsertion
improved with intra-route reinsertion
improved with intra-route reinsertion
improved with intra-route reinsertion
improved with intra-route reinsertion
added route to primal routes: 0,173,133,12,112,126,90,197,83,186,28,0,
improved with intra-route reinsertion
improved with intra-route reinsertion
improved with intra-route reinsertion
improved with intra-route reinsertion
improved with intra-route reinsertion
added route to primal routes: 0,67,93,45,77,73,153,141,101,144,149,109,95,0,
improved with intra-route reinsertion
improved with intra-route reinsertion
improved with intra-route reinsertion
improved with intra-route reinsertion
improved with intra-route reinsertion
improved with intra-route reinsertion
improved with intra-route reinsertion
improved with intra-route reinsertion
improved with intra-route reinsertion
improved with intra-route reinsertion
improved with intra-route reinsertion
improved with intra-route reinsertion
improved with intra-route reinsertion
improved with intra-route reinsertion
improved with intra-route reinsertion
improved with intra-route reinsertion
improved with intra-route reinsertion
improved with intra-route reinsertion
improved with intra-route reinsertion
improved with intra-route reinsertion
improved with intra-route reinsertion
improved with intra-route reinsertion
improved with intra-route reinsertion
improved with intra-route reinsertion
improved with intra-route reinsertion
improved with intra-route reinsertion
improved with intra-route reinsertion
improved with intra-route reinsertion
improved with intra-route Or-opt2
improved with intra-route reinsertion
improved with intra-route reinsertion
improved with intra-route reinsertion
improved with intra-route reinsertion
improved with intra-route reinsertion
improved with intra-route reinsertion
improved with intra-route reinsertion
improved with intra-route reinsertion
improved with intra-route reinsertion
improved with intra-route reinsertion
improved with intra-route Or-opt2
added route to primal routes: 0,46,202,104,100,203,42,6,29,25,106,161,146,62,136,82,119,22,191,98,31,75,163,154,200,41,107,4,11,142,36,0,
improved with intra-route reinsertion
improved with intra-route reinsertion
improved with intra-route reinsertion
improved with intra-route reinsertion
improved with intra-route reinsertion
improved with intra-route reinsertion
improved with intra-route reinsertion
improved with intra-route reinsertion
improved with intra-route reinsertion
improved with intra-route Or-opt2
improved with intra-route reinsertion
added route to primal routes: 0,74,125,198,115,39,51,35,9,147,184,145,72,55,180,185,24,76,88,79,3,0,
improved with intra-route reinsertion
improved with intra-route reinsertion
improved with intra-route reinsertion
improved with intra-route reinsertion
improved with intra-route reinsertion
improved with intra-route reinsertion
added route to primal routes: 0,87,204,8,57,84,69,181,172,168,156,175,47,20,91,0,
improved with intra-route reinsertion
improved with intra-route reinsertion
added route to primal routes: 0,148,128,170,58,129,50,96,99,0,
improved with intra-route reinsertion
improved with intra-route reinsertion
improved with intra-route reinsertion
improved with intra-route reinsertion
improved with intra-route reinsertion
improved with intra-route reinsertion
improved with intra-route reinsertion
improved with intra-route reinsertion
improved with intra-route reinsertion
improved with intra-route reinsertion
improved with intra-route reinsertion
improved with intra-route reinsertion
improved with intra-route reinsertion
improved with intra-route reinsertion
improved with intra-route reinsertion
improved with intra-route reinsertion
improved with intra-route reinsertion
improved with intra-route reinsertion
improved with intra-route reinsertion
improved with intra-route reinsertion
improved with intra-route reinsertion
improved with intra-route reinsertion
improved with intra-route reinsertion
improved with intra-route reinsertion
improved with intra-route Or-opt2
improved with intra-route reinsertion
improved with intra-route reinsertion
improved with intra-route Or-opt2
improved with intra-route reinsertion
improved with intra-route reinsertion
improved with intra-route reinsertion
improved with intra-route reinsertion
improved with intra-route reinsertion
improved with intra-route reinsertion
added route to primal routes: 0,171,167,40,97,151,177,199,189,195,127,71,86,118,130,139,152,187,108,94,114,7,178,0,
improved with intra-route reinsertion
improved with intra-route reinsertion
improved with intra-route reinsertion
improved with intra-route reinsertion
improved with intra-route reinsertion
improved with intra-route reinsertion
improved with intra-route reinsertion
improved with intra-route reinsertion
improved with intra-route reinsertion
improved with intra-route reinsertion
improved with intra-route reinsertion
improved with intra-route Or-opt2
improved with intra-route reinsertion
added route to primal routes: 0,188,34,137,27,121,102,150,21,65,183,15,14,61,16,30,52,201,66,0,
improved with intra-route reinsertion
improved with intra-route reinsertion
improved with intra-route reinsertion
improved with intra-route reinsertion
improved with intra-route reinsertion
improved with intra-route reinsertion
improved with intra-route reinsertion
improved with intra-route reinsertion
improved with intra-route reinsertion
improved with intra-route reinsertion
improved with intra-route reinsertion
improved with intra-route reinsertion
improved with intra-route reinsertion
improved with intra-route reinsertion
improved with intra-route reinsertion
improved with intra-route reinsertion
improved with intra-route reinsertion
improved with intra-route reinsertion
improved with intra-route reinsertion
improved with intra-route reinsertion
improved with intra-route reinsertion
improved with intra-route reinsertion
added route to primal routes: 0,63,164,192,113,131,162,19,138,193,158,92,49,17,166,124,85,135,68,0,
improved with intra-route reinsertion
added route to primal routes: 0,116,117,54,179,165,38,43,89,48,80,0,
improved with intra-route Or-opt2
improved with intra-route Or-opt2
improved with intra-route Or-opt3
improved with intra-route reinsertion
improved with intra-route reinsertion
improved with intra-route reinsertion
added route to primal routes: 0,13,169,32,155,105,176,123,18,37,78,134,23,0,
added route to primal routes: 0,194,190,0,
primal heuristic num vars: 30
add MIP warm start
primal heuristic MIP obj: 146498
feasible primal routes: 
route: 
0 110 132 103 10 33 81 182 70 122 44 196 157 111 53 56 1 0 
route: 
0 160 2 143 5 159 59 120 64 174 26 140 60 0 
route: 
0 173 133 12 112 126 90 197 83 186 28 0 
route: 
0 67 93 45 77 73 153 141 101 144 149 109 95 0 
route: 
0 46 202 104 100 203 42 6 29 25 106 161 146 62 136 82 119 22 191 98 31 75 163 154 200 41 107 4 11 142 36 0 
route: 
0 74 125 198 115 39 51 35 9 147 184 145 72 55 180 185 24 76 88 79 3 0 
route: 
0 87 204 8 57 84 69 181 172 168 156 175 47 20 91 0 
route: 
0 148 128 170 58 129 50 96 99 0 
route: 
0 171 167 40 97 151 177 199 189 195 127 71 86 118 130 139 152 187 108 94 114 7 178 0 
route: 
0 188 34 137 27 121 102 150 21 65 183 15 14 61 16 30 52 201 66 0 
route: 
0 63 164 192 113 131 162 19 138 193 158 92 49 17 166 124 85 135 68 0 
route: 
0 116 117 54 179 165 38 43 89 48 80 0 
route: 
0 13 169 32 155 105 176 123 18 37 78 134 23 0 
route: 
0 194 190 0 
improved ub from MIP pool: 146498
STATS - lpIterations[0] lagIterations[0] sspIterations[0] numSeparations[0] numCuts[0] compileTime[3326] sspSolveTime[0] lpSolveTime[0] lb[0] ub[146498] numArcs: [53989065] numFixed: [0] numHeuristicIPs: [2] numHeuristicLNS: [0] numPrimalLNSRepairs: [0] time: [3568]
STATS1 - lpIterations[0] lagIterations[0] sspIterations[0] numSeparations[0] numCuts[0] compileTime[3326] sspSolveTime[0] lpSolveTime[0] repairTime[0] cutsTime[0] alphaTime[0] decompTime[0] yellowTime[0] updateTime[0] fixTime[0] lb[0] ub[146498] numArcs: [53989065] numFixed: [0] time: [3568]
using sequential insertion strategy
