do not relax capacity constraint
instance upper bound: 2639.6
compiling DD
time step mult: 10
time step: 900
cap step: 1
done compiling DD
batch size for lag: 50
iteration delay to start separating: 50
optimality gap to start repairing: 5
percent fixed to change to CPLEX: 97.5
num arcs to change to CPLEX: 100000
num arcs to change to LAG: 999999999
STATS - lpIterations[0] lagIterations[0] sspIterations[0] numSeparations[0] numCuts[0] compileTime[2] sspSolveTime[0] lpSolveTime[0] lb[0] ub[2639.6] numArcs: [1849813] numFixed: [0] time: [2]
STATS - lpIterations[1] lagIterations[0] sspIterations[0] numSeparations[0] numCuts[0] compileTime[2] sspSolveTime[0] lpSolveTime[0] lb[0] ub[2639.6] numArcs: [1849813] numFixed: [0] time: [2]
STATS - lpIterations[1] lagIterations[1] sspIterations[1] numSeparations[0] numCuts[0] compileTime[2] sspSolveTime[0] lpSolveTime[0] lb[2000.47] ub[2639.6] numArcs: [1849813] numFixed: [0] time: [2]
STATS - lpIterations[1] lagIterations[2] sspIterations[2] numSeparations[0] numCuts[0] compileTime[2] sspSolveTime[0] lpSolveTime[0] lb[2092.71] ub[2639.6] numArcs: [1849813] numFixed: [0] time: [2]
STATS - lpIterations[1] lagIterations[3] sspIterations[3] numSeparations[0] numCuts[0] compileTime[2] sspSolveTime[0] lpSolveTime[0] lb[2192.48] ub[2639.6] numArcs: [1849813] numFixed: [0] time: [3]
STATS - lpIterations[1] lagIterations[4] sspIterations[5] numSeparations[0] numCuts[0] compileTime[2] sspSolveTime[0] lpSolveTime[0] lb[2290.93] ub[2639.6] numArcs: [1849813] numFixed: [0] time: [3]
STATS - lpIterations[1] lagIterations[6] sspIterations[61] numSeparations[0] numCuts[0] compileTime[2] sspSolveTime[1] lpSolveTime[0] lb[2359.33] ub[2639.6] numArcs: [1849369] numFixed: [0] time: [4]
STATS - lpIterations[1] lagIterations[7] sspIterations[75] numSeparations[0] numCuts[0] compileTime[2] sspSolveTime[1] lpSolveTime[0] lb[2363.05] ub[2639.6] numArcs: [1849245] numFixed: [0] time: [4]
STATS - lpIterations[1] lagIterations[8] sspIterations[100] numSeparations[0] numCuts[0] compileTime[2] sspSolveTime[2] lpSolveTime[0] lb[2363.52] ub[2639.6] numArcs: [1849031] numFixed: [0] time: [5]
STATS - lpIterations[1] lagIterations[9] sspIterations[106] numSeparations[0] numCuts[0] compileTime[2] sspSolveTime[2] lpSolveTime[0] lb[2381.58] ub[2639.6] numArcs: [1849007] numFixed: [0] time: [5]
STATS - lpIterations[1] lagIterations[11] sspIterations[204] numSeparations[0] numCuts[0] compileTime[2] sspSolveTime[5] lpSolveTime[0] lb[2390.73] ub[2639.6] numArcs: [1848432] numFixed: [0] time: [8]
STATS - lpIterations[1] lagIterations[12] sspIterations[213] numSeparations[0] numCuts[0] compileTime[2] sspSolveTime[5] lpSolveTime[0] lb[2413.84] ub[2639.6] numArcs: [1848431] numFixed: [0] time: [8]
STATS - lpIterations[1] lagIterations[18] sspIterations[369] numSeparations[0] numCuts[0] compileTime[2] sspSolveTime[10] lpSolveTime[0] lb[2424.56] ub[2639.6] numArcs: [1848042] numFixed: [0] time: [13]
STATS - lpIterations[1] lagIterations[27] sspIterations[555] numSeparations[0] numCuts[0] compileTime[2] sspSolveTime[15] lpSolveTime[0] lb[2433.98] ub[2639.6] numArcs: [1847715] numFixed: [0] time: [19]
STATS - lpIterations[1] lagIterations[31] sspIterations[641] numSeparations[0] numCuts[0] compileTime[2] sspSolveTime[18] lpSolveTime[0] lb[2436.21] ub[2639.6] numArcs: [1847600] numFixed: [0] time: [22]
STATS - lpIterations[1] lagIterations[34] sspIterations[742] numSeparations[0] numCuts[0] compileTime[2] sspSolveTime[22] lpSolveTime[0] lb[2436.61] ub[2639.6] numArcs: [1847407] numFixed: [0] time: [26]
STATS - lpIterations[1] lagIterations[35] sspIterations[754] numSeparations[0] numCuts[0] compileTime[2] sspSolveTime[22] lpSolveTime[0] lb[2437.96] ub[2639.6] numArcs: [1847403] numFixed: [0] time: [26]
STATS - lpIterations[1] lagIterations[41] sspIterations[886] numSeparations[0] numCuts[0] compileTime[2] sspSolveTime[26] lpSolveTime[0] lb[2438.28] ub[2639.6] numArcs: [1847245] numFixed: [0] time: [31]
STATS - lpIterations[1] lagIterations[45] sspIterations[983] numSeparations[0] numCuts[0] compileTime[2] sspSolveTime[30] lpSolveTime[0] lb[2440.59] ub[2639.6] numArcs: [1847142] numFixed: [0] time: [34]
STATS - lpIterations[1] lagIterations[49] sspIterations[1054] numSeparations[0] numCuts[0] compileTime[2] sspSolveTime[32] lpSolveTime[0] lb[2443.28] ub[2639.6] numArcs: [1847105] numFixed: [0] time: [37]
STATS - lpIterations[1] lagIterations[55] sspIterations[1202] numSeparations[94] numCuts[0] compileTime[2] sspSolveTime[37] lpSolveTime[0] lb[2445.38] ub[2639.6] numArcs: [1897077] numFixed: [0] time: [42]
STATS - lpIterations[1] lagIterations[57] sspIterations[1236] numSeparations[94] numCuts[0] compileTime[2] sspSolveTime[39] lpSolveTime[0] lb[2449.06] ub[2639.6] numArcs: [1896996] numFixed: [0] time: [44]
STATS - lpIterations[1] lagIterations[59] sspIterations[1274] numSeparations[148] numCuts[0] compileTime[2] sspSolveTime[40] lpSolveTime[0] lb[2453.96] ub[2639.6] numArcs: [1912124] numFixed: [0] time: [45]
STATS - lpIterations[1] lagIterations[61] sspIterations[1312] numSeparations[148] numCuts[0] compileTime[2] sspSolveTime[41] lpSolveTime[0] lb[2455.4] ub[2639.6] numArcs: [1912034] numFixed: [0] time: [46]
STATS - lpIterations[1] lagIterations[63] sspIterations[1367] numSeparations[212] numCuts[0] compileTime[2] sspSolveTime[43] lpSolveTime[0] lb[2464.99] ub[2639.6] numArcs: [1935546] numFixed: [0] time: [49]
STATS - lpIterations[1] lagIterations[75] sspIterations[1620] numSeparations[393] numCuts[0] compileTime[2] sspSolveTime[53] lpSolveTime[0] lb[2469.82] ub[2639.6] numArcs: [1979260] numFixed: [0] time: [58]
STATS - lpIterations[1] lagIterations[77] sspIterations[1669] numSeparations[393] numCuts[0] compileTime[2] sspSolveTime[54] lpSolveTime[0] lb[2473.65] ub[2639.6] numArcs: [1979162] numFixed: [0] time: [60]
STATS - lpIterations[1] lagIterations[79] sspIterations[1710] numSeparations[458] numCuts[0] compileTime[2] sspSolveTime[56] lpSolveTime[0] lb[2475.31] ub[2639.6] numArcs: [1993216] numFixed: [0] time: [62]
STATS - lpIterations[1] lagIterations[85] sspIterations[1835] numSeparations[522] numCuts[0] compileTime[2] sspSolveTime[61] lpSolveTime[0] lb[2475.59] ub[2639.6] numArcs: [2006539] numFixed: [0] time: [66]
STATS - lpIterations[1] lagIterations[87] sspIterations[1891] numSeparations[581] numCuts[0] compileTime[2] sspSolveTime[63] lpSolveTime[0] lb[2481.78] ub[2639.6] numArcs: [2018233] numFixed: [0] time: [69]
STATS - lpIterations[1] lagIterations[93] sspIterations[2023] numSeparations[650] numCuts[0] compileTime[2] sspSolveTime[68] lpSolveTime[0] lb[2482.67] ub[2639.6] numArcs: [2031970] numFixed: [0] time: [74]
STATS - lpIterations[1] lagIterations[97] sspIterations[2112] numSeparations[704] numCuts[0] compileTime[2] sspSolveTime[71] lpSolveTime[0] lb[2483.43] ub[2639.6] numArcs: [2042390] numFixed: [0] time: [77]
STATS - lpIterations[1] lagIterations[99] sspIterations[2165] numSeparations[758] numCuts[0] compileTime[2] sspSolveTime[73] lpSolveTime[0] lb[2484.7] ub[2639.6] numArcs: [2054926] numFixed: [0] time: [80]
STATS - lpIterations[1] lagIterations[100] sspIterations[2188] numSeparations[758] numCuts[0] compileTime[2] sspSolveTime[74] lpSolveTime[0] lb[2484.78] ub[2639.6] numArcs: [2054893] numFixed: [0] time: [80]
STATS - lpIterations[1] lagIterations[103] sspIterations[2241] numSeparations[804] numCuts[0] compileTime[2] sspSolveTime[76] lpSolveTime[0] lb[2490.86] ub[2639.6] numArcs: [2062741] numFixed: [0] time: [82]
STATS - lpIterations[1] lagIterations[116] sspIterations[2532] numSeparations[967] numCuts[0] compileTime[2] sspSolveTime[87] lpSolveTime[0] lb[2492.49] ub[2639.6] numArcs: [2093712] numFixed: [0] time: [94]
STATS - lpIterations[1] lagIterations[118] sspIterations[2568] numSeparations[967] numCuts[0] compileTime[2] sspSolveTime[88] lpSolveTime[0] lb[2494.57] ub[2639.6] numArcs: [2093669] numFixed: [0] time: [95]
STATS - lpIterations[1] lagIterations[120] sspIterations[2632] numSeparations[1030] numCuts[0] compileTime[2] sspSolveTime[91] lpSolveTime[0] lb[2496.15] ub[2639.6] numArcs: [2106034] numFixed: [0] time: [98]
STATS - lpIterations[1] lagIterations[126] sspIterations[2752] numSeparations[1079] numCuts[0] compileTime[2] sspSolveTime[96] lpSolveTime[0] lb[2498.3] ub[2639.6] numArcs: [2115211] numFixed: [0] time: [103]
STATS - lpIterations[1] lagIterations[130] sspIterations[2841] numSeparations[1127] numCuts[0] compileTime[2] sspSolveTime[99] lpSolveTime[0] lb[2500.96] ub[2639.6] numArcs: [2123345] numFixed: [0] time: [107]
STATS - lpIterations[1] lagIterations[147] sspIterations[3177] numSeparations[1334] numCuts[0] compileTime[2] sspSolveTime[113] lpSolveTime[0] lb[2503.48] ub[2639.6] numArcs: [2159808] numFixed: [0] time: [122]
STATS - lpIterations[1] lagIterations[152] sspIterations[3271] numSeparations[1378] numCuts[0] compileTime[2] sspSolveTime[117] lpSolveTime[0] lb[2505.64] ub[2639.6] numArcs: [2167567] numFixed: [0] time: [125]
STATS - lpIterations[1] lagIterations[154] sspIterations[3315] numSeparations[1425] numCuts[0] compileTime[2] sspSolveTime[119] lpSolveTime[0] lb[2506.7] ub[2639.6] numArcs: [2174915] numFixed: [0] time: [127]
STATS - lpIterations[1] lagIterations[158] sspIterations[3411] numSeparations[1479] numCuts[0] compileTime[2] sspSolveTime[122] lpSolveTime[0] lb[2509.21] ub[2639.6] numArcs: [2183051] numFixed: [0] time: [131]
STATS - lpIterations[1] lagIterations[158] sspIterations[3411] numSeparations[1479] numCuts[0] compileTime[2] sspSolveTime[122] lpSolveTime[0] lb[2512.36] ub[2639.6] numArcs: [2183051] numFixed: [0] time: [132]
STATS - lpIterations[1] lagIterations[173] sspIterations[3723] numSeparations[1634] numCuts[0] compileTime[2] sspSolveTime[135] lpSolveTime[0] lb[2512.54] ub[2639.6] numArcs: [2209494] numFixed: [0] time: [147]
STATS - lpIterations[1] lagIterations[175] sspIterations[3769] numSeparations[1634] numCuts[0] compileTime[2] sspSolveTime[137] lpSolveTime[0] lb[2514.85] ub[2639.6] numArcs: [2209425] numFixed: [469728] time: [150]
STATS - lpIterations[1] lagIterations[177] sspIterations[3829] numSeparations[1680] numCuts[0] compileTime[2] sspSolveTime[141] lpSolveTime[0] lb[2516.27] ub[2639.6] numArcs: [2217696] numFixed: [0] time: [156]
STATS - lpIterations[1] lagIterations[199] sspIterations[4268] numSeparations[1882] numCuts[0] compileTime[2] sspSolveTime[157] lpSolveTime[0] lb[2518.65] ub[2639.6] numArcs: [2248809] numFixed: [521472] time: [185]
STATS - lpIterations[1] lagIterations[202] sspIterations[4338] numSeparations[1934] numCuts[0] compileTime[2] sspSolveTime[160] lpSolveTime[0] lb[2519.26] ub[2639.6] numArcs: [2257465] numFixed: [527793] time: [190]
STATS - lpIterations[1] lagIterations[202] sspIterations[4338] numSeparations[1934] numCuts[0] compileTime[2] sspSolveTime[160] lpSolveTime[0] lb[2520.69] ub[2639.6] numArcs: [2257465] numFixed: [527793] time: [190]
STATS - lpIterations[1] lagIterations[210] sspIterations[4523] numSeparations[2028] numCuts[0] compileTime[2] sspSolveTime[168] lpSolveTime[0] lb[2523.89] ub[2639.6] numArcs: [2273854] numFixed: [566424] time: [204]
STATS - lpIterations[1] lagIterations[222] sspIterations[4772] numSeparations[2189] numCuts[0] compileTime[2] sspSolveTime[179] lpSolveTime[0] lb[2526.01] ub[2639.6] numArcs: [2301383] numFixed: [0] time: [224]
STATS - lpIterations[1] lagIterations[230] sspIterations[4949] numSeparations[2241] numCuts[0] compileTime[2] sspSolveTime[186] lpSolveTime[0] lb[2526.35] ub[2639.6] numArcs: [2309115] numFixed: [621677] time: [237]
STATS - lpIterations[1] lagIterations[236] sspIterations[5088] numSeparations[2342] numCuts[0] compileTime[2] sspSolveTime[192] lpSolveTime[0] lb[2529.62] ub[2639.6] numArcs: [2326124] numFixed: [0] time: [249]
STATS - lpIterations[1] lagIterations[241] sspIterations[5217] numSeparations[2403] numCuts[0] compileTime[2] sspSolveTime[198] lpSolveTime[0] lb[2530.19] ub[2639.6] numArcs: [2337145] numFixed: [0] time: [259]
STATS - lpIterations[1] lagIterations[264] sspIterations[5740] numSeparations[2687] numCuts[0] compileTime[2] sspSolveTime[220] lpSolveTime[0] lb[2535.09] ub[2639.6] numArcs: [2383086] numFixed: [0] time: [302]
STATS - lpIterations[1] lagIterations[311] sspIterations[6725] numSeparations[3142] numCuts[0] compileTime[2] sspSolveTime[264] lpSolveTime[0] lb[2536.94] ub[2639.6] numArcs: [2452917] numFixed: [872392] time: [399]
STATS - lpIterations[1] lagIterations[312] sspIterations[6758] numSeparations[3193] numCuts[0] compileTime[2] sspSolveTime[266] lpSolveTime[0] lb[2539.7] ub[2639.6] numArcs: [2460251] numFixed: [0] time: [403]
STATS - lpIterations[1] lagIterations[326] sspIterations[7064] numSeparations[3290] numCuts[0] compileTime[2] sspSolveTime[279] lpSolveTime[0] lb[2539.99] ub[2639.6] numArcs: [2477039] numFixed: [927662] time: [433]
STATS - lpIterations[1] lagIterations[351] sspIterations[7618] numSeparations[3531] numCuts[0] compileTime[2] sspSolveTime[305] lpSolveTime[0] lb[2541.16] ub[2639.6] numArcs: [2515935] numFixed: [998275] time: [493]
STATS - lpIterations[1] lagIterations[352] sspIterations[7644] numSeparations[3584] numCuts[0] compileTime[2] sspSolveTime[307] lpSolveTime[0] lb[2541.51] ub[2639.6] numArcs: [2525423] numFixed: [0] time: [496]
STATS - lpIterations[1] lagIterations[357] sspIterations[7760] numSeparations[3638] numCuts[0] compileTime[2] sspSolveTime[312] lpSolveTime[0] lb[2542.08] ub[2639.6] numArcs: [2533672] numFixed: [0] time: [508]
STATS - lpIterations[1] lagIterations[363] sspIterations[7890] numSeparations[3689] numCuts[0] compileTime[2] sspSolveTime[318] lpSolveTime[0] lb[2543.11] ub[2639.6] numArcs: [2543524] numFixed: [0] time: [522]
STATS - lpIterations[1] lagIterations[391] sspIterations[8464] numSeparations[3882] numCuts[0] compileTime[2] sspSolveTime[343] lpSolveTime[0] lb[2543.17] ub[2639.6] numArcs: [2572093] numFixed: [1096894] time: [584]
STATS - lpIterations[1] lagIterations[391] sspIterations[8464] numSeparations[3882] numCuts[0] compileTime[2] sspSolveTime[343] lpSolveTime[0] lb[2543.64] ub[2639.6] numArcs: [2572093] numFixed: [1096894] time: [585]
STATS - lpIterations[1] lagIterations[394] sspIterations[8544] numSeparations[3931] numCuts[0] compileTime[2] sspSolveTime[347] lpSolveTime[0] lb[2544.46] ub[2639.6] numArcs: [2579447] numFixed: [1068794] time: [593]
STATS - lpIterations[1] lagIterations[395] sspIterations[8567] numSeparations[3931] numCuts[0] compileTime[2] sspSolveTime[348] lpSolveTime[0] lb[2544.75] ub[2639.6] numArcs: [2579443] numFixed: [1131424] time: [596]
STATS - lpIterations[1] lagIterations[400] sspIterations[8675] numSeparations[3984] numCuts[0] compileTime[2] sspSolveTime[353] lpSolveTime[0] lb[2545.9] ub[2639.6] numArcs: [2587558] numFixed: [1054180] time: [608]
STATS - lpIterations[1] lagIterations[401] sspIterations[8697] numSeparations[3984] numCuts[0] compileTime[2] sspSolveTime[354] lpSolveTime[0] lb[2546.42] ub[2639.6] numArcs: [2587558] numFixed: [1165286] time: [611]
STATS - lpIterations[1] lagIterations[430] sspIterations[9308] numSeparations[4246] numCuts[0] compileTime[2] sspSolveTime[381] lpSolveTime[0] lb[2546.55] ub[2639.6] numArcs: [2627885] numFixed: [0] time: [677]
STATS - lpIterations[1] lagIterations[431] sspIterations[9339] numSeparations[4246] numCuts[0] compileTime[2] sspSolveTime[382] lpSolveTime[0] lb[2547.25] ub[2639.6] numArcs: [2627855] numFixed: [1174181] time: [681]
STATS - lpIterations[1] lagIterations[433] sspIterations[9382] numSeparations[4246] numCuts[0] compileTime[2] sspSolveTime[384] lpSolveTime[0] lb[2547.94] ub[2639.6] numArcs: [2627818] numFixed: [1211873] time: [686]
STATS - lpIterations[1] lagIterations[434] sspIterations[9403] numSeparations[4246] numCuts[0] compileTime[2] sspSolveTime[385] lpSolveTime[0] lb[2548.49] ub[2639.6] numArcs: [2627805] numFixed: [1226392] time: [688]
STATS - lpIterations[1] lagIterations[459] sspIterations[9883] numSeparations[4456] numCuts[0] compileTime[2] sspSolveTime[405] lpSolveTime[0] lb[2548.96] ub[2639.6] numArcs: [2657026] numFixed: [0] time: [742]
STATS - lpIterations[1] lagIterations[462] sspIterations[9950] numSeparations[4456] numCuts[0] compileTime[2] sspSolveTime[408] lpSolveTime[0] lb[2549.38] ub[2639.6] numArcs: [2656961] numFixed: [1245210] time: [751]
STATS - lpIterations[1] lagIterations[463] sspIterations[9967] numSeparations[4456] numCuts[0] compileTime[2] sspSolveTime[409] lpSolveTime[0] lb[2549.8] ub[2639.6] numArcs: [2656955] numFixed: [1270359] time: [752]
STATS - lpIterations[1] lagIterations[466] sspIterations[10048] numSeparations[4511] numCuts[0] compileTime[2] sspSolveTime[413] lpSolveTime[0] lb[2549.97] ub[2639.6] numArcs: [2663514] numFixed: [1224548] time: [762]
STATS - lpIterations[1] lagIterations[467] sspIterations[10070] numSeparations[4511] numCuts[0] compileTime[2] sspSolveTime[414] lpSolveTime[0] lb[2550.22] ub[2639.6] numArcs: [2663505] numFixed: [1286139] time: [764]
STATS - lpIterations[1] lagIterations[474] sspIterations[10223] numSeparations[4564] numCuts[0] compileTime[2] sspSolveTime[421] lpSolveTime[0] lb[2550.24] ub[2639.6] numArcs: [2671590] numFixed: [1252628] time: [781]
STATS - lpIterations[1] lagIterations[475] sspIterations[10247] numSeparations[4564] numCuts[0] compileTime[2] sspSolveTime[422] lpSolveTime[0] lb[2550.92] ub[2639.6] numArcs: [2671585] numFixed: [1295162] time: [783]
STATS - lpIterations[1] lagIterations[494] sspIterations[10643] numSeparations[4718] numCuts[0] compileTime[2] sspSolveTime[439] lpSolveTime[0] lb[2551.7] ub[2639.6] numArcs: [2695189] numFixed: [1319774] time: [829]
STATS - lpIterations[1] lagIterations[495] sspIterations[10669] numSeparations[4718] numCuts[0] compileTime[2] sspSolveTime[440] lpSolveTime[0] lb[2551.8] ub[2639.6] numArcs: [2695178] numFixed: [1338514] time: [831]
STATS - lpIterations[1] lagIterations[507] sspIterations[10904] numSeparations[4815] numCuts[0] compileTime[2] sspSolveTime[450] lpSolveTime[0] lb[2552.82] ub[2639.6] numArcs: [2707797] numFixed: [1331230] time: [858]
STATS - lpIterations[1] lagIterations[521] sspIterations[11209] numSeparations[4915] numCuts[0] compileTime[2] sspSolveTime[465] lpSolveTime[0] lb[2553.8] ub[2639.6] numArcs: [2722209] numFixed: [1330418] time: [895]
STATS - lpIterations[1] lagIterations[522] sspIterations[11236] numSeparations[4915] numCuts[0] compileTime[2] sspSolveTime[466] lpSolveTime[0] lb[2554.14] ub[2639.6] numArcs: [2722196] numFixed: [1398507] time: [898]
STATS - lpIterations[1] lagIterations[552] sspIterations[11848] numSeparations[5161] numCuts[0] compileTime[2] sspSolveTime[493] lpSolveTime[0] lb[2555.4] ub[2639.6] numArcs: [2758544] numFixed: [1379202] time: [970]
STATS - lpIterations[1] lagIterations[553] sspIterations[11868] numSeparations[5161] numCuts[0] compileTime[2] sspSolveTime[494] lpSolveTime[0] lb[2556.04] ub[2639.6] numArcs: [2758539] numFixed: [1452026] time: [973]
STATS - lpIterations[1] lagIterations[594] sspIterations[12722] numSeparations[5466] numCuts[0] compileTime[2] sspSolveTime[533] lpSolveTime[0] lb[2556.47] ub[2639.6] numArcs: [2803595] numFixed: [1456270] time: [1075]
STATS - lpIterations[1] lagIterations[595] sspIterations[12760] numSeparations[5466] numCuts[0] compileTime[2] sspSolveTime[535] lpSolveTime[0] lb[2556.67] ub[2639.6] numArcs: [2803561] numFixed: [1481355] time: [1080]
STATS - lpIterations[1] lagIterations[596] sspIterations[12781] numSeparations[5466] numCuts[0] compileTime[2] sspSolveTime[536] lpSolveTime[0] lb[2557.31] ub[2639.6] numArcs: [2803558] numFixed: [1505131] time: [1083]
STATS - lpIterations[1] lagIterations[611] sspIterations[13109] numSeparations[5614] numCuts[0] compileTime[2] sspSolveTime[552] lpSolveTime[0] lb[2557.68] ub[2639.6] numArcs: [2824966] numFixed: [1468353] time: [1122]
STATS - lpIterations[1] lagIterations[612] sspIterations[13132] numSeparations[5614] numCuts[0] compileTime[2] sspSolveTime[553] lpSolveTime[0] lb[2558.03] ub[2639.6] numArcs: [2824964] numFixed: [1539379] time: [1125]
STATS - lpIterations[1] lagIterations[616] sspIterations[13219] numSeparations[5666] numCuts[0] compileTime[2] sspSolveTime[557] lpSolveTime[0] lb[2558.18] ub[2639.6] numArcs: [2831992] numFixed: [0] time: [1134]
STATS - lpIterations[1] lagIterations[633] sspIterations[13583] numSeparations[5772] numCuts[0] compileTime[2] sspSolveTime[575] lpSolveTime[0] lb[2558.84] ub[2639.6] numArcs: [2847944] numFixed: [1524868] time: [1180]
STATS - lpIterations[1] lagIterations[634] sspIterations[13605] numSeparations[5772] numCuts[0] compileTime[2] sspSolveTime[575] lpSolveTime[0] lb[2559.19] ub[2639.6] numArcs: [2847931] numFixed: [1578420] time: [1182]
STATS - lpIterations[1] lagIterations[663] sspIterations[14215] numSeparations[5968] numCuts[0] compileTime[2] sspSolveTime[603] lpSolveTime[0] lb[2559.91] ub[2639.6] numArcs: [2874821] numFixed: [1596027] time: [1255]
STATS - lpIterations[1] lagIterations[671] sspIterations[14378] numSeparations[6067] numCuts[0] compileTime[2] sspSolveTime[612] lpSolveTime[0] lb[2560.48] ub[2639.6] numArcs: [2889759] numFixed: [0] time: [1277]
STATS - lpIterations[1] lagIterations[698] sspIterations[14959] numSeparations[6272] numCuts[0] compileTime[2] sspSolveTime[640] lpSolveTime[0] lb[2561.25] ub[2639.6] numArcs: [2915142] numFixed: [0] time: [1350]
STATS - lpIterations[1] lagIterations[704] sspIterations[15088] numSeparations[6272] numCuts[0] compileTime[2] sspSolveTime[646] lpSolveTime[0] lb[2561.52] ub[2639.6] numArcs: [2915081] numFixed: [1639700] time: [1366]
STATS - lpIterations[1] lagIterations[711] sspIterations[15232] numSeparations[6318] numCuts[0] compileTime[2] sspSolveTime[652] lpSolveTime[0] lb[2562.74] ub[2639.6] numArcs: [2921225] numFixed: [1658534] time: [1385]
STATS - lpIterations[1] lagIterations[751] sspIterations[16052] numSeparations[6613] numCuts[0] compileTime[2] sspSolveTime[692] lpSolveTime[0] lb[2563.51] ub[2639.6] numArcs: [2962227] numFixed: [1709759] time: [1493]
STATS - lpIterations[1] lagIterations[773] sspIterations[16514] numSeparations[6752] numCuts[0] compileTime[2] sspSolveTime[714] lpSolveTime[0] lb[2564.33] ub[2639.6] numArcs: [2979836] numFixed: [1731864] time: [1553]
STATS - lpIterations[1] lagIterations[815] sspIterations[17415] numSeparations[7008] numCuts[0] compileTime[2] sspSolveTime[756] lpSolveTime[0] lb[2564.34] ub[2639.6] numArcs: [3015765] numFixed: [1744373] time: [1666]
STATS - lpIterations[1] lagIterations[825] sspIterations[17605] numSeparations[7051] numCuts[0] compileTime[2] sspSolveTime[765] lpSolveTime[0] lb[2564.62] ub[2639.6] numArcs: [3021181] numFixed: [1780440] time: [1691]
STATS - lpIterations[1] lagIterations[836] sspIterations[17810] numSeparations[7155] numCuts[0] compileTime[2] sspSolveTime[774] lpSolveTime[0] lb[2565.62] ub[2639.6] numArcs: [3033791] numFixed: [0] time: [1720]
STATS - lpIterations[1] lagIterations[856] sspIterations[18232] numSeparations[7257] numCuts[0] compileTime[2] sspSolveTime[794] lpSolveTime[0] lb[2565.63] ub[2639.6] numArcs: [3047480] numFixed: [1810034] time: [1775]
STATS - lpIterations[1] lagIterations[867] sspIterations[18465] numSeparations[7308] numCuts[0] compileTime[2] sspSolveTime[805] lpSolveTime[0] lb[2566.34] ub[2639.6] numArcs: [3054933] numFixed: [1821234] time: [1804]
STATS - lpIterations[2] lagIterations[874] sspIterations[18589] numSeparations[7355] numCuts[0] compileTime[2] sspSolveTime[811] lpSolveTime[0] lb[2566.34] ub[2639.6] numArcs: [3061123] numFixed: [1813581] time: [1823]
STATS - lpIterations[2] lagIterations[875] sspIterations[18612] numSeparations[7355] numCuts[0] compileTime[2] sspSolveTime[812] lpSolveTime[0] lb[2566.39] ub[2639.6] numArcs: [3061123] numFixed: [1813581] time: [1824]
STATS - lpIterations[3] lagIterations[976] sspIterations[21368] numSeparations[8841] numCuts[0] compileTime[2] sspSolveTime[1037] lpSolveTime[0] lb[2566.39] ub[2639.6] numArcs: [3282859] numFixed: [1787811] time: [2133]
STATS - lpIterations[3] lagIterations[977] sspIterations[21390] numSeparations[8841] numCuts[0] compileTime[2] sspSolveTime[1038] lpSolveTime[0] lb[2566.4] ub[2639.6] numArcs: [3282859] numFixed: [1787811] time: [2134]
STATS - lpIterations[4] lagIterations[1078] sspIterations[23908] numSeparations[10018] numCuts[0] compileTime[2] sspSolveTime[1242] lpSolveTime[0] lb[2566.4] ub[2639.6] numArcs: [3451258] numFixed: [1765274] time: [2444]
STATS - lpIterations[5] lagIterations[1180] sspIterations[26358] numSeparations[11122] numCuts[0] compileTime[2] sspSolveTime[1441] lpSolveTime[0] lb[2566.4] ub[2639.6] numArcs: [3602133] numFixed: [1566097] time: [2757]
STATS - lpIterations[6] lagIterations[1282] sspIterations[28907] numSeparations[12263] numCuts[0] compileTime[2] sspSolveTime[1660] lpSolveTime[0] lb[2566.4] ub[2639.6] numArcs: [3755141] numFixed: [1647953] time: [3119]
STATS - lpIterations[7] lagIterations[1384] sspIterations[31431] numSeparations[13257] numCuts[0] compileTime[2] sspSolveTime[1886] lpSolveTime[0] lb[2566.4] ub[2639.6] numArcs: [3886141] numFixed: [1879836] time: [3485]
