do not relax capacity constraint
instance upper bound: 2694.3
compiling DD
time step mult: 10
time step: 900
cap step: 1
done compiling DD
batch size for lag: 50
iteration delay to start separating: 50
optimality gap to start repairing: 5
percent fixed to change to CPLEX: 97.5
num arcs to change to CPLEX: 100000
num arcs to change to LAG: 999999999
STATS - lpIterations[0] lagIterations[0] sspIterations[0] numSeparations[0] numCuts[0] compileTime[1] sspSolveTime[0] lpSolveTime[0] lb[0] ub[2694.3] numArcs: [1393882] numFixed: [0] time: [1]
STATS - lpIterations[1] lagIterations[0] sspIterations[0] numSeparations[0] numCuts[0] compileTime[1] sspSolveTime[0] lpSolveTime[0] lb[0] ub[2694.3] numArcs: [1393882] numFixed: [0] time: [1]
STATS - lpIterations[1] lagIterations[1] sspIterations[1] numSeparations[0] numCuts[0] compileTime[1] sspSolveTime[0] lpSolveTime[0] lb[2003.93] ub[2694.3] numArcs: [1393872] numFixed: [0] time: [1]
STATS - lpIterations[1] lagIterations[2] sspIterations[2] numSeparations[0] numCuts[0] compileTime[1] sspSolveTime[0] lpSolveTime[0] lb[2099.21] ub[2694.3] numArcs: [1393861] numFixed: [0] time: [1]
STATS - lpIterations[1] lagIterations[3] sspIterations[3] numSeparations[0] numCuts[0] compileTime[1] sspSolveTime[0] lpSolveTime[0] lb[2194.73] ub[2694.3] numArcs: [1393861] numFixed: [0] time: [1]
STATS - lpIterations[1] lagIterations[4] sspIterations[4] numSeparations[0] numCuts[0] compileTime[1] sspSolveTime[0] lpSolveTime[0] lb[2289.11] ub[2694.3] numArcs: [1393861] numFixed: [2] time: [2]
STATS - lpIterations[1] lagIterations[5] sspIterations[23] numSeparations[0] numCuts[0] compileTime[1] sspSolveTime[0] lpSolveTime[0] lb[2361.05] ub[2694.3] numArcs: [1393685] numFixed: [635] time: [2]
STATS - lpIterations[1] lagIterations[6] sspIterations[29] numSeparations[0] numCuts[0] compileTime[1] sspSolveTime[0] lpSolveTime[0] lb[2394.61] ub[2694.3] numArcs: [1393645] numFixed: [635] time: [2]
STATS - lpIterations[1] lagIterations[8] sspIterations[87] numSeparations[0] numCuts[0] compileTime[1] sspSolveTime[1] lpSolveTime[0] lb[2431.86] ub[2694.3] numArcs: [1393266] numFixed: [635] time: [3]
STATS - lpIterations[1] lagIterations[10] sspIterations[117] numSeparations[0] numCuts[0] compileTime[1] sspSolveTime[2] lpSolveTime[0] lb[2455.06] ub[2694.3] numArcs: [1393125] numFixed: [635] time: [4]
STATS - lpIterations[1] lagIterations[12] sspIterations[189] numSeparations[0] numCuts[0] compileTime[1] sspSolveTime[3] lpSolveTime[0] lb[2467.97] ub[2694.3] numArcs: [1392852] numFixed: [635] time: [5]
STATS - lpIterations[1] lagIterations[13] sspIterations[199] numSeparations[0] numCuts[0] compileTime[1] sspSolveTime[4] lpSolveTime[0] lb[2477.46] ub[2694.3] numArcs: [1392844] numFixed: [635] time: [6]
STATS - lpIterations[1] lagIterations[15] sspIterations[252] numSeparations[0] numCuts[0] compileTime[1] sspSolveTime[5] lpSolveTime[0] lb[2499.35] ub[2694.3] numArcs: [1392727] numFixed: [635] time: [7]
STATS - lpIterations[1] lagIterations[19] sspIterations[326] numSeparations[0] numCuts[0] compileTime[1] sspSolveTime[6] lpSolveTime[0] lb[2518.77] ub[2694.3] numArcs: [1392647] numFixed: [635] time: [9]
STATS - lpIterations[1] lagIterations[23] sspIterations[424] numSeparations[0] numCuts[0] compileTime[1] sspSolveTime[9] lpSolveTime[0] lb[2527.43] ub[2694.3] numArcs: [1392444] numFixed: [635] time: [11]
STATS - lpIterations[1] lagIterations[29] sspIterations[565] numSeparations[0] numCuts[0] compileTime[1] sspSolveTime[12] lpSolveTime[0] lb[2531.79] ub[2694.3] numArcs: [1392248] numFixed: [635] time: [15]
STATS - lpIterations[1] lagIterations[31] sspIterations[615] numSeparations[0] numCuts[0] compileTime[1] sspSolveTime[13] lpSolveTime[0] lb[2550.06] ub[2694.3] numArcs: [1392236] numFixed: [635] time: [16]
STATS - lpIterations[1] lagIterations[50] sspIterations[1028] numSeparations[0] numCuts[0] compileTime[1] sspSolveTime[24] lpSolveTime[0] lb[2550.45] ub[2694.3] numArcs: [1391973] numFixed: [635] time: [27]
STATS - lpIterations[1] lagIterations[52] sspIterations[1066] numSeparations[25] numCuts[0] compileTime[1] sspSolveTime[25] lpSolveTime[0] lb[2564.62] ub[2694.3] numArcs: [1405440] numFixed: [0] time: [28]
STATS - lpIterations[1] lagIterations[57] sspIterations[1178] numSeparations[67] numCuts[0] compileTime[1] sspSolveTime[28] lpSolveTime[0] lb[2565.45] ub[2694.3] numArcs: [1422905] numFixed: [447588] time: [33]
STATS - lpIterations[1] lagIterations[60] sspIterations[1253] numSeparations[112] numCuts[0] compileTime[1] sspSolveTime[30] lpSolveTime[0] lb[2573.46] ub[2694.3] numArcs: [1438748] numFixed: [0] time: [36]
STATS - lpIterations[1] lagIterations[61] sspIterations[1272] numSeparations[112] numCuts[0] compileTime[1] sspSolveTime[31] lpSolveTime[0] lb[2579.36] ub[2694.3] numArcs: [1438718] numFixed: [546456] time: [37]
STATS - lpIterations[1] lagIterations[70] sspIterations[1478] numSeparations[154] numCuts[0] compileTime[1] sspSolveTime[36] lpSolveTime[0] lb[2589.36] ub[2694.3] numArcs: [1453465] numFixed: [603973] time: [48]
STATS - lpIterations[1] lagIterations[71] sspIterations[1497] numSeparations[198] numCuts[0] compileTime[1] sspSolveTime[37] lpSolveTime[0] lb[2594.74] ub[2694.3] numArcs: [1468959] numFixed: [0] time: [48]
STATS - lpIterations[1] lagIterations[76] sspIterations[1615] numSeparations[198] numCuts[0] compileTime[1] sspSolveTime[40] lpSolveTime[0] lb[2597.51] ub[2694.3] numArcs: [1468765] numFixed: [755588] time: [55]
STATS - lpIterations[1] lagIterations[79] sspIterations[1675] numSeparations[241] numCuts[0] compileTime[1] sspSolveTime[42] lpSolveTime[0] lb[2597.97] ub[2694.3] numArcs: [1477826] numFixed: [794479] time: [59]
STATS - lpIterations[1] lagIterations[84] sspIterations[1776] numSeparations[290] numCuts[0] compileTime[1] sspSolveTime[45] lpSolveTime[0] lb[2600.45] ub[2694.3] numArcs: [1489115] numFixed: [0] time: [65]
STATS - lpIterations[1] lagIterations[89] sspIterations[1890] numSeparations[290] numCuts[0] compileTime[1] sspSolveTime[48] lpSolveTime[0] lb[2602.87] ub[2694.3] numArcs: [1489020] numFixed: [814226] time: [71]
STATS - lpIterations[1] lagIterations[95] sspIterations[2024] numSeparations[333] numCuts[0] compileTime[1] sspSolveTime[52] lpSolveTime[0] lb[2607.25] ub[2694.3] numArcs: [1499127] numFixed: [845147] time: [79]
STATS - lpIterations[1] lagIterations[101] sspIterations[2148] numSeparations[373] numCuts[0] compileTime[1] sspSolveTime[55] lpSolveTime[0] lb[2613.78] ub[2694.3] numArcs: [1510210] numFixed: [856220] time: [87]
STATS - lpIterations[1] lagIterations[104] sspIterations[2222] numSeparations[373] numCuts[0] compileTime[1] sspSolveTime[57] lpSolveTime[0] lb[2616.6] ub[2694.3] numArcs: [1510133] numFixed: [928611] time: [91]
STATS - lpIterations[1] lagIterations[114] sspIterations[2461] numSeparations[471] numCuts[0] compileTime[1] sspSolveTime[64] lpSolveTime[0] lb[2619.69] ub[2694.3] numArcs: [1531394] numFixed: [979155] time: [104]
STATS - lpIterations[1] lagIterations[125] sspIterations[2674] numSeparations[511] numCuts[0] compileTime[1] sspSolveTime[70] lpSolveTime[0] lb[2623.41] ub[2694.3] numArcs: [1539825] numFixed: [1019827] time: [119]
STATS - lpIterations[1] lagIterations[136] sspIterations[2906] numSeparations[551] numCuts[0] compileTime[1] sspSolveTime[76] lpSolveTime[0] lb[2625.28] ub[2694.3] numArcs: [1548041] numFixed: [1074077] time: [133]
STATS - lpIterations[1] lagIterations[143] sspIterations[3057] numSeparations[594] numCuts[0] compileTime[1] sspSolveTime[80] lpSolveTime[0] lb[2628.04] ub[2694.3] numArcs: [1554645] numFixed: [0] time: [142]
STATS - lpIterations[1] lagIterations[151] sspIterations[3231] numSeparations[639] numCuts[0] compileTime[1] sspSolveTime[85] lpSolveTime[0] lb[2629.04] ub[2694.3] numArcs: [1563138] numFixed: [0] time: [153]
STATS - lpIterations[1] lagIterations[158] sspIterations[3385] numSeparations[639] numCuts[0] compileTime[1] sspSolveTime[89] lpSolveTime[0] lb[2630.78] ub[2694.3] numArcs: [1563069] numFixed: [1186844] time: [162]
STATS - lpIterations[1] lagIterations[161] sspIterations[3458] numSeparations[675] numCuts[0] compileTime[1] sspSolveTime[91] lpSolveTime[0] lb[2634.97] ub[2694.3] numArcs: [1569108] numFixed: [1153300] time: [167]
STATS - lpIterations[1] lagIterations[169] sspIterations[3631] numSeparations[716] numCuts[0] compileTime[1] sspSolveTime[95] lpSolveTime[0] lb[2637.55] ub[2694.3] numArcs: [1577247] numFixed: [0] time: [177]
STATS - lpIterations[1] lagIterations[180] sspIterations[3873] numSeparations[765] numCuts[0] compileTime[1] sspSolveTime[101] lpSolveTime[0] lb[2637.56] ub[2694.3] numArcs: [1586908] numFixed: [1213683] time: [193]
STATS - lpIterations[1] lagIterations[186] sspIterations[3991] numSeparations[765] numCuts[0] compileTime[1] sspSolveTime[104] lpSolveTime[0] lb[2637.71] ub[2694.3] numArcs: [1586879] numFixed: [1235688] time: [200]
STATS - lpIterations[1] lagIterations[189] sspIterations[4050] numSeparations[765] numCuts[0] compileTime[1] sspSolveTime[106] lpSolveTime[0] lb[2641.11] ub[2694.3] numArcs: [1586858] numFixed: [1237464] time: [204]
STATS - lpIterations[1] lagIterations[209] sspIterations[4461] numSeparations[846] numCuts[0] compileTime[1] sspSolveTime[117] lpSolveTime[0] lb[2647.31] ub[2694.3] numArcs: [1602949] numFixed: [1289749] time: [231]
STATS - lpIterations[1] lagIterations[225] sspIterations[4826] numSeparations[917] numCuts[0] compileTime[1] sspSolveTime[126] lpSolveTime[0] lb[2650.31] ub[2694.3] numArcs: [1615768] numFixed: [1318479] time: [253]
STATS - lpIterations[1] lagIterations[250] sspIterations[5353] numSeparations[993] numCuts[0] compileTime[1] sspSolveTime[140] lpSolveTime[0] lb[2650.76] ub[2694.3] numArcs: [1627320] numFixed: [1337815] time: [286]
STATS - lpIterations[1] lagIterations[258] sspIterations[5534] numSeparations[1037] numCuts[0] compileTime[1] sspSolveTime[145] lpSolveTime[0] lb[2651.95] ub[2694.3] numArcs: [1633834] numFixed: [0] time: [297]
STATS - lpIterations[1] lagIterations[263] sspIterations[5645] numSeparations[1037] numCuts[0] compileTime[1] sspSolveTime[148] lpSolveTime[0] lb[2653.53] ub[2694.3] numArcs: [1633782] numFixed: [1367879] time: [304]
STATS - lpIterations[1] lagIterations[276] sspIterations[5919] numSeparations[1082] numCuts[0] compileTime[1] sspSolveTime[155] lpSolveTime[0] lb[2654.34] ub[2694.3] numArcs: [1640628] numFixed: [1378111] time: [321]
STATS - lpIterations[1] lagIterations[279] sspIterations[5980] numSeparations[1082] numCuts[0] compileTime[1] sspSolveTime[157] lpSolveTime[0] lb[2655.31] ub[2694.3] numArcs: [1640626] numFixed: [1378492] time: [325]
STATS - lpIterations[1] lagIterations[287] sspIterations[6163] numSeparations[1138] numCuts[0] compileTime[1] sspSolveTime[162] lpSolveTime[0] lb[2655.9] ub[2694.3] numArcs: [1650429] numFixed: [1394903] time: [336]
STATS - lpIterations[1] lagIterations[293] sspIterations[6313] numSeparations[1178] numCuts[0] compileTime[1] sspSolveTime[167] lpSolveTime[0] lb[2656.56] ub[2694.3] numArcs: [1655775] numFixed: [1379446] time: [346]
STATS - lpIterations[1] lagIterations[303] sspIterations[6538] numSeparations[1222] numCuts[0] compileTime[1] sspSolveTime[173] lpSolveTime[0] lb[2657.41] ub[2694.3] numArcs: [1662095] numFixed: [1417129] time: [361]
STATS - lpIterations[1] lagIterations[309] sspIterations[6649] numSeparations[1222] numCuts[0] compileTime[1] sspSolveTime[176] lpSolveTime[0] lb[2658.28] ub[2694.3] numArcs: [1662074] numFixed: [1439805] time: [368]
STATS - lpIterations[1] lagIterations[313] sspIterations[6735] numSeparations[1222] numCuts[0] compileTime[1] sspSolveTime[178] lpSolveTime[0] lb[2659.68] ub[2694.3] numArcs: [1662053] numFixed: [1439853] time: [373]
STATS - lpIterations[1] lagIterations[316] sspIterations[6793] numSeparations[1258] numCuts[0] compileTime[1] sspSolveTime[180] lpSolveTime[0] lb[2659.96] ub[2694.3] numArcs: [1667718] numFixed: [1423388] time: [378]
STATS - lpIterations[1] lagIterations[325] sspIterations[6977] numSeparations[1258] numCuts[0] compileTime[1] sspSolveTime[184] lpSolveTime[0] lb[2661.01] ub[2694.3] numArcs: [1667655] numFixed: [1431741] time: [388]
STATS - lpIterations[1] lagIterations[334] sspIterations[7171] numSeparations[1307] numCuts[0] compileTime[1] sspSolveTime[189] lpSolveTime[0] lb[2661.96] ub[2694.3] numArcs: [1674889] numFixed: [1454020] time: [401]
STATS - lpIterations[1] lagIterations[348] sspIterations[7461] numSeparations[1348] numCuts[0] compileTime[1] sspSolveTime[196] lpSolveTime[0] lb[2663.7] ub[2694.3] numArcs: [1680184] numFixed: [0] time: [418]
STATS - lpIterations[1] lagIterations[352] sspIterations[7557] numSeparations[1348] numCuts[0] compileTime[1] sspSolveTime[199] lpSolveTime[0] lb[2665.57] ub[2694.3] numArcs: [1680150] numFixed: [1482314] time: [424]
STATS - lpIterations[1] lagIterations[373] sspIterations[7994] numSeparations[1402] numCuts[0] compileTime[1] sspSolveTime[209] lpSolveTime[0] lb[2666.48] ub[2694.3] numArcs: [1686717] numFixed: [1498590] time: [451]
STATS - lpIterations[1] lagIterations[383] sspIterations[8218] numSeparations[1442] numCuts[0] compileTime[1] sspSolveTime[214] lpSolveTime[0] lb[2667.64] ub[2694.3] numArcs: [1692122] numFixed: [1511776] time: [464]
STATS - lpIterations[1] lagIterations[386] sspIterations[8301] numSeparations[1482] numCuts[0] compileTime[1] sspSolveTime[217] lpSolveTime[0] lb[2668.83] ub[2694.3] numArcs: [1698419] numFixed: [1510406] time: [470]
STATS - lpIterations[1] lagIterations[432] sspIterations[9255] numSeparations[1578] numCuts[0] compileTime[1] sspSolveTime[240] lpSolveTime[0] lb[2669.95] ub[2694.3] numArcs: [1713612] numFixed: [1548516] time: [529]
STATS - lpIterations[1] lagIterations[448] sspIterations[9611] numSeparations[1626] numCuts[0] compileTime[1] sspSolveTime[249] lpSolveTime[0] lb[2672.51] ub[2694.3] numArcs: [1721902] numFixed: [1561615] time: [551]
STATS - lpIterations[1] lagIterations[513] sspIterations[11027] numSeparations[1854] numCuts[0] compileTime[1] sspSolveTime[285] lpSolveTime[0] lb[2672.66] ub[2694.3] numArcs: [1753314] numFixed: [1595723] time: [639]
STATS - lpIterations[1] lagIterations[521] sspIterations[11219] numSeparations[1906] numCuts[0] compileTime[1] sspSolveTime[290] lpSolveTime[0] lb[2672.84] ub[2694.3] numArcs: [1760429] numFixed: [1598952] time: [650]
STATS - lpIterations[1] lagIterations[560] sspIterations[12062] numSeparations[2013] numCuts[0] compileTime[1] sspSolveTime[312] lpSolveTime[0] lb[2674.03] ub[2694.3] numArcs: [1774136] numFixed: [1612204] time: [705]
STATS - lpIterations[1] lagIterations[587] sspIterations[12648] numSeparations[2059] numCuts[0] compileTime[1] sspSolveTime[326] lpSolveTime[0] lb[2674.61] ub[2694.3] numArcs: [1779985] numFixed: [1633306] time: [740]
STATS - lpIterations[1] lagIterations[609] sspIterations[13136] numSeparations[2109] numCuts[0] compileTime[1] sspSolveTime[338] lpSolveTime[0] lb[2675.34] ub[2694.3] numArcs: [1786865] numFixed: [1636044] time: [770]
STATS - lpIterations[1] lagIterations[688] sspIterations[14865] numSeparations[2342] numCuts[0] compileTime[1] sspSolveTime[381] lpSolveTime[0] lb[2676.25] ub[2694.3] numArcs: [1818514] numFixed: [1658232] time: [879]
STATS - lpIterations[2] lagIterations[710] sspIterations[15360] numSeparations[2395] numCuts[0] compileTime[1] sspSolveTime[393] lpSolveTime[0] lb[2676.25] ub[2694.3] numArcs: [1825904] numFixed: [1671360] time: [910]
STATS - lpIterations[3] lagIterations[812] sspIterations[17960] numSeparations[2941] numCuts[0] compileTime[1] sspSolveTime[479] lpSolveTime[0] lb[2676.25] ub[2694.3] numArcs: [1924214] numFixed: [1667608] time: [1078]
STATS - lpIterations[4] lagIterations[914] sspIterations[20482] numSeparations[3459] numCuts[0] compileTime[1] sspSolveTime[568] lpSolveTime[0] lb[2676.25] ub[2694.3] numArcs: [2001717] numFixed: [1728530] time: [1253]
STATS - lpIterations[5] lagIterations[1016] sspIterations[23134] numSeparations[4009] numCuts[0] compileTime[1] sspSolveTime[666] lpSolveTime[0] lb[2676.25] ub[2694.3] numArcs: [2078661] numFixed: [1787928] time: [1440]
STATS - lpIterations[6] lagIterations[1118] sspIterations[25785] numSeparations[4523] numCuts[0] compileTime[1] sspSolveTime[766] lpSolveTime[0] lb[2676.25] ub[2694.3] numArcs: [2144857] numFixed: [1842259] time: [1633]
STATS - lpIterations[7] lagIterations[1220] sspIterations[28339] numSeparations[4960] numCuts[0] compileTime[1] sspSolveTime[868] lpSolveTime[0] lb[2676.25] ub[2694.3] numArcs: [2205536] numFixed: [1891727] time: [1830]
STATS - lpIterations[8] lagIterations[1322] sspIterations[31040] numSeparations[5478] numCuts[0] compileTime[1] sspSolveTime[977] lpSolveTime[0] lb[2676.25] ub[2694.3] numArcs: [2268571] numFixed: [1989247] time: [2039]
STATS - lpIterations[9] lagIterations[1424] sspIterations[33647] numSeparations[5854] numCuts[0] compileTime[1] sspSolveTime[1080] lpSolveTime[0] lb[2676.25] ub[2694.3] numArcs: [2319827] numFixed: [2053551] time: [2240]
STATS - lpIterations[10] lagIterations[1526] sspIterations[36165] numSeparations[6185] numCuts[0] compileTime[1] sspSolveTime[1178] lpSolveTime[0] lb[2676.25] ub[2694.3] numArcs: [2356747] numFixed: [2062391] time: [2436]
STATS - lpIterations[11] lagIterations[1628] sspIterations[38800] numSeparations[6624] numCuts[0] compileTime[1] sspSolveTime[1292] lpSolveTime[0] lb[2676.25] ub[2694.3] numArcs: [2405698] numFixed: [2015348] time: [2656]
STATS - lpIterations[12] lagIterations[1730] sspIterations[41505] numSeparations[7066] numCuts[0] compileTime[1] sspSolveTime[1409] lpSolveTime[0] lb[2676.25] ub[2694.3] numArcs: [2457771] numFixed: [2023881] time: [2879]
STATS - lpIterations[13] lagIterations[1832] sspIterations[44121] numSeparations[7453] numCuts[0] compileTime[1] sspSolveTime[1522] lpSolveTime[0] lb[2676.25] ub[2694.3] numArcs: [2500499] numFixed: [2152329] time: [3101]
STATS - lpIterations[14] lagIterations[1934] sspIterations[46659] numSeparations[7789] numCuts[0] compileTime[1] sspSolveTime[1634] lpSolveTime[0] lb[2676.25] ub[2694.3] numArcs: [2538055] numFixed: [2195490] time: [3326]
STATS - lpIterations[15] lagIterations[2036] sspIterations[49286] numSeparations[8227] numCuts[0] compileTime[1] sspSolveTime[1758] lpSolveTime[0] lb[2676.25] ub[2694.3] numArcs: [2586917] numFixed: [2217767] time: [3570]
