relax time window constraint
capacity: 13
instance upper bound: 69226
compiling DD
time step mult: 1
time step: 10
cap step: 1
done compiling DD
batch size for lag: 1
iteration delay to start separating: 0
optimality gap to start repairing: 5
percent fixed to change to CPLEX: 97.5
num arcs to change to CPLEX: 100000
num arcs to change to LAG: 999999999
STATS - lpIterations[0] lagIterations[0] sspIterations[0] numSeparations[0] numCuts[0] compileTime[39] sspSolveTime[0] lpSolveTime[0] lb[0] ub[69226] numArcs: [5769015] numFixed: [0] time: [39]
STATS - lpIterations[1] lagIterations[0] sspIterations[0] numSeparations[0] numCuts[0] compileTime[39] sspSolveTime[0] lpSolveTime[0] lb[0] ub[69226] numArcs: [5769015] numFixed: [0] time: [39]
COMPARISON size[5769001] muSSP[0.754] SSP[0]
STATS - lpIterations[1] lagIterations[1] sspIterations[1] numSeparations[0] numCuts[0] compileTime[39] sspSolveTime[0] lpSolveTime[0] lb[62999.4] ub[69226] numArcs: [5769001] numFixed: [0] time: [40]
COMPARISON size[5766869] muSSP[13.78] SSP[36]
STATS - lpIterations[1] lagIterations[2] sspIterations[190] numSeparations[1] numCuts[0] compileTime[39] sspSolveTime[50] lpSolveTime[0] lb[63187.7] ub[69226] numArcs: [5766869] numFixed: [0] time: [90]
COMPARISON size[6178015] muSSP[3.663] SSP[19]
STATS - lpIterations[1] lagIterations[3] sspIterations[281] numSeparations[169] numCuts[0] compileTime[39] sspSolveTime[73] lpSolveTime[0] lb[65359.2] ub[69226] numArcs: [6178015] numFixed: [0] time: [113]
COMPARISON size[6329035] muSSP[1.395] SSP[2]
STATS - lpIterations[1] lagIterations[4] sspIterations[293] numSeparations[248] numCuts[0] compileTime[39] sspSolveTime[76] lpSolveTime[0] lb[65447.2] ub[69226] numArcs: [6329035] numFixed: [0] time: [117]
COMPARISON size[6348447] muSSP[14.154] SSP[47]
COMPARISON size[6774796] muSSP[1.29] SSP[4]
STATS - lpIterations[1] lagIterations[6] sspIterations[527] numSeparations[442] numCuts[0] compileTime[39] sspSolveTime[143] lpSolveTime[0] lb[65971.4] ub[69226] numArcs: [6774796] numFixed: [0] time: [184]
STATS - lpIterations[1] lagIterations[6] sspIterations[527] numSeparations[442] numCuts[0] compileTime[39] sspSolveTime[143] lpSolveTime[0] lb[65998.1] ub[69226] numArcs: [6774796] numFixed: [0] time: [185]
COMPARISON size[6797407] muSSP[37.086] SSP[75]
COMPARISON size[7298949] muSSP[6.124] SSP[27]
COMPARISON size[7456040] muSSP[0.417] SSP[1]
STATS - lpIterations[1] lagIterations[9] sspIterations[964] numSeparations[803] numCuts[0] compileTime[39] sspSolveTime[289] lpSolveTime[0] lb[66058.7] ub[69226] numArcs: [7456040] numFixed: [0] time: [332]
STATS - lpIterations[1] lagIterations[9] sspIterations[964] numSeparations[803] numCuts[0] compileTime[39] sspSolveTime[289] lpSolveTime[0] lb[66064.6] ub[69226] numArcs: [7456040] numFixed: [0] time: [333]
COMPARISON size[7459015] muSSP[78.867] SSP[114]
COMPARISON size[8065412] muSSP[22.116] SSP[66]
COMPARISON size[8403143] muSSP[4.286] SSP[16]
STATS - lpIterations[1] lagIterations[12] sspIterations[1695] numSeparations[1320] numCuts[0] compileTime[39] sspSolveTime[590] lpSolveTime[0] lb[66594.1] ub[69226] numArcs: [8403143] numFixed: [0] time: [635]
STATS - lpIterations[1] lagIterations[12] sspIterations[1695] numSeparations[1320] numCuts[0] compileTime[39] sspSolveTime[590] lpSolveTime[0] lb[66870.3] ub[69226] numArcs: [8403143] numFixed: [0] time: [638]
COMPARISON size[8482452] muSSP[4.65] SSP[24]
COMPARISON size[8562429] muSSP[1.698] SSP[4]
COMPARISON size[8579069] muSSP[43.37] SSP[96]
COMPARISON size[9051100] muSSP[7.976] SSP[36]
STATS - lpIterations[1] lagIterations[16] sspIterations[2231] numSeparations[1692] numCuts[0] compileTime[39] sspSolveTime[808] lpSolveTime[0] lb[66876.7] ub[69226] numArcs: [9051100] numFixed: [0] time: [870]
COMPARISON size[9207199] muSSP[0.896] SSP[1]
COMPARISON size[9209159] muSSP[129.459] SSP[148]
COMPARISON size[9717051] muSSP[54.817] SSP[100]
COMPARISON size[10061283] muSSP[14.292] SSP[38]
STATS - lpIterations[1] lagIterations[20] sspIterations[3118] numSeparations[2330] numCuts[0] compileTime[39] sspSolveTime[1295] lpSolveTime[0] lb[67283.4] ub[69226] numArcs: [10061283] numFixed: [0] time: [1366]
COMPARISON size[10205740] muSSP[1.686] SSP[4]
COMPARISON size[10226956] muSSP[107.424] SSP[145]
COMPARISON size[10693529] muSSP[32.784] SSP[78]
COMPARISON size[10916063] muSSP[3.76] SSP[13]
COMPARISON size[10964215] muSSP[23.713] SSP[80]
COMPARISON size[11220973] muSSP[1.645] SSP[5]
COMPARISON size[11233760] muSSP[133.881] SSP[151]
COMPARISON size[11648904] muSSP[24.074] SSP[71]
COMPARISON size[11836146] muSSP[2.155] SSP[5]
COMPARISON size[11849049] muSSP[156.135] SSP[171]
COMPARISON size[12305646] muSSP[32.939] SSP[93]
COMPARISON size[12533129] muSSP[2.957] SSP[11]
COMPARISON size[12560575] muSSP[58.563] SSP[130]
COMPARISON size[12918628] muSSP[6.308] SSP[33]
COMPARISON size[13006539] muSSP[1.433] SSP[3]
COMPARISON size[13010020] muSSP[99.641] SSP[171]
COMPARISON size[13466409] muSSP[24.424] SSP[94]
STATS - lpIterations[1] lagIterations[37] sspIterations[6448] numSeparations[4468] numCuts[0] compileTime[39] sspSolveTime[3266] lpSolveTime[0] lb[67503.8] ub[69226] numArcs: [13466409] numFixed: [0] time: [3391]
COMPARISON size[13666047] muSSP[3.511] SSP[16]
COMPARISON size[13708099] muSSP[45.295] SSP[115]
COMPARISON size[13964815] muSSP[3.507] SSP[15]
