relax time window constraint
capacity: 12
instance upper bound: 16876
compiling DD
time step mult: 1
time step: 10
cap step: 1
done compiling DD
batch size for lag: 100
iteration delay to start separating: 50
optimality gap to start repairing: 5
percent fixed to change to CPLEX: 97.5
num arcs to change to CPLEX: 100000
num arcs to change to LAG: 999999999
STATS - lpIterations[0] lagIterations[0] sspIterations[0] numSeparations[0] numCuts[0] compileTime[1] sspSolveTime[0] lpSolveTime[0] lb[0] ub[16876] numArcs: [509964] numFixed: [0] time: [1]
STATS - lpIterations[1] lagIterations[0] sspIterations[0] numSeparations[0] numCuts[0] compileTime[1] sspSolveTime[0] lpSolveTime[0] lb[0] ub[16876] numArcs: [509964] numFixed: [0] time: [1]
STATS - lpIterations[1] lagIterations[1] sspIterations[1] numSeparations[0] numCuts[0] compileTime[1] sspSolveTime[0] lpSolveTime[0] lb[13550.2] ub[16876] numArcs: [509964] numFixed: [0] time: [1]
STATS - lpIterations[1] lagIterations[2] sspIterations[2] numSeparations[0] numCuts[0] compileTime[1] sspSolveTime[0] lpSolveTime[0] lb[14139.1] ub[16876] numArcs: [509951] numFixed: [0] time: [1]
STATS - lpIterations[1] lagIterations[3] sspIterations[18] numSeparations[0] numCuts[0] compileTime[1] sspSolveTime[0] lpSolveTime[0] lb[14580.3] ub[16876] numArcs: [509736] numFixed: [0] time: [1]
STATS - lpIterations[1] lagIterations[4] sspIterations[20] numSeparations[0] numCuts[0] compileTime[1] sspSolveTime[0] lpSolveTime[0] lb[14755.6] ub[16876] numArcs: [509710] numFixed: [0] time: [1]
STATS - lpIterations[1] lagIterations[6] sspIterations[125] numSeparations[0] numCuts[0] compileTime[1] sspSolveTime[1] lpSolveTime[0] lb[14941.6] ub[16876] numArcs: [508721] numFixed: [0] time: [2]
STATS - lpIterations[1] lagIterations[7] sspIterations[126] numSeparations[0] numCuts[0] compileTime[1] sspSolveTime[1] lpSolveTime[0] lb[15033.4] ub[16876] numArcs: [508721] numFixed: [0] time: [2]
STATS - lpIterations[1] lagIterations[10] sspIterations[282] numSeparations[0] numCuts[0] compileTime[1] sspSolveTime[3] lpSolveTime[0] lb[15326] ub[16876] numArcs: [508062] numFixed: [0] time: [4]
STATS - lpIterations[1] lagIterations[14] sspIterations[342] numSeparations[0] numCuts[0] compileTime[1] sspSolveTime[3] lpSolveTime[0] lb[15438.2] ub[16876] numArcs: [507863] numFixed: [0] time: [5]
STATS - lpIterations[1] lagIterations[17] sspIterations[488] numSeparations[0] numCuts[0] compileTime[1] sspSolveTime[5] lpSolveTime[0] lb[15616.7] ub[16876] numArcs: [507389] numFixed: [0] time: [6]
STATS - lpIterations[1] lagIterations[20] sspIterations[627] numSeparations[0] numCuts[0] compileTime[1] sspSolveTime[6] lpSolveTime[0] lb[15650.4] ub[16876] numArcs: [507036] numFixed: [0] time: [8]
STATS - lpIterations[1] lagIterations[23] sspIterations[758] numSeparations[0] numCuts[0] compileTime[1] sspSolveTime[8] lpSolveTime[0] lb[15716.5] ub[16876] numArcs: [506842] numFixed: [0] time: [9]
STATS - lpIterations[1] lagIterations[26] sspIterations[917] numSeparations[0] numCuts[0] compileTime[1] sspSolveTime[10] lpSolveTime[0] lb[15774.1] ub[16876] numArcs: [506685] numFixed: [0] time: [12]
STATS - lpIterations[1] lagIterations[31] sspIterations[1133] numSeparations[0] numCuts[0] compileTime[1] sspSolveTime[12] lpSolveTime[0] lb[15884.6] ub[16876] numArcs: [506520] numFixed: [0] time: [14]
STATS - lpIterations[1] lagIterations[42] sspIterations[1397] numSeparations[0] numCuts[0] compileTime[1] sspSolveTime[15] lpSolveTime[0] lb[15967.9] ub[16876] numArcs: [506291] numFixed: [0] time: [17]
STATS - lpIterations[1] lagIterations[47] sspIterations[1535] numSeparations[0] numCuts[0] compileTime[1] sspSolveTime[16] lpSolveTime[0] lb[15969.4] ub[16876] numArcs: [506234] numFixed: [0] time: [18]
STATS - lpIterations[1] lagIterations[49] sspIterations[1569] numSeparations[0] numCuts[0] compileTime[1] sspSolveTime[17] lpSolveTime[0] lb[15993.8] ub[16876] numArcs: [506214] numFixed: [0] time: [18]
STATS - lpIterations[1] lagIterations[52] sspIterations[1682] numSeparations[85] numCuts[0] compileTime[1] sspSolveTime[18] lpSolveTime[0] lb[16022.9] ub[16876] numArcs: [575260] numFixed: [0] time: [19]
STATS - lpIterations[1] lagIterations[56] sspIterations[1781] numSeparations[85] numCuts[0] compileTime[1] sspSolveTime[18] lpSolveTime[0] lb[16047.7] ub[16876] numArcs: [575089] numFixed: [0] time: [20]
STATS - lpIterations[1] lagIterations[56] sspIterations[1781] numSeparations[85] numCuts[0] compileTime[1] sspSolveTime[18] lpSolveTime[0] lb[16096.3] ub[16876] numArcs: [575089] numFixed: [0] time: [20]
STATS - lpIterations[1] lagIterations[61] sspIterations[2019] numSeparations[277] numCuts[0] compileTime[1] sspSolveTime[22] lpSolveTime[0] lb[16152.5] ub[16876] numArcs: [684381] numFixed: [0] time: [24]
STATS - lpIterations[1] lagIterations[61] sspIterations[2019] numSeparations[277] numCuts[0] compileTime[1] sspSolveTime[22] lpSolveTime[0] lb[16205.6] ub[16876] numArcs: [684381] numFixed: [0] time: [24]
STATS - lpIterations[1] lagIterations[73] sspIterations[2410] numSeparations[468] numCuts[0] compileTime[1] sspSolveTime[27] lpSolveTime[0] lb[16210.2] ub[16876] numArcs: [778412] numFixed: [224956] time: [30]
STATS - lpIterations[1] lagIterations[73] sspIterations[2410] numSeparations[468] numCuts[0] compileTime[1] sspSolveTime[27] lpSolveTime[0] lb[16224.8] ub[16876] numArcs: [778412] numFixed: [224956] time: [30]
STATS - lpIterations[1] lagIterations[77] sspIterations[2564] numSeparations[562] numCuts[0] compileTime[1] sspSolveTime[29] lpSolveTime[0] lb[16227] ub[16876] numArcs: [818726] numFixed: [0] time: [32]
STATS - lpIterations[1] lagIterations[82] sspIterations[2695] numSeparations[562] numCuts[0] compileTime[1] sspSolveTime[31] lpSolveTime[0] lb[16264.6] ub[16876] numArcs: [818551] numFixed: [257412] time: [35]
STATS - lpIterations[1] lagIterations[85] sspIterations[2836] numSeparations[647] numCuts[0] compileTime[1] sspSolveTime[33] lpSolveTime[0] lb[16307] ub[16876] numArcs: [856677] numFixed: [272420] time: [38]
STATS - lpIterations[1] lagIterations[91] sspIterations[3030] numSeparations[751] numCuts[0] compileTime[1] sspSolveTime[35] lpSolveTime[0] lb[16310.1] ub[16876] numArcs: [906492] numFixed: [340526] time: [42]
STATS - lpIterations[1] lagIterations[104] sspIterations[3451] numSeparations[940] numCuts[0] compileTime[1] sspSolveTime[41] lpSolveTime[0] lb[16335.5] ub[16876] numArcs: [987447] numFixed: [369632] time: [49]
STATS - lpIterations[1] lagIterations[107] sspIterations[3560] numSeparations[1040] numCuts[0] compileTime[1] sspSolveTime[43] lpSolveTime[0] lb[16349.4] ub[16876] numArcs: [1030613] numFixed: [0] time: [52]
STATS - lpIterations[1] lagIterations[110] sspIterations[3638] numSeparations[1040] numCuts[0] compileTime[1] sspSolveTime[43] lpSolveTime[0] lb[16372.3] ub[16876] numArcs: [1030533] numFixed: [425120] time: [53]
STATS - lpIterations[1] lagIterations[114] sspIterations[3815] numSeparations[1160] numCuts[0] compileTime[1] sspSolveTime[47] lpSolveTime[0] lb[16390.3] ub[16876] numArcs: [1079535] numFixed: [0] time: [57]
STATS - lpIterations[1] lagIterations[126] sspIterations[4238] numSeparations[1247] numCuts[0] compileTime[1] sspSolveTime[54] lpSolveTime[0] lb[16454] ub[16876] numArcs: [1112870] numFixed: [479566] time: [68]
STATS - lpIterations[1] lagIterations[134] sspIterations[4571] numSeparations[1457] numCuts[0] compileTime[1] sspSolveTime[61] lpSolveTime[0] lb[16462.4] ub[16876] numArcs: [1195963] numFixed: [0] time: [77]
STATS - lpIterations[1] lagIterations[139] sspIterations[4776] numSeparations[1457] numCuts[0] compileTime[1] sspSolveTime[64] lpSolveTime[0] lb[16478.2] ub[16876] numArcs: [1195766] numFixed: [560361] time: [82]
STATS - lpIterations[1] lagIterations[151] sspIterations[5128] numSeparations[1661] numCuts[0] compileTime[1] sspSolveTime[70] lpSolveTime[0] lb[16478.5] ub[16876] numArcs: [1274931] numFixed: [595125] time: [91]
STATS - lpIterations[1] lagIterations[152] sspIterations[5145] numSeparations[1661] numCuts[0] compileTime[1] sspSolveTime[70] lpSolveTime[0] lb[16478.8] ub[16876] numArcs: [1274927] numFixed: [605441] time: [92]
STATS - lpIterations[1] lagIterations[156] sspIterations[5304] numSeparations[1661] numCuts[0] compileTime[1] sspSolveTime[74] lpSolveTime[0] lb[16524.4] ub[16876] numArcs: [1274739] numFixed: [605680] time: [96]
STATS - lpIterations[1] lagIterations[163] sspIterations[5520] numSeparations[1755] numCuts[0] compileTime[1] sspSolveTime[77] lpSolveTime[0] lb[16532.8] ub[16876] numArcs: [1306928] numFixed: [637802] time: [103]
STATS - lpIterations[1] lagIterations[176] sspIterations[5908] numSeparations[1950] numCuts[0] compileTime[1] sspSolveTime[85] lpSolveTime[0] lb[16539.8] ub[16876] numArcs: [1373540] numFixed: [659395] time: [114]
STATS - lpIterations[1] lagIterations[196] sspIterations[6478] numSeparations[2168] numCuts[0] compileTime[1] sspSolveTime[95] lpSolveTime[0] lb[16592.7] ub[16876] numArcs: [1454523] numFixed: [717974] time: [133]
STATS - lpIterations[1] lagIterations[265] sspIterations[8583] numSeparations[2921] numCuts[0] compileTime[1] sspSolveTime[145] lpSolveTime[0] lb[16602.2] ub[16876] numArcs: [1727780] numFixed: [856560] time: [215]
STATS - lpIterations[1] lagIterations[273] sspIterations[8848] numSeparations[3011] numCuts[0] compileTime[1] sspSolveTime[152] lpSolveTime[0] lb[16611.6] ub[16876] numArcs: [1762062] numFixed: [874502] time: [226]
STATS - lpIterations[1] lagIterations[301] sspIterations[9738] numSeparations[3302] numCuts[0] compileTime[1] sspSolveTime[172] lpSolveTime[0] lb[16617] ub[16876] numArcs: [1861299] numFixed: [938934] time: [262]
STATS - lpIterations[1] lagIterations[307] sspIterations[9963] numSeparations[3389] numCuts[0] compileTime[1] sspSolveTime[179] lpSolveTime[0] lb[16621.4] ub[16876] numArcs: [1890833] numFixed: [0] time: [271]
STATS - lpIterations[1] lagIterations[372] sspIterations[11639] numSeparations[3770] numCuts[0] compileTime[1] sspSolveTime[217] lpSolveTime[0] lb[16621.7] ub[16876] numArcs: [2031084] numFixed: [1070280] time: [351]
STATS - lpIterations[1] lagIterations[375] sspIterations[11746] numSeparations[3860] numCuts[0] compileTime[1] sspSolveTime[221] lpSolveTime[0] lb[16621.9] ub[16876] numArcs: [2063810] numFixed: [0] time: [357]
STATS - lpIterations[1] lagIterations[381] sspIterations[11926] numSeparations[3860] numCuts[0] compileTime[1] sspSolveTime[225] lpSolveTime[0] lb[16630.5] ub[16876] numArcs: [2063692] numFixed: [1097700] time: [365]
STATS - lpIterations[1] lagIterations[382] sspIterations[11955] numSeparations[3860] numCuts[0] compileTime[1] sspSolveTime[226] lpSolveTime[0] lb[16632.5] ub[16876] numArcs: [2063678] numFixed: [1105297] time: [367]
STATS - lpIterations[1] lagIterations[420] sspIterations[12919] numSeparations[4110] numCuts[0] compileTime[1] sspSolveTime[248] lpSolveTime[0] lb[16643.1] ub[16876] numArcs: [2148770] numFixed: [1119792] time: [415]
STATS - lpIterations[2] lagIterations[474] sspIterations[14218] numSeparations[4368] numCuts[0] compileTime[1] sspSolveTime[281] lpSolveTime[0] lb[16643.1] ub[16876] numArcs: [2233781] numFixed: [1206071] time: [488]
STATS - lpIterations[2] lagIterations[746] sspIterations[24487] numSeparations[7815] numCuts[0] compileTime[1] sspSolveTime[928] lpSolveTime[0] lb[16647.3] ub[16876] numArcs: [3362374] numFixed: [1787912] time: [1365]
STATS - lpIterations[3] lagIterations[779] sspIterations[25319] numSeparations[8010] numCuts[0] compileTime[1] sspSolveTime[967] lpSolveTime[0] lb[16647.3] ub[16876] numArcs: [3423642] numFixed: [1787275] time: [1450]
STATS - lpIterations[3] lagIterations[1073] sspIterations[36084] numSeparations[10971] numCuts[0] compileTime[1] sspSolveTime[1981] lpSolveTime[0] lb[16652.9] ub[16876] numArcs: [4355701] numFixed: [2367071] time: [2883]
STATS - lpIterations[3] lagIterations[1132] sspIterations[37619] numSeparations[11242] numCuts[0] compileTime[1] sspSolveTime[2075] lpSolveTime[0] lb[16654.6] ub[16876] numArcs: [4438510] numFixed: [2373451] time: [3105]
STATS - lpIterations[3] lagIterations[1133] sspIterations[37657] numSeparations[11242] numCuts[0] compileTime[1] sspSolveTime[2077] lpSolveTime[0] lb[16654.7] ub[16876] numArcs: [4438510] numFixed: [2453417] time: [3110]
STATS - lpIterations[3] lagIterations[1142] sspIterations[37939] numSeparations[11332] numCuts[0] compileTime[1] sspSolveTime[2096] lpSolveTime[0] lb[16661.3] ub[16876] numArcs: [4468843] numFixed: [2424313] time: [3150]
STATS - lpIterations[3] lagIterations[1143] sspIterations[37977] numSeparations[11332] numCuts[0] compileTime[1] sspSolveTime[2098] lpSolveTime[0] lb[16662.8] ub[16876] numArcs: [4468833] numFixed: [2492241] time: [3155]
STATS - lpIterations[4] lagIterations[1175] sspIterations[38795] numSeparations[11506] numCuts[0] compileTime[1] sspSolveTime[2144] lpSolveTime[0] lb[16662.8] ub[16876] numArcs: [4523133] numFixed: [2461595] time: [3275]
