relax time window constraint
capacity: 138
instance upper bound: 16980
compiling DD
time step mult: 1
time step: 10
cap step: 1
done compiling DD
batch size for lag: 100
iteration delay to start separating: 50
optimality gap to start repairing: 5
percent fixed to change to CPLEX: 97.5
num arcs to change to CPLEX: 100000
num arcs to change to LAG: 999999999
STATS - lpIterations[0] lagIterations[0] sspIterations[0] numSeparations[0] numCuts[0] compileTime[23] sspSolveTime[0] lpSolveTime[0] lb[0] ub[16980] numArcs: [8923001] numFixed: [0] time: [23]
STATS - lpIterations[1] lagIterations[0] sspIterations[0] numSeparations[0] numCuts[0] compileTime[23] sspSolveTime[0] lpSolveTime[0] lb[0] ub[16980] numArcs: [8923001] numFixed: [0] time: [23]
STATS - lpIterations[1] lagIterations[1] sspIterations[1] numSeparations[0] numCuts[0] compileTime[23] sspSolveTime[0] lpSolveTime[0] lb[13592.4] ub[16980] numArcs: [8923001] numFixed: [0] time: [23]
STATS - lpIterations[1] lagIterations[2] sspIterations[2] numSeparations[0] numCuts[0] compileTime[23] sspSolveTime[0] lpSolveTime[0] lb[14029.6] ub[16980] numArcs: [8923001] numFixed: [0] time: [24]
STATS - lpIterations[1] lagIterations[3] sspIterations[3] numSeparations[0] numCuts[0] compileTime[23] sspSolveTime[0] lpSolveTime[0] lb[14175.9] ub[16980] numArcs: [8923001] numFixed: [0] time: [25]
STATS - lpIterations[1] lagIterations[4] sspIterations[4] numSeparations[0] numCuts[0] compileTime[23] sspSolveTime[1] lpSolveTime[0] lb[14338.4] ub[16980] numArcs: [8923001] numFixed: [0] time: [26]
STATS - lpIterations[1] lagIterations[5] sspIterations[35] numSeparations[0] numCuts[0] compileTime[23] sspSolveTime[12] lpSolveTime[0] lb[14351.6] ub[16980] numArcs: [8921941] numFixed: [0] time: [37]
STATS - lpIterations[1] lagIterations[6] sspIterations[45] numSeparations[0] numCuts[0] compileTime[23] sspSolveTime[16] lpSolveTime[0] lb[14659.4] ub[16980] numArcs: [8921917] numFixed: [0] time: [42]
STATS - lpIterations[1] lagIterations[7] sspIterations[46] numSeparations[0] numCuts[0] compileTime[23] sspSolveTime[17] lpSolveTime[0] lb[14737.6] ub[16980] numArcs: [8921893] numFixed: [0] time: [43]
STATS - lpIterations[1] lagIterations[11] sspIterations[273] numSeparations[0] numCuts[0] compileTime[23] sspSolveTime[177] lpSolveTime[0] lb[15001.8] ub[16980] numArcs: [8916865] numFixed: [36] time: [204]
STATS - lpIterations[1] lagIterations[12] sspIterations[278] numSeparations[0] numCuts[0] compileTime[23] sspSolveTime[179] lpSolveTime[0] lb[15063.9] ub[16980] numArcs: [8916855] numFixed: [36] time: [206]
STATS - lpIterations[1] lagIterations[15] sspIterations[369] numSeparations[0] numCuts[0] compileTime[23] sspSolveTime[229] lpSolveTime[0] lb[15132.6] ub[16980] numArcs: [8915895] numFixed: [36] time: [257]
STATS - lpIterations[1] lagIterations[19] sspIterations[631] numSeparations[0] numCuts[0] compileTime[23] sspSolveTime[424] lpSolveTime[0] lb[15326.7] ub[16980] numArcs: [8912523] numFixed: [36] time: [452]
STATS - lpIterations[1] lagIterations[20] sspIterations[637] numSeparations[0] numCuts[0] compileTime[23] sspSolveTime[425] lpSolveTime[0] lb[15335.4] ub[16980] numArcs: [8912425] numFixed: [36] time: [453]
STATS - lpIterations[1] lagIterations[23] sspIterations[656] numSeparations[0] numCuts[0] compileTime[23] sspSolveTime[434] lpSolveTime[0] lb[15360] ub[16980] numArcs: [8912249] numFixed: [36] time: [462]
STATS - lpIterations[1] lagIterations[26] sspIterations[750] numSeparations[0] numCuts[0] compileTime[23] sspSolveTime[471] lpSolveTime[0] lb[15417.5] ub[16980] numArcs: [8911445] numFixed: [36] time: [499]
STATS - lpIterations[1] lagIterations[31] sspIterations[1066] numSeparations[0] numCuts[0] compileTime[23] sspSolveTime[737] lpSolveTime[0] lb[15500.9] ub[16980] numArcs: [8907053] numFixed: [36] time: [767]
STATS - lpIterations[1] lagIterations[35] sspIterations[1112] numSeparations[0] numCuts[0] compileTime[23] sspSolveTime[763] lpSolveTime[0] lb[15508.6] ub[16980] numArcs: [8906799] numFixed: [36] time: [793]
STATS - lpIterations[1] lagIterations[39] sspIterations[1465] numSeparations[0] numCuts[0] compileTime[23] sspSolveTime[1171] lpSolveTime[0] lb[15537.8] ub[16980] numArcs: [8903235] numFixed: [15440] time: [1202]
STATS - lpIterations[1] lagIterations[40] sspIterations[1479] numSeparations[0] numCuts[0] compileTime[23] sspSolveTime[1182] lpSolveTime[0] lb[15699.1] ub[16980] numArcs: [8903116] numFixed: [15440] time: [1213]
STATS - lpIterations[1] lagIterations[47] sspIterations[1772] numSeparations[0] numCuts[0] compileTime[23] sspSolveTime[1418] lpSolveTime[0] lb[15714.2] ub[16980] numArcs: [8901014] numFixed: [34268] time: [1451]
STATS - lpIterations[1] lagIterations[48] sspIterations[1787] numSeparations[0] numCuts[0] compileTime[23] sspSolveTime[1425] lpSolveTime[0] lb[15759] ub[16980] numArcs: [8900917] numFixed: [34268] time: [1458]
STATS - lpIterations[1] lagIterations[49] sspIterations[1792] numSeparations[0] numCuts[0] compileTime[23] sspSolveTime[1427] lpSolveTime[0] lb[15791.7] ub[16980] numArcs: [8900916] numFixed: [34268] time: [1460]
STATS - lpIterations[1] lagIterations[63] sspIterations[2401] numSeparations[573] numCuts[0] compileTime[23] sspSolveTime[2061] lpSolveTime[0] lb[15838] ub[16980] numArcs: [9639974] numFixed: [0] time: [2097]
STATS - lpIterations[1] lagIterations[64] sspIterations[2413] numSeparations[573] numCuts[0] compileTime[23] sspSolveTime[2066] lpSolveTime[0] lb[15880.4] ub[16980] numArcs: [9639932] numFixed: [0] time: [2102]
STATS - lpIterations[1] lagIterations[65] sspIterations[2415] numSeparations[573] numCuts[0] compileTime[23] sspSolveTime[2067] lpSolveTime[0] lb[15892.2] ub[16980] numArcs: [9639927] numFixed: [0] time: [2103]
STATS - lpIterations[1] lagIterations[86] sspIterations[3259] numSeparations[1352] numCuts[0] compileTime[23] sspSolveTime[2956] lpSolveTime[0] lb[15912.1] ub[16980] numArcs: [10430254] numFixed: [0] time: [2996]
STATS - lpIterations[1] lagIterations[89] sspIterations[3376] numSeparations[1470] numCuts[0] compileTime[23] sspSolveTime[3055] lpSolveTime[0] lb[15922.8] ub[16980] numArcs: [10526292] numFixed: [0] time: [3096]
STATS - lpIterations[1] lagIterations[97] sspIterations[3575] numSeparations[1592] numCuts[0] compileTime[23] sspSolveTime[3184] lpSolveTime[0] lb[15958.7] ub[16980] numArcs: [10624239] numFixed: [0] time: [3227]
STATS - lpIterations[1] lagIterations[98] sspIterations[3580] numSeparations[1592] numCuts[0] compileTime[23] sspSolveTime[3187] lpSolveTime[0] lb[15960.9] ub[16980] numArcs: [10624228] numFixed: [0] time: [3229]
STATS - lpIterations[1] lagIterations[105] sspIterations[3852] numSeparations[1824] numCuts[0] compileTime[23] sspSolveTime[3426] lpSolveTime[0] lb[15963.9] ub[16980] numArcs: [10826840] numFixed: [0] time: [3470]
STATS - lpIterations[1] lagIterations[107] sspIterations[3913] numSeparations[1824] numCuts[0] compileTime[23] sspSolveTime[3450] lpSolveTime[0] lb[15964] ub[16980] numArcs: [10826627] numFixed: [0] time: [3495]
