num loc: 31
instance upper bound: 701.26
compiling DD
time step mult: 10000
time step: 1000000
cap step: 1
done compiling DD
batch size for lag: 1
iteration delay to start separating: 0
optimality gap to start repairing: 100
percent fixed to change to CPLEX: 97.5
num arcs to change to CPLEX: 100000
num arcs to change to LAG: 999999999
STATS - lpIterations[0] lagIterations[0] sspIterations[0] numSeparations[0] numCuts[0] compileTime[11] sspSolveTime[0] lpSolveTime[0] lb[0] ub[701.26] numArcs: [2254760] numFixed: [0] time: [11]
STATS - lpIterations[1] lagIterations[0] sspIterations[0] numSeparations[0] numCuts[0] compileTime[11] sspSolveTime[0] lpSolveTime[0] lb[0] ub[701.26] numArcs: [2254760] numFixed: [0] time: [11]
STATS - lpIterations[1] lagIterations[1] sspIterations[1] numSeparations[0] numCuts[0] compileTime[11] sspSolveTime[0] lpSolveTime[0] lb[351.916] ub[701.26] numArcs: [2254729] numFixed: [0] time: [11]
STATS - lpIterations[1] lagIterations[2] sspIterations[2] numSeparations[1] numCuts[0] compileTime[11] sspSolveTime[1] lpSolveTime[0] lb[369.337] ub[701.26] numArcs: [2254902] numFixed: [61274] time: [12]
STATS - lpIterations[1] lagIterations[3] sspIterations[3] numSeparations[2] numCuts[0] compileTime[11] sspSolveTime[2] lpSolveTime[0] lb[386.463] ub[701.26] numArcs: [2254967] numFixed: [64207] time: [14]
STATS - lpIterations[1] lagIterations[4] sspIterations[4] numSeparations[3] numCuts[0] compileTime[11] sspSolveTime[3] lpSolveTime[0] lb[405.201] ub[701.26] numArcs: [2255047] numFixed: [67142] time: [16]
STATS - lpIterations[1] lagIterations[5] sspIterations[5] numSeparations[4] numCuts[0] compileTime[11] sspSolveTime[4] lpSolveTime[0] lb[422.374] ub[701.26] numArcs: [2255260] numFixed: [72405] time: [18]
STATS - lpIterations[1] lagIterations[6] sspIterations[6] numSeparations[5] numCuts[0] compileTime[11] sspSolveTime[5] lpSolveTime[0] lb[434.922] ub[701.26] numArcs: [2255273] numFixed: [77746] time: [19]
STATS - lpIterations[1] lagIterations[7] sspIterations[7] numSeparations[6] numCuts[0] compileTime[11] sspSolveTime[6] lpSolveTime[0] lb[448.23] ub[701.26] numArcs: [2255426] numFixed: [83047] time: [21]
STATS - lpIterations[1] lagIterations[8] sspIterations[8] numSeparations[7] numCuts[0] compileTime[11] sspSolveTime[7] lpSolveTime[0] lb[465.711] ub[701.26] numArcs: [2255446] numFixed: [87319] time: [23]
STATS - lpIterations[1] lagIterations[9] sspIterations[9] numSeparations[8] numCuts[0] compileTime[11] sspSolveTime[8] lpSolveTime[0] lb[476.093] ub[701.26] numArcs: [2255600] numFixed: [92930] time: [24]
STATS - lpIterations[1] lagIterations[10] sspIterations[10] numSeparations[9] numCuts[0] compileTime[11] sspSolveTime[9] lpSolveTime[0] lb[493.498] ub[701.26] numArcs: [2255592] numFixed: [94536] time: [26]
STATS - lpIterations[1] lagIterations[11] sspIterations[11] numSeparations[10] numCuts[0] compileTime[11] sspSolveTime[10] lpSolveTime[0] lb[497.138] ub[701.26] numArcs: [2255756] numFixed: [97981] time: [28]
STATS - lpIterations[1] lagIterations[12] sspIterations[12] numSeparations[11] numCuts[0] compileTime[11] sspSolveTime[11] lpSolveTime[0] lb[505.707] ub[701.26] numArcs: [2255783] numFixed: [108665] time: [29]
STATS - lpIterations[1] lagIterations[13] sspIterations[13] numSeparations[12] numCuts[0] compileTime[11] sspSolveTime[12] lpSolveTime[0] lb[513.847] ub[701.26] numArcs: [2255967] numFixed: [104502] time: [31]
STATS - lpIterations[1] lagIterations[14] sspIterations[14] numSeparations[13] numCuts[0] compileTime[11] sspSolveTime[12] lpSolveTime[0] lb[521.628] ub[701.26] numArcs: [2255959] numFixed: [118533] time: [33]
STATS - lpIterations[1] lagIterations[15] sspIterations[15] numSeparations[14] numCuts[0] compileTime[11] sspSolveTime[13] lpSolveTime[0] lb[531.141] ub[701.26] numArcs: [2256067] numFixed: [112666] time: [34]
STATS - lpIterations[1] lagIterations[16] sspIterations[16] numSeparations[15] numCuts[0] compileTime[11] sspSolveTime[14] lpSolveTime[0] lb[536.62] ub[701.26] numArcs: [2256094] numFixed: [137951] time: [36]
STATS - lpIterations[1] lagIterations[17] sspIterations[17] numSeparations[16] numCuts[0] compileTime[11] sspSolveTime[15] lpSolveTime[0] lb[543.227] ub[701.26] numArcs: [2256125] numFixed: [124756] time: [37]
STATS - lpIterations[1] lagIterations[18] sspIterations[18] numSeparations[17] numCuts[0] compileTime[11] sspSolveTime[16] lpSolveTime[0] lb[549.102] ub[701.26] numArcs: [2256120] numFixed: [124757] time: [39]
STATS - lpIterations[1] lagIterations[19] sspIterations[19] numSeparations[18] numCuts[0] compileTime[11] sspSolveTime[17] lpSolveTime[0] lb[555.942] ub[701.26] numArcs: [2256114] numFixed: [124779] time: [41]
STATS - lpIterations[1] lagIterations[20] sspIterations[20] numSeparations[19] numCuts[0] compileTime[11] sspSolveTime[18] lpSolveTime[0] lb[560.868] ub[701.26] numArcs: [2256135] numFixed: [149973] time: [42]
STATS - lpIterations[1] lagIterations[21] sspIterations[21] numSeparations[20] numCuts[0] compileTime[11] sspSolveTime[19] lpSolveTime[0] lb[564.227] ub[701.26] numArcs: [2256146] numFixed: [139272] time: [44]
STATS - lpIterations[1] lagIterations[22] sspIterations[22] numSeparations[21] numCuts[0] compileTime[11] sspSolveTime[20] lpSolveTime[0] lb[567.503] ub[701.26] numArcs: [2256332] numFixed: [183810] time: [45]
STATS - lpIterations[1] lagIterations[23] sspIterations[23] numSeparations[22] numCuts[0] compileTime[11] sspSolveTime[21] lpSolveTime[0] lb[572.656] ub[701.26] numArcs: [2256349] numFixed: [163940] time: [47]
STATS - lpIterations[1] lagIterations[25] sspIterations[25] numSeparations[24] numCuts[0] compileTime[11] sspSolveTime[23] lpSolveTime[0] lb[574.82] ub[701.26] numArcs: [2256365] numFixed: [164070] time: [50]
STATS - lpIterations[1] lagIterations[26] sspIterations[26] numSeparations[25] numCuts[0] compileTime[11] sspSolveTime[24] lpSolveTime[0] lb[578.401] ub[701.26] numArcs: [2256379] numFixed: [164072] time: [51]
STATS - lpIterations[1] lagIterations[29] sspIterations[29] numSeparations[28] numCuts[0] compileTime[11] sspSolveTime[27] lpSolveTime[0] lb[586.121] ub[701.26] numArcs: [2256606] numFixed: [204719] time: [56]
STATS - lpIterations[1] lagIterations[31] sspIterations[31] numSeparations[30] numCuts[0] compileTime[11] sspSolveTime[28] lpSolveTime[0] lb[588.992] ub[701.26] numArcs: [2256674] numFixed: [204906] time: [59]
STATS - lpIterations[1] lagIterations[37] sspIterations[37] numSeparations[36] numCuts[0] compileTime[11] sspSolveTime[34] lpSolveTime[0] lb[589.777] ub[701.26] numArcs: [2256745] numFixed: [205123] time: [68]
STATS - lpIterations[1] lagIterations[49] sspIterations[49] numSeparations[48] numCuts[0] compileTime[11] sspSolveTime[45] lpSolveTime[0] lb[591.997] ub[701.26] numArcs: [2257236] numFixed: [143023] time: [84]
STATS - lpIterations[1] lagIterations[64] sspIterations[64] numSeparations[63] numCuts[0] compileTime[11] sspSolveTime[58] lpSolveTime[0] lb[592.812] ub[701.26] numArcs: [2257687] numFixed: [143109] time: [105]
STATS - lpIterations[1] lagIterations[66] sspIterations[66] numSeparations[65] numCuts[0] compileTime[11] sspSolveTime[60] lpSolveTime[0] lb[593.064] ub[701.26] numArcs: [2257787] numFixed: [143119] time: [108]
STATS - lpIterations[1] lagIterations[72] sspIterations[72] numSeparations[71] numCuts[0] compileTime[11] sspSolveTime[65] lpSolveTime[0] lb[593.385] ub[701.26] numArcs: [2257999] numFixed: [143159] time: [116]
STATS - lpIterations[1] lagIterations[82] sspIterations[82] numSeparations[81] numCuts[0] compileTime[11] sspSolveTime[74] lpSolveTime[0] lb[594.365] ub[701.26] numArcs: [2258328] numFixed: [143325] time: [130]
STATS - lpIterations[1] lagIterations[104] sspIterations[104] numSeparations[103] numCuts[0] compileTime[11] sspSolveTime[94] lpSolveTime[0] lb[596.018] ub[701.26] numArcs: [2259211] numFixed: [143660] time: [160]
STATS - lpIterations[1] lagIterations[132] sspIterations[132] numSeparations[131] numCuts[0] compileTime[11] sspSolveTime[119] lpSolveTime[0] lb[596.484] ub[701.26] numArcs: [2260384] numFixed: [143797] time: [199]
STATS - lpIterations[1] lagIterations[190] sspIterations[190] numSeparations[189] numCuts[0] compileTime[11] sspSolveTime[170] lpSolveTime[0] lb[596.494] ub[701.26] numArcs: [2262510] numFixed: [144107] time: [279]
STATS - lpIterations[1] lagIterations[193] sspIterations[193] numSeparations[192] numCuts[0] compileTime[11] sspSolveTime[173] lpSolveTime[0] lb[597.024] ub[701.26] numArcs: [2262613] numFixed: [144185] time: [283]
STATS - lpIterations[1] lagIterations[232] sspIterations[232] numSeparations[231] numCuts[0] compileTime[11] sspSolveTime[208] lpSolveTime[0] lb[597.664] ub[701.26] numArcs: [2263748] numFixed: [144454] time: [336]
STATS - lpIterations[1] lagIterations[305] sspIterations[305] numSeparations[304] numCuts[0] compileTime[11] sspSolveTime[273] lpSolveTime[0] lb[597.948] ub[701.26] numArcs: [2265695] numFixed: [144946] time: [438]
STATS - lpIterations[1] lagIterations[316] sspIterations[316] numSeparations[315] numCuts[0] compileTime[11] sspSolveTime[283] lpSolveTime[0] lb[598.165] ub[701.26] numArcs: [2265907] numFixed: [145016] time: [453]
STATS - lpIterations[2] lagIterations[333] sspIterations[333] numSeparations[332] numCuts[0] compileTime[11] sspSolveTime[298] lpSolveTime[0] lb[598.165] ub[701.26] numArcs: [2266525] numFixed: [161869] time: [477]
STATS - lpIterations[2] lagIterations[563] sspIterations[563] numSeparations[561] numCuts[0] compileTime[11] sspSolveTime[504] lpSolveTime[0] lb[598.465] ub[701.26] numArcs: [2272704] numFixed: [145959] time: [797]
STATS - lpIterations[2] lagIterations[613] sspIterations[613] numSeparations[611] numCuts[0] compileTime[11] sspSolveTime[549] lpSolveTime[0] lb[598.51] ub[701.26] numArcs: [2273873] numFixed: [146058] time: [866]
STATS - lpIterations[2] lagIterations[643] sspIterations[643] numSeparations[641] numCuts[0] compileTime[11] sspSolveTime[576] lpSolveTime[0] lb[598.694] ub[701.26] numArcs: [2274700] numFixed: [146115] time: [909]
STATS - lpIterations[2] lagIterations[660] sspIterations[660] numSeparations[658] numCuts[0] compileTime[11] sspSolveTime[592] lpSolveTime[0] lb[598.88] ub[701.26] numArcs: [2275036] numFixed: [146146] time: [933]
STATS - lpIterations[3] lagIterations[664] sspIterations[664] numSeparations[662] numCuts[0] compileTime[11] sspSolveTime[595] lpSolveTime[0] lb[598.88] ub[701.26] numArcs: [2275089] numFixed: [153855] time: [939]
STATS - lpIterations[4] lagIterations[766] sspIterations[766] numSeparations[763] numCuts[0] compileTime[11] sspSolveTime[687] lpSolveTime[0] lb[598.88] ub[701.26] numArcs: [2277618] numFixed: [156054] time: [1082]
STATS - lpIterations[5] lagIterations[933] sspIterations[933] numSeparations[929] numCuts[0] compileTime[11] sspSolveTime[839] lpSolveTime[0] lb[598.88] ub[701.26] numArcs: [2281849] numFixed: [159415] time: [1317]
STATS - lpIterations[5] lagIterations[1134] sspIterations[1134] numSeparations[1129] numCuts[0] compileTime[11] sspSolveTime[1021] lpSolveTime[0] lb[599.049] ub[701.26] numArcs: [2286835] numFixed: [147881] time: [1599]
STATS - lpIterations[5] lagIterations[1166] sspIterations[1166] numSeparations[1161] numCuts[0] compileTime[11] sspSolveTime[1050] lpSolveTime[0] lb[599.226] ub[701.26] numArcs: [2287881] numFixed: [147983] time: [1643]
STATS - lpIterations[5] lagIterations[1174] sspIterations[1174] numSeparations[1169] numCuts[0] compileTime[11] sspSolveTime[1057] lpSolveTime[0] lb[599.265] ub[701.26] numArcs: [2288262] numFixed: [148162] time: [1654]
STATS - lpIterations[5] lagIterations[1202] sspIterations[1202] numSeparations[1197] numCuts[0] compileTime[11] sspSolveTime[1082] lpSolveTime[0] lb[599.598] ub[701.26] numArcs: [2289051] numFixed: [148307] time: [1694]
STATS - lpIterations[5] lagIterations[1235] sspIterations[1235] numSeparations[1230] numCuts[0] compileTime[11] sspSolveTime[1112] lpSolveTime[0] lb[599.699] ub[701.26] numArcs: [2289871] numFixed: [148360] time: [1740]
STATS - lpIterations[5] lagIterations[1248] sspIterations[1248] numSeparations[1243] numCuts[0] compileTime[11] sspSolveTime[1123] lpSolveTime[0] lb[599.826] ub[701.26] numArcs: [2290105] numFixed: [148377] time: [1759]
STATS - lpIterations[5] lagIterations[1258] sspIterations[1258] numSeparations[1253] numCuts[0] compileTime[11] sspSolveTime[1132] lpSolveTime[0] lb[599.978] ub[701.26] numArcs: [2290430] numFixed: [148401] time: [1773]
STATS - lpIterations[5] lagIterations[1273] sspIterations[1273] numSeparations[1268] numCuts[0] compileTime[11] sspSolveTime[1146] lpSolveTime[0] lb[600.165] ub[701.26] numArcs: [2290717] numFixed: [148422] time: [1794]
