num loc: 35
instance upper bound: 825.07
compiling DD
time step mult: 10000
time step: 1000000
cap step: 1
done compiling DD
batch size for lag: 1
iteration delay to start separating: 0
optimality gap to start repairing: 100
percent fixed to change to CPLEX: 97.5
num arcs to change to CPLEX: 100000
num arcs to change to LAG: 999999999
STATS - lpIterations[0] lagIterations[0] sspIterations[0] numSeparations[0] numCuts[0] compileTime[7] sspSolveTime[0] lpSolveTime[0] lb[0] ub[825.07] numArcs: [2371970] numFixed: [0] time: [7]
STATS - lpIterations[1] lagIterations[0] sspIterations[0] numSeparations[0] numCuts[0] compileTime[7] sspSolveTime[0] lpSolveTime[0] lb[0] ub[825.07] numArcs: [2371970] numFixed: [0] time: [7]
STATS - lpIterations[1] lagIterations[1] sspIterations[1] numSeparations[0] numCuts[0] compileTime[7] sspSolveTime[0] lpSolveTime[0] lb[527.264] ub[825.07] numArcs: [2371935] numFixed: [0] time: [7]
STATS - lpIterations[1] lagIterations[2] sspIterations[2] numSeparations[1] numCuts[0] compileTime[7] sspSolveTime[1] lpSolveTime[0] lb[554.288] ub[825.07] numArcs: [2372008] numFixed: [345656] time: [9]
STATS - lpIterations[1] lagIterations[3] sspIterations[3] numSeparations[2] numCuts[0] compileTime[7] sspSolveTime[2] lpSolveTime[0] lb[578.096] ub[825.07] numArcs: [2372095] numFixed: [344087] time: [11]
STATS - lpIterations[1] lagIterations[5] sspIterations[5] numSeparations[4] numCuts[0] compileTime[7] sspSolveTime[4] lpSolveTime[0] lb[596.718] ub[825.07] numArcs: [2372448] numFixed: [340001] time: [15]
STATS - lpIterations[1] lagIterations[7] sspIterations[7] numSeparations[6] numCuts[0] compileTime[7] sspSolveTime[7] lpSolveTime[0] lb[606.044] ub[825.07] numArcs: [2372520] numFixed: [340022] time: [18]
STATS - lpIterations[1] lagIterations[8] sspIterations[8] numSeparations[7] numCuts[0] compileTime[7] sspSolveTime[8] lpSolveTime[0] lb[612.899] ub[825.07] numArcs: [2372575] numFixed: [351109] time: [20]
STATS - lpIterations[1] lagIterations[9] sspIterations[9] numSeparations[8] numCuts[0] compileTime[7] sspSolveTime[9] lpSolveTime[0] lb[620.748] ub[825.07] numArcs: [2372580] numFixed: [388370] time: [22]
STATS - lpIterations[1] lagIterations[10] sspIterations[10] numSeparations[9] numCuts[0] compileTime[7] sspSolveTime[10] lpSolveTime[0] lb[621.748] ub[825.07] numArcs: [2372641] numFixed: [392864] time: [24]
STATS - lpIterations[1] lagIterations[11] sspIterations[11] numSeparations[10] numCuts[0] compileTime[7] sspSolveTime[11] lpSolveTime[0] lb[635.422] ub[825.07] numArcs: [2372674] numFixed: [391296] time: [26]
STATS - lpIterations[1] lagIterations[13] sspIterations[13] numSeparations[12] numCuts[0] compileTime[7] sspSolveTime[13] lpSolveTime[0] lb[655.451] ub[825.07] numArcs: [2372860] numFixed: [417681] time: [30]
STATS - lpIterations[1] lagIterations[15] sspIterations[15] numSeparations[14] numCuts[0] compileTime[7] sspSolveTime[16] lpSolveTime[0] lb[667.157] ub[825.07] numArcs: [2372876] numFixed: [473507] time: [33]
STATS - lpIterations[1] lagIterations[17] sspIterations[17] numSeparations[16] numCuts[0] compileTime[7] sspSolveTime[18] lpSolveTime[0] lb[688.107] ub[825.07] numArcs: [2372998] numFixed: [503911] time: [36]
STATS - lpIterations[1] lagIterations[19] sspIterations[19] numSeparations[18] numCuts[0] compileTime[7] sspSolveTime[20] lpSolveTime[0] lb[705.189] ub[825.07] numArcs: [2373067] numFixed: [541627] time: [40]
STATS - lpIterations[1] lagIterations[20] sspIterations[20] numSeparations[19] numCuts[0] compileTime[7] sspSolveTime[21] lpSolveTime[0] lb[711.248] ub[825.07] numArcs: [2373155] numFixed: [566317] time: [41]
STATS - lpIterations[1] lagIterations[21] sspIterations[21] numSeparations[20] numCuts[0] compileTime[7] sspSolveTime[22] lpSolveTime[0] lb[723.732] ub[825.07] numArcs: [2373302] numFixed: [612492] time: [43]
STATS - lpIterations[1] lagIterations[22] sspIterations[22] numSeparations[21] numCuts[0] compileTime[7] sspSolveTime[23] lpSolveTime[0] lb[728.213] ub[825.07] numArcs: [2373583] numFixed: [636078] time: [45]
STATS - lpIterations[1] lagIterations[23] sspIterations[23] numSeparations[22] numCuts[0] compileTime[7] sspSolveTime[24] lpSolveTime[0] lb[729.079] ub[825.07] numArcs: [2373567] numFixed: [758320] time: [46]
STATS - lpIterations[1] lagIterations[24] sspIterations[24] numSeparations[23] numCuts[0] compileTime[7] sspSolveTime[25] lpSolveTime[0] lb[737.109] ub[825.07] numArcs: [2373865] numFixed: [820790] time: [48]
STATS - lpIterations[1] lagIterations[25] sspIterations[25] numSeparations[24] numCuts[0] compileTime[7] sspSolveTime[26] lpSolveTime[0] lb[738.591] ub[825.07] numArcs: [2374046] numFixed: [812664] time: [49]
STATS - lpIterations[1] lagIterations[27] sspIterations[27] numSeparations[26] numCuts[0] compileTime[7] sspSolveTime[28] lpSolveTime[0] lb[751.617] ub[825.07] numArcs: [2374312] numFixed: [865641] time: [52]
STATS - lpIterations[1] lagIterations[29] sspIterations[29] numSeparations[28] numCuts[0] compileTime[7] sspSolveTime[31] lpSolveTime[0] lb[752.555] ub[825.07] numArcs: [2374583] numFixed: [1095520] time: [56]
STATS - lpIterations[1] lagIterations[31] sspIterations[31] numSeparations[30] numCuts[0] compileTime[7] sspSolveTime[33] lpSolveTime[0] lb[761.576] ub[825.07] numArcs: [2374826] numFixed: [1130250] time: [59]
STATS - lpIterations[1] lagIterations[33] sspIterations[33] numSeparations[32] numCuts[0] compileTime[7] sspSolveTime[35] lpSolveTime[0] lb[768.346] ub[825.07] numArcs: [2375067] numFixed: [1369720] time: [62]
STATS - lpIterations[1] lagIterations[35] sspIterations[35] numSeparations[34] numCuts[0] compileTime[7] sspSolveTime[37] lpSolveTime[0] lb[769.431] ub[825.07] numArcs: [2375412] numFixed: [1516667] time: [65]
STATS - lpIterations[1] lagIterations[36] sspIterations[36] numSeparations[35] numCuts[0] compileTime[7] sspSolveTime[39] lpSolveTime[0] lb[770.363] ub[825.07] numArcs: [2375478] numFixed: [1516950] time: [67]
STATS - lpIterations[1] lagIterations[39] sspIterations[39] numSeparations[38] numCuts[0] compileTime[7] sspSolveTime[42] lpSolveTime[0] lb[776.108] ub[825.07] numArcs: [2375745] numFixed: [1620191] time: [72]
STATS - lpIterations[1] lagIterations[42] sspIterations[42] numSeparations[41] numCuts[0] compileTime[7] sspSolveTime[46] lpSolveTime[0] lb[779.195] ub[825.07] numArcs: [2375971] numFixed: [1694210] time: [76]
STATS - lpIterations[1] lagIterations[43] sspIterations[43] numSeparations[42] numCuts[0] compileTime[7] sspSolveTime[47] lpSolveTime[0] lb[780.919] ub[825.07] numArcs: [2375999] numFixed: [1762319] time: [78]
STATS - lpIterations[1] lagIterations[46] sspIterations[46] numSeparations[45] numCuts[0] compileTime[7] sspSolveTime[51] lpSolveTime[0] lb[781.664] ub[825.07] numArcs: [2376191] numFixed: [1794340] time: [83]
STATS - lpIterations[1] lagIterations[50] sspIterations[50] numSeparations[49] numCuts[0] compileTime[7] sspSolveTime[55] lpSolveTime[0] lb[787.158] ub[825.07] numArcs: [2376548] numFixed: [1870093] time: [89]
STATS - lpIterations[1] lagIterations[52] sspIterations[52] numSeparations[51] numCuts[0] compileTime[7] sspSolveTime[58] lpSolveTime[0] lb[787.454] ub[825.07] numArcs: [2376680] numFixed: [1901660] time: [92]
STATS - lpIterations[1] lagIterations[54] sspIterations[54] numSeparations[53] numCuts[0] compileTime[7] sspSolveTime[60] lpSolveTime[0] lb[792.63] ub[825.07] numArcs: [2376763] numFixed: [1901791] time: [96]
STATS - lpIterations[1] lagIterations[74] sspIterations[74] numSeparations[73] numCuts[0] compileTime[7] sspSolveTime[85] lpSolveTime[0] lb[794.085] ub[825.07] numArcs: [2378832] numFixed: [1985004] time: [127]
STATS - lpIterations[2] lagIterations[175] sspIterations[175] numSeparations[174] numCuts[0] compileTime[7] sspSolveTime[211] lpSolveTime[0] lb[794.085] ub[825.07] numArcs: [2384901] numFixed: [2137911] time: [283]
STATS - lpIterations[2] lagIterations[217] sspIterations[217] numSeparations[215] numCuts[0] compileTime[7] sspSolveTime[260] lpSolveTime[0] lb[794.321] ub[825.07] numArcs: [2386888] numFixed: [1730973] time: [351]
STATS - lpIterations[2] lagIterations[222] sspIterations[222] numSeparations[220] numCuts[0] compileTime[7] sspSolveTime[266] lpSolveTime[0] lb[795.49] ub[825.07] numArcs: [2387145] numFixed: [1731146] time: [360]
STATS - lpIterations[2] lagIterations[249] sspIterations[249] numSeparations[247] numCuts[0] compileTime[7] sspSolveTime[299] lpSolveTime[0] lb[795.637] ub[825.07] numArcs: [2388178] numFixed: [1732213] time: [406]
STATS - lpIterations[2] lagIterations[262] sspIterations[262] numSeparations[260] numCuts[0] compileTime[7] sspSolveTime[314] lpSolveTime[0] lb[797.253] ub[825.07] numArcs: [2388850] numFixed: [1733163] time: [428]
STATS - lpIterations[2] lagIterations[308] sspIterations[308] numSeparations[306] numCuts[0] compileTime[7] sspSolveTime[370] lpSolveTime[0] lb[797.425] ub[825.07] numArcs: [2390860] numFixed: [1987181] time: [504]
STATS - lpIterations[2] lagIterations[333] sspIterations[333] numSeparations[331] numCuts[0] compileTime[7] sspSolveTime[401] lpSolveTime[0] lb[797.493] ub[825.07] numArcs: [2392472] numFixed: [1988913] time: [544]
STATS - lpIterations[3] lagIterations[363] sspIterations[363] numSeparations[361] numCuts[0] compileTime[7] sspSolveTime[438] lpSolveTime[0] lb[797.493] ub[825.07] numArcs: [2394121] numFixed: [2054874] time: [592]
STATS - lpIterations[3] lagIterations[515] sspIterations[515] numSeparations[512] numCuts[0] compileTime[7] sspSolveTime[625] lpSolveTime[0] lb[798.873] ub[825.07] numArcs: [2400320] numFixed: [2057236] time: [834]
STATS - lpIterations[3] lagIterations[592] sspIterations[592] numSeparations[589] numCuts[0] compileTime[7] sspSolveTime[721] lpSolveTime[0] lb[799.235] ub[825.07] numArcs: [2403869] numFixed: [2060799] time: [956]
STATS - lpIterations[4] lagIterations[616] sspIterations[616] numSeparations[613] numCuts[0] compileTime[7] sspSolveTime[751] lpSolveTime[0] lb[799.235] ub[825.07] numArcs: [2405070] numFixed: [2107893] time: [994]
STATS - lpIterations[4] lagIterations[780] sspIterations[780] numSeparations[776] numCuts[0] compileTime[7] sspSolveTime[956] lpSolveTime[0] lb[799.365] ub[825.07] numArcs: [2412105] numFixed: [2087388] time: [1259]
STATS - lpIterations[4] lagIterations[877] sspIterations[877] numSeparations[873] numCuts[0] compileTime[7] sspSolveTime[1080] lpSolveTime[0] lb[799.491] ub[825.07] numArcs: [2417002] numFixed: [2093242] time: [1417]
STATS - lpIterations[5] lagIterations[881] sspIterations[881] numSeparations[877] numCuts[0] compileTime[7] sspSolveTime[1085] lpSolveTime[0] lb[799.491] ub[825.07] numArcs: [2417143] numFixed: [2096428] time: [1424]
STATS - lpIterations[5] lagIterations[1070] sspIterations[1070] numSeparations[1065] numCuts[0] compileTime[7] sspSolveTime[1323] lpSolveTime[0] lb[800.09] ub[825.07] numArcs: [2425402] numFixed: [2029649] time: [1728]
STATS - lpIterations[5] lagIterations[1153] sspIterations[1153] numSeparations[1147] numCuts[0] compileTime[7] sspSolveTime[1428] lpSolveTime[0] lb[800.167] ub[825.07] numArcs: [2428738] numFixed: [2034098] time: [1863]
STATS - lpIterations[6] lagIterations[1171] sspIterations[1171] numSeparations[1165] numCuts[0] compileTime[7] sspSolveTime[1451] lpSolveTime[0] lb[800.167] ub[825.07] numArcs: [2429495] numFixed: [2138487] time: [1893]
STATS - lpIterations[7] lagIterations[1319] sspIterations[1319] numSeparations[1312] numCuts[0] compileTime[7] sspSolveTime[1644] lpSolveTime[0] lb[800.167] ub[825.07] numArcs: [2435736] numFixed: [2138595] time: [2144]
STATS - lpIterations[7] lagIterations[1452] sspIterations[1452] numSeparations[1444] numCuts[0] compileTime[7] sspSolveTime[1817] lpSolveTime[0] lb[800.262] ub[825.07] numArcs: [2441650] numFixed: [2035252] time: [2367]
STATS - lpIterations[7] lagIterations[1463] sspIterations[1463] numSeparations[1455] numCuts[0] compileTime[7] sspSolveTime[1831] lpSolveTime[0] lb[800.313] ub[825.07] numArcs: [2441925] numFixed: [2037144] time: [2386]
STATS - lpIterations[7] lagIterations[1491] sspIterations[1491] numSeparations[1483] numCuts[0] compileTime[7] sspSolveTime[1868] lpSolveTime[0] lb[800.466] ub[825.07] numArcs: [2443319] numFixed: [2039193] time: [2435]
STATS - lpIterations[8] lagIterations[1532] sspIterations[1532] numSeparations[1523] numCuts[0] compileTime[7] sspSolveTime[1921] lpSolveTime[0] lb[800.466] ub[825.07] numArcs: [2445234] numFixed: [2202040] time: [2505]
STATS - lpIterations[9] lagIterations[1634] sspIterations[1634] numSeparations[1624] numCuts[0] compileTime[7] sspSolveTime[2055] lpSolveTime[0] lb[800.466] ub[825.07] numArcs: [2448981] numFixed: [2128899] time: [2681]
STATS - lpIterations[9] lagIterations[1806] sspIterations[1806] numSeparations[1795] numCuts[0] compileTime[7] sspSolveTime[2283] lpSolveTime[0] lb[800.638] ub[825.07] numArcs: [2455326] numFixed: [2063174] time: [2981]
STATS - lpIterations[9] lagIterations[1854] sspIterations[1854] numSeparations[1843] numCuts[0] compileTime[7] sspSolveTime[2347] lpSolveTime[0] lb[800.732] ub[825.07] numArcs: [2457347] numFixed: [2066495] time: [3064]
STATS - lpIterations[9] lagIterations[1882] sspIterations[1882] numSeparations[1871] numCuts[0] compileTime[7] sspSolveTime[2385] lpSolveTime[0] lb[800.89] ub[825.07] numArcs: [2458467] numFixed: [2067624] time: [3114]
STATS - lpIterations[10] lagIterations[1907] sspIterations[1907] numSeparations[1896] numCuts[0] compileTime[7] sspSolveTime[2418] lpSolveTime[0] lb[800.89] ub[825.07] numArcs: [2459305] numFixed: [2137881] time: [3157]
STATS - lpIterations[10] lagIterations[2058] sspIterations[2058] numSeparations[2046] numCuts[0] compileTime[7] sspSolveTime[2621] lpSolveTime[0] lb[800.895] ub[825.07] numArcs: [2465313] numFixed: [2082175] time: [3423]
STATS - lpIterations[10] lagIterations[2114] sspIterations[2114] numSeparations[2101] numCuts[0] compileTime[7] sspSolveTime[2696] lpSolveTime[0] lb[800.912] ub[825.07] numArcs: [2466874] numFixed: [2083611] time: [3520]
STATS - lpIterations[11] lagIterations[2120] sspIterations[2120] numSeparations[2107] numCuts[0] compileTime[7] sspSolveTime[2705] lpSolveTime[0] lb[800.912] ub[825.07] numArcs: [2467280] numFixed: [2084204] time: [3531]
