num loc: 14
hgs upper bound: 304.15
compiling dd
time step mult: 10000
time step: 1000000
cap step: 1
start compiling DD
add terminal node arcs
done compiling dd
STATS - lpIterations[1] lagIterations[0] sspIterations[0] numSeparations[0] numCuts[0] compileTime[0] sspSolveTime[0] lpSolveTime[0] lb[0] ub[304.15] size: [902] time: [0]
STATS - lpIterations[1] lagIterations[1] sspIterations[1] numSeparations[0] numCuts[0] compileTime[0] sspSolveTime[0] lpSolveTime[0] lb[41.1307] ub[304.15] size: [902] time: [0]
num vars: 8460
STATS - lpIterations[2] lagIterations[1] sspIterations[1] numSeparations[0] numCuts[0] compileTime[0] sspSolveTime[0] lpSolveTime[0] lb[304.142] ub[304.15] size: [902] time: [0]
routes: 
flow {1}: 0 11 12 1 3 4 9 2 5 10 8 7 6 13 
no more separations possible
no more separations or cuts possible
LP solved - switching to IP
solving IP
num vars: 8460
STATS - lpIterations[3] lagIterations[1] sspIterations[1] numSeparations[0] numCuts[0] compileTime[0] sspSolveTime[0] lpSolveTime[0] lb[304.142] ub[304.15] size: [902] time: [0]
routes: 
flow {1}: 0 11 12 1 3 4 9 2 5 10 8 7 6 13 
no more separations possible
no more separations or cuts possible
STATS - lpIterations[3] lagIterations[1] sspIterations[1] numSeparations[0] numCuts[0] compileTime[0] sspSolveTime[0] lpSolveTime[0] lb[304.142] ub[304.142] size: [902] time: [0]
finished solving - complete
time elapsed: 0
