fixed number of vehicles
capacity: 40
num locations: 23
instance upper bound: 530
route length upper bound: 8
1264261135
compiling DD
time step mult: 1
time step: 10
cap step: 1
added route to primal routes: 0,1,2,0,
random seed: 1372594795
added route to primal routes: 0,3,4,0,
random seed: 1373273549
added route to primal routes: 0,5,6,0,
random seed: 1373931180
added maximal sequence to primal routes: 0,22,5,6,0,
added route to primal routes: 0,7,0,
random seed: 1375223841
added maximal sequence to primal routes: 0,19,11,1,21,7,0,
added route to primal routes: 0,8,9,0,
random seed: 1379152822
added route to primal routes: 0,10,11,12,13,0,
random seed: 1379758913
added maximal sequence to primal routes: 0,21,10,11,12,13,0,
added route to primal routes: 0,14,15,0,
random seed: 1383376555
added maximal sequence to primal routes: 0,13,14,15,0,
added route to primal routes: 0,16,17,0,
random seed: 1384692937
added route to primal routes: 0,18,19,20,0,
random seed: 1385377647
added route to primal routes: 0,21,22,0,
random seed: 1386591504
added maximal sequence to primal routes: 0,6,13,21,22,0,
done compiling DD
batch size for lag: 1
deactivate cut value threshold: 0.01
deactivate cut iter threshold: 1000000000
percent arcs fixed to change to CPLEX: 97.5
number arcs fixed to change to CPLEX: 100000
kappa iterations: 20
num lag cuts: 20
mu percent improved: 0.001
percent to start cuts: 0.95
step size iteration cutoff: 5
target bound increase: 1.01
min step size multiplier: 0.0001
ngSetSize: 2
change to LP: 1
var fixing: 1
useSeparations: 1
muSSP: 1
repairDuals: 1
robustCuts: 1
nonRobustCuts: 0
volume algo: 0
use scaling: 0
use sparse RCCs: 0
use restarts: 0
switch separations to cuts: 0
primal heuristic: 1
primal heuristic lns: 0
STATS - lpIterations[0] lagIterations[0] sspIterations[0] numSeparations[0] numCuts[0] compileTime[0] sspSolveTime[0] lpSolveTime[0] lb[0] ub[530] numArcs: [6079] numFixed: [0] time: [0]
STATS1 - lpIterations[0] lagIterations[0] sspIterations[0] numSeparations[0] numCuts[0] compileTime[0] sspSolveTime[0] lpSolveTime[0] repairTime[0] cutsTime[0] alphaTime[0] decompTime[0] yellowTime[0] updateTime[0] fixTime[0] lb[0] ub[530] numArcs: [6079] numFixed: [0] time: [0]
STATS - lpIterations[1] lagIterations[0] sspIterations[0] numSeparations[0] numCuts[0] compileTime[0] sspSolveTime[0] lpSolveTime[0] lb[0] ub[530] numArcs: [6079] numFixed: [0] time: [0]
STATS1 - lpIterations[1] lagIterations[0] sspIterations[0] numSeparations[0] numCuts[0] compileTime[0] sspSolveTime[0] lpSolveTime[0] repairTime[0] cutsTime[0] alphaTime[0] decompTime[0] yellowTime[0] updateTime[0] fixTime[0] lb[0] ub[530] numArcs: [6079] numFixed: [0] time: [0]
STATS - lpIterations[1] lagIterations[0] sspIterations[0] numSeparations[0] numCuts[0] compileTime[0] sspSolveTime[0] lpSolveTime[0] lb[0] ub[530] numArcs: [6079] numFixed: [0] time: [0]
STATS1 - lpIterations[1] lagIterations[0] sspIterations[0] numSeparations[0] numCuts[0] compileTime[0] sspSolveTime[0] lpSolveTime[0] repairTime[0] cutsTime[0] alphaTime[0] decompTime[0] yellowTime[0] updateTime[0] fixTime[0] lb[0] ub[530] numArcs: [6079] numFixed: [0] time: [0]
fixed path dual: 9.15625
lag: 472.8
STATS - lpIterations[1] lagIterations[1] sspIterations[8] numSeparations[0] numCuts[0] compileTime[0] sspSolveTime[0] lpSolveTime[0] lb[472.8] ub[530] numArcs: [6055] numFixed: [0] time: [0]
STATS1 - lpIterations[1] lagIterations[1] sspIterations[8] numSeparations[0] numCuts[0] compileTime[0] sspSolveTime[0] lpSolveTime[0] repairTime[0] cutsTime[0] alphaTime[0] decompTime[0] yellowTime[0] updateTime[0] fixTime[0] lb[472.8] ub[530] numArcs: [6055] numFixed: [0] time: [0]
lambda: 0,4.9,31.5,26.4,25.3,12.65,11.4,16.5,44.8,12.8,8.4,9.8,21,8.7,29.45,16.5,6,41.6,33.15,13.2,12,0.5,13,
mu: 
combDuals: 
srcDuals: 
new best dual, value: 472.8
1 0 2 85 0 5453 
2 1 0 5386 
5 4 17 204 0 5536 
7 6 22 729 7 3266 0 5933 
16 15 6 294 21 4724 0 6043 
17 16 22 3439 0 5948 
21 20 0 5405 
22 21 17 185 0 5517 
added route to primal routes: 0,2,0,
random seed: 1414239550
added maximal sequence to primal routes: 0,9,2,0,
added route to primal routes: 0,5,17,0,
random seed: 1414979279
added route to primal routes: 0,7,22,0,
random seed: 1415689970
added maximal sequence to primal routes: 0,13,9,7,22,0,
added route to primal routes: 0,16,6,21,0,
random seed: 1417932187
added route to primal routes: 0,17,22,0,
random seed: 1419016673
added route to primal routes: 0,21,0,
random seed: 1419625536
added maximal sequence to primal routes: 0,11,18,1,21,0,
added route to primal routes: 0,22,17,0,
random seed: 1421576680
best alpha: 1
gamma: 1 val: 0
gamma: 2 val: -1
gamma: 3 val: 1
gamma: 4 val: 1
gamma: 5 val: 0
gamma: 6 val: 0
gamma: 7 val: -1
gamma: 8 val: 1
gamma: 9 val: 1
gamma: 10 val: 1
gamma: 11 val: 1
gamma: 12 val: 1
gamma: 13 val: 1
gamma: 14 val: 1
gamma: 15 val: 1
gamma: 16 val: 0
gamma: 17 val: -2
gamma: 18 val: 1
gamma: 19 val: 1
gamma: 20 val: 1
gamma: 21 val: -1
gamma: 22 val: -2
alpha: 0.975248
psiStar: 496.206
lagLB: 472.8
||gamma||^2: 24
lambda: 0,4.9,31.5,26.4,25.3,12.65,11.4,16.5,44.8,12.8,8.4,9.8,21,8.7,29.45,16.5,6,41.6,33.15,13.2,12,0.5,13,
mu: 
combDuals: 
srcDuals: 
lambda: 0,4.9,31.5,26.4,25.3,12.65,11.4,16.5,44.8,12.8,8.4,9.8,21,8.7,29.45,16.5,6,41.6,33.15,13.2,12,0.5,13,
mu: 
combDuals: 
srcDuals: 
1 0 2 85 0 5453 
2 1 0 5386 
5 4 17 204 0 5536 
16 15 6 294 21 4724 0 6043 
17 16 22 3439 0 5948 
21 20 0 5405 
22 21 17 185 0 5517 
switching from LAG to LP solver
fix with best duals from LAG. Using: 0 duals
num vars: 6079
DUALS: -0,31.5,168.5,90,139,62.6,97,85.8,162,45.4,37.5,43.5,79,30.2,120,68,55,154.4,106,47,82,9,37.4,
fixed path dual: -153
lp dual value: 526.8
obj val: 526.8
STATS - lpIterations[2] lagIterations[1] sspIterations[8] numSeparations[0] numCuts[0] compileTime[0] sspSolveTime[0] lpSolveTime[0] lb[526.8] ub[530] numArcs: [6055] numFixed: [0] time: [0]
STATS1 - lpIterations[2] lagIterations[1] sspIterations[8] numSeparations[0] numCuts[0] compileTime[0] sspSolveTime[0] lpSolveTime[0] repairTime[0] cutsTime[0] alphaTime[0] decompTime[0] yellowTime[0] updateTime[0] fixTime[0] lb[526.8] ub[530] numArcs: [6055] numFixed: [0] time: [0]
checking cuts, max violation: 0.6, num cuts: 4
new capacity cutset: 1 2 3 4 10 11 12 15 18 19 <= 6
adding RCC type 1 with rhs: 6
new capacity cutset: 5 6 7 8 9 13 14 16 17 20 21 22 <= 7
adding RCC type 1 with rhs: 7
new capacity cutset: 5 7 9 13 14 17 22 <= 4
adding RCC type 1 with rhs: 4
new capacity cutset: 1 2 3 4 6 8 10 11 12 15 16 18 19 20 21 <= 9
adding RCC type 1 with rhs: 9
max violation: 0.4
new comb with 3 teeth
handle: 9,13,7, tooth: 9,17, tooth: 7,22,0, tooth: 13,14,0,5,22,17, >= 36
3 2 4 874 0 5655 
3 2 19 887 18 2473 0 5854 
4 3 15 2529 19 5313 0 6072 
10 9 2 149 0 5479 
11 10 4 109 1 4478 0 6019 
11 10 15 119 12 1274 10 4989 0 6050 
12 11 4 545 0 5604 
13 12 9 51 17 574 0 5615 
18 17 4 1037 0 5682 
1 0 2 85 0 5453 
5 4 14 201 22 4500 0 6026 
7 6 9 717 7 2673 0 5858 
7 6 13 721 14 2166 0 5807 
7 6 22 729 7 3266 0 5933 
16 15 8 296 0 5553 
17 16 5 3429 0 5938 
21 20 6 27 20 2829 0 5896 
added route to primal routes: 0,3,19,18,0,
random seed: 1620175411
added route to primal routes: 0,4,15,19,0,
random seed: 1621410046
added route to primal routes: 0,10,2,0,
random seed: 1622468283
added route to primal routes: 0,11,4,1,0,
random seed: 1623173842
added route to primal routes: 0,11,15,12,10,0,
random seed: 1624275547
added route to primal routes: 0,12,4,0,
random seed: 1626087878
added route to primal routes: 0,13,9,17,0,
random seed: 1626765477
added route to primal routes: 0,18,4,0,
random seed: 1628049155
added route to primal routes: 0,5,14,22,0,
random seed: 1628741526
added route to primal routes: 0,7,9,0,
random seed: 1629862979
added maximal sequence to primal routes: 0,3,7,9,0,
added route to primal routes: 0,7,13,14,0,
random seed: 1631001969
added route to primal routes: 0,16,8,0,
random seed: 1632256559
added route to primal routes: 0,17,5,0,
random seed: 1632950322
added route to primal routes: 0,21,6,20,0,
random seed: 1633585213
3 2 4 874 0 5655 
3 2 19 887 18 2473 0 5854 
4 3 15 2529 19 5313 0 6072 
10 9 2 149 0 5479 
11 10 4 109 1 4478 0 6019 
11 10 15 119 12 1274 10 4989 0 6050 
12 11 4 545 0 5604 
13 12 9 51 17 574 0 5615 
18 17 4 1037 0 5682 
1 0 2 85 0 5453 
5 4 14 201 22 4500 0 6026 
7 6 13 721 14 2166 0 5807 
7 6 22 729 7 3266 0 5933 
16 15 8 296 0 5553 
17 16 5 3429 0 5938 
21 20 6 27 20 2829 0 5896 
7 6 13 721 14 2166 0 5807 
16 15 8 296 0 5553 
17 16 5 3429 0 5938 
21 20 6 27 20 2829 0 5896 
16 15 8 296 0 5553 
17 16 5 3429 0 5938 
21 20 6 27 20 2829 0 5896 
separating route arcs: 6 717 2673 
separating route locations: 7 9 7 
separating route arcs: 6 729 3266 
separating route locations: 7 22 7 
fixing. lower bound used: 526.8
update best LP dual for fixing. Percent: 96.64
fix with best duals from LAG. Using: 0 duals
num vars: 182
DUALS: -0,-0,72,65.5,35.5,13.25,22.25,34.5,64.75,22.25,6,61,53,-0,42.5,32,-0,51.75,32,43.5,-0,15.25,17.25,
fixed path dual: -5
cap dual [0]: -26
cap dual [1]: -1.75
cap dual [2]: -0.25
comb dual [0]: 1.5
lp dual value: 529
obj val: 529
STATS - lpIterations[3] lagIterations[1] sspIterations[8] numSeparations[2] numCuts[5] compileTime[0] sspSolveTime[0] lpSolveTime[0] lb[529] ub[530] numArcs: [6085] numFixed: [5925] time: [0]
STATS1 - lpIterations[3] lagIterations[1] sspIterations[8] numSeparations[2] numCuts[5] compileTime[0] sspSolveTime[0] lpSolveTime[0] repairTime[0] cutsTime[0] alphaTime[0] decompTime[0] yellowTime[0] updateTime[0] fixTime[0] lb[529] ub[530] numArcs: [6085] numFixed: [5925] time: [0]
integral solution - no cut added
no comb cuts found
8 7 16 3960 0 5986 
10 9 12 158 15 2292 11 5200 0 6062 
13 12 9 51 17 574 0 5615 
18 17 19 1049 3 2760 0 5856 
1 0 2 85 0 5453 
5 4 14 201 22 4500 0 6026 
7 6 4 714 0 5631 
21 20 6 27 20 2829 0 5896 
added route to primal routes: 0,8,16,0,
random seed: 1733031490
added route to primal routes: 0,10,12,15,11,0,
random seed: 1733704893
added route to primal routes: 0,18,19,3,0,
random seed: 1735518479
added route to primal routes: 0,7,4,0,
random seed: 1736733202
8 7 16 3960 0 5986 
10 9 12 158 15 2292 11 5200 0 6062 
13 12 9 51 17 574 0 5615 
18 17 19 1049 3 2760 0 5856 
1 0 2 85 0 5453 
5 4 14 201 22 4500 0 6026 
7 6 4 714 0 5631 
21 20 6 27 20 2829 0 5896 
routes: 
flow {1}: 0 8 16 
flow {1}: 0 10 12 15 11 
flow {1}: 0 13 9 17 
flow {1}: 0 18 19 3 
flow {1}: 0 1 2 
flow {1}: 0 5 14 22 
flow {1}: 0 7 4 
flow {1}: 0 21 6 20 
no more separations possible
no more separations or cuts possible
LP solved - switching to IP
fixing. lower bound used: 526.8
fixing. lower bound used: 529
update best LP dual for fixing. Percent: 97.635
fix with best duals from LAG. Using: 0 duals
solving IP
num vars: 121
STATS - lpIterations[4] lagIterations[1] sspIterations[8] numSeparations[2] numCuts[5] compileTime[0] sspSolveTime[0] lpSolveTime[0] lb[529] ub[530] numArcs: [6085] numFixed: [5986] time: [0]
STATS1 - lpIterations[4] lagIterations[1] sspIterations[8] numSeparations[2] numCuts[5] compileTime[0] sspSolveTime[0] lpSolveTime[0] repairTime[0] cutsTime[0] alphaTime[0] decompTime[0] yellowTime[0] updateTime[0] fixTime[0] lb[529] ub[530] numArcs: [6085] numFixed: [5986] time: [0]
6 5 20 1433 21 5296 0 6073 
11 10 15 119 12 1274 10 4989 0 6050 
18 17 19 1049 3 2760 0 5856 
1 0 2 85 0 5453 
7 6 4 714 0 5631 
16 15 8 296 0 5553 
17 16 9 3430 13 5321 0 6076 
22 21 14 182 5 4226 0 6001 
added route to primal routes: 0,6,20,21,0,
random seed: 1773047256
added route to primal routes: 0,17,9,13,0,
random seed: 1774208874
added route to primal routes: 0,22,14,5,0,
random seed: 1775209073
6 5 20 1433 21 5296 0 6073 
11 10 15 119 12 1274 10 4989 0 6050 
18 17 19 1049 3 2760 0 5856 
1 0 2 85 0 5453 
7 6 4 714 0 5631 
16 15 8 296 0 5553 
17 16 9 3430 13 5321 0 6076 
22 21 14 182 5 4226 0 6001 
routes: 
flow {1}: 0 6 20 21 
flow {1}: 0 11 15 12 10 
flow {1}: 0 18 19 3 
flow {1}: 0 1 2 
flow {1}: 0 7 4 
flow {1}: 0 16 8 
flow {1}: 0 17 9 13 
flow {1}: 0 22 14 5 
no more separations possible
no more separations or cuts possible
STATS - lpIterations[4] lagIterations[1] sspIterations[8] numSeparations[2] numCuts[5] compileTime[0] sspSolveTime[0] lpSolveTime[0] lb[529] ub[529] numArcs: [6085] numFixed: [5986] time: [0]
STATS1 - lpIterations[4] lagIterations[1] sspIterations[8] numSeparations[2] numCuts[5] compileTime[0] sspSolveTime[0] lpSolveTime[0] repairTime[0] cutsTime[0] alphaTime[0] decompTime[0] yellowTime[0] updateTime[0] fixTime[0] lb[529] ub[529] numArcs: [6085] numFixed: [5986] time: [0]
finished solving - complete
time elapsed: 0
