instance upper bound: 4761.01
compiling DD
time step mult: 100
time step: 1000
cap step: 1
done compiling DD
batch size for lag: 1
iteration delay to start separating: 0
optimality gap to start repairing: 100
percent fixed to change to CPLEX: 97.5
num arcs to change to CPLEX: 100000
num arcs to change to LAG: 999999999
STATS - lpIterations[0] lagIterations[0] sspIterations[0] numSeparations[0] numCuts[0] compileTime[0] sspSolveTime[0] lpSolveTime[0] lb[0] ub[4761.01] numArcs: [709331] numFixed: [0] time: [0]
STATS - lpIterations[1] lagIterations[0] sspIterations[0] numSeparations[0] numCuts[0] compileTime[0] sspSolveTime[0] lpSolveTime[0] lb[0] ub[4761.01] numArcs: [709331] numFixed: [0] time: [0]
STATS - lpIterations[1] lagIterations[2] sspIterations[2] numSeparations[0] numCuts[0] compileTime[0] sspSolveTime[0] lpSolveTime[0] lb[1061.36] ub[4761.01] numArcs: [709329] numFixed: [0] time: [0]
STATS - lpIterations[1] lagIterations[3] sspIterations[3] numSeparations[0] numCuts[0] compileTime[0] sspSolveTime[0] lpSolveTime[0] lb[1113.15] ub[4761.01] numArcs: [709327] numFixed: [0] time: [0]
STATS - lpIterations[1] lagIterations[4] sspIterations[4] numSeparations[1] numCuts[0] compileTime[0] sspSolveTime[0] lpSolveTime[0] lb[1167.43] ub[4761.01] numArcs: [709436] numFixed: [0] time: [0]
STATS - lpIterations[1] lagIterations[5] sspIterations[5] numSeparations[1] numCuts[0] compileTime[0] sspSolveTime[0] lpSolveTime[0] lb[1223.55] ub[4761.01] numArcs: [709436] numFixed: [221] time: [1]
STATS - lpIterations[1] lagIterations[6] sspIterations[6] numSeparations[1] numCuts[0] compileTime[0] sspSolveTime[0] lpSolveTime[0] lb[1281.82] ub[4761.01] numArcs: [709436] numFixed: [221] time: [1]
STATS - lpIterations[1] lagIterations[7] sspIterations[7] numSeparations[1] numCuts[0] compileTime[0] sspSolveTime[0] lpSolveTime[0] lb[1342.28] ub[4761.01] numArcs: [709436] numFixed: [221] time: [1]
STATS - lpIterations[1] lagIterations[8] sspIterations[8] numSeparations[1] numCuts[0] compileTime[0] sspSolveTime[0] lpSolveTime[0] lb[1404.86] ub[4761.01] numArcs: [709436] numFixed: [221] time: [1]
STATS - lpIterations[1] lagIterations[9] sspIterations[9] numSeparations[1] numCuts[0] compileTime[0] sspSolveTime[0] lpSolveTime[0] lb[1469.73] ub[4761.01] numArcs: [709436] numFixed: [221] time: [1]
STATS - lpIterations[1] lagIterations[10] sspIterations[10] numSeparations[1] numCuts[0] compileTime[0] sspSolveTime[0] lpSolveTime[0] lb[1535.4] ub[4761.01] numArcs: [709420] numFixed: [221] time: [1]
STATS - lpIterations[1] lagIterations[11] sspIterations[11] numSeparations[2] numCuts[0] compileTime[0] sspSolveTime[0] lpSolveTime[0] lb[1604.34] ub[4761.01] numArcs: [709667] numFixed: [937] time: [1]
STATS - lpIterations[1] lagIterations[12] sspIterations[12] numSeparations[3] numCuts[0] compileTime[0] sspSolveTime[1] lpSolveTime[0] lb[1671.29] ub[4761.01] numArcs: [709811] numFixed: [2734] time: [2]
STATS - lpIterations[1] lagIterations[13] sspIterations[13] numSeparations[4] numCuts[0] compileTime[0] sspSolveTime[1] lpSolveTime[0] lb[1739.88] ub[4761.01] numArcs: [709939] numFixed: [2734] time: [2]
STATS - lpIterations[1] lagIterations[14] sspIterations[14] numSeparations[5] numCuts[0] compileTime[0] sspSolveTime[1] lpSolveTime[0] lb[1812.01] ub[4761.01] numArcs: [710079] numFixed: [3175] time: [2]
STATS - lpIterations[1] lagIterations[15] sspIterations[15] numSeparations[6] numCuts[0] compileTime[0] sspSolveTime[1] lpSolveTime[0] lb[1886.33] ub[4761.01] numArcs: [710131] numFixed: [3175] time: [2]
STATS - lpIterations[1] lagIterations[16] sspIterations[18] numSeparations[7] numCuts[0] compileTime[0] sspSolveTime[1] lpSolveTime[0] lb[1956.77] ub[4761.01] numArcs: [710349] numFixed: [3726] time: [2]
STATS - lpIterations[1] lagIterations[16] sspIterations[18] numSeparations[7] numCuts[0] compileTime[0] sspSolveTime[1] lpSolveTime[0] lb[1957.52] ub[4761.01] numArcs: [710349] numFixed: [3726] time: [2]
STATS - lpIterations[1] lagIterations[17] sspIterations[20] numSeparations[10] numCuts[0] compileTime[0] sspSolveTime[1] lpSolveTime[0] lb[2023.73] ub[4761.01] numArcs: [711167] numFixed: [22339] time: [3]
STATS - lpIterations[1] lagIterations[17] sspIterations[20] numSeparations[10] numCuts[0] compileTime[0] sspSolveTime[1] lpSolveTime[0] lb[2023.95] ub[4761.01] numArcs: [711167] numFixed: [22339] time: [3]
STATS - lpIterations[1] lagIterations[18] sspIterations[21] numSeparations[12] numCuts[0] compileTime[0] sspSolveTime[1] lpSolveTime[0] lb[2106.51] ub[4761.01] numArcs: [711348] numFixed: [22339] time: [3]
STATS - lpIterations[1] lagIterations[18] sspIterations[21] numSeparations[12] numCuts[0] compileTime[0] sspSolveTime[1] lpSolveTime[0] lb[2106.58] ub[4761.01] numArcs: [711348] numFixed: [22339] time: [3]
STATS - lpIterations[1] lagIterations[19] sspIterations[27] numSeparations[13] numCuts[0] compileTime[0] sspSolveTime[2] lpSolveTime[0] lb[2176.58] ub[4761.01] numArcs: [711323] numFixed: [22339] time: [3]
STATS - lpIterations[1] lagIterations[19] sspIterations[27] numSeparations[13] numCuts[0] compileTime[0] sspSolveTime[2] lpSolveTime[0] lb[2183.01] ub[4761.01] numArcs: [711323] numFixed: [22339] time: [3]
STATS - lpIterations[1] lagIterations[20] sspIterations[31] numSeparations[19] numCuts[0] compileTime[0] sspSolveTime[2] lpSolveTime[0] lb[2209.32] ub[4761.01] numArcs: [712414] numFixed: [64883] time: [4]
STATS - lpIterations[1] lagIterations[20] sspIterations[31] numSeparations[19] numCuts[0] compileTime[0] sspSolveTime[2] lpSolveTime[0] lb[2216.42] ub[4761.01] numArcs: [712414] numFixed: [64883] time: [4]
STATS - lpIterations[1] lagIterations[21] sspIterations[33] numSeparations[23] numCuts[0] compileTime[0] sspSolveTime[2] lpSolveTime[0] lb[2258.37] ub[4761.01] numArcs: [712926] numFixed: [65412] time: [4]
STATS - lpIterations[1] lagIterations[21] sspIterations[33] numSeparations[23] numCuts[0] compileTime[0] sspSolveTime[2] lpSolveTime[0] lb[2258.68] ub[4761.01] numArcs: [712926] numFixed: [65412] time: [4]
STATS - lpIterations[1] lagIterations[22] sspIterations[40] numSeparations[25] numCuts[0] compileTime[0] sspSolveTime[2] lpSolveTime[0] lb[2317.04] ub[4761.01] numArcs: [713156] numFixed: [66067] time: [4]
STATS - lpIterations[1] lagIterations[22] sspIterations[40] numSeparations[25] numCuts[0] compileTime[0] sspSolveTime[2] lpSolveTime[0] lb[2332.51] ub[4761.01] numArcs: [713156] numFixed: [66067] time: [4]
STATS - lpIterations[1] lagIterations[23] sspIterations[43] numSeparations[32] numCuts[0] compileTime[0] sspSolveTime[3] lpSolveTime[0] lb[2355.74] ub[4761.01] numArcs: [713733] numFixed: [66067] time: [5]
STATS - lpIterations[1] lagIterations[23] sspIterations[43] numSeparations[32] numCuts[0] compileTime[0] sspSolveTime[3] lpSolveTime[0] lb[2356.32] ub[4761.01] numArcs: [713733] numFixed: [66067] time: [5]
STATS - lpIterations[1] lagIterations[24] sspIterations[49] numSeparations[35] numCuts[0] compileTime[0] sspSolveTime[3] lpSolveTime[0] lb[2419.95] ub[4761.01] numArcs: [714059] numFixed: [66430] time: [5]
STATS - lpIterations[1] lagIterations[24] sspIterations[49] numSeparations[35] numCuts[0] compileTime[0] sspSolveTime[3] lpSolveTime[0] lb[2424.93] ub[4761.01] numArcs: [714059] numFixed: [66430] time: [5]
STATS - lpIterations[1] lagIterations[25] sspIterations[54] numSeparations[41] numCuts[0] compileTime[0] sspSolveTime[3] lpSolveTime[0] lb[2460.83] ub[4761.01] numArcs: [714713] numFixed: [67505] time: [5]
STATS - lpIterations[1] lagIterations[25] sspIterations[54] numSeparations[41] numCuts[0] compileTime[0] sspSolveTime[3] lpSolveTime[0] lb[2461.1] ub[4761.01] numArcs: [714713] numFixed: [67505] time: [6]
STATS - lpIterations[1] lagIterations[26] sspIterations[57] numSeparations[46] numCuts[0] compileTime[0] sspSolveTime[3] lpSolveTime[0] lb[2532.46] ub[4761.01] numArcs: [715465] numFixed: [67505] time: [6]
STATS - lpIterations[1] lagIterations[26] sspIterations[57] numSeparations[46] numCuts[0] compileTime[0] sspSolveTime[3] lpSolveTime[0] lb[2533.43] ub[4761.01] numArcs: [715465] numFixed: [67505] time: [6]
STATS - lpIterations[1] lagIterations[27] sspIterations[70] numSeparations[49] numCuts[0] compileTime[0] sspSolveTime[4] lpSolveTime[0] lb[2561.84] ub[4761.01] numArcs: [715595] numFixed: [67505] time: [7]
STATS - lpIterations[1] lagIterations[27] sspIterations[70] numSeparations[49] numCuts[0] compileTime[0] sspSolveTime[4] lpSolveTime[0] lb[2596.21] ub[4761.01] numArcs: [715595] numFixed: [67505] time: [7]
STATS - lpIterations[1] lagIterations[28] sspIterations[74] numSeparations[62] numCuts[0] compileTime[0] sspSolveTime[4] lpSolveTime[0] lb[2615.35] ub[4761.01] numArcs: [717393] numFixed: [69916] time: [7]
STATS - lpIterations[1] lagIterations[28] sspIterations[74] numSeparations[62] numCuts[0] compileTime[0] sspSolveTime[4] lpSolveTime[0] lb[2616.53] ub[4761.01] numArcs: [717393] numFixed: [69916] time: [7]
STATS - lpIterations[1] lagIterations[29] sspIterations[81] numSeparations[66] numCuts[0] compileTime[0] sspSolveTime[5] lpSolveTime[0] lb[2658.13] ub[4761.01] numArcs: [717856] numFixed: [70297] time: [8]
STATS - lpIterations[1] lagIterations[29] sspIterations[81] numSeparations[66] numCuts[0] compileTime[0] sspSolveTime[5] lpSolveTime[0] lb[2672.45] ub[4761.01] numArcs: [717856] numFixed: [70297] time: [8]
STATS - lpIterations[1] lagIterations[30] sspIterations[88] numSeparations[73] numCuts[0] compileTime[0] sspSolveTime[5] lpSolveTime[0] lb[2701.37] ub[4761.01] numArcs: [718806] numFixed: [74508] time: [8]
STATS - lpIterations[1] lagIterations[30] sspIterations[88] numSeparations[73] numCuts[0] compileTime[0] sspSolveTime[5] lpSolveTime[0] lb[2708.97] ub[4761.01] numArcs: [718806] numFixed: [74508] time: [8]
STATS - lpIterations[1] lagIterations[31] sspIterations[95] numSeparations[80] numCuts[0] compileTime[0] sspSolveTime[5] lpSolveTime[0] lb[2731.9] ub[4761.01] numArcs: [719096] numFixed: [74887] time: [9]
STATS - lpIterations[1] lagIterations[31] sspIterations[95] numSeparations[80] numCuts[0] compileTime[0] sspSolveTime[5] lpSolveTime[0] lb[2742.87] ub[4761.01] numArcs: [719096] numFixed: [74887] time: [9]
STATS - lpIterations[1] lagIterations[32] sspIterations[102] numSeparations[87] numCuts[0] compileTime[0] sspSolveTime[6] lpSolveTime[0] lb[2771.72] ub[4761.01] numArcs: [719980] numFixed: [75552] time: [9]
STATS - lpIterations[1] lagIterations[32] sspIterations[102] numSeparations[87] numCuts[0] compileTime[0] sspSolveTime[6] lpSolveTime[0] lb[2773.95] ub[4761.01] numArcs: [719980] numFixed: [75552] time: [9]
STATS - lpIterations[1] lagIterations[33] sspIterations[107] numSeparations[94] numCuts[0] compileTime[0] sspSolveTime[6] lpSolveTime[0] lb[2807.33] ub[4761.01] numArcs: [720702] numFixed: [76050] time: [10]
STATS - lpIterations[1] lagIterations[33] sspIterations[107] numSeparations[94] numCuts[0] compileTime[0] sspSolveTime[6] lpSolveTime[0] lb[2808.05] ub[4761.01] numArcs: [720702] numFixed: [76050] time: [10]
STATS - lpIterations[1] lagIterations[34] sspIterations[114] numSeparations[99] numCuts[0] compileTime[0] sspSolveTime[7] lpSolveTime[0] lb[2849.78] ub[4761.01] numArcs: [721171] numFixed: [76050] time: [10]
STATS - lpIterations[1] lagIterations[34] sspIterations[114] numSeparations[99] numCuts[0] compileTime[0] sspSolveTime[7] lpSolveTime[0] lb[2871.17] ub[4761.01] numArcs: [721171] numFixed: [76050] time: [10]
STATS - lpIterations[1] lagIterations[35] sspIterations[121] numSeparations[106] numCuts[0] compileTime[0] sspSolveTime[7] lpSolveTime[0] lb[2893.45] ub[4761.01] numArcs: [721857] numFixed: [77745] time: [11]
STATS - lpIterations[1] lagIterations[35] sspIterations[121] numSeparations[106] numCuts[0] compileTime[0] sspSolveTime[7] lpSolveTime[0] lb[2898.37] ub[4761.01] numArcs: [721857] numFixed: [77745] time: [11]
STATS - lpIterations[1] lagIterations[36] sspIterations[130] numSeparations[113] numCuts[0] compileTime[0] sspSolveTime[7] lpSolveTime[0] lb[2916.7] ub[4761.01] numArcs: [722483] numFixed: [78522] time: [11]
STATS - lpIterations[1] lagIterations[36] sspIterations[130] numSeparations[113] numCuts[0] compileTime[0] sspSolveTime[7] lpSolveTime[0] lb[2925.11] ub[4761.01] numArcs: [722483] numFixed: [78522] time: [11]
STATS - lpIterations[1] lagIterations[37] sspIterations[137] numSeparations[122] numCuts[0] compileTime[0] sspSolveTime[8] lpSolveTime[0] lb[2946.03] ub[4761.01] numArcs: [723661] numFixed: [78522] time: [12]
STATS - lpIterations[1] lagIterations[37] sspIterations[137] numSeparations[122] numCuts[0] compileTime[0] sspSolveTime[8] lpSolveTime[0] lb[2949.2] ub[4761.01] numArcs: [723661] numFixed: [78522] time: [12]
STATS - lpIterations[1] lagIterations[38] sspIterations[142] numSeparations[129] numCuts[0] compileTime[0] sspSolveTime[8] lpSolveTime[0] lb[2977.87] ub[4761.01] numArcs: [724360] numFixed: [79486] time: [12]
STATS - lpIterations[1] lagIterations[38] sspIterations[142] numSeparations[129] numCuts[0] compileTime[0] sspSolveTime[8] lpSolveTime[0] lb[2982.33] ub[4761.01] numArcs: [724360] numFixed: [79486] time: [12]
STATS - lpIterations[1] lagIterations[39] sspIterations[152] numSeparations[134] numCuts[0] compileTime[0] sspSolveTime[8] lpSolveTime[0] lb[3025.36] ub[4761.01] numArcs: [724700] numFixed: [80185] time: [13]
STATS - lpIterations[1] lagIterations[39] sspIterations[152] numSeparations[134] numCuts[0] compileTime[0] sspSolveTime[8] lpSolveTime[0] lb[3034.88] ub[4761.01] numArcs: [724700] numFixed: [80185] time: [13]
STATS - lpIterations[1] lagIterations[40] sspIterations[155] numSeparations[144] numCuts[0] compileTime[0] sspSolveTime[9] lpSolveTime[0] lb[3058.19] ub[4761.01] numArcs: [725540] numFixed: [91307] time: [13]
STATS - lpIterations[1] lagIterations[41] sspIterations[172] numSeparations[147] numCuts[0] compileTime[0] sspSolveTime[10] lpSolveTime[0] lb[3067.14] ub[4761.01] numArcs: [725874] numFixed: [91307] time: [14]
STATS - lpIterations[1] lagIterations[41] sspIterations[172] numSeparations[147] numCuts[0] compileTime[0] sspSolveTime[10] lpSolveTime[0] lb[3106.69] ub[4761.01] numArcs: [725874] numFixed: [91307] time: [15]
STATS - lpIterations[1] lagIterations[42] sspIterations[185] numSeparations[164] numCuts[0] compileTime[0] sspSolveTime[10] lpSolveTime[0] lb[3111.83] ub[4761.01] numArcs: [727924] numFixed: [94192] time: [15]
STATS - lpIterations[1] lagIterations[42] sspIterations[185] numSeparations[164] numCuts[0] compileTime[0] sspSolveTime[10] lpSolveTime[0] lb[3115.51] ub[4761.01] numArcs: [727924] numFixed: [94192] time: [15]
STATS - lpIterations[1] lagIterations[43] sspIterations[193] numSeparations[177] numCuts[0] compileTime[0] sspSolveTime[11] lpSolveTime[0] lb[3122.9] ub[4761.01] numArcs: [729436] numFixed: [94352] time: [16]
STATS - lpIterations[1] lagIterations[43] sspIterations[193] numSeparations[177] numCuts[0] compileTime[0] sspSolveTime[11] lpSolveTime[0] lb[3127.51] ub[4761.01] numArcs: [729436] numFixed: [94352] time: [16]
STATS - lpIterations[1] lagIterations[44] sspIterations[203] numSeparations[185] numCuts[0] compileTime[0] sspSolveTime[11] lpSolveTime[0] lb[3145.73] ub[4761.01] numArcs: [730174] numFixed: [94822] time: [17]
STATS - lpIterations[1] lagIterations[44] sspIterations[203] numSeparations[185] numCuts[0] compileTime[0] sspSolveTime[11] lpSolveTime[0] lb[3158.51] ub[4761.01] numArcs: [730174] numFixed: [94822] time: [17]
STATS - lpIterations[1] lagIterations[45] sspIterations[210] numSeparations[195] numCuts[0] compileTime[0] sspSolveTime[11] lpSolveTime[0] lb[3175.18] ub[4761.01] numArcs: [731551] numFixed: [96294] time: [17]
STATS - lpIterations[1] lagIterations[45] sspIterations[210] numSeparations[195] numCuts[0] compileTime[0] sspSolveTime[11] lpSolveTime[0] lb[3175.24] ub[4761.01] numArcs: [731551] numFixed: [96294] time: [17]
STATS - lpIterations[1] lagIterations[46] sspIterations[222] numSeparations[202] numCuts[0] compileTime[0] sspSolveTime[12] lpSolveTime[0] lb[3204.07] ub[4761.01] numArcs: [732021] numFixed: [96294] time: [18]
STATS - lpIterations[1] lagIterations[46] sspIterations[222] numSeparations[202] numCuts[0] compileTime[0] sspSolveTime[12] lpSolveTime[0] lb[3213.51] ub[4761.01] numArcs: [732021] numFixed: [96294] time: [18]
STATS - lpIterations[1] lagIterations[47] sspIterations[231] numSeparations[214] numCuts[0] compileTime[0] sspSolveTime[12] lpSolveTime[0] lb[3221.19] ub[4761.01] numArcs: [732941] numFixed: [96294] time: [18]
STATS - lpIterations[1] lagIterations[47] sspIterations[231] numSeparations[214] numCuts[0] compileTime[0] sspSolveTime[12] lpSolveTime[0] lb[3229.67] ub[4761.01] numArcs: [732941] numFixed: [96294] time: [19]
STATS - lpIterations[1] lagIterations[48] sspIterations[242] numSeparations[223] numCuts[0] compileTime[0] sspSolveTime[13] lpSolveTime[0] lb[3240.98] ub[4761.01] numArcs: [733632] numFixed: [127733] time: [19]
STATS - lpIterations[1] lagIterations[48] sspIterations[242] numSeparations[223] numCuts[0] compileTime[0] sspSolveTime[13] lpSolveTime[0] lb[3245.74] ub[4761.01] numArcs: [733632] numFixed: [127733] time: [19]
STATS - lpIterations[1] lagIterations[49] sspIterations[252] numSeparations[234] numCuts[0] compileTime[0] sspSolveTime[13] lpSolveTime[0] lb[3258.42] ub[4761.01] numArcs: [734793] numFixed: [128251] time: [20]
STATS - lpIterations[1] lagIterations[49] sspIterations[252] numSeparations[234] numCuts[0] compileTime[0] sspSolveTime[13] lpSolveTime[0] lb[3264.73] ub[4761.01] numArcs: [734793] numFixed: [128251] time: [20]
STATS - lpIterations[1] lagIterations[50] sspIterations[260] numSeparations[244] numCuts[0] compileTime[0] sspSolveTime[14] lpSolveTime[0] lb[3285.31] ub[4761.01] numArcs: [735549] numFixed: [128251] time: [20]
STATS - lpIterations[1] lagIterations[50] sspIterations[260] numSeparations[244] numCuts[0] compileTime[0] sspSolveTime[14] lpSolveTime[0] lb[3286.9] ub[4761.01] numArcs: [735549] numFixed: [128251] time: [21]
STATS - lpIterations[1] lagIterations[51] sspIterations[274] numSeparations[252] numCuts[0] compileTime[0] sspSolveTime[14] lpSolveTime[0] lb[3300.48] ub[4761.01] numArcs: [736117] numFixed: [128876] time: [21]
STATS - lpIterations[1] lagIterations[51] sspIterations[274] numSeparations[252] numCuts[0] compileTime[0] sspSolveTime[14] lpSolveTime[0] lb[3311.26] ub[4761.01] numArcs: [736117] numFixed: [128876] time: [22]
STATS - lpIterations[1] lagIterations[52] sspIterations[282] numSeparations[266] numCuts[0] compileTime[0] sspSolveTime[15] lpSolveTime[0] lb[3322.09] ub[4761.01] numArcs: [737031] numFixed: [128876] time: [22]
STATS - lpIterations[1] lagIterations[52] sspIterations[282] numSeparations[266] numCuts[0] compileTime[0] sspSolveTime[15] lpSolveTime[0] lb[3327.8] ub[4761.01] numArcs: [737031] numFixed: [128876] time: [22]
STATS - lpIterations[1] lagIterations[53] sspIterations[293] numSeparations[274] numCuts[0] compileTime[0] sspSolveTime[15] lpSolveTime[0] lb[3347.07] ub[4761.01] numArcs: [737686] numFixed: [128876] time: [23]
STATS - lpIterations[1] lagIterations[53] sspIterations[293] numSeparations[274] numCuts[0] compileTime[0] sspSolveTime[15] lpSolveTime[0] lb[3348.06] ub[4761.01] numArcs: [737686] numFixed: [128876] time: [23]
STATS - lpIterations[1] lagIterations[54] sspIterations[306] numSeparations[285] numCuts[0] compileTime[0] sspSolveTime[16] lpSolveTime[0] lb[3350.76] ub[4761.01] numArcs: [738416] numFixed: [129003] time: [24]
STATS - lpIterations[1] lagIterations[54] sspIterations[306] numSeparations[285] numCuts[0] compileTime[0] sspSolveTime[16] lpSolveTime[0] lb[3365.54] ub[4761.01] numArcs: [738416] numFixed: [129003] time: [24]
STATS - lpIterations[1] lagIterations[55] sspIterations[313] numSeparations[298] numCuts[0] compileTime[0] sspSolveTime[16] lpSolveTime[0] lb[3387.55] ub[4761.01] numArcs: [739446] numFixed: [129003] time: [24]
STATS - lpIterations[1] lagIterations[56] sspIterations[328] numSeparations[305] numCuts[0] compileTime[0] sspSolveTime[17] lpSolveTime[0] lb[3390.84] ub[4761.01] numArcs: [739843] numFixed: [129003] time: [25]
STATS - lpIterations[1] lagIterations[56] sspIterations[328] numSeparations[305] numCuts[0] compileTime[0] sspSolveTime[17] lpSolveTime[0] lb[3419.6] ub[4761.01] numArcs: [739843] numFixed: [129003] time: [25]
STATS - lpIterations[1] lagIterations[57] sspIterations[340] numSeparations[320] numCuts[0] compileTime[0] sspSolveTime[17] lpSolveTime[0] lb[3422.58] ub[4761.01] numArcs: [741099] numFixed: [129003] time: [26]
STATS - lpIterations[1] lagIterations[57] sspIterations[340] numSeparations[320] numCuts[0] compileTime[0] sspSolveTime[17] lpSolveTime[0] lb[3429.61] ub[4761.01] numArcs: [741099] numFixed: [129003] time: [26]
STATS - lpIterations[1] lagIterations[58] sspIterations[353] numSeparations[332] numCuts[0] compileTime[0] sspSolveTime[18] lpSolveTime[0] lb[3437.82] ub[4761.01] numArcs: [741816] numFixed: [129183] time: [27]
STATS - lpIterations[1] lagIterations[59] sspIterations[363] numSeparations[345] numCuts[0] compileTime[0] sspSolveTime[19] lpSolveTime[0] lb[3443.8] ub[4761.01] numArcs: [742584] numFixed: [129183] time: [28]
STATS - lpIterations[1] lagIterations[60] sspIterations[378] numSeparations[355] numCuts[0] compileTime[0] sspSolveTime[19] lpSolveTime[0] lb[3460.46] ub[4761.01] numArcs: [743165] numFixed: [129183] time: [29]
STATS - lpIterations[1] lagIterations[60] sspIterations[378] numSeparations[355] numCuts[0] compileTime[0] sspSolveTime[19] lpSolveTime[0] lb[3463.42] ub[4761.01] numArcs: [743165] numFixed: [129183] time: [29]
STATS - lpIterations[1] lagIterations[61] sspIterations[389] numSeparations[370] numCuts[0] compileTime[0] sspSolveTime[20] lpSolveTime[0] lb[3465.93] ub[4761.01] numArcs: [744658] numFixed: [130402] time: [30]
STATS - lpIterations[1] lagIterations[62] sspIterations[397] numSeparations[381] numCuts[0] compileTime[0] sspSolveTime[20] lpSolveTime[0] lb[3479.86] ub[4761.01] numArcs: [745481] numFixed: [130402] time: [31]
STATS - lpIterations[1] lagIterations[63] sspIterations[419] numSeparations[389] numCuts[0] compileTime[0] sspSolveTime[22] lpSolveTime[0] lb[3502.56] ub[4761.01] numArcs: [745955] numFixed: [130737] time: [32]
STATS - lpIterations[1] lagIterations[64] sspIterations[430] numSeparations[411] numCuts[0] compileTime[0] sspSolveTime[22] lpSolveTime[0] lb[3514.12] ub[4761.01] numArcs: [747699] numFixed: [131359] time: [33]
STATS - lpIterations[1] lagIterations[65] sspIterations[447] numSeparations[421] numCuts[0] compileTime[0] sspSolveTime[23] lpSolveTime[0] lb[3523.55] ub[4761.01] numArcs: [748138] numFixed: [131994] time: [35]
STATS - lpIterations[1] lagIterations[66] sspIterations[459] numSeparations[438] numCuts[0] compileTime[0] sspSolveTime[24] lpSolveTime[0] lb[3534.83] ub[4761.01] numArcs: [749180] numFixed: [131994] time: [35]
STATS - lpIterations[1] lagIterations[67] sspIterations[470] numSeparations[450] numCuts[0] compileTime[0] sspSolveTime[24] lpSolveTime[0] lb[3538.44] ub[4761.01] numArcs: [750084] numFixed: [132162] time: [36]
STATS - lpIterations[1] lagIterations[68] sspIterations[486] numSeparations[461] numCuts[0] compileTime[0] sspSolveTime[25] lpSolveTime[0] lb[3548.34] ub[4761.01] numArcs: [750647] numFixed: [132162] time: [37]
STATS - lpIterations[1] lagIterations[69] sspIterations[498] numSeparations[477] numCuts[0] compileTime[0] sspSolveTime[26] lpSolveTime[0] lb[3558.67] ub[4761.01] numArcs: [751836] numFixed: [132162] time: [38]
STATS - lpIterations[1] lagIterations[69] sspIterations[498] numSeparations[477] numCuts[0] compileTime[0] sspSolveTime[26] lpSolveTime[0] lb[3558.94] ub[4761.01] numArcs: [751836] numFixed: [132162] time: [39]
STATS - lpIterations[1] lagIterations[70] sspIterations[514] numSeparations[489] numCuts[0] compileTime[0] sspSolveTime[26] lpSolveTime[0] lb[3565.27] ub[4761.01] numArcs: [752942] numFixed: [132988] time: [39]
STATS - lpIterations[1] lagIterations[71] sspIterations[522] numSeparations[505] numCuts[0] compileTime[0] sspSolveTime[27] lpSolveTime[0] lb[3577.8] ub[4761.01] numArcs: [753753] numFixed: [132988] time: [40]
STATS - lpIterations[1] lagIterations[72] sspIterations[545] numSeparations[513] numCuts[0] compileTime[0] sspSolveTime[28] lpSolveTime[0] lb[3587.19] ub[4761.01] numArcs: [754121] numFixed: [132988] time: [42]
STATS - lpIterations[1] lagIterations[73] sspIterations[559] numSeparations[536] numCuts[0] compileTime[0] sspSolveTime[29] lpSolveTime[0] lb[3607.52] ub[4761.01] numArcs: [755881] numFixed: [133264] time: [43]
STATS - lpIterations[1] lagIterations[75] sspIterations[585] numSeparations[561] numCuts[0] compileTime[0] sspSolveTime[30] lpSolveTime[0] lb[3608.54] ub[4761.01] numArcs: [757162] numFixed: [133264] time: [45]
STATS - lpIterations[1] lagIterations[76] sspIterations[596] numSeparations[575] numCuts[0] compileTime[0] sspSolveTime[31] lpSolveTime[0] lb[3612.91] ub[4761.01] numArcs: [757855] numFixed: [133605] time: [46]
STATS - lpIterations[1] lagIterations[77] sspIterations[611] numSeparations[586] numCuts[0] compileTime[0] sspSolveTime[32] lpSolveTime[0] lb[3621.9] ub[4761.01] numArcs: [758402] numFixed: [138387] time: [48]
STATS - lpIterations[1] lagIterations[78] sspIterations[621] numSeparations[601] numCuts[0] compileTime[0] sspSolveTime[32] lpSolveTime[0] lb[3636.68] ub[4761.01] numArcs: [759917] numFixed: [138885] time: [49]
STATS - lpIterations[1] lagIterations[80] sspIterations[650] numSeparations[628] numCuts[0] compileTime[0] sspSolveTime[34] lpSolveTime[0] lb[3642.24] ub[4761.01] numArcs: [761715] numFixed: [139048] time: [51]
STATS - lpIterations[1] lagIterations[82] sspIterations[679] numSeparations[654] numCuts[0] compileTime[0] sspSolveTime[36] lpSolveTime[0] lb[3657.32] ub[4761.01] numArcs: [763110] numFixed: [139855] time: [54]
STATS - lpIterations[1] lagIterations[83] sspIterations[690] numSeparations[668] numCuts[0] compileTime[0] sspSolveTime[36] lpSolveTime[0] lb[3665.2] ub[4761.01] numArcs: [763584] numFixed: [140491] time: [55]
STATS - lpIterations[1] lagIterations[84] sspIterations[704] numSeparations[679] numCuts[0] compileTime[0] sspSolveTime[37] lpSolveTime[0] lb[3676.3] ub[4761.01] numArcs: [764296] numFixed: [140491] time: [56]
STATS - lpIterations[1] lagIterations[87] sspIterations[744] numSeparations[720] numCuts[0] compileTime[0] sspSolveTime[39] lpSolveTime[0] lb[3688.77] ub[4761.01] numArcs: [766920] numFixed: [141809] time: [59]
STATS - lpIterations[1] lagIterations[88] sspIterations[758] numSeparations[730] numCuts[0] compileTime[0] sspSolveTime[40] lpSolveTime[0] lb[3694.43] ub[4761.01] numArcs: [767431] numFixed: [141809] time: [60]
STATS - lpIterations[1] lagIterations[90] sspIterations[787] numSeparations[759] numCuts[0] compileTime[0] sspSolveTime[41] lpSolveTime[0] lb[3697.32] ub[4761.01] numArcs: [768912] numFixed: [141980] time: [62]
STATS - lpIterations[1] lagIterations[91] sspIterations[799] numSeparations[771] numCuts[0] compileTime[0] sspSolveTime[41] lpSolveTime[0] lb[3710.98] ub[4761.01] numArcs: [769589] numFixed: [141980] time: [63]
STATS - lpIterations[1] lagIterations[93] sspIterations[827] numSeparations[801] numCuts[0] compileTime[0] sspSolveTime[43] lpSolveTime[0] lb[3721.53] ub[4761.01] numArcs: [771305] numFixed: [142454] time: [65]
STATS - lpIterations[1] lagIterations[95] sspIterations[862] numSeparations[832] numCuts[0] compileTime[0] sspSolveTime[45] lpSolveTime[0] lb[3741.62] ub[4761.01] numArcs: [773564] numFixed: [142901] time: [68]
STATS - lpIterations[1] lagIterations[98] sspIterations[906] numSeparations[874] numCuts[0] compileTime[0] sspSolveTime[48] lpSolveTime[0] lb[3761.24] ub[4761.01] numArcs: [775138] numFixed: [142901] time: [73]
STATS - lpIterations[1] lagIterations[100] sspIterations[939] numSeparations[903] numCuts[0] compileTime[0] sspSolveTime[50] lpSolveTime[0] lb[3762.29] ub[4761.01] numArcs: [777031] numFixed: [142901] time: [76]
STATS - lpIterations[1] lagIterations[101] sspIterations[955] numSeparations[916] numCuts[0] compileTime[0] sspSolveTime[51] lpSolveTime[0] lb[3764.14] ub[4761.01] numArcs: [777728] numFixed: [142901] time: [77]
STATS - lpIterations[1] lagIterations[102] sspIterations[966] numSeparations[930] numCuts[0] compileTime[0] sspSolveTime[51] lpSolveTime[0] lb[3771.24] ub[4761.01] numArcs: [778478] numFixed: [142901] time: [78]
STATS - lpIterations[1] lagIterations[104] sspIterations[998] numSeparations[958] numCuts[0] compileTime[0] sspSolveTime[53] lpSolveTime[0] lb[3781.57] ub[4761.01] numArcs: [779634] numFixed: [143345] time: [81]
STATS - lpIterations[1] lagIterations[107] sspIterations[1038] numSeparations[996] numCuts[0] compileTime[0] sspSolveTime[55] lpSolveTime[0] lb[3795.36] ub[4761.01] numArcs: [782140] numFixed: [143814] time: [85]
STATS - lpIterations[1] lagIterations[109] sspIterations[1070] numSeparations[1029] numCuts[0] compileTime[0] sspSolveTime[57] lpSolveTime[0] lb[3800.08] ub[4761.01] numArcs: [784105] numFixed: [145711] time: [88]
STATS - lpIterations[1] lagIterations[111] sspIterations[1102] numSeparations[1056] numCuts[0] compileTime[0] sspSolveTime[60] lpSolveTime[0] lb[3801.48] ub[4761.01] numArcs: [785576] numFixed: [145711] time: [91]
STATS - lpIterations[1] lagIterations[112] sspIterations[1113] numSeparations[1069] numCuts[0] compileTime[0] sspSolveTime[60] lpSolveTime[0] lb[3815.31] ub[4761.01] numArcs: [785929] numFixed: [145711] time: [92]
STATS - lpIterations[1] lagIterations[115] sspIterations[1161] numSeparations[1106] numCuts[0] compileTime[0] sspSolveTime[63] lpSolveTime[0] lb[3815.97] ub[4761.01] numArcs: [787696] numFixed: [146483] time: [97]
STATS - lpIterations[1] lagIterations[116] sspIterations[1172] numSeparations[1121] numCuts[0] compileTime[0] sspSolveTime[64] lpSolveTime[0] lb[3823.91] ub[4761.01] numArcs: [788700] numFixed: [146483] time: [98]
STATS - lpIterations[1] lagIterations[117] sspIterations[1190] numSeparations[1131] numCuts[0] compileTime[0] sspSolveTime[65] lpSolveTime[0] lb[3827.13] ub[4761.01] numArcs: [789197] numFixed: [146483] time: [99]
STATS - lpIterations[1] lagIterations[119] sspIterations[1221] numSeparations[1165] numCuts[0] compileTime[0] sspSolveTime[67] lpSolveTime[0] lb[3833.58] ub[4761.01] numArcs: [791239] numFixed: [147064] time: [102]
STATS - lpIterations[1] lagIterations[121] sspIterations[1250] numSeparations[1194] numCuts[0] compileTime[0] sspSolveTime[69] lpSolveTime[0] lb[3835.46] ub[4761.01] numArcs: [792899] numFixed: [147212] time: [106]
STATS - lpIterations[1] lagIterations[123] sspIterations[1279] numSeparations[1218] numCuts[0] compileTime[0] sspSolveTime[71] lpSolveTime[0] lb[3844.81] ub[4761.01] numArcs: [793929] numFixed: [147212] time: [108]
STATS - lpIterations[1] lagIterations[124] sspIterations[1288] numSeparations[1231] numCuts[0] compileTime[0] sspSolveTime[71] lpSolveTime[0] lb[3850.58] ub[4761.01] numArcs: [794720] numFixed: [147212] time: [110]
STATS - lpIterations[1] lagIterations[128] sspIterations[1360] numSeparations[1289] numCuts[0] compileTime[0] sspSolveTime[76] lpSolveTime[0] lb[3864.62] ub[4761.01] numArcs: [797697] numFixed: [147748] time: [117]
STATS - lpIterations[1] lagIterations[131] sspIterations[1413] numSeparations[1332] numCuts[0] compileTime[0] sspSolveTime[79] lpSolveTime[0] lb[3867.1] ub[4761.01] numArcs: [799972] numFixed: [148673] time: [122]
STATS - lpIterations[1] lagIterations[133] sspIterations[1446] numSeparations[1359] numCuts[0] compileTime[0] sspSolveTime[81] lpSolveTime[0] lb[3871.46] ub[4761.01] numArcs: [801127] numFixed: [148673] time: [125]
STATS - lpIterations[1] lagIterations[135] sspIterations[1474] numSeparations[1381] numCuts[0] compileTime[0] sspSolveTime[83] lpSolveTime[0] lb[3876.51] ub[4761.01] numArcs: [802309] numFixed: [148831] time: [128]
STATS - lpIterations[1] lagIterations[137] sspIterations[1505] numSeparations[1405] numCuts[0] compileTime[0] sspSolveTime[86] lpSolveTime[0] lb[3878.58] ub[4761.01] numArcs: [803569] numFixed: [149002] time: [132]
STATS - lpIterations[1] lagIterations[138] sspIterations[1518] numSeparations[1418] numCuts[0] compileTime[0] sspSolveTime[86] lpSolveTime[0] lb[3880.33] ub[4761.01] numArcs: [804253] numFixed: [151254] time: [133]
STATS - lpIterations[1] lagIterations[140] sspIterations[1552] numSeparations[1441] numCuts[0] compileTime[0] sspSolveTime[88] lpSolveTime[0] lb[3883.16] ub[4761.01] numArcs: [805300] numFixed: [152255] time: [136]
STATS - lpIterations[1] lagIterations[141] sspIterations[1568] numSeparations[1454] numCuts[0] compileTime[0] sspSolveTime[89] lpSolveTime[0] lb[3891.88] ub[4761.01] numArcs: [805902] numFixed: [152255] time: [138]
STATS - lpIterations[1] lagIterations[143] sspIterations[1595] numSeparations[1480] numCuts[0] compileTime[0] sspSolveTime[91] lpSolveTime[0] lb[3895.65] ub[4761.01] numArcs: [807128] numFixed: [152255] time: [141]
STATS - lpIterations[1] lagIterations[145] sspIterations[1625] numSeparations[1507] numCuts[0] compileTime[0] sspSolveTime[93] lpSolveTime[0] lb[3896.03] ub[4761.01] numArcs: [808552] numFixed: [152255] time: [144]
STATS - lpIterations[1] lagIterations[147] sspIterations[1660] numSeparations[1527] numCuts[0] compileTime[0] sspSolveTime[95] lpSolveTime[0] lb[3896.7] ub[4761.01] numArcs: [809381] numFixed: [152255] time: [147]
STATS - lpIterations[1] lagIterations[148] sspIterations[1673] numSeparations[1542] numCuts[0] compileTime[0] sspSolveTime[96] lpSolveTime[0] lb[3903.43] ub[4761.01] numArcs: [810143] numFixed: [152413] time: [148]
STATS - lpIterations[1] lagIterations[150] sspIterations[1707] numSeparations[1573] numCuts[0] compileTime[0] sspSolveTime[98] lpSolveTime[0] lb[3907.9] ub[4761.01] numArcs: [811841] numFixed: [152869] time: [152]
STATS - lpIterations[1] lagIterations[152] sspIterations[1741] numSeparations[1598] numCuts[0] compileTime[0] sspSolveTime[100] lpSolveTime[0] lb[3908.29] ub[4761.01] numArcs: [812742] numFixed: [152869] time: [155]
STATS - lpIterations[1] lagIterations[154] sspIterations[1769] numSeparations[1622] numCuts[0] compileTime[0] sspSolveTime[102] lpSolveTime[0] lb[3910.65] ub[4761.01] numArcs: [813555] numFixed: [152869] time: [158]
STATS - lpIterations[1] lagIterations[156] sspIterations[1797] numSeparations[1647] numCuts[0] compileTime[0] sspSolveTime[104] lpSolveTime[0] lb[3917.81] ub[4761.01] numArcs: [814801] numFixed: [154265] time: [162]
STATS - lpIterations[1] lagIterations[158] sspIterations[1836] numSeparations[1674] numCuts[0] compileTime[0] sspSolveTime[106] lpSolveTime[0] lb[3921.83] ub[4761.01] numArcs: [815855] numFixed: [154428] time: [165]
STATS - lpIterations[1] lagIterations[162] sspIterations[1900] numSeparations[1730] numCuts[0] compileTime[0] sspSolveTime[110] lpSolveTime[0] lb[3928.01] ub[4761.01] numArcs: [818737] numFixed: [154720] time: [172]
STATS - lpIterations[1] lagIterations[166] sspIterations[1962] numSeparations[1780] numCuts[0] compileTime[0] sspSolveTime[115] lpSolveTime[0] lb[3928.38] ub[4761.01] numArcs: [820690] numFixed: [154720] time: [179]
STATS - lpIterations[1] lagIterations[168] sspIterations[1990] numSeparations[1800] numCuts[0] compileTime[0] sspSolveTime[116] lpSolveTime[0] lb[3936.55] ub[4761.01] numArcs: [821685] numFixed: [154720] time: [182]
STATS - lpIterations[1] lagIterations[169] sspIterations[2005] numSeparations[1811] numCuts[0] compileTime[0] sspSolveTime[117] lpSolveTime[0] lb[3940.04] ub[4761.01] numArcs: [822077] numFixed: [154720] time: [184]
STATS - lpIterations[1] lagIterations[173] sspIterations[2069] numSeparations[1860] numCuts[0] compileTime[0] sspSolveTime[122] lpSolveTime[0] lb[3941.52] ub[4761.01] numArcs: [824459] numFixed: [154720] time: [191]
STATS - lpIterations[1] lagIterations[175] sspIterations[2100] numSeparations[1884] numCuts[0] compileTime[0] sspSolveTime[124] lpSolveTime[0] lb[3942.61] ub[4761.01] numArcs: [825714] numFixed: [154720] time: [194]
STATS - lpIterations[1] lagIterations[177] sspIterations[2130] numSeparations[1911] numCuts[0] compileTime[0] sspSolveTime[126] lpSolveTime[0] lb[3950.03] ub[4761.01] numArcs: [826996] numFixed: [154943] time: [198]
STATS - lpIterations[1] lagIterations[179] sspIterations[2160] numSeparations[1937] numCuts[0] compileTime[0] sspSolveTime[128] lpSolveTime[0] lb[3952.44] ub[4761.01] numArcs: [828809] numFixed: [156228] time: [201]
STATS - lpIterations[1] lagIterations[181] sspIterations[2199] numSeparations[1967] numCuts[0] compileTime[0] sspSolveTime[131] lpSolveTime[0] lb[3953.09] ub[4761.01] numArcs: [830376] numFixed: [156575] time: [205]
STATS - lpIterations[1] lagIterations[183] sspIterations[2239] numSeparations[1999] numCuts[0] compileTime[0] sspSolveTime[134] lpSolveTime[0] lb[3955.05] ub[4761.01] numArcs: [831659] numFixed: [156730] time: [210]
STATS - lpIterations[1] lagIterations[186] sspIterations[2281] numSeparations[2036] numCuts[0] compileTime[0] sspSolveTime[137] lpSolveTime[0] lb[3960.98] ub[4761.01] numArcs: [833448] numFixed: [157015] time: [215]
STATS - lpIterations[1] lagIterations[188] sspIterations[2317] numSeparations[2065] numCuts[0] compileTime[0] sspSolveTime[140] lpSolveTime[0] lb[3963.14] ub[4761.01] numArcs: [834822] numFixed: [158851] time: [219]
STATS - lpIterations[1] lagIterations[191] sspIterations[2368] numSeparations[2103] numCuts[0] compileTime[0] sspSolveTime[143] lpSolveTime[0] lb[3964.55] ub[4761.01] numArcs: [836881] numFixed: [159321] time: [225]
STATS - lpIterations[1] lagIterations[194] sspIterations[2419] numSeparations[2145] numCuts[0] compileTime[0] sspSolveTime[147] lpSolveTime[0] lb[3966.15] ub[4761.01] numArcs: [838658] numFixed: [159615] time: [230]
STATS - lpIterations[1] lagIterations[198] sspIterations[2484] numSeparations[2196] numCuts[0] compileTime[0] sspSolveTime[151] lpSolveTime[0] lb[3972.54] ub[4761.01] numArcs: [841311] numFixed: [159776] time: [238]
STATS - lpIterations[1] lagIterations[203] sspIterations[2559] numSeparations[2254] numCuts[0] compileTime[0] sspSolveTime[157] lpSolveTime[0] lb[3972.64] ub[4761.01] numArcs: [843787] numFixed: [159945] time: [247]
STATS - lpIterations[1] lagIterations[205] sspIterations[2601] numSeparations[2284] numCuts[0] compileTime[0] sspSolveTime[160] lpSolveTime[0] lb[3982.63] ub[4761.01] numArcs: [845112] numFixed: [159945] time: [252]
STATS - lpIterations[1] lagIterations[215] sspIterations[2766] numSeparations[2411] numCuts[0] compileTime[0] sspSolveTime[173] lpSolveTime[0] lb[3990.93] ub[4761.01] numArcs: [850652] numFixed: [162655] time: [274]
STATS - lpIterations[1] lagIterations[221] sspIterations[2863] numSeparations[2480] numCuts[0] compileTime[0] sspSolveTime[179] lpSolveTime[0] lb[3994.91] ub[4761.01] numArcs: [854321] numFixed: [174124] time: [286]
STATS - lpIterations[1] lagIterations[225] sspIterations[2924] numSeparations[2533] numCuts[0] compileTime[0] sspSolveTime[183] lpSolveTime[0] lb[3996.53] ub[4761.01] numArcs: [856897] numFixed: [174376] time: [294]
STATS - lpIterations[1] lagIterations[228] sspIterations[2993] numSeparations[2584] numCuts[0] compileTime[0] sspSolveTime[188] lpSolveTime[0] lb[4005.2] ub[4761.01] numArcs: [859294] numFixed: [174919] time: [301]
STATS - lpIterations[1] lagIterations[240] sspIterations[3193] numSeparations[2735] numCuts[0] compileTime[0] sspSolveTime[201] lpSolveTime[0] lb[4007.09] ub[4761.01] numArcs: [865814] numFixed: [175566] time: [325]
STATS - lpIterations[1] lagIterations[242] sspIterations[3237] numSeparations[2766] numCuts[0] compileTime[0] sspSolveTime[204] lpSolveTime[0] lb[4008.8] ub[4761.01] numArcs: [867236] numFixed: [175877] time: [329]
STATS - lpIterations[1] lagIterations[244] sspIterations[3269] numSeparations[2794] numCuts[0] compileTime[0] sspSolveTime[206] lpSolveTime[0] lb[4011.38] ub[4761.01] numArcs: [868403] numFixed: [175877] time: [333]
STATS - lpIterations[1] lagIterations[246] sspIterations[3304] numSeparations[2816] numCuts[0] compileTime[0] sspSolveTime[208] lpSolveTime[0] lb[4012.78] ub[4761.01] numArcs: [869496] numFixed: [175877] time: [338]
STATS - lpIterations[1] lagIterations[248] sspIterations[3340] numSeparations[2837] numCuts[0] compileTime[0] sspSolveTime[211] lpSolveTime[0] lb[4014.82] ub[4761.01] numArcs: [870605] numFixed: [175877] time: [342]
STATS - lpIterations[1] lagIterations[252] sspIterations[3408] numSeparations[2882] numCuts[0] compileTime[0] sspSolveTime[216] lpSolveTime[0] lb[4016.13] ub[4761.01] numArcs: [872378] numFixed: [175877] time: [351]
STATS - lpIterations[1] lagIterations[254] sspIterations[3441] numSeparations[2906] numCuts[0] compileTime[0] sspSolveTime[219] lpSolveTime[0] lb[4016.81] ub[4761.01] numArcs: [873329] numFixed: [175877] time: [356]
STATS - lpIterations[1] lagIterations[256] sspIterations[3472] numSeparations[2928] numCuts[0] compileTime[0] sspSolveTime[221] lpSolveTime[0] lb[4021.61] ub[4761.01] numArcs: [874035] numFixed: [175877] time: [360]
STATS - lpIterations[1] lagIterations[263] sspIterations[3591] numSeparations[3013] numCuts[0] compileTime[0] sspSolveTime[229] lpSolveTime[0] lb[4026.06] ub[4761.01] numArcs: [877679] numFixed: [176343] time: [375]
STATS - lpIterations[1] lagIterations[268] sspIterations[3673] numSeparations[3073] numCuts[0] compileTime[0] sspSolveTime[235] lpSolveTime[0] lb[4026.5] ub[4761.01] numArcs: [880929] numFixed: [177235] time: [387]
STATS - lpIterations[1] lagIterations[272] sspIterations[3742] numSeparations[3115] numCuts[0] compileTime[0] sspSolveTime[240] lpSolveTime[0] lb[4027.34] ub[4761.01] numArcs: [882539] numFixed: [177697] time: [396]
STATS - lpIterations[1] lagIterations[274] sspIterations[3774] numSeparations[3137] numCuts[0] compileTime[0] sspSolveTime[242] lpSolveTime[0] lb[4029.29] ub[4761.01] numArcs: [883657] numFixed: [178035] time: [400]
STATS - lpIterations[1] lagIterations[276] sspIterations[3809] numSeparations[3156] numCuts[0] compileTime[0] sspSolveTime[245] lpSolveTime[0] lb[4033.16] ub[4761.01] numArcs: [884573] numFixed: [178780] time: [405]
STATS - lpIterations[1] lagIterations[283] sspIterations[3929] numSeparations[3237] numCuts[0] compileTime[0] sspSolveTime[253] lpSolveTime[0] lb[4034.96] ub[4761.01] numArcs: [887832] numFixed: [178780] time: [421]
STATS - lpIterations[1] lagIterations[285] sspIterations[3960] numSeparations[3261] numCuts[0] compileTime[0] sspSolveTime[255] lpSolveTime[0] lb[4037.69] ub[4761.01] numArcs: [888553] numFixed: [178780] time: [426]
STATS - lpIterations[1] lagIterations[288] sspIterations[4016] numSeparations[3299] numCuts[0] compileTime[0] sspSolveTime[259] lpSolveTime[0] lb[4038.71] ub[4761.01] numArcs: [890699] numFixed: [178916] time: [433]
STATS - lpIterations[1] lagIterations[294] sspIterations[4112] numSeparations[3360] numCuts[0] compileTime[0] sspSolveTime[267] lpSolveTime[0] lb[4042.3] ub[4761.01] numArcs: [892992] numFixed: [179067] time: [448]
STATS - lpIterations[1] lagIterations[298] sspIterations[4182] numSeparations[3406] numCuts[0] compileTime[0] sspSolveTime[271] lpSolveTime[0] lb[4044.56] ub[4761.01] numArcs: [895191] numFixed: [179374] time: [458]
STATS - lpIterations[1] lagIterations[306] sspIterations[4316] numSeparations[3491] numCuts[0] compileTime[0] sspSolveTime[282] lpSolveTime[0] lb[4047.35] ub[4761.01] numArcs: [898863] numFixed: [180882] time: [480]
STATS - lpIterations[1] lagIterations[309] sspIterations[4364] numSeparations[3527] numCuts[0] compileTime[0] sspSolveTime[286] lpSolveTime[0] lb[4048.33] ub[4761.01] numArcs: [900503] numFixed: [180882] time: [487]
STATS - lpIterations[1] lagIterations[311] sspIterations[4402] numSeparations[3552] numCuts[0] compileTime[0] sspSolveTime[289] lpSolveTime[0] lb[4051.61] ub[4761.01] numArcs: [901404] numFixed: [181742] time: [493]
STATS - lpIterations[1] lagIterations[318] sspIterations[4515] numSeparations[3623] numCuts[0] compileTime[0] sspSolveTime[297] lpSolveTime[0] lb[4052.02] ub[4761.01] numArcs: [904917] numFixed: [181880] time: [509]
STATS - lpIterations[1] lagIterations[320] sspIterations[4546] numSeparations[3649] numCuts[0] compileTime[0] sspSolveTime[300] lpSolveTime[0] lb[4056.43] ub[4761.01] numArcs: [905934] numFixed: [181880] time: [513]
STATS - lpIterations[1] lagIterations[323] sspIterations[4599] numSeparations[3686] numCuts[0] compileTime[0] sspSolveTime[304] lpSolveTime[0] lb[4056.87] ub[4761.01] numArcs: [907532] numFixed: [182332] time: [521]
STATS - lpIterations[1] lagIterations[327] sspIterations[4659] numSeparations[3731] numCuts[0] compileTime[0] sspSolveTime[309] lpSolveTime[0] lb[4059.2] ub[4761.01] numArcs: [909896] numFixed: [182792] time: [531]
STATS - lpIterations[1] lagIterations[334] sspIterations[4794] numSeparations[3816] numCuts[0] compileTime[0] sspSolveTime[319] lpSolveTime[0] lb[4059.32] ub[4761.01] numArcs: [913355] numFixed: [182792] time: [550]
STATS - lpIterations[1] lagIterations[337] sspIterations[4840] numSeparations[3851] numCuts[0] compileTime[0] sspSolveTime[323] lpSolveTime[0] lb[4059.61] ub[4761.01] numArcs: [914835] numFixed: [182957] time: [558]
STATS - lpIterations[1] lagIterations[338] sspIterations[4855] numSeparations[3858] numCuts[0] compileTime[0] sspSolveTime[325] lpSolveTime[0] lb[4060.31] ub[4761.01] numArcs: [915169] numFixed: [182957] time: [561]
STATS - lpIterations[1] lagIterations[339] sspIterations[4872] numSeparations[3869] numCuts[0] compileTime[0] sspSolveTime[326] lpSolveTime[0] lb[4060.35] ub[4761.01] numArcs: [915498] numFixed: [182957] time: [563]
STATS - lpIterations[1] lagIterations[340] sspIterations[4887] numSeparations[3877] numCuts[0] compileTime[0] sspSolveTime[327] lpSolveTime[0] lb[4064.22] ub[4761.01] numArcs: [915715] numFixed: [182957] time: [566]
STATS - lpIterations[1] lagIterations[349] sspIterations[5035] numSeparations[3970] numCuts[0] compileTime[0] sspSolveTime[339] lpSolveTime[0] lb[4064.53] ub[4761.01] numArcs: [919481] numFixed: [182957] time: [590]
STATS - lpIterations[1] lagIterations[351] sspIterations[5077] numSeparations[3993] numCuts[0] compileTime[0] sspSolveTime[342] lpSolveTime[0] lb[4064.74] ub[4761.01] numArcs: [920440] numFixed: [182957] time: [595]
STATS - lpIterations[1] lagIterations[353] sspIterations[5113] numSeparations[4014] numCuts[0] compileTime[0] sspSolveTime[345] lpSolveTime[0] lb[4066.7] ub[4761.01] numArcs: [921391] numFixed: [182957] time: [601]
STATS - lpIterations[1] lagIterations[355] sspIterations[5143] numSeparations[4036] numCuts[0] compileTime[0] sspSolveTime[348] lpSolveTime[0] lb[4068.91] ub[4761.01] numArcs: [922111] numFixed: [182957] time: [607]
STATS - lpIterations[1] lagIterations[361] sspIterations[5249] numSeparations[4111] numCuts[0] compileTime[0] sspSolveTime[359] lpSolveTime[0] lb[4072.53] ub[4761.01] numArcs: [925382] numFixed: [183244] time: [629]
STATS - lpIterations[1] lagIterations[372] sspIterations[5448] numSeparations[4237] numCuts[0] compileTime[0] sspSolveTime[376] lpSolveTime[0] lb[4074.89] ub[4761.01] numArcs: [930175] numFixed: [183376] time: [664]
STATS - lpIterations[1] lagIterations[380] sspIterations[5583] numSeparations[4324] numCuts[0] compileTime[0] sspSolveTime[389] lpSolveTime[0] lb[4077.26] ub[4761.01] numArcs: [933300] numFixed: [183376] time: [689]
STATS - lpIterations[1] lagIterations[389] sspIterations[5736] numSeparations[4418] numCuts[0] compileTime[0] sspSolveTime[405] lpSolveTime[0] lb[4077.75] ub[4761.01] numArcs: [937214] numFixed: [184439] time: [720]
STATS - lpIterations[1] lagIterations[391] sspIterations[5771] numSeparations[4439] numCuts[0] compileTime[0] sspSolveTime[408] lpSolveTime[0] lb[4079.28] ub[4761.01] numArcs: [938007] numFixed: [184439] time: [726]
STATS - lpIterations[1] lagIterations[393] sspIterations[5808] numSeparations[4463] numCuts[0] compileTime[0] sspSolveTime[412] lpSolveTime[0] lb[4081.23] ub[4761.01] numArcs: [939534] numFixed: [184439] time: [733]
STATS - lpIterations[1] lagIterations[396] sspIterations[5859] numSeparations[4497] numCuts[0] compileTime[0] sspSolveTime[417] lpSolveTime[0] lb[4082.05] ub[4761.01] numArcs: [940793] numFixed: [184439] time: [743]
STATS - lpIterations[1] lagIterations[403] sspIterations[5971] numSeparations[4561] numCuts[0] compileTime[0] sspSolveTime[427] lpSolveTime[0] lb[4082.31] ub[4761.01] numArcs: [943354] numFixed: [184439] time: [763]
STATS - lpIterations[1] lagIterations[405] sspIterations[6005] numSeparations[4577] numCuts[0] compileTime[0] sspSolveTime[430] lpSolveTime[0] lb[4084.16] ub[4761.01] numArcs: [943887] numFixed: [184439] time: [770]
STATS - lpIterations[1] lagIterations[408] sspIterations[6057] numSeparations[4613] numCuts[0] compileTime[0] sspSolveTime[435] lpSolveTime[0] lb[4085.49] ub[4761.01] numArcs: [945514] numFixed: [185417] time: [780]
STATS - lpIterations[1] lagIterations[411] sspIterations[6105] numSeparations[4645] numCuts[0] compileTime[0] sspSolveTime[440] lpSolveTime[0] lb[4086.5] ub[4761.01] numArcs: [946966] numFixed: [186009] time: [790]
STATS - lpIterations[1] lagIterations[420] sspIterations[6263] numSeparations[4738] numCuts[0] compileTime[0] sspSolveTime[455] lpSolveTime[0] lb[4086.88] ub[4761.01] numArcs: [950696] numFixed: [186171] time: [820]
STATS - lpIterations[1] lagIterations[424] sspIterations[6331] numSeparations[4773] numCuts[0] compileTime[0] sspSolveTime[461] lpSolveTime[0] lb[4087.94] ub[4761.01] numArcs: [951977] numFixed: [186171] time: [833]
STATS - lpIterations[1] lagIterations[426] sspIterations[6366] numSeparations[4789] numCuts[0] compileTime[0] sspSolveTime[463] lpSolveTime[0] lb[4088.97] ub[4761.01] numArcs: [952526] numFixed: [186171] time: [838]
STATS - lpIterations[1] lagIterations[428] sspIterations[6399] numSeparations[4812] numCuts[0] compileTime[0] sspSolveTime[467] lpSolveTime[0] lb[4090.83] ub[4761.01] numArcs: [953612] numFixed: [186171] time: [844]
STATS - lpIterations[1] lagIterations[430] sspIterations[6435] numSeparations[4834] numCuts[0] compileTime[0] sspSolveTime[470] lpSolveTime[0] lb[4092.25] ub[4761.01] numArcs: [954379] numFixed: [186171] time: [851]
STATS - lpIterations[1] lagIterations[432] sspIterations[6467] numSeparations[4859] numCuts[0] compileTime[0] sspSolveTime[473] lpSolveTime[0] lb[4092.47] ub[4761.01] numArcs: [955318] numFixed: [186171] time: [857]
STATS - lpIterations[1] lagIterations[438] sspIterations[6582] numSeparations[4921] numCuts[0] compileTime[0] sspSolveTime[486] lpSolveTime[0] lb[4092.58] ub[4761.01] numArcs: [957699] numFixed: [186171] time: [882]
STATS - lpIterations[1] lagIterations[439] sspIterations[6599] numSeparations[4929] numCuts[0] compileTime[0] sspSolveTime[487] lpSolveTime[0] lb[4093.66] ub[4761.01] numArcs: [958117] numFixed: [186171] time: [885]
STATS - lpIterations[1] lagIterations[443] sspIterations[6667] numSeparations[4969] numCuts[0] compileTime[0] sspSolveTime[495] lpSolveTime[0] lb[4094.28] ub[4761.01] numArcs: [959748] numFixed: [186298] time: [901]
STATS - lpIterations[1] lagIterations[445] sspIterations[6697] numSeparations[4987] numCuts[0] compileTime[0] sspSolveTime[499] lpSolveTime[0] lb[4095.42] ub[4761.01] numArcs: [960766] numFixed: [186298] time: [908]
STATS - lpIterations[1] lagIterations[451] sspIterations[6801] numSeparations[5050] numCuts[0] compileTime[0] sspSolveTime[509] lpSolveTime[0] lb[4095.94] ub[4761.01] numArcs: [963390] numFixed: [186298] time: [929]
STATS - lpIterations[1] lagIterations[453] sspIterations[6842] numSeparations[5072] numCuts[0] compileTime[0] sspSolveTime[512] lpSolveTime[0] lb[4098.84] ub[4761.01] numArcs: [963907] numFixed: [186298] time: [935]
STATS - lpIterations[1] lagIterations[459] sspIterations[6938] numSeparations[5134] numCuts[0] compileTime[0] sspSolveTime[521] lpSolveTime[0] lb[4099.03] ub[4761.01] numArcs: [966413] numFixed: [186298] time: [953]
STATS - lpIterations[1] lagIterations[461] sspIterations[6982] numSeparations[5157] numCuts[0] compileTime[0] sspSolveTime[525] lpSolveTime[0] lb[4101.19] ub[4761.01] numArcs: [967448] numFixed: [186298] time: [959]
STATS - lpIterations[1] lagIterations[470] sspIterations[7146] numSeparations[5262] numCuts[0] compileTime[0] sspSolveTime[543] lpSolveTime[0] lb[4102.57] ub[4761.01] numArcs: [971231] numFixed: [186298] time: [992]
STATS - lpIterations[1] lagIterations[477] sspIterations[7270] numSeparations[5328] numCuts[0] compileTime[0] sspSolveTime[554] lpSolveTime[0] lb[4103.18] ub[4761.01] numArcs: [973749] numFixed: [186298] time: [1014]
STATS - lpIterations[1] lagIterations[481] sspIterations[7341] numSeparations[5372] numCuts[0] compileTime[0] sspSolveTime[562] lpSolveTime[0] lb[4104.69] ub[4761.01] numArcs: [975602] numFixed: [186298] time: [1029]
STATS - lpIterations[1] lagIterations[483] sspIterations[7380] numSeparations[5389] numCuts[0] compileTime[0] sspSolveTime[565] lpSolveTime[0] lb[4106.59] ub[4761.01] numArcs: [976497] numFixed: [186298] time: [1036]
STATS - lpIterations[1] lagIterations[497] sspIterations[7635] numSeparations[5524] numCuts[0] compileTime[0] sspSolveTime[591] lpSolveTime[0] lb[4108.33] ub[4761.01] numArcs: [981623] numFixed: [186614] time: [1091]
STATS - lpIterations[1] lagIterations[503] sspIterations[7735] numSeparations[5575] numCuts[0] compileTime[0] sspSolveTime[600] lpSolveTime[0] lb[4108.5] ub[4761.01] numArcs: [983809] numFixed: [186614] time: [1110]
STATS - lpIterations[1] lagIterations[510] sspIterations[7862] numSeparations[5645] numCuts[0] compileTime[0] sspSolveTime[613] lpSolveTime[0] lb[4109.55] ub[4761.01] numArcs: [986708] numFixed: [187201] time: [1135]
STATS - lpIterations[1] lagIterations[511] sspIterations[7876] numSeparations[5652] numCuts[0] compileTime[0] sspSolveTime[614] lpSolveTime[0] lb[4112.39] ub[4761.01] numArcs: [986893] numFixed: [187201] time: [1138]
STATS - lpIterations[1] lagIterations[522] sspIterations[8074] numSeparations[5769] numCuts[0] compileTime[0] sspSolveTime[634] lpSolveTime[0] lb[4112.61] ub[4761.01] numArcs: [991950] numFixed: [188191] time: [1180]
STATS - lpIterations[1] lagIterations[524] sspIterations[8121] numSeparations[5790] numCuts[0] compileTime[0] sspSolveTime[637] lpSolveTime[0] lb[4114.43] ub[4761.01] numArcs: [992674] numFixed: [188191] time: [1188]
STATS - lpIterations[1] lagIterations[526] sspIterations[8155] numSeparations[5807] numCuts[0] compileTime[0] sspSolveTime[640] lpSolveTime[0] lb[4115.55] ub[4761.01] numArcs: [993212] numFixed: [188191] time: [1194]
STATS - lpIterations[1] lagIterations[541] sspIterations[8419] numSeparations[5931] numCuts[0] compileTime[0] sspSolveTime[665] lpSolveTime[0] lb[4116.58] ub[4761.01] numArcs: [998931] numFixed: [188191] time: [1252]
STATS - lpIterations[1] lagIterations[548] sspIterations[8537] numSeparations[5992] numCuts[0] compileTime[0] sspSolveTime[679] lpSolveTime[0] lb[4118.79] ub[4761.01] numArcs: [1001156] numFixed: [188191] time: [1283]
STATS - lpIterations[1] lagIterations[552] sspIterations[8617] numSeparations[6024] numCuts[0] compileTime[0] sspSolveTime[688] lpSolveTime[0] lb[4118.82] ub[4761.01] numArcs: [1002558] numFixed: [188820] time: [1304]
STATS - lpIterations[1] lagIterations[559] sspIterations[8729] numSeparations[6078] numCuts[0] compileTime[0] sspSolveTime[700] lpSolveTime[0] lb[4120.34] ub[4761.01] numArcs: [1004507] numFixed: [188820] time: [1333]
STATS - lpIterations[1] lagIterations[569] sspIterations[8907] numSeparations[6164] numCuts[0] compileTime[0] sspSolveTime[720] lpSolveTime[0] lb[4122.05] ub[4761.01] numArcs: [1007953] numFixed: [188820] time: [1377]
STATS - lpIterations[1] lagIterations[579] sspIterations[9083] numSeparations[6240] numCuts[0] compileTime[0] sspSolveTime[737] lpSolveTime[0] lb[4122.44] ub[4761.01] numArcs: [1011026] numFixed: [188820] time: [1416]
STATS - lpIterations[1] lagIterations[583] sspIterations[9152] numSeparations[6272] numCuts[0] compileTime[0] sspSolveTime[744] lpSolveTime[0] lb[4123.69] ub[4761.01] numArcs: [1012514] numFixed: [188820] time: [1432]
STATS - lpIterations[1] lagIterations[587] sspIterations[9229] numSeparations[6307] numCuts[0] compileTime[0] sspSolveTime[753] lpSolveTime[0] lb[4123.81] ub[4761.01] numArcs: [1014048] numFixed: [188820] time: [1450]
STATS - lpIterations[1] lagIterations[590] sspIterations[9289] numSeparations[6339] numCuts[0] compileTime[0] sspSolveTime[760] lpSolveTime[0] lb[4125.81] ub[4761.01] numArcs: [1015145] numFixed: [188820] time: [1466]
STATS - lpIterations[1] lagIterations[611] sspIterations[9653] numSeparations[6500] numCuts[0] compileTime[0] sspSolveTime[797] lpSolveTime[0] lb[4126.2] ub[4761.01] numArcs: [1021603] numFixed: [189115] time: [1547]
STATS - lpIterations[1] lagIterations[613] sspIterations[9700] numSeparations[6521] numCuts[0] compileTime[0] sspSolveTime[801] lpSolveTime[0] lb[4126.48] ub[4761.01] numArcs: [1022862] numFixed: [189548] time: [1556]
STATS - lpIterations[1] lagIterations[614] sspIterations[9716] numSeparations[6529] numCuts[0] compileTime[0] sspSolveTime[803] lpSolveTime[0] lb[4126.56] ub[4761.01] numArcs: [1023093] numFixed: [189548] time: [1560]
STATS - lpIterations[1] lagIterations[618] sspIterations[9783] numSeparations[6556] numCuts[0] compileTime[0] sspSolveTime[810] lpSolveTime[0] lb[4127.4] ub[4761.01] numArcs: [1024154] numFixed: [189548] time: [1576]
STATS - lpIterations[1] lagIterations[623] sspIterations[9865] numSeparations[6589] numCuts[0] compileTime[0] sspSolveTime[820] lpSolveTime[0] lb[4128.46] ub[4761.01] numArcs: [1025707] numFixed: [189715] time: [1597]
STATS - lpIterations[1] lagIterations[629] sspIterations[9975] numSeparations[6644] numCuts[0] compileTime[0] sspSolveTime[832] lpSolveTime[0] lb[4130.49] ub[4761.01] numArcs: [1028120] numFixed: [189849] time: [1622]
STATS - lpIterations[1] lagIterations[640] sspIterations[10168] numSeparations[6737] numCuts[0] compileTime[0] sspSolveTime[857] lpSolveTime[0] lb[4131.94] ub[4761.01] numArcs: [1031614] numFixed: [189849] time: [1679]
STATS - lpIterations[1] lagIterations[648] sspIterations[10315] numSeparations[6800] numCuts[0] compileTime[0] sspSolveTime[876] lpSolveTime[0] lb[4132.27] ub[4761.01] numArcs: [1034519] numFixed: [189974] time: [1722]
STATS - lpIterations[1] lagIterations[657] sspIterations[10476] numSeparations[6873] numCuts[0] compileTime[0] sspSolveTime[896] lpSolveTime[0] lb[4132.42] ub[4761.01] numArcs: [1037403] numFixed: [189974] time: [1768]
STATS - lpIterations[1] lagIterations[659] sspIterations[10510] numSeparations[6891] numCuts[0] compileTime[0] sspSolveTime[900] lpSolveTime[0] lb[4133.2] ub[4761.01] numArcs: [1038250] numFixed: [189974] time: [1776]
STATS - lpIterations[1] lagIterations[664] sspIterations[10593] numSeparations[6925] numCuts[0] compileTime[0] sspSolveTime[909] lpSolveTime[0] lb[4134.94] ub[4761.01] numArcs: [1039457] numFixed: [189974] time: [1798]
STATS - lpIterations[1] lagIterations[677] sspIterations[10830] numSeparations[7027] numCuts[0] compileTime[0] sspSolveTime[933] lpSolveTime[0] lb[4135.18] ub[4761.01] numArcs: [1043629] numFixed: [189974] time: [1849]
STATS - lpIterations[1] lagIterations[681] sspIterations[10910] numSeparations[7067] numCuts[0] compileTime[0] sspSolveTime[941] lpSolveTime[0] lb[4136.06] ub[4761.01] numArcs: [1045576] numFixed: [190631] time: [1866]
STATS - lpIterations[1] lagIterations[693] sspIterations[11116] numSeparations[7144] numCuts[0] compileTime[0] sspSolveTime[962] lpSolveTime[0] lb[4136.08] ub[4761.01] numArcs: [1048572] numFixed: [190631] time: [1914]
STATS - lpIterations[1] lagIterations[694] sspIterations[11134] numSeparations[7154] numCuts[0] compileTime[0] sspSolveTime[964] lpSolveTime[0] lb[4137.33] ub[4761.01] numArcs: [1049120] numFixed: [190631] time: [1918]
STATS - lpIterations[1] lagIterations[705] sspIterations[11326] numSeparations[7237] numCuts[0] compileTime[0] sspSolveTime[984] lpSolveTime[0] lb[4138.92] ub[4761.01] numArcs: [1052355] numFixed: [191093] time: [1964]
STATS - lpIterations[1] lagIterations[711] sspIterations[11431] numSeparations[7277] numCuts[0] compileTime[0] sspSolveTime[994] lpSolveTime[0] lb[4139.45] ub[4761.01] numArcs: [1054078] numFixed: [191093] time: [1988]
STATS - lpIterations[1] lagIterations[716] sspIterations[11524] numSeparations[7320] numCuts[0] compileTime[0] sspSolveTime[1004] lpSolveTime[0] lb[4141.17] ub[4761.01] numArcs: [1055778] numFixed: [191093] time: [2009]
STATS - lpIterations[1] lagIterations[739] sspIterations[11924] numSeparations[7482] numCuts[0] compileTime[0] sspSolveTime[1045] lpSolveTime[0] lb[4143.21] ub[4761.01] numArcs: [1062191] numFixed: [191093] time: [2104]
STATS - lpIterations[1] lagIterations[762] sspIterations[12334] numSeparations[7658] numCuts[0] compileTime[0] sspSolveTime[1088] lpSolveTime[0] lb[4144.22] ub[4761.01] numArcs: [1069725] numFixed: [191529] time: [2200]
STATS - lpIterations[1] lagIterations[768] sspIterations[12447] numSeparations[7696] numCuts[0] compileTime[0] sspSolveTime[1099] lpSolveTime[0] lb[4144.29] ub[4761.01] numArcs: [1071414] numFixed: [191813] time: [2224]
STATS - lpIterations[1] lagIterations[773] sspIterations[12529] numSeparations[7728] numCuts[0] compileTime[0] sspSolveTime[1108] lpSolveTime[0] lb[4145.81] ub[4761.01] numArcs: [1072961] numFixed: [191813] time: [2245]
STATS - lpIterations[1] lagIterations[775] sspIterations[12567] numSeparations[7742] numCuts[0] compileTime[0] sspSolveTime[1112] lpSolveTime[0] lb[4146] ub[4761.01] numArcs: [1073611] numFixed: [191813] time: [2253]
STATS - lpIterations[1] lagIterations[781] sspIterations[12676] numSeparations[7790] numCuts[0] compileTime[0] sspSolveTime[1123] lpSolveTime[0] lb[4146.36] ub[4761.01] numArcs: [1075648] numFixed: [191813] time: [2280]
STATS - lpIterations[1] lagIterations[783] sspIterations[12715] numSeparations[7804] numCuts[0] compileTime[0] sspSolveTime[1127] lpSolveTime[0] lb[4146.8] ub[4761.01] numArcs: [1076348] numFixed: [191813] time: [2288]
STATS - lpIterations[1] lagIterations[789] sspIterations[12819] numSeparations[7839] numCuts[0] compileTime[0] sspSolveTime[1137] lpSolveTime[0] lb[4148.4] ub[4761.01] numArcs: [1077746] numFixed: [191813] time: [2312]
STATS - lpIterations[1] lagIterations[808] sspIterations[13157] numSeparations[7971] numCuts[0] compileTime[0] sspSolveTime[1172] lpSolveTime[0] lb[4148.75] ub[4761.01] numArcs: [1083336] numFixed: [191813] time: [2391]
STATS - lpIterations[1] lagIterations[813] sspIterations[13242] numSeparations[8008] numCuts[0] compileTime[0] sspSolveTime[1181] lpSolveTime[0] lb[4149.05] ub[4761.01] numArcs: [1084615] numFixed: [191813] time: [2411]
STATS - lpIterations[1] lagIterations[815] sspIterations[13275] numSeparations[8019] numCuts[0] compileTime[0] sspSolveTime[1184] lpSolveTime[0] lb[4149.19] ub[4761.01] numArcs: [1085043] numFixed: [191813] time: [2420]
STATS - lpIterations[1] lagIterations[826] sspIterations[13469] numSeparations[8089] numCuts[0] compileTime[0] sspSolveTime[1203] lpSolveTime[0] lb[4150.44] ub[4761.01] numArcs: [1087649] numFixed: [191908] time: [2466]
STATS - lpIterations[1] lagIterations[842] sspIterations[13748] numSeparations[8192] numCuts[0] compileTime[0] sspSolveTime[1233] lpSolveTime[0] lb[4151.51] ub[4761.01] numArcs: [1091819] numFixed: [191908] time: [2533]
STATS - lpIterations[1] lagIterations[849] sspIterations[13872] numSeparations[8246] numCuts[0] compileTime[0] sspSolveTime[1246] lpSolveTime[0] lb[4153.05] ub[4761.01] numArcs: [1093953] numFixed: [191908] time: [2565]
STATS - lpIterations[1] lagIterations[870] sspIterations[14245] numSeparations[8384] numCuts[0] compileTime[0] sspSolveTime[1284] lpSolveTime[0] lb[4153.34] ub[4761.01] numArcs: [1099621] numFixed: [192779] time: [2658]
STATS - lpIterations[1] lagIterations[877] sspIterations[14378] numSeparations[8435] numCuts[0] compileTime[0] sspSolveTime[1299] lpSolveTime[0] lb[4153.67] ub[4761.01] numArcs: [1101684] numFixed: [192779] time: [2690]
STATS - lpIterations[1] lagIterations[879] sspIterations[14420] numSeparations[8458] numCuts[0] compileTime[0] sspSolveTime[1305] lpSolveTime[0] lb[4155.46] ub[4761.01] numArcs: [1102504] numFixed: [192779] time: [2701]
STATS - lpIterations[1] lagIterations[905] sspIterations[14879] numSeparations[8620] numCuts[0] compileTime[0] sspSolveTime[1355] lpSolveTime[0] lb[4156.66] ub[4761.01] numArcs: [1109147] numFixed: [192779] time: [2818]
STATS - lpIterations[1] lagIterations[920] sspIterations[15159] numSeparations[8739] numCuts[0] compileTime[0] sspSolveTime[1386] lpSolveTime[0] lb[4157.84] ub[4761.01] numArcs: [1114159] numFixed: [193281] time: [2887]
STATS - lpIterations[1] lagIterations[937] sspIterations[15469] numSeparations[8864] numCuts[0] compileTime[0] sspSolveTime[1423] lpSolveTime[0] lb[4158.93] ub[4761.01] numArcs: [1118878] numFixed: [193436] time: [2962]
STATS - lpIterations[1] lagIterations[953] sspIterations[15744] numSeparations[8967] numCuts[0] compileTime[0] sspSolveTime[1455] lpSolveTime[0] lb[4159.23] ub[4761.01] numArcs: [1122852] numFixed: [193436] time: [3032]
STATS - lpIterations[1] lagIterations[964] sspIterations[15937] numSeparations[9039] numCuts[0] compileTime[0] sspSolveTime[1476] lpSolveTime[0] lb[4160.14] ub[4761.01] numArcs: [1125872] numFixed: [193436] time: [3081]
STATS - lpIterations[1] lagIterations[971] sspIterations[16058] numSeparations[9086] numCuts[0] compileTime[0] sspSolveTime[1490] lpSolveTime[0] lb[4160.6] ub[4761.01] numArcs: [1127716] numFixed: [193436] time: [3112]
STATS - lpIterations[1] lagIterations[975] sspIterations[16134] numSeparations[9117] numCuts[0] compileTime[0] sspSolveTime[1499] lpSolveTime[0] lb[4161.71] ub[4761.01] numArcs: [1128899] numFixed: [193436] time: [3130]
STATS - lpIterations[1] lagIterations[995] sspIterations[16489] numSeparations[9243] numCuts[0] compileTime[0] sspSolveTime[1539] lpSolveTime[0] lb[4161.8] ub[4761.01] numArcs: [1134642] numFixed: [194188] time: [3220]
STATS - lpIterations[1] lagIterations[1004] sspIterations[16657] numSeparations[9308] numCuts[0] compileTime[0] sspSolveTime[1558] lpSolveTime[0] lb[4162.33] ub[4761.01] numArcs: [1137316] numFixed: [194188] time: [3261]
STATS - lpIterations[1] lagIterations[1011] sspIterations[16786] numSeparations[9356] numCuts[0] compileTime[0] sspSolveTime[1574] lpSolveTime[0] lb[4162.68] ub[4761.01] numArcs: [1139082] numFixed: [194339] time: [3293]
STATS - lpIterations[1] lagIterations[1017] sspIterations[16894] numSeparations[9391] numCuts[0] compileTime[0] sspSolveTime[1585] lpSolveTime[0] lb[4162.89] ub[4761.01] numArcs: [1140579] numFixed: [194339] time: [3319]
STATS - lpIterations[1] lagIterations[1027] sspIterations[17066] numSeparations[9455] numCuts[0] compileTime[0] sspSolveTime[1605] lpSolveTime[0] lb[4163.73] ub[4761.01] numArcs: [1143182] numFixed: [194339] time: [3363]
STATS - lpIterations[1] lagIterations[1029] sspIterations[17106] numSeparations[9469] numCuts[0] compileTime[0] sspSolveTime[1610] lpSolveTime[0] lb[4164.07] ub[4761.01] numArcs: [1143616] numFixed: [194339] time: [3372]
STATS - lpIterations[1] lagIterations[1056] sspIterations[17575] numSeparations[9607] numCuts[0] compileTime[0] sspSolveTime[1662] lpSolveTime[0] lb[4164.45] ub[4761.01] numArcs: [1149005] numFixed: [194339] time: [3485]
STATS - lpIterations[1] lagIterations[1067] sspIterations[17774] numSeparations[9666] numCuts[0] compileTime[0] sspSolveTime[1683] lpSolveTime[0] lb[4164.66] ub[4761.01] numArcs: [1151220] numFixed: [194492] time: [3533]
STATS - lpIterations[1] lagIterations[1069] sspIterations[17808] numSeparations[9680] numCuts[0] compileTime[0] sspSolveTime[1687] lpSolveTime[0] lb[4164.97] ub[4761.01] numArcs: [1151711] numFixed: [194751] time: [3541]
STATS - lpIterations[1] lagIterations[1076] sspIterations[17939] numSeparations[9723] numCuts[0] compileTime[0] sspSolveTime[1702] lpSolveTime[0] lb[4165.59] ub[4761.01] numArcs: [1153531] numFixed: [194751] time: [3573]
