instance upper bound: 4458.01
compiling DD
time step mult: 100
time step: 1000
cap step: 1
done compiling DD
batch size for lag: 1
iteration delay to start separating: 0
optimality gap to start repairing: 100
percent fixed to change to CPLEX: 97.5
num arcs to change to CPLEX: 100000
num arcs to change to LAG: 999999999
STATS - lpIterations[0] lagIterations[0] sspIterations[0] numSeparations[0] numCuts[0] compileTime[275] sspSolveTime[0] lpSolveTime[0] lb[0] ub[4458.01] numArcs: [209194963] numFixed: [0] time: [275]
STATS - lpIterations[1] lagIterations[0] sspIterations[0] numSeparations[0] numCuts[0] compileTime[275] sspSolveTime[0] lpSolveTime[0] lb[0] ub[4458.01] numArcs: [209194963] numFixed: [0] time: [275]
STATS - lpIterations[1] lagIterations[1] sspIterations[1] numSeparations[0] numCuts[0] compileTime[275] sspSolveTime[67] lpSolveTime[0] lb[9.53068] ub[4458.01] numArcs: [209194961] numFixed: [0] time: [343]
STATS - lpIterations[1] lagIterations[2] sspIterations[2] numSeparations[0] numCuts[0] compileTime[275] sspSolveTime[84] lpSolveTime[0] lb[206.509] ub[4458.01] numArcs: [209194961] numFixed: [0] time: [375]
STATS - lpIterations[1] lagIterations[3] sspIterations[3] numSeparations[0] numCuts[0] compileTime[275] sspSolveTime[101] lpSolveTime[0] lb[216.611] ub[4458.01] numArcs: [209194959] numFixed: [0] time: [407]
STATS - lpIterations[1] lagIterations[4] sspIterations[4] numSeparations[1] numCuts[0] compileTime[275] sspSolveTime[113] lpSolveTime[0] lb[227.147] ub[4458.01] numArcs: [209195062] numFixed: [0] time: [433]
STATS - lpIterations[1] lagIterations[5] sspIterations[5] numSeparations[1] numCuts[0] compileTime[275] sspSolveTime[133] lpSolveTime[0] lb[238.067] ub[4458.01] numArcs: [209195062] numFixed: [461] time: [468]
STATS - lpIterations[1] lagIterations[6] sspIterations[6] numSeparations[1] numCuts[0] compileTime[275] sspSolveTime[154] lpSolveTime[0] lb[249.404] ub[4458.01] numArcs: [209195062] numFixed: [461] time: [505]
STATS - lpIterations[1] lagIterations[7] sspIterations[7] numSeparations[1] numCuts[0] compileTime[275] sspSolveTime[175] lpSolveTime[0] lb[261.168] ub[4458.01] numArcs: [209195062] numFixed: [461] time: [540]
STATS - lpIterations[1] lagIterations[8] sspIterations[8] numSeparations[1] numCuts[0] compileTime[275] sspSolveTime[196] lpSolveTime[0] lb[273.372] ub[4458.01] numArcs: [209195062] numFixed: [461] time: [577]
STATS - lpIterations[1] lagIterations[9] sspIterations[9] numSeparations[1] numCuts[0] compileTime[275] sspSolveTime[217] lpSolveTime[0] lb[286.029] ub[4458.01] numArcs: [209195062] numFixed: [461] time: [611]
STATS - lpIterations[1] lagIterations[10] sspIterations[10] numSeparations[1] numCuts[0] compileTime[275] sspSolveTime[239] lpSolveTime[0] lb[299.149] ub[4458.01] numArcs: [209195062] numFixed: [461] time: [648]
STATS - lpIterations[1] lagIterations[11] sspIterations[11] numSeparations[1] numCuts[0] compileTime[275] sspSolveTime[260] lpSolveTime[0] lb[312.747] ub[4458.01] numArcs: [209195062] numFixed: [461] time: [683]
STATS - lpIterations[1] lagIterations[12] sspIterations[12] numSeparations[1] numCuts[0] compileTime[275] sspSolveTime[282] lpSolveTime[0] lb[326.834] ub[4458.01] numArcs: [209195062] numFixed: [461] time: [720]
STATS - lpIterations[1] lagIterations[13] sspIterations[13] numSeparations[1] numCuts[0] compileTime[275] sspSolveTime[303] lpSolveTime[0] lb[341.425] ub[4458.01] numArcs: [209195062] numFixed: [461] time: [756]
STATS - lpIterations[1] lagIterations[14] sspIterations[14] numSeparations[1] numCuts[0] compileTime[275] sspSolveTime[325] lpSolveTime[0] lb[356.533] ub[4458.01] numArcs: [209195062] numFixed: [461] time: [792]
STATS - lpIterations[1] lagIterations[15] sspIterations[15] numSeparations[1] numCuts[0] compileTime[275] sspSolveTime[346] lpSolveTime[0] lb[372.17] ub[4458.01] numArcs: [209195062] numFixed: [461] time: [827]
STATS - lpIterations[1] lagIterations[16] sspIterations[16] numSeparations[1] numCuts[0] compileTime[275] sspSolveTime[368] lpSolveTime[0] lb[388.351] ub[4458.01] numArcs: [209195062] numFixed: [461] time: [864]
STATS - lpIterations[1] lagIterations[17] sspIterations[17] numSeparations[1] numCuts[0] compileTime[275] sspSolveTime[388] lpSolveTime[0] lb[405.091] ub[4458.01] numArcs: [209195062] numFixed: [461] time: [899]
STATS - lpIterations[1] lagIterations[18] sspIterations[18] numSeparations[1] numCuts[0] compileTime[275] sspSolveTime[410] lpSolveTime[0] lb[422.402] ub[4458.01] numArcs: [209195062] numFixed: [461] time: [936]
STATS - lpIterations[1] lagIterations[19] sspIterations[19] numSeparations[1] numCuts[0] compileTime[275] sspSolveTime[431] lpSolveTime[0] lb[440.301] ub[4458.01] numArcs: [209195062] numFixed: [461] time: [971]
STATS - lpIterations[1] lagIterations[20] sspIterations[20] numSeparations[1] numCuts[0] compileTime[275] sspSolveTime[453] lpSolveTime[0] lb[458.801] ub[4458.01] numArcs: [209195062] numFixed: [461] time: [1008]
STATS - lpIterations[1] lagIterations[21] sspIterations[21] numSeparations[1] numCuts[0] compileTime[275] sspSolveTime[474] lpSolveTime[0] lb[477.917] ub[4458.01] numArcs: [209195062] numFixed: [461] time: [1043]
STATS - lpIterations[1] lagIterations[22] sspIterations[22] numSeparations[1] numCuts[0] compileTime[275] sspSolveTime[498] lpSolveTime[0] lb[497.666] ub[4458.01] numArcs: [209195062] numFixed: [461] time: [1081]
STATS - lpIterations[1] lagIterations[23] sspIterations[23] numSeparations[1] numCuts[0] compileTime[275] sspSolveTime[517] lpSolveTime[0] lb[518.062] ub[4458.01] numArcs: [209195062] numFixed: [461] time: [1116]
STATS - lpIterations[1] lagIterations[24] sspIterations[24] numSeparations[1] numCuts[0] compileTime[275] sspSolveTime[539] lpSolveTime[0] lb[538.93] ub[4458.01] numArcs: [209195062] numFixed: [461] time: [1152]
STATS - lpIterations[1] lagIterations[25] sspIterations[25] numSeparations[2] numCuts[0] compileTime[275] sspSolveTime[560] lpSolveTime[0] lb[560.743] ub[4458.01] numArcs: [209195163] numFixed: [1059] time: [1187]
STATS - lpIterations[1] lagIterations[26] sspIterations[26] numSeparations[2] numCuts[0] compileTime[275] sspSolveTime[582] lpSolveTime[0] lb[583.173] ub[4458.01] numArcs: [209195163] numFixed: [1059] time: [1224]
STATS - lpIterations[1] lagIterations[27] sspIterations[27] numSeparations[2] numCuts[0] compileTime[275] sspSolveTime[604] lpSolveTime[0] lb[606.314] ub[4458.01] numArcs: [209195163] numFixed: [1059] time: [1261]
STATS - lpIterations[1] lagIterations[28] sspIterations[28] numSeparations[2] numCuts[0] compileTime[275] sspSolveTime[621] lpSolveTime[0] lb[630.185] ub[4458.01] numArcs: [209195163] numFixed: [1059] time: [1291]
STATS - lpIterations[1] lagIterations[29] sspIterations[29] numSeparations[2] numCuts[0] compileTime[275] sspSolveTime[638] lpSolveTime[0] lb[654.802] ub[4458.01] numArcs: [209195163] numFixed: [1059] time: [1320]
STATS - lpIterations[1] lagIterations[30] sspIterations[30] numSeparations[2] numCuts[0] compileTime[275] sspSolveTime[656] lpSolveTime[0] lb[680.181] ub[4458.01] numArcs: [209195163] numFixed: [1059] time: [1354]
STATS - lpIterations[1] lagIterations[31] sspIterations[31] numSeparations[2] numCuts[0] compileTime[275] sspSolveTime[673] lpSolveTime[0] lb[706.342] ub[4458.01] numArcs: [209195163] numFixed: [1059] time: [1384]
STATS - lpIterations[1] lagIterations[32] sspIterations[32] numSeparations[2] numCuts[0] compileTime[275] sspSolveTime[690] lpSolveTime[0] lb[733.302] ub[4458.01] numArcs: [209195163] numFixed: [1059] time: [1413]
STATS - lpIterations[1] lagIterations[33] sspIterations[33] numSeparations[2] numCuts[0] compileTime[275] sspSolveTime[717] lpSolveTime[0] lb[761.078] ub[4458.01] numArcs: [209195163] numFixed: [1059] time: [1454]
STATS - lpIterations[1] lagIterations[34] sspIterations[34] numSeparations[2] numCuts[0] compileTime[275] sspSolveTime[2796] lpSolveTime[0] lb[789.428] ub[4458.01] numArcs: [209195159] numFixed: [1059] time: [3547]
