relax time window constraint
obtain capacity: 
capacity: 1190
hgs upper bound: 15700
compiling dd
time step mult: 1
time step: 10
cap step: 2
start compiling DD
add terminal node arcs
done compiling dd
STATS - lpIterations[0] lagIterations[0] sspIterations[0] numSeparations[0] numCuts[0] compileTime[84] sspSolveTime[0] lpSolveTime[0] lb[0] ub[15700] size: [21341437] time: [84]
batch size for lag: 1
STATS - lpIterations[1] lagIterations[0] sspIterations[0] numSeparations[0] numCuts[0] compileTime[84] sspSolveTime[0] lpSolveTime[0] lb[0] ub[15700] size: [21341437] time: [84]
STATS - lpIterations[1] lagIterations[1] sspIterations[1] numSeparations[0] numCuts[0] compileTime[84] sspSolveTime[0] lpSolveTime[0] lb[9990.09] ub[15700] size: [21341437] time: [85]
STATS - lpIterations[1] lagIterations[2] sspIterations[2] numSeparations[0] numCuts[0] compileTime[84] sspSolveTime[1] lpSolveTime[0] lb[10484.6] ub[15700] size: [21341437] time: [86]
STATS - lpIterations[1] lagIterations[3] sspIterations[3] numSeparations[0] numCuts[0] compileTime[84] sspSolveTime[2] lpSolveTime[0] lb[10998.6] ub[15700] size: [21341437] time: [87]
STATS - lpIterations[1] lagIterations[4] sspIterations[4] numSeparations[0] numCuts[0] compileTime[84] sspSolveTime[3] lpSolveTime[0] lb[11515.3] ub[15700] size: [21341437] time: [89]
STATS - lpIterations[1] lagIterations[5] sspIterations[5] numSeparations[1] numCuts[0] compileTime[84] sspSolveTime[5] lpSolveTime[0] lb[11888.1] ub[15700] size: [21342293] time: [91]
STATS - lpIterations[1] lagIterations[6] sspIterations[6] numSeparations[2] numCuts[0] compileTime[84] sspSolveTime[9] lpSolveTime[0] lb[12315.1] ub[15700] size: [21343436] time: [95]
STATS - lpIterations[1] lagIterations[7] sspIterations[7] numSeparations[3] numCuts[0] compileTime[84] sspSolveTime[10] lpSolveTime[0] lb[12506.1] ub[15700] size: [21344561] time: [97]
STATS - lpIterations[1] lagIterations[8] sspIterations[10] numSeparations[4] numCuts[0] compileTime[84] sspSolveTime[16] lpSolveTime[0] lb[12856] ub[15700] size: [21346015] time: [103]
STATS - lpIterations[1] lagIterations[8] sspIterations[10] numSeparations[4] numCuts[0] compileTime[84] sspSolveTime[16] lpSolveTime[0] lb[12882] ub[15700] size: [21346015] time: [104]
STATS - lpIterations[1] lagIterations[9] sspIterations[11] numSeparations[7] numCuts[0] compileTime[84] sspSolveTime[18] lpSolveTime[0] lb[12924] ub[15700] size: [21348796] time: [106]
STATS - lpIterations[1] lagIterations[9] sspIterations[11] numSeparations[7] numCuts[0] compileTime[84] sspSolveTime[18] lpSolveTime[0] lb[12925.7] ub[15700] size: [21348796] time: [107]
STATS - lpIterations[1] lagIterations[10] sspIterations[31] numSeparations[8] numCuts[0] compileTime[84] sspSolveTime[43] lpSolveTime[0] lb[13290.3] ub[15700] size: [21350503] time: [134]
STATS - lpIterations[1] lagIterations[11] sspIterations[39] numSeparations[28] numCuts[0] compileTime[84] sspSolveTime[53] lpSolveTime[0] lb[13298.9] ub[15700] size: [21372719] time: [145]
STATS - lpIterations[1] lagIterations[12] sspIterations[43] numSeparations[36] numCuts[0] compileTime[84] sspSolveTime[62] lpSolveTime[0] lb[13310.4] ub[15700] size: [21378050] time: [156]
STATS - lpIterations[1] lagIterations[13] sspIterations[53] numSeparations[40] numCuts[0] compileTime[84] sspSolveTime[73] lpSolveTime[0] lb[13363.8] ub[15700] size: [21381027] time: [168]
STATS - lpIterations[1] lagIterations[14] sspIterations[54] numSeparations[50] numCuts[0] compileTime[84] sspSolveTime[76] lpSolveTime[0] lb[13366.9] ub[15700] size: [21389401] time: [172]
STATS - lpIterations[1] lagIterations[15] sspIterations[86] numSeparations[51] numCuts[0] compileTime[84] sspSolveTime[105] lpSolveTime[0] lb[13733.2] ub[15700] size: [21390511] time: [204]
STATS - lpIterations[1] lagIterations[16] sspIterations[103] numSeparations[83] numCuts[0] compileTime[84] sspSolveTime[123] lpSolveTime[0] lb[13739.8] ub[15700] size: [21428456] time: [225]
STATS - lpIterations[1] lagIterations[18] sspIterations[194] numSeparations[101] numCuts[0] compileTime[84] sspSolveTime[298] lpSolveTime[0] lb[13991.6] ub[15700] size: [21446129] time: [405]
STATS - lpIterations[1] lagIterations[19] sspIterations[258] numSeparations[187] numCuts[0] compileTime[84] sspSolveTime[437] lpSolveTime[0] lb[13994.7] ub[15700] size: [21527666] time: [549]
STATS - lpIterations[1] lagIterations[20] sspIterations[288] numSeparations[248] numCuts[0] compileTime[84] sspSolveTime[476] lpSolveTime[0] lb[13999] ub[15700] size: [21568475] time: [594]
STATS - lpIterations[1] lagIterations[23] sspIterations[337] numSeparations[285] numCuts[0] compileTime[84] sspSolveTime[531] lpSolveTime[0] lb[14009.3] ub[15700] size: [21598421] time: [656]
STATS - lpIterations[1] lagIterations[24] sspIterations[360] numSeparations[323] numCuts[0] compileTime[84] sspSolveTime[553] lpSolveTime[0] lb[14015.5] ub[15700] size: [21621848] time: [682]
STATS - lpIterations[1] lagIterations[26] sspIterations[437] numSeparations[348] numCuts[0] compileTime[84] sspSolveTime[736] lpSolveTime[0] lb[14127.1] ub[15700] size: [21638510] time: [872]
STATS - lpIterations[1] lagIterations[27] sspIterations[484] numSeparations[423] numCuts[0] compileTime[84] sspSolveTime[801] lpSolveTime[0] lb[14136.9] ub[15700] size: [21704000] time: [940]
STATS - lpIterations[1] lagIterations[33] sspIterations[619] numSeparations[530] numCuts[0] compileTime[84] sspSolveTime[1048] lpSolveTime[0] lb[14313.7] ub[15700] size: [21780543] time: [1205]
STATS - lpIterations[1] lagIterations[34] sspIterations[664] numSeparations[604] numCuts[0] compileTime[84] sspSolveTime[1126] lpSolveTime[0] lb[14317.7] ub[15700] size: [21835774] time: [1288]
STATS - lpIterations[1] lagIterations[35] sspIterations[678] numSeparations[648] numCuts[0] compileTime[84] sspSolveTime[1145] lpSolveTime[0] lb[14328.4] ub[15700] size: [21860957] time: [1310]
STATS - lpIterations[1] lagIterations[39] sspIterations[799] numSeparations[688] numCuts[0] compileTime[84] sspSolveTime[1456] lpSolveTime[0] lb[14397.6] ub[15700] size: [21893728] time: [1633]
STATS - lpIterations[1] lagIterations[40] sspIterations[870] numSeparations[768] numCuts[0] compileTime[84] sspSolveTime[1605] lpSolveTime[0] lb[14406.6] ub[15700] size: [21948136] time: [1788]
STATS - lpIterations[1] lagIterations[41] sspIterations[902] numSeparations[828] numCuts[0] compileTime[84] sspSolveTime[1641] lpSolveTime[0] lb[14420.9] ub[15700] size: [21983380] time: [1829]
STATS - lpIterations[1] lagIterations[43] sspIterations[940] numSeparations[858] numCuts[0] compileTime[84] sspSolveTime[1675] lpSolveTime[0] lb[14423.1] ub[15700] size: [22002977] time: [1869]
STATS - lpIterations[1] lagIterations[44] sspIterations[946] numSeparations[886] numCuts[0] compileTime[84] sspSolveTime[1678] lpSolveTime[0] lb[14429.1] ub[15700] size: [22024647] time: [1874]
STATS - lpIterations[1] lagIterations[49] sspIterations[1074] numSeparations[942] numCuts[0] compileTime[84] sspSolveTime[1956] lpSolveTime[0] lb[14447.2] ub[15700] size: [22063086] time: [2168]
STATS - lpIterations[1] lagIterations[50] sspIterations[1115] numSeparations[1014] numCuts[0] compileTime[84] sspSolveTime[2018] lpSolveTime[0] lb[14463.9] ub[15700] size: [22111882] time: [2234]
STATS - lpIterations[1] lagIterations[54] sspIterations[1199] numSeparations[1076] numCuts[0] compileTime[84] sspSolveTime[2108] lpSolveTime[0] lb[14496.9] ub[15700] size: [22156346] time: [2335]
STATS - lpIterations[1] lagIterations[55] sspIterations[1231] numSeparations[1133] numCuts[0] compileTime[84] sspSolveTime[2134] lpSolveTime[0] lb[14501.1] ub[15700] size: [22193348] time: [2366]
STATS - lpIterations[1] lagIterations[57] sspIterations[1276] numSeparations[1165] numCuts[0] compileTime[84] sspSolveTime[2203] lpSolveTime[0] lb[14511.7] ub[15700] size: [22214391] time: [2441]
STATS - lpIterations[1] lagIterations[58] sspIterations[1289] numSeparations[1200] numCuts[0] compileTime[84] sspSolveTime[2215] lpSolveTime[0] lb[14511.9] ub[15700] size: [22234960] time: [2456]
STATS - lpIterations[1] lagIterations[63] sspIterations[1375] numSeparations[1241] numCuts[0] compileTime[84] sspSolveTime[2422] lpSolveTime[0] lb[14545.7] ub[15700] size: [22260387] time: [2675]
STATS - lpIterations[1] lagIterations[64] sspIterations[1407] numSeparations[1291] numCuts[0] compileTime[84] sspSolveTime[2480] lpSolveTime[0] lb[14554.4] ub[15700] size: [22294044] time: [2737]
STATS - lpIterations[1] lagIterations[67] sspIterations[1510] numSeparations[1334] numCuts[0] compileTime[84] sspSolveTime[2771] lpSolveTime[0] lb[14639] ub[15700] size: [22317201] time: [3039]
STATS - lpIterations[1] lagIterations[68] sspIterations[1566] numSeparations[1419] numCuts[0] compileTime[84] sspSolveTime[2925] lpSolveTime[0] lb[14652] ub[15700] size: [22380398] time: [3201]
STATS - lpIterations[1] lagIterations[69] sspIterations[1602] numSeparations[1471] numCuts[0] compileTime[84] sspSolveTime[2991] lpSolveTime[0] lb[14659.6] ub[15700] size: [22404809] time: [3273]
