relax time window constraint
obtain capacity: 
capacity: 69
hgs upper bound: 38684
compiling dd
time step mult: 1
time step: 10
cap step: 5
start compiling DD
add terminal node arcs
done compiling dd
STATS - lpIterations[0] lagIterations[0] sspIterations[0] numSeparations[0] numCuts[0] compileTime[4] sspSolveTime[0] lpSolveTime[0] lb[0] ub[38684] size: [1393170] time: [4]
batch size for lag: 1
STATS - lpIterations[1] lagIterations[0] sspIterations[0] numSeparations[0] numCuts[0] compileTime[4] sspSolveTime[0] lpSolveTime[0] lb[0] ub[38684] size: [1393170] time: [4]
STATS - lpIterations[1] lagIterations[1] sspIterations[230] numSeparations[0] numCuts[0] compileTime[4] sspSolveTime[26] lpSolveTime[0] lb[28196.9] ub[38684] size: [1396882] time: [32]
STATS - lpIterations[1] lagIterations[7] sspIterations[627] numSeparations[582] numCuts[0] compileTime[4] sspSolveTime[61] lpSolveTime[0] lb[28239.7] ub[38684] size: [1910596] time: [71]
STATS - lpIterations[1] lagIterations[8] sspIterations[690] numSeparations[584] numCuts[0] compileTime[4] sspSolveTime[64] lpSolveTime[0] lb[29023.9] ub[38684] size: [1913221] time: [75]
STATS - lpIterations[1] lagIterations[9] sspIterations[730] numSeparations[643] numCuts[0] compileTime[4] sspSolveTime[66] lpSolveTime[0] lb[29045.5] ub[38684] size: [1958776] time: [79]
STATS - lpIterations[1] lagIterations[11] sspIterations[825] numSeparations[677] numCuts[0] compileTime[4] sspSolveTime[71] lpSolveTime[0] lb[29664.4] ub[38684] size: [1981734] time: [86]
STATS - lpIterations[1] lagIterations[12] sspIterations[860] numSeparations[759] numCuts[0] compileTime[4] sspSolveTime[73] lpSolveTime[0] lb[29688.3] ub[38684] size: [2042612] time: [89]
STATS - lpIterations[1] lagIterations[16] sspIterations[944] numSeparations[825] numCuts[0] compileTime[4] sspSolveTime[75] lpSolveTime[0] lb[29866.7] ub[38684] size: [2089351] time: [93]
STATS - lpIterations[1] lagIterations[18] sspIterations[1074] numSeparations[855] numCuts[0] compileTime[4] sspSolveTime[84] lpSolveTime[0] lb[30444.3] ub[38684] size: [2112036] time: [104]
STATS - lpIterations[1] lagIterations[21] sspIterations[1235] numSeparations[1005] numCuts[0] compileTime[4] sspSolveTime[92] lpSolveTime[0] lb[30491.9] ub[38684] size: [2236485] time: [116]
STATS - lpIterations[1] lagIterations[27] sspIterations[1443] numSeparations[1144] numCuts[0] compileTime[4] sspSolveTime[103] lpSolveTime[0] lb[30855] ub[38684] size: [2323410] time: [134]
STATS - lpIterations[1] lagIterations[31] sspIterations[1751] numSeparations[1391] numCuts[0] compileTime[4] sspSolveTime[122] lpSolveTime[0] lb[30907.6] ub[38684] size: [2471726] time: [160]
STATS - lpIterations[1] lagIterations[33] sspIterations[1908] numSeparations[1446] numCuts[0] compileTime[4] sspSolveTime[134] lpSolveTime[0] lb[31023.2] ub[38684] size: [2504412] time: [176]
STATS - lpIterations[1] lagIterations[41] sspIterations[2335] numSeparations[1723] numCuts[0] compileTime[4] sspSolveTime[156] lpSolveTime[0] lb[31066] ub[38684] size: [2666720] time: [213]
STATS - lpIterations[1] lagIterations[42] sspIterations[2384] numSeparations[1842] numCuts[0] compileTime[4] sspSolveTime[158] lpSolveTime[0] lb[31076.5] ub[38684] size: [2739213] time: [217]
STATS - lpIterations[1] lagIterations[52] sspIterations[2875] numSeparations[2095] numCuts[0] compileTime[4] sspSolveTime[184] lpSolveTime[0] lb[31109.9] ub[38684] size: [2877234] time: [259]
STATS - lpIterations[1] lagIterations[55] sspIterations[3068] numSeparations[2214] numCuts[0] compileTime[4] sspSolveTime[195] lpSolveTime[0] lb[31148.5] ub[38684] size: [2942557] time: [276]
STATS - lpIterations[1] lagIterations[74] sspIterations[3910] numSeparations[2737] numCuts[0] compileTime[4] sspSolveTime[240] lpSolveTime[0] lb[31238.8] ub[38684] size: [3216538] time: [354]
STATS - lpIterations[1] lagIterations[75] sspIterations[3937] numSeparations[2825] numCuts[0] compileTime[4] sspSolveTime[241] lpSolveTime[0] lb[31239.8] ub[38684] size: [3257451] time: [358]
STATS - lpIterations[1] lagIterations[80] sspIterations[4297] numSeparations[2950] numCuts[0] compileTime[4] sspSolveTime[271] lpSolveTime[0] lb[31302.4] ub[38684] size: [3324074] time: [401]
STATS - lpIterations[1] lagIterations[81] sspIterations[4357] numSeparations[3044] numCuts[0] compileTime[4] sspSolveTime[273] lpSolveTime[0] lb[31317.5] ub[38684] size: [3362777] time: [407]
STATS - lpIterations[1] lagIterations[142] sspIterations[7065] numSeparations[4469] numCuts[0] compileTime[4] sspSolveTime[447] lpSolveTime[0] lb[31326] ub[38684] size: [4064502] time: [744]
STATS - lpIterations[1] lagIterations[169] sspIterations[7956] numSeparations[4871] numCuts[0] compileTime[4] sspSolveTime[499] lpSolveTime[0] lb[31346.1] ub[38684] size: [4250358] time: [877]
STATS - lpIterations[1] lagIterations[170] sspIterations[7998] numSeparations[4918] numCuts[0] compileTime[4] sspSolveTime[501] lpSolveTime[0] lb[31363.4] ub[38684] size: [4272071] time: [883]
STATS - lpIterations[1] lagIterations[183] sspIterations[8614] numSeparations[5172] numCuts[0] compileTime[4] sspSolveTime[549] lpSolveTime[0] lb[31368.2] ub[38684] size: [4377776] time: [979]
STATS - lpIterations[1] lagIterations[184] sspIterations[8633] numSeparations[5248] numCuts[0] compileTime[4] sspSolveTime[550] lpSolveTime[0] lb[31377.5] ub[38684] size: [4417411] time: [985]
STATS - lpIterations[1] lagIterations[197] sspIterations[9066] numSeparations[5419] numCuts[0] compileTime[4] sspSolveTime[578] lpSolveTime[0] lb[31390.2] ub[38684] size: [4492916] time: [1057]
STATS - lpIterations[1] lagIterations[219] sspIterations[9897] numSeparations[5765] numCuts[0] compileTime[4] sspSolveTime[636] lpSolveTime[0] lb[31409.4] ub[38684] size: [4648490] time: [1199]
STATS - lpIterations[1] lagIterations[220] sspIterations[9937] numSeparations[5837] numCuts[0] compileTime[4] sspSolveTime[638] lpSolveTime[0] lb[31445.6] ub[38684] size: [4682090] time: [1207]
STATS - lpIterations[1] lagIterations[269] sspIterations[11924] numSeparations[6652] numCuts[0] compileTime[4] sspSolveTime[791] lpSolveTime[0] lb[31613.7] ub[38684] size: [5027585] time: [1613]
STATS - lpIterations[2] lagIterations[370] sspIterations[16748] numSeparations[8514] numCuts[0] compileTime[4] sspSolveTime[1275] lpSolveTime[0] lb[31613.7] ub[38684] size: [5818282] time: [2636]
