relax time window constraint
obtain capacity: 
capacity: 134
hgs upper bound: 37274
compiling dd
time step mult: 1
time step: 10
cap step: 1
start compiling DD
add terminal node arcs
done compiling dd
STATS - lpIterations[0] lagIterations[0] sspIterations[0] numSeparations[0] numCuts[0] compileTime[32] sspSolveTime[0] lpSolveTime[0] lb[0] ub[37274] size: [9294463] time: [32]
batch size for lag: 1
STATS - lpIterations[1] lagIterations[0] sspIterations[0] numSeparations[0] numCuts[0] compileTime[32] sspSolveTime[0] lpSolveTime[0] lb[0] ub[37274] size: [9294463] time: [32]
STATS - lpIterations[1] lagIterations[1] sspIterations[1] numSeparations[0] numCuts[0] compileTime[32] sspSolveTime[0] lpSolveTime[0] lb[30364.7] ub[37274] size: [9294468] time: [32]
STATS - lpIterations[1] lagIterations[2] sspIterations[59] numSeparations[1] numCuts[0] compileTime[32] sspSolveTime[14] lpSolveTime[0] lb[31251.5] ub[37274] size: [9295396] time: [46]
STATS - lpIterations[1] lagIterations[2] sspIterations[59] numSeparations[1] numCuts[0] compileTime[32] sspSolveTime[14] lpSolveTime[0] lb[31749.5] ub[37274] size: [9295396] time: [48]
STATS - lpIterations[1] lagIterations[3] sspIterations[68] numSeparations[47] numCuts[0] compileTime[32] sspSolveTime[15] lpSolveTime[0] lb[31763.3] ub[37274] size: [9343172] time: [51]
STATS - lpIterations[1] lagIterations[4] sspIterations[165] numSeparations[54] numCuts[0] compileTime[32] sspSolveTime[41] lpSolveTime[0] lb[32184] ub[37274] size: [9350375] time: [81]
STATS - lpIterations[1] lagIterations[5] sspIterations[230] numSeparations[134] numCuts[0] compileTime[32] sspSolveTime[53] lpSolveTime[0] lb[32199.9] ub[37274] size: [9439723] time: [95]
STATS - lpIterations[1] lagIterations[7] sspIterations[323] numSeparations[185] numCuts[0] compileTime[32] sspSolveTime[70] lpSolveTime[0] lb[32483.7] ub[37274] size: [9473948] time: [118]
STATS - lpIterations[1] lagIterations[8] sspIterations[366] numSeparations[256] numCuts[0] compileTime[32] sspSolveTime[75] lpSolveTime[0] lb[32489.4] ub[37274] size: [9537555] time: [126]
STATS - lpIterations[1] lagIterations[11] sspIterations[579] numSeparations[307] numCuts[0] compileTime[32] sspSolveTime[198] lpSolveTime[0] lb[33217.3] ub[37274] size: [9586684] time: [258]
STATS - lpIterations[1] lagIterations[12] sspIterations[738] numSeparations[413] numCuts[0] compileTime[32] sspSolveTime[253] lpSolveTime[0] lb[33236.9] ub[37274] size: [9684720] time: [319]
STATS - lpIterations[1] lagIterations[15] sspIterations[1004] numSeparations[524] numCuts[0] compileTime[32] sspSolveTime[345] lpSolveTime[0] lb[33466.2] ub[37274] size: [9748370] time: [424]
STATS - lpIterations[1] lagIterations[16] sspIterations[1130] numSeparations[622] numCuts[0] compileTime[32] sspSolveTime[377] lpSolveTime[0] lb[33477.4] ub[37274] size: [9845852] time: [462]
STATS - lpIterations[1] lagIterations[19] sspIterations[1305] numSeparations[705] numCuts[0] compileTime[32] sspSolveTime[405] lpSolveTime[0] lb[33518.2] ub[37274] size: [9895246] time: [501]
STATS - lpIterations[1] lagIterations[20] sspIterations[1391] numSeparations[778] numCuts[0] compileTime[32] sspSolveTime[420] lpSolveTime[0] lb[33523.7] ub[37274] size: [9964645] time: [519]
STATS - lpIterations[1] lagIterations[21] sspIterations[1413] numSeparations[817] numCuts[0] compileTime[32] sspSolveTime[423] lpSolveTime[0] lb[33526.2] ub[37274] size: [9990686] time: [524]
STATS - lpIterations[1] lagIterations[22] sspIterations[1500] numSeparations[829] numCuts[0] compileTime[32] sspSolveTime[437] lpSolveTime[0] lb[33582.4] ub[37274] size: [9998363] time: [543]
STATS - lpIterations[1] lagIterations[25] sspIterations[1587] numSeparations[918] numCuts[0] compileTime[32] sspSolveTime[447] lpSolveTime[0] lb[33607.9] ub[37274] size: [10053527] time: [558]
STATS - lpIterations[1] lagIterations[25] sspIterations[1587] numSeparations[918] numCuts[0] compileTime[32] sspSolveTime[447] lpSolveTime[0] lb[33648.1] ub[37274] size: [10053527] time: [559]
STATS - lpIterations[1] lagIterations[26] sspIterations[1609] numSeparations[929] numCuts[0] compileTime[32] sspSolveTime[449] lpSolveTime[0] lb[33700.1] ub[37274] size: [10060229] time: [564]
STATS - lpIterations[1] lagIterations[27] sspIterations[1617] numSeparations[940] numCuts[0] compileTime[32] sspSolveTime[450] lpSolveTime[0] lb[33701.1] ub[37274] size: [10068064] time: [564]
STATS - lpIterations[1] lagIterations[27] sspIterations[1617] numSeparations[940] numCuts[0] compileTime[32] sspSolveTime[450] lpSolveTime[0] lb[33708.3] ub[37274] size: [10068064] time: [565]
STATS - lpIterations[1] lagIterations[28] sspIterations[1810] numSeparations[942] numCuts[0] compileTime[32] sspSolveTime[553] lpSolveTime[0] lb[34158.5] ub[37274] size: [10070879] time: [677]
STATS - lpIterations[1] lagIterations[32] sspIterations[2269] numSeparations[1169] numCuts[0] compileTime[32] sspSolveTime[760] lpSolveTime[0] lb[34340.1] ub[37274] size: [10239108] time: [907]
STATS - lpIterations[1] lagIterations[33] sspIterations[2427] numSeparations[1317] numCuts[0] compileTime[32] sspSolveTime[823] lpSolveTime[0] lb[34344.5] ub[37274] size: [10331848] time: [978]
STATS - lpIterations[1] lagIterations[40] sspIterations[2955] numSeparations[1594] numCuts[0] compileTime[32] sspSolveTime[962] lpSolveTime[0] lb[34640.7] ub[37274] size: [10511119] time: [1148]
STATS - lpIterations[1] lagIterations[41] sspIterations[3123] numSeparations[1693] numCuts[0] compileTime[32] sspSolveTime[1005] lpSolveTime[0] lb[34642] ub[37274] size: [10595775] time: [1199]
STATS - lpIterations[1] lagIterations[42] sspIterations[3225] numSeparations[1748] numCuts[0] compileTime[32] sspSolveTime[1022] lpSolveTime[0] lb[34648] ub[37274] size: [10636385] time: [1223]
STATS - lpIterations[1] lagIterations[44] sspIterations[3405] numSeparations[1790] numCuts[0] compileTime[32] sspSolveTime[1073] lpSolveTime[0] lb[34668.8] ub[37274] size: [10655543] time: [1283]
STATS - lpIterations[1] lagIterations[46] sspIterations[3614] numSeparations[1985] numCuts[0] compileTime[32] sspSolveTime[1127] lpSolveTime[0] lb[34681.6] ub[37274] size: [10808554] time: [1348]
STATS - lpIterations[1] lagIterations[48] sspIterations[3819] numSeparations[2019] numCuts[0] compileTime[32] sspSolveTime[1215] lpSolveTime[0] lb[34891.3] ub[37274] size: [10826268] time: [1446]
STATS - lpIterations[1] lagIterations[50] sspIterations[4107] numSeparations[2248] numCuts[0] compileTime[32] sspSolveTime[1336] lpSolveTime[0] lb[34905.1] ub[37274] size: [10976076] time: [1583]
STATS - lpIterations[1] lagIterations[51] sspIterations[4150] numSeparations[2292] numCuts[0] compileTime[32] sspSolveTime[1340] lpSolveTime[0] lb[34907.8] ub[37274] size: [10998137] time: [1591]
STATS - lpIterations[1] lagIterations[59] sspIterations[4652] numSeparations[2521] numCuts[0] compileTime[32] sspSolveTime[1415] lpSolveTime[0] lb[34916.5] ub[37274] size: [11126519] time: [1697]
STATS - lpIterations[1] lagIterations[60] sspIterations[4724] numSeparations[2595] numCuts[0] compileTime[32] sspSolveTime[1424] lpSolveTime[0] lb[34928.8] ub[37274] size: [11180429] time: [1711]
STATS - lpIterations[1] lagIterations[62] sspIterations[4933] numSeparations[2628] numCuts[0] compileTime[32] sspSolveTime[1554] lpSolveTime[0] lb[35142.3] ub[37274] size: [11201665] time: [1854]
STATS - lpIterations[1] lagIterations[63] sspIterations[5111] numSeparations[2754] numCuts[0] compileTime[32] sspSolveTime[1617] lpSolveTime[0] lb[35156.4] ub[37274] size: [11278066] time: [1926]
STATS - lpIterations[1] lagIterations[68] sspIterations[5550] numSeparations[2893] numCuts[0] compileTime[32] sspSolveTime[1748] lpSolveTime[0] lb[35327.5] ub[37274] size: [11351718] time: [2084]
STATS - lpIterations[1] lagIterations[69] sspIterations[5725] numSeparations[2993] numCuts[0] compileTime[32] sspSolveTime[1822] lpSolveTime[0] lb[35331.6] ub[37274] size: [11406686] time: [2169]
STATS - lpIterations[1] lagIterations[70] sspIterations[5838] numSeparations[3060] numCuts[0] compileTime[32] sspSolveTime[1839] lpSolveTime[0] lb[35343.2] ub[37274] size: [11439988] time: [2193]
STATS - lpIterations[1] lagIterations[76] sspIterations[6408] numSeparations[3261] numCuts[0] compileTime[32] sspSolveTime[1962] lpSolveTime[0] lb[35353.7] ub[37274] size: [11541903] time: [2353]
STATS - lpIterations[1] lagIterations[81] sspIterations[6634] numSeparations[3313] numCuts[0] compileTime[32] sspSolveTime[1986] lpSolveTime[0] lb[35356.5] ub[37274] size: [11565724] time: [2396]
STATS - lpIterations[1] lagIterations[83] sspIterations[6761] numSeparations[3351] numCuts[0] compileTime[32] sspSolveTime[1999] lpSolveTime[0] lb[35403.3] ub[37274] size: [11589214] time: [2419]
STATS - lpIterations[1] lagIterations[84] sspIterations[6787] numSeparations[3394] numCuts[0] compileTime[32] sspSolveTime[2002] lpSolveTime[0] lb[35405.3] ub[37274] size: [11616908] time: [2425]
STATS - lpIterations[1] lagIterations[85] sspIterations[6878] numSeparations[3396] numCuts[0] compileTime[32] sspSolveTime[2017] lpSolveTime[0] lb[35433.9] ub[37274] size: [11618099] time: [2446]
STATS - lpIterations[1] lagIterations[86] sspIterations[6922] numSeparations[3430] numCuts[0] compileTime[32] sspSolveTime[2020] lpSolveTime[0] lb[35436.3] ub[37274] size: [11644699] time: [2453]
STATS - lpIterations[1] lagIterations[89] sspIterations[7009] numSeparations[3476] numCuts[0] compileTime[32] sspSolveTime[2033] lpSolveTime[0] lb[35436.4] ub[37274] size: [11673015] time: [2473]
STATS - lpIterations[1] lagIterations[90] sspIterations[7157] numSeparations[3484] numCuts[0] compileTime[32] sspSolveTime[2065] lpSolveTime[0] lb[35549.2] ub[37274] size: [11677984] time: [2513]
STATS - lpIterations[1] lagIterations[91] sspIterations[7248] numSeparations[3550] numCuts[0] compileTime[32] sspSolveTime[2075] lpSolveTime[0] lb[35560.5] ub[37274] size: [11717837] time: [2530]
STATS - lpIterations[1] lagIterations[98] sspIterations[7817] numSeparations[3746] numCuts[0] compileTime[32] sspSolveTime[2163] lpSolveTime[0] lb[35623.9] ub[37274] size: [11815383] time: [2654]
STATS - lpIterations[1] lagIterations[102] sspIterations[8244] numSeparations[3899] numCuts[0] compileTime[32] sspSolveTime[2277] lpSolveTime[0] lb[35650.4] ub[37274] size: [11892817] time: [2796]
STATS - lpIterations[1] lagIterations[104] sspIterations[8379] numSeparations[3932] numCuts[0] compileTime[32] sspSolveTime[2295] lpSolveTime[0] lb[35685.3] ub[37274] size: [11908653] time: [2824]
STATS - lpIterations[1] lagIterations[109] sspIterations[8681] numSeparations[4027] numCuts[0] compileTime[32] sspSolveTime[2333] lpSolveTime[0] lb[35694.9] ub[37274] size: [11951602] time: [2888]
STATS - lpIterations[1] lagIterations[113] sspIterations[9145] numSeparations[4190] numCuts[0] compileTime[32] sspSolveTime[2440] lpSolveTime[0] lb[35828.5] ub[37274] size: [12052809] time: [3024]
STATS - lpIterations[1] lagIterations[124] sspIterations[10063] numSeparations[4475] numCuts[0] compileTime[32] sspSolveTime[2632] lpSolveTime[0] lb[35847.2] ub[37274] size: [12201793] time: [3288]
STATS - lpIterations[1] lagIterations[127] sspIterations[10509] numSeparations[4584] numCuts[0] compileTime[32] sspSolveTime[2758] lpSolveTime[0] lb[35864.4] ub[37274] size: [12263775] time: [3438]
STATS - lpIterations[1] lagIterations[128] sspIterations[10537] numSeparations[4590] numCuts[0] compileTime[32] sspSolveTime[2761] lpSolveTime[0] lb[35971.5] ub[37274] size: [12266251] time: [3450]
