relax time window constraint
obtain capacity: 
capacity: 285
hgs upper bound: 47161
compiling dd
time step mult: 1
time step: 10
cap step: 1
start compiling DD
add terminal node arcs
done compiling dd
STATS - lpIterations[0] lagIterations[0] sspIterations[0] numSeparations[0] numCuts[0] compileTime[417] sspSolveTime[0] lpSolveTime[0] lb[0] ub[47161] size: [28191227] time: [417]
batch size for lag: 1
STATS - lpIterations[1] lagIterations[0] sspIterations[0] numSeparations[0] numCuts[0] compileTime[417] sspSolveTime[0] lpSolveTime[0] lb[0] ub[47161] size: [28191227] time: [417]
STATS - lpIterations[1] lagIterations[1] sspIterations[1] numSeparations[0] numCuts[0] compileTime[417] sspSolveTime[1] lpSolveTime[0] lb[38561.8] ub[47161] size: [28191227] time: [418]
STATS - lpIterations[1] lagIterations[2] sspIterations[2] numSeparations[0] numCuts[0] compileTime[417] sspSolveTime[2] lpSolveTime[0] lb[40461] ub[47161] size: [28191227] time: [420]
STATS - lpIterations[1] lagIterations[3] sspIterations[15] numSeparations[1] numCuts[0] compileTime[417] sspSolveTime[7] lpSolveTime[0] lb[42306.2] ub[47161] size: [28191622] time: [426]
STATS - lpIterations[1] lagIterations[3] sspIterations[15] numSeparations[1] numCuts[0] compileTime[417] sspSolveTime[7] lpSolveTime[0] lb[42380.3] ub[47161] size: [28191622] time: [429]
STATS - lpIterations[1] lagIterations[4] sspIterations[50] numSeparations[14] numCuts[0] compileTime[417] sspSolveTime[16] lpSolveTime[0] lb[42753.5] ub[47161] size: [28205443] time: [438]
STATS - lpIterations[1] lagIterations[4] sspIterations[50] numSeparations[14] numCuts[0] compileTime[417] sspSolveTime[16] lpSolveTime[0] lb[42941.1] ub[47161] size: [28205443] time: [444]
STATS - lpIterations[1] lagIterations[5] sspIterations[72] numSeparations[40] numCuts[0] compileTime[417] sspSolveTime[21] lpSolveTime[0] lb[43063.8] ub[47161] size: [28221336] time: [449]
STATS - lpIterations[1] lagIterations[5] sspIterations[72] numSeparations[40] numCuts[0] compileTime[417] sspSolveTime[21] lpSolveTime[0] lb[43111.2] ub[47161] size: [28221336] time: [455]
STATS - lpIterations[1] lagIterations[6] sspIterations[115] numSeparations[57] numCuts[0] compileTime[417] sspSolveTime[32] lpSolveTime[0] lb[43306.9] ub[47161] size: [28232489] time: [466]
STATS - lpIterations[1] lagIterations[6] sspIterations[115] numSeparations[57] numCuts[0] compileTime[417] sspSolveTime[32] lpSolveTime[0] lb[43568.1] ub[47161] size: [28232489] time: [474]
STATS - lpIterations[1] lagIterations[7] sspIterations[124] numSeparations[97] numCuts[0] compileTime[417] sspSolveTime[34] lpSolveTime[0] lb[43668.2] ub[47161] size: [28262354] time: [476]
STATS - lpIterations[1] lagIterations[7] sspIterations[124] numSeparations[97] numCuts[0] compileTime[417] sspSolveTime[34] lpSolveTime[0] lb[43681.8] ub[47161] size: [28262354] time: [480]
STATS - lpIterations[1] lagIterations[8] sspIterations[270] numSeparations[106] numCuts[0] compileTime[417] sspSolveTime[83] lpSolveTime[0] lb[44577] ub[47161] size: [28269319] time: [549]
STATS - lpIterations[1] lagIterations[9] sspIterations[344] numSeparations[204] numCuts[0] compileTime[417] sspSolveTime[101] lpSolveTime[0] lb[44642.4] ub[47161] size: [28350310] time: [584]
STATS - lpIterations[1] lagIterations[12] sspIterations[451] numSeparations[302] numCuts[0] compileTime[417] sspSolveTime[125] lpSolveTime[0] lb[44645.6] ub[47161] size: [28421331] time: [631]
STATS - lpIterations[1] lagIterations[13] sspIterations[520] numSeparations[322] numCuts[0] compileTime[417] sspSolveTime[134] lpSolveTime[0] lb[44668.8] ub[47161] size: [28434793] time: [640]
STATS - lpIterations[1] lagIterations[13] sspIterations[520] numSeparations[322] numCuts[0] compileTime[417] sspSolveTime[134] lpSolveTime[0] lb[44906.5] ub[47161] size: [28434793] time: [654]
STATS - lpIterations[1] lagIterations[15] sspIterations[623] numSeparations[373] numCuts[0] compileTime[417] sspSolveTime[153] lpSolveTime[0] lb[45111.7] ub[47161] size: [28470748] time: [694]
STATS - lpIterations[1] lagIterations[17] sspIterations[831] numSeparations[415] numCuts[0] compileTime[417] sspSolveTime[212] lpSolveTime[0] lb[45291.9] ub[47161] size: [28499161] time: [788]
STATS - lpIterations[1] lagIterations[18] sspIterations[910] numSeparations[501] numCuts[0] compileTime[417] sspSolveTime[227] lpSolveTime[0] lb[45312.8] ub[47161] size: [28546988] time: [818]
STATS - lpIterations[1] lagIterations[25] sspIterations[1520] numSeparations[691] numCuts[0] compileTime[417] sspSolveTime[353] lpSolveTime[0] lb[45506.5] ub[47161] size: [28662387] time: [1050]
STATS - lpIterations[1] lagIterations[26] sspIterations[1625] numSeparations[782] numCuts[0] compileTime[417] sspSolveTime[373] lpSolveTime[0] lb[45552.6] ub[47161] size: [28715718] time: [1090]
STATS - lpIterations[1] lagIterations[28] sspIterations[1872] numSeparations[823] numCuts[0] compileTime[417] sspSolveTime[429] lpSolveTime[0] lb[45587.9] ub[47161] size: [28735846] time: [1182]
STATS - lpIterations[1] lagIterations[29] sspIterations[2005] numSeparations[923] numCuts[0] compileTime[417] sspSolveTime[452] lpSolveTime[0] lb[45606.3] ub[47161] size: [28791695] time: [1231]
STATS - lpIterations[1] lagIterations[31] sspIterations[2253] numSeparations[964] numCuts[0] compileTime[417] sspSolveTime[513] lpSolveTime[0] lb[45724.6] ub[47161] size: [28812980] time: [1330]
STATS - lpIterations[1] lagIterations[34] sspIterations[2643] numSeparations[1090] numCuts[0] compileTime[417] sspSolveTime[611] lpSolveTime[0] lb[45727.7] ub[47161] size: [28886371] time: [1493]
STATS - lpIterations[1] lagIterations[35] sspIterations[2780] numSeparations[1165] numCuts[0] compileTime[417] sspSolveTime[640] lpSolveTime[0] lb[45729.2] ub[47161] size: [28928700] time: [1548]
STATS - lpIterations[1] lagIterations[42] sspIterations[3426] numSeparations[1345] numCuts[0] compileTime[417] sspSolveTime[775] lpSolveTime[0] lb[45738.4] ub[47161] size: [29025401] time: [1799]
STATS - lpIterations[1] lagIterations[43] sspIterations[3525] numSeparations[1395] numCuts[0] compileTime[417] sspSolveTime[793] lpSolveTime[0] lb[45770.1] ub[47161] size: [29049923] time: [1841]
STATS - lpIterations[1] lagIterations[52] sspIterations[4311] numSeparations[1579] numCuts[0] compileTime[417] sspSolveTime[947] lpSolveTime[0] lb[45797.3] ub[47161] size: [29144648] time: [2133]
STATS - lpIterations[1] lagIterations[56] sspIterations[4719] numSeparations[1662] numCuts[0] compileTime[417] sspSolveTime[1027] lpSolveTime[0] lb[45808.3] ub[47161] size: [29191056] time: [2276]
STATS - lpIterations[1] lagIterations[57] sspIterations[4811] numSeparations[1716] numCuts[0] compileTime[417] sspSolveTime[1045] lpSolveTime[0] lb[45830.9] ub[47161] size: [29219688] time: [2312]
STATS - lpIterations[1] lagIterations[59] sspIterations[5002] numSeparations[1738] numCuts[0] compileTime[417] sspSolveTime[1082] lpSolveTime[0] lb[45891.2] ub[47161] size: [29231106] time: [2384]
STATS - lpIterations[1] lagIterations[63] sspIterations[5417] numSeparations[1824] numCuts[0] compileTime[417] sspSolveTime[1171] lpSolveTime[0] lb[45965.6] ub[47161] size: [29274282] time: [2545]
STATS - lpIterations[1] lagIterations[64] sspIterations[5536] numSeparations[1877] numCuts[0] compileTime[417] sspSolveTime[1190] lpSolveTime[0] lb[45993.2] ub[47161] size: [29298815] time: [2588]
STATS - lpIterations[1] lagIterations[87] sspIterations[7722] numSeparations[2289] numCuts[0] compileTime[417] sspSolveTime[1627] lpSolveTime[0] lb[46069.4] ub[47161] size: [29519735] time: [3402]
