flexible number of vehicles
capacity: 643
instance upper bound: 10916
route length upper bound: 134
compiling DD
time step mult: 1
time step: 10
cap step: 1
done compiling DD
batch size for lag: 1
iteration delay to start separating: 0
optimality gap to start repairing: 100
percent fixed to change to CPLEX: 97.5
num arcs to change to CPLEX: 100000
num arcs to change to LAG: 999999999
num lag iters to cut: 0
num cuts lag: 10
cut phase: 1
deactivate cut value threshold: 0.1
deactivate cut iter threshold: 25
momentum beta: 0
stall alpha factor: 0
STATS - lpIterations[0] lagIterations[0] sspIterations[0] numSeparations[0] numCuts[0] compileTime[277] sspSolveTime[0] lpSolveTime[0] lb[0] ub[10916] numArcs: [17011829] numFixed: [0] time: [277]
STATS - lpIterations[1] lagIterations[0] sspIterations[0] numSeparations[0] numCuts[0] compileTime[277] sspSolveTime[0] lpSolveTime[0] lb[0] ub[10916] numArcs: [17011829] numFixed: [0] time: [277]
STATS - lpIterations[1] lagIterations[1] sspIterations[1] numSeparations[0] numCuts[0] compileTime[277] sspSolveTime[5] lpSolveTime[0] lb[7585.81] ub[10916] numArcs: [17011829] numFixed: [0] time: [283]
lambda: 0,44.1804,67.21,42.5505,43.8569,32.479,3.64852,86.4199,57.6547,76.5537,65.3935,40.0124,77.7605,13.2193,51.7885,58.451,75.4992,53.7792,53.6174,40.6376,39.6579,55.6796,72.7745,23.4401,98.3515,48.3733,60.9393,57.0949,69.7107,43.6579,69.6734,71.1322,89.0047,54.7216,76.367,42.3266,61.3126,111.008,59.6516,81.1664,24.0809,50.5754,18.3359,103.03,49.2908,92.1928,55.7201,85.8476,45.0047,69.4246,37.7916,76.6812,60.2302,68.563,64.9393,102.737,71.6641,62.4977,44.0747,81.9098,61.8942,77.8383,86.3297,53.126,51.6081,61.0575,9.42768,42.6096,23.7387,58.1337,26.0902,45.9347,36.8771,85.9596,56.196,92.0684,30.8305,61.3997,37.2597,51.7325,40.6096,57.7294,37.2877,19.7543,70.6439,54.5132,71.5086,49.8289,85.0264,50.5568,86.3142,43.3157,68.3919,19.0855,52.4541,30.7309,114.495,29.972,35.0358,98.3515,21.8631,59.8942,78.6439,68.4759,73.1135,74.6314,54.3204,81.5179,65.6672,18.9891,48.2426,74.2488,73.6236,68.1306,61.1664,50.2644,50.7309,63.9876,35.6858,75.0202,60.9145,21.8725,40.5101,65.3841,51.2939,51.0264,91.944,35.9907,26.2115,42.619,47.7512,46.3577,8.82737,56.0435,
mu: 
srcDuals: 
fixing. lower bound used: 7546.03
percent fixed: 0.00934644
updating best lambda
fixing. lower bound used: 7546.03
STATS - lpIterations[1] lagIterations[2] sspIterations[2] numSeparations[1] numCuts[0] compileTime[277] sspSolveTime[123] lpSolveTime[0] lb[7925.31] ub[10916] numArcs: [17011961] numFixed: [1590] time: [520]
lambda: 0,46.8821,69.9116,45.2522,46.5586,35.1807,6.35021,89.1216,60.3564,79.2553,68.0952,42.7141,80.4622,15.921,54.4902,61.1527,78.2009,56.4809,56.3191,43.3393,42.3595,58.3813,75.4762,26.1418,101.053,51.0749,63.641,59.7966,72.4124,46.3595,72.3751,73.8339,91.7064,54.7216,79.0687,45.0283,64.0143,113.709,62.3533,83.8681,26.7826,53.2771,21.0376,105.731,51.9925,94.8945,58.4218,88.5493,47.7064,72.1263,40.4933,79.3829,62.9319,71.2647,67.641,105.439,74.3658,65.1994,46.7763,84.6115,64.5959,80.5399,89.0314,55.8277,54.3098,63.7592,12.1294,45.3113,26.4404,60.8354,28.7919,48.6364,36.8771,88.6613,58.8976,94.7701,33.5322,64.1014,39.9614,54.4342,43.3113,60.4311,39.9894,22.456,73.3455,57.2149,63.4035,52.5306,87.7281,53.2585,89.0158,46.0174,71.0936,21.7872,55.1558,33.4326,117.196,32.6737,37.7375,101.053,24.5648,62.5959,81.3455,71.1776,75.8152,77.3331,57.0221,84.2196,68.3689,21.6908,50.9443,76.9505,76.3253,70.8323,63.8681,52.9661,53.4326,66.6892,38.3875,77.7219,63.6162,24.5742,43.2118,68.0858,48.5922,53.7281,94.6457,38.6924,28.9132,45.3207,50.4529,49.0594,11.5291,58.7452,
mu: 
srcDuals: 
fixing. lower bound used: 7883.74
percent fixed: 0.219692
updating best lambda
fixing. lower bound used: 7883.74
STATS - lpIterations[1] lagIterations[3] sspIterations[3] numSeparations[2] numCuts[0] compileTime[277] sspSolveTime[240] lpSolveTime[0] lb[8284.09] ub[10916] numArcs: [17012092] numFixed: [1590] time: [758]
lambda: 0,43.847,72.9468,48.2874,49.5937,38.2158,9.38534,92.1567,63.3916,82.2905,71.1303,45.7493,83.4973,18.9561,57.5253,64.1878,81.236,59.516,59.3542,46.3744,45.3947,61.4164,78.5113,29.1769,104.088,54.1101,66.6762,62.8317,75.4475,49.3947,75.4102,76.869,94.7415,57.7567,82.1038,48.0634,67.0494,116.745,65.3884,86.9032,29.8177,56.3122,24.0727,108.766,55.0276,97.9297,61.4569,91.5844,50.7415,72.1263,43.5284,82.418,65.967,74.2998,70.6762,108.474,77.4009,68.2345,49.8115,87.6466,67.6311,80.5399,92.0665,58.8628,54.3098,66.7944,15.1645,48.3465,29.4755,57.8003,31.827,51.6715,39.9123,91.6964,61.9328,97.8052,36.5673,67.1365,42.9965,57.4693,46.3465,63.4662,43.0245,25.4911,76.3807,60.25,66.4386,55.5657,90.7633,56.2936,92.051,49.0525,74.1287,24.8224,58.1909,36.4678,120.231,35.7088,40.7726,104.088,27.6,65.6311,84.3807,74.2127,78.8503,80.3682,60.0572,87.2547,71.404,24.7259,53.9794,79.9856,76.3253,73.8675,66.9032,56.0012,56.4678,66.6892,41.4227,80.757,66.6513,27.6093,46.2469,71.121,51.6274,56.7633,97.6808,41.7275,31.9483,48.3558,53.488,52.0945,14.5642,61.7804,
mu: 
srcDuals: 
fixing. lower bound used: 8260.09
percent fixed: 0.219691
fixing. lower bound used: 7883.74
STATS - lpIterations[1] lagIterations[4] sspIterations[4] numSeparations[3] numCuts[0] compileTime[277] sspSolveTime[357] lpSolveTime[0] lb[8643.25] ub[10916] numArcs: [17012614] numFixed: [1590] time: [997]
lambda: 0,46.8935,75.9933,45.2408,52.6403,41.2623,12.4319,95.2032,66.4381,85.337,74.1768,48.7958,86.5438,22.0026,60.5718,67.2343,84.2826,62.5625,62.4007,49.421,48.4412,64.463,81.5578,32.2235,107.135,57.1566,69.7227,65.8782,78.4941,52.4412,78.4567,79.9155,97.788,57.7567,85.1504,51.1099,70.0959,119.791,68.435,89.9497,32.8642,59.3588,27.1193,111.813,58.0742,100.976,64.5034,94.6309,53.788,75.1728,46.5749,85.4645,69.0135,77.3463,73.7227,111.52,80.4474,71.281,52.858,90.6931,70.6776,83.5865,95.113,61.9093,57.3563,69.8409,18.211,51.393,32.5221,60.8468,34.8735,54.718,36.8657,94.7429,64.9793,100.852,39.6138,70.183,46.043,60.5158,49.393,66.5127,46.071,28.5376,79.4272,63.2965,63.3921,58.6123,93.8098,59.3401,95.0975,52.099,77.1752,27.8689,61.2375,39.5143,123.278,38.7553,43.8191,107.135,30.6465,68.6776,87.4272,77.2592,81.8969,83.4147,63.1037,90.3012,74.4505,27.7724,57.0259,83.0322,79.3718,76.914,69.9497,59.0477,59.5143,69.7358,44.4692,83.8035,69.6978,30.6558,49.2934,74.1675,54.6739,59.8098,100.727,44.774,34.9948,51.4023,50.4415,55.141,17.6107,64.8269,
mu: 
srcDuals: 
fixing. lower bound used: 8637.86
percent fixed: 0.219684
fixing. lower bound used: 7883.74
STATS - lpIterations[1] lagIterations[5] sspIterations[61] numSeparations[4] numCuts[0] compileTime[277] sspSolveTime[1092] lpSolveTime[0] lb[8952.78] ub[10916] numArcs: [17011567] numFixed: [1590] time: [1896]
lambda: 0,49.9979,78.8582,48.3652,52.8312,44.3468,15.3966,98.148,69.1434,88.2219,77.3211,51.8603,89.5086,25.0472,63.6762,70.3587,87.4269,65.6469,65.5451,52.5453,51.5855,67.6073,82.1678,35.3478,110.279,60.3009,72.867,68.384,81.6384,49.3168,81.5611,73.6867,100.932,60.8013,88.2747,54.2542,73.2403,122.935,71.5793,92.8546,36.0085,62.4632,30.2636,114.957,61.1985,104.12,67.6477,97.6555,56.3935,78.0976,49.7193,88.6088,72.1379,80.4906,76.867,114.485,83.5917,74.4054,55.9424,93.8375,73.8219,86.5312,98.2574,65.0337,60.321,72.9852,21.3354,54.3577,35.0079,63.9512,37.0001,57.6428,39.9901,97.8274,68.1236,103.996,42.5985,73.3074,49.1874,63.6602,52.2978,69.6171,48.8562,31.6819,81.7933,66.4209,66.4965,61.7566,96.9541,62.4844,98.2418,55.2434,77.1752,31.0132,64.3818,42.6586,126.422,41.8597,46.9634,110.279,33.7908,71.8219,90.5715,80.4035,85.0412,86.5591,66.248,92.6473,77.5749,30.9168,60.1703,86.1765,81.9574,80.0583,72.9145,62.1721,62.6586,72.7204,47.6135,86.8481,72.8421,33.2214,52.3579,77.3118,57.6985,59.8098,103.692,47.8185,34.9749,54.5466,53.5459,58.1257,20.755,67.592,
mu: 
srcDuals: 
fixing. lower bound used: 8952.78
percent fixed: 0.21967
fixing. lower bound used: 7883.74
STATS - lpIterations[1] lagIterations[6] sspIterations[99] numSeparations[57] numCuts[0] compileTime[277] sspSolveTime[1523] lpSolveTime[0] lb[8958.65] ub[10916] numArcs: [17041070] numFixed: [1726] time: [2475]
lambda: 0,49.9979,78.4509,48.3652,49.7358,44.1839,14.9893,97.0891,67.5957,87.8961,77.4026,51.6159,89.0198,24.8842,63.7577,70.4402,87.5083,65.3211,65.6265,52.5453,51.667,67.6887,79.887,35.4293,110.361,60.3824,72.9485,66.1846,81.7198,49.3168,81.3982,73.7682,101.014,60.394,88.2747,54.3357,73.3217,123.017,71.6607,92.5288,36.09,62.4632,30.345,115.039,61.28,104.202,67.7292,97.4926,55.1717,77.5274,49.8007,88.6903,72.1379,80.5721,76.9485,113.263,83.6732,74.4054,55.861,93.9189,73.9034,86.2869,98.3388,65.0337,59.6694,73.0667,21.3354,53.3802,33.4602,63.7883,34.2306,57.2355,39.9901,97.8274,68.2051,104.078,42.2727,73.3074,49.2688,63.6602,51.2389,69.5357,47.4714,31.7634,79.9197,66.5024,66.415,61.838,97.0355,62.5659,98.3233,55.3248,77.2567,31.0946,64.4632,42.7401,126.504,41.8597,47.0449,110.361,33.8723,71.9034,90.653,80.485,85.1226,86.6405,66.3295,90.6109,77.6563,30.9982,60.2517,86.2579,80.7356,80.1397,72.2628,62.1721,62.7401,72.2317,47.695,86.6852,72.9236,31.6737,52.1136,77.3932,57.0468,59.8912,102.552,47.5742,34.9749,54.6281,53.5459,57.5555,20.8365,66.2073,
mu: 
srcDuals: 
fixing. lower bound used: 8958.65
percent fixed: 0.220072
updating best lambda
fixing. lower bound used: 8958.65
STATS - lpIterations[1] lagIterations[7] sspIterations[111] numSeparations[94] numCuts[0] compileTime[277] sspSolveTime[1676] lpSolveTime[0] lb[8964.58] ub[10916] numArcs: [17060664] numFixed: [1870] time: [2767]
lambda: 0,50.9758,75.5172,48.3652,50.7137,45.1618,15.9672,98.067,68.5736,84.9624,78.3805,49.6601,86.0861,25.8621,64.7356,71.4181,88.4862,64.3432,66.6044,52.5453,52.6449,68.6666,80.8649,36.4072,111.338,61.3603,73.9264,67.1625,82.6977,50.2947,82.3761,74.7461,101.992,59.4161,89.2526,55.3136,74.2996,123.995,72.6386,89.5951,37.0679,63.4411,31.3229,116.017,62.2579,105.18,68.7071,96.5147,49.3043,77.5274,50.7786,89.6682,72.1379,81.55,77.9264,114.241,84.6511,75.3833,54.8831,94.8968,74.8813,86.2869,99.3167,66.0116,57.7136,74.0446,22.3133,54.3581,34.4381,64.7662,35.2085,57.2355,40.968,98.8053,69.183,105.055,40.3169,74.2853,50.2467,64.6381,46.3494,70.5136,41.604,32.7413,80.8976,67.4803,67.3929,62.8159,98.0135,63.5438,99.3012,56.3027,78.2346,32.0725,65.4411,43.718,127.482,42.8377,48.0228,111.338,34.8502,72.8813,91.6309,81.4629,86.1005,87.6184,67.3074,91.5888,78.6342,31.9761,61.2296,87.2358,72.9123,81.1177,65.4175,63.15,63.718,72.2317,48.6729,86.6852,73.9015,32.6516,49.1799,78.3712,55.091,60.8691,103.53,46.5963,34.9749,55.606,53.5459,50.7102,21.8144,61.3178,
mu: 
srcDuals: 
fixing. lower bound used: 8964.58
percent fixed: 0.220605
updating best lambda
fixing. lower bound used: 8964.58
STATS - lpIterations[1] lagIterations[8] sspIterations[125] numSeparations[104] numCuts[0] compileTime[277] sspSolveTime[1858] lpSolveTime[0] lb[8965.29] ub[10916] numArcs: [17062882] numFixed: [1871] time: [3062]
lambda: 0,50.9758,75.5172,48.3652,50.7137,45.1618,15.9672,98.067,68.5736,84.9624,78.3805,49.6601,86.0861,25.8621,64.7356,71.4181,88.4862,64.3432,66.6044,52.5453,52.6449,68.6666,80.8649,36.4072,111.338,61.3603,73.9264,67.1625,82.6977,50.2947,82.3761,74.7461,101.992,59.4161,89.2526,55.3136,74.2996,123.995,72.6386,89.5951,37.0679,63.4411,31.3229,116.017,62.2579,105.18,68.7071,96.5147,49.3043,77.5274,50.7786,89.6682,72.1379,81.55,77.9264,114.241,84.6511,75.3833,54.8831,94.8968,74.8813,86.2869,99.3167,66.0116,57.7136,74.0446,22.3133,54.3581,34.4381,64.7662,35.2085,57.2355,40.968,98.8053,69.183,105.055,40.3169,74.2853,50.2467,64.6381,46.3494,70.5136,41.604,32.7413,80.8976,67.4803,67.3929,62.8159,98.0135,63.5438,99.3012,56.3027,78.2346,32.0725,65.4411,43.718,127.482,42.8377,48.0228,111.338,34.8502,72.8813,91.6309,81.4629,86.1005,87.6184,67.3074,91.5888,78.6342,31.9761,61.2296,87.2358,72.9123,81.1177,65.4175,63.15,63.718,72.2317,48.6729,86.6852,73.9015,32.6516,49.1799,78.3712,55.091,60.8691,103.53,46.5963,34.9749,55.606,53.5459,50.7102,21.8144,61.3178,
mu: 
srcDuals: 
STATS - lpIterations[1] lagIterations[8] sspIterations[125] numSeparations[104] numCuts[0] compileTime[277] sspSolveTime[1858] lpSolveTime[0] lb[8997.52] ub[10916] numArcs: [17062882] numFixed: [1871] time: [3082]
lambda: 0,50.3586,75.8258,48.6738,47.9364,45.1618,15.0414,96.2154,66.722,85.2709,78.6891,49.9687,86.3947,25.8621,65.0442,71.7267,88.7948,64.6518,66.913,52.8539,52.9535,68.358,78.7048,36.7158,111.647,61.6689,74.235,65.0023,83.0063,50.2947,82.3761,75.0547,102.3,59.7247,89.5612,55.6222,74.6082,124.303,72.9472,89.9037,37.3765,63.7497,31.6315,116.325,62.5665,105.488,67.7813,96.8233,49.6128,77.5274,51.0872,89.9768,72.4465,81.8586,78.235,113.007,84.9597,74.1489,55.1917,95.2054,75.1899,85.3611,99.6253,66.3202,58.0222,74.3532,22.6219,53.4323,32.5865,64.4576,32.7397,55.384,41.2766,99.1138,69.4916,105.364,40.6255,74.5939,50.5553,64.3295,46.658,70.8222,41.9126,33.0499,79.0461,67.7889,67.7015,63.1245,98.322,63.8524,99.6098,56.6113,78.5432,32.3811,65.7497,44.0266,127.79,43.1462,48.3314,107.635,35.1587,73.1899,91.9395,81.7715,80.5458,87.927,67.616,89.4286,78.9428,32.2847,61.5382,84.4585,73.2209,81.4262,65.7261,63.4586,64.0266,71.9231,48.9815,85.7594,71.1241,30.4915,49.4885,78.6797,55.3996,61.1777,102.604,46.9049,35.2835,55.9146,53.8545,51.0188,22.123,61.6264,
mu: 
srcDuals: 
fixing. lower bound used: 8997.52
percent fixed: 0.220573
fixing. lower bound used: 8964.58
fixing. lower bound used: 8992.65
percent fixed: 0.220495
fixing. lower bound used: 8964.58
