num loc: 33
hgs upper bound: 771.79
compiling dd
time step mult: 10000
time step: 1000000
cap step: 1
start compiling DD
add terminal node arcs
done compiling dd
num vars: 129936
STATS - lpIterations[1] lagIterations[0] sspIterations[0] numSeparations[0] numCuts[0] compileTime[0] sspSolveTime[0] lpSolveTime[38] lb[638.949] ub[771.79] size: [6054] time: [38]
num vars: 130083
STATS - lpIterations[2] lagIterations[0] sspIterations[0] numSeparations[1] numCuts[0] compileTime[0] sspSolveTime[0] lpSolveTime[70] lb[638.949] ub[771.79] size: [6059] time: [70]
num vars: 130367
STATS - lpIterations[3] lagIterations[0] sspIterations[0] numSeparations[7] numCuts[0] compileTime[0] sspSolveTime[0] lpSolveTime[117] lb[639.011] ub[771.79] size: [6082] time: [117]
num vars: 130857
STATS - lpIterations[4] lagIterations[0] sspIterations[0] numSeparations[15] numCuts[0] compileTime[0] sspSolveTime[0] lpSolveTime[158] lb[639.126] ub[771.79] size: [6102] time: [158]
num vars: 131258
STATS - lpIterations[5] lagIterations[0] sspIterations[0] numSeparations[25] numCuts[0] compileTime[0] sspSolveTime[0] lpSolveTime[202] lb[639.284] ub[771.79] size: [6123] time: [202]
num vars: 131796
STATS - lpIterations[6] lagIterations[0] sspIterations[0] numSeparations[38] numCuts[0] compileTime[0] sspSolveTime[0] lpSolveTime[243] lb[639.497] ub[771.79] size: [6149] time: [243]
num vars: 132272
STATS - lpIterations[7] lagIterations[0] sspIterations[0] numSeparations[51] numCuts[0] compileTime[0] sspSolveTime[0] lpSolveTime[292] lb[639.682] ub[771.79] size: [6173] time: [292]
num vars: 132674
STATS - lpIterations[8] lagIterations[0] sspIterations[0] numSeparations[67] numCuts[0] compileTime[0] sspSolveTime[0] lpSolveTime[341] lb[639.841] ub[771.79] size: [6208] time: [341]
num vars: 133198
STATS - lpIterations[9] lagIterations[0] sspIterations[0] numSeparations[78] numCuts[0] compileTime[0] sspSolveTime[0] lpSolveTime[399] lb[639.879] ub[771.79] size: [6231] time: [399]
num vars: 133423
STATS - lpIterations[10] lagIterations[0] sspIterations[0] numSeparations[92] numCuts[0] compileTime[0] sspSolveTime[0] lpSolveTime[455] lb[640.129] ub[771.79] size: [6258] time: [456]
num vars: 134097
STATS - lpIterations[11] lagIterations[0] sspIterations[0] numSeparations[108] numCuts[0] compileTime[0] sspSolveTime[0] lpSolveTime[512] lb[640.384] ub[771.79] size: [6293] time: [512]
num vars: 135131
STATS - lpIterations[12] lagIterations[0] sspIterations[0] numSeparations[120] numCuts[0] compileTime[0] sspSolveTime[0] lpSolveTime[562] lb[640.421] ub[771.79] size: [6320] time: [562]
num vars: 135970
STATS - lpIterations[13] lagIterations[0] sspIterations[0] numSeparations[136] numCuts[0] compileTime[0] sspSolveTime[0] lpSolveTime[617] lb[640.594] ub[771.79] size: [6358] time: [618]
num vars: 136561
STATS - lpIterations[14] lagIterations[0] sspIterations[0] numSeparations[154] numCuts[0] compileTime[0] sspSolveTime[0] lpSolveTime[671] lb[640.643] ub[771.79] size: [6393] time: [672]
num vars: 137022
STATS - lpIterations[15] lagIterations[0] sspIterations[0] numSeparations[171] numCuts[0] compileTime[0] sspSolveTime[0] lpSolveTime[729] lb[640.785] ub[771.79] size: [6423] time: [730]
num vars: 137705
STATS - lpIterations[16] lagIterations[0] sspIterations[0] numSeparations[186] numCuts[0] compileTime[0] sspSolveTime[0] lpSolveTime[783] lb[640.84] ub[771.79] size: [6456] time: [783]
num vars: 138521
STATS - lpIterations[17] lagIterations[0] sspIterations[0] numSeparations[207] numCuts[0] compileTime[0] sspSolveTime[0] lpSolveTime[837] lb[641.012] ub[771.79] size: [6505] time: [837]
num vars: 139488
STATS - lpIterations[18] lagIterations[0] sspIterations[0] numSeparations[228] numCuts[0] compileTime[0] sspSolveTime[0] lpSolveTime[902] lb[641.085] ub[771.79] size: [6552] time: [902]
num vars: 140047
STATS - lpIterations[19] lagIterations[0] sspIterations[0] numSeparations[244] numCuts[0] compileTime[0] sspSolveTime[0] lpSolveTime[967] lb[641.147] ub[771.79] size: [6579] time: [967]
num vars: 140754
STATS - lpIterations[20] lagIterations[0] sspIterations[0] numSeparations[260] numCuts[0] compileTime[0] sspSolveTime[0] lpSolveTime[1037] lb[641.206] ub[771.79] size: [6615] time: [1038]
num vars: 141635
STATS - lpIterations[21] lagIterations[0] sspIterations[0] numSeparations[278] numCuts[0] compileTime[0] sspSolveTime[0] lpSolveTime[1098] lb[641.357] ub[771.79] size: [6661] time: [1099]
num vars: 142365
STATS - lpIterations[22] lagIterations[0] sspIterations[0] numSeparations[296] numCuts[0] compileTime[0] sspSolveTime[0] lpSolveTime[1155] lb[641.479] ub[771.79] size: [6698] time: [1155]
num vars: 142935
STATS - lpIterations[23] lagIterations[0] sspIterations[0] numSeparations[313] numCuts[0] compileTime[0] sspSolveTime[0] lpSolveTime[1217] lb[641.561] ub[771.79] size: [6726] time: [1217]
num vars: 143464
STATS - lpIterations[24] lagIterations[0] sspIterations[0] numSeparations[328] numCuts[0] compileTime[0] sspSolveTime[0] lpSolveTime[1274] lb[641.623] ub[771.79] size: [6757] time: [1274]
num vars: 144061
STATS - lpIterations[25] lagIterations[0] sspIterations[0] numSeparations[346] numCuts[0] compileTime[0] sspSolveTime[0] lpSolveTime[1339] lb[641.716] ub[771.79] size: [6789] time: [1339]
num vars: 144601
STATS - lpIterations[26] lagIterations[0] sspIterations[0] numSeparations[362] numCuts[0] compileTime[0] sspSolveTime[0] lpSolveTime[1414] lb[641.777] ub[771.79] size: [6817] time: [1414]
num vars: 144914
STATS - lpIterations[27] lagIterations[0] sspIterations[0] numSeparations[379] numCuts[0] compileTime[0] sspSolveTime[0] lpSolveTime[1478] lb[641.842] ub[771.79] size: [6842] time: [1479]
num vars: 145514
STATS - lpIterations[28] lagIterations[0] sspIterations[0] numSeparations[397] numCuts[0] compileTime[0] sspSolveTime[0] lpSolveTime[1547] lb[641.916] ub[771.79] size: [6875] time: [1547]
num vars: 145936
STATS - lpIterations[29] lagIterations[0] sspIterations[0] numSeparations[414] numCuts[0] compileTime[0] sspSolveTime[0] lpSolveTime[1612] lb[642.011] ub[771.79] size: [6902] time: [1612]
num vars: 146483
STATS - lpIterations[30] lagIterations[0] sspIterations[0] numSeparations[432] numCuts[0] compileTime[0] sspSolveTime[0] lpSolveTime[1684] lb[642.106] ub[771.79] size: [6935] time: [1685]
num vars: 146948
STATS - lpIterations[31] lagIterations[0] sspIterations[0] numSeparations[452] numCuts[0] compileTime[0] sspSolveTime[0] lpSolveTime[1758] lb[642.146] ub[771.79] size: [6972] time: [1759]
num vars: 147637
STATS - lpIterations[32] lagIterations[0] sspIterations[0] numSeparations[473] numCuts[0] compileTime[0] sspSolveTime[0] lpSolveTime[1836] lb[642.208] ub[771.79] size: [7010] time: [1836]
num vars: 148315
STATS - lpIterations[33] lagIterations[0] sspIterations[0] numSeparations[492] numCuts[0] compileTime[0] sspSolveTime[0] lpSolveTime[1906] lb[642.287] ub[771.79] size: [7047] time: [1907]
num vars: 149100
STATS - lpIterations[34] lagIterations[0] sspIterations[0] numSeparations[513] numCuts[0] compileTime[0] sspSolveTime[0] lpSolveTime[1983] lb[642.396] ub[771.79] size: [7094] time: [1984]
num vars: 149159
STATS - lpIterations[35] lagIterations[0] sspIterations[0] numSeparations[531] numCuts[0] compileTime[0] sspSolveTime[0] lpSolveTime[2064] lb[642.488] ub[771.79] size: [7128] time: [2065]
num vars: 150086
STATS - lpIterations[36] lagIterations[0] sspIterations[0] numSeparations[550] numCuts[0] compileTime[0] sspSolveTime[0] lpSolveTime[2150] lb[642.552] ub[771.79] size: [7160] time: [2150]
num vars: 150682
STATS - lpIterations[37] lagIterations[0] sspIterations[0] numSeparations[570] numCuts[0] compileTime[0] sspSolveTime[0] lpSolveTime[2237] lb[642.585] ub[771.79] size: [7200] time: [2237]
num vars: 151462
STATS - lpIterations[38] lagIterations[0] sspIterations[0] numSeparations[589] numCuts[0] compileTime[0] sspSolveTime[0] lpSolveTime[2318] lb[642.641] ub[771.79] size: [7234] time: [2318]
num vars: 152855
STATS - lpIterations[39] lagIterations[0] sspIterations[0] numSeparations[612] numCuts[0] compileTime[0] sspSolveTime[0] lpSolveTime[2401] lb[642.702] ub[771.79] size: [7266] time: [2402]
num vars: 153589
STATS - lpIterations[40] lagIterations[0] sspIterations[0] numSeparations[632] numCuts[0] compileTime[0] sspSolveTime[0] lpSolveTime[2491] lb[642.737] ub[771.79] size: [7306] time: [2492]
num vars: 153756
STATS - lpIterations[41] lagIterations[0] sspIterations[0] numSeparations[650] numCuts[0] compileTime[0] sspSolveTime[0] lpSolveTime[2581] lb[642.8] ub[771.79] size: [7332] time: [2581]
num vars: 154089
STATS - lpIterations[42] lagIterations[0] sspIterations[0] numSeparations[666] numCuts[0] compileTime[0] sspSolveTime[0] lpSolveTime[2671] lb[642.85] ub[771.79] size: [7357] time: [2672]
num vars: 154474
STATS - lpIterations[43] lagIterations[0] sspIterations[0] numSeparations[683] numCuts[0] compileTime[0] sspSolveTime[0] lpSolveTime[2756] lb[642.883] ub[771.79] size: [7381] time: [2757]
num vars: 155094
STATS - lpIterations[44] lagIterations[0] sspIterations[0] numSeparations[701] numCuts[0] compileTime[0] sspSolveTime[0] lpSolveTime[2842] lb[642.924] ub[771.79] size: [7413] time: [2843]
num vars: 155263
STATS - lpIterations[45] lagIterations[0] sspIterations[0] numSeparations[717] numCuts[0] compileTime[0] sspSolveTime[0] lpSolveTime[2936] lb[642.956] ub[771.79] size: [7437] time: [2937]
num vars: 156103
STATS - lpIterations[46] lagIterations[0] sspIterations[0] numSeparations[732] numCuts[0] compileTime[0] sspSolveTime[0] lpSolveTime[3029] lb[643.026] ub[771.79] size: [7462] time: [3030]
num vars: 156721
STATS - lpIterations[47] lagIterations[0] sspIterations[0] numSeparations[752] numCuts[0] compileTime[0] sspSolveTime[0] lpSolveTime[3132] lb[643.058] ub[771.79] size: [7500] time: [3133]
num vars: 157215
STATS - lpIterations[48] lagIterations[0] sspIterations[0] numSeparations[770] numCuts[0] compileTime[0] sspSolveTime[0] lpSolveTime[3226] lb[643.123] ub[771.79] size: [7526] time: [3227]
num vars: 157530
STATS - lpIterations[49] lagIterations[0] sspIterations[0] numSeparations[789] numCuts[0] compileTime[0] sspSolveTime[0] lpSolveTime[3318] lb[643.147] ub[771.79] size: [7555] time: [3319]
num vars: 158388
STATS - lpIterations[50] lagIterations[0] sspIterations[0] numSeparations[807] numCuts[0] compileTime[0] sspSolveTime[0] lpSolveTime[3412] lb[643.193] ub[771.79] size: [7581] time: [3413]
num vars: 158586
STATS - lpIterations[51] lagIterations[0] sspIterations[0] numSeparations[825] numCuts[0] compileTime[0] sspSolveTime[0] lpSolveTime[3505] lb[643.221] ub[771.79] size: [7618] time: [3506]
num vars: 159198
