fixed number of vehicles
capacity: 100
num locations: 33
instance upper bound: 661
route length upper bound: 33
compiling DD
time step mult: 1
time step: 10
cap step: 1
done compiling DD
batch size for lag: 1
deactivate cut value threshold: 0.01
deactivate cut iter threshold: 1000000000
percent arcs fixed to change to CPLEX: 97.5
number arcs fixed to change to CPLEX: 100000
kappa iterations: 100
ngSetSize: 2
change to LP: 1
var fixing: 1
muSSP: 1
repairDuals: 1
robustCuts: 0
nonRobustCuts: 0
volume algo: 0
phases: 0
STATS - lpIterations[0] lagIterations[0] sspIterations[0] numSeparations[0] numCuts[0] compileTime[2] sspSolveTime[0] lpSolveTime[0] lb[0] ub[661] numArcs: [127562] numFixed: [0] time: [2]
STATS1 - lpIterations[0] lagIterations[0] sspIterations[0] numSeparations[0] numCuts[0] compileTime[2] sspSolveTime[0] lpSolveTime[0] repairTime[0] cutsTime[0] alphaTime[0] decompTime[0] yellowTime[0] updateTime[0] fixTime[0] lb[0] ub[661] numArcs: [127562] numFixed: [0] time: [2]
STATS - lpIterations[1] lagIterations[0] sspIterations[0] numSeparations[0] numCuts[0] compileTime[2] sspSolveTime[0] lpSolveTime[0] lb[0] ub[661] numArcs: [127562] numFixed: [0] time: [2]
STATS1 - lpIterations[1] lagIterations[0] sspIterations[0] numSeparations[0] numCuts[0] compileTime[2] sspSolveTime[0] lpSolveTime[0] repairTime[0] cutsTime[0] alphaTime[0] decompTime[0] yellowTime[0] updateTime[0] fixTime[0] lb[0] ub[661] numArcs: [127562] numFixed: [0] time: [2]
fixed path dual: 13.804
STATS - lpIterations[1] lagIterations[1] sspIterations[5] numSeparations[0] numCuts[0] compileTime[2] sspSolveTime[0] lpSolveTime[0] lb[437.66] ub[661] numArcs: [127534] numFixed: [0] time: [2]
STATS1 - lpIterations[1] lagIterations[1] sspIterations[5] numSeparations[0] numCuts[0] compileTime[2] sspSolveTime[0] lpSolveTime[0] repairTime[0] cutsTime[0] alphaTime[0] decompTime[0] yellowTime[0] updateTime[0] fixTime[0] lb[437.66] ub[661] numArcs: [127534] numFixed: [0] time: [2]
lambda: 0,4.5,6.9,12.6,9.36,9.76,8.64,27.74,12.8,23.4,22,1.8,7.38,25.76,7.02,7.2,7.8,34.56,4.94,9.24,4.96,8,3.04,3.08,5.72,17.08,2.6,28.06,5.1,6.4,24.4,14.4,2.4,
mu: 
combDuals: 
srcDuals: 
alpha: 0.179061
psiStar: 459.326
lagLB: 437.66
||gamma||^2: 121
try arc fixing based on heuristic lspl: 268.763
fixed path dual: 17.253
STATS - lpIterations[1] lagIterations[2] sspIterations[10] numSeparations[4] numCuts[0] compileTime[2] sspSolveTime[0] lpSolveTime[0] lb[456.875] ub[661] numArcs: [127743] numFixed: [0] time: [2]
STATS1 - lpIterations[1] lagIterations[2] sspIterations[10] numSeparations[4] numCuts[0] compileTime[2] sspSolveTime[0] lpSolveTime[0] repairTime[0] cutsTime[0] alphaTime[0] decompTime[0] yellowTime[0] updateTime[0] fixTime[0] lb[456.875] ub[661] numArcs: [127743] numFixed: [0] time: [2]
lambda: 0,4.67906,7.07906,12.7791,9.53906,9.93906,8.81906,27.9191,12.9791,23.5791,22,1.97906,7.55906,25.9391,7.19906,7.37906,7.97906,34.7391,5.11906,9.41906,5.13906,8.17906,3.04,3.25906,5.89906,16.5428,2.77906,26.9856,5.27906,6.57906,23.1466,14.5791,2.57906,
mu: 
combDuals: 
srcDuals: 
alpha: 0.315434
psiStar: 479.27
lagLB: 456.875
||gamma||^2: 71
fixing. lower bound used: 438.786
percent fixed: 0.438154
updating best lambda arc fixing
try arc fixing based on heuristic lspl: 267.817
fixed path dual: 20.504
STATS - lpIterations[1] lagIterations[3] sspIterations[15] numSeparations[7] numCuts[0] compileTime[2] sspSolveTime[0] lpSolveTime[0] lb[477.861] ub[661] numArcs: [127858] numFixed: [0] time: [3]
STATS1 - lpIterations[1] lagIterations[3] sspIterations[15] numSeparations[7] numCuts[0] compileTime[2] sspSolveTime[0] lpSolveTime[0] repairTime[0] cutsTime[0] alphaTime[0] decompTime[0] yellowTime[0] updateTime[0] fixTime[0] lb[477.861] ub[661] numArcs: [127858] numFixed: [0] time: [3]
lambda: 0,4.99449,7.39449,13.0945,9.85449,10.2545,9.13449,28.2345,13.2945,23.8945,22,2.29449,7.87449,26.2545,7.51449,7.69449,8.29449,35.0545,5.43449,9.73449,5.45449,8.49449,3.04,3.25906,6.21449,15.912,3.09449,25.7239,5.59449,6.89449,21.5694,14.8945,2.89449,
mu: 
combDuals: 
srcDuals: 
alpha: 0.859153
psiStar: 501.058
lagLB: 477.861
||gamma||^2: 27
fixing. lower bound used: 451.986
percent fixed: 0.683936
updating best lambda arc fixing
try arc fixing based on heuristic lspl: 265.239
fixed path dual: 21.1919
STATS - lpIterations[1] lagIterations[4] sspIterations[20] numSeparations[8] numCuts[0] compileTime[2] sspSolveTime[0] lpSolveTime[0] lb[499.343] ub[661] numArcs: [127854] numFixed: [0] time: [5]
STATS1 - lpIterations[1] lagIterations[4] sspIterations[20] numSeparations[8] numCuts[0] compileTime[2] sspSolveTime[0] lpSolveTime[0] repairTime[0] cutsTime[0] alphaTime[0] decompTime[0] yellowTime[0] updateTime[0] fixTime[0] lb[499.343] ub[661] numArcs: [127854] numFixed: [0] time: [5]
lambda: 0,5.85365,7.39449,13.9536,10.7136,11.1136,9.99365,29.0936,14.1536,24.7536,22.8592,3.15365,8.73365,27.1136,8.37365,8.55365,9.15365,35.9136,5.43449,10.5936,6.31365,9.35365,3.04,2.39991,7.07365,15.912,3.95365,24.8647,5.59449,7.75365,20.7103,15.7536,3.75365,
mu: 
combDuals: 
srcDuals: 
alpha: 0.685911
psiStar: 523.35
lagLB: 499.343
||gamma||^2: 35
fixing. lower bound used: 470.028
percent fixed: 1.05048
updating best lambda arc fixing
try arc fixing based on heuristic lspl: 263.181
fixed path dual: 20.3925
STATS - lpIterations[1] lagIterations[5] sspIterations[25] numSeparations[9] numCuts[0] compileTime[2] sspSolveTime[1] lpSolveTime[0] lb[509.75] ub[661] numArcs: [127878] numFixed: [0] time: [6]
STATS1 - lpIterations[1] lagIterations[5] sspIterations[25] numSeparations[9] numCuts[0] compileTime[2] sspSolveTime[1] lpSolveTime[0] repairTime[0] cutsTime[0] alphaTime[0] decompTime[0] yellowTime[0] updateTime[0] fixTime[0] lb[509.75] ub[661] numArcs: [127878] numFixed: [0] time: [6]
lambda: 0,6.53956,7.39449,14.6396,11.3996,11.7996,10.6796,29.7796,14.8396,25.4396,23.5451,3.83956,9.41956,27.7996,9.05956,9.23956,9.83956,36.5996,4.74858,11.2796,6.99956,10.0396,3.04,1.02809,7.75956,16.5979,4.63956,25.5507,4.22267,8.43956,21.3962,15.7536,4.43956,
mu: 
combDuals: 
srcDuals: 
alpha: 0.674273
psiStar: 534.024
lagLB: 509.75
||gamma||^2: 36
fixing. lower bound used: 484.433
percent fixed: 1.51508
updating best lambda arc fixing
try arc fixing based on heuristic lspl: 261.159
fixed path dual: 21.6011
STATS - lpIterations[1] lagIterations[6] sspIterations[30] numSeparations[11] numCuts[0] compileTime[2] sspSolveTime[1] lpSolveTime[0] lb[527.93] ub[661] numArcs: [128048] numFixed: [0] time: [7]
STATS1 - lpIterations[1] lagIterations[6] sspIterations[30] numSeparations[11] numCuts[0] compileTime[2] sspSolveTime[1] lpSolveTime[0] repairTime[0] cutsTime[0] alphaTime[0] decompTime[0] yellowTime[0] updateTime[0] fixTime[0] lb[527.93] ub[661] numArcs: [128048] numFixed: [0] time: [7]
lambda: 0,7.21383,7.39449,15.3138,12.0738,12.4738,11.3538,30.4538,15.5138,26.1138,23.5451,4.51383,8.74529,28.4738,9.73383,9.91383,10.5138,37.2738,5.42286,11.9538,7.67383,10.7138,3.04,1.02809,8.43383,15.9236,5.31383,23.5278,4.89695,9.11383,20.7219,16.4279,5.11383,
mu: 
combDuals: 
srcDuals: 
alpha: 0.858702
psiStar: 552.832
lagLB: 527.93
||gamma||^2: 29
fixing. lower bound used: 496.569
percent fixed: 2.10502
updating best lambda arc fixing
try arc fixing based on heuristic lspl: 170.385
fixed path dual: 19.0561
STATS - lpIterations[1] lagIterations[7] sspIterations[35] numSeparations[11] numCuts[0] compileTime[2] sspSolveTime[1] lpSolveTime[0] lb[529.803] ub[661] numArcs: [128026] numFixed: [2698] time: [8]
STATS1 - lpIterations[1] lagIterations[7] sspIterations[35] numSeparations[11] numCuts[0] compileTime[2] sspSolveTime[1] lpSolveTime[0] repairTime[0] cutsTime[0] alphaTime[0] decompTime[0] yellowTime[0] updateTime[0] fixTime[0] lb[529.803] ub[661] numArcs: [128026] numFixed: [2698] time: [8]
lambda: 0,8.07253,7.39449,16.1725,11.2151,11.6151,12.2125,31.3125,16.3725,26.9725,22.6864,5.37253,9.60399,29.3325,10.5925,10.7725,11.3725,38.1325,6.28156,12.8125,8.53253,11.5725,3.04,1.02809,9.29253,15.0649,6.17253,22.6691,5.75565,9.97253,19.8632,17.2866,5.97253,
mu: 
combDuals: 
srcDuals: 
alpha: 0.426847
psiStar: 554.56
lagLB: 529.803
||gamma||^2: 58
fixing. lower bound used: 511.167
percent fixed: 2.97913
updating best lambda arc fixing
try arc fixing based on heuristic lspl: 257.302
fixed path dual: 19.1407
STATS - lpIterations[1] lagIterations[8] sspIterations[40] numSeparations[12] numCuts[0] compileTime[2] sspSolveTime[1] lpSolveTime[0] lb[533.641] ub[661] numArcs: [128093] numFixed: [0] time: [9]
STATS1 - lpIterations[1] lagIterations[8] sspIterations[40] numSeparations[12] numCuts[0] compileTime[2] sspSolveTime[1] lpSolveTime[0] repairTime[0] cutsTime[0] alphaTime[0] decompTime[0] yellowTime[0] updateTime[0] fixTime[0] lb[533.641] ub[661] numArcs: [128093] numFixed: [0] time: [9]
lambda: 0,8.49938,7.82134,16.5994,11.642,12.042,12.6394,31.7394,16.7994,27.3994,23.1132,4.51884,10.0308,29.7594,9.73884,11.1994,11.7994,38.5594,5.42786,11.532,8.95938,10.292,3.04,1.02809,9.71938,15.4917,6.59938,23.096,5.3288,10.3994,20.29,16.4329,6.39938,
mu: 
combDuals: 
srcDuals: 
alpha: 0.27149
psiStar: 558.346
lagLB: 533.641
||gamma||^2: 91
fixing. lower bound used: 514.582
percent fixed: 3.40449
updating best lambda arc fixing
try arc fixing based on heuristic lspl: 256.487
fixed path dual: 21.0991
STATS - lpIterations[1] lagIterations[9] sspIterations[45] numSeparations[15] numCuts[0] compileTime[2] sspSolveTime[1] lpSolveTime[0] lb[546.419] ub[661] numArcs: [128250] numFixed: [0] time: [10]
STATS1 - lpIterations[1] lagIterations[9] sspIterations[45] numSeparations[15] numCuts[0] compileTime[2] sspSolveTime[1] lpSolveTime[0] repairTime[0] cutsTime[0] alphaTime[0] decompTime[0] yellowTime[0] updateTime[0] fixTime[0] lb[546.419] ub[661] numArcs: [128250] numFixed: [0] time: [10]
lambda: 0,8.77087,8.09283,16.8709,11.9135,12.3135,12.9109,30.9249,15.1704,27.6709,23.3847,4.79033,10.3023,28.6734,10.0103,11.4709,12.0709,38.8309,5.69935,11.8035,8.4164,10.5635,3.04,1.02809,9.99087,15.7632,6.87087,23.3675,5.60029,10.6709,20.5615,16.7044,6.67087,
mu: 
combDuals: 
srcDuals: 
alpha: 0.864314
psiStar: 571.484
lagLB: 546.419
||gamma||^2: 29
fixing. lower bound used: 517.569
percent fixed: 3.71812
updating best lambda arc fixing
try arc fixing based on heuristic lspl: 154.954
fixed path dual: 19.6204
STATS - lpIterations[1] lagIterations[10] sspIterations[50] numSeparations[15] numCuts[0] compileTime[2] sspSolveTime[2] lpSolveTime[0] lb[551.99] ub[661] numArcs: [128246] numFixed: [4776] time: [11]
STATS1 - lpIterations[1] lagIterations[10] sspIterations[50] numSeparations[15] numCuts[0] compileTime[2] sspSolveTime[2] lpSolveTime[0] repairTime[0] cutsTime[0] alphaTime[0] decompTime[0] yellowTime[0] updateTime[0] fixTime[0] lb[551.99] ub[661] numArcs: [128246] numFixed: [4776] time: [11]
lambda: 0,9.63518,8.09283,17.7352,12.7778,13.1778,13.7752,31.7892,16.0348,28.5352,24.249,3.92601,11.1666,29.5377,9.14601,12.3352,12.9352,39.6952,4.83504,10.9392,9.28071,9.69917,3.04,1.02809,10.8552,16.6275,7.73518,24.2318,4.73598,11.5352,21.4258,15.8401,7.53518,
mu: 
combDuals: 
srcDuals: 
alpha: 0.570238
psiStar: 577.081
lagLB: 551.99
||gamma||^2: 44
fixing. lower bound used: 530.533
percent fixed: 6.5828
updating best lambda arc fixing
try arc fixing based on heuristic lspl: 252.184
fixed path dual: 18.5511
STATS - lpIterations[1] lagIterations[11] sspIterations[55] numSeparations[16] numCuts[0] compileTime[2] sspSolveTime[2] lpSolveTime[0] lb[553.487] ub[661] numArcs: [128286] numFixed: [0] time: [11]
STATS1 - lpIterations[1] lagIterations[11] sspIterations[55] numSeparations[16] numCuts[0] compileTime[2] sspSolveTime[2] lpSolveTime[0] repairTime[0] cutsTime[0] alphaTime[0] decompTime[0] yellowTime[0] updateTime[0] fixTime[0] lb[553.487] ub[661] numArcs: [128286] numFixed: [0] time: [11]
lambda: 0,10.2054,8.66307,18.3054,12.2075,12.6075,14.3454,32.3595,16.605,29.1054,23.6788,4.49625,10.5964,30.108,9.71625,12.9054,13.5054,40.2654,5.40528,11.5094,9.85095,10.2694,3.04,1.02809,11.4254,15.4871,8.30542,22.5211,5.30621,12.1054,20.2854,16.4103,8.10542,
mu: 
combDuals: 
srcDuals: 
alpha: 0.280133
psiStar: 578.418
lagLB: 553.487
||gamma||^2: 89
fixing. lower bound used: 537.376
percent fixed: 8.06544
updating best lambda arc fixing
try arc fixing based on heuristic lspl: 251.904
fixed path dual: 20.6407
STATS - lpIterations[1] lagIterations[12] sspIterations[60] numSeparations[19] numCuts[0] compileTime[2] sspSolveTime[2] lpSolveTime[0] lb[566.456] ub[661] numArcs: [128463] numFixed: [0] time: [13]
STATS1 - lpIterations[1] lagIterations[12] sspIterations[60] numSeparations[19] numCuts[0] compileTime[2] sspSolveTime[2] lpSolveTime[0] repairTime[0] cutsTime[0] alphaTime[0] decompTime[0] yellowTime[0] updateTime[0] fixTime[0] lb[566.456] ub[661] numArcs: [128463] numFixed: [0] time: [13]
lambda: 0,10.4856,8.9432,18.5856,12.4877,12.8877,14.6256,31.5191,14.9242,29.3856,23.9589,4.77639,10.8765,28.9874,9.99639,13.1856,13.7856,40.5456,5.68541,11.7895,9.29069,10.5495,3.04,1.02809,11.7056,15.7672,8.30542,22.8012,5.58635,12.3856,20.5655,16.6905,8.10542,
mu: 
combDuals: 
srcDuals: 
alpha: 1.2042
psiStar: 591.744
lagLB: 566.456
||gamma||^2: 21
fixing. lower bound used: 539.897
percent fixed: 9.03787
updating best lambda arc fixing
try arc fixing based on heuristic lspl: 140.391
fixed path dual: 17.3411
STATS - lpIterations[1] lagIterations[13] sspIterations[65] numSeparations[19] numCuts[0] compileTime[2] sspSolveTime[2] lpSolveTime[0] lb[572.838] ub[661] numArcs: [128452] numFixed: [11634] time: [14]
STATS1 - lpIterations[1] lagIterations[13] sspIterations[65] numSeparations[19] numCuts[0] compileTime[2] sspSolveTime[2] lpSolveTime[0] repairTime[0] cutsTime[0] alphaTime[0] decompTime[0] yellowTime[0] updateTime[0] fixTime[0] lb[572.838] ub[661] numArcs: [128452] numFixed: [11634] time: [14]
lambda: 0,10.4856,8.9432,19.7898,13.6919,14.0919,15.8298,32.7233,16.1284,30.5898,25.1631,4.77639,12.0807,30.1916,9.99639,13.1856,14.9898,41.7498,5.68541,11.7895,10.4949,10.5495,1.8358,1.02809,12.9098,16.9714,9.50962,24.0054,5.58635,13.5898,21.7697,16.6905,9.30962,
mu: 
combDuals: 
srcDuals: 
alpha: 0.539294
psiStar: 598.185
lagLB: 572.838
||gamma||^2: 47
fixing. lower bound used: 563.981
percent fixed: 21.4703
updating best lambda arc fixing
fixing. lower bound used: 539.897
fixing. lower bound used: 563.981
try arc fixing based on heuristic lspl: 132.005
fixed path dual: 18.0513
STATS - lpIterations[1] lagIterations[14] sspIterations[70] numSeparations[21] numCuts[0] compileTime[2] sspSolveTime[3] lpSolveTime[0] lb[578.007] ub[661] numArcs: [128545] numFixed: [27698] time: [16]
STATS1 - lpIterations[1] lagIterations[14] sspIterations[70] numSeparations[21] numCuts[0] compileTime[2] sspSolveTime[3] lpSolveTime[0] repairTime[0] cutsTime[0] alphaTime[0] decompTime[0] yellowTime[0] updateTime[0] fixTime[0] lb[578.007] ub[661] numArcs: [128545] numFixed: [27698] time: [16]
lambda: 0,11.0248,9.4825,20.329,13.1526,13.5526,16.369,31.6447,14.5105,31.129,24.6238,5.31568,12.62,29.1131,10.5357,13.7248,15.529,42.289,6.2247,12.3288,9.4163,11.0888,1.8358,1.56738,13.449,16.4321,8.97033,23.4661,6.12564,14.129,21.2304,17.2298,9.30962,
mu: 
combDuals: 
srcDuals: 
alpha: 0.325015
psiStar: 603.358
lagLB: 578.007
||gamma||^2: 78
fixing. lower bound used: 565.599
percent fixed: 23.0954
updating best lambda arc fixing
switching from LAG to LP solver
fixing. lower bound used: 565.599
num vars: 98927
DUALS: -0,16.9255,26.4449,16.9252,14.6806,15.8935,16,37.4449,12.5703,33.057,24.7655,7.26695,12.0849,28.1369,8.15819,19.9252,11.4626,65.1496,10.7471,11.4823,14.4373,17.5515,10.1033,6.96253,21.4198,20.2763,14.1331,27.6591,7.56606,34.4626,27.1698,16.6405,20.5741,
fixed path dual: 3.55513
lp dual value: 645.853
STATS - lpIterations[2] lagIterations[14] sspIterations[70] numSeparations[21] numCuts[0] compileTime[2] sspSolveTime[3] lpSolveTime[7] lb[645.853] ub[661] numArcs: [128545] numFixed: [29766] time: [23]
STATS1 - lpIterations[2] lagIterations[14] sspIterations[70] numSeparations[21] numCuts[0] compileTime[2] sspSolveTime[3] lpSolveTime[7] repairTime[0] cutsTime[0] alphaTime[0] decompTime[0] yellowTime[0] updateTime[0] fixTime[0] lb[645.853] ub[661] numArcs: [128545] numFixed: [29766] time: [23]
checking cuts, max violation: 0.504601, num cuts: 34
new capacity cutset: 1 3 4 5 6 9 10 11 12 14 15 16 17 18 19 21 22 23 24 25 27 28 29 30 31 <= 21
new capacity cutset: 4 5 10 12 25 27 30 <= 5
new capacity cutset: 7 8 13 26 32 <= 4
new capacity cutset: 7 8 13 20 26 32 <= 5
new capacity cutset: 1 6 11 14 18 19 21 23 24 28 31 <= 9
new capacity cutset: 1 3 5 6 9 10 11 12 14 15 16 17 18 19 21 22 23 24 25 27 28 29 30 31 <= 20
new capacity cutset: 7 8 26 <= 2
new capacity cutset: 1 3 4 5 9 10 11 12 14 15 16 17 18 19 21 22 23 25 27 28 29 30 31 <= 19
new capacity cutset: 1 6 11 14 18 19 21 24 31 <= 7
new capacity cutset: 1 14 19 21 <= 3
new capacity cutset: 1 3 6 9 11 14 15 16 17 18 19 21 22 23 24 28 29 31 <= 15
new capacity cutset: 1 3 4 5 9 10 12 14 15 16 17 18 19 21 22 23 25 27 28 29 30 31 <= 18
new capacity cutset: 1 3 6 9 10 11 14 15 16 17 18 19 21 22 23 24 25 28 29 30 31 <= 17
new capacity cutset: 1 3 6 9 10 11 14 15 16 17 18 19 21 22 23 24 25 27 28 29 30 31 <= 18
new capacity cutset: 1 3 5 6 9 10 11 14 15 16 17 18 19 21 22 23 24 25 27 28 29 30 31 <= 19
new capacity cutset: 4 5 7 8 9 10 12 13 17 20 25 26 27 30 32 <= 12
new capacity cutset: 3 4 5 7 8 9 10 12 13 17 20 25 26 27 30 32 <= 13
new capacity cutset: 3 4 5 7 8 9 10 12 13 16 17 20 25 26 27 30 32 <= 14
new capacity cutset: 1 3 4 5 7 8 9 10 12 13 14 15 16 17 19 20 21 25 26 27 29 30 32 <= 19
new capacity cutset: 1 3 4 5 7 8 9 10 12 13 14 15 16 17 19 20 21 25 26 27 29 30 31 32 <= 20
new capacity cutset: 1 3 4 5 6 7 8 9 10 11 12 13 14 15 16 17 18 19 20 21 23 24 25 26 27 28 29 30 31 32 <= 25
new capacity cutset: 1 3 4 5 6 7 8 9 10 11 12 13 14 15 16 17 18 19 20 21 22 23 24 25 26 27 28 29 30 31 32 <= 26
new capacity cutset: 1 3 9 14 15 16 17 18 19 21 22 23 28 29 31 <= 12
new capacity cutset: 1 3 9 11 14 15 16 17 18 19 21 22 23 28 29 31 <= 13
new capacity cutset: 1 3 5 9 10 11 14 15 16 17 18 19 21 22 23 25 27 28 29 30 31 <= 17
new capacity cutset: 1 3 5 9 10 11 12 14 15 16 17 18 19 21 22 23 25 27 28 29 30 31 <= 18
new capacity cutset: 3 9 10 15 16 17 <= 4
new capacity cutset: 3 9 10 15 16 17 29 <= 5
new capacity cutset: 1 3 4 5 6 9 10 11 12 14 15 16 17 18 19 21 24 25 27 29 30 31 <= 18
new capacity cutset: 1 3 4 5 6 9 10 11 12 14 15 16 17 18 19 21 24 25 27 28 29 30 31 <= 19
new capacity cutset: 1 3 4 5 6 9 10 11 12 14 15 16 17 18 19 21 23 24 25 27 28 29 30 31 <= 20
new capacity cutset: 1 3 5 9 10 12 14 15 16 17 18 19 21 22 23 25 27 28 29 30 31 <= 17
new capacity cutset: 1 11 14 18 19 21 23 28 31 <= 7
new capacity cutset: 1 6 11 14 18 19 21 24 28 31 <= 8
num src3 cuts added: 0
num src4 cuts added: 0
fixing. lower bound used: 565.599
num vars: 100415
DUALS: -0,25.7894,22.0572,22.1076,23.3653,24.903,25.4598,50.6189,27.2747,41.8851,32.5567,16.0136,21.5105,34.5741,19.5856,24,17.0572,71.119,15.9496,20.4644,23.5105,28.7572,8.0572,11.1534,24.375,28.2201,27.989,34.804,14,38.9496,33.804,22.0708,27.5186,
fixed path dual: 7.9428
cap dual [1]: -0.665106
cap dual [6]: -6.89964
cap dual [8]: -2.41402
cap dual [9]: -2.89702
cap dual [15]: -3.64727
cap dual [20]: -6.0068
cap dual [26]: -1.10761
cap dual [32]: -0.764387
lp dual value: 652.783
STATS - lpIterations[3] lagIterations[14] sspIterations[70] numSeparations[38] numCuts[34] compileTime[2] sspSolveTime[3] lpSolveTime[30] lb[652.783] ub[661] numArcs: [130059] numFixed: [29788] time: [54]
STATS1 - lpIterations[3] lagIterations[14] sspIterations[70] numSeparations[38] numCuts[34] compileTime[2] sspSolveTime[3] lpSolveTime[30] repairTime[0] cutsTime[6] alphaTime[0] decompTime[0] yellowTime[0] updateTime[0] fixTime[0] lb[652.783] ub[661] numArcs: [130059] numFixed: [29788] time: [54]
checking cuts, max violation: 0.464882, num cuts: 16
new capacity cutset: 3 4 5 7 8 9 10 12 13 16 17 25 26 27 30 <= 12
new capacity cutset: 5 7 8 13 25 26 27 30 <= 6
new capacity cutset: 3 5 7 8 9 10 12 13 16 17 25 26 27 30 <= 11
new capacity cutset: 1 2 3 4 5 6 7 8 9 10 12 13 14 16 17 18 19 20 21 23 24 25 26 27 28 29 30 31 32 <= 24
new capacity cutset: 3 4 5 7 8 9 10 12 13 16 17 25 26 27 30 32 <= 13
new capacity cutset: 4 5 7 8 13 25 26 27 30 <= 7
new capacity cutset: 1 2 3 4 5 6 7 8 9 10 11 12 13 14 16 17 18 19 20 21 23 24 25 26 27 28 29 30 31 32 <= 25
new capacity cutset: 1 3 6 9 11 14 16 17 18 19 21 23 24 28 29 31 <= 13
new capacity cutset: 1 3 4 5 6 7 8 9 10 11 12 13 14 15 16 17 18 19 21 22 23 24 25 26 27 28 29 30 31 <= 24
new capacity cutset: 3 4 5 7 8 9 10 12 16 17 25 26 27 30 <= 11
new capacity cutset: 3 4 5 7 8 9 10 12 16 17 25 26 27 29 30 <= 12
new capacity cutset: 3 4 5 7 8 9 10 12 13 16 17 25 26 27 29 30 <= 13
new capacity cutset: 1 3 4 5 6 7 8 9 10 11 12 13 14 15 16 17 18 19 21 22 23 25 26 27 28 29 30 31 32 <= 24
new capacity cutset: 1 3 6 9 11 14 16 17 18 19 21 23 28 29 31 <= 12
new capacity cutset: 4 5 7 8 25 26 27 30 <= 6
new capacity cutset: 1 3 4 5 6 7 8 9 10 12 13 14 16 17 19 21 24 25 26 27 29 30 <= 18
num src3 cuts added: 0
num src4 cuts added: 0
fixing. lower bound used: 652.783
fixing. lower bound used: 565.599
num vars: 6740
DUALS: -0,34.1613,25.0752,34.7669,37.3835,53.3177,28.4361,75.3741,54.5714,91.7613,53.7669,25.7143,44.3308,57.9511,26.8681,16.5113,32.203,60.6673,25.2556,26.8866,36.3083,38.4749,11.0752,17.0752,35.8327,55.7538,55.5996,61.7538,23.2556,46.8045,59.7669,30.8571,43.7293,
fixed path dual: 4.92481
cap dual [1]: -2.54887
cap dual [6]: -6.22556
cap dual [8]: -4.12782
cap dual [15]: -15.4436
cap dual [33]: -0.12782
cap dual [35]: -5.98684
cap dual [36]: -6.94737
cap dual [40]: -8.31579
cap dual [42]: -0.133459
cap dual [46]: -2.94173
cap dual [47]: -4.42857
lp dual value: 658.293
STATS - lpIterations[4] lagIterations[14] sspIterations[70] numSeparations[59] numCuts[50] compileTime[2] sspSolveTime[3] lpSolveTime[34] lb[658.293] ub[661] numArcs: [131466] numFixed: [124868] time: [63]
STATS1 - lpIterations[4] lagIterations[14] sspIterations[70] numSeparations[59] numCuts[50] compileTime[2] sspSolveTime[3] lpSolveTime[34] repairTime[0] cutsTime[9] alphaTime[0] decompTime[0] yellowTime[0] updateTime[0] fixTime[0] lb[658.293] ub[661] numArcs: [131466] numFixed: [124868] time: [63]
checking cuts, max violation: 0.334586, num cuts: 9
new capacity cutset: 2 4 7 8 13 20 26 32 <= 6
new capacity cutset: 1 3 6 9 11 14 15 16 17 18 19 21 24 28 29 31 <= 13
new capacity cutset: 5 7 8 13 25 26 27 32 <= 6
new capacity cutset: 3 5 7 8 9 10 13 16 17 25 26 27 30 32 <= 11
new capacity cutset: 1 2 3 4 5 6 7 8 9 10 11 12 13 14 15 16 17 18 19 20 21 24 25 26 27 28 29 30 31 32 <= 25
new capacity cutset: 1 2 3 4 5 6 7 8 9 10 11 13 14 15 16 17 18 19 20 21 24 25 26 27 28 29 30 31 32 <= 24
new capacity cutset: 3 9 10 16 17 30 <= 4
new capacity cutset: 1 3 5 6 9 10 11 14 15 16 17 18 19 21 24 25 27 28 29 30 31 <= 17
new capacity cutset: 1 3 5 6 9 10 11 12 14 15 16 17 18 19 21 24 25 27 28 29 30 31 <= 18
added new src3 cut with arcs: 132002 132214 132393 132610  for test set: 1 6 11 
index: 1 violation: 0.139098
added new src3 cut with arcs: 132002 132214 132393 132610  for test set: 1 6 18 
index: 2 violation: 0.139098
added new src3 cut with arcs: 132002 132214 132393 132610  for test set: 1 6 28 
index: 3 violation: 0.139098
added new src3 cut with arcs: 132002 132214 132393 132610  for test set: 1 11 24 
index: 4 violation: 0.139098
added new src3 cut with arcs: 132002 132214 132393 132610  for test set: 1 11 28 
index: 5 violation: 0.139098
added new src3 cut with arcs: 132002 132214 132393 132610  for test set: 1 18 24 
index: 6 violation: 0.139098
added new src3 cut with arcs: 132002 132214 132393 132610  for test set: 1 24 28 
index: 7 violation: 0.139098
added new src3 cut with arcs: 132002 132214 132393 132610  for test set: 6 11 14 
index: 8 violation: 0.139098
added new src3 cut with arcs: 132002 132214 132393 132610  for test set: 6 11 19 
index: 9 violation: 0.139098
added new src3 cut with arcs: 132002 132214 132393 132610  for test set: 6 11 21 
index: 10 violation: 0.139098
added new src3 cut with arcs: 132002 132214 132393 132610  for test set: 6 11 28 
index: 11 violation: 0.139098
added new src3 cut with arcs: 132002 132214 132393 132610  for test set: 6 14 18 
index: 12 violation: 0.139098
added new src3 cut with arcs: 132002 132214 132393 132610  for test set: 6 14 28 
index: 13 violation: 0.139098
added new src3 cut with arcs: 132002 132214 132393 132610  for test set: 6 18 19 
index: 14 violation: 0.139098
added new src3 cut with arcs: 132002 132214 132393 132610  for test set: 6 18 21 
index: 15 violation: 0.139098
added new src3 cut with arcs: 132002 132214 132393 132610  for test set: 6 19 28 
index: 16 violation: 0.139098
added new src3 cut with arcs: 132002 132214 132393 132610  for test set: 6 21 28 
index: 17 violation: 0.139098
added new src3 cut with arcs: 132002 132214 132393 132610  for test set: 6 28 31 
index: 18 violation: 0.139098
added new src3 cut with arcs: 132002 132214 132393 132610  for test set: 11 14 24 
index: 19 violation: 0.139098
added new src3 cut with arcs: 132002 132214 132393 132610  for test set: 11 14 28 
index: 20 violation: 0.139098
added new src3 cut with arcs: 132002 132214 132393 132610  for test set: 11 19 24 
index: 21 violation: 0.139098
added new src3 cut with arcs: 132002 132214 132393 132610  for test set: 11 19 28 
index: 22 violation: 0.139098
added new src3 cut with arcs: 132002 132214 132393 132610  for test set: 11 21 24 
index: 23 violation: 0.139098
added new src3 cut with arcs: 132002 132214 132393 132610  for test set: 11 21 28 
index: 24 violation: 0.139098
added new src3 cut with arcs: 132002 132214 132393 132610  for test set: 11 24 28 
index: 25 violation: 0.139098
added new src3 cut with arcs: 132002 132214 132393 132610  for test set: 14 18 24 
index: 26 violation: 0.139098
added new src3 cut with arcs: 132002 132214 132393 132610  for test set: 14 24 28 
index: 27 violation: 0.139098
added new src3 cut with arcs: 132002 132214 132393 132610  for test set: 18 19 24 
index: 28 violation: 0.139098
added new src3 cut with arcs: 132002 132214 132393 132610  for test set: 18 21 24 
index: 29 violation: 0.139098
added new src3 cut with arcs: 132002 132214 132393 132610  for test set: 19 24 28 
index: 30 violation: 0.139098
added new src3 cut with arcs: 132002 132214 132393 132610  for test set: 21 24 28 
index: 31 violation: 0.139098
added new src3 cut with arcs: 132002 132214 132393 132610  for test set: 24 28 31 
index: 32 violation: 0.139098
num src3 cuts added: 32
added new src4 cut with arcs: 132002 132214 132393 132610  for cut set: 1 6 11 14 
index: 33 violation: 0.139098
added new src4 cut with arcs: 132002 132214 132393 132610  for cut set: 1 6 11 18 
index: 34 violation: 0.139098
added new src4 cut with arcs: 132002 132214 132393 132610  for cut set: 1 6 11 19 
index: 35 violation: 0.139098
added new src4 cut with arcs: 132002 132214 132393 132610  for cut set: 1 6 11 21 
index: 36 violation: 0.139098
added new src4 cut with arcs: 132002 132214 132393 132610  for cut set: 1 6 11 28 
index: 37 violation: 0.278195
added new src4 cut with arcs: 132002 132214 132393 132610  for cut set: 1 6 14 18 
index: 38 violation: 0.139098
added new src4 cut with arcs: 132002 132214 132393 132610  for cut set: 1 6 18 19 
index: 39 violation: 0.139098
added new src4 cut with arcs: 132002 132214 132393 132610  for cut set: 1 6 18 21 
index: 40 violation: 0.139098
added new src4 cut with arcs: 132002 132214 132393 132610  for cut set: 1 6 14 28 
index: 41 violation: 0.139098
added new src4 cut with arcs: 132002 132214 132393 132610  for cut set: 1 6 19 28 
index: 42 violation: 0.139098
added new src4 cut with arcs: 132002 132214 132393 132610  for cut set: 1 6 21 28 
index: 43 violation: 0.139098
added new src4 cut with arcs: 132002 132214 132393 132610  for cut set: 1 11 14 24 
index: 44 violation: 0.139098
added new src4 cut with arcs: 132002 132214 132393 132610  for cut set: 1 11 18 24 
index: 45 violation: 0.139098
added new src4 cut with arcs: 132002 132214 132393 132610  for cut set: 1 11 19 24 
index: 46 violation: 0.139098
added new src4 cut with arcs: 132002 132214 132393 132610  for cut set: 1 11 21 24 
index: 47 violation: 0.139098
added new src4 cut with arcs: 132002 132214 132393 132610  for cut set: 1 11 24 28 
index: 48 violation: 0.278195
added new src4 cut with arcs: 132002 132214 132393 132610  for cut set: 1 6 11 28 
index: 49 violation: 0.278195
added new src4 cut with arcs: 132002 132214 132393 132610  for cut set: 1 11 14 28 
index: 50 violation: 0.139098
added new src4 cut with arcs: 132002 132214 132393 132610  for cut set: 1 11 19 28 
index: 51 violation: 0.139098
added new src4 cut with arcs: 132002 132214 132393 132610  for cut set: 1 11 21 28 
index: 52 violation: 0.139098
added new src4 cut with arcs: 132002 132214 132393 132610  for cut set: 1 14 18 24 
index: 53 violation: 0.139098
added new src4 cut with arcs: 132002 132214 132393 132610  for cut set: 1 18 19 24 
index: 54 violation: 0.139098
added new src4 cut with arcs: 132002 132214 132393 132610  for cut set: 1 18 21 24 
index: 55 violation: 0.139098
added new src4 cut with arcs: 132002 132214 132393 132610  for cut set: 1 11 24 28 
index: 56 violation: 0.278195
added new src4 cut with arcs: 132002 132214 132393 132610  for cut set: 1 14 24 28 
index: 57 violation: 0.139098
added new src4 cut with arcs: 132002 132214 132393 132610  for cut set: 1 19 24 28 
index: 58 violation: 0.139098
added new src4 cut with arcs: 132002 132214 132393 132610  for cut set: 1 21 24 28 
index: 59 violation: 0.139098
added new src4 cut with arcs: 132002 132214 132393 132610  for cut set: 6 11 14 18 
index: 60 violation: 0.139098
added new src4 cut with arcs: 132002 132214 132393 132610  for cut set: 6 11 14 19 
index: 61 violation: 0.139098
added new src4 cut with arcs: 132002 132214 132393 132610  for cut set: 6 11 14 21 
index: 62 violation: 0.139098
added new src4 cut with arcs: 132002 132214 132393 132610  for cut set: 6 11 14 28 
index: 63 violation: 0.278195
added new src4 cut with arcs: 132002 132214 132393 132610  for cut set: 6 11 18 19 
index: 64 violation: 0.139098
added new src4 cut with arcs: 132002 132214 132393 132610  for cut set: 6 11 19 21 
index: 65 violation: 0.139098
added new src4 cut with arcs: 132002 132214 132393 132610  for cut set: 6 11 19 28 
index: 66 violation: 0.278195
added new src4 cut with arcs: 132002 132214 132393 132610  for cut set: 6 11 18 21 
index: 67 violation: 0.139098
added new src4 cut with arcs: 132002 132214 132393 132610  for cut set: 6 11 21 28 
index: 68 violation: 0.278195
added new src4 cut with arcs: 132002 132214 132393 132610  for cut set: 6 14 18 19 
index: 69 violation: 0.139098
added new src4 cut with arcs: 132002 132214 132393 132610  for cut set: 6 14 18 21 
index: 70 violation: 0.139098
added new src4 cut with arcs: 132002 132214 132393 132610  for cut set: 6 11 14 28 
index: 71 violation: 0.278195
added new src4 cut with arcs: 132002 132214 132393 132610  for cut set: 6 14 19 28 
index: 72 violation: 0.139098
added new src4 cut with arcs: 132002 132214 132393 132610  for cut set: 6 14 21 28 
index: 73 violation: 0.139098
added new src4 cut with arcs: 132002 132214 132393 132610  for cut set: 6 18 19 21 
index: 74 violation: 0.139098
added new src4 cut with arcs: 132002 132214 132393 132610  for cut set: 6 11 19 28 
index: 75 violation: 0.278195
added new src4 cut with arcs: 132002 132214 132393 132610  for cut set: 6 19 21 28 
index: 76 violation: 0.139098
added new src4 cut with arcs: 132002 132214 132393 132610  for cut set: 6 11 21 28 
index: 77 violation: 0.278195
added new src4 cut with arcs: 132002 132214 132393 132610  for cut set: 1 6 28 31 
index: 78 violation: 0.139098
added new src4 cut with arcs: 132002 132214 132393 132610  for cut set: 6 11 28 31 
index: 79 violation: 0.139098
added new src4 cut with arcs: 132002 132214 132393 132610  for cut set: 6 14 28 31 
index: 80 violation: 0.139098
added new src4 cut with arcs: 132002 132214 132393 132610  for cut set: 6 19 28 31 
index: 81 violation: 0.139098
added new src4 cut with arcs: 132002 132214 132393 132610  for cut set: 6 21 28 31 
index: 82 violation: 0.139098
added new src4 cut with arcs: 132002 132214 132393 132610  for cut set: 11 14 18 24 
index: 83 violation: 0.139098
added new src4 cut with arcs: 132002 132214 132393 132610  for cut set: 11 14 19 24 
index: 84 violation: 0.139098
added new src4 cut with arcs: 132002 132214 132393 132610  for cut set: 11 14 21 24 
index: 85 violation: 0.139098
added new src4 cut with arcs: 132002 132214 132393 132610  for cut set: 11 14 24 28 
index: 86 violation: 0.278195
added new src4 cut with arcs: 132002 132214 132393 132610  for cut set: 11 14 19 28 
index: 87 violation: 0.139098
added new src4 cut with arcs: 132002 132214 132393 132610  for cut set: 11 14 21 28 
index: 88 violation: 0.139098
added new src4 cut with arcs: 132002 132214 132393 132610  for cut set: 11 18 19 24 
index: 89 violation: 0.139098
added new src4 cut with arcs: 132002 132214 132393 132610  for cut set: 11 19 21 24 
index: 90 violation: 0.139098
added new src4 cut with arcs: 132002 132214 132393 132610  for cut set: 11 19 24 28 
index: 91 violation: 0.278195
added new src4 cut with arcs: 132002 132214 132393 132610  for cut set: 11 19 21 28 
index: 92 violation: 0.139098
routes: 
flow {0.0263158}: 0 9 17 30 25 27 
flow {0.25188}: 0 16 3 9 17 3 16 29 
flow {0.330827}: 0 29 16 3 9 17 15 
flow {0.018797}: 0 25 30 17 9 3 16 
flow {0.139098}: 0 18 29 3 9 17 15 
flow {0.466165}: 0 2 32 13 8 7 26 4 
flow {0.12782}: 0 2 32 13 8 7 26 5 12 
flow {0.0413534}: 0 2 
flow {0.169173}: 0 15 9 17 30 10 
flow {0.18797}: 0 23 18 28 23 22 
flow {0.075188}: 0 23 18 28 23 
flow {0.075188}: 0 23 22 15 16 15 22 
flow {0.139098}: 0 28 18 29 31 18 28 
flow {0.360902}: 0 4 5 27 25 30 10 
flow {0.154135}: 0 10 30 25 27 5 12 
flow {0.169173}: 0 20 32 13 26 7 8 13 32 20 
flow {0.169173}: 0 20 8 7 26 5 25 27 5 20 
flow {0.0676692}: 0 20 26 7 8 13 32 2 
flow {0.0413534}: 0 6 24 2 20 2 
flow {0.680451}: 0 11 31 1 21 14 19 6 24 
flow {0.180451}: 0 11 19 14 21 1 31 18 28 
flow {0.018797}: 0 12 5 27 30 25 27 
flow {0.25188}: 0 12 27 25 30 10 12 
flow {0.0639098}: 0 12 10 17 9 16 15 
flow {0.0413534}: 0 22 2 20 4 20 2 
flow {0.0075188}: 0 22 15 3 16 15 22 
flow {0.131579}: 0 22 15 12 4 20 2 
flow {0.139098}: 0 22 23 18 28 11 6 24 
flow {0.259398}: 0 22 23 
flow {0.075188}: 0 22 
flow {0.139098}: 0 24 6 19 14 21 1 29 28 
no more separations possible
fixing. lower bound used: 658.293
fixing. lower bound used: 565.599
num vars: 10490
DUALS: -0,34.0234,23.9852,36.0616,43.1921,59.7629,34.6022,78.7943,61.2586,34.4661,58.3824,26.0616,45.9243,62.5591,26.6853,25.7531,33.5043,118.543,25.0234,26.8805,42.3984,37.947,9.98522,11.0616,36.4064,59.984,61.6416,65.205,23.0234,47.6188,65.3824,30.5425,49.0302,
fixed path dual: 6.01478
cap dual [1]: -3.95382
cap dual [6]: -5.23461
cap dual [8]: -3.96182
cap dual [15]: -14.0006
cap dual [20]: -5.28695
cap dual [35]: -9.57266
cap dual [36]: -3.67118
cap dual [40]: -2.78941
cap dual [42]: -1.98522
cap dual [50]: -1.55665
cap dual [52]: -0.98399
cap dual [53]: -1.22106
cap dual [54]: -6
cap dual [56]: -3.58867
lp dual value: 659.382
STATS - lpIterations[5] lagIterations[14] sspIterations[70] numSeparations[59] numCuts[191] compileTime[2] sspSolveTime[3] lpSolveTime[38] lb[659.382] ub[661] numArcs: [132281] numFixed: [121927] time: [72]
STATS1 - lpIterations[5] lagIterations[14] sspIterations[70] numSeparations[59] numCuts[191] compileTime[2] sspSolveTime[3] lpSolveTime[38] repairTime[0] cutsTime[12] alphaTime[0] decompTime[0] yellowTime[0] updateTime[0] fixTime[0] lb[659.382] ub[661] numArcs: [132281] numFixed: [121927] time: [72]
checking cuts, max violation: 0.185961, num cuts: 3
new capacity cutset: 2 4 5 7 8 13 20 26 32 <= 7
new capacity cutset: 2 3 4 5 7 8 9 10 12 13 15 16 17 20 22 25 26 27 29 30 32 <= 17
new capacity cutset: 1 2 3 4 5 6 7 8 9 10 11 12 13 14 15 16 17 19 20 21 22 24 25 26 27 29 30 31 32 <= 24
added new src3 cut with arcs: 132779 132962 133153 133309  for test set: 2 4 5 
index: 93 violation: 0.134852
added new src3 cut with arcs: 132962 133153 133309 133499  for test set: 4 5 7 
index: 94 violation: 0.108169
added new src3 cut with arcs: 132962 133153 133309 133499  for test set: 4 5 8 
index: 95 violation: 0.108169
added new src3 cut with arcs: 132962 133153 133309 133499  for test set: 4 5 26 
index: 96 violation: 0.108169
num src3 cuts added: 4
num src4 cuts added: 0
routes: 
flow {0.0833333}: 0 16 3 9 17 3 16 29 
flow {0.0398194}: 0 29 3 9 17 30 5 20 
flow {0.0292488}: 0 18 29 3 9 17 15 
flow {0.0379721}: 0 2 20 4 12 15 22 
flow {0.0301724}: 0 2 20 32 13 32 2 
flow {0.501026}: 0 2 32 13 8 7 26 4 
flow {0.172824}: 0 2 32 13 8 7 26 5 20 
flow {0.0379721}: 0 2 
flow {0.092775}: 0 15 16 9 17 10 12 
flow {0.00554187}: 0 15 16 9 17 30 12 
flow {0.6211}: 0 15 17 9 3 16 29 
flow {0.0292488}: 0 15 17 9 3 29 28 
flow {0.155839}: 0 23 18 28 23 
flow {0.0136494}: 0 23 28 18 11 6 24 
flow {0.674672}: 0 23 28 18 22 
flow {0.0136494}: 0 28 18 31 29 18 28 
flow {0.0282738}: 0 28 18 31 1 21 14 19 11 
flow {0.42303}: 0 4 5 27 25 30 10 
flow {0.0151888}: 0 10 27 25 30 10 
flow {0.0455665}: 0 20 5 25 30 17 9 29 
flow {0.020936}: 0 20 5 27 30 27 5 12 
flow {0.0968801}: 0 20 32 13 26 7 8 13 32 20 
flow {0.0340722}: 0 20 13 8 7 26 5 26 7 20 
flow {0.0340722}: 0 20 13 8 7 26 8 13 32 
flow {0.115764}: 0 20 8 7 26 5 25 27 5 20 
flow {0.0136494}: 0 11 28 18 31 29 18 28 
flow {0.0533662}: 0 12 30 10 17 9 29 
flow {0.011289}: 0 12 30 27 5 26 7 8 20 
flow {0.385263}: 0 12 27 25 30 10 12 
flow {0.00759442}: 0 12 27 25 10 25 10 
flow {0.0379721}: 0 22 2 20 2 32 2 
flow {0.0379721}: 0 22 2 20 4 20 2 
flow {0.070197}: 0 22 15 3 16 15 22 
flow {0.0437192}: 0 22 15 16 3 29 18 28 
flow {0.0272989}: 0 22 29 1 21 14 19 6 24 
flow {0.0146244}: 0 24 6 
flow {0.944427}: 0 24 6 19 14 21 1 31 11 
no more separations possible
fixing. lower bound used: 659.382
fixing. lower bound used: 565.599
num vars: 19021
