relax capacity constraint
instance upper bound: 794
compiling DD
time step mult: 10
time step: 100
cap step: 1
done compiling DD
batch size for lag: 1
iteration delay to start separating: 0
optimality gap to start repairing: 100
percent fixed to change to CPLEX: 97.5
num arcs to change to CPLEX: 100000
num arcs to change to LAG: 999999999
STATS - lpIterations[0] lagIterations[0] sspIterations[0] numSeparations[0] numCuts[0] compileTime[34] sspSolveTime[0] lpSolveTime[0] lb[0] ub[794] numArcs: [30667888] numFixed: [0] time: [34]
STATS - lpIterations[1] lagIterations[0] sspIterations[0] numSeparations[0] numCuts[0] compileTime[34] sspSolveTime[0] lpSolveTime[0] lb[0] ub[794] numArcs: [30667888] numFixed: [0] time: [34]
STATS - lpIterations[1] lagIterations[1] sspIterations[1] numSeparations[0] numCuts[0] compileTime[34] sspSolveTime[1] lpSolveTime[0] lb[82.3606] ub[794] numArcs: [30667888] numFixed: [0] time: [36]
STATS - lpIterations[1] lagIterations[2] sspIterations[2] numSeparations[0] numCuts[0] compileTime[34] sspSolveTime[2] lpSolveTime[0] lb[86.4379] ub[794] numArcs: [30667888] numFixed: [0] time: [37]
STATS - lpIterations[1] lagIterations[3] sspIterations[3] numSeparations[0] numCuts[0] compileTime[34] sspSolveTime[3] lpSolveTime[0] lb[90.675] ub[794] numArcs: [30667888] numFixed: [0] time: [39]
STATS - lpIterations[1] lagIterations[4] sspIterations[4] numSeparations[0] numCuts[0] compileTime[34] sspSolveTime[4] lpSolveTime[0] lb[95.0767] ub[794] numArcs: [30667888] numFixed: [0] time: [41]
STATS - lpIterations[1] lagIterations[5] sspIterations[5] numSeparations[0] numCuts[0] compileTime[34] sspSolveTime[6] lpSolveTime[0] lb[99.6477] ub[794] numArcs: [30667888] numFixed: [0] time: [42]
STATS - lpIterations[1] lagIterations[6] sspIterations[6] numSeparations[0] numCuts[0] compileTime[34] sspSolveTime[7] lpSolveTime[0] lb[104.393] ub[794] numArcs: [30667888] numFixed: [0] time: [44]
STATS - lpIterations[1] lagIterations[7] sspIterations[7] numSeparations[0] numCuts[0] compileTime[34] sspSolveTime[8] lpSolveTime[0] lb[109.317] ub[794] numArcs: [30667888] numFixed: [0] time: [46]
STATS - lpIterations[1] lagIterations[8] sspIterations[8] numSeparations[0] numCuts[0] compileTime[34] sspSolveTime[9] lpSolveTime[0] lb[114.425] ub[794] numArcs: [30667888] numFixed: [0] time: [48]
STATS - lpIterations[1] lagIterations[9] sspIterations[9] numSeparations[0] numCuts[0] compileTime[34] sspSolveTime[11] lpSolveTime[0] lb[119.723] ub[794] numArcs: [30667888] numFixed: [0] time: [49]
STATS - lpIterations[1] lagIterations[10] sspIterations[10] numSeparations[0] numCuts[0] compileTime[34] sspSolveTime[12] lpSolveTime[0] lb[125.215] ub[794] numArcs: [30667888] numFixed: [0] time: [51]
STATS - lpIterations[1] lagIterations[11] sspIterations[11] numSeparations[0] numCuts[0] compileTime[34] sspSolveTime[13] lpSolveTime[0] lb[130.906] ub[794] numArcs: [30667888] numFixed: [0] time: [53]
STATS - lpIterations[1] lagIterations[12] sspIterations[12] numSeparations[0] numCuts[0] compileTime[34] sspSolveTime[14] lpSolveTime[0] lb[136.803] ub[794] numArcs: [30667888] numFixed: [0] time: [54]
STATS - lpIterations[1] lagIterations[13] sspIterations[13] numSeparations[0] numCuts[0] compileTime[34] sspSolveTime[15] lpSolveTime[0] lb[142.91] ub[794] numArcs: [30667888] numFixed: [0] time: [56]
STATS - lpIterations[1] lagIterations[14] sspIterations[14] numSeparations[0] numCuts[0] compileTime[34] sspSolveTime[17] lpSolveTime[0] lb[149.234] ub[794] numArcs: [30667888] numFixed: [0] time: [58]
STATS - lpIterations[1] lagIterations[15] sspIterations[15] numSeparations[0] numCuts[0] compileTime[34] sspSolveTime[18] lpSolveTime[0] lb[155.779] ub[794] numArcs: [30667888] numFixed: [0] time: [59]
STATS - lpIterations[1] lagIterations[16] sspIterations[16] numSeparations[0] numCuts[0] compileTime[34] sspSolveTime[19] lpSolveTime[0] lb[162.552] ub[794] numArcs: [30667888] numFixed: [0] time: [61]
STATS - lpIterations[1] lagIterations[17] sspIterations[17] numSeparations[0] numCuts[0] compileTime[34] sspSolveTime[20] lpSolveTime[0] lb[169.558] ub[794] numArcs: [30667888] numFixed: [0] time: [63]
STATS - lpIterations[1] lagIterations[18] sspIterations[18] numSeparations[0] numCuts[0] compileTime[34] sspSolveTime[21] lpSolveTime[0] lb[176.805] ub[794] numArcs: [30667888] numFixed: [0] time: [64]
STATS - lpIterations[1] lagIterations[19] sspIterations[19] numSeparations[0] numCuts[0] compileTime[34] sspSolveTime[22] lpSolveTime[0] lb[184.296] ub[794] numArcs: [30667888] numFixed: [0] time: [66]
STATS - lpIterations[1] lagIterations[20] sspIterations[20] numSeparations[0] numCuts[0] compileTime[34] sspSolveTime[24] lpSolveTime[0] lb[192.04] ub[794] numArcs: [30667888] numFixed: [0] time: [68]
STATS - lpIterations[1] lagIterations[21] sspIterations[21] numSeparations[0] numCuts[0] compileTime[34] sspSolveTime[25] lpSolveTime[0] lb[200.016] ub[794] numArcs: [30667888] numFixed: [0] time: [69]
STATS - lpIterations[1] lagIterations[22] sspIterations[22] numSeparations[0] numCuts[0] compileTime[34] sspSolveTime[26] lpSolveTime[0] lb[208.223] ub[794] numArcs: [30667888] numFixed: [0] time: [71]
STATS - lpIterations[1] lagIterations[23] sspIterations[23] numSeparations[0] numCuts[0] compileTime[34] sspSolveTime[27] lpSolveTime[0] lb[216.729] ub[794] numArcs: [30667888] numFixed: [0] time: [73]
STATS - lpIterations[1] lagIterations[24] sspIterations[24] numSeparations[0] numCuts[0] compileTime[34] sspSolveTime[29] lpSolveTime[0] lb[225.478] ub[794] numArcs: [30667888] numFixed: [0] time: [75]
STATS - lpIterations[1] lagIterations[25] sspIterations[25] numSeparations[0] numCuts[0] compileTime[34] sspSolveTime[30] lpSolveTime[0] lb[234.539] ub[794] numArcs: [30667888] numFixed: [0] time: [76]
STATS - lpIterations[1] lagIterations[26] sspIterations[26] numSeparations[0] numCuts[0] compileTime[34] sspSolveTime[31] lpSolveTime[0] lb[243.857] ub[794] numArcs: [30667888] numFixed: [0] time: [78]
STATS - lpIterations[1] lagIterations[27] sspIterations[27] numSeparations[0] numCuts[0] compileTime[34] sspSolveTime[32] lpSolveTime[0] lb[253.499] ub[794] numArcs: [30667888] numFixed: [0] time: [79]
STATS - lpIterations[1] lagIterations[28] sspIterations[28] numSeparations[0] numCuts[0] compileTime[34] sspSolveTime[33] lpSolveTime[0] lb[263.413] ub[794] numArcs: [30667888] numFixed: [0] time: [81]
STATS - lpIterations[1] lagIterations[29] sspIterations[29] numSeparations[0] numCuts[0] compileTime[34] sspSolveTime[34] lpSolveTime[0] lb[273.665] ub[794] numArcs: [30667888] numFixed: [0] time: [83]
STATS - lpIterations[1] lagIterations[30] sspIterations[30] numSeparations[0] numCuts[0] compileTime[34] sspSolveTime[56] lpSolveTime[0] lb[279.072] ub[794] numArcs: [30667790] numFixed: [0] time: [105]
STATS - lpIterations[1] lagIterations[31] sspIterations[31] numSeparations[1] numCuts[0] compileTime[34] sspSolveTime[57] lpSolveTime[0] lb[284.213] ub[794] numArcs: [30668186] numFixed: [0] time: [106]
STATS - lpIterations[1] lagIterations[32] sspIterations[32] numSeparations[1] numCuts[0] compileTime[34] sspSolveTime[81] lpSolveTime[0] lb[289.482] ub[794] numArcs: [30668089] numFixed: [0] time: [131]
STATS - lpIterations[1] lagIterations[33] sspIterations[33] numSeparations[2] numCuts[0] compileTime[34] sspSolveTime[82] lpSolveTime[0] lb[295.043] ub[794] numArcs: [30668286] numFixed: [0] time: [132]
STATS - lpIterations[1] lagIterations[34] sspIterations[34] numSeparations[2] numCuts[0] compileTime[34] sspSolveTime[105] lpSolveTime[0] lb[300.884] ub[794] numArcs: [30668257] numFixed: [0] time: [156]
STATS - lpIterations[1] lagIterations[35] sspIterations[35] numSeparations[3] numCuts[0] compileTime[34] sspSolveTime[106] lpSolveTime[0] lb[306.087] ub[794] numArcs: [30668553] numFixed: [0] time: [157]
STATS - lpIterations[1] lagIterations[36] sspIterations[36] numSeparations[3] numCuts[0] compileTime[34] sspSolveTime[128] lpSolveTime[0] lb[311.25] ub[794] numArcs: [30668517] numFixed: [0] time: [180]
STATS - lpIterations[1] lagIterations[37] sspIterations[37] numSeparations[4] numCuts[0] compileTime[34] sspSolveTime[129] lpSolveTime[0] lb[317.411] ub[794] numArcs: [30668810] numFixed: [0] time: [182]
STATS - lpIterations[1] lagIterations[38] sspIterations[38] numSeparations[4] numCuts[0] compileTime[34] sspSolveTime[149] lpSolveTime[0] lb[323.84] ub[794] numArcs: [30668774] numFixed: [0] time: [202]
STATS - lpIterations[1] lagIterations[39] sspIterations[39] numSeparations[5] numCuts[0] compileTime[34] sspSolveTime[150] lpSolveTime[0] lb[329.214] ub[794] numArcs: [30669061] numFixed: [0] time: [204]
STATS - lpIterations[1] lagIterations[40] sspIterations[40] numSeparations[5] numCuts[0] compileTime[34] sspSolveTime[168] lpSolveTime[0] lb[337.152] ub[794] numArcs: [30669010] numFixed: [0] time: [222]
STATS - lpIterations[1] lagIterations[41] sspIterations[41] numSeparations[6] numCuts[0] compileTime[34] sspSolveTime[169] lpSolveTime[0] lb[341.041] ub[794] numArcs: [30669303] numFixed: [0] time: [223]
STATS - lpIterations[1] lagIterations[42] sspIterations[42] numSeparations[6] numCuts[0] compileTime[34] sspSolveTime[189] lpSolveTime[0] lb[344.973] ub[794] numArcs: [30669261] numFixed: [0] time: [244]
STATS - lpIterations[1] lagIterations[43] sspIterations[43] numSeparations[7] numCuts[0] compileTime[34] sspSolveTime[191] lpSolveTime[0] lb[353.078] ub[794] numArcs: [30669548] numFixed: [0] time: [246]
STATS - lpIterations[1] lagIterations[44] sspIterations[45] numSeparations[7] numCuts[0] compileTime[34] sspSolveTime[220] lpSolveTime[0] lb[355.232] ub[794] numArcs: [30669416] numFixed: [0] time: [276]
STATS - lpIterations[1] lagIterations[45] sspIterations[46] numSeparations[9] numCuts[0] compileTime[34] sspSolveTime[237] lpSolveTime[0] lb[360.483] ub[794] numArcs: [30670262] numFixed: [0] time: [293]
STATS - lpIterations[1] lagIterations[46] sspIterations[47] numSeparations[10] numCuts[0] compileTime[34] sspSolveTime[238] lpSolveTime[0] lb[365.367] ub[794] numArcs: [30670359] numFixed: [0] time: [295]
STATS - lpIterations[1] lagIterations[47] sspIterations[48] numSeparations[10] numCuts[0] compileTime[34] sspSolveTime[248] lpSolveTime[0] lb[370.242] ub[794] numArcs: [30670284] numFixed: [0] time: [305]
STATS - lpIterations[1] lagIterations[48] sspIterations[49] numSeparations[11] numCuts[0] compileTime[34] sspSolveTime[250] lpSolveTime[0] lb[377.271] ub[794] numArcs: [30670379] numFixed: [0] time: [307]
STATS - lpIterations[1] lagIterations[49] sspIterations[50] numSeparations[12] numCuts[0] compileTime[34] sspSolveTime[251] lpSolveTime[0] lb[377.837] ub[794] numArcs: [30670869] numFixed: [0] time: [309]
STATS - lpIterations[1] lagIterations[51] sspIterations[55] numSeparations[16] numCuts[0] compileTime[34] sspSolveTime[301] lpSolveTime[0] lb[383.231] ub[794] numArcs: [30671911] numFixed: [0] time: [360]
STATS - lpIterations[1] lagIterations[52] sspIterations[56] numSeparations[17] numCuts[0] compileTime[34] sspSolveTime[302] lpSolveTime[0] lb[388.994] ub[794] numArcs: [30672007] numFixed: [0] time: [361]
STATS - lpIterations[1] lagIterations[53] sspIterations[57] numSeparations[18] numCuts[0] compileTime[34] sspSolveTime[303] lpSolveTime[0] lb[390.25] ub[794] numArcs: [30672401] numFixed: [0] time: [363]
STATS - lpIterations[1] lagIterations[55] sspIterations[62] numSeparations[22] numCuts[0] compileTime[34] sspSolveTime[348] lpSolveTime[0] lb[395.988] ub[794] numArcs: [30673022] numFixed: [0] time: [409]
STATS - lpIterations[1] lagIterations[56] sspIterations[63] numSeparations[23] numCuts[0] compileTime[34] sspSolveTime[351] lpSolveTime[0] lb[401.069] ub[794] numArcs: [30673026] numFixed: [0] time: [413]
STATS - lpIterations[1] lagIterations[57] sspIterations[64] numSeparations[24] numCuts[0] compileTime[34] sspSolveTime[352] lpSolveTime[0] lb[402.776] ub[794] numArcs: [30673325] numFixed: [0] time: [414]
STATS - lpIterations[1] lagIterations[58] sspIterations[66] numSeparations[24] numCuts[0] compileTime[34] sspSolveTime[371] lpSolveTime[0] lb[404.764] ub[794] numArcs: [30673244] numFixed: [0] time: [434]
STATS - lpIterations[1] lagIterations[59] sspIterations[67] numSeparations[26] numCuts[0] compileTime[34] sspSolveTime[374] lpSolveTime[0] lb[410.747] ub[794] numArcs: [30673538] numFixed: [0] time: [437]
STATS - lpIterations[1] lagIterations[61] sspIterations[69] numSeparations[28] numCuts[0] compileTime[34] sspSolveTime[387] lpSolveTime[0] lb[415.34] ub[794] numArcs: [30673797] numFixed: [0] time: [451]
STATS - lpIterations[1] lagIterations[62] sspIterations[70] numSeparations[28] numCuts[0] compileTime[34] sspSolveTime[395] lpSolveTime[0] lb[422.596] ub[794] numArcs: [30673789] numFixed: [0] time: [459]
STATS - lpIterations[1] lagIterations[64] sspIterations[72] numSeparations[30] numCuts[0] compileTime[34] sspSolveTime[399] lpSolveTime[0] lb[428.307] ub[794] numArcs: [30673943] numFixed: [0] time: [465]
STATS - lpIterations[1] lagIterations[66] sspIterations[77] numSeparations[34] numCuts[0] compileTime[34] sspSolveTime[445] lpSolveTime[0] lb[434.674] ub[794] numArcs: [30674231] numFixed: [0] time: [511]
STATS - lpIterations[1] lagIterations[68] sspIterations[79] numSeparations[36] numCuts[0] compileTime[34] sspSolveTime[448] lpSolveTime[0] lb[441.746] ub[794] numArcs: [30674787] numFixed: [0] time: [515]
STATS - lpIterations[1] lagIterations[70] sspIterations[83] numSeparations[39] numCuts[0] compileTime[34] sspSolveTime[473] lpSolveTime[0] lb[446.908] ub[794] numArcs: [30675389] numFixed: [0] time: [542]
STATS - lpIterations[1] lagIterations[71] sspIterations[84] numSeparations[40] numCuts[0] compileTime[34] sspSolveTime[478] lpSolveTime[0] lb[448.983] ub[794] numArcs: [30675551] numFixed: [0] time: [547]
STATS - lpIterations[1] lagIterations[72] sspIterations[85] numSeparations[41] numCuts[0] compileTime[34] sspSolveTime[480] lpSolveTime[0] lb[451.232] ub[794] numArcs: [30675686] numFixed: [0] time: [550]
STATS - lpIterations[1] lagIterations[73] sspIterations[86] numSeparations[42] numCuts[0] compileTime[34] sspSolveTime[482] lpSolveTime[0] lb[456.056] ub[794] numArcs: [30676261] numFixed: [0] time: [551]
STATS - lpIterations[1] lagIterations[74] sspIterations[88] numSeparations[42] numCuts[0] compileTime[34] sspSolveTime[502] lpSolveTime[0] lb[460.951] ub[794] numArcs: [30676222] numFixed: [0] time: [572]
STATS - lpIterations[1] lagIterations[75] sspIterations[89] numSeparations[44] numCuts[0] compileTime[34] sspSolveTime[505] lpSolveTime[0] lb[463.513] ub[794] numArcs: [30676754] numFixed: [0] time: [575]
STATS - lpIterations[1] lagIterations[77] sspIterations[92] numSeparations[47] numCuts[0] compileTime[34] sspSolveTime[529] lpSolveTime[0] lb[468.376] ub[794] numArcs: [30677862] numFixed: [0] time: [600]
STATS - lpIterations[1] lagIterations[79] sspIterations[94] numSeparations[49] numCuts[0] compileTime[34] sspSolveTime[533] lpSolveTime[0] lb[471.772] ub[794] numArcs: [30678403] numFixed: [0] time: [606]
STATS - lpIterations[1] lagIterations[81] sspIterations[101] numSeparations[55] numCuts[0] compileTime[34] sspSolveTime[577] lpSolveTime[0] lb[477.878] ub[794] numArcs: [30679768] numFixed: [0] time: [651]
STATS - lpIterations[1] lagIterations[82] sspIterations[102] numSeparations[56] numCuts[0] compileTime[34] sspSolveTime[587] lpSolveTime[0] lb[480.082] ub[794] numArcs: [30679882] numFixed: [0] time: [661]
STATS - lpIterations[1] lagIterations[83] sspIterations[103] numSeparations[57] numCuts[0] compileTime[34] sspSolveTime[591] lpSolveTime[0] lb[482.187] ub[794] numArcs: [30680031] numFixed: [0] time: [665]
STATS - lpIterations[1] lagIterations[84] sspIterations[104] numSeparations[58] numCuts[0] compileTime[34] sspSolveTime[593] lpSolveTime[0] lb[483.716] ub[794] numArcs: [30680069] numFixed: [0] time: [668]
STATS - lpIterations[1] lagIterations[85] sspIterations[105] numSeparations[59] numCuts[0] compileTime[34] sspSolveTime[605] lpSolveTime[0] lb[487.84] ub[794] numArcs: [30680181] numFixed: [0] time: [680]
STATS - lpIterations[1] lagIterations[86] sspIterations[106] numSeparations[60] numCuts[0] compileTime[34] sspSolveTime[614] lpSolveTime[0] lb[490.593] ub[794] numArcs: [30680401] numFixed: [0] time: [690]
STATS - lpIterations[1] lagIterations[87] sspIterations[107] numSeparations[61] numCuts[0] compileTime[34] sspSolveTime[615] lpSolveTime[0] lb[492.273] ub[794] numArcs: [30680500] numFixed: [0] time: [692]
STATS - lpIterations[1] lagIterations[88] sspIterations[108] numSeparations[61] numCuts[0] compileTime[34] sspSolveTime[625] lpSolveTime[0] lb[498.53] ub[794] numArcs: [30680436] numFixed: [0] time: [702]
STATS - lpIterations[1] lagIterations[89] sspIterations[109] numSeparations[62] numCuts[0] compileTime[34] sspSolveTime[635] lpSolveTime[0] lb[500.485] ub[794] numArcs: [30680553] numFixed: [0] time: [713]
STATS - lpIterations[1] lagIterations[90] sspIterations[110] numSeparations[63] numCuts[0] compileTime[34] sspSolveTime[636] lpSolveTime[0] lb[501.583] ub[794] numArcs: [30680651] numFixed: [0] time: [714]
STATS - lpIterations[1] lagIterations[91] sspIterations[111] numSeparations[64] numCuts[0] compileTime[34] sspSolveTime[641] lpSolveTime[0] lb[501.734] ub[794] numArcs: [30680800] numFixed: [0] time: [719]
STATS - lpIterations[1] lagIterations[92] sspIterations[112] numSeparations[65] numCuts[0] compileTime[34] sspSolveTime[650] lpSolveTime[0] lb[506.695] ub[794] numArcs: [30680830] numFixed: [0] time: [729]
STATS - lpIterations[1] lagIterations[93] sspIterations[113] numSeparations[66] numCuts[0] compileTime[34] sspSolveTime[652] lpSolveTime[0] lb[507.473] ub[794] numArcs: [30681105] numFixed: [0] time: [731]
STATS - lpIterations[1] lagIterations[94] sspIterations[115] numSeparations[67] numCuts[0] compileTime[34] sspSolveTime[676] lpSolveTime[0] lb[508.782] ub[794] numArcs: [30681204] numFixed: [0] time: [756]
STATS - lpIterations[1] lagIterations[95] sspIterations[116] numSeparations[69] numCuts[0] compileTime[34] sspSolveTime[688] lpSolveTime[0] lb[511.894] ub[794] numArcs: [30681465] numFixed: [0] time: [768]
STATS - lpIterations[1] lagIterations[96] sspIterations[117] numSeparations[70] numCuts[0] compileTime[34] sspSolveTime[690] lpSolveTime[0] lb[516.083] ub[794] numArcs: [30681752] numFixed: [0] time: [771]
STATS - lpIterations[1] lagIterations[97] sspIterations[118] numSeparations[71] numCuts[0] compileTime[34] sspSolveTime[702] lpSolveTime[0] lb[518.097] ub[794] numArcs: [30681930] numFixed: [0] time: [783]
STATS - lpIterations[1] lagIterations[98] sspIterations[119] numSeparations[72] numCuts[0] compileTime[34] sspSolveTime[703] lpSolveTime[0] lb[519.821] ub[794] numArcs: [30682022] numFixed: [0] time: [784]
STATS - lpIterations[1] lagIterations[99] sspIterations[123] numSeparations[72] numCuts[0] compileTime[34] sspSolveTime[739] lpSolveTime[0] lb[521.638] ub[794] numArcs: [30681808] numFixed: [0] time: [821]
STATS - lpIterations[1] lagIterations[100] sspIterations[125] numSeparations[76] numCuts[0] compileTime[34] sspSolveTime[763] lpSolveTime[0] lb[525.175] ub[794] numArcs: [30682752] numFixed: [0] time: [846]
STATS - lpIterations[1] lagIterations[101] sspIterations[126] numSeparations[78] numCuts[0] compileTime[34] sspSolveTime[773] lpSolveTime[0] lb[528.788] ub[794] numArcs: [30683331] numFixed: [0] time: [856]
STATS - lpIterations[1] lagIterations[102] sspIterations[127] numSeparations[79] numCuts[0] compileTime[34] sspSolveTime[784] lpSolveTime[0] lb[530.517] ub[794] numArcs: [30683771] numFixed: [0] time: [868]
STATS - lpIterations[1] lagIterations[103] sspIterations[128] numSeparations[80] numCuts[0] compileTime[34] sspSolveTime[791] lpSolveTime[0] lb[530.934] ub[794] numArcs: [30683947] numFixed: [0] time: [875]
STATS - lpIterations[1] lagIterations[105] sspIterations[141] numSeparations[90] numCuts[0] compileTime[34] sspSolveTime[883] lpSolveTime[0] lb[535.899] ub[794] numArcs: [30685717] numFixed: [0] time: [969]
STATS - lpIterations[1] lagIterations[106] sspIterations[142] numSeparations[94] numCuts[0] compileTime[34] sspSolveTime[890] lpSolveTime[0] lb[538.845] ub[794] numArcs: [30687314] numFixed: [0] time: [976]
STATS - lpIterations[1] lagIterations[108] sspIterations[144] numSeparations[96] numCuts[0] compileTime[34] sspSolveTime[899] lpSolveTime[0] lb[543.763] ub[794] numArcs: [30687645] numFixed: [0] time: [985]
STATS - lpIterations[1] lagIterations[110] sspIterations[153] numSeparations[104] numCuts[0] compileTime[34] sspSolveTime[980] lpSolveTime[0] lb[546.434] ub[794] numArcs: [30689538] numFixed: [0] time: [1068]
STATS - lpIterations[1] lagIterations[111] sspIterations[154] numSeparations[106] numCuts[0] compileTime[34] sspSolveTime[994] lpSolveTime[0] lb[547.945] ub[794] numArcs: [30690380] numFixed: [0] time: [1082]
STATS - lpIterations[1] lagIterations[112] sspIterations[155] numSeparations[107] numCuts[0] compileTime[34] sspSolveTime[996] lpSolveTime[0] lb[551.187] ub[794] numArcs: [30690654] numFixed: [0] time: [1085]
STATS - lpIterations[1] lagIterations[113] sspIterations[156] numSeparations[108] numCuts[0] compileTime[34] sspSolveTime[997] lpSolveTime[0] lb[551.868] ub[794] numArcs: [30690814] numFixed: [0] time: [1086]
STATS - lpIterations[1] lagIterations[114] sspIterations[157] numSeparations[109] numCuts[0] compileTime[34] sspSolveTime[1007] lpSolveTime[0] lb[553.246] ub[794] numArcs: [30690930] numFixed: [0] time: [1096]
STATS - lpIterations[1] lagIterations[115] sspIterations[158] numSeparations[110] numCuts[0] compileTime[34] sspSolveTime[1010] lpSolveTime[0] lb[555.393] ub[794] numArcs: [30691154] numFixed: [0] time: [1100]
STATS - lpIterations[1] lagIterations[116] sspIterations[159] numSeparations[111] numCuts[0] compileTime[34] sspSolveTime[1011] lpSolveTime[0] lb[556.664] ub[794] numArcs: [30691828] numFixed: [0] time: [1102]
STATS - lpIterations[1] lagIterations[117] sspIterations[160] numSeparations[112] numCuts[0] compileTime[34] sspSolveTime[1023] lpSolveTime[0] lb[558.047] ub[794] numArcs: [30692009] numFixed: [0] time: [1114]
STATS - lpIterations[1] lagIterations[118] sspIterations[161] numSeparations[113] numCuts[0] compileTime[34] sspSolveTime[1034] lpSolveTime[0] lb[562.068] ub[794] numArcs: [30692326] numFixed: [0] time: [1125]
STATS - lpIterations[1] lagIterations[119] sspIterations[162] numSeparations[114] numCuts[0] compileTime[34] sspSolveTime[1044] lpSolveTime[0] lb[562.875] ub[794] numArcs: [30692942] numFixed: [0] time: [1136]
STATS - lpIterations[1] lagIterations[120] sspIterations[163] numSeparations[115] numCuts[0] compileTime[34] sspSolveTime[1055] lpSolveTime[0] lb[564.579] ub[794] numArcs: [30693070] numFixed: [0] time: [1147]
STATS - lpIterations[1] lagIterations[121] sspIterations[164] numSeparations[116] numCuts[0] compileTime[34] sspSolveTime[1066] lpSolveTime[0] lb[564.943] ub[794] numArcs: [30693158] numFixed: [0] time: [1158]
STATS - lpIterations[1] lagIterations[122] sspIterations[165] numSeparations[117] numCuts[0] compileTime[34] sspSolveTime[1075] lpSolveTime[0] lb[570.943] ub[794] numArcs: [30693207] numFixed: [0] time: [1169]
STATS - lpIterations[1] lagIterations[124] sspIterations[168] numSeparations[120] numCuts[0] compileTime[34] sspSolveTime[1103] lpSolveTime[0] lb[575.402] ub[794] numArcs: [30693659] numFixed: [0] time: [1197]
STATS - lpIterations[1] lagIterations[125] sspIterations[169] numSeparations[121] numCuts[0] compileTime[34] sspSolveTime[1107] lpSolveTime[0] lb[575.978] ub[794] numArcs: [30693788] numFixed: [0] time: [1201]
STATS - lpIterations[1] lagIterations[128] sspIterations[172] numSeparations[124] numCuts[0] compileTime[34] sspSolveTime[1132] lpSolveTime[0] lb[577.917] ub[794] numArcs: [30694399] numFixed: [0] time: [1228]
STATS - lpIterations[1] lagIterations[129] sspIterations[173] numSeparations[125] numCuts[0] compileTime[34] sspSolveTime[1141] lpSolveTime[0] lb[582.324] ub[794] numArcs: [30695002] numFixed: [0] time: [1237]
STATS - lpIterations[1] lagIterations[130] sspIterations[174] numSeparations[126] numCuts[0] compileTime[34] sspSolveTime[1153] lpSolveTime[0] lb[585.07] ub[794] numArcs: [30695058] numFixed: [0] time: [1250]
STATS - lpIterations[1] lagIterations[132] sspIterations[178] numSeparations[130] numCuts[0] compileTime[34] sspSolveTime[1178] lpSolveTime[0] lb[587.389] ub[794] numArcs: [30695836] numFixed: [0] time: [1276]
STATS - lpIterations[1] lagIterations[134] sspIterations[181] numSeparations[133] numCuts[0] compileTime[34] sspSolveTime[1211] lpSolveTime[0] lb[589.623] ub[794] numArcs: [30695976] numFixed: [0] time: [1310]
STATS - lpIterations[1] lagIterations[135] sspIterations[182] numSeparations[134] numCuts[0] compileTime[34] sspSolveTime[1214] lpSolveTime[0] lb[591.783] ub[794] numArcs: [30696129] numFixed: [0] time: [1314]
STATS - lpIterations[1] lagIterations[136] sspIterations[183] numSeparations[135] numCuts[0] compileTime[34] sspSolveTime[1227] lpSolveTime[0] lb[593.511] ub[794] numArcs: [30696158] numFixed: [0] time: [1327]
STATS - lpIterations[1] lagIterations[138] sspIterations[189] numSeparations[141] numCuts[0] compileTime[34] sspSolveTime[1284] lpSolveTime[0] lb[594.083] ub[794] numArcs: [30697120] numFixed: [0] time: [1385]
STATS - lpIterations[1] lagIterations[139] sspIterations[190] numSeparations[142] numCuts[0] compileTime[34] sspSolveTime[1295] lpSolveTime[0] lb[597.36] ub[794] numArcs: [30697449] numFixed: [0] time: [1396]
STATS - lpIterations[1] lagIterations[142] sspIterations[202] numSeparations[154] numCuts[0] compileTime[34] sspSolveTime[1451] lpSolveTime[0] lb[601.29] ub[794] numArcs: [30700255] numFixed: [0] time: [1554]
STATS - lpIterations[1] lagIterations[143] sspIterations[203] numSeparations[155] numCuts[0] compileTime[34] sspSolveTime[1465] lpSolveTime[0] lb[601.513] ub[794] numArcs: [30700416] numFixed: [0] time: [1568]
STATS - lpIterations[1] lagIterations[144] sspIterations[204] numSeparations[156] numCuts[0] compileTime[34] sspSolveTime[1474] lpSolveTime[0] lb[602.684] ub[794] numArcs: [30700471] numFixed: [0] time: [1578]
STATS - lpIterations[1] lagIterations[145] sspIterations[205] numSeparations[157] numCuts[0] compileTime[34] sspSolveTime[1476] lpSolveTime[0] lb[603.13] ub[794] numArcs: [30700568] numFixed: [0] time: [1580]
STATS - lpIterations[1] lagIterations[146] sspIterations[206] numSeparations[158] numCuts[0] compileTime[34] sspSolveTime[1488] lpSolveTime[0] lb[606.091] ub[794] numArcs: [30701118] numFixed: [0] time: [1592]
STATS - lpIterations[1] lagIterations[147] sspIterations[207] numSeparations[159] numCuts[0] compileTime[34] sspSolveTime[1502] lpSolveTime[0] lb[607.631] ub[794] numArcs: [30701228] numFixed: [0] time: [1607]
STATS - lpIterations[1] lagIterations[148] sspIterations[208] numSeparations[160] numCuts[0] compileTime[34] sspSolveTime[1503] lpSolveTime[0] lb[608.85] ub[794] numArcs: [30701501] numFixed: [0] time: [1609]
STATS - lpIterations[1] lagIterations[149] sspIterations[209] numSeparations[161] numCuts[0] compileTime[34] sspSolveTime[1517] lpSolveTime[0] lb[610.596] ub[794] numArcs: [30701548] numFixed: [0] time: [1623]
STATS - lpIterations[1] lagIterations[152] sspIterations[227] numSeparations[179] numCuts[0] compileTime[34] sspSolveTime[1698] lpSolveTime[0] lb[613.49] ub[794] numArcs: [30707395] numFixed: [0] time: [1806]
STATS - lpIterations[1] lagIterations[155] sspIterations[236] numSeparations[188] numCuts[0] compileTime[34] sspSolveTime[1799] lpSolveTime[0] lb[615.974] ub[794] numArcs: [30710085] numFixed: [0] time: [1908]
STATS - lpIterations[1] lagIterations[158] sspIterations[241] numSeparations[193] numCuts[0] compileTime[34] sspSolveTime[1841] lpSolveTime[0] lb[618.426] ub[794] numArcs: [30711157] numFixed: [0] time: [1952]
STATS - lpIterations[1] lagIterations[161] sspIterations[254] numSeparations[206] numCuts[0] compileTime[34] sspSolveTime[1981] lpSolveTime[0] lb[621.718] ub[794] numArcs: [30713826] numFixed: [0] time: [2093]
STATS - lpIterations[1] lagIterations[162] sspIterations[256] numSeparations[207] numCuts[0] compileTime[34] sspSolveTime[2002] lpSolveTime[0] lb[622.725] ub[794] numArcs: [30714120] numFixed: [0] time: [2115]
STATS - lpIterations[1] lagIterations[163] sspIterations[257] numSeparations[209] numCuts[0] compileTime[34] sspSolveTime[2014] lpSolveTime[0] lb[623.222] ub[794] numArcs: [30714427] numFixed: [0] time: [2127]
STATS - lpIterations[1] lagIterations[165] sspIterations[261] numSeparations[213] numCuts[0] compileTime[34] sspSolveTime[2053] lpSolveTime[0] lb[624.305] ub[794] numArcs: [30714817] numFixed: [0] time: [2167]
STATS - lpIterations[1] lagIterations[166] sspIterations[262] numSeparations[214] numCuts[0] compileTime[34] sspSolveTime[2062] lpSolveTime[0] lb[625.446] ub[794] numArcs: [30715063] numFixed: [0] time: [2176]
STATS - lpIterations[1] lagIterations[169] sspIterations[284] numSeparations[236] numCuts[0] compileTime[34] sspSolveTime[2356] lpSolveTime[0] lb[628.178] ub[794] numArcs: [30723626] numFixed: [0] time: [2472]
STATS - lpIterations[1] lagIterations[172] sspIterations[293] numSeparations[245] numCuts[0] compileTime[34] sspSolveTime[2458] lpSolveTime[0] lb[629.875] ub[794] numArcs: [30726675] numFixed: [0] time: [2575]
STATS - lpIterations[1] lagIterations[173] sspIterations[294] numSeparations[246] numCuts[0] compileTime[34] sspSolveTime[2472] lpSolveTime[0] lb[630.1] ub[794] numArcs: [30726759] numFixed: [0] time: [2590]
STATS - lpIterations[1] lagIterations[174] sspIterations[295] numSeparations[247] numCuts[0] compileTime[34] sspSolveTime[2486] lpSolveTime[0] lb[630.964] ub[794] numArcs: [30726878] numFixed: [0] time: [2604]
STATS - lpIterations[1] lagIterations[176] sspIterations[300] numSeparations[252] numCuts[0] compileTime[34] sspSolveTime[2553] lpSolveTime[0] lb[632.761] ub[794] numArcs: [30728443] numFixed: [0] time: [2672]
STATS - lpIterations[1] lagIterations[179] sspIterations[316] numSeparations[267] numCuts[0] compileTime[34] sspSolveTime[2763] lpSolveTime[0] lb[634.791] ub[794] numArcs: [30731537] numFixed: [0] time: [2883]
STATS - lpIterations[1] lagIterations[181] sspIterations[320] numSeparations[272] numCuts[0] compileTime[34] sspSolveTime[2818] lpSolveTime[0] lb[635.235] ub[794] numArcs: [30732244] numFixed: [0] time: [2940]
STATS - lpIterations[1] lagIterations[182] sspIterations[323] numSeparations[273] numCuts[0] compileTime[34] sspSolveTime[2853] lpSolveTime[0] lb[635.426] ub[794] numArcs: [30732189] numFixed: [0] time: [2975]
STATS - lpIterations[1] lagIterations[183] sspIterations[324] numSeparations[276] numCuts[0] compileTime[34] sspSolveTime[2866] lpSolveTime[0] lb[636.62] ub[794] numArcs: [30733140] numFixed: [0] time: [2988]
STATS - lpIterations[1] lagIterations[187] sspIterations[337] numSeparations[289] numCuts[0] compileTime[34] sspSolveTime[3016] lpSolveTime[0] lb[638.24] ub[794] numArcs: [30735239] numFixed: [0] time: [3141]
STATS - lpIterations[1] lagIterations[188] sspIterations[338] numSeparations[290] numCuts[0] compileTime[34] sspSolveTime[3030] lpSolveTime[0] lb[638.679] ub[794] numArcs: [30735401] numFixed: [0] time: [3155]
STATS - lpIterations[1] lagIterations[189] sspIterations[339] numSeparations[291] numCuts[0] compileTime[34] sspSolveTime[3043] lpSolveTime[0] lb[640.375] ub[794] numArcs: [30735664] numFixed: [0] time: [3168]
STATS - lpIterations[1] lagIterations[195] sspIterations[364] numSeparations[316] numCuts[0] compileTime[34] sspSolveTime[3323] lpSolveTime[0] lb[641.591] ub[794] numArcs: [30740672] numFixed: [0] time: [3451]
STATS - lpIterations[1] lagIterations[197] sspIterations[369] numSeparations[320] numCuts[0] compileTime[34] sspSolveTime[3389] lpSolveTime[0] lb[642.641] ub[794] numArcs: [30741419] numFixed: [0] time: [3518]
STATS - lpIterations[1] lagIterations[198] sspIterations[370] numSeparations[322] numCuts[0] compileTime[34] sspSolveTime[3401] lpSolveTime[0] lb[643.875] ub[794] numArcs: [30741580] numFixed: [0] time: [3531]
