fixed number of vehicles
capacity: 140
instance upper bound: 458
route length upper bound: 40
compiling DD
time step mult: 1
time step: 10
cap step: 1
done compiling DD
batch size for lag: 1
iteration delay to start separating: 0
optimality gap to start repairing: 100
percent fixed to change to CPLEX: 97.5
num arcs to change to CPLEX: 100000
num arcs to change to LAG: 999999999
num lag iters to cut: 0
num cuts lag: 10
cut phase: 1
deactivate cut value threshold: 0.1
deactivate cut iter threshold: 25
momentum beta: 0
stall alpha factor: 0
STATS - lpIterations[0] lagIterations[0] sspIterations[0] numSeparations[0] numCuts[0] compileTime[4] sspSolveTime[0] lpSolveTime[0] lb[0] ub[458] numArcs: [297574] numFixed: [0] time: [4]
STATS - lpIterations[1] lagIterations[0] sspIterations[0] numSeparations[0] numCuts[0] compileTime[4] sspSolveTime[0] lpSolveTime[0] lb[0] ub[458] numArcs: [297574] numFixed: [0] time: [4]
fixed path dual: 17.1286
STATS - lpIterations[1] lagIterations[1] sspIterations[5] numSeparations[0] numCuts[0] compileTime[4] sspSolveTime[0] lpSolveTime[0] lb[289.786] ub[458] numArcs: [297564] numFixed: [0] time: [5]
lambda: 0,1.4,9,7.54286,2.18571,4.2,2.35714,7.05714,7.22857,3.61429,2,3.25714,3.31429,9.52857,5.4,3.57143,4.71429,0.728571,8.78571,4.11429,12.8,3.65714,2.4,5.02857,3.57143,9.2,2.8,1.71429,6,2.48571,8.41429,4.71429,1.71429,11.1714,11.8857,9.47143,3.77143,2.31429,3.42857,7.6,
mu: 
srcDuals: 
fixing. lower bound used: 278.739
percent fixed: 0.0554465
updating best lambda
fixing. lower bound used: 278.739
fixed path dual: 17.1286
STATS - lpIterations[1] lagIterations[2] sspIterations[10] numSeparations[0] numCuts[0] compileTime[4] sspSolveTime[2] lpSolveTime[0] lb[304.132] ub[458] numArcs: [297564] numFixed: [203] time: [9]
lambda: 0,1.82194,9.42194,7.96479,2.60765,4.62194,2.35714,7.47908,7.65051,4.03622,2.42194,3.25714,3.31429,9.95051,5.82194,3.99336,5.13622,1.15051,9.20765,4.53622,13.2219,4.07908,2.82194,5.45051,3.99336,9.62194,3.22194,1.71429,6.42194,2.90765,8.83622,5.13622,1.71429,11.5934,12.3077,9.89336,4.19336,2.73622,3.85051,8.02194,
mu: 
srcDuals: 
fixing. lower bound used: 293.085
percent fixed: 0.068216
updating best lambda
fixing. lower bound used: 293.085
fixed path dual: 17.0508
STATS - lpIterations[1] lagIterations[3] sspIterations[15] numSeparations[0] numCuts[0] compileTime[4] sspSolveTime[4] lpSolveTime[0] lb[318.651] ub[458] numArcs: [297562] numFixed: [203] time: [13]
lambda: 0,2.26042,9.86042,8.40328,3.04613,5.06042,2.35714,7.91756,8.08899,4.4747,2.86042,3.25714,3.31429,10.389,6.26042,4.43185,5.5747,1.58899,9.64613,4.9747,13.6604,4.51756,3.26042,5.88899,4.43185,10.0604,3.66042,1.71429,6.86042,3.34613,9.2747,5.5747,1.71429,12.0318,12.7461,10.3318,4.63185,3.1747,4.28899,8.46042,
mu: 
srcDuals: 
fixing. lower bound used: 307.994
percent fixed: 0.0682156
fixing. lower bound used: 293.085
fixed path dual: 17.0376
STATS - lpIterations[1] lagIterations[4] sspIterations[20] numSeparations[0] numCuts[0] compileTime[4] sspSolveTime[6] lpSolveTime[0] lb[334.053] ub[458] numArcs: [297562] numFixed: [203] time: [18]
lambda: 0,2.71537,10.3154,8.85823,3.50109,5.51537,2.35714,8.37252,8.54395,4.92966,3.31537,3.7121,3.31429,10.8439,6.71537,4.8868,6.02966,2.04395,9.64613,5.42966,14.1154,4.97252,3.71537,6.34395,4.8868,10.5154,4.11537,1.71429,7.31537,3.80109,9.72966,6.02966,1.71429,12.4868,13.2011,10.7868,5.0868,3.62966,4.74395,8.91537,
mu: 
srcDuals: 
fixing. lower bound used: 323.462
percent fixed: 0.072248
updating best lambda
fixing. lower bound used: 323.462
fixed path dual: 16.3669
STATS - lpIterations[1] lagIterations[5] sspIterations[25] numSeparations[0] numCuts[0] compileTime[4] sspSolveTime[9] lpSolveTime[0] lb[346.76] ub[458] numArcs: [297552] numFixed: [215] time: [22]
lambda: 0,3.18774,10.7877,9.33059,3.97345,5.98774,2.35714,8.84488,9.01631,5.40202,3.78774,3.7121,3.31429,11.3163,7.18774,5.35916,6.50202,2.51631,10.1185,5.90202,14.5877,5.44488,4.18774,6.81631,5.35916,10.9877,4.58774,1.71429,7.78774,4.27345,10.202,6.50202,1.71429,12.9592,13.6734,11.2592,5.55916,4.10202,5.21631,9.38774,
mu: 
srcDuals: 
fixing. lower bound used: 339.522
percent fixed: 0.117945
updating best lambda
fixing. lower bound used: 339.522
fixed path dual: 16.6618
STATS - lpIterations[1] lagIterations[6] sspIterations[30] numSeparations[2] numCuts[0] compileTime[4] sspSolveTime[11] lpSolveTime[0] lb[361.745] ub[458] numArcs: [297697] numFixed: [315] time: [27]
lambda: 0,3.68811,10.2874,9.83097,4.47383,6.48811,2.85752,9.34525,9.51668,5.9024,4.28811,4.21247,3.31429,11.8167,7.18774,5.85954,7.0024,3.01668,9.61812,6.4024,14.0874,5.94525,4.68811,7.31668,5.85954,10.9877,5.08811,1.71429,8.28811,4.77383,10.7024,7.0024,1.71429,13.4595,14.1738,11.2592,6.05954,4.6024,5.71668,9.88811,
mu: 
srcDuals: 
fixing. lower bound used: 353.032
percent fixed: 0.31939
updating best lambda
fixing. lower bound used: 353.032
fixed path dual: 15.6301
STATS - lpIterations[1] lagIterations[7] sspIterations[35] numSeparations[3] numCuts[0] compileTime[4] sspSolveTime[13] lpSolveTime[0] lb[370.548] ub[458] numArcs: [297786] numFixed: [903] time: [32]
lambda: 0,4.20518,10.8044,10.348,4.9909,5.97104,2.85752,9.86233,10.0338,5.38532,4.80518,4.72955,3.31429,12.3338,7.70481,6.37661,7.51947,3.53376,10.1352,6.91947,14.6044,6.46233,5.20518,7.83376,6.37661,11.5048,5.60518,1.71429,8.80518,5.2909,10.7024,7.51947,1.71429,13.9766,14.1738,11.7762,6.57661,5.11947,5.19961,10.4052,
mu: 
srcDuals: 
fixing. lower bound used: 366.185
percent fixed: 0.968834
updating best lambda
fixing. lower bound used: 366.185
fixed path dual: 16.2236
STATS - lpIterations[1] lagIterations[8] sspIterations[40] numSeparations[6] numCuts[0] compileTime[4] sspSolveTime[15] lpSolveTime[0] lb[379.056] ub[458] numArcs: [298072] numFixed: [2821] time: [36]
lambda: 0,3.51257,10.8044,9.65543,5.33721,6.31734,3.20382,10.2086,10.3801,5.73163,5.15149,5.07585,3.31429,12.6801,7.70481,6.72292,7.86578,3.88006,9.78889,7.26578,13.5655,6.80863,4.51257,8.18006,6.72292,11.5048,5.95149,1.71429,9.15149,5.2909,11.0487,7.86578,2.06059,14.3229,14.5201,11.4299,6.92292,5.46578,5.54591,10.7515,
mu: 
srcDuals: 
fixing. lower bound used: 372.534
percent fixed: 1.7415
updating best lambda
fixing. lower bound used: 372.534
fixed path dual: 16.55
STATS - lpIterations[1] lagIterations[9] sspIterations[45] numSeparations[8] numCuts[0] compileTime[4] sspSolveTime[18] lpSolveTime[0] lb[387.187] ub[458] numArcs: [298287] numFixed: [5076] time: [41]
lambda: 0,3.83755,11.1294,9.98041,5.66218,6.31734,3.5288,10.5336,10.705,4.75669,5.47647,4.4259,3.31429,13.005,8.02979,7.0479,8.19076,4.20504,10.1139,7.59076,13.8905,7.13361,4.83755,8.50504,7.0479,11.8298,6.27647,1.71429,9.47647,5.61588,10.7237,8.19076,2.06059,14.6479,14.1952,11.7549,7.2479,5.79076,4.57098,11.0765,
mu: 
srcDuals: 
fixing. lower bound used: 379.034
percent fixed: 2.91105
updating best lambda
fixing. lower bound used: 379.034
fixed path dual: 15.8904
STATS - lpIterations[1] lagIterations[10] sspIterations[50] numSeparations[9] numCuts[0] compileTime[4] sspSolveTime[20] lpSolveTime[0] lb[399.498] ub[458] numArcs: [298377] numFixed: [8540] time: [45]
lambda: 0,3.83755,10.5912,10.5186,6.20039,6.85555,3.5288,11.0718,11.2433,5.2949,6.01468,4.9641,3.31429,13.5433,8.568,7.58611,8.72896,4.74325,10.6521,8.12896,13.3523,7.67182,5.37576,9.04325,7.58611,12.368,6.81468,1.71429,10.0147,6.15409,11.2619,8.72896,2.06059,15.1861,14.7334,11.7549,7.78611,6.32896,5.10918,11.6147,
mu: 
srcDuals: 
fixing. lower bound used: 394.688
percent fixed: 10.1725
updating best lambda
fixing. lower bound used: 394.688
fixed path dual: 14.6482
STATS - lpIterations[1] lagIterations[11] sspIterations[55] numSeparations[12] numCuts[0] compileTime[4] sspSolveTime[23] lpSolveTime[0] lb[399.89] ub[458] numArcs: [298614] numFixed: [30081] time: [50]
lambda: 0,4.25026,11.0039,10.9313,6.6131,7.26826,3.94151,11.4845,11.656,4.88219,6.42738,4.5514,3.31429,13.956,8.15529,7.99881,8.31626,5.15595,10.6521,8.54167,13.765,7.25912,5.78846,9.45595,7.99881,11.9553,7.22738,1.71429,10.4274,6.56679,10.8492,9.14167,2.4733,15.5988,13.4952,12.1676,8.19881,6.74167,4.69648,12.0274,
mu: 
srcDuals: 
fixing. lower bound used: 397.565
percent fixed: 12.8776
updating best lambda
fixing. lower bound used: 397.565
fixed path dual: 15.7798
STATS - lpIterations[1] lagIterations[12] sspIterations[60] numSeparations[14] numCuts[0] compileTime[4] sspSolveTime[25] lpSolveTime[0] lb[408.469] ub[458] numArcs: [298864] numFixed: [37980] time: [55]
lambda: 0,4.00684,11.0039,9.95764,6.85652,7.51168,4.18493,11.7279,11.1691,5.12561,6.6708,4.79482,3.31429,14.1994,8.39871,8.24223,8.55968,5.39937,10.8955,8.78509,13.2782,7.50254,5.54504,9.69937,8.24223,12.1987,7.4708,1.71429,9.4537,6.81021,11.0926,8.65483,2.71672,15.8422,13.7387,12.1676,8.44223,6.98509,4.9399,12.2708,
mu: 
srcDuals: 
fixing. lower bound used: 403.881
percent fixed: 20.0784
updating best lambda
fixing. lower bound used: 403.881
fixed path dual: 14.5676
STATS - lpIterations[1] lagIterations[13] sspIterations[65] numSeparations[14] numCuts[0] compileTime[4] sspSolveTime[27] lpSolveTime[0] lb[416.591] ub[458] numArcs: [298842] numFixed: [60071] time: [60]
lambda: 0,4.51337,11.5104,10.4642,7.36305,8.01821,3.67839,12.2345,11.6756,5.63215,7.17734,5.30135,3.31429,14.7059,7.89218,8.74877,9.06621,5.90591,10.389,9.29162,13.7847,8.00907,6.05158,10.2059,8.74877,11.6922,7.97734,1.71429,9.96024,7.31674,11.5992,9.16136,2.71672,16.3488,14.2452,12.6741,8.94877,7.49162,5.44643,12.7773,
mu: 
srcDuals: 
fixing. lower bound used: 414.427
percent fixed: 35.4377
updating best lambda
fixing. lower bound used: 414.427
fixed path dual: 12.4168
fixing. lower bound used: 410.841
percent fixed: 35.5739
updating best lambda
fixing. lower bound used: 410.841
fixed path dual: 13.9006
STATS - lpIterations[1] lagIterations[15] sspIterations[75] numSeparations[20] numCuts[0] compileTime[4] sspSolveTime[34] lpSolveTime[0] lb[417.735] ub[458] numArcs: [299284] numFixed: [88040] time: [70]
lambda: 0,4.04713,12.0683,8.97387,7.6919,8.064,4.23622,12.7923,11.2094,5.67794,7.73517,5.34715,3.31429,15.2637,8.45001,8.66546,9.11201,5.95999,10.901,9.84945,13.3184,8.05487,5.58534,10.7637,9.3066,12.25,8.53517,1.76008,9.494,7.36254,11.645,8.69513,3.27455,16.586,14.291,12.2079,9.5066,7.40831,5.49223,13.3352,
mu: 
srcDuals: 
fixing. lower bound used: 415.752
percent fixed: 38.7803
updating best lambda
fixing. lower bound used: 415.752
fixed path dual: 12.5044
fixing. lower bound used: 416.174
percent fixed: 40.6776
updating best lambda
fixing. lower bound used: 416.174
fixed path dual: 13.7814
STATS - lpIterations[1] lagIterations[17] sspIterations[85] numSeparations[26] numCuts[0] compileTime[4] sspSolveTime[40] lpSolveTime[0] lb[422.048] ub[458] numArcs: [299863] numFixed: [117034] time: [81]
lambda: 0,4.61048,12.6316,9.53722,8.12199,7.54508,3.76172,12.3178,11.2538,5.20344,8.16525,4.87264,3.26987,15.8271,9.01335,8.69576,8.6375,6.07913,11.4199,10.4128,13.8818,7.58036,6.14869,10.2892,9.86994,12.8134,8.57959,1.8045,10.0573,6.88804,11.1705,9.25847,3.83789,16.7496,13.8165,12.7713,10.0699,7.43861,5.01772,13.7208,
mu: 
srcDuals: 
fixing. lower bound used: 420.996
percent fixed: 48.662
updating best lambda
fixing. lower bound used: 420.996
fixed path dual: 10.9394
fixing. lower bound used: 413.734
percent fixed: 48.4833
fixing. lower bound used: 420.996
fixed path dual: 12.577
fixing. lower bound used: 420.312
percent fixed: 50.3721
updating best lambda
fixing. lower bound used: 420.312
fixed path dual: 13.7989
STATS - lpIterations[1] lagIterations[20] sspIterations[100] numSeparations[31] numCuts[0] compileTime[4] sspSolveTime[51] lpSolveTime[0] lb[428.444] ub[458] numArcs: [300234] numFixed: [147428] time: [98]
lambda: 0,4.23688,12.1938,10.2246,8.48173,8.4353,3.59098,12.1471,11.0831,5.7799,8.27109,5.60598,3.26987,16.7173,9.37309,8.64472,9.12199,6.02809,11.2492,11.303,13.352,8.15683,5.77509,10.1185,10.7602,13.1731,8.40885,2.16424,9.68374,7.05877,11.4332,9.08773,3.05856,16.6985,14.0792,12.85,10.5544,7.38757,5.59419,14.2973,
mu: 
srcDuals: 
fixing. lower bound used: 427.115
percent fixed: 61.7249
updating best lambda
fixing. lower bound used: 427.115
fixed path dual: 11.9161
fixing. lower bound used: 424.657
percent fixed: 62.4359
updating best lambda
fixing. lower bound used: 424.657
fixed path dual: 12.7867
STATS - lpIterations[1] lagIterations[22] sspIterations[110] numSeparations[32] numCuts[0] compileTime[4] sspSolveTime[57] lpSolveTime[0] lb[429.684] ub[458] numArcs: [300282] numFixed: [188411] time: [109]
lambda: 0,3.75461,12.383,10.4139,8.8175,9.29612,4.11604,12.3363,11.2724,5.59062,8.08181,5.4167,3.26987,17.5781,9.37309,8.45544,9.98282,5.83881,11.0599,12.1638,13.5412,9.01765,5.29282,10.3078,11.2852,13.5089,8.59813,2.50001,9.20148,7.9196,11.2439,9.27701,2.91207,16.5093,13.8899,13.0393,10.7437,7.19829,5.40491,15.1581,
mu: 
srcDuals: 
fixing. lower bound used: 429.078
percent fixed: 66.2865
updating best lambda
fixing. lower bound used: 429.078
fixed path dual: 11.2463
fixing. lower bound used: 425.434
percent fixed: 66.3259
updating best lambda
fixing. lower bound used: 425.434
fixed path dual: 12.0892
fixing. lower bound used: 428.451
percent fixed: 65.0393
fixing. lower bound used: 425.434
fixed path dual: 12.036
STATS - lpIterations[1] lagIterations[25] sspIterations[125] numSeparations[37] numCuts[0] compileTime[4] sspSolveTime[67] lpSolveTime[0] lb[429.807] ub[458] numArcs: [300575] numFixed: [176918] time: [125]
lambda: 0,4.00749,12.4631,10.4939,9.04844,9.14062,3.96053,12.8375,11.7735,5.43512,8.44785,5.2612,3.40496,17.4226,8.94739,8.41618,9.82732,5.93465,10.9044,12.9352,13.2757,8.86215,5.37288,10.8089,11.7864,13.0832,9.09927,3.00115,9.62718,7.7641,11.0884,10.0484,3.16495,16.47,13.7344,13.1194,10.9966,7.15904,5.2494,15.254,
mu: 
srcDuals: 
fixing. lower bound used: 429.337
percent fixed: 66.4823
updating best lambda
fixing. lower bound used: 429.337
fixed path dual: 12.6788
STATS - lpIterations[1] lagIterations[26] sspIterations[130] numSeparations[40] numCuts[0] compileTime[4] sspSolveTime[71] lpSolveTime[0] lb[433.409] ub[458] numArcs: [300827] numFixed: [200069] time: [131]
lambda: 0,4.13676,12.5924,10.6232,9.17771,9.26988,3.702,12.3204,11.1272,5.56438,8.57712,5.39046,3.40496,17.5519,8.94739,8.54545,9.95658,6.06392,11.0337,13.0644,13.4049,8.99141,5.50215,10.2919,11.7864,13.0832,8.32368,2.74262,9.75645,7.89336,11.2177,9.78982,3.29422,16.5993,13.8637,13.2486,11.1259,7.28831,5.37867,15.3832,
mu: 
srcDuals: 
fixing. lower bound used: 433.12
percent fixed: 73.0256
updating best lambda
switching from LAG to LP solver
num vars: 80905
DUALS: -0,2.56679,12.4029,9.06112,6.67752,9.33432,5.29082,14.1249,9.46025,7.56679,10.1406,7.31636,5.84804,17.3109,9.29082,8.24157,10.5136,8.71354,13.8524,18.8841,12.8364,9.56679,5.56679,7.43405,14.2908,12.8323,9.56679,5.84804,10.848,6.85416,8.15512,12.3721,5.08654,17.4957,14.0272,11.9773,17.5022,5.67752,6.51362,16.3164,
fixed path dual: 10.152
lp dual value: 448.125
STATS - lpIterations[2] lagIterations[26] sspIterations[130] numSeparations[40] numCuts[0] compileTime[4] sspSolveTime[71] lpSolveTime[12] lb[448.125] ub[458] numArcs: [300827] numFixed: [220319] time: [146]
checking cuts, max violation: 0.586918, num cuts: 84
new capacity cutset: 1 2 3 4 5 6 7 8 9 10 11 13 14 15 16 17 18 19 20 21 22 23 24 25 26 28 29 30 31 32 33 34 35 36 37 38 39 <= 32
new capacity cutset: 2 3 5 9 10 11 15 16 20 21 29 30 32 33 34 35 36 37 38 39 <= 17
new capacity cutset: 1 3 4 6 7 8 13 14 18 19 20 22 23 24 25 26 28 31 35 36 <= 17
new capacity cutset: 5 9 10 11 15 16 21 29 30 33 34 37 38 39 <= 12
new capacity cutset: 1 2 3 5 7 8 9 10 11 15 16 20 21 22 23 24 26 28 29 30 31 32 33 34 35 36 37 38 39 <= 25
new capacity cutset: 9 10 11 15 16 21 29 30 33 34 37 38 39 <= 11
new capacity cutset: 1 2 3 4 5 6 7 8 9 10 11 12 13 14 15 16 17 18 19 20 21 22 23 24 25 26 28 29 30 31 32 33 34 35 36 37 38 39 <= 33
new capacity cutset: 5 9 10 15 16 21 29 30 33 34 37 38 39 <= 11
new capacity cutset: 1 2 3 4 5 6 7 8 9 10 13 14 15 16 17 18 19 20 21 22 23 24 25 26 27 28 29 30 31 32 33 34 35 36 37 38 39 <= 32
new capacity cutset: 5 9 10 15 21 30 33 34 37 38 39 <= 9
new capacity cutset: 2 3 5 9 10 11 15 16 20 21 22 28 29 30 32 33 34 35 36 37 38 39 <= 19
new capacity cutset: 1 2 3 4 5 6 7 8 9 10 11 13 14 15 16 18 19 20 21 22 23 24 25 26 27 28 29 30 31 32 33 34 35 36 37 38 39 <= 32
new capacity cutset: 2 3 5 9 10 11 15 16 20 21 28 29 30 32 33 34 35 36 37 38 39 <= 18
new capacity cutset: 5 9 10 15 21 29 30 33 34 37 38 39 <= 10
new capacity cutset: 5 9 10 15 30 33 34 37 38 39 <= 8
new capacity cutset: 2 3 4 5 6 7 8 9 10 11 12 13 14 15 16 17 18 19 20 21 22 23 24 25 26 28 29 30 31 32 33 34 35 36 37 38 39 <= 32
new capacity cutset: 9 10 15 16 21 29 30 33 34 37 38 39 <= 10
new capacity cutset: 2 3 4 5 6 7 8 9 10 11 13 14 15 16 17 18 19 20 21 22 23 24 25 26 28 29 30 31 32 33 34 35 36 37 38 39 <= 31
new capacity cutset: 2 3 4 5 6 7 8 9 10 11 13 14 15 16 17 18 19 20 21 22 23 24 25 26 27 28 29 30 31 32 33 34 35 36 37 38 39 <= 32
new capacity cutset: 9 10 15 21 29 30 33 34 37 38 39 <= 9
new capacity cutset: 1 2 3 5 9 10 11 15 16 20 21 22 28 29 30 32 33 34 35 36 37 38 39 <= 20
new capacity cutset: 10 11 15 16 21 29 30 33 34 37 39 <= 9
new capacity cutset: 4 5 9 10 13 14 15 17 18 19 21 25 30 33 34 37 38 39 <= 15
new capacity cutset: 1 2 3 4 5 7 8 9 10 11 12 13 14 15 16 17 18 19 20 21 22 23 24 25 26 28 29 30 31 32 33 34 35 36 37 38 39 <= 32
new capacity cutset: 1 2 3 4 5 7 8 9 10 12 13 14 15 16 17 18 19 20 21 22 23 24 25 26 28 29 30 31 32 33 34 35 36 37 38 39 <= 31
new capacity cutset: 1 2 3 4 5 6 7 8 9 10 12 13 14 15 16 17 18 19 20 21 22 23 24 25 26 28 29 30 31 32 33 34 35 36 37 38 39 <= 32
new capacity cutset: 1 2 3 5 9 10 11 16 20 21 22 28 29 30 32 34 35 36 38 39 <= 17
new capacity cutset: 1 2 3 5 9 10 11 15 16 20 21 22 28 29 30 32 33 34 35 36 38 39 <= 19
new capacity cutset: 1 2 3 5 7 8 9 10 11 15 16 20 21 22 23 26 27 28 29 30 31 32 33 34 35 36 37 38 39 <= 25
new capacity cutset: 1 2 3 5 7 8 9 10 11 15 16 20 21 22 23 24 26 27 28 29 30 31 32 33 34 35 36 37 38 39 <= 26
new capacity cutset: 1 2 3 5 6 7 8 9 10 11 15 16 20 21 22 23 24 26 27 28 29 30 31 32 33 34 35 36 37 38 39 <= 27
new capacity cutset: 1 2 3 5 6 7 8 9 10 11 15 16 17 20 21 22 23 24 26 27 28 29 30 31 32 33 34 35 36 37 38 39 <= 28
new capacity cutset: 1 2 3 7 8 11 16 20 21 22 23 26 28 29 31 32 34 35 36 <= 16
new capacity cutset: 1 2 3 7 8 11 16 20 21 22 23 24 26 28 29 31 32 34 35 36 <= 17
new capacity cutset: 1 2 3 4 5 6 7 8 9 10 11 13 14 15 16 18 19 20 21 22 23 24 25 26 27 28 29 30 31 32 33 34 35 36 38 39 <= 31
new capacity cutset: 1 2 3 4 5 6 7 8 9 10 11 13 14 15 16 17 18 19 20 21 22 23 24 25 26 27 28 29 30 31 32 33 34 35 36 37 38 39 <= 33
new capacity cutset: 1 2 3 4 6 7 8 9 10 11 13 14 15 16 18 19 20 21 22 23 24 25 26 27 28 29 30 31 32 33 34 35 36 37 38 39 <= 31
new capacity cutset: 1 2 3 4 6 7 8 9 10 11 13 14 15 16 17 18 19 20 21 22 23 24 25 26 27 28 29 30 31 32 33 34 35 36 37 38 39 <= 32
new capacity cutset: 1 2 3 5 6 7 8 9 10 11 15 16 20 21 22 23 24 26 28 29 30 31 32 33 34 35 36 38 39 <= 25
new capacity cutset: 1 2 3 5 6 7 8 9 10 11 15 16 20 21 22 23 24 26 28 29 30 31 32 33 34 35 36 37 38 39 <= 26
new capacity cutset: 1 2 3 5 6 7 8 9 10 11 15 16 17 20 21 22 23 24 26 28 29 30 31 32 33 34 35 36 37 38 39 <= 27
new capacity cutset: 2 3 5 9 10 11 16 20 21 22 28 29 30 32 34 35 36 38 39 <= 16
new capacity cutset: 2 3 5 9 10 11 15 16 20 21 22 28 29 30 32 33 34 35 36 38 39 <= 18
new capacity cutset: 2 3 5 7 8 9 10 11 15 16 20 21 22 23 26 27 28 29 30 31 32 33 34 35 36 37 38 39 <= 24
new capacity cutset: 2 3 5 7 8 9 10 11 15 16 20 21 22 23 24 26 27 28 29 30 31 32 33 34 35 36 37 38 39 <= 25
new capacity cutset: 3 4 6 7 8 13 14 18 19 20 23 24 25 26 28 31 35 36 <= 15
new capacity cutset: 3 4 6 7 8 13 14 18 19 20 22 23 24 25 26 28 31 35 36 <= 16
new capacity cutset: 1 2 3 4 6 7 8 13 14 16 18 19 20 21 22 23 24 25 26 28 29 31 32 34 35 36 <= 22
new capacity cutset: 1 2 3 4 6 7 8 11 13 14 16 18 19 20 21 22 23 24 25 26 28 29 31 32 34 35 36 <= 23
new capacity cutset: 1 2 3 4 5 6 7 8 9 10 11 13 14 15 16 18 19 20 21 22 23 24 25 26 28 29 30 31 32 33 34 35 36 38 39 <= 30
new capacity cutset: 1 2 3 4 5 6 7 8 9 10 11 13 14 15 16 18 19 20 21 22 23 24 25 26 28 29 30 31 32 33 34 35 36 37 38 39 <= 31
new capacity cutset: 1 2 3 4 5 6 7 8 9 10 11 13 14 15 16 18 19 20 21 22 23 24 25 26 27 28 29 30 31 33 34 35 36 38 39 <= 30
new capacity cutset: 1 2 3 4 5 6 7 8 9 10 11 13 14 15 16 18 19 20 21 22 23 24 25 26 27 28 29 30 31 33 34 35 36 37 38 39 <= 31
new capacity cutset: 1 2 3 4 5 6 7 8 9 10 11 13 14 15 16 17 18 19 20 21 22 23 24 25 26 27 28 29 30 31 33 34 35 36 37 38 39 <= 32
new capacity cutset: 1 3 7 8 20 22 23 26 28 31 35 36 <= 10
new capacity cutset: 1 3 7 8 20 22 23 24 26 28 31 35 36 <= 11
new capacity cutset: 1 2 3 6 7 8 9 10 11 15 16 20 21 22 23 24 26 27 28 29 30 31 32 33 34 35 36 38 39 <= 25
new capacity cutset: 1 2 3 5 6 7 8 9 10 11 15 16 20 21 22 23 24 26 27 28 29 30 31 32 33 34 35 36 38 39 <= 26
new capacity cutset: 2 3 4 5 6 7 8 9 10 11 12 13 14 15 16 17 18 19 20 21 23 24 25 26 28 29 30 31 32 33 34 35 36 37 38 39 <= 31
new capacity cutset: 1 2 3 5 7 8 9 10 11 15 16 17 20 21 22 23 26 27 28 29 30 31 32 33 34 35 36 37 38 39 <= 26
new capacity cutset: 1 2 3 5 7 8 9 10 11 15 16 17 20 21 22 23 24 26 27 28 29 30 31 32 33 34 35 36 37 38 39 <= 27
new capacity cutset: 1 2 3 4 5 7 8 9 10 11 13 14 15 16 17 18 19 20 21 22 23 24 25 26 27 28 29 30 31 32 33 34 35 36 37 38 39 <= 32
new capacity cutset: 1 2 3 4 5 7 8 9 10 11 12 13 15 16 17 18 19 20 21 22 23 24 25 26 28 29 30 31 32 33 34 35 36 37 38 39 <= 31
new capacity cutset: 4 5 9 10 13 14 15 17 18 19 25 30 33 34 37 38 39 <= 14
new capacity cutset: 1 2 3 4 5 7 8 9 10 11 12 13 14 15 16 17 18 19 20 21 22 23 24 25 26 28 29 30 31 33 34 35 36 37 38 39 <= 31
new capacity cutset: 1 2 3 4 5 6 7 8 9 10 11 12 13 14 15 16 17 18 19 20 21 22 23 24 25 26 28 29 30 31 33 34 35 36 37 38 39 <= 32
new capacity cutset: 1 2 3 4 5 6 7 8 9 10 11 12 13 14 15 16 17 19 20 21 22 23 24 25 26 28 29 30 31 32 33 34 35 36 37 38 39 <= 32
new capacity cutset: 1 2 3 4 7 8 11 13 14 16 18 19 20 21 22 23 24 25 26 28 29 31 32 34 35 36 <= 22
new capacity cutset: 1 2 3 4 5 7 8 9 10 11 13 14 15 16 18 19 20 21 22 23 24 25 26 27 28 29 30 31 32 33 34 35 36 38 39 <= 30
new capacity cutset: 1 2 3 4 5 7 8 9 10 11 13 14 15 16 18 19 20 21 22 23 24 25 26 27 28 29 30 31 32 33 34 35 36 37 38 39 <= 31
new capacity cutset: 5 9 10 15 17 30 33 34 37 38 39 <= 9
new capacity cutset: 5 9 10 15 17 21 30 33 34 37 38 39 <= 10
new capacity cutset: 2 3 5 9 10 11 15 16 17 20 21 29 30 33 34 35 36 37 38 39 <= 17
new capacity cutset: 2 3 5 9 10 11 15 16 17 20 21 29 30 32 33 34 35 36 37 38 39 <= 18
new capacity cutset: 2 3 5 9 10 11 15 16 17 20 21 28 29 30 32 33 34 35 36 37 38 39 <= 19
new capacity cutset: 1 2 3 5 7 8 9 10 11 15 16 17 20 21 22 23 24 26 28 29 30 31 32 33 34 35 36 37 38 39 <= 26
new capacity cutset: 5 9 10 15 30 33 34 38 39 <= 7
new capacity cutset: 5 9 10 15 21 30 33 34 38 39 <= 8
new capacity cutset: 5 9 10 15 21 29 30 33 34 38 39 <= 9
new capacity cutset: 5 9 10 15 16 21 29 30 33 34 38 39 <= 10
new capacity cutset: 5 9 10 11 15 16 21 29 30 33 34 38 39 <= 11
new capacity cutset: 2 3 5 9 10 11 15 16 20 21 29 30 33 34 35 36 38 39 <= 15
new capacity cutset: 2 3 5 9 10 11 15 16 20 21 29 30 32 33 34 35 36 38 39 <= 16
new capacity cutset: 2 3 5 9 10 11 15 16 20 21 28 29 30 32 33 34 35 36 38 39 <= 17
added new src cut with arcs: 301989 302309 302627 302914 303234  for test set: 5 10 30 
added new src cut with arcs: 303521 303839 304155 304440 304758  for test set: 5 10 34 
added new src cut with arcs: 305044 305361 305676 305960 306277  for test set: 5 15 30 
added new src cut with arcs: 306563 306880 307195 307479 307796  for test set: 5 15 34 
added new src cut with arcs: 308082 308399 308714 308998 309315  for test set: 5 17 30 
added new src cut with arcs: 309601 309918 310233 310517 310834  for test set: 5 17 34 
added new src cut with arcs: 311120 311437 311752 312036 312353  for test set: 5 30 33 
added new src cut with arcs: 312639 312956 313271 313555 313872  for test set: 5 30 37 
added new src cut with arcs: 314158 314475 314790 315074 315391  for test set: 5 33 34 
added new src cut with arcs: 315677 315994 316309 316593 316910  for test set: 5 34 37 
added new src cut with arcs: 317196 317513 317828 318112 318429  for test set: 9 10 11 
added new src cut with arcs: 318715 319032 319347 319631 319948  for test set: 9 10 16 
added new src cut with arcs: 320234 320551 320866 321150 321467  for test set: 9 10 21 
added new src cut with arcs: 321753 322070 322385 322669 322986  for test set: 9 10 30 
added new src cut with arcs: 323272 323589 323904 324188 324505  for test set: 9 10 34 
added new src cut with arcs: 324791 325108 325423 325707 326024  for test set: 9 11 15 
added new src cut with arcs: 326310 326627 326942 327226 327543  for test set: 9 11 17 
added new src cut with arcs: 327829 328146 328461 328745 329062  for test set: 9 11 33 
added new src cut with arcs: 329348 329665 329980 330264 330581  for test set: 9 11 37 
added new src cut with arcs: 330867 331184 331499 331783 332100  for test set: 9 15 16 
added new src cut with arcs: 332386 332703 333018 333302 333619  for test set: 9 15 21 
added new src cut with arcs: 333905 334222 334537 334821 335138  for test set: 9 15 30 
added new src cut with arcs: 335424 335741 336056 336340 336657  for test set: 9 15 34 
added new src cut with arcs: 336943 337260 337575 337859 338176  for test set: 9 16 17 
added new src cut with arcs: 338462 338779 339094 339378 339695  for test set: 9 16 33 
added new src cut with arcs: 339981 340298 340613 340897 341214  for test set: 9 16 37 
added new src cut with arcs: 341500 341817 342132 342416 342733  for test set: 9 17 21 
added new src cut with arcs: 343019 343336 343651 343935 344252  for test set: 9 17 30 
added new src cut with arcs: 344538 344855 345170 345454 345771  for test set: 9 17 34 
added new src cut with arcs: 346057 346374 346689 346973 347290  for test set: 9 21 33 
added new src cut with arcs: 347576 347893 348208 348492 348809  for test set: 9 21 37 
added new src cut with arcs: 349095 349412 349727 350011 350328  for test set: 9 30 33 
added new src cut with arcs: 350614 350931 351246 351530 351847  for test set: 9 30 37 
added new src cut with arcs: 352133 352450 352765 353049 353366  for test set: 9 33 34 
added new src cut with arcs: 353652 353969 354284 354568 354885  for test set: 9 34 37 
added new src cut with arcs: 355171 355488 355803 356087 356404  for test set: 10 11 38 
added new src cut with arcs: 356690 357007 357322 357606 357923  for test set: 10 16 38 
added new src cut with arcs: 358209 358526 358841 359125 359442  for test set: 10 21 38 
added new src cut with arcs: 359728 360045 360360 360644 360961  for test set: 10 30 38 
added new src cut with arcs: 361247 361564 361879 362163 362480  for test set: 10 34 38 
added new src cut with arcs: 362766 363083 363398 363682 363999  for test set: 11 15 38 
added new src cut with arcs: 364285 364602 364917 365201 365518  for test set: 11 17 38 
added new src cut with arcs: 365804 366121 366436 366720 367037  for test set: 11 33 38 
added new src cut with arcs: 367323 367640 367955 368239 368556  for test set: 11 37 38 
added new src cut with arcs: 368842 369159 369474 369758 370075  for test set: 15 16 38 
added new src cut with arcs: 370361 370678 370993 371277 371594  for test set: 15 21 38 
added new src cut with arcs: 371880 372197 372512 372796 373113  for test set: 15 30 38 
added new src cut with arcs: 373399 373716 374031 374315 374632  for test set: 15 34 38 
added new src cut with arcs: 374918 375235 375550 375834 376151  for test set: 16 17 38 
added new src cut with arcs: 376437 376754 377069 377353 377670  for test set: 16 33 38 
added new src cut with arcs: 377956 378273 378588 378872 379189  for test set: 16 37 38 
added new src cut with arcs: 379475 379792 380107 380391 380708  for test set: 17 21 38 
added new src cut with arcs: 380994 381311 381626 381910 382227  for test set: 17 30 38 
added new src cut with arcs: 382513 382830 383145 383429 383746  for test set: 17 34 38 
added new src cut with arcs: 384032 384349 384664 384948 385265  for test set: 21 33 38 
added new src cut with arcs: 385551 385868 386183 386467 386784  for test set: 21 37 38 
added new src cut with arcs: 387070 387387 387702 387986 388303  for test set: 30 33 38 
added new src cut with arcs: 388589 388906 389221 389505 389822  for test set: 30 37 38 
added new src cut with arcs: 390108 390425 390740 391024 391341  for test set: 33 34 38 
added new src cut with arcs: 391627 391944 392259 392543 392860  for test set: 34 37 38 
num src cuts added: 60
strengthened cut 0 with 368 arcs
strengthened cut 1 with 260 arcs
strengthened cut 2 with 254 arcs
strengthened cut 3 with 248 arcs
strengthened cut 4 with 205 arcs
strengthened cut 5 with 199 arcs
strengthened cut 6 with 254 arcs
strengthened cut 7 with 270 arcs
strengthened cut 8 with 248 arcs
strengthened cut 9 with 264 arcs
strengthened cut 10 with 254 arcs
strengthened cut 11 with 409 arcs
strengthened cut 12 with 313 arcs
strengthened cut 13 with 421 arcs
strengthened cut 14 with 313 arcs
strengthened cut 15 with 242 arcs
strengthened cut 16 with 193 arcs
strengthened cut 17 with 242 arcs
strengthened cut 18 with 258 arcs
strengthened cut 19 with 397 arcs
strengthened cut 20 with 301 arcs
strengthened cut 21 with 307 arcs
strengthened cut 22 with 301 arcs
strengthened cut 23 with 348 arcs
strengthened cut 24 with 397 arcs
strengthened cut 25 with 413 arcs
strengthened cut 26 with 252 arcs
strengthened cut 27 with 317 arcs
strengthened cut 28 with 311 arcs
strengthened cut 29 with 301 arcs
strengthened cut 30 with 317 arcs
strengthened cut 31 with 307 arcs
strengthened cut 32 with 323 arcs
strengthened cut 33 with 301 arcs
strengthened cut 34 with 317 arcs
strengthened cut 35 with 260 arcs
strengthened cut 36 with 313 arcs
strengthened cut 37 with 319 arcs
strengthened cut 38 with 427 arcs
strengthened cut 39 with 319 arcs
strengthened cut 40 with 248 arcs
strengthened cut 41 with 199 arcs
strengthened cut 42 with 248 arcs
strengthened cut 43 with 264 arcs
strengthened cut 44 with 301 arcs
strengthened cut 45 with 307 arcs
strengthened cut 46 with 313 arcs
strengthened cut 47 with 307 arcs
strengthened cut 48 with 252 arcs
strengthened cut 49 with 301 arcs
strengthened cut 50 with 317 arcs
strengthened cut 51 with 258 arcs
strengthened cut 52 with 323 arcs
strengthened cut 53 with 317 arcs
strengthened cut 54 with 307 arcs
strengthened cut 55 with 323 arcs
strengthened cut 56 with 313 arcs
strengthened cut 57 with 329 arcs
strengthened cut 58 with 307 arcs
strengthened cut 59 with 323 arcs
num vars: 393317
DUALS: -0,22.956,29.0212,33.3278,27.2477,22.6437,18.5604,37.1906,31.8914,28.7031,31.4858,20.5604,12.5604,39.1391,27.69,29.0135,28.3594,24.4688,26.5604,39.535,33.6914,29.4043,28.9612,30.1489,37.1807,31.8034,33.8914,12.5604,33.1588,25.9989,29.4919,36.8218,16.5604,36.8178,32.3355,33.9853,41.4298,23.3602,25.0135,36.2308,
fixed path dual: 3.43963
cap dual [8]: -0.576433
cap dual [15]: -0.336965
cap dual [16]: -1
cap dual [24]: -0.958354
cap dual [35]: -3.77643
cap dual [37]: -4.58709
cap dual [45]: -2.19524
cap dual [46]: -1.33592
cap dual [54]: -2.17094
cap dual [55]: -1.29427
cap dual [61]: -0.818241
cap dual [64]: -4.26505
cap dual [66]: -3.04165
cap dual [76]: -1.38281
cap dual [77]: -0.389911
cap dual [79]: -0.244229
lp dual value: 455.388
STATS - lpIterations[3] lagIterations[26] sspIterations[130] numSeparations[49] numCuts[144] compileTime[4] sspSolveTime[71] lpSolveTime[565] lb[455.388] ub[458] numArcs: [392934] numFixed: [0] time: [880]
checking cuts, max violation: 0.308659, num cuts: 6
new capacity cutset: 1 2 3 4 5 6 7 8 9 10 12 13 14 15 16 17 18 19 20 21 22 23 24 25 26 27 28 29 30 31 33 34 35 36 37 38 39 <= 32
new capacity cutset: 9 10 15 16 21 29 30 33 34 37 39 <= 9
new capacity cutset: 2 3 4 5 9 10 12 13 14 15 16 17 18 19 20 21 25 29 30 33 34 35 36 37 38 39 <= 22
new capacity cutset: 2 3 5 9 10 15 16 17 20 21 29 30 33 34 35 36 37 38 39 <= 16
new capacity cutset: 2 3 4 5 6 7 8 9 10 12 13 14 15 16 17 18 19 20 21 22 23 24 25 26 28 29 30 31 33 34 35 36 37 38 39 <= 30
new capacity cutset: 1 2 3 5 6 7 8 9 10 15 16 20 21 22 23 24 26 27 28 29 30 31 33 34 35 36 37 38 39 <= 25
added new src cut with arcs: 394120 394403 394737 395016 395280 395573 395916 396195  for test set: 1 3 28 
added new src cut with arcs: 396510 396790 397114 397391 397652 397943 398268 398545  for test set: 1 3 31 
added new src cut with arcs: 398859 399138 399461 399737 399997 400287 400611 400887  for test set: 1 20 28 
added new src cut with arcs: 401201 401480 401803 402079 402339 402629 402953 403229  for test set: 1 20 31 
added new src cut with arcs: 403543 403822 404145 404421 404681 404971 405295 405571  for test set: 1 28 35 
added new src cut with arcs: 405885 406164 406487 406763 407023 407313 407637 407913  for test set: 1 28 36 
added new src cut with arcs: 408227 408506 408829 409105 409365 409655 409979 410255  for test set: 1 31 35 
added new src cut with arcs: 410569 410848 411171 411447 411707 411997 412321 412597  for test set: 1 31 36 
added new src cut with arcs: 412911 413190 413513 413789 414049 414339 414663 414939  for test set: 3 22 28 
added new src cut with arcs: 415253 415532 415855 416131 416391 416681 417005 417281  for test set: 3 22 31 
added new src cut with arcs: 417595 417874 418150 418410 418700 419024 419300  for test set: 3 27 28 
added new src cut with arcs: 419614 419893 420216 420492 420752 421042 421366 421642  for test set: 20 22 28 
added new src cut with arcs: 421956 422235 422558 422834 423094 423384 423708 423984  for test set: 20 22 31 
added new src cut with arcs: 424298 424577 424853 425113 425403 425727 426003  for test set: 20 27 28 
added new src cut with arcs: 426317 426596 426919 427195 427455 427745 428069 428345  for test set: 22 28 35 
added new src cut with arcs: 428659 428938 429261 429537 429797 430087 430411 430687  for test set: 22 28 36 
added new src cut with arcs: 431001 431280 431603 431879 432139 432429 432753 433029  for test set: 22 31 35 
added new src cut with arcs: 433343 433622 433945 434221 434481 434771 435095 435371  for test set: 22 31 36 
added new src cut with arcs: 435685 435964 436240 436500 436790 437114 437390  for test set: 27 28 35 
added new src cut with arcs: 437704 437983 438259 438519 438809 439133 439409  for test set: 27 28 36 
num src cuts added: 20
fixing. lower bound used: 455.385
strengthened cut 0 with 462 arcs
strengthened cut 1 with 282 arcs
strengthened cut 2 with 270 arcs
strengthened cut 3 with 260 arcs
strengthened cut 4 with 215 arcs
strengthened cut 5 with 205 arcs
strengthened cut 6 with 270 arcs
strengthened cut 7 with 284 arcs
strengthened cut 8 with 260 arcs
strengthened cut 9 with 274 arcs
strengthened cut 10 with 332 arcs
strengthened cut 11 with 555 arcs
strengthened cut 12 with 394 arcs
strengthened cut 13 with 570 arcs
strengthened cut 14 with 390 arcs
strengthened cut 15 with 309 arcs
strengthened cut 16 with 255 arcs
strengthened cut 17 with 309 arcs
strengthened cut 18 with 323 arcs
strengthened cut 19 with 532 arcs
strengthened cut 20 with 372 arcs
strengthened cut 21 with 378 arcs
strengthened cut 22 with 368 arcs
strengthened cut 23 with 479 arcs
strengthened cut 24 with 531 arcs
strengthened cut 25 with 546 arcs
strengthened cut 26 with 317 arcs
strengthened cut 27 with 382 arcs
strengthened cut 28 with 372 arcs
strengthened cut 29 with 371 arcs
strengthened cut 30 with 386 arcs
strengthened cut 31 with 378 arcs
strengthened cut 32 with 392 arcs
strengthened cut 33 with 368 arcs
strengthened cut 34 with 382 arcs
strengthened cut 35 with 342 arcs
strengthened cut 36 with 395 arcs
strengthened cut 37 with 404 arcs
strengthened cut 38 with 580 arcs
strengthened cut 39 with 400 arcs
strengthened cut 40 with 319 arcs
strengthened cut 41 with 265 arcs
strengthened cut 42 with 319 arcs
strengthened cut 43 with 333 arcs
strengthened cut 44 with 372 arcs
strengthened cut 45 with 382 arcs
strengthened cut 46 with 388 arcs
strengthened cut 47 with 378 arcs
strengthened cut 48 with 319 arcs
strengthened cut 49 with 371 arcs
strengthened cut 50 with 386 arcs
strengthened cut 51 with 327 arcs
strengthened cut 52 with 392 arcs
strengthened cut 53 with 382 arcs
strengthened cut 54 with 381 arcs
strengthened cut 55 with 396 arcs
strengthened cut 56 with 388 arcs
strengthened cut 57 with 402 arcs
strengthened cut 58 with 378 arcs
strengthened cut 59 with 392 arcs
strengthened cut 60 with 317 arcs
strengthened cut 61 with 317 arcs
strengthened cut 62 with 327 arcs
strengthened cut 63 with 327 arcs
strengthened cut 64 with 337 arcs
strengthened cut 65 with 327 arcs
strengthened cut 66 with 337 arcs
strengthened cut 67 with 327 arcs
strengthened cut 68 with 297 arcs
strengthened cut 69 with 297 arcs
strengthened cut 70 with 246 arcs
strengthened cut 71 with 307 arcs
strengthened cut 72 with 307 arcs
strengthened cut 73 with 256 arcs
strengthened cut 74 with 317 arcs
strengthened cut 75 with 307 arcs
strengthened cut 76 with 317 arcs
strengthened cut 77 with 307 arcs
strengthened cut 78 with 266 arcs
strengthened cut 79 with 256 arcs
num vars: 308808
DUALS: -0,23.6489,36.2711,35.3585,31.5859,28.3822,22.4037,41.2126,35.5622,35.583,38.1385,24.4037,16.4037,43.8578,32.0363,34.4037,35.7156,30.077,30.4037,43.6956,38.4822,38.0489,32.2511,33.6259,41.983,35.1415,37.0037,15.3733,36.5622,33.6044,35.0704,40.5622,20.4037,43.1815,37.6259,37.8022,52.1252,28.9593,30.6044,42.0489,
fixed path dual: -0.403704
cap dual [4]: -0.724444
cap dual [23]: -2.01037
cap dual [24]: -0.480741
cap dual [35]: -3.82074
cap dual [37]: -4.7037
cap dual [45]: -1.91111
cap dual [54]: -1.08741
cap dual [56]: -0.962963
cap dual [61]: -2.19185
cap dual [64]: -2.17481
cap dual [66]: -2.73111
cap dual [81]: -1.75037
cap dual [84]: -0.916296
cap dual [87]: -0.0681481
cap dual [88]: -5.06889
src dual [60]: -3.55271e-15
lp dual value: 456.333
STATS - lpIterations[4] lagIterations[26] sspIterations[130] numSeparations[56] numCuts[170] compileTime[4] sspSolveTime[71] lpSolveTime[1112] lb[456.333] ub[458] numArcs: [438973] numFixed: [130536] time: [1585]
checking cuts, max violation: 0.333333, num cuts: 2
new capacity cutset: 9 10 15 17 21 30 33 34 37 38 39 <= 9
new capacity cutset: 1 2 3 20 22 28 31 32 35 36 <= 8
added new src cut with arcs: 394120 394403 394737 395016 395280 395573 395916 396195 440142 440420 440767  for test set: 1 3 28 
added new src cut with arcs: 396510 396790 397114 397391 397652 397943 398268 398545 441060 441336 441661 394403 395916  for test set: 1 3 31 
added new src cut with arcs: 441936 442196 442520 395916  for test set: 1 6 27 
added new src cut with arcs: 442795 443022 443346 395916  for test set: 1 7 27 
added new src cut with arcs: 398859 399138 399461 399737 399997 400287 400611 400887 443638 443913 444237 394403 395916  for test set: 1 20 28 
added new src cut with arcs: 401201 401480 401803 402079 402339 402629 402953 403229 444529 444804 445128 394403 395916  for test set: 1 20 31 
added new src cut with arcs: 445403 445629 445953 395916  for test set: 1 23 27 
added new src cut with arcs: 446228 446454 446778 395916  for test set: 1 24 27 
added new src cut with arcs: 447053 447279 447603 395916  for test set: 1 26 27 
added new src cut with arcs: 403543 403822 404145 404421 404681 404971 405295 405571 447895 448170 448494 394403 395916  for test set: 1 28 35 
added new src cut with arcs: 405885 406164 406487 406763 407023 407313 407637 407913 448786 449061 449385 394403 395916  for test set: 1 28 36 
added new src cut with arcs: 408227 408506 408829 409105 409365 409655 409979 410255 449677 449952 450276 394403 395916  for test set: 1 31 35 
added new src cut with arcs: 410569 410848 411171 411447 411707 411997 412321 412597 450568 450843 451167 394403 395916  for test set: 1 31 36 
added new src cut with arcs: 451442 451668 394403  for test set: 3 8 27 
added new src cut with arcs: 412911 413190 413513 413789 414049 414339 414663 414939 451960 452235 452559 394403 395916  for test set: 3 22 28 
added new src cut with arcs: 415253 415532 415855 416131 416391 416681 417005 417281 452851 453126 453450 394403 395916  for test set: 3 22 31 
added new src cut with arcs: 453776 454061 454357 301989  for test set: 5 9 10 
added new src cut with arcs: 454681 454762 455045 455335  for test set: 5 9 12 
added new src cut with arcs: 455658 455940 456229 301989  for test set: 5 9 15 
added new src cut with arcs: 456552 456834 457123 301989  for test set: 5 9 17 
added new src cut with arcs: 457446 457728 458017 301989  for test set: 5 9 33 
added new src cut with arcs: 458340 458622 458911 301989  for test set: 5 9 37 
added new src cut with arcs: 459234 459516 459805 301989  for test set: 5 9 39 
added new src cut with arcs: 301989 302309 302627 302914 303234 460128 460410 460699  for test set: 5 10 30 
added new src cut with arcs: 461022 461304 461593 301989  for test set: 5 10 38 
added new src cut with arcs: 461916 461958 462239 462528  for test set: 5 12 30 
added new src cut with arcs: 462851 462892 463173 463462  for test set: 5 12 38 
added new src cut with arcs: 305044 305361 305676 305960 306277 463785 464066 464355 301989  for test set: 5 15 30 
added new src cut with arcs: 464678 464959 465248 301989  for test set: 5 15 38 
added new src cut with arcs: 308082 308399 308714 308998 309315 465571 465852 466141 301989  for test set: 5 17 30 
added new src cut with arcs: 466464 466745 467034 301989  for test set: 5 17 38 
added new src cut with arcs: 311120 311437 311752 312036 312353 467357 467638 467927 301989  for test set: 5 30 33 
added new src cut with arcs: 312639 312956 313271 313555 313872 468250 468531 468820 301989  for test set: 5 30 37 
added new src cut with arcs: 469143 469424 469713 301989  for test set: 5 30 39 
added new src cut with arcs: 470036 470317 470606 301989  for test set: 5 33 38 
added new src cut with arcs: 470929 471210 471499 301989  for test set: 5 37 38 
added new src cut with arcs: 471822 472103 472392 301989  for test set: 5 38 39 
added new src cut with arcs: 472618 472942 394403 395916  for test set: 6 8 28 
added new src cut with arcs: 473168 473492 394403 395916  for test set: 6 8 31 
added new src cut with arcs: 473767 473993 474317 395916  for test set: 6 22 27 
added new src cut with arcs: 474592 474818 475142 395916  for test set: 6 27 32 
added new src cut with arcs: 475368 475692 394403 395916  for test set: 7 8 28 
added new src cut with arcs: 475918 476242 394403 395916  for test set: 7 8 31 
added new src cut with arcs: 476517 476743 477067 395916  for test set: 7 22 27 
added new src cut with arcs: 477342 477568 477892 395916  for test set: 7 27 32 
added new src cut with arcs: 478167 478393 394403  for test set: 8 20 27 
added new src cut with arcs: 478619 478943 394403 395916  for test set: 8 23 28 
added new src cut with arcs: 479169 479493 394403 395916  for test set: 8 23 31 
added new src cut with arcs: 479719 480043 394403 395916  for test set: 8 24 28 
added new src cut with arcs: 480269 480593 394403 395916  for test set: 8 24 31 
added new src cut with arcs: 480819 481143 394403 395916  for test set: 8 26 28 
added new src cut with arcs: 481369 481693 394403 395916  for test set: 8 26 31 
added new src cut with arcs: 481919 394403 395916  for test set: 8 27 28 
added new src cut with arcs: 482145 394403 395916  for test set: 8 27 31 
added new src cut with arcs: 482420 482646 394403  for test set: 8 27 35 
added new src cut with arcs: 482921 483147 394403  for test set: 8 27 36 
added new src cut with arcs: 317196 317513 317828 318112 318429 483470 483751 484040 301989  for test set: 9 10 11 
added new src cut with arcs: 324791 325108 325423 325707 326024 484363 484644 484933 301989  for test set: 9 11 15 
added new src cut with arcs: 326310 326627 326942 327226 327543 485256 485537 485826 301989  for test set: 9 11 17 
added new src cut with arcs: 327829 328146 328461 328745 329062 486149 486430 486719 301989  for test set: 9 11 33 
added new src cut with arcs: 329348 329665 329980 330264 330581 487042 487323 487612 301989  for test set: 9 11 37 
added new src cut with arcs: 487935 488216 488505 301989  for test set: 9 11 39 
added new src cut with arcs: 488828 489109 489398 301989  for test set: 10 11 30 
added new src cut with arcs: 355171 355488 355803 356087 356404 489721 490002 490291 301989  for test set: 10 11 38 
added new src cut with arcs: 490614 490895 491184 301989  for test set: 11 15 30 
added new src cut with arcs: 362766 363083 363398 363682 363999 491507 491788 492077 301989  for test set: 11 15 38 
added new src cut with arcs: 492400 492681 492970 301989  for test set: 11 17 30 
added new src cut with arcs: 364285 364602 364917 365201 365518 493293 493574 493863 301989  for test set: 11 17 38 
added new src cut with arcs: 494186 494467 494756 301989  for test set: 11 30 33 
added new src cut with arcs: 495079 495360 495649 301989  for test set: 11 30 37 
added new src cut with arcs: 495972 496253 496542 301989  for test set: 11 30 39 
added new src cut with arcs: 365804 366121 366436 366720 367037 496865 497146 497435 301989  for test set: 11 33 38 
added new src cut with arcs: 367323 367640 367955 368239 368556 497758 498039 498328 301989  for test set: 11 37 38 
added new src cut with arcs: 498651 498932 499221 301989  for test set: 11 38 39 
added new src cut with arcs: 419614 419893 420216 420492 420752 421042 421366 421642 499513 499788 500112 394403 395916  for test set: 20 22 28 
added new src cut with arcs: 421956 422235 422558 422834 423094 423384 423708 423984 500404 500679 501003 394403 395916  for test set: 20 22 31 
added new src cut with arcs: 501278 501504 501828 395916  for test set: 22 23 27 
added new src cut with arcs: 502103 502329 502653 395916  for test set: 22 24 27 
added new src cut with arcs: 502928 503154 503478 395916  for test set: 22 26 27 
added new src cut with arcs: 426317 426596 426919 427195 427455 427745 428069 428345 503770 504045 504369 394403 395916  for test set: 22 28 35 
added new src cut with arcs: 428659 428938 429261 429537 429797 430087 430411 430687 504661 504936 505260 394403 395916  for test set: 22 28 36 
added new src cut with arcs: 431001 431280 431603 431879 432139 432429 432753 433029 505552 505827 506151 394403 395916  for test set: 22 31 35 
added new src cut with arcs: 433343 433622 433945 434221 434481 434771 435095 435371 506443 506718 507042 394403 395916  for test set: 22 31 36 
added new src cut with arcs: 507317 507543 507867 395916  for test set: 23 27 32 
added new src cut with arcs: 508142 508368 508692 395916  for test set: 24 27 32 
added new src cut with arcs: 508967 509193 509517 395916  for test set: 26 27 32 
num src cuts added: 86
fixing. lower bound used: 456.331
strengthened cut 0 with 611 arcs
strengthened cut 1 with 366 arcs
strengthened cut 2 with 419 arcs
strengthened cut 3 with 344 arcs
strengthened cut 4 with 364 arcs
strengthened cut 5 with 289 arcs
strengthened cut 6 with 419 arcs
strengthened cut 7 with 433 arcs
strengthened cut 8 with 344 arcs
strengthened cut 9 with 358 arcs
strengthened cut 10 with 404 arcs
strengthened cut 11 with 660 arcs
strengthened cut 12 with 500 arcs
strengthened cut 13 with 676 arcs
strengthened cut 14 with 496 arcs
strengthened cut 15 with 382 arcs
strengthened cut 16 with 327 arcs
strengthened cut 17 with 382 arcs
strengthened cut 18 with 396 arcs
strengthened cut 19 with 638 arcs
strengthened cut 20 with 478 arcs
strengthened cut 21 with 484 arcs
strengthened cut 22 with 474 arcs
strengthened cut 23 with 584 arcs
strengthened cut 24 with 637 arcs
strengthened cut 25 with 652 arcs
strengthened cut 26 with 423 arcs
strengthened cut 27 with 488 arcs
strengthened cut 28 with 478 arcs
strengthened cut 29 with 477 arcs
strengthened cut 30 with 492 arcs
strengthened cut 31 with 484 arcs
strengthened cut 32 with 498 arcs
strengthened cut 33 with 474 arcs
strengthened cut 34 with 488 arcs
strengthened cut 35 with 414 arcs
strengthened cut 36 with 500 arcs
strengthened cut 37 with 510 arcs
strengthened cut 38 with 686 arcs
strengthened cut 39 with 506 arcs
strengthened cut 40 with 392 arcs
strengthened cut 41 with 337 arcs
strengthened cut 42 with 392 arcs
strengthened cut 43 with 406 arcs
strengthened cut 44 with 478 arcs
strengthened cut 45 with 488 arcs
strengthened cut 46 with 494 arcs
strengthened cut 47 with 484 arcs
strengthened cut 48 with 424 arcs
strengthened cut 49 with 477 arcs
strengthened cut 50 with 492 arcs
strengthened cut 51 with 433 arcs
strengthened cut 52 with 498 arcs
strengthened cut 53 with 488 arcs
strengthened cut 54 with 487 arcs
strengthened cut 55 with 502 arcs
strengthened cut 56 with 494 arcs
strengthened cut 57 with 508 arcs
strengthened cut 58 with 484 arcs
strengthened cut 59 with 498 arcs
strengthened cut 60 with 434 arcs
strengthened cut 61 with 434 arcs
strengthened cut 62 with 444 arcs
strengthened cut 63 with 444 arcs
strengthened cut 64 with 454 arcs
strengthened cut 65 with 444 arcs
strengthened cut 66 with 454 arcs
strengthened cut 67 with 444 arcs
strengthened cut 68 with 414 arcs
strengthened cut 69 with 414 arcs
strengthened cut 70 with 295 arcs
strengthened cut 71 with 424 arcs
strengthened cut 72 with 424 arcs
strengthened cut 73 with 305 arcs
strengthened cut 74 with 434 arcs
strengthened cut 75 with 424 arcs
strengthened cut 76 with 434 arcs
strengthened cut 77 with 424 arcs
strengthened cut 78 with 315 arcs
strengthened cut 79 with 305 arcs
strengthened cut 80 with 434 arcs
strengthened cut 81 with 434 arcs
strengthened cut 82 with 508 arcs
strengthened cut 83 with 415 arcs
strengthened cut 84 with 444 arcs
strengthened cut 85 with 444 arcs
strengthened cut 86 with 425 arcs
strengthened cut 87 with 405 arcs
strengthened cut 88 with 415 arcs
strengthened cut 89 with 454 arcs
strengthened cut 90 with 444 arcs
strengthened cut 91 with 454 arcs
strengthened cut 92 with 444 arcs
strengthened cut 93 with 130 arcs
strengthened cut 94 with 414 arcs
strengthened cut 95 with 414 arcs
strengthened cut 96 with 430 arcs
strengthened cut 97 with 393 arcs
strengthened cut 98 with 408 arcs
strengthened cut 99 with 353 arcs
strengthened cut 100 with 408 arcs
strengthened cut 101 with 422 arcs
strengthened cut 102 with 348 arcs
strengthened cut 103 with 611 arcs
strengthened cut 104 with 780 arcs
strengthened cut 105 with 344 arcs
strengthened cut 106 with 743 arcs
strengthened cut 107 with 419 arcs
strengthened cut 108 with 758 arcs
strengthened cut 109 with 364 arcs
strengthened cut 110 with 703 arcs
strengthened cut 111 with 419 arcs
strengthened cut 112 with 433 arcs
strengthened cut 113 with 299 arcs
strengthened cut 114 with 758 arcs
strengthened cut 115 with 772 arcs
strengthened cut 116 with 698 arcs
strengthened cut 117 with 96 arcs
strengthened cut 118 with 96 arcs
strengthened cut 119 with 318 arcs
strengthened cut 120 with 256 arcs
strengthened cut 121 with 219 arcs
strengthened cut 122 with 219 arcs
strengthened cut 123 with 225 arcs
strengthened cut 124 with 209 arcs
strengthened cut 125 with 140 arcs
strengthened cut 126 with 229 arcs
strengthened cut 127 with 229 arcs
strengthened cut 128 with 209 arcs
strengthened cut 129 with 209 arcs
strengthened cut 130 with 559 arcs
strengthened cut 131 with 559 arcs
strengthened cut 132 with 151 arcs
strengthened cut 133 with 151 arcs
strengthened cut 134 with 150 arcs
strengthened cut 135 with 140 arcs
strengthened cut 136 with 404 arcs
strengthened cut 137 with 382 arcs
strengthened cut 138 with 327 arcs
strengthened cut 139 with 382 arcs
strengthened cut 140 with 396 arcs
strengthened cut 141 with 322 arcs
strengthened cut 142 with 583 arcs
strengthened cut 143 with 414 arcs
strengthened cut 144 with 391 arcs
strengthened cut 145 with 392 arcs
strengthened cut 146 with 336 arcs
strengthened cut 147 with 337 arcs
strengthened cut 148 with 391 arcs
strengthened cut 149 with 405 arcs
strengthened cut 150 with 273 arcs
strengthened cut 151 with 392 arcs
strengthened cut 152 with 406 arcs
strengthened cut 153 with 332 arcs
strengthened cut 154 with 424 arcs
strengthened cut 155 with 424 arcs
strengthened cut 156 with 235 arcs
strengthened cut 157 with 215 arcs
strengthened cut 158 with 225 arcs
strengthened cut 159 with 434 arcs
strengthened cut 160 with 424 arcs
strengthened cut 161 with 434 arcs
strengthened cut 162 with 424 arcs
strengthened cut 163 with 219 arcs
strengthened cut 164 with 199 arcs
strengthened cut 165 with 209 arcs
num vars: 312046
DUALS: -0,26.2821,37.6299,38.3799,32.7598,28.8799,22.8799,43.5978,37.5363,36.3799,38.9637,24.8799,16.8799,45.162,33.162,35.176,36.8799,30.8799,30.8799,45.0559,40.8799,39.1299,35.2682,35.405,43.338,36.7235,39.0363,16.3799,39.0363,34.3799,36.1299,43.0363,20.8799,44.2137,38.6299,46.8128,48.0964,29.7598,31.6299,43.0461,
fixed path dual: -0.879888
cap dual [8]: -0.574022
cap dual [23]: -2.01397
cap dual [35]: -3.11592
cap dual [36]: -0.759777
cap dual [37]: -4.31006
cap dual [45]: -1.76816
cap dual [54]: -1.5419
cap dual [55]: -1.15642
cap dual [56]: -0.930168
cap dual [61]: -3
cap dual [64]: -2.51397
cap dual [66]: -3.17598
cap dual [81]: -2.06006
cap dual [84]: -1.18994
cap dual [88]: -4.98603
cap dual [91]: -0.5
src dual [96]: -3.90799e-14
lp dual value: 456.5
STATS - lpIterations[5] lagIterations[26] sspIterations[130] numSeparations[57] numCuts[258] compileTime[4] sspSolveTime[71] lpSolveTime[1700] lb[456.5] ub[458] numArcs: [508703] numFixed: [197026] time: [2447]
checking cuts, max violation: 0.2, num cuts: 1
new capacity cutset: 1 2 3 6 7 8 9 10 11 15 16 17 20 21 22 23 24 26 27 28 29 30 31 32 33 34 35 36 37 39 <= 26
added new src cut with arcs: 394120 394403 394737 395016 395280 395573 395916 396195 440142 440420 440767 509882 510212 510554 510873 511178  for test set: 1 3 28 
added new src cut with arcs: 396510 396790 397114 397391 397652 397943 398268 398545 441060 441336 441661 394403 395916 511467 511786 512110 512419 512722 395016 440142 440420  for test set: 1 3 31 
added new src cut with arcs: 398859 399138 399461 399737 399997 400287 400611 400887 443638 443913 444237 394403 395916 513010 513328 513651 513959 514261 395016 440142 440420  for test set: 1 20 28 
added new src cut with arcs: 401201 401480 401803 402079 402339 402629 402953 403229 444529 444804 445128 394403 395916 514549 514867 515190 515498 515800 395016 440142 440420  for test set: 1 20 31 
added new src cut with arcs: 403543 403822 404145 404421 404681 404971 405295 405571 447895 448170 448494 394403 395916 516088 516406 516729 517037 517339 395016 440142 440420  for test set: 1 28 35 
added new src cut with arcs: 405885 406164 406487 406763 407023 407313 407637 407913 448786 449061 449385 394403 395916 517627 517945 518268 518576 518878 395016 440142 440420  for test set: 1 28 36 
added new src cut with arcs: 408227 408506 408829 409105 409365 409655 409979 410255 449677 449952 450276 394403 395916 519166 519484 519807 520115 520417 395016 440142 440420  for test set: 1 31 35 
added new src cut with arcs: 410569 410848 411171 411447 411707 411997 412321 412597 450568 450843 451167 394403 395916 520705 521023 521346 521654 521956 395016 440142 440420  for test set: 1 31 36 
added new src cut with arcs: 412911 413190 413513 413789 414049 414339 414663 414939 451960 452235 452559 394403 395916 522244 522562 522885 523193 523495 395016 440142 440420  for test set: 3 22 28 
added new src cut with arcs: 415253 415532 415855 416131 416391 416681 417005 417281 452851 453126 453450 394403 395916 523783 524101 524424 524732 525034 395016 440142 440420  for test set: 3 22 31 
added new src cut with arcs: 453776 454061 454357 301989 525323 525582 525897 489398  for test set: 5 9 10 
added new src cut with arcs: 454681 454762 455045 455335 526016 526268 526424 526737 489398  for test set: 5 9 12 
added new src cut with arcs: 455658 455940 456229 301989 527024 527275 527587 489398  for test set: 5 9 15 
added new src cut with arcs: 456552 456834 457123 301989 527873 528124 528436 489398  for test set: 5 9 17 
added new src cut with arcs: 457446 457728 458017 301989 528722 528973 529285 489398  for test set: 5 9 33 
added new src cut with arcs: 458340 458622 458911 301989 529571 529822 530134 489398  for test set: 5 9 37 
added new src cut with arcs: 530215 530501 530752 530871 531183 301989  for test set: 5 9 38 
added new src cut with arcs: 459234 459516 459805 301989 531469 531720 532032 489398  for test set: 5 9 39 
added new src cut with arcs: 301989 302309 302627 302914 303234 460128 460410 460699 532318 532569 532881 489398  for test set: 5 10 30 
added new src cut with arcs: 461022 461304 461593 301989 532961 533247 533365 533677 489398  for test set: 5 10 38 
added new src cut with arcs: 461916 461958 462239 462528 533757 534008 534126 534438 489398  for test set: 5 12 30 
added new src cut with arcs: 305044 305361 305676 305960 306277 463785 464066 464355 301989 534724 534975 535287 489398  for test set: 5 15 30 
added new src cut with arcs: 464678 464959 465248 301989 535367 535653 535771 536083 489398  for test set: 5 15 38 
added new src cut with arcs: 308082 308399 308714 308998 309315 465571 465852 466141 301989 536369 536620 536932 489398  for test set: 5 17 30 
added new src cut with arcs: 466464 466745 467034 301989 537012 537298 537416 537728 489398  for test set: 5 17 38 
added new src cut with arcs: 311120 311437 311752 312036 312353 467357 467638 467927 301989 538014 538265 538577 489398  for test set: 5 30 33 
added new src cut with arcs: 312639 312956 313271 313555 313872 468250 468531 468820 301989 538863 539114 539426 489398  for test set: 5 30 37 
added new src cut with arcs: 539506 539792 540043 540161 540473 301989  for test set: 5 30 38 
added new src cut with arcs: 469143 469424 469713 301989 540759 541010 541322 489398  for test set: 5 30 39 
added new src cut with arcs: 470036 470317 470606 301989 541402 541688 541806 542118 489398  for test set: 5 33 38 
added new src cut with arcs: 470929 471210 471499 301989 542198 542484 542602 542914 489398  for test set: 5 37 38 
added new src cut with arcs: 471822 472103 472392 301989 542994 543280 543398 543710 489398  for test set: 5 38 39 
added new src cut with arcs: 472618 472942 394403 395916 543998 544316 544603 544926 442196  for test set: 6 8 28 
added new src cut with arcs: 473168 473492 394403 395916 545214 545532 545792 546115 442196  for test set: 6 8 31 
added new src cut with arcs: 475368 475692 394403 395916 546403 546721 546980 547303 442196  for test set: 7 8 28 
added new src cut with arcs: 475918 476242 394403 395916 547591 547909 548168 548491 442196  for test set: 7 8 31 
added new src cut with arcs: 478619 478943 394403 395916 548779 549097 549356 549679 442196  for test set: 8 23 28 
added new src cut with arcs: 479169 479493 394403 395916 549967 550285 550544 550867 442196  for test set: 8 23 31 
added new src cut with arcs: 479719 480043 394403 395916 551155 551473 551732 552055 442196  for test set: 8 24 28 
added new src cut with arcs: 480269 480593 394403 395916 552343 552661 552920 553243 442196  for test set: 8 24 31 
added new src cut with arcs: 480819 481143 394403 395916 553531 553849 554108 554431 442196  for test set: 8 26 28 
added new src cut with arcs: 481369 481693 394403 395916 554719 555037 555296 555619 442196  for test set: 8 26 31 
added new src cut with arcs: 481919 394403 395916 555907 556225 556484 556807 442196  for test set: 8 27 28 
added new src cut with arcs: 482145 394403 395916 557095 557413 557672 557995 442196  for test set: 8 27 31 
added new src cut with arcs: 558075 558361 558479 558791 301989 489398  for test set: 10 12 38 
added new src cut with arcs: 558871 559157 559275 559587 301989 489398  for test set: 12 15 38 
added new src cut with arcs: 559667 559953 560071 560383 301989 489398  for test set: 12 17 38 
added new src cut with arcs: 560463 560749 560867 561179 301989 489398  for test set: 12 33 38 
added new src cut with arcs: 561259 561545 561663 561975 301989 489398  for test set: 12 37 38 
added new src cut with arcs: 562055 562341 562459 562771 301989 489398  for test set: 12 38 39 
added new src cut with arcs: 419614 419893 420216 420492 420752 421042 421366 421642 499513 499788 500112 394403 395916 563059 563377 563700 564008 564310 395016 440142 440420  for test set: 20 22 28 
added new src cut with arcs: 421956 422235 422558 422834 423094 423384 423708 423984 500404 500679 501003 394403 395916 564598 564916 565239 565547 565849 395016 440142 440420  for test set: 20 22 31 
added new src cut with arcs: 426317 426596 426919 427195 427455 427745 428069 428345 503770 504045 504369 394403 395916 566137 566455 566778 567086 567388 395016 440142 440420  for test set: 22 28 35 
added new src cut with arcs: 428659 428938 429261 429537 429797 430087 430411 430687 504661 504936 505260 394403 395916 567676 567994 568317 568625 568927 395016 440142 440420  for test set: 22 28 36 
added new src cut with arcs: 431001 431280 431603 431879 432139 432429 432753 433029 505552 505827 506151 394403 395916 569215 569533 569856 570164 570466 395016 440142 440420  for test set: 22 31 35 
added new src cut with arcs: 433343 433622 433945 434221 434481 434771 435095 435371 506443 506718 507042 394403 395916 570754 571072 571395 571703 572005 395016 440142 440420  for test set: 22 31 36 
num src cuts added: 56
fixing. lower bound used: 456.496
strengthened cut 0 with 690 arcs
strengthened cut 1 with 399 arcs
strengthened cut 2 with 498 arcs
strengthened cut 3 with 377 arcs
strengthened cut 4 with 412 arcs
strengthened cut 5 with 291 arcs
strengthened cut 6 with 498 arcs
strengthened cut 7 with 512 arcs
strengthened cut 8 with 377 arcs
strengthened cut 9 with 391 arcs
strengthened cut 10 with 486 arcs
strengthened cut 11 with 742 arcs
strengthened cut 12 with 583 arcs
strengthened cut 13 with 755 arcs
strengthened cut 14 with 575 arcs
strengthened cut 15 with 464 arcs
strengthened cut 16 with 378 arcs
strengthened cut 17 with 462 arcs
strengthened cut 18 with 478 arcs
strengthened cut 19 with 720 arcs
strengthened cut 20 with 561 arcs
strengthened cut 21 with 563 arcs
strengthened cut 22 with 553 arcs
strengthened cut 23 with 636 arcs
strengthened cut 24 with 717 arcs
strengthened cut 25 with 734 arcs
strengthened cut 26 with 476 arcs
strengthened cut 27 with 567 arcs
strengthened cut 28 with 557 arcs
strengthened cut 29 with 558 arcs
strengthened cut 30 with 575 arcs
strengthened cut 31 with 563 arcs
strengthened cut 32 with 577 arcs
strengthened cut 33 with 553 arcs
strengthened cut 34 with 567 arcs
strengthened cut 35 with 450 arcs
strengthened cut 36 with 537 arcs
strengthened cut 37 with 547 arcs
strengthened cut 38 with 764 arcs
strengthened cut 39 with 539 arcs
strengthened cut 40 with 428 arcs
strengthened cut 41 with 342 arcs
strengthened cut 42 with 426 arcs
strengthened cut 43 with 442 arcs
strengthened cut 44 with 515 arcs
strengthened cut 45 with 525 arcs
strengthened cut 46 with 572 arcs
strengthened cut 47 with 517 arcs
strengthened cut 48 with 431 arcs
strengthened cut 49 with 512 arcs
strengthened cut 50 with 529 arcs
strengthened cut 51 with 440 arcs
strengthened cut 52 with 576 arcs
strengthened cut 53 with 521 arcs
strengthened cut 54 with 522 arcs
strengthened cut 55 with 539 arcs
strengthened cut 56 with 572 arcs
strengthened cut 57 with 586 arcs
strengthened cut 58 with 517 arcs
strengthened cut 59 with 531 arcs
strengthened cut 60 with 602 arcs
strengthened cut 61 with 577 arcs
strengthened cut 62 with 612 arcs
strengthened cut 63 with 587 arcs
strengthened cut 64 with 622 arcs
strengthened cut 65 with 612 arcs
strengthened cut 66 with 597 arcs
strengthened cut 67 with 587 arcs
strengthened cut 68 with 613 arcs
strengthened cut 69 with 588 arcs
strengthened cut 70 with 358 arcs
strengthened cut 71 with 623 arcs
strengthened cut 72 with 598 arcs
strengthened cut 73 with 367 arcs
strengthened cut 74 with 633 arcs
strengthened cut 75 with 623 arcs
strengthened cut 76 with 608 arcs
strengthened cut 77 with 598 arcs
strengthened cut 78 with 378 arcs
strengthened cut 79 with 368 arcs
strengthened cut 80 with 602 arcs
strengthened cut 81 with 577 arcs
strengthened cut 82 with 569 arcs
strengthened cut 83 with 525 arcs
strengthened cut 84 with 612 arcs
strengthened cut 85 with 587 arcs
strengthened cut 86 with 535 arcs
strengthened cut 87 with 515 arcs
strengthened cut 88 with 525 arcs
strengthened cut 89 with 622 arcs
strengthened cut 90 with 612 arcs
strengthened cut 91 with 597 arcs
strengthened cut 92 with 587 arcs
strengthened cut 93 with 136 arcs
strengthened cut 94 with 613 arcs
strengthened cut 95 with 588 arcs
strengthened cut 96 with 509 arcs
strengthened cut 97 with 440 arcs
strengthened cut 98 with 487 arcs
strengthened cut 99 with 401 arcs
strengthened cut 100 with 487 arcs
strengthened cut 101 with 501 arcs
strengthened cut 102 with 427 arcs
strengthened cut 103 with 690 arcs
strengthened cut 104 with 813 arcs
strengthened cut 105 with 391 arcs
strengthened cut 106 with 744 arcs
strengthened cut 107 with 498 arcs
strengthened cut 108 with 791 arcs
strengthened cut 109 with 412 arcs
strengthened cut 110 with 705 arcs
strengthened cut 111 with 498 arcs
strengthened cut 112 with 512 arcs
strengthened cut 113 with 378 arcs
strengthened cut 114 with 791 arcs
strengthened cut 115 with 805 arcs
strengthened cut 116 with 731 arcs
strengthened cut 117 with 208 arcs
strengthened cut 118 with 208 arcs
strengthened cut 119 with 381 arcs
strengthened cut 120 with 260 arcs
strengthened cut 121 with 331 arcs
strengthened cut 122 with 331 arcs
strengthened cut 123 with 336 arcs
strengthened cut 124 with 215 arcs
strengthened cut 125 with 145 arcs
strengthened cut 126 with 341 arcs
strengthened cut 127 with 341 arcs
strengthened cut 128 with 322 arcs
strengthened cut 129 with 321 arcs
strengthened cut 130 with 672 arcs
strengthened cut 131 with 671 arcs
strengthened cut 132 with 209 arcs
strengthened cut 133 with 209 arcs
strengthened cut 134 with 156 arcs
strengthened cut 135 with 146 arcs
strengthened cut 136 with 486 arcs
strengthened cut 137 with 464 arcs
strengthened cut 138 with 378 arcs
strengthened cut 139 with 462 arcs
strengthened cut 140 with 478 arcs
strengthened cut 141 with 403 arcs
strengthened cut 142 with 663 arcs
strengthened cut 143 with 450 arcs
strengthened cut 144 with 471 arcs
strengthened cut 145 with 428 arcs
strengthened cut 146 with 385 arcs
strengthened cut 147 with 342 arcs
strengthened cut 148 with 469 arcs
strengthened cut 149 with 485 arcs
strengthened cut 150 with 352 arcs
strengthened cut 151 with 426 arcs
strengthened cut 152 with 442 arcs
strengthened cut 153 with 367 arcs
strengthened cut 154 with 623 arcs
strengthened cut 155 with 598 arcs
strengthened cut 156 with 347 arcs
strengthened cut 157 with 327 arcs
strengthened cut 158 with 337 arcs
strengthened cut 159 with 633 arcs
strengthened cut 160 with 623 arcs
strengthened cut 161 with 608 arcs
strengthened cut 162 with 598 arcs
strengthened cut 163 with 225 arcs
strengthened cut 164 with 205 arcs
strengthened cut 165 with 215 arcs
strengthened cut 166 with 602 arcs
strengthened cut 167 with 577 arcs
strengthened cut 168 with 612 arcs
strengthened cut 169 with 587 arcs
strengthened cut 170 with 622 arcs
strengthened cut 171 with 612 arcs
strengthened cut 172 with 597 arcs
strengthened cut 173 with 587 arcs
strengthened cut 174 with 613 arcs
strengthened cut 175 with 588 arcs
strengthened cut 176 with 509 arcs
strengthened cut 177 with 440 arcs
strengthened cut 178 with 487 arcs
strengthened cut 179 with 401 arcs
strengthened cut 180 with 487 arcs
strengthened cut 181 with 501 arcs
strengthened cut 182 with 988 arcs
strengthened cut 183 with 427 arcs
strengthened cut 184 with 690 arcs
strengthened cut 185 with 813 arcs
strengthened cut 186 with 391 arcs
strengthened cut 187 with 498 arcs
strengthened cut 188 with 791 arcs
strengthened cut 189 with 412 arcs
strengthened cut 190 with 705 arcs
strengthened cut 191 with 498 arcs
strengthened cut 192 with 512 arcs
strengthened cut 193 with 769 arcs
strengthened cut 194 with 378 arcs
strengthened cut 195 with 791 arcs
strengthened cut 196 with 805 arcs
strengthened cut 197 with 731 arcs
strengthened cut 198 with 208 arcs
strengthened cut 199 with 208 arcs
strengthened cut 200 with 331 arcs
strengthened cut 201 with 331 arcs
strengthened cut 202 with 341 arcs
strengthened cut 203 with 341 arcs
strengthened cut 204 with 322 arcs
strengthened cut 205 with 321 arcs
strengthened cut 206 with 672 arcs
strengthened cut 207 with 671 arcs
strengthened cut 208 with 209 arcs
strengthened cut 209 with 209 arcs
strengthened cut 210 with 458 arcs
strengthened cut 211 with 436 arcs
strengthened cut 212 with 350 arcs
strengthened cut 213 with 436 arcs
strengthened cut 214 with 450 arcs
strengthened cut 215 with 376 arcs
strengthened cut 216 with 623 arcs
strengthened cut 217 with 598 arcs
strengthened cut 218 with 633 arcs
strengthened cut 219 with 623 arcs
strengthened cut 220 with 608 arcs
strengthened cut 221 with 598 arcs
num vars: 315607
DUALS: -0,27.6124,38.2875,39.6957,32.9251,28.7473,22.7473,43.9163,37.8058,36.32,39.2294,24.7473,16.7473,44.4748,32.6862,36.3815,37.5684,30.7473,30.7473,44.781,40.8215,39.0505,38.0478,36.573,42.294,37.0585,39.6196,16.1177,39.5864,34.7496,36.8739,43.6196,20.7473,44.1422,39.0516,47.6814,44.9845,29.6533,31.6567,43.2943,
fixed path dual: -0.747324
cap dual [4]: -1.21598
cap dual [11]: -0.113914
cap dual [23]: -1.29664
cap dual [24]: -0.811162
cap dual [35]: -1.98394
cap dual [37]: -6
cap dual [46]: -0.777141
cap dual [51]: -1.93884
cap dual [54]: -2.51453
cap dual [55]: -0.246942
cap dual [61]: -2.52714
cap dual [64]: -2.35092
cap dual [66]: -3.31116
cap dual [68]: -0.159021
cap dual [76]: -0.120795
cap dual [81]: -0.849771
cap dual [84]: -0.747324
cap dual [88]: -5.23012
cap dual [91]: -0.714067
cap dual [92]: -0.394878
src dual [166]: -0.0332569
src dual [190]: -7.10543e-15
lp dual value: 456.543
STATS - lpIterations[6] lagIterations[26] sspIterations[130] numSeparations[58] numCuts[315] compileTime[4] sspSolveTime[71] lpSolveTime[2367] lb[456.543] ub[458] numArcs: [571297] numFixed: [256053] time: [3483]
no rcc cuts found
added new src cut with arcs: 394120 394403 394737 395016 395280 395573 395916 396195 440142 440420 440767 509882 510212 510554 510873 511178 572544 572862 573207 573486 573747  for test set: 1 3 28 
added new src cut with arcs: 396510 396790 397114 397391 397652 397943 398268 398545 441060 441336 441661 394403 395916 511467 511786 512110 512419 512722 395016 440142 440420 574088 574395 574718 574995 575254 394737  for test set: 1 3 31 
added new src cut with arcs: 398859 399138 399461 399737 399997 400287 400611 400887 443638 443913 444237 394403 395916 513010 513328 513651 513959 514261 395016 440142 440420 575594 575900 576223 576499 576757 394737  for test set: 1 20 28 
added new src cut with arcs: 401201 401480 401803 402079 402339 402629 402953 403229 444529 444804 445128 394403 395916 514549 514867 515190 515498 515800 395016 440142 440420 577097 577403 577726 578002 578260 394737  for test set: 1 20 31 
added new src cut with arcs: 403543 403822 404145 404421 404681 404971 405295 405571 447895 448170 448494 394403 395916 516088 516406 516729 517037 517339 395016 440142 440420 578600 578906 579229 579505 579763 394737  for test set: 1 28 35 
added new src cut with arcs: 405885 406164 406487 406763 407023 407313 407637 407913 448786 449061 449385 394403 395916 517627 517945 518268 518576 518878 395016 440142 440420 580103 580409 580732 581008 581266 394737  for test set: 1 28 36 
added new src cut with arcs: 408227 408506 408829 409105 409365 409655 409979 410255 449677 449952 450276 394403 395916 519166 519484 519807 520115 520417 395016 440142 440420 581606 581912 582235 582511 582769 394737  for test set: 1 31 35 
added new src cut with arcs: 410569 410848 411171 411447 411707 411997 412321 412597 450568 450843 451167 394403 395916 520705 521023 521346 521654 521956 395016 440142 440420 583109 583415 583738 584014 584272 394737  for test set: 1 31 36 
added new src cut with arcs: 584612 584924 585189 585465 585723 394403 394737 440142  for test set: 2 3 29 
added new src cut with arcs: 586063 586371 586629 586905 587163 394403 394737 440142  for test set: 2 20 29 
added new src cut with arcs: 587503 587811 588068 588344 588602 394403 394737 440142  for test set: 2 29 35 
added new src cut with arcs: 588942 589250 589507 589783 590041 394403 394737 440142  for test set: 2 29 36 
added new src cut with arcs: 412911 413190 413513 413789 414049 414339 414663 414939 451960 452235 452559 394403 395916 522244 522562 522885 523193 523495 395016 440142 440420 590381 590687 591010 591318 591594 591852 394737  for test set: 3 22 28 
added new src cut with arcs: 415253 415532 415855 416131 416391 416681 417005 417281 452851 453126 453450 394403 395916 523783 524101 524424 524732 525034 395016 440142 440420 592192 592498 592821 593129 593405 593663 394737  for test set: 3 22 31 
added new src cut with arcs: 594003 594311 594568 594844 595102 394403 394737  for test set: 3 29 32 
added new src cut with arcs: 453776 454061 454357 301989 525323 525582 525897 489398 595420 595695 595993 596295 596552 484040  for test set: 5 9 10 
added new src cut with arcs: 454681 454762 455045 455335 526016 526268 526424 526737 489398 596844 597000 597081 597370 597627 453776 484040  for test set: 5 9 12 
added new src cut with arcs: 455658 455940 456229 301989 527024 527275 527587 489398 597943 598234 598523 598780 453776 484040  for test set: 5 9 15 
added new src cut with arcs: 456552 456834 457123 301989 527873 528124 528436 489398 599095 599386 599675 599932 453776 484040  for test set: 5 9 17 
added new src cut with arcs: 457446 457728 458017 301989 528722 528973 529285 489398 600247 600538 600827 601084 453776 484040  for test set: 5 9 33 
added new src cut with arcs: 458340 458622 458911 301989 529571 529822 530134 489398 601399 601690 601979 602236 453776 484040  for test set: 5 9 37 
added new src cut with arcs: 530215 530501 530752 530871 531183 301989 602551 602669 602958 603215 453776 526424  for test set: 5 9 38 
added new src cut with arcs: 459234 459516 459805 301989 531469 531720 532032 489398 603530 603789 604080 604369 604626 453776 484040  for test set: 5 9 39 
added new src cut with arcs: 301989 302309 302627 302914 303234 460128 460410 460699 532318 532569 532881 489398 604941 605199 605490 605779 606036 453776 484040  for test set: 5 10 30 
added new src cut with arcs: 461022 461304 461593 301989 532961 533247 533365 533677 489398 606351 606609 606900 607017 607306 453776 484040 526424  for test set: 5 10 38 
added new src cut with arcs: 461916 461958 462239 462528 533757 534008 534126 534438 489398 607564 607855 607972 608014 608302 608559 453776 484040 526424  for test set: 5 12 30 
added new src cut with arcs: 305044 305361 305676 305960 306277 463785 464066 464355 301989 534724 534975 535287 489398 608874 609132 609423 609711 609968 453776 484040  for test set: 5 15 30 
added new src cut with arcs: 464678 464959 465248 301989 535367 535653 535771 536083 489398 610283 610574 610690 610978 453776 484040 526424  for test set: 5 15 38 
added new src cut with arcs: 308082 308399 308714 308998 309315 465571 465852 466141 301989 536369 536620 536932 489398 611293 611551 611842 612130 612387 453776 484040  for test set: 5 17 30 
added new src cut with arcs: 466464 466745 467034 301989 537012 537298 537416 537728 489398 612702 612993 613109 613397 453776 484040 526424  for test set: 5 17 38 
added new src cut with arcs: 311120 311437 311752 312036 312353 467357 467638 467927 301989 538014 538265 538577 489398 613712 613970 614261 614549 614806 453776 484040  for test set: 5 30 33 
added new src cut with arcs: 312639 312956 313271 313555 313872 468250 468531 468820 301989 538863 539114 539426 489398 615121 615379 615670 615958 616215 453776 484040  for test set: 5 30 37 
added new src cut with arcs: 539506 539792 540043 540161 540473 301989 616530 616788 616904 617192 617449 453776 526424  for test set: 5 30 38 
added new src cut with arcs: 469143 469424 469713 301989 540759 541010 541322 489398 617764 618022 618313 618601 618858 453776 484040  for test set: 5 30 39 
added new src cut with arcs: 470036 470317 470606 301989 541402 541688 541806 542118 489398 619173 619464 619580 619868 453776 484040 526424  for test set: 5 33 38 
added new src cut with arcs: 470929 471210 471499 301989 542198 542484 542602 542914 489398 620183 620474 620590 620878 453776 484040 526424  for test set: 5 37 38 
added new src cut with arcs: 471822 472103 472392 301989 542994 543280 543398 543710 489398 621193 621451 621742 621858 622146 453776 484040 526424  for test set: 5 38 39 
added new src cut with arcs: 472618 472942 394403 395916 543998 544316 544603 544926 442196 622406 622712 623035 623322  for test set: 6 8 28 
added new src cut with arcs: 473168 473492 394403 395916 545214 545532 545792 546115 442196 623549 623854 624177 624437  for test set: 6 8 31 
added new src cut with arcs: 475368 475692 394403 395916 546403 546721 546980 547303 442196 624663 624968 625291 625550 625805  for test set: 7 8 28 
added new src cut with arcs: 475918 476242 394403 395916 547591 547909 548168 548491 442196 626031 626336 626659 626918 627171  for test set: 7 8 31 
added new src cut with arcs: 478619 478943 394403 395916 548779 549097 549356 549679 442196 627397 627702 628025 628284 628536  for test set: 8 23 28 
added new src cut with arcs: 479169 479493 394403 395916 549967 550285 550544 550867 442196 628762 629067 629390 629649 629901  for test set: 8 23 31 
added new src cut with arcs: 479719 480043 394403 395916 551155 551473 551732 552055 442196 630127 630432 630755 631014 631266  for test set: 8 24 28 
added new src cut with arcs: 480269 480593 394403 395916 552343 552661 552920 553243 442196 631492 631797 632120 632379 632631  for test set: 8 24 31 
added new src cut with arcs: 480819 481143 394403 395916 553531 553849 554108 554431 442196 632857 633162 633485 633744 633996  for test set: 8 26 28 
added new src cut with arcs: 481369 481693 394403 395916 554719 555037 555296 555619 442196 634222 634527 634850 635109 635361  for test set: 8 26 31 
added new src cut with arcs: 558075 558361 558479 558791 301989 489398 635676 635967 636083 636371 453776 484040 526424  for test set: 10 12 38 
added new src cut with arcs: 558871 559157 559275 559587 301989 489398 636686 636977 637093 637381 453776 484040 526424  for test set: 12 15 38 
added new src cut with arcs: 559667 559953 560071 560383 301989 489398 637696 637987 638103 638391 453776 484040 526424  for test set: 12 17 38 
added new src cut with arcs: 560463 560749 560867 561179 301989 489398 638706 638997 639113 639401 453776 484040 526424  for test set: 12 33 38 
added new src cut with arcs: 561259 561545 561663 561975 301989 489398 639716 640007 640123 640411 453776 484040 526424  for test set: 12 37 38 
added new src cut with arcs: 562055 562341 562459 562771 301989 489398 640726 641017 641133 641421 453776 484040 526424  for test set: 12 38 39 
added new src cut with arcs: 419614 419893 420216 420492 420752 421042 421366 421642 499513 499788 500112 394403 395916 563059 563377 563700 564008 564310 395016 440142 440420 641761 642066 642389 642697 642973 643231 394737  for test set: 20 22 28 
added new src cut with arcs: 421956 422235 422558 422834 423094 423384 423708 423984 500404 500679 501003 394403 395916 564598 564916 565239 565547 565849 395016 440142 440420 643571 643876 644199 644507 644783 645041 394737  for test set: 20 22 31 
added new src cut with arcs: 645381 645689 645946 646222 646480 394403 394737  for test set: 20 29 32 
added new src cut with arcs: 426317 426596 426919 427195 427455 427745 428069 428345 503770 504045 504369 394403 395916 566137 566455 566778 567086 567388 395016 440142 440420 646820 647125 647448 647756 648032 648290 394737  for test set: 22 28 35 
added new src cut with arcs: 428659 428938 429261 429537 429797 430087 430411 430687 504661 504936 505260 394403 395916 567676 567994 568317 568625 568927 395016 440142 440420 648630 648935 649258 649566 649842 650100 394737  for test set: 22 28 36 
added new src cut with arcs: 431001 431280 431603 431879 432139 432429 432753 433029 505552 505827 506151 394403 395916 569215 569533 569856 570164 570466 395016 440142 440420 650440 650745 651068 651376 651652 651910 394737  for test set: 22 31 35 
added new src cut with arcs: 433343 433622 433945 434221 434481 434771 435095 435371 506443 506718 507042 394403 395916 570754 571072 571395 571703 572005 395016 440142 440420 652250 652555 652878 653186 653462 653720 394737  for test set: 22 31 36 
added new src cut with arcs: 654060 654368 654625 654901 655159 394403 394737  for test set: 29 32 35 
added new src cut with arcs: 655499 655807 656064 656340 656598 394403 394737  for test set: 29 32 36 
num src cuts added: 62
fixing. lower bound used: 456.45
strengthened cut 0 with 807 arcs
strengthened cut 1 with 516 arcs
strengthened cut 2 with 615 arcs
strengthened cut 3 with 494 arcs
strengthened cut 4 with 529 arcs
strengthened cut 5 with 408 arcs
strengthened cut 6 with 615 arcs
strengthened cut 7 with 629 arcs
strengthened cut 8 with 494 arcs
strengthened cut 9 with 508 arcs
strengthened cut 10 with 564 arcs
strengthened cut 11 with 790 arcs
strengthened cut 12 with 633 arcs
strengthened cut 13 with 804 arcs
strengthened cut 14 with 624 arcs
strengthened cut 15 with 541 arcs
strengthened cut 16 with 455 arcs
strengthened cut 17 with 539 arcs
strengthened cut 18 with 555 arcs
strengthened cut 19 with 767 arcs
strengthened cut 20 with 610 arcs
strengthened cut 21 with 611 arcs
strengthened cut 22 with 601 arcs
strengthened cut 23 with 683 arcs
strengthened cut 24 with 764 arcs
strengthened cut 25 with 781 arcs
