relax capacity constraint
num locations: 101
instance upper bound: 827.3
route length upper bound: 15
DD random seed:807015010
generate initial heuristic routes
initial primalRoute: 0 5 3 7 8 10 11 9 6 4 12 2 1 0 
initial primalRoute: 0 13 17 18 19 15 16 14 23 21 0 
initial primalRoute: 0 20 24 25 27 29 30 28 26 52 22 34 31 0 
initial primalRoute: 0 32 33 35 38 37 36 50 48 49 47 0 
initial primalRoute: 0 43 42 41 40 44 46 39 51 66 69 59 0 
initial primalRoute: 0 57 55 54 53 56 45 64 68 72 75 0 
initial primalRoute: 0 67 65 63 62 74 58 60 80 0 
initial primalRoute: 0 81 78 76 71 70 61 79 82 83 85 91 0 
initial primalRoute: 0 90 87 86 98 73 77 88 89 94 95 96 0 
initial primalRoute: 0 92 84 97 100 99 0 
initial primalRoute: 0 93 0 
added route to primal routes: 0,5,3,7,8,10,11,9,6,4,12,2,1,0,
random seed: 1029612604
added route to primal routes: 0,13,17,18,19,15,16,14,23,21,0,
random seed: 1092219321
added route to primal routes: 0,20,24,25,27,29,30,28,26,52,22,34,31,0,
random seed: 1124829342
added route to primal routes: 0,32,33,35,38,37,36,50,48,49,47,0,
random seed: 1185691928
added maximal sequence to primal routes: 0,32,33,35,29,38,37,36,50,48,49,47,0,
added route to primal routes: 0,43,42,41,40,44,46,39,51,66,69,59,0,
random seed: 1236654365
added route to primal routes: 0,57,55,54,53,56,45,64,68,72,75,0,
random seed: 1285410516
added route to primal routes: 0,67,65,63,62,74,58,60,80,0,
random seed: 1325388731
added route to primal routes: 0,81,78,76,71,70,61,79,82,83,85,91,0,
random seed: 1350953250
added route to primal routes: 0,90,87,86,98,73,77,88,89,94,95,96,0,
random seed: 1400303618
added route to primal routes: 0,92,84,97,100,99,0,
random seed: 1449621310
added maximal sequence to primal routes: 0,83,18,92,84,97,100,99,94,59,0,
added route to primal routes: 0,93,0,
random seed: 1485530810
added maximal sequence to primal routes: 0,32,82,29,93,95,100,66,69,48,0,
improved ub initial primal heuristic: 1596.1
STATS - lpIterations[0] lagIterations[0] sspIterations[0] numSeparations[0] numCuts[0] compileTime[0] sspSolveTime[0] lpSolveTime[0] lb[0] ub[1596.1] numArcs: [0] numFixed: [0] time: [0]
STATS1 - lpIterations[0] lagIterations[0] sspIterations[0] numSeparations[0] numCuts[0] compileTime[0] sspSolveTime[0] lpSolveTime[0] repairTime[0] cutsTime[0] alphaTime[0] decompTime[0] yellowTime[0] updateTime[0] fixTime[0] lb[0] ub[1596.1] numArcs: [0] numFixed: [0] time: [0]
DD random seed:1534087891
running reduced cost neighborhood dd
reduced cost neighborhood dd compilation
num nodes: 60314
running reduced cost neighborhood search mip
num vars: 5479
obj from reduced cost neighborhood search: 4509.2
[loc arcIndex] route: 3 2 5 1143 7 8140 6 20342 4 28195 1 36488 2 43007 98 47865 0 65319 
[loc arcIndex] route: 5 4 3 680 7 7579 8 18071 10 28232 11 37684 9 44644 6 50386 4 54015 75 57912 1 61827 96 63554 0 66169 
[loc arcIndex] route: 12 11 0 63998 
[loc arcIndex] route: 13 12 0 63999 
[loc arcIndex] route: 14 13 0 64000 
[loc arcIndex] route: 15 14 0 64001 
[loc arcIndex] route: 16 15 0 64002 
[loc arcIndex] route: 17 16 0 64003 
[loc arcIndex] route: 18 17 0 64004 
[loc arcIndex] route: 19 18 0 64005 
[loc arcIndex] route: 20 19 24 121 25 6720 27 16978 28 26387 26 34418 23 41262 22 46963 52 51978 50 60762 48 63236 0 66072 
[loc arcIndex] route: 21 20 25 213 27 7040 29 17367 30 27837 0 64779 
[loc arcIndex] route: 31 30 0 64017 
[loc arcIndex] route: 32 31 0 64018 
[loc arcIndex] route: 33 32 0 64019 
[loc arcIndex] route: 34 33 0 64020 
[loc arcIndex] route: 35 34 0 64021 
[loc arcIndex] route: 36 35 0 64022 
[loc arcIndex] route: 37 36 0 64023 
[loc arcIndex] route: 38 37 0 64024 
[loc arcIndex] route: 39 38 0 64025 
[loc arcIndex] route: 41 40 40 1846 0 64267 
[loc arcIndex] route: 43 42 42 1328 44 10032 0 64471 
[loc arcIndex] route: 46 45 45 2433 0 64283 
[loc arcIndex] route: 49 48 47 2138 0 64277 
[loc arcIndex] route: 51 50 0 64037 
[loc arcIndex] route: 53 52 0 64039 
[loc arcIndex] route: 54 53 0 64040 
[loc arcIndex] route: 55 54 0 64041 
[loc arcIndex] route: 56 55 0 64042 
[loc arcIndex] route: 57 56 0 64043 
[loc arcIndex] route: 58 57 0 64044 
[loc arcIndex] route: 59 58 0 64045 
[loc arcIndex] route: 60 59 0 64046 
[loc arcIndex] route: 67 66 65 484 63 6668 62 16853 74 26722 72 35275 61 43870 64 49085 68 52773 66 57190 69 61546 0 65909 
[loc arcIndex] route: 70 69 0 64056 
[loc arcIndex] route: 71 70 0 64057 
[loc arcIndex] route: 73 72 0 64059 
[loc arcIndex] route: 76 75 0 64062 
[loc arcIndex] route: 77 76 0 64063 
[loc arcIndex] route: 78 77 0 64064 
[loc arcIndex] route: 79 78 0 64065 
[loc arcIndex] route: 80 79 0 64066 
[loc arcIndex] route: 81 80 0 64067 
[loc arcIndex] route: 82 81 0 64068 
[loc arcIndex] route: 83 82 0 64069 
[loc arcIndex] route: 84 83 0 64070 
[loc arcIndex] route: 85 84 0 64071 
[loc arcIndex] route: 86 85 0 64072 
[loc arcIndex] route: 87 86 0 64073 
[loc arcIndex] route: 88 87 0 64074 
[loc arcIndex] route: 89 88 0 64075 
[loc arcIndex] route: 90 89 0 64076 
[loc arcIndex] route: 91 90 0 64077 
[loc arcIndex] route: 92 91 0 64078 
[loc arcIndex] route: 93 92 0 64079 
[loc arcIndex] route: 94 93 0 64080 
[loc arcIndex] route: 95 94 0 64081 
[loc arcIndex] route: 97 96 0 64083 
[loc arcIndex] route: 99 98 0 64085 
[loc arcIndex] route: 100 99 0 64086 
done decomposing
updated increasing parameter: 2
DD random seed:2680979776
running reduced cost neighborhood dd
reduced cost neighborhood dd compilation
num nodes: 102487
running reduced cost neighborhood search mip
num vars: 11790
obj from reduced cost neighborhood search: 4078.9
[loc arcIndex] route: 3 2 5 1143 7 8140 8 29127 9 49708 6 60886 4 73245 1 83553 75 92324 91 100030 0 115158 
[loc arcIndex] route: 5 4 3 680 7 7579 8 26855 10 45564 11 62890 9 76005 6 86679 4 94346 2 101349 98 106594 96 111026 0 116172 
[loc arcIndex] route: 12 11 0 111831 
[loc arcIndex] route: 13 12 0 111832 
[loc arcIndex] route: 14 13 0 111833 
[loc arcIndex] route: 15 14 0 111834 
[loc arcIndex] route: 16 15 0 111835 
[loc arcIndex] route: 17 16 0 111836 
[loc arcIndex] route: 18 17 0 111837 
[loc arcIndex] route: 19 18 0 111838 
[loc arcIndex] route: 20 19 24 121 25 6720 27 25762 29 43720 30 59957 28 73819 26 84090 23 92383 22 100070 21 105857 0 115540 
[loc arcIndex] route: 32 31 0 111851 
[loc arcIndex] route: 33 32 0 111852 
[loc arcIndex] route: 34 33 0 111853 
[loc arcIndex] route: 35 34 0 111854 
[loc arcIndex] route: 36 35 0 111855 
[loc arcIndex] route: 37 36 0 111856 
[loc arcIndex] route: 38 37 0 111857 
[loc arcIndex] route: 39 38 0 111858 
[loc arcIndex] route: 43 42 42 1328 41 10031 40 32527 44 50702 46 66928 45 79058 48 86039 51 92895 50 100387 52 105950 31 109859 0 115935 
[loc arcIndex] route: 49 48 47 2138 0 112214 
[loc arcIndex] route: 53 52 0 111872 
[loc arcIndex] route: 54 53 0 111873 
[loc arcIndex] route: 55 54 0 111874 
[loc arcIndex] route: 56 55 0 111875 
[loc arcIndex] route: 57 56 0 111876 
[loc arcIndex] route: 58 57 0 111877 
[loc arcIndex] route: 60 59 0 111879 
[loc arcIndex] route: 66 65 69 1398 0 112115 
[loc arcIndex] route: 67 66 65 484 63 6668 62 25637 74 44054 72 60481 61 75231 64 85129 68 92844 59 100335 0 115210 
[loc arcIndex] route: 70 69 0 111889 
[loc arcIndex] route: 71 70 0 111890 
[loc arcIndex] route: 73 72 0 111892 
[loc arcIndex] route: 76 75 0 111895 
[loc arcIndex] route: 77 76 0 111896 
[loc arcIndex] route: 78 77 0 111897 
[loc arcIndex] route: 79 78 0 111898 
[loc arcIndex] route: 80 79 0 111899 
[loc arcIndex] route: 81 80 0 111900 
[loc arcIndex] route: 82 81 0 111901 
[loc arcIndex] route: 83 82 0 111902 
[loc arcIndex] route: 84 83 0 111903 
[loc arcIndex] route: 87 86 86 3332 0 112316 
[loc arcIndex] route: 88 87 85 3451 0 112318 
[loc arcIndex] route: 90 89 89 2572 0 112256 
[loc arcIndex] route: 92 91 0 111911 
[loc arcIndex] route: 93 92 0 111912 
[loc arcIndex] route: 94 93 0 111913 
[loc arcIndex] route: 95 94 0 111914 
[loc arcIndex] route: 97 96 0 111916 
[loc arcIndex] route: 99 98 0 111918 
[loc arcIndex] route: 100 99 0 111919 
done decomposing
updated increasing parameter: 3
DD random seed:1043460796
running reduced cost neighborhood dd
reduced cost neighborhood dd compilation
num nodes: 184318
running reduced cost neighborhood search mip
num vars: 24776
obj from reduced cost neighborhood search: 3552.6
[loc arcIndex] route: 5 4 3 680 7 7579 8 47110 11 81503 9 113939 6 140875 4 159613 2 174409 1 187756 91 195329 0 212475 
[loc arcIndex] route: 10 9 12 1239 0 205511 
[loc arcIndex] route: 13 12 15 3557 0 205892 
[loc arcIndex] route: 14 13 0 205027 
[loc arcIndex] route: 16 15 0 205029 
[loc arcIndex] route: 17 16 18 4036 0 205910 
[loc arcIndex] route: 19 18 0 205032 
[loc arcIndex] route: 20 19 24 121 25 6720 27 46017 29 79658 30 110950 28 136919 26 156553 23 172329 22 185371 21 194745 0 212335 
[loc arcIndex] route: 32 31 33 3792 0 205904 
[loc arcIndex] route: 34 33 36 3881 0 205907 
[loc arcIndex] route: 35 34 0 205048 
[loc arcIndex] route: 37 36 0 205050 
[loc arcIndex] route: 38 37 0 205051 
[loc arcIndex] route: 39 38 0 205052 
[loc arcIndex] route: 43 42 42 1328 41 10031 40 52782 44 86640 46 117921 45 142182 48 158509 51 172841 50 185688 52 194838 31 201406 0 213131 
[loc arcIndex] route: 49 48 47 2138 0 205709 
[loc arcIndex] route: 53 52 0 205066 
[loc arcIndex] route: 54 53 0 205067 
[loc arcIndex] route: 56 55 0 205069 
[loc arcIndex] route: 57 56 55 4427 0 205911 
[loc arcIndex] route: 58 57 0 205071 
[loc arcIndex] route: 60 59 0 205073 
[loc arcIndex] route: 66 65 69 1398 0 205557 
[loc arcIndex] route: 67 66 65 484 63 6668 62 45892 74 79992 72 111474 61 138331 64 157592 68 172790 59 185636 0 211620 
[loc arcIndex] route: 70 69 0 205083 
[loc arcIndex] route: 71 70 0 205084 
[loc arcIndex] route: 73 72 0 205086 
[loc arcIndex] route: 75 74 100 1139 0 205481 
[loc arcIndex] route: 76 75 0 205089 
[loc arcIndex] route: 77 76 0 205090 
[loc arcIndex] route: 78 77 0 205091 
[loc arcIndex] route: 79 78 0 205092 
[loc arcIndex] route: 80 79 0 205093 
[loc arcIndex] route: 81 80 0 205094 
[loc arcIndex] route: 83 82 82 4004 0 205908 
[loc arcIndex] route: 85 84 84 3529 0 205886 
[loc arcIndex] route: 88 87 89 3452 0 205883 
[loc arcIndex] route: 90 89 87 2570 86 18459 0 206709 
[loc arcIndex] route: 92 91 0 205105 
[loc arcIndex] route: 93 92 0 205106 
[loc arcIndex] route: 94 93 0 205107 
[loc arcIndex] route: 96 95 95 4878 0 205913 
[loc arcIndex] route: 97 96 0 205110 
[loc arcIndex] route: 98 97 99 3762 0 205902 
done decomposing
updated increasing parameter: 4
DD random seed:970639494
running reduced cost neighborhood dd
reduced cost neighborhood dd compilation
num nodes: 340053
running reduced cost neighborhood search mip
num vars: 50092
obj from reduced cost neighborhood search: 2800.7
[loc arcIndex] route: 5 4 3 680 7 7579 8 88311 10 151960 11 211883 9 259418 6 296485 4 325147 2 347427 96 363555 95 382437 0 400356 
[loc arcIndex] route: 13 12 17 3559 0 384210 
[loc arcIndex] route: 14 13 12 5221 0 384335 
[loc arcIndex] route: 15 14 16 4562 0 384298 
[loc arcIndex] route: 18 17 19 4622 0 384300 
[loc arcIndex] route: 20 19 24 121 25 6720 27 87218 29 150116 30 208950 28 257232 26 293846 23 323169 22 346148 21 362812 34 375904 0 398768 
[loc arcIndex] route: 31 30 35 4128 0 384263 
[loc arcIndex] route: 32 31 33 3792 0 384232 
[loc arcIndex] route: 37 36 38 5286 0 384339 
[loc arcIndex] route: 39 38 36 5473 0 384347 
[loc arcIndex] route: 43 42 42 1328 41 10031 40 93983 44 157098 46 215921 45 262495 48 295802 51 323681 50 346465 52 362905 49 375944 47 382662 0 400363 
[loc arcIndex] route: 54 53 53 5377 0 384341 
[loc arcIndex] route: 56 55 58 5744 0 384361 
[loc arcIndex] route: 57 56 55 4427 0 384285 
[loc arcIndex] route: 59 58 60 4516 0 384295 
[loc arcIndex] route: 67 66 65 484 63 6668 62 87093 74 150450 72 209474 61 258644 64 294885 68 323630 66 346414 69 363484 0 397376 
[loc arcIndex] route: 70 69 0 382732 
[loc arcIndex] route: 71 70 0 382733 
[loc arcIndex] route: 73 72 0 382735 
[loc arcIndex] route: 75 74 3 1052 7 9869 8 93887 9 160771 6 217025 4 262741 1 297254 2 325489 98 346965 0 395813 
[loc arcIndex] route: 76 75 0 382738 
[loc arcIndex] route: 77 76 0 382739 
[loc arcIndex] route: 78 77 0 382740 
[loc arcIndex] route: 79 78 0 382741 
[loc arcIndex] route: 80 79 0 382742 
[loc arcIndex] route: 81 80 0 382743 
[loc arcIndex] route: 83 82 82 4004 0 384247 
[loc arcIndex] route: 85 84 84 3529 0 384198 
[loc arcIndex] route: 90 89 87 2570 86 18459 0 385688 
[loc arcIndex] route: 91 90 88 3015 89 21451 0 385882 
[loc arcIndex] route: 92 91 93 5868 0 384362 
[loc arcIndex] route: 94 93 97 5578 0 384353 
[loc arcIndex] route: 100 99 99 5148 0 384332 
done decomposing
updated increasing parameter: 5
DD random seed:1237222455
running reduced cost neighborhood dd
reduced cost neighborhood dd compilation
num nodes: 631265
running reduced cost neighborhood search mip
num vars: 99239
obj from reduced cost neighborhood search: 2232.9
[loc arcIndex] route: 5 4 3 680 7 7579 8 165449 9 290569 6 399740 1 490059 2 559973 98 612387 95 681997 96 699640 0 748262 
[loc arcIndex] route: 13 12 17 3559 18 33508 0 723439 
[loc arcIndex] route: 16 15 14 5422 0 720180 
[loc arcIndex] route: 19 18 15 5161 0 720157 
[loc arcIndex] route: 20 19 24 121 25 6720 27 164356 29 288726 30 398811 28 490635 26 559090 23 611992 22 652609 21 683246 0 745884 
[loc arcIndex] route: 32 31 33 3792 34 31414 0 723391 
[loc arcIndex] route: 35 34 31 4987 0 720110 
[loc arcIndex] route: 37 36 38 5286 0 720166 
[loc arcIndex] route: 39 38 36 5473 0 720183 
[loc arcIndex] route: 43 42 42 1328 41 10031 40 171121 44 295708 46 405782 45 495898 48 561046 51 612504 50 652926 52 683339 49 706344 47 716958 0 752259 
[loc arcIndex] route: 53 52 56 5909 0 720226 
[loc arcIndex] route: 55 54 54 4341 0 719946 
[loc arcIndex] route: 57 56 59 4430 0 719977 
[loc arcIndex] route: 58 57 60 5796 0 720217 
[loc arcIndex] route: 63 62 80 661 0 717579 
[loc arcIndex] route: 67 66 65 484 62 6667 74 165677 72 292112 61 408537 64 499548 68 563405 66 614785 69 659509 0 743827 
[loc arcIndex] route: 70 69 73 6459 0 720258 
[loc arcIndex] route: 75 74 5 1054 3 9209 7 166566 10 291067 11 404501 9 495535 6 564847 4 617290 1 655780 2 684292 12 706451 0 749131 
[loc arcIndex] route: 76 75 71 6292 0 720250 
[loc arcIndex] route: 77 76 79 6205 0 720247 
[loc arcIndex] route: 81 80 78 6046 0 720236 
[loc arcIndex] route: 84 83 83 3668 82 33602 0 723440 
[loc arcIndex] route: 85 84 88 3532 91 29968 0 723322 
[loc arcIndex] route: 90 89 87 2570 86 18459 89 192208 0 725970 
[loc arcIndex] route: 92 91 93 5868 0 720218 
[loc arcIndex] route: 94 93 97 5578 0 720190 
[loc arcIndex] route: 100 99 99 5148 0 720153 
done decomposing
updated increasing parameter: 6
DD random seed:3960003627
running reduced cost neighborhood dd
reduced cost neighborhood dd compilation
num nodes: 1207760
running reduced cost neighborhood search mip
num vars: 194708
obj from reduced cost neighborhood search: 2076.5
[loc arcIndex] route: 1 0 100 1678 99 45977 0 1390894 
[loc arcIndex] route: 8 7 12 1756 14 55225 0 1391133 
[loc arcIndex] route: 13 12 15 3557 16 39206 0 1390494 
[loc arcIndex] route: 17 16 18 4036 19 39574 0 1390512 
[loc arcIndex] route: 20 19 24 121 25 6720 27 312295 29 566860 30 777876 28 953304 26 1083848 23 1183501 22 1255682 21 1313183 34 1356534 0 1442405 
[loc arcIndex] route: 32 31 35 3794 31 47317 0 1390941 
[loc arcIndex] route: 33 32 38 4216 37 61816 0 1391195 
[loc arcIndex] route: 39 38 36 5473 0 1383794 
[loc arcIndex] route: 43 42 42 1328 41 10031 40 319060 44 573842 46 784847 45 958567 48 1085804 51 1184013 50 1255999 52 1313276 49 1356574 47 1378320 0 1448799 
[loc arcIndex] route: 53 52 56 5909 0 1384230 
[loc arcIndex] route: 54 53 80 5396 0 1383717 
[loc arcIndex] route: 57 56 55 4427 59 39677 0 1390514 
[loc arcIndex] route: 58 57 60 5796 0 1384117 
[loc arcIndex] route: 67 66 65 484 63 6668 62 312170 74 567194 72 778400 61 954716 64 1084887 68 1183962 66 1255948 69 1313855 0 1436295 
[loc arcIndex] route: 70 69 73 6459 0 1384780 
[loc arcIndex] route: 75 74 5 1054 3 9209 7 314505 10 569201 11 783566 9 958204 6 1089605 4 1188799 2 1258854 95 1314773 94 1377870 0 1448779 
[loc arcIndex] route: 76 75 71 6292 0 1384613 
[loc arcIndex] route: 77 76 79 6205 0 1384526 
[loc arcIndex] route: 81 80 78 6046 0 1384367 
[loc arcIndex] route: 83 82 82 4004 84 36525 0 1390291 
[loc arcIndex] route: 87 86 86 3332 85 20452 88 375836 0 1397267 
[loc arcIndex] route: 90 89 89 2572 91 18497 0 1388279 
[loc arcIndex] route: 92 91 93 5868 0 1384189 
[loc arcIndex] route: 98 97 96 3760 97 39402 0 1390502 
done decomposing
updated increasing parameter: 7
DD random seed:449085049
running reduced cost neighborhood dd
reduced cost neighborhood dd compilation
num nodes: 2095300
running reduced cost neighborhood search mip
num vars: 374576
