relax capacity constraint
num locations: 101
instance upper bound: 826.3
route length upper bound: 15
DD random seed:1905419078
generate initial heuristic routes
initial primalRoute: 0 5 3 7 8 10 11 9 6 4 12 2 1 0 
initial primalRoute: 0 13 17 18 19 15 16 14 21 20 0 
initial primalRoute: 0 32 25 27 29 30 28 26 23 22 24 31 0 
initial primalRoute: 0 34 33 35 50 38 37 36 47 48 46 43 0 
initial primalRoute: 0 67 42 41 40 44 51 39 52 54 57 49 0 
initial primalRoute: 0 59 55 53 56 58 45 60 66 61 63 0 
initial primalRoute: 0 65 72 62 70 71 64 68 69 73 0 
initial primalRoute: 0 75 78 76 74 81 77 79 80 82 83 86 0 
initial primalRoute: 0 90 87 85 92 84 88 89 91 94 95 0 
initial primalRoute: 0 98 96 93 97 100 99 0 
added route to primal routes: 0,5,3,7,8,10,11,9,6,4,12,2,1,0,
random seed: 2157713892
added route to primal routes: 0,13,17,18,19,15,16,14,21,20,0,
random seed: 2225048465
added route to primal routes: 0,32,25,27,29,30,28,26,23,22,24,31,0,
random seed: 2263684296
added route to primal routes: 0,34,33,35,50,38,37,36,47,48,46,43,0,
random seed: 2317922820
added route to primal routes: 0,67,42,41,40,44,51,39,52,54,57,49,0,
random seed: 2371938791
added route to primal routes: 0,59,55,53,56,58,45,60,66,61,63,0,
random seed: 2426992112
added route to primal routes: 0,65,72,62,70,71,64,68,69,73,0,
random seed: 2471064629
added maximal sequence to primal routes: 0,65,72,62,70,71,64,68,59,69,73,0,
added route to primal routes: 0,75,78,76,74,81,77,79,80,82,83,86,0,
random seed: 2517848704
added route to primal routes: 0,90,87,85,92,84,88,89,91,94,95,0,
random seed: 2569814590
added maximal sequence to primal routes: 0,90,87,85,92,84,83,88,89,91,94,95,0,
added route to primal routes: 0,98,96,93,97,100,99,0,
random seed: 2659576415
added maximal sequence to primal routes: 0,7,47,98,96,93,97,100,99,31,90,0,
improved ub initial primal heuristic: 1542.6
STATS - lpIterations[0] lagIterations[0] sspIterations[0] numSeparations[0] numCuts[0] compileTime[0] sspSolveTime[0] lpSolveTime[0] lb[0] ub[1542.6] numArcs: [0] numFixed: [0] time: [0]
STATS1 - lpIterations[0] lagIterations[0] sspIterations[0] numSeparations[0] numCuts[0] compileTime[0] sspSolveTime[0] lpSolveTime[0] repairTime[0] cutsTime[0] alphaTime[0] decompTime[0] yellowTime[0] updateTime[0] fixTime[0] lb[0] ub[1542.6] numArcs: [0] numFixed: [0] time: [0]
DD random seed:2713595258
running reduced cost neighborhood dd
reduced cost neighborhood dd compilation
num nodes: 89736
running reduced cost neighborhood search mip
num vars: 5896
obj from reduced cost neighborhood search: 4530.6
[loc arcIndex] route: 5 4 3 782 7 9931 8 25122 9 40046 6 50004 4 59107 75 68616 1 79030 2 85261 98 90029 0 96891 
[loc arcIndex] route: 10 9 11 1405 0 95183 
[loc arcIndex] route: 12 11 0 94962 
[loc arcIndex] route: 13 12 0 94963 
[loc arcIndex] route: 14 13 0 94964 
[loc arcIndex] route: 15 14 0 94965 
[loc arcIndex] route: 16 15 0 94966 
[loc arcIndex] route: 17 16 0 94967 
[loc arcIndex] route: 18 17 0 94968 
[loc arcIndex] route: 19 18 0 94969 
[loc arcIndex] route: 20 19 21 118 25 8286 27 22653 29 35633 30 47154 28 60966 26 70277 22 77233 24 84979 52 90291 50 94948 0 97250 
[loc arcIndex] route: 21 20 20 215 25 8426 27 24055 30 37345 28 48234 26 58503 23 67388 22 76457 47 84040 49 93357 51 94310 0 97127 
[loc arcIndex] route: 31 30 0 94981 
[loc arcIndex] route: 32 31 0 94982 
[loc arcIndex] route: 33 32 0 94983 
[loc arcIndex] route: 34 33 0 94984 
[loc arcIndex] route: 35 34 0 94985 
[loc arcIndex] route: 36 35 0 94986 
[loc arcIndex] route: 37 36 0 94987 
[loc arcIndex] route: 38 37 0 94988 
[loc arcIndex] route: 39 38 0 94989 
[loc arcIndex] route: 41 40 40 2297 0 95238 
[loc arcIndex] route: 42 41 44 2617 0 95245 
[loc arcIndex] route: 43 42 48 1516 0 95191 
[loc arcIndex] route: 46 45 45 3052 0 95250 
[loc arcIndex] route: 53 52 0 95003 
[loc arcIndex] route: 54 53 0 95004 
[loc arcIndex] route: 55 54 0 95005 
[loc arcIndex] route: 56 55 0 95006 
[loc arcIndex] route: 57 56 0 95007 
[loc arcIndex] route: 58 57 0 95008 
[loc arcIndex] route: 59 58 0 95009 
[loc arcIndex] route: 60 59 0 95010 
[loc arcIndex] route: 67 66 65 554 63 8603 62 22599 74 36426 72 48547 61 64914 64 73494 68 78301 66 84712 69 90397 0 96906 
[loc arcIndex] route: 70 69 0 95020 
[loc arcIndex] route: 71 70 0 95021 
[loc arcIndex] route: 73 72 0 95023 
[loc arcIndex] route: 76 75 0 95026 
[loc arcIndex] route: 77 76 0 95027 
[loc arcIndex] route: 78 77 0 95028 
[loc arcIndex] route: 79 78 0 95029 
[loc arcIndex] route: 80 79 0 95030 
[loc arcIndex] route: 81 80 0 95031 
[loc arcIndex] route: 82 81 0 95032 
[loc arcIndex] route: 83 82 0 95033 
[loc arcIndex] route: 84 83 0 95034 
[loc arcIndex] route: 85 84 0 95035 
[loc arcIndex] route: 86 85 0 95036 
[loc arcIndex] route: 87 86 0 95037 
[loc arcIndex] route: 88 87 0 95038 
[loc arcIndex] route: 89 88 0 95039 
[loc arcIndex] route: 90 89 0 95040 
[loc arcIndex] route: 91 90 0 95041 
[loc arcIndex] route: 92 91 0 95042 
[loc arcIndex] route: 93 92 0 95043 
[loc arcIndex] route: 94 93 0 95044 
[loc arcIndex] route: 95 94 0 95045 
[loc arcIndex] route: 96 95 0 95046 
[loc arcIndex] route: 97 96 0 95047 
[loc arcIndex] route: 99 98 0 95049 
[loc arcIndex] route: 100 99 0 95050 
done decomposing
updated increasing parameter: 2
DD random seed:2316075348
running reduced cost neighborhood dd
reduced cost neighborhood dd compilation
num nodes: 168509
running reduced cost neighborhood search mip
num vars: 12632
obj from reduced cost neighborhood search: 4284
[loc arcIndex] route: 3 2 5 1304 7 10808 8 43071 6 76532 4 90646 75 111427 1 137011 2 148453 98 158924 0 184450 
[loc arcIndex] route: 5 4 3 782 7 9931 8 39000 10 66525 11 94577 9 116311 6 137920 4 148501 1 159551 2 169092 96 177591 0 185099 
[loc arcIndex] route: 12 11 0 180983 
[loc arcIndex] route: 13 12 0 180984 
[loc arcIndex] route: 14 13 0 180985 
[loc arcIndex] route: 15 14 0 180986 
[loc arcIndex] route: 16 15 0 180987 
[loc arcIndex] route: 17 16 0 180988 
[loc arcIndex] route: 18 17 0 180989 
[loc arcIndex] route: 19 18 0 180990 
[loc arcIndex] route: 20 19 21 118 25 8286 27 36531 29 62111 30 85270 28 109352 26 128281 23 143724 22 157252 24 168203 34 177479 0 185083 
[loc arcIndex] route: 31 30 0 181002 
[loc arcIndex] route: 32 31 0 181003 
[loc arcIndex] route: 33 32 0 181004 
[loc arcIndex] route: 35 34 0 181006 
[loc arcIndex] route: 36 35 0 181007 
[loc arcIndex] route: 37 36 0 181008 
[loc arcIndex] route: 38 37 0 181009 
[loc arcIndex] route: 39 38 0 181010 
[loc arcIndex] route: 41 40 40 2297 44 16416 0 181859 
[loc arcIndex] route: 43 42 42 1511 46 13560 0 181801 
[loc arcIndex] route: 45 44 48 3507 0 181444 
[loc arcIndex] route: 47 46 49 1840 52 13803 0 181807 
[loc arcIndex] route: 50 49 51 3591 0 181452 
[loc arcIndex] route: 53 52 0 181024 
[loc arcIndex] route: 54 53 0 181025 
[loc arcIndex] route: 55 54 0 181026 
[loc arcIndex] route: 56 55 0 181027 
[loc arcIndex] route: 57 56 0 181028 
[loc arcIndex] route: 58 57 0 181029 
[loc arcIndex] route: 60 59 0 181031 
[loc arcIndex] route: 66 65 69 1601 0 181260 
[loc arcIndex] route: 67 66 65 554 63 8603 62 36477 74 62904 72 86663 61 113727 64 132050 68 144985 59 157822 0 184402 
[loc arcIndex] route: 70 69 0 181041 
[loc arcIndex] route: 71 70 0 181042 
[loc arcIndex] route: 73 72 0 181044 
[loc arcIndex] route: 76 75 0 181047 
[loc arcIndex] route: 77 76 0 181048 
[loc arcIndex] route: 78 77 0 181049 
[loc arcIndex] route: 79 78 0 181050 
[loc arcIndex] route: 80 79 0 181051 
[loc arcIndex] route: 81 80 0 181052 
[loc arcIndex] route: 82 81 0 181053 
[loc arcIndex] route: 83 82 0 181054 
[loc arcIndex] route: 84 83 0 181055 
[loc arcIndex] route: 85 84 0 181056 
[loc arcIndex] route: 87 86 86 4275 0 181470 
[loc arcIndex] route: 89 88 88 4186 0 181469 
[loc arcIndex] route: 91 90 90 3815 0 181460 
[loc arcIndex] route: 92 91 0 181063 
[loc arcIndex] route: 93 92 0 181064 
[loc arcIndex] route: 94 93 0 181065 
[loc arcIndex] route: 95 94 0 181066 
[loc arcIndex] route: 97 96 0 181068 
[loc arcIndex] route: 99 98 0 181070 
[loc arcIndex] route: 100 99 0 181071 
done decomposing
updated increasing parameter: 3
DD random seed:1871253288
running reduced cost neighborhood dd
reduced cost neighborhood dd compilation
num nodes: 321215
running reduced cost neighborhood search mip
num vars: 25991
obj from reduced cost neighborhood search: 3817.7
[loc arcIndex] route: 5 4 3 782 7 9931 8 67197 10 119779 11 169014 9 209466 6 249340 4 274819 1 299667 2 321040 96 337992 0 355717 
[loc arcIndex] route: 12 11 0 347524 
[loc arcIndex] route: 13 12 17 4547 0 348405 
[loc arcIndex] route: 14 13 0 347526 
[loc arcIndex] route: 15 14 0 347527 
[loc arcIndex] route: 16 15 0 347528 
[loc arcIndex] route: 19 18 0 347531 
[loc arcIndex] route: 20 19 24 121 25 8657 27 64911 29 115444 30 159848 28 202565 26 238719 22 268964 21 297195 0 354078 
[loc arcIndex] route: 23 22 18 354 0 347731 
[loc arcIndex] route: 33 32 32 5269 0 348412 
[loc arcIndex] route: 34 33 36 4908 0 348410 
[loc arcIndex] route: 35 34 0 347547 
[loc arcIndex] route: 37 36 0 347549 
[loc arcIndex] route: 38 37 0 347550 
[loc arcIndex] route: 39 38 0 347551 
[loc arcIndex] route: 43 42 42 1511 41 13557 40 77447 44 131972 45 180464 46 211648 48 240259 51 269973 50 296335 52 318884 31 337757 0 355656 
[loc arcIndex] route: 47 46 49 1840 0 348068 
[loc arcIndex] route: 53 52 0 347565 
[loc arcIndex] route: 54 53 0 347566 
[loc arcIndex] route: 55 54 0 347567 
[loc arcIndex] route: 56 55 0 347568 
[loc arcIndex] route: 57 56 0 347569 
[loc arcIndex] route: 58 57 0 347570 
[loc arcIndex] route: 59 58 0 347571 
[loc arcIndex] route: 60 59 0 347572 
[loc arcIndex] route: 67 66 65 554 63 8603 62 64674 74 116158 72 161100 61 206882 64 242586 68 270427 66 296687 69 321717 0 354942 
[loc arcIndex] route: 70 69 0 347582 
[loc arcIndex] route: 71 70 0 347583 
[loc arcIndex] route: 73 72 0 347585 
[loc arcIndex] route: 75 74 99 1299 0 347962 
[loc arcIndex] route: 76 75 0 347588 
[loc arcIndex] route: 77 76 0 347589 
[loc arcIndex] route: 78 77 0 347590 
[loc arcIndex] route: 79 78 0 347591 
[loc arcIndex] route: 80 79 0 347592 
[loc arcIndex] route: 81 80 0 347593 
[loc arcIndex] route: 83 82 82 5041 0 348411 
[loc arcIndex] route: 85 84 84 4516 0 348400 
[loc arcIndex] route: 87 86 86 4275 0 348380 
[loc arcIndex] route: 88 87 89 4431 0 348397 
[loc arcIndex] route: 91 90 90 3815 0 348334 
[loc arcIndex] route: 92 91 0 347604 
[loc arcIndex] route: 93 92 0 347605 
[loc arcIndex] route: 94 93 0 347606 
[loc arcIndex] route: 95 94 0 347607 
[loc arcIndex] route: 97 96 0 347609 
[loc arcIndex] route: 98 97 0 347610 
[loc arcIndex] route: 100 99 0 347612 
done decomposing
updated increasing parameter: 4
DD random seed:823581014
running reduced cost neighborhood dd
reduced cost neighborhood dd compilation
num nodes: 601559
running reduced cost neighborhood search mip
num vars: 53271
obj from reduced cost neighborhood search: 3056.5
[loc arcIndex] route: 5 4 3 782 7 9931 8 124608 10 226318 11 319466 9 397321 6 470286 4 524566 2 572789 1 615264 75 642725 0 672875 
[loc arcIndex] route: 12 11 14 6069 0 658224 
[loc arcIndex] route: 13 12 17 4547 0 658141 
[loc arcIndex] route: 15 14 16 5669 0 658206 
[loc arcIndex] route: 18 17 19 5746 0 658211 
[loc arcIndex] route: 20 19 21 118 25 8286 27 122139 29 221904 30 310159 28 390239 26 459454 23 518599 22 568944 24 611561 32 642008 0 672649 
[loc arcIndex] route: 31 30 35 5179 0 658183 
[loc arcIndex] route: 33 32 36 5272 0 658188 
[loc arcIndex] route: 34 33 39 4911 0 658170 
[loc arcIndex] route: 37 36 38 6590 0 658233 
[loc arcIndex] route: 43 42 42 1511 41 13557 40 134858 44 238511 46 330917 45 408452 48 465954 51 520302 50 569862 52 612040 49 642122 47 656534 0 674235 
[loc arcIndex] route: 53 52 0 656587 
[loc arcIndex] route: 55 54 54 5432 0 658195 
[loc arcIndex] route: 56 55 0 656590 
[loc arcIndex] route: 58 57 0 656592 
[loc arcIndex] route: 59 58 57 5619 0 658203 
[loc arcIndex] route: 60 59 0 656594 
[loc arcIndex] route: 67 66 65 554 63 8603 62 122085 74 222697 72 311552 61 394737 64 463441 68 520115 66 569775 69 614705 0 671189 
[loc arcIndex] route: 70 69 0 656604 
[loc arcIndex] route: 71 70 0 656605 
[loc arcIndex] route: 73 72 0 656607 
[loc arcIndex] route: 76 75 0 656610 
[loc arcIndex] route: 77 76 0 656611 
[loc arcIndex] route: 78 77 0 656612 
[loc arcIndex] route: 79 78 0 656613 
[loc arcIndex] route: 80 79 0 656614 
[loc arcIndex] route: 81 80 0 656615 
[loc arcIndex] route: 82 81 83 5950 0 658215 
[loc arcIndex] route: 85 84 84 4516 0 658130 
[loc arcIndex] route: 89 88 88 4186 0 658099 
[loc arcIndex] route: 90 89 87 3239 86 28828 0 659770 
[loc arcIndex] route: 91 90 0 656625 
[loc arcIndex] route: 92 91 0 656626 
[loc arcIndex] route: 95 94 94 6311 0 658227 
[loc arcIndex] route: 96 95 93 6051 0 658217 
[loc arcIndex] route: 98 97 99 4782 0 658156 
[loc arcIndex] route: 100 99 97 6371 0 658229 
done decomposing
updated increasing parameter: 5
DD random seed:3300136110
running reduced cost neighborhood dd
reduced cost neighborhood dd compilation
num nodes: 1157414
running reduced cost neighborhood search mip
num vars: 108154
obj from reduced cost neighborhood search: 2501.2
[loc arcIndex] route: 5 4 3 782 7 9931 8 237101 10 435109 11 615286 9 766900 6 904209 4 1012260 1 1104238 2 1186796 98 1246438 0 1305641 
[loc arcIndex] route: 12 11 14 6069 0 1276546 
[loc arcIndex] route: 13 12 17 4547 0 1276264 
[loc arcIndex] route: 16 15 15 6751 0 1276603 
[loc arcIndex] route: 19 18 18 6390 0 1276579 
[loc arcIndex] route: 20 19 21 118 25 8286 27 234632 29 430695 30 605979 28 759818 26 893377 23 1006293 22 1100394 24 1184345 34 1246114 0 1305494 
[loc arcIndex] route: 33 32 32 5269 0 1276428 
[loc arcIndex] route: 35 34 31 6173 0 1276552 
[loc arcIndex] route: 37 36 38 6590 0 1276592 
[loc arcIndex] route: 39 38 36 6851 0 1276610 
[loc arcIndex] route: 43 42 42 1511 41 13557 40 247351 44 447302 46 626737 45 778031 48 899877 51 1007996 50 1101312 52 1184824 49 1246227 47 1273373 0 1308674 
[loc arcIndex] route: 53 52 56 7454 0 1276656 
[loc arcIndex] route: 55 54 54 5432 0 1276458 
[loc arcIndex] route: 57 56 59 5528 0 1276482 
[loc arcIndex] route: 58 57 60 7311 0 1276649 
[loc arcIndex] route: 63 62 80 759 0 1274013 
[loc arcIndex] route: 67 66 65 554 62 8602 74 237487 72 438997 61 634134 64 791634 68 909676 66 1014249 69 1125149 0 1300228 
[loc arcIndex] route: 70 69 0 1273443 
[loc arcIndex] route: 71 70 0 1273444 
[loc arcIndex] route: 75 74 82 1282 0 1274394 
[loc arcIndex] route: 77 76 73 7861 0 1276672 
[loc arcIndex] route: 78 77 76 7740 0 1276667 
[loc arcIndex] route: 81 80 79 7654 0 1276666 
[loc arcIndex] route: 87 86 86 4275 83 32333 0 1279140 
[loc arcIndex] route: 90 89 84 3236 85 44796 0 1279833 
[loc arcIndex] route: 91 90 88 3813 89 34386 0 1279320 
[loc arcIndex] route: 92 91 93 7405 0 1276650 
[loc arcIndex] route: 94 93 97 6976 0 1276616 
[loc arcIndex] route: 95 94 96 6312 0 1276562 
[loc arcIndex] route: 100 99 99 6373 0 1276573 
done decomposing
updated increasing parameter: 6
DD random seed:512871708
running reduced cost neighborhood dd
reduced cost neighborhood dd compilation
num nodes: 2240802
running reduced cost neighborhood search mip
num vars: 213892
obj from reduced cost neighborhood search: 2194.3
[loc arcIndex] route: 5 4 3 782 7 9931 8 463349 9 854522 6 1200893 4 1498485 2 1754655 1 1971233 75 2151955 0 2528140 
[loc arcIndex] route: 10 9 11 1405 12 13459 0 2484809 
[loc arcIndex] route: 13 12 17 4547 18 56653 0 2489415 
[loc arcIndex] route: 14 13 16 6478 0 2482726 
[loc arcIndex] route: 15 14 19 5671 0 2482196 
[loc arcIndex] route: 20 19 24 121 25 8657 27 461063 30 850189 28 1199240 26 1497943 23 1753519 22 1969947 21 2151588 0 2528128 
[loc arcIndex] route: 29 28 36 2517 34 60392 0 2489550 
[loc arcIndex] route: 31 30 35 5179 0 2481819 
[loc arcIndex] route: 32 31 33 4813 37 52769 0 2489207 
[loc arcIndex] route: 38 37 39 7095 0 2483027 
[loc arcIndex] route: 43 42 42 1511 41 13557 40 473599 44 866716 46 1218801 45 1518557 48 1762916 51 1972392 50 2152707 52 2311883 49 2425441 47 2476808 0 2547309 
[loc arcIndex] route: 53 52 56 7454 0 2483148 
[loc arcIndex] route: 54 53 80 6718 0 2482854 
[loc arcIndex] route: 55 54 57 5434 59 67296 0 2489665 
[loc arcIndex] route: 58 57 60 7311 0 2483101 
[loc arcIndex] route: 67 66 65 554 63 8603 62 460826 74 850902 72 1199436 61 1504842 64 1760403 68 1972205 66 2152620 69 2314578 0 2534971 
[loc arcIndex] route: 70 69 73 8244 0 2483304 
[loc arcIndex] route: 71 70 76 8172 0 2483295 
[loc arcIndex] route: 77 76 79 7863 0 2483253 
[loc arcIndex] route: 78 77 81 7744 0 2483228 
[loc arcIndex] route: 84 83 82 4678 83 66799 0 2489660 
[loc arcIndex] route: 90 89 87 3239 86 28828 0 2486999 
[loc arcIndex] route: 91 90 89 3814 88 31902 85 561004 0 2495986 
[loc arcIndex] route: 92 91 93 7405 0 2483129 
[loc arcIndex] route: 97 96 94 7064 0 2483006 
[loc arcIndex] route: 98 97 95 4779 96 73949 0 2489703 
[loc arcIndex] route: 100 99 99 6373 0 2482662 
done decomposing
updated increasing parameter: 7
DD random seed:1578061903
running reduced cost neighborhood dd
reduced cost neighborhood dd compilation
num nodes: 4092577
running reduced cost neighborhood search mip
num vars: 421475
obj from reduced cost neighborhood search: 1995.1
[loc arcIndex] route: 5 4 3 782 7 9931 8 584092 10 1378983 11 2071032 9 2668938 6 3177988 4 3595807 1 3949983 2 4251906 98 4458938 0 4679480 
[loc arcIndex] route: 13 12 15 4545 19 66690 0 4574782 
[loc arcIndex] route: 16 15 14 6750 12 116746 0 4576837 
[loc arcIndex] route: 20 19 24 121 25 8657 27 581806 29 1374648 30 2061866 28 2662037 26 3167276 23 3589894 22 3946189 49 4249510 47 4521855 0 4687691 
[loc arcIndex] route: 21 20 17 212 18 61952 0 4574392 
[loc arcIndex] route: 32 31 33 4813 31 52765 0 4573607 
[loc arcIndex] route: 34 33 39 4911 36 97619 0 4576515 
[loc arcIndex] route: 35 34 37 6177 38 124117 0 4576884 
[loc arcIndex] route: 43 42 42 1511 41 13557 40 594342 44 1391176 46 2082483 45 2680069 48 3173656 50 3591542 52 3947008 51 4250302 59 4459641 0 4679812 
[loc arcIndex] route: 53 52 56 7454 0 4563273 
[loc arcIndex] route: 55 54 54 5432 57 89849 0 4576200 
[loc arcIndex] route: 60 59 58 7545 0 4563364 
[loc arcIndex] route: 67 66 65 554 63 8603 62 581569 74 1375362 72 2063118 61 2666354 64 3171143 68 3591356 66 3946970 69 4252629 0 4667210 
[loc arcIndex] route: 70 69 71 8242 0 4564061 
[loc arcIndex] route: 73 72 77 8082 0 4563901 
[loc arcIndex] route: 75 74 100 1300 99 76750 0 4575516 
[loc arcIndex] route: 78 77 76 7740 0 4563559 
[loc arcIndex] route: 79 78 80 7804 0 4563623 
[loc arcIndex] route: 81 80 82 7656 0 4563475 
[loc arcIndex] route: 90 89 87 3239 86 28828 88 640074 89 1602717 0 4601541 
[loc arcIndex] route: 91 90 85 3810 84 42661 83 752853 0 4589372 
[loc arcIndex] route: 95 94 94 6311 92 107617 0 4576709 
[loc arcIndex] route: 96 95 97 6054 93 98142 0 4576523 
done decomposing
