relax capacity constraint
num locations: 101
instance upper bound: 585.8
route length upper bound: 39
DD random seed:1000376169
generate initial heuristic routes
initial primalRoute: 0 27 5 1 2 24 22 6 20 29 28 7 3 4 34 14 16 19 18 26 23 25 10 11 12 15 17 13 9 8 41 21 0 
initial primalRoute: 0 63 62 31 35 33 32 30 36 39 38 37 49 53 54 56 58 60 59 57 44 40 46 45 51 50 52 42 47 43 48 78 77 0 
initial primalRoute: 0 75 67 74 72 66 69 61 64 65 55 68 89 91 88 84 86 83 82 85 76 73 70 71 81 79 80 96 87 90 0 
initial primalRoute: 0 93 99 100 97 92 94 95 98 0 
added route to primal routes: 0,27,5,1,2,24,22,6,20,29,28,7,3,4,34,14,16,19,18,26,23,25,10,11,12,15,17,13,9,8,41,21,0,
random seed: 1926864048
added route to primal routes: 0,63,62,31,35,33,32,30,36,39,38,37,49,53,54,56,58,60,59,57,44,40,46,45,51,50,52,42,47,43,48,78,77,0,
random seed: 2565745286
added route to primal routes: 0,75,67,74,72,66,69,61,64,65,55,68,89,91,88,84,86,83,82,85,76,73,70,71,81,79,80,96,87,90,0,
random seed: 3294372951
added maximal sequence to primal routes: 0,75,67,74,72,66,69,61,64,65,55,68,28,89,91,88,84,86,83,82,85,76,73,70,71,81,79,80,9,96,87,90,0,
added route to primal routes: 0,93,99,100,97,92,94,95,98,0,
random seed: 3958335963
added maximal sequence to primal routes: 0,20,72,93,1,99,100,97,92,94,95,98,55,37,88,89,86,12,51,19,40,50,42,70,48,81,78,96,10,0,
improved ub initial primal heuristic: 1234.6
STATS - lpIterations[0] lagIterations[0] sspIterations[0] numSeparations[0] numCuts[0] compileTime[0] sspSolveTime[0] lpSolveTime[0] lb[0] ub[1234.6] numArcs: [0] numFixed: [0] time: [4]
STATS1 - lpIterations[0] lagIterations[0] sspIterations[0] numSeparations[0] numCuts[0] compileTime[0] sspSolveTime[0] lpSolveTime[0] repairTime[0] cutsTime[0] alphaTime[0] decompTime[0] yellowTime[0] updateTime[0] fixTime[0] lb[0] ub[1234.6] numArcs: [0] numFixed: [0] time: [4]
DD random seed:986777027
running reduced cost neighborhood dd
reduced cost neighborhood dd compilation
num nodes: 98580
running reduced cost neighborhood search mip
num vars: 31031
obj from reduced cost neighborhood search: 4298.5
[loc arcIndex] route: 3 2 0 159274 
[loc arcIndex] route: 7 6 0 159278 
[loc arcIndex] route: 8 7 10 322 11 7356 9 20305 0 159821 
[loc arcIndex] route: 12 11 0 159283 
[loc arcIndex] route: 13 12 0 159284 
[loc arcIndex] route: 14 13 0 159285 
[loc arcIndex] route: 15 14 0 159286 
[loc arcIndex] route: 16 15 0 159287 
[loc arcIndex] route: 17 16 0 159288 
[loc arcIndex] route: 18 17 0 159289 
[loc arcIndex] route: 19 18 0 159290 
[loc arcIndex] route: 20 19 22 219 24 6498 27 19110 29 32899 6 47080 32 63978 33 86419 35 96632 37 114197 38 128861 39 134286 36 141973 34 147941 0 161962 
[loc arcIndex] route: 21 20 25 373 0 159419 
[loc arcIndex] route: 22 21 20 419 24 6829 27 20028 29 34154 30 48276 23 64390 0 160373 
[loc arcIndex] route: 26 25 0 159297 
[loc arcIndex] route: 28 27 0 159299 
[loc arcIndex] route: 31 30 0 159302 
[loc arcIndex] route: 40 39 0 159311 
[loc arcIndex] route: 44 43 0 159315 
[loc arcIndex] route: 46 45 0 159317 
[loc arcIndex] route: 53 52 0 159324 
[loc arcIndex] route: 54 53 0 159325 
[loc arcIndex] route: 55 54 0 159326 
[loc arcIndex] route: 56 55 0 159327 
[loc arcIndex] route: 57 56 0 159328 
[loc arcIndex] route: 58 57 0 159329 
[loc arcIndex] route: 59 58 0 159330 
[loc arcIndex] route: 60 59 0 159331 
[loc arcIndex] route: 63 62 67 762 62 7840 66 23955 69 34284 68 47480 65 63008 49 80358 0 160627 
[loc arcIndex] route: 67 66 63 561 62 6966 74 20170 72 34381 61 49358 64 63173 66 78334 69 93759 43 108860 47 125443 45 134074 51 141740 50 147775 52 149662 42 151579 41 154367 48 155974 0 162588 
[loc arcIndex] route: 70 69 0 159341 
[loc arcIndex] route: 71 70 0 159342 
[loc arcIndex] route: 73 72 0 159344 
[loc arcIndex] route: 76 75 0 159347 
[loc arcIndex] route: 77 76 0 159348 
[loc arcIndex] route: 78 77 0 159349 
[loc arcIndex] route: 79 78 0 159350 
[loc arcIndex] route: 80 79 0 159351 
[loc arcIndex] route: 81 80 0 159352 
[loc arcIndex] route: 82 81 0 159353 
[loc arcIndex] route: 83 82 0 159354 
[loc arcIndex] route: 84 83 0 159355 
[loc arcIndex] route: 85 84 0 159356 
[loc arcIndex] route: 86 85 0 159357 
[loc arcIndex] route: 87 86 0 159358 
[loc arcIndex] route: 88 87 0 159359 
[loc arcIndex] route: 89 88 4 2174 0 159562 
[loc arcIndex] route: 90 89 0 159361 
[loc arcIndex] route: 91 90 0 159362 
[loc arcIndex] route: 92 91 0 159363 
[loc arcIndex] route: 93 92 5 104 75 6745 2 19508 1 33852 0 160002 
[loc arcIndex] route: 94 93 0 159365 
[loc arcIndex] route: 95 94 0 159366 
[loc arcIndex] route: 96 95 0 159367 
[loc arcIndex] route: 97 96 0 159368 
[loc arcIndex] route: 98 97 0 159369 
[loc arcIndex] route: 99 98 0 159370 
[loc arcIndex] route: 100 99 0 159371 
done decomposing
updated increasing parameter: 2
DD random seed:672106717
running reduced cost neighborhood dd
reduced cost neighborhood dd compilation
num nodes: 266350
running reduced cost neighborhood search mip
num vars: 81003
obj from reduced cost neighborhood search: 3116.9
[loc arcIndex] route: 4 3 3 2733 0 403541 
[loc arcIndex] route: 7 6 98 3093 0 403554 
[loc arcIndex] route: 20 19 22 219 24 6498 27 29603 29 55497 6 83547 32 115053 33 155165 31 177862 35 209584 37 233880 38 256618 39 262550 36 273101 34 280053 28 282852 26 289843 23 293909 18 296865 19 299435 16 301582 14 311886 12 323571 15 334537 17 347134 13 356376 25 364829 9 373715 11 383752 10 390993 8 393610 21 397145 90 399920 77 402633 0 416200 
[loc arcIndex] route: 22 21 30 428 0 403257 
[loc arcIndex] route: 40 39 0 403100 
[loc arcIndex] route: 46 45 44 2916 0 403547 
[loc arcIndex] route: 53 52 0 403113 
[loc arcIndex] route: 54 53 0 403114 
[loc arcIndex] route: 55 54 0 403115 
[loc arcIndex] route: 56 55 0 403116 
[loc arcIndex] route: 57 56 0 403117 
[loc arcIndex] route: 58 57 0 403118 
[loc arcIndex] route: 59 58 0 403119 
[loc arcIndex] route: 60 59 0 403120 
[loc arcIndex] route: 65 64 49 2984 0 403549 
[loc arcIndex] route: 67 66 63 561 62 6966 74 30663 72 56979 61 85825 64 114248 66 144686 69 174976 68 204111 43 228666 47 251142 45 261800 51 272624 50 279931 52 282813 42 287494 41 292348 48 296101 0 409966 
[loc arcIndex] route: 70 69 0 403130 
[loc arcIndex] route: 71 70 0 403131 
[loc arcIndex] route: 73 72 0 403133 
[loc arcIndex] route: 76 75 0 403136 
[loc arcIndex] route: 78 77 0 403138 
[loc arcIndex] route: 79 78 0 403139 
[loc arcIndex] route: 80 79 0 403140 
[loc arcIndex] route: 81 80 0 403141 
[loc arcIndex] route: 82 81 0 403142 
[loc arcIndex] route: 85 84 0 403145 
[loc arcIndex] route: 86 85 83 3138 0 403555 
[loc arcIndex] route: 87 86 96 2712 0 403539 
[loc arcIndex] route: 88 87 84 3193 0 403558 
[loc arcIndex] route: 89 88 91 2234 0 403494 
[loc arcIndex] route: 92 91 0 403152 
[loc arcIndex] route: 93 92 5 104 75 6745 2 30001 1 56450 0 404397 
[loc arcIndex] route: 94 93 0 403154 
[loc arcIndex] route: 95 94 0 403155 
[loc arcIndex] route: 97 96 0 403157 
[loc arcIndex] route: 99 98 0 403159 
[loc arcIndex] route: 100 99 0 403160 
done decomposing
updated increasing parameter: 3
DD random seed:1388834600
running reduced cost neighborhood dd
reduced cost neighborhood dd compilation
num nodes: 531781
running reduced cost neighborhood search mip
num vars: 160686
obj from reduced cost neighborhood search: 2620.6
[loc arcIndex] route: 1 0 7 3205 0 790520 
[loc arcIndex] route: 4 3 3 2733 0 790462 
[loc arcIndex] route: 8 7 10 322 11 7356 9 52578 25 105747 0 792461 
[loc arcIndex] route: 12 11 0 789682 
[loc arcIndex] route: 13 12 15 3369 0 790530 
[loc arcIndex] route: 14 13 0 789684 
[loc arcIndex] route: 16 15 0 789686 
[loc arcIndex] route: 17 16 18 4016 0 790560 
[loc arcIndex] route: 19 18 0 789689 
[loc arcIndex] route: 20 19 22 219 24 6498 27 51383 29 98165 6 150341 32 207839 33 275239 31 325164 35 380253 37 423061 38 460934 39 476178 36 494938 34 508880 28 518277 26 534383 23 547085 0 803077 
[loc arcIndex] route: 30 29 21 1945 0 790327 
[loc arcIndex] route: 67 66 63 561 62 6966 74 52443 72 99647 61 152619 64 207034 66 264760 69 322278 68 374672 65 417557 49 448823 55 472808 54 499857 53 514401 56 525154 58 532768 60 540161 59 553263 57 578441 40 605358 44 626474 46 643705 45 658769 51 674622 50 691164 52 704692 47 718381 42 732284 41 745513 43 755933 48 765818 96 775069 87 785507 77 789622 0 816953 
[loc arcIndex] route: 70 69 0 789740 
[loc arcIndex] route: 71 70 0 789741 
[loc arcIndex] route: 73 72 0 789743 
[loc arcIndex] route: 76 75 0 789746 
[loc arcIndex] route: 78 77 0 789748 
[loc arcIndex] route: 79 78 0 789749 
[loc arcIndex] route: 80 79 0 789750 
[loc arcIndex] route: 81 80 0 789751 
[loc arcIndex] route: 83 82 82 4001 0 790557 
[loc arcIndex] route: 84 83 88 3643 0 790543 
[loc arcIndex] route: 85 84 0 789755 
[loc arcIndex] route: 86 85 90 3142 0 790511 
[loc arcIndex] route: 91 90 89 2480 0 790416 
[loc arcIndex] route: 92 91 0 789762 
[loc arcIndex] route: 93 92 5 104 2 6673 75 53154 0 791479 
[loc arcIndex] route: 94 93 0 789764 
[loc arcIndex] route: 97 96 0 789767 
[loc arcIndex] route: 98 97 95 3715 0 790546 
[loc arcIndex] route: 99 98 100 4329 0 790565 
done decomposing
updated increasing parameter: 4
DD random seed:1034608252
running reduced cost neighborhood dd
reduced cost neighborhood dd compilation
num nodes: 1017979
running reduced cost neighborhood search mip
num vars: 302456
obj from reduced cost neighborhood search: 2178.4
[loc arcIndex] route: 7 6 3 3024 4 26511 0 1481361 
[loc arcIndex] route: 8 7 10 322 11 7356 9 97190 13 191380 17 330187 0 1485865 
[loc arcIndex] route: 14 13 12 5189 0 1479753 
[loc arcIndex] route: 15 14 16 4537 0 1479706 
[loc arcIndex] route: 19 18 18 5138 0 1479752 
[loc arcIndex] route: 20 19 22 219 24 6498 27 95995 29 183802 6 277945 32 382980 33 500660 31 600580 35 698976 37 777659 38 846086 39 881893 36 917636 34 946923 28 970363 26 1007661 0 1503339 
[loc arcIndex] route: 23 22 25 3413 0 1479560 
[loc arcIndex] route: 30 29 21 1945 0 1479169 
[loc arcIndex] route: 67 66 63 561 62 6966 74 97055 72 185284 61 280223 64 382175 66 490181 69 597694 68 693395 65 772110 49 832570 55 878263 54 925032 53 955773 56 982608 58 1002592 60 1020656 59 1046757 57 1081676 40 1121124 44 1158420 46 1190624 45 1220108 51 1251770 50 1285316 52 1311364 47 1337935 42 1364984 41 1390972 43 1412397 48 1432126 96 1450187 87 1470077 90 1477730 0 1532459 
[loc arcIndex] route: 70 69 0 1478163 
[loc arcIndex] route: 71 70 0 1478164 
[loc arcIndex] route: 73 72 0 1478166 
[loc arcIndex] route: 76 75 0 1478169 
[loc arcIndex] route: 78 77 77 5471 0 1479774 
[loc arcIndex] route: 79 78 0 1478172 
[loc arcIndex] route: 80 79 0 1478173 
[loc arcIndex] route: 81 80 0 1478174 
[loc arcIndex] route: 85 84 0 1478178 
[loc arcIndex] route: 86 85 83 3138 82 29509 0 1481388 
[loc arcIndex] route: 91 90 88 2479 84 19346 0 1481119 
[loc arcIndex] route: 93 92 5 104 75 6745 2 96393 1 184755 99 294032 100 428588 0 1487420 
[loc arcIndex] route: 94 93 92 5686 0 1479782 
[loc arcIndex] route: 97 96 95 5773 0 1479787 
[loc arcIndex] route: 98 97 89 3712 0 1479604 
done decomposing
updated increasing parameter: 5
DD random seed:2702599406
running reduced cost neighborhood dd
reduced cost neighborhood dd compilation
num nodes: 1961065
running reduced cost neighborhood search mip
num vars: 573538
obj from reduced cost neighborhood search: 1683.4
[loc arcIndex] route: 7 6 3 3024 4 26511 0 2803240 
[loc arcIndex] route: 8 7 10 322 11 7356 9 177653 13 350086 15 567878 0 2811969 
[loc arcIndex] route: 12 11 14 4834 0 2800290 
[loc arcIndex] route: 16 15 19 5488 0 2800442 
[loc arcIndex] route: 20 19 22 219 24 6498 27 176458 30 342509 29 515742 6 702766 32 904728 33 1112280 31 1268320 35 1420260 37 1536547 38 1650197 39 1692659 36 1750039 34 1802981 28 1848920 26 1924625 0 2850600 
[loc arcIndex] route: 23 22 21 3412 0 2799826 
[loc arcIndex] route: 25 24 18 2532 17 37513 0 2803748 
[loc arcIndex] route: 67 66 63 561 62 6966 74 177518 72 343990 61 517915 64 703399 66 899422 69 1087295 68 1260817 65 1409192 49 1521595 55 1608352 54 1693712 53 1756679 56 1816052 58 1859740 60 1900360 59 1952980 57 2016540 40 2088679 44 2158007 46 2219498 45 2276852 51 2337321 50 2400859 52 2456380 47 2510680 42 2565908 41 2619059 43 2664905 48 2705455 96 2741961 87 2779068 90 2795260 0 2905276 
[loc arcIndex] route: 73 72 70 6395 0 2800576 
[loc arcIndex] route: 76 75 71 6359 0 2800569 
[loc arcIndex] route: 77 76 78 3952 0 2800008 
[loc arcIndex] route: 80 79 79 6327 0 2800566 
[loc arcIndex] route: 84 83 82 3638 83 41858 0 2803786 
[loc arcIndex] route: 85 84 81 6247 0 2800551 
[loc arcIndex] route: 89 88 91 2234 88 19008 86 226003 0 2806639 
[loc arcIndex] route: 93 92 5 104 75 6745 2 176856 1 343461 99 531724 100 749812 97 983679 0 2818954 
[loc arcIndex] route: 94 93 92 5686 0 2800466 
[loc arcIndex] route: 98 97 95 3715 0 2799925 
done decomposing
updated increasing parameter: 6
DD random seed:2309923247
running reduced cost neighborhood dd
reduced cost neighborhood dd compilation
num nodes: 3868675
running reduced cost neighborhood search mip
num vars: 1051130
obj from reduced cost neighborhood search: 1533.4
[loc arcIndex] route: 7 6 98 3093 3 26641 0 5345717 
[loc arcIndex] route: 8 7 10 322 11 7356 9 324063 13 655467 15 1015328 17 1426837 0 5371733 
[loc arcIndex] route: 16 15 14 5484 12 68494 0 5348028 
[loc arcIndex] route: 20 19 22 219 24 6498 27 322868 30 647890 29 963192 6 1290567 32 1637710 33 1996597 31 2281736 35 2550437 37 2767190 38 2966084 39 3077265 36 3201559 34 3316923 28 3421956 26 3574014 0 5440669 
[loc arcIndex] route: 21 20 25 373 0 5335534 
[loc arcIndex] route: 23 22 18 3410 19 54108 0 5347773 
[loc arcIndex] route: 67 66 63 561 62 6966 74 323928 72 649371 61 965365 64 1291200 66 1632404 69 1971612 68 2274233 65 2539369 49 2752189 55 2920220 54 3078519 53 3209229 56 3336885 58 3438434 60 3533312 59 3652029 57 3791558 40 3937050 44 4070746 46 4190035 45 4303661 51 4424271 50 4550295 52 4660668 47 4768212 42 4877874 41 4983319 43 5077306 48 5157797 96 5228813 87 5297306 0 5543158 
[loc arcIndex] route: 71 70 76 6431 0 5341592 
[loc arcIndex] route: 73 72 70 6395 0 5341556 
[loc arcIndex] route: 80 79 79 6327 0 5341488 
[loc arcIndex] route: 85 84 81 6247 0 5341408 
[loc arcIndex] route: 86 85 84 3139 82 26748 83 430760 0 5354365 
[loc arcIndex] route: 89 88 4 2174 88 17397 91 388786 0 5353441 
[loc arcIndex] route: 90 89 77 2034 78 40880 0 5347054 
[loc arcIndex] route: 93 92 5 104 75 6745 2 323266 1 648842 99 979174 100 1337613 97 1716661 95 2102413 0 5384186 
[loc arcIndex] route: 94 93 92 5686 0 5340847 
done decomposing
updated increasing parameter: 7
DD random seed:3092191912
running reduced cost neighborhood dd
reduced cost neighborhood dd compilation
