relax capacity constraint
instance upper bound: 1922.1
compiling DD
time step mult: 10
time step: 900
cap step: 10
done compiling DD
batch size for lag: 1
iteration delay to start separating: 0
optimality gap to start repairing: 100
percent fixed to change to CPLEX: 97.5
num arcs to change to CPLEX: 100000
num arcs to change to LAG: 999999999
STATS - lpIterations[0] lagIterations[0] sspIterations[0] numSeparations[0] numCuts[0] compileTime[0] sspSolveTime[0] lpSolveTime[0] lb[0] ub[1922.1] numArcs: [902531] numFixed: [0] time: [0]
num vars: 902531
STATS - lpIterations[1] lagIterations[0] sspIterations[0] numSeparations[0] numCuts[0] compileTime[0] sspSolveTime[0] lpSolveTime[230] lb[1884] ub[1922.1] numArcs: [902531] numFixed: [0] time: [231]
num vars: 909240
STATS - lpIterations[2] lagIterations[0] sspIterations[0] numSeparations[6] numCuts[0] compileTime[0] sspSolveTime[0] lpSolveTime[519] lb[1888.35] ub[1922.1] numArcs: [909240] numFixed: [0] time: [520]
num vars: 125233
STATS - lpIterations[3] lagIterations[0] sspIterations[0] numSeparations[14] numCuts[0] compileTime[0] sspSolveTime[0] lpSolveTime[565] lb[1890.37] ub[1922.1] numArcs: [915991] numFixed: [790758] time: [567]
num vars: 107823
STATS - lpIterations[4] lagIterations[0] sspIterations[0] numSeparations[23] numCuts[0] compileTime[0] sspSolveTime[0] lpSolveTime[604] lb[1893.4] ub[1922.1] numArcs: [920898] numFixed: [813075] time: [607]
num vars: 93226
STATS - lpIterations[5] lagIterations[0] sspIterations[0] numSeparations[30] numCuts[0] compileTime[0] sspSolveTime[0] lpSolveTime[640] lb[1894.82] ub[1922.1] numArcs: [925380] numFixed: [832154] time: [642]
num vars: 87616
STATS - lpIterations[6] lagIterations[0] sspIterations[0] numSeparations[44] numCuts[0] compileTime[0] sspSolveTime[0] lpSolveTime[674] lb[1896.82] ub[1922.1] numArcs: [932178] numFixed: [844562] time: [677]
num vars: 79854
STATS - lpIterations[7] lagIterations[0] sspIterations[0] numSeparations[53] numCuts[0] compileTime[0] sspSolveTime[0] lpSolveTime[707] lb[1899.62] ub[1922.1] numArcs: [934565] numFixed: [854711] time: [710]
num vars: 68774
STATS - lpIterations[8] lagIterations[0] sspIterations[0] numSeparations[61] numCuts[0] compileTime[0] sspSolveTime[0] lpSolveTime[741] lb[1901.55] ub[1922.1] numArcs: [937944] numFixed: [869170] time: [744]
num vars: 67723
STATS - lpIterations[9] lagIterations[0] sspIterations[0] numSeparations[64] numCuts[0] compileTime[0] sspSolveTime[0] lpSolveTime[771] lb[1901.95] ub[1922.1] numArcs: [941496] numFixed: [873773] time: [775]
num vars: 64770
STATS - lpIterations[10] lagIterations[0] sspIterations[0] numSeparations[78] numCuts[0] compileTime[0] sspSolveTime[0] lpSolveTime[796] lb[1902.48] ub[1922.1] numArcs: [948960] numFixed: [884190] time: [800]
num vars: 61569
STATS - lpIterations[11] lagIterations[0] sspIterations[0] numSeparations[87] numCuts[0] compileTime[0] sspSolveTime[0] lpSolveTime[817] lb[1903.13] ub[1922.1] numArcs: [954310] numFixed: [892741] time: [822]
num vars: 58374
STATS - lpIterations[12] lagIterations[0] sspIterations[0] numSeparations[98] numCuts[0] compileTime[0] sspSolveTime[0] lpSolveTime[838] lb[1903.66] ub[1922.1] numArcs: [957884] numFixed: [899510] time: [843]
num vars: 56946
STATS - lpIterations[13] lagIterations[0] sspIterations[0] numSeparations[111] numCuts[0] compileTime[0] sspSolveTime[0] lpSolveTime[860] lb[1904.3] ub[1922.1] numArcs: [967295] numFixed: [910349] time: [865]
num vars: 130173
STATS - lpIterations[14] lagIterations[0] sspIterations[0] numSeparations[134] numCuts[0] compileTime[0] sspSolveTime[0] lpSolveTime[931] lb[1905.21] ub[1922.1] numArcs: [977130] numFixed: [846957] time: [936]
num vars: 53855
STATS - lpIterations[15] lagIterations[0] sspIterations[0] numSeparations[160] numCuts[0] compileTime[0] sspSolveTime[0] lpSolveTime[957] lb[1905.36] ub[1922.1] numArcs: [986538] numFixed: [932683] time: [967]
num vars: 50912
STATS - lpIterations[16] lagIterations[0] sspIterations[0] numSeparations[168] numCuts[0] compileTime[0] sspSolveTime[0] lpSolveTime[978] lb[1905.91] ub[1922.1] numArcs: [987955] numFixed: [937043] time: [988]
num vars: 51063
STATS - lpIterations[17] lagIterations[0] sspIterations[0] numSeparations[194] numCuts[0] compileTime[0] sspSolveTime[0] lpSolveTime[997] lb[1906.21] ub[1922.1] numArcs: [997152] numFixed: [946089] time: [1008]
num vars: 51528
STATS - lpIterations[18] lagIterations[0] sspIterations[0] numSeparations[203] numCuts[0] compileTime[0] sspSolveTime[0] lpSolveTime[1019] lb[1906.36] ub[1922.1] numArcs: [1001338] numFixed: [949810] time: [1030]
num vars: 52805
STATS - lpIterations[19] lagIterations[0] sspIterations[0] numSeparations[210] numCuts[0] compileTime[0] sspSolveTime[0] lpSolveTime[1039] lb[1906.6] ub[1922.1] numArcs: [1006062] numFixed: [953257] time: [1050]
num vars: 52040
STATS - lpIterations[20] lagIterations[0] sspIterations[0] numSeparations[216] numCuts[0] compileTime[0] sspSolveTime[0] lpSolveTime[1059] lb[1906.72] ub[1922.1] numArcs: [1007479] numFixed: [955439] time: [1070]
num vars: 48335
STATS - lpIterations[21] lagIterations[0] sspIterations[0] numSeparations[224] numCuts[0] compileTime[0] sspSolveTime[0] lpSolveTime[1078] lb[1906.8] ub[1922.1] numArcs: [1009852] numFixed: [961517] time: [1089]
num vars: 50524
STATS - lpIterations[22] lagIterations[0] sspIterations[0] numSeparations[248] numCuts[0] compileTime[0] sspSolveTime[0] lpSolveTime[1100] lb[1906.99] ub[1922.1] numArcs: [1020842] numFixed: [970318] time: [1112]
num vars: 50143
STATS - lpIterations[23] lagIterations[0] sspIterations[0] numSeparations[252] numCuts[0] compileTime[0] sspSolveTime[0] lpSolveTime[1120] lb[1907.07] ub[1922.1] numArcs: [1023057] numFixed: [972914] time: [1133]
num vars: 47963
STATS - lpIterations[24] lagIterations[0] sspIterations[0] numSeparations[277] numCuts[0] compileTime[0] sspSolveTime[0] lpSolveTime[1141] lb[1907.29] ub[1922.1] numArcs: [1032559] numFixed: [984596] time: [1154]
num vars: 53069
STATS - lpIterations[25] lagIterations[0] sspIterations[0] numSeparations[287] numCuts[0] compileTime[0] sspSolveTime[0] lpSolveTime[1162] lb[1907.53] ub[1922.1] numArcs: [1037138] numFixed: [984069] time: [1176]
num vars: 61498
STATS - lpIterations[26] lagIterations[0] sspIterations[0] numSeparations[312] numCuts[0] compileTime[0] sspSolveTime[0] lpSolveTime[1192] lb[1907.66] ub[1922.1] numArcs: [1042874] numFixed: [981376] time: [1206]
num vars: 48174
STATS - lpIterations[27] lagIterations[0] sspIterations[0] numSeparations[339] numCuts[0] compileTime[0] sspSolveTime[0] lpSolveTime[1213] lb[1907.92] ub[1922.1] numArcs: [1048542] numFixed: [1000368] time: [1227]
num vars: 45760
STATS - lpIterations[28] lagIterations[0] sspIterations[0] numSeparations[351] numCuts[0] compileTime[0] sspSolveTime[0] lpSolveTime[1235] lb[1907.98] ub[1922.1] numArcs: [1051384] numFixed: [1005624] time: [1249]
num vars: 46998
STATS - lpIterations[29] lagIterations[0] sspIterations[0] numSeparations[384] numCuts[0] compileTime[0] sspSolveTime[0] lpSolveTime[1256] lb[1908.2] ub[1922.1] numArcs: [1057718] numFixed: [1010720] time: [1271]
num vars: 57673
STATS - lpIterations[30] lagIterations[0] sspIterations[0] numSeparations[411] numCuts[0] compileTime[0] sspSolveTime[0] lpSolveTime[1280] lb[1908.37] ub[1922.1] numArcs: [1064371] numFixed: [1006698] time: [1296]
num vars: 48067
STATS - lpIterations[31] lagIterations[0] sspIterations[0] numSeparations[439] numCuts[0] compileTime[0] sspSolveTime[0] lpSolveTime[1302] lb[1908.58] ub[1922.1] numArcs: [1077871] numFixed: [1029804] time: [1318]
num vars: 61674
STATS - lpIterations[32] lagIterations[0] sspIterations[0] numSeparations[466] numCuts[0] compileTime[0] sspSolveTime[0] lpSolveTime[1328] lb[1908.67] ub[1922.1] numArcs: [1084538] numFixed: [1022864] time: [1344]
num vars: 46108
STATS - lpIterations[33] lagIterations[0] sspIterations[0] numSeparations[498] numCuts[0] compileTime[0] sspSolveTime[0] lpSolveTime[1350] lb[1908.81] ub[1922.1] numArcs: [1093778] numFixed: [1047670] time: [1366]
num vars: 53941
STATS - lpIterations[34] lagIterations[0] sspIterations[0] numSeparations[528] numCuts[0] compileTime[0] sspSolveTime[0] lpSolveTime[1375] lb[1909.01] ub[1922.1] numArcs: [1105819] numFixed: [1051878] time: [1392]
num vars: 51075
STATS - lpIterations[35] lagIterations[0] sspIterations[0] numSeparations[557] numCuts[0] compileTime[0] sspSolveTime[0] lpSolveTime[1400] lb[1909.12] ub[1922.1] numArcs: [1115370] numFixed: [1064295] time: [1418]
num vars: 50333
STATS - lpIterations[36] lagIterations[0] sspIterations[0] numSeparations[588] numCuts[0] compileTime[0] sspSolveTime[0] lpSolveTime[1424] lb[1909.25] ub[1922.1] numArcs: [1122293] numFixed: [1071960] time: [1442]
num vars: 60785
STATS - lpIterations[37] lagIterations[0] sspIterations[0] numSeparations[619] numCuts[0] compileTime[0] sspSolveTime[0] lpSolveTime[1455] lb[1909.36] ub[1922.1] numArcs: [1131047] numFixed: [1070262] time: [1473]
num vars: 55045
STATS - lpIterations[38] lagIterations[0] sspIterations[0] numSeparations[651] numCuts[0] compileTime[0] sspSolveTime[0] lpSolveTime[1481] lb[1909.48] ub[1922.1] numArcs: [1140578] numFixed: [1085533] time: [1500]
num vars: 58855
STATS - lpIterations[39] lagIterations[0] sspIterations[0] numSeparations[677] numCuts[0] compileTime[0] sspSolveTime[0] lpSolveTime[1510] lb[1909.56] ub[1922.1] numArcs: [1145305] numFixed: [1086450] time: [1529]
num vars: 50531
STATS - lpIterations[40] lagIterations[0] sspIterations[0] numSeparations[704] numCuts[0] compileTime[0] sspSolveTime[0] lpSolveTime[1532] lb[1909.66] ub[1922.1] numArcs: [1155785] numFixed: [1105254] time: [1552]
num vars: 60706
STATS - lpIterations[41] lagIterations[0] sspIterations[0] numSeparations[737] numCuts[0] compileTime[0] sspSolveTime[0] lpSolveTime[1561] lb[1909.74] ub[1922.1] numArcs: [1165949] numFixed: [1105243] time: [1581]
num vars: 46429
STATS - lpIterations[42] lagIterations[0] sspIterations[0] numSeparations[765] numCuts[0] compileTime[0] sspSolveTime[0] lpSolveTime[1583] lb[1909.81] ub[1922.1] numArcs: [1174806] numFixed: [1128377] time: [1604]
num vars: 70631
STATS - lpIterations[43] lagIterations[0] sspIterations[0] numSeparations[791] numCuts[0] compileTime[0] sspSolveTime[0] lpSolveTime[1621] lb[1909.85] ub[1922.1] numArcs: [1183255] numFixed: [1112624] time: [1642]
num vars: 47780
STATS - lpIterations[44] lagIterations[0] sspIterations[0] numSeparations[818] numCuts[0] compileTime[0] sspSolveTime[0] lpSolveTime[1646] lb[1909.94] ub[1922.1] numArcs: [1191808] numFixed: [1144028] time: [1668]
num vars: 57825
STATS - lpIterations[45] lagIterations[0] sspIterations[0] numSeparations[843] numCuts[0] compileTime[0] sspSolveTime[0] lpSolveTime[1674] lb[1910.03] ub[1922.1] numArcs: [1200492] numFixed: [1142667] time: [1696]
num vars: 47916
STATS - lpIterations[46] lagIterations[0] sspIterations[0] numSeparations[866] numCuts[0] compileTime[0] sspSolveTime[0] lpSolveTime[1697] lb[1910.11] ub[1922.1] numArcs: [1212608] numFixed: [1164692] time: [1720]
num vars: 173296
STATS - lpIterations[47] lagIterations[0] sspIterations[0] numSeparations[891] numCuts[0] compileTime[0] sspSolveTime[0] lpSolveTime[1777] lb[1910.16] ub[1922.1] numArcs: [1220372] numFixed: [1047076] time: [1800]
num vars: 47961
STATS - lpIterations[48] lagIterations[0] sspIterations[0] numSeparations[922] numCuts[0] compileTime[0] sspSolveTime[0] lpSolveTime[1802] lb[1910.22] ub[1922.1] numArcs: [1234533] numFixed: [1186572] time: [1826]
num vars: 53391
STATS - lpIterations[49] lagIterations[0] sspIterations[0] numSeparations[947] numCuts[0] compileTime[0] sspSolveTime[0] lpSolveTime[1822] lb[1910.27] ub[1922.1] numArcs: [1242125] numFixed: [1188734] time: [1847]
num vars: 59360
STATS - lpIterations[50] lagIterations[0] sspIterations[0] numSeparations[974] numCuts[0] compileTime[0] sspSolveTime[0] lpSolveTime[1855] lb[1910.36] ub[1922.1] numArcs: [1250105] numFixed: [1190745] time: [1880]
num vars: 50511
STATS - lpIterations[51] lagIterations[0] sspIterations[0] numSeparations[997] numCuts[0] compileTime[0] sspSolveTime[0] lpSolveTime[1877] lb[1910.41] ub[1922.1] numArcs: [1256161] numFixed: [1205650] time: [1902]
num vars: 58181
STATS - lpIterations[52] lagIterations[0] sspIterations[0] numSeparations[1022] numCuts[0] compileTime[0] sspSolveTime[0] lpSolveTime[1905] lb[1910.45] ub[1922.1] numArcs: [1262505] numFixed: [1204324] time: [1930]
num vars: 53032
STATS - lpIterations[53] lagIterations[0] sspIterations[0] numSeparations[1040] numCuts[0] compileTime[0] sspSolveTime[0] lpSolveTime[1930] lb[1910.49] ub[1922.1] numArcs: [1267892] numFixed: [1214860] time: [1956]
num vars: 52720
STATS - lpIterations[54] lagIterations[0] sspIterations[0] numSeparations[1068] numCuts[0] compileTime[0] sspSolveTime[0] lpSolveTime[1954] lb[1910.56] ub[1922.1] numArcs: [1278492] numFixed: [1225772] time: [1981]
num vars: 98007
STATS - lpIterations[55] lagIterations[0] sspIterations[0] numSeparations[1095] numCuts[0] compileTime[0] sspSolveTime[0] lpSolveTime[2010] lb[1910.61] ub[1922.1] numArcs: [1287472] numFixed: [1189465] time: [2037]
num vars: 53605
STATS - lpIterations[56] lagIterations[0] sspIterations[0] numSeparations[1118] numCuts[0] compileTime[0] sspSolveTime[0] lpSolveTime[2037] lb[1910.65] ub[1922.1] numArcs: [1294415] numFixed: [1240810] time: [2064]
num vars: 50422
STATS - lpIterations[57] lagIterations[0] sspIterations[0] numSeparations[1138] numCuts[0] compileTime[0] sspSolveTime[0] lpSolveTime[2067] lb[1910.67] ub[1922.1] numArcs: [1301545] numFixed: [1251123] time: [2095]
num vars: 52843
STATS - lpIterations[58] lagIterations[0] sspIterations[0] numSeparations[1162] numCuts[0] compileTime[0] sspSolveTime[0] lpSolveTime[2101] lb[1910.72] ub[1922.1] numArcs: [1311589] numFixed: [1258746] time: [2130]
num vars: 54552
STATS - lpIterations[59] lagIterations[0] sspIterations[0] numSeparations[1180] numCuts[0] compileTime[0] sspSolveTime[0] lpSolveTime[2131] lb[1910.77] ub[1922.1] numArcs: [1319394] numFixed: [1264842] time: [2160]
num vars: 65584
STATS - lpIterations[60] lagIterations[0] sspIterations[0] numSeparations[1207] numCuts[0] compileTime[0] sspSolveTime[0] lpSolveTime[2175] lb[1910.8] ub[1922.1] numArcs: [1332007] numFixed: [1266423] time: [2204]
num vars: 60706
STATS - lpIterations[61] lagIterations[0] sspIterations[0] numSeparations[1227] numCuts[0] compileTime[0] sspSolveTime[0] lpSolveTime[2208] lb[1910.85] ub[1922.1] numArcs: [1341514] numFixed: [1280808] time: [2239]
num vars: 60909
STATS - lpIterations[62] lagIterations[0] sspIterations[0] numSeparations[1245] numCuts[0] compileTime[0] sspSolveTime[0] lpSolveTime[2243] lb[1910.88] ub[1922.1] numArcs: [1349048] numFixed: [1288139] time: [2274]
num vars: 51465
STATS - lpIterations[63] lagIterations[0] sspIterations[0] numSeparations[1267] numCuts[0] compileTime[0] sspSolveTime[0] lpSolveTime[2269] lb[1910.93] ub[1922.1] numArcs: [1357470] numFixed: [1306005] time: [2301]
num vars: 57259
STATS - lpIterations[64] lagIterations[0] sspIterations[0] numSeparations[1285] numCuts[0] compileTime[0] sspSolveTime[0] lpSolveTime[2303] lb[1910.99] ub[1922.1] numArcs: [1365201] numFixed: [1307942] time: [2335]
num vars: 57885
STATS - lpIterations[65] lagIterations[0] sspIterations[0] numSeparations[1303] numCuts[0] compileTime[0] sspSolveTime[0] lpSolveTime[2334] lb[1911.01] ub[1922.1] numArcs: [1370875] numFixed: [1312990] time: [2367]
num vars: 54025
STATS - lpIterations[66] lagIterations[0] sspIterations[0] numSeparations[1324] numCuts[0] compileTime[0] sspSolveTime[0] lpSolveTime[2363] lb[1911.03] ub[1922.1] numArcs: [1378225] numFixed: [1324200] time: [2396]
num vars: 58401
STATS - lpIterations[67] lagIterations[0] sspIterations[0] numSeparations[1347] numCuts[0] compileTime[0] sspSolveTime[0] lpSolveTime[2396] lb[1911.06] ub[1922.1] numArcs: [1386586] numFixed: [1328185] time: [2430]
num vars: 66023
STATS - lpIterations[68] lagIterations[0] sspIterations[0] numSeparations[1369] numCuts[0] compileTime[0] sspSolveTime[0] lpSolveTime[2434] lb[1911.09] ub[1922.1] numArcs: [1394594] numFixed: [1328571] time: [2468]
num vars: 53469
STATS - lpIterations[69] lagIterations[0] sspIterations[0] numSeparations[1394] numCuts[0] compileTime[0] sspSolveTime[0] lpSolveTime[2470] lb[1911.12] ub[1922.1] numArcs: [1404168] numFixed: [1350699] time: [2505]
num vars: 75011
STATS - lpIterations[70] lagIterations[0] sspIterations[0] numSeparations[1413] numCuts[0] compileTime[0] sspSolveTime[0] lpSolveTime[2514] lb[1911.15] ub[1922.1] numArcs: [1408558] numFixed: [1333547] time: [2550]
num vars: 168998
STATS - lpIterations[71] lagIterations[0] sspIterations[0] numSeparations[1432] numCuts[0] compileTime[0] sspSolveTime[0] lpSolveTime[2615] lb[1911.18] ub[1922.1] numArcs: [1415971] numFixed: [1246973] time: [2651]
num vars: 53060
STATS - lpIterations[72] lagIterations[0] sspIterations[0] numSeparations[1453] numCuts[0] compileTime[0] sspSolveTime[0] lpSolveTime[2645] lb[1911.21] ub[1922.1] numArcs: [1423192] numFixed: [1370132] time: [2681]
num vars: 194369
STATS - lpIterations[73] lagIterations[0] sspIterations[0] numSeparations[1479] numCuts[0] compileTime[0] sspSolveTime[0] lpSolveTime[2747] lb[1911.23] ub[1922.1] numArcs: [1434501] numFixed: [1240132] time: [2784]
num vars: 53569
STATS - lpIterations[74] lagIterations[0] sspIterations[0] numSeparations[1499] numCuts[0] compileTime[0] sspSolveTime[0] lpSolveTime[2781] lb[1911.26] ub[1922.1] numArcs: [1442196] numFixed: [1388627] time: [2819]
num vars: 180064
STATS - lpIterations[75] lagIterations[0] sspIterations[0] numSeparations[1524] numCuts[0] compileTime[0] sspSolveTime[0] lpSolveTime[2870] lb[1911.29] ub[1922.1] numArcs: [1450204] numFixed: [1270140] time: [2909]
num vars: 54274
STATS - lpIterations[76] lagIterations[0] sspIterations[0] numSeparations[1545] numCuts[0] compileTime[0] sspSolveTime[0] lpSolveTime[2904] lb[1911.33] ub[1922.1] numArcs: [1455498] numFixed: [1401224] time: [2943]
num vars: 66598
STATS - lpIterations[77] lagIterations[0] sspIterations[0] numSeparations[1565] numCuts[0] compileTime[0] sspSolveTime[0] lpSolveTime[2939] lb[1911.35] ub[1922.1] numArcs: [1460271] numFixed: [1393673] time: [2979]
num vars: 74403
STATS - lpIterations[78] lagIterations[0] sspIterations[0] numSeparations[1583] numCuts[0] compileTime[0] sspSolveTime[0] lpSolveTime[2992] lb[1911.37] ub[1922.1] numArcs: [1463824] numFixed: [1389421] time: [3032]
num vars: 54891
STATS - lpIterations[79] lagIterations[0] sspIterations[0] numSeparations[1606] numCuts[0] compileTime[0] sspSolveTime[0] lpSolveTime[3025] lb[1911.4] ub[1922.1] numArcs: [1468742] numFixed: [1413851] time: [3065]
num vars: 73949
STATS - lpIterations[80] lagIterations[0] sspIterations[0] numSeparations[1627] numCuts[0] compileTime[0] sspSolveTime[0] lpSolveTime[3070] lb[1911.41] ub[1922.1] numArcs: [1474354] numFixed: [1400405] time: [3112]
num vars: 59143
STATS - lpIterations[81] lagIterations[0] sspIterations[0] numSeparations[1648] numCuts[0] compileTime[0] sspSolveTime[0] lpSolveTime[3111] lb[1911.44] ub[1922.1] numArcs: [1481198] numFixed: [1422055] time: [3153]
num vars: 63895
STATS - lpIterations[82] lagIterations[0] sspIterations[0] numSeparations[1667] numCuts[0] compileTime[0] sspSolveTime[0] lpSolveTime[3153] lb[1911.47] ub[1922.1] numArcs: [1488102] numFixed: [1424207] time: [3196]
num vars: 56454
STATS - lpIterations[83] lagIterations[0] sspIterations[0] numSeparations[1688] numCuts[0] compileTime[0] sspSolveTime[0] lpSolveTime[3194] lb[1911.49] ub[1922.1] numArcs: [1497477] numFixed: [1441023] time: [3238]
num vars: 79385
STATS - lpIterations[84] lagIterations[0] sspIterations[0] numSeparations[1710] numCuts[0] compileTime[0] sspSolveTime[0] lpSolveTime[3250] lb[1911.51] ub[1922.1] numArcs: [1504566] numFixed: [1425181] time: [3294]
num vars: 56036
STATS - lpIterations[85] lagIterations[0] sspIterations[0] numSeparations[1734] numCuts[0] compileTime[0] sspSolveTime[0] lpSolveTime[3285] lb[1911.52] ub[1922.1] numArcs: [1513201] numFixed: [1457165] time: [3330]
num vars: 59213
STATS - lpIterations[86] lagIterations[0] sspIterations[0] numSeparations[1753] numCuts[0] compileTime[0] sspSolveTime[0] lpSolveTime[3325] lb[1911.55] ub[1922.1] numArcs: [1519521] numFixed: [1460308] time: [3370]
num vars: 203173
STATS - lpIterations[87] lagIterations[0] sspIterations[0] numSeparations[1772] numCuts[0] compileTime[0] sspSolveTime[0] lpSolveTime[3449] lb[1911.57] ub[1922.1] numArcs: [1523873] numFixed: [1320700] time: [3496]
num vars: 56497
STATS - lpIterations[88] lagIterations[0] sspIterations[0] numSeparations[1796] numCuts[0] compileTime[0] sspSolveTime[0] lpSolveTime[3489] lb[1911.59] ub[1922.1] numArcs: [1531333] numFixed: [1474836] time: [3535]
num vars: 57142
STATS - lpIterations[89] lagIterations[0] sspIterations[0] numSeparations[1817] numCuts[0] compileTime[0] sspSolveTime[0] lpSolveTime[3528] lb[1911.61] ub[1922.1] numArcs: [1536477] numFixed: [1479335] time: [3576]
num vars: 70930
